[2025-06-13T03:27:42.953+0000][33][info][gc,init] CardTable entry size: 512
[2025-06-13T03:27:42.956+0000][33][info][gc     ] Using G1
[2025-06-13T03:27:42.959+0000][33][info][gc,init] Version: 22+36-2370 (release)
[2025-06-13T03:27:42.959+0000][33][info][gc,init] CPUs: 12 total, 12 available
[2025-06-13T03:27:42.959+0000][33][info][gc,init] Memory: 7757M
[2025-06-13T03:27:42.960+0000][33][info][gc,init] Large Page Support: Disabled
[2025-06-13T03:27:42.960+0000][33][info][gc,init] NUMA Support: Disabled
[2025-06-13T03:27:42.960+0000][33][info][gc,init] Compressed Oops: Enabled (32-bit)
[2025-06-13T03:27:42.961+0000][33][info][gc,init] Heap Region Size: 1M
[2025-06-13T03:27:42.961+0000][33][info][gc,init] Heap Min Capacity: 8M
[2025-06-13T03:27:42.961+0000][33][info][gc,init] Heap Initial Capacity: 122M
[2025-06-13T03:27:42.962+0000][33][info][gc,init] Heap Max Capacity: 1940M
[2025-06-13T03:27:42.962+0000][33][info][gc,init] Pre-touch: Disabled
[2025-06-13T03:27:42.964+0000][33][info][gc,init] Parallel Workers: 10
[2025-06-13T03:27:42.964+0000][33][info][gc,init] Concurrent Workers: 3
[2025-06-13T03:27:42.965+0000][33][info][gc,init] Concurrent Refinement Workers: 10
[2025-06-13T03:27:42.965+0000][33][info][gc,init] Periodic GC: Disabled
[2025-06-13T03:27:42.977+0000][33][info][gc,metaspace] CDS archive(s) mapped at: [0x00007f3c56000000-0x00007f3c56c74000-0x00007f3c56c74000), size 13058048, SharedBaseAddress: 0x00007f3c56000000, ArchiveRelocationMode: 1.
[2025-06-13T03:27:42.978+0000][33][info][gc,metaspace] Compressed class space mapped at: 0x00007f3c57000000-0x00007f3c97000000, reserved size: 1073741824
[2025-06-13T03:27:42.978+0000][33][info][gc,metaspace] Narrow klass base: 0x00007f3c56000000, Narrow klass shift: 0, Narrow klass range: 0x100000000
[2025-06-13T03:27:43.071+0000][33][info][gc,heap,exit] Heap
[2025-06-13T03:27:43.072+0000][33][info][gc,heap,exit]  garbage-first heap   total reserved 1986560K, committed 126976K, used 3105K [0x0000000086c00000, 0x0000000100000000)
[2025-06-13T03:27:43.073+0000][33][info][gc,heap,exit]   region size 1024K, 2 young (2048K), 0 survivors (0K)
[2025-06-13T03:27:43.075+0000][33][info][gc,heap,exit]  Metaspace       used 220K, committed 448K, reserved 1114112K
[2025-06-13T03:27:43.076+0000][33][info][gc,heap,exit]   class space    used 5K, committed 128K, reserved 1048576K
