[2025-05-26T02:35:51.147+0000][75][info][gc,init] CardTable entry size: 512
[2025-05-26T02:35:51.148+0000][75][info][gc     ] Using G1
[2025-05-26T02:35:53.596+0000][75][info][gc,init] Version: 22+36-2370 (release)
[2025-05-26T02:35:53.599+0000][75][info][gc,init] CPUs: 12 total, 12 available
[2025-05-26T02:35:53.602+0000][75][info][gc,init] Memory: 7757M
[2025-05-26T02:35:53.603+0000][75][info][gc,init] Large Page Support: Disabled
[2025-05-26T02:35:53.604+0000][75][info][gc,init] NUMA Support: Disabled
[2025-05-26T02:35:53.605+0000][75][info][gc,init] Compressed Oops: Enabled (Zero based)
[2025-05-26T02:35:53.605+0000][75][info][gc,init] Heap Region Size: 4M
[2025-05-26T02:35:53.607+0000][75][info][gc,init] Heap Min Capacity: 3880M
[2025-05-26T02:35:53.607+0000][75][info][gc,init] Heap Initial Capacity: 3880M
[2025-05-26T02:35:53.608+0000][75][info][gc,init] Heap Max Capacity: 3880M
[2025-05-26T02:35:53.609+0000][75][info][gc,init] Pre-touch: Enabled
[2025-05-26T02:35:53.609+0000][75][info][gc,init] Parallel Workers: 10
[2025-05-26T02:35:53.610+0000][75][info][gc,init] Concurrent Workers: 3
[2025-05-26T02:35:53.610+0000][75][info][gc,init] Concurrent Refinement Workers: 10
[2025-05-26T02:35:53.615+0000][75][info][gc,init] Periodic GC: Disabled
[2025-05-26T02:35:53.691+0000][75][info][gc,metaspace] CDS archive(s) mapped at: [0x00007f02b2000000-0x00007f02b2c74000-0x00007f02b2c74000), size 13058048, SharedBaseAddress: 0x00007f02b2000000, ArchiveRelocationMode: 1.
[2025-05-26T02:35:53.692+0000][75][info][gc,metaspace] Compressed class space mapped at: 0x00007f02b3000000-0x00007f02f3000000, reserved size: 1073741824
[2025-05-26T02:35:53.692+0000][75][info][gc,metaspace] Narrow klass base: 0x00007f02b2000000, Narrow klass shift: 0, Narrow klass range: 0x100000000
[2025-05-26T02:35:54.277+0000][75][info][safepoint   ] Safepoint "ICBufferFull", Time since last: 567654593 ns, Reaching safepoint: 54222 ns, Cleanup: 136290 ns, At safepoint: 129509 ns, Total: 320021 ns
[2025-05-26T02:35:54.985+0000][75][info][safepoint   ] Safepoint "ICBufferFull", Time since last: 707873188 ns, Reaching safepoint: 6262 ns, Cleanup: 204564 ns, At safepoint: 15344 ns, Total: 226170 ns
[2025-05-26T02:35:55.896+0000][75][info][safepoint   ] Safepoint "ICBufferFull", Time since last: 910960005 ns, Reaching safepoint: 4652 ns, Cleanup: 112531 ns, At safepoint: 8166 ns, Total: 125349 ns
[2025-05-26T02:35:56.883+0000][75][info][safepoint   ] Safepoint "ICBufferFull", Time since last: 986771125 ns, Reaching safepoint: 4704 ns, Cleanup: 98310 ns, At safepoint: 7619 ns, Total: 110633 ns
[2025-05-26T02:35:57.973+0000][75][info][safepoint   ] Safepoint "Cleanup", Time since last: 1089152823 ns, Reaching safepoint: 737041 ns, Cleanup: 88294 ns, At safepoint: 49588 ns, Total: 874923 ns
[2025-05-26T02:35:59.001+0000][75][info][safepoint   ] Safepoint "Cleanup", Time since last: 1022886887 ns, Reaching safepoint: 4552752 ns, Cleanup: 80953 ns, At safepoint: 165180 ns, Total: 4798885 ns
[2025-05-26T02:35:59.169+0000][75][info][gc,start    ] GC(0) Pause Young (Concurrent Start) (Metadata GC Threshold)
[2025-05-26T02:35:59.230+0000][75][info][gc,task     ] GC(0) Using 10 workers of 10 for evacuation
[2025-05-26T02:35:59.278+0000][75][debug][gc,age      ] GC(0) Desired survivor size 12582912 bytes, new threshold 15 (max threshold 15)
[2025-05-26T02:35:59.322+0000][75][info ][gc,phases   ] GC(0)   Pre Evacuate Collection Set: 1.47ms
[2025-05-26T02:35:59.342+0000][75][info ][gc,phases   ] GC(0)   Merge Heap Roots: 0.38ms
[2025-05-26T02:35:59.359+0000][75][info ][gc,phases   ] GC(0)   Evacuate Collection Set: 10.98ms
[2025-05-26T02:35:59.392+0000][75][info ][gc,phases   ] GC(0)   Post Evacuate Collection Set: 7.86ms
[2025-05-26T02:35:59.420+0000][75][info ][gc,phases   ] GC(0)   Other: 71.40ms
[2025-05-26T02:35:59.436+0000][75][trace][gc,age      ] GC(0) Age table with threshold 15 (max threshold 15)
[2025-05-26T02:35:59.452+0000][75][trace][gc,age      ] GC(0) - age   1:   10210320 bytes,   10210320 total
[2025-05-26T02:35:59.459+0000][75][info ][gc,heap     ] GC(0) Eden regions: 44->0(45)
[2025-05-26T02:35:59.469+0000][75][info ][gc,heap     ] GC(0) Survivor regions: 0->3(6)
[2025-05-26T02:35:59.475+0000][75][info ][gc,heap     ] GC(0) Old regions: 1->1
[2025-05-26T02:35:59.480+0000][75][info ][gc,heap     ] GC(0) Humongous regions: 0->0
[2025-05-26T02:35:59.486+0000][75][info ][gc,metaspace] GC(0) Metaspace: 20956K(21504K)->20956K(21504K) NonClass: 18576K(18880K)->18576K(18880K) Class: 2379K(2624K)->2379K(2624K)
[2025-05-26T02:35:59.491+0000][75][info ][gc          ] GC(0) Pause Young (Concurrent Start) (Metadata GC Threshold) 177M->11M(3880M) 321.937ms
[2025-05-26T02:35:59.502+0000][75][info ][gc,cpu      ] GC(0) User=0.10s Sys=0.00s Real=0.33s
[2025-05-26T02:35:59.517+0000][75][info ][safepoint   ] Safepoint "CollectForMetadataAllocation", Time since last: 168203602 ns, Reaching safepoint: 5210 ns, Cleanup: 40114 ns, At safepoint: 347712469 ns, Total: 347757793 ns
[2025-05-26T02:35:59.502+0000][75][info ][gc          ] GC(1) Concurrent Mark Cycle
[2025-05-26T02:35:59.530+0000][75][info ][gc,marking  ] GC(1) Concurrent Scan Root Regions
[2025-05-26T02:35:59.543+0000][75][info ][gc,marking  ] GC(1) Concurrent Scan Root Regions 12.939ms
[2025-05-26T02:35:59.548+0000][75][info ][gc,marking  ] GC(1) Concurrent Mark
[2025-05-26T02:35:59.552+0000][75][info ][gc,marking  ] GC(1) Concurrent Mark From Roots
[2025-05-26T02:35:59.554+0000][75][info ][gc,task     ] GC(1) Using 3 workers of 3 for marking
[2025-05-26T02:35:59.559+0000][75][info ][gc,marking  ] GC(1) Concurrent Mark From Roots 6.944ms
[2025-05-26T02:35:59.564+0000][75][info ][gc,marking  ] GC(1) Concurrent Preclean
[2025-05-26T02:35:59.576+0000][75][info ][gc,marking  ] GC(1) Concurrent Preclean 11.479ms
[2025-05-26T02:35:59.591+0000][75][info ][safepoint   ] Safepoint "CollectForMetadataAllocation", Time since last: 65744600 ns, Reaching safepoint: 6767 ns, Cleanup: 98748 ns, At safepoint: 8048578 ns, Total: 8154093 ns
[2025-05-26T02:35:59.606+0000][75][info ][gc,start    ] GC(1) Pause Remark
[2025-05-26T02:35:59.632+0000][75][info ][gc          ] GC(1) Pause Remark 17M->17M(3880M) 25.550ms
[2025-05-26T02:35:59.646+0000][75][info ][gc,cpu      ] GC(1) User=0.02s Sys=0.00s Real=0.04s
[2025-05-26T02:35:59.677+0000][75][info ][safepoint   ] Safepoint "G1PauseRemark", Time since last: 15013585 ns, Reaching safepoint: 143349 ns, Cleanup: 7065 ns, At safepoint: 71137317 ns, Total: 71287731 ns
[2025-05-26T02:35:59.742+0000][75][info ][gc,marking  ] GC(1) Concurrent Mark 194.017ms
[2025-05-26T02:35:59.797+0000][75][info ][gc,marking  ] GC(1) Concurrent Rebuild Remembered Sets and Scrub Regions
[2025-05-26T02:35:59.813+0000][75][info ][gc,marking  ] GC(1) Concurrent Rebuild Remembered Sets and Scrub Regions 15.683ms
[2025-05-26T02:35:59.817+0000][75][info ][gc,start    ] GC(1) Pause Cleanup
[2025-05-26T02:35:59.824+0000][75][info ][gc          ] GC(1) Pause Cleanup 31M->31M(3880M) 6.159ms
[2025-05-26T02:35:59.826+0000][75][info ][gc,cpu      ] GC(1) User=0.00s Sys=0.00s Real=0.00s
[2025-05-26T02:35:59.828+0000][75][info ][safepoint   ] Safepoint "G1PauseCleanup", Time since last: 140018518 ns, Reaching safepoint: 97029 ns, Cleanup: 23764 ns, At safepoint: 11126471 ns, Total: 11247264 ns
[2025-05-26T02:35:59.841+0000][75][info ][gc,marking  ] GC(1) Concurrent Clear Claimed Marks
[2025-05-26T02:35:59.854+0000][75][info ][gc,marking  ] GC(1) Concurrent Clear Claimed Marks 13.463ms
[2025-05-26T02:35:59.864+0000][75][info ][gc,marking  ] GC(1) Concurrent Cleanup for Next Mark
[2025-05-26T02:35:59.891+0000][75][info ][gc,marking  ] GC(1) Concurrent Cleanup for Next Mark 27.649ms
[2025-05-26T02:35:59.899+0000][75][info ][gc          ] GC(1) Concurrent Mark Cycle 396.305ms
[2025-05-26T02:36:01.005+0000][75][info ][safepoint   ] Safepoint "Cleanup", Time since last: 1176647743 ns, Reaching safepoint: 103918 ns, Cleanup: 93654 ns, At safepoint: 36161 ns, Total: 233733 ns
[2025-05-26T02:36:01.335+0000][75][info ][gc,start    ] GC(2) Pause Young (Prepare Mixed) (G1 Evacuation Pause)
[2025-05-26T02:36:01.350+0000][75][info ][gc,task     ] GC(2) Using 10 workers of 10 for evacuation
[2025-05-26T02:36:01.362+0000][75][debug][gc,age      ] GC(2) Desired survivor size 12582912 bytes, new threshold 15 (max threshold 15)
[2025-05-26T02:36:01.395+0000][75][info ][gc,phases   ] GC(2)   Pre Evacuate Collection Set: 0.30ms
[2025-05-26T02:36:01.425+0000][75][info ][gc,phases   ] GC(2)   Merge Heap Roots: 0.14ms
[2025-05-26T02:36:01.451+0000][75][info ][gc,phases   ] GC(2)   Evacuate Collection Set: 9.20ms
[2025-05-26T02:36:01.475+0000][75][info ][gc,phases   ] GC(2)   Post Evacuate Collection Set: 10.51ms
[2025-05-26T02:36:01.488+0000][75][info ][gc,phases   ] GC(2)   Other: 25.14ms
[2025-05-26T02:36:01.499+0000][75][trace][gc,age      ] GC(2) Age table with threshold 15 (max threshold 15)
[2025-05-26T02:36:01.501+0000][75][trace][gc,age      ] GC(2) - age   1:    6344064 bytes,    6344064 total
[2025-05-26T02:36:01.519+0000][75][trace][gc,age      ] GC(2) - age   2:    9296488 bytes,   15640552 total
[2025-05-26T02:36:01.537+0000][75][info ][gc,heap     ] GC(2) Eden regions: 45->0(43)
[2025-05-26T02:36:01.543+0000][75][info ][gc,heap     ] GC(2) Survivor regions: 3->5(6)
[2025-05-26T02:36:01.549+0000][75][info ][gc,heap     ] GC(2) Old regions: 1->1
[2025-05-26T02:36:01.553+0000][75][info ][gc,heap     ] GC(2) Humongous regions: 0->0
[2025-05-26T02:36:01.558+0000][75][info ][gc,metaspace] GC(2) Metaspace: 27512K(28160K)->27512K(28160K) NonClass: 24398K(24768K)->24398K(24768K) Class: 3114K(3392K)->3114K(3392K)
[2025-05-26T02:36:01.570+0000][75][info ][gc          ] GC(2) Pause Young (Prepare Mixed) (G1 Evacuation Pause) 191M->17M(3880M) 234.725ms
[2025-05-26T02:36:01.571+0000][75][info ][gc,cpu      ] GC(2) User=0.07s Sys=0.00s Real=0.24s
[2025-05-26T02:36:01.572+0000][75][info ][safepoint   ] Safepoint "G1CollectForAllocation", Time since last: 329559106 ns, Reaching safepoint: 114697 ns, Cleanup: 69282 ns, At safepoint: 236595690 ns, Total: 236779669 ns
[2025-05-26T02:36:02.462+0000][75][info ][safepoint   ] Safepoint "ICBufferFull", Time since last: 887770524 ns, Reaching safepoint: 2167365 ns, Cleanup: 123502 ns, At safepoint: 71529 ns, Total: 2362396 ns
[2025-05-26T02:36:02.678+0000][75][info ][gc,start    ] GC(3) Pause Young (Mixed) (G1 Evacuation Pause)
[2025-05-26T02:36:02.683+0000][75][info ][gc,task     ] GC(3) Using 10 workers of 10 for evacuation
[2025-05-26T02:36:02.687+0000][75][debug][gc,age      ] GC(3) Desired survivor size 12582912 bytes, new threshold 2 (max threshold 15)
[2025-05-26T02:36:02.722+0000][75][info ][gc,phases   ] GC(3)   Pre Evacuate Collection Set: 0.77ms
[2025-05-26T02:36:02.769+0000][75][info ][gc,phases   ] GC(3)   Merge Heap Roots: 0.17ms
[2025-05-26T02:36:02.791+0000][75][info ][gc,phases   ] GC(3)   Evacuate Collection Set: 24.95ms
[2025-05-26T02:36:02.793+0000][75][info ][gc,phases   ] GC(3)   Post Evacuate Collection Set: 1.39ms
[2025-05-26T02:36:02.794+0000][75][info ][gc,phases   ] GC(3)   Other: 11.40ms
[2025-05-26T02:36:02.806+0000][75][trace][gc,age      ] GC(3) Age table with threshold 2 (max threshold 15)
[2025-05-26T02:36:02.812+0000][75][trace][gc,age      ] GC(3) - age   1:    4949984 bytes,    4949984 total
[2025-05-26T02:36:02.814+0000][75][trace][gc,age      ] GC(3) - age   2:    4253152 bytes,    9203136 total
[2025-05-26T02:36:02.817+0000][75][info ][gc,heap     ] GC(3) Eden regions: 43->0(69)
[2025-05-26T02:36:02.818+0000][75][info ][gc,heap     ] GC(3) Survivor regions: 5->3(6)
[2025-05-26T02:36:02.820+0000][75][info ][gc,heap     ] GC(3) Old regions: 1->3
[2025-05-26T02:36:02.822+0000][75][info ][gc,heap     ] GC(3) Humongous regions: 0->0
[2025-05-26T02:36:02.822+0000][75][info ][gc,metaspace] GC(3) Metaspace: 28985K(29696K)->28985K(29696K) NonClass: 25591K(25984K)->25591K(25984K) Class: 3394K(3712K)->3394K(3712K)
[2025-05-26T02:36:02.825+0000][75][info ][gc          ] GC(3) Pause Young (Mixed) (G1 Evacuation Pause) 189M->22M(3880M) 146.533ms
[2025-05-26T02:36:02.827+0000][75][info ][gc,cpu      ] GC(3) User=0.18s Sys=0.00s Real=0.15s
[2025-05-26T02:36:02.842+0000][75][info ][safepoint   ] Safepoint "G1CollectForAllocation", Time since last: 216144304 ns, Reaching safepoint: 7771 ns, Cleanup: 27188 ns, At safepoint: 163913355 ns, Total: 163948314 ns
[2025-05-26T02:36:03.894+0000][75][info ][gc,start    ] GC(4) Pause Young (Normal) (G1 Evacuation Pause)
[2025-05-26T02:36:03.903+0000][75][info ][gc,task     ] GC(4) Using 10 workers of 10 for evacuation
[2025-05-26T02:36:03.918+0000][75][debug][gc,age      ] GC(4) Desired survivor size 18874368 bytes, new threshold 15 (max threshold 15)
[2025-05-26T02:36:03.939+0000][75][info ][gc,phases   ] GC(4)   Pre Evacuate Collection Set: 0.42ms
[2025-05-26T02:36:03.949+0000][75][info ][gc,phases   ] GC(4)   Merge Heap Roots: 0.19ms
[2025-05-26T02:36:03.955+0000][75][info ][gc,phases   ] GC(4)   Evacuate Collection Set: 6.68ms
[2025-05-26T02:36:03.958+0000][75][info ][gc,phases   ] GC(4)   Post Evacuate Collection Set: 0.81ms
[2025-05-26T02:36:03.959+0000][75][info ][gc,phases   ] GC(4)   Other: 28.61ms
[2025-05-26T02:36:03.959+0000][75][trace][gc,age      ] GC(4) Age table with threshold 15 (max threshold 15)
[2025-05-26T02:36:03.959+0000][75][trace][gc,age      ] GC(4) - age   1:    2974720 bytes,    2974720 total
[2025-05-26T02:36:03.960+0000][75][trace][gc,age      ] GC(4) - age   2:    4113176 bytes,    7087896 total
[2025-05-26T02:36:03.960+0000][75][trace][gc,age      ] GC(4) - age   3:    4252224 bytes,   11340120 total
[2025-05-26T02:36:03.961+0000][75][info ][gc,heap     ] GC(4) Eden regions: 69->0(579)
[2025-05-26T02:36:03.965+0000][75][info ][gc,heap     ] GC(4) Survivor regions: 3->3(9)
[2025-05-26T02:36:03.970+0000][75][info ][gc,heap     ] GC(4) Old regions: 3->3
[2025-05-26T02:36:03.975+0000][75][info ][gc,heap     ] GC(4) Humongous regions: 0->0
[2025-05-26T02:36:03.981+0000][75][info ][gc,metaspace] GC(4) Metaspace: 29746K(30464K)->29746K(30464K) NonClass: 26260K(26688K)->26260K(26688K) Class: 3486K(3776K)->3486K(3776K)
[2025-05-26T02:36:03.985+0000][75][info ][gc          ] GC(4) Pause Young (Normal) (G1 Evacuation Pause) 298M->23M(3880M) 90.974ms
[2025-05-26T02:36:03.993+0000][75][info ][gc,cpu      ] GC(4) User=0.03s Sys=0.00s Real=0.10s
[2025-05-26T02:36:03.994+0000][75][info ][safepoint   ] Safepoint "G1CollectForAllocation", Time since last: 1052046933 ns, Reaching safepoint: 5678 ns, Cleanup: 135296 ns, At safepoint: 99492098 ns, Total: 99633072 ns
[2025-05-26T02:36:05.549+0000][75][info ][safepoint   ] Safepoint "ICBufferFull", Time since last: 1555712597 ns, Reaching safepoint: 4594 ns, Cleanup: 97097 ns, At safepoint: 28351 ns, Total: 130042 ns
[2025-05-26T02:36:06.231+0000][75][info ][gc,start    ] GC(5) Pause Young (Concurrent Start) (Metadata GC Threshold)
[2025-05-26T02:36:06.261+0000][75][info ][gc,task     ] GC(5) Using 10 workers of 10 for evacuation
[2025-05-26T02:36:06.304+0000][75][debug][gc,age      ] GC(5) Desired survivor size 153092096 bytes, new threshold 15 (max threshold 15)
[2025-05-26T02:36:06.331+0000][75][info ][gc,phases   ] GC(5)   Pre Evacuate Collection Set: 0.54ms
[2025-05-26T02:36:06.338+0000][75][info ][gc,phases   ] GC(5)   Merge Heap Roots: 0.17ms
[2025-05-26T02:36:06.345+0000][75][info ][gc,phases   ] GC(5)   Evacuate Collection Set: 5.43ms
[2025-05-26T02:36:06.356+0000][75][info ][gc,phases   ] GC(5)   Post Evacuate Collection Set: 0.83ms
[2025-05-26T02:36:06.367+0000][75][info ][gc,phases   ] GC(5)   Other: 62.68ms
[2025-05-26T02:36:06.375+0000][75][trace][gc,age      ] GC(5) Age table with threshold 15 (max threshold 15)
[2025-05-26T02:36:06.383+0000][75][trace][gc,age      ] GC(5) - age   1:    8352016 bytes,    8352016 total
[2025-05-26T02:36:06.390+0000][75][trace][gc,age      ] GC(5) - age   2:    2619880 bytes,   10971896 total
[2025-05-26T02:36:06.397+0000][75][trace][gc,age      ] GC(5) - age   3:    4109016 bytes,   15080912 total
[2025-05-26T02:36:06.401+0000][75][trace][gc,age      ] GC(5) - age   4:    4250944 bytes,   19331856 total
[2025-05-26T02:36:06.420+0000][75][info ][gc,heap     ] GC(5) Eden regions: 104->0(577)
[2025-05-26T02:36:06.427+0000][75][info ][gc,heap     ] GC(5) Survivor regions: 3->5(73)
[2025-05-26T02:36:06.432+0000][75][info ][gc,heap     ] GC(5) Old regions: 3->3
[2025-05-26T02:36:06.435+0000][75][info ][gc,heap     ] GC(5) Humongous regions: 0->0
[2025-05-26T02:36:06.439+0000][75][info ][gc,metaspace] GC(5) Metaspace: 35607K(36480K)->35607K(36480K) NonClass: 31450K(32000K)->31450K(32000K) Class: 4157K(4480K)->4157K(4480K)
[2025-05-26T02:36:06.448+0000][75][info ][gc          ] GC(5) Pause Young (Concurrent Start) (Metadata GC Threshold) 437M->31M(3880M) 217.383ms
[2025-05-26T02:36:06.453+0000][75][info ][gc,cpu      ] GC(5) User=0.24s Sys=0.00s Real=0.22s
[2025-05-26T02:36:06.453+0000][75][info ][gc          ] GC(6) Concurrent Mark Cycle
[2025-05-26T02:36:06.465+0000][75][info ][gc,marking  ] GC(6) Concurrent Scan Root Regions
[2025-05-26T02:36:06.475+0000][75][info ][gc,marking  ] GC(6) Concurrent Scan Root Regions 10.098ms
[2025-05-26T02:36:06.483+0000][75][info ][gc,marking  ] GC(6) Concurrent Mark
[2025-05-26T02:36:06.458+0000][75][info ][safepoint   ] Safepoint "CollectForMetadataAllocation", Time since last: 680966281 ns, Reaching safepoint: 6386 ns, Cleanup: 84939 ns, At safepoint: 227887494 ns, Total: 227978819 ns
[2025-05-26T02:36:06.487+0000][75][info ][gc,marking  ] GC(6) Concurrent Mark From Roots
[2025-05-26T02:36:06.488+0000][75][info ][gc,task     ] GC(6) Using 3 workers of 3 for marking
[2025-05-26T02:36:06.503+0000][75][info ][gc,marking  ] GC(6) Concurrent Mark From Roots 15.926ms
[2025-05-26T02:36:06.508+0000][75][info ][gc,marking  ] GC(6) Concurrent Preclean
[2025-05-26T02:36:06.510+0000][75][info ][gc,marking  ] GC(6) Concurrent Preclean 2.251ms
[2025-05-26T02:36:06.511+0000][75][info ][gc,start    ] GC(6) Pause Remark
[2025-05-26T02:36:06.530+0000][75][info ][gc          ] GC(6) Pause Remark 35M->35M(3880M) 19.243ms
[2025-05-26T02:36:06.532+0000][75][info ][gc,cpu      ] GC(6) User=0.05s Sys=0.00s Real=0.02s
[2025-05-26T02:36:06.533+0000][75][info ][safepoint   ] Safepoint "G1PauseRemark", Time since last: 52786733 ns, Reaching safepoint: 5135 ns, Cleanup: 36761 ns, At safepoint: 21313820 ns, Total: 21355716 ns
[2025-05-26T02:36:06.533+0000][75][info ][gc,marking  ] GC(6) Concurrent Mark 50.316ms
[2025-05-26T02:36:06.533+0000][75][info ][gc,marking  ] GC(6) Concurrent Rebuild Remembered Sets and Scrub Regions
[2025-05-26T02:36:06.538+0000][75][info ][gc,marking  ] GC(6) Concurrent Rebuild Remembered Sets and Scrub Regions 4.885ms
[2025-05-26T02:36:06.539+0000][75][info ][gc,start    ] GC(6) Pause Cleanup
[2025-05-26T02:36:06.541+0000][75][info ][gc          ] GC(6) Pause Cleanup 35M->35M(3880M) 1.498ms
[2025-05-26T02:36:06.541+0000][75][info ][gc,cpu      ] GC(6) User=0.00s Sys=0.00s Real=0.00s
[2025-05-26T02:36:06.542+0000][75][info ][safepoint   ] Safepoint "G1PauseCleanup", Time since last: 6323242 ns, Reaching safepoint: 277543 ns, Cleanup: 19105 ns, At safepoint: 2627892 ns, Total: 2924540 ns
[2025-05-26T02:36:06.542+0000][75][info ][gc,marking  ] GC(6) Concurrent Clear Claimed Marks
[2025-05-26T02:36:06.543+0000][75][info ][gc,marking  ] GC(6) Concurrent Clear Claimed Marks 0.635ms
[2025-05-26T02:36:06.543+0000][75][info ][gc,marking  ] GC(6) Concurrent Cleanup for Next Mark
[2025-05-26T02:36:06.548+0000][75][info ][gc,marking  ] GC(6) Concurrent Cleanup for Next Mark 5.099ms
[2025-05-26T02:36:06.550+0000][75][info ][gc          ] GC(6) Concurrent Mark Cycle 96.158ms
[2025-05-26T02:36:07.543+0000][75][info ][safepoint   ] Safepoint "Cleanup", Time since last: 1000620963 ns, Reaching safepoint: 106754 ns, Cleanup: 66795 ns, At safepoint: 40535 ns, Total: 214084 ns
[2025-05-26T02:36:08.544+0000][75][info ][safepoint   ] Safepoint "Cleanup", Time since last: 1001182307 ns, Reaching safepoint: 123325 ns, Cleanup: 73816 ns, At safepoint: 25666 ns, Total: 222807 ns
[2025-05-26T02:36:09.560+0000][75][info ][safepoint   ] Safepoint "Cleanup", Time since last: 1014434134 ns, Reaching safepoint: 812081 ns, Cleanup: 204173 ns, At safepoint: 76253 ns, Total: 1092507 ns
[2025-05-26T02:36:10.568+0000][75][info ][safepoint   ] Safepoint "Cleanup", Time since last: 1008806594 ns, Reaching safepoint: 8958 ns, Cleanup: 67406 ns, At safepoint: 12732 ns, Total: 89096 ns
[2025-05-26T02:36:11.591+0000][75][info ][safepoint   ] Safepoint "Cleanup", Time since last: 1022048867 ns, Reaching safepoint: 6523 ns, Cleanup: 390120 ns, At safepoint: 14094 ns, Total: 410737 ns
[2025-05-26T02:36:12.612+0000][75][info ][safepoint   ] Safepoint "Cleanup", Time since last: 1020798190 ns, Reaching safepoint: 7567 ns, Cleanup: 55086 ns, At safepoint: 10439 ns, Total: 73092 ns
[2025-05-26T02:36:13.630+0000][75][info ][safepoint   ] Safepoint "Cleanup", Time since last: 1022634783 ns, Reaching safepoint: 1618695 ns, Cleanup: 62696 ns, At safepoint: 790713 ns, Total: 2472104 ns
[2025-05-26T02:36:14.236+0000][75][info ][gc,start    ] GC(7) Pause Young (Prepare Mixed) (Metadata GC Threshold)
[2025-05-26T02:36:14.241+0000][75][info ][gc,task     ] GC(7) Using 10 workers of 10 for evacuation
[2025-05-26T02:36:14.242+0000][75][debug][gc,age      ] GC(7) Desired survivor size 153092096 bytes, new threshold 15 (max threshold 15)
[2025-05-26T02:36:14.310+0000][75][info ][gc,phases   ] GC(7)   Pre Evacuate Collection Set: 1.63ms
[2025-05-26T02:36:14.311+0000][75][info ][gc,phases   ] GC(7)   Merge Heap Roots: 0.49ms
[2025-05-26T02:36:14.312+0000][75][info ][gc,phases   ] GC(7)   Evacuate Collection Set: 58.71ms
[2025-05-26T02:36:14.313+0000][75][info ][gc,phases   ] GC(7)   Post Evacuate Collection Set: 5.09ms
[2025-05-26T02:36:14.315+0000][75][info ][gc,phases   ] GC(7)   Other: 3.61ms
[2025-05-26T02:36:14.315+0000][75][trace][gc,age      ] GC(7) Age table with threshold 15 (max threshold 15)
[2025-05-26T02:36:14.318+0000][75][trace][gc,age      ] GC(7) - age   1:   10921728 bytes,   10921728 total
[2025-05-26T02:36:14.319+0000][75][trace][gc,age      ] GC(7) - age   2:    8310168 bytes,   19231896 total
[2025-05-26T02:36:14.320+0000][75][trace][gc,age      ] GC(7) - age   3:    2614872 bytes,   21846768 total
[2025-05-26T02:36:14.320+0000][75][trace][gc,age      ] GC(7) - age   4:    4092952 bytes,   25939720 total
[2025-05-26T02:36:14.321+0000][75][trace][gc,age      ] GC(7) - age   5:    4235528 bytes,   30175248 total
[2025-05-26T02:36:14.321+0000][75][info ][gc,heap     ] GC(7) Eden regions: 183->0(192)
[2025-05-26T02:36:14.321+0000][75][info ][gc,heap     ] GC(7) Survivor regions: 5->8(73)
[2025-05-26T02:36:14.323+0000][75][info ][gc,heap     ] GC(7) Old regions: 3->3
[2025-05-26T02:36:14.324+0000][75][info ][gc,heap     ] GC(7) Humongous regions: 0->0
[2025-05-26T02:36:14.324+0000][75][info ][gc,metaspace] GC(7) Metaspace: 59772K(61056K)->59772K(61056K) NonClass: 52193K(52928K)->52193K(52928K) Class: 7579K(8128K)->7579K(8128K)
[2025-05-26T02:36:14.325+0000][75][info ][gc          ] GC(7) Pause Young (Prepare Mixed) (Metadata GC Threshold) 763M->42M(3880M) 88.392ms
[2025-05-26T02:36:14.325+0000][75][info ][gc,cpu      ] GC(7) User=0.29s Sys=0.00s Real=0.09s
[2025-05-26T02:36:14.326+0000][75][info ][safepoint   ] Safepoint "CollectForMetadataAllocation", Time since last: 606420526 ns, Reaching safepoint: 6292 ns, Cleanup: 18551 ns, At safepoint: 89177813 ns, Total: 89202656 ns
[2025-05-26T02:36:14.369+0000][75][info ][gc,start    ] GC(8) Pause Young (Mixed) (Metadata GC Threshold)
[2025-05-26T02:36:14.370+0000][75][info ][gc,task     ] GC(8) Using 10 workers of 10 for evacuation
[2025-05-26T02:36:14.370+0000][75][debug][gc,age      ] GC(8) Desired survivor size 52428800 bytes, new threshold 15 (max threshold 15)
[2025-05-26T02:36:14.398+0000][75][info ][gc,phases   ] GC(8)   Pre Evacuate Collection Set: 0.42ms
[2025-05-26T02:36:14.399+0000][75][info ][gc,phases   ] GC(8)   Merge Heap Roots: 0.33ms
[2025-05-26T02:36:14.400+0000][75][info ][gc,phases   ] GC(8)   Evacuate Collection Set: 24.34ms
[2025-05-26T02:36:14.401+0000][75][info ][gc,phases   ] GC(8)   Post Evacuate Collection Set: 2.22ms
[2025-05-26T02:36:14.401+0000][75][info ][gc,phases   ] GC(8)   Other: 0.87ms
[2025-05-26T02:36:14.402+0000][75][trace][gc,age      ] GC(8) Age table with threshold 15 (max threshold 15)
[2025-05-26T02:36:14.402+0000][75][trace][gc,age      ] GC(8) - age   1:      62272 bytes,      62272 total
[2025-05-26T02:36:14.402+0000][75][trace][gc,age      ] GC(8) - age   2:   10637064 bytes,   10699336 total
[2025-05-26T02:36:14.403+0000][75][trace][gc,age      ] GC(8) - age   3:    8310168 bytes,   19009504 total
[2025-05-26T02:36:14.403+0000][75][trace][gc,age      ] GC(8) - age   4:    2614840 bytes,   21624344 total
[2025-05-26T02:36:14.403+0000][75][trace][gc,age      ] GC(8) - age   5:    4092952 bytes,   25717296 total
[2025-05-26T02:36:14.404+0000][75][trace][gc,age      ] GC(8) - age   6:    4235304 bytes,   29952600 total
[2025-05-26T02:36:14.404+0000][75][info ][gc,heap     ] GC(8) Eden regions: 2->0(155)
[2025-05-26T02:36:14.404+0000][75][info ][gc,heap     ] GC(8) Survivor regions: 8->8(25)
[2025-05-26T02:36:14.405+0000][75][info ][gc,heap     ] GC(8) Old regions: 3->3
[2025-05-26T02:36:14.405+0000][75][info ][gc,heap     ] GC(8) Humongous regions: 0->0
[2025-05-26T02:36:14.405+0000][75][info ][gc,metaspace] GC(8) Metaspace: 60076K(61376K)->60076K(61376K) NonClass: 52449K(53248K)->52449K(53248K) Class: 7627K(8128K)->7627K(8128K)
[2025-05-26T02:36:14.405+0000][75][info ][gc          ] GC(8) Pause Young (Mixed) (Metadata GC Threshold) 48M->42M(3880M) 36.337ms
[2025-05-26T02:36:14.406+0000][75][info ][gc,cpu      ] GC(8) User=0.18s Sys=0.00s Real=0.04s
[2025-05-26T02:36:14.409+0000][75][info ][safepoint   ] Safepoint "CollectForMetadataAllocation", Time since last: 43533019 ns, Reaching safepoint: 5677 ns, Cleanup: 4708 ns, At safepoint: 39820066 ns, Total: 39830451 ns
[2025-05-26T02:36:14.480+0000][75][info ][gc,start    ] GC(9) Pause Young (Concurrent Start) (Metadata GC Threshold)
[2025-05-26T02:36:14.486+0000][75][info ][gc,task     ] GC(9) Using 10 workers of 10 for evacuation
[2025-05-26T02:36:14.486+0000][75][debug][gc,age      ] GC(9) Desired survivor size 44040192 bytes, new threshold 15 (max threshold 15)
[2025-05-26T02:36:14.511+0000][75][info ][gc,phases   ] GC(9)   Pre Evacuate Collection Set: 0.52ms
[2025-05-26T02:36:14.514+0000][75][info ][gc,phases   ] GC(9)   Merge Heap Roots: 0.70ms
[2025-05-26T02:36:14.520+0000][75][info ][gc,phases   ] GC(9)   Evacuate Collection Set: 16.80ms
[2025-05-26T02:36:14.521+0000][75][info ][gc,phases   ] GC(9)   Post Evacuate Collection Set: 4.62ms
[2025-05-26T02:36:14.522+0000][75][info ][gc,phases   ] GC(9)   Other: 2.80ms
[2025-05-26T02:36:14.523+0000][75][trace][gc,age      ] GC(9) Age table with threshold 15 (max threshold 15)
[2025-05-26T02:36:14.526+0000][75][trace][gc,age      ] GC(9) - age   1:      82112 bytes,      82112 total
[2025-05-26T02:36:14.528+0000][75][trace][gc,age      ] GC(9) - age   2:      50520 bytes,     132632 total
[2025-05-26T02:36:14.529+0000][75][trace][gc,age      ] GC(9) - age   3:   10634600 bytes,   10767232 total
[2025-05-26T02:36:14.530+0000][75][trace][gc,age      ] GC(9) - age   4:    8310168 bytes,   19077400 total
[2025-05-26T02:36:14.532+0000][75][trace][gc,age      ] GC(9) - age   5:    2614840 bytes,   21692240 total
[2025-05-26T02:36:14.533+0000][75][trace][gc,age      ] GC(9) - age   6:    4092896 bytes,   25785136 total
[2025-05-26T02:36:14.534+0000][75][trace][gc,age      ] GC(9) - age   7:    4235304 bytes,   30020440 total
[2025-05-26T02:36:14.534+0000][75][info ][gc,heap     ] GC(9) Eden regions: 1->0(249)
[2025-05-26T02:36:14.535+0000][75][info ][gc,heap     ] GC(9) Survivor regions: 8->8(21)
[2025-05-26T02:36:14.535+0000][75][info ][gc,heap     ] GC(9) Old regions: 3->3
[2025-05-26T02:36:14.535+0000][75][info ][gc,heap     ] GC(9) Humongous regions: 0->0
[2025-05-26T02:36:14.536+0000][75][info ][gc,metaspace] GC(9) Metaspace: 60392K(61696K)->60392K(61696K) NonClass: 52706K(53504K)->52706K(53504K) Class: 7686K(8192K)->7686K(8192K)
[2025-05-26T02:36:14.536+0000][75][info ][gc          ] GC(9) Pause Young (Concurrent Start) (Metadata GC Threshold) 45M->41M(3880M) 56.230ms
[2025-05-26T02:36:14.537+0000][75][info ][gc          ] GC(10) Concurrent Mark Cycle
[2025-05-26T02:36:14.537+0000][75][info ][gc,marking  ] GC(10) Concurrent Scan Root Regions
[2025-05-26T02:36:14.537+0000][75][info ][gc,cpu      ] GC(9) User=0.12s Sys=0.00s Real=0.06s
[2025-05-26T02:36:14.542+0000][75][info ][safepoint   ] Safepoint "CollectForMetadataAllocation", Time since last: 70917093 ns, Reaching safepoint: 5473 ns, Cleanup: 4737 ns, At safepoint: 61908239 ns, Total: 61918449 ns
[2025-05-26T02:36:14.543+0000][75][info ][gc,marking  ] GC(10) Concurrent Scan Root Regions 5.937ms
[2025-05-26T02:36:14.543+0000][75][info ][gc,marking  ] GC(10) Concurrent Mark
[2025-05-26T02:36:14.544+0000][75][info ][gc,marking  ] GC(10) Concurrent Mark From Roots
[2025-05-26T02:36:14.544+0000][75][info ][gc,task     ] GC(10) Using 3 workers of 3 for marking
[2025-05-26T02:36:14.563+0000][75][info ][gc,marking  ] GC(10) Concurrent Mark From Roots 18.730ms
[2025-05-26T02:36:14.584+0000][75][info ][gc,marking  ] GC(10) Concurrent Preclean
[2025-05-26T02:36:14.594+0000][75][info ][gc,marking  ] GC(10) Concurrent Preclean 9.772ms
[2025-05-26T02:36:14.590+0000][75][info ][safepoint   ] Safepoint "CollectForMetadataAllocation", Time since last: 48109287 ns, Reaching safepoint: 6422 ns, Cleanup: 4308 ns, At safepoint: 65824 ns, Total: 76554 ns
[2025-05-26T02:36:14.610+0000][75][info ][gc,start    ] GC(10) Pause Remark
[2025-05-26T02:36:14.619+0000][75][info ][gc          ] GC(10) Pause Remark 44M->44M(3880M) 9.281ms
[2025-05-26T02:36:14.627+0000][75][info ][gc,cpu      ] GC(10) User=0.03s Sys=0.00s Real=0.02s
[2025-05-26T02:36:14.631+0000][75][info ][safepoint   ] Safepoint "G1PauseRemark", Time since last: 19949160 ns, Reaching safepoint: 338355 ns, Cleanup: 6015 ns, At safepoint: 20457324 ns, Total: 20801694 ns
[2025-05-26T02:36:14.634+0000][75][info ][gc,marking  ] GC(10) Concurrent Mark 90.992ms
[2025-05-26T02:36:14.641+0000][75][info ][gc,marking  ] GC(10) Concurrent Rebuild Remembered Sets and Scrub Regions
[2025-05-26T02:36:14.645+0000][75][info ][gc,marking  ] GC(10) Concurrent Rebuild Remembered Sets and Scrub Regions 4.417ms
[2025-05-26T02:36:14.659+0000][75][info ][gc,start    ] GC(10) Pause Cleanup
[2025-05-26T02:36:14.660+0000][75][info ][gc          ] GC(10) Pause Cleanup 45M->45M(3880M) 0.905ms
[2025-05-26T02:36:14.661+0000][75][info ][gc,cpu      ] GC(10) User=0.01s Sys=0.00s Real=0.01s
[2025-05-26T02:36:14.662+0000][75][info ][safepoint   ] Safepoint "G1PauseCleanup", Time since last: 26902825 ns, Reaching safepoint: 6678 ns, Cleanup: 49887 ns, At safepoint: 4290390 ns, Total: 4346955 ns
[2025-05-26T02:36:14.666+0000][75][info ][gc,marking  ] GC(10) Concurrent Clear Claimed Marks
[2025-05-26T02:36:14.667+0000][75][info ][gc,marking  ] GC(10) Concurrent Clear Claimed Marks 0.555ms
[2025-05-26T02:36:14.667+0000][75][info ][gc,marking  ] GC(10) Concurrent Cleanup for Next Mark
[2025-05-26T02:36:14.670+0000][75][info ][gc,marking  ] GC(10) Concurrent Cleanup for Next Mark 2.977ms
[2025-05-26T02:36:14.670+0000][75][info ][gc          ] GC(10) Concurrent Mark Cycle 133.713ms
[2025-05-26T02:36:16.329+0000][75][info ][safepoint   ] Safepoint "Cleanup", Time since last: 1665831606 ns, Reaching safepoint: 706545 ns, Cleanup: 99796 ns, At safepoint: 33863 ns, Total: 840204 ns
[2025-05-26T02:36:17.333+0000][75][info ][safepoint   ] Safepoint "Cleanup", Time since last: 1004742235 ns, Reaching safepoint: 104163 ns, Cleanup: 41329 ns, At safepoint: 34197 ns, Total: 179689 ns
[2025-05-26T02:36:18.438+0000][75][info ][safepoint   ] Safepoint "Cleanup", Time since last: 1104708655 ns, Reaching safepoint: 3773 ns, Cleanup: 83165 ns, At safepoint: 20781 ns, Total: 107719 ns
[2025-05-26T02:36:19.443+0000][75][info ][safepoint   ] Safepoint "Cleanup", Time since last: 1004636910 ns, Reaching safepoint: 91467 ns, Cleanup: 90890 ns, At safepoint: 47792 ns, Total: 230149 ns
[2025-05-26T02:36:20.456+0000][75][info ][safepoint   ] Safepoint "Cleanup", Time since last: 1013030261 ns, Reaching safepoint: 4201 ns, Cleanup: 65796 ns, At safepoint: 19093 ns, Total: 89090 ns
[2025-05-26T02:36:21.533+0000][75][info ][safepoint   ] Safepoint "Cleanup", Time since last: 1076687462 ns, Reaching safepoint: 3663 ns, Cleanup: 61492 ns, At safepoint: 20264 ns, Total: 85419 ns
[2025-05-26T02:36:22.708+0000][75][info ][safepoint   ] Safepoint "Cleanup", Time since last: 1174776297 ns, Reaching safepoint: 145185 ns, Cleanup: 207975 ns, At safepoint: 75956 ns, Total: 429116 ns
[2025-05-26T02:36:23.822+0000][75][info ][safepoint   ] Safepoint "Cleanup", Time since last: 1113626761 ns, Reaching safepoint: 4350 ns, Cleanup: 89607 ns, At safepoint: 20347 ns, Total: 114304 ns
[2025-05-26T02:36:24.509+0000][75][info ][gc,start    ] GC(11) Pause Young (Concurrent Start) (Metadata GC Threshold)
[2025-05-26T02:36:24.509+0000][75][info ][gc,task     ] GC(11) Using 10 workers of 10 for evacuation
[2025-05-26T02:36:24.510+0000][75][debug][gc,age      ] GC(11) Desired survivor size 69206016 bytes, new threshold 15 (max threshold 15)
[2025-05-26T02:36:24.568+0000][75][info ][gc,phases   ] GC(11)   Pre Evacuate Collection Set: 0.34ms
[2025-05-26T02:36:24.569+0000][75][info ][gc,phases   ] GC(11)   Merge Heap Roots: 0.17ms
[2025-05-26T02:36:24.569+0000][75][info ][gc,phases   ] GC(11)   Evacuate Collection Set: 53.75ms
[2025-05-26T02:36:24.570+0000][75][info ][gc,phases   ] GC(11)   Post Evacuate Collection Set: 3.40ms
[2025-05-26T02:36:24.572+0000][75][info ][gc,phases   ] GC(11)   Other: 1.30ms
[2025-05-26T02:36:24.574+0000][75][trace][gc,age      ] GC(11) Age table with threshold 15 (max threshold 15)
[2025-05-26T02:36:24.575+0000][75][trace][gc,age      ] GC(11) - age   1:   22387272 bytes,   22387272 total
[2025-05-26T02:36:24.575+0000][75][trace][gc,age      ] GC(11) - age   2:      63864 bytes,   22451136 total
[2025-05-26T02:36:24.576+0000][75][trace][gc,age      ] GC(11) - age   3:      45496 bytes,   22496632 total
[2025-05-26T02:36:24.576+0000][75][trace][gc,age      ] GC(11) - age   4:   10297208 bytes,   32793840 total
[2025-05-26T02:36:24.577+0000][75][trace][gc,age      ] GC(11) - age   5:    8263552 bytes,   41057392 total
[2025-05-26T02:36:24.577+0000][75][trace][gc,age      ] GC(11) - age   6:    2593384 bytes,   43650776 total
[2025-05-26T02:36:24.577+0000][75][trace][gc,age      ] GC(11) - age   7:    4075616 bytes,   47726392 total
[2025-05-26T02:36:24.578+0000][75][trace][gc,age      ] GC(11) - age   8:    4200096 bytes,   51926488 total
[2025-05-26T02:36:24.578+0000][75][info ][gc,heap     ] GC(11) Eden regions: 208->0(244)
[2025-05-26T02:36:24.579+0000][75][info ][gc,heap     ] GC(11) Survivor regions: 8->14(33)
[2025-05-26T02:36:24.579+0000][75][info ][gc,heap     ] GC(11) Old regions: 3->3
[2025-05-26T02:36:24.580+0000][75][info ][gc,heap     ] GC(11) Humongous regions: 0->0
[2025-05-26T02:36:24.580+0000][75][info ][gc,metaspace] GC(11) Metaspace: 101633K(103488K)->101633K(103488K) NonClass: 88137K(89216K)->88137K(89216K) Class: 13496K(14272K)->13496K(14272K)
[2025-05-26T02:36:24.581+0000][75][info ][gc          ] GC(11) Pause Young (Concurrent Start) (Metadata GC Threshold) 873M->63M(3880M) 71.866ms
[2025-05-26T02:36:24.581+0000][75][info ][gc,cpu      ] GC(11) User=0.53s Sys=0.00s Real=0.08s
[2025-05-26T02:36:24.581+0000][75][info ][gc          ] GC(12) Concurrent Mark Cycle
[2025-05-26T02:36:24.582+0000][75][info ][safepoint   ] Safepoint "CollectForMetadataAllocation", Time since last: 686678302 ns, Reaching safepoint: 4843 ns, Cleanup: 45753 ns, At safepoint: 73035000 ns, Total: 73085596 ns
[2025-05-26T02:36:24.582+0000][75][info ][gc,marking  ] GC(12) Concurrent Scan Root Regions
[2025-05-26T02:36:24.596+0000][75][info ][gc,marking  ] GC(12) Concurrent Scan Root Regions 14.312ms
[2025-05-26T02:36:24.597+0000][75][info ][gc,marking  ] GC(12) Concurrent Mark
[2025-05-26T02:36:24.597+0000][75][info ][gc,marking  ] GC(12) Concurrent Mark From Roots
[2025-05-26T02:36:24.598+0000][75][info ][gc,task     ] GC(12) Using 3 workers of 3 for marking
[2025-05-26T02:36:24.607+0000][75][info ][gc,marking  ] GC(12) Concurrent Mark From Roots 9.119ms
[2025-05-26T02:36:24.607+0000][75][info ][gc,marking  ] GC(12) Concurrent Preclean
[2025-05-26T02:36:24.607+0000][75][info ][gc,marking  ] GC(12) Concurrent Preclean 0.438ms
[2025-05-26T02:36:24.608+0000][75][info ][gc,start    ] GC(12) Pause Remark
[2025-05-26T02:36:24.615+0000][75][info ][gc          ] GC(12) Pause Remark 68M->68M(3880M) 6.794ms
[2025-05-26T02:36:24.615+0000][75][info ][gc,cpu      ] GC(12) User=0.04s Sys=0.00s Real=0.01s
[2025-05-26T02:36:24.616+0000][75][info ][safepoint   ] Safepoint "G1PauseRemark", Time since last: 26112684 ns, Reaching safepoint: 7844 ns, Cleanup: 4768 ns, At safepoint: 7801411 ns, Total: 7814023 ns
[2025-05-26T02:36:24.616+0000][75][info ][gc,marking  ] GC(12) Concurrent Mark 19.290ms
[2025-05-26T02:36:24.617+0000][75][info ][gc,marking  ] GC(12) Concurrent Rebuild Remembered Sets and Scrub Regions
[2025-05-26T02:36:24.623+0000][75][info ][gc,marking  ] GC(12) Concurrent Rebuild Remembered Sets and Scrub Regions 6.173ms
[2025-05-26T02:36:24.624+0000][75][info ][gc,start    ] GC(12) Pause Cleanup
[2025-05-26T02:36:24.625+0000][75][info ][gc          ] GC(12) Pause Cleanup 68M->68M(3880M) 0.761ms
[2025-05-26T02:36:24.625+0000][75][info ][gc,cpu      ] GC(12) User=0.00s Sys=0.00s Real=0.00s
[2025-05-26T02:36:24.626+0000][75][info ][safepoint   ] Safepoint "G1PauseCleanup", Time since last: 7933701 ns, Reaching safepoint: 93682 ns, Cleanup: 16943 ns, At safepoint: 1824478 ns, Total: 1935103 ns
[2025-05-26T02:36:24.626+0000][75][info ][gc,marking  ] GC(12) Concurrent Clear Claimed Marks
[2025-05-26T02:36:24.626+0000][75][info ][gc,marking  ] GC(12) Concurrent Clear Claimed Marks 0.470ms
[2025-05-26T02:36:24.627+0000][75][info ][gc,marking  ] GC(12) Concurrent Cleanup for Next Mark
[2025-05-26T02:36:24.635+0000][75][info ][gc,marking  ] GC(12) Concurrent Cleanup for Next Mark 7.918ms
[2025-05-26T02:36:24.639+0000][75][info ][gc          ] GC(12) Concurrent Mark Cycle 57.512ms
[2025-05-26T02:36:25.722+0000][75][info ][safepoint   ] Safepoint "Cleanup", Time since last: 1096037910 ns, Reaching safepoint: 105341 ns, Cleanup: 70222 ns, At safepoint: 27672 ns, Total: 203235 ns
[2025-05-26T02:36:26.730+0000][75][info ][safepoint   ] Safepoint "Cleanup", Time since last: 1008404169 ns, Reaching safepoint: 97735 ns, Cleanup: 51094 ns, At safepoint: 12397 ns, Total: 161226 ns
[2025-05-26T02:36:28.028+0000][75][info ][safepoint   ] Safepoint "ICBufferFull", Time since last: 1297532215 ns, Reaching safepoint: 22676 ns, Cleanup: 144788 ns, At safepoint: 9697 ns, Total: 177161 ns
[2025-05-26T02:36:28.401+0000][75][info ][safepoint   ] Safepoint "ICBufferFull", Time since last: 372520558 ns, Reaching safepoint: 7846 ns, Cleanup: 93183 ns, At safepoint: 9319 ns, Total: 110348 ns
[2025-05-26T02:36:28.802+0000][75][info ][safepoint   ] Safepoint "ICBufferFull", Time since last: 401258705 ns, Reaching safepoint: 7232 ns, Cleanup: 131686 ns, At safepoint: 25494 ns, Total: 164412 ns
[2025-05-26T02:36:29.352+0000][75][info ][safepoint   ] Safepoint "ICBufferFull", Time since last: 549280700 ns, Reaching safepoint: 9344 ns, Cleanup: 167297 ns, At safepoint: 12161 ns, Total: 188802 ns
[2025-05-26T02:36:29.990+0000][75][info ][safepoint   ] Safepoint "ICBufferFull", Time since last: 637738692 ns, Reaching safepoint: 11209 ns, Cleanup: 159628 ns, At safepoint: 77971 ns, Total: 248808 ns
[2025-05-26T02:36:30.585+0000][75][info ][safepoint   ] Safepoint "ICBufferFull", Time since last: 594982774 ns, Reaching safepoint: 504318 ns, Cleanup: 152060 ns, At safepoint: 201254 ns, Total: 857632 ns
[2025-05-26T02:36:30.814+0000][75][info ][safepoint   ] Safepoint "ICBufferFull", Time since last: 228230131 ns, Reaching safepoint: 10273 ns, Cleanup: 109069 ns, At safepoint: 54771 ns, Total: 174113 ns
[2025-05-26T02:36:31.181+0000][75][info ][safepoint   ] Safepoint "ICBufferFull", Time since last: 366842912 ns, Reaching safepoint: 13081 ns, Cleanup: 137291 ns, At safepoint: 12400 ns, Total: 162772 ns
[2025-05-26T02:36:31.891+0000][75][info ][safepoint   ] Safepoint "ICBufferFull", Time since last: 710188281 ns, Reaching safepoint: 11268 ns, Cleanup: 215325 ns, At safepoint: 17387 ns, Total: 243980 ns
[2025-05-26T02:36:33.174+0000][75][info ][safepoint   ] Safepoint "Cleanup", Time since last: 1282431487 ns, Reaching safepoint: 16729 ns, Cleanup: 204153 ns, At safepoint: 16358 ns, Total: 237240 ns
[2025-05-26T02:36:35.175+0000][75][info ][safepoint   ] Safepoint "Cleanup", Time since last: 2000860478 ns, Reaching safepoint: 13687 ns, Cleanup: 28480 ns, At safepoint: 11153 ns, Total: 53320 ns
[2025-05-26T02:36:36.178+0000][75][info ][safepoint   ] Safepoint "Cleanup", Time since last: 1003133598 ns, Reaching safepoint: 14269 ns, Cleanup: 19185 ns, At safepoint: 9546 ns, Total: 43000 ns
[2025-05-26T02:36:37.180+0000][75][info ][safepoint   ] Safepoint "Cleanup", Time since last: 1001740890 ns, Reaching safepoint: 17033 ns, Cleanup: 23105 ns, At safepoint: 14028 ns, Total: 54166 ns
[2025-05-26T02:36:38.823+0000][75][info ][safepoint   ] Safepoint "Cleanup", Time since last: 1643515588 ns, Reaching safepoint: 15907 ns, Cleanup: 57181 ns, At safepoint: 11121 ns, Total: 84209 ns
[2025-05-26T02:36:39.886+0000][75][info ][safepoint   ] Safepoint "Cleanup", Time since last: 1062811035 ns, Reaching safepoint: 15972 ns, Cleanup: 21054 ns, At safepoint: 11312 ns, Total: 48338 ns
[2025-05-26T02:36:42.885+0000][75][info ][safepoint   ] Safepoint "Cleanup", Time since last: 3001955041 ns, Reaching safepoint: 52318 ns, Cleanup: 19728 ns, At safepoint: 11394 ns, Total: 83440 ns
[2025-05-26T02:36:43.885+0000][75][info ][safepoint   ] Safepoint "Cleanup", Time since last: 1000669964 ns, Reaching safepoint: 14989 ns, Cleanup: 16377 ns, At safepoint: 10274 ns, Total: 41640 ns
[2025-05-26T02:36:45.889+0000][75][info ][safepoint   ] Safepoint "Cleanup", Time since last: 2004013622 ns, Reaching safepoint: 15705 ns, Cleanup: 16690 ns, At safepoint: 9102 ns, Total: 41497 ns
[2025-05-26T02:36:48.187+0000][75][info ][safepoint   ] Safepoint "Cleanup", Time since last: 2297279662 ns, Reaching safepoint: 8298 ns, Cleanup: 13514 ns, At safepoint: 3264 ns, Total: 25076 ns
[2025-05-26T02:36:48.612+0000][75][info ][safepoint   ] Safepoint "ICBufferFull", Time since last: 424946439 ns, Reaching safepoint: 141497 ns, Cleanup: 279974 ns, At safepoint: 241255 ns, Total: 662726 ns
[2025-05-26T02:36:48.614+0000][75][info ][safepoint   ] Safepoint "ICBufferFull", Time since last: 1225183 ns, Reaching safepoint: 222051 ns, Cleanup: 9241 ns, At safepoint: 91274 ns, Total: 322566 ns
[2025-05-26T02:36:48.615+0000][75][info ][safepoint   ] Safepoint "ICBufferFull", Time since last: 909307 ns, Reaching safepoint: 142039 ns, Cleanup: 4814 ns, At safepoint: 89978 ns, Total: 236831 ns
[2025-05-26T02:36:48.617+0000][75][info ][safepoint   ] Safepoint "ICBufferFull", Time since last: 1374381 ns, Reaching safepoint: 123326 ns, Cleanup: 4359 ns, At safepoint: 96184 ns, Total: 223869 ns
[2025-05-26T02:36:48.842+0000][75][info ][safepoint   ] Safepoint "ICBufferFull", Time since last: 225376588 ns, Reaching safepoint: 174935 ns, Cleanup: 88654 ns, At safepoint: 60361 ns, Total: 323950 ns
[2025-05-26T02:36:49.843+0000][75][info ][safepoint   ] Safepoint "Cleanup", Time since last: 1000580551 ns, Reaching safepoint: 13310 ns, Cleanup: 61647 ns, At safepoint: 9202 ns, Total: 84159 ns
[2025-05-26T02:36:50.654+0000][75][info ][safepoint   ] Safepoint "ICBufferFull", Time since last: 810364147 ns, Reaching safepoint: 110023 ns, Cleanup: 143241 ns, At safepoint: 34895 ns, Total: 288159 ns
[2025-05-26T02:36:52.412+0000][75][info ][safepoint   ] Safepoint "Cleanup", Time since last: 1758079390 ns, Reaching safepoint: 3839 ns, Cleanup: 80440 ns, At safepoint: 11923 ns, Total: 96202 ns
[2025-05-26T02:36:54.020+0000][75][info ][safepoint   ] Safepoint "Cleanup", Time since last: 1607628268 ns, Reaching safepoint: 65578 ns, Cleanup: 80189 ns, At safepoint: 369516 ns, Total: 515283 ns
[2025-05-26T02:36:54.672+0000][75][info ][safepoint   ] Safepoint "ICBufferFull", Time since last: 643083168 ns, Reaching safepoint: 8745203 ns, Cleanup: 108896 ns, At safepoint: 88341 ns, Total: 8942440 ns
[2025-05-26T02:36:54.680+0000][75][info ][safepoint   ] Safepoint "ICBufferFull", Time since last: 8294428 ns, Reaching safepoint: 25601 ns, Cleanup: 29609 ns, At safepoint: 163506 ns, Total: 218716 ns
[2025-05-26T02:36:54.689+0000][75][info ][safepoint   ] Safepoint "ICBufferFull", Time since last: 8501707 ns, Reaching safepoint: 19751 ns, Cleanup: 28485 ns, At safepoint: 52023 ns, Total: 100259 ns
[2025-05-26T02:36:54.697+0000][75][info ][safepoint   ] Safepoint "ICBufferFull", Time since last: 2269135 ns, Reaching safepoint: 5436587 ns, Cleanup: 7633 ns, At safepoint: 204299 ns, Total: 5648519 ns
[2025-05-26T02:36:54.702+0000][75][info ][safepoint   ] Safepoint "ICBufferFull", Time since last: 5062552 ns, Reaching safepoint: 18520 ns, Cleanup: 14366 ns, At safepoint: 70667 ns, Total: 103553 ns
[2025-05-26T02:36:54.704+0000][75][info ][safepoint   ] Safepoint "ICBufferFull", Time since last: 520158 ns, Reaching safepoint: 688295 ns, Cleanup: 12189 ns, At safepoint: 208662 ns, Total: 909146 ns
[2025-05-26T02:36:54.705+0000][75][info ][safepoint   ] Safepoint "ICBufferFull", Time since last: 1164012 ns, Reaching safepoint: 208921 ns, Cleanup: 12205 ns, At safepoint: 401628 ns, Total: 622754 ns
[2025-05-26T02:36:54.707+0000][75][info ][safepoint   ] Safepoint "ICBufferFull", Time since last: 932496 ns, Reaching safepoint: 150479 ns, Cleanup: 6627 ns, At safepoint: 516142 ns, Total: 673248 ns
[2025-05-26T02:36:54.715+0000][75][info ][safepoint   ] Safepoint "ICBufferFull", Time since last: 6631661 ns, Reaching safepoint: 602423 ns, Cleanup: 21902 ns, At safepoint: 448080 ns, Total: 1072405 ns
[2025-05-26T02:36:54.716+0000][75][info ][safepoint   ] Safepoint "ICBufferFull", Time since last: 1043275 ns, Reaching safepoint: 208699 ns, Cleanup: 4596 ns, At safepoint: 150669 ns, Total: 363964 ns
[2025-05-26T02:36:54.719+0000][75][info ][safepoint   ] Safepoint "ICBufferFull", Time since last: 2280918 ns, Reaching safepoint: 237894 ns, Cleanup: 19374 ns, At safepoint: 189874 ns, Total: 447142 ns
[2025-05-26T02:36:54.721+0000][75][info ][safepoint   ] Safepoint "ICBufferFull", Time since last: 1032394 ns, Reaching safepoint: 501989 ns, Cleanup: 17004 ns, At safepoint: 442466 ns, Total: 961459 ns
[2025-05-26T02:36:54.896+0000][75][info ][safepoint   ] Safepoint "ICBufferFull", Time since last: 175119980 ns, Reaching safepoint: 109775 ns, Cleanup: 101578 ns, At safepoint: 47351 ns, Total: 258704 ns
[2025-05-26T02:36:55.185+0000][75][info ][safepoint   ] Safepoint "ICBufferFull", Time since last: 288466844 ns, Reaching safepoint: 181405 ns, Cleanup: 113514 ns, At safepoint: 124190 ns, Total: 419109 ns
[2025-05-26T02:36:55.189+0000][75][info ][safepoint   ] Safepoint "ICBufferFull", Time since last: 2590915 ns, Reaching safepoint: 462374 ns, Cleanup: 25628 ns, At safepoint: 437943 ns, Total: 925945 ns
[2025-05-26T02:36:55.394+0000][75][info ][safepoint   ] Safepoint "ICBufferFull", Time since last: 205008905 ns, Reaching safepoint: 20873 ns, Cleanup: 116457 ns, At safepoint: 102466 ns, Total: 239796 ns
[2025-05-26T02:36:55.395+0000][75][info ][safepoint   ] Safepoint "ICBufferFull", Time since last: 885140 ns, Reaching safepoint: 170556 ns, Cleanup: 5083 ns, At safepoint: 129704 ns, Total: 305343 ns
[2025-05-26T02:36:55.396+0000][75][info ][safepoint   ] Safepoint "ICBufferFull", Time since last: 891434 ns, Reaching safepoint: 15747 ns, Cleanup: 6969 ns, At safepoint: 67946 ns, Total: 90662 ns
[2025-05-26T02:36:55.674+0000][75][info ][safepoint   ] Safepoint "ICBufferFull", Time since last: 277770973 ns, Reaching safepoint: 27758 ns, Cleanup: 222916 ns, At safepoint: 123652 ns, Total: 374326 ns
[2025-05-26T02:36:56.536+0000][75][info ][gc,start    ] GC(13) Pause Young (Normal) (G1 Evacuation Pause)
[2025-05-26T02:36:56.537+0000][75][info ][gc,task     ] GC(13) Using 10 workers of 10 for evacuation
[2025-05-26T02:36:56.587+0000][75][debug][gc,age      ] GC(13) Desired survivor size 69206016 bytes, new threshold 15 (max threshold 15)
[2025-05-26T02:36:56.747+0000][75][info ][gc,phases   ] GC(13)   Pre Evacuate Collection Set: 1.64ms
[2025-05-26T02:36:56.749+0000][75][info ][gc,phases   ] GC(13)   Merge Heap Roots: 15.47ms
[2025-05-26T02:36:56.753+0000][75][info ][gc,phases   ] GC(13)   Evacuate Collection Set: 115.25ms
[2025-05-26T02:36:56.755+0000][75][info ][gc,phases   ] GC(13)   Post Evacuate Collection Set: 24.93ms
[2025-05-26T02:36:56.755+0000][75][info ][gc,phases   ] GC(13)   Other: 52.54ms
[2025-05-26T02:36:56.755+0000][75][trace][gc,age      ] GC(13) Age table with threshold 15 (max threshold 15)
[2025-05-26T02:36:56.756+0000][75][trace][gc,age      ] GC(13) - age   1:   43808312 bytes,   43808312 total
[2025-05-26T02:36:56.756+0000][75][trace][gc,age      ] GC(13) - age   2:   21282544 bytes,   65090856 total
[2025-05-26T02:36:56.756+0000][75][trace][gc,age      ] GC(13) - age   3:      63768 bytes,   65154624 total
[2025-05-26T02:36:56.756+0000][75][trace][gc,age      ] GC(13) - age   4:      45296 bytes,   65199920 total
[2025-05-26T02:36:56.757+0000][75][trace][gc,age      ] GC(13) - age   5:   10266248 bytes,   75466168 total
[2025-05-26T02:36:56.757+0000][75][trace][gc,age      ] GC(13) - age   6:    8262080 bytes,   83728248 total
[2025-05-26T02:36:56.757+0000][75][trace][gc,age      ] GC(13) - age   7:    2591792 bytes,   86320040 total
[2025-05-26T02:36:56.758+0000][75][trace][gc,age      ] GC(13) - age   8:    4074312 bytes,   90394352 total
[2025-05-26T02:36:56.758+0000][75][trace][gc,age      ] GC(13) - age   9:    4197328 bytes,   94591680 total
[2025-05-26T02:36:56.758+0000][75][info ][gc,heap     ] GC(13) Eden regions: 244->0(132)
[2025-05-26T02:36:56.758+0000][75][info ][gc,heap     ] GC(13) Survivor regions: 14->25(33)
[2025-05-26T02:36:56.759+0000][75][info ][gc,heap     ] GC(13) Old regions: 3->3
[2025-05-26T02:36:56.759+0000][75][info ][gc,heap     ] GC(13) Humongous regions: 0->0
[2025-05-26T02:36:56.760+0000][75][info ][gc,metaspace] GC(13) Metaspace: 137411K(141184K)->137411K(141184K) NonClass: 118072K(120128K)->118072K(120128K) Class: 19338K(21056K)->19338K(21056K)
[2025-05-26T02:36:56.760+0000][75][info ][gc          ] GC(13) Pause Young (Normal) (G1 Evacuation Pause) 1039M->109M(3880M) 224.062ms
[2025-05-26T02:36:56.761+0000][75][info ][gc,cpu      ] GC(13) User=1.11s Sys=0.00s Real=0.23s
[2025-05-26T02:36:56.761+0000][75][info ][safepoint   ] Safepoint "G1CollectForAllocation", Time since last: 862009775 ns, Reaching safepoint: 27240 ns, Cleanup: 130385 ns, At safepoint: 225228504 ns, Total: 225386129 ns
[2025-05-26T02:36:58.143+0000][75][info ][safepoint   ] Safepoint "ICBufferFull", Time since last: 1381183379 ns, Reaching safepoint: 27647 ns, Cleanup: 213832 ns, At safepoint: 19564 ns, Total: 261043 ns
[2025-05-26T02:36:58.429+0000][75][info ][safepoint   ] Safepoint "ICBufferFull", Time since last: 285591570 ns, Reaching safepoint: 119540 ns, Cleanup: 103641 ns, At safepoint: 137144 ns, Total: 360325 ns
[2025-05-26T02:36:58.666+0000][75][info ][safepoint   ] Safepoint "ICBufferFull", Time since last: 236906425 ns, Reaching safepoint: 24914 ns, Cleanup: 146230 ns, At safepoint: 55284 ns, Total: 226428 ns
[2025-05-26T02:36:59.049+0000][75][info ][safepoint   ] Safepoint "ICBufferFull", Time since last: 382490262 ns, Reaching safepoint: 20371 ns, Cleanup: 113674 ns, At safepoint: 42868 ns, Total: 176913 ns
[2025-05-26T02:37:00.049+0000][75][info ][safepoint   ] Safepoint "Cleanup", Time since last: 1000076217 ns, Reaching safepoint: 5923 ns, Cleanup: 100932 ns, At safepoint: 15251 ns, Total: 122106 ns
[2025-05-26T02:37:01.224+0000][75][info ][safepoint   ] Safepoint "Cleanup", Time since last: 1175046936 ns, Reaching safepoint: 30052 ns, Cleanup: 73354 ns, At safepoint: 20199 ns, Total: 123605 ns
[2025-05-26T02:37:02.227+0000][75][info ][safepoint   ] Safepoint "Cleanup", Time since last: 1002918912 ns, Reaching safepoint: 26431 ns, Cleanup: 21303 ns, At safepoint: 11011 ns, Total: 58745 ns
[2025-05-26T02:37:04.228+0000][75][info ][safepoint   ] Safepoint "Cleanup", Time since last: 2000942307 ns, Reaching safepoint: 52718 ns, Cleanup: 37319 ns, At safepoint: 19641 ns, Total: 109678 ns
[2025-05-26T02:37:06.105+0000][75][info ][safepoint   ] Safepoint "Cleanup", Time since last: 1876469410 ns, Reaching safepoint: 129286 ns, Cleanup: 175625 ns, At safepoint: 38660 ns, Total: 343571 ns
[2025-05-26T02:37:07.109+0000][75][info ][safepoint   ] Safepoint "Cleanup", Time since last: 1004254535 ns, Reaching safepoint: 32549 ns, Cleanup: 25657 ns, At safepoint: 11180 ns, Total: 69386 ns
[2025-05-26T02:37:08.110+0000][75][info ][safepoint   ] Safepoint "Cleanup", Time since last: 1000747857 ns, Reaching safepoint: 16408 ns, Cleanup: 20213 ns, At safepoint: 7703 ns, Total: 44324 ns
[2025-05-26T02:37:09.111+0000][75][info ][safepoint   ] Safepoint "Cleanup", Time since last: 1000538775 ns, Reaching safepoint: 18383 ns, Cleanup: 19754 ns, At safepoint: 7488 ns, Total: 45625 ns
[2025-05-26T02:37:10.111+0000][75][info ][safepoint   ] Safepoint "Cleanup", Time since last: 1000502974 ns, Reaching safepoint: 18401 ns, Cleanup: 27230 ns, At safepoint: 6865 ns, Total: 52496 ns
[2025-05-26T02:37:11.255+0000][75][info ][safepoint   ] Safepoint "Cleanup", Time since last: 1143656006 ns, Reaching safepoint: 17579 ns, Cleanup: 25429 ns, At safepoint: 6957 ns, Total: 49965 ns
[2025-05-26T02:37:12.255+0000][75][info ][safepoint   ] Safepoint "Cleanup", Time since last: 1000593130 ns, Reaching safepoint: 15762 ns, Cleanup: 18872 ns, At safepoint: 7200 ns, Total: 41834 ns
[2025-05-26T02:37:13.262+0000][75][info ][safepoint   ] Safepoint "Cleanup", Time since last: 1008488599 ns, Reaching safepoint: 32643 ns, Cleanup: 19272 ns, At safepoint: 6003 ns, Total: 57918 ns
[2025-05-26T02:37:15.265+0000][75][info ][safepoint   ] Safepoint "Cleanup", Time since last: 2003145507 ns, Reaching safepoint: 16214 ns, Cleanup: 25765 ns, At safepoint: 6679 ns, Total: 48658 ns
[2025-05-26T02:37:16.266+0000][75][info ][safepoint   ] Safepoint "Cleanup", Time since last: 1001062753 ns, Reaching safepoint: 17057 ns, Cleanup: 18676 ns, At safepoint: 7992 ns, Total: 43725 ns
[2025-05-26T02:37:17.267+0000][75][info ][safepoint   ] Safepoint "Cleanup", Time since last: 1000548459 ns, Reaching safepoint: 15288 ns, Cleanup: 11572 ns, At safepoint: 6816 ns, Total: 33676 ns
[2025-05-26T02:37:18.268+0000][75][info ][safepoint   ] Safepoint "Cleanup", Time since last: 1000867412 ns, Reaching safepoint: 15388 ns, Cleanup: 14683 ns, At safepoint: 6591 ns, Total: 36662 ns
[2025-05-26T02:37:19.268+0000][75][info ][safepoint   ] Safepoint "Cleanup", Time since last: 1000593049 ns, Reaching safepoint: 16256 ns, Cleanup: 19514 ns, At safepoint: 6793 ns, Total: 42563 ns
[2025-05-26T02:37:20.269+0000][75][info ][safepoint   ] Safepoint "Cleanup", Time since last: 1000275605 ns, Reaching safepoint: 14800 ns, Cleanup: 25094 ns, At safepoint: 7412 ns, Total: 47306 ns
[2025-05-26T02:37:22.269+0000][75][info ][safepoint   ] Safepoint "Cleanup", Time since last: 2000530114 ns, Reaching safepoint: 14753 ns, Cleanup: 15637 ns, At safepoint: 23594 ns, Total: 53984 ns
[2025-05-26T02:37:23.270+0000][75][info ][safepoint   ] Safepoint "Cleanup", Time since last: 1001102876 ns, Reaching safepoint: 15924 ns, Cleanup: 13854 ns, At safepoint: 7160 ns, Total: 36938 ns
[2025-05-26T02:37:24.271+0000][75][info ][safepoint   ] Safepoint "Cleanup", Time since last: 1000393754 ns, Reaching safepoint: 16445 ns, Cleanup: 11758 ns, At safepoint: 7254 ns, Total: 35457 ns
[2025-05-26T02:37:25.319+0000][75][info ][safepoint   ] Safepoint "Cleanup", Time since last: 1047861829 ns, Reaching safepoint: 17478 ns, Cleanup: 60185 ns, At safepoint: 7947 ns, Total: 85610 ns
[2025-05-26T02:37:27.319+0000][75][info ][safepoint   ] Safepoint "Cleanup", Time since last: 2000677039 ns, Reaching safepoint: 16580 ns, Cleanup: 13911 ns, At safepoint: 7009 ns, Total: 37500 ns
[2025-05-26T02:37:28.320+0000][75][info ][safepoint   ] Safepoint "Cleanup", Time since last: 1000713285 ns, Reaching safepoint: 17238 ns, Cleanup: 32419 ns, At safepoint: 7716 ns, Total: 57373 ns
[2025-05-26T02:37:29.383+0000][75][info ][safepoint   ] Safepoint "Cleanup", Time since last: 1062398706 ns, Reaching safepoint: 31196 ns, Cleanup: 12700 ns, At safepoint: 7375 ns, Total: 51271 ns
[2025-05-26T02:37:30.385+0000][75][info ][safepoint   ] Safepoint "Cleanup", Time since last: 1002571653 ns, Reaching safepoint: 16373 ns, Cleanup: 26396 ns, At safepoint: 17996 ns, Total: 60765 ns
[2025-05-26T02:37:31.386+0000][75][info ][safepoint   ] Safepoint "Cleanup", Time since last: 1000978291 ns, Reaching safepoint: 14717 ns, Cleanup: 23270 ns, At safepoint: 6189 ns, Total: 44176 ns
[2025-05-26T02:37:32.388+0000][75][info ][safepoint   ] Safepoint "Cleanup", Time since last: 1001087583 ns, Reaching safepoint: 61911 ns, Cleanup: 27233 ns, At safepoint: 17873 ns, Total: 107017 ns
[2025-05-26T02:37:34.389+0000][75][info ][safepoint   ] Safepoint "Cleanup", Time since last: 2000981368 ns, Reaching safepoint: 31248 ns, Cleanup: 27111 ns, At safepoint: 18898 ns, Total: 77257 ns
[2025-05-26T02:37:35.416+0000][75][info ][safepoint   ] Safepoint "Cleanup", Time since last: 1027778619 ns, Reaching safepoint: 5923 ns, Cleanup: 80875 ns, At safepoint: 12602 ns, Total: 99400 ns
[2025-05-26T02:37:37.293+0000][75][info ][safepoint   ] Safepoint "Cleanup", Time since last: 1876001257 ns, Reaching safepoint: 38833 ns, Cleanup: 51797 ns, At safepoint: 7987 ns, Total: 98617 ns
[2025-05-26T02:37:40.293+0000][75][info ][safepoint   ] Safepoint "Cleanup", Time since last: 3000793748 ns, Reaching safepoint: 17225 ns, Cleanup: 46338 ns, At safepoint: 7604 ns, Total: 71167 ns
[2025-05-26T02:37:43.292+0000][75][info ][safepoint   ] Safepoint "Cleanup", Time since last: 3000985006 ns, Reaching safepoint: 27530 ns, Cleanup: 12784 ns, At safepoint: 6561 ns, Total: 46875 ns
[2025-05-26T02:37:45.293+0000][75][info ][safepoint   ] Safepoint "Cleanup", Time since last: 2000683345 ns, Reaching safepoint: 67054 ns, Cleanup: 21864 ns, At safepoint: 9836 ns, Total: 98754 ns
[2025-05-26T02:37:46.293+0000][75][info ][safepoint   ] Safepoint "Cleanup", Time since last: 1000563564 ns, Reaching safepoint: 38468 ns, Cleanup: 19686 ns, At safepoint: 7715 ns, Total: 65869 ns
[2025-05-26T02:37:47.294+0000][75][info ][safepoint   ] Safepoint "Cleanup", Time since last: 1000513597 ns, Reaching safepoint: 48994 ns, Cleanup: 10533 ns, At safepoint: 7390 ns, Total: 66917 ns
[2025-05-26T02:37:48.295+0000][75][info ][safepoint   ] Safepoint "Cleanup", Time since last: 1000614471 ns, Reaching safepoint: 87766 ns, Cleanup: 15868 ns, At safepoint: 8789 ns, Total: 112423 ns
[2025-05-26T02:37:49.295+0000][75][info ][safepoint   ] Safepoint "Cleanup", Time since last: 1000672370 ns, Reaching safepoint: 19762 ns, Cleanup: 27958 ns, At safepoint: 7786 ns, Total: 55506 ns
[2025-05-26T02:37:50.303+0000][75][info ][safepoint   ] Safepoint "Cleanup", Time since last: 1007728961 ns, Reaching safepoint: 32164 ns, Cleanup: 32947 ns, At safepoint: 18413 ns, Total: 83524 ns
[2025-05-26T02:37:52.438+0000][75][info ][safepoint   ] Safepoint "Cleanup", Time since last: 2134571213 ns, Reaching safepoint: 17658 ns, Cleanup: 34608 ns, At safepoint: 8260 ns, Total: 60526 ns
[2025-05-26T02:37:54.439+0000][75][info ][safepoint   ] Safepoint "Cleanup", Time since last: 2000788771 ns, Reaching safepoint: 19326 ns, Cleanup: 12677 ns, At safepoint: 8817 ns, Total: 40820 ns
[2025-05-26T02:37:55.232+0000][75][info ][safepoint   ] Safepoint "ICBufferFull", Time since last: 793276855 ns, Reaching safepoint: 14000 ns, Cleanup: 89642 ns, At safepoint: 7434 ns, Total: 111076 ns
[2025-05-26T02:37:56.244+0000][75][info ][safepoint   ] Safepoint "Cleanup", Time since last: 1011325233 ns, Reaching safepoint: 6346 ns, Cleanup: 21905 ns, At safepoint: 13076 ns, Total: 41327 ns
[2025-05-26T02:37:57.262+0000][75][info ][safepoint   ] Safepoint "Cleanup", Time since last: 1017880945 ns, Reaching safepoint: 18649 ns, Cleanup: 67615 ns, At safepoint: 75900 ns, Total: 162164 ns
[2025-05-26T02:37:58.271+0000][75][info ][safepoint   ] Safepoint "Cleanup", Time since last: 1009744001 ns, Reaching safepoint: 19296 ns, Cleanup: 17473 ns, At safepoint: 8667 ns, Total: 45436 ns
[2025-05-26T02:37:59.272+0000][75][info ][safepoint   ] Safepoint "Cleanup", Time since last: 1000701072 ns, Reaching safepoint: 38043 ns, Cleanup: 12316 ns, At safepoint: 8543 ns, Total: 58902 ns
[2025-05-26T02:38:00.273+0000][75][info ][safepoint   ] Safepoint "Cleanup", Time since last: 1000575868 ns, Reaching safepoint: 96345 ns, Cleanup: 16848 ns, At safepoint: 78625 ns, Total: 191818 ns
[2025-05-26T02:38:01.273+0000][75][info ][safepoint   ] Safepoint "Cleanup", Time since last: 1000502780 ns, Reaching safepoint: 16888 ns, Cleanup: 17234 ns, At safepoint: 7059 ns, Total: 41181 ns
[2025-05-26T02:38:02.274+0000][75][info ][safepoint   ] Safepoint "Cleanup", Time since last: 1000964876 ns, Reaching safepoint: 14991 ns, Cleanup: 9855 ns, At safepoint: 6838 ns, Total: 31684 ns
[2025-05-26T02:38:04.275+0000][75][info ][safepoint   ] Safepoint "Cleanup", Time since last: 2000878977 ns, Reaching safepoint: 16932 ns, Cleanup: 16871 ns, At safepoint: 7829 ns, Total: 41632 ns
[2025-05-26T02:38:05.280+0000][75][info ][safepoint   ] Safepoint "Cleanup", Time since last: 1004325757 ns, Reaching safepoint: 30756 ns, Cleanup: 26409 ns, At safepoint: 17688 ns, Total: 74853 ns
[2025-05-26T02:38:07.281+0000][75][info ][safepoint   ] Safepoint "Cleanup", Time since last: 2000803305 ns, Reaching safepoint: 32103 ns, Cleanup: 127146 ns, At safepoint: 19859 ns, Total: 179108 ns
[2025-05-26T02:38:09.282+0000][75][info ][safepoint   ] Safepoint "Cleanup", Time since last: 2000899972 ns, Reaching safepoint: 20049 ns, Cleanup: 13962 ns, At safepoint: 8070 ns, Total: 42081 ns
[2025-05-26T02:38:10.282+0000][75][info ][safepoint   ] Safepoint "Cleanup", Time since last: 1000615373 ns, Reaching safepoint: 17205 ns, Cleanup: 15933 ns, At safepoint: 7192 ns, Total: 40330 ns
[2025-05-26T02:38:11.283+0000][75][info ][safepoint   ] Safepoint "Cleanup", Time since last: 1000599264 ns, Reaching safepoint: 16920 ns, Cleanup: 14255 ns, At safepoint: 7048 ns, Total: 38223 ns
[2025-05-26T02:38:12.285+0000][75][info ][safepoint   ] Safepoint "Cleanup", Time since last: 1002041909 ns, Reaching safepoint: 18449 ns, Cleanup: 16730 ns, At safepoint: 7383 ns, Total: 42562 ns
[2025-05-26T02:38:13.283+0000][75][info ][safepoint   ] Safepoint "Cleanup", Time since last: 1000632887 ns, Reaching safepoint: 16719 ns, Cleanup: 10548 ns, At safepoint: 7192 ns, Total: 34459 ns
[2025-05-26T02:38:15.284+0000][75][info ][safepoint   ] Safepoint "Cleanup", Time since last: 2000924590 ns, Reaching safepoint: 38531 ns, Cleanup: 17008 ns, At safepoint: 8045 ns, Total: 63584 ns
[2025-05-26T02:38:16.285+0000][75][info ][safepoint   ] Safepoint "Cleanup", Time since last: 1000616527 ns, Reaching safepoint: 79004 ns, Cleanup: 16466 ns, At safepoint: 7481 ns, Total: 102951 ns
[2025-05-26T02:38:17.285+0000][75][info ][safepoint   ] Safepoint "Cleanup", Time since last: 1000642009 ns, Reaching safepoint: 16899 ns, Cleanup: 13101 ns, At safepoint: 6820 ns, Total: 36820 ns
[2025-05-26T02:38:19.286+0000][75][info ][safepoint   ] Safepoint "Cleanup", Time since last: 2000897447 ns, Reaching safepoint: 17753 ns, Cleanup: 14117 ns, At safepoint: 7088 ns, Total: 38958 ns
[2025-05-26T02:38:20.287+0000][75][info ][safepoint   ] Safepoint "Cleanup", Time since last: 1001046522 ns, Reaching safepoint: 32929 ns, Cleanup: 27700 ns, At safepoint: 19468 ns, Total: 80097 ns
[2025-05-26T02:38:24.291+0000][75][info ][safepoint   ] Safepoint "Cleanup", Time since last: 4003374662 ns, Reaching safepoint: 28774 ns, Cleanup: 10613 ns, At safepoint: 7067 ns, Total: 46454 ns
[2025-05-26T02:38:25.291+0000][75][info ][safepoint   ] Safepoint "Cleanup", Time since last: 1000432321 ns, Reaching safepoint: 16898 ns, Cleanup: 34767 ns, At safepoint: 7031 ns, Total: 58696 ns
[2025-05-26T02:38:27.293+0000][75][info ][safepoint   ] Safepoint "Cleanup", Time since last: 2001191349 ns, Reaching safepoint: 17415 ns, Cleanup: 13329 ns, At safepoint: 7183 ns, Total: 37927 ns
[2025-05-26T02:38:28.293+0000][75][info ][safepoint   ] Safepoint "Cleanup", Time since last: 1000803254 ns, Reaching safepoint: 17234 ns, Cleanup: 13887 ns, At safepoint: 17252 ns, Total: 48373 ns
[2025-05-26T02:38:29.296+0000][75][info ][safepoint   ] Safepoint "Cleanup", Time since last: 1002265972 ns, Reaching safepoint: 16485 ns, Cleanup: 11858 ns, At safepoint: 8087 ns, Total: 36430 ns
[2025-05-26T02:38:30.297+0000][75][info ][safepoint   ] Safepoint "Cleanup", Time since last: 1000883744 ns, Reaching safepoint: 41693 ns, Cleanup: 17932 ns, At safepoint: 8185 ns, Total: 67810 ns
[2025-05-26T02:38:31.297+0000][75][info ][safepoint   ] Safepoint "Cleanup", Time since last: 1000642494 ns, Reaching safepoint: 16229 ns, Cleanup: 18262 ns, At safepoint: 8042 ns, Total: 42533 ns
[2025-05-26T02:38:32.298+0000][75][info ][safepoint   ] Safepoint "Cleanup", Time since last: 1000524943 ns, Reaching safepoint: 17964 ns, Cleanup: 13205 ns, At safepoint: 8142 ns, Total: 39311 ns
[2025-05-26T02:38:34.309+0000][75][info ][safepoint   ] Safepoint "Cleanup", Time since last: 2011235484 ns, Reaching safepoint: 32263 ns, Cleanup: 21700 ns, At safepoint: 17346 ns, Total: 71309 ns
[2025-05-26T02:38:35.311+0000][75][info ][safepoint   ] Safepoint "Cleanup", Time since last: 1002030367 ns, Reaching safepoint: 17854 ns, Cleanup: 46326 ns, At safepoint: 8148 ns, Total: 72328 ns
[2025-05-26T02:38:37.312+0000][75][info ][safepoint   ] Safepoint "Cleanup", Time since last: 2000895786 ns, Reaching safepoint: 16073 ns, Cleanup: 14924 ns, At safepoint: 7209 ns, Total: 38206 ns
[2025-05-26T02:38:38.313+0000][75][info ][safepoint   ] Safepoint "Cleanup", Time since last: 1000427085 ns, Reaching safepoint: 16835 ns, Cleanup: 11469 ns, At safepoint: 7260 ns, Total: 35564 ns
[2025-05-26T02:38:40.314+0000][75][info ][safepoint   ] Safepoint "Cleanup", Time since last: 2000894565 ns, Reaching safepoint: 17538 ns, Cleanup: 14928 ns, At safepoint: 7606 ns, Total: 40072 ns
[2025-05-26T02:38:42.314+0000][75][info ][safepoint   ] Safepoint "Cleanup", Time since last: 2000696140 ns, Reaching safepoint: 16641 ns, Cleanup: 12232 ns, At safepoint: 7173 ns, Total: 36046 ns
[2025-05-26T02:38:43.313+0000][75][info ][safepoint   ] Safepoint "Cleanup", Time since last: 1000580261 ns, Reaching safepoint: 17658 ns, Cleanup: 17624 ns, At safepoint: 7521 ns, Total: 42803 ns
[2025-05-26T02:38:45.314+0000][75][info ][safepoint   ] Safepoint "Cleanup", Time since last: 2000719728 ns, Reaching safepoint: 70121 ns, Cleanup: 18408 ns, At safepoint: 29671 ns, Total: 118200 ns
[2025-05-26T02:38:46.315+0000][75][info ][safepoint   ] Safepoint "Cleanup", Time since last: 1001513895 ns, Reaching safepoint: 18271 ns, Cleanup: 16001 ns, At safepoint: 8090 ns, Total: 42362 ns
[2025-05-26T02:38:47.316+0000][75][info ][safepoint   ] Safepoint "Cleanup", Time since last: 1000544697 ns, Reaching safepoint: 19318 ns, Cleanup: 13387 ns, At safepoint: 7974 ns, Total: 40679 ns
[2025-05-26T02:38:48.316+0000][75][info ][safepoint   ] Safepoint "Cleanup", Time since last: 1000662441 ns, Reaching safepoint: 17307 ns, Cleanup: 12192 ns, At safepoint: 7316 ns, Total: 36815 ns
[2025-05-26T02:38:49.317+0000][75][info ][safepoint   ] Safepoint "Cleanup", Time since last: 1000569693 ns, Reaching safepoint: 30596 ns, Cleanup: 17752 ns, At safepoint: 15977 ns, Total: 64325 ns
[2025-05-26T02:38:51.318+0000][75][info ][safepoint   ] Safepoint "Cleanup", Time since last: 2000797446 ns, Reaching safepoint: 16016 ns, Cleanup: 15706 ns, At safepoint: 7207 ns, Total: 38929 ns
[2025-05-26T02:38:52.465+0000][75][info ][safepoint   ] Safepoint "Cleanup", Time since last: 1147138018 ns, Reaching safepoint: 17864 ns, Cleanup: 23094 ns, At safepoint: 8035 ns, Total: 48993 ns
[2025-05-26T02:38:55.466+0000][75][info ][safepoint   ] Safepoint "Cleanup", Time since last: 3001257989 ns, Reaching safepoint: 17319 ns, Cleanup: 32401 ns, At safepoint: 8557 ns, Total: 58277 ns
[2025-05-26T02:38:58.288+0000][75][info ][safepoint   ] Safepoint "Cleanup", Time since last: 2821200301 ns, Reaching safepoint: 5386 ns, Cleanup: 12422 ns, At safepoint: 26589 ns, Total: 44397 ns
[2025-05-26T02:38:59.293+0000][75][info ][safepoint   ] Safepoint "Cleanup", Time since last: 1005485172 ns, Reaching safepoint: 18817 ns, Cleanup: 24399 ns, At safepoint: 7768 ns, Total: 50984 ns
[2025-05-26T02:39:00.294+0000][75][info ][safepoint   ] Safepoint "Cleanup", Time since last: 1000474265 ns, Reaching safepoint: 17061 ns, Cleanup: 18215 ns, At safepoint: 7237 ns, Total: 42513 ns
[2025-05-26T02:39:01.294+0000][75][info ][safepoint   ] Safepoint "Cleanup", Time since last: 1000629343 ns, Reaching safepoint: 15110 ns, Cleanup: 20258 ns, At safepoint: 6460 ns, Total: 41828 ns
[2025-05-26T02:39:02.305+0000][75][info ][safepoint   ] Safepoint "Cleanup", Time since last: 1011031723 ns, Reaching safepoint: 16739 ns, Cleanup: 27964 ns, At safepoint: 7158 ns, Total: 51861 ns
[2025-05-26T02:39:03.320+0000][75][info ][safepoint   ] Safepoint "Cleanup", Time since last: 1015018181 ns, Reaching safepoint: 16044 ns, Cleanup: 16388 ns, At safepoint: 7818 ns, Total: 40250 ns
[2025-05-26T02:39:05.322+0000][75][info ][safepoint   ] Safepoint "Cleanup", Time since last: 2001534423 ns, Reaching safepoint: 16938 ns, Cleanup: 16003 ns, At safepoint: 6681 ns, Total: 39622 ns
[2025-05-26T02:39:07.323+0000][75][info ][safepoint   ] Safepoint "Cleanup", Time since last: 2000899529 ns, Reaching safepoint: 18303 ns, Cleanup: 13227 ns, At safepoint: 7439 ns, Total: 38969 ns
[2025-05-26T02:39:08.324+0000][75][info ][safepoint   ] Safepoint "Cleanup", Time since last: 1000818478 ns, Reaching safepoint: 31140 ns, Cleanup: 14918 ns, At safepoint: 15899 ns, Total: 61957 ns
[2025-05-26T02:39:10.375+0000][75][info ][safepoint   ] Safepoint "Cleanup", Time since last: 2050647374 ns, Reaching safepoint: 17783 ns, Cleanup: 16445 ns, At safepoint: 6819 ns, Total: 41047 ns
[2025-05-26T02:39:11.375+0000][75][info ][safepoint   ] Safepoint "Cleanup", Time since last: 1000575727 ns, Reaching safepoint: 25471 ns, Cleanup: 21469 ns, At safepoint: 8219 ns, Total: 55159 ns
[2025-05-26T02:39:14.345+0000][75][info ][safepoint   ] Safepoint "Cleanup", Time since last: 3034006493 ns, Reaching safepoint: 105479 ns, Cleanup: 20148 ns, At safepoint: 7958 ns, Total: 133585 ns
[2025-05-26T02:39:15.346+0000][75][info ][safepoint   ] Safepoint "Cleanup", Time since last: 1000711466 ns, Reaching safepoint: 16880 ns, Cleanup: 13303 ns, At safepoint: 6903 ns, Total: 37086 ns
[2025-05-26T02:39:17.347+0000][75][info ][safepoint   ] Safepoint "Cleanup", Time since last: 2000758941 ns, Reaching safepoint: 37382 ns, Cleanup: 21726 ns, At safepoint: 7240 ns, Total: 66348 ns
[2025-05-26T02:39:18.347+0000][75][info ][safepoint   ] Safepoint "Cleanup", Time since last: 1000498833 ns, Reaching safepoint: 15374 ns, Cleanup: 12703 ns, At safepoint: 6407 ns, Total: 34484 ns
[2025-05-26T02:39:20.351+0000][75][info ][safepoint   ] Safepoint "Cleanup", Time since last: 2003702607 ns, Reaching safepoint: 38159 ns, Cleanup: 38821 ns, At safepoint: 20056 ns, Total: 97036 ns
[2025-05-26T02:39:21.352+0000][75][info ][safepoint   ] Safepoint "Cleanup", Time since last: 1000773538 ns, Reaching safepoint: 21424 ns, Cleanup: 14184 ns, At safepoint: 7197 ns, Total: 42805 ns
[2025-05-26T02:39:22.360+0000][75][info ][safepoint   ] Safepoint "Cleanup", Time since last: 1008000274 ns, Reaching safepoint: 15502 ns, Cleanup: 12323 ns, At safepoint: 7073 ns, Total: 34898 ns
[2025-05-26T02:39:23.361+0000][75][info ][safepoint   ] Safepoint "Cleanup", Time since last: 1001053110 ns, Reaching safepoint: 16999 ns, Cleanup: 22558 ns, At safepoint: 7201 ns, Total: 46758 ns
[2025-05-26T02:39:25.362+0000][75][info ][safepoint   ] Safepoint "Cleanup", Time since last: 2001091694 ns, Reaching safepoint: 15133 ns, Cleanup: 20662 ns, At safepoint: 7218 ns, Total: 43013 ns
[2025-05-26T02:39:26.363+0000][75][info ][safepoint   ] Safepoint "Cleanup", Time since last: 1000645409 ns, Reaching safepoint: 15545 ns, Cleanup: 15058 ns, At safepoint: 6814 ns, Total: 37417 ns
[2025-05-26T02:39:27.364+0000][75][info ][safepoint   ] Safepoint "Cleanup", Time since last: 1000703081 ns, Reaching safepoint: 17523 ns, Cleanup: 12061 ns, At safepoint: 8058 ns, Total: 37642 ns
[2025-05-26T02:39:29.364+0000][75][info ][safepoint   ] Safepoint "Cleanup", Time since last: 2000634714 ns, Reaching safepoint: 17159 ns, Cleanup: 11374 ns, At safepoint: 7664 ns, Total: 36197 ns
[2025-05-26T02:39:30.365+0000][75][info ][safepoint   ] Safepoint "Cleanup", Time since last: 1000587245 ns, Reaching safepoint: 19293 ns, Cleanup: 20294 ns, At safepoint: 8027 ns, Total: 47614 ns
[2025-05-26T02:39:31.366+0000][75][info ][safepoint   ] Safepoint "Cleanup", Time since last: 1000595420 ns, Reaching safepoint: 38884 ns, Cleanup: 11747 ns, At safepoint: 8179 ns, Total: 58810 ns
[2025-05-26T02:39:32.366+0000][75][info ][safepoint   ] Safepoint "Cleanup", Time since last: 1000868187 ns, Reaching safepoint: 17516 ns, Cleanup: 14985 ns, At safepoint: 6629 ns, Total: 39130 ns
[2025-05-26T02:39:33.367+0000][75][info ][safepoint   ] Safepoint "Cleanup", Time since last: 1000593211 ns, Reaching safepoint: 16233 ns, Cleanup: 11232 ns, At safepoint: 7895 ns, Total: 35360 ns
[2025-05-26T02:39:35.368+0000][75][info ][safepoint   ] Safepoint "Cleanup", Time since last: 2000784975 ns, Reaching safepoint: 18235 ns, Cleanup: 14548 ns, At safepoint: 6905 ns, Total: 39688 ns
[2025-05-26T02:39:38.369+0000][75][info ][safepoint   ] Safepoint "Cleanup", Time since last: 3000850773 ns, Reaching safepoint: 17764 ns, Cleanup: 14496 ns, At safepoint: 7666 ns, Total: 39926 ns
[2025-05-26T02:39:40.370+0000][75][info ][safepoint   ] Safepoint "Cleanup", Time since last: 2000915936 ns, Reaching safepoint: 16910 ns, Cleanup: 51678 ns, At safepoint: 9224 ns, Total: 77812 ns
[2025-05-26T02:39:41.370+0000][75][info ][safepoint   ] Safepoint "Cleanup", Time since last: 1000621515 ns, Reaching safepoint: 27988 ns, Cleanup: 15028 ns, At safepoint: 7161 ns, Total: 50177 ns
[2025-05-26T02:39:42.371+0000][75][info ][safepoint   ] Safepoint "Cleanup", Time since last: 1000659789 ns, Reaching safepoint: 16170 ns, Cleanup: 14426 ns, At safepoint: 6650 ns, Total: 37246 ns
[2025-05-26T02:39:43.431+0000][75][info ][safepoint   ] Safepoint "Cleanup", Time since last: 1000658153 ns, Reaching safepoint: 17035 ns, Cleanup: 10939 ns, At safepoint: 7473 ns, Total: 35447 ns
[2025-05-26T02:39:45.432+0000][75][info ][safepoint   ] Safepoint "Cleanup", Time since last: 2000629742 ns, Reaching safepoint: 16083 ns, Cleanup: 15693 ns, At safepoint: 7951 ns, Total: 39727 ns
[2025-05-26T02:39:46.433+0000][75][info ][safepoint   ] Safepoint "Cleanup", Time since last: 1000836114 ns, Reaching safepoint: 16307 ns, Cleanup: 12342 ns, At safepoint: 7757 ns, Total: 36406 ns
[2025-05-26T02:39:47.433+0000][75][info ][safepoint   ] Safepoint "Cleanup", Time since last: 1000596365 ns, Reaching safepoint: 36828 ns, Cleanup: 19488 ns, At safepoint: 8200 ns, Total: 64516 ns
[2025-05-26T02:39:48.434+0000][75][info ][safepoint   ] Safepoint "Cleanup", Time since last: 1000696404 ns, Reaching safepoint: 16932 ns, Cleanup: 19935 ns, At safepoint: 8219 ns, Total: 45086 ns
[2025-05-26T02:39:50.435+0000][75][info ][safepoint   ] Safepoint "Cleanup", Time since last: 2000721778 ns, Reaching safepoint: 17590 ns, Cleanup: 20621 ns, At safepoint: 7059 ns, Total: 45270 ns
[2025-05-26T02:39:51.436+0000][75][info ][safepoint   ] Safepoint "Cleanup", Time since last: 1000577155 ns, Reaching safepoint: 16721 ns, Cleanup: 15349 ns, At safepoint: 8646 ns, Total: 40716 ns
[2025-05-26T02:39:53.655+0000][75][info ][safepoint   ] Safepoint "Cleanup", Time since last: 2219708601 ns, Reaching safepoint: 18481 ns, Cleanup: 14204 ns, At safepoint: 7284 ns, Total: 39969 ns
[2025-05-26T02:39:54.656+0000][75][info ][safepoint   ] Safepoint "Cleanup", Time since last: 1000514861 ns, Reaching safepoint: 20586 ns, Cleanup: 29681 ns, At safepoint: 8614 ns, Total: 58881 ns
[2025-05-26T02:39:55.657+0000][75][info ][safepoint   ] Safepoint "Cleanup", Time since last: 1000523798 ns, Reaching safepoint: 27969 ns, Cleanup: 18506 ns, At safepoint: 11260 ns, Total: 57735 ns
[2025-05-26T02:39:59.658+0000][75][info ][safepoint   ] Safepoint "Cleanup", Time since last: 4001099284 ns, Reaching safepoint: 58844 ns, Cleanup: 19302 ns, At safepoint: 9050 ns, Total: 87196 ns
[2025-05-26T02:40:00.659+0000][75][info ][safepoint   ] Safepoint "Cleanup", Time since last: 1000851602 ns, Reaching safepoint: 75868 ns, Cleanup: 17423 ns, At safepoint: 10445 ns, Total: 103736 ns
[2025-05-26T02:40:01.776+0000][75][info ][safepoint   ] Safepoint "Cleanup", Time since last: 1117313367 ns, Reaching safepoint: 118132 ns, Cleanup: 11752 ns, At safepoint: 23389 ns, Total: 153273 ns
[2025-05-26T02:40:03.348+0000][75][info ][safepoint   ] Safepoint "Cleanup", Time since last: 1572077922 ns, Reaching safepoint: 18970 ns, Cleanup: 32884 ns, At safepoint: 7246 ns, Total: 59100 ns
[2025-05-26T02:40:05.349+0000][75][info ][safepoint   ] Safepoint "Cleanup", Time since last: 2000824121 ns, Reaching safepoint: 156297 ns, Cleanup: 10236 ns, At safepoint: 41342 ns, Total: 207875 ns
[2025-05-26T02:40:07.350+0000][75][info ][safepoint   ] Safepoint "Cleanup", Time since last: 2000652196 ns, Reaching safepoint: 15612 ns, Cleanup: 11003 ns, At safepoint: 20992 ns, Total: 47607 ns
[2025-05-26T02:40:08.351+0000][75][info ][safepoint   ] Safepoint "Cleanup", Time since last: 1000935801 ns, Reaching safepoint: 15418 ns, Cleanup: 12776 ns, At safepoint: 6914 ns, Total: 35108 ns
[2025-05-26T02:40:10.352+0000][75][info ][safepoint   ] Safepoint "Cleanup", Time since last: 2000554933 ns, Reaching safepoint: 16337 ns, Cleanup: 24042 ns, At safepoint: 7367 ns, Total: 47746 ns
[2025-05-26T02:40:11.352+0000][75][info ][safepoint   ] Safepoint "Cleanup", Time since last: 1000561666 ns, Reaching safepoint: 16407 ns, Cleanup: 13312 ns, At safepoint: 6483 ns, Total: 36202 ns
[2025-05-26T02:40:15.351+0000][75][info ][safepoint   ] Safepoint "Cleanup", Time since last: 4000906235 ns, Reaching safepoint: 17204 ns, Cleanup: 13190 ns, At safepoint: 6533 ns, Total: 36927 ns
[2025-05-26T02:40:17.351+0000][75][info ][safepoint   ] Safepoint "Cleanup", Time since last: 2000476013 ns, Reaching safepoint: 34165 ns, Cleanup: 15103 ns, At safepoint: 7610 ns, Total: 56878 ns
[2025-05-26T02:40:18.353+0000][75][info ][safepoint   ] Safepoint "Cleanup", Time since last: 1001452191 ns, Reaching safepoint: 17278 ns, Cleanup: 20466 ns, At safepoint: 6865 ns, Total: 44609 ns
[2025-05-26T02:40:20.355+0000][75][info ][safepoint   ] Safepoint "Cleanup", Time since last: 2002293672 ns, Reaching safepoint: 35851 ns, Cleanup: 29390 ns, At safepoint: 8179 ns, Total: 73420 ns
[2025-05-26T02:40:21.356+0000][75][info ][safepoint   ] Safepoint "Cleanup", Time since last: 1000730540 ns, Reaching safepoint: 16845 ns, Cleanup: 10946 ns, At safepoint: 6843 ns, Total: 34634 ns
[2025-05-26T02:40:25.363+0000][75][info ][safepoint   ] Safepoint "Cleanup", Time since last: 4007068142 ns, Reaching safepoint: 31375 ns, Cleanup: 21552 ns, At safepoint: 17375 ns, Total: 70302 ns
[2025-05-26T02:40:26.365+0000][75][info ][safepoint   ] Safepoint "Cleanup", Time since last: 1002098870 ns, Reaching safepoint: 19155 ns, Cleanup: 18538 ns, At safepoint: 9413 ns, Total: 47106 ns
[2025-05-26T02:40:27.366+0000][75][info ][safepoint   ] Safepoint "Cleanup", Time since last: 1000822390 ns, Reaching safepoint: 19793 ns, Cleanup: 12606 ns, At safepoint: 7843 ns, Total: 40242 ns
[2025-05-26T02:40:29.367+0000][75][info ][safepoint   ] Safepoint "Cleanup", Time since last: 2000842577 ns, Reaching safepoint: 17489 ns, Cleanup: 14137 ns, At safepoint: 7243 ns, Total: 38869 ns
[2025-05-26T02:40:30.368+0000][75][info ][safepoint   ] Safepoint "Cleanup", Time since last: 1000749440 ns, Reaching safepoint: 32828 ns, Cleanup: 21380 ns, At safepoint: 9874 ns, Total: 64082 ns
[2025-05-26T02:40:31.369+0000][75][info ][safepoint   ] Safepoint "Cleanup", Time since last: 1001020753 ns, Reaching safepoint: 17230 ns, Cleanup: 28531 ns, At safepoint: 7450 ns, Total: 53211 ns
[2025-05-26T02:40:32.369+0000][75][info ][safepoint   ] Safepoint "Cleanup", Time since last: 1000522856 ns, Reaching safepoint: 17255 ns, Cleanup: 11597 ns, At safepoint: 8330 ns, Total: 37182 ns
[2025-05-26T02:40:35.371+0000][75][info ][safepoint   ] Safepoint "Cleanup", Time since last: 3001248317 ns, Reaching safepoint: 39128 ns, Cleanup: 15002 ns, At safepoint: 6807 ns, Total: 60937 ns
[2025-05-26T02:40:39.668+0000][75][info ][gc,start    ] GC(14) Pause Young (Concurrent Start) (CodeCache GC Threshold)
[2025-05-26T02:40:39.669+0000][75][info ][gc,task     ] GC(14) Using 10 workers of 10 for evacuation
[2025-05-26T02:40:39.670+0000][75][debug][gc,age      ] GC(14) Desired survivor size 41943040 bytes, new threshold 1 (max threshold 15)
[2025-05-26T02:40:47.633+0000][75][info ][gc,mmu      ] GC(14) MMU target violated: 201.0ms (200.0ms/201.0ms)
[2025-05-26T02:40:47.634+0000][75][info ][gc,phases   ] GC(14)   Pre Evacuate Collection Set: 1212.03ms
[2025-05-26T02:40:47.634+0000][75][info ][gc,phases   ] GC(14)   Merge Heap Roots: 0.32ms
[2025-05-26T02:40:47.634+0000][75][info ][gc,phases   ] GC(14)   Evacuate Collection Set: 6750.00ms
[2025-05-26T02:40:47.634+0000][75][info ][gc,phases   ] GC(14)   Post Evacuate Collection Set: 3.01ms
[2025-05-26T02:40:47.635+0000][75][info ][gc,phases   ] GC(14)   Other: 2.04ms
[2025-05-26T02:40:47.635+0000][75][trace][gc,age      ] GC(14) Age table with threshold 1 (max threshold 15)
[2025-05-26T02:40:47.635+0000][75][trace][gc,age      ] GC(14) - age   1:    2417432 bytes,    2417432 total
[2025-05-26T02:40:47.636+0000][75][info ][gc,heap     ] GC(14) Eden regions: 89->0(45)
[2025-05-26T02:40:47.636+0000][75][info ][gc,heap     ] GC(14) Survivor regions: 25->3(20)
[2025-05-26T02:40:47.636+0000][75][info ][gc,heap     ] GC(14) Old regions: 3->26
[2025-05-26T02:40:47.637+0000][75][info ][gc,heap     ] GC(14) Humongous regions: 0->0
[2025-05-26T02:40:47.637+0000][75][info ][gc,metaspace] GC(14) Metaspace: 140872K(144704K)->140872K(144704K) NonClass: 121335K(123392K)->121335K(123392K) Class: 19536K(21312K)->19536K(21312K)
[2025-05-26T02:40:47.638+0000][75][info ][gc          ] GC(14) Pause Young (Concurrent Start) (CodeCache GC Threshold) 464M->115M(3880M) 7972.310ms
[2025-05-26T02:40:47.638+0000][75][info ][gc,cpu      ] GC(14) User=0.71s Sys=0.28s Real=7.98s
[2025-05-26T02:40:47.638+0000][75][info ][gc          ] GC(15) Concurrent Mark Cycle
[2025-05-26T02:40:47.639+0000][75][info ][safepoint   ] Safepoint "G1TryInitiateConcMark", Time since last: 4296207295 ns, Reaching safepoint: 31968 ns, Cleanup: 13000 ns, At safepoint: 7974499067 ns, Total: 7974544035 ns
[2025-05-26T02:40:47.639+0000][75][info ][gc,marking  ] GC(15) Concurrent Scan Root Regions
[2025-05-26T02:40:47.660+0000][75][info ][gc,marking  ] GC(15) Concurrent Scan Root Regions 21.336ms
[2025-05-26T02:40:47.661+0000][75][info ][gc,marking  ] GC(15) Concurrent Mark
[2025-05-26T02:40:47.661+0000][75][info ][gc,marking  ] GC(15) Concurrent Mark From Roots
[2025-05-26T02:40:47.662+0000][75][info ][gc,task     ] GC(15) Using 3 workers of 3 for marking
[2025-05-26T02:40:47.670+0000][75][info ][gc,marking  ] GC(15) Concurrent Mark From Roots 8.463ms
[2025-05-26T02:40:47.670+0000][75][info ][gc,marking  ] GC(15) Concurrent Preclean
[2025-05-26T02:40:47.671+0000][75][info ][gc,marking  ] GC(15) Concurrent Preclean 0.582ms
[2025-05-26T02:40:47.671+0000][75][info ][gc,start    ] GC(15) Pause Remark
[2025-05-26T02:40:47.687+0000][75][info ][gc          ] GC(15) Pause Remark 129M->129M(3880M) 15.965ms
[2025-05-26T02:40:47.688+0000][75][info ][gc,cpu      ] GC(15) User=0.08s Sys=0.00s Real=0.02s
[2025-05-26T02:40:47.688+0000][75][info ][safepoint   ] Safepoint "G1PauseRemark", Time since last: 32553575 ns, Reaching safepoint: 29694 ns, Cleanup: 36963 ns, At safepoint: 16784600 ns, Total: 16851257 ns
[2025-05-26T02:40:47.688+0000][75][info ][gc,marking  ] GC(15) Concurrent Mark 27.487ms
[2025-05-26T02:40:47.689+0000][75][info ][gc,marking  ] GC(15) Concurrent Rebuild Remembered Sets and Scrub Regions
[2025-05-26T02:40:47.695+0000][75][info ][gc,marking  ] GC(15) Concurrent Rebuild Remembered Sets and Scrub Regions 6.897ms
[2025-05-26T02:40:47.696+0000][75][info ][gc,start    ] GC(15) Pause Cleanup
[2025-05-26T02:40:47.696+0000][75][info ][gc          ] GC(15) Pause Cleanup 130M->130M(3880M) 0.379ms
[2025-05-26T02:40:47.697+0000][75][info ][gc,cpu      ] GC(15) User=0.00s Sys=0.00s Real=0.00s
[2025-05-26T02:40:47.697+0000][75][info ][safepoint   ] Safepoint "G1PauseCleanup", Time since last: 7795358 ns, Reaching safepoint: 20027 ns, Cleanup: 60160 ns, At safepoint: 1008317 ns, Total: 1088504 ns
[2025-05-26T02:40:47.697+0000][75][info ][gc,marking  ] GC(15) Concurrent Clear Claimed Marks
[2025-05-26T02:40:47.698+0000][75][info ][gc,marking  ] GC(15) Concurrent Clear Claimed Marks 0.624ms
[2025-05-26T02:40:47.698+0000][75][info ][gc,marking  ] GC(15) Concurrent Cleanup for Next Mark
[2025-05-26T02:40:47.739+0000][75][info ][gc,marking  ] GC(15) Concurrent Cleanup for Next Mark 40.978ms
[2025-05-26T02:40:47.740+0000][75][info ][gc          ] GC(15) Concurrent Mark Cycle 101.525ms
[2025-05-26T02:40:48.698+0000][75][info ][safepoint   ] Safepoint "Cleanup", Time since last: 1000411172 ns, Reaching safepoint: 63261 ns, Cleanup: 16508 ns, At safepoint: 8069 ns, Total: 87838 ns
[2025-05-26T02:40:49.700+0000][75][info ][safepoint   ] Safepoint "Cleanup", Time since last: 1002215832 ns, Reaching safepoint: 25304 ns, Cleanup: 12809 ns, At safepoint: 8382 ns, Total: 46495 ns
[2025-05-26T02:40:50.701+0000][75][info ][safepoint   ] Safepoint "Cleanup", Time since last: 1000670299 ns, Reaching safepoint: 83733 ns, Cleanup: 14082 ns, At safepoint: 12278 ns, Total: 110093 ns
[2025-05-26T02:40:53.684+0000][75][info ][safepoint   ] Safepoint "Cleanup", Time since last: 2983878771 ns, Reaching safepoint: 18879 ns, Cleanup: 12282 ns, At safepoint: 9001 ns, Total: 40162 ns
[2025-05-26T02:40:54.685+0000][75][info ][safepoint   ] Safepoint "Cleanup", Time since last: 1000691514 ns, Reaching safepoint: 15013 ns, Cleanup: 45486 ns, At safepoint: 6200 ns, Total: 66699 ns
[2025-05-26T02:40:58.686+0000][75][info ][safepoint   ] Safepoint "Cleanup", Time since last: 4000951949 ns, Reaching safepoint: 16464 ns, Cleanup: 13443 ns, At safepoint: 8212 ns, Total: 38119 ns
[2025-05-26T02:40:59.687+0000][75][info ][safepoint   ] Safepoint "Cleanup", Time since last: 1000627729 ns, Reaching safepoint: 17696 ns, Cleanup: 21022 ns, At safepoint: 8095 ns, Total: 46813 ns
[2025-05-26T02:41:02.689+0000][75][info ][safepoint   ] Safepoint "Cleanup", Time since last: 3001556623 ns, Reaching safepoint: 31549 ns, Cleanup: 65152 ns, At safepoint: 47853 ns, Total: 144554 ns
[2025-05-26T02:41:04.689+0000][75][info ][safepoint   ] Safepoint "Cleanup", Time since last: 2000828852 ns, Reaching safepoint: 18859 ns, Cleanup: 21906 ns, At safepoint: 7471 ns, Total: 48236 ns
[2025-05-26T02:41:05.924+0000][75][info ][safepoint   ] Safepoint "Cleanup", Time since last: 1234299134 ns, Reaching safepoint: 6296 ns, Cleanup: 8448 ns, At safepoint: 11142 ns, Total: 25886 ns
[2025-05-26T02:41:06.931+0000][75][info ][safepoint   ] Safepoint "Cleanup", Time since last: 1007315724 ns, Reaching safepoint: 17505 ns, Cleanup: 18848 ns, At safepoint: 7422 ns, Total: 43775 ns
[2025-05-26T02:41:08.082+0000][75][info ][safepoint   ] Safepoint "Cleanup", Time since last: 1150742441 ns, Reaching safepoint: 18398 ns, Cleanup: 12269 ns, At safepoint: 7872 ns, Total: 38539 ns
[2025-05-26T02:41:09.133+0000][75][info ][safepoint   ] Safepoint "Cleanup", Time since last: 1050540925 ns, Reaching safepoint: 17542 ns, Cleanup: 22940 ns, At safepoint: 9337 ns, Total: 49819 ns
[2025-05-26T02:41:10.133+0000][75][info ][safepoint   ] Safepoint "Cleanup", Time since last: 1000785868 ns, Reaching safepoint: 30775 ns, Cleanup: 27641 ns, At safepoint: 16368 ns, Total: 74784 ns
[2025-05-26T02:41:11.180+0000][75][info ][safepoint   ] Safepoint "Cleanup", Time since last: 1046407093 ns, Reaching safepoint: 18030 ns, Cleanup: 23810 ns, At safepoint: 6399 ns, Total: 48239 ns
[2025-05-26T02:41:13.179+0000][75][info ][safepoint   ] Safepoint "Cleanup", Time since last: 2000988200 ns, Reaching safepoint: 24411 ns, Cleanup: 12767 ns, At safepoint: 7917 ns, Total: 45095 ns
[2025-05-26T02:41:15.180+0000][75][info ][safepoint   ] Safepoint "Cleanup", Time since last: 2000760451 ns, Reaching safepoint: 17749 ns, Cleanup: 13016 ns, At safepoint: 6331 ns, Total: 37096 ns
[2025-05-26T02:41:16.180+0000][75][info ][safepoint   ] Safepoint "Cleanup", Time since last: 1000621234 ns, Reaching safepoint: 15711 ns, Cleanup: 17101 ns, At safepoint: 6832 ns, Total: 39644 ns
[2025-05-26T02:41:17.181+0000][75][info ][safepoint   ] Safepoint "Cleanup", Time since last: 1000517770 ns, Reaching safepoint: 16411 ns, Cleanup: 10712 ns, At safepoint: 6752 ns, Total: 33875 ns
[2025-05-26T02:41:18.182+0000][75][info ][safepoint   ] Safepoint "Cleanup", Time since last: 1000964058 ns, Reaching safepoint: 17897 ns, Cleanup: 12352 ns, At safepoint: 8683 ns, Total: 38932 ns
[2025-05-26T02:41:19.183+0000][75][info ][safepoint   ] Safepoint "Cleanup", Time since last: 1000711640 ns, Reaching safepoint: 38938 ns, Cleanup: 13467 ns, At safepoint: 8593 ns, Total: 60998 ns
[2025-05-26T02:41:22.184+0000][75][info ][safepoint   ] Safepoint "Cleanup", Time since last: 3001150810 ns, Reaching safepoint: 20365 ns, Cleanup: 14082 ns, At safepoint: 8611 ns, Total: 43058 ns
[2025-05-26T02:41:24.186+0000][75][info ][safepoint   ] Safepoint "Cleanup", Time since last: 2001753735 ns, Reaching safepoint: 27713 ns, Cleanup: 12850 ns, At safepoint: 6650 ns, Total: 47213 ns
[2025-05-26T02:41:25.186+0000][75][info ][safepoint   ] Safepoint "Cleanup", Time since last: 1000751852 ns, Reaching safepoint: 32959 ns, Cleanup: 26719 ns, At safepoint: 16360 ns, Total: 76038 ns
[2025-05-26T02:41:27.187+0000][75][info ][safepoint   ] Safepoint "Cleanup", Time since last: 2000762514 ns, Reaching safepoint: 25984 ns, Cleanup: 15866 ns, At safepoint: 8650 ns, Total: 50500 ns
[2025-05-26T02:41:28.189+0000][75][info ][safepoint   ] Safepoint "Cleanup", Time since last: 1001276283 ns, Reaching safepoint: 17563 ns, Cleanup: 16759 ns, At safepoint: 6015 ns, Total: 40337 ns
[2025-05-26T02:41:29.189+0000][75][info ][safepoint   ] Safepoint "Cleanup", Time since last: 1000297219 ns, Reaching safepoint: 113805 ns, Cleanup: 13068 ns, At safepoint: 37722 ns, Total: 164595 ns
[2025-05-26T02:41:30.190+0000][75][info ][safepoint   ] Safepoint "Cleanup", Time since last: 1000676466 ns, Reaching safepoint: 17523 ns, Cleanup: 35424 ns, At safepoint: 6634 ns, Total: 59581 ns
[2025-05-26T02:41:31.190+0000][75][info ][safepoint   ] Safepoint "Cleanup", Time since last: 1000535199 ns, Reaching safepoint: 15125 ns, Cleanup: 9460 ns, At safepoint: 5912 ns, Total: 30497 ns
[2025-05-26T02:41:33.192+0000][75][info ][safepoint   ] Safepoint "Cleanup", Time since last: 2002041254 ns, Reaching safepoint: 19810 ns, Cleanup: 41194 ns, At safepoint: 7200 ns, Total: 68204 ns
[2025-05-26T02:41:34.193+0000][75][info ][safepoint   ] Safepoint "Cleanup", Time since last: 1000553678 ns, Reaching safepoint: 42540 ns, Cleanup: 14893 ns, At safepoint: 8999 ns, Total: 66432 ns
[2025-05-26T02:41:35.194+0000][75][info ][safepoint   ] Safepoint "Cleanup", Time since last: 1000512009 ns, Reaching safepoint: 17817 ns, Cleanup: 13258 ns, At safepoint: 8847 ns, Total: 39922 ns
[2025-05-26T02:41:37.198+0000][75][info ][safepoint   ] Safepoint "Cleanup", Time since last: 2004228658 ns, Reaching safepoint: 16112 ns, Cleanup: 11402 ns, At safepoint: 7653 ns, Total: 35167 ns
[2025-05-26T02:41:38.199+0000][75][info ][safepoint   ] Safepoint "Cleanup", Time since last: 1000587206 ns, Reaching safepoint: 28642 ns, Cleanup: 19974 ns, At safepoint: 14779 ns, Total: 63395 ns
[2025-05-26T02:41:40.199+0000][75][info ][safepoint   ] Safepoint "Cleanup", Time since last: 2000808725 ns, Reaching safepoint: 16346 ns, Cleanup: 11874 ns, At safepoint: 7208 ns, Total: 35428 ns
[2025-05-26T02:41:45.198+0000][75][info ][safepoint   ] Safepoint "Cleanup", Time since last: 5001094241 ns, Reaching safepoint: 41895 ns, Cleanup: 13553 ns, At safepoint: 8918 ns, Total: 64366 ns
[2025-05-26T02:41:46.199+0000][75][info ][safepoint   ] Safepoint "Cleanup", Time since last: 1000764794 ns, Reaching safepoint: 16599 ns, Cleanup: 12755 ns, At safepoint: 7843 ns, Total: 37197 ns
[2025-05-26T02:41:47.199+0000][75][info ][safepoint   ] Safepoint "Cleanup", Time since last: 1000597103 ns, Reaching safepoint: 18581 ns, Cleanup: 12799 ns, At safepoint: 9207 ns, Total: 40587 ns
[2025-05-26T02:41:49.200+0000][75][info ][safepoint   ] Safepoint "Cleanup", Time since last: 2000693935 ns, Reaching safepoint: 17123 ns, Cleanup: 16242 ns, At safepoint: 8319 ns, Total: 41684 ns
[2025-05-26T02:41:50.201+0000][75][info ][safepoint   ] Safepoint "Cleanup", Time since last: 1000645843 ns, Reaching safepoint: 38000 ns, Cleanup: 13314 ns, At safepoint: 8223 ns, Total: 59537 ns
[2025-05-26T02:41:54.792+0000][75][info ][safepoint   ] Safepoint "Cleanup", Time since last: 4591478880 ns, Reaching safepoint: 16124 ns, Cleanup: 32788 ns, At safepoint: 6428 ns, Total: 55340 ns
[2025-05-26T02:41:55.793+0000][75][info ][safepoint   ] Safepoint "Cleanup", Time since last: 1001041054 ns, Reaching safepoint: 15769 ns, Cleanup: 11745 ns, At safepoint: 6741 ns, Total: 34255 ns
[2025-05-26T02:41:57.646+0000][75][info ][safepoint   ] Safepoint "Cleanup", Time since last: 1852935406 ns, Reaching safepoint: 5048 ns, Cleanup: 12213 ns, At safepoint: 2391 ns, Total: 19652 ns
[2025-05-26T02:41:59.202+0000][75][info ][safepoint   ] Safepoint "Cleanup", Time since last: 1555762811 ns, Reaching safepoint: 17976 ns, Cleanup: 57482 ns, At safepoint: 11548 ns, Total: 87006 ns
[2025-05-26T02:42:00.223+0000][75][info ][safepoint   ] Safepoint "Cleanup", Time since last: 1020389991 ns, Reaching safepoint: 40081 ns, Cleanup: 22654 ns, At safepoint: 7372 ns, Total: 70107 ns
[2025-05-26T02:42:01.224+0000][75][info ][safepoint   ] Safepoint "Cleanup", Time since last: 1000894257 ns, Reaching safepoint: 14541 ns, Cleanup: 12640 ns, At safepoint: 6657 ns, Total: 33838 ns
[2025-05-26T02:42:04.224+0000][75][info ][safepoint   ] Safepoint "Cleanup", Time since last: 3000863901 ns, Reaching safepoint: 18635 ns, Cleanup: 12091 ns, At safepoint: 7056 ns, Total: 37782 ns
[2025-05-26T02:42:05.226+0000][75][info ][safepoint   ] Safepoint "Cleanup", Time since last: 1001219585 ns, Reaching safepoint: 34461 ns, Cleanup: 15538 ns, At safepoint: 6902 ns, Total: 56901 ns
[2025-05-26T02:42:08.227+0000][75][info ][safepoint   ] Safepoint "Cleanup", Time since last: 3000958830 ns, Reaching safepoint: 30370 ns, Cleanup: 19002 ns, At safepoint: 17198 ns, Total: 66570 ns
[2025-05-26T02:42:09.664+0000][75][info ][safepoint   ] Safepoint "Cleanup", Time since last: 1436802804 ns, Reaching safepoint: 100778 ns, Cleanup: 13673 ns, At safepoint: 58706 ns, Total: 173157 ns
[2025-05-26T02:42:11.255+0000][75][info ][safepoint   ] Safepoint "Cleanup", Time since last: 1591370392 ns, Reaching safepoint: 6768 ns, Cleanup: 45200 ns, At safepoint: 13607 ns, Total: 65575 ns
[2025-05-26T02:42:12.291+0000][75][info ][safepoint   ] Safepoint "Cleanup", Time since last: 1035626332 ns, Reaching safepoint: 177278 ns, Cleanup: 21463 ns, At safepoint: 26405 ns, Total: 225146 ns
[2025-05-26T02:42:13.289+0000][75][info ][safepoint   ] Safepoint "Cleanup", Time since last: 1000592348 ns, Reaching safepoint: 25403 ns, Cleanup: 15764 ns, At safepoint: 10161 ns, Total: 51328 ns
[2025-05-26T02:42:15.290+0000][75][info ][safepoint   ] Safepoint "Cleanup", Time since last: 2001154132 ns, Reaching safepoint: 149672 ns, Cleanup: 30303 ns, At safepoint: 33612 ns, Total: 213587 ns
[2025-05-26T02:42:16.291+0000][75][info ][safepoint   ] Safepoint "Cleanup", Time since last: 1000754607 ns, Reaching safepoint: 64410 ns, Cleanup: 14672 ns, At safepoint: 9188 ns, Total: 88270 ns
[2025-05-26T02:42:18.294+0000][75][info ][safepoint   ] Safepoint "Cleanup", Time since last: 2003490996 ns, Reaching safepoint: 25607 ns, Cleanup: 22306 ns, At safepoint: 10064 ns, Total: 57977 ns
[2025-05-26T02:42:19.298+0000][75][info ][safepoint   ] Safepoint "Cleanup", Time since last: 1003904652 ns, Reaching safepoint: 65250 ns, Cleanup: 15327 ns, At safepoint: 12833 ns, Total: 93410 ns
[2025-05-26T02:42:20.302+0000][75][info ][safepoint   ] Safepoint "Cleanup", Time since last: 1003395143 ns, Reaching safepoint: 54542 ns, Cleanup: 18464 ns, At safepoint: 11441 ns, Total: 84447 ns
[2025-05-26T02:42:25.306+0000][75][info ][safepoint   ] Safepoint "Cleanup", Time since last: 5004275915 ns, Reaching safepoint: 17410 ns, Cleanup: 55136 ns, At safepoint: 9082 ns, Total: 81628 ns
[2025-05-26T02:42:27.307+0000][75][info ][safepoint   ] Safepoint "Cleanup", Time since last: 2000704171 ns, Reaching safepoint: 23316 ns, Cleanup: 13503 ns, At safepoint: 8952 ns, Total: 45771 ns
[2025-05-26T02:42:28.307+0000][75][info ][safepoint   ] Safepoint "Cleanup", Time since last: 1000505744 ns, Reaching safepoint: 18318 ns, Cleanup: 16684 ns, At safepoint: 8050 ns, Total: 43052 ns
[2025-05-26T02:42:29.308+0000][75][info ][safepoint   ] Safepoint "Cleanup", Time since last: 1000509689 ns, Reaching safepoint: 27798 ns, Cleanup: 16242 ns, At safepoint: 10762 ns, Total: 54802 ns
[2025-05-26T02:42:30.689+0000][75][info ][safepoint   ] Safepoint "Cleanup", Time since last: 1380913795 ns, Reaching safepoint: 27167 ns, Cleanup: 28865 ns, At safepoint: 10475 ns, Total: 66507 ns
[2025-05-26T02:42:31.690+0000][75][info ][safepoint   ] Safepoint "Cleanup", Time since last: 1000616323 ns, Reaching safepoint: 32072 ns, Cleanup: 16815 ns, At safepoint: 17594 ns, Total: 66481 ns
[2025-05-26T02:42:32.690+0000][75][info ][safepoint   ] Safepoint "Cleanup", Time since last: 1000646944 ns, Reaching safepoint: 22480 ns, Cleanup: 17258 ns, At safepoint: 9297 ns, Total: 49035 ns
[2025-05-26T02:42:33.691+0000][75][info ][safepoint   ] Safepoint "Cleanup", Time since last: 1000581452 ns, Reaching safepoint: 27269 ns, Cleanup: 20269 ns, At safepoint: 10630 ns, Total: 58168 ns
[2025-05-26T02:42:34.694+0000][75][info ][safepoint   ] Safepoint "Cleanup", Time since last: 1002536338 ns, Reaching safepoint: 30285 ns, Cleanup: 20129 ns, At safepoint: 16044 ns, Total: 66458 ns
[2025-05-26T02:42:36.694+0000][75][info ][safepoint   ] Safepoint "Cleanup", Time since last: 2000749107 ns, Reaching safepoint: 74407 ns, Cleanup: 15715 ns, At safepoint: 16416 ns, Total: 106538 ns
[2025-05-26T02:42:39.695+0000][75][info ][safepoint   ] Safepoint "Cleanup", Time since last: 3000871487 ns, Reaching safepoint: 23386 ns, Cleanup: 73530 ns, At safepoint: 12991 ns, Total: 109907 ns
[2025-05-26T02:42:42.696+0000][75][info ][safepoint   ] Safepoint "Cleanup", Time since last: 3000859677 ns, Reaching safepoint: 26133 ns, Cleanup: 24622 ns, At safepoint: 10617 ns, Total: 61372 ns
[2025-05-26T02:42:44.697+0000][75][info ][safepoint   ] Safepoint "Cleanup", Time since last: 2002609520 ns, Reaching safepoint: 24564 ns, Cleanup: 19493 ns, At safepoint: 10172 ns, Total: 54229 ns
[2025-05-26T02:42:49.699+0000][75][info ][safepoint   ] Safepoint "Cleanup", Time since last: 5001747525 ns, Reaching safepoint: 65504 ns, Cleanup: 13480 ns, At safepoint: 8140 ns, Total: 87124 ns
[2025-05-26T02:42:51.700+0000][75][info ][safepoint   ] Safepoint "Cleanup", Time since last: 2000665914 ns, Reaching safepoint: 52182 ns, Cleanup: 15896 ns, At safepoint: 9880 ns, Total: 77958 ns
[2025-05-26T02:42:54.817+0000][75][info ][safepoint   ] Safepoint "Cleanup", Time since last: 3116742610 ns, Reaching safepoint: 216358 ns, Cleanup: 30329 ns, At safepoint: 18557 ns, Total: 265244 ns
[2025-05-26T02:42:58.818+0000][75][info ][safepoint   ] Safepoint "Cleanup", Time since last: 4001123901 ns, Reaching safepoint: 29787 ns, Cleanup: 15654 ns, At safepoint: 16768 ns, Total: 62209 ns
[2025-05-26T02:42:59.819+0000][75][info ][safepoint   ] Safepoint "Cleanup", Time since last: 1000751860 ns, Reaching safepoint: 30908 ns, Cleanup: 90990 ns, At safepoint: 22620 ns, Total: 144518 ns
[2025-05-26T02:43:00.819+0000][75][info ][safepoint   ] Safepoint "Cleanup", Time since last: 1000700391 ns, Reaching safepoint: 27077 ns, Cleanup: 19398 ns, At safepoint: 9582 ns, Total: 56057 ns
[2025-05-26T02:43:01.820+0000][75][info ][safepoint   ] Safepoint "Cleanup", Time since last: 1000707156 ns, Reaching safepoint: 30112 ns, Cleanup: 19676 ns, At safepoint: 16549 ns, Total: 66337 ns
[2025-05-26T02:43:06.825+0000][75][info ][safepoint   ] Safepoint "Cleanup", Time since last: 5004458406 ns, Reaching safepoint: 58009 ns, Cleanup: 19197 ns, At safepoint: 10653 ns, Total: 87859 ns
[2025-05-26T02:43:08.826+0000][75][info ][safepoint   ] Safepoint "Cleanup", Time since last: 2000852942 ns, Reaching safepoint: 40054 ns, Cleanup: 20284 ns, At safepoint: 19319 ns, Total: 79657 ns
[2025-05-26T02:43:09.828+0000][75][info ][safepoint   ] Safepoint "Cleanup", Time since last: 1002677887 ns, Reaching safepoint: 30198 ns, Cleanup: 18401 ns, At safepoint: 16348 ns, Total: 64947 ns
[2025-05-26T02:43:12.706+0000][75][info ][safepoint   ] Safepoint "Cleanup", Time since last: 2877200830 ns, Reaching safepoint: 472462 ns, Cleanup: 34565 ns, At safepoint: 309264 ns, Total: 816291 ns
[2025-05-26T02:43:14.313+0000][75][info ][safepoint   ] Safepoint "Cleanup", Time since last: 1608966238 ns, Reaching safepoint: 25552 ns, Cleanup: 32402 ns, At safepoint: 10711 ns, Total: 68665 ns
[2025-05-26T02:43:15.314+0000][75][info ][safepoint   ] Safepoint "Cleanup", Time since last: 1000609350 ns, Reaching safepoint: 17978 ns, Cleanup: 13470 ns, At safepoint: 8204 ns, Total: 39652 ns
[2025-05-26T02:43:16.314+0000][75][info ][safepoint   ] Safepoint "Cleanup", Time since last: 1000792085 ns, Reaching safepoint: 23209 ns, Cleanup: 28881 ns, At safepoint: 8806 ns, Total: 60896 ns
[2025-05-26T02:43:18.315+0000][75][info ][safepoint   ] Safepoint "Cleanup", Time since last: 2000764542 ns, Reaching safepoint: 82550 ns, Cleanup: 18205 ns, At safepoint: 12330 ns, Total: 113085 ns
[2025-05-26T02:43:19.318+0000][75][info ][safepoint   ] Safepoint "Cleanup", Time since last: 1002791850 ns, Reaching safepoint: 27723 ns, Cleanup: 18014 ns, At safepoint: 15228 ns, Total: 60965 ns
[2025-05-26T02:43:20.319+0000][75][info ][safepoint   ] Safepoint "Cleanup", Time since last: 1000637069 ns, Reaching safepoint: 29682 ns, Cleanup: 18343 ns, At safepoint: 16434 ns, Total: 64459 ns
[2025-05-26T02:43:25.320+0000][75][info ][safepoint   ] Safepoint "Cleanup", Time since last: 5001230398 ns, Reaching safepoint: 29346 ns, Cleanup: 16074 ns, At safepoint: 9799 ns, Total: 55219 ns
[2025-05-26T02:43:27.321+0000][75][info ][safepoint   ] Safepoint "Cleanup", Time since last: 2000704915 ns, Reaching safepoint: 24214 ns, Cleanup: 14844 ns, At safepoint: 10525 ns, Total: 49583 ns
[2025-05-26T02:43:28.321+0000][75][info ][safepoint   ] Safepoint "Cleanup", Time since last: 1000573382 ns, Reaching safepoint: 16999 ns, Cleanup: 24063 ns, At safepoint: 7928 ns, Total: 48990 ns
[2025-05-26T02:43:30.322+0000][75][info ][safepoint   ] Safepoint "Cleanup", Time since last: 2000679562 ns, Reaching safepoint: 19741 ns, Cleanup: 16683 ns, At safepoint: 8792 ns, Total: 45216 ns
[2025-05-26T02:43:31.323+0000][75][info ][safepoint   ] Safepoint "Cleanup", Time since last: 1000581404 ns, Reaching safepoint: 21058 ns, Cleanup: 31776 ns, At safepoint: 10334 ns, Total: 63168 ns
[2025-05-26T02:43:32.324+0000][75][info ][safepoint   ] Safepoint "Cleanup", Time since last: 1000848932 ns, Reaching safepoint: 24383 ns, Cleanup: 15261 ns, At safepoint: 10549 ns, Total: 50193 ns
[2025-05-26T02:43:35.325+0000][75][info ][safepoint   ] Safepoint "Cleanup", Time since last: 3001171070 ns, Reaching safepoint: 30747 ns, Cleanup: 15697 ns, At safepoint: 16487 ns, Total: 62931 ns
[2025-05-26T02:43:37.326+0000][75][info ][safepoint   ] Safepoint "Cleanup", Time since last: 2000799670 ns, Reaching safepoint: 77035 ns, Cleanup: 17680 ns, At safepoint: 19294 ns, Total: 114009 ns
[2025-05-26T02:43:40.327+0000][75][info ][safepoint   ] Safepoint "Cleanup", Time since last: 3001223922 ns, Reaching safepoint: 32294 ns, Cleanup: 24900 ns, At safepoint: 17329 ns, Total: 74523 ns
[2025-05-26T02:43:42.328+0000][75][info ][safepoint   ] Safepoint "Cleanup", Time since last: 2000960225 ns, Reaching safepoint: 32717 ns, Cleanup: 79800 ns, At safepoint: 23463 ns, Total: 135980 ns
[2025-05-26T02:43:43.327+0000][75][info ][safepoint   ] Safepoint "Cleanup", Time since last: 1001913417 ns, Reaching safepoint: 24620 ns, Cleanup: 23065 ns, At safepoint: 10663 ns, Total: 58348 ns
[2025-05-26T02:43:45.329+0000][75][info ][safepoint   ] Safepoint "Cleanup", Time since last: 2002041827 ns, Reaching safepoint: 24664 ns, Cleanup: 13934 ns, At safepoint: 9977 ns, Total: 48575 ns
[2025-05-26T02:43:50.331+0000][75][info ][safepoint   ] Safepoint "Cleanup", Time since last: 5001210772 ns, Reaching safepoint: 120146 ns, Cleanup: 21633 ns, At safepoint: 23020 ns, Total: 164799 ns
[2025-05-26T02:43:53.722+0000][75][info ][gc,start    ] GC(16) Pause Young (Normal) (G1 Evacuation Pause)
[2025-05-26T02:43:53.723+0000][75][info ][gc,task     ] GC(16) Using 10 workers of 10 for evacuation
[2025-05-26T02:43:53.723+0000][75][debug][gc,age      ] GC(16) Desired survivor size 12582912 bytes, new threshold 15 (max threshold 15)
[2025-05-26T02:43:53.730+0000][75][info ][gc,phases   ] GC(16)   Pre Evacuate Collection Set: 0.74ms
[2025-05-26T02:43:53.731+0000][75][info ][gc,phases   ] GC(16)   Merge Heap Roots: 0.72ms
[2025-05-26T02:43:53.733+0000][75][info ][gc,phases   ] GC(16)   Evacuate Collection Set: 4.25ms
[2025-05-26T02:43:53.734+0000][75][info ][gc,phases   ] GC(16)   Post Evacuate Collection Set: 1.21ms
[2025-05-26T02:43:53.735+0000][75][info ][gc,phases   ] GC(16)   Other: 0.81ms
[2025-05-26T02:43:53.735+0000][75][trace][gc,age      ] GC(16) Age table with threshold 15 (max threshold 15)
[2025-05-26T02:43:53.736+0000][75][trace][gc,age      ] GC(16) - age   1:    1434504 bytes,    1434504 total
[2025-05-26T02:43:53.737+0000][75][trace][gc,age      ] GC(16) - age   2:    1553888 bytes,    2988392 total
[2025-05-26T02:43:53.737+0000][75][info ][gc,heap     ] GC(16) Eden regions: 45->0(46)
[2025-05-26T02:43:53.737+0000][75][info ][gc,heap     ] GC(16) Survivor regions: 3->2(6)
[2025-05-26T02:43:53.738+0000][75][info ][gc,heap     ] GC(16) Old regions: 26->26
[2025-05-26T02:43:53.738+0000][75][info ][gc,heap     ] GC(16) Humongous regions: 0->0
[2025-05-26T02:43:53.738+0000][75][info ][gc,metaspace] GC(16) Metaspace: 141780K(145536K)->141780K(145536K) NonClass: 122205K(124224K)->122205K(124224K) Class: 19574K(21312K)->19574K(21312K)
[2025-05-26T02:43:53.738+0000][75][info ][gc          ] GC(16) Pause Young (Normal) (G1 Evacuation Pause) 295M->108M(3880M) 16.385ms
[2025-05-26T02:43:53.739+0000][75][info ][gc,cpu      ] GC(16) User=0.04s Sys=0.01s Real=0.01s
[2025-05-26T02:43:53.739+0000][75][info ][safepoint   ] Safepoint "G1CollectForAllocation", Time since last: 3391088341 ns, Reaching safepoint: 53503 ns, Cleanup: 6045 ns, At safepoint: 17206591 ns, Total: 17266139 ns
[2025-05-26T02:43:54.740+0000][75][info ][safepoint   ] Safepoint "Cleanup", Time since last: 1000428889 ns, Reaching safepoint: 25578 ns, Cleanup: 35986 ns, At safepoint: 9245 ns, Total: 70809 ns
[2025-05-26T02:43:55.741+0000][75][info ][safepoint   ] Safepoint "Cleanup", Time since last: 1001095372 ns, Reaching safepoint: 353793 ns, Cleanup: 17482 ns, At safepoint: 194680 ns, Total: 565955 ns
[2025-05-26T02:43:57.742+0000][75][info ][safepoint   ] Safepoint "Cleanup", Time since last: 2000764762 ns, Reaching safepoint: 191426 ns, Cleanup: 13334 ns, At safepoint: 112294 ns, Total: 317054 ns
[2025-05-26T02:43:59.744+0000][75][info ][safepoint   ] Safepoint "Cleanup", Time since last: 2001053358 ns, Reaching safepoint: 32264 ns, Cleanup: 23371 ns, At safepoint: 226720 ns, Total: 282355 ns
[2025-05-26T02:44:03.745+0000][75][info ][safepoint   ] Safepoint "Cleanup", Time since last: 4001163189 ns, Reaching safepoint: 128774 ns, Cleanup: 30361 ns, At safepoint: 20737 ns, Total: 179872 ns
[2025-05-26T02:44:04.746+0000][75][info ][safepoint   ] Safepoint "Cleanup", Time since last: 1000605920 ns, Reaching safepoint: 26303 ns, Cleanup: 21052 ns, At safepoint: 9725 ns, Total: 57080 ns
[2025-05-26T02:44:09.750+0000][75][info ][safepoint   ] Safepoint "Cleanup", Time since last: 5004274225 ns, Reaching safepoint: 138791 ns, Cleanup: 29989 ns, At safepoint: 19092 ns, Total: 187872 ns
[2025-05-26T02:44:15.659+0000][75][info ][safepoint   ] Safepoint "Cleanup", Time since last: 5911213649 ns, Reaching safepoint: 14128 ns, Cleanup: 13970 ns, At safepoint: 40955 ns, Total: 69053 ns
[2025-05-26T02:44:17.352+0000][75][info ][safepoint   ] Safepoint "Cleanup", Time since last: 1692852248 ns, Reaching safepoint: 26222 ns, Cleanup: 38290 ns, At safepoint: 11318 ns, Total: 75830 ns
[2025-05-26T02:44:19.352+0000][75][info ][safepoint   ] Safepoint "Cleanup", Time since last: 2000682061 ns, Reaching safepoint: 20558 ns, Cleanup: 12690 ns, At safepoint: 8281 ns, Total: 41529 ns
[2025-05-26T02:44:22.353+0000][75][info ][safepoint   ] Safepoint "Cleanup", Time since last: 3000934959 ns, Reaching safepoint: 81888 ns, Cleanup: 15530 ns, At safepoint: 11401 ns, Total: 108819 ns
[2025-05-26T02:44:24.355+0000][75][info ][safepoint   ] Safepoint "Cleanup", Time since last: 2000996052 ns, Reaching safepoint: 16713 ns, Cleanup: 12629 ns, At safepoint: 33990 ns, Total: 63332 ns
[2025-05-26T02:44:27.356+0000][75][info ][safepoint   ] Safepoint "Cleanup", Time since last: 3000894035 ns, Reaching safepoint: 136102 ns, Cleanup: 15188 ns, At safepoint: 100819 ns, Total: 252109 ns
[2025-05-26T02:44:28.356+0000][75][info ][safepoint   ] Safepoint "Cleanup", Time since last: 1000619593 ns, Reaching safepoint: 16927 ns, Cleanup: 11961 ns, At safepoint: 7396 ns, Total: 36284 ns
[2025-05-26T02:44:30.357+0000][75][info ][safepoint   ] Safepoint "Cleanup", Time since last: 2000766355 ns, Reaching safepoint: 28031 ns, Cleanup: 16420 ns, At safepoint: 15594 ns, Total: 60045 ns
[2025-05-26T02:44:32.358+0000][75][info ][safepoint   ] Safepoint "Cleanup", Time since last: 2000805177 ns, Reaching safepoint: 31732 ns, Cleanup: 21734 ns, At safepoint: 17153 ns, Total: 70619 ns
[2025-05-26T02:44:34.359+0000][75][info ][safepoint   ] Safepoint "Cleanup", Time since last: 2000837030 ns, Reaching safepoint: 20036 ns, Cleanup: 13897 ns, At safepoint: 8064 ns, Total: 41997 ns
[2025-05-26T02:44:35.360+0000][75][info ][safepoint   ] Safepoint "Cleanup", Time since last: 1000689656 ns, Reaching safepoint: 30324 ns, Cleanup: 24421 ns, At safepoint: 16793 ns, Total: 71538 ns
[2025-05-26T02:44:37.360+0000][75][info ][safepoint   ] Safepoint "Cleanup", Time since last: 2000686227 ns, Reaching safepoint: 24728 ns, Cleanup: 15691 ns, At safepoint: 9736 ns, Total: 50155 ns
[2025-05-26T02:44:43.360+0000][75][info ][safepoint   ] Safepoint "Cleanup", Time since last: 6001444651 ns, Reaching safepoint: 40240 ns, Cleanup: 16368 ns, At safepoint: 7260 ns, Total: 63868 ns
[2025-05-26T02:44:45.361+0000][75][info ][safepoint   ] Safepoint "Cleanup", Time since last: 2000935949 ns, Reaching safepoint: 29978 ns, Cleanup: 59463 ns, At safepoint: 21672 ns, Total: 111113 ns
[2025-05-26T02:44:46.361+0000][75][info ][safepoint   ] Safepoint "Cleanup", Time since last: 1000604444 ns, Reaching safepoint: 16362 ns, Cleanup: 17492 ns, At safepoint: 7663 ns, Total: 41517 ns
[2025-05-26T02:44:48.362+0000][75][info ][safepoint   ] Safepoint "Cleanup", Time since last: 2000770058 ns, Reaching safepoint: 31657 ns, Cleanup: 17654 ns, At safepoint: 18479 ns, Total: 67790 ns
[2025-05-26T02:44:49.363+0000][75][info ][safepoint   ] Safepoint "Cleanup", Time since last: 1001001459 ns, Reaching safepoint: 17444 ns, Cleanup: 16554 ns, At safepoint: 7510 ns, Total: 41508 ns
[2025-05-26T02:44:50.368+0000][75][info ][safepoint   ] Safepoint "Cleanup", Time since last: 1004946146 ns, Reaching safepoint: 30282 ns, Cleanup: 19080 ns, At safepoint: 62954 ns, Total: 112316 ns
[2025-05-26T02:44:52.874+0000][75][info ][safepoint   ] Safepoint "Cleanup", Time since last: 2505851833 ns, Reaching safepoint: 26577 ns, Cleanup: 14569 ns, At safepoint: 8567 ns, Total: 49713 ns
[2025-05-26T02:44:54.876+0000][75][info ][safepoint   ] Safepoint "Cleanup", Time since last: 2001406508 ns, Reaching safepoint: 67251 ns, Cleanup: 36537 ns, At safepoint: 17528 ns, Total: 121316 ns
[2025-05-26T02:44:55.876+0000][75][info ][safepoint   ] Safepoint "Cleanup", Time since last: 1000764248 ns, Reaching safepoint: 27724 ns, Cleanup: 17966 ns, At safepoint: 10713 ns, Total: 56403 ns
[2025-05-26T02:44:57.880+0000][75][info ][safepoint   ] Safepoint "Cleanup", Time since last: 2003277666 ns, Reaching safepoint: 30361 ns, Cleanup: 18533 ns, At safepoint: 15739 ns, Total: 64633 ns
[2025-05-26T02:44:59.881+0000][75][info ][safepoint   ] Safepoint "Cleanup", Time since last: 2000977405 ns, Reaching safepoint: 30245 ns, Cleanup: 25290 ns, At safepoint: 16405 ns, Total: 71940 ns
[2025-05-26T02:45:01.882+0000][75][info ][safepoint   ] Safepoint "Cleanup", Time since last: 2000969226 ns, Reaching safepoint: 29197 ns, Cleanup: 17440 ns, At safepoint: 9804 ns, Total: 56441 ns
[2025-05-26T02:45:03.883+0000][75][info ][safepoint   ] Safepoint "Cleanup", Time since last: 2000757165 ns, Reaching safepoint: 29431 ns, Cleanup: 16563 ns, At safepoint: 11236 ns, Total: 57230 ns
[2025-05-26T02:45:04.922+0000][75][info ][safepoint   ] Safepoint "Cleanup", Time since last: 1039531231 ns, Reaching safepoint: 123845 ns, Cleanup: 25077 ns, At safepoint: 20642 ns, Total: 169564 ns
[2025-05-26T02:45:12.927+0000][75][info ][safepoint   ] Safepoint "Cleanup", Time since last: 8007009917 ns, Reaching safepoint: 50207 ns, Cleanup: 22126 ns, At safepoint: 9743 ns, Total: 82076 ns
[2025-05-26T02:45:14.928+0000][75][info ][safepoint   ] Safepoint "Cleanup", Time since last: 2001062566 ns, Reaching safepoint: 24352 ns, Cleanup: 15200 ns, At safepoint: 8951 ns, Total: 48503 ns
[2025-05-26T02:45:16.931+0000][75][info ][safepoint   ] Safepoint "Cleanup", Time since last: 2003169556 ns, Reaching safepoint: 28807 ns, Cleanup: 15016 ns, At safepoint: 15330 ns, Total: 59153 ns
[2025-05-26T02:45:18.681+0000][75][info ][safepoint   ] Safepoint "Cleanup", Time since last: 1749527688 ns, Reaching safepoint: 12014 ns, Cleanup: 21947 ns, At safepoint: 40878 ns, Total: 74839 ns
[2025-05-26T02:45:20.395+0000][75][info ][safepoint   ] Safepoint "Cleanup", Time since last: 1714000882 ns, Reaching safepoint: 29292 ns, Cleanup: 45785 ns, At safepoint: 16777 ns, Total: 91854 ns
[2025-05-26T02:45:30.397+0000][75][info ][safepoint   ] Safepoint "Cleanup", Time since last: 10001779775 ns, Reaching safepoint: 70589 ns, Cleanup: 16253 ns, At safepoint: 15647 ns, Total: 102489 ns
[2025-05-26T02:45:34.398+0000][75][info ][safepoint   ] Safepoint "Cleanup", Time since last: 4001025405 ns, Reaching safepoint: 24052 ns, Cleanup: 21791 ns, At safepoint: 9117 ns, Total: 54960 ns
[2025-05-26T02:45:40.399+0000][75][info ][safepoint   ] Safepoint "Cleanup", Time since last: 6001431121 ns, Reaching safepoint: 65663 ns, Cleanup: 17997 ns, At safepoint: 29319 ns, Total: 112979 ns
[2025-05-26T02:45:43.398+0000][75][info ][safepoint   ] Safepoint "Cleanup", Time since last: 3001119107 ns, Reaching safepoint: 211902 ns, Cleanup: 19255 ns, At safepoint: 19516 ns, Total: 250673 ns
[2025-05-26T02:45:45.399+0000][75][info ][safepoint   ] Safepoint "Cleanup", Time since last: 2000872002 ns, Reaching safepoint: 30317 ns, Cleanup: 15962 ns, At safepoint: 17418 ns, Total: 63697 ns
[2025-05-26T02:45:52.906+0000][75][info ][safepoint   ] Safepoint "Cleanup", Time since last: 7506814340 ns, Reaching safepoint: 26816 ns, Cleanup: 14887 ns, At safepoint: 10252 ns, Total: 51955 ns
[2025-05-26T02:45:54.908+0000][75][info ][safepoint   ] Safepoint "Cleanup", Time since last: 2002268182 ns, Reaching safepoint: 17737 ns, Cleanup: 23194 ns, At safepoint: 7589 ns, Total: 48520 ns
[2025-05-26T02:45:55.909+0000][75][info ][safepoint   ] Safepoint "Cleanup", Time since last: 1000819460 ns, Reaching safepoint: 39810 ns, Cleanup: 12419 ns, At safepoint: 9306 ns, Total: 61535 ns
[2025-05-26T02:45:59.912+0000][75][info ][safepoint   ] Safepoint "Cleanup", Time since last: 4002387963 ns, Reaching safepoint: 31807 ns, Cleanup: 18373 ns, At safepoint: 16158 ns, Total: 66338 ns
[2025-05-26T02:46:00.912+0000][75][info ][safepoint   ] Safepoint "Cleanup", Time since last: 1000543896 ns, Reaching safepoint: 28700 ns, Cleanup: 20686 ns, At safepoint: 15807 ns, Total: 65193 ns
[2025-05-26T02:46:09.914+0000][75][info ][safepoint   ] Safepoint "Cleanup", Time since last: 9001642146 ns, Reaching safepoint: 179833 ns, Cleanup: 20101 ns, At safepoint: 21227 ns, Total: 221161 ns
[2025-05-26T02:46:12.913+0000][75][info ][safepoint   ] Safepoint "Cleanup", Time since last: 3000976494 ns, Reaching safepoint: 41188 ns, Cleanup: 13708 ns, At safepoint: 7385 ns, Total: 62281 ns
[2025-05-26T02:46:14.914+0000][75][info ][safepoint   ] Safepoint "Cleanup", Time since last: 2001513970 ns, Reaching safepoint: 19792 ns, Cleanup: 13862 ns, At safepoint: 9014 ns, Total: 42668 ns
[2025-05-26T02:46:15.921+0000][75][info ][safepoint   ] Safepoint "Cleanup", Time since last: 1006076173 ns, Reaching safepoint: 26583 ns, Cleanup: 15652 ns, At safepoint: 12586 ns, Total: 54821 ns
[2025-05-26T02:46:17.921+0000][75][info ][safepoint   ] Safepoint "Cleanup", Time since last: 2000679218 ns, Reaching safepoint: 24151 ns, Cleanup: 16576 ns, At safepoint: 10044 ns, Total: 50771 ns
[2025-05-26T02:46:18.923+0000][75][info ][safepoint   ] Safepoint "Cleanup", Time since last: 1001222958 ns, Reaching safepoint: 78764 ns, Cleanup: 29860 ns, At safepoint: 14758 ns, Total: 123382 ns
[2025-05-26T02:46:19.923+0000][75][info ][safepoint   ] Safepoint "Cleanup", Time since last: 1000580732 ns, Reaching safepoint: 66323 ns, Cleanup: 15201 ns, At safepoint: 10707 ns, Total: 92231 ns
[2025-05-26T02:46:21.649+0000][75][info ][safepoint   ] Safepoint "Cleanup", Time since last: 1725818978 ns, Reaching safepoint: 13724 ns, Cleanup: 19041 ns, At safepoint: 29945 ns, Total: 62710 ns
[2025-05-26T02:46:23.435+0000][75][info ][safepoint   ] Safepoint "Cleanup", Time since last: 1785910167 ns, Reaching safepoint: 25950 ns, Cleanup: 31526 ns, At safepoint: 11231 ns, Total: 68707 ns
[2025-05-26T02:46:25.438+0000][75][info ][safepoint   ] Safepoint "Cleanup", Time since last: 2003202351 ns, Reaching safepoint: 32703 ns, Cleanup: 23315 ns, At safepoint: 14139 ns, Total: 70157 ns
[2025-05-26T02:46:28.440+0000][75][info ][safepoint   ] Safepoint "Cleanup", Time since last: 3001170385 ns, Reaching safepoint: 64918 ns, Cleanup: 15655 ns, At safepoint: 15927 ns, Total: 96500 ns
[2025-05-26T02:46:30.441+0000][75][info ][safepoint   ] Safepoint "Cleanup", Time since last: 2000799068 ns, Reaching safepoint: 31960 ns, Cleanup: 111929 ns, At safepoint: 82947 ns, Total: 226836 ns
[2025-05-26T02:46:31.442+0000][75][info ][safepoint   ] Safepoint "Cleanup", Time since last: 1000758864 ns, Reaching safepoint: 32008 ns, Cleanup: 15633 ns, At safepoint: 17794 ns, Total: 65435 ns
[2025-05-26T02:46:35.443+0000][75][info ][safepoint   ] Safepoint "Cleanup", Time since last: 4000966973 ns, Reaching safepoint: 25646 ns, Cleanup: 17461 ns, At safepoint: 21506 ns, Total: 64613 ns
[2025-05-26T02:46:37.443+0000][75][info ][safepoint   ] Safepoint "Cleanup", Time since last: 2000674963 ns, Reaching safepoint: 16968 ns, Cleanup: 13337 ns, At safepoint: 7834 ns, Total: 38139 ns
[2025-05-26T02:46:38.444+0000][75][info ][safepoint   ] Safepoint "Cleanup", Time since last: 1000688144 ns, Reaching safepoint: 21425 ns, Cleanup: 14495 ns, At safepoint: 8448 ns, Total: 44368 ns
[2025-05-26T02:46:40.447+0000][75][info ][safepoint   ] Safepoint "Cleanup", Time since last: 2002618258 ns, Reaching safepoint: 26394 ns, Cleanup: 21681 ns, At safepoint: 10119 ns, Total: 58194 ns
[2025-05-26T02:46:45.446+0000][75][info ][safepoint   ] Safepoint "Cleanup", Time since last: 5001069013 ns, Reaching safepoint: 44382 ns, Cleanup: 14986 ns, At safepoint: 8289 ns, Total: 67657 ns
[2025-05-26T02:46:46.446+0000][75][info ][safepoint   ] Safepoint "Cleanup", Time since last: 1000561703 ns, Reaching safepoint: 18725 ns, Cleanup: 15911 ns, At safepoint: 9280 ns, Total: 43916 ns
[2025-05-26T02:46:54.935+0000][75][info ][safepoint   ] Safepoint "Cleanup", Time since last: 8488363060 ns, Reaching safepoint: 35037 ns, Cleanup: 31745 ns, At safepoint: 18006 ns, Total: 84788 ns
[2025-05-26T02:46:58.936+0000][75][info ][safepoint   ] Safepoint "Cleanup", Time since last: 4001010985 ns, Reaching safepoint: 47411 ns, Cleanup: 32038 ns, At safepoint: 9027 ns, Total: 88476 ns
[2025-05-26T02:46:59.937+0000][75][info ][safepoint   ] Safepoint "Cleanup", Time since last: 1000892787 ns, Reaching safepoint: 29920 ns, Cleanup: 27894 ns, At safepoint: 16197 ns, Total: 74011 ns
[2025-05-26T02:47:01.452+0000][75][info ][safepoint   ] Safepoint "Cleanup", Time since last: 1515167694 ns, Reaching safepoint: 5585 ns, Cleanup: 35501 ns, At safepoint: 44608 ns, Total: 85694 ns
[2025-05-26T02:47:02.460+0000][75][info ][safepoint   ] Safepoint "Cleanup", Time since last: 1007867972 ns, Reaching safepoint: 16695 ns, Cleanup: 13708 ns, At safepoint: 6856 ns, Total: 37259 ns
[2025-05-26T02:47:03.495+0000][75][info ][safepoint   ] Safepoint "Cleanup", Time since last: 1035480275 ns, Reaching safepoint: 27946 ns, Cleanup: 21843 ns, At safepoint: 12206 ns, Total: 61995 ns
[2025-05-26T02:47:05.497+0000][75][info ][safepoint   ] Safepoint "Cleanup", Time since last: 2001733570 ns, Reaching safepoint: 55825 ns, Cleanup: 19014 ns, At safepoint: 17689 ns, Total: 92528 ns
[2025-05-26T02:47:07.498+0000][75][info ][safepoint   ] Safepoint "Cleanup", Time since last: 2000682925 ns, Reaching safepoint: 29150 ns, Cleanup: 17900 ns, At safepoint: 15622 ns, Total: 62672 ns
[2025-05-26T02:47:10.499+0000][75][info ][safepoint   ] Safepoint "Cleanup", Time since last: 3001009700 ns, Reaching safepoint: 28010 ns, Cleanup: 13910 ns, At safepoint: 16511 ns, Total: 58431 ns
[2025-05-26T02:47:13.497+0000][75][info ][safepoint   ] Safepoint "Cleanup", Time since last: 3000848270 ns, Reaching safepoint: 55508 ns, Cleanup: 16152 ns, At safepoint: 6837 ns, Total: 78497 ns
[2025-05-26T02:47:16.500+0000][75][info ][safepoint   ] Safepoint "Cleanup", Time since last: 3002925602 ns, Reaching safepoint: 31285 ns, Cleanup: 20871 ns, At safepoint: 16895 ns, Total: 69051 ns
[2025-05-26T02:47:18.501+0000][75][info ][safepoint   ] Safepoint "Cleanup", Time since last: 2000747822 ns, Reaching safepoint: 19159 ns, Cleanup: 14219 ns, At safepoint: 8669 ns, Total: 42047 ns
[2025-05-26T02:47:19.502+0000][75][info ][safepoint   ] Safepoint "Cleanup", Time since last: 1000931501 ns, Reaching safepoint: 25351 ns, Cleanup: 20214 ns, At safepoint: 10273 ns, Total: 55838 ns
[2025-05-26T02:47:20.503+0000][75][info ][safepoint   ] Safepoint "Cleanup", Time since last: 1000697944 ns, Reaching safepoint: 30179 ns, Cleanup: 19375 ns, At safepoint: 18472 ns, Total: 68026 ns
[2025-05-26T02:47:21.504+0000][75][info ][safepoint   ] Safepoint "Cleanup", Time since last: 1000551013 ns, Reaching safepoint: 26166 ns, Cleanup: 15462 ns, At safepoint: 10828 ns, Total: 52456 ns
[2025-05-26T02:47:22.505+0000][75][info ][safepoint   ] Safepoint "Cleanup", Time since last: 1001672699 ns, Reaching safepoint: 29657 ns, Cleanup: 15272 ns, At safepoint: 16289 ns, Total: 61218 ns
[2025-05-26T02:47:24.664+0000][75][info ][safepoint   ] Safepoint "Cleanup", Time since last: 2158818356 ns, Reaching safepoint: 98270 ns, Cleanup: 26942 ns, At safepoint: 43160 ns, Total: 168372 ns
[2025-05-26T02:47:26.527+0000][75][info ][safepoint   ] Safepoint "Cleanup", Time since last: 1862953714 ns, Reaching safepoint: 18480 ns, Cleanup: 29372 ns, At safepoint: 8053 ns, Total: 55905 ns
[2025-05-26T02:47:27.528+0000][75][info ][safepoint   ] Safepoint "Cleanup", Time since last: 1000865984 ns, Reaching safepoint: 53479 ns, Cleanup: 15314 ns, At safepoint: 11005 ns, Total: 79798 ns
[2025-05-26T02:47:28.529+0000][75][info ][safepoint   ] Safepoint "Cleanup", Time since last: 1000623079 ns, Reaching safepoint: 30804 ns, Cleanup: 18825 ns, At safepoint: 18163 ns, Total: 67792 ns
[2025-05-26T02:47:29.595+0000][75][info ][safepoint   ] Safepoint "Cleanup", Time since last: 1066027769 ns, Reaching safepoint: 16122 ns, Cleanup: 27299 ns, At safepoint: 96246 ns, Total: 139667 ns
[2025-05-26T02:47:30.838+0000][75][info ][safepoint   ] Safepoint "Cleanup", Time since last: 1243189857 ns, Reaching safepoint: 17771 ns, Cleanup: 17745 ns, At safepoint: 8140 ns, Total: 43656 ns
[2025-05-26T02:47:34.840+0000][75][info ][safepoint   ] Safepoint "Cleanup", Time since last: 4001684587 ns, Reaching safepoint: 19146 ns, Cleanup: 14075 ns, At safepoint: 8733 ns, Total: 41954 ns
[2025-05-26T02:47:42.839+0000][75][info ][safepoint   ] Safepoint "Cleanup", Time since last: 8001809007 ns, Reaching safepoint: 66946 ns, Cleanup: 19181 ns, At safepoint: 18843 ns, Total: 104970 ns
[2025-05-26T02:47:44.840+0000][75][info ][safepoint   ] Safepoint "Cleanup", Time since last: 2000998619 ns, Reaching safepoint: 26430 ns, Cleanup: 22786 ns, At safepoint: 160624 ns, Total: 209840 ns
[2025-05-26T02:47:45.841+0000][75][info ][safepoint   ] Safepoint "Cleanup", Time since last: 1001199338 ns, Reaching safepoint: 26834 ns, Cleanup: 16066 ns, At safepoint: 11375 ns, Total: 54275 ns
[2025-05-26T02:47:48.842+0000][75][info ][safepoint   ] Safepoint "Cleanup", Time since last: 3001045489 ns, Reaching safepoint: 30503 ns, Cleanup: 22471 ns, At safepoint: 16783 ns, Total: 69757 ns
[2025-05-26T02:47:51.843+0000][75][info ][safepoint   ] Safepoint "Cleanup", Time since last: 3000912275 ns, Reaching safepoint: 18998 ns, Cleanup: 19667 ns, At safepoint: 7800 ns, Total: 46465 ns
[2025-05-26T02:47:54.538+0000][75][info ][gc,start    ] GC(17) Pause Young (Normal) (G1 Evacuation Pause)
[2025-05-26T02:47:54.541+0000][75][info ][gc,task     ] GC(17) Using 10 workers of 10 for evacuation
[2025-05-26T02:47:54.542+0000][75][debug][gc,age      ] GC(17) Desired survivor size 12582912 bytes, new threshold 15 (max threshold 15)
[2025-05-26T02:47:54.556+0000][75][info ][gc,phases   ] GC(17)   Pre Evacuate Collection Set: 0.74ms
[2025-05-26T02:47:54.559+0000][75][info ][gc,phases   ] GC(17)   Merge Heap Roots: 0.20ms
[2025-05-26T02:47:54.560+0000][75][info ][gc,phases   ] GC(17)   Evacuate Collection Set: 10.06ms
[2025-05-26T02:47:54.561+0000][75][info ][gc,phases   ] GC(17)   Post Evacuate Collection Set: 1.25ms
[2025-05-26T02:47:54.561+0000][75][info ][gc,phases   ] GC(17)   Other: 2.28ms
[2025-05-26T02:47:54.561+0000][75][trace][gc,age      ] GC(17) Age table with threshold 15 (max threshold 15)
[2025-05-26T02:47:54.562+0000][75][trace][gc,age      ] GC(17) - age   1:     982256 bytes,     982256 total
[2025-05-26T02:47:54.562+0000][75][trace][gc,age      ] GC(17) - age   2:     741008 bytes,    1723264 total
[2025-05-26T02:47:54.563+0000][75][trace][gc,age      ] GC(17) - age   3:    1550880 bytes,    3274144 total
[2025-05-26T02:47:54.563+0000][75][info ][gc,heap     ] GC(17) Eden regions: 46->0(47)
[2025-05-26T02:47:54.564+0000][75][info ][gc,heap     ] GC(17) Survivor regions: 2->1(6)
[2025-05-26T02:47:54.564+0000][75][info ][gc,heap     ] GC(17) Old regions: 26->26
[2025-05-26T02:47:54.564+0000][75][info ][gc,heap     ] GC(17) Humongous regions: 0->0
[2025-05-26T02:47:54.565+0000][75][info ][gc,metaspace] GC(17) Metaspace: 142504K(146368K)->142504K(146368K) NonClass: 122915K(124992K)->122915K(124992K) Class: 19589K(21376K)->19589K(21376K)
[2025-05-26T02:47:54.565+0000][75][info ][gc          ] GC(17) Pause Young (Normal) (G1 Evacuation Pause) 292M->107M(3880M) 27.303ms
[2025-05-26T02:47:54.565+0000][75][info ][gc,cpu      ] GC(17) User=0.11s Sys=0.00s Real=0.03s
[2025-05-26T02:47:54.566+0000][75][info ][safepoint   ] Safepoint "G1CollectForAllocation", Time since last: 2694270167 ns, Reaching safepoint: 25506 ns, Cleanup: 16671 ns, At safepoint: 28195238 ns, Total: 28237415 ns
[2025-05-26T02:47:55.566+0000][75][info ][safepoint   ] Safepoint "Cleanup", Time since last: 1000477929 ns, Reaching safepoint: 26561 ns, Cleanup: 20310 ns, At safepoint: 10130 ns, Total: 57001 ns
[2025-05-26T02:47:58.568+0000][75][info ][safepoint   ] Safepoint "Cleanup", Time since last: 3001400968 ns, Reaching safepoint: 80325 ns, Cleanup: 20650 ns, At safepoint: 21170 ns, Total: 122145 ns
[2025-05-26T02:48:00.568+0000][75][info ][safepoint   ] Safepoint "Cleanup", Time since last: 2000703458 ns, Reaching safepoint: 21586 ns, Cleanup: 15715 ns, At safepoint: 9556 ns, Total: 46857 ns
[2025-05-26T02:48:13.571+0000][75][info ][safepoint   ] Safepoint "Cleanup", Time since last: 13003971815 ns, Reaching safepoint: 123706 ns, Cleanup: 20152 ns, At safepoint: 16717 ns, Total: 160575 ns
[2025-05-26T02:48:15.572+0000][75][info ][safepoint   ] Safepoint "Cleanup", Time since last: 2001072901 ns, Reaching safepoint: 29669 ns, Cleanup: 26072 ns, At safepoint: 16218 ns, Total: 71959 ns
[2025-05-26T02:48:18.573+0000][75][info ][safepoint   ] Safepoint "Cleanup", Time since last: 3001039330 ns, Reaching safepoint: 30467 ns, Cleanup: 16985 ns, At safepoint: 16834 ns, Total: 64286 ns
[2025-05-26T02:48:19.574+0000][75][info ][safepoint   ] Safepoint "Cleanup", Time since last: 1000788661 ns, Reaching safepoint: 20615 ns, Cleanup: 15131 ns, At safepoint: 9331 ns, Total: 45077 ns
[2025-05-26T02:48:20.580+0000][75][info ][safepoint   ] Safepoint "Cleanup", Time since last: 1005709920 ns, Reaching safepoint: 17872 ns, Cleanup: 13832 ns, At safepoint: 24247 ns, Total: 55951 ns
[2025-05-26T02:48:25.581+0000][75][info ][safepoint   ] Safepoint "Cleanup", Time since last: 5001470964 ns, Reaching safepoint: 29214 ns, Cleanup: 15193 ns, At safepoint: 15135 ns, Total: 59542 ns
[2025-05-26T02:48:27.651+0000][75][info ][safepoint   ] Safepoint "Cleanup", Time since last: 2069575933 ns, Reaching safepoint: 7541 ns, Cleanup: 7317 ns, At safepoint: 3503 ns, Total: 18361 ns
[2025-05-26T02:48:29.562+0000][75][info ][safepoint   ] Safepoint "Cleanup", Time since last: 1911469007 ns, Reaching safepoint: 59919 ns, Cleanup: 117890 ns, At safepoint: 12032 ns, Total: 189841 ns
[2025-05-26T02:48:30.563+0000][75][info ][safepoint   ] Safepoint "Cleanup", Time since last: 1000596040 ns, Reaching safepoint: 98538 ns, Cleanup: 12050 ns, At safepoint: 23218 ns, Total: 133806 ns
[2025-05-26T02:48:31.564+0000][75][info ][safepoint   ] Safepoint "Cleanup", Time since last: 1000608738 ns, Reaching safepoint: 94215 ns, Cleanup: 13994 ns, At safepoint: 23808 ns, Total: 132017 ns
[2025-05-26T02:48:34.565+0000][75][info ][safepoint   ] Safepoint "Cleanup", Time since last: 3000959966 ns, Reaching safepoint: 28676 ns, Cleanup: 15741 ns, At safepoint: 35933 ns, Total: 80350 ns
[2025-05-26T02:48:37.567+0000][75][info ][safepoint   ] Safepoint "Cleanup", Time since last: 3002224447 ns, Reaching safepoint: 19687 ns, Cleanup: 14338 ns, At safepoint: 8008 ns, Total: 42033 ns
[2025-05-26T02:48:49.567+0000][75][info ][safepoint   ] Safepoint "Cleanup", Time since last: 12002081432 ns, Reaching safepoint: 55538 ns, Cleanup: 13608 ns, At safepoint: 33105 ns, Total: 102251 ns
[2025-05-26T02:48:51.568+0000][75][info ][safepoint   ] Safepoint "Cleanup", Time since last: 2000793801 ns, Reaching safepoint: 31462 ns, Cleanup: 18968 ns, At safepoint: 83542 ns, Total: 133972 ns
[2025-05-26T02:48:54.994+0000][75][info ][safepoint   ] Safepoint "Cleanup", Time since last: 3426525339 ns, Reaching safepoint: 30470 ns, Cleanup: 28453 ns, At safepoint: 17481 ns, Total: 76404 ns
[2025-05-26T02:48:59.995+0000][75][info ][safepoint   ] Safepoint "Cleanup", Time since last: 5001261767 ns, Reaching safepoint: 68548 ns, Cleanup: 16457 ns, At safepoint: 10562 ns, Total: 95567 ns
[2025-05-26T02:49:01.043+0000][75][info ][safepoint   ] Safepoint "Cleanup", Time since last: 1047839569 ns, Reaching safepoint: 35314 ns, Cleanup: 24868 ns, At safepoint: 10782 ns, Total: 70964 ns
[2025-05-26T02:49:02.046+0000][75][info ][safepoint   ] Safepoint "Cleanup", Time since last: 1002287391 ns, Reaching safepoint: 95080 ns, Cleanup: 21202 ns, At safepoint: 13698 ns, Total: 129980 ns
[2025-05-26T02:49:08.047+0000][75][info ][safepoint   ] Safepoint "Cleanup", Time since last: 6001373762 ns, Reaching safepoint: 31002 ns, Cleanup: 15503 ns, At safepoint: 17058 ns, Total: 63563 ns
[2025-05-26T02:49:09.048+0000][75][info ][safepoint   ] Safepoint "Cleanup", Time since last: 1000982625 ns, Reaching safepoint: 29005 ns, Cleanup: 15238 ns, At safepoint: 15948 ns, Total: 60191 ns
[2025-05-26T02:49:10.049+0000][75][info ][safepoint   ] Safepoint "Cleanup", Time since last: 1001114467 ns, Reaching safepoint: 17507 ns, Cleanup: 23806 ns, At safepoint: 8313 ns, Total: 49626 ns
[2025-05-26T02:49:12.050+0000][75][info ][safepoint   ] Safepoint "Cleanup", Time since last: 2001023052 ns, Reaching safepoint: 38937 ns, Cleanup: 19998 ns, At safepoint: 18643 ns, Total: 77578 ns
[2025-05-26T02:49:15.049+0000][75][info ][safepoint   ] Safepoint "Cleanup", Time since last: 3001342007 ns, Reaching safepoint: 72482 ns, Cleanup: 22904 ns, At safepoint: 31940 ns, Total: 127326 ns
[2025-05-26T02:49:16.051+0000][75][info ][safepoint   ] Safepoint "Cleanup", Time since last: 1001257871 ns, Reaching safepoint: 19667 ns, Cleanup: 13980 ns, At safepoint: 8143 ns, Total: 41790 ns
[2025-05-26T02:49:19.052+0000][75][info ][safepoint   ] Safepoint "Cleanup", Time since last: 3001183455 ns, Reaching safepoint: 25960 ns, Cleanup: 16551 ns, At safepoint: 10387 ns, Total: 52898 ns
[2025-05-26T02:49:20.071+0000][75][info ][safepoint   ] Safepoint "Cleanup", Time since last: 1019135523 ns, Reaching safepoint: 24795 ns, Cleanup: 21002 ns, At safepoint: 10647 ns, Total: 56444 ns
[2025-05-26T02:49:22.080+0000][75][info ][safepoint   ] Safepoint "Cleanup", Time since last: 2009241016 ns, Reaching safepoint: 22674 ns, Cleanup: 17180 ns, At safepoint: 10311 ns, Total: 50165 ns
[2025-05-26T02:49:25.081+0000][75][info ][safepoint   ] Safepoint "Cleanup", Time since last: 3000895462 ns, Reaching safepoint: 30061 ns, Cleanup: 15953 ns, At safepoint: 16261 ns, Total: 62275 ns
[2025-05-26T02:49:28.083+0000][75][info ][safepoint   ] Safepoint "Cleanup", Time since last: 3001127111 ns, Reaching safepoint: 30630 ns, Cleanup: 18248 ns, At safepoint: 16219 ns, Total: 65097 ns
[2025-05-26T02:49:30.660+0000][75][info ][safepoint   ] Safepoint "Cleanup", Time since last: 2577274375 ns, Reaching safepoint: 5740 ns, Cleanup: 14417 ns, At safepoint: 14181 ns, Total: 34338 ns
[2025-05-26T02:49:32.601+0000][75][info ][safepoint   ] Safepoint "Cleanup", Time since last: 1941358720 ns, Reaching safepoint: 38487 ns, Cleanup: 26676 ns, At safepoint: 22138 ns, Total: 87301 ns
[2025-05-26T02:49:33.602+0000][75][info ][safepoint   ] Safepoint "Cleanup", Time since last: 1000706786 ns, Reaching safepoint: 27099 ns, Cleanup: 19147 ns, At safepoint: 9619 ns, Total: 55865 ns
[2025-05-26T02:49:34.605+0000][75][info ][safepoint   ] Safepoint "Cleanup", Time since last: 1003159288 ns, Reaching safepoint: 24337 ns, Cleanup: 13776 ns, At safepoint: 10561 ns, Total: 48674 ns
[2025-05-26T02:49:37.608+0000][75][info ][safepoint   ] Safepoint "Cleanup", Time since last: 3002492689 ns, Reaching safepoint: 100829 ns, Cleanup: 27873 ns, At safepoint: 14312 ns, Total: 143014 ns
[2025-05-26T02:49:43.607+0000][75][info ][safepoint   ] Safepoint "Cleanup", Time since last: 6001378137 ns, Reaching safepoint: 28390 ns, Cleanup: 16477 ns, At safepoint: 10247 ns, Total: 55114 ns
[2025-05-26T02:49:44.607+0000][75][info ][safepoint   ] Safepoint "Cleanup", Time since last: 1000572860 ns, Reaching safepoint: 28460 ns, Cleanup: 16951 ns, At safepoint: 11980 ns, Total: 57391 ns
[2025-05-26T02:49:55.023+0000][75][info ][safepoint   ] Safepoint "Cleanup", Time since last: 10415524469 ns, Reaching safepoint: 32098 ns, Cleanup: 23350 ns, At safepoint: 10772 ns, Total: 66220 ns
[2025-05-26T02:49:58.039+0000][75][info ][safepoint   ] Safepoint "Cleanup", Time since last: 3015572149 ns, Reaching safepoint: 25519 ns, Cleanup: 18853 ns, At safepoint: 10222 ns, Total: 54594 ns
[2025-05-26T02:49:59.040+0000][75][info ][safepoint   ] Safepoint "Cleanup", Time since last: 1001678543 ns, Reaching safepoint: 24989 ns, Cleanup: 14643 ns, At safepoint: 10307 ns, Total: 49939 ns
[2025-05-26T02:50:00.043+0000][75][info ][safepoint   ] Safepoint "Cleanup", Time since last: 1002469355 ns, Reaching safepoint: 19233 ns, Cleanup: 17971 ns, At safepoint: 9229 ns, Total: 46433 ns
[2025-05-26T02:50:05.047+0000][75][info ][safepoint   ] Safepoint "Cleanup", Time since last: 5004246668 ns, Reaching safepoint: 45271 ns, Cleanup: 13332 ns, At safepoint: 8855 ns, Total: 67458 ns
[2025-05-26T02:50:09.050+0000][75][info ][safepoint   ] Safepoint "Cleanup", Time since last: 4002407263 ns, Reaching safepoint: 20655 ns, Cleanup: 14080 ns, At safepoint: 8766 ns, Total: 43501 ns
[2025-05-26T02:50:10.051+0000][75][info ][safepoint   ] Safepoint "Cleanup", Time since last: 1001523595 ns, Reaching safepoint: 24270 ns, Cleanup: 13708 ns, At safepoint: 8890 ns, Total: 46868 ns
[2025-05-26T02:50:12.053+0000][75][info ][safepoint   ] Safepoint "Cleanup", Time since last: 2001243120 ns, Reaching safepoint: 30562 ns, Cleanup: 16798 ns, At safepoint: 16744 ns, Total: 64104 ns
[2025-05-26T02:50:13.051+0000][75][info ][safepoint   ] Safepoint "Cleanup", Time since last: 1000647217 ns, Reaching safepoint: 25860 ns, Cleanup: 15989 ns, At safepoint: 10187 ns, Total: 52036 ns
[2025-05-26T02:50:15.052+0000][75][info ][safepoint   ] Safepoint "Cleanup", Time since last: 2000775371 ns, Reaching safepoint: 18302 ns, Cleanup: 17232 ns, At safepoint: 7688 ns, Total: 43222 ns
[2025-05-26T02:50:19.053+0000][75][info ][safepoint   ] Safepoint "Cleanup", Time since last: 4001085514 ns, Reaching safepoint: 87621 ns, Cleanup: 16386 ns, At safepoint: 13178 ns, Total: 117185 ns
[2025-05-26T02:50:22.054+0000][75][info ][safepoint   ] Safepoint "Cleanup", Time since last: 3001158520 ns, Reaching safepoint: 20380 ns, Cleanup: 13625 ns, At safepoint: 8503 ns, Total: 42508 ns
[2025-05-26T02:50:25.061+0000][75][info ][safepoint   ] Safepoint "Cleanup", Time since last: 3006636993 ns, Reaching safepoint: 26811 ns, Cleanup: 15427 ns, At safepoint: 11951 ns, Total: 54189 ns
[2025-05-26T02:50:27.062+0000][75][info ][safepoint   ] Safepoint "Cleanup", Time since last: 2001130944 ns, Reaching safepoint: 25310 ns, Cleanup: 16039 ns, At safepoint: 8407 ns, Total: 49756 ns
[2025-05-26T02:50:31.064+0000][75][info ][safepoint   ] Safepoint "Cleanup", Time since last: 4001155372 ns, Reaching safepoint: 67533 ns, Cleanup: 16947 ns, At safepoint: 7622 ns, Total: 92102 ns
[2025-05-26T02:50:32.064+0000][75][info ][safepoint   ] Safepoint "Cleanup", Time since last: 1000754623 ns, Reaching safepoint: 63959 ns, Cleanup: 14420 ns, At safepoint: 7542 ns, Total: 85921 ns
[2025-05-26T02:50:33.650+0000][75][info ][safepoint   ] Safepoint "Cleanup", Time since last: 1585174657 ns, Reaching safepoint: 5168 ns, Cleanup: 5463 ns, At safepoint: 2334 ns, Total: 12965 ns
[2025-05-26T02:50:35.626+0000][75][info ][safepoint   ] Safepoint "Cleanup", Time since last: 1976589122 ns, Reaching safepoint: 16936 ns, Cleanup: 22260 ns, At safepoint: 7354 ns, Total: 46550 ns
[2025-05-26T02:50:39.627+0000][75][info ][safepoint   ] Safepoint "Cleanup", Time since last: 4001038504 ns, Reaching safepoint: 25941 ns, Cleanup: 11975 ns, At safepoint: 17148 ns, Total: 55064 ns
[2025-05-26T02:50:42.629+0000][75][info ][safepoint   ] Safepoint "Cleanup", Time since last: 3001403558 ns, Reaching safepoint: 91419 ns, Cleanup: 9505 ns, At safepoint: 17481 ns, Total: 118405 ns
[2025-05-26T02:50:45.627+0000][75][info ][safepoint   ] Safepoint "Cleanup", Time since last: 3001751465 ns, Reaching safepoint: 19124 ns, Cleanup: 7620 ns, At safepoint: 21207 ns, Total: 47951 ns
[2025-05-26T02:50:48.628+0000][75][info ][safepoint   ] Safepoint "Cleanup", Time since last: 3000741532 ns, Reaching safepoint: 106374 ns, Cleanup: 8294 ns, At safepoint: 15320 ns, Total: 129988 ns
[2025-05-26T02:50:51.632+0000][75][info ][safepoint   ] Safepoint "Cleanup", Time since last: 3004271939 ns, Reaching safepoint: 22590 ns, Cleanup: 12893 ns, At safepoint: 8178 ns, Total: 43661 ns
[2025-05-26T02:50:53.053+0000][75][info ][safepoint   ] Safepoint "Cleanup", Time since last: 1420980674 ns, Reaching safepoint: 17046 ns, Cleanup: 11135 ns, At safepoint: 7154 ns, Total: 35335 ns
[2025-05-26T02:50:55.055+0000][75][info ][safepoint   ] Safepoint "Cleanup", Time since last: 2001101220 ns, Reaching safepoint: 25146 ns, Cleanup: 17015 ns, At safepoint: 17710 ns, Total: 59871 ns
[2025-05-26T02:51:00.056+0000][75][info ][safepoint   ] Safepoint "Cleanup", Time since last: 5001184550 ns, Reaching safepoint: 37413 ns, Cleanup: 15709 ns, At safepoint: 6976 ns, Total: 60098 ns
[2025-05-26T02:51:01.057+0000][75][info ][safepoint   ] Safepoint "Cleanup", Time since last: 1000731096 ns, Reaching safepoint: 17482 ns, Cleanup: 16452 ns, At safepoint: 8270 ns, Total: 42204 ns
[2025-05-26T02:51:02.059+0000][75][info ][safepoint   ] Safepoint "Cleanup", Time since last: 1002230738 ns, Reaching safepoint: 15408 ns, Cleanup: 12240 ns, At safepoint: 6423 ns, Total: 34071 ns
[2025-05-26T02:51:04.060+0000][75][info ][safepoint   ] Safepoint "Cleanup", Time since last: 2000672493 ns, Reaching safepoint: 40334 ns, Cleanup: 11575 ns, At safepoint: 7476 ns, Total: 59385 ns
[2025-05-26T02:51:13.123+0000][75][info ][safepoint   ] Safepoint "Cleanup", Time since last: 9065207926 ns, Reaching safepoint: 17506 ns, Cleanup: 12018 ns, At safepoint: 7385 ns, Total: 36909 ns
[2025-05-26T02:51:18.127+0000][75][info ][safepoint   ] Safepoint "Cleanup", Time since last: 5004183295 ns, Reaching safepoint: 76833 ns, Cleanup: 18493 ns, At safepoint: 34390 ns, Total: 129716 ns
[2025-05-26T02:51:20.128+0000][75][info ][safepoint   ] Safepoint "Cleanup", Time since last: 2000836631 ns, Reaching safepoint: 28152 ns, Cleanup: 15550 ns, At safepoint: 9986 ns, Total: 53688 ns
[2025-05-26T02:51:22.129+0000][75][info ][safepoint   ] Safepoint "Cleanup", Time since last: 2000929622 ns, Reaching safepoint: 26531 ns, Cleanup: 19997 ns, At safepoint: 10209 ns, Total: 56737 ns
[2025-05-26T02:51:25.130+0000][75][info ][safepoint   ] Safepoint "Cleanup", Time since last: 3000989801 ns, Reaching safepoint: 31978 ns, Cleanup: 31307 ns, At safepoint: 17760 ns, Total: 81045 ns
[2025-05-26T02:51:28.132+0000][75][info ][safepoint   ] Safepoint "Cleanup", Time since last: 3001135794 ns, Reaching safepoint: 16375 ns, Cleanup: 14612 ns, At safepoint: 7702 ns, Total: 38689 ns
[2025-05-26T02:51:30.133+0000][75][info ][safepoint   ] Safepoint "Cleanup", Time since last: 2000944363 ns, Reaching safepoint: 111992 ns, Cleanup: 25615 ns, At safepoint: 22532 ns, Total: 160139 ns
[2025-05-26T02:51:32.134+0000][75][info ][safepoint   ] Safepoint "Cleanup", Time since last: 2000813026 ns, Reaching safepoint: 251131 ns, Cleanup: 17988 ns, At safepoint: 44952 ns, Total: 314071 ns
[2025-05-26T02:51:33.135+0000][75][info ][safepoint   ] Safepoint "Cleanup", Time since last: 1001277305 ns, Reaching safepoint: 77711 ns, Cleanup: 16630 ns, At safepoint: 35345 ns, Total: 129686 ns
[2025-05-26T02:51:35.138+0000][75][info ][safepoint   ] Safepoint "Cleanup", Time since last: 2002417528 ns, Reaching safepoint: 18428 ns, Cleanup: 20285 ns, At safepoint: 8027 ns, Total: 46740 ns
[2025-05-26T02:51:36.747+0000][75][info ][safepoint   ] Safepoint "Cleanup", Time since last: 1609513972 ns, Reaching safepoint: 8409 ns, Cleanup: 14982 ns, At safepoint: 3174 ns, Total: 26565 ns
[2025-05-26T02:51:38.667+0000][75][info ][safepoint   ] Safepoint "Cleanup", Time since last: 1919489041 ns, Reaching safepoint: 26429 ns, Cleanup: 26206 ns, At safepoint: 10412 ns, Total: 63047 ns
[2025-05-26T02:51:39.668+0000][75][info ][safepoint   ] Safepoint "Cleanup", Time since last: 1000922327 ns, Reaching safepoint: 24853 ns, Cleanup: 21057 ns, At safepoint: 33145 ns, Total: 79055 ns
[2025-05-26T02:51:55.148+0000][75][info ][safepoint   ] Safepoint "Cleanup", Time since last: 15482493154 ns, Reaching safepoint: 20033 ns, Cleanup: 27710 ns, At safepoint: 7912 ns, Total: 55655 ns
[2025-05-26T02:51:57.659+0000][75][info ][safepoint   ] Safepoint "Cleanup", Time since last: 2510964741 ns, Reaching safepoint: 14093 ns, Cleanup: 15793 ns, At safepoint: 20295 ns, Total: 50181 ns
[2025-05-26T02:51:58.674+0000][75][info ][safepoint   ] Safepoint "Cleanup", Time since last: 1014911141 ns, Reaching safepoint: 6134 ns, Cleanup: 23287 ns, At safepoint: 2721 ns, Total: 32142 ns
[2025-05-26T02:51:59.900+0000][75][info ][safepoint   ] Safepoint "Cleanup", Time since last: 1226188545 ns, Reaching safepoint: 18710 ns, Cleanup: 19549 ns, At safepoint: 8064 ns, Total: 46323 ns
[2025-05-26T02:52:00.901+0000][75][info ][safepoint   ] Safepoint "Cleanup", Time since last: 1000563919 ns, Reaching safepoint: 26108 ns, Cleanup: 16826 ns, At safepoint: 11078 ns, Total: 54012 ns
[2025-05-26T02:52:04.027+0000][75][info ][safepoint   ] Safepoint "Cleanup", Time since last: 3016956282 ns, Reaching safepoint: 109072505 ns, Cleanup: 63653 ns, At safepoint: 302274 ns, Total: 109438432 ns
[2025-05-26T02:52:05.089+0000][75][info ][safepoint   ] Safepoint "Cleanup", Time since last: 1061632819 ns, Reaching safepoint: 12092 ns, Cleanup: 7207 ns, At safepoint: 16364 ns, Total: 35663 ns
[2025-05-26T02:52:05.135+0000][75][info ][gc,start    ] GC(18) Pause Young (Normal) (G1 Evacuation Pause)
[2025-05-26T02:52:05.138+0000][75][info ][gc,task     ] GC(18) Using 10 workers of 10 for evacuation
[2025-05-26T02:52:05.142+0000][75][debug][gc,age      ] GC(18) Desired survivor size 12582912 bytes, new threshold 15 (max threshold 15)
[2025-05-26T02:52:05.193+0000][75][info ][gc,phases   ] GC(18)   Pre Evacuate Collection Set: 7.75ms
[2025-05-26T02:52:05.200+0000][75][info ][gc,phases   ] GC(18)   Merge Heap Roots: 0.96ms
[2025-05-26T02:52:05.202+0000][75][info ][gc,phases   ] GC(18)   Evacuate Collection Set: 24.60ms
[2025-05-26T02:52:05.204+0000][75][info ][gc,phases   ] GC(18)   Post Evacuate Collection Set: 10.18ms
[2025-05-26T02:52:05.205+0000][75][info ][gc,phases   ] GC(18)   Other: 11.42ms
[2025-05-26T02:52:05.206+0000][75][trace][gc,age      ] GC(18) Age table with threshold 15 (max threshold 15)
[2025-05-26T02:52:05.206+0000][75][trace][gc,age      ] GC(18) - age   1:    1017304 bytes,    1017304 total
[2025-05-26T02:52:05.207+0000][75][trace][gc,age      ] GC(18) - age   2:     242840 bytes,    1260144 total
[2025-05-26T02:52:05.207+0000][75][trace][gc,age      ] GC(18) - age   3:     642736 bytes,    1902880 total
[2025-05-26T02:52:05.207+0000][75][trace][gc,age      ] GC(18) - age   4:    1548856 bytes,    3451736 total
[2025-05-26T02:52:05.208+0000][75][info ][gc,heap     ] GC(18) Eden regions: 47->0(47)
[2025-05-26T02:52:05.208+0000][75][info ][gc,heap     ] GC(18) Survivor regions: 1->1(6)
[2025-05-26T02:52:05.208+0000][75][info ][gc,heap     ] GC(18) Old regions: 26->26
[2025-05-26T02:52:05.209+0000][75][info ][gc,heap     ] GC(18) Humongous regions: 0->0
[2025-05-26T02:52:05.211+0000][75][info ][gc,metaspace] GC(18) Metaspace: 142821K(146688K)->142821K(146688K) NonClass: 123227K(125312K)->123227K(125312K) Class: 19593K(21376K)->19593K(21376K)
[2025-05-26T02:52:05.212+0000][75][info ][gc          ] GC(18) Pause Young (Normal) (G1 Evacuation Pause) 295M->107M(3880M) 76.645ms
[2025-05-26T02:52:05.212+0000][75][info ][gc,cpu      ] GC(18) User=0.25s Sys=0.01s Real=0.08s
[2025-05-26T02:52:05.213+0000][75][info ][safepoint   ] Safepoint "G1CollectForAllocation", Time since last: 46030836 ns, Reaching safepoint: 27107 ns, Cleanup: 5757 ns, At safepoint: 77935070 ns, Total: 77967934 ns
[2025-05-26T02:52:06.221+0000][75][info ][safepoint   ] Safepoint "Cleanup", Time since last: 1008295451 ns, Reaching safepoint: 14207 ns, Cleanup: 20152 ns, At safepoint: 32721 ns, Total: 67080 ns
[2025-05-26T02:52:10.236+0000][75][info ][safepoint   ] Safepoint "Cleanup", Time since last: 4014974307 ns, Reaching safepoint: 27229 ns, Cleanup: 15577 ns, At safepoint: 10287 ns, Total: 53093 ns
[2025-05-26T02:52:15.229+0000][75][info ][safepoint   ] Safepoint "Cleanup", Time since last: 5001282300 ns, Reaching safepoint: 34659 ns, Cleanup: 17245 ns, At safepoint: 18900 ns, Total: 70804 ns
[2025-05-26T02:52:16.230+0000][75][info ][safepoint   ] Safepoint "Cleanup", Time since last: 1000634398 ns, Reaching safepoint: 17622 ns, Cleanup: 12871 ns, At safepoint: 7492 ns, Total: 37985 ns
[2025-05-26T02:52:18.231+0000][75][info ][safepoint   ] Safepoint "Cleanup", Time since last: 2000769355 ns, Reaching safepoint: 24473 ns, Cleanup: 15320 ns, At safepoint: 10128 ns, Total: 49921 ns
[2025-05-26T02:52:19.232+0000][75][info ][safepoint   ] Safepoint "Cleanup", Time since last: 1000569860 ns, Reaching safepoint: 55010 ns, Cleanup: 14856 ns, At safepoint: 12381 ns, Total: 82247 ns
[2025-05-26T02:52:28.234+0000][75][info ][safepoint   ] Safepoint "Cleanup", Time since last: 9002062656 ns, Reaching safepoint: 26750 ns, Cleanup: 16132 ns, At safepoint: 7449 ns, Total: 50331 ns
[2025-05-26T02:52:29.773+0000][75][info ][safepoint   ] Safepoint "Cleanup", Time since last: 1539315730 ns, Reaching safepoint: 86119 ns, Cleanup: 18863 ns, At safepoint: 23636 ns, Total: 128618 ns
[2025-05-26T02:52:31.133+0000][75][info ][safepoint   ] Safepoint "Cleanup", Time since last: 1359703201 ns, Reaching safepoint: 16517 ns, Cleanup: 13514 ns, At safepoint: 7335 ns, Total: 37366 ns
[2025-05-26T02:52:39.647+0000][75][info ][safepoint   ] Safepoint "Cleanup", Time since last: 8514351688 ns, Reaching safepoint: 14206 ns, Cleanup: 11841 ns, At safepoint: 50977 ns, Total: 77024 ns
[2025-05-26T02:52:41.309+0000][75][info ][safepoint   ] Safepoint "Cleanup", Time since last: 1661488342 ns, Reaching safepoint: 13846 ns, Cleanup: 101900 ns, At safepoint: 24527 ns, Total: 140273 ns
[2025-05-26T02:52:43.316+0000][75][info ][safepoint   ] Safepoint "Cleanup", Time since last: 2004316300 ns, Reaching safepoint: 19741 ns, Cleanup: 17225 ns, At safepoint: 12676 ns, Total: 49642 ns
[2025-05-26T02:52:50.318+0000][75][info ][safepoint   ] Safepoint "Cleanup", Time since last: 7001388048 ns, Reaching safepoint: 62861 ns, Cleanup: 38946 ns, At safepoint: 17734 ns, Total: 119541 ns
[2025-05-26T02:52:54.205+0000][75][info ][safepoint   ] Safepoint "Cleanup", Time since last: 3887444399 ns, Reaching safepoint: 77568 ns, Cleanup: 15694 ns, At safepoint: 11270 ns, Total: 104532 ns
[2025-05-26T02:52:55.206+0000][75][info ][safepoint   ] Safepoint "Cleanup", Time since last: 1000891469 ns, Reaching safepoint: 24503 ns, Cleanup: 18210 ns, At safepoint: 10273 ns, Total: 52986 ns
[2025-05-26T02:52:57.207+0000][75][info ][safepoint   ] Safepoint "Cleanup", Time since last: 2001252994 ns, Reaching safepoint: 29270 ns, Cleanup: 15751 ns, At safepoint: 18356 ns, Total: 63377 ns
[2025-05-26T02:52:58.208+0000][75][info ][safepoint   ] Safepoint "Cleanup", Time since last: 1000733202 ns, Reaching safepoint: 29914 ns, Cleanup: 15519 ns, At safepoint: 17563 ns, Total: 62996 ns
[2025-05-26T02:53:00.209+0000][75][info ][safepoint   ] Safepoint "Cleanup", Time since last: 2001014881 ns, Reaching safepoint: 32284 ns, Cleanup: 19059 ns, At safepoint: 12213 ns, Total: 63556 ns
[2025-05-26T02:53:04.210+0000][75][info ][safepoint   ] Safepoint "Cleanup", Time since last: 4001080413 ns, Reaching safepoint: 19932 ns, Cleanup: 11970 ns, At safepoint: 9519 ns, Total: 41421 ns
[2025-05-26T02:53:10.212+0000][75][info ][safepoint   ] Safepoint "Cleanup", Time since last: 6001350176 ns, Reaching safepoint: 42708 ns, Cleanup: 14499 ns, At safepoint: 8154 ns, Total: 65361 ns
[2025-05-26T02:53:12.213+0000][75][info ][safepoint   ] Safepoint "Cleanup", Time since last: 2000799894 ns, Reaching safepoint: 32810 ns, Cleanup: 16562 ns, At safepoint: 17694 ns, Total: 67066 ns
[2025-05-26T02:53:28.214+0000][75][info ][safepoint   ] Safepoint "Cleanup", Time since last: 16003375205 ns, Reaching safepoint: 171398 ns, Cleanup: 19407 ns, At safepoint: 12336 ns, Total: 203141 ns
[2025-05-26T02:53:30.215+0000][75][info ][safepoint   ] Safepoint "Cleanup", Time since last: 2001169368 ns, Reaching safepoint: 28882 ns, Cleanup: 18021 ns, At safepoint: 11929 ns, Total: 58832 ns
[2025-05-26T02:53:31.215+0000][75][info ][safepoint   ] Safepoint "Cleanup", Time since last: 1000640847 ns, Reaching safepoint: 18419 ns, Cleanup: 13048 ns, At safepoint: 8763 ns, Total: 40230 ns
[2025-05-26T02:53:33.216+0000][75][info ][safepoint   ] Safepoint "Cleanup", Time since last: 2000994532 ns, Reaching safepoint: 18636 ns, Cleanup: 13072 ns, At safepoint: 8693 ns, Total: 40401 ns
[2025-05-26T02:53:34.218+0000][75][info ][safepoint   ] Safepoint "Cleanup", Time since last: 1001816186 ns, Reaching safepoint: 32791 ns, Cleanup: 17955 ns, At safepoint: 20799 ns, Total: 71545 ns
[2025-05-26T02:53:35.219+0000][75][info ][safepoint   ] Safepoint "Cleanup", Time since last: 1000728781 ns, Reaching safepoint: 34178 ns, Cleanup: 17319 ns, At safepoint: 18155 ns, Total: 69652 ns
[2025-05-26T02:53:42.671+0000][75][info ][safepoint   ] Safepoint "Cleanup", Time since last: 7451725490 ns, Reaching safepoint: 18584 ns, Cleanup: 19801 ns, At safepoint: 67581 ns, Total: 105966 ns
[2025-05-26T02:53:44.339+0000][75][info ][safepoint   ] Safepoint "Cleanup", Time since last: 1670382811 ns, Reaching safepoint: 19025 ns, Cleanup: 17580 ns, At safepoint: 7631 ns, Total: 44236 ns
[2025-05-26T02:53:55.237+0000][75][info ][safepoint   ] Safepoint "Cleanup", Time since last: 10897924130 ns, Reaching safepoint: 27461 ns, Cleanup: 31989 ns, At safepoint: 21378 ns, Total: 80828 ns
[2025-05-26T02:53:57.239+0000][75][info ][safepoint   ] Safepoint "Cleanup", Time since last: 2001341867 ns, Reaching safepoint: 27850 ns, Cleanup: 16576 ns, At safepoint: 11345 ns, Total: 55771 ns
[2025-05-26T02:53:58.239+0000][75][info ][safepoint   ] Safepoint "Cleanup", Time since last: 1000649675 ns, Reaching safepoint: 76181 ns, Cleanup: 14385 ns, At safepoint: 9783 ns, Total: 100349 ns
[2025-05-26T02:54:02.241+0000][75][info ][safepoint   ] Safepoint "Cleanup", Time since last: 4001148628 ns, Reaching safepoint: 32571 ns, Cleanup: 17762 ns, At safepoint: 18134 ns, Total: 68467 ns
[2025-05-26T02:54:04.242+0000][75][info ][safepoint   ] Safepoint "Cleanup", Time since last: 2000937946 ns, Reaching safepoint: 70480 ns, Cleanup: 19694 ns, At safepoint: 22698 ns, Total: 112872 ns
[2025-05-26T02:54:10.243+0000][75][info ][safepoint   ] Safepoint "Cleanup", Time since last: 6001367673 ns, Reaching safepoint: 60755 ns, Cleanup: 17750 ns, At safepoint: 12030 ns, Total: 90535 ns
[2025-05-26T02:54:13.271+0000][75][info ][safepoint   ] Safepoint "Cleanup", Time since last: 3030704565 ns, Reaching safepoint: 32777 ns, Cleanup: 18703 ns, At safepoint: 20506 ns, Total: 71986 ns
[2025-05-26T02:54:20.273+0000][75][info ][safepoint   ] Safepoint "Cleanup", Time since last: 7001945851 ns, Reaching safepoint: 32143 ns, Cleanup: 16373 ns, At safepoint: 16590 ns, Total: 65106 ns
[2025-05-26T02:54:23.275+0000][75][info ][safepoint   ] Safepoint "Cleanup", Time since last: 3001489227 ns, Reaching safepoint: 158060 ns, Cleanup: 17391 ns, At safepoint: 29561 ns, Total: 205012 ns
[2025-05-26T02:54:27.277+0000][75][info ][safepoint   ] Safepoint "Cleanup", Time since last: 4002491787 ns, Reaching safepoint: 29917 ns, Cleanup: 26992 ns, At safepoint: 16050 ns, Total: 72959 ns
[2025-05-26T02:54:28.278+0000][75][info ][safepoint   ] Safepoint "Cleanup", Time since last: 1000848720 ns, Reaching safepoint: 24740 ns, Cleanup: 15235 ns, At safepoint: 10382 ns, Total: 50357 ns
[2025-05-26T02:54:35.280+0000][75][info ][safepoint   ] Safepoint "Cleanup", Time since last: 7001831307 ns, Reaching safepoint: 31997 ns, Cleanup: 16779 ns, At safepoint: 18090 ns, Total: 66866 ns
[2025-05-26T02:54:43.281+0000][75][info ][safepoint   ] Safepoint "Cleanup", Time since last: 8003011594 ns, Reaching safepoint: 46484 ns, Cleanup: 16645 ns, At safepoint: 8499 ns, Total: 71628 ns
[2025-05-26T02:54:45.282+0000][75][info ][safepoint   ] Safepoint "Cleanup", Time since last: 2000715689 ns, Reaching safepoint: 26987 ns, Cleanup: 17193 ns, At safepoint: 11183 ns, Total: 55363 ns
[2025-05-26T02:54:46.362+0000][75][info ][safepoint   ] Safepoint "Cleanup", Time since last: 1080008555 ns, Reaching safepoint: 15445 ns, Cleanup: 26645 ns, At safepoint: 82396 ns, Total: 124486 ns
[2025-05-26T02:54:48.376+0000][75][info ][safepoint   ] Safepoint "Cleanup", Time since last: 2014359572 ns, Reaching safepoint: 26038 ns, Cleanup: 16929 ns, At safepoint: 11481 ns, Total: 54448 ns
[2025-05-26T02:54:55.268+0000][75][info ][safepoint   ] Safepoint "Cleanup", Time since last: 6891582322 ns, Reaching safepoint: 33743 ns, Cleanup: 125741 ns, At safepoint: 37372 ns, Total: 196856 ns
[2025-05-26T02:55:00.270+0000][75][info ][safepoint   ] Safepoint "Cleanup", Time since last: 5001329578 ns, Reaching safepoint: 27565 ns, Cleanup: 15138 ns, At safepoint: 12051 ns, Total: 54754 ns
[2025-05-26T02:55:01.270+0000][75][info ][safepoint   ] Safepoint "Cleanup", Time since last: 1000764508 ns, Reaching safepoint: 32136 ns, Cleanup: 17391 ns, At safepoint: 17352 ns, Total: 66879 ns
[2025-05-26T02:55:05.272+0000][75][info ][safepoint   ] Safepoint "Cleanup", Time since last: 4001201535 ns, Reaching safepoint: 30683 ns, Cleanup: 15513 ns, At safepoint: 17254 ns, Total: 63450 ns
[2025-05-26T02:55:28.273+0000][75][info ][safepoint   ] Safepoint "Cleanup", Time since last: 23003953790 ns, Reaching safepoint: 24441 ns, Cleanup: 14950 ns, At safepoint: 9626 ns, Total: 49017 ns
[2025-05-26T02:55:30.275+0000][75][info ][safepoint   ] Safepoint "Cleanup", Time since last: 2001855851 ns, Reaching safepoint: 33944 ns, Cleanup: 18559 ns, At safepoint: 19630 ns, Total: 72133 ns
[2025-05-26T02:55:31.275+0000][75][info ][safepoint   ] Safepoint "Cleanup", Time since last: 1000604515 ns, Reaching safepoint: 33025 ns, Cleanup: 17469 ns, At safepoint: 17522 ns, Total: 68016 ns
[2025-05-26T02:55:34.276+0000][75][info ][safepoint   ] Safepoint "Cleanup", Time since last: 3000949703 ns, Reaching safepoint: 32797 ns, Cleanup: 18395 ns, At safepoint: 20356 ns, Total: 71548 ns
[2025-05-26T02:55:35.277+0000][75][info ][safepoint   ] Safepoint "Cleanup", Time since last: 1000785530 ns, Reaching safepoint: 29544 ns, Cleanup: 16350 ns, At safepoint: 16127 ns, Total: 62021 ns
[2025-05-26T02:55:48.648+0000][75][info ][safepoint   ] Safepoint "Cleanup", Time since last: 13372456163 ns, Reaching safepoint: 658279 ns, Cleanup: 17880 ns, At safepoint: 101755 ns, Total: 777914 ns
[2025-05-26T02:55:50.413+0000][75][info ][safepoint   ] Safepoint "Cleanup", Time since last: 1765897032 ns, Reaching safepoint: 21094 ns, Cleanup: 22805 ns, At safepoint: 9867 ns, Total: 53766 ns
[2025-05-26T02:55:55.298+0000][75][info ][safepoint   ] Safepoint "Cleanup", Time since last: 4884768816 ns, Reaching safepoint: 57111 ns, Cleanup: 20271 ns, At safepoint: 11230 ns, Total: 88612 ns
[2025-05-26T02:55:58.300+0000][75][info ][safepoint   ] Safepoint "Cleanup", Time since last: 3001659013 ns, Reaching safepoint: 17815 ns, Cleanup: 16561 ns, At safepoint: 7735 ns, Total: 42111 ns
[2025-05-26T02:56:00.311+0000][75][info ][safepoint   ] Safepoint "Cleanup", Time since last: 2011046711 ns, Reaching safepoint: 19792 ns, Cleanup: 13864 ns, At safepoint: 8585 ns, Total: 42241 ns
[2025-05-26T02:56:01.312+0000][75][info ][safepoint   ] Safepoint "Cleanup", Time since last: 1000653538 ns, Reaching safepoint: 32235 ns, Cleanup: 18336 ns, At safepoint: 15896 ns, Total: 66467 ns
[2025-05-26T02:56:04.314+0000][75][info ][safepoint   ] Safepoint "Cleanup", Time since last: 3001844786 ns, Reaching safepoint: 19297 ns, Cleanup: 14544 ns, At safepoint: 9509 ns, Total: 43350 ns
[2025-05-26T02:56:05.315+0000][75][info ][safepoint   ] Safepoint "Cleanup", Time since last: 1001158347 ns, Reaching safepoint: 31540 ns, Cleanup: 16508 ns, At safepoint: 18165 ns, Total: 66213 ns
[2025-05-26T02:56:07.316+0000][75][info ][safepoint   ] Safepoint "Cleanup", Time since last: 2001058572 ns, Reaching safepoint: 35002 ns, Cleanup: 19134 ns, At safepoint: 17989 ns, Total: 72125 ns
[2025-05-26T02:56:08.318+0000][75][info ][safepoint   ] Safepoint "Cleanup", Time since last: 1001703625 ns, Reaching safepoint: 30506 ns, Cleanup: 16294 ns, At safepoint: 16896 ns, Total: 63696 ns
[2025-05-26T02:56:16.318+0000][75][info ][safepoint   ] Safepoint "Cleanup", Time since last: 8001831588 ns, Reaching safepoint: 86475 ns, Cleanup: 17988 ns, At safepoint: 20374 ns, Total: 124837 ns
[2025-05-26T02:56:27.321+0000][75][info ][safepoint   ] Safepoint "Cleanup", Time since last: 11002798902 ns, Reaching safepoint: 75683 ns, Cleanup: 22517 ns, At safepoint: 20746 ns, Total: 118946 ns
[2025-05-26T02:56:28.321+0000][75][info ][safepoint   ] Safepoint "Cleanup", Time since last: 1000747223 ns, Reaching safepoint: 29924 ns, Cleanup: 24416 ns, At safepoint: 17040 ns, Total: 71380 ns
[2025-05-26T02:56:30.322+0000][75][info ][safepoint   ] Safepoint "Cleanup", Time since last: 2000865267 ns, Reaching safepoint: 28943 ns, Cleanup: 24122 ns, At safepoint: 11899 ns, Total: 64964 ns
[2025-05-26T02:56:31.323+0000][75][info ][safepoint   ] Safepoint "Cleanup", Time since last: 1000663978 ns, Reaching safepoint: 31869 ns, Cleanup: 16602 ns, At safepoint: 18687 ns, Total: 67158 ns
[2025-05-26T02:56:31.350+0000][75][info ][gc,start    ] GC(19) Pause Young (Normal) (G1 Evacuation Pause)
[2025-05-26T02:56:31.353+0000][75][info ][gc,task     ] GC(19) Using 10 workers of 10 for evacuation
[2025-05-26T02:56:31.354+0000][75][debug][gc,age      ] GC(19) Desired survivor size 12582912 bytes, new threshold 15 (max threshold 15)
[2025-05-26T02:56:31.362+0000][75][info ][gc,phases   ] GC(19)   Pre Evacuate Collection Set: 1.21ms
[2025-05-26T02:56:31.362+0000][75][info ][gc,phases   ] GC(19)   Merge Heap Roots: 0.49ms
[2025-05-26T02:56:31.362+0000][75][info ][gc,phases   ] GC(19)   Evacuate Collection Set: 3.92ms
[2025-05-26T02:56:31.363+0000][75][info ][gc,phases   ] GC(19)   Post Evacuate Collection Set: 1.76ms
[2025-05-26T02:56:31.364+0000][75][info ][gc,phases   ] GC(19)   Other: 1.03ms
[2025-05-26T02:56:31.364+0000][75][trace][gc,age      ] GC(19) Age table with threshold 15 (max threshold 15)
[2025-05-26T02:56:31.365+0000][75][trace][gc,age      ] GC(19) - age   1:     789584 bytes,     789584 total
[2025-05-26T02:56:31.365+0000][75][trace][gc,age      ] GC(19) - age   2:      44272 bytes,     833856 total
[2025-05-26T02:56:31.366+0000][75][trace][gc,age      ] GC(19) - age   3:      87016 bytes,     920872 total
[2025-05-26T02:56:31.366+0000][75][trace][gc,age      ] GC(19) - age   4:     636784 bytes,    1557656 total
[2025-05-26T02:56:31.367+0000][75][trace][gc,age      ] GC(19) - age   5:    1548368 bytes,    3106024 total
[2025-05-26T02:56:31.367+0000][75][info ][gc,heap     ] GC(19) Eden regions: 47->0(47)
[2025-05-26T02:56:31.367+0000][75][info ][gc,heap     ] GC(19) Survivor regions: 1->1(6)
[2025-05-26T02:56:31.368+0000][75][info ][gc,heap     ] GC(19) Old regions: 26->26
[2025-05-26T02:56:31.368+0000][75][info ][gc,heap     ] GC(19) Humongous regions: 0->0
[2025-05-26T02:56:31.369+0000][75][info ][gc,metaspace] GC(19) Metaspace: 143034K(146880K)->143034K(146880K) NonClass: 123440K(125504K)->123440K(125504K) Class: 19593K(21376K)->19593K(21376K)
[2025-05-26T02:56:31.369+0000][75][info ][gc          ] GC(19) Pause Young (Normal) (G1 Evacuation Pause) 295M->106M(3880M) 18.595ms
[2025-05-26T02:56:31.369+0000][75][info ][gc,cpu      ] GC(19) User=0.05s Sys=0.00s Real=0.02s
[2025-05-26T02:56:31.370+0000][75][info ][safepoint   ] Safepoint "G1CollectForAllocation", Time since last: 27003561 ns, Reaching safepoint: 26636 ns, Cleanup: 5347 ns, At safepoint: 19550203 ns, Total: 19582186 ns
[2025-05-26T02:56:33.370+0000][75][info ][safepoint   ] Safepoint "Cleanup", Time since last: 2000752944 ns, Reaching safepoint: 19430 ns, Cleanup: 13087 ns, At safepoint: 10145 ns, Total: 42662 ns
[2025-05-26T02:56:35.371+0000][75][info ][safepoint   ] Safepoint "Cleanup", Time since last: 2000899649 ns, Reaching safepoint: 32453 ns, Cleanup: 18040 ns, At safepoint: 16574 ns, Total: 67067 ns
[2025-05-26T02:56:43.370+0000][75][info ][safepoint   ] Safepoint "Cleanup", Time since last: 8001878213 ns, Reaching safepoint: 63282 ns, Cleanup: 16768 ns, At safepoint: 12360 ns, Total: 92410 ns
[2025-05-26T02:56:44.455+0000][75][info ][safepoint   ] Safepoint "Cleanup", Time since last: 1084581642 ns, Reaching safepoint: 19996 ns, Cleanup: 15864 ns, At safepoint: 9038 ns, Total: 44898 ns
[2025-05-26T02:56:46.460+0000][75][info ][safepoint   ] Safepoint "Cleanup", Time since last: 2005258211 ns, Reaching safepoint: 30683 ns, Cleanup: 16601 ns, At safepoint: 16574 ns, Total: 63858 ns
[2025-05-26T02:56:51.636+0000][75][info ][safepoint   ] Safepoint "Cleanup", Time since last: 5175608297 ns, Reaching safepoint: 8043 ns, Cleanup: 9673 ns, At safepoint: 3502 ns, Total: 21218 ns
[2025-05-26T02:56:53.448+0000][75][info ][safepoint   ] Safepoint "Cleanup", Time since last: 1811845090 ns, Reaching safepoint: 33903 ns, Cleanup: 26831 ns, At safepoint: 53062 ns, Total: 113796 ns
[2025-05-26T02:56:54.448+0000][75][info ][safepoint   ] Safepoint "Cleanup", Time since last: 1000707141 ns, Reaching safepoint: 31288 ns, Cleanup: 15976 ns, At safepoint: 16571 ns, Total: 63835 ns
[2025-05-26T02:56:55.449+0000][75][info ][safepoint   ] Safepoint "Cleanup", Time since last: 1000551858 ns, Reaching safepoint: 27836 ns, Cleanup: 31198 ns, At safepoint: 17099 ns, Total: 76133 ns
[2025-05-26T02:57:04.451+0000][75][info ][safepoint   ] Safepoint "Cleanup", Time since last: 9001739321 ns, Reaching safepoint: 25553 ns, Cleanup: 21540 ns, At safepoint: 24977 ns, Total: 72070 ns
[2025-05-26T02:57:05.452+0000][75][info ][safepoint   ] Safepoint "Cleanup", Time since last: 1000602351 ns, Reaching safepoint: 93127 ns, Cleanup: 11717 ns, At safepoint: 23950 ns, Total: 128794 ns
[2025-05-26T02:57:06.637+0000][75][info ][safepoint   ] Safepoint "Cleanup", Time since last: 1185869492 ns, Reaching safepoint: 6195 ns, Cleanup: 11148 ns, At safepoint: 15165 ns, Total: 32508 ns
[2025-05-26T02:57:08.474+0000][75][info ][safepoint   ] Safepoint "Cleanup", Time since last: 1836466317 ns, Reaching safepoint: 18056 ns, Cleanup: 58956 ns, At safepoint: 8687 ns, Total: 85699 ns
[2025-05-26T02:57:09.501+0000][75][info ][safepoint   ] Safepoint "Cleanup", Time since last: 1026957280 ns, Reaching safepoint: 16809 ns, Cleanup: 12027 ns, At safepoint: 8430 ns, Total: 37266 ns
[2025-05-26T02:57:12.503+0000][75][info ][safepoint   ] Safepoint "Cleanup", Time since last: 3002227920 ns, Reaching safepoint: 163309 ns, Cleanup: 17321 ns, At safepoint: 13918 ns, Total: 194548 ns
[2025-05-26T02:57:15.502+0000][75][info ][safepoint   ] Safepoint "Cleanup", Time since last: 3001259874 ns, Reaching safepoint: 19269 ns, Cleanup: 13202 ns, At safepoint: 8700 ns, Total: 41171 ns
[2025-05-26T02:57:16.503+0000][75][info ][safepoint   ] Safepoint "Cleanup", Time since last: 1001330298 ns, Reaching safepoint: 29730 ns, Cleanup: 18633 ns, At safepoint: 16881 ns, Total: 65244 ns
[2025-05-26T02:57:18.504+0000][75][info ][safepoint   ] Safepoint "Cleanup", Time since last: 2000897607 ns, Reaching safepoint: 32152 ns, Cleanup: 16518 ns, At safepoint: 18817 ns, Total: 67487 ns
[2025-05-26T02:57:19.505+0000][75][info ][safepoint   ] Safepoint "Cleanup", Time since last: 1000720633 ns, Reaching safepoint: 31895 ns, Cleanup: 19671 ns, At safepoint: 18407 ns, Total: 69973 ns
[2025-05-26T02:57:25.507+0000][75][info ][safepoint   ] Safepoint "Cleanup", Time since last: 6001543511 ns, Reaching safepoint: 29799 ns, Cleanup: 23232 ns, At safepoint: 16883 ns, Total: 69914 ns
[2025-05-26T02:57:29.714+0000][75][info ][safepoint   ] Safepoint "Cleanup", Time since last: 4206757987 ns, Reaching safepoint: 24357 ns, Cleanup: 18982 ns, At safepoint: 45257 ns, Total: 88596 ns
[2025-05-26T02:57:31.265+0000][75][info ][safepoint   ] Safepoint "Cleanup", Time since last: 1550925831 ns, Reaching safepoint: 23267 ns, Cleanup: 14098 ns, At safepoint: 9527 ns, Total: 46892 ns
[2025-05-26T02:57:35.271+0000][75][info ][safepoint   ] Safepoint "Cleanup", Time since last: 4006414190 ns, Reaching safepoint: 20606 ns, Cleanup: 13277 ns, At safepoint: 9009 ns, Total: 42892 ns
[2025-05-26T02:57:37.272+0000][75][info ][safepoint   ] Safepoint "Cleanup", Time since last: 2000836376 ns, Reaching safepoint: 34008 ns, Cleanup: 18178 ns, At safepoint: 71042 ns, Total: 123228 ns
[2025-05-26T02:57:38.273+0000][75][info ][safepoint   ] Safepoint "Cleanup", Time since last: 1000837939 ns, Reaching safepoint: 24659 ns, Cleanup: 14420 ns, At safepoint: 10647 ns, Total: 49726 ns
[2025-05-26T02:57:50.273+0000][75][info ][safepoint   ] Safepoint "Cleanup", Time since last: 12002364828 ns, Reaching safepoint: 66128 ns, Cleanup: 19563 ns, At safepoint: 11409 ns, Total: 97100 ns
[2025-05-26T02:57:53.362+0000][75][info ][safepoint   ] Safepoint "Cleanup", Time since last: 3088467803 ns, Reaching safepoint: 20332 ns, Cleanup: 14037 ns, At safepoint: 9532 ns, Total: 43901 ns
[2025-05-26T02:57:54.645+0000][75][info ][safepoint   ] Safepoint "Cleanup", Time since last: 1282022141 ns, Reaching safepoint: 926103 ns, Cleanup: 26314 ns, At safepoint: 150970 ns, Total: 1103387 ns
[2025-05-26T02:57:56.529+0000][75][info ][safepoint   ] Safepoint "Cleanup", Time since last: 1883953020 ns, Reaching safepoint: 5787 ns, Cleanup: 36985 ns, At safepoint: 12813 ns, Total: 55585 ns
[2025-05-26T02:57:58.533+0000][75][info ][safepoint   ] Safepoint "Cleanup", Time since last: 2003847586 ns, Reaching safepoint: 45124 ns, Cleanup: 13403 ns, At safepoint: 9247 ns, Total: 67774 ns
[2025-05-26T02:58:00.534+0000][75][info ][safepoint   ] Safepoint "Cleanup", Time since last: 2000654879 ns, Reaching safepoint: 19226 ns, Cleanup: 13668 ns, At safepoint: 8723 ns, Total: 41617 ns
[2025-05-26T02:58:04.535+0000][75][info ][safepoint   ] Safepoint "Cleanup", Time since last: 4000973638 ns, Reaching safepoint: 21707 ns, Cleanup: 15926 ns, At safepoint: 10247 ns, Total: 47880 ns
[2025-05-26T02:58:08.537+0000][75][info ][safepoint   ] Safepoint "Cleanup", Time since last: 4002588615 ns, Reaching safepoint: 23544 ns, Cleanup: 15617 ns, At safepoint: 9797 ns, Total: 48958 ns
[2025-05-26T02:58:10.538+0000][75][info ][safepoint   ] Safepoint "Cleanup", Time since last: 2000727628 ns, Reaching safepoint: 30115 ns, Cleanup: 17539 ns, At safepoint: 17427 ns, Total: 65081 ns
[2025-05-26T02:58:13.537+0000][75][info ][safepoint   ] Safepoint "Cleanup", Time since last: 3000902225 ns, Reaching safepoint: 70172 ns, Cleanup: 19064 ns, At safepoint: 18305 ns, Total: 107541 ns
[2025-05-26T02:58:15.538+0000][75][info ][safepoint   ] Safepoint "Cleanup", Time since last: 2001734250 ns, Reaching safepoint: 22522 ns, Cleanup: 14342 ns, At safepoint: 8405 ns, Total: 45269 ns
[2025-05-26T02:58:16.540+0000][75][info ][safepoint   ] Safepoint "Cleanup", Time since last: 1001434929 ns, Reaching safepoint: 17723 ns, Cleanup: 13485 ns, At safepoint: 8963 ns, Total: 40171 ns
[2025-05-26T02:58:30.542+0000][75][info ][safepoint   ] Safepoint "Cleanup", Time since last: 14002120002 ns, Reaching safepoint: 59001 ns, Cleanup: 15692 ns, At safepoint: 13166 ns, Total: 87859 ns
[2025-05-26T02:58:31.543+0000][75][info ][safepoint   ] Safepoint "Cleanup", Time since last: 1000622216 ns, Reaching safepoint: 37498 ns, Cleanup: 20385 ns, At safepoint: 12317 ns, Total: 70200 ns
[2025-05-26T02:58:40.545+0000][75][info ][safepoint   ] Safepoint "Cleanup", Time since last: 9001889170 ns, Reaching safepoint: 31130 ns, Cleanup: 14801 ns, At safepoint: 18524 ns, Total: 64455 ns
[2025-05-26T02:58:43.543+0000][75][info ][safepoint   ] Safepoint "Cleanup", Time since last: 3000826966 ns, Reaching safepoint: 41549 ns, Cleanup: 13548 ns, At safepoint: 11126 ns, Total: 66223 ns
[2025-05-26T02:58:49.547+0000][75][info ][safepoint   ] Safepoint "Cleanup", Time since last: 6003785049 ns, Reaching safepoint: 18370 ns, Cleanup: 14392 ns, At safepoint: 9672 ns, Total: 42434 ns
[2025-05-26T02:58:50.547+0000][75][info ][safepoint   ] Safepoint "Cleanup", Time since last: 1000622093 ns, Reaching safepoint: 21254 ns, Cleanup: 16278 ns, At safepoint: 9061 ns, Total: 46593 ns
[2025-05-26T02:58:57.633+0000][75][info ][safepoint   ] Safepoint "Cleanup", Time since last: 7085718941 ns, Reaching safepoint: 11443 ns, Cleanup: 9303 ns, At safepoint: 39496 ns, Total: 60242 ns
[2025-05-26T02:58:59.558+0000][75][info ][safepoint   ] Safepoint "Cleanup", Time since last: 1924493462 ns, Reaching safepoint: 26866 ns, Cleanup: 25423 ns, At safepoint: 11184 ns, Total: 63473 ns
[2025-05-26T02:59:00.559+0000][75][info ][safepoint   ] Safepoint "Cleanup", Time since last: 1001005033 ns, Reaching safepoint: 25319 ns, Cleanup: 25401 ns, At safepoint: 11710 ns, Total: 62430 ns
[2025-05-26T02:59:01.560+0000][75][info ][safepoint   ] Safepoint "Cleanup", Time since last: 1001227506 ns, Reaching safepoint: 18728 ns, Cleanup: 13771 ns, At safepoint: 10019 ns, Total: 42518 ns
[2025-05-26T02:59:05.562+0000][75][info ][safepoint   ] Safepoint "Cleanup", Time since last: 4001743797 ns, Reaching safepoint: 21743 ns, Cleanup: 14038 ns, At safepoint: 9711 ns, Total: 45492 ns
[2025-05-26T02:59:15.561+0000][75][info ][safepoint   ] Safepoint "Cleanup", Time since last: 10001832115 ns, Reaching safepoint: 47580 ns, Cleanup: 15480 ns, At safepoint: 9754 ns, Total: 72814 ns
[2025-05-26T02:59:22.563+0000][75][info ][safepoint   ] Safepoint "Cleanup", Time since last: 7001609750 ns, Reaching safepoint: 25665 ns, Cleanup: 16369 ns, At safepoint: 10871 ns, Total: 52905 ns
[2025-05-26T02:59:34.566+0000][75][info ][safepoint   ] Safepoint "Cleanup", Time since last: 12002843979 ns, Reaching safepoint: 29146 ns, Cleanup: 16608 ns, At safepoint: 10963 ns, Total: 56717 ns
[2025-05-26T02:59:55.423+0000][75][info ][safepoint   ] Safepoint "Cleanup", Time since last: 20859850250 ns, Reaching safepoint: 85722 ns, Cleanup: 24331 ns, At safepoint: 12569 ns, Total: 122622 ns
[2025-05-26T03:00:00.424+0000][75][info ][safepoint   ] Safepoint "Cleanup", Time since last: 5001522865 ns, Reaching safepoint: 32008 ns, Cleanup: 16344 ns, At safepoint: 17267 ns, Total: 65619 ns
[2025-05-26T03:00:01.580+0000][75][info ][safepoint   ] Safepoint "Cleanup", Time since last: 1155543061 ns, Reaching safepoint: 12311 ns, Cleanup: 23148 ns, At safepoint: 17443 ns, Total: 52902 ns
[2025-05-26T03:00:02.597+0000][75][info ][safepoint   ] Safepoint "Cleanup", Time since last: 1017021617 ns, Reaching safepoint: 30238 ns, Cleanup: 15043 ns, At safepoint: 16826 ns, Total: 62107 ns
[2025-05-26T03:00:10.599+0000][75][info ][safepoint   ] Safepoint "Cleanup", Time since last: 8001714920 ns, Reaching safepoint: 38366 ns, Cleanup: 19941 ns, At safepoint: 21194 ns, Total: 79501 ns
[2025-05-26T03:00:15.598+0000][75][info ][safepoint   ] Safepoint "Cleanup", Time since last: 5001338238 ns, Reaching safepoint: 76913 ns, Cleanup: 21799 ns, At safepoint: 35704 ns, Total: 134416 ns
[2025-05-26T03:00:20.600+0000][75][info ][safepoint   ] Safepoint "Cleanup", Time since last: 5001219834 ns, Reaching safepoint: 24814 ns, Cleanup: 15079 ns, At safepoint: 38610 ns, Total: 78503 ns
[2025-05-26T03:00:27.608+0000][75][info ][safepoint   ] Safepoint "Cleanup", Time since last: 7007841019 ns, Reaching safepoint: 35884 ns, Cleanup: 17085 ns, At safepoint: 179139 ns, Total: 232108 ns
[2025-05-26T03:00:30.609+0000][75][info ][safepoint   ] Safepoint "Cleanup", Time since last: 3001025667 ns, Reaching safepoint: 19559 ns, Cleanup: 14210 ns, At safepoint: 9431 ns, Total: 43200 ns
[2025-05-26T03:00:31.609+0000][75][info ][safepoint   ] Safepoint "Cleanup", Time since last: 1000488168 ns, Reaching safepoint: 17971 ns, Cleanup: 12488 ns, At safepoint: 8253 ns, Total: 38712 ns
[2025-05-26T03:00:50.610+0000][75][info ][safepoint   ] Safepoint "Cleanup", Time since last: 19002695664 ns, Reaching safepoint: 47269 ns, Cleanup: 16597 ns, At safepoint: 9518 ns, Total: 73384 ns
[2025-05-26T03:00:54.459+0000][75][info ][gc,start    ] GC(20) Pause Young (Normal) (G1 Evacuation Pause)
[2025-05-26T03:00:54.460+0000][75][info ][gc,task     ] GC(20) Using 10 workers of 10 for evacuation
[2025-05-26T03:00:54.460+0000][75][debug][gc,age      ] GC(20) Desired survivor size 12582912 bytes, new threshold 15 (max threshold 15)
[2025-05-26T03:00:54.466+0000][75][info ][gc,phases   ] GC(20)   Pre Evacuate Collection Set: 0.59ms
[2025-05-26T03:00:54.466+0000][75][info ][gc,phases   ] GC(20)   Merge Heap Roots: 0.24ms
[2025-05-26T03:00:54.466+0000][75][info ][gc,phases   ] GC(20)   Evacuate Collection Set: 3.16ms
[2025-05-26T03:00:54.467+0000][75][info ][gc,phases   ] GC(20)   Post Evacuate Collection Set: 1.08ms
[2025-05-26T03:00:54.467+0000][75][info ][gc,phases   ] GC(20)   Other: 0.75ms
[2025-05-26T03:00:54.467+0000][75][trace][gc,age      ] GC(20) Age table with threshold 15 (max threshold 15)
[2025-05-26T03:00:54.468+0000][75][trace][gc,age      ] GC(20) - age   1:     841672 bytes,     841672 total
[2025-05-26T03:00:54.468+0000][75][trace][gc,age      ] GC(20) - age   2:      28832 bytes,     870504 total
[2025-05-26T03:00:54.468+0000][75][trace][gc,age      ] GC(20) - age   3:      39008 bytes,     909512 total
[2025-05-26T03:00:54.469+0000][75][trace][gc,age      ] GC(20) - age   4:      79560 bytes,     989072 total
[2025-05-26T03:00:54.469+0000][75][trace][gc,age      ] GC(20) - age   5:     636552 bytes,    1625624 total
[2025-05-26T03:00:54.469+0000][75][trace][gc,age      ] GC(20) - age   6:    1547512 bytes,    3173136 total
[2025-05-26T03:00:54.470+0000][75][info ][gc,heap     ] GC(20) Eden regions: 47->0(47)
[2025-05-26T03:00:54.470+0000][75][info ][gc,heap     ] GC(20) Survivor regions: 1->1(6)
[2025-05-26T03:00:54.470+0000][75][info ][gc,heap     ] GC(20) Old regions: 26->26
[2025-05-26T03:00:54.471+0000][75][info ][gc,heap     ] GC(20) Humongous regions: 0->0
[2025-05-26T03:00:54.471+0000][75][info ][gc,metaspace] GC(20) Metaspace: 143233K(147136K)->143233K(147136K) NonClass: 123640K(125760K)->123640K(125760K) Class: 19593K(21376K)->19593K(21376K)
[2025-05-26T03:00:54.471+0000][75][info ][gc          ] GC(20) Pause Young (Normal) (G1 Evacuation Pause) 294M->106M(3880M) 11.704ms
[2025-05-26T03:00:54.472+0000][75][info ][gc,cpu      ] GC(20) User=0.01s Sys=0.03s Real=0.01s
[2025-05-26T03:00:54.472+0000][75][info ][safepoint   ] Safepoint "G1CollectForAllocation", Time since last: 3849648047 ns, Reaching safepoint: 113556 ns, Cleanup: 10158 ns, At safepoint: 12468727 ns, Total: 12592441 ns
[2025-05-26T03:01:00.473+0000][75][info ][safepoint   ] Safepoint "Cleanup", Time since last: 6001068405 ns, Reaching safepoint: 28802 ns, Cleanup: 16528 ns, At safepoint: 10913 ns, Total: 56243 ns
[2025-05-26T03:01:03.634+0000][75][info ][safepoint   ] Safepoint "Cleanup", Time since last: 3161026593 ns, Reaching safepoint: 30171 ns, Cleanup: 19680 ns, At safepoint: 130779 ns, Total: 180630 ns
[2025-05-26T03:01:05.627+0000][75][info ][safepoint   ] Safepoint "Cleanup", Time since last: 1992556427 ns, Reaching safepoint: 32859 ns, Cleanup: 27975 ns, At safepoint: 18282 ns, Total: 79116 ns
[2025-05-26T03:01:17.626+0000][75][info ][safepoint   ] Safepoint "Cleanup", Time since last: 12002436229 ns, Reaching safepoint: 67715 ns, Cleanup: 15899 ns, At safepoint: 29736 ns, Total: 113350 ns
[2025-05-26T03:01:18.627+0000][75][info ][safepoint   ] Safepoint "Cleanup", Time since last: 1000759044 ns, Reaching safepoint: 24811 ns, Cleanup: 16441 ns, At safepoint: 22784 ns, Total: 64036 ns
[2025-05-26T03:01:24.629+0000][75][info ][safepoint   ] Safepoint "Cleanup", Time since last: 6002149057 ns, Reaching safepoint: 19535 ns, Cleanup: 14845 ns, At safepoint: 9081 ns, Total: 43461 ns
[2025-05-26T03:01:30.631+0000][75][info ][safepoint   ] Safepoint "Cleanup", Time since last: 6001578706 ns, Reaching safepoint: 163165 ns, Cleanup: 19515 ns, At safepoint: 76620 ns, Total: 259300 ns
[2025-05-26T03:01:54.482+0000][75][info ][safepoint   ] Safepoint "Cleanup", Time since last: 23853199604 ns, Reaching safepoint: 20054 ns, Cleanup: 18735 ns, At safepoint: 8591 ns, Total: 47380 ns
[2025-05-26T03:01:55.482+0000][75][info ][safepoint   ] Safepoint "Cleanup", Time since last: 1000652813 ns, Reaching safepoint: 30687 ns, Cleanup: 22994 ns, At safepoint: 17675 ns, Total: 71356 ns
[2025-05-26T03:02:06.639+0000][75][info ][safepoint   ] Safepoint "Cleanup", Time since last: 11156320721 ns, Reaching safepoint: 5905 ns, Cleanup: 6442 ns, At safepoint: 3664 ns, Total: 16011 ns
[2025-05-26T03:02:07.644+0000][75][info ][safepoint   ] Safepoint "Cleanup", Time since last: 1004885840 ns, Reaching safepoint: 12037 ns, Cleanup: 21168 ns, At safepoint: 77235 ns, Total: 110440 ns
[2025-05-26T03:02:09.638+0000][75][info ][safepoint   ] Safepoint "Cleanup", Time since last: 1994344364 ns, Reaching safepoint: 5885 ns, Cleanup: 8307 ns, At safepoint: 15988 ns, Total: 30180 ns
[2025-05-26T03:02:10.641+0000][75][info ][safepoint   ] Safepoint "Cleanup", Time since last: 1003122587 ns, Reaching safepoint: 25513 ns, Cleanup: 24290 ns, At safepoint: 20960 ns, Total: 70763 ns
[2025-05-26T03:02:11.668+0000][75][info ][safepoint   ] Safepoint "Cleanup", Time since last: 1026166526 ns, Reaching safepoint: 35848 ns, Cleanup: 52635 ns, At safepoint: 19318 ns, Total: 107801 ns
[2025-05-26T03:02:20.668+0000][75][info ][safepoint   ] Safepoint "Cleanup", Time since last: 9002306854 ns, Reaching safepoint: 33183 ns, Cleanup: 21396 ns, At safepoint: 21342 ns, Total: 75921 ns
[2025-05-26T03:02:25.669+0000][75][info ][safepoint   ] Safepoint "Cleanup", Time since last: 5001600649 ns, Reaching safepoint: 31670 ns, Cleanup: 19322 ns, At safepoint: 16655 ns, Total: 67647 ns
[2025-05-26T03:02:28.670+0000][75][info ][safepoint   ] Safepoint "Cleanup", Time since last: 3001022178 ns, Reaching safepoint: 21211 ns, Cleanup: 19456 ns, At safepoint: 11399 ns, Total: 52066 ns
[2025-05-26T03:02:29.671+0000][75][info ][safepoint   ] Safepoint "Cleanup", Time since last: 1000613143 ns, Reaching safepoint: 20539 ns, Cleanup: 15444 ns, At safepoint: 10060 ns, Total: 46043 ns
[2025-05-26T03:02:31.363+0000][75][info ][safepoint   ] Safepoint "Cleanup", Time since last: 1692260126 ns, Reaching safepoint: 29120 ns, Cleanup: 49399 ns, At safepoint: 17073 ns, Total: 95592 ns
[2025-05-26T03:02:32.364+0000][75][info ][safepoint   ] Safepoint "Cleanup", Time since last: 1000803833 ns, Reaching safepoint: 33423 ns, Cleanup: 19585 ns, At safepoint: 19845 ns, Total: 72853 ns
[2025-05-26T03:02:35.365+0000][75][info ][safepoint   ] Safepoint "Cleanup", Time since last: 3000875370 ns, Reaching safepoint: 45186 ns, Cleanup: 12228 ns, At safepoint: 7978 ns, Total: 65392 ns
[2025-05-26T03:02:43.363+0000][75][info ][safepoint   ] Safepoint "Cleanup", Time since last: 8001601683 ns, Reaching safepoint: 30872 ns, Cleanup: 46251 ns, At safepoint: 26976 ns, Total: 104099 ns
[2025-05-26T03:02:54.513+0000][75][info ][safepoint   ] Safepoint "Cleanup", Time since last: 11150559942 ns, Reaching safepoint: 19635 ns, Cleanup: 13815 ns, At safepoint: 8993 ns, Total: 42443 ns
[2025-05-26T03:03:04.515+0000][75][info ][safepoint   ] Safepoint "Cleanup", Time since last: 10002054266 ns, Reaching safepoint: 55898 ns, Cleanup: 14571 ns, At safepoint: 11303 ns, Total: 81772 ns
[2025-05-26T03:03:09.623+0000][75][info ][safepoint   ] Safepoint "Cleanup", Time since last: 5108046250 ns, Reaching safepoint: 5875 ns, Cleanup: 7196 ns, At safepoint: 12398 ns, Total: 25469 ns
[2025-05-26T03:03:10.644+0000][75][info ][safepoint   ] Safepoint "Cleanup", Time since last: 1020811233 ns, Reaching safepoint: 29683 ns, Cleanup: 48481 ns, At safepoint: 16730 ns, Total: 94894 ns
[2025-05-26T03:03:11.706+0000][75][info ][safepoint   ] Safepoint "Cleanup", Time since last: 1061132740 ns, Reaching safepoint: 85882 ns, Cleanup: 23948 ns, At safepoint: 33763 ns, Total: 143593 ns
[2025-05-26T03:03:24.710+0000][75][info ][safepoint   ] Safepoint "Cleanup", Time since last: 13005191849 ns, Reaching safepoint: 35937 ns, Cleanup: 18470 ns, At safepoint: 20671 ns, Total: 75078 ns
[2025-05-26T03:03:29.713+0000][75][info ][safepoint   ] Safepoint "Cleanup", Time since last: 5003145286 ns, Reaching safepoint: 34773 ns, Cleanup: 22730 ns, At safepoint: 20307 ns, Total: 77810 ns
[2025-05-26T03:03:30.714+0000][75][info ][safepoint   ] Safepoint "Cleanup", Time since last: 1000705772 ns, Reaching safepoint: 29347 ns, Cleanup: 15824 ns, At safepoint: 78245 ns, Total: 123416 ns
[2025-05-26T03:03:37.715+0000][75][info ][safepoint   ] Safepoint "Cleanup", Time since last: 7001401599 ns, Reaching safepoint: 52198 ns, Cleanup: 15889 ns, At safepoint: 13058 ns, Total: 81145 ns
[2025-05-26T03:03:54.545+0000][75][info ][safepoint   ] Safepoint "Cleanup", Time since last: 16832570495 ns, Reaching safepoint: 32043 ns, Cleanup: 19128 ns, At safepoint: 16111 ns, Total: 67282 ns
[2025-05-26T03:04:07.548+0000][75][info ][safepoint   ] Safepoint "Cleanup", Time since last: 13002678576 ns, Reaching safepoint: 49211 ns, Cleanup: 13749 ns, At safepoint: 9667 ns, Total: 72627 ns
[2025-05-26T03:04:09.553+0000][75][info ][safepoint   ] Safepoint "Cleanup", Time since last: 2005546500 ns, Reaching safepoint: 33807 ns, Cleanup: 17257 ns, At safepoint: 19116 ns, Total: 70180 ns
[2025-05-26T03:04:12.683+0000][75][info ][safepoint   ] Safepoint "Cleanup", Time since last: 3129120467 ns, Reaching safepoint: 13766 ns, Cleanup: 11684 ns, At safepoint: 18321 ns, Total: 43771 ns
[2025-05-26T03:04:13.695+0000][75][info ][safepoint   ] Safepoint "Cleanup", Time since last: 1014350338 ns, Reaching safepoint: 27463 ns, Cleanup: 27571 ns, At safepoint: 13034 ns, Total: 68068 ns
[2025-05-26T03:04:14.729+0000][75][info ][safepoint   ] Safepoint "Cleanup", Time since last: 1034007639 ns, Reaching safepoint: 28625 ns, Cleanup: 21810 ns, At safepoint: 11659 ns, Total: 62094 ns
[2025-05-26T03:04:45.731+0000][75][info ][safepoint   ] Safepoint "Cleanup", Time since last: 31004875204 ns, Reaching safepoint: 80283 ns, Cleanup: 16722 ns, At safepoint: 13371 ns, Total: 110376 ns
[2025-05-26T03:04:49.732+0000][75][info ][safepoint   ] Safepoint "Cleanup", Time since last: 4001111219 ns, Reaching safepoint: 34236 ns, Cleanup: 27402 ns, At safepoint: 21289 ns, Total: 82927 ns
[2025-05-26T03:04:54.574+0000][75][info ][safepoint   ] Safepoint "Cleanup", Time since last: 4842051245 ns, Reaching safepoint: 19536 ns, Cleanup: 12710 ns, At safepoint: 8157 ns, Total: 40403 ns
[2025-05-26T03:04:58.575+0000][75][info ][safepoint   ] Safepoint "Cleanup", Time since last: 4001200038 ns, Reaching safepoint: 35246 ns, Cleanup: 17683 ns, At safepoint: 20228 ns, Total: 73157 ns
[2025-05-26T03:05:00.576+0000][75][info ][safepoint   ] Safepoint "Cleanup", Time since last: 2000927634 ns, Reaching safepoint: 29010 ns, Cleanup: 19961 ns, At safepoint: 13688 ns, Total: 62659 ns
[2025-05-26T03:05:15.577+0000][75][info ][safepoint   ] Safepoint "Cleanup", Time since last: 15002820566 ns, Reaching safepoint: 33887 ns, Cleanup: 19093 ns, At safepoint: 16196 ns, Total: 69176 ns
[2025-05-26T03:05:15.628+0000][75][info ][gc,start    ] GC(21) Pause Young (Normal) (G1 Evacuation Pause)
[2025-05-26T03:05:15.629+0000][75][info ][gc,task     ] GC(21) Using 10 workers of 10 for evacuation
[2025-05-26T03:05:15.630+0000][75][debug][gc,age      ] GC(21) Desired survivor size 12582912 bytes, new threshold 15 (max threshold 15)
[2025-05-26T03:05:15.637+0000][75][info ][gc,phases   ] GC(21)   Pre Evacuate Collection Set: 0.54ms
[2025-05-26T03:05:15.638+0000][75][info ][gc,phases   ] GC(21)   Merge Heap Roots: 0.13ms
[2025-05-26T03:05:15.638+0000][75][info ][gc,phases   ] GC(21)   Evacuate Collection Set: 3.98ms
[2025-05-26T03:05:15.638+0000][75][info ][gc,phases   ] GC(21)   Post Evacuate Collection Set: 0.99ms
[2025-05-26T03:05:15.639+0000][75][info ][gc,phases   ] GC(21)   Other: 2.08ms
[2025-05-26T03:05:15.639+0000][75][trace][gc,age      ] GC(21) Age table with threshold 15 (max threshold 15)
[2025-05-26T03:05:15.639+0000][75][trace][gc,age      ] GC(21) - age   1:    1048984 bytes,    1048984 total
[2025-05-26T03:05:15.640+0000][75][trace][gc,age      ] GC(21) - age   2:      31448 bytes,    1080432 total
[2025-05-26T03:05:15.640+0000][75][trace][gc,age      ] GC(21) - age   3:      27800 bytes,    1108232 total
[2025-05-26T03:05:15.640+0000][75][trace][gc,age      ] GC(21) - age   4:      38984 bytes,    1147216 total
[2025-05-26T03:05:15.641+0000][75][trace][gc,age      ] GC(21) - age   5:      79392 bytes,    1226608 total
[2025-05-26T03:05:15.641+0000][75][trace][gc,age      ] GC(21) - age   6:     636184 bytes,    1862792 total
[2025-05-26T03:05:15.641+0000][75][trace][gc,age      ] GC(21) - age   7:    1546296 bytes,    3409088 total
[2025-05-26T03:05:15.642+0000][75][info ][gc,heap     ] GC(21) Eden regions: 47->0(47)
[2025-05-26T03:05:15.642+0000][75][info ][gc,heap     ] GC(21) Survivor regions: 1->1(6)
[2025-05-26T03:05:15.643+0000][75][info ][gc,heap     ] GC(21) Old regions: 26->26
[2025-05-26T03:05:15.644+0000][75][info ][gc,heap     ] GC(21) Humongous regions: 0->0
[2025-05-26T03:05:15.644+0000][75][info ][gc,metaspace] GC(21) Metaspace: 143389K(147264K)->143389K(147264K) NonClass: 123796K(125888K)->123796K(125888K) Class: 19593K(21376K)->19593K(21376K)
[2025-05-26T03:05:15.647+0000][75][info ][gc          ] GC(21) Pause Young (Normal) (G1 Evacuation Pause) 294M->107M(3880M) 18.773ms
[2025-05-26T03:05:15.648+0000][75][info ][gc,cpu      ] GC(21) User=0.02s Sys=0.02s Real=0.02s
[2025-05-26T03:05:15.648+0000][75][info ][safepoint   ] Safepoint "G1CollectForAllocation", Time since last: 50833309 ns, Reaching safepoint: 16476 ns, Cleanup: 10290 ns, At safepoint: 20265282 ns, Total: 20292048 ns
[2025-05-26T03:05:16.759+0000][75][info ][safepoint   ] Safepoint "Cleanup", Time since last: 1110694841 ns, Reaching safepoint: 35991 ns, Cleanup: 29229 ns, At safepoint: 20431 ns, Total: 85651 ns
[2025-05-26T03:05:17.773+0000][75][info ][safepoint   ] Safepoint "Cleanup", Time since last: 1013981026 ns, Reaching safepoint: 32476 ns, Cleanup: 21224 ns, At safepoint: 18124 ns, Total: 71824 ns
[2025-05-26T03:05:19.774+0000][75][info ][safepoint   ] Safepoint "Cleanup", Time since last: 2000845110 ns, Reaching safepoint: 37192 ns, Cleanup: 17817 ns, At safepoint: 9366 ns, Total: 64375 ns
[2025-05-26T03:05:24.776+0000][75][info ][safepoint   ] Safepoint "Cleanup", Time since last: 5001438830 ns, Reaching safepoint: 56765 ns, Cleanup: 16749 ns, At safepoint: 10935 ns, Total: 84449 ns
[2025-05-26T03:05:25.776+0000][75][info ][safepoint   ] Safepoint "Cleanup", Time since last: 1000676949 ns, Reaching safepoint: 31236 ns, Cleanup: 18744 ns, At safepoint: 19661 ns, Total: 69641 ns
[2025-05-26T03:05:30.778+0000][75][info ][safepoint   ] Safepoint "Cleanup", Time since last: 5001355623 ns, Reaching safepoint: 27624 ns, Cleanup: 16707 ns, At safepoint: 9210 ns, Total: 53541 ns
[2025-05-26T03:05:33.783+0000][75][info ][safepoint   ] Safepoint "Cleanup", Time since last: 3005361984 ns, Reaching safepoint: 29060 ns, Cleanup: 14409 ns, At safepoint: 16313 ns, Total: 59782 ns
[2025-05-26T03:05:39.785+0000][75][info ][safepoint   ] Safepoint "Cleanup", Time since last: 6001469414 ns, Reaching safepoint: 207852 ns, Cleanup: 15542 ns, At safepoint: 91666 ns, Total: 315060 ns
[2025-05-26T03:05:47.780+0000][75][info ][safepoint   ] Safepoint "Cleanup", Time since last: 8002091902 ns, Reaching safepoint: 29844 ns, Cleanup: 17253 ns, At safepoint: 16029 ns, Total: 63126 ns
[2025-05-26T03:05:49.781+0000][75][info ][safepoint   ] Safepoint "Cleanup", Time since last: 2000963810 ns, Reaching safepoint: 23845 ns, Cleanup: 17493 ns, At safepoint: 9469 ns, Total: 50807 ns
[2025-05-26T03:05:54.600+0000][75][info ][safepoint   ] Safepoint "Cleanup", Time since last: 4819107351 ns, Reaching safepoint: 150684 ns, Cleanup: 25514 ns, At safepoint: 18078 ns, Total: 194276 ns
[2025-05-26T03:06:18.602+0000][75][info ][safepoint   ] Safepoint "Cleanup", Time since last: 24004148883 ns, Reaching safepoint: 735857 ns, Cleanup: 19787 ns, At safepoint: 51833 ns, Total: 807477 ns
[2025-05-26T03:06:19.807+0000][75][info ][safepoint   ] Safepoint "Cleanup", Time since last: 1205345102 ns, Reaching safepoint: 73837 ns, Cleanup: 25189 ns, At safepoint: 10257 ns, Total: 109283 ns
[2025-05-26T03:06:23.809+0000][75][info ][safepoint   ] Safepoint "Cleanup", Time since last: 4001173800 ns, Reaching safepoint: 27429 ns, Cleanup: 15985 ns, At safepoint: 9923 ns, Total: 53337 ns
[2025-05-26T03:06:30.811+0000][75][info ][safepoint   ] Safepoint "Cleanup", Time since last: 7002014115 ns, Reaching safepoint: 31929 ns, Cleanup: 25057 ns, At safepoint: 75711 ns, Total: 132697 ns
[2025-05-26T03:06:32.812+0000][75][info ][safepoint   ] Safepoint "Cleanup", Time since last: 2000707989 ns, Reaching safepoint: 178441 ns, Cleanup: 18122 ns, At safepoint: 160895 ns, Total: 357458 ns
[2025-05-26T03:06:45.813+0000][75][info ][safepoint   ] Safepoint "Cleanup", Time since last: 13002011441 ns, Reaching safepoint: 60155 ns, Cleanup: 19068 ns, At safepoint: 11150 ns, Total: 90373 ns
[2025-05-26T03:06:48.833+0000][75][info ][safepoint   ] Safepoint "Cleanup", Time since last: 3020184817 ns, Reaching safepoint: 32771 ns, Cleanup: 23129 ns, At safepoint: 19895 ns, Total: 75795 ns
[2025-05-26T03:06:49.834+0000][75][info ][safepoint   ] Safepoint "Cleanup", Time since last: 1000751707 ns, Reaching safepoint: 26551 ns, Cleanup: 16773 ns, At safepoint: 10944 ns, Total: 54268 ns
[2025-05-26T03:06:54.632+0000][75][info ][safepoint   ] Safepoint "Cleanup", Time since last: 4798533961 ns, Reaching safepoint: 18305 ns, Cleanup: 14259 ns, At safepoint: 9176 ns, Total: 41740 ns
[2025-05-26T03:06:55.633+0000][75][info ][safepoint   ] Safepoint "Cleanup", Time since last: 1000634548 ns, Reaching safepoint: 157179 ns, Cleanup: 16802 ns, At safepoint: 20128 ns, Total: 194109 ns
[2025-05-26T03:06:58.634+0000][75][info ][safepoint   ] Safepoint "Cleanup", Time since last: 3000989244 ns, Reaching safepoint: 32888 ns, Cleanup: 16482 ns, At safepoint: 17953 ns, Total: 67323 ns
[2025-05-26T03:07:00.614+0000][75][info ][safepoint   ] Safepoint "Cleanup", Time since last: 1980119167 ns, Reaching safepoint: 8876 ns, Cleanup: 16690 ns, At safepoint: 4074 ns, Total: 29640 ns
[2025-05-26T03:07:01.828+0000][75][info ][safepoint   ] Safepoint "Cleanup", Time since last: 1213660088 ns, Reaching safepoint: 19073 ns, Cleanup: 27231 ns, At safepoint: 10045 ns, Total: 56349 ns
[2025-05-26T03:07:07.829+0000][75][info ][safepoint   ] Safepoint "Cleanup", Time since last: 6001169336 ns, Reaching safepoint: 20596 ns, Cleanup: 14215 ns, At safepoint: 9858 ns, Total: 44669 ns
[2025-05-26T03:07:12.635+0000][75][info ][safepoint   ] Safepoint "Cleanup", Time since last: 4805470670 ns, Reaching safepoint: 37667 ns, Cleanup: 16594 ns, At safepoint: 19550 ns, Total: 73811 ns
[2025-05-26T03:07:13.851+0000][75][info ][safepoint   ] Safepoint "Cleanup", Time since last: 1217912153 ns, Reaching safepoint: 177958 ns, Cleanup: 32255 ns, At safepoint: 21671 ns, Total: 231884 ns
[2025-05-26T03:07:21.619+0000][75][info ][safepoint   ] Safepoint "Cleanup", Time since last: 7767843351 ns, Reaching safepoint: 352538 ns, Cleanup: 15483 ns, At safepoint: 143124 ns, Total: 511145 ns
[2025-05-26T03:07:26.933+0000][75][info ][safepoint   ] Safepoint "Cleanup", Time since last: 5313751340 ns, Reaching safepoint: 32008 ns, Cleanup: 16788 ns, At safepoint: 18355 ns, Total: 67151 ns
[2025-05-26T03:07:28.934+0000][75][info ][safepoint   ] Safepoint "Cleanup", Time since last: 2000839775 ns, Reaching safepoint: 29886 ns, Cleanup: 15378 ns, At safepoint: 17602 ns, Total: 62866 ns
[2025-05-26T03:07:30.471+0000][75][info ][safepoint   ] Safepoint "Cleanup", Time since last: 1537146867 ns, Reaching safepoint: 105618 ns, Cleanup: 13212 ns, At safepoint: 37570 ns, Total: 156400 ns
[2025-05-26T03:07:31.473+0000][75][info ][safepoint   ] Safepoint "Cleanup", Time since last: 1001565312 ns, Reaching safepoint: 34315 ns, Cleanup: 22165 ns, At safepoint: 20178 ns, Total: 76658 ns
[2025-05-26T03:07:52.474+0000][75][info ][safepoint   ] Safepoint "Cleanup", Time since last: 21004118260 ns, Reaching safepoint: 65496 ns, Cleanup: 15025 ns, At safepoint: 17764 ns, Total: 98285 ns
[2025-05-26T03:07:54.664+0000][75][info ][safepoint   ] Safepoint "Cleanup", Time since last: 2189417716 ns, Reaching safepoint: 33521 ns, Cleanup: 19370 ns, At safepoint: 20087 ns, Total: 72978 ns
[2025-05-26T03:08:00.665+0000][75][info ][safepoint   ] Safepoint "Cleanup", Time since last: 6001447785 ns, Reaching safepoint: 30817 ns, Cleanup: 15964 ns, At safepoint: 18567 ns, Total: 65348 ns
[2025-05-26T03:08:14.667+0000][75][info ][safepoint   ] Safepoint "Cleanup", Time since last: 14002777191 ns, Reaching safepoint: 51992 ns, Cleanup: 16108 ns, At safepoint: 10013 ns, Total: 78113 ns
[2025-05-26T03:08:24.632+0000][75][info ][safepoint   ] Safepoint "Cleanup", Time since last: 9964774913 ns, Reaching safepoint: 285836 ns, Cleanup: 201641 ns, At safepoint: 207417 ns, Total: 694894 ns
[2025-05-26T03:08:25.982+0000][75][info ][safepoint   ] Safepoint "Cleanup", Time since last: 1350069768 ns, Reaching safepoint: 26991 ns, Cleanup: 62414 ns, At safepoint: 12317 ns, Total: 101722 ns
[2025-05-26T03:08:27.983+0000][75][info ][safepoint   ] Safepoint "Cleanup", Time since last: 2000924259 ns, Reaching safepoint: 89396 ns, Cleanup: 63984 ns, At safepoint: 23962 ns, Total: 177342 ns
[2025-05-26T03:08:36.593+0000][75][info ][gc,start    ] GC(22) Pause Young (Normal) (G1 Evacuation Pause)
[2025-05-26T03:08:36.593+0000][75][info ][gc,task     ] GC(22) Using 10 workers of 10 for evacuation
[2025-05-26T03:08:36.594+0000][75][debug][gc,age      ] GC(22) Desired survivor size 12582912 bytes, new threshold 15 (max threshold 15)
[2025-05-26T03:08:36.604+0000][75][info ][gc,phases   ] GC(22)   Pre Evacuate Collection Set: 1.35ms
[2025-05-26T03:08:36.604+0000][75][info ][gc,phases   ] GC(22)   Merge Heap Roots: 0.12ms
[2025-05-26T03:08:36.605+0000][75][info ][gc,phases   ] GC(22)   Evacuate Collection Set: 6.49ms
[2025-05-26T03:08:36.605+0000][75][info ][gc,phases   ] GC(22)   Post Evacuate Collection Set: 1.40ms
[2025-05-26T03:08:36.606+0000][75][info ][gc,phases   ] GC(22)   Other: 1.05ms
[2025-05-26T03:08:36.606+0000][75][trace][gc,age      ] GC(22) Age table with threshold 15 (max threshold 15)
[2025-05-26T03:08:36.606+0000][75][trace][gc,age      ] GC(22) - age   1:     698368 bytes,     698368 total
[2025-05-26T03:08:36.607+0000][75][trace][gc,age      ] GC(22) - age   2:      39624 bytes,     737992 total
[2025-05-26T03:08:36.607+0000][75][trace][gc,age      ] GC(22) - age   3:      22248 bytes,     760240 total
[2025-05-26T03:08:36.607+0000][75][trace][gc,age      ] GC(22) - age   4:      24592 bytes,     784832 total
[2025-05-26T03:08:36.608+0000][75][trace][gc,age      ] GC(22) - age   5:      38336 bytes,     823168 total
[2025-05-26T03:08:36.608+0000][75][trace][gc,age      ] GC(22) - age   6:      79296 bytes,     902464 total
[2025-05-26T03:08:36.609+0000][75][trace][gc,age      ] GC(22) - age   7:     636184 bytes,    1538648 total
[2025-05-26T03:08:36.609+0000][75][trace][gc,age      ] GC(22) - age   8:    1545992 bytes,    3084640 total
[2025-05-26T03:08:36.609+0000][75][info ][gc,heap     ] GC(22) Eden regions: 47->0(161)
[2025-05-26T03:08:36.610+0000][75][info ][gc,heap     ] GC(22) Survivor regions: 1->1(6)
[2025-05-26T03:08:36.610+0000][75][info ][gc,heap     ] GC(22) Old regions: 26->26
[2025-05-26T03:08:36.611+0000][75][info ][gc,heap     ] GC(22) Humongous regions: 0->0
[2025-05-26T03:08:36.611+0000][75][info ][gc,metaspace] GC(22) Metaspace: 143562K(147392K)->143562K(147392K) NonClass: 123968K(126016K)->123968K(126016K) Class: 19594K(21376K)->19594K(21376K)
[2025-05-26T03:08:36.612+0000][75][info ][gc          ] GC(22) Pause Young (Normal) (G1 Evacuation Pause) 295M->106M(3880M) 18.781ms
[2025-05-26T03:08:36.612+0000][75][info ][gc,cpu      ] GC(22) User=0.06s Sys=0.01s Real=0.02s
[2025-05-26T03:08:36.613+0000][75][info ][safepoint   ] Safepoint "G1CollectForAllocation", Time since last: 8609039470 ns, Reaching safepoint: 35752 ns, Cleanup: 6670 ns, At safepoint: 20147585 ns, Total: 20190007 ns
[2025-05-26T03:08:38.614+0000][75][info ][safepoint   ] Safepoint "Cleanup", Time since last: 2000784719 ns, Reaching safepoint: 33147 ns, Cleanup: 16915 ns, At safepoint: 17483 ns, Total: 67545 ns
[2025-05-26T03:08:45.612+0000][75][info ][safepoint   ] Safepoint "Cleanup", Time since last: 7001553989 ns, Reaching safepoint: 137469 ns, Cleanup: 21592 ns, At safepoint: 17915 ns, Total: 176976 ns
[2025-05-26T03:08:54.696+0000][75][info ][safepoint   ] Safepoint "Cleanup", Time since last: 9083358263 ns, Reaching safepoint: 31119 ns, Cleanup: 19495 ns, At safepoint: 13691 ns, Total: 64305 ns
[2025-05-26T03:09:02.700+0000][75][info ][safepoint   ] Safepoint "Cleanup", Time since last: 8004084765 ns, Reaching safepoint: 33709 ns, Cleanup: 16071 ns, At safepoint: 21351 ns, Total: 71131 ns
[2025-05-26T03:09:03.701+0000][75][info ][safepoint   ] Safepoint "Cleanup", Time since last: 1000691344 ns, Reaching safepoint: 25007 ns, Cleanup: 16763 ns, At safepoint: 10682 ns, Total: 52452 ns
[2025-05-26T03:09:06.702+0000][75][info ][safepoint   ] Safepoint "Cleanup", Time since last: 3001189218 ns, Reaching safepoint: 36179 ns, Cleanup: 23429 ns, At safepoint: 20293 ns, Total: 79901 ns
[2025-05-26T03:09:18.702+0000][75][info ][safepoint   ] Safepoint "Cleanup", Time since last: 12002722368 ns, Reaching safepoint: 72693 ns, Cleanup: 15655 ns, At safepoint: 29537 ns, Total: 117885 ns
[2025-05-26T03:09:24.703+0000][75][info ][safepoint   ] Safepoint "Cleanup", Time since last: 6001277988 ns, Reaching safepoint: 17198 ns, Cleanup: 12614 ns, At safepoint: 8595 ns, Total: 38407 ns
[2025-05-26T03:09:27.619+0000][75][info ][safepoint   ] Safepoint "Cleanup", Time since last: 2915874257 ns, Reaching safepoint: 12606 ns, Cleanup: 10044 ns, At safepoint: 17697 ns, Total: 40347 ns
[2025-05-26T03:09:29.023+0000][75][info ][safepoint   ] Safepoint "Cleanup", Time since last: 1403853040 ns, Reaching safepoint: 29058 ns, Cleanup: 19243 ns, At safepoint: 16940 ns, Total: 65241 ns
[2025-05-26T03:09:43.024+0000][75][info ][safepoint   ] Safepoint "Cleanup", Time since last: 14003205427 ns, Reaching safepoint: 31867 ns, Cleanup: 18445 ns, At safepoint: 18126 ns, Total: 68438 ns
[2025-05-26T03:09:50.025+0000][75][info ][safepoint   ] Safepoint "Cleanup", Time since last: 7001733214 ns, Reaching safepoint: 74321 ns, Cleanup: 18966 ns, At safepoint: 20439 ns, Total: 113726 ns
[2025-05-26T03:09:54.730+0000][75][info ][safepoint   ] Safepoint "Cleanup", Time since last: 4703987876 ns, Reaching safepoint: 34559 ns, Cleanup: 21128 ns, At safepoint: 19104 ns, Total: 74791 ns
[2025-05-26T03:09:57.731+0000][75][info ][safepoint   ] Safepoint "Cleanup", Time since last: 3001082875 ns, Reaching safepoint: 31847 ns, Cleanup: 19672 ns, At safepoint: 19822 ns, Total: 71341 ns
[2025-05-26T03:10:09.734+0000][75][info ][safepoint   ] Safepoint "Cleanup", Time since last: 12003303191 ns, Reaching safepoint: 75182 ns, Cleanup: 20217 ns, At safepoint: 20965 ns, Total: 116364 ns
[2025-05-26T03:10:14.733+0000][75][info ][safepoint   ] Safepoint "Cleanup", Time since last: 5001507744 ns, Reaching safepoint: 17675 ns, Cleanup: 13648 ns, At safepoint: 8579 ns, Total: 39902 ns
[2025-05-26T03:10:30.622+0000][75][info ][safepoint   ] Safepoint "Cleanup", Time since last: 15888962533 ns, Reaching safepoint: 37362 ns, Cleanup: 13459 ns, At safepoint: 117323 ns, Total: 168144 ns
[2025-05-26T03:10:32.056+0000][75][info ][safepoint   ] Safepoint "Cleanup", Time since last: 1433100695 ns, Reaching safepoint: 17830 ns, Cleanup: 22551 ns, At safepoint: 8991 ns, Total: 49372 ns
[2025-05-26T03:10:54.764+0000][75][info ][safepoint   ] Safepoint "Cleanup", Time since last: 22711304291 ns, Reaching safepoint: 31563 ns, Cleanup: 22430 ns, At safepoint: 17057 ns, Total: 71050 ns
[2025-05-26T03:10:55.765+0000][75][info ][safepoint   ] Safepoint "Cleanup", Time since last: 1000815682 ns, Reaching safepoint: 25402 ns, Cleanup: 17095 ns, At safepoint: 11660 ns, Total: 54157 ns
[2025-05-26T03:11:19.769+0000][75][info ][safepoint   ] Safepoint "Cleanup", Time since last: 24006286684 ns, Reaching safepoint: 92936 ns, Cleanup: 16842 ns, At safepoint: 11225 ns, Total: 121003 ns
[2025-05-26T03:11:28.775+0000][75][info ][safepoint   ] Safepoint "Cleanup", Time since last: 9005912103 ns, Reaching safepoint: 26645 ns, Cleanup: 16397 ns, At safepoint: 11374 ns, Total: 54416 ns
[2025-05-26T03:11:33.612+0000][75][info ][safepoint   ] Safepoint "Cleanup", Time since last: 4837061165 ns, Reaching safepoint: 10662 ns, Cleanup: 9738 ns, At safepoint: 3493 ns, Total: 23893 ns
[2025-05-26T03:11:35.086+0000][75][info ][safepoint   ] Safepoint "Cleanup", Time since last: 1473894175 ns, Reaching safepoint: 19826 ns, Cleanup: 15318 ns, At safepoint: 8436 ns, Total: 43580 ns
[2025-05-26T03:11:50.085+0000][75][info ][safepoint   ] Safepoint "Cleanup", Time since last: 15002963648 ns, Reaching safepoint: 83910 ns, Cleanup: 14990 ns, At safepoint: 9006 ns, Total: 107906 ns
[2025-05-26T03:11:54.794+0000][75][info ][safepoint   ] Safepoint "Cleanup", Time since last: 4709020196 ns, Reaching safepoint: 17511 ns, Cleanup: 13364 ns, At safepoint: 7835 ns, Total: 38710 ns
[2025-05-26T03:12:04.796+0000][75][info ][safepoint   ] Safepoint "Cleanup", Time since last: 10001939411 ns, Reaching safepoint: 41177 ns, Cleanup: 28209 ns, At safepoint: 8477 ns, Total: 77863 ns
[2025-05-26T03:12:15.593+0000][75][info ][safepoint   ] Safepoint "Cleanup", Time since last: 10798629120 ns, Reaching safepoint: 22928 ns, Cleanup: 11623 ns, At safepoint: 67864 ns, Total: 102415 ns
[2025-05-26T03:12:17.104+0000][75][info ][safepoint   ] Safepoint "Cleanup", Time since last: 1511444972 ns, Reaching safepoint: 16450 ns, Cleanup: 17791 ns, At safepoint: 7149 ns, Total: 41390 ns
[2025-05-26T03:12:20.123+0000][75][info ][safepoint   ] Safepoint "Cleanup", Time since last: 3018448099 ns, Reaching safepoint: 23961 ns, Cleanup: 17611 ns, At safepoint: 10089 ns, Total: 51661 ns
[2025-05-26T03:12:22.124+0000][75][info ][safepoint   ] Safepoint "Cleanup", Time since last: 2001065392 ns, Reaching safepoint: 34305 ns, Cleanup: 18038 ns, At safepoint: 19737 ns, Total: 72080 ns
[2025-05-26T03:12:25.125+0000][75][info ][safepoint   ] Safepoint "Cleanup", Time since last: 3000860599 ns, Reaching safepoint: 19508 ns, Cleanup: 16951 ns, At safepoint: 8354 ns, Total: 44813 ns
[2025-05-26T03:12:29.854+0000][75][info ][safepoint   ] Safepoint "Cleanup", Time since last: 4729758484 ns, Reaching safepoint: 7753 ns, Cleanup: 12635 ns, At safepoint: 14358 ns, Total: 34746 ns
[2025-05-26T03:12:31.608+0000][75][info ][safepoint   ] Safepoint "Cleanup", Time since last: 1753134002 ns, Reaching safepoint: 30009 ns, Cleanup: 18308 ns, At safepoint: 11966 ns, Total: 60283 ns
[2025-05-26T03:12:36.609+0000][75][info ][safepoint   ] Safepoint "Cleanup", Time since last: 5001148870 ns, Reaching safepoint: 116777 ns, Cleanup: 14980 ns, At safepoint: 84819 ns, Total: 216576 ns
[2025-05-26T03:12:38.146+0000][75][info ][safepoint   ] Safepoint "Cleanup", Time since last: 1536881342 ns, Reaching safepoint: 12653 ns, Cleanup: 26166 ns, At safepoint: 5264 ns, Total: 44083 ns
[2025-05-26T03:12:49.149+0000][75][info ][safepoint   ] Safepoint "Cleanup", Time since last: 11005290421 ns, Reaching safepoint: 35161 ns, Cleanup: 16317 ns, At safepoint: 18884 ns, Total: 70362 ns
[2025-05-26T03:12:54.825+0000][75][info ][safepoint   ] Safepoint "Cleanup", Time since last: 5675929958 ns, Reaching safepoint: 28848 ns, Cleanup: 13597 ns, At safepoint: 78666 ns, Total: 121111 ns
[2025-05-26T03:12:55.826+0000][75][info ][safepoint   ] Safepoint "Cleanup", Time since last: 1000621631 ns, Reaching safepoint: 23556 ns, Cleanup: 12850 ns, At safepoint: 10332 ns, Total: 46738 ns
[2025-05-26T03:12:59.827+0000][75][info ][safepoint   ] Safepoint "Cleanup", Time since last: 4001016681 ns, Reaching safepoint: 34647 ns, Cleanup: 21990 ns, At safepoint: 16695 ns, Total: 73332 ns
[2025-05-26T03:13:00.828+0000][75][info ][safepoint   ] Safepoint "Cleanup", Time since last: 1000864245 ns, Reaching safepoint: 17048 ns, Cleanup: 11455 ns, At safepoint: 7986 ns, Total: 36489 ns
[2025-05-26T03:13:22.828+0000][75][info ][safepoint   ] Safepoint "Cleanup", Time since last: 22003847794 ns, Reaching safepoint: 61186 ns, Cleanup: 14800 ns, At safepoint: 10076 ns, Total: 86062 ns
[2025-05-26T03:13:25.829+0000][75][info ][safepoint   ] Safepoint "Cleanup", Time since last: 3001142646 ns, Reaching safepoint: 22086 ns, Cleanup: 13874 ns, At safepoint: 10087 ns, Total: 46047 ns
[2025-05-26T03:13:30.832+0000][75][info ][safepoint   ] Safepoint "Cleanup", Time since last: 5002088512 ns, Reaching safepoint: 18099 ns, Cleanup: 11661 ns, At safepoint: 8008 ns, Total: 37768 ns
[2025-05-26T03:13:39.604+0000][75][info ][safepoint   ] Safepoint "Cleanup", Time since last: 8772664387 ns, Reaching safepoint: 6201 ns, Cleanup: 13103 ns, At safepoint: 12673 ns, Total: 31977 ns
[2025-05-26T03:13:41.180+0000][75][info ][safepoint   ] Safepoint "Cleanup", Time since last: 1575210408 ns, Reaching safepoint: 25835 ns, Cleanup: 21183 ns, At safepoint: 10350 ns, Total: 57368 ns
[2025-05-26T03:13:43.194+0000][75][info ][safepoint   ] Safepoint "Cleanup", Time since last: 2016972429 ns, Reaching safepoint: 22631 ns, Cleanup: 17410 ns, At safepoint: 9318 ns, Total: 49359 ns
[2025-05-26T03:13:50.203+0000][75][info ][safepoint   ] Safepoint "Cleanup", Time since last: 7009268572 ns, Reaching safepoint: 50716 ns, Cleanup: 16425 ns, At safepoint: 11222 ns, Total: 78363 ns
[2025-05-26T03:13:54.853+0000][75][info ][safepoint   ] Safepoint "Cleanup", Time since last: 4649546298 ns, Reaching safepoint: 38057 ns, Cleanup: 16551 ns, At safepoint: 18952 ns, Total: 73560 ns
[2025-05-26T03:14:23.855+0000][75][info ][safepoint   ] Safepoint "Cleanup", Time since last: 29005122755 ns, Reaching safepoint: 67593 ns, Cleanup: 14953 ns, At safepoint: 15744 ns, Total: 98290 ns
[2025-05-26T03:14:24.856+0000][75][info ][safepoint   ] Safepoint "Cleanup", Time since last: 1000627157 ns, Reaching safepoint: 19286 ns, Cleanup: 11773 ns, At safepoint: 7609 ns, Total: 38668 ns
[2025-05-26T03:14:32.858+0000][75][info ][safepoint   ] Safepoint "Cleanup", Time since last: 8001815783 ns, Reaching safepoint: 24355 ns, Cleanup: 14480 ns, At safepoint: 10359 ns, Total: 49194 ns
[2025-05-26T03:14:39.860+0000][75][info ][safepoint   ] Safepoint "Cleanup", Time since last: 7001699286 ns, Reaching safepoint: 81287 ns, Cleanup: 17824 ns, At safepoint: 20928 ns, Total: 120039 ns
[2025-05-26T03:14:43.207+0000][75][info ][safepoint   ] Safepoint "Cleanup", Time since last: 3349415128 ns, Reaching safepoint: 256533 ns, Cleanup: 13077 ns, At safepoint: 42987 ns, Total: 312597 ns
[2025-05-26T03:14:44.232+0000][75][info ][safepoint   ] Safepoint "Cleanup", Time since last: 1025191445 ns, Reaching safepoint: 30698 ns, Cleanup: 21337 ns, At safepoint: 13523 ns, Total: 65558 ns
[2025-05-26T03:14:50.247+0000][75][info ][safepoint   ] Safepoint "Cleanup", Time since last: 6014650083 ns, Reaching safepoint: 20426 ns, Cleanup: 12970 ns, At safepoint: 8815 ns, Total: 42211 ns
[2025-05-26T03:14:54.883+0000][75][info ][safepoint   ] Safepoint "Cleanup", Time since last: 4636751435 ns, Reaching safepoint: 18920 ns, Cleanup: 16560 ns, At safepoint: 7963 ns, Total: 43443 ns
[2025-05-26T03:14:58.886+0000][75][info ][safepoint   ] Safepoint "Cleanup", Time since last: 4002373604 ns, Reaching safepoint: 31259 ns, Cleanup: 15107 ns, At safepoint: 16845 ns, Total: 63211 ns
[2025-05-26T03:15:24.888+0000][75][info ][safepoint   ] Safepoint "Cleanup", Time since last: 26004594756 ns, Reaching safepoint: 75526 ns, Cleanup: 14984 ns, At safepoint: 18343 ns, Total: 108853 ns
[2025-05-26T03:15:25.889+0000][75][info ][safepoint   ] Safepoint "Cleanup", Time since last: 1000747109 ns, Reaching safepoint: 33287 ns, Cleanup: 18108 ns, At safepoint: 19119 ns, Total: 70514 ns
[2025-05-26T03:15:33.891+0000][75][info ][safepoint   ] Safepoint "Cleanup", Time since last: 8001653636 ns, Reaching safepoint: 31654 ns, Cleanup: 23498 ns, At safepoint: 17303 ns, Total: 72455 ns
[2025-05-26T03:15:37.892+0000][75][info ][safepoint   ] Safepoint "Cleanup", Time since last: 4001061007 ns, Reaching safepoint: 57876 ns, Cleanup: 16835 ns, At safepoint: 15413 ns, Total: 90124 ns
[2025-05-26T03:15:45.618+0000][75][info ][safepoint   ] Safepoint "Cleanup", Time since last: 7729289288 ns, Reaching safepoint: 18924 ns, Cleanup: 12166 ns, At safepoint: 31090 ns, Total: 62180 ns
[2025-05-26T03:15:50.281+0000][75][info ][safepoint   ] Safepoint "Cleanup", Time since last: 4663041764 ns, Reaching safepoint: 30794 ns, Cleanup: 16866 ns, At safepoint: 12739 ns, Total: 60399 ns
[2025-05-26T03:15:52.282+0000][75][info ][safepoint   ] Safepoint "Cleanup", Time since last: 2000791922 ns, Reaching safepoint: 51768 ns, Cleanup: 16897 ns, At safepoint: 11162 ns, Total: 79827 ns
[2025-05-26T03:15:54.915+0000][75][info ][safepoint   ] Safepoint "Cleanup", Time since last: 2632734612 ns, Reaching safepoint: 20619 ns, Cleanup: 21757 ns, At safepoint: 9431 ns, Total: 51807 ns
[2025-05-26T03:15:59.916+0000][75][info ][safepoint   ] Safepoint "Cleanup", Time since last: 5001257275 ns, Reaching safepoint: 25627 ns, Cleanup: 16241 ns, At safepoint: 10225 ns, Total: 52093 ns
[2025-05-26T03:16:30.918+0000][75][info ][safepoint   ] Safepoint "Cleanup", Time since last: 31004805909 ns, Reaching safepoint: 45346 ns, Cleanup: 20583 ns, At safepoint: 12118 ns, Total: 78047 ns
[2025-05-26T03:16:41.921+0000][75][info ][safepoint   ] Safepoint "Cleanup", Time since last: 11002245274 ns, Reaching safepoint: 28670 ns, Cleanup: 16434 ns, At safepoint: 11481 ns, Total: 56585 ns
[2025-05-26T03:16:49.303+0000][75][info ][safepoint   ] Safepoint "Cleanup", Time since last: 7384433944 ns, Reaching safepoint: 7490 ns, Cleanup: 11513 ns, At safepoint: 3703 ns, Total: 22706 ns
[2025-05-26T03:16:54.944+0000][75][info ][safepoint   ] Safepoint "Cleanup", Time since last: 5641662443 ns, Reaching safepoint: 30625 ns, Cleanup: 26664 ns, At safepoint: 17253 ns, Total: 74542 ns
[2025-05-26T03:16:59.945+0000][75][info ][safepoint   ] Safepoint "Cleanup", Time since last: 5001035051 ns, Reaching safepoint: 32286 ns, Cleanup: 16893 ns, At safepoint: 8685 ns, Total: 57864 ns
[2025-05-26T03:17:00.946+0000][75][info ][safepoint   ] Safepoint "Cleanup", Time since last: 1000553418 ns, Reaching safepoint: 34513 ns, Cleanup: 12261 ns, At safepoint: 9347 ns, Total: 56121 ns
[2025-05-26T03:17:19.351+0000][75][info ][safepoint   ] Safepoint "Cleanup", Time since last: 18408001658 ns, Reaching safepoint: 24067 ns, Cleanup: 14467 ns, At safepoint: 20397 ns, Total: 58931 ns
[2025-05-26T03:17:20.365+0000][75][info ][safepoint   ] Safepoint "Cleanup", Time since last: 1013161392 ns, Reaching safepoint: 94128 ns, Cleanup: 19310 ns, At safepoint: 20239 ns, Total: 133677 ns
[2025-05-26T03:17:25.405+0000][75][info ][safepoint   ] Safepoint "Cleanup", Time since last: 5039967357 ns, Reaching safepoint: 69364 ns, Cleanup: 17284 ns, At safepoint: 17305 ns, Total: 103953 ns
[2025-05-26T03:17:27.406+0000][75][info ][safepoint   ] Safepoint "Cleanup", Time since last: 2001067963 ns, Reaching safepoint: 18590 ns, Cleanup: 14907 ns, At safepoint: 8375 ns, Total: 41872 ns
[2025-05-26T03:17:30.874+0000][75][info ][safepoint   ] Safepoint "Cleanup", Time since last: 3467834518 ns, Reaching safepoint: 34464 ns, Cleanup: 27633 ns, At safepoint: 18218 ns, Total: 80315 ns
[2025-05-26T03:17:36.877+0000][75][info ][safepoint   ] Safepoint "Cleanup", Time since last: 6003551437 ns, Reaching safepoint: 31997 ns, Cleanup: 17817 ns, At safepoint: 19037 ns, Total: 68851 ns
[2025-05-26T03:17:51.607+0000][75][info ][safepoint   ] Safepoint "Cleanup", Time since last: 14731915981 ns, Reaching safepoint: 6517 ns, Cleanup: 8352 ns, At safepoint: 12536 ns, Total: 27405 ns
[2025-05-26T03:17:52.975+0000][75][info ][safepoint   ] Safepoint "Cleanup", Time since last: 1368699828 ns, Reaching safepoint: 10288 ns, Cleanup: 27523 ns, At safepoint: 4852 ns, Total: 42663 ns
[2025-05-26T03:17:58.454+0000][75][info ][safepoint   ] Safepoint "Cleanup", Time since last: 5478458055 ns, Reaching safepoint: 34996 ns, Cleanup: 20297 ns, At safepoint: 20236 ns, Total: 75529 ns
[2025-05-26T03:18:25.457+0000][75][info ][safepoint   ] Safepoint "Cleanup", Time since last: 27005071046 ns, Reaching safepoint: 186844 ns, Cleanup: 31651 ns, At safepoint: 14942 ns, Total: 233437 ns
[2025-05-26T03:18:27.471+0000][75][info ][safepoint   ] Safepoint "Cleanup", Time since last: 2014206781 ns, Reaching safepoint: 24681 ns, Cleanup: 17628 ns, At safepoint: 11569 ns, Total: 53878 ns
[2025-05-26T03:18:37.473+0000][75][info ][safepoint   ] Safepoint "Cleanup", Time since last: 10002109190 ns, Reaching safepoint: 59439 ns, Cleanup: 13781 ns, At safepoint: 9356 ns, Total: 82576 ns
[2025-05-26T03:18:38.478+0000][75][info ][safepoint   ] Safepoint "Cleanup", Time since last: 1004336903 ns, Reaching safepoint: 16913 ns, Cleanup: 14202 ns, At safepoint: 9033 ns, Total: 40148 ns
[2025-05-26T03:18:54.625+0000][75][info ][safepoint   ] Safepoint "Cleanup", Time since last: 16148657632 ns, Reaching safepoint: 884050 ns, Cleanup: 26645 ns, At safepoint: 163516 ns, Total: 1074211 ns
[2025-05-26T03:18:56.515+0000][75][info ][safepoint   ] Safepoint "Cleanup", Time since last: 1890460150 ns, Reaching safepoint: 23046 ns, Cleanup: 25868 ns, At safepoint: 9546 ns, Total: 58460 ns
[2025-05-26T03:18:58.516+0000][75][info ][safepoint   ] Safepoint "Cleanup", Time since last: 2001066724 ns, Reaching safepoint: 245103 ns, Cleanup: 20228 ns, At safepoint: 22480 ns, Total: 287811 ns
[2025-05-26T03:19:01.517+0000][75][info ][safepoint   ] Safepoint "Cleanup", Time since last: 3000936778 ns, Reaching safepoint: 82387 ns, Cleanup: 27593 ns, At safepoint: 11158 ns, Total: 121138 ns
[2025-05-26T03:19:28.519+0000][75][info ][safepoint   ] Safepoint "Cleanup", Time since last: 27004427297 ns, Reaching safepoint: 32651 ns, Cleanup: 18812 ns, At safepoint: 14183 ns, Total: 65646 ns
[2025-05-26T03:19:30.521+0000][75][info ][safepoint   ] Safepoint "Cleanup", Time since last: 2001781967 ns, Reaching safepoint: 31015 ns, Cleanup: 17378 ns, At safepoint: 16118 ns, Total: 64511 ns
[2025-05-26T03:19:42.524+0000][75][info ][safepoint   ] Safepoint "Cleanup", Time since last: 12002594406 ns, Reaching safepoint: 32233 ns, Cleanup: 16840 ns, At safepoint: 16750 ns, Total: 65823 ns
[2025-05-26T03:19:55.036+0000][75][info ][safepoint   ] Safepoint "Cleanup", Time since last: 12514916253 ns, Reaching safepoint: 30995 ns, Cleanup: 19297 ns, At safepoint: 12000 ns, Total: 62292 ns
[2025-05-26T03:19:57.687+0000][75][info ][safepoint   ] Safepoint "Cleanup", Time since last: 2651207905 ns, Reaching safepoint: 13077 ns, Cleanup: 8213 ns, At safepoint: 17929 ns, Total: 39219 ns
[2025-05-26T03:19:59.574+0000][75][info ][safepoint   ] Safepoint "Cleanup", Time since last: 1886343134 ns, Reaching safepoint: 26516 ns, Cleanup: 18925 ns, At safepoint: 10533 ns, Total: 55974 ns
[2025-05-26T03:20:00.574+0000][75][info ][safepoint   ] Safepoint "Cleanup", Time since last: 1000514591 ns, Reaching safepoint: 17222 ns, Cleanup: 10811 ns, At safepoint: 28199 ns, Total: 56232 ns
[2025-05-26T03:20:01.577+0000][75][info ][safepoint   ] Safepoint "Cleanup", Time since last: 1002546484 ns, Reaching safepoint: 25921 ns, Cleanup: 18713 ns, At safepoint: 11562 ns, Total: 56196 ns
[2025-05-26T03:20:05.578+0000][75][info ][safepoint   ] Safepoint "Cleanup", Time since last: 4001058285 ns, Reaching safepoint: 29805 ns, Cleanup: 20671 ns, At safepoint: 10799 ns, Total: 61275 ns
[2025-05-26T03:20:25.583+0000][75][info ][safepoint   ] Safepoint "Cleanup", Time since last: 20007403743 ns, Reaching safepoint: 55001 ns, Cleanup: 19911 ns, At safepoint: 15667 ns, Total: 90579 ns
[2025-05-26T03:20:28.594+0000][75][info ][safepoint   ] Safepoint "Cleanup", Time since last: 3011245077 ns, Reaching safepoint: 29254 ns, Cleanup: 19385 ns, At safepoint: 11690 ns, Total: 60329 ns
[2025-05-26T03:20:32.599+0000][75][info ][safepoint   ] Safepoint "Cleanup", Time since last: 4005033472 ns, Reaching safepoint: 25291 ns, Cleanup: 17410 ns, At safepoint: 10089 ns, Total: 52790 ns
[2025-05-26T03:20:41.601+0000][75][info ][safepoint   ] Safepoint "Cleanup", Time since last: 9001871365 ns, Reaching safepoint: 22488 ns, Cleanup: 14630 ns, At safepoint: 8831 ns, Total: 45949 ns
[2025-05-26T03:20:55.065+0000][75][info ][safepoint   ] Safepoint "Cleanup", Time since last: 13466396620 ns, Reaching safepoint: 26868 ns, Cleanup: 19032 ns, At safepoint: 10702 ns, Total: 56602 ns
[2025-05-26T03:20:56.072+0000][75][info ][safepoint   ] Safepoint "Cleanup", Time since last: 1006779910 ns, Reaching safepoint: 31486 ns, Cleanup: 16464 ns, At safepoint: 17024 ns, Total: 64974 ns
[2025-05-26T03:21:00.073+0000][75][info ][safepoint   ] Safepoint "Cleanup", Time since last: 4000982852 ns, Reaching safepoint: 18115 ns, Cleanup: 15255 ns, At safepoint: 8717 ns, Total: 42087 ns
[2025-05-26T03:21:01.623+0000][75][info ][safepoint   ] Safepoint "Cleanup", Time since last: 1550124025 ns, Reaching safepoint: 6828 ns, Cleanup: 8285 ns, At safepoint: 12751 ns, Total: 27864 ns
[2025-05-26T03:21:02.642+0000][75][info ][safepoint   ] Safepoint "Cleanup", Time since last: 1018447886 ns, Reaching safepoint: 23535 ns, Cleanup: 19182 ns, At safepoint: 11899 ns, Total: 54616 ns
[2025-05-26T03:21:30.643+0000][75][info ][safepoint   ] Safepoint "Cleanup", Time since last: 28004160394 ns, Reaching safepoint: 31963 ns, Cleanup: 17103 ns, At safepoint: 16402 ns, Total: 65468 ns
[2025-05-26T03:21:43.643+0000][75][info ][safepoint   ] Safepoint "Cleanup", Time since last: 13002416591 ns, Reaching safepoint: 29962 ns, Cleanup: 17041 ns, At safepoint: 10980 ns, Total: 57983 ns
[2025-05-26T03:21:55.094+0000][75][info ][safepoint   ] Safepoint "Cleanup", Time since last: 11451320362 ns, Reaching safepoint: 34592 ns, Cleanup: 22682 ns, At safepoint: 16899 ns, Total: 74173 ns
[2025-05-26T03:21:57.601+0000][75][info ][safepoint   ] Safepoint "Cleanup", Time since last: 2506207953 ns, Reaching safepoint: 24892 ns, Cleanup: 11892 ns, At safepoint: 65763 ns, Total: 102547 ns
[2025-05-26T03:22:00.697+0000][75][info ][safepoint   ] Safepoint "Cleanup", Time since last: 3096026816 ns, Reaching safepoint: 28513 ns, Cleanup: 20038 ns, At safepoint: 16767 ns, Total: 65318 ns
[2025-05-26T03:22:03.641+0000][75][info ][safepoint   ] Safepoint "Cleanup", Time since last: 2943849205 ns, Reaching safepoint: 31032 ns, Cleanup: 15895 ns, At safepoint: 68882 ns, Total: 115809 ns
[2025-05-26T03:22:04.714+0000][75][info ][safepoint   ] Safepoint "Cleanup", Time since last: 1073484546 ns, Reaching safepoint: 13321 ns, Cleanup: 13428 ns, At safepoint: 17951 ns, Total: 44700 ns
[2025-05-26T03:22:21.755+0000][75][info ][safepoint   ] Safepoint "Cleanup", Time since last: 17042339699 ns, Reaching safepoint: 630233 ns, Cleanup: 29817 ns, At safepoint: 209889 ns, Total: 869939 ns
[2025-05-26T03:22:22.772+0000][75][info ][safepoint   ] Safepoint "Cleanup", Time since last: 1017680463 ns, Reaching safepoint: 18876 ns, Cleanup: 96321 ns, At safepoint: 10117 ns, Total: 125314 ns
[2025-05-26T03:22:29.802+0000][75][info ][safepoint   ] Safepoint "Cleanup", Time since last: 7029266150 ns, Reaching safepoint: 20923 ns, Cleanup: 13749 ns, At safepoint: 8412 ns, Total: 43084 ns
[2025-05-26T03:22:31.075+0000][75][info ][safepoint   ] Safepoint "Cleanup", Time since last: 1273041964 ns, Reaching safepoint: 42962 ns, Cleanup: 15767 ns, At safepoint: 10474 ns, Total: 69203 ns
[2025-05-26T03:22:35.076+0000][75][info ][safepoint   ] Safepoint "Cleanup", Time since last: 4001130238 ns, Reaching safepoint: 41432 ns, Cleanup: 11572 ns, At safepoint: 7147 ns, Total: 60151 ns
[2025-05-26T03:22:38.100+0000][75][info ][safepoint   ] Safepoint "Cleanup", Time since last: 3024408193 ns, Reaching safepoint: 21508 ns, Cleanup: 15753 ns, At safepoint: 9602 ns, Total: 46863 ns
[2025-05-26T03:22:45.099+0000][75][info ][safepoint   ] Safepoint "Cleanup", Time since last: 7001511243 ns, Reaching safepoint: 34001 ns, Cleanup: 17408 ns, At safepoint: 17481 ns, Total: 68890 ns
[2025-05-26T03:22:50.101+0000][75][info ][safepoint   ] Safepoint "Cleanup", Time since last: 5001507055 ns, Reaching safepoint: 75602 ns, Cleanup: 20347 ns, At safepoint: 18008 ns, Total: 113957 ns
[2025-05-26T03:22:52.101+0000][75][info ][safepoint   ] Safepoint "Cleanup", Time since last: 2000781623 ns, Reaching safepoint: 18793 ns, Cleanup: 12895 ns, At safepoint: 8922 ns, Total: 40610 ns
[2025-05-26T03:22:55.123+0000][75][info ][safepoint   ] Safepoint "Cleanup", Time since last: 3021028484 ns, Reaching safepoint: 33589 ns, Cleanup: 19233 ns, At safepoint: 18057 ns, Total: 70879 ns
[2025-05-26T03:23:06.603+0000][75][info ][safepoint   ] Safepoint "Cleanup", Time since last: 11480762173 ns, Reaching safepoint: 7344 ns, Cleanup: 11670 ns, At safepoint: 2867 ns, Total: 21881 ns
[2025-05-26T03:23:07.855+0000][75][info ][safepoint   ] Safepoint "Cleanup", Time since last: 1251256533 ns, Reaching safepoint: 6163 ns, Cleanup: 24909 ns, At safepoint: 13160 ns, Total: 44232 ns
[2025-05-26T03:23:18.857+0000][75][info ][safepoint   ] Safepoint "Cleanup", Time since last: 11004552841 ns, Reaching safepoint: 61760 ns, Cleanup: 17198 ns, At safepoint: 32035 ns, Total: 110993 ns
[2025-05-26T03:23:24.860+0000][75][info ][safepoint   ] Safepoint "Cleanup", Time since last: 6002657638 ns, Reaching safepoint: 22345 ns, Cleanup: 15185 ns, At safepoint: 10019 ns, Total: 47549 ns
[2025-05-26T03:23:30.861+0000][75][info ][safepoint   ] Safepoint "Cleanup", Time since last: 6001523713 ns, Reaching safepoint: 31510 ns, Cleanup: 15209 ns, At safepoint: 16653 ns, Total: 63372 ns
[2025-05-26T03:23:48.861+0000][75][info ][safepoint   ] Safepoint "Cleanup", Time since last: 18003068970 ns, Reaching safepoint: 80221 ns, Cleanup: 20460 ns, At safepoint: 34605 ns, Total: 135286 ns
[2025-05-26T03:23:55.152+0000][75][info ][safepoint   ] Safepoint "Cleanup", Time since last: 6290375434 ns, Reaching safepoint: 18054 ns, Cleanup: 15078 ns, At safepoint: 7431 ns, Total: 40563 ns
[2025-05-26T03:23:57.566+0000][75][info ][gc,start    ] GC(23) Pause Young (Normal) (G1 Evacuation Pause)
[2025-05-26T03:23:57.567+0000][75][info ][gc,task     ] GC(23) Using 10 workers of 10 for evacuation
[2025-05-26T03:23:57.567+0000][75][debug][gc,age      ] GC(23) Desired survivor size 44040192 bytes, new threshold 15 (max threshold 15)
[2025-05-26T03:23:57.607+0000][75][info ][gc,phases   ] GC(23)   Pre Evacuate Collection Set: 4.99ms
[2025-05-26T03:23:57.608+0000][75][info ][gc,phases   ] GC(23)   Merge Heap Roots: 1.50ms
[2025-05-26T03:23:57.608+0000][75][info ][gc,phases   ] GC(23)   Evacuate Collection Set: 26.09ms
[2025-05-26T03:23:57.609+0000][75][info ][gc,phases   ] GC(23)   Post Evacuate Collection Set: 6.33ms
[2025-05-26T03:23:57.609+0000][75][info ][gc,phases   ] GC(23)   Other: 1.96ms
[2025-05-26T03:23:57.610+0000][75][trace][gc,age      ] GC(23) Age table with threshold 15 (max threshold 15)
[2025-05-26T03:23:57.610+0000][75][trace][gc,age      ] GC(23) - age   1:     609944 bytes,     609944 total
[2025-05-26T03:23:57.611+0000][75][trace][gc,age      ] GC(23) - age   2:      35744 bytes,     645688 total
[2025-05-26T03:23:57.611+0000][75][trace][gc,age      ] GC(23) - age   3:      37176 bytes,     682864 total
[2025-05-26T03:23:57.611+0000][75][trace][gc,age      ] GC(23) - age   4:      21072 bytes,     703936 total
[2025-05-26T03:23:57.612+0000][75][trace][gc,age      ] GC(23) - age   5:      23136 bytes,     727072 total
[2025-05-26T03:23:57.612+0000][75][trace][gc,age      ] GC(23) - age   6:      37728 bytes,     764800 total
[2025-05-26T03:23:57.613+0000][75][trace][gc,age      ] GC(23) - age   7:      78992 bytes,     843792 total
[2025-05-26T03:23:57.613+0000][75][trace][gc,age      ] GC(23) - age   8:     635896 bytes,    1479688 total
[2025-05-26T03:23:57.613+0000][75][trace][gc,age      ] GC(23) - age   9:    1544488 bytes,    3024176 total
[2025-05-26T03:23:57.614+0000][75][info ][gc,heap     ] GC(23) Eden regions: 163->0(336)
[2025-05-26T03:23:57.614+0000][75][info ][gc,heap     ] GC(23) Survivor regions: 1->1(21)
[2025-05-26T03:23:57.615+0000][75][info ][gc,heap     ] GC(23) Old regions: 26->26
[2025-05-26T03:23:57.615+0000][75][info ][gc,heap     ] GC(23) Humongous regions: 0->0
[2025-05-26T03:23:57.616+0000][75][info ][gc,metaspace] GC(23) Metaspace: 144001K(147840K)->144001K(147840K) NonClass: 124402K(126464K)->124402K(126464K) Class: 19598K(21376K)->19598K(21376K)
[2025-05-26T03:23:57.616+0000][75][info ][gc          ] GC(23) Pause Young (Normal) (G1 Evacuation Pause) 758M->106M(3880M) 50.865ms
[2025-05-26T03:23:57.617+0000][75][info ][gc,cpu      ] GC(23) User=0.22s Sys=0.02s Real=0.05s
[2025-05-26T03:23:57.618+0000][75][info ][safepoint   ] Safepoint "G1CollectForAllocation", Time since last: 2413202352 ns, Reaching safepoint: 19065 ns, Cleanup: 5610 ns, At safepoint: 52538683 ns, Total: 52563358 ns
[2025-05-26T03:24:00.618+0000][75][info ][safepoint   ] Safepoint "Cleanup", Time since last: 3000854705 ns, Reaching safepoint: 19048 ns, Cleanup: 12582 ns, At safepoint: 7751 ns, Total: 39381 ns
[2025-05-26T03:24:02.619+0000][75][info ][safepoint   ] Safepoint "Cleanup", Time since last: 2000899228 ns, Reaching safepoint: 30289 ns, Cleanup: 17095 ns, At safepoint: 16997 ns, Total: 64381 ns
[2025-05-26T03:24:04.620+0000][75][info ][safepoint   ] Safepoint "Cleanup", Time since last: 2000994068 ns, Reaching safepoint: 46518 ns, Cleanup: 14299 ns, At safepoint: 9104 ns, Total: 69921 ns
[2025-05-26T03:24:08.622+0000][75][info ][safepoint   ] Safepoint "Cleanup", Time since last: 4001069547 ns, Reaching safepoint: 28580 ns, Cleanup: 18238 ns, At safepoint: 10919 ns, Total: 57737 ns
[2025-05-26T03:24:09.878+0000][75][info ][safepoint   ] Safepoint "Cleanup", Time since last: 1256760054 ns, Reaching safepoint: 5549 ns, Cleanup: 15362 ns, At safepoint: 2908 ns, Total: 23819 ns
[2025-05-26T03:24:10.888+0000][75][info ][safepoint   ] Safepoint "Cleanup", Time since last: 1009092986 ns, Reaching safepoint: 33110 ns, Cleanup: 17101 ns, At safepoint: 17371 ns, Total: 67582 ns
[2025-05-26T03:24:14.887+0000][75][info ][safepoint   ] Safepoint "Cleanup", Time since last: 4001795654 ns, Reaching safepoint: 78514 ns, Cleanup: 18397 ns, At safepoint: 12901 ns, Total: 109812 ns
[2025-05-26T03:24:27.890+0000][75][info ][safepoint   ] Safepoint "Cleanup", Time since last: 13002154070 ns, Reaching safepoint: 73129 ns, Cleanup: 14994 ns, At safepoint: 12595 ns, Total: 100718 ns
[2025-05-26T03:24:30.891+0000][75][info ][safepoint   ] Safepoint "Cleanup", Time since last: 3000930293 ns, Reaching safepoint: 125522 ns, Cleanup: 21236 ns, At safepoint: 76237 ns, Total: 222995 ns
[2025-05-26T03:24:55.179+0000][75][info ][safepoint   ] Safepoint "Cleanup", Time since last: 24291055211 ns, Reaching safepoint: 39994 ns, Cleanup: 28650 ns, At safepoint: 16171 ns, Total: 84815 ns
[2025-05-26T03:25:12.585+0000][75][info ][safepoint   ] Safepoint "Cleanup", Time since last: 17405304464 ns, Reaching safepoint: 14777 ns, Cleanup: 10224 ns, At safepoint: 4058 ns, Total: 29059 ns
[2025-05-26T03:25:13.934+0000][75][info ][safepoint   ] Safepoint "Cleanup", Time since last: 1351976581 ns, Reaching safepoint: 32813 ns, Cleanup: 15117 ns, At safepoint: 9410 ns, Total: 57340 ns
[2025-05-26T03:25:24.951+0000][75][info ][safepoint   ] Safepoint "Cleanup", Time since last: 11017345205 ns, Reaching safepoint: 68995 ns, Cleanup: 22831 ns, At safepoint: 13413 ns, Total: 105239 ns
[2025-05-26T03:25:42.955+0000][75][info ][safepoint   ] Safepoint "Cleanup", Time since last: 18003115780 ns, Reaching safepoint: 92663 ns, Cleanup: 13994 ns, At safepoint: 9777 ns, Total: 116434 ns
[2025-05-26T03:25:54.206+0000][75][info ][safepoint   ] Safepoint "Cleanup", Time since last: 11253074320 ns, Reaching safepoint: 32847 ns, Cleanup: 20734 ns, At safepoint: 15771 ns, Total: 69352 ns
[2025-05-26T03:25:55.207+0000][75][info ][safepoint   ] Safepoint "Cleanup", Time since last: 1000929568 ns, Reaching safepoint: 26552 ns, Cleanup: 18543 ns, At safepoint: 11149 ns, Total: 56244 ns
[2025-05-26T03:26:00.220+0000][75][info ][safepoint   ] Safepoint "Cleanup", Time since last: 5013695091 ns, Reaching safepoint: 26466 ns, Cleanup: 16256 ns, At safepoint: 10426 ns, Total: 53148 ns
[2025-05-26T03:26:05.222+0000][75][info ][safepoint   ] Safepoint "Cleanup", Time since last: 5001660235 ns, Reaching safepoint: 28256 ns, Cleanup: 37815 ns, At safepoint: 12910 ns, Total: 78981 ns
[2025-05-26T03:26:15.221+0000][75][info ][safepoint   ] Safepoint "Cleanup", Time since last: 10001979155 ns, Reaching safepoint: 184449 ns, Cleanup: 23081 ns, At safepoint: 20637 ns, Total: 228167 ns
[2025-05-26T03:26:16.974+0000][75][info ][safepoint   ] Safepoint "Cleanup", Time since last: 1752507553 ns, Reaching safepoint: 124537 ns, Cleanup: 38034 ns, At safepoint: 17624 ns, Total: 180195 ns
[2025-05-26T03:26:18.975+0000][75][info ][safepoint   ] Safepoint "Cleanup", Time since last: 2000956925 ns, Reaching safepoint: 156974 ns, Cleanup: 14245 ns, At safepoint: 56241 ns, Total: 227460 ns
[2025-05-26T03:26:24.977+0000][75][info ][safepoint   ] Safepoint "Cleanup", Time since last: 6001224666 ns, Reaching safepoint: 56861 ns, Cleanup: 16700 ns, At safepoint: 33940 ns, Total: 107501 ns
[2025-05-26T03:26:25.978+0000][75][info ][safepoint   ] Safepoint "Cleanup", Time since last: 1001372549 ns, Reaching safepoint: 26484 ns, Cleanup: 15513 ns, At safepoint: 9954 ns, Total: 51951 ns
[2025-05-26T03:26:30.979+0000][75][info ][safepoint   ] Safepoint "Cleanup", Time since last: 5001182190 ns, Reaching safepoint: 33421 ns, Cleanup: 25019 ns, At safepoint: 18943 ns, Total: 77383 ns
[2025-05-26T03:26:51.980+0000][75][info ][safepoint   ] Safepoint "Cleanup", Time since last: 21003446770 ns, Reaching safepoint: 124039 ns, Cleanup: 14281 ns, At safepoint: 7347 ns, Total: 145667 ns
[2025-05-26T03:27:13.231+0000][75][info ][safepoint   ] Safepoint "Cleanup", Time since last: 21253612026 ns, Reaching safepoint: 52469 ns, Cleanup: 17856 ns, At safepoint: 10117 ns, Total: 80442 ns
[2025-05-26T03:27:18.607+0000][75][info ][safepoint   ] Safepoint "Cleanup", Time since last: 5376063372 ns, Reaching safepoint: 14393 ns, Cleanup: 13600 ns, At safepoint: 17583 ns, Total: 45576 ns
[2025-05-26T03:27:20.013+0000][75][info ][safepoint   ] Safepoint "Cleanup", Time since last: 1405996545 ns, Reaching safepoint: 26161 ns, Cleanup: 34828 ns, At safepoint: 11268 ns, Total: 72257 ns
[2025-05-26T03:27:24.595+0000][75][info ][safepoint   ] Safepoint "Cleanup", Time since last: 4582120887 ns, Reaching safepoint: 148068 ns, Cleanup: 20228 ns, At safepoint: 40871 ns, Total: 209167 ns
[2025-05-26T03:27:26.036+0000][75][info ][safepoint   ] Safepoint "Cleanup", Time since last: 1440748090 ns, Reaching safepoint: 30185 ns, Cleanup: 20132 ns, At safepoint: 10084 ns, Total: 60401 ns
[2025-05-26T03:27:27.086+0000][75][info ][safepoint   ] Safepoint "Cleanup", Time since last: 1049657720 ns, Reaching safepoint: 25802 ns, Cleanup: 16141 ns, At safepoint: 10334 ns, Total: 52277 ns
[2025-05-26T03:27:29.897+0000][75][info ][safepoint   ] Safepoint "Cleanup", Time since last: 2811028490 ns, Reaching safepoint: 18981 ns, Cleanup: 11771 ns, At safepoint: 62719 ns, Total: 93471 ns
[2025-05-26T03:27:31.258+0000][75][info ][safepoint   ] Safepoint "Cleanup", Time since last: 1361139088 ns, Reaching safepoint: 34595 ns, Cleanup: 18246 ns, At safepoint: 19139 ns, Total: 71980 ns
[2025-05-26T03:27:50.262+0000][75][info ][safepoint   ] Safepoint "Cleanup", Time since last: 19005529734 ns, Reaching safepoint: 51267 ns, Cleanup: 14915 ns, At safepoint: 9363 ns, Total: 75545 ns
[2025-05-26T03:28:15.260+0000][75][info ][safepoint   ] Safepoint "Cleanup", Time since last: 25001649303 ns, Reaching safepoint: 121676 ns, Cleanup: 16726 ns, At safepoint: 14076 ns, Total: 152478 ns
[2025-05-26T03:28:20.262+0000][75][info ][safepoint   ] Safepoint "Cleanup", Time since last: 5001178649 ns, Reaching safepoint: 32587 ns, Cleanup: 18888 ns, At safepoint: 17291 ns, Total: 68766 ns
[2025-05-26T03:28:22.125+0000][75][info ][safepoint   ] Safepoint "Cleanup", Time since last: 1862842322 ns, Reaching safepoint: 164502 ns, Cleanup: 11948 ns, At safepoint: 56916 ns, Total: 233366 ns
[2025-05-26T03:28:23.130+0000][75][info ][safepoint   ] Safepoint "Cleanup", Time since last: 1005222861 ns, Reaching safepoint: 17520 ns, Cleanup: 113648 ns, At safepoint: 36046 ns, Total: 167214 ns
[2025-05-26T03:28:55.289+0000][75][info ][safepoint   ] Safepoint "Cleanup", Time since last: 32161685105 ns, Reaching safepoint: 83287 ns, Cleanup: 34943 ns, At safepoint: 13381 ns, Total: 131611 ns
[2025-05-26T03:29:19.291+0000][75][info ][safepoint   ] Safepoint "Cleanup", Time since last: 24004457956 ns, Reaching safepoint: 54747 ns, Cleanup: 16906 ns, At safepoint: 10220 ns, Total: 81873 ns
[2025-05-26T03:29:20.294+0000][75][info ][safepoint   ] Safepoint "Cleanup", Time since last: 1002029075 ns, Reaching safepoint: 34083 ns, Cleanup: 17411 ns, At safepoint: 18504 ns, Total: 69998 ns
[2025-05-26T03:29:25.169+0000][75][info ][safepoint   ] Safepoint "Cleanup", Time since last: 4875597436 ns, Reaching safepoint: 31781 ns, Cleanup: 12431 ns, At safepoint: 70411 ns, Total: 114623 ns
[2025-05-26T03:29:48.187+0000][75][info ][safepoint   ] Safepoint "Cleanup", Time since last: 23020386752 ns, Reaching safepoint: 85632 ns, Cleanup: 19416 ns, At safepoint: 11491 ns, Total: 116539 ns
[2025-05-26T03:30:20.318+0000][75][info ][safepoint   ] Safepoint "Cleanup", Time since last: 32133344410 ns, Reaching safepoint: 75896 ns, Cleanup: 16344 ns, At safepoint: 17155 ns, Total: 109395 ns
[2025-05-26T03:30:26.320+0000][75][info ][safepoint   ] Safepoint "Cleanup", Time since last: 6001624040 ns, Reaching safepoint: 63998 ns, Cleanup: 36214 ns, At safepoint: 23579 ns, Total: 123791 ns
[2025-05-26T03:30:27.617+0000][75][info ][safepoint   ] Safepoint "Cleanup", Time since last: 1296249647 ns, Reaching safepoint: 22062 ns, Cleanup: 17293 ns, At safepoint: 131902 ns, Total: 171257 ns
[2025-05-26T03:30:29.254+0000][75][info ][safepoint   ] Safepoint "Cleanup", Time since last: 1637073069 ns, Reaching safepoint: 68101 ns, Cleanup: 16605 ns, At safepoint: 17784 ns, Total: 102490 ns
[2025-05-26T03:30:34.255+0000][75][info ][safepoint   ] Safepoint "Cleanup", Time since last: 5001367069 ns, Reaching safepoint: 27661 ns, Cleanup: 18535 ns, At safepoint: 11904 ns, Total: 58100 ns
[2025-05-26T03:30:37.261+0000][75][info ][safepoint   ] Safepoint "Cleanup", Time since last: 3005934651 ns, Reaching safepoint: 26374 ns, Cleanup: 16323 ns, At safepoint: 11970 ns, Total: 54667 ns
[2025-05-26T03:30:45.262+0000][75][info ][safepoint   ] Safepoint "Cleanup", Time since last: 8004337954 ns, Reaching safepoint: 66988 ns, Cleanup: 16238 ns, At safepoint: 31177 ns, Total: 114403 ns
[2025-05-26T03:30:54.345+0000][75][info ][safepoint   ] Safepoint "Cleanup", Time since last: 9082395505 ns, Reaching safepoint: 18412 ns, Cleanup: 17443 ns, At safepoint: 47086 ns, Total: 82941 ns
[2025-05-26T03:30:58.346+0000][75][info ][safepoint   ] Safepoint "Cleanup", Time since last: 4001074026 ns, Reaching safepoint: 24111 ns, Cleanup: 14695 ns, At safepoint: 10397 ns, Total: 49203 ns
[2025-05-26T03:31:00.347+0000][75][info ][safepoint   ] Safepoint "Cleanup", Time since last: 2000898855 ns, Reaching safepoint: 67296 ns, Cleanup: 16881 ns, At safepoint: 12298 ns, Total: 96475 ns
[2025-05-26T03:31:21.348+0000][75][info ][safepoint   ] Safepoint "Cleanup", Time since last: 21003524567 ns, Reaching safepoint: 56736 ns, Cleanup: 13861 ns, At safepoint: 51413 ns, Total: 122010 ns
[2025-05-26T03:31:30.349+0000][75][info ][safepoint   ] Safepoint "Cleanup", Time since last: 9001598980 ns, Reaching safepoint: 44428 ns, Cleanup: 13023 ns, At safepoint: 9355 ns, Total: 66806 ns
[2025-05-26T03:31:32.296+0000][75][info ][safepoint   ] Safepoint "Cleanup", Time since last: 1946043032 ns, Reaching safepoint: 43771 ns, Cleanup: 16989 ns, At safepoint: 11831 ns, Total: 72591 ns
[2025-05-26T03:31:43.296+0000][75][info ][safepoint   ] Safepoint "Cleanup", Time since last: 11001995065 ns, Reaching safepoint: 40608 ns, Cleanup: 14142 ns, At safepoint: 23872 ns, Total: 78622 ns
[2025-05-26T03:31:49.297+0000][75][info ][safepoint   ] Safepoint "Cleanup", Time since last: 6001290976 ns, Reaching safepoint: 59090 ns, Cleanup: 15866 ns, At safepoint: 69593 ns, Total: 144549 ns
[2025-05-26T03:31:54.372+0000][75][info ][safepoint   ] Safepoint "Cleanup", Time since last: 5074319104 ns, Reaching safepoint: 26304 ns, Cleanup: 21511 ns, At safepoint: 9359 ns, Total: 57174 ns
[2025-05-26T03:32:05.374+0000][75][info ][safepoint   ] Safepoint "Cleanup", Time since last: 11001926087 ns, Reaching safepoint: 70917 ns, Cleanup: 17514 ns, At safepoint: 12691 ns, Total: 101122 ns
[2025-05-26T03:32:28.315+0000][75][info ][safepoint   ] Safepoint "Cleanup", Time since last: 22943788155 ns, Reaching safepoint: 132175 ns, Cleanup: 17097 ns, At safepoint: 72257 ns, Total: 221529 ns
[2025-05-26T03:32:30.370+0000][75][info ][safepoint   ] Safepoint "Cleanup", Time since last: 2055581291 ns, Reaching safepoint: 20905 ns, Cleanup: 16077 ns, At safepoint: 8989 ns, Total: 45971 ns
[2025-05-26T03:32:33.572+0000][75][info ][safepoint   ] Safepoint "Cleanup", Time since last: 3201635731 ns, Reaching safepoint: 14137 ns, Cleanup: 59028 ns, At safepoint: 34464 ns, Total: 107629 ns
[2025-05-26T03:32:35.404+0000][75][info ][safepoint   ] Safepoint "Cleanup", Time since last: 1831840270 ns, Reaching safepoint: 6076 ns, Cleanup: 13965 ns, At safepoint: 11811 ns, Total: 31852 ns
[2025-05-26T03:32:54.398+0000][75][info ][safepoint   ] Safepoint "Cleanup", Time since last: 18997670511 ns, Reaching safepoint: 19238 ns, Cleanup: 16041 ns, At safepoint: 9059 ns, Total: 44338 ns
[2025-05-26T03:33:00.576+0000][75][info ][safepoint   ] Safepoint "Cleanup", Time since last: 6177528461 ns, Reaching safepoint: 16675 ns, Cleanup: 21917 ns, At safepoint: 89891 ns, Total: 128483 ns
[2025-05-26T03:33:17.606+0000][75][info ][safepoint   ] Safepoint "Cleanup", Time since last: 17032554075 ns, Reaching safepoint: 51339 ns, Cleanup: 15537 ns, At safepoint: 13020 ns, Total: 79896 ns
[2025-05-26T03:33:20.608+0000][75][info ][safepoint   ] Safepoint "Cleanup", Time since last: 3001448086 ns, Reaching safepoint: 27154 ns, Cleanup: 15047 ns, At safepoint: 12685 ns, Total: 54886 ns
[2025-05-26T03:33:22.609+0000][75][info ][safepoint   ] Safepoint "Cleanup", Time since last: 2000821155 ns, Reaching safepoint: 28619 ns, Cleanup: 15705 ns, At safepoint: 12827 ns, Total: 57151 ns
[2025-05-26T03:33:24.610+0000][75][info ][safepoint   ] Safepoint "Cleanup", Time since last: 2001214844 ns, Reaching safepoint: 38763 ns, Cleanup: 34541 ns, At safepoint: 19884 ns, Total: 93188 ns
[2025-05-26T03:33:28.611+0000][75][info ][safepoint   ] Safepoint "Cleanup", Time since last: 4000931226 ns, Reaching safepoint: 22924 ns, Cleanup: 17310 ns, At safepoint: 11270 ns, Total: 51504 ns
[2025-05-26T03:33:34.612+0000][75][info ][safepoint   ] Safepoint "Cleanup", Time since last: 6001450978 ns, Reaching safepoint: 34066 ns, Cleanup: 17078 ns, At safepoint: 17655 ns, Total: 68799 ns
[2025-05-26T03:33:36.593+0000][75][info ][safepoint   ] Safepoint "Cleanup", Time since last: 1980273015 ns, Reaching safepoint: 29468 ns, Cleanup: 23823 ns, At safepoint: 78353 ns, Total: 131644 ns
[2025-05-26T03:33:38.435+0000][75][info ][safepoint   ] Safepoint "Cleanup", Time since last: 1841645498 ns, Reaching safepoint: 20181 ns, Cleanup: 25907 ns, At safepoint: 10953 ns, Total: 57041 ns
[2025-05-26T03:33:54.429+0000][75][info ][safepoint   ] Safepoint "Cleanup", Time since last: 15996489609 ns, Reaching safepoint: 25701 ns, Cleanup: 25676 ns, At safepoint: 10092 ns, Total: 61469 ns
[2025-05-26T03:34:01.430+0000][75][info ][safepoint   ] Safepoint "Cleanup", Time since last: 7001388843 ns, Reaching safepoint: 21754 ns, Cleanup: 13425 ns, At safepoint: 8969 ns, Total: 44148 ns
[2025-05-26T03:34:15.431+0000][75][info ][safepoint   ] Safepoint "Cleanup", Time since last: 14004091587 ns, Reaching safepoint: 27912 ns, Cleanup: 19149 ns, At safepoint: 11820 ns, Total: 58881 ns
[2025-05-26T03:34:36.750+0000][75][info ][safepoint   ] Safepoint "Cleanup", Time since last: 21318804571 ns, Reaching safepoint: 8249 ns, Cleanup: 13026 ns, At safepoint: 13349 ns, Total: 34624 ns
[2025-05-26T03:34:38.488+0000][75][info ][safepoint   ] Safepoint "Cleanup", Time since last: 1738108097 ns, Reaching safepoint: 18078 ns, Cleanup: 13441 ns, At safepoint: 8386 ns, Total: 39905 ns
[2025-05-26T03:34:50.489+0000][75][info ][safepoint   ] Safepoint "Cleanup", Time since last: 12001960603 ns, Reaching safepoint: 45501 ns, Cleanup: 13053 ns, At safepoint: 10368 ns, Total: 68922 ns
[2025-05-26T03:34:55.460+0000][75][info ][safepoint   ] Safepoint "Cleanup", Time since last: 4971730606 ns, Reaching safepoint: 25253 ns, Cleanup: 14871 ns, At safepoint: 10671 ns, Total: 50795 ns
[2025-05-26T03:35:15.463+0000][75][info ][safepoint   ] Safepoint "Cleanup", Time since last: 20003419994 ns, Reaching safepoint: 31675 ns, Cleanup: 2350715 ns, At safepoint: 72819 ns, Total: 2455209 ns
[2025-05-26T03:35:30.468+0000][75][info ][safepoint   ] Safepoint "Cleanup", Time since last: 15004421570 ns, Reaching safepoint: 81715 ns, Cleanup: 19501 ns, At safepoint: 21554 ns, Total: 122770 ns
[2025-05-26T03:35:37.470+0000][75][info ][safepoint   ] Safepoint "Cleanup", Time since last: 7001556383 ns, Reaching safepoint: 33413 ns, Cleanup: 17833 ns, At safepoint: 18255 ns, Total: 69501 ns
[2025-05-26T03:35:39.700+0000][75][info ][safepoint   ] Safepoint "Cleanup", Time since last: 2230418372 ns, Reaching safepoint: 144184 ns, Cleanup: 9155 ns, At safepoint: 63259 ns, Total: 216598 ns
[2025-05-26T03:35:41.525+0000][75][info ][safepoint   ] Safepoint "Cleanup", Time since last: 1824528337 ns, Reaching safepoint: 19888 ns, Cleanup: 15283 ns, At safepoint: 8885 ns, Total: 44056 ns
[2025-05-26T03:35:54.493+0000][75][info ][safepoint   ] Safepoint "Cleanup", Time since last: 12971287478 ns, Reaching safepoint: 32493 ns, Cleanup: 22829 ns, At safepoint: 12526 ns, Total: 67848 ns
[2025-05-26T03:36:30.498+0000][75][info ][safepoint   ] Safepoint "Cleanup", Time since last: 36006643065 ns, Reaching safepoint: 33579 ns, Cleanup: 234563 ns, At safepoint: 35905 ns, Total: 304047 ns
[2025-05-26T03:36:43.541+0000][75][info ][safepoint   ] Safepoint "Cleanup", Time since last: 13045849149 ns, Reaching safepoint: 27048 ns, Cleanup: 14636 ns, At safepoint: 71276 ns, Total: 112960 ns
[2025-05-26T03:36:44.560+0000][75][info ][safepoint   ] Safepoint "Cleanup", Time since last: 1018630324 ns, Reaching safepoint: 28130 ns, Cleanup: 19322 ns, At safepoint: 11780 ns, Total: 59232 ns
[2025-05-26T03:36:45.561+0000][75][info ][safepoint   ] Safepoint "Cleanup", Time since last: 1000630295 ns, Reaching safepoint: 34113 ns, Cleanup: 15689 ns, At safepoint: 16770 ns, Total: 66572 ns
[2025-05-26T03:36:55.526+0000][75][info ][safepoint   ] Safepoint "Cleanup", Time since last: 9965784724 ns, Reaching safepoint: 31402 ns, Cleanup: 16880 ns, At safepoint: 17441 ns, Total: 65723 ns
[2025-05-26T03:36:57.698+0000][75][info ][safepoint   ] Safepoint "Cleanup", Time since last: 2171712806 ns, Reaching safepoint: 16825 ns, Cleanup: 34101 ns, At safepoint: 176996 ns, Total: 227922 ns
[2025-05-26T03:36:59.589+0000][75][info ][safepoint   ] Safepoint "Cleanup", Time since last: 1890287123 ns, Reaching safepoint: 17546 ns, Cleanup: 85839 ns, At safepoint: 8823 ns, Total: 112208 ns
[2025-05-26T03:37:00.596+0000][75][info ][safepoint   ] Safepoint "Cleanup", Time since last: 1006664882 ns, Reaching safepoint: 6354 ns, Cleanup: 11265 ns, At safepoint: 14266 ns, Total: 31885 ns
[2025-05-26T03:37:01.622+0000][75][info ][safepoint   ] Safepoint "Cleanup", Time since last: 1026579630 ns, Reaching safepoint: 14431 ns, Cleanup: 40612 ns, At safepoint: 145736 ns, Total: 200779 ns
[2025-05-26T03:37:02.635+0000][75][info ][safepoint   ] Safepoint "Cleanup", Time since last: 1012975618 ns, Reaching safepoint: 35190 ns, Cleanup: 20125 ns, At safepoint: 14384 ns, Total: 69699 ns
[2025-05-26T03:37:03.697+0000][75][info ][safepoint   ] Safepoint "Cleanup", Time since last: 1059987100 ns, Reaching safepoint: 1060060 ns, Cleanup: 15150 ns, At safepoint: 155490 ns, Total: 1230700 ns
[2025-05-26T03:37:05.661+0000][75][info ][safepoint   ] Safepoint "Cleanup", Time since last: 1964173417 ns, Reaching safepoint: 31840 ns, Cleanup: 28016 ns, At safepoint: 19052 ns, Total: 78908 ns
[2025-05-26T03:37:14.662+0000][75][info ][safepoint   ] Safepoint "Cleanup", Time since last: 9003690803 ns, Reaching safepoint: 18933 ns, Cleanup: 18406 ns, At safepoint: 9614 ns, Total: 46953 ns
[2025-05-26T03:37:25.664+0000][75][info ][safepoint   ] Safepoint "Cleanup", Time since last: 11002111883 ns, Reaching safepoint: 72175 ns, Cleanup: 25465 ns, At safepoint: 18567 ns, Total: 116207 ns
[2025-05-26T03:37:27.721+0000][75][info ][safepoint   ] Safepoint "Cleanup", Time since last: 2057345248 ns, Reaching safepoint: 13032 ns, Cleanup: 12203 ns, At safepoint: 20570 ns, Total: 45805 ns
[2025-05-26T03:37:28.722+0000][75][info ][safepoint   ] Safepoint "Cleanup", Time since last: 1000342747 ns, Reaching safepoint: 16581 ns, Cleanup: 19323 ns, At safepoint: 12477 ns, Total: 48381 ns
[2025-05-26T03:37:29.727+0000][75][info ][safepoint   ] Safepoint "Cleanup", Time since last: 1004892076 ns, Reaching safepoint: 20979 ns, Cleanup: 14308 ns, At safepoint: 9424 ns, Total: 44711 ns
[2025-05-26T03:37:30.731+0000][75][info ][safepoint   ] Safepoint "Cleanup", Time since last: 1004341148 ns, Reaching safepoint: 5822 ns, Cleanup: 20078 ns, At safepoint: 13087 ns, Total: 38987 ns
[2025-05-26T03:37:45.805+0000][75][info ][safepoint   ] Safepoint "Cleanup", Time since last: 15076397263 ns, Reaching safepoint: 5468 ns, Cleanup: 9761 ns, At safepoint: 12598 ns, Total: 27827 ns
[2025-05-26T03:37:46.825+0000][75][info ][safepoint   ] Safepoint "Cleanup", Time since last: 1020326043 ns, Reaching safepoint: 28626 ns, Cleanup: 54505 ns, At safepoint: 67777 ns, Total: 150908 ns
[2025-05-26T03:37:48.776+0000][75][info ][safepoint   ] Safepoint "Cleanup", Time since last: 1950336453 ns, Reaching safepoint: 604773 ns, Cleanup: 16169 ns, At safepoint: 172069 ns, Total: 793011 ns
[2025-05-26T03:37:49.808+0000][75][info ][safepoint   ] Safepoint "Cleanup", Time since last: 1031240269 ns, Reaching safepoint: 58580 ns, Cleanup: 14966 ns, At safepoint: 10993 ns, Total: 84539 ns
[2025-05-26T03:37:54.559+0000][75][info ][safepoint   ] Safepoint "Cleanup", Time since last: 4751703029 ns, Reaching safepoint: 30535 ns, Cleanup: 21407 ns, At safepoint: 17403 ns, Total: 69345 ns
[2025-05-26T03:37:58.561+0000][75][info ][safepoint   ] Safepoint "Cleanup", Time since last: 4001086810 ns, Reaching safepoint: 21343 ns, Cleanup: 13923 ns, At safepoint: 9362 ns, Total: 44628 ns
[2025-05-26T03:38:00.577+0000][75][info ][safepoint   ] Safepoint "Cleanup", Time since last: 2016728867 ns, Reaching safepoint: 18268 ns, Cleanup: 12856 ns, At safepoint: 8598 ns, Total: 39722 ns
[2025-05-26T03:38:01.854+0000][75][info ][safepoint   ] Safepoint "Cleanup", Time since last: 1277055999 ns, Reaching safepoint: 17025 ns, Cleanup: 34079 ns, At safepoint: 31391 ns, Total: 82495 ns
[2025-05-26T03:38:08.861+0000][75][info ][safepoint   ] Safepoint "Cleanup", Time since last: 7006845094 ns, Reaching safepoint: 30694 ns, Cleanup: 17105 ns, At safepoint: 16923 ns, Total: 64722 ns
[2025-05-26T03:38:18.862+0000][75][info ][safepoint   ] Safepoint "Cleanup", Time since last: 10002254666 ns, Reaching safepoint: 32472 ns, Cleanup: 15620 ns, At safepoint: 17559 ns, Total: 65651 ns
[2025-05-26T03:38:28.863+0000][75][info ][safepoint   ] Safepoint "Cleanup", Time since last: 10001804122 ns, Reaching safepoint: 46681 ns, Cleanup: 15317 ns, At safepoint: 8724 ns, Total: 70722 ns
[2025-05-26T03:38:38.865+0000][75][info ][safepoint   ] Safepoint "Cleanup", Time since last: 10001698997 ns, Reaching safepoint: 132785 ns, Cleanup: 20044 ns, At safepoint: 15099 ns, Total: 167928 ns
[2025-05-26T03:38:48.706+0000][75][info ][safepoint   ] Safepoint "Cleanup", Time since last: 9842777869 ns, Reaching safepoint: 7912 ns, Cleanup: 9321 ns, At safepoint: 21983 ns, Total: 39216 ns
[2025-05-26T03:38:49.892+0000][75][info ][safepoint   ] Safepoint "Cleanup", Time since last: 1186500551 ns, Reaching safepoint: 26980 ns, Cleanup: 20293 ns, At safepoint: 13160 ns, Total: 60433 ns
[2025-05-26T03:38:50.910+0000][75][info ][safepoint   ] Safepoint "Cleanup", Time since last: 1017260845 ns, Reaching safepoint: 31645 ns, Cleanup: 15575 ns, At safepoint: 18430 ns, Total: 65650 ns
[2025-05-26T03:38:54.589+0000][75][info ][safepoint   ] Safepoint "Cleanup", Time since last: 3679253603 ns, Reaching safepoint: 20410 ns, Cleanup: 21423 ns, At safepoint: 9433 ns, Total: 51266 ns
[2025-05-26T03:39:00.595+0000][75][info ][safepoint   ] Safepoint "Cleanup", Time since last: 6005960348 ns, Reaching safepoint: 28730 ns, Cleanup: 17573 ns, At safepoint: 13560 ns, Total: 59863 ns
[2025-05-26T03:39:49.596+0000][75][info ][safepoint   ] Safepoint "Cleanup", Time since last: 49006321368 ns, Reaching safepoint: 98217 ns, Cleanup: 29871 ns, At safepoint: 19180 ns, Total: 147268 ns
[2025-05-26T03:39:51.695+0000][75][info ][safepoint   ] Safepoint "Cleanup", Time since last: 2098931373 ns, Reaching safepoint: 107536 ns, Cleanup: 15898 ns, At safepoint: 33541 ns, Total: 156975 ns
[2025-05-26T03:39:52.962+0000][75][info ][safepoint   ] Safepoint "Cleanup", Time since last: 1267042889 ns, Reaching safepoint: 30959 ns, Cleanup: 23160 ns, At safepoint: 11494 ns, Total: 65613 ns
[2025-05-26T03:39:54.615+0000][75][info ][safepoint   ] Safepoint "Cleanup", Time since last: 1652626987 ns, Reaching safepoint: 30181 ns, Cleanup: 21975 ns, At safepoint: 14162 ns, Total: 66318 ns
[2025-05-26T03:39:55.615+0000][75][info ][safepoint   ] Safepoint "Cleanup", Time since last: 1000691066 ns, Reaching safepoint: 23722 ns, Cleanup: 14335 ns, At safepoint: 10383 ns, Total: 48440 ns
[2025-05-26T03:39:57.616+0000][75][info ][safepoint   ] Safepoint "Cleanup", Time since last: 2000638001 ns, Reaching safepoint: 26385 ns, Cleanup: 16845 ns, At safepoint: 10249 ns, Total: 53479 ns
[2025-05-26T03:40:00.621+0000][75][info ][safepoint   ] Safepoint "Cleanup", Time since last: 3004533546 ns, Reaching safepoint: 28469 ns, Cleanup: 14003 ns, At safepoint: 9153 ns, Total: 51625 ns
[2025-05-26T03:40:14.621+0000][75][info ][safepoint   ] Safepoint "Cleanup", Time since last: 14002353553 ns, Reaching safepoint: 74667 ns, Cleanup: 24683 ns, At safepoint: 18775 ns, Total: 118125 ns
[2025-05-26T03:40:22.623+0000][75][info ][safepoint   ] Safepoint "Cleanup", Time since last: 8002138180 ns, Reaching safepoint: 47237 ns, Cleanup: 17287 ns, At safepoint: 10676 ns, Total: 75200 ns
[2025-05-26T03:40:39.626+0000][75][info ][safepoint   ] Safepoint "Cleanup", Time since last: 17002666718 ns, Reaching safepoint: 32146 ns, Cleanup: 16835 ns, At safepoint: 18406 ns, Total: 67387 ns
[2025-05-26T03:40:49.626+0000][75][info ][safepoint   ] Safepoint "Cleanup", Time since last: 10002245773 ns, Reaching safepoint: 64654 ns, Cleanup: 17250 ns, At safepoint: 14049 ns, Total: 95953 ns
[2025-05-26T03:40:54.695+0000][75][info ][safepoint   ] Safepoint "Cleanup", Time since last: 5067554874 ns, Reaching safepoint: 909007 ns, Cleanup: 17386 ns, At safepoint: 178536 ns, Total: 1104929 ns
[2025-05-26T03:41:04.016+0000][75][info ][safepoint   ] Safepoint "Cleanup", Time since last: 9321156367 ns, Reaching safepoint: 30598 ns, Cleanup: 17927 ns, At safepoint: 10614 ns, Total: 59139 ns
[2025-05-26T03:41:15.016+0000][75][info ][safepoint   ] Safepoint "Cleanup", Time since last: 11002131661 ns, Reaching safepoint: 55691 ns, Cleanup: 14456 ns, At safepoint: 12394 ns, Total: 82541 ns
[2025-05-26T03:41:31.019+0000][75][info ][safepoint   ] Safepoint "Cleanup", Time since last: 16003201441 ns, Reaching safepoint: 32448 ns, Cleanup: 17161 ns, At safepoint: 17686 ns, Total: 67295 ns
[2025-05-26T03:41:57.719+0000][75][info ][safepoint   ] Safepoint "Cleanup", Time since last: 26703199204 ns, Reaching safepoint: 83770 ns, Cleanup: 38228 ns, At safepoint: 27606 ns, Total: 149604 ns
[2025-05-26T03:41:59.073+0000][75][info ][safepoint   ] Safepoint "Cleanup", Time since last: 1353704598 ns, Reaching safepoint: 19506 ns, Cleanup: 67503 ns, At safepoint: 9978 ns, Total: 96987 ns
[2025-05-26T03:42:10.075+0000][75][info ][safepoint   ] Safepoint "Cleanup", Time since last: 11002202258 ns, Reaching safepoint: 37733 ns, Cleanup: 25976 ns, At safepoint: 20110 ns, Total: 83819 ns
[2025-05-26T03:42:30.695+0000][75][info ][safepoint   ] Safepoint "Cleanup", Time since last: 20621472008 ns, Reaching safepoint: 26826 ns, Cleanup: 19520 ns, At safepoint: 68270 ns, Total: 114616 ns
[2025-05-26T03:42:32.105+0000][75][info ][safepoint   ] Safepoint "Cleanup", Time since last: 1410322051 ns, Reaching safepoint: 35163 ns, Cleanup: 139115 ns, At safepoint: 39558 ns, Total: 213836 ns
[2025-05-26T03:42:54.701+0000][75][info ][safepoint   ] Safepoint "Cleanup", Time since last: 22598042068 ns, Reaching safepoint: 30605 ns, Cleanup: 18236 ns, At safepoint: 11122 ns, Total: 59963 ns
[2025-05-26T03:42:59.849+0000][75][info ][safepoint   ] Safepoint "Cleanup", Time since last: 5148550102 ns, Reaching safepoint: 7456 ns, Cleanup: 9207 ns, At safepoint: 3275 ns, Total: 19938 ns
[2025-05-26T03:43:01.152+0000][75][info ][safepoint   ] Safepoint "Cleanup", Time since last: 1302614650 ns, Reaching safepoint: 13419 ns, Cleanup: 23171 ns, At safepoint: 16887 ns, Total: 53477 ns
[2025-05-26T03:43:05.181+0000][75][info ][safepoint   ] Safepoint "Cleanup", Time since last: 4028910557 ns, Reaching safepoint: 25411 ns, Cleanup: 16821 ns, At safepoint: 9926 ns, Total: 52158 ns
[2025-05-26T03:43:13.183+0000][75][info ][safepoint   ] Safepoint "Cleanup", Time since last: 8004026924 ns, Reaching safepoint: 56934 ns, Cleanup: 16066 ns, At safepoint: 7749 ns, Total: 80749 ns
[2025-05-26T03:43:15.184+0000][75][info ][safepoint   ] Safepoint "Cleanup", Time since last: 2000699248 ns, Reaching safepoint: 19388 ns, Cleanup: 12141 ns, At safepoint: 8008 ns, Total: 39537 ns
[2025-05-26T03:43:30.187+0000][75][info ][safepoint   ] Safepoint "Cleanup", Time since last: 15002614426 ns, Reaching safepoint: 76813 ns, Cleanup: 16928 ns, At safepoint: 30877 ns, Total: 124618 ns
[2025-05-26T03:43:54.731+0000][75][info ][safepoint   ] Safepoint "Cleanup", Time since last: 24547982911 ns, Reaching safepoint: 30681 ns, Cleanup: 15874 ns, At safepoint: 12770 ns, Total: 59325 ns
[2025-05-26T03:43:59.738+0000][75][info ][safepoint   ] Safepoint "Cleanup", Time since last: 5006896923 ns, Reaching safepoint: 27183 ns, Cleanup: 16059 ns, At safepoint: 9853 ns, Total: 53095 ns
[2025-05-26T03:44:03.680+0000][75][info ][safepoint   ] Safepoint "Cleanup", Time since last: 3941587012 ns, Reaching safepoint: 6009 ns, Cleanup: 7724 ns, At safepoint: 12233 ns, Total: 25966 ns
[2025-05-26T03:44:05.222+0000][75][info ][safepoint   ] Safepoint "Cleanup", Time since last: 1542811315 ns, Reaching safepoint: 28774 ns, Cleanup: 20029 ns, At safepoint: 11703 ns, Total: 60506 ns
[2025-05-26T03:44:16.222+0000][75][info ][safepoint   ] Safepoint "Cleanup", Time since last: 11002307623 ns, Reaching safepoint: 35767 ns, Cleanup: 20696 ns, At safepoint: 19655 ns, Total: 76118 ns
[2025-05-26T03:44:30.224+0000][75][info ][safepoint   ] Safepoint "Cleanup", Time since last: 14002696987 ns, Reaching safepoint: 57730 ns, Cleanup: 18683 ns, At safepoint: 10704 ns, Total: 87117 ns
[2025-05-26T03:44:40.227+0000][75][info ][safepoint   ] Safepoint "Cleanup", Time since last: 10002244663 ns, Reaching safepoint: 38152 ns, Cleanup: 14053 ns, At safepoint: 8557 ns, Total: 60762 ns
[2025-05-26T03:44:41.227+0000][75][info ][safepoint   ] Safepoint "Cleanup", Time since last: 1000477848 ns, Reaching safepoint: 18588 ns, Cleanup: 13504 ns, At safepoint: 8193 ns, Total: 40285 ns
[2025-05-26T03:44:51.228+0000][75][info ][safepoint   ] Safepoint "Cleanup", Time since last: 10001974713 ns, Reaching safepoint: 75132 ns, Cleanup: 18093 ns, At safepoint: 31575 ns, Total: 124800 ns
[2025-05-26T03:44:54.766+0000][75][info ][safepoint   ] Safepoint "Cleanup", Time since last: 3537507244 ns, Reaching safepoint: 86049 ns, Cleanup: 19856 ns, At safepoint: 20874 ns, Total: 126779 ns
[2025-05-26T03:45:04.768+0000][75][info ][safepoint   ] Safepoint "Cleanup", Time since last: 10001924723 ns, Reaching safepoint: 51005 ns, Cleanup: 17073 ns, At safepoint: 13195 ns, Total: 81273 ns
[2025-05-26T03:45:31.281+0000][75][info ][safepoint   ] Safepoint "Cleanup", Time since last: 26515543083 ns, Reaching safepoint: 31609 ns, Cleanup: 16646 ns, At safepoint: 16957 ns, Total: 65212 ns
[2025-05-26T03:45:50.282+0000][75][info ][safepoint   ] Safepoint "Cleanup", Time since last: 19003601314 ns, Reaching safepoint: 45191 ns, Cleanup: 13236 ns, At safepoint: 8845 ns, Total: 67272 ns
[2025-05-26T03:45:54.799+0000][75][info ][safepoint   ] Safepoint "Cleanup", Time since last: 4516729343 ns, Reaching safepoint: 692474 ns, Cleanup: 31412 ns, At safepoint: 102200 ns, Total: 826086 ns
[2025-05-26T03:46:00.801+0000][75][info ][safepoint   ] Safepoint "Cleanup", Time since last: 6001472664 ns, Reaching safepoint: 33742 ns, Cleanup: 19869 ns, At safepoint: 18474 ns, Total: 72085 ns
[2025-05-26T03:46:04.802+0000][75][info ][safepoint   ] Safepoint "Cleanup", Time since last: 4001041161 ns, Reaching safepoint: 69377 ns, Cleanup: 26674 ns, At safepoint: 13867 ns, Total: 109918 ns
[2025-05-26T03:46:09.671+0000][75][info ][safepoint   ] Safepoint "Cleanup", Time since last: 4869645875 ns, Reaching safepoint: 6380 ns, Cleanup: 9086 ns, At safepoint: 2802 ns, Total: 18268 ns
[2025-05-26T03:46:11.334+0000][75][info ][safepoint   ] Safepoint "Cleanup", Time since last: 1662073925 ns, Reaching safepoint: 28594 ns, Cleanup: 24220 ns, At safepoint: 11191 ns, Total: 64005 ns
[2025-05-26T03:46:28.334+0000][75][info ][safepoint   ] Safepoint "Cleanup", Time since last: 17002920539 ns, Reaching safepoint: 31689 ns, Cleanup: 15308 ns, At safepoint: 11421 ns, Total: 58418 ns
[2025-05-26T03:46:29.336+0000][75][info ][safepoint   ] Safepoint "Cleanup", Time since last: 1001235502 ns, Reaching safepoint: 32405 ns, Cleanup: 16367 ns, At safepoint: 17778 ns, Total: 66550 ns
[2025-05-26T03:46:30.336+0000][75][info ][safepoint   ] Safepoint "Cleanup", Time since last: 1000610724 ns, Reaching safepoint: 21272 ns, Cleanup: 21744 ns, At safepoint: 9586 ns, Total: 52602 ns
[2025-05-26T03:46:54.829+0000][75][info ][safepoint   ] Safepoint "Cleanup", Time since last: 24495212920 ns, Reaching safepoint: 32533 ns, Cleanup: 27403 ns, At safepoint: 18466 ns, Total: 78402 ns
[2025-05-26T03:47:00.830+0000][75][info ][safepoint   ] Safepoint "Cleanup", Time since last: 6001352449 ns, Reaching safepoint: 25842 ns, Cleanup: 17413 ns, At safepoint: 9010 ns, Total: 52265 ns
[2025-05-26T03:47:12.696+0000][75][info ][safepoint   ] Safepoint "Cleanup", Time since last: 11865913095 ns, Reaching safepoint: 35727 ns, Cleanup: 22417 ns, At safepoint: 80044 ns, Total: 138188 ns
[2025-05-26T03:47:14.372+0000][75][info ][safepoint   ] Safepoint "Cleanup", Time since last: 1678199137 ns, Reaching safepoint: 33560 ns, Cleanup: 23291 ns, At safepoint: 21682 ns, Total: 78533 ns
[2025-05-26T03:47:18.374+0000][75][info ][safepoint   ] Safepoint "Cleanup", Time since last: 4001371261 ns, Reaching safepoint: 35131 ns, Cleanup: 17068 ns, At safepoint: 17147 ns, Total: 69346 ns
[2025-05-26T03:47:22.375+0000][75][info ][safepoint   ] Safepoint "Cleanup", Time since last: 4000920020 ns, Reaching safepoint: 21003 ns, Cleanup: 13713 ns, At safepoint: 9888 ns, Total: 44604 ns
[2025-05-26T03:47:24.376+0000][75][info ][safepoint   ] Safepoint "Cleanup", Time since last: 2000920437 ns, Reaching safepoint: 26745 ns, Cleanup: 15669 ns, At safepoint: 11062 ns, Total: 53476 ns
[2025-05-26T03:47:28.377+0000][75][info ][safepoint   ] Safepoint "Cleanup", Time since last: 4000915878 ns, Reaching safepoint: 28551 ns, Cleanup: 19391 ns, At safepoint: 11182 ns, Total: 59124 ns
[2025-05-26T03:47:30.378+0000][75][info ][safepoint   ] Safepoint "Cleanup", Time since last: 2000680351 ns, Reaching safepoint: 106891 ns, Cleanup: 12385 ns, At safepoint: 39604 ns, Total: 158880 ns
[2025-05-26T03:47:33.677+0000][75][info ][safepoint   ] Safepoint "Cleanup", Time since last: 3299521371 ns, Reaching safepoint: 6257 ns, Cleanup: 7565 ns, At safepoint: 23803 ns, Total: 37625 ns
[2025-05-26T03:47:35.400+0000][75][info ][safepoint   ] Safepoint "Cleanup", Time since last: 1722537066 ns, Reaching safepoint: 32301 ns, Cleanup: 22362 ns, At safepoint: 18384 ns, Total: 73047 ns
[2025-05-26T03:47:50.438+0000][75][info ][safepoint   ] Safepoint "Cleanup", Time since last: 15040647462 ns, Reaching safepoint: 74516 ns, Cleanup: 15682 ns, At safepoint: 17218 ns, Total: 107416 ns
[2025-05-26T03:47:54.862+0000][75][info ][safepoint   ] Safepoint "Cleanup", Time since last: 4423874111 ns, Reaching safepoint: 19430 ns, Cleanup: 22109 ns, At safepoint: 9674 ns, Total: 51213 ns
[2025-05-26T03:48:15.276+0000][75][info ][safepoint   ] Safepoint "Cleanup", Time since last: 20416420748 ns, Reaching safepoint: 112167 ns, Cleanup: 28782 ns, At safepoint: 12651 ns, Total: 153600 ns
[2025-05-26T03:48:20.491+0000][75][info ][safepoint   ] Safepoint "Cleanup", Time since last: 5215122563 ns, Reaching safepoint: 28855 ns, Cleanup: 19859 ns, At safepoint: 12371 ns, Total: 61085 ns
[2025-05-26T03:48:54.893+0000][75][info ][safepoint   ] Safepoint "Cleanup", Time since last: 34404106398 ns, Reaching safepoint: 30505 ns, Cleanup: 26782 ns, At safepoint: 16720 ns, Total: 74007 ns
[2025-05-26T03:49:18.691+0000][75][info ][safepoint   ] Safepoint "Cleanup", Time since last: 23800523046 ns, Reaching safepoint: 846661 ns, Cleanup: 14340 ns, At safepoint: 81690 ns, Total: 942691 ns
[2025-05-26T03:49:20.528+0000][75][info ][safepoint   ] Safepoint "Cleanup", Time since last: 1836674808 ns, Reaching safepoint: 26779 ns, Cleanup: 18041 ns, At safepoint: 11133 ns, Total: 55953 ns
[2025-05-26T03:50:21.668+0000][75][info ][safepoint   ] Safepoint "Cleanup", Time since last: 61144325812 ns, Reaching safepoint: 172626 ns, Cleanup: 10397 ns, At safepoint: 44834 ns, Total: 227857 ns
[2025-05-26T03:50:54.959+0000][75][info ][safepoint   ] Safepoint "Cleanup", Time since last: 33293405331 ns, Reaching safepoint: 20398 ns, Cleanup: 15202 ns, At safepoint: 8694 ns, Total: 44294 ns
[2025-05-26T03:51:25.588+0000][75][info ][safepoint   ] Safepoint "Cleanup", Time since last: 30631410040 ns, Reaching safepoint: 13691 ns, Cleanup: 12331 ns, At safepoint: 22444 ns, Total: 48466 ns
[2025-05-26T03:51:54.991+0000][75][info ][safepoint   ] Safepoint "Cleanup", Time since last: 29405531365 ns, Reaching safepoint: 25069 ns, Cleanup: 17618 ns, At safepoint: 10560 ns, Total: 53247 ns
[2025-05-26T03:52:00.015+0000][75][info ][safepoint   ] Safepoint "Cleanup", Time since last: 5024579620 ns, Reaching safepoint: 46003 ns, Cleanup: 13745 ns, At safepoint: 9867 ns, Total: 69615 ns
[2025-05-26T03:52:06.661+0000][75][info ][safepoint   ] Safepoint "Cleanup", Time since last: 6645211644 ns, Reaching safepoint: 7660 ns, Cleanup: 8720 ns, At safepoint: 12488 ns, Total: 28868 ns
[2025-05-26T03:52:08.641+0000][75][info ][safepoint   ] Safepoint "Cleanup", Time since last: 1979788597 ns, Reaching safepoint: 35541 ns, Cleanup: 189807 ns, At safepoint: 43080 ns, Total: 268428 ns
[2025-05-26T03:52:09.642+0000][75][info ][safepoint   ] Safepoint "Cleanup", Time since last: 1000797321 ns, Reaching safepoint: 101486 ns, Cleanup: 11340 ns, At safepoint: 37919 ns, Total: 150745 ns
[2025-05-26T03:52:27.676+0000][75][info ][safepoint   ] Safepoint "Cleanup", Time since last: 18036720597 ns, Reaching safepoint: 6459 ns, Cleanup: 7865 ns, At safepoint: 12255 ns, Total: 26579 ns
[2025-05-26T03:52:30.685+0000][75][info ][safepoint   ] Safepoint "Cleanup", Time since last: 3008536025 ns, Reaching safepoint: 29985 ns, Cleanup: 17518 ns, At safepoint: 11176 ns, Total: 58679 ns
[2025-05-26T03:52:36.669+0000][75][info ][safepoint   ] Safepoint "Cleanup", Time since last: 5984009433 ns, Reaching safepoint: 17048 ns, Cleanup: 14098 ns, At safepoint: 24118 ns, Total: 55264 ns
[2025-05-26T03:52:37.688+0000][75][info ][safepoint   ] Safepoint "Cleanup", Time since last: 1019589523 ns, Reaching safepoint: 23525 ns, Cleanup: 15327 ns, At safepoint: 9030 ns, Total: 47882 ns
[2025-05-26T03:52:38.709+0000][75][info ][safepoint   ] Safepoint "Cleanup", Time since last: 1020325668 ns, Reaching safepoint: 19310 ns, Cleanup: 15843 ns, At safepoint: 8413 ns, Total: 43566 ns
[2025-05-26T03:52:45.707+0000][75][info ][safepoint   ] Safepoint "Cleanup", Time since last: 7001420430 ns, Reaching safepoint: 54681 ns, Cleanup: 15178 ns, At safepoint: 9803 ns, Total: 79662 ns
[2025-05-26T03:52:55.020+0000][75][info ][safepoint   ] Safepoint "Cleanup", Time since last: 9312421960 ns, Reaching safepoint: 33353 ns, Cleanup: 22396 ns, At safepoint: 9655 ns, Total: 65404 ns
[2025-05-26T03:53:00.412+0000][75][info ][safepoint   ] Safepoint "Cleanup", Time since last: 5392145851 ns, Reaching safepoint: 6623 ns, Cleanup: 8519 ns, At safepoint: 12729 ns, Total: 27871 ns
[2025-05-26T03:53:28.414+0000][75][info ][safepoint   ] Safepoint "Cleanup", Time since last: 28005201908 ns, Reaching safepoint: 69615 ns, Cleanup: 16135 ns, At safepoint: 17346 ns, Total: 103096 ns
[2025-05-26T03:53:30.638+0000][75][info ][gc,start    ] GC(24) Pause Young (Normal) (G1 Evacuation Pause)
[2025-05-26T03:53:30.641+0000][75][info ][gc,task     ] GC(24) Using 10 workers of 10 for evacuation
[2025-05-26T03:53:30.642+0000][75][debug][gc,age      ] GC(24) Desired survivor size 90177536 bytes, new threshold 15 (max threshold 15)
[2025-05-26T03:53:30.712+0000][75][info ][gc,phases   ] GC(24)   Pre Evacuate Collection Set: 6.79ms
[2025-05-26T03:53:30.712+0000][75][info ][gc,phases   ] GC(24)   Merge Heap Roots: 1.83ms
[2025-05-26T03:53:30.713+0000][75][info ][gc,phases   ] GC(24)   Evacuate Collection Set: 49.05ms
[2025-05-26T03:53:30.713+0000][75][info ][gc,phases   ] GC(24)   Post Evacuate Collection Set: 9.05ms
[2025-05-26T03:53:30.714+0000][75][info ][gc,phases   ] GC(24)   Other: 4.55ms
[2025-05-26T03:53:30.714+0000][75][trace][gc,age      ] GC(24) Age table with threshold 15 (max threshold 15)
[2025-05-26T03:53:30.714+0000][75][trace][gc,age      ] GC(24) - age   1:    1354312 bytes,    1354312 total
[2025-05-26T03:53:30.715+0000][75][trace][gc,age      ] GC(24) - age   2:     108576 bytes,    1462888 total
[2025-05-26T03:53:30.715+0000][75][trace][gc,age      ] GC(24) - age   3:      33160 bytes,    1496048 total
[2025-05-26T03:53:30.715+0000][75][trace][gc,age      ] GC(24) - age   4:      35912 bytes,    1531960 total
[2025-05-26T03:53:30.716+0000][75][trace][gc,age      ] GC(24) - age   5:      21008 bytes,    1552968 total
[2025-05-26T03:53:30.716+0000][75][trace][gc,age      ] GC(24) - age   6:      22792 bytes,    1575760 total
[2025-05-26T03:53:30.717+0000][75][trace][gc,age      ] GC(24) - age   7:      37688 bytes,    1613448 total
[2025-05-26T03:53:30.717+0000][75][trace][gc,age      ] GC(24) - age   8:      78568 bytes,    1692016 total
[2025-05-26T03:53:30.718+0000][75][trace][gc,age      ] GC(24) - age   9:     623248 bytes,    2315264 total
[2025-05-26T03:53:30.718+0000][75][trace][gc,age      ] GC(24) - age  10:    1222664 bytes,    3537928 total
[2025-05-26T03:53:30.719+0000][75][info ][gc,heap     ] GC(24) Eden regions: 340->0(581)
[2025-05-26T03:53:30.720+0000][75][info ][gc,heap     ] GC(24) Survivor regions: 1->1(43)
[2025-05-26T03:53:30.721+0000][75][info ][gc,heap     ] GC(24) Old regions: 26->26
[2025-05-26T03:53:30.722+0000][75][info ][gc,heap     ] GC(24) Humongous regions: 0->0
[2025-05-26T03:53:30.722+0000][75][info ][gc,metaspace] GC(24) Metaspace: 144674K(148480K)->144674K(148480K) NonClass: 125073K(127104K)->125073K(127104K) Class: 19601K(21376K)->19601K(21376K)
[2025-05-26T03:53:30.723+0000][75][info ][gc          ] GC(24) Pause Young (Normal) (G1 Evacuation Pause) 1466M->107M(3880M) 85.161ms
[2025-05-26T03:53:30.724+0000][75][info ][gc,cpu      ] GC(24) User=0.43s Sys=0.00s Real=0.08s
[2025-05-26T03:53:30.724+0000][75][info ][safepoint   ] Safepoint "G1CollectForAllocation", Time since last: 2222549839 ns, Reaching safepoint: 90443 ns, Cleanup: 14416 ns, At safepoint: 87270531 ns, Total: 87375390 ns
[2025-05-26T03:53:31.760+0000][75][info ][safepoint   ] Safepoint "Cleanup", Time since last: 1035584245 ns, Reaching safepoint: 107591 ns, Cleanup: 9548 ns, At safepoint: 59634 ns, Total: 176773 ns
[2025-05-26T03:53:32.764+0000][75][info ][safepoint   ] Safepoint "Cleanup", Time since last: 1003625668 ns, Reaching safepoint: 5993 ns, Cleanup: 13636 ns, At safepoint: 12019 ns, Total: 31648 ns
[2025-05-26T03:53:34.767+0000][75][info ][safepoint   ] Safepoint "Cleanup", Time since last: 2003485677 ns, Reaching safepoint: 25492 ns, Cleanup: 16201 ns, At safepoint: 9537 ns, Total: 51230 ns
[2025-05-26T03:53:55.051+0000][75][info ][safepoint   ] Safepoint "Cleanup", Time since last: 20285353619 ns, Reaching safepoint: 36445 ns, Cleanup: 16803 ns, At safepoint: 11880 ns, Total: 65128 ns
[2025-05-26T03:54:33.668+0000][75][info ][safepoint   ] Safepoint "Cleanup", Time since last: 38619287428 ns, Reaching safepoint: 21624 ns, Cleanup: 13053 ns, At safepoint: 65652 ns, Total: 100329 ns
[2025-05-26T03:54:34.797+0000][75][info ][safepoint   ] Safepoint "Cleanup", Time since last: 1128657650 ns, Reaching safepoint: 30089 ns, Cleanup: 15920 ns, At safepoint: 11211 ns, Total: 57220 ns
[2025-05-26T03:54:55.080+0000][75][info ][safepoint   ] Safepoint "Cleanup", Time since last: 20285702678 ns, Reaching safepoint: 20383 ns, Cleanup: 15052 ns, At safepoint: 8362 ns, Total: 43797 ns
[2025-05-26T03:55:00.081+0000][75][info ][safepoint   ] Safepoint "Cleanup", Time since last: 5001396573 ns, Reaching safepoint: 52166 ns, Cleanup: 17743 ns, At safepoint: 10292 ns, Total: 80201 ns
[2025-05-26T03:55:35.087+0000][75][info ][safepoint   ] Safepoint "Cleanup", Time since last: 35008767528 ns, Reaching safepoint: 49263 ns, Cleanup: 14739 ns, At safepoint: 11241 ns, Total: 75243 ns
[2025-05-26T03:55:36.857+0000][75][info ][safepoint   ] Safepoint "Cleanup", Time since last: 1769771881 ns, Reaching safepoint: 13455 ns, Cleanup: 11514 ns, At safepoint: 20918 ns, Total: 45887 ns
[2025-05-26T03:55:37.877+0000][75][info ][safepoint   ] Safepoint "Cleanup", Time since last: 1019139044 ns, Reaching safepoint: 55354 ns, Cleanup: 29968 ns, At safepoint: 20450 ns, Total: 105772 ns
[2025-05-26T03:56:39.733+0000][75][info ][safepoint   ] Safepoint "Cleanup", Time since last: 61861183746 ns, Reaching safepoint: 21567 ns, Cleanup: 12329 ns, At safepoint: 15186 ns, Total: 49082 ns
[2025-05-26T03:56:40.921+0000][75][info ][safepoint   ] Safepoint "Cleanup", Time since last: 1188078110 ns, Reaching safepoint: 30943 ns, Cleanup: 17215 ns, At safepoint: 16473 ns, Total: 64631 ns
[2025-05-26T03:56:45.935+0000][75][info ][safepoint   ] Safepoint "Cleanup", Time since last: 5018108577 ns, Reaching safepoint: 19640 ns, Cleanup: 13526 ns, At safepoint: 9227 ns, Total: 42393 ns
[2025-05-26T03:56:47.936+0000][75][info ][safepoint   ] Safepoint "Cleanup", Time since last: 2000957918 ns, Reaching safepoint: 19604 ns, Cleanup: 13786 ns, At safepoint: 9269 ns, Total: 42659 ns
[2025-05-26T03:56:55.145+0000][75][info ][safepoint   ] Safepoint "Cleanup", Time since last: 7208456818 ns, Reaching safepoint: 19919 ns, Cleanup: 14995 ns, At safepoint: 9723 ns, Total: 44637 ns
[2025-05-26T03:57:01.146+0000][75][info ][safepoint   ] Safepoint "Cleanup", Time since last: 6001445082 ns, Reaching safepoint: 37483 ns, Cleanup: 25385 ns, At safepoint: 13410 ns, Total: 76278 ns
[2025-05-26T03:57:28.151+0000][75][info ][safepoint   ] Safepoint "Cleanup", Time since last: 27005693014 ns, Reaching safepoint: 136930 ns, Cleanup: 17874 ns, At safepoint: 13244 ns, Total: 168048 ns
[2025-05-26T03:57:39.691+0000][75][info ][safepoint   ] Safepoint "Cleanup", Time since last: 11540247123 ns, Reaching safepoint: 31865 ns, Cleanup: 14559 ns, At safepoint: 4580 ns, Total: 51004 ns
[2025-05-26T03:57:41.010+0000][75][info ][safepoint   ] Safepoint "Cleanup", Time since last: 1318902792 ns, Reaching safepoint: 27103 ns, Cleanup: 16468 ns, At safepoint: 9436 ns, Total: 53007 ns
[2025-05-26T03:57:42.734+0000][75][info ][safepoint   ] Safepoint "Cleanup", Time since last: 1723241209 ns, Reaching safepoint: 18379 ns, Cleanup: 11505 ns, At safepoint: 17326 ns, Total: 47210 ns
[2025-05-26T03:57:55.174+0000][75][info ][safepoint   ] Safepoint "Cleanup", Time since last: 12443429597 ns, Reaching safepoint: 19419 ns, Cleanup: 13423 ns, At safepoint: 8026 ns, Total: 40868 ns
[2025-05-26T03:58:44.651+0000][75][info ][safepoint   ] Safepoint "Cleanup", Time since last: 49482237860 ns, Reaching safepoint: 83291 ns, Cleanup: 17323 ns, At safepoint: 11048 ns, Total: 111662 ns
[2025-05-26T03:58:45.652+0000][75][info ][safepoint   ] Safepoint "Cleanup", Time since last: 1000499254 ns, Reaching safepoint: 95326 ns, Cleanup: 14056 ns, At safepoint: 38934 ns, Total: 148316 ns
[2025-05-26T03:58:45.845+0000][75][info ][gc,start    ] GC(25) Pause Young (Concurrent Start) (CodeCache GC Threshold)
[2025-05-26T03:58:45.846+0000][75][info ][gc,task     ] GC(25) Using 10 workers of 10 for evacuation
[2025-05-26T03:58:45.846+0000][75][debug][gc,age      ] GC(25) Desired survivor size 153092096 bytes, new threshold 15 (max threshold 15)
[2025-05-26T03:58:45.939+0000][75][info ][gc,phases   ] GC(25)   Pre Evacuate Collection Set: 3.25ms
[2025-05-26T03:58:45.940+0000][75][info ][gc,phases   ] GC(25)   Merge Heap Roots: 0.36ms
[2025-05-26T03:58:45.940+0000][75][info ][gc,phases   ] GC(25)   Evacuate Collection Set: 87.16ms
[2025-05-26T03:58:45.940+0000][75][info ][gc,phases   ] GC(25)   Post Evacuate Collection Set: 2.00ms
[2025-05-26T03:58:45.941+0000][75][info ][gc,phases   ] GC(25)   Other: 0.67ms
[2025-05-26T03:58:45.942+0000][75][trace][gc,age      ] GC(25) Age table with threshold 15 (max threshold 15)
[2025-05-26T03:58:45.942+0000][75][trace][gc,age      ] GC(25) - age   1:    1276256 bytes,    1276256 total
[2025-05-26T03:58:45.943+0000][75][trace][gc,age      ] GC(25) - age   2:     430456 bytes,    1706712 total
[2025-05-26T03:58:45.945+0000][75][trace][gc,age      ] GC(25) - age   3:     108384 bytes,    1815096 total
[2025-05-26T03:58:45.948+0000][75][trace][gc,age      ] GC(25) - age   4:      33160 bytes,    1848256 total
[2025-05-26T03:58:45.949+0000][75][trace][gc,age      ] GC(25) - age   5:      35912 bytes,    1884168 total
[2025-05-26T03:58:45.949+0000][75][trace][gc,age      ] GC(25) - age   6:      21008 bytes,    1905176 total
[2025-05-26T03:58:45.949+0000][75][trace][gc,age      ] GC(25) - age   7:      22792 bytes,    1927968 total
[2025-05-26T03:58:45.949+0000][75][trace][gc,age      ] GC(25) - age   8:      37488 bytes,    1965456 total
[2025-05-26T03:58:45.950+0000][75][trace][gc,age      ] GC(25) - age   9:      78264 bytes,    2043720 total
[2025-05-26T03:58:45.950+0000][75][trace][gc,age      ] GC(25) - age  10:     606920 bytes,    2650640 total
[2025-05-26T03:58:45.950+0000][75][trace][gc,age      ] GC(25) - age  11:    1134760 bytes,    3785400 total
[2025-05-26T03:58:45.951+0000][75][info ][gc,heap     ] GC(25) Eden regions: 63->0(581)
[2025-05-26T03:58:45.951+0000][75][info ][gc,heap     ] GC(25) Survivor regions: 1->1(73)
[2025-05-26T03:58:45.951+0000][75][info ][gc,heap     ] GC(25) Old regions: 26->26
[2025-05-26T03:58:45.951+0000][75][info ][gc,heap     ] GC(25) Humongous regions: 0->0
[2025-05-26T03:58:45.952+0000][75][info ][gc,metaspace] GC(25) Metaspace: 144775K(148608K)->144775K(148608K) NonClass: 125174K(127232K)->125174K(127232K) Class: 19601K(21376K)->19601K(21376K)
[2025-05-26T03:58:45.952+0000][75][info ][gc          ] GC(25) Pause Young (Concurrent Start) (CodeCache GC Threshold) 355M->107M(3880M) 107.109ms
[2025-05-26T03:58:45.953+0000][75][info ][gc,cpu      ] GC(25) User=0.29s Sys=0.00s Real=0.11s
[2025-05-26T03:58:45.954+0000][75][info ][gc          ] GC(26) Concurrent Mark Cycle
[2025-05-26T03:58:45.954+0000][75][info ][safepoint   ] Safepoint "G1TryInitiateConcMark", Time since last: 193053159 ns, Reaching safepoint: 22098 ns, Cleanup: 4250 ns, At safepoint: 109315267 ns, Total: 109341615 ns
[2025-05-26T03:58:45.955+0000][75][info ][gc,marking  ] GC(26) Concurrent Scan Root Regions
[2025-05-26T03:58:46.124+0000][75][info ][gc,marking  ] GC(26) Concurrent Scan Root Regions 169.210ms
[2025-05-26T03:58:46.126+0000][75][info ][gc,marking  ] GC(26) Concurrent Mark
[2025-05-26T03:58:46.126+0000][75][info ][gc,marking  ] GC(26) Concurrent Mark From Roots
[2025-05-26T03:58:46.127+0000][75][info ][gc,task     ] GC(26) Using 3 workers of 3 for marking
[2025-05-26T03:58:46.376+0000][75][info ][gc,marking  ] GC(26) Concurrent Mark From Roots 250.196ms
[2025-05-26T03:58:46.378+0000][75][info ][gc,marking  ] GC(26) Concurrent Preclean
[2025-05-26T03:58:46.381+0000][75][info ][gc,marking  ] GC(26) Concurrent Preclean 3.102ms
[2025-05-26T03:58:46.381+0000][75][info ][gc,start    ] GC(26) Pause Remark
[2025-05-26T03:58:47.095+0000][75][info ][gc,mmu      ] GC(26) MMU target violated: 201.0ms (200.0ms/201.0ms)
[2025-05-26T03:58:47.110+0000][75][info ][gc          ] GC(26) Pause Remark 111M->111M(3880M) 728.341ms
[2025-05-26T03:58:47.123+0000][75][info ][gc,cpu      ] GC(26) User=5.59s Sys=0.00s Real=0.74s
[2025-05-26T03:58:47.138+0000][75][info ][safepoint   ] Safepoint "G1PauseRemark", Time since last: 426983295 ns, Reaching safepoint: 22524 ns, Cleanup: 4772 ns, At safepoint: 756471347 ns, Total: 756498643 ns
[2025-05-26T03:58:47.144+0000][75][info ][gc,marking  ] GC(26) Concurrent Mark 1018.489ms
[2025-05-26T03:58:47.154+0000][75][info ][gc,marking  ] GC(26) Concurrent Rebuild Remembered Sets and Scrub Regions
[2025-05-26T03:58:47.214+0000][75][info ][gc,marking  ] GC(26) Concurrent Rebuild Remembered Sets and Scrub Regions 60.023ms
[2025-05-26T03:58:47.223+0000][75][info ][gc,start    ] GC(26) Pause Cleanup
[2025-05-26T03:58:47.226+0000][75][info ][gc          ] GC(26) Pause Cleanup 115M->115M(3880M) 3.292ms
[2025-05-26T03:58:47.229+0000][75][info ][gc,cpu      ] GC(26) User=0.00s Sys=0.00s Real=0.00s
[2025-05-26T03:58:47.230+0000][75][info ][safepoint   ] Safepoint "G1PauseCleanup", Time since last: 84297146 ns, Reaching safepoint: 492389 ns, Cleanup: 223678 ns, At safepoint: 6633930 ns, Total: 7349997 ns
[2025-05-26T03:58:47.232+0000][75][info ][gc,marking  ] GC(26) Concurrent Clear Claimed Marks
[2025-05-26T03:58:47.232+0000][75][info ][gc,marking  ] GC(26) Concurrent Clear Claimed Marks 0.593ms
[2025-05-26T03:58:47.233+0000][75][info ][gc,marking  ] GC(26) Concurrent Cleanup for Next Mark
[2025-05-26T03:58:47.307+0000][75][info ][gc,marking  ] GC(26) Concurrent Cleanup for Next Mark 74.150ms
[2025-05-26T03:58:47.309+0000][75][info ][gc          ] GC(26) Concurrent Mark Cycle 1354.930ms
[2025-05-26T03:59:00.203+0000][75][info ][safepoint   ] Safepoint "Cleanup", Time since last: 12973137373 ns, Reaching safepoint: 26722 ns, Cleanup: 15238 ns, At safepoint: 11390 ns, Total: 53350 ns
[2025-05-26T03:59:48.661+0000][75][info ][safepoint   ] Safepoint "Cleanup", Time since last: 48462638351 ns, Reaching safepoint: 458935 ns, Cleanup: 18304 ns, At safepoint: 91302 ns, Total: 568541 ns
[2025-05-26T03:59:50.230+0000][75][info ][safepoint   ] Safepoint "Cleanup", Time since last: 1569195168 ns, Reaching safepoint: 26653 ns, Cleanup: 17246 ns, At safepoint: 11098 ns, Total: 54997 ns
[2025-05-26T03:59:55.228+0000][75][info ][safepoint   ] Safepoint "Cleanup", Time since last: 4997706141 ns, Reaching safepoint: 26900 ns, Cleanup: 15198 ns, At safepoint: 10153 ns, Total: 52251 ns
[2025-05-26T04:00:46.234+0000][75][info ][safepoint   ] Safepoint "Cleanup", Time since last: 51010522016 ns, Reaching safepoint: 76627 ns, Cleanup: 15761 ns, At safepoint: 31574 ns, Total: 123962 ns
[2025-05-26T04:00:50.235+0000][75][info ][safepoint   ] Safepoint "Cleanup", Time since last: 4000992939 ns, Reaching safepoint: 18768 ns, Cleanup: 13748 ns, At safepoint: 8741 ns, Total: 41257 ns
[2025-05-26T04:01:10.259+0000][75][info ][safepoint   ] Safepoint "Cleanup", Time since last: 20023854870 ns, Reaching safepoint: 32029 ns, Cleanup: 17337 ns, At safepoint: 19359 ns, Total: 68725 ns
[2025-05-26T04:01:55.280+0000][75][info ][safepoint   ] Safepoint "Cleanup", Time since last: 45026415564 ns, Reaching safepoint: 16073 ns, Cleanup: 10648 ns, At safepoint: 22565 ns, Total: 49286 ns
[2025-05-26T04:02:15.298+0000][75][info ][safepoint   ] Safepoint "Cleanup", Time since last: 20020699843 ns, Reaching safepoint: 67660 ns, Cleanup: 17343 ns, At safepoint: 15130 ns, Total: 100133 ns
[2025-05-26T04:02:37.302+0000][75][info ][safepoint   ] Safepoint "Cleanup", Time since last: 22003705276 ns, Reaching safepoint: 35591 ns, Cleanup: 13437 ns, At safepoint: 8913 ns, Total: 57941 ns
[2025-05-26T04:02:44.341+0000][75][info ][safepoint   ] Safepoint "Cleanup", Time since last: 7041412757 ns, Reaching safepoint: 60928 ns, Cleanup: 10351 ns, At safepoint: 15654 ns, Total: 86933 ns
[2025-05-26T04:02:57.683+0000][75][info ][safepoint   ] Safepoint "Cleanup", Time since last: 13341903479 ns, Reaching safepoint: 18732 ns, Cleanup: 14112 ns, At safepoint: 60437 ns, Total: 93281 ns
[2025-05-26T04:02:59.794+0000][75][info ][safepoint   ] Safepoint "Cleanup", Time since last: 2110665116 ns, Reaching safepoint: 9294 ns, Cleanup: 9133 ns, At safepoint: 12612 ns, Total: 31039 ns
[2025-05-26T04:03:13.245+0000][75][info ][safepoint   ] Safepoint "Cleanup", Time since last: 13451423296 ns, Reaching safepoint: 35638 ns, Cleanup: 13190 ns, At safepoint: 8792 ns, Total: 57620 ns
[2025-05-26T04:03:27.246+0000][75][info ][safepoint   ] Safepoint "Cleanup", Time since last: 14002594254 ns, Reaching safepoint: 75779 ns, Cleanup: 21291 ns, At safepoint: 13130 ns, Total: 110200 ns
[2025-05-26T04:04:00.670+0000][75][info ][safepoint   ] Safepoint "Cleanup", Time since last: 33426494824 ns, Reaching safepoint: 21888 ns, Cleanup: 10997 ns, At safepoint: 25195 ns, Total: 58080 ns
[2025-05-26T04:04:02.408+0000][75][info ][safepoint   ] Safepoint "Cleanup", Time since last: 1737666795 ns, Reaching safepoint: 87482 ns, Cleanup: 22887 ns, At safepoint: 10265 ns, Total: 120634 ns
[2025-05-26T04:04:17.411+0000][75][info ][safepoint   ] Safepoint "Cleanup", Time since last: 15005785965 ns, Reaching safepoint: 60457 ns, Cleanup: 15823 ns, At safepoint: 11911 ns, Total: 88191 ns
[2025-05-26T04:04:27.413+0000][75][info ][safepoint   ] Safepoint "Cleanup", Time since last: 10002181673 ns, Reaching safepoint: 29636 ns, Cleanup: 17074 ns, At safepoint: 17783 ns, Total: 64493 ns
[2025-05-26T04:04:37.415+0000][75][info ][safepoint   ] Safepoint "Cleanup", Time since last: 10002214877 ns, Reaching safepoint: 67998 ns, Cleanup: 22659 ns, At safepoint: 19070 ns, Total: 109727 ns
[2025-05-26T04:04:40.417+0000][75][info ][safepoint   ] Safepoint "Cleanup", Time since last: 3001205966 ns, Reaching safepoint: 33629 ns, Cleanup: 19405 ns, At safepoint: 76953 ns, Total: 129987 ns
[2025-05-26T04:04:52.417+0000][75][info ][safepoint   ] Safepoint "Cleanup", Time since last: 12002487123 ns, Reaching safepoint: 32490 ns, Cleanup: 17721 ns, At safepoint: 18531 ns, Total: 68742 ns
[2025-05-26T04:04:54.383+0000][75][info ][safepoint   ] Safepoint "Cleanup", Time since last: 1965982188 ns, Reaching safepoint: 9961 ns, Cleanup: 20273 ns, At safepoint: 4461 ns, Total: 34695 ns
[2025-05-26T04:05:03.659+0000][75][info ][safepoint   ] Safepoint "Cleanup", Time since last: 9276118492 ns, Reaching safepoint: 6345 ns, Cleanup: 7848 ns, At safepoint: 3566 ns, Total: 17759 ns
[2025-05-26T04:05:05.453+0000][75][info ][safepoint   ] Safepoint "Cleanup", Time since last: 1793798851 ns, Reaching safepoint: 35333 ns, Cleanup: 22179 ns, At safepoint: 20517 ns, Total: 78029 ns
[2025-05-26T04:05:07.454+0000][75][info ][safepoint   ] Safepoint "Cleanup", Time since last: 2000887550 ns, Reaching safepoint: 32664 ns, Cleanup: 17189 ns, At safepoint: 18618 ns, Total: 68471 ns
[2025-05-26T04:05:25.455+0000][75][info ][safepoint   ] Safepoint "Cleanup", Time since last: 18003200925 ns, Reaching safepoint: 39357 ns, Cleanup: 13281 ns, At safepoint: 8555 ns, Total: 61193 ns
[2025-05-26T04:05:54.415+0000][75][info ][safepoint   ] Safepoint "Cleanup", Time since last: 28963063945 ns, Reaching safepoint: 25561 ns, Cleanup: 11121 ns, At safepoint: 3499 ns, Total: 40181 ns
[2025-05-26T04:05:58.416+0000][75][info ][safepoint   ] Safepoint "Cleanup", Time since last: 4001424068 ns, Reaching safepoint: 24890 ns, Cleanup: 17487 ns, At safepoint: 10181 ns, Total: 52558 ns
[2025-05-26T04:06:05.419+0000][75][info ][safepoint   ] Safepoint "Cleanup", Time since last: 7002614338 ns, Reaching safepoint: 62978 ns, Cleanup: 16985 ns, At safepoint: 18162 ns, Total: 98125 ns
[2025-05-26T04:06:06.666+0000][75][info ][safepoint   ] Safepoint "Cleanup", Time since last: 1246749206 ns, Reaching safepoint: 445680 ns, Cleanup: 11956 ns, At safepoint: 65730 ns, Total: 523366 ns
[2025-05-26T04:06:08.518+0000][75][info ][safepoint   ] Safepoint "Cleanup", Time since last: 1851922715 ns, Reaching safepoint: 19071 ns, Cleanup: 19223 ns, At safepoint: 10344 ns, Total: 48638 ns
[2025-05-26T04:06:25.519+0000][75][info ][safepoint   ] Safepoint "Cleanup", Time since last: 17003277060 ns, Reaching safepoint: 59965 ns, Cleanup: 13832 ns, At safepoint: 9602 ns, Total: 83399 ns
[2025-05-26T04:06:30.521+0000][75][info ][safepoint   ] Safepoint "Cleanup", Time since last: 5001874374 ns, Reaching safepoint: 20302 ns, Cleanup: 15108 ns, At safepoint: 10382 ns, Total: 45792 ns
[2025-05-26T04:06:54.446+0000][75][info ][safepoint   ] Safepoint "Cleanup", Time since last: 23926637096 ns, Reaching safepoint: 11408 ns, Cleanup: 14469 ns, At safepoint: 13100 ns, Total: 38977 ns
[2025-05-26T04:07:03.545+0000][75][info ][safepoint   ] Safepoint "Cleanup", Time since last: 9098394119 ns, Reaching safepoint: 31288 ns, Cleanup: 17532 ns, At safepoint: 19420 ns, Total: 68240 ns
[2025-05-26T04:07:09.663+0000][75][info ][safepoint   ] Safepoint "Cleanup", Time since last: 6118728037 ns, Reaching safepoint: 98460 ns, Cleanup: 9072 ns, At safepoint: 27056 ns, Total: 134588 ns
[2025-05-26T04:07:11.612+0000][75][info ][safepoint   ] Safepoint "Cleanup", Time since last: 1948870473 ns, Reaching safepoint: 26762 ns, Cleanup: 17852 ns, At safepoint: 12756 ns, Total: 57370 ns
[2025-05-26T04:07:19.619+0000][75][info ][safepoint   ] Safepoint "Cleanup", Time since last: 8010510954 ns, Reaching safepoint: 53404 ns, Cleanup: 15579 ns, At safepoint: 12849 ns, Total: 81832 ns
[2025-05-26T04:07:35.459+0000][75][info ][safepoint   ] Safepoint "Cleanup", Time since last: 15839843030 ns, Reaching safepoint: 147905 ns, Cleanup: 12034 ns, At safepoint: 33623 ns, Total: 193562 ns
[2025-05-26T04:07:40.460+0000][75][info ][safepoint   ] Safepoint "Cleanup", Time since last: 5001359727 ns, Reaching safepoint: 28657 ns, Cleanup: 15948 ns, At safepoint: 17065 ns, Total: 61670 ns
[2025-05-26T04:07:45.653+0000][75][info ][safepoint   ] Safepoint "Cleanup", Time since last: 5193357636 ns, Reaching safepoint: 22036 ns, Cleanup: 22433 ns, At safepoint: 71947 ns, Total: 116416 ns
[2025-05-26T04:07:47.649+0000][75][info ][safepoint   ] Safepoint "Cleanup", Time since last: 1996293931 ns, Reaching safepoint: 26186 ns, Cleanup: 21807 ns, At safepoint: 11389 ns, Total: 59382 ns
[2025-05-26T04:07:55.477+0000][75][info ][safepoint   ] Safepoint "Cleanup", Time since last: 7827587763 ns, Reaching safepoint: 25286 ns, Cleanup: 20800 ns, At safepoint: 11545 ns, Total: 57631 ns
[2025-05-26T04:08:12.697+0000][75][info ][safepoint   ] Safepoint "Cleanup", Time since last: 17220119105 ns, Reaching safepoint: 19942 ns, Cleanup: 22328 ns, At safepoint: 95312 ns, Total: 137582 ns
[2025-05-26T04:08:14.726+0000][75][info ][safepoint   ] Safepoint "Cleanup", Time since last: 2031388161 ns, Reaching safepoint: 6518 ns, Cleanup: 8691 ns, At safepoint: 11905 ns, Total: 27114 ns
[2025-05-26T04:08:25.729+0000][75][info ][safepoint   ] Safepoint "Cleanup", Time since last: 11003416217 ns, Reaching safepoint: 166526 ns, Cleanup: 17317 ns, At safepoint: 13717 ns, Total: 197560 ns
[2025-05-26T04:08:54.504+0000][75][info ][safepoint   ] Safepoint "Cleanup", Time since last: 28777631362 ns, Reaching safepoint: 49361 ns, Cleanup: 18038 ns, At safepoint: 14778 ns, Total: 82177 ns
[2025-05-26T04:09:15.659+0000][75][info ][safepoint   ] Safepoint "Cleanup", Time since last: 21157273173 ns, Reaching safepoint: 7181 ns, Cleanup: 8427 ns, At safepoint: 25498 ns, Total: 41106 ns
[2025-05-26T04:09:16.663+0000][75][info ][safepoint   ] Safepoint "Cleanup", Time since last: 1003967500 ns, Reaching safepoint: 26461 ns, Cleanup: 17612 ns, At safepoint: 14038 ns, Total: 58111 ns
[2025-05-26T04:09:17.763+0000][75][info ][safepoint   ] Safepoint "Cleanup", Time since last: 1099606493 ns, Reaching safepoint: 23544 ns, Cleanup: 57801 ns, At safepoint: 14657 ns, Total: 96002 ns
[2025-05-26T04:09:30.768+0000][75][info ][safepoint   ] Safepoint "Cleanup", Time since last: 13005220767 ns, Reaching safepoint: 103097 ns, Cleanup: 18905 ns, At safepoint: 12021 ns, Total: 134023 ns
[2025-05-26T04:10:04.535+0000][75][info ][safepoint   ] Safepoint "Cleanup", Time since last: 33768647478 ns, Reaching safepoint: 23501 ns, Cleanup: 16847 ns, At safepoint: 11377 ns, Total: 51725 ns
[2025-05-26T04:10:19.843+0000][75][info ][safepoint   ] Safepoint "Cleanup", Time since last: 15310591368 ns, Reaching safepoint: 83189 ns, Cleanup: 21578 ns, At safepoint: 11096 ns, Total: 115863 ns
[2025-05-26T04:10:30.876+0000][75][info ][safepoint   ] Safepoint "Cleanup", Time since last: 11032967639 ns, Reaching safepoint: 78706 ns, Cleanup: 22632 ns, At safepoint: 12642 ns, Total: 113980 ns
[2025-05-26T04:10:34.877+0000][75][info ][safepoint   ] Safepoint "Cleanup", Time since last: 4001119142 ns, Reaching safepoint: 27825 ns, Cleanup: 22885 ns, At safepoint: 14018 ns, Total: 64728 ns
[2025-05-26T04:10:44.876+0000][75][info ][safepoint   ] Safepoint "Cleanup", Time since last: 10001942584 ns, Reaching safepoint: 51205 ns, Cleanup: 15548 ns, At safepoint: 10639 ns, Total: 77392 ns
[2025-05-26T04:10:54.559+0000][75][info ][safepoint   ] Safepoint "Cleanup", Time since last: 9682496054 ns, Reaching safepoint: 12899 ns, Cleanup: 12388 ns, At safepoint: 4752 ns, Total: 30039 ns
[2025-05-26T04:11:00.560+0000][75][info ][safepoint   ] Safepoint "Cleanup", Time since last: 6001149497 ns, Reaching safepoint: 17761 ns, Cleanup: 14653 ns, At safepoint: 8710 ns, Total: 41124 ns
[2025-05-26T04:11:22.851+0000][75][info ][safepoint   ] Safepoint "Cleanup", Time since last: 22293039177 ns, Reaching safepoint: 29306 ns, Cleanup: 15609 ns, At safepoint: 18818 ns, Total: 63733 ns
[2025-05-26T04:11:55.590+0000][75][info ][safepoint   ] Safepoint "Cleanup", Time since last: 32740791181 ns, Reaching safepoint: 18172 ns, Cleanup: 13210 ns, At safepoint: 9218 ns, Total: 40600 ns
[2025-05-26T04:12:31.010+0000][75][info ][safepoint   ] Safepoint "Cleanup", Time since last: 35422801318 ns, Reaching safepoint: 29869 ns, Cleanup: 17453 ns, At safepoint: 16764 ns, Total: 64086 ns
[2025-05-26T04:12:49.029+0000][75][info ][safepoint   ] Safepoint "Cleanup", Time since last: 18021691627 ns, Reaching safepoint: 40094 ns, Cleanup: 14567 ns, At safepoint: 27506 ns, Total: 82167 ns
[2025-05-26T04:12:50.044+0000][75][info ][safepoint   ] Safepoint "Cleanup", Time since last: 1015371932 ns, Reaching safepoint: 18816 ns, Cleanup: 110258 ns, At safepoint: 13138 ns, Total: 142212 ns
[2025-05-26T04:12:51.088+0000][75][info ][safepoint   ] Safepoint "Cleanup", Time since last: 1043522390 ns, Reaching safepoint: 31248 ns, Cleanup: 20996 ns, At safepoint: 17840 ns, Total: 70084 ns
[2025-05-26T04:13:00.808+0000][75][info ][safepoint   ] Safepoint "Cleanup", Time since last: 9720006184 ns, Reaching safepoint: 19502 ns, Cleanup: 15127 ns, At safepoint: 8439 ns, Total: 43068 ns
[2025-05-26T04:13:28.169+0000][75][info ][safepoint   ] Safepoint "Cleanup", Time since last: 27362488617 ns, Reaching safepoint: 14413 ns, Cleanup: 18595 ns, At safepoint: 118764 ns, Total: 151772 ns
[2025-05-26T04:13:30.142+0000][75][info ][safepoint   ] Safepoint "Cleanup", Time since last: 1972746341 ns, Reaching safepoint: 23640 ns, Cleanup: 16006 ns, At safepoint: 9755 ns, Total: 49401 ns
[2025-05-26T04:14:31.162+0000][75][info ][safepoint   ] Safepoint "Cleanup", Time since last: 61024373478 ns, Reaching safepoint: 18021 ns, Cleanup: 20784 ns, At safepoint: 82500 ns, Total: 121305 ns
[2025-05-26T04:14:45.169+0000][75][info ][safepoint   ] Safepoint "Cleanup", Time since last: 14009847497 ns, Reaching safepoint: 90981 ns, Cleanup: 25076 ns, At safepoint: 9975 ns, Total: 126032 ns
[2025-05-26T04:14:57.686+0000][75][info ][safepoint   ] Safepoint "Cleanup", Time since last: 12516977085 ns, Reaching safepoint: 25508 ns, Cleanup: 15254 ns, At safepoint: 11463 ns, Total: 52225 ns
[2025-05-26T04:15:03.688+0000][75][info ][safepoint   ] Safepoint "Cleanup", Time since last: 6002015856 ns, Reaching safepoint: 84633 ns, Cleanup: 14966 ns, At safepoint: 9844 ns, Total: 109443 ns
[2025-05-26T04:15:33.641+0000][75][info ][safepoint   ] Safepoint "Cleanup", Time since last: 29955517701 ns, Reaching safepoint: 24771 ns, Cleanup: 12980 ns, At safepoint: 123661 ns, Total: 161412 ns
[2025-05-26T04:15:35.218+0000][75][info ][safepoint   ] Safepoint "Cleanup", Time since last: 1577059196 ns, Reaching safepoint: 22691 ns, Cleanup: 20318 ns, At safepoint: 11289 ns, Total: 54298 ns
[2025-05-26T04:16:04.718+0000][75][info ][safepoint   ] Safepoint "Cleanup", Time since last: 29502150194 ns, Reaching safepoint: 68625 ns, Cleanup: 18791 ns, At safepoint: 34033 ns, Total: 121449 ns
[2025-05-26T04:16:09.741+0000][75][info ][safepoint   ] Safepoint "Cleanup", Time since last: 5022801132 ns, Reaching safepoint: 29808 ns, Cleanup: 17056 ns, At safepoint: 17670 ns, Total: 64534 ns
[2025-05-26T04:16:14.741+0000][75][info ][safepoint   ] Safepoint "Cleanup", Time since last: 5001515470 ns, Reaching safepoint: 17272 ns, Cleanup: 13281 ns, At safepoint: 9478 ns, Total: 40031 ns
[2025-05-26T04:16:25.744+0000][75][info ][safepoint   ] Safepoint "Cleanup", Time since last: 11003263165 ns, Reaching safepoint: 44180 ns, Cleanup: 13562 ns, At safepoint: 11467 ns, Total: 69209 ns
[2025-05-26T04:16:30.746+0000][75][info ][safepoint   ] Safepoint "Cleanup", Time since last: 5001649924 ns, Reaching safepoint: 30311 ns, Cleanup: 19607 ns, At safepoint: 18719 ns, Total: 68637 ns
[2025-05-26T04:16:36.649+0000][75][info ][safepoint   ] Safepoint "Cleanup", Time since last: 5902916489 ns, Reaching safepoint: 102153 ns, Cleanup: 13232 ns, At safepoint: 26448 ns, Total: 141833 ns
[2025-05-26T04:16:38.260+0000][75][info ][safepoint   ] Safepoint "Cleanup", Time since last: 1611074564 ns, Reaching safepoint: 32936 ns, Cleanup: 27374 ns, At safepoint: 18945 ns, Total: 79255 ns
[2025-05-26T04:17:00.747+0000][75][info ][safepoint   ] Safepoint "Cleanup", Time since last: 22490475621 ns, Reaching safepoint: 33306 ns, Cleanup: 19059 ns, At safepoint: 20978 ns, Total: 73343 ns
[2025-05-26T04:17:39.633+0000][75][info ][safepoint   ] Safepoint "Cleanup", Time since last: 38887482111 ns, Reaching safepoint: 16236 ns, Cleanup: 15615 ns, At safepoint: 12923 ns, Total: 44774 ns
[2025-05-26T04:17:41.322+0000][75][info ][safepoint   ] Safepoint "Cleanup", Time since last: 1689216097 ns, Reaching safepoint: 26219 ns, Cleanup: 16941 ns, At safepoint: 12529 ns, Total: 55689 ns
[2025-05-26T04:17:54.381+0000][75][info ][safepoint   ] Safepoint "Cleanup", Time since last: 13060964671 ns, Reaching safepoint: 61365 ns, Cleanup: 15904 ns, At safepoint: 12686 ns, Total: 89955 ns
[2025-05-26T04:17:55.794+0000][75][info ][safepoint   ] Safepoint "Cleanup", Time since last: 1412848596 ns, Reaching safepoint: 74359 ns, Cleanup: 16337 ns, At safepoint: 18910 ns, Total: 109606 ns
[2025-05-26T04:18:30.306+0000][75][info ][safepoint   ] Safepoint "Cleanup", Time since last: 34514926771 ns, Reaching safepoint: 71990 ns, Cleanup: 17030 ns, At safepoint: 19105 ns, Total: 108125 ns
[2025-05-26T04:18:42.651+0000][75][info ][safepoint   ] Safepoint "Cleanup", Time since last: 12345511676 ns, Reaching safepoint: 21672 ns, Cleanup: 16872 ns, At safepoint: 113320 ns, Total: 151864 ns
[2025-05-26T04:18:44.423+0000][75][info ][safepoint   ] Safepoint "Cleanup", Time since last: 1772766478 ns, Reaching safepoint: 13080 ns, Cleanup: 28309 ns, At safepoint: 79911 ns, Total: 121300 ns
[2025-05-26T04:18:54.429+0000][75][info ][safepoint   ] Safepoint "Cleanup", Time since last: 10006079663 ns, Reaching safepoint: 143133 ns, Cleanup: 20614 ns, At safepoint: 36779 ns, Total: 200526 ns
[2025-05-26T04:19:00.828+0000][75][info ][safepoint   ] Safepoint "Cleanup", Time since last: 6399245516 ns, Reaching safepoint: 24748 ns, Cleanup: 22088 ns, At safepoint: 9434 ns, Total: 56270 ns
[2025-05-26T04:19:30.849+0000][75][info ][safepoint   ] Safepoint "Cleanup", Time since last: 30022410976 ns, Reaching safepoint: 405208 ns, Cleanup: 22124 ns, At safepoint: 28859 ns, Total: 456191 ns
[2025-05-26T04:19:45.627+0000][75][info ][safepoint   ] Safepoint "Cleanup", Time since last: 14780830867 ns, Reaching safepoint: 102618 ns, Cleanup: 11372 ns, At safepoint: 43917 ns, Total: 157907 ns
[2025-05-26T04:19:47.459+0000][75][info ][safepoint   ] Safepoint "Cleanup", Time since last: 1832266690 ns, Reaching safepoint: 29365 ns, Cleanup: 16055 ns, At safepoint: 16855 ns, Total: 62275 ns
[2025-05-26T04:20:00.856+0000][75][info ][safepoint   ] Safepoint "Cleanup", Time since last: 13396497282 ns, Reaching safepoint: 28691 ns, Cleanup: 21408 ns, At safepoint: 13309 ns, Total: 63408 ns
[2025-05-26T04:20:54.881+0000][75][info ][safepoint   ] Safepoint "Cleanup", Time since last: 54029808915 ns, Reaching safepoint: 26708 ns, Cleanup: 11665 ns, At safepoint: 2845 ns, Total: 41218 ns
[2025-05-26T04:21:29.884+0000][75][info ][safepoint   ] Safepoint "Cleanup", Time since last: 35005497369 ns, Reaching safepoint: 26304 ns, Cleanup: 15365 ns, At safepoint: 12659 ns, Total: 54328 ns
[2025-05-26T04:21:39.885+0000][75][info ][safepoint   ] Safepoint "Cleanup", Time since last: 10001640224 ns, Reaching safepoint: 17331 ns, Cleanup: 13908 ns, At safepoint: 10416 ns, Total: 41655 ns
[2025-05-26T04:21:51.616+0000][75][info ][safepoint   ] Safepoint "Cleanup", Time since last: 11732227846 ns, Reaching safepoint: 7014 ns, Cleanup: 8135 ns, At safepoint: 12190 ns, Total: 27339 ns
[2025-05-26T04:21:53.585+0000][75][info ][safepoint   ] Safepoint "Cleanup", Time since last: 1968888270 ns, Reaching safepoint: 27151 ns, Cleanup: 18361 ns, At safepoint: 12684 ns, Total: 58196 ns
[2025-05-26T04:22:32.613+0000][75][info ][safepoint   ] Safepoint "Cleanup", Time since last: 39031185197 ns, Reaching safepoint: 29559 ns, Cleanup: 15964 ns, At safepoint: 10962 ns, Total: 56485 ns
[2025-05-26T04:22:54.614+0000][75][info ][safepoint   ] Safepoint "Cleanup", Time since last: 22003941476 ns, Reaching safepoint: 25988 ns, Cleanup: 18960 ns, At safepoint: 9955 ns, Total: 54903 ns
[2025-05-26T04:22:55.664+0000][75][info ][safepoint   ] Safepoint "Cleanup", Time since last: 1049393876 ns, Reaching safepoint: 6395 ns, Cleanup: 8370 ns, At safepoint: 2804 ns, Total: 17569 ns
[2025-05-26T04:23:26.537+0000][75][info ][safepoint   ] Safepoint "Cleanup", Time since last: 30874803104 ns, Reaching safepoint: 56937 ns, Cleanup: 15603 ns, At safepoint: 9625 ns, Total: 82165 ns
[2025-05-26T04:23:32.539+0000][75][info ][safepoint   ] Safepoint "Cleanup", Time since last: 6001848583 ns, Reaching safepoint: 67586 ns, Cleanup: 16312 ns, At safepoint: 17341 ns, Total: 101239 ns
[2025-05-26T04:23:54.539+0000][75][info ][safepoint   ] Safepoint "Cleanup", Time since last: 22003196353 ns, Reaching safepoint: 57637 ns, Cleanup: 19215 ns, At safepoint: 11382 ns, Total: 88234 ns
[2025-05-26T04:23:58.761+0000][75][info ][safepoint   ] Safepoint "Cleanup", Time since last: 4222069804 ns, Reaching safepoint: 26793 ns, Cleanup: 11972 ns, At safepoint: 69351 ns, Total: 108116 ns
[2025-05-26T04:23:59.762+0000][75][info ][safepoint   ] Safepoint "Cleanup", Time since last: 1000474475 ns, Reaching safepoint: 6470 ns, Cleanup: 15175 ns, At safepoint: 3014 ns, Total: 24659 ns
[2025-05-26T04:24:09.769+0000][75][info ][safepoint   ] Safepoint "Cleanup", Time since last: 10007153778 ns, Reaching safepoint: 22977 ns, Cleanup: 15299 ns, At safepoint: 9817 ns, Total: 48093 ns
[2025-05-26T04:24:23.773+0000][75][info ][safepoint   ] Safepoint "Cleanup", Time since last: 14006155758 ns, Reaching safepoint: 71091 ns, Cleanup: 16644 ns, At safepoint: 80315 ns, Total: 168050 ns
[2025-05-26T04:24:43.774+0000][75][info ][safepoint   ] Safepoint "Cleanup", Time since last: 20003318132 ns, Reaching safepoint: 74302 ns, Cleanup: 18646 ns, At safepoint: 11984 ns, Total: 104932 ns
[2025-05-26T04:24:54.777+0000][75][info ][safepoint   ] Safepoint "Cleanup", Time since last: 11003593937 ns, Reaching safepoint: 29746 ns, Cleanup: 19377 ns, At safepoint: 19714 ns, Total: 68837 ns
[2025-05-26T04:25:00.639+0000][75][info ][safepoint   ] Safepoint "Cleanup", Time since last: 5860700976 ns, Reaching safepoint: 287136 ns, Cleanup: 13080 ns, At safepoint: 143645 ns, Total: 443861 ns
[2025-05-26T04:25:22.816+0000][75][info ][safepoint   ] Safepoint "Cleanup", Time since last: 22179642674 ns, Reaching safepoint: 84500 ns, Cleanup: 17456 ns, At safepoint: 18553 ns, Total: 120509 ns
[2025-05-26T04:25:54.818+0000][75][info ][safepoint   ] Safepoint "Cleanup", Time since last: 32004877443 ns, Reaching safepoint: 54095 ns, Cleanup: 20116 ns, At safepoint: 11691 ns, Total: 85902 ns
[2025-05-26T04:26:03.842+0000][75][info ][safepoint   ] Safepoint "Cleanup", Time since last: 9023631841 ns, Reaching safepoint: 13900 ns, Cleanup: 16459 ns, At safepoint: 15632 ns, Total: 45991 ns
[2025-05-26T04:26:19.869+0000][75][info ][safepoint   ] Safepoint "Cleanup", Time since last: 16028381272 ns, Reaching safepoint: 64480 ns, Cleanup: 19645 ns, At safepoint: 17852 ns, Total: 101977 ns
[2025-05-26T04:26:29.871+0000][75][info ][safepoint   ] Safepoint "Cleanup", Time since last: 10002266384 ns, Reaching safepoint: 21063 ns, Cleanup: 16106 ns, At safepoint: 9478 ns, Total: 46647 ns
[2025-05-26T04:26:49.872+0000][75][info ][safepoint   ] Safepoint "Cleanup", Time since last: 20003770127 ns, Reaching safepoint: 103676 ns, Cleanup: 19216 ns, At safepoint: 14665 ns, Total: 137557 ns
[2025-05-26T04:26:54.874+0000][75][info ][safepoint   ] Safepoint "Cleanup", Time since last: 5002197632 ns, Reaching safepoint: 21568 ns, Cleanup: 15270 ns, At safepoint: 7857 ns, Total: 44695 ns
[2025-05-26T04:27:06.674+0000][75][info ][safepoint   ] Safepoint "Cleanup", Time since last: 11799913532 ns, Reaching safepoint: 94454 ns, Cleanup: 10652 ns, At safepoint: 34757 ns, Total: 139863 ns
[2025-05-26T04:27:07.929+0000][75][info ][safepoint   ] Safepoint "Cleanup", Time since last: 1254984330 ns, Reaching safepoint: 31093 ns, Cleanup: 17053 ns, At safepoint: 18247 ns, Total: 66393 ns
[2025-05-26T04:27:08.943+0000][75][info ][safepoint   ] Safepoint "Cleanup", Time since last: 1013090734 ns, Reaching safepoint: 32765 ns, Cleanup: 32391 ns, At safepoint: 18801 ns, Total: 83957 ns
[2025-05-26T04:27:48.944+0000][75][info ][safepoint   ] Safepoint "Cleanup", Time since last: 40006401435 ns, Reaching safepoint: 157580 ns, Cleanup: 22793 ns, At safepoint: 41543 ns, Total: 221916 ns
[2025-05-26T04:27:49.945+0000][75][info ][safepoint   ] Safepoint "Cleanup", Time since last: 1000686416 ns, Reaching safepoint: 29065 ns, Cleanup: 16692 ns, At safepoint: 16656 ns, Total: 62413 ns
[2025-05-26T04:27:54.946+0000][75][info ][safepoint   ] Safepoint "Cleanup", Time since last: 5001096252 ns, Reaching safepoint: 24105 ns, Cleanup: 15866 ns, At safepoint: 9832 ns, Total: 49803 ns
[2025-05-26T04:27:57.610+0000][75][info ][safepoint   ] Safepoint "Cleanup", Time since last: 2663673825 ns, Reaching safepoint: 9944 ns, Cleanup: 10786 ns, At safepoint: 18595 ns, Total: 39325 ns
[2025-05-26T04:27:58.975+0000][75][info ][safepoint   ] Safepoint "Cleanup", Time since last: 1364701577 ns, Reaching safepoint: 22862 ns, Cleanup: 23565 ns, At safepoint: 10654 ns, Total: 57081 ns
[2025-05-26T04:28:09.620+0000][75][info ][safepoint   ] Safepoint "Cleanup", Time since last: 10645142619 ns, Reaching safepoint: 12583 ns, Cleanup: 13911 ns, At safepoint: 16740 ns, Total: 43234 ns
[2025-05-26T04:28:11.088+0000][75][info ][safepoint   ] Safepoint "Cleanup", Time since last: 1467876699 ns, Reaching safepoint: 18418 ns, Cleanup: 22840 ns, At safepoint: 88998 ns, Total: 130256 ns
[2025-05-26T04:28:29.858+0000][75][info ][safepoint   ] Safepoint "Cleanup", Time since last: 18774451110 ns, Reaching safepoint: 30831 ns, Cleanup: 11589 ns, At safepoint: 18565 ns, Total: 60985 ns
[2025-05-26T04:28:36.875+0000][75][info ][safepoint   ] Safepoint "Cleanup", Time since last: 7016939875 ns, Reaching safepoint: 47268 ns, Cleanup: 16404 ns, At safepoint: 8754 ns, Total: 72426 ns
[2025-05-26T04:28:54.878+0000][75][info ][safepoint   ] Safepoint "Cleanup", Time since last: 18003518710 ns, Reaching safepoint: 67059 ns, Cleanup: 18623 ns, At safepoint: 17507 ns, Total: 103189 ns
[2025-05-26T04:29:12.636+0000][75][info ][safepoint   ] Safepoint "Cleanup", Time since last: 17757582105 ns, Reaching safepoint: 23289 ns, Cleanup: 10427 ns, At safepoint: 64047 ns, Total: 97763 ns
[2025-05-26T04:29:54.127+0000][75][info ][safepoint   ] Safepoint "Cleanup", Time since last: 41495960186 ns, Reaching safepoint: 49804 ns, Cleanup: 13621 ns, At safepoint: 9203 ns, Total: 72628 ns
[2025-05-26T04:30:15.152+0000][75][info ][safepoint   ] Safepoint "Cleanup", Time since last: 21027152560 ns, Reaching safepoint: 68938 ns, Cleanup: 18204 ns, At safepoint: 28939 ns, Total: 116081 ns
[2025-05-26T04:30:16.155+0000][75][info ][safepoint   ] Safepoint "Cleanup", Time since last: 1002793605 ns, Reaching safepoint: 17137 ns, Cleanup: 64759 ns, At safepoint: 79421 ns, Total: 161317 ns
[2025-05-26T04:31:26.207+0000][75][info ][safepoint   ] Safepoint "Cleanup", Time since last: 70057354277 ns, Reaching safepoint: 73984 ns, Cleanup: 17200 ns, At safepoint: 33601 ns, Total: 124785 ns
[2025-05-26T04:31:30.208+0000][75][info ][safepoint   ] Safepoint "Cleanup", Time since last: 4001205692 ns, Reaching safepoint: 19953 ns, Cleanup: 13363 ns, At safepoint: 9598 ns, Total: 42914 ns
[2025-05-26T04:31:38.213+0000][75][info ][safepoint   ] Safepoint "Cleanup", Time since last: 8004339445 ns, Reaching safepoint: 28119 ns, Cleanup: 17532 ns, At safepoint: 16313 ns, Total: 61964 ns
[2025-05-26T04:31:55.213+0000][75][info ][safepoint   ] Safepoint "Cleanup", Time since last: 17002558210 ns, Reaching safepoint: 46438 ns, Cleanup: 14531 ns, At safepoint: 9640 ns, Total: 70609 ns
[2025-05-26T04:32:54.242+0000][75][info ][safepoint   ] Safepoint "Cleanup", Time since last: 59033482402 ns, Reaching safepoint: 22119 ns, Cleanup: 13503 ns, At safepoint: 10433 ns, Total: 46055 ns
[2025-05-26T04:32:56.251+0000][75][info ][safepoint   ] Safepoint "Cleanup", Time since last: 2008594713 ns, Reaching safepoint: 24447 ns, Cleanup: 16103 ns, At safepoint: 10703 ns, Total: 51253 ns
[2025-05-26T04:33:00.252+0000][75][info ][safepoint   ] Safepoint "Cleanup", Time since last: 4001057508 ns, Reaching safepoint: 31353 ns, Cleanup: 17786 ns, At safepoint: 17897 ns, Total: 67036 ns
[2025-05-26T04:33:01.257+0000][75][info ][safepoint   ] Safepoint "Cleanup", Time since last: 1004552275 ns, Reaching safepoint: 22830 ns, Cleanup: 17353 ns, At safepoint: 75475 ns, Total: 115658 ns
[2025-05-26T04:33:10.292+0000][75][info ][safepoint   ] Safepoint "Cleanup", Time since last: 9034891336 ns, Reaching safepoint: 29661 ns, Cleanup: 16873 ns, At safepoint: 16748 ns, Total: 63282 ns
[2025-05-26T04:34:27.659+0000][75][info ][safepoint   ] Safepoint "Cleanup", Time since last: 77375040471 ns, Reaching safepoint: 7595 ns, Cleanup: 12432 ns, At safepoint: 3225 ns, Total: 23252 ns
[2025-05-26T04:34:29.351+0000][75][info ][safepoint   ] Safepoint "Cleanup", Time since last: 1692259401 ns, Reaching safepoint: 27774 ns, Cleanup: 22735 ns, At safepoint: 17808 ns, Total: 68317 ns
[2025-05-26T04:34:31.352+0000][75][info ][safepoint   ] Safepoint "Cleanup", Time since last: 2000828608 ns, Reaching safepoint: 18523 ns, Cleanup: 15376 ns, At safepoint: 8360 ns, Total: 42259 ns
[2025-05-26T04:34:54.354+0000][75][info ][safepoint   ] Safepoint "Cleanup", Time since last: 23003921107 ns, Reaching safepoint: 25976 ns, Cleanup: 23534 ns, At safepoint: 17940 ns, Total: 67450 ns
[2025-05-26T04:34:56.316+0000][75][info ][safepoint   ] Safepoint "Cleanup", Time since last: 1962446971 ns, Reaching safepoint: 18935 ns, Cleanup: 14624 ns, At safepoint: 9056 ns, Total: 42615 ns
[2025-05-26T04:35:30.637+0000][75][info ][safepoint   ] Safepoint "Cleanup", Time since last: 34322568069 ns, Reaching safepoint: 20660 ns, Cleanup: 23670 ns, At safepoint: 73725 ns, Total: 118055 ns
[2025-05-26T04:35:54.394+0000][75][info ][safepoint   ] Safepoint "Cleanup", Time since last: 23760073953 ns, Reaching safepoint: 203442 ns, Cleanup: 15645 ns, At safepoint: 161594 ns, Total: 380681 ns
[2025-05-26T04:36:29.351+0000][75][info ][safepoint   ] Safepoint "Cleanup", Time since last: 34959529058 ns, Reaching safepoint: 38887 ns, Cleanup: 18468 ns, At safepoint: 13801 ns, Total: 71156 ns
[2025-05-26T04:36:35.433+0000][75][info ][safepoint   ] Safepoint "Cleanup", Time since last: 6081867998 ns, Reaching safepoint: 37133 ns, Cleanup: 19158 ns, At safepoint: 20431 ns, Total: 76722 ns
[2025-05-26T04:36:54.435+0000][75][info ][safepoint   ] Safepoint "Cleanup", Time since last: 19003536705 ns, Reaching safepoint: 27420 ns, Cleanup: 15762 ns, At safepoint: 17510 ns, Total: 60692 ns
[2025-05-26T04:37:00.385+0000][75][info ][safepoint   ] Safepoint "Cleanup", Time since last: 5950316135 ns, Reaching safepoint: 21870 ns, Cleanup: 15279 ns, At safepoint: 11741 ns, Total: 48890 ns
[2025-05-26T04:37:01.447+0000][75][info ][safepoint   ] Safepoint "Cleanup", Time since last: 1061801011 ns, Reaching safepoint: 14557 ns, Cleanup: 71888 ns, At safepoint: 131409 ns, Total: 217854 ns
[2025-05-26T04:37:02.464+0000][75][info ][safepoint   ] Safepoint "Cleanup", Time since last: 1016536816 ns, Reaching safepoint: 25951 ns, Cleanup: 16685 ns, At safepoint: 12664 ns, Total: 55300 ns
[2025-05-26T04:37:03.593+0000][75][info ][safepoint   ] Safepoint "Cleanup", Time since last: 1128971059 ns, Reaching safepoint: 12493 ns, Cleanup: 14631 ns, At safepoint: 16735 ns, Total: 43859 ns
[2025-05-26T04:37:04.736+0000][75][info ][safepoint   ] Safepoint "Cleanup", Time since last: 1142945223 ns, Reaching safepoint: 14257 ns, Cleanup: 12983 ns, At safepoint: 17352 ns, Total: 44592 ns
[2025-05-26T04:37:06.153+0000][75][info ][safepoint   ] Safepoint "Cleanup", Time since last: 1416838284 ns, Reaching safepoint: 29907 ns, Cleanup: 17656 ns, At safepoint: 18148 ns, Total: 65711 ns
[2025-05-26T04:37:37.555+0000][75][info ][safepoint   ] Safepoint "Cleanup", Time since last: 31404407425 ns, Reaching safepoint: 108485 ns, Cleanup: 56554 ns, At safepoint: 40297 ns, Total: 205336 ns
[2025-05-26T04:37:38.561+0000][75][info ][safepoint   ] Safepoint "Cleanup", Time since last: 1005753129 ns, Reaching safepoint: 5325 ns, Cleanup: 8417 ns, At safepoint: 14115 ns, Total: 27857 ns
[2025-05-26T04:37:39.563+0000][75][info ][safepoint   ] Safepoint "Cleanup", Time since last: 1002410282 ns, Reaching safepoint: 28295 ns, Cleanup: 18442 ns, At safepoint: 17918 ns, Total: 64655 ns
[2025-05-26T04:38:04.575+0000][75][info ][safepoint   ] Safepoint "Cleanup", Time since last: 25014241694 ns, Reaching safepoint: 22862 ns, Cleanup: 19421 ns, At safepoint: 62379 ns, Total: 104662 ns
[2025-05-26T04:38:18.591+0000][75][info ][safepoint   ] Safepoint "Cleanup", Time since last: 14018340699 ns, Reaching safepoint: 90712 ns, Cleanup: 16945 ns, At safepoint: 12990 ns, Total: 120647 ns
[2025-05-26T04:38:30.734+0000][75][info ][safepoint   ] Safepoint "Cleanup", Time since last: 12142532524 ns, Reaching safepoint: 33784 ns, Cleanup: 20281 ns, At safepoint: 11776 ns, Total: 65841 ns
[2025-05-26T04:38:39.597+0000][75][info ][safepoint   ] Safepoint "Cleanup", Time since last: 8862500655 ns, Reaching safepoint: 367688 ns, Cleanup: 12046 ns, At safepoint: 52190 ns, Total: 431924 ns
[2025-05-26T04:38:40.670+0000][75][info ][safepoint   ] Safepoint "Cleanup", Time since last: 1073495613 ns, Reaching safepoint: 30935 ns, Cleanup: 11176 ns, At safepoint: 20322 ns, Total: 62433 ns
[2025-05-26T04:38:42.647+0000][75][info ][safepoint   ] Safepoint "Cleanup", Time since last: 1976953289 ns, Reaching safepoint: 31766 ns, Cleanup: 21718 ns, At safepoint: 18820 ns, Total: 72304 ns
[2025-05-26T04:38:54.647+0000][75][info ][safepoint   ] Safepoint "Cleanup", Time since last: 12002394472 ns, Reaching safepoint: 59254 ns, Cleanup: 19556 ns, At safepoint: 12468 ns, Total: 91278 ns
[2025-05-26T04:40:00.480+0000][75][info ][safepoint   ] Safepoint "Cleanup", Time since last: 65840666459 ns, Reaching safepoint: 25681 ns, Cleanup: 16395 ns, At safepoint: 13823 ns, Total: 55899 ns
[2025-05-26T04:40:30.484+0000][75][info ][safepoint   ] Safepoint "Cleanup", Time since last: 30006777225 ns, Reaching safepoint: 50420 ns, Cleanup: 14908 ns, At safepoint: 11891 ns, Total: 77219 ns
[2025-05-26T04:40:43.769+0000][75][info ][safepoint   ] Safepoint "Cleanup", Time since last: 13284705260 ns, Reaching safepoint: 50005 ns, Cleanup: 15581 ns, At safepoint: 9366 ns, Total: 74952 ns
[2025-05-26T04:40:44.894+0000][75][info ][safepoint   ] Safepoint "Cleanup", Time since last: 1125734411 ns, Reaching safepoint: 10457 ns, Cleanup: 10995 ns, At safepoint: 13010 ns, Total: 34462 ns
[2025-05-26T04:41:11.506+0000][75][info ][safepoint   ] Safepoint "Cleanup", Time since last: 26621182341 ns, Reaching safepoint: 7618 ns, Cleanup: 8788 ns, At safepoint: 11800 ns, Total: 28206 ns
[2025-05-26T04:41:16.513+0000][75][info ][safepoint   ] Safepoint "Cleanup", Time since last: 5007532955 ns, Reaching safepoint: 23589 ns, Cleanup: 18513 ns, At safepoint: 9031 ns, Total: 51133 ns
[2025-05-26T04:41:21.610+0000][75][info ][safepoint   ] Safepoint "Cleanup", Time since last: 5097124760 ns, Reaching safepoint: 25236 ns, Cleanup: 11404 ns, At safepoint: 14680 ns, Total: 51320 ns
[2025-05-26T04:41:23.601+0000][75][info ][safepoint   ] Safepoint "Cleanup", Time since last: 1987892468 ns, Reaching safepoint: 49766 ns, Cleanup: 19232 ns, At safepoint: 8979 ns, Total: 77977 ns
[2025-05-26T04:41:26.604+0000][75][info ][safepoint   ] Safepoint "Cleanup", Time since last: 3003003774 ns, Reaching safepoint: 20382 ns, Cleanup: 12528 ns, At safepoint: 8012 ns, Total: 40922 ns
[2025-05-26T04:41:29.609+0000][75][info ][safepoint   ] Safepoint "Cleanup", Time since last: 3004574529 ns, Reaching safepoint: 29891 ns, Cleanup: 10984 ns, At safepoint: 8366 ns, Total: 49241 ns
[2025-05-26T04:41:30.610+0000][75][info ][safepoint   ] Safepoint "Cleanup", Time since last: 1000429027 ns, Reaching safepoint: 30927 ns, Cleanup: 14571 ns, At safepoint: 8429 ns, Total: 53927 ns
[2025-05-26T04:42:08.894+0000][75][info ][safepoint   ] Safepoint "Cleanup", Time since last: 38288865252 ns, Reaching safepoint: 9631 ns, Cleanup: 8859 ns, At safepoint: 3535 ns, Total: 22025 ns
[2025-05-26T04:42:21.113+0000][75][info ][safepoint   ] Safepoint "Cleanup", Time since last: 12218283921 ns, Reaching safepoint: 31973 ns, Cleanup: 17679 ns, At safepoint: 19401 ns, Total: 69053 ns
[2025-05-26T04:42:33.112+0000][75][info ][safepoint   ] Safepoint "Cleanup", Time since last: 12002480613 ns, Reaching safepoint: 66662 ns, Cleanup: 18093 ns, At safepoint: 12255 ns, Total: 97010 ns
[2025-05-26T04:43:06.181+0000][75][info ][safepoint   ] Safepoint "Cleanup", Time since last: 33071671222 ns, Reaching safepoint: 116767 ns, Cleanup: 62752 ns, At safepoint: 52556 ns, Total: 232075 ns
[2025-05-26T04:43:07.200+0000][75][info ][safepoint   ] Safepoint "Cleanup", Time since last: 1019640679 ns, Reaching safepoint: 16567 ns, Cleanup: 15772 ns, At safepoint: 8495 ns, Total: 40834 ns
[2025-05-26T04:43:34.287+0000][75][info ][safepoint   ] Safepoint "Cleanup", Time since last: 27089437507 ns, Reaching safepoint: 66990 ns, Cleanup: 16522 ns, At safepoint: 18289 ns, Total: 101801 ns
[2025-05-26T04:43:41.152+0000][75][info ][safepoint   ] Safepoint "Cleanup", Time since last: 6865184863 ns, Reaching safepoint: 22868 ns, Cleanup: 14533 ns, At safepoint: 70360 ns, Total: 107761 ns
[2025-05-26T04:43:54.176+0000][75][info ][safepoint   ] Safepoint "Cleanup", Time since last: 13026746285 ns, Reaching safepoint: 93523 ns, Cleanup: 20256 ns, At safepoint: 13558 ns, Total: 127337 ns
[2025-05-26T04:44:38.320+0000][75][info ][safepoint   ] Safepoint "Cleanup", Time since last: 44148583056 ns, Reaching safepoint: 29628 ns, Cleanup: 17437 ns, At safepoint: 17215 ns, Total: 64280 ns
[2025-05-26T04:44:41.321+0000][75][info ][safepoint   ] Safepoint "Cleanup", Time since last: 3000931281 ns, Reaching safepoint: 23135 ns, Cleanup: 15893 ns, At safepoint: 17675 ns, Total: 56703 ns
[2025-05-26T04:44:46.323+0000][75][info ][safepoint   ] Safepoint "Cleanup", Time since last: 5001476979 ns, Reaching safepoint: 85064 ns, Cleanup: 20795 ns, At safepoint: 31658 ns, Total: 137517 ns
[2025-05-26T04:44:54.323+0000][75][info ][safepoint   ] Safepoint "Cleanup", Time since last: 8001819092 ns, Reaching safepoint: 47067 ns, Cleanup: 19561 ns, At safepoint: 19141 ns, Total: 85769 ns
[2025-05-26T04:44:58.918+0000][75][info ][safepoint   ] Safepoint "Cleanup", Time since last: 4594441404 ns, Reaching safepoint: 29352 ns, Cleanup: 19804 ns, At safepoint: 12859 ns, Total: 62015 ns
[2025-05-26T04:45:00.919+0000][75][info ][safepoint   ] Safepoint "Cleanup", Time since last: 2000715549 ns, Reaching safepoint: 26366 ns, Cleanup: 16309 ns, At safepoint: 13975 ns, Total: 56650 ns
[2025-05-26T04:45:08.923+0000][75][info ][safepoint   ] Safepoint "Cleanup", Time since last: 8003987351 ns, Reaching safepoint: 26841 ns, Cleanup: 16007 ns, At safepoint: 17389 ns, Total: 60237 ns
[2025-05-26T04:45:17.997+0000][75][info ][safepoint   ] Safepoint "Cleanup", Time since last: 9074180346 ns, Reaching safepoint: 6876 ns, Cleanup: 8275 ns, At safepoint: 3133 ns, Total: 18284 ns
[2025-05-26T04:45:19.355+0000][75][info ][safepoint   ] Safepoint "Cleanup", Time since last: 1358565317 ns, Reaching safepoint: 33777 ns, Cleanup: 17794 ns, At safepoint: 19385 ns, Total: 70956 ns
[2025-05-26T04:45:33.360+0000][75][info ][safepoint   ] Safepoint "Cleanup", Time since last: 14008062025 ns, Reaching safepoint: 72552 ns, Cleanup: 14680 ns, At safepoint: 12790 ns, Total: 100022 ns
[2025-05-26T04:46:30.389+0000][75][info ][safepoint   ] Safepoint "Cleanup", Time since last: 57035358922 ns, Reaching safepoint: 27387 ns, Cleanup: 19891 ns, At safepoint: 13528 ns, Total: 60806 ns
[2025-05-26T04:47:02.975+0000][75][info ][safepoint   ] Safepoint "Cleanup", Time since last: 32588093630 ns, Reaching safepoint: 45342 ns, Cleanup: 18188 ns, At safepoint: 46405 ns, Total: 109935 ns
[2025-05-26T04:47:23.992+0000][75][info ][safepoint   ] Safepoint "Cleanup", Time since last: 21020009659 ns, Reaching safepoint: 207541 ns, Cleanup: 34123 ns, At safepoint: 48008 ns, Total: 289672 ns
[2025-05-26T04:47:33.421+0000][75][info ][safepoint   ] Safepoint "Cleanup", Time since last: 9429382401 ns, Reaching safepoint: 27993 ns, Cleanup: 15717 ns, At safepoint: 15997 ns, Total: 59707 ns
[2025-05-26T04:47:45.424+0000][75][info ][safepoint   ] Safepoint "Cleanup", Time since last: 12002918058 ns, Reaching safepoint: 21569 ns, Cleanup: 13082 ns, At safepoint: 8481 ns, Total: 43132 ns
[2025-05-26T04:47:54.424+0000][75][info ][safepoint   ] Safepoint "Cleanup", Time since last: 9002268423 ns, Reaching safepoint: 67330 ns, Cleanup: 26371 ns, At safepoint: 17642 ns, Total: 111343 ns
[2025-05-26T04:48:07.007+0000][75][info ][safepoint   ] Safepoint "Cleanup", Time since last: 12583232365 ns, Reaching safepoint: 32716 ns, Cleanup: 19761 ns, At safepoint: 10674 ns, Total: 63151 ns
[2025-05-26T04:48:09.435+0000][75][info ][safepoint   ] Safepoint "Cleanup", Time since last: 2427590657 ns, Reaching safepoint: 11719 ns, Cleanup: 101820 ns, At safepoint: 75500 ns, Total: 189039 ns
[2025-05-26T04:48:21.473+0000][75][info ][safepoint   ] Safepoint "Cleanup", Time since last: 12038068958 ns, Reaching safepoint: 52427 ns, Cleanup: 14797 ns, At safepoint: 9989 ns, Total: 77213 ns
[2025-05-26T04:48:27.479+0000][75][info ][safepoint   ] Safepoint "Cleanup", Time since last: 6008503768 ns, Reaching safepoint: 22947 ns, Cleanup: 10950 ns, At safepoint: 64684 ns, Total: 98581 ns
[2025-05-26T04:48:28.498+0000][75][info ][safepoint   ] Safepoint "Cleanup", Time since last: 1019116512 ns, Reaching safepoint: 29044 ns, Cleanup: 20266 ns, At safepoint: 19111 ns, Total: 68421 ns
[2025-05-26T04:48:41.144+0000][75][info ][safepoint   ] Safepoint "Cleanup", Time since last: 12646052727 ns, Reaching safepoint: 14004 ns, Cleanup: 12753 ns, At safepoint: 17009 ns, Total: 43766 ns
[2025-05-26T04:48:57.038+0000][75][info ][safepoint   ] Safepoint "Cleanup", Time since last: 15897291561 ns, Reaching safepoint: 30422 ns, Cleanup: 17363 ns, At safepoint: 17377 ns, Total: 65162 ns
[2025-05-26T04:49:27.043+0000][75][info ][safepoint   ] Safepoint "Cleanup", Time since last: 30007172463 ns, Reaching safepoint: 63749 ns, Cleanup: 16134 ns, At safepoint: 16395 ns, Total: 96278 ns
[2025-05-26T04:49:30.012+0000][75][info ][safepoint   ] Safepoint "Cleanup", Time since last: 2969389815 ns, Reaching safepoint: 6277 ns, Cleanup: 8649 ns, At safepoint: 13033 ns, Total: 27959 ns
[2025-05-26T04:49:31.534+0000][75][info ][safepoint   ] Safepoint "Cleanup", Time since last: 1521936986 ns, Reaching safepoint: 28312 ns, Cleanup: 22624 ns, At safepoint: 18231 ns, Total: 69167 ns
[2025-05-26T04:50:06.070+0000][75][info ][safepoint   ] Safepoint "Cleanup", Time since last: 34538368440 ns, Reaching safepoint: 181184 ns, Cleanup: 19669 ns, At safepoint: 41490 ns, Total: 242343 ns
[2025-05-26T04:50:30.072+0000][75][info ][safepoint   ] Safepoint "Cleanup", Time since last: 24004906038 ns, Reaching safepoint: 65505 ns, Cleanup: 18684 ns, At safepoint: 17990 ns, Total: 102179 ns
[2025-05-26T04:50:32.073+0000][75][info ][safepoint   ] Safepoint "Cleanup", Time since last: 2000954981 ns, Reaching safepoint: 16463 ns, Cleanup: 24121 ns, At safepoint: 8142 ns, Total: 48726 ns
[2025-05-26T04:51:01.101+0000][75][info ][safepoint   ] Safepoint "Cleanup", Time since last: 29030408958 ns, Reaching safepoint: 102757 ns, Cleanup: 17083 ns, At safepoint: 45458 ns, Total: 165298 ns
[2025-05-26T04:51:16.104+0000][75][info ][safepoint   ] Safepoint "Cleanup", Time since last: 15002624157 ns, Reaching safepoint: 67177 ns, Cleanup: 9721 ns, At safepoint: 21075 ns, Total: 97973 ns
[2025-05-26T04:51:26.950+0000][75][info ][gc,start    ] GC(27) Pause Young (Prepare Mixed) (G1 Evacuation Pause)
[2025-05-26T04:51:26.960+0000][75][info ][gc,task     ] GC(27) Using 10 workers of 10 for evacuation
[2025-05-26T04:51:26.963+0000][75][debug][gc,age      ] GC(27) Desired survivor size 153092096 bytes, new threshold 15 (max threshold 15)
[2025-05-26T04:51:27.721+0000][75][info ][gc,mmu      ] GC(27) MMU target violated: 201.0ms (200.0ms/201.0ms)
[2025-05-26T04:51:27.755+0000][75][info ][gc,phases   ] GC(27)   Pre Evacuate Collection Set: 30.75ms
[2025-05-26T04:51:27.802+0000][75][info ][gc,phases   ] GC(27)   Merge Heap Roots: 30.13ms
[2025-05-26T04:51:27.808+0000][75][info ][gc,phases   ] GC(27)   Evacuate Collection Set: 408.06ms
[2025-05-26T04:51:27.812+0000][75][info ][gc,phases   ] GC(27)   Post Evacuate Collection Set: 158.31ms
[2025-05-26T04:51:27.813+0000][75][info ][gc,phases   ] GC(27)   Other: 168.95ms
[2025-05-26T04:51:27.815+0000][75][trace][gc,age      ] GC(27) Age table with threshold 15 (max threshold 15)
[2025-05-26T04:51:27.816+0000][75][trace][gc,age      ] GC(27) - age   1:    1354752 bytes,    1354752 total
[2025-05-26T04:51:27.816+0000][75][trace][gc,age      ] GC(27) - age   2:      13664 bytes,    1368416 total
[2025-05-26T04:51:27.817+0000][75][trace][gc,age      ] GC(27) - age   3:     235344 bytes,    1603760 total
[2025-05-26T04:51:27.817+0000][75][trace][gc,age      ] GC(27) - age   4:     104512 bytes,    1708272 total
[2025-05-26T04:51:27.818+0000][75][trace][gc,age      ] GC(27) - age   5:      30944 bytes,    1739216 total
[2025-05-26T04:51:27.818+0000][75][trace][gc,age      ] GC(27) - age   6:      35528 bytes,    1774744 total
[2025-05-26T04:51:27.818+0000][75][trace][gc,age      ] GC(27) - age   7:      20336 bytes,    1795080 total
[2025-05-26T04:51:27.818+0000][75][trace][gc,age      ] GC(27) - age   8:      22192 bytes,    1817272 total
[2025-05-26T04:51:27.819+0000][75][trace][gc,age      ] GC(27) - age   9:      37440 bytes,    1854712 total
[2025-05-26T04:51:27.820+0000][75][trace][gc,age      ] GC(27) - age  10:      77912 bytes,    1932624 total
[2025-05-26T04:51:27.820+0000][75][trace][gc,age      ] GC(27) - age  11:     606792 bytes,    2539416 total
[2025-05-26T04:51:27.821+0000][75][trace][gc,age      ] GC(27) - age  12:    1130112 bytes,    3669528 total
[2025-05-26T04:51:27.822+0000][75][info ][gc,heap     ] GC(27) Eden regions: 581->0(47)
[2025-05-26T04:51:27.822+0000][75][info ][gc,heap     ] GC(27) Survivor regions: 1->1(73)
[2025-05-26T04:51:27.822+0000][75][info ][gc,heap     ] GC(27) Old regions: 26->26
[2025-05-26T04:51:27.823+0000][75][info ][gc,heap     ] GC(27) Humongous regions: 0->0
[2025-05-26T04:51:27.824+0000][75][info ][gc,metaspace] GC(27) Metaspace: 143168K(148672K)->143168K(148672K) NonClass: 124122K(127296K)->124122K(127296K) Class: 19046K(21376K)->19046K(21376K)
[2025-05-26T04:51:27.825+0000][75][info ][gc          ] GC(27) Pause Young (Prepare Mixed) (G1 Evacuation Pause) 2431M->107M(3880M) 874.824ms
[2025-05-26T04:51:27.825+0000][75][info ][gc,cpu      ] GC(27) User=4.06s Sys=0.08s Real=0.88s
[2025-05-26T04:51:27.825+0000][75][info ][safepoint   ] Safepoint "G1CollectForAllocation", Time since last: 10844607831 ns, Reaching safepoint: 53507 ns, Cleanup: 5702 ns, At safepoint: 880489979 ns, Total: 880549188 ns
[2025-05-26T04:51:28.826+0000][75][info ][safepoint   ] Safepoint "Cleanup", Time since last: 1000489861 ns, Reaching safepoint: 89806 ns, Cleanup: 22133 ns, At safepoint: 10517 ns, Total: 122456 ns
[2025-05-26T04:51:29.839+0000][75][info ][safepoint   ] Safepoint "Cleanup", Time since last: 1012409886 ns, Reaching safepoint: 101749 ns, Cleanup: 26126 ns, At safepoint: 10852 ns, Total: 138727 ns
[2025-05-26T04:51:30.852+0000][75][info ][safepoint   ] Safepoint "Cleanup", Time since last: 1013307748 ns, Reaching safepoint: 107501 ns, Cleanup: 36674 ns, At safepoint: 23876 ns, Total: 168051 ns
[2025-05-26T04:51:36.836+0000][75][info ][safepoint   ] Safepoint "Cleanup", Time since last: 5983638850 ns, Reaching safepoint: 28953 ns, Cleanup: 17091 ns, At safepoint: 80690 ns, Total: 126734 ns
[2025-05-26T04:51:54.868+0000][75][info ][safepoint   ] Safepoint "Cleanup", Time since last: 18034074772 ns, Reaching safepoint: 104690 ns, Cleanup: 18907 ns, At safepoint: 14146 ns, Total: 137743 ns
[2025-05-26T04:52:01.132+0000][75][info ][safepoint   ] Safepoint "Cleanup", Time since last: 6264325467 ns, Reaching safepoint: 23097 ns, Cleanup: 16727 ns, At safepoint: 9973 ns, Total: 49797 ns
[2025-05-26T04:52:02.970+0000][75][info ][safepoint   ] Safepoint "Cleanup", Time since last: 1837537998 ns, Reaching safepoint: 16145 ns, Cleanup: 19193 ns, At safepoint: 75693 ns, Total: 111031 ns
[2025-05-26T04:52:18.928+0000][75][info ][safepoint   ] Safepoint "Cleanup", Time since last: 15957923499 ns, Reaching safepoint: 18550 ns, Cleanup: 24428 ns, At safepoint: 74308 ns, Total: 117286 ns
[2025-05-26T04:52:48.043+0000][75][info ][safepoint   ] Safepoint "Cleanup", Time since last: 29117857050 ns, Reaching safepoint: 24201 ns, Cleanup: 25527 ns, At safepoint: 10545 ns, Total: 60273 ns
[2025-05-26T04:53:01.159+0000][75][info ][safepoint   ] Safepoint "Cleanup", Time since last: 13119230837 ns, Reaching safepoint: 27779 ns, Cleanup: 17593 ns, At safepoint: 11818 ns, Total: 57190 ns
[2025-05-26T04:53:12.023+0000][75][info ][safepoint   ] Safepoint "Cleanup", Time since last: 10862862230 ns, Reaching safepoint: 332299 ns, Cleanup: 14242 ns, At safepoint: 54410 ns, Total: 400951 ns
[2025-05-26T04:53:13.061+0000][75][info ][safepoint   ] Safepoint "Cleanup", Time since last: 1038063959 ns, Reaching safepoint: 15192 ns, Cleanup: 24170 ns, At safepoint: 83348 ns, Total: 122710 ns
[2025-05-26T04:53:41.992+0000][75][info ][safepoint   ] Safepoint "Cleanup", Time since last: 28935470527 ns, Reaching safepoint: 20545 ns, Cleanup: 13732 ns, At safepoint: 95456 ns, Total: 129733 ns
[2025-05-26T04:53:43.046+0000][75][info ][safepoint   ] Safepoint "Cleanup", Time since last: 1054360621 ns, Reaching safepoint: 26171 ns, Cleanup: 19123 ns, At safepoint: 9498 ns, Total: 54792 ns
[2025-05-26T04:54:29.933+0000][75][info ][gc,start    ] GC(28) Pause Young (Mixed) (G1 Evacuation Pause)
[2025-05-26T04:54:29.934+0000][75][info ][gc,task     ] GC(28) Using 10 workers of 10 for evacuation
[2025-05-26T04:54:29.934+0000][75][debug][gc,age      ] GC(28) Desired survivor size 12582912 bytes, new threshold 15 (max threshold 15)
[2025-05-26T04:54:29.996+0000][75][info ][gc,phases   ] GC(28)   Pre Evacuate Collection Set: 1.01ms
[2025-05-26T04:54:29.997+0000][75][info ][gc,phases   ] GC(28)   Merge Heap Roots: 0.90ms
[2025-05-26T04:54:29.997+0000][75][info ][gc,phases   ] GC(28)   Evacuate Collection Set: 55.81ms
[2025-05-26T04:54:29.998+0000][75][info ][gc,phases   ] GC(28)   Post Evacuate Collection Set: 3.55ms
[2025-05-26T04:54:29.998+0000][75][info ][gc,phases   ] GC(28)   Other: 1.21ms
[2025-05-26T04:54:29.999+0000][75][trace][gc,age      ] GC(28) Age table with threshold 15 (max threshold 15)
[2025-05-26T04:54:29.999+0000][75][trace][gc,age      ] GC(28) - age   1:     863840 bytes,     863840 total
[2025-05-26T04:54:30.000+0000][75][trace][gc,age      ] GC(28) - age   2:     550808 bytes,    1414648 total
[2025-05-26T04:54:30.000+0000][75][trace][gc,age      ] GC(28) - age   3:      13368 bytes,    1428016 total
[2025-05-26T04:54:30.000+0000][75][trace][gc,age      ] GC(28) - age   4:     169872 bytes,    1597888 total
[2025-05-26T04:54:30.001+0000][75][trace][gc,age      ] GC(28) - age   5:     104472 bytes,    1702360 total
[2025-05-26T04:54:30.001+0000][75][trace][gc,age      ] GC(28) - age   6:      30944 bytes,    1733304 total
[2025-05-26T04:54:30.001+0000][75][trace][gc,age      ] GC(28) - age   7:      35528 bytes,    1768832 total
[2025-05-26T04:54:30.002+0000][75][trace][gc,age      ] GC(28) - age   8:      20336 bytes,    1789168 total
[2025-05-26T04:54:30.002+0000][75][trace][gc,age      ] GC(28) - age   9:      22192 bytes,    1811360 total
[2025-05-26T04:54:30.003+0000][75][trace][gc,age      ] GC(28) - age  10:      37440 bytes,    1848800 total
[2025-05-26T04:54:30.003+0000][75][trace][gc,age      ] GC(28) - age  11:      77912 bytes,    1926712 total
[2025-05-26T04:54:30.004+0000][75][trace][gc,age      ] GC(28) - age  12:     606792 bytes,    2533504 total
[2025-05-26T04:54:30.004+0000][75][trace][gc,age      ] GC(28) - age  13:    1130112 bytes,    3663616 total
[2025-05-26T04:54:30.004+0000][75][info ][gc,heap     ] GC(28) Eden regions: 47->0(47)
[2025-05-26T04:54:30.005+0000][75][info ][gc,heap     ] GC(28) Survivor regions: 1->1(6)
[2025-05-26T04:54:30.005+0000][75][info ][gc,heap     ] GC(28) Old regions: 26->26
[2025-05-26T04:54:30.005+0000][75][info ][gc,heap     ] GC(28) Humongous regions: 0->0
[2025-05-26T04:54:30.006+0000][75][info ][gc,metaspace] GC(28) Metaspace: 143206K(148672K)->143206K(148672K) NonClass: 124160K(127296K)->124160K(127296K) Class: 19046K(21376K)->19046K(21376K)
[2025-05-26T04:54:30.006+0000][75][info ][gc          ] GC(28) Pause Young (Mixed) (G1 Evacuation Pause) 295M->105M(3880M) 72.910ms
[2025-05-26T04:54:30.006+0000][75][info ][gc,cpu      ] GC(28) User=0.31s Sys=0.06s Real=0.07s
[2025-05-26T04:54:30.007+0000][75][info ][safepoint   ] Safepoint "G1CollectForAllocation", Time since last: 46891745687 ns, Reaching safepoint: 65419 ns, Cleanup: 6699 ns, At safepoint: 74062182 ns, Total: 74134300 ns
[2025-05-26T04:54:46.146+0000][75][info ][safepoint   ] Safepoint "Cleanup", Time since last: 16138836606 ns, Reaching safepoint: 19179 ns, Cleanup: 13039 ns, At safepoint: 8831 ns, Total: 41049 ns
[2025-05-26T04:54:54.146+0000][75][info ][safepoint   ] Safepoint "Cleanup", Time since last: 8001793631 ns, Reaching safepoint: 22250 ns, Cleanup: 18010 ns, At safepoint: 9562 ns, Total: 49822 ns
[2025-05-26T04:55:38.217+0000][75][info ][safepoint   ] Safepoint "Cleanup", Time since last: 44076582295 ns, Reaching safepoint: 28688 ns, Cleanup: 15295 ns, At safepoint: 9850 ns, Total: 53833 ns
[2025-05-26T04:55:47.952+0000][75][info ][safepoint   ] Safepoint "Cleanup", Time since last: 9734417947 ns, Reaching safepoint: 17798 ns, Cleanup: 15667 ns, At safepoint: 25794 ns, Total: 59259 ns
[2025-05-26T04:56:30.247+0000][75][info ][safepoint   ] Safepoint "Cleanup", Time since last: 42299700997 ns, Reaching safepoint: 31474 ns, Cleanup: 18211 ns, At safepoint: 19225 ns, Total: 68910 ns
[2025-05-26T04:56:31.247+0000][75][info ][safepoint   ] Safepoint "Cleanup", Time since last: 1000732857 ns, Reaching safepoint: 28458 ns, Cleanup: 16811 ns, At safepoint: 17888 ns, Total: 63157 ns
[2025-05-26T04:57:53.948+0000][75][info ][safepoint   ] Safepoint "Cleanup", Time since last: 82709021765 ns, Reaching safepoint: 6097 ns, Cleanup: 8497 ns, At safepoint: 13155 ns, Total: 27749 ns
[2025-05-26T04:57:56.241+0000][75][info ][safepoint   ] Safepoint "Cleanup", Time since last: 2292764588 ns, Reaching safepoint: 17163 ns, Cleanup: 13640 ns, At safepoint: 7603 ns, Total: 38406 ns
[2025-05-26T04:58:09.304+0000][75][info ][safepoint   ] Safepoint "Cleanup", Time since last: 13063515728 ns, Reaching safepoint: 28582 ns, Cleanup: 19984 ns, At safepoint: 48943 ns, Total: 97509 ns
[2025-05-26T04:58:14.933+0000][75][info ][safepoint   ] Safepoint "Cleanup", Time since last: 5628871479 ns, Reaching safepoint: 5826 ns, Cleanup: 8555 ns, At safepoint: 4645 ns, Total: 19026 ns
[2025-05-26T04:58:16.263+0000][75][info ][safepoint   ] Safepoint "Cleanup", Time since last: 1329628078 ns, Reaching safepoint: 25587 ns, Cleanup: 15884 ns, At safepoint: 11523 ns, Total: 52994 ns
[2025-05-26T04:58:38.724+0000][75][info ][gc,start    ] GC(29) Pause Young (Normal) (G1 Evacuation Pause)
[2025-05-26T04:58:38.725+0000][75][info ][gc,task     ] GC(29) Using 10 workers of 10 for evacuation
[2025-05-26T04:58:38.725+0000][75][debug][gc,age      ] GC(29) Desired survivor size 12582912 bytes, new threshold 15 (max threshold 15)
[2025-05-26T04:58:38.738+0000][75][info ][gc,phases   ] GC(29)   Pre Evacuate Collection Set: 1.09ms
[2025-05-26T04:58:38.738+0000][75][info ][gc,phases   ] GC(29)   Merge Heap Roots: 0.34ms
[2025-05-26T04:58:38.739+0000][75][info ][gc,phases   ] GC(29)   Evacuate Collection Set: 9.31ms
[2025-05-26T04:58:38.739+0000][75][info ][gc,phases   ] GC(29)   Post Evacuate Collection Set: 1.13ms
[2025-05-26T04:58:38.740+0000][75][info ][gc,phases   ] GC(29)   Other: 0.90ms
[2025-05-26T04:58:38.740+0000][75][trace][gc,age      ] GC(29) Age table with threshold 15 (max threshold 15)
[2025-05-26T04:58:38.740+0000][75][trace][gc,age      ] GC(29) - age   1:     628208 bytes,     628208 total
[2025-05-26T04:58:38.741+0000][75][trace][gc,age      ] GC(29) - age   2:     359896 bytes,     988104 total
[2025-05-26T04:58:38.742+0000][75][trace][gc,age      ] GC(29) - age   3:     539008 bytes,    1527112 total
[2025-05-26T04:58:38.742+0000][75][trace][gc,age      ] GC(29) - age   4:      13184 bytes,    1540296 total
[2025-05-26T04:58:38.742+0000][75][trace][gc,age      ] GC(29) - age   5:     169520 bytes,    1709816 total
[2025-05-26T04:58:38.743+0000][75][trace][gc,age      ] GC(29) - age   6:     104352 bytes,    1814168 total
[2025-05-26T04:58:38.743+0000][75][trace][gc,age      ] GC(29) - age   7:      30944 bytes,    1845112 total
[2025-05-26T04:58:38.744+0000][75][trace][gc,age      ] GC(29) - age   8:      35528 bytes,    1880640 total
[2025-05-26T04:58:38.744+0000][75][trace][gc,age      ] GC(29) - age   9:      20336 bytes,    1900976 total
[2025-05-26T04:58:38.745+0000][75][trace][gc,age      ] GC(29) - age  10:      22192 bytes,    1923168 total
[2025-05-26T04:58:38.745+0000][75][trace][gc,age      ] GC(29) - age  11:      37440 bytes,    1960608 total
[2025-05-26T04:58:38.745+0000][75][trace][gc,age      ] GC(29) - age  12:      77912 bytes,    2038520 total
[2025-05-26T04:58:38.746+0000][75][trace][gc,age      ] GC(29) - age  13:     606792 bytes,    2645312 total
[2025-05-26T04:58:38.746+0000][75][trace][gc,age      ] GC(29) - age  14:    1130112 bytes,    3775424 total
[2025-05-26T04:58:38.746+0000][75][info ][gc,heap     ] GC(29) Eden regions: 47->0(47)
[2025-05-26T04:58:38.747+0000][75][info ][gc,heap     ] GC(29) Survivor regions: 1->1(6)
[2025-05-26T04:58:38.748+0000][75][info ][gc,heap     ] GC(29) Old regions: 26->26
[2025-05-26T04:58:38.748+0000][75][info ][gc,heap     ] GC(29) Humongous regions: 0->0
[2025-05-26T04:58:38.750+0000][75][info ][gc,metaspace] GC(29) Metaspace: 143212K(148672K)->143212K(148672K) NonClass: 124165K(127296K)->124165K(127296K) Class: 19046K(21376K)->19046K(21376K)
[2025-05-26T04:58:38.751+0000][75][info ][gc          ] GC(29) Pause Young (Normal) (G1 Evacuation Pause) 293M->105M(3880M) 26.431ms
[2025-05-26T04:58:38.751+0000][75][info ][gc,cpu      ] GC(29) User=0.09s Sys=0.00s Real=0.02s
[2025-05-26T04:58:38.752+0000][75][info ][safepoint   ] Safepoint "G1CollectForAllocation", Time since last: 22463820127 ns, Reaching safepoint: 71890 ns, Cleanup: 6762 ns, At safepoint: 27906734 ns, Total: 27985386 ns
[2025-05-26T04:59:59.969+0000][75][info ][safepoint   ] Safepoint "Cleanup", Time since last: 81221863884 ns, Reaching safepoint: 4378598 ns, Cleanup: 20766 ns, At safepoint: 107011 ns, Total: 4506375 ns
[2025-05-26T05:00:01.394+0000][75][info ][safepoint   ] Safepoint "Cleanup", Time since last: 1425364901 ns, Reaching safepoint: 31629 ns, Cleanup: 17562 ns, At safepoint: 20810 ns, Total: 70001 ns
[2025-05-26T05:00:36.398+0000][75][info ][safepoint   ] Safepoint "Cleanup", Time since last: 35005778467 ns, Reaching safepoint: 66951 ns, Cleanup: 17553 ns, At safepoint: 11288 ns, Total: 95792 ns
[2025-05-26T05:00:51.401+0000][75][info ][safepoint   ] Safepoint "Cleanup", Time since last: 15002516486 ns, Reaching safepoint: 114120 ns, Cleanup: 16956 ns, At safepoint: 16559 ns, Total: 147635 ns
[2025-05-26T05:00:54.403+0000][75][info ][safepoint   ] Safepoint "Cleanup", Time since last: 3005260885 ns, Reaching safepoint: 25795 ns, Cleanup: 17519 ns, At safepoint: 12049 ns, Total: 55363 ns
[2025-05-26T05:02:06.455+0000][75][info ][safepoint   ] Safepoint "Cleanup", Time since last: 72057250645 ns, Reaching safepoint: 84038 ns, Cleanup: 8880 ns, At safepoint: 14465 ns, Total: 107383 ns
[2025-05-26T05:02:41.920+0000][75][info ][gc,start    ] GC(30) Pause Young (Normal) (G1 Evacuation Pause)
[2025-05-26T05:02:41.921+0000][75][info ][gc,task     ] GC(30) Using 10 workers of 10 for evacuation
[2025-05-26T05:02:41.922+0000][75][debug][gc,age      ] GC(30) Desired survivor size 12582912 bytes, new threshold 15 (max threshold 15)
[2025-05-26T05:02:41.953+0000][75][info ][gc,phases   ] GC(30)   Pre Evacuate Collection Set: 4.42ms
[2025-05-26T05:02:41.953+0000][75][info ][gc,phases   ] GC(30)   Merge Heap Roots: 0.64ms
[2025-05-26T05:02:41.953+0000][75][info ][gc,phases   ] GC(30)   Evacuate Collection Set: 21.92ms
[2025-05-26T05:02:41.954+0000][75][info ][gc,phases   ] GC(30)   Post Evacuate Collection Set: 3.74ms
[2025-05-26T05:02:41.954+0000][75][info ][gc,phases   ] GC(30)   Other: 0.99ms
[2025-05-26T05:02:41.954+0000][75][trace][gc,age      ] GC(30) Age table with threshold 15 (max threshold 15)
[2025-05-26T05:02:41.955+0000][75][trace][gc,age      ] GC(30) - age   1:     734792 bytes,     734792 total
[2025-05-26T05:02:41.955+0000][75][trace][gc,age      ] GC(30) - age   2:     209424 bytes,     944216 total
[2025-05-26T05:02:41.956+0000][75][trace][gc,age      ] GC(30) - age   3:     123424 bytes,    1067640 total
[2025-05-26T05:02:41.956+0000][75][trace][gc,age      ] GC(30) - age   4:     536048 bytes,    1603688 total
[2025-05-26T05:02:41.956+0000][75][trace][gc,age      ] GC(30) - age   5:      13152 bytes,    1616840 total
[2025-05-26T05:02:41.956+0000][75][trace][gc,age      ] GC(30) - age   6:     169320 bytes,    1786160 total
[2025-05-26T05:02:41.957+0000][75][trace][gc,age      ] GC(30) - age   7:     104352 bytes,    1890512 total
[2025-05-26T05:02:41.957+0000][75][trace][gc,age      ] GC(30) - age   8:      30944 bytes,    1921456 total
[2025-05-26T05:02:41.957+0000][75][trace][gc,age      ] GC(30) - age   9:      35528 bytes,    1956984 total
[2025-05-26T05:02:41.958+0000][75][trace][gc,age      ] GC(30) - age  10:      20336 bytes,    1977320 total
[2025-05-26T05:02:41.958+0000][75][trace][gc,age      ] GC(30) - age  11:      22192 bytes,    1999512 total
[2025-05-26T05:02:41.958+0000][75][trace][gc,age      ] GC(30) - age  12:      37440 bytes,    2036952 total
[2025-05-26T05:02:41.958+0000][75][trace][gc,age      ] GC(30) - age  13:      77912 bytes,    2114864 total
[2025-05-26T05:02:41.959+0000][75][trace][gc,age      ] GC(30) - age  14:     606792 bytes,    2721656 total
[2025-05-26T05:02:41.959+0000][75][trace][gc,age      ] GC(30) - age  15:    1130112 bytes,    3851768 total
[2025-05-26T05:02:41.959+0000][75][info ][gc,heap     ] GC(30) Eden regions: 47->0(130)
[2025-05-26T05:02:41.960+0000][75][info ][gc,heap     ] GC(30) Survivor regions: 1->2(6)
[2025-05-26T05:02:41.960+0000][75][info ][gc,heap     ] GC(30) Old regions: 26->26
[2025-05-26T05:02:41.960+0000][75][info ][gc,heap     ] GC(30) Humongous regions: 0->0
[2025-05-26T05:02:41.961+0000][75][info ][gc,metaspace] GC(30) Metaspace: 143213K(148672K)->143213K(148672K) NonClass: 124167K(127296K)->124167K(127296K) Class: 19046K(21376K)->19046K(21376K)
[2025-05-26T05:02:41.961+0000][75][info ][gc          ] GC(30) Pause Young (Normal) (G1 Evacuation Pause) 293M->105M(3880M) 40.846ms
[2025-05-26T05:02:41.962+0000][75][info ][gc,cpu      ] GC(30) User=0.21s Sys=0.00s Real=0.05s
[2025-05-26T05:02:41.962+0000][75][info ][safepoint   ] Safepoint "G1CollectForAllocation", Time since last: 35466908374 ns, Reaching safepoint: 62999 ns, Cleanup: 6726 ns, At safepoint: 42993027 ns, Total: 43062752 ns
[2025-05-26T05:02:53.961+0000][75][info ][safepoint   ] Safepoint "Cleanup", Time since last: 12001894556 ns, Reaching safepoint: 55477 ns, Cleanup: 16313 ns, At safepoint: 10692 ns, Total: 82482 ns
[2025-05-26T05:03:18.534+0000][75][info ][safepoint   ] Safepoint "Cleanup", Time since last: 24573265134 ns, Reaching safepoint: 16230 ns, Cleanup: 103731 ns, At safepoint: 88184 ns, Total: 208145 ns
[2025-05-26T05:03:41.149+0000][75][info ][safepoint   ] Safepoint "Cleanup", Time since last: 22617194100 ns, Reaching safepoint: 6442 ns, Cleanup: 32391 ns, At safepoint: 23069 ns, Total: 61902 ns
[2025-05-26T05:04:08.490+0000][75][info ][safepoint   ] Safepoint "Cleanup", Time since last: 27343838150 ns, Reaching safepoint: 41693 ns, Cleanup: 14521 ns, At safepoint: 9097 ns, Total: 65311 ns
[2025-05-26T05:04:11.959+0000][75][info ][safepoint   ] Safepoint "Cleanup", Time since last: 3468459948 ns, Reaching safepoint: 15904 ns, Cleanup: 21052 ns, At safepoint: 77883 ns, Total: 114839 ns
[2025-05-26T05:04:30.598+0000][75][info ][safepoint   ] Safepoint "Cleanup", Time since last: 18642083385 ns, Reaching safepoint: 61868 ns, Cleanup: 17169 ns, At safepoint: 10149 ns, Total: 89186 ns
[2025-05-26T05:04:31.629+0000][75][info ][safepoint   ] Safepoint "Cleanup", Time since last: 1030269124 ns, Reaching safepoint: 29657 ns, Cleanup: 19203 ns, At safepoint: 16441 ns, Total: 65301 ns
[2025-05-26T05:05:14.930+0000][75][info ][safepoint   ] Safepoint "Cleanup", Time since last: 43306397656 ns, Reaching safepoint: 6107 ns, Cleanup: 8092 ns, At safepoint: 11718 ns, Total: 25917 ns
[2025-05-26T05:05:16.628+0000][75][info ][safepoint   ] Safepoint "Cleanup", Time since last: 1697315766 ns, Reaching safepoint: 29216 ns, Cleanup: 35096 ns, At safepoint: 19635 ns, Total: 83947 ns
[2025-05-26T05:05:59.012+0000][75][info ][safepoint   ] Safepoint "Cleanup", Time since last: 42387862050 ns, Reaching safepoint: 724641 ns, Cleanup: 79395 ns, At safepoint: 77039 ns, Total: 881075 ns
[2025-05-26T05:06:00.026+0000][75][info ][safepoint   ] Safepoint "Cleanup", Time since last: 1013680011 ns, Reaching safepoint: 75192 ns, Cleanup: 33650 ns, At safepoint: 32457 ns, Total: 141299 ns
[2025-05-26T05:06:04.038+0000][75][info ][safepoint   ] Safepoint "Cleanup", Time since last: 4011547270 ns, Reaching safepoint: 23496 ns, Cleanup: 59592 ns, At safepoint: 11257 ns, Total: 94345 ns
[2025-05-26T05:06:05.983+0000][75][info ][safepoint   ] Safepoint "Cleanup", Time since last: 1945381805 ns, Reaching safepoint: 7548 ns, Cleanup: 50797 ns, At safepoint: 10818 ns, Total: 69163 ns
[2025-05-26T05:06:06.465+0000][75][info ][gc,heap,exit] Heap
[2025-05-26T05:06:06.465+0000][75][info ][gc,heap,exit]  garbage-first heap   total reserved 3973120K, committed 3973120K, used 288651K [0x000000070d800000, 0x0000000800000000)
[2025-05-26T05:06:06.466+0000][75][info ][gc,heap,exit]   region size 4096K, 46 young (188416K), 2 survivors (8192K)
[2025-05-26T05:06:06.466+0000][75][info ][gc,heap,exit]  Metaspace       used 143639K, committed 148672K, reserved 1179648K
[2025-05-26T05:06:06.466+0000][75][info ][gc,heap,exit]   class space    used 19133K, committed 21376K, reserved 1048576K
