[2025-05-26T12:18:07.918+0000][72][info][gc,init] CardTable entry size: 512
[2025-05-26T12:18:07.919+0000][72][info][gc     ] Using G1
[2025-05-26T12:18:10.044+0000][72][info][gc,init] Version: 22+36-2370 (release)
[2025-05-26T12:18:10.047+0000][72][info][gc,init] CPUs: 12 total, 12 available
[2025-05-26T12:18:10.050+0000][72][info][gc,init] Memory: 7757M
[2025-05-26T12:18:10.050+0000][72][info][gc,init] Large Page Support: Disabled
[2025-05-26T12:18:10.051+0000][72][info][gc,init] NUMA Support: Disabled
[2025-05-26T12:18:10.055+0000][72][info][gc,init] Compressed Oops: Enabled (Zero based)
[2025-05-26T12:18:10.063+0000][72][info][gc,init] Heap Region Size: 4M
[2025-05-26T12:18:10.065+0000][72][info][gc,init] Heap Min Capacity: 3880M
[2025-05-26T12:18:10.067+0000][72][info][gc,init] Heap Initial Capacity: 3880M
[2025-05-26T12:18:10.068+0000][72][info][gc,init] Heap Max Capacity: 3880M
[2025-05-26T12:18:10.069+0000][72][info][gc,init] Pre-touch: Enabled
[2025-05-26T12:18:10.070+0000][72][info][gc,init] Parallel Workers: 10
[2025-05-26T12:18:10.070+0000][72][info][gc,init] Concurrent Workers: 3
[2025-05-26T12:18:10.070+0000][72][info][gc,init] Concurrent Refinement Workers: 10
[2025-05-26T12:18:10.071+0000][72][info][gc,init] Periodic GC: Disabled
[2025-05-26T12:18:10.145+0000][72][info][gc,metaspace] CDS archive(s) mapped at: [0x00007f0ede000000-0x00007f0edec74000-0x00007f0edec74000), size 13058048, SharedBaseAddress: 0x00007f0ede000000, ArchiveRelocationMode: 1.
[2025-05-26T12:18:10.146+0000][72][info][gc,metaspace] Compressed class space mapped at: 0x00007f0edf000000-0x00007f0f1f000000, reserved size: 1073741824
[2025-05-26T12:18:10.147+0000][72][info][gc,metaspace] Narrow klass base: 0x00007f0ede000000, Narrow klass shift: 0, Narrow klass range: 0x100000000
[2025-05-26T12:18:11.231+0000][72][info][safepoint   ] Safepoint "Cleanup", Time since last: 1063391052 ns, Reaching safepoint: 31561 ns, Cleanup: 116697 ns, At safepoint: 37769 ns, Total: 186027 ns
[2025-05-26T12:18:11.236+0000][72][info][safepoint   ] Safepoint "ICBufferFull", Time since last: 5526557 ns, Reaching safepoint: 5527 ns, Cleanup: 4842 ns, At safepoint: 6504 ns, Total: 16873 ns
[2025-05-26T12:18:12.180+0000][72][info][safepoint   ] Safepoint "ICBufferFull", Time since last: 939290611 ns, Reaching safepoint: 5059 ns, Cleanup: 141927 ns, At safepoint: 4185478 ns, Total: 4332464 ns
[2025-05-26T12:18:13.184+0000][72][info][safepoint   ] Safepoint "Cleanup", Time since last: 1003028025 ns, Reaching safepoint: 5873 ns, Cleanup: 348166 ns, At safepoint: 183782 ns, Total: 537821 ns
[2025-05-26T12:18:14.207+0000][72][info][safepoint   ] Safepoint "Cleanup", Time since last: 1022793257 ns, Reaching safepoint: 137218 ns, Cleanup: 151591 ns, At safepoint: 114345 ns, Total: 403154 ns
[2025-05-26T12:18:15.660+0000][72][info][safepoint   ] Safepoint "ICBufferFull", Time since last: 1453406329 ns, Reaching safepoint: 7256 ns, Cleanup: 234407 ns, At safepoint: 14935 ns, Total: 256598 ns
[2025-05-26T12:18:16.662+0000][72][info][safepoint   ] Safepoint "Cleanup", Time since last: 1000967125 ns, Reaching safepoint: 9179 ns, Cleanup: 129270 ns, At safepoint: 12914 ns, Total: 151363 ns
[2025-05-26T12:18:17.024+0000][72][info][gc,start    ] GC(0) Pause Young (Concurrent Start) (Metadata GC Threshold)
[2025-05-26T12:18:17.027+0000][72][info][gc,task     ] GC(0) Using 10 workers of 10 for evacuation
[2025-05-26T12:18:17.028+0000][72][debug][gc,age      ] GC(0) Desired survivor size 12582912 bytes, new threshold 15 (max threshold 15)
[2025-05-26T12:18:17.061+0000][72][info ][gc,phases   ] GC(0)   Pre Evacuate Collection Set: 2.05ms
[2025-05-26T12:18:17.062+0000][72][info ][gc,phases   ] GC(0)   Merge Heap Roots: 9.80ms
[2025-05-26T12:18:17.063+0000][72][info ][gc,phases   ] GC(0)   Evacuate Collection Set: 9.71ms
[2025-05-26T12:18:17.063+0000][72][info ][gc,phases   ] GC(0)   Post Evacuate Collection Set: 7.78ms
[2025-05-26T12:18:17.063+0000][72][info ][gc,phases   ] GC(0)   Other: 4.21ms
[2025-05-26T12:18:17.063+0000][72][trace][gc,age      ] GC(0) Age table with threshold 15 (max threshold 15)
[2025-05-26T12:18:17.064+0000][72][trace][gc,age      ] GC(0) - age   1:   10033568 bytes,   10033568 total
[2025-05-26T12:18:17.065+0000][72][info ][gc,heap     ] GC(0) Eden regions: 44->0(45)
[2025-05-26T12:18:17.065+0000][72][info ][gc,heap     ] GC(0) Survivor regions: 0->3(6)
[2025-05-26T12:18:17.066+0000][72][info ][gc,heap     ] GC(0) Old regions: 1->1
[2025-05-26T12:18:17.066+0000][72][info ][gc,heap     ] GC(0) Humongous regions: 0->0
[2025-05-26T12:18:17.066+0000][72][info ][gc,metaspace] GC(0) Metaspace: 20984K(21504K)->20984K(21504K) NonClass: 18608K(18880K)->18608K(18880K) Class: 2375K(2624K)->2375K(2624K)
[2025-05-26T12:18:17.067+0000][72][info ][gc          ] GC(0) Pause Young (Concurrent Start) (Metadata GC Threshold) 175M->11M(3880M) 42.794ms
[2025-05-26T12:18:17.067+0000][72][info ][gc,cpu      ] GC(0) User=0.05s Sys=0.05s Real=0.04s
[2025-05-26T12:18:17.067+0000][72][info ][gc          ] GC(1) Concurrent Mark Cycle
[2025-05-26T12:18:17.068+0000][72][info ][gc,marking  ] GC(1) Concurrent Scan Root Regions
[2025-05-26T12:18:17.068+0000][72][info ][safepoint   ] Safepoint "CollectForMetadataAllocation", Time since last: 362004270 ns, Reaching safepoint: 5501 ns, Cleanup: 67329 ns, At safepoint: 44123897 ns, Total: 44196727 ns
[2025-05-26T12:18:17.075+0000][72][info ][gc,marking  ] GC(1) Concurrent Scan Root Regions 7.097ms
[2025-05-26T12:18:17.079+0000][72][info ][gc,marking  ] GC(1) Concurrent Mark
[2025-05-26T12:18:17.082+0000][72][info ][gc,marking  ] GC(1) Concurrent Mark From Roots
[2025-05-26T12:18:17.083+0000][72][info ][gc,task     ] GC(1) Using 3 workers of 3 for marking
[2025-05-26T12:18:17.086+0000][72][info ][gc,marking  ] GC(1) Concurrent Mark From Roots 4.191ms
[2025-05-26T12:18:17.088+0000][72][info ][gc,marking  ] GC(1) Concurrent Preclean
[2025-05-26T12:18:17.091+0000][72][info ][gc,marking  ] GC(1) Concurrent Preclean 2.810ms
[2025-05-26T12:18:17.094+0000][72][info ][gc,start    ] GC(1) Pause Remark
[2025-05-26T12:18:17.100+0000][72][info ][gc          ] GC(1) Pause Remark 15M->15M(3880M) 5.200ms
[2025-05-26T12:18:17.100+0000][72][info ][gc,cpu      ] GC(1) User=0.01s Sys=0.01s Real=0.00s
[2025-05-26T12:18:17.101+0000][72][info ][safepoint   ] Safepoint "G1PauseRemark", Time since last: 25895616 ns, Reaching safepoint: 5886 ns, Cleanup: 22898 ns, At safepoint: 7064120 ns, Total: 7092904 ns
[2025-05-26T12:18:17.101+0000][72][info ][gc,marking  ] GC(1) Concurrent Mark 22.588ms
[2025-05-26T12:18:17.102+0000][72][info ][gc,marking  ] GC(1) Concurrent Rebuild Remembered Sets and Scrub Regions
[2025-05-26T12:18:17.103+0000][72][info ][gc,marking  ] GC(1) Concurrent Rebuild Remembered Sets and Scrub Regions 1.176ms
[2025-05-26T12:18:17.104+0000][72][info ][gc,start    ] GC(1) Pause Cleanup
[2025-05-26T12:18:17.106+0000][72][info ][gc          ] GC(1) Pause Cleanup 15M->15M(3880M) 1.311ms
[2025-05-26T12:18:17.106+0000][72][info ][gc,cpu      ] GC(1) User=0.00s Sys=0.00s Real=0.00s
[2025-05-26T12:18:17.106+0000][72][info ][safepoint   ] Safepoint "G1PauseCleanup", Time since last: 3458556 ns, Reaching safepoint: 5747 ns, Cleanup: 18529 ns, At safepoint: 2196780 ns, Total: 2221056 ns
[2025-05-26T12:18:17.108+0000][72][info ][gc,marking  ] GC(1) Concurrent Clear Claimed Marks
[2025-05-26T12:18:17.108+0000][72][info ][gc,marking  ] GC(1) Concurrent Clear Claimed Marks 0.422ms
[2025-05-26T12:18:17.109+0000][72][info ][gc,marking  ] GC(1) Concurrent Cleanup for Next Mark
[2025-05-26T12:18:17.114+0000][72][info ][gc,marking  ] GC(1) Concurrent Cleanup for Next Mark 5.685ms
[2025-05-26T12:18:17.117+0000][72][info ][gc          ] GC(1) Concurrent Mark Cycle 49.497ms
[2025-05-26T12:18:18.534+0000][72][info ][safepoint   ] Safepoint "Cleanup", Time since last: 1427387659 ns, Reaching safepoint: 269381 ns, Cleanup: 109934 ns, At safepoint: 38353 ns, Total: 417668 ns
[2025-05-26T12:18:19.061+0000][72][info ][gc,start    ] GC(2) Pause Young (Prepare Mixed) (G1 Evacuation Pause)
[2025-05-26T12:18:19.065+0000][72][info ][gc,task     ] GC(2) Using 10 workers of 10 for evacuation
[2025-05-26T12:18:19.065+0000][72][debug][gc,age      ] GC(2) Desired survivor size 12582912 bytes, new threshold 15 (max threshold 15)
[2025-05-26T12:18:19.093+0000][72][info ][gc,phases   ] GC(2)   Pre Evacuate Collection Set: 0.89ms
[2025-05-26T12:18:19.094+0000][72][info ][gc,phases   ] GC(2)   Merge Heap Roots: 0.23ms
[2025-05-26T12:18:19.094+0000][72][info ][gc,phases   ] GC(2)   Evacuate Collection Set: 15.33ms
[2025-05-26T12:18:19.095+0000][72][info ][gc,phases   ] GC(2)   Post Evacuate Collection Set: 7.78ms
[2025-05-26T12:18:19.095+0000][72][info ][gc,phases   ] GC(2)   Other: 3.91ms
[2025-05-26T12:18:19.095+0000][72][trace][gc,age      ] GC(2) Age table with threshold 15 (max threshold 15)
[2025-05-26T12:18:19.096+0000][72][trace][gc,age      ] GC(2) - age   1:    4461832 bytes,    4461832 total
[2025-05-26T12:18:19.096+0000][72][trace][gc,age      ] GC(2) - age   2:    9123192 bytes,   13585024 total
[2025-05-26T12:18:19.097+0000][72][info ][gc,heap     ] GC(2) Eden regions: 45->0(44)
[2025-05-26T12:18:19.097+0000][72][info ][gc,heap     ] GC(2) Survivor regions: 3->4(6)
[2025-05-26T12:18:19.097+0000][72][info ][gc,heap     ] GC(2) Old regions: 1->1
[2025-05-26T12:18:19.098+0000][72][info ][gc,heap     ] GC(2) Humongous regions: 0->0
[2025-05-26T12:18:19.098+0000][72][info ][gc,metaspace] GC(2) Metaspace: 27590K(28160K)->27590K(28160K) NonClass: 24475K(24768K)->24475K(24768K) Class: 3115K(3392K)->3115K(3392K)
[2025-05-26T12:18:19.099+0000][72][info ][gc          ] GC(2) Pause Young (Prepare Mixed) (G1 Evacuation Pause) 191M->15M(3880M) 37.666ms
[2025-05-26T12:18:19.099+0000][72][info ][gc,cpu      ] GC(2) User=0.11s Sys=0.01s Real=0.04s
[2025-05-26T12:18:19.100+0000][72][info ][safepoint   ] Safepoint "G1CollectForAllocation", Time since last: 526792873 ns, Reaching safepoint: 12206 ns, Cleanup: 71924 ns, At safepoint: 38612161 ns, Total: 38696291 ns
[2025-05-26T12:18:20.068+0000][72][info ][safepoint   ] Safepoint "ICBufferFull", Time since last: 967505678 ns, Reaching safepoint: 155206 ns, Cleanup: 157016 ns, At safepoint: 78843 ns, Total: 391065 ns
[2025-05-26T12:18:20.150+0000][72][info ][gc,start    ] GC(3) Pause Young (Mixed) (G1 Evacuation Pause)
[2025-05-26T12:18:20.151+0000][72][info ][gc,task     ] GC(3) Using 10 workers of 10 for evacuation
[2025-05-26T12:18:20.151+0000][72][debug][gc,age      ] GC(3) Desired survivor size 12582912 bytes, new threshold 2 (max threshold 15)
[2025-05-26T12:18:20.175+0000][72][info ][gc,phases   ] GC(3)   Pre Evacuate Collection Set: 0.48ms
[2025-05-26T12:18:20.177+0000][72][info ][gc,phases   ] GC(3)   Merge Heap Roots: 0.16ms
[2025-05-26T12:18:20.177+0000][72][info ][gc,phases   ] GC(3)   Evacuate Collection Set: 19.93ms
[2025-05-26T12:18:20.177+0000][72][info ][gc,phases   ] GC(3)   Post Evacuate Collection Set: 2.60ms
[2025-05-26T12:18:20.178+0000][72][info ][gc,phases   ] GC(3)   Other: 0.94ms
[2025-05-26T12:18:20.178+0000][72][trace][gc,age      ] GC(3) Age table with threshold 2 (max threshold 15)
[2025-05-26T12:18:20.179+0000][72][trace][gc,age      ] GC(3) - age   1:    4510024 bytes,    4510024 total
[2025-05-26T12:18:20.179+0000][72][trace][gc,age      ] GC(3) - age   2:    4448632 bytes,    8958656 total
[2025-05-26T12:18:20.179+0000][72][info ][gc,heap     ] GC(3) Eden regions: 44->0(56)
[2025-05-26T12:18:20.181+0000][72][info ][gc,heap     ] GC(3) Survivor regions: 4->3(6)
[2025-05-26T12:18:20.182+0000][72][info ][gc,heap     ] GC(3) Old regions: 1->3
[2025-05-26T12:18:20.182+0000][72][info ][gc,heap     ] GC(3) Humongous regions: 0->0
[2025-05-26T12:18:20.183+0000][72][info ][gc,metaspace] GC(3) Metaspace: 29280K(30016K)->29280K(30016K) NonClass: 25862K(26304K)->25862K(26304K) Class: 3417K(3712K)->3417K(3712K)
[2025-05-26T12:18:20.184+0000][72][info ][gc          ] GC(3) Pause Young (Mixed) (G1 Evacuation Pause) 191M->20M(3880M) 33.674ms
[2025-05-26T12:18:20.184+0000][72][info ][gc,cpu      ] GC(3) User=0.15s Sys=0.00s Real=0.04s
[2025-05-26T12:18:20.185+0000][72][info ][safepoint   ] Safepoint "G1CollectForAllocation", Time since last: 82558212 ns, Reaching safepoint: 6452 ns, Cleanup: 29448 ns, At safepoint: 34459244 ns, Total: 34495144 ns
[2025-05-26T12:18:20.921+0000][72][info ][gc,start    ] GC(4) Pause Young (Normal) (G1 Evacuation Pause)
[2025-05-26T12:18:20.921+0000][72][info ][gc,task     ] GC(4) Using 10 workers of 10 for evacuation
[2025-05-26T12:18:20.922+0000][72][debug][gc,age      ] GC(4) Desired survivor size 16777216 bytes, new threshold 15 (max threshold 15)
[2025-05-26T12:18:20.927+0000][72][info ][gc,phases   ] GC(4)   Pre Evacuate Collection Set: 0.45ms
[2025-05-26T12:18:20.928+0000][72][info ][gc,phases   ] GC(4)   Merge Heap Roots: 0.19ms
[2025-05-26T12:18:20.928+0000][72][info ][gc,phases   ] GC(4)   Evacuate Collection Set: 3.47ms
[2025-05-26T12:18:20.929+0000][72][info ][gc,phases   ] GC(4)   Post Evacuate Collection Set: 0.84ms
[2025-05-26T12:18:20.929+0000][72][info ][gc,phases   ] GC(4)   Other: 0.98ms
[2025-05-26T12:18:20.929+0000][72][trace][gc,age      ] GC(4) Age table with threshold 15 (max threshold 15)
[2025-05-26T12:18:20.930+0000][72][trace][gc,age      ] GC(4) - age   1:    2934752 bytes,    2934752 total
[2025-05-26T12:18:20.930+0000][72][trace][gc,age      ] GC(4) - age   2:    4205816 bytes,    7140568 total
[2025-05-26T12:18:20.931+0000][72][trace][gc,age      ] GC(4) - age   3:    4447640 bytes,   11588208 total
[2025-05-26T12:18:20.931+0000][72][info ][gc,heap     ] GC(4) Eden regions: 56->0(578)
[2025-05-26T12:18:20.931+0000][72][info ][gc,heap     ] GC(4) Survivor regions: 3->4(8)
[2025-05-26T12:18:20.932+0000][72][info ][gc,heap     ] GC(4) Old regions: 3->3
[2025-05-26T12:18:20.932+0000][72][info ][gc,heap     ] GC(4) Humongous regions: 0->0
[2025-05-26T12:18:20.933+0000][72][info ][gc,metaspace] GC(4) Metaspace: 29814K(30528K)->29814K(30528K) NonClass: 26329K(26752K)->26329K(26752K) Class: 3485K(3776K)->3485K(3776K)
[2025-05-26T12:18:20.933+0000][72][info ][gc          ] GC(4) Pause Young (Normal) (G1 Evacuation Pause) 244M->22M(3880M) 12.325ms
[2025-05-26T12:18:20.934+0000][72][info ][gc,cpu      ] GC(4) User=0.02s Sys=0.02s Real=0.02s
[2025-05-26T12:18:20.934+0000][72][info ][safepoint   ] Safepoint "G1CollectForAllocation", Time since last: 736005610 ns, Reaching safepoint: 5360 ns, Cleanup: 119556 ns, At safepoint: 13187676 ns, Total: 13312592 ns
[2025-05-26T12:18:21.964+0000][72][info ][safepoint   ] Safepoint "ICBufferFull", Time since last: 1029931905 ns, Reaching safepoint: 4915 ns, Cleanup: 139130 ns, At safepoint: 294711 ns, Total: 438756 ns
[2025-05-26T12:18:22.329+0000][72][info ][gc,start    ] GC(5) Pause Young (Concurrent Start) (Metadata GC Threshold)
[2025-05-26T12:18:22.330+0000][72][info ][gc,task     ] GC(5) Using 10 workers of 10 for evacuation
[2025-05-26T12:18:22.330+0000][72][debug][gc,age      ] GC(5) Desired survivor size 153092096 bytes, new threshold 15 (max threshold 15)
[2025-05-26T12:18:22.337+0000][72][info ][gc,phases   ] GC(5)   Pre Evacuate Collection Set: 0.48ms
[2025-05-26T12:18:22.340+0000][72][info ][gc,phases   ] GC(5)   Merge Heap Roots: 0.18ms
[2025-05-26T12:18:22.341+0000][72][info ][gc,phases   ] GC(5)   Evacuate Collection Set: 4.46ms
[2025-05-26T12:18:22.341+0000][72][info ][gc,phases   ] GC(5)   Post Evacuate Collection Set: 0.88ms
[2025-05-26T12:18:22.342+0000][72][info ][gc,phases   ] GC(5)   Other: 1.04ms
[2025-05-26T12:18:22.342+0000][72][trace][gc,age      ] GC(5) Age table with threshold 15 (max threshold 15)
[2025-05-26T12:18:22.343+0000][72][trace][gc,age      ] GC(5) - age   1:    4192800 bytes,    4192800 total
[2025-05-26T12:18:22.343+0000][72][trace][gc,age      ] GC(5) - age   2:    2487000 bytes,    6679800 total
[2025-05-26T12:18:22.344+0000][72][trace][gc,age      ] GC(5) - age   3:    4201720 bytes,   10881520 total
[2025-05-26T12:18:22.345+0000][72][trace][gc,age      ] GC(5) - age   4:    4446488 bytes,   15328008 total
[2025-05-26T12:18:22.346+0000][72][info ][gc,heap     ] GC(5) Eden regions: 46->0(577)
[2025-05-26T12:18:22.346+0000][72][info ][gc,heap     ] GC(5) Survivor regions: 4->5(73)
[2025-05-26T12:18:22.346+0000][72][info ][gc,heap     ] GC(5) Old regions: 3->3
[2025-05-26T12:18:22.347+0000][72][info ][gc,heap     ] GC(5) Humongous regions: 0->0
[2025-05-26T12:18:22.348+0000][72][info ][gc,metaspace] GC(5) Metaspace: 35180K(35968K)->35180K(35968K) NonClass: 31094K(31552K)->31094K(31552K) Class: 4086K(4416K)->4086K(4416K)
[2025-05-26T12:18:22.349+0000][72][info ][gc          ] GC(5) Pause Young (Concurrent Start) (Metadata GC Threshold) 204M->26M(3880M) 19.400ms
[2025-05-26T12:18:22.350+0000][72][info ][gc          ] GC(6) Concurrent Mark Cycle
[2025-05-26T12:18:22.350+0000][72][info ][gc,marking  ] GC(6) Concurrent Scan Root Regions
[2025-05-26T12:18:22.350+0000][72][info ][gc,cpu      ] GC(5) User=0.03s Sys=0.00s Real=0.02s
[2025-05-26T12:18:22.354+0000][72][info ][safepoint   ] Safepoint "CollectForMetadataAllocation", Time since last: 364797187 ns, Reaching safepoint: 5660 ns, Cleanup: 47464 ns, At safepoint: 24851078 ns, Total: 24904202 ns
[2025-05-26T12:18:22.355+0000][72][info ][gc,marking  ] GC(6) Concurrent Scan Root Regions 4.998ms
[2025-05-26T12:18:22.356+0000][72][info ][gc,marking  ] GC(6) Concurrent Mark
[2025-05-26T12:18:22.357+0000][72][info ][gc,marking  ] GC(6) Concurrent Mark From Roots
[2025-05-26T12:18:22.357+0000][72][info ][gc,task     ] GC(6) Using 3 workers of 3 for marking
[2025-05-26T12:18:22.363+0000][72][info ][gc,marking  ] GC(6) Concurrent Mark From Roots 6.665ms
[2025-05-26T12:18:22.364+0000][72][info ][gc,marking  ] GC(6) Concurrent Preclean
[2025-05-26T12:18:22.369+0000][72][info ][gc,marking  ] GC(6) Concurrent Preclean 4.475ms
[2025-05-26T12:18:22.370+0000][72][info ][gc,start    ] GC(6) Pause Remark
[2025-05-26T12:18:22.378+0000][72][info ][gc          ] GC(6) Pause Remark 30M->30M(3880M) 8.726ms
[2025-05-26T12:18:22.379+0000][72][info ][gc,cpu      ] GC(6) User=0.03s Sys=0.00s Real=0.01s
[2025-05-26T12:18:22.380+0000][72][info ][safepoint   ] Safepoint "G1PauseRemark", Time since last: 15579001 ns, Reaching safepoint: 4756 ns, Cleanup: 17819 ns, At safepoint: 9905411 ns, Total: 9927986 ns
[2025-05-26T12:18:22.381+0000][72][info ][gc,marking  ] GC(6) Concurrent Mark 25.446ms
[2025-05-26T12:18:22.382+0000][72][info ][gc,marking  ] GC(6) Concurrent Rebuild Remembered Sets and Scrub Regions
[2025-05-26T12:18:22.389+0000][72][info ][gc,marking  ] GC(6) Concurrent Rebuild Remembered Sets and Scrub Regions 6.546ms
[2025-05-26T12:18:22.391+0000][72][info ][gc,start    ] GC(6) Pause Cleanup
[2025-05-26T12:18:22.392+0000][72][info ][gc          ] GC(6) Pause Cleanup 30M->30M(3880M) 0.673ms
[2025-05-26T12:18:22.392+0000][72][info ][gc,cpu      ] GC(6) User=0.01s Sys=0.00s Real=0.00s
[2025-05-26T12:18:22.394+0000][72][info ][safepoint   ] Safepoint "G1PauseCleanup", Time since last: 11486331 ns, Reaching safepoint: 106477 ns, Cleanup: 10669 ns, At safepoint: 2384468 ns, Total: 2501614 ns
[2025-05-26T12:18:22.399+0000][72][info ][gc,marking  ] GC(6) Concurrent Clear Claimed Marks
[2025-05-26T12:18:22.404+0000][72][info ][gc,marking  ] GC(6) Concurrent Clear Claimed Marks 5.218ms
[2025-05-26T12:18:22.407+0000][72][info ][gc,marking  ] GC(6) Concurrent Cleanup for Next Mark
[2025-05-26T12:18:22.420+0000][72][info ][gc,marking  ] GC(6) Concurrent Cleanup for Next Mark 12.227ms
[2025-05-26T12:18:22.423+0000][72][info ][gc          ] GC(6) Concurrent Mark Cycle 73.767ms
[2025-05-26T12:18:23.397+0000][72][info ][safepoint   ] Safepoint "Cleanup", Time since last: 1001903446 ns, Reaching safepoint: 1025453 ns, Cleanup: 128491 ns, At safepoint: 34359 ns, Total: 1188303 ns
[2025-05-26T12:18:24.401+0000][72][info ][safepoint   ] Safepoint "Cleanup", Time since last: 1003737617 ns, Reaching safepoint: 92516 ns, Cleanup: 67734 ns, At safepoint: 31579 ns, Total: 191829 ns
[2025-05-26T12:18:25.405+0000][72][info ][safepoint   ] Safepoint "Cleanup", Time since last: 1003662569 ns, Reaching safepoint: 195181 ns, Cleanup: 117875 ns, At safepoint: 36417 ns, Total: 349473 ns
[2025-05-26T12:18:26.405+0000][72][info ][safepoint   ] Safepoint "Cleanup", Time since last: 1000568410 ns, Reaching safepoint: 8364 ns, Cleanup: 138013 ns, At safepoint: 9803 ns, Total: 156180 ns
[2025-05-26T12:18:27.410+0000][72][info ][safepoint   ] Safepoint "ICBufferFull", Time since last: 1007745751 ns, Reaching safepoint: 5102 ns, Cleanup: 132591 ns, At safepoint: 20129 ns, Total: 157822 ns
[2025-05-26T12:18:28.808+0000][72][info ][safepoint   ] Safepoint "Cleanup", Time since last: 1397491308 ns, Reaching safepoint: 108174 ns, Cleanup: 70183 ns, At safepoint: 24145 ns, Total: 202502 ns
[2025-05-26T12:18:28.942+0000][72][info ][gc,start    ] GC(7) Pause Young (Concurrent Start) (Metadata GC Threshold)
[2025-05-26T12:18:28.954+0000][72][info ][gc,task     ] GC(7) Using 10 workers of 10 for evacuation
[2025-05-26T12:18:28.968+0000][72][debug][gc,age      ] GC(7) Desired survivor size 153092096 bytes, new threshold 15 (max threshold 15)
[2025-05-26T12:18:29.014+0000][72][info ][gc,phases   ] GC(7)   Pre Evacuate Collection Set: 0.65ms
[2025-05-26T12:18:29.027+0000][72][info ][gc,phases   ] GC(7)   Merge Heap Roots: 0.18ms
[2025-05-26T12:18:29.035+0000][72][info ][gc,phases   ] GC(7)   Evacuate Collection Set: 27.76ms
[2025-05-26T12:18:29.045+0000][72][info ][gc,phases   ] GC(7)   Post Evacuate Collection Set: 2.42ms
[2025-05-26T12:18:29.060+0000][72][info ][gc,phases   ] GC(7)   Other: 29.29ms
[2025-05-26T12:18:29.081+0000][72][trace][gc,age      ] GC(7) Age table with threshold 15 (max threshold 15)
[2025-05-26T12:18:29.099+0000][72][trace][gc,age      ] GC(7) - age   1:   14978200 bytes,   14978200 total
[2025-05-26T12:18:29.114+0000][72][trace][gc,age      ] GC(7) - age   2:    4156608 bytes,   19134808 total
[2025-05-26T12:18:29.127+0000][72][trace][gc,age      ] GC(7) - age   3:    2481152 bytes,   21615960 total
[2025-05-26T12:18:29.136+0000][72][trace][gc,age      ] GC(7) - age   4:    4185360 bytes,   25801320 total
[2025-05-26T12:18:29.154+0000][72][trace][gc,age      ] GC(7) - age   5:    4431200 bytes,   30232520 total
[2025-05-26T12:18:29.165+0000][72][info ][gc,heap     ] GC(7) Eden regions: 226->0(275)
[2025-05-26T12:18:29.174+0000][72][info ][gc,heap     ] GC(7) Survivor regions: 5->8(73)
[2025-05-26T12:18:29.188+0000][72][info ][gc,heap     ] GC(7) Old regions: 3->3
[2025-05-26T12:18:29.198+0000][72][info ][gc,heap     ] GC(7) Humongous regions: 0->0
[2025-05-26T12:18:29.211+0000][72][info ][gc,metaspace] GC(7) Metaspace: 58882K(60096K)->58882K(60096K) NonClass: 51456K(52160K)->51456K(52160K) Class: 7425K(7936K)->7425K(7936K)
[2025-05-26T12:18:29.225+0000][72][info ][gc          ] GC(7) Pause Young (Concurrent Start) (Metadata GC Threshold) 928M->41M(3880M) 282.785ms
[2025-05-26T12:18:29.237+0000][72][info ][gc,cpu      ] GC(7) User=0.18s Sys=0.02s Real=0.29s
[2025-05-26T12:18:29.237+0000][72][info ][gc          ] GC(8) Concurrent Mark Cycle
[2025-05-26T12:18:29.244+0000][72][info ][safepoint   ] Safepoint "CollectForMetadataAllocation", Time since last: 134305818 ns, Reaching safepoint: 6093 ns, Cleanup: 5941 ns, At safepoint: 302619853 ns, Total: 302631887 ns
[2025-05-26T12:18:29.253+0000][72][info ][gc,marking  ] GC(8) Concurrent Scan Root Regions
[2025-05-26T12:18:29.282+0000][72][info ][gc,marking  ] GC(8) Concurrent Scan Root Regions 28.981ms
[2025-05-26T12:18:29.292+0000][72][info ][gc,marking  ] GC(8) Concurrent Mark
[2025-05-26T12:18:29.305+0000][72][info ][gc,marking  ] GC(8) Concurrent Mark From Roots
[2025-05-26T12:18:29.307+0000][72][info ][safepoint   ] Safepoint "CollectForMetadataAllocation", Time since last: 62230834 ns, Reaching safepoint: 4919 ns, Cleanup: 16695 ns, At safepoint: 61022 ns, Total: 82636 ns
[2025-05-26T12:18:29.319+0000][72][info ][gc,task     ] GC(8) Using 3 workers of 3 for marking
[2025-05-26T12:18:29.349+0000][72][info ][gc,marking  ] GC(8) Concurrent Mark From Roots 43.709ms
[2025-05-26T12:18:29.363+0000][72][info ][gc,marking  ] GC(8) Concurrent Preclean
[2025-05-26T12:18:29.376+0000][72][info ][gc,marking  ] GC(8) Concurrent Preclean 12.310ms
[2025-05-26T12:18:29.381+0000][72][info ][safepoint   ] Safepoint "CollectForMetadataAllocation", Time since last: 74240314 ns, Reaching safepoint: 4583 ns, Cleanup: 14575 ns, At safepoint: 74442 ns, Total: 93600 ns
[2025-05-26T12:18:29.405+0000][72][info ][gc,start    ] GC(8) Pause Remark
[2025-05-26T12:18:29.426+0000][72][info ][gc          ] GC(8) Pause Remark 49M->49M(3880M) 20.771ms
[2025-05-26T12:18:29.440+0000][72][info ][gc,cpu      ] GC(8) User=0.01s Sys=0.01s Real=0.04s
[2025-05-26T12:18:29.449+0000][72][info ][safepoint   ] Safepoint "G1PauseRemark", Time since last: 24175058 ns, Reaching safepoint: 94288 ns, Cleanup: 4547 ns, At safepoint: 43753673 ns, Total: 43852508 ns
[2025-05-26T12:18:29.464+0000][72][info ][gc,marking  ] GC(8) Concurrent Mark 171.898ms
[2025-05-26T12:18:29.474+0000][72][info ][gc,marking  ] GC(8) Concurrent Rebuild Remembered Sets and Scrub Regions
[2025-05-26T12:18:29.489+0000][72][info ][gc,marking  ] GC(8) Concurrent Rebuild Remembered Sets and Scrub Regions 15.112ms
[2025-05-26T12:18:29.503+0000][72][info ][gc,start    ] GC(8) Pause Cleanup
[2025-05-26T12:18:29.513+0000][72][info ][gc          ] GC(8) Pause Cleanup 51M->51M(3880M) 9.996ms
[2025-05-26T12:18:29.525+0000][72][info ][gc,cpu      ] GC(8) User=0.00s Sys=0.01s Real=0.02s
[2025-05-26T12:18:29.533+0000][72][info ][safepoint   ] Safepoint "G1PauseCleanup", Time since last: 53746850 ns, Reaching safepoint: 144077 ns, Cleanup: 23087 ns, At safepoint: 30209285 ns, Total: 30376449 ns
[2025-05-26T12:18:29.544+0000][72][info ][gc,marking  ] GC(8) Concurrent Clear Claimed Marks
[2025-05-26T12:18:29.555+0000][72][info ][gc,marking  ] GC(8) Concurrent Clear Claimed Marks 11.170ms
[2025-05-26T12:18:29.562+0000][72][info ][gc,marking  ] GC(8) Concurrent Cleanup for Next Mark
[2025-05-26T12:18:29.576+0000][72][info ][gc,marking  ] GC(8) Concurrent Cleanup for Next Mark 13.440ms
[2025-05-26T12:18:29.587+0000][72][info ][gc          ] GC(8) Concurrent Mark Cycle 349.806ms
[2025-05-26T12:18:31.295+0000][72][info ][safepoint   ] Safepoint "Cleanup", Time since last: 1758202511 ns, Reaching safepoint: 3345459 ns, Cleanup: 119560 ns, At safepoint: 59349 ns, Total: 3524368 ns
[2025-05-26T12:18:32.329+0000][72][info ][safepoint   ] Safepoint "Cleanup", Time since last: 1033726656 ns, Reaching safepoint: 113154 ns, Cleanup: 26710 ns, At safepoint: 33460 ns, Total: 173324 ns
[2025-05-26T12:18:33.348+0000][72][info ][safepoint   ] Safepoint "Cleanup", Time since last: 1018705766 ns, Reaching safepoint: 93038 ns, Cleanup: 25637 ns, At safepoint: 31053 ns, Total: 149728 ns
[2025-05-26T12:18:34.365+0000][72][info ][safepoint   ] Safepoint "Cleanup", Time since last: 1017285220 ns, Reaching safepoint: 4651 ns, Cleanup: 83362 ns, At safepoint: 3650 ns, Total: 91663 ns
[2025-05-26T12:18:35.372+0000][72][info ][safepoint   ] Safepoint "Cleanup", Time since last: 1007013061 ns, Reaching safepoint: 111444 ns, Cleanup: 97577 ns, At safepoint: 36622 ns, Total: 245643 ns
[2025-05-26T12:18:36.388+0000][72][info ][safepoint   ] Safepoint "Cleanup", Time since last: 1015868178 ns, Reaching safepoint: 111935 ns, Cleanup: 17914 ns, At safepoint: 36463 ns, Total: 166312 ns
[2025-05-26T12:18:37.494+0000][72][info ][safepoint   ] Safepoint "Cleanup", Time since last: 1105455187 ns, Reaching safepoint: 6621 ns, Cleanup: 171394 ns, At safepoint: 35852 ns, Total: 213867 ns
[2025-05-26T12:18:38.543+0000][72][info ][safepoint   ] Safepoint "Cleanup", Time since last: 1048758439 ns, Reaching safepoint: 277441 ns, Cleanup: 88075 ns, At safepoint: 71766 ns, Total: 437282 ns
[2025-05-26T12:18:39.845+0000][72][info ][safepoint   ] Safepoint "Cleanup", Time since last: 1295852767 ns, Reaching safepoint: 5662384 ns, Cleanup: 137000 ns, At safepoint: 46267 ns, Total: 5845651 ns
[2025-05-26T12:18:41.010+0000][72][info ][safepoint   ] Safepoint "Cleanup", Time since last: 1165189486 ns, Reaching safepoint: 4632 ns, Cleanup: 32745 ns, At safepoint: 3983 ns, Total: 41360 ns
[2025-05-26T12:18:41.867+0000][72][info ][gc,start    ] GC(9) Pause Young (Concurrent Start) (Metadata GC Threshold)
[2025-05-26T12:18:41.868+0000][72][info ][gc,task     ] GC(9) Using 10 workers of 10 for evacuation
[2025-05-26T12:18:41.868+0000][72][debug][gc,age      ] GC(9) Desired survivor size 75497472 bytes, new threshold 15 (max threshold 15)
[2025-05-26T12:18:41.901+0000][72][info ][gc,phases   ] GC(9)   Pre Evacuate Collection Set: 1.02ms
[2025-05-26T12:18:41.902+0000][72][info ][gc,phases   ] GC(9)   Merge Heap Roots: 0.59ms
[2025-05-26T12:18:41.902+0000][72][info ][gc,phases   ] GC(9)   Evacuate Collection Set: 26.07ms
[2025-05-26T12:18:41.903+0000][72][info ][gc,phases   ] GC(9)   Post Evacuate Collection Set: 5.06ms
[2025-05-26T12:18:41.903+0000][72][info ][gc,phases   ] GC(9)   Other: 1.15ms
[2025-05-26T12:18:41.903+0000][72][trace][gc,age      ] GC(9) Age table with threshold 15 (max threshold 15)
[2025-05-26T12:18:41.903+0000][72][trace][gc,age      ] GC(9) - age   1:   21452856 bytes,   21452856 total
[2025-05-26T12:18:41.904+0000][72][trace][gc,age      ] GC(9) - age   2:   14331288 bytes,   35784144 total
[2025-05-26T12:18:41.904+0000][72][trace][gc,age      ] GC(9) - age   3:    4124432 bytes,   39908576 total
[2025-05-26T12:18:41.905+0000][72][trace][gc,age      ] GC(9) - age   4:    2464704 bytes,   42373280 total
[2025-05-26T12:18:41.905+0000][72][trace][gc,age      ] GC(9) - age   5:    4164960 bytes,   46538240 total
[2025-05-26T12:18:41.906+0000][72][trace][gc,age      ] GC(9) - age   6:    4401704 bytes,   50939944 total
[2025-05-26T12:18:41.906+0000][72][info ][gc,heap     ] GC(9) Eden regions: 209->0(293)
[2025-05-26T12:18:41.906+0000][72][info ][gc,heap     ] GC(9) Survivor regions: 8->14(36)
[2025-05-26T12:18:41.907+0000][72][info ][gc,heap     ] GC(9) Old regions: 3->3
[2025-05-26T12:18:41.907+0000][72][info ][gc,heap     ] GC(9) Humongous regions: 0->0
[2025-05-26T12:18:41.907+0000][72][info ][gc,metaspace] GC(9) Metaspace: 99605K(101376K)->99605K(101376K) NonClass: 86412K(87424K)->86412K(87424K) Class: 13193K(13952K)->13193K(13952K)
[2025-05-26T12:18:41.908+0000][72][info ][gc          ] GC(9) Pause Young (Concurrent Start) (Metadata GC Threshold) 877M->62M(3880M) 40.520ms
[2025-05-26T12:18:41.908+0000][72][info ][gc,cpu      ] GC(9) User=0.22s Sys=0.02s Real=0.04s
[2025-05-26T12:18:41.908+0000][72][info ][gc          ] GC(10) Concurrent Mark Cycle
[2025-05-26T12:18:41.909+0000][72][info ][safepoint   ] Safepoint "CollectForMetadataAllocation", Time since last: 856737387 ns, Reaching safepoint: 5307 ns, Cleanup: 69212 ns, At safepoint: 41515369 ns, Total: 41589888 ns
[2025-05-26T12:18:41.909+0000][72][info ][gc,marking  ] GC(10) Concurrent Scan Root Regions
[2025-05-26T12:18:41.932+0000][72][info ][gc,marking  ] GC(10) Concurrent Scan Root Regions 23.070ms
[2025-05-26T12:18:41.933+0000][72][info ][gc,marking  ] GC(10) Concurrent Mark
[2025-05-26T12:18:41.933+0000][72][info ][gc,marking  ] GC(10) Concurrent Mark From Roots
[2025-05-26T12:18:41.934+0000][72][info ][gc,task     ] GC(10) Using 3 workers of 3 for marking
[2025-05-26T12:18:41.951+0000][72][info ][gc,marking  ] GC(10) Concurrent Mark From Roots 17.146ms
[2025-05-26T12:18:41.952+0000][72][info ][gc,marking  ] GC(10) Concurrent Preclean
[2025-05-26T12:18:41.953+0000][72][info ][gc,marking  ] GC(10) Concurrent Preclean 0.812ms
[2025-05-26T12:18:41.955+0000][72][info ][gc,start    ] GC(10) Pause Remark
[2025-05-26T12:18:41.967+0000][72][info ][gc          ] GC(10) Pause Remark 66M->66M(3880M) 11.659ms
[2025-05-26T12:18:41.968+0000][72][info ][gc,cpu      ] GC(10) User=0.03s Sys=0.00s Real=0.01s
[2025-05-26T12:18:41.968+0000][72][info ][safepoint   ] Safepoint "G1PauseRemark", Time since last: 46486164 ns, Reaching safepoint: 161903 ns, Cleanup: 19262 ns, At safepoint: 13116264 ns, Total: 13297429 ns
[2025-05-26T12:18:41.969+0000][72][info ][gc,marking  ] GC(10) Concurrent Mark 36.172ms
[2025-05-26T12:18:41.969+0000][72][info ][gc,marking  ] GC(10) Concurrent Rebuild Remembered Sets and Scrub Regions
[2025-05-26T12:18:41.974+0000][72][info ][gc,marking  ] GC(10) Concurrent Rebuild Remembered Sets and Scrub Regions 4.526ms
[2025-05-26T12:18:41.975+0000][72][info ][gc,start    ] GC(10) Pause Cleanup
[2025-05-26T12:18:41.976+0000][72][info ][gc          ] GC(10) Pause Cleanup 66M->66M(3880M) 1.279ms
[2025-05-26T12:18:41.977+0000][72][info ][gc,cpu      ] GC(10) User=0.00s Sys=0.01s Real=0.00s
[2025-05-26T12:18:41.978+0000][72][info ][safepoint   ] Safepoint "G1PauseCleanup", Time since last: 6145584 ns, Reaching safepoint: 168476 ns, Cleanup: 33452 ns, At safepoint: 3226738 ns, Total: 3428666 ns
[2025-05-26T12:18:41.979+0000][72][info ][gc,marking  ] GC(10) Concurrent Clear Claimed Marks
[2025-05-26T12:18:41.981+0000][72][info ][gc,marking  ] GC(10) Concurrent Clear Claimed Marks 1.480ms
[2025-05-26T12:18:41.982+0000][72][info ][gc,marking  ] GC(10) Concurrent Cleanup for Next Mark
[2025-05-26T12:18:41.998+0000][72][info ][gc,marking  ] GC(10) Concurrent Cleanup for Next Mark 15.832ms
[2025-05-26T12:18:41.999+0000][72][info ][gc          ] GC(10) Concurrent Mark Cycle 90.717ms
[2025-05-26T12:18:43.600+0000][72][info ][safepoint   ] Safepoint "Cleanup", Time since last: 1621186166 ns, Reaching safepoint: 717064 ns, Cleanup: 224829 ns, At safepoint: 199750 ns, Total: 1141643 ns
[2025-05-26T12:18:44.651+0000][72][info ][safepoint   ] Safepoint "Cleanup", Time since last: 1050676276 ns, Reaching safepoint: 3820 ns, Cleanup: 100334 ns, At safepoint: 16482 ns, Total: 120636 ns
[2025-05-26T12:18:45.119+0000][72][info ][safepoint   ] Safepoint "ICBufferFull", Time since last: 467669693 ns, Reaching safepoint: 7032 ns, Cleanup: 111565 ns, At safepoint: 22982 ns, Total: 141579 ns
[2025-05-26T12:18:45.341+0000][72][info ][safepoint   ] Safepoint "ICBufferFull", Time since last: 221597084 ns, Reaching safepoint: 148105 ns, Cleanup: 189853 ns, At safepoint: 186199 ns, Total: 524157 ns
[2025-05-26T12:18:45.548+0000][72][info ][safepoint   ] Safepoint "ICBufferFull", Time since last: 206603034 ns, Reaching safepoint: 9372 ns, Cleanup: 143465 ns, At safepoint: 160764 ns, Total: 313601 ns
[2025-05-26T12:18:45.949+0000][72][info ][safepoint   ] Safepoint "ICBufferFull", Time since last: 401325784 ns, Reaching safepoint: 8022 ns, Cleanup: 121052 ns, At safepoint: 41316 ns, Total: 170390 ns
[2025-05-26T12:18:46.866+0000][72][info ][safepoint   ] Safepoint "ICBufferFull", Time since last: 916946305 ns, Reaching safepoint: 8724 ns, Cleanup: 124513 ns, At safepoint: 9339 ns, Total: 142576 ns
[2025-05-26T12:18:47.901+0000][72][info ][safepoint   ] Safepoint "ICBufferFull", Time since last: 1034014228 ns, Reaching safepoint: 15697 ns, Cleanup: 262839 ns, At safepoint: 20110 ns, Total: 298646 ns
[2025-05-26T12:18:48.371+0000][72][info ][safepoint   ] Safepoint "ICBufferFull", Time since last: 469701457 ns, Reaching safepoint: 140769 ns, Cleanup: 108224 ns, At safepoint: 45318 ns, Total: 294311 ns
[2025-05-26T12:18:48.971+0000][72][info ][safepoint   ] Safepoint "ICBufferFull", Time since last: 599805224 ns, Reaching safepoint: 17332 ns, Cleanup: 168309 ns, At safepoint: 74653 ns, Total: 260294 ns
[2025-05-26T12:18:49.238+0000][72][info ][safepoint   ] Safepoint "ICBufferFull", Time since last: 264691175 ns, Reaching safepoint: 2311146 ns, Cleanup: 164699 ns, At safepoint: 59760 ns, Total: 2535605 ns
[2025-05-26T12:18:49.971+0000][72][info ][safepoint   ] Safepoint "ICBufferFull", Time since last: 733071423 ns, Reaching safepoint: 17530 ns, Cleanup: 211627 ns, At safepoint: 16632 ns, Total: 245789 ns
[2025-05-26T12:18:51.059+0000][72][info ][safepoint   ] Safepoint "Cleanup", Time since last: 1086780298 ns, Reaching safepoint: 101792 ns, Cleanup: 210508 ns, At safepoint: 16630 ns, Total: 328930 ns
[2025-05-26T12:18:52.059+0000][72][info ][safepoint   ] Safepoint "Cleanup", Time since last: 1000555761 ns, Reaching safepoint: 19881 ns, Cleanup: 19740 ns, At safepoint: 15217 ns, Total: 54838 ns
[2025-05-26T12:18:53.060+0000][72][info ][safepoint   ] Safepoint "Cleanup", Time since last: 1000777437 ns, Reaching safepoint: 13603 ns, Cleanup: 15634 ns, At safepoint: 8692 ns, Total: 37929 ns
[2025-05-26T12:18:54.061+0000][72][info ][safepoint   ] Safepoint "Cleanup", Time since last: 1000551914 ns, Reaching safepoint: 17835 ns, Cleanup: 19900 ns, At safepoint: 13745 ns, Total: 51480 ns
[2025-05-26T12:18:55.105+0000][72][info ][safepoint   ] Safepoint "Cleanup", Time since last: 1000665210 ns, Reaching safepoint: 43799373 ns, Cleanup: 13121 ns, At safepoint: 47571 ns, Total: 43860065 ns
[2025-05-26T12:18:56.499+0000][72][info ][safepoint   ] Safepoint "Cleanup", Time since last: 1393715388 ns, Reaching safepoint: 14389 ns, Cleanup: 38817 ns, At safepoint: 9042 ns, Total: 62248 ns
[2025-05-26T12:18:57.526+0000][72][info ][safepoint   ] Safepoint "Cleanup", Time since last: 1032477580 ns, Reaching safepoint: 14718 ns, Cleanup: 16654 ns, At safepoint: 10192 ns, Total: 41564 ns
[2025-05-26T12:18:59.527+0000][72][info ][safepoint   ] Safepoint "Cleanup", Time since last: 2000908611 ns, Reaching safepoint: 54789 ns, Cleanup: 13278 ns, At safepoint: 7588 ns, Total: 75655 ns
[2025-05-26T12:19:00.528+0000][72][info ][safepoint   ] Safepoint "Cleanup", Time since last: 1000633858 ns, Reaching safepoint: 19643 ns, Cleanup: 20952 ns, At safepoint: 12958 ns, Total: 53553 ns
[2025-05-26T12:19:01.528+0000][72][info ][safepoint   ] Safepoint "Cleanup", Time since last: 1000631260 ns, Reaching safepoint: 18791 ns, Cleanup: 14728 ns, At safepoint: 13270 ns, Total: 46789 ns
[2025-05-26T12:19:02.529+0000][72][info ][safepoint   ] Safepoint "Cleanup", Time since last: 1000625234 ns, Reaching safepoint: 19179 ns, Cleanup: 19348 ns, At safepoint: 10435 ns, Total: 48962 ns
[2025-05-26T12:19:04.530+0000][72][info ][safepoint   ] Safepoint "Cleanup", Time since last: 2000570203 ns, Reaching safepoint: 20782 ns, Cleanup: 19747 ns, At safepoint: 13777 ns, Total: 54306 ns
[2025-05-26T12:19:10.993+0000][72][info ][safepoint   ] Safepoint "Cleanup", Time since last: 6463430325 ns, Reaching safepoint: 18946 ns, Cleanup: 85815 ns, At safepoint: 17034 ns, Total: 121795 ns
[2025-05-26T12:19:12.994+0000][72][info ][safepoint   ] Safepoint "Cleanup", Time since last: 2001050410 ns, Reaching safepoint: 11921 ns, Cleanup: 15325 ns, At safepoint: 7714 ns, Total: 34960 ns
[2025-05-26T12:19:13.989+0000][72][info ][safepoint   ] Safepoint "ICBufferFull", Time since last: 993813026 ns, Reaching safepoint: 21649 ns, Cleanup: 243772 ns, At safepoint: 191016 ns, Total: 456437 ns
[2025-05-26T12:19:13.990+0000][72][info ][safepoint   ] Safepoint "ICBufferFull", Time since last: 1212210 ns, Reaching safepoint: 120696 ns, Cleanup: 9366 ns, At safepoint: 90010 ns, Total: 220072 ns
[2025-05-26T12:19:13.992+0000][72][info ][safepoint   ] Safepoint "ICBufferFull", Time since last: 940983 ns, Reaching safepoint: 272796 ns, Cleanup: 14281 ns, At safepoint: 282188 ns, Total: 569265 ns
[2025-05-26T12:19:14.169+0000][72][info ][safepoint   ] Safepoint "ICBufferFull", Time since last: 176818542 ns, Reaching safepoint: 21311 ns, Cleanup: 147910 ns, At safepoint: 211296 ns, Total: 380517 ns
[2025-05-26T12:19:15.170+0000][72][info ][safepoint   ] Safepoint "Cleanup", Time since last: 1000781436 ns, Reaching safepoint: 18989 ns, Cleanup: 28453 ns, At safepoint: 24365 ns, Total: 71807 ns
[2025-05-26T12:19:15.907+0000][72][info ][safepoint   ] Safepoint "ICBufferFull", Time since last: 736243990 ns, Reaching safepoint: 683613 ns, Cleanup: 133715 ns, At safepoint: 89038 ns, Total: 906366 ns
[2025-05-26T12:19:17.325+0000][72][info ][safepoint   ] Safepoint "Cleanup", Time since last: 1418145015 ns, Reaching safepoint: 21040 ns, Cleanup: 219824 ns, At safepoint: 16252 ns, Total: 257116 ns
[2025-05-26T12:19:18.326+0000][72][info ][safepoint   ] Safepoint "Cleanup", Time since last: 1000821514 ns, Reaching safepoint: 23275 ns, Cleanup: 26716 ns, At safepoint: 15027 ns, Total: 65018 ns
[2025-05-26T12:19:19.327+0000][72][info ][safepoint   ] Safepoint "Cleanup", Time since last: 1000702077 ns, Reaching safepoint: 25620 ns, Cleanup: 23490 ns, At safepoint: 15508 ns, Total: 64618 ns
[2025-05-26T12:19:20.328+0000][72][info ][safepoint   ] Safepoint "Cleanup", Time since last: 1000685824 ns, Reaching safepoint: 25858 ns, Cleanup: 31259 ns, At safepoint: 16105 ns, Total: 73222 ns
[2025-05-26T12:19:21.328+0000][72][info ][safepoint   ] Safepoint "Cleanup", Time since last: 1000654855 ns, Reaching safepoint: 62977 ns, Cleanup: 16175 ns, At safepoint: 14980 ns, Total: 94132 ns
[2025-05-26T12:19:22.528+0000][72][info ][safepoint   ] Safepoint "Cleanup", Time since last: 1199286609 ns, Reaching safepoint: 337107 ns, Cleanup: 103487 ns, At safepoint: 167377 ns, Total: 607971 ns
[2025-05-26T12:19:22.778+0000][72][info ][safepoint   ] Safepoint "ICBufferFull", Time since last: 249522822 ns, Reaching safepoint: 18352 ns, Cleanup: 109957 ns, At safepoint: 84523 ns, Total: 212832 ns
[2025-05-26T12:19:22.779+0000][72][info ][safepoint   ] Safepoint "ICBufferFull", Time since last: 846251 ns, Reaching safepoint: 24684 ns, Cleanup: 10640 ns, At safepoint: 270370 ns, Total: 305694 ns
[2025-05-26T12:19:23.068+0000][72][info ][safepoint   ] Safepoint "ICBufferFull", Time since last: 288079585 ns, Reaching safepoint: 193743 ns, Cleanup: 163838 ns, At safepoint: 529274 ns, Total: 886855 ns
[2025-05-26T12:19:23.203+0000][72][info ][safepoint   ] Safepoint "ICBufferFull", Time since last: 134587491 ns, Reaching safepoint: 130563 ns, Cleanup: 117887 ns, At safepoint: 82848 ns, Total: 331298 ns
[2025-05-26T12:19:23.364+0000][72][info ][safepoint   ] Safepoint "ICBufferFull", Time since last: 160417581 ns, Reaching safepoint: 156671 ns, Cleanup: 158930 ns, At safepoint: 658050 ns, Total: 973651 ns
[2025-05-26T12:19:23.665+0000][72][info ][safepoint   ] Safepoint "ICBufferFull", Time since last: 300445361 ns, Reaching safepoint: 21721 ns, Cleanup: 125216 ns, At safepoint: 61847 ns, Total: 208784 ns
[2025-05-26T12:19:24.846+0000][72][info ][safepoint   ] Safepoint "ICBufferFull", Time since last: 1180888751 ns, Reaching safepoint: 122678 ns, Cleanup: 124551 ns, At safepoint: 74578 ns, Total: 321807 ns
[2025-05-26T12:19:25.875+0000][72][info ][safepoint   ] Safepoint "ICBufferFull", Time since last: 1028581300 ns, Reaching safepoint: 150160 ns, Cleanup: 277351 ns, At safepoint: 77015 ns, Total: 504526 ns
[2025-05-26T12:19:26.213+0000][72][info ][safepoint   ] Safepoint "ICBufferFull", Time since last: 337642007 ns, Reaching safepoint: 25707 ns, Cleanup: 129613 ns, At safepoint: 43784 ns, Total: 199104 ns
[2025-05-26T12:19:27.251+0000][72][info ][safepoint   ] Safepoint "Cleanup", Time since last: 1039022907 ns, Reaching safepoint: 12041 ns, Cleanup: 104411 ns, At safepoint: 26704 ns, Total: 143156 ns
[2025-05-26T12:19:27.774+0000][72][info ][safepoint   ] Safepoint "ICBufferFull", Time since last: 522554922 ns, Reaching safepoint: 14954 ns, Cleanup: 122761 ns, At safepoint: 7393 ns, Total: 145108 ns
[2025-05-26T12:19:29.767+0000][72][info ][safepoint   ] Safepoint "Cleanup", Time since last: 1992966512 ns, Reaching safepoint: 19561 ns, Cleanup: 79874 ns, At safepoint: 8207 ns, Total: 107642 ns
[2025-05-26T12:19:30.768+0000][72][info ][safepoint   ] Safepoint "Cleanup", Time since last: 1000677495 ns, Reaching safepoint: 33647 ns, Cleanup: 42597 ns, At safepoint: 18692 ns, Total: 94936 ns
[2025-05-26T12:19:31.769+0000][72][info ][safepoint   ] Safepoint "Cleanup", Time since last: 1000721442 ns, Reaching safepoint: 19178 ns, Cleanup: 15028 ns, At safepoint: 29087 ns, Total: 63293 ns
[2025-05-26T12:19:32.770+0000][72][info ][safepoint   ] Safepoint "Cleanup", Time since last: 1000640588 ns, Reaching safepoint: 184260 ns, Cleanup: 61632 ns, At safepoint: 130852 ns, Total: 376744 ns
[2025-05-26T12:19:33.788+0000][72][info ][safepoint   ] Safepoint "Cleanup", Time since last: 1018314022 ns, Reaching safepoint: 27387 ns, Cleanup: 32713 ns, At safepoint: 16046 ns, Total: 76146 ns
[2025-05-26T12:19:34.789+0000][72][info ][safepoint   ] Safepoint "Cleanup", Time since last: 1000609483 ns, Reaching safepoint: 26045 ns, Cleanup: 17339 ns, At safepoint: 10458 ns, Total: 53842 ns
[2025-05-26T12:19:35.789+0000][72][info ][safepoint   ] Safepoint "Cleanup", Time since last: 1000696548 ns, Reaching safepoint: 19620 ns, Cleanup: 27301 ns, At safepoint: 9106 ns, Total: 56027 ns
[2025-05-26T12:19:36.790+0000][72][info ][safepoint   ] Safepoint "Cleanup", Time since last: 1000691359 ns, Reaching safepoint: 65432 ns, Cleanup: 21527 ns, At safepoint: 15452 ns, Total: 102411 ns
[2025-05-26T12:19:37.791+0000][72][info ][safepoint   ] Safepoint "Cleanup", Time since last: 1000578469 ns, Reaching safepoint: 30136 ns, Cleanup: 47034 ns, At safepoint: 17839 ns, Total: 95009 ns
[2025-05-26T12:19:38.839+0000][72][info ][safepoint   ] Safepoint "Cleanup", Time since last: 1048571782 ns, Reaching safepoint: 17407 ns, Cleanup: 30363 ns, At safepoint: 7039 ns, Total: 54809 ns
[2025-05-26T12:19:40.840+0000][72][info ][safepoint   ] Safepoint "Cleanup", Time since last: 2000802821 ns, Reaching safepoint: 18509 ns, Cleanup: 29651 ns, At safepoint: 8437 ns, Total: 56597 ns
[2025-05-26T12:19:41.841+0000][72][info ][safepoint   ] Safepoint "Cleanup", Time since last: 1000685607 ns, Reaching safepoint: 24107 ns, Cleanup: 33003 ns, At safepoint: 12424 ns, Total: 69534 ns
[2025-05-26T12:19:42.842+0000][72][info ][safepoint   ] Safepoint "Cleanup", Time since last: 1000617478 ns, Reaching safepoint: 19552 ns, Cleanup: 28510 ns, At safepoint: 9332 ns, Total: 57394 ns
[2025-05-26T12:19:43.842+0000][72][info ][safepoint   ] Safepoint "Cleanup", Time since last: 1000555845 ns, Reaching safepoint: 16996 ns, Cleanup: 17321 ns, At safepoint: 8501 ns, Total: 42818 ns
[2025-05-26T12:19:44.843+0000][72][info ][safepoint   ] Safepoint "Cleanup", Time since last: 1000762465 ns, Reaching safepoint: 16508 ns, Cleanup: 29077 ns, At safepoint: 7434 ns, Total: 53019 ns
[2025-05-26T12:19:45.844+0000][72][info ][safepoint   ] Safepoint "Cleanup", Time since last: 1000655353 ns, Reaching safepoint: 18730 ns, Cleanup: 15429 ns, At safepoint: 7633 ns, Total: 41792 ns
[2025-05-26T12:19:46.845+0000][72][info ][safepoint   ] Safepoint "Cleanup", Time since last: 1000643762 ns, Reaching safepoint: 31174 ns, Cleanup: 21765 ns, At safepoint: 86162 ns, Total: 139101 ns
[2025-05-26T12:19:47.845+0000][72][info ][safepoint   ] Safepoint "Cleanup", Time since last: 1000563645 ns, Reaching safepoint: 20065 ns, Cleanup: 34468 ns, At safepoint: 8394 ns, Total: 62927 ns
[2025-05-26T12:19:48.846+0000][72][info ][safepoint   ] Safepoint "Cleanup", Time since last: 1000607181 ns, Reaching safepoint: 29207 ns, Cleanup: 16116 ns, At safepoint: 16408 ns, Total: 61731 ns
[2025-05-26T12:19:49.847+0000][72][info ][safepoint   ] Safepoint "Cleanup", Time since last: 1000644334 ns, Reaching safepoint: 28592 ns, Cleanup: 21540 ns, At safepoint: 17107 ns, Total: 67239 ns
[2025-05-26T12:19:50.847+0000][72][info ][safepoint   ] Safepoint "Cleanup", Time since last: 1000565274 ns, Reaching safepoint: 26488 ns, Cleanup: 26480 ns, At safepoint: 15875 ns, Total: 68843 ns
[2025-05-26T12:19:52.848+0000][72][info ][safepoint   ] Safepoint "Cleanup", Time since last: 2000678528 ns, Reaching safepoint: 55851 ns, Cleanup: 32053 ns, At safepoint: 11056 ns, Total: 98960 ns
[2025-05-26T12:19:53.849+0000][72][info ][safepoint   ] Safepoint "Cleanup", Time since last: 1000633197 ns, Reaching safepoint: 122926 ns, Cleanup: 31033 ns, At safepoint: 15500 ns, Total: 169459 ns
[2025-05-26T12:19:55.850+0000][72][info ][safepoint   ] Safepoint "Cleanup", Time since last: 2000893386 ns, Reaching safepoint: 187927 ns, Cleanup: 20633 ns, At safepoint: 21264 ns, Total: 229824 ns
[2025-05-26T12:19:56.848+0000][72][info ][safepoint   ] Safepoint "Cleanup", Time since last: 1000745542 ns, Reaching safepoint: 51686 ns, Cleanup: 42374 ns, At safepoint: 19215 ns, Total: 113275 ns
[2025-05-26T12:19:57.849+0000][72][info ][safepoint   ] Safepoint "Cleanup", Time since last: 1000683374 ns, Reaching safepoint: 65033 ns, Cleanup: 56147 ns, At safepoint: 14964 ns, Total: 136144 ns
[2025-05-26T12:19:59.850+0000][72][info ][safepoint   ] Safepoint "Cleanup", Time since last: 2000769902 ns, Reaching safepoint: 22014 ns, Cleanup: 21837 ns, At safepoint: 9630 ns, Total: 53481 ns
[2025-05-26T12:20:00.850+0000][72][info ][safepoint   ] Safepoint "Cleanup", Time since last: 1000648191 ns, Reaching safepoint: 23058 ns, Cleanup: 18067 ns, At safepoint: 9265 ns, Total: 50390 ns
[2025-05-26T12:20:02.851+0000][72][info ][safepoint   ] Safepoint "Cleanup", Time since last: 2000798120 ns, Reaching safepoint: 29366 ns, Cleanup: 29060 ns, At safepoint: 10759 ns, Total: 69185 ns
[2025-05-26T12:20:05.853+0000][72][info ][safepoint   ] Safepoint "Cleanup", Time since last: 3001059187 ns, Reaching safepoint: 200289 ns, Cleanup: 30549 ns, At safepoint: 24053 ns, Total: 254891 ns
[2025-05-26T12:20:06.853+0000][72][info ][safepoint   ] Safepoint "Cleanup", Time since last: 1000656094 ns, Reaching safepoint: 143145 ns, Cleanup: 16860 ns, At safepoint: 37224 ns, Total: 197229 ns
[2025-05-26T12:20:07.854+0000][72][info ][safepoint   ] Safepoint "Cleanup", Time since last: 1000792174 ns, Reaching safepoint: 29928 ns, Cleanup: 29157 ns, At safepoint: 18118 ns, Total: 77203 ns
[2025-05-26T12:20:09.024+0000][72][info ][safepoint   ] Safepoint "Cleanup", Time since last: 1169223873 ns, Reaching safepoint: 22647 ns, Cleanup: 41975 ns, At safepoint: 11304 ns, Total: 75926 ns
[2025-05-26T12:20:10.024+0000][72][info ][safepoint   ] Safepoint "Cleanup", Time since last: 1000704119 ns, Reaching safepoint: 29294 ns, Cleanup: 18833 ns, At safepoint: 16996 ns, Total: 65123 ns
[2025-05-26T12:20:12.026+0000][72][info ][safepoint   ] Safepoint "Cleanup", Time since last: 2001068851 ns, Reaching safepoint: 23485 ns, Cleanup: 31628 ns, At safepoint: 9801 ns, Total: 64914 ns
[2025-05-26T12:20:13.026+0000][72][info ][safepoint   ] Safepoint "Cleanup", Time since last: 1000576324 ns, Reaching safepoint: 24159 ns, Cleanup: 22864 ns, At safepoint: 9765 ns, Total: 56788 ns
[2025-05-26T12:20:14.027+0000][72][info ][safepoint   ] Safepoint "Cleanup", Time since last: 1000591627 ns, Reaching safepoint: 26721 ns, Cleanup: 15873 ns, At safepoint: 10256 ns, Total: 52850 ns
[2025-05-26T12:20:15.299+0000][72][info ][safepoint   ] Safepoint "Cleanup", Time since last: 1271656252 ns, Reaching safepoint: 29280 ns, Cleanup: 88722 ns, At safepoint: 17310 ns, Total: 135312 ns
[2025-05-26T12:20:16.299+0000][72][info ][safepoint   ] Safepoint "Cleanup", Time since last: 1000799269 ns, Reaching safepoint: 17149 ns, Cleanup: 29422 ns, At safepoint: 7552 ns, Total: 54123 ns
[2025-05-26T12:20:17.300+0000][72][info ][safepoint   ] Safepoint "Cleanup", Time since last: 1000658622 ns, Reaching safepoint: 19350 ns, Cleanup: 17952 ns, At safepoint: 7995 ns, Total: 45297 ns
[2025-05-26T12:20:18.301+0000][72][info ][safepoint   ] Safepoint "Cleanup", Time since last: 1000884476 ns, Reaching safepoint: 33699 ns, Cleanup: 27506 ns, At safepoint: 17745 ns, Total: 78950 ns
[2025-05-26T12:20:20.302+0000][72][info ][safepoint   ] Safepoint "Cleanup", Time since last: 2000828911 ns, Reaching safepoint: 33447 ns, Cleanup: 37642 ns, At safepoint: 9154 ns, Total: 80243 ns
[2025-05-26T12:20:23.221+0000][72][info ][safepoint   ] Safepoint "Cleanup", Time since last: 2919126455 ns, Reaching safepoint: 12666 ns, Cleanup: 107622 ns, At safepoint: 70324 ns, Total: 190612 ns
[2025-05-26T12:20:24.300+0000][72][info ][safepoint   ] Safepoint "Cleanup", Time since last: 1078122294 ns, Reaching safepoint: 14100 ns, Cleanup: 207943 ns, At safepoint: 75880 ns, Total: 297923 ns
[2025-05-26T12:20:25.328+0000][72][info ][safepoint   ] Safepoint "Cleanup", Time since last: 1028130846 ns, Reaching safepoint: 15536 ns, Cleanup: 62007 ns, At safepoint: 65592 ns, Total: 143135 ns
[2025-05-26T12:20:26.331+0000][72][info ][safepoint   ] Safepoint "Cleanup", Time since last: 1003116182 ns, Reaching safepoint: 18798 ns, Cleanup: 22489 ns, At safepoint: 6951 ns, Total: 48238 ns
[2025-05-26T12:20:27.330+0000][72][info ][safepoint   ] Safepoint "Cleanup", Time since last: 1001059933 ns, Reaching safepoint: 31474 ns, Cleanup: 18471 ns, At safepoint: 82380 ns, Total: 132325 ns
[2025-05-26T12:20:28.331+0000][72][info ][safepoint   ] Safepoint "Cleanup", Time since last: 1000805826 ns, Reaching safepoint: 29907 ns, Cleanup: 27981 ns, At safepoint: 17463 ns, Total: 75351 ns
[2025-05-26T12:20:29.332+0000][72][info ][safepoint   ] Safepoint "Cleanup", Time since last: 1000690763 ns, Reaching safepoint: 28709 ns, Cleanup: 23110 ns, At safepoint: 15634 ns, Total: 67453 ns
[2025-05-26T12:20:30.332+0000][72][info ][safepoint   ] Safepoint "Cleanup", Time since last: 1000588417 ns, Reaching safepoint: 23756 ns, Cleanup: 15232 ns, At safepoint: 10284 ns, Total: 49272 ns
[2025-05-26T12:20:32.333+0000][72][info ][safepoint   ] Safepoint "Cleanup", Time since last: 2000903404 ns, Reaching safepoint: 31610 ns, Cleanup: 21610 ns, At safepoint: 18308 ns, Total: 71528 ns
[2025-05-26T12:20:33.334+0000][72][info ][safepoint   ] Safepoint "Cleanup", Time since last: 1000588066 ns, Reaching safepoint: 26931 ns, Cleanup: 19790 ns, At safepoint: 15373 ns, Total: 62094 ns
[2025-05-26T12:20:34.335+0000][72][info ][safepoint   ] Safepoint "Cleanup", Time since last: 1000689274 ns, Reaching safepoint: 33955 ns, Cleanup: 18731 ns, At safepoint: 18006 ns, Total: 70692 ns
[2025-05-26T12:20:35.335+0000][72][info ][safepoint   ] Safepoint "Cleanup", Time since last: 1000622209 ns, Reaching safepoint: 27080 ns, Cleanup: 17877 ns, At safepoint: 16201 ns, Total: 61158 ns
[2025-05-26T12:20:37.336+0000][72][info ][safepoint   ] Safepoint "Cleanup", Time since last: 2000850343 ns, Reaching safepoint: 47985 ns, Cleanup: 14331 ns, At safepoint: 10437 ns, Total: 72753 ns
[2025-05-26T12:20:38.337+0000][72][info ][safepoint   ] Safepoint "Cleanup", Time since last: 1000612264 ns, Reaching safepoint: 33271 ns, Cleanup: 34917 ns, At safepoint: 17296 ns, Total: 85484 ns
[2025-05-26T12:20:40.338+0000][72][info ][safepoint   ] Safepoint "Cleanup", Time since last: 2000754935 ns, Reaching safepoint: 63087 ns, Cleanup: 16626 ns, At safepoint: 8515 ns, Total: 88228 ns
[2025-05-26T12:20:41.338+0000][72][info ][safepoint   ] Safepoint "Cleanup", Time since last: 1000586069 ns, Reaching safepoint: 25726 ns, Cleanup: 15249 ns, At safepoint: 9296 ns, Total: 50271 ns
[2025-05-26T12:20:43.339+0000][72][info ][safepoint   ] Safepoint "Cleanup", Time since last: 2000787664 ns, Reaching safepoint: 28635 ns, Cleanup: 22590 ns, At safepoint: 15627 ns, Total: 66852 ns
[2025-05-26T12:20:44.340+0000][72][info ][safepoint   ] Safepoint "Cleanup", Time since last: 1000823722 ns, Reaching safepoint: 27858 ns, Cleanup: 22435 ns, At safepoint: 17102 ns, Total: 67395 ns
[2025-05-26T12:20:45.341+0000][72][info ][safepoint   ] Safepoint "Cleanup", Time since last: 1000673548 ns, Reaching safepoint: 27303 ns, Cleanup: 27797 ns, At safepoint: 15371 ns, Total: 70471 ns
[2025-05-26T12:20:46.342+0000][72][info ][safepoint   ] Safepoint "Cleanup", Time since last: 1000970428 ns, Reaching safepoint: 16966 ns, Cleanup: 15503 ns, At safepoint: 7239 ns, Total: 39708 ns
[2025-05-26T12:20:47.343+0000][72][info ][safepoint   ] Safepoint "Cleanup", Time since last: 1000647542 ns, Reaching safepoint: 25600 ns, Cleanup: 17893 ns, At safepoint: 9174 ns, Total: 52667 ns
[2025-05-26T12:20:48.343+0000][72][info ][safepoint   ] Safepoint "Cleanup", Time since last: 1000708267 ns, Reaching safepoint: 30046 ns, Cleanup: 35362 ns, At safepoint: 17648 ns, Total: 83056 ns
[2025-05-26T12:20:50.344+0000][72][info ][safepoint   ] Safepoint "Cleanup", Time since last: 2001000412 ns, Reaching safepoint: 84675 ns, Cleanup: 39532 ns, At safepoint: 11946 ns, Total: 136153 ns
[2025-05-26T12:20:53.346+0000][72][info ][safepoint   ] Safepoint "Cleanup", Time since last: 3001093512 ns, Reaching safepoint: 72144 ns, Cleanup: 46171 ns, At safepoint: 17133 ns, Total: 135448 ns
[2025-05-26T12:20:54.346+0000][72][info ][safepoint   ] Safepoint "Cleanup", Time since last: 1000634032 ns, Reaching safepoint: 28568 ns, Cleanup: 21564 ns, At safepoint: 10107 ns, Total: 60239 ns
[2025-05-26T12:20:55.348+0000][72][info ][safepoint   ] Safepoint "Cleanup", Time since last: 1001266860 ns, Reaching safepoint: 30008 ns, Cleanup: 19611 ns, At safepoint: 18979 ns, Total: 68598 ns
[2025-05-26T12:20:56.349+0000][72][info ][safepoint   ] Safepoint "Cleanup", Time since last: 1000963648 ns, Reaching safepoint: 22210 ns, Cleanup: 19651 ns, At safepoint: 9281 ns, Total: 51142 ns
[2025-05-26T12:20:57.346+0000][72][info ][safepoint   ] Safepoint "Cleanup", Time since last: 1000598290 ns, Reaching safepoint: 20976 ns, Cleanup: 20463 ns, At safepoint: 9205 ns, Total: 50644 ns
[2025-05-26T12:20:58.346+0000][72][info ][safepoint   ] Safepoint "Cleanup", Time since last: 1000621108 ns, Reaching safepoint: 29487 ns, Cleanup: 20347 ns, At safepoint: 16482 ns, Total: 66316 ns
[2025-05-26T12:21:00.348+0000][72][info ][safepoint   ] Safepoint "Cleanup", Time since last: 2000952927 ns, Reaching safepoint: 30198 ns, Cleanup: 19814 ns, At safepoint: 17456 ns, Total: 67468 ns
[2025-05-26T12:21:03.348+0000][72][info ][safepoint   ] Safepoint "Cleanup", Time since last: 3000886262 ns, Reaching safepoint: 18770 ns, Cleanup: 16521 ns, At safepoint: 7744 ns, Total: 43035 ns
[2025-05-26T12:21:04.349+0000][72][info ][safepoint   ] Safepoint "Cleanup", Time since last: 1000618894 ns, Reaching safepoint: 18028 ns, Cleanup: 12540 ns, At safepoint: 7657 ns, Total: 38225 ns
[2025-05-26T12:21:05.350+0000][72][info ][safepoint   ] Safepoint "Cleanup", Time since last: 1000601445 ns, Reaching safepoint: 32756 ns, Cleanup: 30750 ns, At safepoint: 18633 ns, Total: 82139 ns
[2025-05-26T12:21:07.351+0000][72][info ][safepoint   ] Safepoint "Cleanup", Time since last: 2000798979 ns, Reaching safepoint: 32597 ns, Cleanup: 19002 ns, At safepoint: 16629 ns, Total: 68228 ns
[2025-05-26T12:21:09.054+0000][72][info ][safepoint   ] Safepoint "Cleanup", Time since last: 1703248887 ns, Reaching safepoint: 22601 ns, Cleanup: 30317 ns, At safepoint: 10062 ns, Total: 62980 ns
[2025-05-26T12:21:10.055+0000][72][info ][safepoint   ] Safepoint "Cleanup", Time since last: 1000540151 ns, Reaching safepoint: 27166 ns, Cleanup: 13930 ns, At safepoint: 7497 ns, Total: 48593 ns
[2025-05-26T12:21:12.055+0000][72][info ][safepoint   ] Safepoint "Cleanup", Time since last: 2000784684 ns, Reaching safepoint: 23741 ns, Cleanup: 19605 ns, At safepoint: 9421 ns, Total: 52767 ns
[2025-05-26T12:21:13.056+0000][72][info ][safepoint   ] Safepoint "Cleanup", Time since last: 1000680682 ns, Reaching safepoint: 31577 ns, Cleanup: 25499 ns, At safepoint: 14414 ns, Total: 71490 ns
[2025-05-26T12:21:17.057+0000][72][info ][safepoint   ] Safepoint "Cleanup", Time since last: 4001006457 ns, Reaching safepoint: 30824 ns, Cleanup: 24362 ns, At safepoint: 10609 ns, Total: 65795 ns
[2025-05-26T12:21:18.058+0000][72][info ][safepoint   ] Safepoint "Cleanup", Time since last: 1000645866 ns, Reaching safepoint: 28296 ns, Cleanup: 25803 ns, At safepoint: 16495 ns, Total: 70594 ns
[2025-05-26T12:21:19.059+0000][72][info ][safepoint   ] Safepoint "Cleanup", Time since last: 1000640863 ns, Reaching safepoint: 23479 ns, Cleanup: 20147 ns, At safepoint: 10665 ns, Total: 54291 ns
[2025-05-26T12:21:20.059+0000][72][info ][safepoint   ] Safepoint "Cleanup", Time since last: 1000552277 ns, Reaching safepoint: 17912 ns, Cleanup: 15868 ns, At safepoint: 7928 ns, Total: 41708 ns
[2025-05-26T12:21:21.060+0000][72][info ][safepoint   ] Safepoint "Cleanup", Time since last: 1000619299 ns, Reaching safepoint: 17616 ns, Cleanup: 16499 ns, At safepoint: 8303 ns, Total: 42418 ns
[2025-05-26T12:21:23.061+0000][72][info ][safepoint   ] Safepoint "Cleanup", Time since last: 2000693326 ns, Reaching safepoint: 20373 ns, Cleanup: 43854 ns, At safepoint: 9621 ns, Total: 73848 ns
[2025-05-26T12:21:24.061+0000][72][info ][safepoint   ] Safepoint "Cleanup", Time since last: 1000624784 ns, Reaching safepoint: 43011 ns, Cleanup: 33714 ns, At safepoint: 7953 ns, Total: 84678 ns
[2025-05-26T12:21:26.188+0000][72][info ][safepoint   ] Safepoint "Cleanup", Time since last: 2126406051 ns, Reaching safepoint: 115010 ns, Cleanup: 26836 ns, At safepoint: 74866 ns, Total: 216712 ns
[2025-05-26T12:21:27.363+0000][72][info ][safepoint   ] Safepoint "Cleanup", Time since last: 1177622589 ns, Reaching safepoint: 33768 ns, Cleanup: 65790 ns, At safepoint: 11704 ns, Total: 111262 ns
[2025-05-26T12:21:28.395+0000][72][info ][safepoint   ] Safepoint "Cleanup", Time since last: 1031902379 ns, Reaching safepoint: 25621 ns, Cleanup: 38641 ns, At safepoint: 10303 ns, Total: 74565 ns
[2025-05-26T12:21:29.396+0000][72][info ][safepoint   ] Safepoint "Cleanup", Time since last: 1000585301 ns, Reaching safepoint: 29833 ns, Cleanup: 22420 ns, At safepoint: 17718 ns, Total: 69971 ns
[2025-05-26T12:21:32.382+0000][72][info ][gc,start    ] GC(11) Pause Young (Normal) (G1 Evacuation Pause)
[2025-05-26T12:21:32.383+0000][72][info ][gc,task     ] GC(11) Using 10 workers of 10 for evacuation
[2025-05-26T12:21:32.383+0000][72][debug][gc,age      ] GC(11) Desired survivor size 81788928 bytes, new threshold 15 (max threshold 15)
[2025-05-26T12:21:32.486+0000][72][info ][gc,phases   ] GC(11)   Pre Evacuate Collection Set: 0.73ms
[2025-05-26T12:21:32.487+0000][72][info ][gc,phases   ] GC(11)   Merge Heap Roots: 0.22ms
[2025-05-26T12:21:32.487+0000][72][info ][gc,phases   ] GC(11)   Evacuate Collection Set: 95.52ms
[2025-05-26T12:21:32.487+0000][72][info ][gc,phases   ] GC(11)   Post Evacuate Collection Set: 6.08ms
[2025-05-26T12:21:32.488+0000][72][info ][gc,phases   ] GC(11)   Other: 1.12ms
[2025-05-26T12:21:32.488+0000][72][trace][gc,age      ] GC(11) Age table with threshold 15 (max threshold 15)
[2025-05-26T12:21:32.489+0000][72][trace][gc,age      ] GC(11) - age   1:   43059344 bytes,   43059344 total
[2025-05-26T12:21:32.489+0000][72][trace][gc,age      ] GC(11) - age   2:   20380512 bytes,   63439856 total
[2025-05-26T12:21:32.489+0000][72][trace][gc,age      ] GC(11) - age   3:   14296592 bytes,   77736448 total
[2025-05-26T12:21:32.490+0000][72][trace][gc,age      ] GC(11) - age   4:    4122256 bytes,   81858704 total
[2025-05-26T12:21:32.490+0000][72][trace][gc,age      ] GC(11) - age   5:    2462432 bytes,   84321136 total
[2025-05-26T12:21:32.490+0000][72][trace][gc,age      ] GC(11) - age   6:    4163552 bytes,   88484688 total
[2025-05-26T12:21:32.491+0000][72][trace][gc,age      ] GC(11) - age   7:    4392552 bytes,   92877240 total
[2025-05-26T12:21:32.491+0000][72][info ][gc,heap     ] GC(11) Eden regions: 293->0(170)
[2025-05-26T12:21:32.491+0000][72][info ][gc,heap     ] GC(11) Survivor regions: 14->25(39)
[2025-05-26T12:21:32.492+0000][72][info ][gc,heap     ] GC(11) Old regions: 3->3
[2025-05-26T12:21:32.492+0000][72][info ][gc,heap     ] GC(11) Humongous regions: 0->0
[2025-05-26T12:21:32.493+0000][72][info ][gc,metaspace] GC(11) Metaspace: 139622K(143424K)->139622K(143424K) NonClass: 120199K(122240K)->120199K(122240K) Class: 19423K(21184K)->19423K(21184K)
[2025-05-26T12:21:32.493+0000][72][info ][gc          ] GC(11) Pause Young (Normal) (G1 Evacuation Pause) 1234M->110M(3880M) 110.974ms
[2025-05-26T12:21:32.493+0000][72][info ][gc,cpu      ] GC(11) User=0.88s Sys=0.00s Real=0.11s
[2025-05-26T12:21:32.494+0000][72][info ][safepoint   ] Safepoint "G1CollectForAllocation", Time since last: 2985897382 ns, Reaching safepoint: 28030 ns, Cleanup: 46106 ns, At safepoint: 112100700 ns, Total: 112174836 ns
[2025-05-26T12:21:33.495+0000][72][info ][safepoint   ] Safepoint "Cleanup", Time since last: 1000706741 ns, Reaching safepoint: 32682 ns, Cleanup: 46725 ns, At safepoint: 17776 ns, Total: 97183 ns
[2025-05-26T12:21:34.495+0000][72][info ][safepoint   ] Safepoint "Cleanup", Time since last: 1000574253 ns, Reaching safepoint: 17533 ns, Cleanup: 15443 ns, At safepoint: 8617 ns, Total: 41593 ns
[2025-05-26T12:21:35.496+0000][72][info ][safepoint   ] Safepoint "Cleanup", Time since last: 1000557624 ns, Reaching safepoint: 31579 ns, Cleanup: 28530 ns, At safepoint: 18434 ns, Total: 78543 ns
[2025-05-26T12:21:37.499+0000][72][info ][safepoint   ] Safepoint "Cleanup", Time since last: 2002893911 ns, Reaching safepoint: 27661 ns, Cleanup: 20814 ns, At safepoint: 37767 ns, Total: 86242 ns
[2025-05-26T12:21:38.500+0000][72][info ][safepoint   ] Safepoint "Cleanup", Time since last: 1000629202 ns, Reaching safepoint: 22097 ns, Cleanup: 26958 ns, At safepoint: 63602 ns, Total: 112657 ns
[2025-05-26T12:21:41.501+0000][72][info ][safepoint   ] Safepoint "Cleanup", Time since last: 3000805951 ns, Reaching safepoint: 25520 ns, Cleanup: 22800 ns, At safepoint: 32797 ns, Total: 81117 ns
[2025-05-26T12:21:42.506+0000][72][info ][safepoint   ] Safepoint "Cleanup", Time since last: 1005444227 ns, Reaching safepoint: 21193 ns, Cleanup: 16048 ns, At safepoint: 9703 ns, Total: 46944 ns
[2025-05-26T12:21:43.507+0000][72][info ][safepoint   ] Safepoint "Cleanup", Time since last: 1000563940 ns, Reaching safepoint: 21624 ns, Cleanup: 16018 ns, At safepoint: 50594 ns, Total: 88236 ns
[2025-05-26T12:21:44.508+0000][72][info ][safepoint   ] Safepoint "Cleanup", Time since last: 1000995244 ns, Reaching safepoint: 23295 ns, Cleanup: 21535 ns, At safepoint: 11009 ns, Total: 55839 ns
[2025-05-26T12:21:47.509+0000][72][info ][safepoint   ] Safepoint "Cleanup", Time since last: 3000815494 ns, Reaching safepoint: 23381 ns, Cleanup: 21924 ns, At safepoint: 10553 ns, Total: 55858 ns
[2025-05-26T12:21:48.509+0000][72][info ][safepoint   ] Safepoint "Cleanup", Time since last: 1000543992 ns, Reaching safepoint: 17115 ns, Cleanup: 14924 ns, At safepoint: 7265 ns, Total: 39304 ns
[2025-05-26T12:21:50.510+0000][72][info ][safepoint   ] Safepoint "Cleanup", Time since last: 2000651730 ns, Reaching safepoint: 18916 ns, Cleanup: 15334 ns, At safepoint: 7741 ns, Total: 41991 ns
[2025-05-26T12:21:51.511+0000][72][info ][safepoint   ] Safepoint "Cleanup", Time since last: 1000606666 ns, Reaching safepoint: 57578 ns, Cleanup: 21076 ns, At safepoint: 27701 ns, Total: 106355 ns
[2025-05-26T12:21:52.512+0000][72][info ][safepoint   ] Safepoint "Cleanup", Time since last: 1001454455 ns, Reaching safepoint: 23792 ns, Cleanup: 17560 ns, At safepoint: 10149 ns, Total: 51501 ns
[2025-05-26T12:21:53.513+0000][72][info ][safepoint   ] Safepoint "Cleanup", Time since last: 1000607311 ns, Reaching safepoint: 18728 ns, Cleanup: 24395 ns, At safepoint: 9248 ns, Total: 52371 ns
[2025-05-26T12:21:55.514+0000][72][info ][safepoint   ] Safepoint "Cleanup", Time since last: 2000682633 ns, Reaching safepoint: 50101 ns, Cleanup: 23489 ns, At safepoint: 9498 ns, Total: 83088 ns
[2025-05-26T12:21:56.516+0000][72][info ][safepoint   ] Safepoint "Cleanup", Time since last: 1002461256 ns, Reaching safepoint: 27359 ns, Cleanup: 25494 ns, At safepoint: 11611 ns, Total: 64464 ns
[2025-05-26T12:21:57.514+0000][72][info ][safepoint   ] Safepoint "Cleanup", Time since last: 1000656706 ns, Reaching safepoint: 22449 ns, Cleanup: 26728 ns, At safepoint: 9940 ns, Total: 59117 ns
[2025-05-26T12:21:59.515+0000][72][info ][safepoint   ] Safepoint "Cleanup", Time since last: 2000693214 ns, Reaching safepoint: 17523 ns, Cleanup: 13955 ns, At safepoint: 7578 ns, Total: 39056 ns
[2025-05-26T12:22:00.517+0000][72][info ][safepoint   ] Safepoint "Cleanup", Time since last: 1001974468 ns, Reaching safepoint: 15048 ns, Cleanup: 12612 ns, At safepoint: 6598 ns, Total: 34258 ns
[2025-05-26T12:22:02.517+0000][72][info ][safepoint   ] Safepoint "Cleanup", Time since last: 2000608108 ns, Reaching safepoint: 53452 ns, Cleanup: 13470 ns, At safepoint: 7225 ns, Total: 74147 ns
[2025-05-26T12:22:03.518+0000][72][info ][safepoint   ] Safepoint "Cleanup", Time since last: 1000514306 ns, Reaching safepoint: 17028 ns, Cleanup: 15947 ns, At safepoint: 7998 ns, Total: 40973 ns
[2025-05-26T12:22:05.519+0000][72][info ][safepoint   ] Safepoint "Cleanup", Time since last: 2000778973 ns, Reaching safepoint: 23037 ns, Cleanup: 14754 ns, At safepoint: 8129 ns, Total: 45920 ns
[2025-05-26T12:22:07.519+0000][72][info ][safepoint   ] Safepoint "Cleanup", Time since last: 2000665824 ns, Reaching safepoint: 17603 ns, Cleanup: 14867 ns, At safepoint: 7478 ns, Total: 39948 ns
[2025-05-26T12:22:09.080+0000][72][info ][safepoint   ] Safepoint "Cleanup", Time since last: 1560495651 ns, Reaching safepoint: 27314 ns, Cleanup: 24427 ns, At safepoint: 17015 ns, Total: 68756 ns
[2025-05-26T12:22:10.081+0000][72][info ][safepoint   ] Safepoint "Cleanup", Time since last: 1000768262 ns, Reaching safepoint: 68627 ns, Cleanup: 16596 ns, At safepoint: 16415 ns, Total: 101638 ns
[2025-05-26T12:22:12.082+0000][72][info ][safepoint   ] Safepoint "Cleanup", Time since last: 2000673489 ns, Reaching safepoint: 26402 ns, Cleanup: 15687 ns, At safepoint: 9914 ns, Total: 52003 ns
[2025-05-26T12:22:13.082+0000][72][info ][safepoint   ] Safepoint "Cleanup", Time since last: 1000598146 ns, Reaching safepoint: 23896 ns, Cleanup: 19752 ns, At safepoint: 9765 ns, Total: 53413 ns
[2025-05-26T12:22:15.083+0000][72][info ][safepoint   ] Safepoint "Cleanup", Time since last: 2000731528 ns, Reaching safepoint: 30919 ns, Cleanup: 22342 ns, At safepoint: 16804 ns, Total: 70065 ns
[2025-05-26T12:22:18.084+0000][72][info ][safepoint   ] Safepoint "Cleanup", Time since last: 3000946074 ns, Reaching safepoint: 18792 ns, Cleanup: 23880 ns, At safepoint: 8305 ns, Total: 50977 ns
[2025-05-26T12:22:21.085+0000][72][info ][safepoint   ] Safepoint "Cleanup", Time since last: 3000969764 ns, Reaching safepoint: 27269 ns, Cleanup: 37045 ns, At safepoint: 15494 ns, Total: 79808 ns
[2025-05-26T12:22:22.086+0000][72][info ][safepoint   ] Safepoint "Cleanup", Time since last: 1000669344 ns, Reaching safepoint: 25936 ns, Cleanup: 17965 ns, At safepoint: 15305 ns, Total: 59206 ns
[2025-05-26T12:22:23.086+0000][72][info ][safepoint   ] Safepoint "Cleanup", Time since last: 1000686933 ns, Reaching safepoint: 17688 ns, Cleanup: 27211 ns, At safepoint: 7883 ns, Total: 52782 ns
[2025-05-26T12:22:24.087+0000][72][info ][safepoint   ] Safepoint "Cleanup", Time since last: 1000563741 ns, Reaching safepoint: 19240 ns, Cleanup: 12422 ns, At safepoint: 8398 ns, Total: 40060 ns
[2025-05-26T12:22:27.085+0000][72][info ][safepoint   ] Safepoint "Cleanup", Time since last: 3000869219 ns, Reaching safepoint: 43258 ns, Cleanup: 17001 ns, At safepoint: 7794 ns, Total: 68053 ns
[2025-05-26T12:22:28.086+0000][72][info ][safepoint   ] Safepoint "Cleanup", Time since last: 1000656276 ns, Reaching safepoint: 31495 ns, Cleanup: 30312 ns, At safepoint: 6841 ns, Total: 68648 ns
[2025-05-26T12:22:29.167+0000][72][info ][safepoint   ] Safepoint "Cleanup", Time since last: 1081564969 ns, Reaching safepoint: 81770 ns, Cleanup: 19716 ns, At safepoint: 25361 ns, Total: 126847 ns
[2025-05-26T12:22:30.542+0000][72][info ][safepoint   ] Safepoint "Cleanup", Time since last: 1375044322 ns, Reaching safepoint: 26840 ns, Cleanup: 60905 ns, At safepoint: 18475 ns, Total: 106220 ns
[2025-05-26T12:22:32.543+0000][72][info ][safepoint   ] Safepoint "Cleanup", Time since last: 2000741229 ns, Reaching safepoint: 28315 ns, Cleanup: 31691 ns, At safepoint: 15091 ns, Total: 75097 ns
[2025-05-26T12:22:33.544+0000][72][info ][safepoint   ] Safepoint "Cleanup", Time since last: 1000984423 ns, Reaching safepoint: 25127 ns, Cleanup: 49760 ns, At safepoint: 16570 ns, Total: 91457 ns
[2025-05-26T12:22:35.546+0000][72][info ][safepoint   ] Safepoint "Cleanup", Time since last: 2000902063 ns, Reaching safepoint: 246934 ns, Cleanup: 32831 ns, At safepoint: 21124 ns, Total: 300889 ns
[2025-05-26T12:22:37.547+0000][72][info ][safepoint   ] Safepoint "Cleanup", Time since last: 2001213954 ns, Reaching safepoint: 26470 ns, Cleanup: 40632 ns, At safepoint: 15102 ns, Total: 82204 ns
[2025-05-26T12:22:38.548+0000][72][info ][safepoint   ] Safepoint "Cleanup", Time since last: 1000768598 ns, Reaching safepoint: 157846 ns, Cleanup: 25871 ns, At safepoint: 119662 ns, Total: 303379 ns
[2025-05-26T12:22:40.549+0000][72][info ][safepoint   ] Safepoint "Cleanup", Time since last: 2000980121 ns, Reaching safepoint: 58818 ns, Cleanup: 17024 ns, At safepoint: 26568 ns, Total: 102410 ns
[2025-05-26T12:22:42.550+0000][72][info ][safepoint   ] Safepoint "Cleanup", Time since last: 2000797914 ns, Reaching safepoint: 27831 ns, Cleanup: 18772 ns, At safepoint: 15783 ns, Total: 62386 ns
[2025-05-26T12:22:43.551+0000][72][info ][safepoint   ] Safepoint "Cleanup", Time since last: 1000755052 ns, Reaching safepoint: 25417 ns, Cleanup: 15418 ns, At safepoint: 14663 ns, Total: 55498 ns
[2025-05-26T12:22:44.551+0000][72][info ][safepoint   ] Safepoint "Cleanup", Time since last: 1000673406 ns, Reaching safepoint: 28396 ns, Cleanup: 17866 ns, At safepoint: 16381 ns, Total: 62643 ns
[2025-05-26T12:22:45.552+0000][72][info ][safepoint   ] Safepoint "Cleanup", Time since last: 1000585695 ns, Reaching safepoint: 26927 ns, Cleanup: 16038 ns, At safepoint: 15901 ns, Total: 58866 ns
[2025-05-26T12:22:47.553+0000][72][info ][safepoint   ] Safepoint "Cleanup", Time since last: 2001018652 ns, Reaching safepoint: 29407 ns, Cleanup: 22088 ns, At safepoint: 16469 ns, Total: 67964 ns
[2025-05-26T12:22:48.554+0000][72][info ][safepoint   ] Safepoint "Cleanup", Time since last: 1000647211 ns, Reaching safepoint: 16387 ns, Cleanup: 12523 ns, At safepoint: 7103 ns, Total: 36013 ns
[2025-05-26T12:22:50.555+0000][72][info ][safepoint   ] Safepoint "Cleanup", Time since last: 2001005382 ns, Reaching safepoint: 28076 ns, Cleanup: 16430 ns, At safepoint: 15689 ns, Total: 60195 ns
[2025-05-26T12:22:52.556+0000][72][info ][safepoint   ] Safepoint "Cleanup", Time since last: 2000893204 ns, Reaching safepoint: 16793 ns, Cleanup: 22988 ns, At safepoint: 7714 ns, Total: 47495 ns
[2025-05-26T12:22:53.557+0000][72][info ][safepoint   ] Safepoint "Cleanup", Time since last: 1000736100 ns, Reaching safepoint: 27967 ns, Cleanup: 27221 ns, At safepoint: 16921 ns, Total: 72109 ns
[2025-05-26T12:22:55.558+0000][72][info ][safepoint   ] Safepoint "Cleanup", Time since last: 2000942090 ns, Reaching safepoint: 72811 ns, Cleanup: 18019 ns, At safepoint: 18210 ns, Total: 109040 ns
[2025-05-26T12:22:56.558+0000][72][info ][safepoint   ] Safepoint "Cleanup", Time since last: 1000814910 ns, Reaching safepoint: 22297 ns, Cleanup: 21368 ns, At safepoint: 10671 ns, Total: 54336 ns
[2025-05-26T12:22:57.556+0000][72][info ][safepoint   ] Safepoint "Cleanup", Time since last: 1000612882 ns, Reaching safepoint: 28873 ns, Cleanup: 20719 ns, At safepoint: 15137 ns, Total: 64729 ns
[2025-05-26T12:22:59.557+0000][72][info ][safepoint   ] Safepoint "Cleanup", Time since last: 2000907706 ns, Reaching safepoint: 28358 ns, Cleanup: 20499 ns, At safepoint: 14342 ns, Total: 63199 ns
[2025-05-26T12:23:02.558+0000][72][info ][safepoint   ] Safepoint "Cleanup", Time since last: 3001111370 ns, Reaching safepoint: 28108 ns, Cleanup: 22452 ns, At safepoint: 16005 ns, Total: 66565 ns
[2025-05-26T12:23:05.560+0000][72][info ][safepoint   ] Safepoint "Cleanup", Time since last: 3001177189 ns, Reaching safepoint: 46853 ns, Cleanup: 16550 ns, At safepoint: 12524 ns, Total: 75927 ns
[2025-05-26T12:23:07.561+0000][72][info ][safepoint   ] Safepoint "Cleanup", Time since last: 2000907813 ns, Reaching safepoint: 30393 ns, Cleanup: 17694 ns, At safepoint: 9220 ns, Total: 57307 ns
[2025-05-26T12:23:13.113+0000][72][info ][safepoint   ] Safepoint "Cleanup", Time since last: 5552498365 ns, Reaching safepoint: 32371 ns, Cleanup: 22863 ns, At safepoint: 16462 ns, Total: 71696 ns
[2025-05-26T12:23:14.114+0000][72][info ][safepoint   ] Safepoint "Cleanup", Time since last: 1000829649 ns, Reaching safepoint: 25871 ns, Cleanup: 17254 ns, At safepoint: 9625 ns, Total: 52750 ns
[2025-05-26T12:23:15.115+0000][72][info ][safepoint   ] Safepoint "Cleanup", Time since last: 1000672582 ns, Reaching safepoint: 32462 ns, Cleanup: 19342 ns, At safepoint: 19017 ns, Total: 70821 ns
[2025-05-26T12:23:16.116+0000][72][info ][safepoint   ] Safepoint "Cleanup", Time since last: 1000753566 ns, Reaching safepoint: 27891 ns, Cleanup: 15861 ns, At safepoint: 15764 ns, Total: 59516 ns
[2025-05-26T12:23:17.117+0000][72][info ][safepoint   ] Safepoint "Cleanup", Time since last: 1000736992 ns, Reaching safepoint: 28757 ns, Cleanup: 24964 ns, At safepoint: 16176 ns, Total: 69897 ns
[2025-05-26T12:23:18.117+0000][72][info ][safepoint   ] Safepoint "Cleanup", Time since last: 1000882042 ns, Reaching safepoint: 27907 ns, Cleanup: 25409 ns, At safepoint: 15877 ns, Total: 69193 ns
[2025-05-26T12:23:21.119+0000][72][info ][safepoint   ] Safepoint "Cleanup", Time since last: 3001163962 ns, Reaching safepoint: 27526 ns, Cleanup: 16531 ns, At safepoint: 16035 ns, Total: 60092 ns
[2025-05-26T12:23:23.120+0000][72][info ][safepoint   ] Safepoint "Cleanup", Time since last: 2001012706 ns, Reaching safepoint: 26462 ns, Cleanup: 51045 ns, At safepoint: 16226 ns, Total: 93733 ns
[2025-05-26T12:23:24.121+0000][72][info ][safepoint   ] Safepoint "Cleanup", Time since last: 1000748535 ns, Reaching safepoint: 25476 ns, Cleanup: 18267 ns, At safepoint: 15199 ns, Total: 58942 ns
[2025-05-26T12:23:27.119+0000][72][info ][safepoint   ] Safepoint "Cleanup", Time since last: 3001186302 ns, Reaching safepoint: 68908 ns, Cleanup: 28785 ns, At safepoint: 16475 ns, Total: 114168 ns
[2025-05-26T12:23:28.120+0000][72][info ][safepoint   ] Safepoint "Cleanup", Time since last: 1000873459 ns, Reaching safepoint: 35111 ns, Cleanup: 32890 ns, At safepoint: 16125 ns, Total: 84126 ns
[2025-05-26T12:23:32.165+0000][72][info ][safepoint   ] Safepoint "Cleanup", Time since last: 4044560353 ns, Reaching safepoint: 134419 ns, Cleanup: 19301 ns, At safepoint: 59416 ns, Total: 213136 ns
[2025-05-26T12:23:33.579+0000][72][info ][safepoint   ] Safepoint "Cleanup", Time since last: 1414263157 ns, Reaching safepoint: 16229 ns, Cleanup: 62967 ns, At safepoint: 8211 ns, Total: 87407 ns
[2025-05-26T12:23:35.580+0000][72][info ][safepoint   ] Safepoint "Cleanup", Time since last: 2000883215 ns, Reaching safepoint: 16325 ns, Cleanup: 12942 ns, At safepoint: 24154 ns, Total: 53421 ns
[2025-05-26T12:23:38.581+0000][72][info ][safepoint   ] Safepoint "Cleanup", Time since last: 3001121729 ns, Reaching safepoint: 27028 ns, Cleanup: 21524 ns, At safepoint: 14398 ns, Total: 62950 ns
[2025-05-26T12:23:41.582+0000][72][info ][safepoint   ] Safepoint "Cleanup", Time since last: 3001193378 ns, Reaching safepoint: 27157 ns, Cleanup: 15920 ns, At safepoint: 15601 ns, Total: 58678 ns
[2025-05-26T12:23:42.583+0000][72][info ][safepoint   ] Safepoint "Cleanup", Time since last: 1000734914 ns, Reaching safepoint: 95461 ns, Cleanup: 20210 ns, At safepoint: 21107 ns, Total: 136778 ns
[2025-05-26T12:23:43.584+0000][72][info ][safepoint   ] Safepoint "Cleanup", Time since last: 1000726912 ns, Reaching safepoint: 27661 ns, Cleanup: 15438 ns, At safepoint: 16182 ns, Total: 59281 ns
[2025-05-26T12:23:44.585+0000][72][info ][safepoint   ] Safepoint "Cleanup", Time since last: 1000914171 ns, Reaching safepoint: 26610 ns, Cleanup: 16348 ns, At safepoint: 15199 ns, Total: 58157 ns
[2025-05-26T12:23:45.586+0000][72][info ][safepoint   ] Safepoint "Cleanup", Time since last: 1000799485 ns, Reaching safepoint: 29158 ns, Cleanup: 19104 ns, At safepoint: 16019 ns, Total: 64281 ns
[2025-05-26T12:23:46.587+0000][72][info ][safepoint   ] Safepoint "Cleanup", Time since last: 1000787438 ns, Reaching safepoint: 26444 ns, Cleanup: 25290 ns, At safepoint: 15184 ns, Total: 66918 ns
[2025-05-26T12:23:47.587+0000][72][info ][safepoint   ] Safepoint "Cleanup", Time since last: 1000777792 ns, Reaching safepoint: 28743 ns, Cleanup: 31960 ns, At safepoint: 17730 ns, Total: 78433 ns
[2025-05-26T12:23:48.588+0000][72][info ][safepoint   ] Safepoint "Cleanup", Time since last: 1000966670 ns, Reaching safepoint: 23844 ns, Cleanup: 21955 ns, At safepoint: 13368 ns, Total: 59167 ns
[2025-05-26T12:23:50.590+0000][72][info ][safepoint   ] Safepoint "Cleanup", Time since last: 2001026541 ns, Reaching safepoint: 27579 ns, Cleanup: 111923 ns, At safepoint: 18142 ns, Total: 157644 ns
[2025-05-26T12:23:52.591+0000][72][info ][safepoint   ] Safepoint "Cleanup", Time since last: 2000831078 ns, Reaching safepoint: 15202 ns, Cleanup: 47062 ns, At safepoint: 7059 ns, Total: 69323 ns
[2025-05-26T12:23:53.591+0000][72][info ][safepoint   ] Safepoint "Cleanup", Time since last: 1000713925 ns, Reaching safepoint: 14743 ns, Cleanup: 16370 ns, At safepoint: 7029 ns, Total: 38142 ns
[2025-05-26T12:23:57.590+0000][72][info ][safepoint   ] Safepoint "Cleanup", Time since last: 4001116026 ns, Reaching safepoint: 62698 ns, Cleanup: 17692 ns, At safepoint: 14200 ns, Total: 94590 ns
[2025-05-26T12:23:58.591+0000][72][info ][safepoint   ] Safepoint "Cleanup", Time since last: 1000658054 ns, Reaching safepoint: 27641 ns, Cleanup: 17023 ns, At safepoint: 15789 ns, Total: 60453 ns
[2025-05-26T12:24:00.350+0000][72][info ][gc,start    ] GC(12) Pause Young (Concurrent Start) (CodeCache GC Threshold)
[2025-05-26T12:24:00.353+0000][72][info ][gc,task     ] GC(12) Using 10 workers of 10 for evacuation
[2025-05-26T12:24:00.353+0000][72][debug][gc,age      ] GC(12) Desired survivor size 52428800 bytes, new threshold 2 (max threshold 15)
[2025-05-26T12:24:00.571+0000][72][info ][gc,mmu      ] GC(12) MMU target violated: 201.0ms (200.0ms/201.0ms)
[2025-05-26T12:24:00.572+0000][72][info ][gc,phases   ] GC(12)   Pre Evacuate Collection Set: 1.25ms
[2025-05-26T12:24:00.572+0000][72][info ][gc,phases   ] GC(12)   Merge Heap Roots: 0.72ms
[2025-05-26T12:24:00.572+0000][72][info ][gc,phases   ] GC(12)   Evacuate Collection Set: 209.84ms
[2025-05-26T12:24:00.573+0000][72][info ][gc,phases   ] GC(12)   Post Evacuate Collection Set: 5.21ms
[2025-05-26T12:24:00.573+0000][72][info ][gc,phases   ] GC(12)   Other: 1.54ms
[2025-05-26T12:24:00.574+0000][72][trace][gc,age      ] GC(12) Age table with threshold 2 (max threshold 15)
[2025-05-26T12:24:00.574+0000][72][trace][gc,age      ] GC(12) - age   1:     869056 bytes,     869056 total
[2025-05-26T12:24:00.574+0000][72][trace][gc,age      ] GC(12) - age   2:   41412632 bytes,   42281688 total
[2025-05-26T12:24:00.575+0000][72][info ][gc,heap     ] GC(12) Eden regions: 42->0(209)
[2025-05-26T12:24:00.575+0000][72][info ][gc,heap     ] GC(12) Survivor regions: 25->12(25)
[2025-05-26T12:24:00.576+0000][72][info ][gc,heap     ] GC(12) Old regions: 3->15
[2025-05-26T12:24:00.576+0000][72][info ][gc,heap     ] GC(12) Humongous regions: 0->0
[2025-05-26T12:24:00.577+0000][72][info ][gc,metaspace] GC(12) Metaspace: 140458K(144192K)->140458K(144192K) NonClass: 120989K(123008K)->120989K(123008K) Class: 19469K(21184K)->19469K(21184K)
[2025-05-26T12:24:00.577+0000][72][info ][gc          ] GC(12) Pause Young (Concurrent Start) (CodeCache GC Threshold) 277M->108M(3880M) 226.539ms
[2025-05-26T12:24:00.578+0000][72][info ][gc,cpu      ] GC(12) User=0.66s Sys=0.47s Real=0.23s
[2025-05-26T12:24:00.578+0000][72][info ][gc          ] GC(13) Concurrent Mark Cycle
[2025-05-26T12:24:00.578+0000][72][info ][safepoint   ] Safepoint "G1TryInitiateConcMark", Time since last: 1759597758 ns, Reaching safepoint: 27845 ns, Cleanup: 7589 ns, At safepoint: 227736931 ns, Total: 227772365 ns
[2025-05-26T12:24:00.578+0000][72][info ][gc,marking  ] GC(13) Concurrent Scan Root Regions
[2025-05-26T12:24:00.602+0000][72][info ][gc,marking  ] GC(13) Concurrent Scan Root Regions 23.476ms
[2025-05-26T12:24:00.603+0000][72][info ][gc,marking  ] GC(13) Concurrent Mark
[2025-05-26T12:24:00.603+0000][72][info ][gc,marking  ] GC(13) Concurrent Mark From Roots
[2025-05-26T12:24:00.603+0000][72][info ][gc,task     ] GC(13) Using 3 workers of 3 for marking
[2025-05-26T12:24:00.610+0000][72][info ][gc,marking  ] GC(13) Concurrent Mark From Roots 6.358ms
[2025-05-26T12:24:00.610+0000][72][info ][gc,marking  ] GC(13) Concurrent Preclean
[2025-05-26T12:24:00.611+0000][72][info ][gc,marking  ] GC(13) Concurrent Preclean 0.540ms
[2025-05-26T12:24:00.611+0000][72][info ][gc,start    ] GC(13) Pause Remark
[2025-05-26T12:24:00.627+0000][72][info ][gc          ] GC(13) Pause Remark 112M->112M(3880M) 15.840ms
[2025-05-26T12:24:00.628+0000][72][info ][gc,cpu      ] GC(13) User=0.07s Sys=0.00s Real=0.02s
[2025-05-26T12:24:00.628+0000][72][info ][safepoint   ] Safepoint "G1PauseRemark", Time since last: 32931487 ns, Reaching safepoint: 15864 ns, Cleanup: 4658 ns, At safepoint: 16989152 ns, Total: 17009674 ns
[2025-05-26T12:24:00.628+0000][72][info ][gc,marking  ] GC(13) Concurrent Mark 25.746ms
[2025-05-26T12:24:00.629+0000][72][info ][gc,marking  ] GC(13) Concurrent Rebuild Remembered Sets and Scrub Regions
[2025-05-26T12:24:00.634+0000][72][info ][gc,marking  ] GC(13) Concurrent Rebuild Remembered Sets and Scrub Regions 5.030ms
[2025-05-26T12:24:00.635+0000][72][info ][gc,start    ] GC(13) Pause Cleanup
[2025-05-26T12:24:00.635+0000][72][info ][gc          ] GC(13) Pause Cleanup 112M->112M(3880M) 0.507ms
[2025-05-26T12:24:00.636+0000][72][info ][gc,cpu      ] GC(13) User=0.00s Sys=0.00s Real=0.00s
[2025-05-26T12:24:00.636+0000][72][info ][safepoint   ] Safepoint "G1PauseCleanup", Time since last: 6511457 ns, Reaching safepoint: 26225 ns, Cleanup: 233674 ns, At safepoint: 1392795 ns, Total: 1652694 ns
[2025-05-26T12:24:00.637+0000][72][info ][gc,marking  ] GC(13) Concurrent Clear Claimed Marks
[2025-05-26T12:24:00.638+0000][72][info ][gc,marking  ] GC(13) Concurrent Clear Claimed Marks 0.915ms
[2025-05-26T12:24:00.638+0000][72][info ][gc,marking  ] GC(13) Concurrent Cleanup for Next Mark
[2025-05-26T12:24:00.645+0000][72][info ][gc,marking  ] GC(13) Concurrent Cleanup for Next Mark 6.680ms
[2025-05-26T12:24:00.645+0000][72][info ][gc          ] GC(13) Concurrent Mark Cycle 67.582ms
[2025-05-26T12:24:02.637+0000][72][info ][safepoint   ] Safepoint "Cleanup", Time since last: 2000664473 ns, Reaching safepoint: 78307 ns, Cleanup: 22174 ns, At safepoint: 11787 ns, Total: 112268 ns
[2025-05-26T12:24:04.638+0000][72][info ][safepoint   ] Safepoint "Cleanup", Time since last: 2001170475 ns, Reaching safepoint: 24310 ns, Cleanup: 17273 ns, At safepoint: 11228 ns, Total: 52811 ns
[2025-05-26T12:24:05.639+0000][72][info ][safepoint   ] Safepoint "Cleanup", Time since last: 1000514060 ns, Reaching safepoint: 19224 ns, Cleanup: 19578 ns, At safepoint: 9063 ns, Total: 47865 ns
[2025-05-26T12:24:07.640+0000][72][info ][safepoint   ] Safepoint "Cleanup", Time since last: 2000693110 ns, Reaching safepoint: 24582 ns, Cleanup: 21546 ns, At safepoint: 13692 ns, Total: 59820 ns
[2025-05-26T12:24:10.146+0000][72][info ][safepoint   ] Safepoint "Cleanup", Time since last: 2506429146 ns, Reaching safepoint: 24174 ns, Cleanup: 20938 ns, At safepoint: 13926 ns, Total: 59038 ns
[2025-05-26T12:24:11.147+0000][72][info ][safepoint   ] Safepoint "Cleanup", Time since last: 1000737003 ns, Reaching safepoint: 15555 ns, Cleanup: 18869 ns, At safepoint: 7854 ns, Total: 42278 ns
[2025-05-26T12:24:13.148+0000][72][info ][safepoint   ] Safepoint "Cleanup", Time since last: 2000805654 ns, Reaching safepoint: 72389 ns, Cleanup: 19454 ns, At safepoint: 18648 ns, Total: 110491 ns
[2025-05-26T12:24:16.149+0000][72][info ][safepoint   ] Safepoint "Cleanup", Time since last: 3001274508 ns, Reaching safepoint: 27310 ns, Cleanup: 18854 ns, At safepoint: 14757 ns, Total: 60921 ns
[2025-05-26T12:24:18.150+0000][72][info ][safepoint   ] Safepoint "Cleanup", Time since last: 2000879146 ns, Reaching safepoint: 32665 ns, Cleanup: 17573 ns, At safepoint: 7480 ns, Total: 57718 ns
[2025-05-26T12:24:23.151+0000][72][info ][safepoint   ] Safepoint "Cleanup", Time since last: 5001083936 ns, Reaching safepoint: 140143 ns, Cleanup: 37344 ns, At safepoint: 39232 ns, Total: 216719 ns
[2025-05-26T12:24:24.601+0000][72][info ][safepoint   ] Safepoint "Cleanup", Time since last: 1449495766 ns, Reaching safepoint: 17272 ns, Cleanup: 56009 ns, At safepoint: 7251 ns, Total: 80532 ns
[2025-05-26T12:24:25.618+0000][72][info ][safepoint   ] Safepoint "Cleanup", Time since last: 1017085731 ns, Reaching safepoint: 24209 ns, Cleanup: 16336 ns, At safepoint: 8152 ns, Total: 48697 ns
[2025-05-26T12:24:26.616+0000][72][info ][safepoint   ] Safepoint "Cleanup", Time since last: 1000808802 ns, Reaching safepoint: 28397 ns, Cleanup: 21921 ns, At safepoint: 69727 ns, Total: 120045 ns
[2025-05-26T12:24:27.910+0000][72][info ][safepoint   ] Safepoint "Cleanup", Time since last: 1293966208 ns, Reaching safepoint: 7949 ns, Cleanup: 33243 ns, At safepoint: 2850 ns, Total: 44042 ns
[2025-05-26T12:24:28.911+0000][72][info ][safepoint   ] Safepoint "Cleanup", Time since last: 1000836896 ns, Reaching safepoint: 23995 ns, Cleanup: 21312 ns, At safepoint: 13594 ns, Total: 58901 ns
[2025-05-26T12:24:29.911+0000][72][info ][safepoint   ] Safepoint "Cleanup", Time since last: 1000666489 ns, Reaching safepoint: 19031 ns, Cleanup: 18573 ns, At safepoint: 8224 ns, Total: 45828 ns
[2025-05-26T12:24:32.912+0000][72][info ][safepoint   ] Safepoint "Cleanup", Time since last: 3000998810 ns, Reaching safepoint: 28052 ns, Cleanup: 23073 ns, At safepoint: 12063 ns, Total: 63188 ns
[2025-05-26T12:24:33.913+0000][72][info ][safepoint   ] Safepoint "Cleanup", Time since last: 1000800985 ns, Reaching safepoint: 140767 ns, Cleanup: 18086 ns, At safepoint: 18033 ns, Total: 176886 ns
[2025-05-26T12:24:34.915+0000][72][info ][safepoint   ] Safepoint "Cleanup", Time since last: 1000705894 ns, Reaching safepoint: 288514 ns, Cleanup: 11823 ns, At safepoint: 60075 ns, Total: 360412 ns
[2025-05-26T12:24:36.642+0000][72][info ][safepoint   ] Safepoint "Cleanup", Time since last: 1727138722 ns, Reaching safepoint: 32713 ns, Cleanup: 55331 ns, At safepoint: 20321 ns, Total: 108365 ns
[2025-05-26T12:24:37.643+0000][72][info ][safepoint   ] Safepoint "Cleanup", Time since last: 1000808599 ns, Reaching safepoint: 23953 ns, Cleanup: 21677 ns, At safepoint: 13437 ns, Total: 59067 ns
[2025-05-26T12:24:40.643+0000][72][info ][safepoint   ] Safepoint "Cleanup", Time since last: 3000824032 ns, Reaching safepoint: 19755 ns, Cleanup: 13200 ns, At safepoint: 8048 ns, Total: 41003 ns
[2025-05-26T12:24:41.645+0000][72][info ][safepoint   ] Safepoint "Cleanup", Time since last: 1001416469 ns, Reaching safepoint: 29691 ns, Cleanup: 32347 ns, At safepoint: 16093 ns, Total: 78131 ns
[2025-05-26T12:24:44.646+0000][72][info ][safepoint   ] Safepoint "Cleanup", Time since last: 3000893252 ns, Reaching safepoint: 64184 ns, Cleanup: 17810 ns, At safepoint: 14716 ns, Total: 96710 ns
[2025-05-26T12:24:46.647+0000][72][info ][safepoint   ] Safepoint "Cleanup", Time since last: 2000890869 ns, Reaching safepoint: 23434 ns, Cleanup: 16459 ns, At safepoint: 13522 ns, Total: 53415 ns
[2025-05-26T12:24:47.648+0000][72][info ][safepoint   ] Safepoint "Cleanup", Time since last: 1000832892 ns, Reaching safepoint: 22471 ns, Cleanup: 20065 ns, At safepoint: 14394 ns, Total: 56930 ns
[2025-05-26T12:24:50.649+0000][72][info ][safepoint   ] Safepoint "Cleanup", Time since last: 3001045297 ns, Reaching safepoint: 29924 ns, Cleanup: 20425 ns, At safepoint: 19435 ns, Total: 69784 ns
[2025-05-26T12:24:52.650+0000][72][info ][safepoint   ] Safepoint "Cleanup", Time since last: 2000883210 ns, Reaching safepoint: 27331 ns, Cleanup: 23784 ns, At safepoint: 15941 ns, Total: 67056 ns
[2025-05-26T12:24:53.651+0000][72][info ][safepoint   ] Safepoint "Cleanup", Time since last: 1000696235 ns, Reaching safepoint: 14944 ns, Cleanup: 21282 ns, At safepoint: 6919 ns, Total: 43145 ns
[2025-05-26T12:24:55.652+0000][72][info ][safepoint   ] Safepoint "Cleanup", Time since last: 2000834056 ns, Reaching safepoint: 26949 ns, Cleanup: 16604 ns, At safepoint: 14768 ns, Total: 58321 ns
[2025-05-26T12:24:57.650+0000][72][info ][safepoint   ] Safepoint "Cleanup", Time since last: 2001343164 ns, Reaching safepoint: 28721 ns, Cleanup: 26197 ns, At safepoint: 17023 ns, Total: 71941 ns
[2025-05-26T12:24:59.651+0000][72][info ][safepoint   ] Safepoint "Cleanup", Time since last: 2000933430 ns, Reaching safepoint: 244555 ns, Cleanup: 21566 ns, At safepoint: 17590 ns, Total: 283711 ns
[2025-05-26T12:25:00.652+0000][72][info ][safepoint   ] Safepoint "Cleanup", Time since last: 1000773075 ns, Reaching safepoint: 81669 ns, Cleanup: 19550 ns, At safepoint: 16196 ns, Total: 117415 ns
[2025-05-26T12:25:02.653+0000][72][info ][safepoint   ] Safepoint "Cleanup", Time since last: 2000883681 ns, Reaching safepoint: 29101 ns, Cleanup: 22610 ns, At safepoint: 13601 ns, Total: 65312 ns
[2025-05-26T12:25:03.654+0000][72][info ][safepoint   ] Safepoint "Cleanup", Time since last: 1000937807 ns, Reaching safepoint: 24468 ns, Cleanup: 15310 ns, At safepoint: 13362 ns, Total: 53140 ns
[2025-05-26T12:25:08.177+0000][72][info ][safepoint   ] Safepoint "Cleanup", Time since last: 4522822834 ns, Reaching safepoint: 12289 ns, Cleanup: 13284 ns, At safepoint: 10979 ns, Total: 36552 ns
[2025-05-26T12:25:11.178+0000][72][info ][safepoint   ] Safepoint "Cleanup", Time since last: 3001352623 ns, Reaching safepoint: 22773 ns, Cleanup: 14992 ns, At safepoint: 9605 ns, Total: 47370 ns
[2025-05-26T12:25:14.180+0000][72][info ][safepoint   ] Safepoint "Cleanup", Time since last: 3001144290 ns, Reaching safepoint: 63389 ns, Cleanup: 23601 ns, At safepoint: 16590 ns, Total: 103580 ns
[2025-05-26T12:25:18.181+0000][72][info ][safepoint   ] Safepoint "Cleanup", Time since last: 4001241327 ns, Reaching safepoint: 31875 ns, Cleanup: 21369 ns, At safepoint: 17594 ns, Total: 70838 ns
[2025-05-26T12:25:19.182+0000][72][info ][safepoint   ] Safepoint "Cleanup", Time since last: 1000760179 ns, Reaching safepoint: 26578 ns, Cleanup: 17556 ns, At safepoint: 15170 ns, Total: 59304 ns
[2025-05-26T12:25:23.183+0000][72][info ][safepoint   ] Safepoint "Cleanup", Time since last: 4001285859 ns, Reaching safepoint: 15685 ns, Cleanup: 32488 ns, At safepoint: 7435 ns, Total: 55608 ns
[2025-05-26T12:25:26.184+0000][72][info ][safepoint   ] Safepoint "Cleanup", Time since last: 3001191932 ns, Reaching safepoint: 29725 ns, Cleanup: 31634 ns, At safepoint: 17137 ns, Total: 78496 ns
[2025-05-26T12:25:28.182+0000][72][info ][safepoint   ] Safepoint "Cleanup", Time since last: 2001005067 ns, Reaching safepoint: 24443 ns, Cleanup: 25486 ns, At safepoint: 14032 ns, Total: 63961 ns
[2025-05-26T12:25:29.183+0000][72][info ][safepoint   ] Safepoint "Cleanup", Time since last: 1000694594 ns, Reaching safepoint: 44122 ns, Cleanup: 15846 ns, At safepoint: 8314 ns, Total: 68282 ns
[2025-05-26T12:25:32.184+0000][72][info ][safepoint   ] Safepoint "Cleanup", Time since last: 3001117252 ns, Reaching safepoint: 21359 ns, Cleanup: 26135 ns, At safepoint: 9600 ns, Total: 57094 ns
[2025-05-26T12:25:33.188+0000][72][info ][safepoint   ] Safepoint "Cleanup", Time since last: 1003954333 ns, Reaching safepoint: 24133 ns, Cleanup: 19258 ns, At safepoint: 14120 ns, Total: 57511 ns
[2025-05-26T12:25:34.189+0000][72][info ][safepoint   ] Safepoint "Cleanup", Time since last: 1000879753 ns, Reaching safepoint: 28834 ns, Cleanup: 16441 ns, At safepoint: 16316 ns, Total: 61591 ns
[2025-05-26T12:25:35.190+0000][72][info ][safepoint   ] Safepoint "Cleanup", Time since last: 1000823950 ns, Reaching safepoint: 39217 ns, Cleanup: 35911 ns, At safepoint: 18929 ns, Total: 94057 ns
[2025-05-26T12:25:38.160+0000][72][info ][safepoint   ] Safepoint "Cleanup", Time since last: 2970274855 ns, Reaching safepoint: 93487 ns, Cleanup: 24493 ns, At safepoint: 29774 ns, Total: 147754 ns
[2025-05-26T12:25:39.688+0000][72][info ][safepoint   ] Safepoint "Cleanup", Time since last: 1527808840 ns, Reaching safepoint: 21351 ns, Cleanup: 100122 ns, At safepoint: 17911 ns, Total: 139384 ns
[2025-05-26T12:25:41.689+0000][72][info ][safepoint   ] Safepoint "Cleanup", Time since last: 2000763111 ns, Reaching safepoint: 26367 ns, Cleanup: 23159 ns, At safepoint: 79708 ns, Total: 129234 ns
[2025-05-26T12:25:43.690+0000][72][info ][safepoint   ] Safepoint "Cleanup", Time since last: 2000994562 ns, Reaching safepoint: 27618 ns, Cleanup: 19899 ns, At safepoint: 15260 ns, Total: 62777 ns
[2025-05-26T12:25:44.691+0000][72][info ][safepoint   ] Safepoint "Cleanup", Time since last: 1000765759 ns, Reaching safepoint: 72097 ns, Cleanup: 34426 ns, At safepoint: 34922 ns, Total: 141445 ns
[2025-05-26T12:25:45.692+0000][72][info ][safepoint   ] Safepoint "Cleanup", Time since last: 1000599995 ns, Reaching safepoint: 18511 ns, Cleanup: 15263 ns, At safepoint: 8815 ns, Total: 42589 ns
[2025-05-26T12:25:46.692+0000][72][info ][safepoint   ] Safepoint "Cleanup", Time since last: 1000679826 ns, Reaching safepoint: 35362 ns, Cleanup: 17018 ns, At safepoint: 11916 ns, Total: 64296 ns
[2025-05-26T12:25:47.693+0000][72][info ][safepoint   ] Safepoint "Cleanup", Time since last: 1000623280 ns, Reaching safepoint: 27320 ns, Cleanup: 20706 ns, At safepoint: 11479 ns, Total: 59505 ns
[2025-05-26T12:25:48.694+0000][72][info ][safepoint   ] Safepoint "Cleanup", Time since last: 1000696783 ns, Reaching safepoint: 131523 ns, Cleanup: 18721 ns, At safepoint: 23899 ns, Total: 174143 ns
[2025-05-26T12:25:50.695+0000][72][info ][safepoint   ] Safepoint "Cleanup", Time since last: 2000994765 ns, Reaching safepoint: 37309 ns, Cleanup: 27499 ns, At safepoint: 13529 ns, Total: 78337 ns
[2025-05-26T12:25:52.696+0000][72][info ][safepoint   ] Safepoint "Cleanup", Time since last: 2000896656 ns, Reaching safepoint: 26355 ns, Cleanup: 21326 ns, At safepoint: 14628 ns, Total: 62309 ns
[2025-05-26T12:25:56.695+0000][72][info ][safepoint   ] Safepoint "Cleanup", Time since last: 4001216315 ns, Reaching safepoint: 32712 ns, Cleanup: 19174 ns, At safepoint: 19317 ns, Total: 71203 ns
[2025-05-26T12:25:58.696+0000][72][info ][safepoint   ] Safepoint "Cleanup", Time since last: 2000860918 ns, Reaching safepoint: 24546 ns, Cleanup: 14098 ns, At safepoint: 9533 ns, Total: 48177 ns
[2025-05-26T12:25:59.697+0000][72][info ][safepoint   ] Safepoint "Cleanup", Time since last: 1000739351 ns, Reaching safepoint: 35265 ns, Cleanup: 18309 ns, At safepoint: 20174 ns, Total: 73748 ns
[2025-05-26T12:26:00.698+0000][72][info ][safepoint   ] Safepoint "Cleanup", Time since last: 1000859407 ns, Reaching safepoint: 135134 ns, Cleanup: 29369 ns, At safepoint: 12394 ns, Total: 176897 ns
[2025-05-26T12:26:02.699+0000][72][info ][safepoint   ] Safepoint "Cleanup", Time since last: 2001002830 ns, Reaching safepoint: 114679 ns, Cleanup: 22807 ns, At safepoint: 20519 ns, Total: 158005 ns
[2025-05-26T12:26:03.700+0000][72][info ][safepoint   ] Safepoint "Cleanup", Time since last: 1000724697 ns, Reaching safepoint: 134926 ns, Cleanup: 43104 ns, At safepoint: 13995 ns, Total: 192025 ns
[2025-05-26T12:26:08.208+0000][72][info ][safepoint   ] Safepoint "Cleanup", Time since last: 4508666108 ns, Reaching safepoint: 75882 ns, Cleanup: 14252 ns, At safepoint: 14103 ns, Total: 104237 ns
[2025-05-26T12:26:13.210+0000][72][info ][safepoint   ] Safepoint "Cleanup", Time since last: 5001458157 ns, Reaching safepoint: 27051 ns, Cleanup: 23298 ns, At safepoint: 14312 ns, Total: 64661 ns
[2025-05-26T12:26:17.211+0000][72][info ][safepoint   ] Safepoint "Cleanup", Time since last: 4001199178 ns, Reaching safepoint: 61771 ns, Cleanup: 25493 ns, At safepoint: 16672 ns, Total: 103936 ns
[2025-05-26T12:26:18.212+0000][72][info ][safepoint   ] Safepoint "Cleanup", Time since last: 1000718559 ns, Reaching safepoint: 27366 ns, Cleanup: 20493 ns, At safepoint: 16005 ns, Total: 63864 ns
[2025-05-26T12:26:23.214+0000][72][info ][safepoint   ] Safepoint "Cleanup", Time since last: 5001349052 ns, Reaching safepoint: 16731 ns, Cleanup: 58565 ns, At safepoint: 8610 ns, Total: 83906 ns
[2025-05-26T12:26:26.215+0000][72][info ][safepoint   ] Safepoint "Cleanup", Time since last: 3001024159 ns, Reaching safepoint: 54760 ns, Cleanup: 15637 ns, At safepoint: 8104 ns, Total: 78501 ns
[2025-05-26T12:26:29.212+0000][72][info ][safepoint   ] Safepoint "Cleanup", Time since last: 3000873031 ns, Reaching safepoint: 25197 ns, Cleanup: 16714 ns, At safepoint: 14042 ns, Total: 55953 ns
[2025-05-26T12:26:30.213+0000][72][info ][safepoint   ] Safepoint "Cleanup", Time since last: 1000711123 ns, Reaching safepoint: 25549 ns, Cleanup: 15605 ns, At safepoint: 14418 ns, Total: 55572 ns
[2025-05-26T12:26:33.214+0000][72][info ][safepoint   ] Safepoint "Cleanup", Time since last: 3001013244 ns, Reaching safepoint: 33605 ns, Cleanup: 28177 ns, At safepoint: 19322 ns, Total: 81104 ns
[2025-05-26T12:26:35.215+0000][72][info ][safepoint   ] Safepoint "Cleanup", Time since last: 2000922372 ns, Reaching safepoint: 26877 ns, Cleanup: 17872 ns, At safepoint: 15598 ns, Total: 60347 ns
[2025-05-26T12:26:38.216+0000][72][info ][safepoint   ] Safepoint "Cleanup", Time since last: 3001160548 ns, Reaching safepoint: 28364 ns, Cleanup: 19088 ns, At safepoint: 15436 ns, Total: 62888 ns
[2025-05-26T12:26:41.178+0000][72][info ][safepoint   ] Safepoint "Cleanup", Time since last: 2961817860 ns, Reaching safepoint: 125848 ns, Cleanup: 23495 ns, At safepoint: 153294 ns, Total: 302637 ns
[2025-05-26T12:26:42.726+0000][72][info ][safepoint   ] Safepoint "Cleanup", Time since last: 1547435109 ns, Reaching safepoint: 17039 ns, Cleanup: 24850 ns, At safepoint: 7870 ns, Total: 49759 ns
[2025-05-26T12:26:44.727+0000][72][info ][safepoint   ] Safepoint "Cleanup", Time since last: 2000919414 ns, Reaching safepoint: 248704 ns, Cleanup: 18632 ns, At safepoint: 136225 ns, Total: 403561 ns
[2025-05-26T12:26:45.728+0000][72][info ][safepoint   ] Safepoint "Cleanup", Time since last: 1000741910 ns, Reaching safepoint: 17303 ns, Cleanup: 11899 ns, At safepoint: 8086 ns, Total: 37288 ns
[2025-05-26T12:26:46.729+0000][72][info ][safepoint   ] Safepoint "Cleanup", Time since last: 1000764133 ns, Reaching safepoint: 64935 ns, Cleanup: 20543 ns, At safepoint: 28670 ns, Total: 114148 ns
[2025-05-26T12:26:47.729+0000][72][info ][safepoint   ] Safepoint "Cleanup", Time since last: 1000776021 ns, Reaching safepoint: 27490 ns, Cleanup: 18087 ns, At safepoint: 15430 ns, Total: 61007 ns
[2025-05-26T12:26:48.730+0000][72][info ][safepoint   ] Safepoint "Cleanup", Time since last: 1000752127 ns, Reaching safepoint: 27931 ns, Cleanup: 17870 ns, At safepoint: 15029 ns, Total: 60830 ns
[2025-05-26T12:26:50.731+0000][72][info ][safepoint   ] Safepoint "Cleanup", Time since last: 2000731780 ns, Reaching safepoint: 14303 ns, Cleanup: 10766 ns, At safepoint: 6665 ns, Total: 31734 ns
[2025-05-26T12:26:52.732+0000][72][info ][safepoint   ] Safepoint "Cleanup", Time since last: 2000913171 ns, Reaching safepoint: 15525 ns, Cleanup: 15009 ns, At safepoint: 6769 ns, Total: 37303 ns
[2025-05-26T12:26:56.730+0000][72][info ][safepoint   ] Safepoint "Cleanup", Time since last: 4001422464 ns, Reaching safepoint: 24926 ns, Cleanup: 24394 ns, At safepoint: 14055 ns, Total: 63375 ns
[2025-05-26T12:26:57.731+0000][72][info ][safepoint   ] Safepoint "Cleanup", Time since last: 1000629416 ns, Reaching safepoint: 16421 ns, Cleanup: 11968 ns, At safepoint: 7311 ns, Total: 35700 ns
[2025-05-26T12:27:02.733+0000][72][info ][safepoint   ] Safepoint "Cleanup", Time since last: 5001467265 ns, Reaching safepoint: 61896 ns, Cleanup: 35330 ns, At safepoint: 14671 ns, Total: 111897 ns
[2025-05-26T12:27:05.734+0000][72][info ][safepoint   ] Safepoint "Cleanup", Time since last: 3001118669 ns, Reaching safepoint: 27905 ns, Cleanup: 16716 ns, At safepoint: 79610 ns, Total: 124231 ns
[2025-05-26T12:27:07.735+0000][72][info ][safepoint   ] Safepoint "Cleanup", Time since last: 2000913894 ns, Reaching safepoint: 25861 ns, Cleanup: 23872 ns, At safepoint: 14925 ns, Total: 64658 ns
[2025-05-26T12:27:09.242+0000][72][info ][safepoint   ] Safepoint "Cleanup", Time since last: 1506871959 ns, Reaching safepoint: 29853 ns, Cleanup: 16635 ns, At safepoint: 19861 ns, Total: 66349 ns
[2025-05-26T12:27:11.243+0000][72][info ][safepoint   ] Safepoint "Cleanup", Time since last: 2001124707 ns, Reaching safepoint: 23430 ns, Cleanup: 15082 ns, At safepoint: 9516 ns, Total: 48028 ns
[2025-05-26T12:27:13.244+0000][72][info ][safepoint   ] Safepoint "Cleanup", Time since last: 2001318960 ns, Reaching safepoint: 27930 ns, Cleanup: 15831 ns, At safepoint: 15457 ns, Total: 59218 ns
[2025-05-26T12:27:14.245+0000][72][info ][safepoint   ] Safepoint "Cleanup", Time since last: 1000605240 ns, Reaching safepoint: 25609 ns, Cleanup: 16964 ns, At safepoint: 10755 ns, Total: 53328 ns
[2025-05-26T12:27:17.247+0000][72][info ][safepoint   ] Safepoint "Cleanup", Time since last: 3001996366 ns, Reaching safepoint: 62033 ns, Cleanup: 16616 ns, At safepoint: 15243 ns, Total: 93892 ns
[2025-05-26T12:27:18.248+0000][72][info ][safepoint   ] Safepoint "Cleanup", Time since last: 1000799396 ns, Reaching safepoint: 24801 ns, Cleanup: 17238 ns, At safepoint: 13852 ns, Total: 55891 ns
[2025-05-26T12:27:19.249+0000][72][info ][safepoint   ] Safepoint "Cleanup", Time since last: 1000921610 ns, Reaching safepoint: 25130 ns, Cleanup: 19074 ns, At safepoint: 13454 ns, Total: 57658 ns
[2025-05-26T12:27:22.250+0000][72][info ][safepoint   ] Safepoint "Cleanup", Time since last: 3001190376 ns, Reaching safepoint: 27047 ns, Cleanup: 16323 ns, At safepoint: 15173 ns, Total: 58543 ns
[2025-05-26T12:27:23.251+0000][72][info ][safepoint   ] Safepoint "Cleanup", Time since last: 1000655466 ns, Reaching safepoint: 17063 ns, Cleanup: 34948 ns, At safepoint: 7102 ns, Total: 59113 ns
[2025-05-26T12:27:28.250+0000][72][info ][safepoint   ] Safepoint "Cleanup", Time since last: 5001901702 ns, Reaching safepoint: 28940 ns, Cleanup: 16908 ns, At safepoint: 15242 ns, Total: 61090 ns
[2025-05-26T12:27:32.251+0000][72][info ][safepoint   ] Safepoint "Cleanup", Time since last: 4001149050 ns, Reaching safepoint: 61391 ns, Cleanup: 17141 ns, At safepoint: 14742 ns, Total: 93274 ns
[2025-05-26T12:27:33.252+0000][72][info ][safepoint   ] Safepoint "Cleanup", Time since last: 1000684823 ns, Reaching safepoint: 25990 ns, Cleanup: 15761 ns, At safepoint: 14260 ns, Total: 56011 ns
[2025-05-26T12:27:43.255+0000][72][info ][safepoint   ] Safepoint "Cleanup", Time since last: 10002468142 ns, Reaching safepoint: 28109 ns, Cleanup: 25554 ns, At safepoint: 17341 ns, Total: 71004 ns
[2025-05-26T12:27:44.756+0000][72][info ][safepoint   ] Safepoint "Cleanup", Time since last: 1501433356 ns, Reaching safepoint: 13654 ns, Cleanup: 51509 ns, At safepoint: 45565 ns, Total: 110728 ns
[2025-05-26T12:27:45.774+0000][72][info ][safepoint   ] Safepoint "Cleanup", Time since last: 1017844369 ns, Reaching safepoint: 27471 ns, Cleanup: 108426 ns, At safepoint: 19540 ns, Total: 155437 ns
[2025-05-26T12:27:47.775+0000][72][info ][safepoint   ] Safepoint "Cleanup", Time since last: 2000830701 ns, Reaching safepoint: 39662 ns, Cleanup: 16824 ns, At safepoint: 8141 ns, Total: 64627 ns
[2025-05-26T12:27:53.777+0000][72][info ][safepoint   ] Safepoint "Cleanup", Time since last: 6001549297 ns, Reaching safepoint: 28496 ns, Cleanup: 22675 ns, At safepoint: 16891 ns, Total: 68062 ns
[2025-05-26T12:27:57.775+0000][72][info ][safepoint   ] Safepoint "Cleanup", Time since last: 4001091456 ns, Reaching safepoint: 27082 ns, Cleanup: 18004 ns, At safepoint: 14208 ns, Total: 59294 ns
[2025-05-26T12:27:59.776+0000][72][info ][safepoint   ] Safepoint "Cleanup", Time since last: 2000899003 ns, Reaching safepoint: 26627 ns, Cleanup: 15638 ns, At safepoint: 14428 ns, Total: 56693 ns
[2025-05-26T12:28:02.778+0000][72][info ][safepoint   ] Safepoint "Cleanup", Time since last: 3001174809 ns, Reaching safepoint: 201212 ns, Cleanup: 27267 ns, At safepoint: 153381 ns, Total: 381860 ns
[2025-05-26T12:28:05.779+0000][72][info ][safepoint   ] Safepoint "Cleanup", Time since last: 3001068266 ns, Reaching safepoint: 28976 ns, Cleanup: 18194 ns, At safepoint: 76106 ns, Total: 123276 ns
[2025-05-26T12:28:07.780+0000][72][info ][safepoint   ] Safepoint "Cleanup", Time since last: 2000875725 ns, Reaching safepoint: 27424 ns, Cleanup: 25985 ns, At safepoint: 70605 ns, Total: 124014 ns
[2025-05-26T12:28:09.276+0000][72][info ][safepoint   ] Safepoint "Cleanup", Time since last: 1495729769 ns, Reaching safepoint: 29138 ns, Cleanup: 25247 ns, At safepoint: 16772 ns, Total: 71157 ns
[2025-05-26T12:28:11.276+0000][72][info ][safepoint   ] Safepoint "Cleanup", Time since last: 2000825017 ns, Reaching safepoint: 20076 ns, Cleanup: 19583 ns, At safepoint: 9685 ns, Total: 49344 ns
[2025-05-26T12:28:14.278+0000][72][info ][safepoint   ] Safepoint "Cleanup", Time since last: 3001439309 ns, Reaching safepoint: 24957 ns, Cleanup: 17612 ns, At safepoint: 13915 ns, Total: 56484 ns
[2025-05-26T12:28:16.279+0000][72][info ][safepoint   ] Safepoint "Cleanup", Time since last: 2000827741 ns, Reaching safepoint: 141369 ns, Cleanup: 16492 ns, At safepoint: 144703 ns, Total: 302564 ns
[2025-05-26T12:28:23.281+0000][72][info ][safepoint   ] Safepoint "Cleanup", Time since last: 7001713952 ns, Reaching safepoint: 30347 ns, Cleanup: 52109 ns, At safepoint: 17760 ns, Total: 100216 ns
[2025-05-26T12:28:29.280+0000][72][info ][safepoint   ] Safepoint "Cleanup", Time since last: 6001934843 ns, Reaching safepoint: 25895 ns, Cleanup: 19583 ns, At safepoint: 15469 ns, Total: 60947 ns
[2025-05-26T12:28:30.281+0000][72][info ][safepoint   ] Safepoint "Cleanup", Time since last: 1000857715 ns, Reaching safepoint: 25922 ns, Cleanup: 21206 ns, At safepoint: 14392 ns, Total: 61520 ns
[2025-05-26T12:28:32.282+0000][72][info ][safepoint   ] Safepoint "Cleanup", Time since last: 2000945727 ns, Reaching safepoint: 27856 ns, Cleanup: 22759 ns, At safepoint: 15287 ns, Total: 65902 ns
[2025-05-26T12:28:38.283+0000][72][info ][safepoint   ] Safepoint "Cleanup", Time since last: 6001463061 ns, Reaching safepoint: 25752 ns, Cleanup: 22761 ns, At safepoint: 14724 ns, Total: 63237 ns
[2025-05-26T12:28:40.284+0000][72][info ][safepoint   ] Safepoint "Cleanup", Time since last: 2000632926 ns, Reaching safepoint: 14208 ns, Cleanup: 11190 ns, At safepoint: 6626 ns, Total: 32024 ns
[2025-05-26T12:28:43.285+0000][72][info ][safepoint   ] Safepoint "Cleanup", Time since last: 3000892897 ns, Reaching safepoint: 14993 ns, Cleanup: 13906 ns, At safepoint: 7281 ns, Total: 36180 ns
[2025-05-26T12:28:44.286+0000][72][info ][safepoint   ] Safepoint "Cleanup", Time since last: 1000764710 ns, Reaching safepoint: 15401 ns, Cleanup: 14222 ns, At safepoint: 7353 ns, Total: 36976 ns
[2025-05-26T12:28:45.287+0000][72][info ][safepoint   ] Safepoint "Cleanup", Time since last: 1000793652 ns, Reaching safepoint: 14685 ns, Cleanup: 11319 ns, At safepoint: 6600 ns, Total: 32604 ns
[2025-05-26T12:28:46.287+0000][72][info ][safepoint   ] Safepoint "Cleanup", Time since last: 1000691265 ns, Reaching safepoint: 14938 ns, Cleanup: 11710 ns, At safepoint: 6450 ns, Total: 33098 ns
[2025-05-26T12:28:47.792+0000][72][info ][safepoint   ] Safepoint "Cleanup", Time since last: 1504670545 ns, Reaching safepoint: 5218 ns, Cleanup: 27880 ns, At safepoint: 12748 ns, Total: 45846 ns
[2025-05-26T12:28:48.803+0000][72][info ][safepoint   ] Safepoint "Cleanup", Time since last: 1011341643 ns, Reaching safepoint: 43812 ns, Cleanup: 14999 ns, At safepoint: 18702 ns, Total: 77513 ns
[2025-05-26T12:28:52.805+0000][72][info ][safepoint   ] Safepoint "Cleanup", Time since last: 4001143238 ns, Reaching safepoint: 30785 ns, Cleanup: 19209 ns, At safepoint: 19747 ns, Total: 69741 ns
[2025-05-26T12:28:53.806+0000][72][info ][safepoint   ] Safepoint "Cleanup", Time since last: 1000736506 ns, Reaching safepoint: 25935 ns, Cleanup: 22513 ns, At safepoint: 13616 ns, Total: 62064 ns
[2025-05-26T12:28:56.803+0000][72][info ][safepoint   ] Safepoint "Cleanup", Time since last: 3000993396 ns, Reaching safepoint: 25301 ns, Cleanup: 16386 ns, At safepoint: 14465 ns, Total: 56152 ns
[2025-05-26T12:28:59.805+0000][72][info ][safepoint   ] Safepoint "Cleanup", Time since last: 3001151142 ns, Reaching safepoint: 111580 ns, Cleanup: 18278 ns, At safepoint: 18771 ns, Total: 148629 ns
[2025-05-26T12:29:02.806+0000][72][info ][safepoint   ] Safepoint "Cleanup", Time since last: 3001070777 ns, Reaching safepoint: 32012 ns, Cleanup: 20381 ns, At safepoint: 19044 ns, Total: 71437 ns
[2025-05-26T12:29:03.807+0000][72][info ][safepoint   ] Safepoint "Cleanup", Time since last: 1000864760 ns, Reaching safepoint: 26351 ns, Cleanup: 14914 ns, At safepoint: 14365 ns, Total: 55630 ns
[2025-05-26T12:29:05.808+0000][72][info ][safepoint   ] Safepoint "Cleanup", Time since last: 2001037476 ns, Reaching safepoint: 63167 ns, Cleanup: 17484 ns, At safepoint: 15300 ns, Total: 95951 ns
[2025-05-26T12:29:07.809+0000][72][info ][safepoint   ] Safepoint "Cleanup", Time since last: 2000922782 ns, Reaching safepoint: 28170 ns, Cleanup: 17820 ns, At safepoint: 15895 ns, Total: 61885 ns
[2025-05-26T12:29:09.310+0000][72][info ][safepoint   ] Safepoint "Cleanup", Time since last: 1501182234 ns, Reaching safepoint: 26515 ns, Cleanup: 15822 ns, At safepoint: 15142 ns, Total: 57479 ns
[2025-05-26T12:29:10.311+0000][72][info ][safepoint   ] Safepoint "Cleanup", Time since last: 1000757498 ns, Reaching safepoint: 25764 ns, Cleanup: 21070 ns, At safepoint: 14537 ns, Total: 61371 ns
[2025-05-26T12:29:11.312+0000][72][info ][safepoint   ] Safepoint "Cleanup", Time since last: 1000742470 ns, Reaching safepoint: 49792 ns, Cleanup: 14816 ns, At safepoint: 8873 ns, Total: 73481 ns
[2025-05-26T12:29:16.313+0000][72][info ][safepoint   ] Safepoint "Cleanup", Time since last: 5001281881 ns, Reaching safepoint: 26082 ns, Cleanup: 21852 ns, At safepoint: 14165 ns, Total: 62099 ns
[2025-05-26T12:29:20.314+0000][72][info ][safepoint   ] Safepoint "Cleanup", Time since last: 4001377163 ns, Reaching safepoint: 36503 ns, Cleanup: 11680 ns, At safepoint: 7399 ns, Total: 55582 ns
[2025-05-26T12:29:23.315+0000][72][info ][safepoint   ] Safepoint "Cleanup", Time since last: 3000946820 ns, Reaching safepoint: 15313 ns, Cleanup: 20771 ns, At safepoint: 7353 ns, Total: 43437 ns
[2025-05-26T12:29:26.152+0000][72][info ][safepoint   ] Safepoint "Cleanup", Time since last: 2836942813 ns, Reaching safepoint: 17716 ns, Cleanup: 27685 ns, At safepoint: 89849 ns, Total: 135250 ns
[2025-05-26T12:29:27.416+0000][72][info ][safepoint   ] Safepoint "Cleanup", Time since last: 1265984900 ns, Reaching safepoint: 22769 ns, Cleanup: 61968 ns, At safepoint: 69090 ns, Total: 153827 ns
[2025-05-26T12:29:28.973+0000][72][info ][safepoint   ] Safepoint "Cleanup", Time since last: 1557076243 ns, Reaching safepoint: 13824 ns, Cleanup: 18114 ns, At safepoint: 6584 ns, Total: 38522 ns
[2025-05-26T12:29:29.973+0000][72][info ][safepoint   ] Safepoint "Cleanup", Time since last: 1000656801 ns, Reaching safepoint: 25455 ns, Cleanup: 21775 ns, At safepoint: 14881 ns, Total: 62111 ns
[2025-05-26T12:29:32.974+0000][72][info ][safepoint   ] Safepoint "Cleanup", Time since last: 3000958736 ns, Reaching safepoint: 13691 ns, Cleanup: 11512 ns, At safepoint: 5986 ns, Total: 31189 ns
[2025-05-26T12:29:35.976+0000][72][info ][safepoint   ] Safepoint "Cleanup", Time since last: 3001067914 ns, Reaching safepoint: 26487 ns, Cleanup: 30076 ns, At safepoint: 14564 ns, Total: 71127 ns
[2025-05-26T12:29:39.977+0000][72][info ][safepoint   ] Safepoint "Cleanup", Time since last: 4001469459 ns, Reaching safepoint: 24813 ns, Cleanup: 14426 ns, At safepoint: 14163 ns, Total: 53402 ns
[2025-05-26T12:29:42.978+0000][72][info ][safepoint   ] Safepoint "Cleanup", Time since last: 3001104509 ns, Reaching safepoint: 16257 ns, Cleanup: 11499 ns, At safepoint: 24946 ns, Total: 52702 ns
[2025-05-26T12:29:43.979+0000][72][info ][safepoint   ] Safepoint "Cleanup", Time since last: 1000539832 ns, Reaching safepoint: 27084 ns, Cleanup: 16051 ns, At safepoint: 14925 ns, Total: 58060 ns
[2025-05-26T12:29:47.980+0000][72][info ][safepoint   ] Safepoint "Cleanup", Time since last: 4001155793 ns, Reaching safepoint: 26013 ns, Cleanup: 35078 ns, At safepoint: 14658 ns, Total: 75749 ns
[2025-05-26T12:29:50.147+0000][72][info ][safepoint   ] Safepoint "Cleanup", Time since last: 2166952104 ns, Reaching safepoint: 22899 ns, Cleanup: 15326 ns, At safepoint: 125768 ns, Total: 163993 ns
[2025-05-26T12:29:51.942+0000][72][info ][safepoint   ] Safepoint "Cleanup", Time since last: 1794916375 ns, Reaching safepoint: 15940 ns, Cleanup: 153328 ns, At safepoint: 65652 ns, Total: 234920 ns
[2025-05-26T12:29:52.948+0000][72][info ][safepoint   ] Safepoint "Cleanup", Time since last: 1005544763 ns, Reaching safepoint: 15242 ns, Cleanup: 12959 ns, At safepoint: 6877 ns, Total: 35078 ns
[2025-05-26T12:29:53.949+0000][72][info ][safepoint   ] Safepoint "Cleanup", Time since last: 1000692613 ns, Reaching safepoint: 26031 ns, Cleanup: 20346 ns, At safepoint: 14274 ns, Total: 60651 ns
[2025-05-26T12:29:57.947+0000][72][info ][safepoint   ] Safepoint "Cleanup", Time since last: 4001406962 ns, Reaching safepoint: 26206 ns, Cleanup: 18028 ns, At safepoint: 14374 ns, Total: 58608 ns
[2025-05-26T12:30:02.949+0000][72][info ][safepoint   ] Safepoint "Cleanup", Time since last: 5001444565 ns, Reaching safepoint: 26452 ns, Cleanup: 23798 ns, At safepoint: 14914 ns, Total: 65164 ns
[2025-05-26T12:30:16.344+0000][72][info ][safepoint   ] Safepoint "Cleanup", Time since last: 13395072789 ns, Reaching safepoint: 28471 ns, Cleanup: 17032 ns, At safepoint: 15412 ns, Total: 60915 ns
[2025-05-26T12:30:17.345+0000][72][info ][safepoint   ] Safepoint "Cleanup", Time since last: 1000816884 ns, Reaching safepoint: 14769 ns, Cleanup: 13324 ns, At safepoint: 7055 ns, Total: 35148 ns
[2025-05-26T12:30:18.346+0000][72][info ][safepoint   ] Safepoint "Cleanup", Time since last: 1000719550 ns, Reaching safepoint: 25801 ns, Cleanup: 19177 ns, At safepoint: 14819 ns, Total: 59797 ns
[2025-05-26T12:30:20.346+0000][72][info ][safepoint   ] Safepoint "Cleanup", Time since last: 2000872502 ns, Reaching safepoint: 28357 ns, Cleanup: 19936 ns, At safepoint: 14621 ns, Total: 62914 ns
[2025-05-26T12:30:22.347+0000][72][info ][safepoint   ] Safepoint "Cleanup", Time since last: 2000752800 ns, Reaching safepoint: 48220 ns, Cleanup: 25582 ns, At safepoint: 7545 ns, Total: 81347 ns
[2025-05-26T12:30:23.348+0000][72][info ][safepoint   ] Safepoint "Cleanup", Time since last: 1000784973 ns, Reaching safepoint: 16719 ns, Cleanup: 14028 ns, At safepoint: 8257 ns, Total: 39004 ns
[2025-05-26T12:30:24.349+0000][72][info ][safepoint   ] Safepoint "Cleanup", Time since last: 1000618533 ns, Reaching safepoint: 26430 ns, Cleanup: 15025 ns, At safepoint: 14226 ns, Total: 55681 ns
[2025-05-26T12:30:28.347+0000][72][info ][safepoint   ] Safepoint "Cleanup", Time since last: 4001116291 ns, Reaching safepoint: 25653 ns, Cleanup: 14555 ns, At safepoint: 10698 ns, Total: 50906 ns
[2025-05-26T12:30:30.348+0000][72][info ][safepoint   ] Safepoint "Cleanup", Time since last: 2000758542 ns, Reaching safepoint: 30312 ns, Cleanup: 20847 ns, At safepoint: 17696 ns, Total: 68855 ns
[2025-05-26T12:30:33.349+0000][72][info ][safepoint   ] Safepoint "Cleanup", Time since last: 3001111178 ns, Reaching safepoint: 14074 ns, Cleanup: 14090 ns, At safepoint: 20756 ns, Total: 48920 ns
[2025-05-26T12:30:37.351+0000][72][info ][safepoint   ] Safepoint "Cleanup", Time since last: 4001268087 ns, Reaching safepoint: 79460 ns, Cleanup: 12442 ns, At safepoint: 9193 ns, Total: 101095 ns
[2025-05-26T12:30:38.351+0000][72][info ][safepoint   ] Safepoint "Cleanup", Time since last: 1000653995 ns, Reaching safepoint: 124955 ns, Cleanup: 21945 ns, At safepoint: 23649 ns, Total: 170549 ns
[2025-05-26T12:30:41.353+0000][72][info ][safepoint   ] Safepoint "Cleanup", Time since last: 3001052128 ns, Reaching safepoint: 29483 ns, Cleanup: 15694 ns, At safepoint: 15221 ns, Total: 60398 ns
[2025-05-26T12:30:43.353+0000][72][info ][safepoint   ] Safepoint "Cleanup", Time since last: 2000795089 ns, Reaching safepoint: 29153 ns, Cleanup: 17657 ns, At safepoint: 14438 ns, Total: 61248 ns
[2025-05-26T12:30:44.354+0000][72][info ][safepoint   ] Safepoint "Cleanup", Time since last: 1000721707 ns, Reaching safepoint: 30097 ns, Cleanup: 24157 ns, At safepoint: 81280 ns, Total: 135534 ns
[2025-05-26T12:30:48.356+0000][72][info ][safepoint   ] Safepoint "Cleanup", Time since last: 4001142614 ns, Reaching safepoint: 63271 ns, Cleanup: 16442 ns, At safepoint: 28777 ns, Total: 108490 ns
[2025-05-26T12:30:50.357+0000][72][info ][safepoint   ] Safepoint "Cleanup", Time since last: 2000683818 ns, Reaching safepoint: 200561 ns, Cleanup: 18469 ns, At safepoint: 92206 ns, Total: 311236 ns
[2025-05-26T12:30:53.154+0000][72][info ][safepoint   ] Safepoint "Cleanup", Time since last: 2797736952 ns, Reaching safepoint: 83329 ns, Cleanup: 12789 ns, At safepoint: 28315 ns, Total: 124433 ns
[2025-05-26T12:30:54.978+0000][72][info ][safepoint   ] Safepoint "Cleanup", Time since last: 1823505681 ns, Reaching safepoint: 108926 ns, Cleanup: 95679 ns, At safepoint: 22561 ns, Total: 227166 ns
[2025-05-26T12:30:56.977+0000][72][info ][safepoint   ] Safepoint "Cleanup", Time since last: 2001368862 ns, Reaching safepoint: 116895 ns, Cleanup: 17470 ns, At safepoint: 17295 ns, Total: 151660 ns
[2025-05-26T12:30:57.978+0000][72][info ][safepoint   ] Safepoint "Cleanup", Time since last: 1000635182 ns, Reaching safepoint: 63720 ns, Cleanup: 18268 ns, At safepoint: 9759 ns, Total: 91747 ns
[2025-05-26T12:31:07.980+0000][72][info ][safepoint   ] Safepoint "Cleanup", Time since last: 10002100809 ns, Reaching safepoint: 118424 ns, Cleanup: 18667 ns, At safepoint: 68768 ns, Total: 205859 ns
[2025-05-26T12:31:13.376+0000][72][info ][safepoint   ] Safepoint "Cleanup", Time since last: 5396288537 ns, Reaching safepoint: 109286 ns, Cleanup: 17022 ns, At safepoint: 18573 ns, Total: 144881 ns
[2025-05-26T12:31:14.377+0000][72][info ][safepoint   ] Safepoint "Cleanup", Time since last: 1000636175 ns, Reaching safepoint: 26824 ns, Cleanup: 21734 ns, At safepoint: 15953 ns, Total: 64511 ns
[2025-05-26T12:31:17.378+0000][72][info ][safepoint   ] Safepoint "Cleanup", Time since last: 3000878981 ns, Reaching safepoint: 15753 ns, Cleanup: 11804 ns, At safepoint: 31754 ns, Total: 59311 ns
[2025-05-26T12:31:18.379+0000][72][info ][safepoint   ] Safepoint "Cleanup", Time since last: 1000721679 ns, Reaching safepoint: 27320 ns, Cleanup: 20460 ns, At safepoint: 14438 ns, Total: 62218 ns
[2025-05-26T12:31:22.380+0000][72][info ][safepoint   ] Safepoint "Cleanup", Time since last: 4001135058 ns, Reaching safepoint: 44054 ns, Cleanup: 16983 ns, At safepoint: 61530 ns, Total: 122567 ns
[2025-05-26T12:31:23.381+0000][72][info ][safepoint   ] Safepoint "Cleanup", Time since last: 1000848566 ns, Reaching safepoint: 15721 ns, Cleanup: 18510 ns, At safepoint: 7093 ns, Total: 41324 ns
[2025-05-26T12:31:26.382+0000][72][info ][safepoint   ] Safepoint "Cleanup", Time since last: 3000987976 ns, Reaching safepoint: 109184 ns, Cleanup: 17858 ns, At safepoint: 14870 ns, Total: 141912 ns
[2025-05-26T12:31:37.381+0000][72][info ][safepoint   ] Safepoint "Cleanup", Time since last: 11002074846 ns, Reaching safepoint: 97451 ns, Cleanup: 10859 ns, At safepoint: 25149 ns, Total: 133459 ns
[2025-05-26T12:31:41.382+0000][72][info ][safepoint   ] Safepoint "Cleanup", Time since last: 4001155674 ns, Reaching safepoint: 25462 ns, Cleanup: 109751 ns, At safepoint: 15968 ns, Total: 151181 ns
[2025-05-26T12:31:44.383+0000][72][info ][safepoint   ] Safepoint "Cleanup", Time since last: 3000809035 ns, Reaching safepoint: 25279 ns, Cleanup: 16383 ns, At safepoint: 14822 ns, Total: 56484 ns
[2025-05-26T12:31:51.385+0000][72][info ][safepoint   ] Safepoint "Cleanup", Time since last: 7001774906 ns, Reaching safepoint: 164366 ns, Cleanup: 17147 ns, At safepoint: 17556 ns, Total: 199069 ns
[2025-05-26T12:31:52.386+0000][72][info ][safepoint   ] Safepoint "Cleanup", Time since last: 1000673610 ns, Reaching safepoint: 16579 ns, Cleanup: 12382 ns, At safepoint: 7660 ns, Total: 36621 ns
[2025-05-26T12:31:53.386+0000][72][info ][safepoint   ] Safepoint "Cleanup", Time since last: 1000508306 ns, Reaching safepoint: 39006 ns, Cleanup: 13866 ns, At safepoint: 6837 ns, Total: 59709 ns
[2025-05-26T12:31:56.138+0000][72][info ][safepoint   ] Safepoint "Cleanup", Time since last: 2751499768 ns, Reaching safepoint: 13105 ns, Cleanup: 19875 ns, At safepoint: 21517 ns, Total: 54497 ns
[2025-05-26T12:31:58.046+0000][72][info ][safepoint   ] Safepoint "Cleanup", Time since last: 1911090006 ns, Reaching safepoint: 16696 ns, Cleanup: 19438 ns, At safepoint: 8587 ns, Total: 44721 ns
[2025-05-26T12:32:03.048+0000][72][info ][safepoint   ] Safepoint "Cleanup", Time since last: 5001528117 ns, Reaching safepoint: 28358 ns, Cleanup: 16648 ns, At safepoint: 16420 ns, Total: 61426 ns
[2025-05-26T12:32:06.049+0000][72][info ][safepoint   ] Safepoint "Cleanup", Time since last: 3001155001 ns, Reaching safepoint: 92133 ns, Cleanup: 15380 ns, At safepoint: 11880 ns, Total: 119393 ns
[2025-05-26T12:32:08.406+0000][72][info ][safepoint   ] Safepoint "Cleanup", Time since last: 2356871405 ns, Reaching safepoint: 27188 ns, Cleanup: 15967 ns, At safepoint: 12557 ns, Total: 55712 ns
[2025-05-26T12:32:09.407+0000][72][info ][safepoint   ] Safepoint "Cleanup", Time since last: 1000944975 ns, Reaching safepoint: 26156 ns, Cleanup: 17494 ns, At safepoint: 15091 ns, Total: 58741 ns
[2025-05-26T12:32:12.408+0000][72][info ][safepoint   ] Safepoint "Cleanup", Time since last: 3000874408 ns, Reaching safepoint: 25378 ns, Cleanup: 20040 ns, At safepoint: 15432 ns, Total: 60850 ns
[2025-05-26T12:32:16.409+0000][72][info ][safepoint   ] Safepoint "Cleanup", Time since last: 4000995821 ns, Reaching safepoint: 16230 ns, Cleanup: 14794 ns, At safepoint: 6691 ns, Total: 37715 ns
[2025-05-26T12:32:17.410+0000][72][info ][safepoint   ] Safepoint "Cleanup", Time since last: 1000720108 ns, Reaching safepoint: 27686 ns, Cleanup: 15468 ns, At safepoint: 16720 ns, Total: 59874 ns
[2025-05-26T12:32:22.411+0000][72][info ][safepoint   ] Safepoint "Cleanup", Time since last: 5001421177 ns, Reaching safepoint: 16352 ns, Cleanup: 16114 ns, At safepoint: 6997 ns, Total: 39463 ns
[2025-05-26T12:32:23.412+0000][72][info ][safepoint   ] Safepoint "Cleanup", Time since last: 1000972698 ns, Reaching safepoint: 29176 ns, Cleanup: 23259 ns, At safepoint: 15824 ns, Total: 68259 ns
[2025-05-26T12:32:27.411+0000][72][info ][safepoint   ] Safepoint "Cleanup", Time since last: 4001116070 ns, Reaching safepoint: 57395 ns, Cleanup: 17926 ns, At safepoint: 14751 ns, Total: 90072 ns
[2025-05-26T12:32:29.412+0000][72][info ][safepoint   ] Safepoint "Cleanup", Time since last: 2000929193 ns, Reaching safepoint: 20839 ns, Cleanup: 13832 ns, At safepoint: 8490 ns, Total: 43161 ns
[2025-05-26T12:32:32.413+0000][72][info ][safepoint   ] Safepoint "Cleanup", Time since last: 3001328566 ns, Reaching safepoint: 25723 ns, Cleanup: 64426 ns, At safepoint: 11207 ns, Total: 101356 ns
[2025-05-26T12:32:35.415+0000][72][info ][safepoint   ] Safepoint "Cleanup", Time since last: 3001085828 ns, Reaching safepoint: 26952 ns, Cleanup: 16061 ns, At safepoint: 15065 ns, Total: 58078 ns
[2025-05-26T12:32:37.415+0000][72][info ][safepoint   ] Safepoint "Cleanup", Time since last: 2000933706 ns, Reaching safepoint: 14810 ns, Cleanup: 12709 ns, At safepoint: 6203 ns, Total: 33722 ns
[2025-05-26T12:32:38.416+0000][72][info ][safepoint   ] Safepoint "Cleanup", Time since last: 1000716884 ns, Reaching safepoint: 16602 ns, Cleanup: 22069 ns, At safepoint: 7490 ns, Total: 46161 ns
[2025-05-26T12:32:42.417+0000][72][info ][safepoint   ] Safepoint "Cleanup", Time since last: 4001125875 ns, Reaching safepoint: 27953 ns, Cleanup: 19551 ns, At safepoint: 16593 ns, Total: 64097 ns
[2025-05-26T12:32:44.418+0000][72][info ][safepoint   ] Safepoint "Cleanup", Time since last: 2000804386 ns, Reaching safepoint: 27520 ns, Cleanup: 16365 ns, At safepoint: 15220 ns, Total: 59105 ns
[2025-05-26T12:32:51.420+0000][72][info ][safepoint   ] Safepoint "Cleanup", Time since last: 7001204217 ns, Reaching safepoint: 24695 ns, Cleanup: 16016 ns, At safepoint: 10494 ns, Total: 51205 ns
[2025-05-26T12:32:56.421+0000][72][info ][safepoint   ] Safepoint "Cleanup", Time since last: 5001170908 ns, Reaching safepoint: 42251 ns, Cleanup: 13639 ns, At safepoint: 8093 ns, Total: 63983 ns
[2025-05-26T12:32:57.419+0000][72][info ][safepoint   ] Safepoint "Cleanup", Time since last: 1000487635 ns, Reaching safepoint: 16729 ns, Cleanup: 20763 ns, At safepoint: 7326 ns, Total: 44818 ns
[2025-05-26T12:32:59.145+0000][72][info ][safepoint   ] Safepoint "Cleanup", Time since last: 1726084280 ns, Reaching safepoint: 4848 ns, Cleanup: 11000 ns, At safepoint: 12262 ns, Total: 28110 ns
[2025-05-26T12:33:01.097+0000][72][info ][safepoint   ] Safepoint "Cleanup", Time since last: 1951867448 ns, Reaching safepoint: 15408 ns, Cleanup: 25188 ns, At safepoint: 6832 ns, Total: 47428 ns
[2025-05-26T12:33:08.098+0000][72][info ][safepoint   ] Safepoint "Cleanup", Time since last: 7001595575 ns, Reaching safepoint: 26733 ns, Cleanup: 22482 ns, At safepoint: 15163 ns, Total: 64378 ns
[2025-05-26T12:33:09.441+0000][72][info ][safepoint   ] Safepoint "Cleanup", Time since last: 1342436200 ns, Reaching safepoint: 27385 ns, Cleanup: 18654 ns, At safepoint: 15223 ns, Total: 61262 ns
[2025-05-26T12:33:12.442+0000][72][info ][safepoint   ] Safepoint "Cleanup", Time since last: 3000946972 ns, Reaching safepoint: 64301 ns, Cleanup: 16454 ns, At safepoint: 16584 ns, Total: 97339 ns
[2025-05-26T12:33:14.443+0000][72][info ][safepoint   ] Safepoint "Cleanup", Time since last: 2000797084 ns, Reaching safepoint: 21241 ns, Cleanup: 14120 ns, At safepoint: 8811 ns, Total: 44172 ns
[2025-05-26T12:33:16.444+0000][72][info ][safepoint   ] Safepoint "Cleanup", Time since last: 2000977173 ns, Reaching safepoint: 25415 ns, Cleanup: 22187 ns, At safepoint: 14500 ns, Total: 62102 ns
[2025-05-26T12:33:17.445+0000][72][info ][safepoint   ] Safepoint "Cleanup", Time since last: 1000842426 ns, Reaching safepoint: 17645 ns, Cleanup: 13434 ns, At safepoint: 7524 ns, Total: 38603 ns
[2025-05-26T12:33:22.446+0000][72][info ][safepoint   ] Safepoint "Cleanup", Time since last: 5001413717 ns, Reaching safepoint: 26407 ns, Cleanup: 24480 ns, At safepoint: 14498 ns, Total: 65385 ns
[2025-05-26T12:33:27.444+0000][72][info ][safepoint   ] Safepoint "Cleanup", Time since last: 5001559493 ns, Reaching safepoint: 62109 ns, Cleanup: 15977 ns, At safepoint: 15148 ns, Total: 93234 ns
[2025-05-26T12:33:29.445+0000][72][info ][safepoint   ] Safepoint "Cleanup", Time since last: 2000985702 ns, Reaching safepoint: 32019 ns, Cleanup: 21222 ns, At safepoint: 18167 ns, Total: 71408 ns
[2025-05-26T12:33:32.446+0000][72][info ][safepoint   ] Safepoint "Cleanup", Time since last: 3001080943 ns, Reaching safepoint: 15417 ns, Cleanup: 12736 ns, At safepoint: 8114 ns, Total: 36267 ns
[2025-05-26T12:33:37.447+0000][72][info ][safepoint   ] Safepoint "Cleanup", Time since last: 5001265211 ns, Reaching safepoint: 27715 ns, Cleanup: 19351 ns, At safepoint: 15160 ns, Total: 62226 ns
[2025-05-26T12:33:38.448+0000][72][info ][safepoint   ] Safepoint "Cleanup", Time since last: 1000710763 ns, Reaching safepoint: 26547 ns, Cleanup: 16883 ns, At safepoint: 15015 ns, Total: 58445 ns
[2025-05-26T12:33:41.449+0000][72][info ][safepoint   ] Safepoint "Cleanup", Time since last: 3000937493 ns, Reaching safepoint: 24649 ns, Cleanup: 17548 ns, At safepoint: 9092 ns, Total: 51289 ns
[2025-05-26T12:33:42.453+0000][72][info ][safepoint   ] Safepoint "Cleanup", Time since last: 1003591914 ns, Reaching safepoint: 15499 ns, Cleanup: 12075 ns, At safepoint: 7182 ns, Total: 34756 ns
[2025-05-26T12:33:44.453+0000][72][info ][safepoint   ] Safepoint "Cleanup", Time since last: 2000670981 ns, Reaching safepoint: 16153 ns, Cleanup: 13398 ns, At safepoint: 7844 ns, Total: 37395 ns
[2025-05-26T12:33:46.454+0000][72][info ][safepoint   ] Safepoint "Cleanup", Time since last: 2000874406 ns, Reaching safepoint: 29095 ns, Cleanup: 26091 ns, At safepoint: 14989 ns, Total: 70175 ns
[2025-05-26T12:33:47.455+0000][72][info ][safepoint   ] Safepoint "Cleanup", Time since last: 1000864746 ns, Reaching safepoint: 27238 ns, Cleanup: 21539 ns, At safepoint: 14363 ns, Total: 63140 ns
[2025-05-26T12:33:50.456+0000][72][info ][safepoint   ] Safepoint "Cleanup", Time since last: 3001059731 ns, Reaching safepoint: 28788 ns, Cleanup: 16107 ns, At safepoint: 15173 ns, Total: 60068 ns
[2025-05-26T12:33:53.458+0000][72][info ][safepoint   ] Safepoint "Cleanup", Time since last: 3001019462 ns, Reaching safepoint: 28319 ns, Cleanup: 15043 ns, At safepoint: 15528 ns, Total: 58890 ns
[2025-05-26T12:34:02.146+0000][72][info ][safepoint   ] Safepoint "Cleanup", Time since last: 8690863947 ns, Reaching safepoint: 6489 ns, Cleanup: 11288 ns, At safepoint: 13596 ns, Total: 31373 ns
[2025-05-26T12:34:04.137+0000][72][info ][safepoint   ] Safepoint "Cleanup", Time since last: 1990336811 ns, Reaching safepoint: 19286 ns, Cleanup: 27182 ns, At safepoint: 8184 ns, Total: 54652 ns
[2025-05-26T12:34:16.476+0000][72][info ][safepoint   ] Safepoint "Cleanup", Time since last: 12339819396 ns, Reaching safepoint: 61623 ns, Cleanup: 15341 ns, At safepoint: 14638 ns, Total: 91602 ns
[2025-05-26T12:34:17.477+0000][72][info ][safepoint   ] Safepoint "Cleanup", Time since last: 1000840461 ns, Reaching safepoint: 29374 ns, Cleanup: 17041 ns, At safepoint: 17770 ns, Total: 64185 ns
[2025-05-26T12:34:22.479+0000][72][info ][safepoint   ] Safepoint "Cleanup", Time since last: 5001260228 ns, Reaching safepoint: 27856 ns, Cleanup: 37791 ns, At safepoint: 14629 ns, Total: 80276 ns
[2025-05-26T12:34:24.172+0000][72][info ][safepoint   ] Safepoint "Cleanup", Time since last: 1693332044 ns, Reaching safepoint: 23883 ns, Cleanup: 31236 ns, At safepoint: 31115 ns, Total: 86234 ns
[2025-05-26T12:34:25.183+0000][72][info ][safepoint   ] Safepoint "Cleanup", Time since last: 1011052979 ns, Reaching safepoint: 26717 ns, Cleanup: 16429 ns, At safepoint: 14673 ns, Total: 57819 ns
[2025-05-26T12:34:26.184+0000][72][info ][safepoint   ] Safepoint "Cleanup", Time since last: 1000652134 ns, Reaching safepoint: 23282 ns, Cleanup: 16455 ns, At safepoint: 10207 ns, Total: 49944 ns
[2025-05-26T12:34:28.182+0000][72][info ][safepoint   ] Safepoint "Cleanup", Time since last: 2000819952 ns, Reaching safepoint: 64582 ns, Cleanup: 15463 ns, At safepoint: 15335 ns, Total: 95380 ns
[2025-05-26T12:34:29.185+0000][72][info ][safepoint   ] Safepoint "Cleanup", Time since last: 1002394882 ns, Reaching safepoint: 22326 ns, Cleanup: 12778 ns, At safepoint: 118365 ns, Total: 153469 ns
[2025-05-26T12:34:30.185+0000][72][info ][safepoint   ] Safepoint "Cleanup", Time since last: 1000734524 ns, Reaching safepoint: 27678 ns, Cleanup: 30785 ns, At safepoint: 14499 ns, Total: 72962 ns
[2025-05-26T12:34:31.206+0000][72][info ][safepoint   ] Safepoint "Cleanup", Time since last: 1020438738 ns, Reaching safepoint: 29651 ns, Cleanup: 51489 ns, At safepoint: 15631 ns, Total: 96771 ns
[2025-05-26T12:34:32.207+0000][72][info ][safepoint   ] Safepoint "Cleanup", Time since last: 1000771320 ns, Reaching safepoint: 29342 ns, Cleanup: 22813 ns, At safepoint: 15636 ns, Total: 67791 ns
[2025-05-26T12:34:34.081+0000][72][info ][safepoint   ] Safepoint "Cleanup", Time since last: 1874353783 ns, Reaching safepoint: 28093 ns, Cleanup: 30558 ns, At safepoint: 15115 ns, Total: 73766 ns
[2025-05-26T12:34:36.082+0000][72][info ][safepoint   ] Safepoint "Cleanup", Time since last: 2000933823 ns, Reaching safepoint: 17602 ns, Cleanup: 12122 ns, At safepoint: 7515 ns, Total: 37239 ns
[2025-05-26T12:34:38.083+0000][72][info ][safepoint   ] Safepoint "Cleanup", Time since last: 2001081613 ns, Reaching safepoint: 27593 ns, Cleanup: 20751 ns, At safepoint: 15469 ns, Total: 63813 ns
[2025-05-26T12:34:39.084+0000][72][info ][safepoint   ] Safepoint "Cleanup", Time since last: 1000745453 ns, Reaching safepoint: 33304 ns, Cleanup: 19166 ns, At safepoint: 19507 ns, Total: 71977 ns
[2025-05-26T12:34:42.086+0000][72][info ][safepoint   ] Safepoint "Cleanup", Time since last: 3001129058 ns, Reaching safepoint: 158317 ns, Cleanup: 18413 ns, At safepoint: 122538 ns, Total: 299268 ns
[2025-05-26T12:34:43.086+0000][72][info ][safepoint   ] Safepoint "Cleanup", Time since last: 1000857492 ns, Reaching safepoint: 28108 ns, Cleanup: 14878 ns, At safepoint: 16141 ns, Total: 59127 ns
[2025-05-26T12:34:45.088+0000][72][info ][safepoint   ] Safepoint "Cleanup", Time since last: 2000983711 ns, Reaching safepoint: 26415 ns, Cleanup: 16644 ns, At safepoint: 14390 ns, Total: 57449 ns
[2025-05-26T12:34:52.089+0000][72][info ][safepoint   ] Safepoint "Cleanup", Time since last: 7001900235 ns, Reaching safepoint: 17974 ns, Cleanup: 11545 ns, At safepoint: 6981 ns, Total: 36500 ns
[2025-05-26T12:34:54.090+0000][72][info ][safepoint   ] Safepoint "Cleanup", Time since last: 2000883161 ns, Reaching safepoint: 26578 ns, Cleanup: 16372 ns, At safepoint: 9152 ns, Total: 52102 ns
[2025-05-26T12:34:58.089+0000][72][info ][safepoint   ] Safepoint "Cleanup", Time since last: 4001233117 ns, Reaching safepoint: 71565 ns, Cleanup: 16418 ns, At safepoint: 15298 ns, Total: 103281 ns
[2025-05-26T12:35:03.090+0000][72][info ][safepoint   ] Safepoint "Cleanup", Time since last: 5001296342 ns, Reaching safepoint: 27003 ns, Cleanup: 15836 ns, At safepoint: 14279 ns, Total: 57118 ns
[2025-05-26T12:35:05.171+0000][72][info ][safepoint   ] Safepoint "Cleanup", Time since last: 2080534328 ns, Reaching safepoint: 5481 ns, Cleanup: 10685 ns, At safepoint: 2948 ns, Total: 19114 ns
[2025-05-26T12:35:06.210+0000][72][info ][safepoint   ] Safepoint "Cleanup", Time since last: 1039265924 ns, Reaching safepoint: 32777 ns, Cleanup: 34924 ns, At safepoint: 19176 ns, Total: 86877 ns
[2025-05-26T12:35:07.264+0000][72][info ][safepoint   ] Safepoint "Cleanup", Time since last: 1053312703 ns, Reaching safepoint: 27780 ns, Cleanup: 95664 ns, At safepoint: 70948 ns, Total: 194392 ns
[2025-05-26T12:35:12.510+0000][72][info ][safepoint   ] Safepoint "Cleanup", Time since last: 5245916529 ns, Reaching safepoint: 27931 ns, Cleanup: 15490 ns, At safepoint: 15820 ns, Total: 59241 ns
[2025-05-26T12:35:13.510+0000][72][info ][safepoint   ] Safepoint "Cleanup", Time since last: 1000679945 ns, Reaching safepoint: 27911 ns, Cleanup: 15735 ns, At safepoint: 15007 ns, Total: 58653 ns
[2025-05-26T12:35:17.512+0000][72][info ][safepoint   ] Safepoint "Cleanup", Time since last: 4001193260 ns, Reaching safepoint: 27267 ns, Cleanup: 22229 ns, At safepoint: 14773 ns, Total: 64269 ns
[2025-05-26T12:35:20.513+0000][72][info ][safepoint   ] Safepoint "Cleanup", Time since last: 3001162915 ns, Reaching safepoint: 28107 ns, Cleanup: 18266 ns, At safepoint: 15010 ns, Total: 61383 ns
[2025-05-26T12:35:22.514+0000][72][info ][safepoint   ] Safepoint "Cleanup", Time since last: 2001041998 ns, Reaching safepoint: 32095 ns, Cleanup: 23959 ns, At safepoint: 16546 ns, Total: 72600 ns
[2025-05-26T12:35:23.515+0000][72][info ][safepoint   ] Safepoint "Cleanup", Time since last: 1000852379 ns, Reaching safepoint: 19024 ns, Cleanup: 16264 ns, At safepoint: 8561 ns, Total: 43849 ns
[2025-05-26T12:35:26.516+0000][72][info ][safepoint   ] Safepoint "Cleanup", Time since last: 3001126968 ns, Reaching safepoint: 17622 ns, Cleanup: 11798 ns, At safepoint: 7201 ns, Total: 36621 ns
[2025-05-26T12:35:27.513+0000][72][info ][safepoint   ] Safepoint "Cleanup", Time since last: 1000569817 ns, Reaching safepoint: 15784 ns, Cleanup: 51776 ns, At safepoint: 7175 ns, Total: 74735 ns
[2025-05-26T12:35:32.515+0000][72][info ][safepoint   ] Safepoint "Cleanup", Time since last: 5001451629 ns, Reaching safepoint: 169630 ns, Cleanup: 21007 ns, At safepoint: 20513 ns, Total: 211150 ns
[2025-05-26T12:35:37.516+0000][72][info ][safepoint   ] Safepoint "Cleanup", Time since last: 5001390105 ns, Reaching safepoint: 28433 ns, Cleanup: 14933 ns, At safepoint: 15201 ns, Total: 58567 ns
[2025-05-26T12:35:42.518+0000][72][info ][safepoint   ] Safepoint "Cleanup", Time since last: 5001388902 ns, Reaching safepoint: 33415 ns, Cleanup: 26780 ns, At safepoint: 18554 ns, Total: 78749 ns
[2025-05-26T12:35:43.519+0000][72][info ][safepoint   ] Safepoint "Cleanup", Time since last: 1000764284 ns, Reaching safepoint: 32192 ns, Cleanup: 22602 ns, At safepoint: 18256 ns, Total: 73050 ns
[2025-05-26T12:35:52.520+0000][72][info ][safepoint   ] Safepoint "Cleanup", Time since last: 9001505261 ns, Reaching safepoint: 28186 ns, Cleanup: 14431 ns, At safepoint: 8386 ns, Total: 51003 ns
[2025-05-26T12:35:53.521+0000][72][info ][safepoint   ] Safepoint "Cleanup", Time since last: 1000540007 ns, Reaching safepoint: 16033 ns, Cleanup: 12422 ns, At safepoint: 7793 ns, Total: 36248 ns
[2025-05-26T12:35:56.522+0000][72][info ][safepoint   ] Safepoint "Cleanup", Time since last: 3000839749 ns, Reaching safepoint: 17761 ns, Cleanup: 13214 ns, At safepoint: 8202 ns, Total: 39177 ns
[2025-05-26T12:36:07.521+0000][72][info ][safepoint   ] Safepoint "Cleanup", Time since last: 11001973891 ns, Reaching safepoint: 138151 ns, Cleanup: 14667 ns, At safepoint: 12205 ns, Total: 165023 ns
[2025-05-26T12:36:08.540+0000][72][info ][safepoint   ] Safepoint "Cleanup", Time since last: 1018430582 ns, Reaching safepoint: 16648 ns, Cleanup: 32898 ns, At safepoint: 18061 ns, Total: 67607 ns
[2025-05-26T12:36:13.317+0000][72][info ][safepoint   ] Safepoint "Cleanup", Time since last: 4776971589 ns, Reaching safepoint: 31358 ns, Cleanup: 21399 ns, At safepoint: 18739 ns, Total: 71496 ns
[2025-05-26T12:36:14.318+0000][72][info ][safepoint   ] Safepoint "Cleanup", Time since last: 1000709724 ns, Reaching safepoint: 71926 ns, Cleanup: 16769 ns, At safepoint: 30832 ns, Total: 119527 ns
[2025-05-26T12:36:18.319+0000][72][info ][safepoint   ] Safepoint "Cleanup", Time since last: 4001116778 ns, Reaching safepoint: 28898 ns, Cleanup: 18291 ns, At safepoint: 14524 ns, Total: 61713 ns
[2025-05-26T12:36:22.320+0000][72][info ][safepoint   ] Safepoint "Cleanup", Time since last: 4001263587 ns, Reaching safepoint: 37223 ns, Cleanup: 22045 ns, At safepoint: 19481 ns, Total: 78749 ns
[2025-05-26T12:36:23.321+0000][72][info ][safepoint   ] Safepoint "Cleanup", Time since last: 1000717192 ns, Reaching safepoint: 25424 ns, Cleanup: 58997 ns, At safepoint: 13406 ns, Total: 97827 ns
[2025-05-26T12:36:26.322+0000][72][info ][safepoint   ] Safepoint "Cleanup", Time since last: 3000989495 ns, Reaching safepoint: 92104 ns, Cleanup: 16800 ns, At safepoint: 13678 ns, Total: 122582 ns
[2025-05-26T12:36:29.320+0000][72][info ][safepoint   ] Safepoint "Cleanup", Time since last: 3000869121 ns, Reaching safepoint: 19265 ns, Cleanup: 12319 ns, At safepoint: 8344 ns, Total: 39928 ns
[2025-05-26T12:36:32.321+0000][72][info ][safepoint   ] Safepoint "Cleanup", Time since last: 3000993062 ns, Reaching safepoint: 197342 ns, Cleanup: 17664 ns, At safepoint: 17360 ns, Total: 232366 ns
[2025-05-26T12:36:44.324+0000][72][info ][safepoint   ] Safepoint "Cleanup", Time since last: 12002872714 ns, Reaching safepoint: 93200 ns, Cleanup: 16108 ns, At safepoint: 11731 ns, Total: 121039 ns
[2025-05-26T12:36:46.325+0000][72][info ][safepoint   ] Safepoint "Cleanup", Time since last: 2000820880 ns, Reaching safepoint: 40447 ns, Cleanup: 13348 ns, At safepoint: 8135 ns, Total: 61930 ns
[2025-05-26T12:36:53.327+0000][72][info ][safepoint   ] Safepoint "Cleanup", Time since last: 7001669381 ns, Reaching safepoint: 158781 ns, Cleanup: 17692 ns, At safepoint: 17571 ns, Total: 194044 ns
[2025-05-26T12:36:54.328+0000][72][info ][safepoint   ] Safepoint "Cleanup", Time since last: 1000784664 ns, Reaching safepoint: 27706 ns, Cleanup: 14895 ns, At safepoint: 15694 ns, Total: 58295 ns
[2025-05-26T12:36:58.326+0000][72][info ][safepoint   ] Safepoint "Cleanup", Time since last: 4001462723 ns, Reaching safepoint: 21799 ns, Cleanup: 13958 ns, At safepoint: 8533 ns, Total: 44290 ns
[2025-05-26T12:36:59.327+0000][72][info ][safepoint   ] Safepoint "Cleanup", Time since last: 1000697893 ns, Reaching safepoint: 29626 ns, Cleanup: 16554 ns, At safepoint: 16559 ns, Total: 62739 ns
[2025-05-26T12:37:02.328+0000][72][info ][safepoint   ] Safepoint "Cleanup", Time since last: 3001228814 ns, Reaching safepoint: 66323 ns, Cleanup: 21052 ns, At safepoint: 30266 ns, Total: 117641 ns
[2025-05-26T12:37:11.157+0000][72][info ][safepoint   ] Safepoint "Cleanup", Time since last: 8828759831 ns, Reaching safepoint: 87194 ns, Cleanup: 8078 ns, At safepoint: 27561 ns, Total: 122833 ns
[2025-05-26T12:37:12.367+0000][72][info ][safepoint   ] Safepoint "Cleanup", Time since last: 1210197257 ns, Reaching safepoint: 18276 ns, Cleanup: 23259 ns, At safepoint: 8823 ns, Total: 50358 ns
[2025-05-26T12:37:13.389+0000][72][info ][safepoint   ] Safepoint "Cleanup", Time since last: 1021674403 ns, Reaching safepoint: 21587 ns, Cleanup: 21760 ns, At safepoint: 8524 ns, Total: 51871 ns
[2025-05-26T12:37:22.391+0000][72][info ][safepoint   ] Safepoint "Cleanup", Time since last: 9001752140 ns, Reaching safepoint: 28910 ns, Cleanup: 22843 ns, At safepoint: 15081 ns, Total: 66834 ns
[2025-05-26T12:37:27.390+0000][72][info ][safepoint   ] Safepoint "Cleanup", Time since last: 5001188743 ns, Reaching safepoint: 19320 ns, Cleanup: 12033 ns, At safepoint: 7392 ns, Total: 38745 ns
[2025-05-26T12:37:30.391+0000][72][info ][safepoint   ] Safepoint "Cleanup", Time since last: 3000991763 ns, Reaching safepoint: 26366 ns, Cleanup: 18276 ns, At safepoint: 15072 ns, Total: 59714 ns
[2025-05-26T12:37:32.392+0000][72][info ][safepoint   ] Safepoint "Cleanup", Time since last: 2000909611 ns, Reaching safepoint: 71809 ns, Cleanup: 29060 ns, At safepoint: 17423 ns, Total: 118292 ns
[2025-05-26T12:37:34.393+0000][72][info ][safepoint   ] Safepoint "Cleanup", Time since last: 2001084401 ns, Reaching safepoint: 28613 ns, Cleanup: 15448 ns, At safepoint: 15638 ns, Total: 59699 ns
[2025-05-26T12:37:44.396+0000][72][info ][safepoint   ] Safepoint "Cleanup", Time since last: 10001952980 ns, Reaching safepoint: 109614 ns, Cleanup: 15573 ns, At safepoint: 15874 ns, Total: 141061 ns
[2025-05-26T12:37:52.397+0000][72][info ][safepoint   ] Safepoint "Cleanup", Time since last: 8001660699 ns, Reaching safepoint: 79907 ns, Cleanup: 13974 ns, At safepoint: 7839 ns, Total: 101720 ns
[2025-05-26T12:37:53.398+0000][72][info ][safepoint   ] Safepoint "Cleanup", Time since last: 1000668088 ns, Reaching safepoint: 22154 ns, Cleanup: 16285 ns, At safepoint: 7730 ns, Total: 46169 ns
[2025-05-26T12:38:08.398+0000][72][info ][safepoint   ] Safepoint "Cleanup", Time since last: 15003093280 ns, Reaching safepoint: 70952 ns, Cleanup: 18050 ns, At safepoint: 17740 ns, Total: 106742 ns
[2025-05-26T12:38:11.151+0000][72][info ][safepoint   ] Safepoint "Cleanup", Time since last: 2753460276 ns, Reaching safepoint: 11714 ns, Cleanup: 10968 ns, At safepoint: 16822 ns, Total: 39504 ns
[2025-05-26T12:38:12.412+0000][72][info ][safepoint   ] Safepoint "Cleanup", Time since last: 1260699943 ns, Reaching safepoint: 23930 ns, Cleanup: 22462 ns, At safepoint: 9210 ns, Total: 55602 ns
[2025-05-26T12:38:13.413+0000][72][info ][safepoint   ] Safepoint "Cleanup", Time since last: 1000645486 ns, Reaching safepoint: 28905 ns, Cleanup: 15564 ns, At safepoint: 128672 ns, Total: 173141 ns
[2025-05-26T12:38:14.449+0000][72][info ][safepoint   ] Safepoint "Cleanup", Time since last: 1036573984 ns, Reaching safepoint: 6252 ns, Cleanup: 19552 ns, At safepoint: 13335 ns, Total: 39139 ns
[2025-05-26T12:38:16.460+0000][72][info ][safepoint   ] Safepoint "Cleanup", Time since last: 2010010217 ns, Reaching safepoint: 31294 ns, Cleanup: 18254 ns, At safepoint: 17313 ns, Total: 66861 ns
[2025-05-26T12:38:18.412+0000][72][info ][safepoint   ] Safepoint "Cleanup", Time since last: 1952378654 ns, Reaching safepoint: 17389 ns, Cleanup: 33055 ns, At safepoint: 7481 ns, Total: 57925 ns
[2025-05-26T12:38:20.413+0000][72][info ][safepoint   ] Safepoint "Cleanup", Time since last: 2001320057 ns, Reaching safepoint: 18168 ns, Cleanup: 18381 ns, At safepoint: 7901 ns, Total: 44450 ns
[2025-05-26T12:38:22.414+0000][72][info ][safepoint   ] Safepoint "Cleanup", Time since last: 2000858356 ns, Reaching safepoint: 30717 ns, Cleanup: 30060 ns, At safepoint: 15923 ns, Total: 76700 ns
[2025-05-26T12:38:24.415+0000][72][info ][safepoint   ] Safepoint "Cleanup", Time since last: 2000774250 ns, Reaching safepoint: 29824 ns, Cleanup: 16351 ns, At safepoint: 16085 ns, Total: 62260 ns
[2025-05-26T12:38:30.414+0000][72][info ][safepoint   ] Safepoint "Cleanup", Time since last: 6001459048 ns, Reaching safepoint: 31738 ns, Cleanup: 26639 ns, At safepoint: 15985 ns, Total: 74362 ns
[2025-05-26T12:38:35.415+0000][72][info ][safepoint   ] Safepoint "Cleanup", Time since last: 5001244534 ns, Reaching safepoint: 57447 ns, Cleanup: 15747 ns, At safepoint: 10702 ns, Total: 83896 ns
[2025-05-26T12:38:37.418+0000][72][info ][safepoint   ] Safepoint "Cleanup", Time since last: 2002413291 ns, Reaching safepoint: 24998 ns, Cleanup: 18099 ns, At safepoint: 9401 ns, Total: 52498 ns
[2025-05-26T12:38:42.421+0000][72][info ][safepoint   ] Safepoint "Cleanup", Time since last: 5002876628 ns, Reaching safepoint: 20894 ns, Cleanup: 17310 ns, At safepoint: 8716 ns, Total: 46920 ns
[2025-05-26T12:38:46.422+0000][72][info ][safepoint   ] Safepoint "Cleanup", Time since last: 4001118672 ns, Reaching safepoint: 31974 ns, Cleanup: 21007 ns, At safepoint: 18641 ns, Total: 71622 ns
[2025-05-26T12:38:47.423+0000][72][info ][safepoint   ] Safepoint "Cleanup", Time since last: 1000819538 ns, Reaching safepoint: 18470 ns, Cleanup: 17281 ns, At safepoint: 8370 ns, Total: 44121 ns
[2025-05-26T12:38:56.425+0000][72][info ][safepoint   ] Safepoint "Cleanup", Time since last: 9002616572 ns, Reaching safepoint: 68464 ns, Cleanup: 16035 ns, At safepoint: 15943 ns, Total: 100442 ns
[2025-05-26T12:38:57.423+0000][72][info ][safepoint   ] Safepoint "Cleanup", Time since last: 1000666283 ns, Reaching safepoint: 30982 ns, Cleanup: 15827 ns, At safepoint: 15383 ns, Total: 62192 ns
[2025-05-26T12:39:08.426+0000][72][info ][safepoint   ] Safepoint "Cleanup", Time since last: 11002094573 ns, Reaching safepoint: 212772 ns, Cleanup: 17049 ns, At safepoint: 17756 ns, Total: 247577 ns
[2025-05-26T12:39:12.639+0000][72][info ][safepoint   ] Safepoint "Cleanup", Time since last: 4212862166 ns, Reaching safepoint: 30570 ns, Cleanup: 16428 ns, At safepoint: 16165 ns, Total: 63163 ns
[2025-05-26T12:39:16.640+0000][72][info ][safepoint   ] Safepoint "Cleanup", Time since last: 4001242214 ns, Reaching safepoint: 27166 ns, Cleanup: 15124 ns, At safepoint: 14358 ns, Total: 56648 ns
[2025-05-26T12:39:18.517+0000][72][info ][safepoint   ] Safepoint "Cleanup", Time since last: 1877124010 ns, Reaching safepoint: 58226 ns, Cleanup: 33560 ns, At safepoint: 13209 ns, Total: 104995 ns
[2025-05-26T12:39:22.518+0000][72][info ][safepoint   ] Safepoint "Cleanup", Time since last: 4001111671 ns, Reaching safepoint: 28278 ns, Cleanup: 18646 ns, At safepoint: 10479 ns, Total: 57403 ns
[2025-05-26T12:39:24.519+0000][72][info ][safepoint   ] Safepoint "Cleanup", Time since last: 2001054869 ns, Reaching safepoint: 19380 ns, Cleanup: 18503 ns, At safepoint: 8003 ns, Total: 45886 ns
[2025-05-26T12:39:27.517+0000][72][info ][safepoint   ] Safepoint "Cleanup", Time since last: 3000847189 ns, Reaching safepoint: 16053 ns, Cleanup: 12014 ns, At safepoint: 7959 ns, Total: 36026 ns
[2025-05-26T12:39:32.119+0000][72][info ][safepoint   ] Safepoint "Cleanup", Time since last: 4602007574 ns, Reaching safepoint: 6043 ns, Cleanup: 11133 ns, At safepoint: 15073 ns, Total: 32249 ns
[2025-05-26T12:39:33.559+0000][72][info ][safepoint   ] Safepoint "Cleanup", Time since last: 1439531332 ns, Reaching safepoint: 28478 ns, Cleanup: 27725 ns, At safepoint: 15213 ns, Total: 71416 ns
[2025-05-26T12:39:34.623+0000][72][info ][safepoint   ] Safepoint "Cleanup", Time since last: 1063630884 ns, Reaching safepoint: 62592 ns, Cleanup: 18850 ns, At safepoint: 27987 ns, Total: 109429 ns
[2025-05-26T12:39:37.409+0000][72][info ][safepoint   ] Safepoint "Cleanup", Time since last: 2786209358 ns, Reaching safepoint: 17097 ns, Cleanup: 17988 ns, At safepoint: 69109 ns, Total: 104194 ns
[2025-05-26T12:39:39.166+0000][72][info ][safepoint   ] Safepoint "Cleanup", Time since last: 1756685124 ns, Reaching safepoint: 15543 ns, Cleanup: 14862 ns, At safepoint: 7594 ns, Total: 37999 ns
[2025-05-26T12:39:43.167+0000][72][info ][safepoint   ] Safepoint "Cleanup", Time since last: 4001053125 ns, Reaching safepoint: 29412 ns, Cleanup: 20925 ns, At safepoint: 15783 ns, Total: 66120 ns
[2025-05-26T12:39:44.167+0000][72][info ][safepoint   ] Safepoint "Cleanup", Time since last: 1000579339 ns, Reaching safepoint: 21664 ns, Cleanup: 13600 ns, At safepoint: 8780 ns, Total: 44044 ns
[2025-05-26T12:39:47.169+0000][72][info ][safepoint   ] Safepoint "Cleanup", Time since last: 3000921857 ns, Reaching safepoint: 219908 ns, Cleanup: 18553 ns, At safepoint: 92110 ns, Total: 330571 ns
[2025-05-26T12:39:48.169+0000][72][info ][safepoint   ] Safepoint "Cleanup", Time since last: 1000712149 ns, Reaching safepoint: 25666 ns, Cleanup: 14069 ns, At safepoint: 35008 ns, Total: 74743 ns
[2025-05-26T12:39:53.171+0000][72][info ][safepoint   ] Safepoint "Cleanup", Time since last: 5001117048 ns, Reaching safepoint: 42829 ns, Cleanup: 13611 ns, At safepoint: 7327 ns, Total: 63767 ns
[2025-05-26T12:40:02.170+0000][72][info ][safepoint   ] Safepoint "Cleanup", Time since last: 9001885831 ns, Reaching safepoint: 68245 ns, Cleanup: 15304 ns, At safepoint: 13622 ns, Total: 97171 ns
[2025-05-26T12:40:03.189+0000][72][info ][safepoint   ] Safepoint "Cleanup", Time since last: 1018779065 ns, Reaching safepoint: 16400 ns, Cleanup: 13306 ns, At safepoint: 7857 ns, Total: 37563 ns
[2025-05-26T12:40:08.190+0000][72][info ][safepoint   ] Safepoint "Cleanup", Time since last: 5001160174 ns, Reaching safepoint: 40830 ns, Cleanup: 13563 ns, At safepoint: 8126 ns, Total: 62519 ns
[2025-05-26T12:40:14.673+0000][72][info ][safepoint   ] Safepoint "Cleanup", Time since last: 6482797189 ns, Reaching safepoint: 113810 ns, Cleanup: 17840 ns, At safepoint: 17180 ns, Total: 148830 ns
[2025-05-26T12:40:17.674+0000][72][info ][safepoint   ] Safepoint "Cleanup", Time since last: 3001067091 ns, Reaching safepoint: 28462 ns, Cleanup: 17040 ns, At safepoint: 14924 ns, Total: 60426 ns
[2025-05-26T12:40:20.168+0000][72][info ][safepoint   ] Safepoint "Cleanup", Time since last: 2493185204 ns, Reaching safepoint: 5997 ns, Cleanup: 10654 ns, At safepoint: 12622 ns, Total: 29273 ns
[2025-05-26T12:40:21.667+0000][72][info ][safepoint   ] Safepoint "Cleanup", Time since last: 1499362541 ns, Reaching safepoint: 26643 ns, Cleanup: 55202 ns, At safepoint: 72530 ns, Total: 154375 ns
[2025-05-26T12:40:22.673+0000][72][info ][safepoint   ] Safepoint "Cleanup", Time since last: 1005379432 ns, Reaching safepoint: 32918 ns, Cleanup: 16876 ns, At safepoint: 16949 ns, Total: 66743 ns
[2025-05-26T12:40:23.673+0000][72][info ][safepoint   ] Safepoint "Cleanup", Time since last: 1000695447 ns, Reaching safepoint: 15908 ns, Cleanup: 13597 ns, At safepoint: 7696 ns, Total: 37201 ns
[2025-05-26T12:40:37.673+0000][72][info ][safepoint   ] Safepoint "Cleanup", Time since last: 14002526097 ns, Reaching safepoint: 48047 ns, Cleanup: 21543 ns, At safepoint: 8903 ns, Total: 78493 ns
[2025-05-26T12:40:44.675+0000][72][info ][safepoint   ] Safepoint "Cleanup", Time since last: 7002061313 ns, Reaching safepoint: 122681 ns, Cleanup: 16630 ns, At safepoint: 19403 ns, Total: 158714 ns
[2025-05-26T12:40:46.676+0000][72][info ][safepoint   ] Safepoint "Cleanup", Time since last: 2000845689 ns, Reaching safepoint: 32202 ns, Cleanup: 15982 ns, At safepoint: 16988 ns, Total: 65172 ns
[2025-05-26T12:40:52.678+0000][72][info ][safepoint   ] Safepoint "Cleanup", Time since last: 6001793751 ns, Reaching safepoint: 33586 ns, Cleanup: 16662 ns, At safepoint: 17032 ns, Total: 67280 ns
[2025-05-26T12:40:53.679+0000][72][info ][safepoint   ] Safepoint "Cleanup", Time since last: 1000679551 ns, Reaching safepoint: 20565 ns, Cleanup: 14422 ns, At safepoint: 9294 ns, Total: 44281 ns
[2025-05-26T12:40:54.679+0000][72][info ][safepoint   ] Safepoint "Cleanup", Time since last: 1000658927 ns, Reaching safepoint: 21165 ns, Cleanup: 14061 ns, At safepoint: 8737 ns, Total: 43963 ns
[2025-05-26T12:41:02.678+0000][72][info ][safepoint   ] Safepoint "Cleanup", Time since last: 8001705218 ns, Reaching safepoint: 32474 ns, Cleanup: 16124 ns, At safepoint: 16119 ns, Total: 64717 ns
[2025-05-26T12:41:14.708+0000][72][info ][safepoint   ] Safepoint "Cleanup", Time since last: 12029991201 ns, Reaching safepoint: 31132 ns, Cleanup: 16378 ns, At safepoint: 15466 ns, Total: 62976 ns
[2025-05-26T12:41:22.710+0000][72][info ][safepoint   ] Safepoint "Cleanup", Time since last: 8001702280 ns, Reaching safepoint: 19331 ns, Cleanup: 12286 ns, At safepoint: 7720 ns, Total: 39337 ns
[2025-05-26T12:41:23.712+0000][72][info ][safepoint   ] Safepoint "Cleanup", Time since last: 1001341593 ns, Reaching safepoint: 6374 ns, Cleanup: 23042 ns, At safepoint: 4024 ns, Total: 33440 ns
[2025-05-26T12:41:24.716+0000][72][info ][safepoint   ] Safepoint "Cleanup", Time since last: 1004012469 ns, Reaching safepoint: 66321 ns, Cleanup: 13945 ns, At safepoint: 8607 ns, Total: 88873 ns
[2025-05-26T12:41:26.714+0000][72][info ][safepoint   ] Safepoint "Cleanup", Time since last: 2000999122 ns, Reaching safepoint: 34668 ns, Cleanup: 22943 ns, At safepoint: 17197 ns, Total: 74808 ns
[2025-05-26T12:41:33.716+0000][72][info ][safepoint   ] Safepoint "Cleanup", Time since last: 7001371862 ns, Reaching safepoint: 71063 ns, Cleanup: 53464 ns, At safepoint: 7876 ns, Total: 132403 ns
[2025-05-26T12:41:34.717+0000][72][info ][safepoint   ] Safepoint "Cleanup", Time since last: 1000612146 ns, Reaching safepoint: 31958 ns, Cleanup: 15891 ns, At safepoint: 15469 ns, Total: 63318 ns
[2025-05-26T12:41:47.719+0000][72][info ][safepoint   ] Safepoint "Cleanup", Time since last: 13002586424 ns, Reaching safepoint: 157672 ns, Cleanup: 16591 ns, At safepoint: 16976 ns, Total: 191239 ns
[2025-05-26T12:41:53.721+0000][72][info ][safepoint   ] Safepoint "Cleanup", Time since last: 6001353824 ns, Reaching safepoint: 30612 ns, Cleanup: 14893 ns, At safepoint: 14787 ns, Total: 60292 ns
[2025-05-26T12:41:54.722+0000][72][info ][safepoint   ] Safepoint "Cleanup", Time since last: 1000721993 ns, Reaching safepoint: 32577 ns, Cleanup: 16954 ns, At safepoint: 16807 ns, Total: 66338 ns
[2025-05-26T12:42:02.721+0000][72][info ][safepoint   ] Safepoint "Cleanup", Time since last: 8001682922 ns, Reaching safepoint: 27676 ns, Cleanup: 17949 ns, At safepoint: 14632 ns, Total: 60257 ns
[2025-05-26T12:42:04.274+0000][72][info ][gc,start    ] GC(14) Pause Young (Normal) (G1 Evacuation Pause)
[2025-05-26T12:42:04.276+0000][72][info ][gc,task     ] GC(14) Using 10 workers of 10 for evacuation
[2025-05-26T12:42:04.276+0000][72][debug][gc,age      ] GC(14) Desired survivor size 58720256 bytes, new threshold 15 (max threshold 15)
[2025-05-26T12:42:04.391+0000][72][info ][gc,phases   ] GC(14)   Pre Evacuate Collection Set: 5.63ms
[2025-05-26T12:42:04.391+0000][72][info ][gc,phases   ] GC(14)   Merge Heap Roots: 1.32ms
[2025-05-26T12:42:04.392+0000][72][info ][gc,phases   ] GC(14)   Evacuate Collection Set: 100.92ms
[2025-05-26T12:42:04.392+0000][72][info ][gc,phases   ] GC(14)   Post Evacuate Collection Set: 5.95ms
[2025-05-26T12:42:04.393+0000][72][info ][gc,phases   ] GC(14)   Other: 1.76ms
[2025-05-26T12:42:04.393+0000][72][trace][gc,age      ] GC(14) Age table with threshold 15 (max threshold 15)
[2025-05-26T12:42:04.394+0000][72][trace][gc,age      ] GC(14) - age   1:    1419744 bytes,    1419744 total
[2025-05-26T12:42:04.394+0000][72][trace][gc,age      ] GC(14) - age   2:     315800 bytes,    1735544 total
[2025-05-26T12:42:04.394+0000][72][trace][gc,age      ] GC(14) - age   3:   40961856 bytes,   42697400 total
[2025-05-26T12:42:04.395+0000][72][info ][gc,heap     ] GC(14) Eden regions: 209->0(259)
[2025-05-26T12:42:04.395+0000][72][info ][gc,heap     ] GC(14) Survivor regions: 12->12(28)
[2025-05-26T12:42:04.395+0000][72][info ][gc,heap     ] GC(14) Old regions: 15->15
[2025-05-26T12:42:04.396+0000][72][info ][gc,heap     ] GC(14) Humongous regions: 0->0
[2025-05-26T12:42:04.397+0000][72][info ][gc,metaspace] GC(14) Metaspace: 142677K(146432K)->142677K(146432K) NonClass: 123183K(125184K)->123183K(125184K) Class: 19493K(21248K)->19493K(21248K)
[2025-05-26T12:42:04.397+0000][72][info ][gc          ] GC(14) Pause Young (Normal) (G1 Evacuation Pause) 944M->104M(3880M) 122.951ms
[2025-05-26T12:42:04.397+0000][72][info ][gc,cpu      ] GC(14) User=0.98s Sys=0.03s Real=0.12s
[2025-05-26T12:42:04.398+0000][72][info ][safepoint   ] Safepoint "G1CollectForAllocation", Time since last: 1551167950 ns, Reaching safepoint: 31630 ns, Cleanup: 6300 ns, At safepoint: 126348369 ns, Total: 126386299 ns
[2025-05-26T12:42:05.399+0000][72][info ][safepoint   ] Safepoint "Cleanup", Time since last: 1000694034 ns, Reaching safepoint: 16950 ns, Cleanup: 12979 ns, At safepoint: 7339 ns, Total: 37268 ns
[2025-05-26T12:42:14.745+0000][72][info ][safepoint   ] Safepoint "Cleanup", Time since last: 9346012135 ns, Reaching safepoint: 39494 ns, Cleanup: 17904 ns, At safepoint: 19979 ns, Total: 77377 ns
[2025-05-26T12:42:22.747+0000][72][info ][safepoint   ] Safepoint "Cleanup", Time since last: 8001838004 ns, Reaching safepoint: 19189 ns, Cleanup: 13786 ns, At safepoint: 8740 ns, Total: 41715 ns
[2025-05-26T12:42:26.764+0000][72][info ][safepoint   ] Safepoint "Cleanup", Time since last: 4020353382 ns, Reaching safepoint: 14423 ns, Cleanup: 12677 ns, At safepoint: 68273 ns, Total: 95373 ns
[2025-05-26T12:42:50.769+0000][72][info ][safepoint   ] Safepoint "Cleanup", Time since last: 24004950233 ns, Reaching safepoint: 69248 ns, Cleanup: 15011 ns, At safepoint: 15382 ns, Total: 99641 ns
[2025-05-26T12:42:53.770+0000][72][info ][safepoint   ] Safepoint "Cleanup", Time since last: 3001194846 ns, Reaching safepoint: 60563 ns, Cleanup: 17841 ns, At safepoint: 27330 ns, Total: 105734 ns
[2025-05-26T12:43:02.770+0000][72][info ][safepoint   ] Safepoint "Cleanup", Time since last: 9002138441 ns, Reaching safepoint: 30897 ns, Cleanup: 16956 ns, At safepoint: 15311 ns, Total: 63164 ns
[2025-05-26T12:43:07.771+0000][72][info ][safepoint   ] Safepoint "Cleanup", Time since last: 5001194822 ns, Reaching safepoint: 23745 ns, Cleanup: 14815 ns, At safepoint: 8140 ns, Total: 46700 ns
[2025-05-26T12:43:16.780+0000][72][info ][safepoint   ] Safepoint "Cleanup", Time since last: 9008820530 ns, Reaching safepoint: 30291 ns, Cleanup: 18350 ns, At safepoint: 11305 ns, Total: 59946 ns
[2025-05-26T12:43:17.781+0000][72][info ][safepoint   ] Safepoint "Cleanup", Time since last: 1000580180 ns, Reaching safepoint: 23459 ns, Cleanup: 14136 ns, At safepoint: 8622 ns, Total: 46217 ns
[2025-05-26T12:43:22.782+0000][72][info ][safepoint   ] Safepoint "Cleanup", Time since last: 5001287701 ns, Reaching safepoint: 28069 ns, Cleanup: 24772 ns, At safepoint: 14663 ns, Total: 67504 ns
[2025-05-26T12:43:29.166+0000][72][info ][safepoint   ] Safepoint "Cleanup", Time since last: 6386051379 ns, Reaching safepoint: 10024 ns, Cleanup: 17943 ns, At safepoint: 17995 ns, Total: 45962 ns
[2025-05-26T12:43:30.809+0000][72][info ][safepoint   ] Safepoint "Cleanup", Time since last: 1643091466 ns, Reaching safepoint: 31723 ns, Cleanup: 31285 ns, At safepoint: 17231 ns, Total: 80239 ns
[2025-05-26T12:43:32.810+0000][72][info ][safepoint   ] Safepoint "Cleanup", Time since last: 2000687077 ns, Reaching safepoint: 35166 ns, Cleanup: 23686 ns, At safepoint: 89745 ns, Total: 148597 ns
[2025-05-26T12:43:35.811+0000][72][info ][safepoint   ] Safepoint "Cleanup", Time since last: 3000976514 ns, Reaching safepoint: 23046 ns, Cleanup: 13228 ns, At safepoint: 33002 ns, Total: 69276 ns
[2025-05-26T12:43:37.812+0000][72][info ][safepoint   ] Safepoint "Cleanup", Time since last: 2000837678 ns, Reaching safepoint: 22211 ns, Cleanup: 10682 ns, At safepoint: 29933 ns, Total: 62826 ns
[2025-05-26T12:43:41.813+0000][72][info ][safepoint   ] Safepoint "Cleanup", Time since last: 4001153805 ns, Reaching safepoint: 163202 ns, Cleanup: 15800 ns, At safepoint: 113331 ns, Total: 292333 ns
[2025-05-26T12:43:42.814+0000][72][info ][safepoint   ] Safepoint "Cleanup", Time since last: 1000619421 ns, Reaching safepoint: 27535 ns, Cleanup: 18410 ns, At safepoint: 15469 ns, Total: 61414 ns
[2025-05-26T12:43:47.815+0000][72][info ][safepoint   ] Safepoint "Cleanup", Time since last: 5001357525 ns, Reaching safepoint: 28246 ns, Cleanup: 21759 ns, At safepoint: 14358 ns, Total: 64363 ns
[2025-05-26T12:43:50.816+0000][72][info ][safepoint   ] Safepoint "Cleanup", Time since last: 3000937696 ns, Reaching safepoint: 29805 ns, Cleanup: 17584 ns, At safepoint: 10780 ns, Total: 58169 ns
[2025-05-26T12:43:53.817+0000][72][info ][safepoint   ] Safepoint "Cleanup", Time since last: 3000971076 ns, Reaching safepoint: 29219 ns, Cleanup: 16306 ns, At safepoint: 15178 ns, Total: 60703 ns
[2025-05-26T12:44:05.817+0000][72][info ][safepoint   ] Safepoint "Cleanup", Time since last: 12002247860 ns, Reaching safepoint: 91959 ns, Cleanup: 14028 ns, At safepoint: 8843 ns, Total: 114830 ns
[2025-05-26T12:44:32.123+0000][72][info ][safepoint   ] Safepoint "Cleanup", Time since last: 26308764964 ns, Reaching safepoint: 220891 ns, Cleanup: 12585 ns, At safepoint: 51792 ns, Total: 285268 ns
[2025-05-26T12:44:33.848+0000][72][info ][safepoint   ] Safepoint "Cleanup", Time since last: 1725265055 ns, Reaching safepoint: 27727 ns, Cleanup: 41188 ns, At safepoint: 16013 ns, Total: 84928 ns
[2025-05-26T12:44:35.872+0000][72][info ][safepoint   ] Safepoint "Cleanup", Time since last: 2023292855 ns, Reaching safepoint: 6194 ns, Cleanup: 9525 ns, At safepoint: 14070 ns, Total: 29789 ns
[2025-05-26T12:44:36.876+0000][72][info ][safepoint   ] Safepoint "Cleanup", Time since last: 1004086977 ns, Reaching safepoint: 16630 ns, Cleanup: 13509 ns, At safepoint: 8146 ns, Total: 38285 ns
[2025-05-26T12:44:38.429+0000][72][info ][safepoint   ] Safepoint "Cleanup", Time since last: 1553305937 ns, Reaching safepoint: 15216 ns, Cleanup: 19258 ns, At safepoint: 17976 ns, Total: 52450 ns
[2025-05-26T12:44:47.431+0000][72][info ][safepoint   ] Safepoint "Cleanup", Time since last: 9001781314 ns, Reaching safepoint: 14469 ns, Cleanup: 11492 ns, At safepoint: 6301 ns, Total: 32262 ns
[2025-05-26T12:44:50.432+0000][72][info ][safepoint   ] Safepoint "Cleanup", Time since last: 3001087874 ns, Reaching safepoint: 25324 ns, Cleanup: 22091 ns, At safepoint: 14611 ns, Total: 62026 ns
[2025-05-26T12:44:52.433+0000][72][info ][safepoint   ] Safepoint "Cleanup", Time since last: 2000939080 ns, Reaching safepoint: 27747 ns, Cleanup: 19675 ns, At safepoint: 15010 ns, Total: 62432 ns
[2025-05-26T12:44:53.434+0000][72][info ][safepoint   ] Safepoint "Cleanup", Time since last: 1000829891 ns, Reaching safepoint: 27879 ns, Cleanup: 24121 ns, At safepoint: 16207 ns, Total: 68207 ns
[2025-05-26T12:44:59.432+0000][72][info ][safepoint   ] Safepoint "Cleanup", Time since last: 6001329054 ns, Reaching safepoint: 66900 ns, Cleanup: 13475 ns, At safepoint: 7367 ns, Total: 87742 ns
[2025-05-26T12:45:00.433+0000][72][info ][safepoint   ] Safepoint "Cleanup", Time since last: 1000877480 ns, Reaching safepoint: 31456 ns, Cleanup: 18592 ns, At safepoint: 14711 ns, Total: 64759 ns
[2025-05-26T12:45:07.436+0000][72][info ][safepoint   ] Safepoint "Cleanup", Time since last: 7002449428 ns, Reaching safepoint: 30016 ns, Cleanup: 16590 ns, At safepoint: 16806 ns, Total: 63412 ns
[2025-05-26T12:45:15.845+0000][72][info ][safepoint   ] Safepoint "Cleanup", Time since last: 8409159964 ns, Reaching safepoint: 136248 ns, Cleanup: 19299 ns, At safepoint: 24019 ns, Total: 179566 ns
[2025-05-26T12:45:16.846+0000][72][info ][safepoint   ] Safepoint "Cleanup", Time since last: 1000875024 ns, Reaching safepoint: 27816 ns, Cleanup: 53700 ns, At safepoint: 15180 ns, Total: 96696 ns
[2025-05-26T12:45:17.847+0000][72][info ][safepoint   ] Safepoint "Cleanup", Time since last: 1000684508 ns, Reaching safepoint: 16559 ns, Cleanup: 16410 ns, At safepoint: 7173 ns, Total: 40142 ns
[2025-05-26T12:45:22.848+0000][72][info ][safepoint   ] Safepoint "Cleanup", Time since last: 5001233760 ns, Reaching safepoint: 27708 ns, Cleanup: 20203 ns, At safepoint: 15534 ns, Total: 63445 ns
[2025-05-26T12:45:23.849+0000][72][info ][safepoint   ] Safepoint "Cleanup", Time since last: 1000933017 ns, Reaching safepoint: 29021 ns, Cleanup: 18638 ns, At safepoint: 17287 ns, Total: 64946 ns
[2025-05-26T12:45:29.848+0000][72][info ][safepoint   ] Safepoint "Cleanup", Time since last: 6001635984 ns, Reaching safepoint: 60666 ns, Cleanup: 16455 ns, At safepoint: 15344 ns, Total: 92465 ns
[2025-05-26T12:45:32.849+0000][72][info ][safepoint   ] Safepoint "Cleanup", Time since last: 3001242202 ns, Reaching safepoint: 31291 ns, Cleanup: 17219 ns, At safepoint: 16506 ns, Total: 65016 ns
[2025-05-26T12:45:35.151+0000][72][info ][safepoint   ] Safepoint "Cleanup", Time since last: 2301642679 ns, Reaching safepoint: 16259 ns, Cleanup: 22050 ns, At safepoint: 77412 ns, Total: 115721 ns
[2025-05-26T12:45:36.988+0000][72][info ][safepoint   ] Safepoint "Cleanup", Time since last: 1836328892 ns, Reaching safepoint: 14210 ns, Cleanup: 45017 ns, At safepoint: 77760 ns, Total: 136987 ns
[2025-05-26T12:45:47.994+0000][72][info ][safepoint   ] Safepoint "Cleanup", Time since last: 11006755406 ns, Reaching safepoint: 68149 ns, Cleanup: 17516 ns, At safepoint: 16886 ns, Total: 102551 ns
[2025-05-26T12:45:59.995+0000][72][info ][safepoint   ] Safepoint "Cleanup", Time since last: 12002653908 ns, Reaching safepoint: 72338 ns, Cleanup: 13572 ns, At safepoint: 9455 ns, Total: 95365 ns
[2025-05-26T12:46:02.996+0000][72][info ][safepoint   ] Safepoint "Cleanup", Time since last: 3001008583 ns, Reaching safepoint: 27992 ns, Cleanup: 18144 ns, At safepoint: 16260 ns, Total: 62396 ns
[2025-05-26T12:46:05.997+0000][72][info ][safepoint   ] Safepoint "Cleanup", Time since last: 3001173559 ns, Reaching safepoint: 32174 ns, Cleanup: 17586 ns, At safepoint: 16806 ns, Total: 66566 ns
[2025-05-26T12:46:07.998+0000][72][info ][safepoint   ] Safepoint "Cleanup", Time since last: 2000995081 ns, Reaching safepoint: 17132 ns, Cleanup: 14008 ns, At safepoint: 8907 ns, Total: 40047 ns
[2025-05-26T12:46:22.883+0000][72][info ][safepoint   ] Safepoint "Cleanup", Time since last: 14884949153 ns, Reaching safepoint: 29706 ns, Cleanup: 20541 ns, At safepoint: 17062 ns, Total: 67309 ns
[2025-05-26T12:46:27.882+0000][72][info ][safepoint   ] Safepoint "Cleanup", Time since last: 5001305027 ns, Reaching safepoint: 18142 ns, Cleanup: 13203 ns, At safepoint: 7604 ns, Total: 38949 ns
[2025-05-26T12:46:37.884+0000][72][info ][safepoint   ] Safepoint "Cleanup", Time since last: 10002152223 ns, Reaching safepoint: 72285 ns, Cleanup: 19878 ns, At safepoint: 15582 ns, Total: 107745 ns
[2025-05-26T12:46:39.017+0000][72][info ][safepoint   ] Safepoint "Cleanup", Time since last: 1132791214 ns, Reaching safepoint: 27799 ns, Cleanup: 40319 ns, At safepoint: 66787 ns, Total: 134905 ns
[2025-05-26T12:46:40.031+0000][72][info ][safepoint   ] Safepoint "Cleanup", Time since last: 1014018729 ns, Reaching safepoint: 28253 ns, Cleanup: 19883 ns, At safepoint: 16156 ns, Total: 64292 ns
[2025-05-26T12:46:42.032+0000][72][info ][safepoint   ] Safepoint "Cleanup", Time since last: 2000856697 ns, Reaching safepoint: 29616 ns, Cleanup: 16374 ns, At safepoint: 16631 ns, Total: 62621 ns
[2025-05-26T12:46:43.033+0000][72][info ][safepoint   ] Safepoint "Cleanup", Time since last: 1000821652 ns, Reaching safepoint: 26881 ns, Cleanup: 15569 ns, At safepoint: 14970 ns, Total: 57420 ns
[2025-05-26T12:46:48.035+0000][72][info ][safepoint   ] Safepoint "Cleanup", Time since last: 5001734246 ns, Reaching safepoint: 27773 ns, Cleanup: 17065 ns, At safepoint: 14526 ns, Total: 59364 ns
[2025-05-26T12:46:51.036+0000][72][info ][safepoint   ] Safepoint "Cleanup", Time since last: 3001221250 ns, Reaching safepoint: 27104 ns, Cleanup: 70917 ns, At safepoint: 16832 ns, Total: 114853 ns
[2025-05-26T12:46:53.037+0000][72][info ][safepoint   ] Safepoint "Cleanup", Time since last: 2000924326 ns, Reaching safepoint: 16920 ns, Cleanup: 12454 ns, At safepoint: 6860 ns, Total: 36234 ns
[2025-05-26T12:46:54.038+0000][72][info ][safepoint   ] Safepoint "Cleanup", Time since last: 1000761550 ns, Reaching safepoint: 27624 ns, Cleanup: 14891 ns, At safepoint: 15105 ns, Total: 57620 ns
[2025-05-26T12:47:00.037+0000][72][info ][safepoint   ] Safepoint "Cleanup", Time since last: 6001518963 ns, Reaching safepoint: 61364 ns, Cleanup: 15197 ns, At safepoint: 27655 ns, Total: 104216 ns
[2025-05-26T12:47:08.039+0000][72][info ][safepoint   ] Safepoint "Cleanup", Time since last: 8002297135 ns, Reaching safepoint: 29140 ns, Cleanup: 17659 ns, At safepoint: 15615 ns, Total: 62414 ns
[2025-05-26T12:47:16.920+0000][72][info ][safepoint   ] Safepoint "Cleanup", Time since last: 8880288754 ns, Reaching safepoint: 28510 ns, Cleanup: 17313 ns, At safepoint: 16537 ns, Total: 62360 ns
[2025-05-26T12:47:22.921+0000][72][info ][safepoint   ] Safepoint "Cleanup", Time since last: 6001822524 ns, Reaching safepoint: 26150 ns, Cleanup: 27178 ns, At safepoint: 15159 ns, Total: 68487 ns
[2025-05-26T12:47:29.921+0000][72][info ][safepoint   ] Safepoint "Cleanup", Time since last: 7001806855 ns, Reaching safepoint: 30136 ns, Cleanup: 19938 ns, At safepoint: 17435 ns, Total: 67509 ns
[2025-05-26T12:47:32.922+0000][72][info ][safepoint   ] Safepoint "Cleanup", Time since last: 3001312419 ns, Reaching safepoint: 63225 ns, Cleanup: 21334 ns, At safepoint: 16012 ns, Total: 100571 ns
[2025-05-26T12:47:37.924+0000][72][info ][safepoint   ] Safepoint "Cleanup", Time since last: 5001775369 ns, Reaching safepoint: 20524 ns, Cleanup: 15259 ns, At safepoint: 8845 ns, Total: 44628 ns
[2025-05-26T12:47:38.924+0000][72][info ][safepoint   ] Safepoint "Cleanup", Time since last: 1000623191 ns, Reaching safepoint: 27635 ns, Cleanup: 17343 ns, At safepoint: 14234 ns, Total: 59212 ns
[2025-05-26T12:47:41.120+0000][72][info ][safepoint   ] Safepoint "Cleanup", Time since last: 2194951264 ns, Reaching safepoint: 541397 ns, Cleanup: 22171 ns, At safepoint: 217229 ns, Total: 780797 ns
[2025-05-26T12:47:43.084+0000][72][info ][safepoint   ] Safepoint "Cleanup", Time since last: 1963670574 ns, Reaching safepoint: 16741 ns, Cleanup: 14796 ns, At safepoint: 7387 ns, Total: 38924 ns
[2025-05-26T12:47:48.085+0000][72][info ][safepoint   ] Safepoint "Cleanup", Time since last: 5001023080 ns, Reaching safepoint: 15686 ns, Cleanup: 25018 ns, At safepoint: 7576 ns, Total: 48280 ns
[2025-05-26T12:48:14.954+0000][72][info ][safepoint   ] Safepoint "Cleanup", Time since last: 26871669755 ns, Reaching safepoint: 17243 ns, Cleanup: 12444 ns, At safepoint: 7497 ns, Total: 37184 ns
[2025-05-26T12:48:17.955+0000][72][info ][safepoint   ] Safepoint "Cleanup", Time since last: 3000879424 ns, Reaching safepoint: 40489 ns, Cleanup: 13691 ns, At safepoint: 7802 ns, Total: 61982 ns
[2025-05-26T12:48:22.957+0000][72][info ][safepoint   ] Safepoint "Cleanup", Time since last: 5001259725 ns, Reaching safepoint: 30167 ns, Cleanup: 23024 ns, At safepoint: 16410 ns, Total: 69601 ns
[2025-05-26T12:48:23.957+0000][72][info ][safepoint   ] Safepoint "Cleanup", Time since last: 1000854683 ns, Reaching safepoint: 31878 ns, Cleanup: 20471 ns, At safepoint: 15779 ns, Total: 68128 ns
[2025-05-26T12:48:27.956+0000][72][info ][safepoint   ] Safepoint "Cleanup", Time since last: 4001196145 ns, Reaching safepoint: 21922 ns, Cleanup: 14524 ns, At safepoint: 7180 ns, Total: 43626 ns
[2025-05-26T12:48:32.958+0000][72][info ][safepoint   ] Safepoint "Cleanup", Time since last: 5002267413 ns, Reaching safepoint: 62749 ns, Cleanup: 16547 ns, At safepoint: 15674 ns, Total: 94970 ns
[2025-05-26T12:48:33.959+0000][72][info ][safepoint   ] Safepoint "Cleanup", Time since last: 1000700820 ns, Reaching safepoint: 28429 ns, Cleanup: 14964 ns, At safepoint: 15648 ns, Total: 59041 ns
[2025-05-26T12:48:45.139+0000][72][info ][safepoint   ] Safepoint "Cleanup", Time since last: 11179897600 ns, Reaching safepoint: 191388 ns, Cleanup: 16715 ns, At safepoint: 87003 ns, Total: 295106 ns
[2025-05-26T12:48:46.172+0000][72][info ][safepoint   ] Safepoint "Cleanup", Time since last: 1033014224 ns, Reaching safepoint: 16256 ns, Cleanup: 18615 ns, At safepoint: 7326 ns, Total: 42197 ns
[2025-05-26T12:48:47.173+0000][72][info ][safepoint   ] Safepoint "Cleanup", Time since last: 1000564810 ns, Reaching safepoint: 21408 ns, Cleanup: 15956 ns, At safepoint: 31613 ns, Total: 68977 ns
[2025-05-26T12:48:48.174+0000][72][info ][safepoint   ] Safepoint "Cleanup", Time since last: 1000525941 ns, Reaching safepoint: 22044 ns, Cleanup: 20758 ns, At safepoint: 8020 ns, Total: 50822 ns
[2025-05-26T12:49:02.173+0000][72][info ][safepoint   ] Safepoint "Cleanup", Time since last: 14002419249 ns, Reaching safepoint: 93227 ns, Cleanup: 33043 ns, At safepoint: 12672 ns, Total: 138942 ns
[2025-05-26T12:49:05.175+0000][72][info ][safepoint   ] Safepoint "Cleanup", Time since last: 3001339139 ns, Reaching safepoint: 31109 ns, Cleanup: 20128 ns, At safepoint: 16704 ns, Total: 67941 ns
[2025-05-26T12:49:08.176+0000][72][info ][safepoint   ] Safepoint "Cleanup", Time since last: 3001027696 ns, Reaching safepoint: 16678 ns, Cleanup: 15078 ns, At safepoint: 7938 ns, Total: 39694 ns
[2025-05-26T12:49:12.987+0000][72][info ][safepoint   ] Safepoint "Cleanup", Time since last: 4811152119 ns, Reaching safepoint: 25618 ns, Cleanup: 17093 ns, At safepoint: 11256 ns, Total: 53967 ns
[2025-05-26T12:49:17.989+0000][72][info ][safepoint   ] Safepoint "Cleanup", Time since last: 5001334975 ns, Reaching safepoint: 31490 ns, Cleanup: 18177 ns, At safepoint: 17314 ns, Total: 66981 ns
[2025-05-26T12:49:22.990+0000][72][info ][safepoint   ] Safepoint "Cleanup", Time since last: 5001388672 ns, Reaching safepoint: 35665 ns, Cleanup: 24908 ns, At safepoint: 18694 ns, Total: 79267 ns
[2025-05-26T12:49:26.111+0000][72][info ][safepoint   ] Safepoint "Cleanup", Time since last: 3120759806 ns, Reaching safepoint: 9605 ns, Cleanup: 14128 ns, At safepoint: 19613 ns, Total: 43346 ns
[2025-05-26T12:49:27.129+0000][72][info ][safepoint   ] Safepoint "Cleanup", Time since last: 1020080550 ns, Reaching safepoint: 29883 ns, Cleanup: 26171 ns, At safepoint: 15752 ns, Total: 71806 ns
[2025-05-26T12:49:28.195+0000][72][info ][safepoint   ] Safepoint "Cleanup", Time since last: 1066553203 ns, Reaching safepoint: 28578 ns, Cleanup: 230068 ns, At safepoint: 26797 ns, Total: 285443 ns
[2025-05-26T12:49:29.196+0000][72][info ][safepoint   ] Safepoint "Cleanup", Time since last: 1000818366 ns, Reaching safepoint: 22945 ns, Cleanup: 15883 ns, At safepoint: 7913 ns, Total: 46741 ns
[2025-05-26T12:49:35.198+0000][72][info ][safepoint   ] Safepoint "Cleanup", Time since last: 6001370009 ns, Reaching safepoint: 61584 ns, Cleanup: 24679 ns, At safepoint: 11772 ns, Total: 98035 ns
[2025-05-26T12:49:37.199+0000][72][info ][safepoint   ] Safepoint "Cleanup", Time since last: 2000859700 ns, Reaching safepoint: 30828 ns, Cleanup: 17030 ns, At safepoint: 17541 ns, Total: 65399 ns
[2025-05-26T12:49:39.124+0000][72][info ][safepoint   ] Safepoint "Cleanup", Time since last: 1925119119 ns, Reaching safepoint: 16539 ns, Cleanup: 20066 ns, At safepoint: 6706 ns, Total: 43311 ns
[2025-05-26T12:49:40.233+0000][72][info ][safepoint   ] Safepoint "Cleanup", Time since last: 1109501072 ns, Reaching safepoint: 27274 ns, Cleanup: 23388 ns, At safepoint: 14541 ns, Total: 65203 ns
[2025-05-26T12:49:41.281+0000][72][info ][safepoint   ] Safepoint "Cleanup", Time since last: 1047282578 ns, Reaching safepoint: 29320 ns, Cleanup: 16658 ns, At safepoint: 17779 ns, Total: 63757 ns
[2025-05-26T12:49:42.584+0000][72][info ][safepoint   ] Safepoint "Cleanup", Time since last: 1303120649 ns, Reaching safepoint: 26122 ns, Cleanup: 17922 ns, At safepoint: 68694 ns, Total: 112738 ns
[2025-05-26T12:49:43.597+0000][72][info ][safepoint   ] Safepoint "Cleanup", Time since last: 1012649645 ns, Reaching safepoint: 28217 ns, Cleanup: 19305 ns, At safepoint: 15249 ns, Total: 62771 ns
[2025-05-26T12:49:47.141+0000][72][info ][safepoint   ] Safepoint "Cleanup", Time since last: 3543798680 ns, Reaching safepoint: 4995 ns, Cleanup: 6478 ns, At safepoint: 5051 ns, Total: 16524 ns
[2025-05-26T12:49:48.197+0000][72][info ][safepoint   ] Safepoint "Cleanup", Time since last: 1055928168 ns, Reaching safepoint: 17245 ns, Cleanup: 14712 ns, At safepoint: 8010 ns, Total: 39967 ns
[2025-05-26T12:49:49.325+0000][72][info ][safepoint   ] Safepoint "Cleanup", Time since last: 1128319997 ns, Reaching safepoint: 25850 ns, Cleanup: 79447 ns, At safepoint: 76748 ns, Total: 182045 ns
[2025-05-26T12:49:53.329+0000][72][info ][safepoint   ] Safepoint "Cleanup", Time since last: 4003917461 ns, Reaching safepoint: 23455 ns, Cleanup: 13676 ns, At safepoint: 9075 ns, Total: 46206 ns
[2025-05-26T12:49:57.327+0000][72][info ][safepoint   ] Safepoint "Cleanup", Time since last: 4001186500 ns, Reaching safepoint: 134114 ns, Cleanup: 13853 ns, At safepoint: 87254 ns, Total: 235221 ns
[2025-05-26T12:49:58.328+0000][72][info ][safepoint   ] Safepoint "Cleanup", Time since last: 1000569954 ns, Reaching safepoint: 29500 ns, Cleanup: 15792 ns, At safepoint: 16176 ns, Total: 61468 ns
[2025-05-26T12:50:08.330+0000][72][info ][safepoint   ] Safepoint "Cleanup", Time since last: 10002231400 ns, Reaching safepoint: 63084 ns, Cleanup: 14693 ns, At safepoint: 15309 ns, Total: 93086 ns
[2025-05-26T12:50:18.025+0000][72][info ][safepoint   ] Safepoint "Cleanup", Time since last: 9695022060 ns, Reaching safepoint: 28469 ns, Cleanup: 16988 ns, At safepoint: 18455 ns, Total: 63912 ns
[2025-05-26T12:50:23.027+0000][72][info ][safepoint   ] Safepoint "Cleanup", Time since last: 5001372579 ns, Reaching safepoint: 30919 ns, Cleanup: 16559 ns, At safepoint: 15331 ns, Total: 62809 ns
[2025-05-26T12:50:24.027+0000][72][info ][safepoint   ] Safepoint "Cleanup", Time since last: 1000631966 ns, Reaching safepoint: 26989 ns, Cleanup: 20318 ns, At safepoint: 14559 ns, Total: 61866 ns
[2025-05-26T12:50:33.027+0000][72][info ][safepoint   ] Safepoint "Cleanup", Time since last: 9002048584 ns, Reaching safepoint: 27165 ns, Cleanup: 14356 ns, At safepoint: 52979 ns, Total: 94500 ns
[2025-05-26T12:50:42.029+0000][72][info ][safepoint   ] Safepoint "Cleanup", Time since last: 9001875025 ns, Reaching safepoint: 41226 ns, Cleanup: 14661 ns, At safepoint: 7893 ns, Total: 63780 ns
[2025-05-26T12:50:48.031+0000][72][info ][safepoint   ] Safepoint "Cleanup", Time since last: 6001268679 ns, Reaching safepoint: 17528 ns, Cleanup: 17220 ns, At safepoint: 7929 ns, Total: 42677 ns
[2025-05-26T12:50:50.101+0000][72][info ][safepoint   ] Safepoint "Cleanup", Time since last: 2069974872 ns, Reaching safepoint: 16020 ns, Cleanup: 23912 ns, At safepoint: 136714 ns, Total: 176646 ns
[2025-05-26T12:50:51.362+0000][72][info ][safepoint   ] Safepoint "Cleanup", Time since last: 1261438961 ns, Reaching safepoint: 26343 ns, Cleanup: 16069 ns, At safepoint: 14352 ns, Total: 56764 ns
[2025-05-26T12:51:18.062+0000][72][info ][safepoint   ] Safepoint "Cleanup", Time since last: 26702119405 ns, Reaching safepoint: 82623 ns, Cleanup: 59240 ns, At safepoint: 14335 ns, Total: 156198 ns
[2025-05-26T12:51:20.063+0000][72][info ][safepoint   ] Safepoint "Cleanup", Time since last: 2000901519 ns, Reaching safepoint: 24086 ns, Cleanup: 17479 ns, At safepoint: 9831 ns, Total: 51396 ns
[2025-05-26T12:51:21.064+0000][72][info ][safepoint   ] Safepoint "Cleanup", Time since last: 1000666159 ns, Reaching safepoint: 29937 ns, Cleanup: 24304 ns, At safepoint: 17540 ns, Total: 71781 ns
[2025-05-26T12:51:23.064+0000][72][info ][safepoint   ] Safepoint "Cleanup", Time since last: 2000751362 ns, Reaching safepoint: 28494 ns, Cleanup: 16005 ns, At safepoint: 15171 ns, Total: 59670 ns
[2025-05-26T12:51:49.066+0000][72][info ][safepoint   ] Safepoint "Cleanup", Time since last: 26004160803 ns, Reaching safepoint: 67832 ns, Cleanup: 19777 ns, At safepoint: 11838 ns, Total: 99447 ns
[2025-05-26T12:51:53.416+0000][72][info ][safepoint   ] Safepoint "Cleanup", Time since last: 4350012114 ns, Reaching safepoint: 9404 ns, Cleanup: 17729 ns, At safepoint: 5519 ns, Total: 32652 ns
[2025-05-26T12:52:23.094+0000][72][info ][safepoint   ] Safepoint "Cleanup", Time since last: 29680317284 ns, Reaching safepoint: 86659 ns, Cleanup: 17820 ns, At safepoint: 10155 ns, Total: 114634 ns
[2025-05-26T12:52:25.095+0000][72][info ][safepoint   ] Safepoint "Cleanup", Time since last: 2000879346 ns, Reaching safepoint: 31761 ns, Cleanup: 17921 ns, At safepoint: 19574 ns, Total: 69256 ns
[2025-05-26T12:52:34.095+0000][72][info ][safepoint   ] Safepoint "Cleanup", Time since last: 9001818174 ns, Reaching safepoint: 89004 ns, Cleanup: 16313 ns, At safepoint: 158977 ns, Total: 264294 ns
[2025-05-26T12:52:35.097+0000][72][info ][safepoint   ] Safepoint "Cleanup", Time since last: 1001986962 ns, Reaching safepoint: 29005 ns, Cleanup: 19532 ns, At safepoint: 16801 ns, Total: 65338 ns
[2025-05-26T12:52:38.098+0000][72][info ][safepoint   ] Safepoint "Cleanup", Time since last: 3001011589 ns, Reaching safepoint: 71170 ns, Cleanup: 17498 ns, At safepoint: 17817 ns, Total: 106485 ns
[2025-05-26T12:52:47.100+0000][72][info ][safepoint   ] Safepoint "Cleanup", Time since last: 9001971984 ns, Reaching safepoint: 27112 ns, Cleanup: 17148 ns, At safepoint: 11393 ns, Total: 55653 ns
[2025-05-26T12:52:53.104+0000][72][info ][safepoint   ] Safepoint "Cleanup", Time since last: 6004081171 ns, Reaching safepoint: 69778 ns, Cleanup: 16830 ns, At safepoint: 32366 ns, Total: 118974 ns
[2025-05-26T12:52:56.100+0000][72][info ][safepoint   ] Safepoint "Cleanup", Time since last: 2996312788 ns, Reaching safepoint: 9110 ns, Cleanup: 8845 ns, At safepoint: 16498 ns, Total: 34453 ns
[2025-05-26T12:52:57.482+0000][72][info ][safepoint   ] Safepoint "Cleanup", Time since last: 1384276408 ns, Reaching safepoint: 17061 ns, Cleanup: 20377 ns, At safepoint: 7912 ns, Total: 45350 ns
[2025-05-26T12:53:06.484+0000][72][info ][safepoint   ] Safepoint "Cleanup", Time since last: 9001918238 ns, Reaching safepoint: 16943 ns, Cleanup: 11315 ns, At safepoint: 7554 ns, Total: 35812 ns
[2025-05-26T12:53:17.128+0000][72][info ][safepoint   ] Safepoint "Cleanup", Time since last: 10643996714 ns, Reaching safepoint: 27321 ns, Cleanup: 109054 ns, At safepoint: 18862 ns, Total: 155237 ns
[2025-05-26T12:53:47.131+0000][72][info ][safepoint   ] Safepoint "Cleanup", Time since last: 30004942461 ns, Reaching safepoint: 25522 ns, Cleanup: 14247 ns, At safepoint: 7944 ns, Total: 47713 ns
[2025-05-26T12:53:50.132+0000][72][info ][safepoint   ] Safepoint "Cleanup", Time since last: 3000929959 ns, Reaching safepoint: 26172 ns, Cleanup: 17965 ns, At safepoint: 9170 ns, Total: 53307 ns
[2025-05-26T12:53:59.115+0000][72][info ][safepoint   ] Safepoint "Cleanup", Time since last: 8985672062 ns, Reaching safepoint: 461779 ns, Cleanup: 13568 ns, At safepoint: 148972 ns, Total: 624319 ns
[2025-05-26T12:54:00.528+0000][72][info ][safepoint   ] Safepoint "Cleanup", Time since last: 1412695261 ns, Reaching safepoint: 28625 ns, Cleanup: 25661 ns, At safepoint: 14768 ns, Total: 69054 ns
[2025-05-26T12:54:07.530+0000][72][info ][safepoint   ] Safepoint "Cleanup", Time since last: 7001647312 ns, Reaching safepoint: 28121 ns, Cleanup: 15888 ns, At safepoint: 16735 ns, Total: 60744 ns
[2025-05-26T12:54:18.162+0000][72][info ][safepoint   ] Safepoint "Cleanup", Time since last: 10632414460 ns, Reaching safepoint: 29269 ns, Cleanup: 15891 ns, At safepoint: 16033 ns, Total: 61193 ns
[2025-05-26T12:54:23.164+0000][72][info ][safepoint   ] Safepoint "Cleanup", Time since last: 5001492980 ns, Reaching safepoint: 30255 ns, Cleanup: 24738 ns, At safepoint: 15247 ns, Total: 70240 ns
[2025-05-26T12:54:28.163+0000][72][info ][safepoint   ] Safepoint "Cleanup", Time since last: 5001325303 ns, Reaching safepoint: 73010 ns, Cleanup: 18035 ns, At safepoint: 31956 ns, Total: 123001 ns
[2025-05-26T12:54:38.165+0000][72][info ][safepoint   ] Safepoint "Cleanup", Time since last: 10002211724 ns, Reaching safepoint: 29851 ns, Cleanup: 16319 ns, At safepoint: 15765 ns, Total: 61935 ns
[2025-05-26T12:54:41.109+0000][72][info ][safepoint   ] Safepoint "Cleanup", Time since last: 2943695227 ns, Reaching safepoint: 87219 ns, Cleanup: 9663 ns, At safepoint: 18300 ns, Total: 115182 ns
[2025-05-26T12:54:42.554+0000][72][info ][safepoint   ] Safepoint "Cleanup", Time since last: 1444378175 ns, Reaching safepoint: 22007 ns, Cleanup: 18982 ns, At safepoint: 9493 ns, Total: 50482 ns
[2025-05-26T12:54:43.586+0000][72][info ][safepoint   ] Safepoint "Cleanup", Time since last: 1032262701 ns, Reaching safepoint: 27843 ns, Cleanup: 16496 ns, At safepoint: 15087 ns, Total: 59426 ns
[2025-05-26T12:54:47.587+0000][72][info ][safepoint   ] Safepoint "Cleanup", Time since last: 4001454142 ns, Reaching safepoint: 28854 ns, Cleanup: 16459 ns, At safepoint: 14938 ns, Total: 60251 ns
[2025-05-26T12:54:48.818+0000][72][info ][safepoint   ] Safepoint "Cleanup", Time since last: 1230912688 ns, Reaching safepoint: 28271 ns, Cleanup: 14868 ns, At safepoint: 15213 ns, Total: 58352 ns
[2025-05-26T12:54:50.819+0000][72][info ][safepoint   ] Safepoint "Cleanup", Time since last: 2001045666 ns, Reaching safepoint: 26054 ns, Cleanup: 15399 ns, At safepoint: 14912 ns, Total: 56365 ns
[2025-05-26T12:54:52.820+0000][72][info ][safepoint   ] Safepoint "Cleanup", Time since last: 2000909486 ns, Reaching safepoint: 29067 ns, Cleanup: 18138 ns, At safepoint: 16292 ns, Total: 63497 ns
[2025-05-26T12:54:58.819+0000][72][info ][safepoint   ] Safepoint "Cleanup", Time since last: 6001474033 ns, Reaching safepoint: 66582 ns, Cleanup: 16691 ns, At safepoint: 15929 ns, Total: 99202 ns
[2025-05-26T12:55:02.106+0000][72][info ][safepoint   ] Safepoint "Cleanup", Time since last: 3285983676 ns, Reaching safepoint: 22651 ns, Cleanup: 15180 ns, At safepoint: 112125 ns, Total: 149956 ns
[2025-05-26T12:55:03.620+0000][72][info ][safepoint   ] Safepoint "Cleanup", Time since last: 1514862952 ns, Reaching safepoint: 28045 ns, Cleanup: 55288 ns, At safepoint: 17990 ns, Total: 101323 ns
[2025-05-26T12:55:17.198+0000][72][info ][safepoint   ] Safepoint "Cleanup", Time since last: 13577858347 ns, Reaching safepoint: 27280 ns, Cleanup: 14332 ns, At safepoint: 14605 ns, Total: 56217 ns
[2025-05-26T12:55:23.200+0000][72][info ][safepoint   ] Safepoint "Cleanup", Time since last: 6001189804 ns, Reaching safepoint: 16404 ns, Cleanup: 12598 ns, At safepoint: 7867 ns, Total: 36869 ns
[2025-05-26T12:55:52.202+0000][72][info ][safepoint   ] Safepoint "Cleanup", Time since last: 29004960953 ns, Reaching safepoint: 42495 ns, Cleanup: 12115 ns, At safepoint: 7513 ns, Total: 62123 ns
[2025-05-26T12:55:53.203+0000][72][info ][safepoint   ] Safepoint "Cleanup", Time since last: 1000829438 ns, Reaching safepoint: 29518 ns, Cleanup: 15934 ns, At safepoint: 14599 ns, Total: 60051 ns
[2025-05-26T12:56:05.106+0000][72][info ][safepoint   ] Safepoint "Cleanup", Time since last: 11901974941 ns, Reaching safepoint: 2299961 ns, Cleanup: 19391 ns, At safepoint: 173842 ns, Total: 2493194 ns
[2025-05-26T12:56:06.678+0000][72][info ][safepoint   ] Safepoint "Cleanup", Time since last: 1572836964 ns, Reaching safepoint: 27641 ns, Cleanup: 24948 ns, At safepoint: 15444 ns, Total: 68033 ns
[2025-05-26T12:56:19.235+0000][72][info ][safepoint   ] Safepoint "Cleanup", Time since last: 12556939774 ns, Reaching safepoint: 18552 ns, Cleanup: 14261 ns, At safepoint: 7830 ns, Total: 40643 ns
[2025-05-26T12:56:22.236+0000][72][info ][safepoint   ] Safepoint "Cleanup", Time since last: 3000835992 ns, Reaching safepoint: 16524 ns, Cleanup: 14876 ns, At safepoint: 7436 ns, Total: 38836 ns
[2025-05-26T12:56:23.237+0000][72][info ][safepoint   ] Safepoint "Cleanup", Time since last: 1001031197 ns, Reaching safepoint: 27534 ns, Cleanup: 20641 ns, At safepoint: 14614 ns, Total: 62789 ns
[2025-05-26T12:56:26.239+0000][72][info ][safepoint   ] Safepoint "Cleanup", Time since last: 3001212308 ns, Reaching safepoint: 16782 ns, Cleanup: 13017 ns, At safepoint: 7466 ns, Total: 37265 ns
[2025-05-26T12:56:32.237+0000][72][info ][safepoint   ] Safepoint "Cleanup", Time since last: 6001246201 ns, Reaching safepoint: 48359 ns, Cleanup: 14860 ns, At safepoint: 9804 ns, Total: 73023 ns
[2025-05-26T12:56:40.240+0000][72][info ][safepoint   ] Safepoint "Cleanup", Time since last: 8002933349 ns, Reaching safepoint: 28666 ns, Cleanup: 16700 ns, At safepoint: 16047 ns, Total: 61413 ns
[2025-05-26T12:56:48.242+0000][72][info ][safepoint   ] Safepoint "Cleanup", Time since last: 8001749397 ns, Reaching safepoint: 29978 ns, Cleanup: 19500 ns, At safepoint: 11226 ns, Total: 60704 ns
[2025-05-26T12:56:53.244+0000][72][info ][safepoint   ] Safepoint "Cleanup", Time since last: 5001624447 ns, Reaching safepoint: 33384 ns, Cleanup: 112877 ns, At safepoint: 22776 ns, Total: 169037 ns
[2025-05-26T12:56:58.243+0000][72][info ][safepoint   ] Safepoint "Cleanup", Time since last: 5001246007 ns, Reaching safepoint: 48819 ns, Cleanup: 15527 ns, At safepoint: 11556 ns, Total: 75902 ns
[2025-05-26T12:57:08.098+0000][72][info ][safepoint   ] Safepoint "Cleanup", Time since last: 9855002470 ns, Reaching safepoint: 5088 ns, Cleanup: 8513 ns, At safepoint: 5704 ns, Total: 19305 ns
[2025-05-26T12:57:09.269+0000][72][info ][safepoint   ] Safepoint "Cleanup", Time since last: 1171320932 ns, Reaching safepoint: 11968 ns, Cleanup: 13588 ns, At safepoint: 10948 ns, Total: 36504 ns
[2025-05-26T12:57:22.272+0000][72][info ][safepoint   ] Safepoint "Cleanup", Time since last: 13002874051 ns, Reaching safepoint: 28458 ns, Cleanup: 20830 ns, At safepoint: 15848 ns, Total: 65136 ns
[2025-05-26T12:57:23.273+0000][72][info ][safepoint   ] Safepoint "Cleanup", Time since last: 1000809068 ns, Reaching safepoint: 30636 ns, Cleanup: 16983 ns, At safepoint: 17318 ns, Total: 64937 ns
[2025-05-26T12:57:41.274+0000][72][info ][safepoint   ] Safepoint "Cleanup", Time since last: 18003586467 ns, Reaching safepoint: 53980 ns, Cleanup: 15816 ns, At safepoint: 10351 ns, Total: 80147 ns
[2025-05-26T12:57:47.276+0000][72][info ][safepoint   ] Safepoint "Cleanup", Time since last: 6001801784 ns, Reaching safepoint: 23634 ns, Cleanup: 15653 ns, At safepoint: 9245 ns, Total: 48532 ns
[2025-05-26T12:58:00.276+0000][72][info ][safepoint   ] Safepoint "Cleanup", Time since last: 13002419079 ns, Reaching safepoint: 47376 ns, Cleanup: 15383 ns, At safepoint: 9708 ns, Total: 72467 ns
[2025-05-26T12:58:10.306+0000][72][info ][safepoint   ] Safepoint "Cleanup", Time since last: 10029608613 ns, Reaching safepoint: 23116 ns, Cleanup: 16247 ns, At safepoint: 8857 ns, Total: 48220 ns
[2025-05-26T12:58:11.740+0000][72][info ][safepoint   ] Safepoint "Cleanup", Time since last: 1434539056 ns, Reaching safepoint: 90060 ns, Cleanup: 15822 ns, At safepoint: 35366 ns, Total: 141248 ns
[2025-05-26T12:58:14.769+0000][72][info ][safepoint   ] Safepoint "Cleanup", Time since last: 3028012647 ns, Reaching safepoint: 23928 ns, Cleanup: 18578 ns, At safepoint: 9330 ns, Total: 51836 ns
[2025-05-26T12:58:22.771+0000][72][info ][safepoint   ] Safepoint "Cleanup", Time since last: 8001980732 ns, Reaching safepoint: 73043 ns, Cleanup: 19239 ns, At safepoint: 16575 ns, Total: 108857 ns
[2025-05-26T12:58:23.771+0000][72][info ][safepoint   ] Safepoint "Cleanup", Time since last: 1000634059 ns, Reaching safepoint: 15902 ns, Cleanup: 11946 ns, At safepoint: 7640 ns, Total: 35488 ns
[2025-05-26T12:58:37.772+0000][72][info ][safepoint   ] Safepoint "Cleanup", Time since last: 14003027475 ns, Reaching safepoint: 43642 ns, Cleanup: 15252 ns, At safepoint: 8305 ns, Total: 67199 ns
[2025-05-26T12:58:38.773+0000][72][info ][safepoint   ] Safepoint "Cleanup", Time since last: 1000505128 ns, Reaching safepoint: 17299 ns, Cleanup: 12635 ns, At safepoint: 8153 ns, Total: 38087 ns
[2025-05-26T12:58:48.775+0000][72][info ][safepoint   ] Safepoint "Cleanup", Time since last: 10001877943 ns, Reaching safepoint: 17682 ns, Cleanup: 14042 ns, At safepoint: 8067 ns, Total: 39791 ns
[2025-05-26T12:58:51.776+0000][72][info ][safepoint   ] Safepoint "Cleanup", Time since last: 3001018262 ns, Reaching safepoint: 29433 ns, Cleanup: 16737 ns, At safepoint: 18574 ns, Total: 64744 ns
[2025-05-26T12:58:53.777+0000][72][info ][safepoint   ] Safepoint "Cleanup", Time since last: 2000997291 ns, Reaching safepoint: 27592 ns, Cleanup: 15346 ns, At safepoint: 14123 ns, Total: 57061 ns
[2025-05-26T12:59:02.776+0000][72][info ][safepoint   ] Safepoint "Cleanup", Time since last: 9001904265 ns, Reaching safepoint: 48104 ns, Cleanup: 21398 ns, At safepoint: 27358 ns, Total: 96860 ns
[2025-05-26T12:59:14.085+0000][72][info ][safepoint   ] Safepoint "Cleanup", Time since last: 11308549928 ns, Reaching safepoint: 6633 ns, Cleanup: 14246 ns, At safepoint: 16225 ns, Total: 37104 ns
[2025-05-26T12:59:22.817+0000][72][info ][safepoint   ] Safepoint "Cleanup", Time since last: 8732815731 ns, Reaching safepoint: 60533 ns, Cleanup: 18917 ns, At safepoint: 9693 ns, Total: 89143 ns
[2025-05-26T12:59:27.816+0000][72][info ][safepoint   ] Safepoint "Cleanup", Time since last: 5001210739 ns, Reaching safepoint: 27511 ns, Cleanup: 19402 ns, At safepoint: 15814 ns, Total: 62727 ns
[2025-05-26T12:59:32.818+0000][72][info ][safepoint   ] Safepoint "Cleanup", Time since last: 5001347533 ns, Reaching safepoint: 47060 ns, Cleanup: 15446 ns, At safepoint: 8818 ns, Total: 71324 ns
[2025-05-26T12:59:42.820+0000][72][info ][safepoint   ] Safepoint "Cleanup", Time since last: 10002187782 ns, Reaching safepoint: 26411 ns, Cleanup: 15037 ns, At safepoint: 16027 ns, Total: 57475 ns
[2025-05-26T12:59:44.832+0000][72][info ][safepoint   ] Safepoint "Cleanup", Time since last: 2011371980 ns, Reaching safepoint: 14674 ns, Cleanup: 73053 ns, At safepoint: 81654 ns, Total: 169381 ns
[2025-05-26T12:59:45.850+0000][72][info ][safepoint   ] Safepoint "Cleanup", Time since last: 1017817840 ns, Reaching safepoint: 62564 ns, Cleanup: 31635 ns, At safepoint: 23692 ns, Total: 117891 ns
[2025-05-26T12:59:46.892+0000][72][info ][safepoint   ] Safepoint "Cleanup", Time since last: 1042790097 ns, Reaching safepoint: 28812 ns, Cleanup: 18519 ns, At safepoint: 15190 ns, Total: 62521 ns
[2025-05-26T12:59:48.402+0000][72][info ][safepoint   ] Safepoint "Cleanup", Time since last: 1509730906 ns, Reaching safepoint: 30514 ns, Cleanup: 28888 ns, At safepoint: 16606 ns, Total: 76008 ns
[2025-05-26T12:59:52.404+0000][72][info ][safepoint   ] Safepoint "Cleanup", Time since last: 4001239913 ns, Reaching safepoint: 31570 ns, Cleanup: 21208 ns, At safepoint: 18205 ns, Total: 70983 ns
[2025-05-26T12:59:53.405+0000][72][info ][safepoint   ] Safepoint "Cleanup", Time since last: 1001103735 ns, Reaching safepoint: 27748 ns, Cleanup: 14464 ns, At safepoint: 14424 ns, Total: 56636 ns
[2025-05-26T12:59:56.406+0000][72][info ][safepoint   ] Safepoint "Cleanup", Time since last: 3001015836 ns, Reaching safepoint: 24160 ns, Cleanup: 15175 ns, At safepoint: 10858 ns, Total: 50193 ns
[2025-05-26T13:00:17.098+0000][72][info ][safepoint   ] Safepoint "Cleanup", Time since last: 20694552946 ns, Reaching safepoint: 27304 ns, Cleanup: 21943 ns, At safepoint: 70662 ns, Total: 119909 ns
[2025-05-26T13:00:18.944+0000][72][info ][safepoint   ] Safepoint "Cleanup", Time since last: 1845428354 ns, Reaching safepoint: 19266 ns, Cleanup: 18127 ns, At safepoint: 7161 ns, Total: 44554 ns
[2025-05-26T13:00:22.945+0000][72][info ][safepoint   ] Safepoint "Cleanup", Time since last: 4001425071 ns, Reaching safepoint: 30121 ns, Cleanup: 19693 ns, At safepoint: 14768 ns, Total: 64582 ns
[2025-05-26T13:00:24.946+0000][72][info ][safepoint   ] Safepoint "Cleanup", Time since last: 2000904894 ns, Reaching safepoint: 117506 ns, Cleanup: 12498 ns, At safepoint: 40431 ns, Total: 170435 ns
[2025-05-26T13:00:26.944+0000][72][info ][safepoint   ] Safepoint "Cleanup", Time since last: 2000710487 ns, Reaching safepoint: 27046 ns, Cleanup: 14743 ns, At safepoint: 13777 ns, Total: 55566 ns
[2025-05-26T13:00:32.946+0000][72][info ][safepoint   ] Safepoint "Cleanup", Time since last: 6001566653 ns, Reaching safepoint: 23233 ns, Cleanup: 17579 ns, At safepoint: 13057 ns, Total: 53869 ns
[2025-05-26T13:00:52.950+0000][72][info ][safepoint   ] Safepoint "Cleanup", Time since last: 20004081394 ns, Reaching safepoint: 62653 ns, Cleanup: 18768 ns, At safepoint: 9585 ns, Total: 91006 ns
[2025-05-26T13:00:57.950+0000][72][info ][safepoint   ] Safepoint "Cleanup", Time since last: 5001430203 ns, Reaching safepoint: 33885 ns, Cleanup: 17074 ns, At safepoint: 16617 ns, Total: 67576 ns
[2025-05-26T13:01:17.414+0000][72][info ][safepoint   ] Safepoint "Cleanup", Time since last: 19464209224 ns, Reaching safepoint: 31295 ns, Cleanup: 19110 ns, At safepoint: 14746 ns, Total: 65151 ns
[2025-05-26T13:01:20.092+0000][72][info ][safepoint   ] Safepoint "Cleanup", Time since last: 2677844242 ns, Reaching safepoint: 156324 ns, Cleanup: 13351 ns, At safepoint: 50162 ns, Total: 219837 ns
[2025-05-26T13:01:21.990+0000][72][info ][safepoint   ] Safepoint "Cleanup", Time since last: 1897574941 ns, Reaching safepoint: 58909 ns, Cleanup: 21233 ns, At safepoint: 8623 ns, Total: 88765 ns
[2025-05-26T13:01:22.990+0000][72][info ][safepoint   ] Safepoint "Cleanup", Time since last: 1000739421 ns, Reaching safepoint: 27620 ns, Cleanup: 14129 ns, At safepoint: 13932 ns, Total: 55681 ns
[2025-05-26T13:01:32.990+0000][72][info ][safepoint   ] Safepoint "Cleanup", Time since last: 10002188671 ns, Reaching safepoint: 30884 ns, Cleanup: 16764 ns, At safepoint: 16319 ns, Total: 63967 ns
[2025-05-26T13:01:34.991+0000][72][info ][safepoint   ] Safepoint "Cleanup", Time since last: 2000861950 ns, Reaching safepoint: 62785 ns, Cleanup: 16129 ns, At safepoint: 27896 ns, Total: 106810 ns
[2025-05-26T13:01:43.993+0000][72][info ][safepoint   ] Safepoint "Cleanup", Time since last: 9002163568 ns, Reaching safepoint: 32312 ns, Cleanup: 19864 ns, At safepoint: 51552 ns, Total: 103728 ns
[2025-05-26T13:01:57.994+0000][72][info ][safepoint   ] Safepoint "Cleanup", Time since last: 14003121097 ns, Reaching safepoint: 68494 ns, Cleanup: 19412 ns, At safepoint: 15774 ns, Total: 103680 ns
[2025-05-26T13:02:16.450+0000][72][info ][safepoint   ] Safepoint "Cleanup", Time since last: 18456076154 ns, Reaching safepoint: 55191 ns, Cleanup: 16025 ns, At safepoint: 17327 ns, Total: 88543 ns
[2025-05-26T13:02:24.013+0000][72][info ][safepoint   ] Safepoint "Cleanup", Time since last: 7563233231 ns, Reaching safepoint: 5546 ns, Cleanup: 11320 ns, At safepoint: 2728 ns, Total: 19594 ns
[2025-05-26T13:02:58.046+0000][72][info ][safepoint   ] Safepoint "Cleanup", Time since last: 34036956367 ns, Reaching safepoint: 67436 ns, Cleanup: 14011 ns, At safepoint: 14591 ns, Total: 96038 ns
[2025-05-26T13:03:03.047+0000][72][info ][safepoint   ] Safepoint "Cleanup", Time since last: 5001572532 ns, Reaching safepoint: 28025 ns, Cleanup: 15163 ns, At safepoint: 14483 ns, Total: 57671 ns
[2025-05-26T13:03:09.485+0000][72][info ][safepoint   ] Safepoint "Cleanup", Time since last: 6437246089 ns, Reaching safepoint: 50879 ns, Cleanup: 13777 ns, At safepoint: 15013 ns, Total: 79669 ns
[2025-05-26T13:03:22.488+0000][72][info ][safepoint   ] Safepoint "Cleanup", Time since last: 13002877207 ns, Reaching safepoint: 55941 ns, Cleanup: 13059 ns, At safepoint: 8264 ns, Total: 77264 ns
[2025-05-26T13:03:27.091+0000][72][info ][safepoint   ] Safepoint "Cleanup", Time since last: 4605697848 ns, Reaching safepoint: 179852 ns, Cleanup: 19184 ns, At safepoint: 77658 ns, Total: 276694 ns
[2025-05-26T13:03:28.113+0000][72][info ][safepoint   ] Safepoint "Cleanup", Time since last: 1022262156 ns, Reaching safepoint: 28171 ns, Cleanup: 21358 ns, At safepoint: 14198 ns, Total: 63727 ns
[2025-05-26T13:03:47.117+0000][72][info ][safepoint   ] Safepoint "Cleanup", Time since last: 19003370308 ns, Reaching safepoint: 17325 ns, Cleanup: 14502 ns, At safepoint: 8188 ns, Total: 40015 ns
[2025-05-26T13:03:57.117+0000][72][info ][safepoint   ] Safepoint "Cleanup", Time since last: 10001991120 ns, Reaching safepoint: 40772 ns, Cleanup: 12851 ns, At safepoint: 7652 ns, Total: 61275 ns
[2025-05-26T13:04:13.525+0000][72][info ][safepoint   ] Safepoint "Cleanup", Time since last: 16408078324 ns, Reaching safepoint: 20818 ns, Cleanup: 15127 ns, At safepoint: 9754 ns, Total: 45699 ns
[2025-05-26T13:04:18.526+0000][72][info ][safepoint   ] Safepoint "Cleanup", Time since last: 5001303646 ns, Reaching safepoint: 28926 ns, Cleanup: 16820 ns, At safepoint: 16495 ns, Total: 62241 ns
[2025-05-26T13:04:22.528+0000][72][info ][safepoint   ] Safepoint "Cleanup", Time since last: 4001534497 ns, Reaching safepoint: 27899 ns, Cleanup: 23541 ns, At safepoint: 15056 ns, Total: 66496 ns
[2025-05-26T13:04:23.529+0000][72][info ][safepoint   ] Safepoint "Cleanup", Time since last: 1000687772 ns, Reaching safepoint: 28262 ns, Cleanup: 17657 ns, At safepoint: 16886 ns, Total: 62805 ns
[2025-05-26T13:04:27.526+0000][72][info ][safepoint   ] Safepoint "Cleanup", Time since last: 4000939630 ns, Reaching safepoint: 49649 ns, Cleanup: 15704 ns, At safepoint: 15664 ns, Total: 81017 ns
[2025-05-26T13:04:29.098+0000][72][info ][safepoint   ] Safepoint "Cleanup", Time since last: 1571876081 ns, Reaching safepoint: 6781 ns, Cleanup: 10233 ns, At safepoint: 13165 ns, Total: 30179 ns
[2025-05-26T13:04:30.137+0000][72][info ][safepoint   ] Safepoint "Cleanup", Time since last: 1038937935 ns, Reaching safepoint: 13346 ns, Cleanup: 59811 ns, At safepoint: 76563 ns, Total: 149720 ns
[2025-05-26T13:04:31.163+0000][72][info ][safepoint   ] Safepoint "Cleanup", Time since last: 1025307571 ns, Reaching safepoint: 22102 ns, Cleanup: 17105 ns, At safepoint: 8994 ns, Total: 48201 ns
[2025-05-26T13:04:32.164+0000][72][info ][safepoint   ] Safepoint "Cleanup", Time since last: 1000727252 ns, Reaching safepoint: 27546 ns, Cleanup: 16596 ns, At safepoint: 13819 ns, Total: 57961 ns
[2025-05-26T13:04:33.164+0000][72][info ][safepoint   ] Safepoint "Cleanup", Time since last: 1000782510 ns, Reaching safepoint: 24362 ns, Cleanup: 15870 ns, At safepoint: 8728 ns, Total: 48960 ns
[2025-05-26T13:04:34.165+0000][72][info ][safepoint   ] Safepoint "Cleanup", Time since last: 1000708772 ns, Reaching safepoint: 14994 ns, Cleanup: 11515 ns, At safepoint: 6690 ns, Total: 33199 ns
[2025-05-26T13:04:44.168+0000][72][info ][safepoint   ] Safepoint "Cleanup", Time since last: 10002228745 ns, Reaching safepoint: 278370 ns, Cleanup: 15736 ns, At safepoint: 156244 ns, Total: 450350 ns
[2025-05-26T13:04:47.091+0000][72][info ][safepoint   ] Safepoint "Cleanup", Time since last: 2922768478 ns, Reaching safepoint: 83533 ns, Cleanup: 9196 ns, At safepoint: 16188 ns, Total: 108917 ns
[2025-05-26T13:04:47.204+0000][72][info ][gc,start    ] GC(15) Pause Young (Normal) (G1 Evacuation Pause)
[2025-05-26T13:04:47.205+0000][72][info ][gc,task     ] GC(15) Using 10 workers of 10 for evacuation
[2025-05-26T13:04:47.205+0000][72][debug][gc,age      ] GC(15) Desired survivor size 71303168 bytes, new threshold 15 (max threshold 15)
[2025-05-26T13:04:47.313+0000][72][info ][gc,phases   ] GC(15)   Pre Evacuate Collection Set: 5.32ms
[2025-05-26T13:04:47.313+0000][72][info ][gc,phases   ] GC(15)   Merge Heap Roots: 1.02ms
[2025-05-26T13:04:47.314+0000][72][info ][gc,phases   ] GC(15)   Evacuate Collection Set: 94.10ms
[2025-05-26T13:04:47.314+0000][72][info ][gc,phases   ] GC(15)   Post Evacuate Collection Set: 6.38ms
[2025-05-26T13:04:47.315+0000][72][info ][gc,phases   ] GC(15)   Other: 1.41ms
[2025-05-26T13:04:47.316+0000][72][trace][gc,age      ] GC(15) Age table with threshold 15 (max threshold 15)
[2025-05-26T13:04:47.316+0000][72][trace][gc,age      ] GC(15) - age   1:    1425480 bytes,    1425480 total
[2025-05-26T13:04:47.317+0000][72][trace][gc,age      ] GC(15) - age   2:     680224 bytes,    2105704 total
[2025-05-26T13:04:47.317+0000][72][trace][gc,age      ] GC(15) - age   3:     310472 bytes,    2416176 total
[2025-05-26T13:04:47.318+0000][72][trace][gc,age      ] GC(15) - age   4:   40956328 bytes,   43372504 total
[2025-05-26T13:04:47.318+0000][72][info ][gc,heap     ] GC(15) Eden regions: 255->0(296)
[2025-05-26T13:04:47.319+0000][72][info ][gc,heap     ] GC(15) Survivor regions: 12->12(34)
[2025-05-26T13:04:47.319+0000][72][info ][gc,heap     ] GC(15) Old regions: 15->15
[2025-05-26T13:04:47.320+0000][72][info ][gc,heap     ] GC(15) Humongous regions: 0->0
[2025-05-26T13:04:47.320+0000][72][info ][gc,metaspace] GC(15) Metaspace: 143437K(147200K)->143437K(147200K) NonClass: 123942K(125952K)->123942K(125952K) Class: 19494K(21248K)->19494K(21248K)
[2025-05-26T13:04:47.322+0000][72][info ][gc          ] GC(15) Pause Young (Normal) (G1 Evacuation Pause) 1124M->108M(3880M) 118.552ms
[2025-05-26T13:04:47.323+0000][72][info ][gc,cpu      ] GC(15) User=1.01s Sys=0.00s Real=0.12s
[2025-05-26T13:04:47.323+0000][72][info ][safepoint   ] Safepoint "G1CollectForAllocation", Time since last: 111434658 ns, Reaching safepoint: 26458 ns, Cleanup: 17718 ns, At safepoint: 121019281 ns, Total: 121063457 ns
[2025-05-26T13:04:49.193+0000][72][info ][safepoint   ] Safepoint "Cleanup", Time since last: 1869356459 ns, Reaching safepoint: 17462 ns, Cleanup: 21611 ns, At safepoint: 7449 ns, Total: 46522 ns
[2025-05-26T13:04:50.193+0000][72][info ][safepoint   ] Safepoint "Cleanup", Time since last: 1000687984 ns, Reaching safepoint: 29702 ns, Cleanup: 18342 ns, At safepoint: 17002 ns, Total: 65046 ns
[2025-05-26T13:04:52.194+0000][72][info ][safepoint   ] Safepoint "Cleanup", Time since last: 2000964435 ns, Reaching safepoint: 32825 ns, Cleanup: 18151 ns, At safepoint: 52840 ns, Total: 103816 ns
[2025-05-26T13:04:53.330+0000][72][info ][safepoint   ] Safepoint "Cleanup", Time since last: 1135494887 ns, Reaching safepoint: 27215 ns, Cleanup: 56047 ns, At safepoint: 206724 ns, Total: 289986 ns
[2025-05-26T13:04:56.379+0000][72][info ][safepoint   ] Safepoint "Cleanup", Time since last: 3048878094 ns, Reaching safepoint: 22818 ns, Cleanup: 17351 ns, At safepoint: 10623 ns, Total: 50792 ns
[2025-05-26T13:05:22.562+0000][72][info ][safepoint   ] Safepoint "Cleanup", Time since last: 26185162780 ns, Reaching safepoint: 71843 ns, Cleanup: 14550 ns, At safepoint: 16423 ns, Total: 102816 ns
[2025-05-26T13:05:23.563+0000][72][info ][safepoint   ] Safepoint "Cleanup", Time since last: 1000823042 ns, Reaching safepoint: 27416 ns, Cleanup: 14681 ns, At safepoint: 14842 ns, Total: 56939 ns
[2025-05-26T13:05:32.084+0000][72][info ][safepoint   ] Safepoint "Cleanup", Time since last: 8522162075 ns, Reaching safepoint: 5187 ns, Cleanup: 7415 ns, At safepoint: 12598 ns, Total: 25200 ns
[2025-05-26T13:05:33.259+0000][72][info ][safepoint   ] Safepoint "Cleanup", Time since last: 1175623454 ns, Reaching safepoint: 13098 ns, Cleanup: 52267 ns, At safepoint: 71305 ns, Total: 136670 ns
[2025-05-26T13:05:34.277+0000][72][info ][safepoint   ] Safepoint "Cleanup", Time since last: 1017872700 ns, Reaching safepoint: 27770 ns, Cleanup: 17929 ns, At safepoint: 15731 ns, Total: 61430 ns
[2025-05-26T13:05:43.280+0000][72][info ][safepoint   ] Safepoint "Cleanup", Time since last: 9002128338 ns, Reaching safepoint: 70230 ns, Cleanup: 22313 ns, At safepoint: 17098 ns, Total: 109641 ns
[2025-05-26T13:05:50.282+0000][72][info ][safepoint   ] Safepoint "Cleanup", Time since last: 7002054321 ns, Reaching safepoint: 30062 ns, Cleanup: 16801 ns, At safepoint: 16829 ns, Total: 63692 ns
[2025-05-26T13:06:16.600+0000][72][info ][safepoint   ] Safepoint "Cleanup", Time since last: 26320931927 ns, Reaching safepoint: 61108 ns, Cleanup: 14314 ns, At safepoint: 11954 ns, Total: 87376 ns
[2025-05-26T13:06:17.602+0000][72][info ][safepoint   ] Safepoint "Cleanup", Time since last: 1001439058 ns, Reaching safepoint: 27247 ns, Cleanup: 15295 ns, At safepoint: 10838 ns, Total: 53380 ns
[2025-05-26T13:06:32.602+0000][72][info ][safepoint   ] Safepoint "Cleanup", Time since last: 15003430166 ns, Reaching safepoint: 30300 ns, Cleanup: 13728 ns, At safepoint: 8165 ns, Total: 52193 ns
[2025-05-26T13:06:35.104+0000][72][info ][safepoint   ] Safepoint "Cleanup", Time since last: 2501176506 ns, Reaching safepoint: 489639 ns, Cleanup: 15688 ns, At safepoint: 147737 ns, Total: 653064 ns
[2025-05-26T13:06:36.316+0000][72][info ][safepoint   ] Safepoint "Cleanup", Time since last: 1211647536 ns, Reaching safepoint: 27274 ns, Cleanup: 21603 ns, At safepoint: 14968 ns, Total: 63845 ns
[2025-05-26T13:06:44.318+0000][72][info ][safepoint   ] Safepoint "Cleanup", Time since last: 8001939868 ns, Reaching safepoint: 65455 ns, Cleanup: 15511 ns, At safepoint: 15216 ns, Total: 96182 ns
[2025-05-26T13:06:52.320+0000][72][info ][safepoint   ] Safepoint "Cleanup", Time since last: 8002120861 ns, Reaching safepoint: 30390 ns, Cleanup: 106729 ns, At safepoint: 21534 ns, Total: 158653 ns
[2025-05-26T13:06:53.321+0000][72][info ][safepoint   ] Safepoint "Cleanup", Time since last: 1000572518 ns, Reaching safepoint: 16846 ns, Cleanup: 15370 ns, At safepoint: 28039 ns, Total: 60255 ns
[2025-05-26T13:06:56.322+0000][72][info ][safepoint   ] Safepoint "Cleanup", Time since last: 3001155882 ns, Reaching safepoint: 18610 ns, Cleanup: 16751 ns, At safepoint: 8242 ns, Total: 43603 ns
[2025-05-26T13:06:57.321+0000][72][info ][safepoint   ] Safepoint "Cleanup", Time since last: 1000720197 ns, Reaching safepoint: 197312 ns, Cleanup: 13309 ns, At safepoint: 57051 ns, Total: 267672 ns
[2025-05-26T13:06:58.322+0000][72][info ][safepoint   ] Safepoint "Cleanup", Time since last: 1000834687 ns, Reaching safepoint: 25839 ns, Cleanup: 14832 ns, At safepoint: 13458 ns, Total: 54129 ns
[2025-05-26T13:07:17.636+0000][72][info ][safepoint   ] Safepoint "Cleanup", Time since last: 19313798936 ns, Reaching safepoint: 63165 ns, Cleanup: 13429 ns, At safepoint: 8195 ns, Total: 84789 ns
[2025-05-26T13:07:22.637+0000][72][info ][safepoint   ] Safepoint "Cleanup", Time since last: 5001516694 ns, Reaching safepoint: 29529 ns, Cleanup: 20605 ns, At safepoint: 15092 ns, Total: 65226 ns
[2025-05-26T13:07:23.638+0000][72][info ][safepoint   ] Safepoint "Cleanup", Time since last: 1000720766 ns, Reaching safepoint: 27877 ns, Cleanup: 14803 ns, At safepoint: 14622 ns, Total: 57302 ns
[2025-05-26T13:07:27.637+0000][72][info ][safepoint   ] Safepoint "Cleanup", Time since last: 4001464700 ns, Reaching safepoint: 30028 ns, Cleanup: 16600 ns, At safepoint: 15480 ns, Total: 62108 ns
[2025-05-26T13:07:37.640+0000][72][info ][safepoint   ] Safepoint "Cleanup", Time since last: 10002701748 ns, Reaching safepoint: 142955 ns, Cleanup: 16089 ns, At safepoint: 19526 ns, Total: 178570 ns
[2025-05-26T13:07:39.364+0000][72][info ][safepoint   ] Safepoint "Cleanup", Time since last: 1723938714 ns, Reaching safepoint: 30285 ns, Cleanup: 19594 ns, At safepoint: 16505 ns, Total: 66384 ns
[2025-05-26T13:07:40.365+0000][72][info ][safepoint   ] Safepoint "Cleanup", Time since last: 1000843504 ns, Reaching safepoint: 159897 ns, Cleanup: 15196 ns, At safepoint: 115197 ns, Total: 290290 ns
[2025-05-26T13:07:42.366+0000][72][info ][safepoint   ] Safepoint "Cleanup", Time since last: 2001045284 ns, Reaching safepoint: 27525 ns, Cleanup: 15338 ns, At safepoint: 15121 ns, Total: 57984 ns
[2025-05-26T13:07:48.368+0000][72][info ][safepoint   ] Safepoint "Cleanup", Time since last: 6001947453 ns, Reaching safepoint: 41713 ns, Cleanup: 10815 ns, At safepoint: 7136 ns, Total: 59664 ns
[2025-05-26T13:07:57.368+0000][72][info ][safepoint   ] Safepoint "Cleanup", Time since last: 9002073064 ns, Reaching safepoint: 32281 ns, Cleanup: 18533 ns, At safepoint: 15909 ns, Total: 66723 ns
[2025-05-26T13:08:02.092+0000][72][info ][safepoint   ] Safepoint "Cleanup", Time since last: 4724389447 ns, Reaching safepoint: 6026 ns, Cleanup: 18280 ns, At safepoint: 12407 ns, Total: 36713 ns
[2025-05-26T13:08:03.393+0000][72][info ][safepoint   ] Safepoint "Cleanup", Time since last: 1300979811 ns, Reaching safepoint: 28524 ns, Cleanup: 100948 ns, At safepoint: 15392 ns, Total: 144864 ns
[2025-05-26T13:08:04.440+0000][72][info ][safepoint   ] Safepoint "Cleanup", Time since last: 1046522316 ns, Reaching safepoint: 28892 ns, Cleanup: 16601 ns, At safepoint: 15575 ns, Total: 61068 ns
[2025-05-26T13:08:05.459+0000][72][info ][safepoint   ] Safepoint "Cleanup", Time since last: 1018883404 ns, Reaching safepoint: 63156 ns, Cleanup: 32167 ns, At safepoint: 122035 ns, Total: 217358 ns
[2025-05-26T13:08:06.510+0000][72][info ][safepoint   ] Safepoint "Cleanup", Time since last: 1050967960 ns, Reaching safepoint: 28802 ns, Cleanup: 50104 ns, At safepoint: 16025 ns, Total: 94931 ns
[2025-05-26T13:08:07.515+0000][72][info ][safepoint   ] Safepoint "Cleanup", Time since last: 1005138797 ns, Reaching safepoint: 5875 ns, Cleanup: 47315 ns, At safepoint: 13633 ns, Total: 66823 ns
[2025-05-26T13:08:09.501+0000][72][info ][safepoint   ] Safepoint "Cleanup", Time since last: 1985823997 ns, Reaching safepoint: 26988 ns, Cleanup: 23759 ns, At safepoint: 14837 ns, Total: 65584 ns
[2025-05-26T13:08:16.672+0000][72][info ][safepoint   ] Safepoint "Cleanup", Time since last: 7171132449 ns, Reaching safepoint: 70220 ns, Cleanup: 18192 ns, At safepoint: 31820 ns, Total: 120232 ns
[2025-05-26T13:08:22.674+0000][72][info ][safepoint   ] Safepoint "Cleanup", Time since last: 6001717678 ns, Reaching safepoint: 28405 ns, Cleanup: 14215 ns, At safepoint: 15273 ns, Total: 57893 ns
[2025-05-26T13:08:26.675+0000][72][info ][safepoint   ] Safepoint "Cleanup", Time since last: 4001325501 ns, Reaching safepoint: 26851 ns, Cleanup: 16310 ns, At safepoint: 14856 ns, Total: 58017 ns
[2025-05-26T13:08:32.675+0000][72][info ][safepoint   ] Safepoint "Cleanup", Time since last: 6001690890 ns, Reaching safepoint: 66852 ns, Cleanup: 18795 ns, At safepoint: 15860 ns, Total: 101507 ns
[2025-05-26T13:08:33.676+0000][72][info ][safepoint   ] Safepoint "Cleanup", Time since last: 1000790611 ns, Reaching safepoint: 27172 ns, Cleanup: 14484 ns, At safepoint: 14582 ns, Total: 56238 ns
[2025-05-26T13:08:37.678+0000][72][info ][safepoint   ] Safepoint "Cleanup", Time since last: 4001446954 ns, Reaching safepoint: 17077 ns, Cleanup: 15132 ns, At safepoint: 8012 ns, Total: 40221 ns
[2025-05-26T13:08:41.077+0000][72][info ][safepoint   ] Safepoint "Cleanup", Time since last: 3399704420 ns, Reaching safepoint: 87269 ns, Cleanup: 10135 ns, At safepoint: 41907 ns, Total: 139311 ns
[2025-05-26T13:08:42.517+0000][72][info ][safepoint   ] Safepoint "Cleanup", Time since last: 1439819145 ns, Reaching safepoint: 6357 ns, Cleanup: 22684 ns, At safepoint: 14354 ns, Total: 43395 ns
[2025-05-26T13:08:43.635+0000][72][info ][safepoint   ] Safepoint "Cleanup", Time since last: 1117496715 ns, Reaching safepoint: 27442 ns, Cleanup: 20978 ns, At safepoint: 15072 ns, Total: 63492 ns
[2025-05-26T13:08:44.636+0000][72][info ][safepoint   ] Safepoint "Cleanup", Time since last: 1000880924 ns, Reaching safepoint: 32133 ns, Cleanup: 17935 ns, At safepoint: 17581 ns, Total: 67649 ns
[2025-05-26T13:08:46.637+0000][72][info ][safepoint   ] Safepoint "Cleanup", Time since last: 2000949592 ns, Reaching safepoint: 31010 ns, Cleanup: 16334 ns, At safepoint: 16469 ns, Total: 63813 ns
[2025-05-26T13:08:48.577+0000][72][info ][safepoint   ] Safepoint "Cleanup", Time since last: 1940613465 ns, Reaching safepoint: 16194 ns, Cleanup: 14931 ns, At safepoint: 7053 ns, Total: 38178 ns
[2025-05-26T13:08:53.579+0000][72][info ][safepoint   ] Safepoint "Cleanup", Time since last: 5001385348 ns, Reaching safepoint: 17309 ns, Cleanup: 13117 ns, At safepoint: 7544 ns, Total: 37970 ns
[2025-05-26T13:08:56.580+0000][72][info ][safepoint   ] Safepoint "Cleanup", Time since last: 3001127718 ns, Reaching safepoint: 30222 ns, Cleanup: 16400 ns, At safepoint: 16537 ns, Total: 63159 ns
[2025-05-26T13:09:02.579+0000][72][info ][safepoint   ] Safepoint "Cleanup", Time since last: 6001460311 ns, Reaching safepoint: 41478 ns, Cleanup: 12786 ns, At safepoint: 7665 ns, Total: 61929 ns
[2025-05-26T13:09:20.712+0000][72][info ][safepoint   ] Safepoint "Cleanup", Time since last: 18132465922 ns, Reaching safepoint: 133524 ns, Cleanup: 18115 ns, At safepoint: 16574 ns, Total: 168213 ns
[2025-05-26T13:09:22.713+0000][72][info ][safepoint   ] Safepoint "Cleanup", Time since last: 2000818971 ns, Reaching safepoint: 22617 ns, Cleanup: 15611 ns, At safepoint: 9176 ns, Total: 47404 ns
[2025-05-26T13:09:44.075+0000][72][info ][safepoint   ] Safepoint "Cleanup", Time since last: 21365514745 ns, Reaching safepoint: 143229 ns, Cleanup: 10534 ns, At safepoint: 53500 ns, Total: 207263 ns
[2025-05-26T13:09:45.672+0000][72][info ][safepoint   ] Safepoint "Cleanup", Time since last: 1596458378 ns, Reaching safepoint: 17565 ns, Cleanup: 13113 ns, At safepoint: 7345 ns, Total: 38023 ns
[2025-05-26T13:09:50.066+0000][72][info ][safepoint   ] Safepoint "Cleanup", Time since last: 4394261299 ns, Reaching safepoint: 87769 ns, Cleanup: 7533 ns, At safepoint: 15282 ns, Total: 110584 ns
[2025-05-26T13:09:51.710+0000][72][info ][safepoint   ] Safepoint "Cleanup", Time since last: 1643398553 ns, Reaching safepoint: 30698 ns, Cleanup: 25937 ns, At safepoint: 17043 ns, Total: 73678 ns
[2025-05-26T13:09:52.738+0000][72][info ][safepoint   ] Safepoint "Cleanup", Time since last: 1027846339 ns, Reaching safepoint: 16618 ns, Cleanup: 14758 ns, At safepoint: 7210 ns, Total: 38586 ns
[2025-05-26T13:09:56.737+0000][72][info ][safepoint   ] Safepoint "Cleanup", Time since last: 4001245539 ns, Reaching safepoint: 30106 ns, Cleanup: 15859 ns, At safepoint: 15588 ns, Total: 61553 ns
[2025-05-26T13:10:12.371+0000][72][info ][safepoint   ] Safepoint "Cleanup", Time since last: 15633251239 ns, Reaching safepoint: 23975 ns, Cleanup: 14751 ns, At safepoint: 77559 ns, Total: 116285 ns
[2025-05-26T13:10:22.390+0000][72][info ][safepoint   ] Safepoint "Cleanup", Time since last: 10019374490 ns, Reaching safepoint: 65199 ns, Cleanup: 24701 ns, At safepoint: 14794 ns, Total: 104694 ns
[2025-05-26T13:10:36.391+0000][72][info ][safepoint   ] Safepoint "Cleanup", Time since last: 14002826294 ns, Reaching safepoint: 66571 ns, Cleanup: 18499 ns, At safepoint: 17895 ns, Total: 102965 ns
[2025-05-26T13:10:47.091+0000][72][info ][safepoint   ] Safepoint "Cleanup", Time since last: 10700313130 ns, Reaching safepoint: 144841 ns, Cleanup: 11381 ns, At safepoint: 39434 ns, Total: 195656 ns
[2025-05-26T13:10:48.778+0000][72][info ][safepoint   ] Safepoint "Cleanup", Time since last: 1686309293 ns, Reaching safepoint: 138058 ns, Cleanup: 11919 ns, At safepoint: 42099 ns, Total: 192076 ns
[2025-05-26T13:10:52.782+0000][72][info ][safepoint   ] Safepoint "Cleanup", Time since last: 4004199236 ns, Reaching safepoint: 31827 ns, Cleanup: 18580 ns, At safepoint: 17885 ns, Total: 68292 ns
[2025-05-26T13:11:22.786+0000][72][info ][safepoint   ] Safepoint "Cleanup", Time since last: 30007232410 ns, Reaching safepoint: 18704 ns, Cleanup: 13174 ns, At safepoint: 7521 ns, Total: 39399 ns
[2025-05-26T13:11:27.788+0000][72][info ][safepoint   ] Safepoint "Cleanup", Time since last: 5003601897 ns, Reaching safepoint: 33986 ns, Cleanup: 16926 ns, At safepoint: 16299 ns, Total: 67211 ns
[2025-05-26T13:11:32.789+0000][72][info ][safepoint   ] Safepoint "Cleanup", Time since last: 5001151384 ns, Reaching safepoint: 22414 ns, Cleanup: 14173 ns, At safepoint: 8384 ns, Total: 44971 ns
[2025-05-26T13:11:44.792+0000][72][info ][safepoint   ] Safepoint "Cleanup", Time since last: 12003054901 ns, Reaching safepoint: 64549 ns, Cleanup: 16133 ns, At safepoint: 15211 ns, Total: 95893 ns
[2025-05-26T13:11:50.077+0000][72][info ][safepoint   ] Safepoint "Cleanup", Time since last: 5284414129 ns, Reaching safepoint: 5942 ns, Cleanup: 8509 ns, At safepoint: 13317 ns, Total: 27768 ns
[2025-05-26T13:11:51.819+0000][72][info ][safepoint   ] Safepoint "Cleanup", Time since last: 1742395437 ns, Reaching safepoint: 33786 ns, Cleanup: 22436 ns, At safepoint: 17125 ns, Total: 73347 ns
[2025-05-26T13:12:13.825+0000][72][info ][safepoint   ] Safepoint "Cleanup", Time since last: 22007837358 ns, Reaching safepoint: 29904 ns, Cleanup: 20916 ns, At safepoint: 15179 ns, Total: 65999 ns
[2025-05-26T13:12:22.827+0000][72][info ][safepoint   ] Safepoint "Cleanup", Time since last: 9002332828 ns, Reaching safepoint: 128922 ns, Cleanup: 16001 ns, At safepoint: 16377 ns, Total: 161300 ns
[2025-05-26T13:12:37.828+0000][72][info ][safepoint   ] Safepoint "Cleanup", Time since last: 15003383700 ns, Reaching safepoint: 75682 ns, Cleanup: 17633 ns, At safepoint: 34597 ns, Total: 127912 ns
[2025-05-26T13:12:52.831+0000][72][info ][safepoint   ] Safepoint "Cleanup", Time since last: 15003118340 ns, Reaching safepoint: 66059 ns, Cleanup: 16946 ns, At safepoint: 29868 ns, Total: 112873 ns
[2025-05-26T13:12:53.867+0000][72][info ][safepoint   ] Safepoint "Cleanup", Time since last: 1036105236 ns, Reaching safepoint: 11392 ns, Cleanup: 14148 ns, At safepoint: 21142 ns, Total: 46682 ns
[2025-05-26T13:12:54.876+0000][72][info ][safepoint   ] Safepoint "Cleanup", Time since last: 1009044424 ns, Reaching safepoint: 22614 ns, Cleanup: 13967 ns, At safepoint: 9376 ns, Total: 45957 ns
[2025-05-26T13:13:16.863+0000][72][info ][safepoint   ] Safepoint "Cleanup", Time since last: 21988637257 ns, Reaching safepoint: 30383 ns, Cleanup: 15538 ns, At safepoint: 14500 ns, Total: 60421 ns
[2025-05-26T13:13:22.865+0000][72][info ][safepoint   ] Safepoint "Cleanup", Time since last: 6001796602 ns, Reaching safepoint: 128487 ns, Cleanup: 19552 ns, At safepoint: 16846 ns, Total: 164885 ns
[2025-05-26T13:13:26.864+0000][72][info ][safepoint   ] Safepoint "Cleanup", Time since last: 4001410338 ns, Reaching safepoint: 17646 ns, Cleanup: 12315 ns, At safepoint: 7713 ns, Total: 37674 ns
[2025-05-26T13:13:46.868+0000][72][info ][safepoint   ] Safepoint "Cleanup", Time since last: 20003921776 ns, Reaching safepoint: 17019 ns, Cleanup: 13797 ns, At safepoint: 7799 ns, Total: 38615 ns
[2025-05-26T13:13:56.055+0000][72][info ][safepoint   ] Safepoint "Cleanup", Time since last: 9186835260 ns, Reaching safepoint: 5175 ns, Cleanup: 7285 ns, At safepoint: 2912 ns, Total: 15372 ns
[2025-05-26T13:13:57.907+0000][72][info ][safepoint   ] Safepoint "Cleanup", Time since last: 1854860737 ns, Reaching safepoint: 17523 ns, Cleanup: 12960 ns, At safepoint: 7719 ns, Total: 38202 ns
[2025-05-26T13:14:17.903+0000][72][info ][safepoint   ] Safepoint "Cleanup", Time since last: 19995541472 ns, Reaching safepoint: 27207 ns, Cleanup: 18127 ns, At safepoint: 14054 ns, Total: 59388 ns
[2025-05-26T13:14:53.063+0000][72][info ][safepoint   ] Safepoint "Cleanup", Time since last: 35162682167 ns, Reaching safepoint: 5430 ns, Cleanup: 7950 ns, At safepoint: 12287 ns, Total: 25667 ns
[2025-05-26T13:14:59.084+0000][72][info ][safepoint   ] Safepoint "Cleanup", Time since last: 6023712441 ns, Reaching safepoint: 20357 ns, Cleanup: 18077 ns, At safepoint: 5915 ns, Total: 44349 ns
[2025-05-26T13:15:06.974+0000][72][info ][safepoint   ] Safepoint "Cleanup", Time since last: 7889418011 ns, Reaching safepoint: 31651 ns, Cleanup: 16394 ns, At safepoint: 17739 ns, Total: 65784 ns
[2025-05-26T13:15:22.693+0000][72][info ][safepoint   ] Safepoint "Cleanup", Time since last: 15719175905 ns, Reaching safepoint: 27965 ns, Cleanup: 16077 ns, At safepoint: 14146 ns, Total: 58188 ns
[2025-05-26T13:15:32.693+0000][72][info ][safepoint   ] Safepoint "Cleanup", Time since last: 10002472587 ns, Reaching safepoint: 55406 ns, Cleanup: 14020 ns, At safepoint: 10062 ns, Total: 79488 ns
[2025-05-26T13:15:38.694+0000][72][info ][safepoint   ] Safepoint "Cleanup", Time since last: 6001402987 ns, Reaching safepoint: 27788 ns, Cleanup: 16044 ns, At safepoint: 15341 ns, Total: 59173 ns
[2025-05-26T13:15:41.696+0000][72][info ][safepoint   ] Safepoint "Cleanup", Time since last: 3001318285 ns, Reaching safepoint: 64557 ns, Cleanup: 15527 ns, At safepoint: 14765 ns, Total: 94849 ns
[2025-05-26T13:15:42.696+0000][72][info ][safepoint   ] Safepoint "Cleanup", Time since last: 1000812605 ns, Reaching safepoint: 17009 ns, Cleanup: 17573 ns, At safepoint: 7811 ns, Total: 42393 ns
[2025-05-26T13:15:52.699+0000][72][info ][safepoint   ] Safepoint "Cleanup", Time since last: 10002070505 ns, Reaching safepoint: 27705 ns, Cleanup: 15128 ns, At safepoint: 15113 ns, Total: 57946 ns
[2025-05-26T13:15:53.700+0000][72][info ][safepoint   ] Safepoint "Cleanup", Time since last: 1000881484 ns, Reaching safepoint: 33657 ns, Cleanup: 98825 ns, At safepoint: 21580 ns, Total: 154062 ns
[2025-05-26T13:16:02.083+0000][72][info ][safepoint   ] Safepoint "Cleanup", Time since last: 8385056602 ns, Reaching safepoint: 396252 ns, Cleanup: 17032 ns, At safepoint: 342621 ns, Total: 755905 ns
[2025-05-26T13:16:04.014+0000][72][info ][safepoint   ] Safepoint "Cleanup", Time since last: 1930499227 ns, Reaching safepoint: 28602 ns, Cleanup: 20830 ns, At safepoint: 16593 ns, Total: 66025 ns
[2025-05-26T13:16:12.974+0000][72][info ][safepoint   ] Safepoint "Cleanup", Time since last: 8960027994 ns, Reaching safepoint: 66558 ns, Cleanup: 16937 ns, At safepoint: 15775 ns, Total: 99270 ns
[2025-05-26T13:16:19.976+0000][72][info ][safepoint   ] Safepoint "Cleanup", Time since last: 7001989803 ns, Reaching safepoint: 28621 ns, Cleanup: 16369 ns, At safepoint: 15402 ns, Total: 60392 ns
[2025-05-26T13:16:22.977+0000][72][info ][safepoint   ] Safepoint "Cleanup", Time since last: 3000929138 ns, Reaching safepoint: 17192 ns, Cleanup: 17413 ns, At safepoint: 8035 ns, Total: 42640 ns
[2025-05-26T13:16:52.981+0000][72][info ][safepoint   ] Safepoint "Cleanup", Time since last: 30006859823 ns, Reaching safepoint: 28169 ns, Cleanup: 17304 ns, At safepoint: 14400 ns, Total: 59873 ns
[2025-05-26T13:16:53.982+0000][72][info ][safepoint   ] Safepoint "Cleanup", Time since last: 1000922026 ns, Reaching safepoint: 27603 ns, Cleanup: 23652 ns, At safepoint: 13684 ns, Total: 64939 ns
[2025-05-26T13:16:54.983+0000][72][info ][safepoint   ] Safepoint "Cleanup", Time since last: 1000865547 ns, Reaching safepoint: 16078 ns, Cleanup: 11594 ns, At safepoint: 7575 ns, Total: 35247 ns
[2025-05-26T13:16:57.982+0000][72][info ][safepoint   ] Safepoint "Cleanup", Time since last: 3001061604 ns, Reaching safepoint: 66773 ns, Cleanup: 18753 ns, At safepoint: 16118 ns, Total: 101644 ns
[2025-05-26T13:17:05.058+0000][72][info ][safepoint   ] Safepoint "Cleanup", Time since last: 7075186407 ns, Reaching safepoint: 84011 ns, Cleanup: 9398 ns, At safepoint: 35896 ns, Total: 129305 ns
[2025-05-26T13:17:13.012+0000][72][info ][safepoint   ] Safepoint "Cleanup", Time since last: 7954601336 ns, Reaching safepoint: 67946 ns, Cleanup: 23454 ns, At safepoint: 34413 ns, Total: 125813 ns
[2025-05-26T13:17:14.013+0000][72][info ][safepoint   ] Safepoint "Cleanup", Time since last: 1000600038 ns, Reaching safepoint: 22239 ns, Cleanup: 14005 ns, At safepoint: 8789 ns, Total: 45033 ns
[2025-05-26T13:17:20.033+0000][72][info ][safepoint   ] Safepoint "Cleanup", Time since last: 6020076916 ns, Reaching safepoint: 166731 ns, Cleanup: 15052 ns, At safepoint: 120836 ns, Total: 302619 ns
[2025-05-26T13:17:23.035+0000][72][info ][safepoint   ] Safepoint "Cleanup", Time since last: 3001078138 ns, Reaching safepoint: 89660 ns, Cleanup: 11938 ns, At safepoint: 22657 ns, Total: 124255 ns
[2025-05-26T13:18:00.035+0000][72][info ][safepoint   ] Safepoint "Cleanup", Time since last: 37005384638 ns, Reaching safepoint: 87675 ns, Cleanup: 21270 ns, At safepoint: 15688 ns, Total: 124633 ns
[2025-05-26T13:18:05.046+0000][72][info ][safepoint   ] Safepoint "Cleanup", Time since last: 5011394876 ns, Reaching safepoint: 22949 ns, Cleanup: 14552 ns, At safepoint: 9084 ns, Total: 46585 ns
[2025-05-26T13:18:08.048+0000][72][info ][safepoint   ] Safepoint "Cleanup", Time since last: 3000976065 ns, Reaching safepoint: 156527 ns, Cleanup: 15036 ns, At safepoint: 154649 ns, Total: 326212 ns
[2025-05-26T13:18:09.068+0000][72][info ][safepoint   ] Safepoint "Cleanup", Time since last: 1020033472 ns, Reaching safepoint: 28601 ns, Cleanup: 10794 ns, At safepoint: 17978 ns, Total: 57373 ns
[2025-05-26T13:18:11.047+0000][72][info ][safepoint   ] Safepoint "Cleanup", Time since last: 1979387117 ns, Reaching safepoint: 29298 ns, Cleanup: 17911 ns, At safepoint: 15731 ns, Total: 62940 ns
[2025-05-26T13:18:20.050+0000][72][info ][safepoint   ] Safepoint "Cleanup", Time since last: 9002181843 ns, Reaching safepoint: 57950 ns, Cleanup: 15255 ns, At safepoint: 9270 ns, Total: 82475 ns
[2025-05-26T13:18:23.050+0000][72][info ][safepoint   ] Safepoint "Cleanup", Time since last: 3000886897 ns, Reaching safepoint: 19363 ns, Cleanup: 14919 ns, At safepoint: 8016 ns, Total: 42298 ns
[2025-05-26T13:19:11.055+0000][72][info ][safepoint   ] Safepoint "Cleanup", Time since last: 48008533378 ns, Reaching safepoint: 302556 ns, Cleanup: 13124 ns, At safepoint: 217665 ns, Total: 533345 ns
[2025-05-26T13:19:12.105+0000][72][info ][safepoint   ] Safepoint "Cleanup", Time since last: 1050200264 ns, Reaching safepoint: 18884 ns, Cleanup: 22479 ns, At safepoint: 15617 ns, Total: 56980 ns
[2025-05-26T13:19:13.122+0000][72][info ][safepoint   ] Safepoint "Cleanup", Time since last: 1017481830 ns, Reaching safepoint: 18896 ns, Cleanup: 11904 ns, At safepoint: 8137 ns, Total: 38937 ns
[2025-05-26T13:19:22.124+0000][72][info ][safepoint   ] Safepoint "Cleanup", Time since last: 9001932406 ns, Reaching safepoint: 65830 ns, Cleanup: 15173 ns, At safepoint: 15584 ns, Total: 96587 ns
[2025-05-26T13:19:28.124+0000][72][info ][safepoint   ] Safepoint "Cleanup", Time since last: 6001717333 ns, Reaching safepoint: 32985 ns, Cleanup: 19755 ns, At safepoint: 15811 ns, Total: 68551 ns
[2025-05-26T13:19:30.060+0000][72][info ][safepoint   ] Safepoint "Cleanup", Time since last: 1936074464 ns, Reaching safepoint: 40618 ns, Cleanup: 20897 ns, At safepoint: 8838 ns, Total: 70353 ns
[2025-05-26T13:19:32.045+0000][72][info ][safepoint   ] Safepoint "Cleanup", Time since last: 1984903263 ns, Reaching safepoint: 18879 ns, Cleanup: 14479 ns, At safepoint: 80427 ns, Total: 113785 ns
[2025-05-26T13:19:33.154+0000][72][info ][safepoint   ] Safepoint "Cleanup", Time since last: 1108511235 ns, Reaching safepoint: 16955 ns, Cleanup: 16536 ns, At safepoint: 7156 ns, Total: 40647 ns
[2025-05-26T13:19:38.169+0000][72][info ][safepoint   ] Safepoint "Cleanup", Time since last: 5015749048 ns, Reaching safepoint: 21914 ns, Cleanup: 14082 ns, At safepoint: 8911 ns, Total: 44907 ns
[2025-05-26T13:19:39.170+0000][72][info ][safepoint   ] Safepoint "Cleanup", Time since last: 1000654119 ns, Reaching safepoint: 18725 ns, Cleanup: 13786 ns, At safepoint: 8112 ns, Total: 40623 ns
[2025-05-26T13:19:56.059+0000][72][info ][safepoint   ] Safepoint "Cleanup", Time since last: 16888645097 ns, Reaching safepoint: 24476 ns, Cleanup: 15933 ns, At safepoint: 141699 ns, Total: 182108 ns
[2025-05-26T13:19:57.189+0000][72][info ][safepoint   ] Safepoint "Cleanup", Time since last: 1133107835 ns, Reaching safepoint: 26332 ns, Cleanup: 19363 ns, At safepoint: 9859 ns, Total: 55554 ns
[2025-05-26T13:19:58.216+0000][72][info ][safepoint   ] Safepoint "Cleanup", Time since last: 1026191111 ns, Reaching safepoint: 28068 ns, Cleanup: 16425 ns, At safepoint: 15426 ns, Total: 59919 ns
[2025-05-26T13:20:02.217+0000][72][info ][safepoint   ] Safepoint "Cleanup", Time since last: 4001087800 ns, Reaching safepoint: 65253 ns, Cleanup: 12820 ns, At safepoint: 8527 ns, Total: 86600 ns
[2025-05-26T13:20:12.357+0000][72][info ][safepoint   ] Safepoint "Cleanup", Time since last: 10140277693 ns, Reaching safepoint: 6955 ns, Cleanup: 7507 ns, At safepoint: 2910 ns, Total: 17372 ns
[2025-05-26T13:20:14.050+0000][72][info ][safepoint   ] Safepoint "Cleanup", Time since last: 1692649150 ns, Reaching safepoint: 112108 ns, Cleanup: 10991 ns, At safepoint: 85615 ns, Total: 208714 ns
[2025-05-26T13:20:15.807+0000][72][info ][safepoint   ] Safepoint "Cleanup", Time since last: 1757361653 ns, Reaching safepoint: 38412 ns, Cleanup: 36896 ns, At safepoint: 11375 ns, Total: 86683 ns
[2025-05-26T13:20:17.809+0000][72][info ][safepoint   ] Safepoint "Cleanup", Time since last: 2001953682 ns, Reaching safepoint: 59093 ns, Cleanup: 14991 ns, At safepoint: 9736 ns, Total: 83820 ns
[2025-05-26T13:20:22.810+0000][72][info ][safepoint   ] Safepoint "Cleanup", Time since last: 5000895106 ns, Reaching safepoint: 19079 ns, Cleanup: 16598 ns, At safepoint: 6757 ns, Total: 42434 ns
[2025-05-26T13:20:46.812+0000][72][info ][safepoint   ] Safepoint "Cleanup", Time since last: 24004360600 ns, Reaching safepoint: 55042 ns, Cleanup: 14757 ns, At safepoint: 11002 ns, Total: 80801 ns
[2025-05-26T13:20:57.813+0000][72][info ][safepoint   ] Safepoint "Cleanup", Time since last: 11003146293 ns, Reaching safepoint: 23441 ns, Cleanup: 17184 ns, At safepoint: 9415 ns, Total: 50040 ns
[2025-05-26T13:21:17.066+0000][72][info ][safepoint   ] Safepoint "Cleanup", Time since last: 19252985757 ns, Reaching safepoint: 26481 ns, Cleanup: 37162 ns, At safepoint: 69032 ns, Total: 132675 ns
[2025-05-26T13:21:18.298+0000][72][info ][safepoint   ] Safepoint "Cleanup", Time since last: 1231357177 ns, Reaching safepoint: 78521 ns, Cleanup: 45713 ns, At safepoint: 18603 ns, Total: 142837 ns
[2025-05-26T13:21:22.299+0000][72][info ][safepoint   ] Safepoint "Cleanup", Time since last: 4001354904 ns, Reaching safepoint: 197106 ns, Cleanup: 23265 ns, At safepoint: 127458 ns, Total: 347829 ns
[2025-05-26T13:21:48.301+0000][72][info ][safepoint   ] Safepoint "Cleanup", Time since last: 26004627800 ns, Reaching safepoint: 47014 ns, Cleanup: 13925 ns, At safepoint: 9544 ns, Total: 70483 ns
[2025-05-26T13:22:00.302+0000][72][info ][safepoint   ] Safepoint "Cleanup", Time since last: 12002401286 ns, Reaching safepoint: 19241 ns, Cleanup: 12114 ns, At safepoint: 7835 ns, Total: 39190 ns
[2025-05-26T13:22:11.189+0000][72][info ][safepoint   ] Safepoint "Cleanup", Time since last: 10887042039 ns, Reaching safepoint: 28262 ns, Cleanup: 16881 ns, At safepoint: 9226 ns, Total: 54369 ns
[2025-05-26T13:22:14.190+0000][72][info ][safepoint   ] Safepoint "Cleanup", Time since last: 3001439274 ns, Reaching safepoint: 27636 ns, Cleanup: 15791 ns, At safepoint: 15024 ns, Total: 58451 ns
[2025-05-26T13:22:17.191+0000][72][info ][safepoint   ] Safepoint "Cleanup", Time since last: 3001178083 ns, Reaching safepoint: 26683 ns, Cleanup: 18094 ns, At safepoint: 12374 ns, Total: 57151 ns
[2025-05-26T13:22:18.205+0000][72][info ][safepoint   ] Safepoint "Cleanup", Time since last: 1013377367 ns, Reaching safepoint: 33708 ns, Cleanup: 20152 ns, At safepoint: 17944 ns, Total: 71804 ns
[2025-05-26T13:22:20.052+0000][72][info ][safepoint   ] Safepoint "Cleanup", Time since last: 1846853065 ns, Reaching safepoint: 5785 ns, Cleanup: 18098 ns, At safepoint: 14446 ns, Total: 38329 ns
[2025-05-26T13:22:21.335+0000][72][info ][safepoint   ] Safepoint "Cleanup", Time since last: 1282848045 ns, Reaching safepoint: 31084 ns, Cleanup: 16698 ns, At safepoint: 16169 ns, Total: 63951 ns
[2025-05-26T13:22:38.336+0000][72][info ][safepoint   ] Safepoint "Cleanup", Time since last: 17003718381 ns, Reaching safepoint: 73671 ns, Cleanup: 18767 ns, At safepoint: 15293 ns, Total: 107731 ns
[2025-05-26T13:22:59.338+0000][72][info ][safepoint   ] Safepoint "Cleanup", Time since last: 21004124484 ns, Reaching safepoint: 101585 ns, Cleanup: 15930 ns, At safepoint: 9707 ns, Total: 127222 ns
[2025-05-26T13:23:10.224+0000][72][info ][safepoint   ] Safepoint "Cleanup", Time since last: 10885772241 ns, Reaching safepoint: 12754 ns, Cleanup: 14239 ns, At safepoint: 10834 ns, Total: 37827 ns
[2025-05-26T13:23:13.225+0000][72][info ][safepoint   ] Safepoint "Cleanup", Time since last: 3001169116 ns, Reaching safepoint: 22722 ns, Cleanup: 13365 ns, At safepoint: 7803 ns, Total: 43890 ns
[2025-05-26T13:23:14.353+0000][72][info ][safepoint   ] Safepoint "Cleanup", Time since last: 1127786357 ns, Reaching safepoint: 13538 ns, Cleanup: 21623 ns, At safepoint: 17803 ns, Total: 52964 ns
[2025-05-26T13:23:17.377+0000][72][info ][safepoint   ] Safepoint "Cleanup", Time since last: 3024417015 ns, Reaching safepoint: 23562 ns, Cleanup: 16394 ns, At safepoint: 10983 ns, Total: 50939 ns
[2025-05-26T13:23:20.378+0000][72][info ][safepoint   ] Safepoint "Cleanup", Time since last: 3000838630 ns, Reaching safepoint: 43070 ns, Cleanup: 12507 ns, At safepoint: 9539 ns, Total: 65116 ns
[2025-05-26T13:23:22.379+0000][72][info ][safepoint   ] Safepoint "Cleanup", Time since last: 2000821194 ns, Reaching safepoint: 23489 ns, Cleanup: 18168 ns, At safepoint: 8356 ns, Total: 50013 ns
[2025-05-26T13:23:23.389+0000][72][info ][safepoint   ] Safepoint "Cleanup", Time since last: 1010347810 ns, Reaching safepoint: 13042 ns, Cleanup: 10221 ns, At safepoint: 18208 ns, Total: 41471 ns
[2025-05-26T13:23:42.354+0000][72][info ][safepoint   ] Safepoint "Cleanup", Time since last: 18967627347 ns, Reaching safepoint: 23302 ns, Cleanup: 13777 ns, At safepoint: 18970 ns, Total: 56049 ns
[2025-05-26T13:23:43.862+0000][72][info ][safepoint   ] Safepoint "Cleanup", Time since last: 1507955960 ns, Reaching safepoint: 14721 ns, Cleanup: 12343 ns, At safepoint: 6198 ns, Total: 33262 ns
[2025-05-26T13:23:47.863+0000][72][info ][safepoint   ] Safepoint "Cleanup", Time since last: 4001126486 ns, Reaching safepoint: 27829 ns, Cleanup: 18267 ns, At safepoint: 14742 ns, Total: 60838 ns
[2025-05-26T13:24:26.066+0000][72][info ][safepoint   ] Safepoint "Cleanup", Time since last: 38205041707 ns, Reaching safepoint: 10208 ns, Cleanup: 10958 ns, At safepoint: 3459 ns, Total: 24625 ns
[2025-05-26T13:24:27.438+0000][72][info ][safepoint   ] Safepoint "Cleanup", Time since last: 1373963881 ns, Reaching safepoint: 29367 ns, Cleanup: 25030 ns, At safepoint: 17249 ns, Total: 71646 ns
[2025-05-26T13:24:53.443+0000][72][info ][safepoint   ] Safepoint "Cleanup", Time since last: 26005216934 ns, Reaching safepoint: 43043 ns, Cleanup: 13754 ns, At safepoint: 8963 ns, Total: 65760 ns
[2025-05-26T13:24:59.450+0000][72][info ][safepoint   ] Safepoint "Cleanup", Time since last: 6008968323 ns, Reaching safepoint: 19701 ns, Cleanup: 23699 ns, At safepoint: 95667 ns, Total: 139067 ns
[2025-05-26T13:25:00.463+0000][72][info ][safepoint   ] Safepoint "Cleanup", Time since last: 1012549263 ns, Reaching safepoint: 28651 ns, Cleanup: 20405 ns, At safepoint: 19048 ns, Total: 68104 ns
[2025-05-26T13:25:12.358+0000][72][info ][safepoint   ] Safepoint "Cleanup", Time since last: 11895284261 ns, Reaching safepoint: 5327 ns, Cleanup: 6288 ns, At safepoint: 5174 ns, Total: 16789 ns
[2025-05-26T13:25:22.893+0000][72][info ][safepoint   ] Safepoint "Cleanup", Time since last: 10534612382 ns, Reaching safepoint: 113537 ns, Cleanup: 11524 ns, At safepoint: 73569 ns, Total: 198630 ns
[2025-05-26T13:25:26.891+0000][72][info ][safepoint   ] Safepoint "Cleanup", Time since last: 4001096563 ns, Reaching safepoint: 74934 ns, Cleanup: 21554 ns, At safepoint: 17549 ns, Total: 114037 ns
[2025-05-26T13:25:29.056+0000][72][info ][safepoint   ] Safepoint "Cleanup", Time since last: 2165009532 ns, Reaching safepoint: 33302 ns, Cleanup: 7273 ns, At safepoint: 3237 ns, Total: 43812 ns
[2025-05-26T13:25:30.525+0000][72][info ][safepoint   ] Safepoint "Cleanup", Time since last: 1468744626 ns, Reaching safepoint: 32220 ns, Cleanup: 59371 ns, At safepoint: 18522 ns, Total: 110113 ns
[2025-05-26T13:25:32.526+0000][72][info ][safepoint   ] Safepoint "Cleanup", Time since last: 2001291423 ns, Reaching safepoint: 31994 ns, Cleanup: 15387 ns, At safepoint: 16796 ns, Total: 64177 ns
[2025-05-26T13:26:22.333+0000][72][info ][safepoint   ] Safepoint "Cleanup", Time since last: 49808578865 ns, Reaching safepoint: 90029 ns, Cleanup: 18540 ns, At safepoint: 11961 ns, Total: 120530 ns
[2025-05-26T13:26:23.334+0000][72][info ][safepoint   ] Safepoint "Cleanup", Time since last: 1000859274 ns, Reaching safepoint: 28530 ns, Cleanup: 16623 ns, At safepoint: 16157 ns, Total: 61310 ns
[2025-05-26T13:26:31.334+0000][72][info ][safepoint   ] Safepoint "Cleanup", Time since last: 8001959822 ns, Reaching safepoint: 79639 ns, Cleanup: 18778 ns, At safepoint: 17857 ns, Total: 116274 ns
[2025-05-26T13:26:41.593+0000][72][info ][safepoint   ] Safepoint "Cleanup", Time since last: 10259240349 ns, Reaching safepoint: 27942 ns, Cleanup: 15681 ns, At safepoint: 14868 ns, Total: 58491 ns
[2025-05-26T13:26:42.594+0000][72][info ][safepoint   ] Safepoint "Cleanup", Time since last: 1000860376 ns, Reaching safepoint: 27814 ns, Cleanup: 148274 ns, At safepoint: 24491 ns, Total: 200579 ns
[2025-05-26T13:26:53.596+0000][72][info ][safepoint   ] Safepoint "Cleanup", Time since last: 11002480020 ns, Reaching safepoint: 31309 ns, Cleanup: 16703 ns, At safepoint: 17478 ns, Total: 65490 ns
[2025-05-26T13:27:35.068+0000][72][info ][safepoint   ] Safepoint "Cleanup", Time since last: 41476633326 ns, Reaching safepoint: 88543 ns, Cleanup: 11422 ns, At safepoint: 39208 ns, Total: 139173 ns
[2025-05-26T13:27:36.635+0000][72][info ][safepoint   ] Safepoint "Cleanup", Time since last: 1566373795 ns, Reaching safepoint: 26776 ns, Cleanup: 22518 ns, At safepoint: 14775 ns, Total: 64069 ns
[2025-05-26T13:28:05.639+0000][72][info ][safepoint   ] Safepoint "Cleanup", Time since last: 29005914604 ns, Reaching safepoint: 68993 ns, Cleanup: 16800 ns, At safepoint: 15059 ns, Total: 100852 ns
[2025-05-26T13:28:12.402+0000][72][info ][safepoint   ] Safepoint "Cleanup", Time since last: 6763248811 ns, Reaching safepoint: 60616 ns, Cleanup: 15140 ns, At safepoint: 28085 ns, Total: 103841 ns
[2025-05-26T13:28:32.403+0000][72][info ][safepoint   ] Safepoint "Cleanup", Time since last: 20003785356 ns, Reaching safepoint: 77009 ns, Cleanup: 18569 ns, At safepoint: 33606 ns, Total: 129184 ns
[2025-05-26T13:28:38.056+0000][72][info ][safepoint   ] Safepoint "Cleanup", Time since last: 5653166570 ns, Reaching safepoint: 6216 ns, Cleanup: 8203 ns, At safepoint: 3092 ns, Total: 17511 ns
[2025-05-26T13:28:47.688+0000][72][info ][safepoint   ] Safepoint "Cleanup", Time since last: 9631296352 ns, Reaching safepoint: 18986 ns, Cleanup: 11467 ns, At safepoint: 7237 ns, Total: 37690 ns
[2025-05-26T13:28:57.688+0000][72][info ][safepoint   ] Safepoint "Cleanup", Time since last: 10002140992 ns, Reaching safepoint: 31115 ns, Cleanup: 22627 ns, At safepoint: 17542 ns, Total: 71284 ns
[2025-05-26T13:29:22.439+0000][72][info ][safepoint   ] Safepoint "Cleanup", Time since last: 24750949348 ns, Reaching safepoint: 72061 ns, Cleanup: 19408 ns, At safepoint: 17173 ns, Total: 108642 ns
[2025-05-26T13:29:32.438+0000][72][info ][safepoint   ] Safepoint "Cleanup", Time since last: 10002316649 ns, Reaching safepoint: 38032 ns, Cleanup: 13078 ns, At safepoint: 7397 ns, Total: 58507 ns
[2025-05-26T13:29:41.073+0000][72][info ][safepoint   ] Safepoint "Cleanup", Time since last: 8634401181 ns, Reaching safepoint: 17890 ns, Cleanup: 23203 ns, At safepoint: 97878 ns, Total: 138971 ns
[2025-05-26T13:29:42.735+0000][72][info ][safepoint   ] Safepoint "Cleanup", Time since last: 1661625109 ns, Reaching safepoint: 32920 ns, Cleanup: 17758 ns, At safepoint: 18863 ns, Total: 69541 ns
[2025-05-26T13:29:50.737+0000][72][info ][safepoint   ] Safepoint "Cleanup", Time since last: 8001999595 ns, Reaching safepoint: 32115 ns, Cleanup: 16325 ns, At safepoint: 16597 ns, Total: 65037 ns
[2025-05-26T13:30:02.057+0000][72][info ][safepoint   ] Safepoint "Cleanup", Time since last: 11322386458 ns, Reaching safepoint: 59721 ns, Cleanup: 9350 ns, At safepoint: 22578 ns, Total: 91649 ns
[2025-05-26T13:30:03.752+0000][72][info ][safepoint   ] Safepoint "Cleanup", Time since last: 1694382827 ns, Reaching safepoint: 27401 ns, Cleanup: 15512 ns, At safepoint: 14179 ns, Total: 57092 ns
[2025-05-26T13:30:04.783+0000][72][info ][safepoint   ] Safepoint "Cleanup", Time since last: 1031591230 ns, Reaching safepoint: 20872 ns, Cleanup: 16161 ns, At safepoint: 9569 ns, Total: 46602 ns
[2025-05-26T13:30:06.784+0000][72][info ][safepoint   ] Safepoint "Cleanup", Time since last: 2000747277 ns, Reaching safepoint: 30517 ns, Cleanup: 16271 ns, At safepoint: 15931 ns, Total: 62719 ns
[2025-05-26T13:30:20.092+0000][72][info ][safepoint   ] Safepoint "Cleanup", Time since last: 13307548130 ns, Reaching safepoint: 28993 ns, Cleanup: 12150 ns, At safepoint: 17317 ns, Total: 58460 ns
[2025-05-26T13:30:20.099+0000][72][info ][gc,start    ] GC(16) Pause Young (Normal) (G1 Evacuation Pause)
[2025-05-26T13:30:20.100+0000][72][info ][gc,task     ] GC(16) Using 10 workers of 10 for evacuation
[2025-05-26T13:30:20.101+0000][72][debug][gc,age      ] GC(16) Desired survivor size 81788928 bytes, new threshold 15 (max threshold 15)
[2025-05-26T13:30:20.245+0000][72][info ][gc,phases   ] GC(16)   Pre Evacuate Collection Set: 5.72ms
[2025-05-26T13:30:20.246+0000][72][info ][gc,phases   ] GC(16)   Merge Heap Roots: 1.30ms
[2025-05-26T13:30:20.246+0000][72][info ][gc,phases   ] GC(16)   Evacuate Collection Set: 101.66ms
[2025-05-26T13:30:20.247+0000][72][info ][gc,phases   ] GC(16)   Post Evacuate Collection Set: 7.91ms
[2025-05-26T13:30:20.247+0000][72][info ][gc,phases   ] GC(16)   Other: 29.07ms
[2025-05-26T13:30:20.248+0000][72][trace][gc,age      ] GC(16) Age table with threshold 15 (max threshold 15)
[2025-05-26T13:30:20.248+0000][72][trace][gc,age      ] GC(16) - age   1:    1690928 bytes,    1690928 total
[2025-05-26T13:30:20.249+0000][72][trace][gc,age      ] GC(16) - age   2:     141088 bytes,    1832016 total
[2025-05-26T13:30:20.249+0000][72][trace][gc,age      ] GC(16) - age   3:     467216 bytes,    2299232 total
[2025-05-26T13:30:20.249+0000][72][trace][gc,age      ] GC(16) - age   4:     309232 bytes,    2608464 total
[2025-05-26T13:30:20.250+0000][72][trace][gc,age      ] GC(16) - age   5:   40630584 bytes,   43239048 total
[2025-05-26T13:30:20.250+0000][72][info ][gc,heap     ] GC(16) Eden regions: 296->0(361)
[2025-05-26T13:30:20.251+0000][72][info ][gc,heap     ] GC(16) Survivor regions: 12->12(39)
[2025-05-26T13:30:20.251+0000][72][info ][gc,heap     ] GC(16) Old regions: 15->15
[2025-05-26T13:30:20.251+0000][72][info ][gc,heap     ] GC(16) Humongous regions: 0->0
[2025-05-26T13:30:20.252+0000][72][info ][gc,metaspace] GC(16) Metaspace: 144310K(148032K)->144310K(148032K) NonClass: 124760K(126720K)->124760K(126720K) Class: 19549K(21312K)->19549K(21312K)
[2025-05-26T13:30:20.253+0000][72][info ][gc          ] GC(16) Pause Young (Normal) (G1 Evacuation Pause) 1292M->108M(3880M) 153.926ms
[2025-05-26T13:30:20.253+0000][72][info ][gc,cpu      ] GC(16) User=1.11s Sys=0.00s Real=0.15s
[2025-05-26T13:30:20.253+0000][72][info ][safepoint   ] Safepoint "G1CollectForAllocation", Time since last: 5029291 ns, Reaching safepoint: 161517 ns, Cleanup: 7362 ns, At safepoint: 156490648 ns, Total: 156659527 ns
[2025-05-26T13:30:22.255+0000][72][info ][safepoint   ] Safepoint "Cleanup", Time since last: 2001030844 ns, Reaching safepoint: 154052 ns, Cleanup: 18913 ns, At safepoint: 222838 ns, Total: 395803 ns
[2025-05-26T13:30:23.256+0000][72][info ][safepoint   ] Safepoint "Cleanup", Time since last: 1000844605 ns, Reaching safepoint: 26470 ns, Cleanup: 14263 ns, At safepoint: 15819 ns, Total: 56552 ns
[2025-05-26T13:30:44.087+0000][72][info ][safepoint   ] Safepoint "Cleanup", Time since last: 20834106966 ns, Reaching safepoint: 85678 ns, Cleanup: 8759 ns, At safepoint: 32332 ns, Total: 126769 ns
[2025-05-26T13:30:45.821+0000][72][info ][safepoint   ] Safepoint "Cleanup", Time since last: 1733717891 ns, Reaching safepoint: 16821 ns, Cleanup: 13710 ns, At safepoint: 7972 ns, Total: 38503 ns
[2025-05-26T13:31:17.506+0000][72][info ][safepoint   ] Safepoint "Cleanup", Time since last: 31687316662 ns, Reaching safepoint: 28011 ns, Cleanup: 15616 ns, At safepoint: 14887 ns, Total: 58514 ns
[2025-05-26T13:31:22.508+0000][72][info ][safepoint   ] Safepoint "Cleanup", Time since last: 5001524839 ns, Reaching safepoint: 28758 ns, Cleanup: 24843 ns, At safepoint: 15273 ns, Total: 68874 ns
[2025-05-26T13:31:37.508+0000][72][info ][safepoint   ] Safepoint "Cleanup", Time since last: 15003194771 ns, Reaching safepoint: 72498 ns, Cleanup: 17078 ns, At safepoint: 16470 ns, Total: 106046 ns
[2025-05-26T13:31:47.069+0000][72][info ][safepoint   ] Safepoint "Cleanup", Time since last: 9560079465 ns, Reaching safepoint: 108093 ns, Cleanup: 20582 ns, At safepoint: 133308 ns, Total: 261983 ns
[2025-05-26T13:31:48.887+0000][72][info ][safepoint   ] Safepoint "Cleanup", Time since last: 1818696543 ns, Reaching safepoint: 31117 ns, Cleanup: 20951 ns, At safepoint: 10969 ns, Total: 63037 ns
[2025-05-26T13:32:22.547+0000][72][info ][safepoint   ] Safepoint "Cleanup", Time since last: 33661332335 ns, Reaching safepoint: 131175 ns, Cleanup: 27993 ns, At safepoint: 15767 ns, Total: 174935 ns
[2025-05-26T13:32:29.546+0000][72][info ][safepoint   ] Safepoint "Cleanup", Time since last: 7001998589 ns, Reaching safepoint: 28548 ns, Cleanup: 16591 ns, At safepoint: 15931 ns, Total: 61070 ns
[2025-05-26T13:32:32.548+0000][72][info ][safepoint   ] Safepoint "Cleanup", Time since last: 3001095123 ns, Reaching safepoint: 31912 ns, Cleanup: 18142 ns, At safepoint: 17497 ns, Total: 67551 ns
[2025-05-26T13:32:41.550+0000][72][info ][safepoint   ] Safepoint "Cleanup", Time since last: 9002261706 ns, Reaching safepoint: 67450 ns, Cleanup: 15085 ns, At safepoint: 28453 ns, Total: 110988 ns
[2025-05-26T13:32:47.551+0000][72][info ][safepoint   ] Safepoint "Cleanup", Time since last: 6001394251 ns, Reaching safepoint: 16398 ns, Cleanup: 12493 ns, At safepoint: 7567 ns, Total: 36458 ns
[2025-05-26T13:32:50.908+0000][72][info ][safepoint   ] Safepoint "Cleanup", Time since last: 3356667072 ns, Reaching safepoint: 16964 ns, Cleanup: 24032 ns, At safepoint: 88088 ns, Total: 129084 ns
[2025-05-26T13:33:05.928+0000][72][info ][safepoint   ] Safepoint "Cleanup", Time since last: 15022040263 ns, Reaching safepoint: 56755 ns, Cleanup: 16056 ns, At safepoint: 13815 ns, Total: 86626 ns
[2025-05-26T13:33:17.580+0000][72][info ][safepoint   ] Safepoint "Cleanup", Time since last: 11651352082 ns, Reaching safepoint: 28830 ns, Cleanup: 14832 ns, At safepoint: 11659 ns, Total: 55321 ns
[2025-05-26T13:33:22.581+0000][72][info ][safepoint   ] Safepoint "Cleanup", Time since last: 5001340711 ns, Reaching safepoint: 70551 ns, Cleanup: 16454 ns, At safepoint: 17090 ns, Total: 104095 ns
[2025-05-26T13:33:47.583+0000][72][info ][safepoint   ] Safepoint "Cleanup", Time since last: 25004700852 ns, Reaching safepoint: 35852 ns, Cleanup: 17357 ns, At safepoint: 15531 ns, Total: 68740 ns
[2025-05-26T13:33:53.054+0000][72][info ][safepoint   ] Safepoint "Cleanup", Time since last: 5470108476 ns, Reaching safepoint: 14370 ns, Cleanup: 33118 ns, At safepoint: 73296 ns, Total: 120784 ns
[2025-05-26T13:33:54.973+0000][72][info ][safepoint   ] Safepoint "Cleanup", Time since last: 1919504727 ns, Reaching safepoint: 30586 ns, Cleanup: 18514 ns, At safepoint: 16842 ns, Total: 65942 ns
[2025-05-26T13:34:18.616+0000][72][info ][safepoint   ] Safepoint "Cleanup", Time since last: 23644643401 ns, Reaching safepoint: 28772 ns, Cleanup: 16326 ns, At safepoint: 10618 ns, Total: 55716 ns
[2025-05-26T13:34:32.618+0000][72][info ][safepoint   ] Safepoint "Cleanup", Time since last: 14003713218 ns, Reaching safepoint: 73849 ns, Cleanup: 17115 ns, At safepoint: 16351 ns, Total: 107315 ns
[2025-05-26T13:34:35.048+0000][72][info ][safepoint   ] Safepoint "Cleanup", Time since last: 2430624839 ns, Reaching safepoint: 8091 ns, Cleanup: 8853 ns, At safepoint: 3292 ns, Total: 20236 ns
[2025-05-26T13:34:37.022+0000][72][info ][safepoint   ] Safepoint "Cleanup", Time since last: 1973649321 ns, Reaching safepoint: 29918 ns, Cleanup: 16767 ns, At safepoint: 15392 ns, Total: 62077 ns
[2025-05-26T13:35:06.094+0000][72][info ][safepoint   ] Safepoint "Cleanup", Time since last: 29074505867 ns, Reaching safepoint: 21081 ns, Cleanup: 13304 ns, At safepoint: 67481 ns, Total: 101866 ns
[2025-05-26T13:35:12.354+0000][72][info ][safepoint   ] Safepoint "Cleanup", Time since last: 6259581668 ns, Reaching safepoint: 6566 ns, Cleanup: 9134 ns, At safepoint: 3133 ns, Total: 18833 ns
[2025-05-26T13:35:14.313+0000][72][info ][safepoint   ] Safepoint "Cleanup", Time since last: 1958792088 ns, Reaching safepoint: 26567 ns, Cleanup: 19284 ns, At safepoint: 15668 ns, Total: 61519 ns
[2025-05-26T13:35:23.315+0000][72][info ][safepoint   ] Safepoint "Cleanup", Time since last: 9001809504 ns, Reaching safepoint: 131681 ns, Cleanup: 16709 ns, At safepoint: 17987 ns, Total: 166377 ns
[2025-05-26T13:35:37.315+0000][72][info ][safepoint   ] Safepoint "Cleanup", Time since last: 14002539057 ns, Reaching safepoint: 29820 ns, Cleanup: 16738 ns, At safepoint: 81009 ns, Total: 127567 ns
[2025-05-26T13:36:00.133+0000][72][info ][safepoint   ] Safepoint "Cleanup", Time since last: 22820301876 ns, Reaching safepoint: 141075 ns, Cleanup: 10032 ns, At safepoint: 41898 ns, Total: 193005 ns
[2025-05-26T13:36:01.165+0000][72][info ][safepoint   ] Safepoint "Cleanup", Time since last: 1032673020 ns, Reaching safepoint: 37989 ns, Cleanup: 20049 ns, At safepoint: 86228 ns, Total: 144266 ns
[2025-05-26T13:36:22.690+0000][72][info ][safepoint   ] Safepoint "Cleanup", Time since last: 21524776679 ns, Reaching safepoint: 27933 ns, Cleanup: 20536 ns, At safepoint: 15181 ns, Total: 63650 ns
[2025-05-26T13:36:23.691+0000][72][info ][safepoint   ] Safepoint "Cleanup", Time since last: 1000863144 ns, Reaching safepoint: 38093 ns, Cleanup: 16592 ns, At safepoint: 8474 ns, Total: 63159 ns
[2025-05-26T13:37:05.239+0000][72][info ][safepoint   ] Safepoint "Cleanup", Time since last: 41552537341 ns, Reaching safepoint: 20996 ns, Cleanup: 14681 ns, At safepoint: 8199 ns, Total: 43876 ns
[2025-05-26T13:37:14.723+0000][72][info ][safepoint   ] Safepoint "Cleanup", Time since last: 9483802057 ns, Reaching safepoint: 24647 ns, Cleanup: 15494 ns, At safepoint: 9247 ns, Total: 49388 ns
[2025-05-26T13:37:22.725+0000][72][info ][safepoint   ] Safepoint "Cleanup", Time since last: 8001789095 ns, Reaching safepoint: 30598 ns, Cleanup: 18186 ns, At safepoint: 15792 ns, Total: 64576 ns
[2025-05-26T13:37:56.728+0000][72][info ][safepoint   ] Safepoint "Cleanup", Time since last: 34006119314 ns, Reaching safepoint: 166030 ns, Cleanup: 18843 ns, At safepoint: 19164 ns, Total: 204037 ns
[2025-05-26T13:38:05.067+0000][72][info ][safepoint   ] Safepoint "Cleanup", Time since last: 8341141698 ns, Reaching safepoint: 7150 ns, Cleanup: 7457 ns, At safepoint: 3143 ns, Total: 17750 ns
[2025-05-26T13:38:06.292+0000][72][info ][safepoint   ] Safepoint "Cleanup", Time since last: 1224415145 ns, Reaching safepoint: 29638 ns, Cleanup: 15585 ns, At safepoint: 14863 ns, Total: 60086 ns
[2025-05-26T13:38:22.757+0000][72][info ][safepoint   ] Safepoint "Cleanup", Time since last: 16465152766 ns, Reaching safepoint: 154802 ns, Cleanup: 18198 ns, At safepoint: 19797 ns, Total: 192797 ns
[2025-05-26T13:38:23.758+0000][72][info ][safepoint   ] Safepoint "Cleanup", Time since last: 1000720401 ns, Reaching safepoint: 33663 ns, Cleanup: 16670 ns, At safepoint: 14795 ns, Total: 65128 ns
[2025-05-26T13:38:49.760+0000][72][info ][safepoint   ] Safepoint "Cleanup", Time since last: 26004877221 ns, Reaching safepoint: 15753 ns, Cleanup: 29232 ns, At safepoint: 7480 ns, Total: 52465 ns
[2025-05-26T13:39:08.048+0000][72][info ][safepoint   ] Safepoint "Cleanup", Time since last: 18289829480 ns, Reaching safepoint: 218753 ns, Cleanup: 13221 ns, At safepoint: 156077 ns, Total: 388051 ns
[2025-05-26T13:39:09.333+0000][72][info ][safepoint   ] Safepoint "Cleanup", Time since last: 1284904875 ns, Reaching safepoint: 16151 ns, Cleanup: 25584 ns, At safepoint: 7715 ns, Total: 49450 ns
[2025-05-26T13:39:47.794+0000][72][info ][safepoint   ] Safepoint "Cleanup", Time since last: 38463297999 ns, Reaching safepoint: 29297 ns, Cleanup: 14572 ns, At safepoint: 15572 ns, Total: 59441 ns
[2025-05-26T13:40:05.795+0000][72][info ][safepoint   ] Safepoint "Cleanup", Time since last: 18003531255 ns, Reaching safepoint: 31105 ns, Cleanup: 16632 ns, At safepoint: 67101 ns, Total: 114838 ns
[2025-05-26T13:40:08.043+0000][72][info ][safepoint   ] Safepoint "Cleanup", Time since last: 2247868221 ns, Reaching safepoint: 5855 ns, Cleanup: 10834 ns, At safepoint: 13405 ns, Total: 30094 ns
[2025-05-26T13:40:09.362+0000][72][info ][safepoint   ] Safepoint "Cleanup", Time since last: 1318332052 ns, Reaching safepoint: 29792 ns, Cleanup: 17518 ns, At safepoint: 16852 ns, Total: 64162 ns
[2025-05-26T13:40:11.048+0000][72][info ][safepoint   ] Safepoint "Cleanup", Time since last: 1686026136 ns, Reaching safepoint: 5401 ns, Cleanup: 8972 ns, At safepoint: 12626 ns, Total: 26999 ns
[2025-05-26T13:40:42.414+0000][72][info ][safepoint   ] Safepoint "Cleanup", Time since last: 31368243324 ns, Reaching safepoint: 85791 ns, Cleanup: 52724 ns, At safepoint: 9664 ns, Total: 148179 ns
[2025-05-26T13:40:43.597+0000][72][info ][safepoint   ] Safepoint "Cleanup", Time since last: 1183633053 ns, Reaching safepoint: 31250 ns, Cleanup: 16950 ns, At safepoint: 17131 ns, Total: 65331 ns
[2025-05-26T13:40:52.599+0000][72][info ][safepoint   ] Safepoint "Cleanup", Time since last: 9001853984 ns, Reaching safepoint: 28314 ns, Cleanup: 15297 ns, At safepoint: 15652 ns, Total: 59263 ns
[2025-05-26T13:41:14.055+0000][72][info ][safepoint   ] Safepoint "Cleanup", Time since last: 21458128036 ns, Reaching safepoint: 387205 ns, Cleanup: 14446 ns, At safepoint: 128179 ns, Total: 529830 ns
[2025-05-26T13:41:22.466+0000][72][info ][safepoint   ] Safepoint "Cleanup", Time since last: 8411099098 ns, Reaching safepoint: 28806 ns, Cleanup: 16360 ns, At safepoint: 14669 ns, Total: 59835 ns
[2025-05-26T13:42:16.895+0000][72][info ][safepoint   ] Safepoint "Cleanup", Time since last: 54433137199 ns, Reaching safepoint: 69282 ns, Cleanup: 19837 ns, At safepoint: 30186 ns, Total: 119305 ns
[2025-05-26T13:42:18.513+0000][72][info ][safepoint   ] Safepoint "Cleanup", Time since last: 1617798591 ns, Reaching safepoint: 28757 ns, Cleanup: 28969 ns, At safepoint: 15125 ns, Total: 72851 ns
[2025-05-26T13:42:22.514+0000][72][info ][safepoint   ] Safepoint "Cleanup", Time since last: 4001425768 ns, Reaching safepoint: 16740 ns, Cleanup: 11987 ns, At safepoint: 7364 ns, Total: 36091 ns
[2025-05-26T13:42:27.513+0000][72][info ][safepoint   ] Safepoint "Cleanup", Time since last: 5001680410 ns, Reaching safepoint: 31210 ns, Cleanup: 16005 ns, At safepoint: 16374 ns, Total: 63589 ns
[2025-05-26T13:43:16.932+0000][72][info ][safepoint   ] Safepoint "Cleanup", Time since last: 49420508038 ns, Reaching safepoint: 16005 ns, Cleanup: 12383 ns, At safepoint: 7756 ns, Total: 36144 ns
[2025-05-26T13:43:17.932+0000][72][info ][safepoint   ] Safepoint "Cleanup", Time since last: 1000748477 ns, Reaching safepoint: 23706 ns, Cleanup: 35628 ns, At safepoint: 8937 ns, Total: 68271 ns
[2025-05-26T13:43:19.161+0000][72][info ][gc,start    ] GC(17) Pause Young (Concurrent Start) (CodeCache GC Threshold)
[2025-05-26T13:43:19.162+0000][72][info ][gc,task     ] GC(17) Using 10 workers of 10 for evacuation
[2025-05-26T13:43:19.163+0000][72][debug][gc,age      ] GC(17) Desired survivor size 109051904 bytes, new threshold 15 (max threshold 15)
[2025-05-26T13:43:19.264+0000][72][info ][gc,phases   ] GC(17)   Pre Evacuate Collection Set: 6.10ms
[2025-05-26T13:43:19.264+0000][72][info ][gc,phases   ] GC(17)   Merge Heap Roots: 0.88ms
[2025-05-26T13:43:19.264+0000][72][info ][gc,phases   ] GC(17)   Evacuate Collection Set: 88.41ms
[2025-05-26T13:43:19.264+0000][72][info ][gc,phases   ] GC(17)   Post Evacuate Collection Set: 4.68ms
[2025-05-26T13:43:19.265+0000][72][info ][gc,phases   ] GC(17)   Other: 1.52ms
[2025-05-26T13:43:19.265+0000][72][trace][gc,age      ] GC(17) Age table with threshold 15 (max threshold 15)
[2025-05-26T13:43:19.266+0000][72][trace][gc,age      ] GC(17) - age   1:    1016056 bytes,    1016056 total
[2025-05-26T13:43:19.266+0000][72][trace][gc,age      ] GC(17) - age   2:     870584 bytes,    1886640 total
[2025-05-26T13:43:19.266+0000][72][trace][gc,age      ] GC(17) - age   3:     140176 bytes,    2026816 total
[2025-05-26T13:43:19.267+0000][72][trace][gc,age      ] GC(17) - age   4:     466184 bytes,    2493000 total
[2025-05-26T13:43:19.267+0000][72][trace][gc,age      ] GC(17) - age   5:     309096 bytes,    2802096 total
[2025-05-26T13:43:19.268+0000][72][trace][gc,age      ] GC(17) - age   6:   40205392 bytes,   43007488 total
[2025-05-26T13:43:19.268+0000][72][info ][gc,heap     ] GC(17) Eden regions: 153->0(569)
[2025-05-26T13:43:19.268+0000][72][info ][gc,heap     ] GC(17) Survivor regions: 12->13(52)
[2025-05-26T13:43:19.269+0000][72][info ][gc,heap     ] GC(17) Old regions: 15->15
[2025-05-26T13:43:19.269+0000][72][info ][gc,heap     ] GC(17) Humongous regions: 0->0
[2025-05-26T13:43:19.270+0000][72][info ][gc,metaspace] GC(17) Metaspace: 144443K(148224K)->144443K(148224K) NonClass: 124893K(126912K)->124893K(126912K) Class: 19549K(21312K)->19549K(21312K)
[2025-05-26T13:43:19.270+0000][72][info ][gc          ] GC(17) Pause Young (Concurrent Start) (CodeCache GC Threshold) 716M->111M(3880M) 108.949ms
[2025-05-26T13:43:19.271+0000][72][info ][gc,cpu      ] GC(17) User=0.64s Sys=0.00s Real=0.11s
[2025-05-26T13:43:19.271+0000][72][info ][safepoint   ] Safepoint "G1TryInitiateConcMark", Time since last: 1227713392 ns, Reaching safepoint: 363197 ns, Cleanup: 7573 ns, At safepoint: 110769185 ns, Total: 111139955 ns
[2025-05-26T13:43:19.272+0000][72][info ][gc          ] GC(18) Concurrent Mark Cycle
[2025-05-26T13:43:19.273+0000][72][info ][gc,marking  ] GC(18) Concurrent Scan Root Regions
[2025-05-26T13:43:19.346+0000][72][info ][gc,marking  ] GC(18) Concurrent Scan Root Regions 72.542ms
[2025-05-26T13:43:19.346+0000][72][info ][gc,marking  ] GC(18) Concurrent Mark
[2025-05-26T13:43:19.347+0000][72][info ][gc,marking  ] GC(18) Concurrent Mark From Roots
[2025-05-26T13:43:19.348+0000][72][info ][gc,task     ] GC(18) Using 3 workers of 3 for marking
[2025-05-26T13:43:19.499+0000][72][info ][gc,marking  ] GC(18) Concurrent Mark From Roots 152.367ms
[2025-05-26T13:43:19.500+0000][72][info ][gc,marking  ] GC(18) Concurrent Preclean
[2025-05-26T13:43:19.501+0000][72][info ][gc,marking  ] GC(18) Concurrent Preclean 1.455ms
[2025-05-26T13:43:19.502+0000][72][info ][gc,start    ] GC(18) Pause Remark
[2025-05-26T13:43:19.952+0000][72][info ][gc,mmu      ] GC(18) MMU target violated: 201.0ms (200.0ms/201.0ms)
[2025-05-26T13:43:19.953+0000][72][info ][gc          ] GC(18) Pause Remark 117M->117M(3880M) 451.040ms
[2025-05-26T13:43:19.953+0000][72][info ][gc,cpu      ] GC(18) User=3.88s Sys=0.00s Real=0.46s
[2025-05-26T13:43:19.954+0000][72][info ][safepoint   ] Safepoint "G1PauseRemark", Time since last: 230474779 ns, Reaching safepoint: 17686 ns, Cleanup: 4264 ns, At safepoint: 452101270 ns, Total: 452123220 ns
[2025-05-26T13:43:19.954+0000][72][info ][gc,marking  ] GC(18) Concurrent Mark 608.108ms
[2025-05-26T13:43:19.955+0000][72][info ][gc,marking  ] GC(18) Concurrent Rebuild Remembered Sets and Scrub Regions
[2025-05-26T13:43:19.976+0000][72][info ][gc,marking  ] GC(18) Concurrent Rebuild Remembered Sets and Scrub Regions 21.027ms
[2025-05-26T13:43:19.978+0000][72][info ][gc,start    ] GC(18) Pause Cleanup
[2025-05-26T13:43:19.979+0000][72][info ][gc          ] GC(18) Pause Cleanup 123M->123M(3880M) 0.753ms
[2025-05-26T13:43:19.980+0000][72][info ][gc,cpu      ] GC(18) User=0.00s Sys=0.00s Real=0.00s
[2025-05-26T13:43:19.981+0000][72][info ][safepoint   ] Safepoint "G1PauseCleanup", Time since last: 22562207 ns, Reaching safepoint: 905252 ns, Cleanup: 821596 ns, At safepoint: 2737549 ns, Total: 4464397 ns
[2025-05-26T13:43:19.981+0000][72][info ][gc,marking  ] GC(18) Concurrent Clear Claimed Marks
[2025-05-26T13:43:19.982+0000][72][info ][gc,marking  ] GC(18) Concurrent Clear Claimed Marks 0.752ms
[2025-05-26T13:43:19.982+0000][72][info ][gc,marking  ] GC(18) Concurrent Cleanup for Next Mark
[2025-05-26T13:43:20.055+0000][72][info ][gc,marking  ] GC(18) Concurrent Cleanup for Next Mark 72.345ms
[2025-05-26T13:43:20.055+0000][72][info ][gc          ] GC(18) Concurrent Mark Cycle 783.232ms
[2025-05-26T13:43:20.992+0000][72][info ][safepoint   ] Safepoint "Cleanup", Time since last: 1010706160 ns, Reaching safepoint: 25409 ns, Cleanup: 12559 ns, At safepoint: 70751 ns, Total: 108719 ns
[2025-05-26T13:43:27.992+0000][72][info ][safepoint   ] Safepoint "Cleanup", Time since last: 7002017481 ns, Reaching safepoint: 132340 ns, Cleanup: 19416 ns, At safepoint: 33703 ns, Total: 185459 ns
[2025-05-26T13:43:43.996+0000][72][info ][safepoint   ] Safepoint "Cleanup", Time since last: 16003704565 ns, Reaching safepoint: 35465 ns, Cleanup: 20040 ns, At safepoint: 17330 ns, Total: 72835 ns
[2025-05-26T13:44:21.968+0000][72][info ][safepoint   ] Safepoint "Cleanup", Time since last: 37975665369 ns, Reaching safepoint: 51329 ns, Cleanup: 11448 ns, At safepoint: 7049 ns, Total: 69826 ns
[2025-05-26T13:45:11.036+0000][72][info ][safepoint   ] Safepoint "Cleanup", Time since last: 49072558772 ns, Reaching safepoint: 6245 ns, Cleanup: 7868 ns, At safepoint: 12985 ns, Total: 27098 ns
[2025-05-26T13:45:12.064+0000][72][info ][safepoint   ] Safepoint "Cleanup", Time since last: 1028091170 ns, Reaching safepoint: 27001 ns, Cleanup: 14174 ns, At safepoint: 78690 ns, Total: 119865 ns
[2025-05-26T13:45:22.074+0000][72][info ][safepoint   ] Safepoint "Cleanup", Time since last: 10009372910 ns, Reaching safepoint: 175781 ns, Cleanup: 25829 ns, At safepoint: 20551 ns, Total: 222161 ns
[2025-05-26T13:45:26.050+0000][72][info ][safepoint   ] Safepoint "Cleanup", Time since last: 3975512806 ns, Reaching safepoint: 6564 ns, Cleanup: 7517 ns, At safepoint: 13620 ns, Total: 27701 ns
[2025-05-26T13:45:27.098+0000][72][info ][safepoint   ] Safepoint "Cleanup", Time since last: 1050965811 ns, Reaching safepoint: 21732 ns, Cleanup: 15438 ns, At safepoint: 67108 ns, Total: 104278 ns
[2025-05-26T13:45:28.116+0000][72][info ][safepoint   ] Safepoint "Cleanup", Time since last: 1018713483 ns, Reaching safepoint: 28123 ns, Cleanup: 15525 ns, At safepoint: 64334 ns, Total: 107982 ns
[2025-05-26T13:45:42.323+0000][72][info ][safepoint   ] Safepoint "Cleanup", Time since last: 14206583302 ns, Reaching safepoint: 84022 ns, Cleanup: 9715 ns, At safepoint: 14209 ns, Total: 107946 ns
[2025-05-26T13:45:43.333+0000][72][info ][safepoint   ] Safepoint "Cleanup", Time since last: 1009883661 ns, Reaching safepoint: 33599 ns, Cleanup: 17728 ns, At safepoint: 17940 ns, Total: 69267 ns
[2025-05-26T13:45:48.334+0000][72][info ][safepoint   ] Safepoint "Cleanup", Time since last: 5001193970 ns, Reaching safepoint: 55941 ns, Cleanup: 19153 ns, At safepoint: 8316 ns, Total: 83410 ns
[2025-05-26T13:46:28.034+0000][72][info ][safepoint   ] Safepoint "Cleanup", Time since last: 39704030877 ns, Reaching safepoint: 83777 ns, Cleanup: 16331 ns, At safepoint: 14118 ns, Total: 114226 ns
[2025-05-26T13:47:02.148+0000][72][info ][safepoint   ] Safepoint "Cleanup", Time since last: 34116330037 ns, Reaching safepoint: 96286 ns, Cleanup: 14651 ns, At safepoint: 9946 ns, Total: 120883 ns
[2025-05-26T13:47:17.071+0000][72][info ][safepoint   ] Safepoint "Cleanup", Time since last: 14922575084 ns, Reaching safepoint: 16641 ns, Cleanup: 11224 ns, At safepoint: 7025 ns, Total: 34890 ns
[2025-05-26T13:47:22.073+0000][72][info ][safepoint   ] Safepoint "Cleanup", Time since last: 5001465530 ns, Reaching safepoint: 30701 ns, Cleanup: 25118 ns, At safepoint: 16786 ns, Total: 72605 ns
[2025-05-26T13:47:32.037+0000][72][info ][safepoint   ] Safepoint "Cleanup", Time since last: 9967199368 ns, Reaching safepoint: 6686 ns, Cleanup: 8336 ns, At safepoint: 2944 ns, Total: 17966 ns
[2025-05-26T13:47:33.188+0000][72][info ][safepoint   ] Safepoint "Cleanup", Time since last: 1150673484 ns, Reaching safepoint: 31949 ns, Cleanup: 14833 ns, At safepoint: 90893 ns, Total: 137675 ns
[2025-05-26T13:47:56.200+0000][72][info ][safepoint   ] Safepoint "Cleanup", Time since last: 23011587454 ns, Reaching safepoint: 70662 ns, Cleanup: 16541 ns, At safepoint: 17412 ns, Total: 104615 ns
[2025-05-26T13:47:57.198+0000][72][info ][safepoint   ] Safepoint "Cleanup", Time since last: 1000642154 ns, Reaching safepoint: 16407 ns, Cleanup: 12115 ns, At safepoint: 7974 ns, Total: 36496 ns
[2025-05-26T13:48:22.107+0000][72][info ][safepoint   ] Safepoint "Cleanup", Time since last: 24909535449 ns, Reaching safepoint: 29044 ns, Cleanup: 17914 ns, At safepoint: 15378 ns, Total: 62336 ns
[2025-05-26T13:48:23.108+0000][72][info ][safepoint   ] Safepoint "Cleanup", Time since last: 1000729266 ns, Reaching safepoint: 19287 ns, Cleanup: 13160 ns, At safepoint: 8679 ns, Total: 41126 ns
[2025-05-26T13:48:33.108+0000][72][info ][safepoint   ] Safepoint "Cleanup", Time since last: 10002222105 ns, Reaching safepoint: 68647 ns, Cleanup: 17062 ns, At safepoint: 16179 ns, Total: 101888 ns
[2025-05-26T13:48:35.047+0000][72][info ][safepoint   ] Safepoint "Cleanup", Time since last: 1938399937 ns, Reaching safepoint: 6204 ns, Cleanup: 10587 ns, At safepoint: 13940 ns, Total: 30731 ns
[2025-05-26T13:48:36.242+0000][72][info ][safepoint   ] Safepoint "Cleanup", Time since last: 1195352124 ns, Reaching safepoint: 17051 ns, Cleanup: 15805 ns, At safepoint: 7979 ns, Total: 40835 ns
[2025-05-26T13:48:46.244+0000][72][info ][safepoint   ] Safepoint "Cleanup", Time since last: 10001832452 ns, Reaching safepoint: 16897 ns, Cleanup: 12549 ns, At safepoint: 8286 ns, Total: 37732 ns
[2025-05-26T13:48:47.244+0000][72][info ][safepoint   ] Safepoint "Cleanup", Time since last: 1000635778 ns, Reaching safepoint: 27034 ns, Cleanup: 18820 ns, At safepoint: 10633 ns, Total: 56487 ns
[2025-05-26T13:49:22.140+0000][72][info ][safepoint   ] Safepoint "Cleanup", Time since last: 34897795151 ns, Reaching safepoint: 69717 ns, Cleanup: 18550 ns, At safepoint: 15745 ns, Total: 104012 ns
[2025-05-26T13:49:23.141+0000][72][info ][safepoint   ] Safepoint "Cleanup", Time since last: 1000679077 ns, Reaching safepoint: 22537 ns, Cleanup: 16097 ns, At safepoint: 9709 ns, Total: 48343 ns
[2025-05-26T13:49:33.141+0000][72][info ][safepoint   ] Safepoint "Cleanup", Time since last: 10002127404 ns, Reaching safepoint: 70797 ns, Cleanup: 18780 ns, At safepoint: 17516 ns, Total: 107093 ns
[2025-05-26T13:49:38.044+0000][72][info ][safepoint   ] Safepoint "Cleanup", Time since last: 4903092982 ns, Reaching safepoint: 13252 ns, Cleanup: 10066 ns, At safepoint: 19183 ns, Total: 42501 ns
[2025-05-26T13:49:39.285+0000][72][info ][safepoint   ] Safepoint "Cleanup", Time since last: 1241623346 ns, Reaching safepoint: 29021 ns, Cleanup: 16360 ns, At safepoint: 16185 ns, Total: 61566 ns
[2025-05-26T13:49:48.288+0000][72][info ][safepoint   ] Safepoint "Cleanup", Time since last: 9002228770 ns, Reaching safepoint: 29078 ns, Cleanup: 19717 ns, At safepoint: 15772 ns, Total: 64567 ns
[2025-05-26T13:50:02.288+0000][72][info ][safepoint   ] Safepoint "Cleanup", Time since last: 14002966229 ns, Reaching safepoint: 118185 ns, Cleanup: 23926 ns, At safepoint: 17685 ns, Total: 159796 ns
[2025-05-26T13:50:14.046+0000][72][info ][safepoint   ] Safepoint "Cleanup", Time since last: 11757483322 ns, Reaching safepoint: 47978 ns, Cleanup: 10546 ns, At safepoint: 66856 ns, Total: 125380 ns
[2025-05-26T13:50:15.305+0000][72][info ][safepoint   ] Safepoint "Cleanup", Time since last: 1258747565 ns, Reaching safepoint: 22947 ns, Cleanup: 15370 ns, At safepoint: 9029 ns, Total: 47346 ns
[2025-05-26T13:50:16.319+0000][72][info ][safepoint   ] Safepoint "Cleanup", Time since last: 1013676354 ns, Reaching safepoint: 31012 ns, Cleanup: 13342 ns, At safepoint: 72322 ns, Total: 116676 ns
[2025-05-26T13:50:20.329+0000][72][info ][safepoint   ] Safepoint "Cleanup", Time since last: 4010532988 ns, Reaching safepoint: 46295 ns, Cleanup: 13185 ns, At safepoint: 7964 ns, Total: 67444 ns
[2025-05-26T13:50:22.330+0000][72][info ][safepoint   ] Safepoint "Cleanup", Time since last: 2000837035 ns, Reaching safepoint: 29899 ns, Cleanup: 16302 ns, At safepoint: 16922 ns, Total: 63123 ns
[2025-05-26T13:50:41.046+0000][72][info ][safepoint   ] Safepoint "Cleanup", Time since last: 18714974597 ns, Reaching safepoint: 2200602 ns, Cleanup: 20165 ns, At safepoint: 224905 ns, Total: 2445672 ns
[2025-05-26T13:50:42.307+0000][72][info ][safepoint   ] Safepoint "Cleanup", Time since last: 1261050355 ns, Reaching safepoint: 26839 ns, Cleanup: 31533 ns, At safepoint: 72515 ns, Total: 130887 ns
[2025-05-26T13:50:44.178+0000][72][info ][safepoint   ] Safepoint "Cleanup", Time since last: 1871399578 ns, Reaching safepoint: 39919 ns, Cleanup: 12546 ns, At safepoint: 8386 ns, Total: 60851 ns
[2025-05-26T13:50:48.180+0000][72][info ][safepoint   ] Safepoint "Cleanup", Time since last: 4001227180 ns, Reaching safepoint: 36073 ns, Cleanup: 19827 ns, At safepoint: 19214 ns, Total: 75114 ns
[2025-05-26T13:51:20.207+0000][72][info ][safepoint   ] Safepoint "Cleanup", Time since last: 32029831512 ns, Reaching safepoint: 67780 ns, Cleanup: 18560 ns, At safepoint: 16916 ns, Total: 103256 ns
[2025-05-26T13:51:56.397+0000][72][info ][safepoint   ] Safepoint "Cleanup", Time since last: 36192696311 ns, Reaching safepoint: 30643 ns, Cleanup: 15774 ns, At safepoint: 14495 ns, Total: 60912 ns
[2025-05-26T13:52:02.396+0000][72][info ][safepoint   ] Safepoint "Cleanup", Time since last: 6001718888 ns, Reaching safepoint: 69028 ns, Cleanup: 17456 ns, At safepoint: 17014 ns, Total: 103498 ns
[2025-05-26T13:52:42.244+0000][72][info ][safepoint   ] Safepoint "Cleanup", Time since last: 39849434574 ns, Reaching safepoint: 72073 ns, Cleanup: 17047 ns, At safepoint: 17641 ns, Total: 106761 ns
[2025-05-26T13:52:47.043+0000][72][info ][safepoint   ] Safepoint "Cleanup", Time since last: 4798761150 ns, Reaching safepoint: 17074 ns, Cleanup: 22384 ns, At safepoint: 85673 ns, Total: 125131 ns
[2025-05-26T13:52:59.449+0000][72][info ][safepoint   ] Safepoint "Cleanup", Time since last: 12409279747 ns, Reaching safepoint: 30623 ns, Cleanup: 15482 ns, At safepoint: 14715 ns, Total: 60820 ns
[2025-05-26T13:53:17.277+0000][72][info ][safepoint   ] Safepoint "Cleanup", Time since last: 17828211327 ns, Reaching safepoint: 24729 ns, Cleanup: 17496 ns, At safepoint: 11348 ns, Total: 53573 ns
[2025-05-26T13:53:32.278+0000][72][info ][safepoint   ] Safepoint "Cleanup", Time since last: 15002979939 ns, Reaching safepoint: 31515 ns, Cleanup: 18685 ns, At safepoint: 15613 ns, Total: 65813 ns
[2025-05-26T13:53:47.281+0000][72][info ][safepoint   ] Safepoint "Cleanup", Time since last: 15003030219 ns, Reaching safepoint: 28815 ns, Cleanup: 16072 ns, At safepoint: 15735 ns, Total: 60622 ns
[2025-05-26T13:54:17.313+0000][72][info ][safepoint   ] Safepoint "Cleanup", Time since last: 30033424510 ns, Reaching safepoint: 29131 ns, Cleanup: 19764 ns, At safepoint: 15360 ns, Total: 64255 ns
[2025-05-26T13:54:22.314+0000][72][info ][safepoint   ] Safepoint "Cleanup", Time since last: 5001565184 ns, Reaching safepoint: 16460 ns, Cleanup: 12093 ns, At safepoint: 7144 ns, Total: 35697 ns
[2025-05-26T13:54:23.315+0000][72][info ][safepoint   ] Safepoint "Cleanup", Time since last: 1000668610 ns, Reaching safepoint: 30796 ns, Cleanup: 15060 ns, At safepoint: 15804 ns, Total: 61660 ns
[2025-05-26T13:54:38.315+0000][72][info ][safepoint   ] Safepoint "Cleanup", Time since last: 15003062972 ns, Reaching safepoint: 148872 ns, Cleanup: 17941 ns, At safepoint: 18501 ns, Total: 185314 ns
[2025-05-26T13:54:49.318+0000][72][info ][safepoint   ] Safepoint "Cleanup", Time since last: 11002800361 ns, Reaching safepoint: 87823 ns, Cleanup: 19278 ns, At safepoint: 17573 ns, Total: 124674 ns
[2025-05-26T13:55:17.544+0000][72][info ][safepoint   ] Safepoint "Cleanup", Time since last: 28227659811 ns, Reaching safepoint: 17466 ns, Cleanup: 27553 ns, At safepoint: 91883 ns, Total: 136902 ns
[2025-05-26T13:55:19.597+0000][72][info ][safepoint   ] Safepoint "Cleanup", Time since last: 2052983329 ns, Reaching safepoint: 15390 ns, Cleanup: 12142 ns, At safepoint: 77254 ns, Total: 104786 ns
[2025-05-26T13:55:37.599+0000][72][info ][safepoint   ] Safepoint "Cleanup", Time since last: 18004557496 ns, Reaching safepoint: 65127 ns, Cleanup: 20705 ns, At safepoint: 14984 ns, Total: 100816 ns
[2025-05-26T13:55:47.341+0000][72][info ][safepoint   ] Safepoint "Cleanup", Time since last: 9742383219 ns, Reaching safepoint: 16352 ns, Cleanup: 12133 ns, At safepoint: 6877 ns, Total: 35362 ns
[2025-05-26T13:55:56.616+0000][72][info ][safepoint   ] Safepoint "Cleanup", Time since last: 9274837849 ns, Reaching safepoint: 24648 ns, Cleanup: 11793 ns, At safepoint: 64918 ns, Total: 101359 ns
[2025-05-26T13:55:57.648+0000][72][info ][safepoint   ] Safepoint "Cleanup", Time since last: 1034403414 ns, Reaching safepoint: 30603 ns, Cleanup: 17561 ns, At safepoint: 14887 ns, Total: 63051 ns
[2025-05-26T13:56:53.394+0000][72][info ][safepoint   ] Safepoint "Cleanup", Time since last: 55747945649 ns, Reaching safepoint: 43619 ns, Cleanup: 12218 ns, At safepoint: 7235 ns, Total: 63072 ns
[2025-05-26T13:56:57.393+0000][72][info ][safepoint   ] Safepoint "Cleanup", Time since last: 4001309002 ns, Reaching safepoint: 27376 ns, Cleanup: 16013 ns, At safepoint: 14533 ns, Total: 57922 ns
[2025-05-26T13:56:59.041+0000][72][info ][safepoint   ] Safepoint "Cleanup", Time since last: 1648141066 ns, Reaching safepoint: 7191 ns, Cleanup: 8540 ns, At safepoint: 3478 ns, Total: 19209 ns
[2025-05-26T13:57:17.428+0000][72][info ][safepoint   ] Safepoint "Cleanup", Time since last: 18386963770 ns, Reaching safepoint: 31995 ns, Cleanup: 19881 ns, At safepoint: 21123 ns, Total: 72999 ns
[2025-05-26T13:57:48.431+0000][72][info ][safepoint   ] Safepoint "Cleanup", Time since last: 31005046671 ns, Reaching safepoint: 59480 ns, Cleanup: 16071 ns, At safepoint: 11585 ns, Total: 87136 ns
[2025-05-26T13:58:02.034+0000][72][info ][safepoint   ] Safepoint "Cleanup", Time since last: 13606295076 ns, Reaching safepoint: 5770 ns, Cleanup: 11115 ns, At safepoint: 12577 ns, Total: 29462 ns
[2025-05-26T13:58:03.727+0000][72][info ][safepoint   ] Safepoint "Cleanup", Time since last: 1692229545 ns, Reaching safepoint: 18908 ns, Cleanup: 15783 ns, At safepoint: 7993 ns, Total: 42684 ns
[2025-05-26T13:58:22.462+0000][72][info ][safepoint   ] Safepoint "Cleanup", Time since last: 18735009710 ns, Reaching safepoint: 32541 ns, Cleanup: 17117 ns, At safepoint: 16898 ns, Total: 66556 ns
[2025-05-26T13:58:47.464+0000][72][info ][safepoint   ] Safepoint "Cleanup", Time since last: 25004223545 ns, Reaching safepoint: 20213 ns, Cleanup: 17456 ns, At safepoint: 7387 ns, Total: 45056 ns
[2025-05-26T13:58:48.464+0000][72][info ][safepoint   ] Safepoint "Cleanup", Time since last: 1000588169 ns, Reaching safepoint: 16751 ns, Cleanup: 11297 ns, At safepoint: 7760 ns, Total: 35808 ns
[2025-05-26T13:58:52.465+0000][72][info ][safepoint   ] Safepoint "Cleanup", Time since last: 4001193670 ns, Reaching safepoint: 34281 ns, Cleanup: 17706 ns, At safepoint: 18437 ns, Total: 70424 ns
[2025-05-26T13:59:02.465+0000][72][info ][safepoint   ] Safepoint "Cleanup", Time since last: 10001872350 ns, Reaching safepoint: 30781 ns, Cleanup: 17947 ns, At safepoint: 15366 ns, Total: 64094 ns
[2025-05-26T13:59:05.040+0000][72][info ][safepoint   ] Safepoint "Cleanup", Time since last: 2574268359 ns, Reaching safepoint: 1005503 ns, Cleanup: 19993 ns, At safepoint: 69807 ns, Total: 1095303 ns
[2025-05-26T13:59:06.767+0000][72][info ][safepoint   ] Safepoint "Cleanup", Time since last: 1726949740 ns, Reaching safepoint: 29072 ns, Cleanup: 24679 ns, At safepoint: 15694 ns, Total: 69445 ns
[2025-05-26T13:59:18.497+0000][72][info ][safepoint   ] Safepoint "Cleanup", Time since last: 11730014971 ns, Reaching safepoint: 33786 ns, Cleanup: 19031 ns, At safepoint: 17273 ns, Total: 70090 ns
[2025-05-26T13:59:49.499+0000][72][info ][safepoint   ] Safepoint "Cleanup", Time since last: 31004305342 ns, Reaching safepoint: 33809 ns, Cleanup: 17241 ns, At safepoint: 17077 ns, Total: 68127 ns
[2025-05-26T14:00:08.034+0000][72][info ][safepoint   ] Safepoint "Cleanup", Time since last: 18536833242 ns, Reaching safepoint: 138238 ns, Cleanup: 12051 ns, At safepoint: 44195 ns, Total: 194484 ns
[2025-05-26T14:00:20.037+0000][72][info ][safepoint   ] Safepoint "Cleanup", Time since last: 12002126974 ns, Reaching safepoint: 106324 ns, Cleanup: 12275 ns, At safepoint: 65083 ns, Total: 183682 ns
[2025-05-26T14:00:21.829+0000][72][info ][safepoint   ] Safepoint "Cleanup", Time since last: 1792295174 ns, Reaching safepoint: 15878 ns, Cleanup: 14350 ns, At safepoint: 5819 ns, Total: 36047 ns
[2025-05-26T14:00:41.829+0000][72][info ][safepoint   ] Safepoint "Cleanup", Time since last: 20002621699 ns, Reaching safepoint: 49438 ns, Cleanup: 12716 ns, At safepoint: 8990 ns, Total: 71144 ns
[2025-05-26T14:00:48.518+0000][72][info ][safepoint   ] Safepoint "Cleanup", Time since last: 6688688205 ns, Reaching safepoint: 57256 ns, Cleanup: 14840 ns, At safepoint: 10050 ns, Total: 82146 ns
[2025-05-26T14:00:50.519+0000][72][info ][safepoint   ] Safepoint "Cleanup", Time since last: 2000740800 ns, Reaching safepoint: 22935 ns, Cleanup: 13382 ns, At safepoint: 10448 ns, Total: 46765 ns
[2025-05-26T14:01:22.879+0000][72][info ][safepoint   ] Safepoint "Cleanup", Time since last: 32363155504 ns, Reaching safepoint: 50302 ns, Cleanup: 16134 ns, At safepoint: 6705 ns, Total: 73141 ns
[2025-05-26T14:02:14.058+0000][72][info ][safepoint   ] Safepoint "Cleanup", Time since last: 51184039533 ns, Reaching safepoint: 30948 ns, Cleanup: 15978 ns, At safepoint: 86179 ns, Total: 133105 ns
[2025-05-26T14:02:21.937+0000][72][info ][safepoint   ] Safepoint "Cleanup", Time since last: 7878570026 ns, Reaching safepoint: 68557 ns, Cleanup: 15722 ns, At safepoint: 16135 ns, Total: 100414 ns
[2025-05-26T14:03:17.059+0000][72][info ][safepoint   ] Safepoint "Cleanup", Time since last: 55126709979 ns, Reaching safepoint: 27782 ns, Cleanup: 18970 ns, At safepoint: 67447 ns, Total: 114199 ns
[2025-05-26T14:03:18.984+0000][72][info ][safepoint   ] Safepoint "Cleanup", Time since last: 1924600490 ns, Reaching safepoint: 28783 ns, Cleanup: 26268 ns, At safepoint: 15750 ns, Total: 70801 ns
[2025-05-26T14:03:45.987+0000][72][info ][safepoint   ] Safepoint "Cleanup", Time since last: 27005528455 ns, Reaching safepoint: 30712 ns, Cleanup: 15182 ns, At safepoint: 16096 ns, Total: 61990 ns
[2025-05-26T14:04:28.028+0000][72][info ][safepoint   ] Safepoint "Cleanup", Time since last: 42045225107 ns, Reaching safepoint: 33327 ns, Cleanup: 20856 ns, At safepoint: 17669 ns, Total: 71852 ns
[2025-05-26T14:04:41.061+0000][72][info ][safepoint   ] Safepoint "Cleanup", Time since last: 13032889460 ns, Reaching safepoint: 94272 ns, Cleanup: 7712 ns, At safepoint: 47338 ns, Total: 149322 ns
[2025-05-26T14:04:42.062+0000][72][info ][safepoint   ] Safepoint "Cleanup", Time since last: 1001200186 ns, Reaching safepoint: 5926 ns, Cleanup: 17198 ns, At safepoint: 3077 ns, Total: 26201 ns
[2025-05-26T14:04:43.090+0000][72][info ][safepoint   ] Safepoint "Cleanup", Time since last: 1027803537 ns, Reaching safepoint: 30335 ns, Cleanup: 18022 ns, At safepoint: 16864 ns, Total: 65221 ns
[2025-05-26T14:04:44.091+0000][72][info ][safepoint   ] Safepoint "Cleanup", Time since last: 1000674783 ns, Reaching safepoint: 30274 ns, Cleanup: 20226 ns, At safepoint: 14788 ns, Total: 65288 ns
[2025-05-26T14:04:50.093+0000][72][info ][safepoint   ] Safepoint "Cleanup", Time since last: 6001672615 ns, Reaching safepoint: 64283 ns, Cleanup: 19950 ns, At safepoint: 27364 ns, Total: 111597 ns
[2025-05-26T14:05:14.696+0000][72][info ][safepoint   ] Safepoint "Cleanup", Time since last: 24605304990 ns, Reaching safepoint: 29558 ns, Cleanup: 21674 ns, At safepoint: 16460 ns, Total: 67692 ns
[2025-05-26T14:05:22.698+0000][72][info ][safepoint   ] Safepoint "Cleanup", Time since last: 8002002905 ns, Reaching safepoint: 57603 ns, Cleanup: 15186 ns, At safepoint: 9053 ns, Total: 81842 ns
[2025-05-26T14:05:24.083+0000][72][info ][safepoint   ] Safepoint "Cleanup", Time since last: 1385190273 ns, Reaching safepoint: 32270 ns, Cleanup: 21069 ns, At safepoint: 15551 ns, Total: 68890 ns
[2025-05-26T14:05:25.130+0000][72][info ][safepoint   ] Safepoint "Cleanup", Time since last: 1047415156 ns, Reaching safepoint: 28404 ns, Cleanup: 20990 ns, At safepoint: 14866 ns, Total: 64260 ns
[2025-05-26T14:05:30.130+0000][72][info ][safepoint   ] Safepoint "Cleanup", Time since last: 5001591370 ns, Reaching safepoint: 20229 ns, Cleanup: 13051 ns, At safepoint: 8059 ns, Total: 41339 ns
[2025-05-26T14:05:42.296+0000][72][info ][safepoint   ] Safepoint "Cleanup", Time since last: 12166433278 ns, Reaching safepoint: 91665 ns, Cleanup: 8065 ns, At safepoint: 49137 ns, Total: 148867 ns
[2025-05-26T14:06:26.031+0000][72][info ][safepoint   ] Safepoint "Cleanup", Time since last: 43737072699 ns, Reaching safepoint: 7382 ns, Cleanup: 6702 ns, At safepoint: 18131 ns, Total: 32215 ns
[2025-05-26T14:06:27.173+0000][72][info ][safepoint   ] Safepoint "Cleanup", Time since last: 1144086752 ns, Reaching safepoint: 10904 ns, Cleanup: 9049 ns, At safepoint: 16636 ns, Total: 36589 ns
[2025-05-26T14:06:28.187+0000][72][info ][safepoint   ] Safepoint "Cleanup", Time since last: 1013949081 ns, Reaching safepoint: 18354 ns, Cleanup: 15690 ns, At safepoint: 8205 ns, Total: 42249 ns
[2025-05-26T14:07:02.191+0000][72][info ][safepoint   ] Safepoint "Cleanup", Time since last: 34005991697 ns, Reaching safepoint: 40398 ns, Cleanup: 12799 ns, At safepoint: 6838 ns, Total: 60035 ns
[2025-05-26T14:08:05.027+0000][72][info ][safepoint   ] Safepoint "Cleanup", Time since last: 62841659236 ns, Reaching safepoint: 18272 ns, Cleanup: 22780 ns, At safepoint: 20012 ns, Total: 61064 ns
[2025-05-26T14:08:06.278+0000][72][info ][safepoint   ] Safepoint "Cleanup", Time since last: 1250678500 ns, Reaching safepoint: 20269 ns, Cleanup: 33653 ns, At safepoint: 7895 ns, Total: 61817 ns
[2025-05-26T14:08:07.292+0000][72][info ][safepoint   ] Safepoint "Cleanup", Time since last: 1013810841 ns, Reaching safepoint: 5696 ns, Cleanup: 9800 ns, At safepoint: 12230 ns, Total: 27726 ns
[2025-05-26T14:08:08.349+0000][72][info ][safepoint   ] Safepoint "Cleanup", Time since last: 1057417918 ns, Reaching safepoint: 24343 ns, Cleanup: 51134 ns, At safepoint: 68458 ns, Total: 143935 ns
[2025-05-26T14:08:09.391+0000][72][info ][safepoint   ] Safepoint "Cleanup", Time since last: 1041505187 ns, Reaching safepoint: 28791 ns, Cleanup: 35207 ns, At safepoint: 15851 ns, Total: 79849 ns
[2025-05-26T14:08:17.029+0000][72][info ][safepoint   ] Safepoint "Cleanup", Time since last: 7638144754 ns, Reaching safepoint: 6312 ns, Cleanup: 11040 ns, At safepoint: 13841 ns, Total: 31193 ns
[2025-05-26T14:08:18.468+0000][72][info ][safepoint   ] Safepoint "Cleanup", Time since last: 1439297773 ns, Reaching safepoint: 22016 ns, Cleanup: 23117 ns, At safepoint: 8636 ns, Total: 53769 ns
[2025-05-26T14:08:22.512+0000][72][info ][safepoint   ] Safepoint "Cleanup", Time since last: 4043840985 ns, Reaching safepoint: 29383 ns, Cleanup: 15001 ns, At safepoint: 15684 ns, Total: 60068 ns
[2025-05-26T14:08:32.147+0000][72][info ][safepoint   ] Safepoint "Cleanup", Time since last: 9636953392 ns, Reaching safepoint: 10853 ns, Cleanup: 9063 ns, At safepoint: 3269 ns, Total: 23185 ns
[2025-05-26T14:08:33.550+0000][72][info ][safepoint   ] Safepoint "Cleanup", Time since last: 1403023440 ns, Reaching safepoint: 29553 ns, Cleanup: 28830 ns, At safepoint: 17478 ns, Total: 75861 ns
[2025-05-26T14:08:43.846+0000][72][info ][safepoint   ] Safepoint "Cleanup", Time since last: 10295453673 ns, Reaching safepoint: 17153 ns, Cleanup: 13285 ns, At safepoint: 8683 ns, Total: 39121 ns
[2025-05-26T14:08:47.847+0000][72][info ][safepoint   ] Safepoint "Cleanup", Time since last: 4001160822 ns, Reaching safepoint: 17335 ns, Cleanup: 12445 ns, At safepoint: 8453 ns, Total: 38233 ns
[2025-05-26T14:09:21.838+0000][72][info ][safepoint   ] Safepoint "Cleanup", Time since last: 33993500568 ns, Reaching safepoint: 29731 ns, Cleanup: 13120 ns, At safepoint: 11250 ns, Total: 54101 ns
[2025-05-26T14:09:35.572+0000][72][info ][safepoint   ] Safepoint "Cleanup", Time since last: 13736846988 ns, Reaching safepoint: 20615 ns, Cleanup: 15730 ns, At safepoint: 6624 ns, Total: 42969 ns
[2025-05-26T14:09:44.601+0000][72][info ][safepoint   ] Safepoint "Cleanup", Time since last: 9028835685 ns, Reaching safepoint: 24910 ns, Cleanup: 14148 ns, At safepoint: 11350 ns, Total: 50408 ns
[2025-05-26T14:09:50.603+0000][72][info ][safepoint   ] Safepoint "Cleanup", Time since last: 6001308846 ns, Reaching safepoint: 32414 ns, Cleanup: 22381 ns, At safepoint: 11502 ns, Total: 66297 ns
[2025-05-26T14:10:17.865+0000][72][info ][safepoint   ] Safepoint "Cleanup", Time since last: 27264151141 ns, Reaching safepoint: 19234 ns, Cleanup: 13343 ns, At safepoint: 7811 ns, Total: 40388 ns
[2025-05-26T14:10:26.019+0000][72][info ][safepoint   ] Safepoint "Cleanup", Time since last: 8153788833 ns, Reaching safepoint: 5962 ns, Cleanup: 5869 ns, At safepoint: 11418 ns, Total: 23249 ns
[2025-05-26T14:10:27.620+0000][72][info ][safepoint   ] Safepoint "Cleanup", Time since last: 1603723406 ns, Reaching safepoint: 38071 ns, Cleanup: 16626 ns, At safepoint: 6860 ns, Total: 61557 ns
[2025-05-26T14:10:37.647+0000][72][info ][safepoint   ] Safepoint "Cleanup", Time since last: 10027104353 ns, Reaching safepoint: 20197 ns, Cleanup: 15185 ns, At safepoint: 7626 ns, Total: 43008 ns
[2025-05-26T14:10:38.656+0000][72][info ][safepoint   ] Safepoint "Cleanup", Time since last: 1008502938 ns, Reaching safepoint: 16356 ns, Cleanup: 24084 ns, At safepoint: 73890 ns, Total: 114330 ns
[2025-05-26T14:10:48.305+0000][72][info ][safepoint   ] Safepoint "Cleanup", Time since last: 9649264362 ns, Reaching safepoint: 19668 ns, Cleanup: 13605 ns, At safepoint: 8347 ns, Total: 41620 ns
[2025-05-26T14:11:17.898+0000][72][info ][safepoint   ] Safepoint "Cleanup", Time since last: 29595324700 ns, Reaching safepoint: 138881 ns, Cleanup: 25184 ns, At safepoint: 17073 ns, Total: 181138 ns
[2025-05-26T14:11:20.900+0000][72][info ][safepoint   ] Safepoint "Cleanup", Time since last: 3001397053 ns, Reaching safepoint: 27244 ns, Cleanup: 16268 ns, At safepoint: 14302 ns, Total: 57814 ns
[2025-05-26T14:11:21.901+0000][72][info ][safepoint   ] Safepoint "Cleanup", Time since last: 1000989794 ns, Reaching safepoint: 29038 ns, Cleanup: 21633 ns, At safepoint: 15551 ns, Total: 66222 ns
[2025-05-26T14:11:37.901+0000][72][info ][safepoint   ] Safepoint "Cleanup", Time since last: 16003491786 ns, Reaching safepoint: 27564 ns, Cleanup: 16151 ns, At safepoint: 15449 ns, Total: 59164 ns
[2025-05-26T14:11:41.718+0000][72][info ][safepoint   ] Safepoint "Cleanup", Time since last: 3817220463 ns, Reaching safepoint: 5789 ns, Cleanup: 6291 ns, At safepoint: 12278 ns, Total: 24358 ns
[2025-05-26T14:11:42.730+0000][72][info ][safepoint   ] Safepoint "Cleanup", Time since last: 1011235587 ns, Reaching safepoint: 28866 ns, Cleanup: 17798 ns, At safepoint: 14929 ns, Total: 61593 ns
[2025-05-26T14:12:02.733+0000][72][info ][safepoint   ] Safepoint "Cleanup", Time since last: 20004402350 ns, Reaching safepoint: 99140 ns, Cleanup: 22025 ns, At safepoint: 13616 ns, Total: 134781 ns
[2025-05-26T14:12:07.734+0000][72][info ][safepoint   ] Safepoint "Cleanup", Time since last: 5001468660 ns, Reaching safepoint: 29982 ns, Cleanup: 16496 ns, At safepoint: 16020 ns, Total: 62498 ns
[2025-05-26T14:12:21.936+0000][72][info ][safepoint   ] Safepoint "Cleanup", Time since last: 14201580004 ns, Reaching safepoint: 33799 ns, Cleanup: 24790 ns, At safepoint: 18332 ns, Total: 76921 ns
[2025-05-26T14:12:44.011+0000][72][info ][safepoint   ] Safepoint "Cleanup", Time since last: 22075934246 ns, Reaching safepoint: 2226613 ns, Cleanup: 25660 ns, At safepoint: 186492 ns, Total: 2438765 ns
[2025-05-26T14:12:45.773+0000][72][info ][safepoint   ] Safepoint "Cleanup", Time since last: 1761657904 ns, Reaching safepoint: 50088 ns, Cleanup: 14911 ns, At safepoint: 9747 ns, Total: 74746 ns
[2025-05-26T14:12:53.775+0000][72][info ][safepoint   ] Safepoint "Cleanup", Time since last: 8001698522 ns, Reaching safepoint: 29759 ns, Cleanup: 17985 ns, At safepoint: 15662 ns, Total: 63406 ns
[2025-05-26T14:13:22.971+0000][72][info ][safepoint   ] Safepoint "Cleanup", Time since last: 29199041115 ns, Reaching safepoint: 155295 ns, Cleanup: 12851 ns, At safepoint: 45979 ns, Total: 214125 ns
[2025-05-26T14:13:47.019+0000][72][info ][safepoint   ] Safepoint "Cleanup", Time since last: 24049399310 ns, Reaching safepoint: 22195 ns, Cleanup: 14093 ns, At safepoint: 113900 ns, Total: 150188 ns
[2025-05-26T14:14:00.814+0000][72][info ][safepoint   ] Safepoint "Cleanup", Time since last: 13797132655 ns, Reaching safepoint: 30610 ns, Cleanup: 20136 ns, At safepoint: 17092 ns, Total: 67838 ns
[2025-05-26T14:15:29.882+0000][72][info ][safepoint   ] Safepoint "Cleanup", Time since last: 89075672226 ns, Reaching safepoint: 25738 ns, Cleanup: 11749 ns, At safepoint: 2942 ns, Total: 40429 ns
[2025-05-26T14:15:32.893+0000][72][info ][safepoint   ] Safepoint "Cleanup", Time since last: 3011296299 ns, Reaching safepoint: 18635 ns, Cleanup: 13678 ns, At safepoint: 8128 ns, Total: 40441 ns
[2025-05-26T14:15:36.895+0000][72][info ][safepoint   ] Safepoint "Cleanup", Time since last: 4001156602 ns, Reaching safepoint: 21092 ns, Cleanup: 13740 ns, At safepoint: 9386 ns, Total: 44218 ns
[2025-05-26T14:15:48.070+0000][72][info ][safepoint   ] Safepoint "Cleanup", Time since last: 11175117321 ns, Reaching safepoint: 160926 ns, Cleanup: 12373 ns, At safepoint: 165070 ns, Total: 338369 ns
[2025-05-26T14:15:50.071+0000][72][info ][safepoint   ] Safepoint "Cleanup", Time since last: 2000689753 ns, Reaching safepoint: 228092 ns, Cleanup: 18483 ns, At safepoint: 161104 ns, Total: 407679 ns
[2025-05-26T14:15:53.915+0000][72][info ][safepoint   ] Safepoint "Cleanup", Time since last: 3843928559 ns, Reaching safepoint: 28672 ns, Cleanup: 13909 ns, At safepoint: 156611 ns, Total: 199192 ns
[2025-05-26T14:16:23.072+0000][72][info ][safepoint   ] Safepoint "Cleanup", Time since last: 29161023330 ns, Reaching safepoint: 145224 ns, Cleanup: 18033 ns, At safepoint: 19725 ns, Total: 182982 ns
[2025-05-26T14:17:58.994+0000][72][info ][safepoint   ] Safepoint "Cleanup", Time since last: 95930619666 ns, Reaching safepoint: 24265 ns, Cleanup: 19944 ns, At safepoint: 68224 ns, Total: 112433 ns
[2025-05-26T14:18:00.018+0000][72][info ][safepoint   ] Safepoint "Cleanup", Time since last: 1024185341 ns, Reaching safepoint: 14524 ns, Cleanup: 12741 ns, At safepoint: 4641 ns, Total: 31906 ns
[2025-05-26T14:18:22.141+0000][72][info ][safepoint   ] Safepoint "Cleanup", Time since last: 22122316256 ns, Reaching safepoint: 94199 ns, Cleanup: 15112 ns, At safepoint: 19708 ns, Total: 129019 ns
[2025-05-26T14:18:27.140+0000][72][info ][safepoint   ] Safepoint "Cleanup", Time since last: 5001276477 ns, Reaching safepoint: 109574 ns, Cleanup: 21983 ns, At safepoint: 40688 ns, Total: 172245 ns
[2025-05-26T14:18:37.143+0000][72][info ][safepoint   ] Safepoint "Cleanup", Time since last: 10002530593 ns, Reaching safepoint: 16129 ns, Cleanup: 13330 ns, At safepoint: 7617 ns, Total: 37076 ns
[2025-05-26T14:18:46.145+0000][72][info ][safepoint   ] Safepoint "Cleanup", Time since last: 9001927493 ns, Reaching safepoint: 21092 ns, Cleanup: 15404 ns, At safepoint: 8626 ns, Total: 45122 ns
[2025-05-26T14:18:47.145+0000][72][info ][safepoint   ] Safepoint "Cleanup", Time since last: 1000715500 ns, Reaching safepoint: 27272 ns, Cleanup: 15858 ns, At safepoint: 14844 ns, Total: 57974 ns
[2025-05-26T14:18:58.146+0000][72][info ][safepoint   ] Safepoint "Cleanup", Time since last: 11002567437 ns, Reaching safepoint: 27896 ns, Cleanup: 15988 ns, At safepoint: 15051 ns, Total: 58935 ns
[2025-05-26T14:19:01.980+0000][72][info ][safepoint   ] Safepoint "Cleanup", Time since last: 3834371916 ns, Reaching safepoint: 85020 ns, Cleanup: 8203 ns, At safepoint: 41247 ns, Total: 134470 ns
[2025-05-26T14:19:03.015+0000][72][info ][safepoint   ] Safepoint "Cleanup", Time since last: 1034464008 ns, Reaching safepoint: 19661 ns, Cleanup: 17566 ns, At safepoint: 9627 ns, Total: 46854 ns
[2025-05-26T14:19:22.178+0000][72][info ][safepoint   ] Safepoint "Cleanup", Time since last: 19163777296 ns, Reaching safepoint: 26751 ns, Cleanup: 16796 ns, At safepoint: 14514 ns, Total: 58061 ns
[2025-05-26T14:19:24.180+0000][72][info ][safepoint   ] Safepoint "Cleanup", Time since last: 2001044993 ns, Reaching safepoint: 36456 ns, Cleanup: 12061 ns, At safepoint: 10398 ns, Total: 58915 ns
[2025-05-26T14:19:31.970+0000][72][info ][safepoint   ] Safepoint "Cleanup", Time since last: 7793277086 ns, Reaching safepoint: 7081 ns, Cleanup: 11063 ns, At safepoint: 12744 ns, Total: 30888 ns
[2025-05-26T14:19:33.125+0000][72][info ][safepoint   ] Safepoint "Cleanup", Time since last: 1154780364 ns, Reaching safepoint: 27785 ns, Cleanup: 46590 ns, At safepoint: 16051 ns, Total: 90426 ns
[2025-05-26T14:19:37.144+0000][72][info ][safepoint   ] Safepoint "Cleanup", Time since last: 4018725902 ns, Reaching safepoint: 21819 ns, Cleanup: 14605 ns, At safepoint: 9527 ns, Total: 45951 ns
[2025-05-26T14:19:42.146+0000][72][info ][safepoint   ] Safepoint "Cleanup", Time since last: 5001353127 ns, Reaching safepoint: 61498 ns, Cleanup: 15220 ns, At safepoint: 28725 ns, Total: 105443 ns
[2025-05-26T14:19:44.168+0000][72][info ][safepoint   ] Safepoint "Cleanup", Time since last: 2022725487 ns, Reaching safepoint: 5848 ns, Cleanup: 11059 ns, At safepoint: 12796 ns, Total: 29703 ns
[2025-05-26T14:20:02.185+0000][72][info ][safepoint   ] Safepoint "Cleanup", Time since last: 18019732882 ns, Reaching safepoint: 39793 ns, Cleanup: 14473 ns, At safepoint: 8057 ns, Total: 62323 ns
[2025-05-26T14:20:18.221+0000][72][info ][safepoint   ] Safepoint "Cleanup", Time since last: 16035894412 ns, Reaching safepoint: 16551 ns, Cleanup: 12019 ns, At safepoint: 7615 ns, Total: 36185 ns
[2025-05-26T14:20:22.223+0000][72][info ][safepoint   ] Safepoint "Cleanup", Time since last: 4001514882 ns, Reaching safepoint: 157368 ns, Cleanup: 18828 ns, At safepoint: 137581 ns, Total: 313777 ns
[2025-05-26T14:20:32.005+0000][72][info ][safepoint   ] Safepoint "Cleanup", Time since last: 9784786195 ns, Reaching safepoint: 13098 ns, Cleanup: 12756 ns, At safepoint: 7927 ns, Total: 33781 ns
[2025-05-26T14:20:33.298+0000][72][info ][safepoint   ] Safepoint "Cleanup", Time since last: 1292818730 ns, Reaching safepoint: 24627 ns, Cleanup: 15163 ns, At safepoint: 10373 ns, Total: 50163 ns
[2025-05-26T14:21:08.344+0000][72][info ][safepoint   ] Safepoint "Cleanup", Time since last: 35047965543 ns, Reaching safepoint: 7886 ns, Cleanup: 9328 ns, At safepoint: 13975 ns, Total: 31189 ns
[2025-05-26T14:21:14.245+0000][72][info ][safepoint   ] Safepoint "Cleanup", Time since last: 5900944243 ns, Reaching safepoint: 29721 ns, Cleanup: 15884 ns, At safepoint: 15103 ns, Total: 60708 ns
[2025-05-26T14:21:22.247+0000][72][info ][safepoint   ] Safepoint "Cleanup", Time since last: 8001980575 ns, Reaching safepoint: 31013 ns, Cleanup: 17332 ns, At safepoint: 16271 ns, Total: 64616 ns
[2025-05-26T14:22:11.004+0000][72][info ][safepoint   ] Safepoint "Cleanup", Time since last: 48762122340 ns, Reaching safepoint: 144518 ns, Cleanup: 12237 ns, At safepoint: 46041 ns, Total: 202796 ns
[2025-05-26T14:23:27.438+0000][72][info ][safepoint   ] Safepoint "Cleanup", Time since last: 76441766033 ns, Reaching safepoint: 30792 ns, Cleanup: 18010 ns, At safepoint: 16035 ns, Total: 64837 ns
[2025-05-26T14:23:47.442+0000][72][info ][safepoint   ] Safepoint "Cleanup", Time since last: 20003408460 ns, Reaching safepoint: 30282 ns, Cleanup: 19624 ns, At safepoint: 16144 ns, Total: 66050 ns
[2025-05-26T14:23:50.443+0000][72][info ][safepoint   ] Safepoint "Cleanup", Time since last: 3001531335 ns, Reaching safepoint: 27669 ns, Cleanup: 15268 ns, At safepoint: 15399 ns, Total: 58336 ns
[2025-05-26T14:24:01.444+0000][72][info ][safepoint   ] Safepoint "Cleanup", Time since last: 11002725022 ns, Reaching safepoint: 66169 ns, Cleanup: 19850 ns, At safepoint: 33466 ns, Total: 119485 ns
[2025-05-26T14:24:16.984+0000][72][info ][safepoint   ] Safepoint "Cleanup", Time since last: 15539822491 ns, Reaching safepoint: 600108 ns, Cleanup: 14709 ns, At safepoint: 166892 ns, Total: 781709 ns
[2025-05-26T14:25:35.525+0000][72][info ][safepoint   ] Safepoint "Cleanup", Time since last: 78548121812 ns, Reaching safepoint: 24042 ns, Cleanup: 11412 ns, At safepoint: 10801 ns, Total: 46255 ns
[2025-05-26T14:26:22.427+0000][72][info ][safepoint   ] Safepoint "Cleanup", Time since last: 46903780764 ns, Reaching safepoint: 67306 ns, Cleanup: 15260 ns, At safepoint: 15541 ns, Total: 98107 ns
[2025-05-26T14:26:23.579+0000][72][info ][safepoint   ] Safepoint "Cleanup", Time since last: 1152057826 ns, Reaching safepoint: 26703 ns, Cleanup: 14335 ns, At safepoint: 68262 ns, Total: 109300 ns
[2025-05-26T14:27:05.611+0000][72][info ][safepoint   ] Safepoint "Cleanup", Time since last: 42036836566 ns, Reaching safepoint: 46522 ns, Cleanup: 12263 ns, At safepoint: 6966 ns, Total: 65751 ns
[2025-05-26T14:27:15.459+0000][72][info ][safepoint   ] Safepoint "Cleanup", Time since last: 9848496648 ns, Reaching safepoint: 28733 ns, Cleanup: 14870 ns, At safepoint: 15584 ns, Total: 59187 ns
[2025-05-26T14:27:20.461+0000][72][info ][safepoint   ] Safepoint "Cleanup", Time since last: 5001298141 ns, Reaching safepoint: 113839 ns, Cleanup: 17557 ns, At safepoint: 17895 ns, Total: 149291 ns
[2025-05-26T14:27:22.461+0000][72][info ][safepoint   ] Safepoint "Cleanup", Time since last: 2000884597 ns, Reaching safepoint: 30104 ns, Cleanup: 23869 ns, At safepoint: 16037 ns, Total: 70010 ns
[2025-05-26T14:27:25.954+0000][72][info ][safepoint   ] Safepoint "Cleanup", Time since last: 3492686662 ns, Reaching safepoint: 10166 ns, Cleanup: 7396 ns, At safepoint: 16379 ns, Total: 33941 ns
[2025-05-26T14:28:22.495+0000][72][info ][safepoint   ] Safepoint "Cleanup", Time since last: 56546078658 ns, Reaching safepoint: 66169 ns, Cleanup: 17368 ns, At safepoint: 16387 ns, Total: 99924 ns
[2025-05-26T14:28:45.693+0000][72][info ][safepoint   ] Safepoint "Cleanup", Time since last: 23199772141 ns, Reaching safepoint: 27304 ns, Cleanup: 16060 ns, At safepoint: 15248 ns, Total: 58612 ns
[2025-05-26T14:28:47.694+0000][72][info ][safepoint   ] Safepoint "Cleanup", Time since last: 2001005022 ns, Reaching safepoint: 32821 ns, Cleanup: 22305 ns, At safepoint: 18392 ns, Total: 73518 ns
[2025-05-26T14:29:22.530+0000][72][info ][safepoint   ] Safepoint "Cleanup", Time since last: 34838186551 ns, Reaching safepoint: 28089 ns, Cleanup: 19562 ns, At safepoint: 17034 ns, Total: 64685 ns
[2025-05-26T14:29:26.531+0000][72][info ][safepoint   ] Safepoint "Cleanup", Time since last: 4001148766 ns, Reaching safepoint: 61662 ns, Cleanup: 17055 ns, At safepoint: 10385 ns, Total: 89102 ns
[2025-05-26T14:29:32.717+0000][72][info ][safepoint   ] Safepoint "Cleanup", Time since last: 6187873864 ns, Reaching safepoint: 13620 ns, Cleanup: 20582 ns, At safepoint: 79259 ns, Total: 113461 ns
[2025-05-26T14:29:33.737+0000][72][info ][safepoint   ] Safepoint "Cleanup", Time since last: 1020108424 ns, Reaching safepoint: 28877 ns, Cleanup: 19705 ns, At safepoint: 16100 ns, Total: 64682 ns
[2025-05-26T14:30:22.566+0000][72][info ][safepoint   ] Safepoint "Cleanup", Time since last: 48830812300 ns, Reaching safepoint: 31384 ns, Cleanup: 20603 ns, At safepoint: 131002 ns, Total: 182989 ns
[2025-05-26T14:30:34.968+0000][72][info ][safepoint   ] Safepoint "Cleanup", Time since last: 12404848704 ns, Reaching safepoint: 6313 ns, Cleanup: 6842 ns, At safepoint: 14520 ns, Total: 27675 ns
[2025-05-26T14:30:36.800+0000][72][info ][safepoint   ] Safepoint "Cleanup", Time since last: 1832233535 ns, Reaching safepoint: 30486 ns, Cleanup: 16346 ns, At safepoint: 15060 ns, Total: 61892 ns
[2025-05-26T14:30:39.810+0000][72][info ][safepoint   ] Safepoint "Cleanup", Time since last: 3010058846 ns, Reaching safepoint: 29902 ns, Cleanup: 19251 ns, At safepoint: 14668 ns, Total: 63821 ns
[2025-05-26T14:31:06.584+0000][72][info ][safepoint   ] Safepoint "Cleanup", Time since last: 26775487273 ns, Reaching safepoint: 133268 ns, Cleanup: 18852 ns, At safepoint: 21516 ns, Total: 173636 ns
[2025-05-26T14:31:20.627+0000][72][info ][safepoint   ] Safepoint "Cleanup", Time since last: 14043028758 ns, Reaching safepoint: 30266 ns, Cleanup: 16415 ns, At safepoint: 16590 ns, Total: 63271 ns
[2025-05-26T14:31:37.950+0000][72][info ][safepoint   ] Safepoint "Cleanup", Time since last: 17325066316 ns, Reaching safepoint: 6599 ns, Cleanup: 10460 ns, At safepoint: 3092 ns, Total: 20151 ns
[2025-05-26T14:31:42.898+0000][72][info ][safepoint   ] Safepoint "Cleanup", Time since last: 4947871832 ns, Reaching safepoint: 41386 ns, Cleanup: 13590 ns, At safepoint: 8667 ns, Total: 63643 ns
[2025-05-26T14:31:46.899+0000][72][info ][safepoint   ] Safepoint "Cleanup", Time since last: 4000982548 ns, Reaching safepoint: 29734 ns, Cleanup: 16651 ns, At safepoint: 14987 ns, Total: 61372 ns
[2025-05-26T14:31:56.901+0000][72][info ][safepoint   ] Safepoint "Cleanup", Time since last: 10002317851 ns, Reaching safepoint: 64123 ns, Cleanup: 16764 ns, At safepoint: 28795 ns, Total: 109682 ns
[2025-05-26T14:31:57.071+0000][72][info ][gc,start    ] GC(19) Pause Young (Prepare Mixed) (G1 Evacuation Pause)
[2025-05-26T14:31:57.072+0000][72][info ][gc,task     ] GC(19) Using 10 workers of 10 for evacuation
[2025-05-26T14:31:57.072+0000][72][debug][gc,age      ] GC(19) Desired survivor size 153092096 bytes, new threshold 15 (max threshold 15)
[2025-05-26T14:31:57.194+0000][72][info ][gc,phases   ] GC(19)   Pre Evacuate Collection Set: 3.68ms
[2025-05-26T14:31:57.195+0000][72][info ][gc,phases   ] GC(19)   Merge Heap Roots: 1.60ms
[2025-05-26T14:31:57.196+0000][72][info ][gc,phases   ] GC(19)   Evacuate Collection Set: 102.33ms
[2025-05-26T14:31:57.196+0000][72][info ][gc,phases   ] GC(19)   Post Evacuate Collection Set: 9.77ms
[2025-05-26T14:31:57.197+0000][72][info ][gc,phases   ] GC(19)   Other: 4.98ms
[2025-05-26T14:31:57.197+0000][72][trace][gc,age      ] GC(19) Age table with threshold 15 (max threshold 15)
[2025-05-26T14:31:57.197+0000][72][trace][gc,age      ] GC(19) - age   1:    1536584 bytes,    1536584 total
[2025-05-26T14:31:57.197+0000][72][trace][gc,age      ] GC(19) - age   2:      55176 bytes,    1591760 total
[2025-05-26T14:31:57.198+0000][72][trace][gc,age      ] GC(19) - age   3:     521872 bytes,    2113632 total
[2025-05-26T14:31:57.198+0000][72][trace][gc,age      ] GC(19) - age   4:     137120 bytes,    2250752 total
[2025-05-26T14:31:57.199+0000][72][trace][gc,age      ] GC(19) - age   5:     461672 bytes,    2712424 total
[2025-05-26T14:31:57.199+0000][72][trace][gc,age      ] GC(19) - age   6:     309096 bytes,    3021520 total
[2025-05-26T14:31:57.200+0000][72][trace][gc,age      ] GC(19) - age   7:   40139272 bytes,   43160792 total
[2025-05-26T14:31:57.200+0000][72][info ][gc,heap     ] GC(19) Eden regions: 569->0(568)
[2025-05-26T14:31:57.201+0000][72][info ][gc,heap     ] GC(19) Survivor regions: 13->14(73)
[2025-05-26T14:31:57.201+0000][72][info ][gc,heap     ] GC(19) Old regions: 15->15
[2025-05-26T14:31:57.201+0000][72][info ][gc,heap     ] GC(19) Humongous regions: 0->0
[2025-05-26T14:31:57.202+0000][72][info ][gc,metaspace] GC(19) Metaspace: 144945K(148672K)->144945K(148672K) NonClass: 125421K(127360K)->125421K(127360K) Class: 19524K(21312K)->19524K(21312K)
[2025-05-26T14:31:57.203+0000][72][info ][gc          ] GC(19) Pause Young (Prepare Mixed) (G1 Evacuation Pause) 2387M->114M(3880M) 131.783ms
[2025-05-26T14:31:57.203+0000][72][info ][gc,cpu      ] GC(19) User=1.05s Sys=0.03s Real=0.14s
[2025-05-26T14:31:57.204+0000][72][info ][safepoint   ] Safepoint "G1CollectForAllocation", Time since last: 172558717 ns, Reaching safepoint: 14793 ns, Cleanup: 3927 ns, At safepoint: 133044341 ns, Total: 133063061 ns
[2025-05-26T14:32:22.634+0000][72][info ][safepoint   ] Safepoint "Cleanup", Time since last: 25430011602 ns, Reaching safepoint: 29898 ns, Cleanup: 15692 ns, At safepoint: 15707 ns, Total: 61297 ns
[2025-05-26T14:32:49.945+0000][72][info ][safepoint   ] Safepoint "Cleanup", Time since last: 27313706794 ns, Reaching safepoint: 64225 ns, Cleanup: 103027 ns, At safepoint: 21902 ns, Total: 189154 ns
[2025-05-26T14:33:17.667+0000][72][info ][safepoint   ] Safepoint "Cleanup", Time since last: 27723569637 ns, Reaching safepoint: 134815 ns, Cleanup: 16567 ns, At safepoint: 17360 ns, Total: 168742 ns
[2025-05-26T14:33:44.970+0000][72][info ][safepoint   ] Safepoint "Cleanup", Time since last: 27305596621 ns, Reaching safepoint: 6159 ns, Cleanup: 6530 ns, At safepoint: 14560 ns, Total: 27249 ns
[2025-05-26T14:33:45.992+0000][72][info ][safepoint   ] Safepoint "Cleanup", Time since last: 1021728293 ns, Reaching safepoint: 26803 ns, Cleanup: 16241 ns, At safepoint: 15492 ns, Total: 58536 ns
[2025-05-26T14:34:22.706+0000][72][info ][safepoint   ] Safepoint "Cleanup", Time since last: 36716577533 ns, Reaching safepoint: 30907 ns, Cleanup: 16087 ns, At safepoint: 9584 ns, Total: 56578 ns
[2025-05-26T14:34:46.967+0000][72][info ][safepoint   ] Safepoint "Cleanup", Time since last: 24263312265 ns, Reaching safepoint: 8094 ns, Cleanup: 8205 ns, At safepoint: 15408 ns, Total: 31707 ns
[2025-05-26T14:34:48.024+0000][72][info ][safepoint   ] Safepoint "Cleanup", Time since last: 1056448714 ns, Reaching safepoint: 19877 ns, Cleanup: 24284 ns, At safepoint: 72544 ns, Total: 116705 ns
[2025-05-26T14:34:50.053+0000][72][info ][safepoint   ] Safepoint "Cleanup", Time since last: 2029470688 ns, Reaching safepoint: 28116 ns, Cleanup: 17867 ns, At safepoint: 15073 ns, Total: 61056 ns
[2025-05-26T14:35:11.055+0000][72][info ][safepoint   ] Safepoint "Cleanup", Time since last: 21004235960 ns, Reaching safepoint: 142067 ns, Cleanup: 19098 ns, At safepoint: 19222 ns, Total: 180387 ns
[2025-05-26T14:35:21.743+0000][72][info ][safepoint   ] Safepoint "Cleanup", Time since last: 10688157310 ns, Reaching safepoint: 63755 ns, Cleanup: 16869 ns, At safepoint: 15885 ns, Total: 96509 ns
[2025-05-26T14:35:40.955+0000][72][info ][safepoint   ] Safepoint "Cleanup", Time since last: 19214315023 ns, Reaching safepoint: 170496 ns, Cleanup: 9391 ns, At safepoint: 45781 ns, Total: 225668 ns
[2025-05-26T14:35:42.085+0000][72][info ][safepoint   ] Safepoint "Cleanup", Time since last: 1129947909 ns, Reaching safepoint: 28180 ns, Cleanup: 16433 ns, At safepoint: 15242 ns, Total: 59855 ns
[2025-05-26T14:35:43.109+0000][72][info ][safepoint   ] Safepoint "Cleanup", Time since last: 1023295109 ns, Reaching safepoint: 17700 ns, Cleanup: 13617 ns, At safepoint: 8857 ns, Total: 40174 ns
[2025-05-26T14:35:50.183+0000][72][info ][safepoint   ] Safepoint "Cleanup", Time since last: 7074395714 ns, Reaching safepoint: 6376 ns, Cleanup: 7776 ns, At safepoint: 3121 ns, Total: 17273 ns
[2025-05-26T14:36:21.783+0000][72][info ][safepoint   ] Safepoint "Cleanup", Time since last: 31601892159 ns, Reaching safepoint: 71910 ns, Cleanup: 20387 ns, At safepoint: 17629 ns, Total: 109926 ns
[2025-05-26T14:36:53.209+0000][72][info ][safepoint   ] Safepoint "Cleanup", Time since last: 31428048633 ns, Reaching safepoint: 25206 ns, Cleanup: 26867 ns, At safepoint: 76984 ns, Total: 129057 ns
[2025-05-26T14:36:56.220+0000][72][info ][safepoint   ] Safepoint "Cleanup", Time since last: 3011263295 ns, Reaching safepoint: 27582 ns, Cleanup: 15107 ns, At safepoint: 15069 ns, Total: 57758 ns
[2025-05-26T14:37:21.821+0000][72][info ][safepoint   ] Safepoint "Cleanup", Time since last: 25603194425 ns, Reaching safepoint: 61593 ns, Cleanup: 15320 ns, At safepoint: 27346 ns, Total: 104259 ns
[2025-05-26T14:38:08.282+0000][72][info ][safepoint   ] Safepoint "Cleanup", Time since last: 46466122026 ns, Reaching safepoint: 64469 ns, Cleanup: 14955 ns, At safepoint: 29379 ns, Total: 108803 ns
[2025-05-26T14:38:45.862+0000][72][info ][safepoint   ] Safepoint "Cleanup", Time since last: 37581683452 ns, Reaching safepoint: 33187 ns, Cleanup: 16648 ns, At safepoint: 59351 ns, Total: 109186 ns
[2025-05-26T14:38:49.863+0000][72][info ][safepoint   ] Safepoint "Cleanup", Time since last: 4001151183 ns, Reaching safepoint: 28854 ns, Cleanup: 16522 ns, At safepoint: 16799 ns, Total: 62175 ns
[2025-05-26T14:39:21.898+0000][72][info ][safepoint   ] Safepoint "Cleanup", Time since last: 32037387893 ns, Reaching safepoint: 33320 ns, Cleanup: 19361 ns, At safepoint: 18720 ns, Total: 71401 ns
[2025-05-26T14:40:08.364+0000][72][info ][safepoint   ] Safepoint "Cleanup", Time since last: 46470551530 ns, Reaching safepoint: 69661 ns, Cleanup: 16861 ns, At safepoint: 30698 ns, Total: 117220 ns
[2025-05-26T14:40:22.933+0000][72][info ][safepoint   ] Safepoint "Cleanup", Time since last: 14569116153 ns, Reaching safepoint: 17554 ns, Cleanup: 14306 ns, At safepoint: 8478 ns, Total: 40338 ns
[2025-05-26T14:41:02.438+0000][72][info ][safepoint   ] Safepoint "Cleanup", Time since last: 39510217478 ns, Reaching safepoint: 66333 ns, Cleanup: 20317 ns, At safepoint: 16527 ns, Total: 103177 ns
[2025-05-26T14:41:05.499+0000][72][info ][safepoint   ] Safepoint "Cleanup", Time since last: 3060261481 ns, Reaching safepoint: 18213 ns, Cleanup: 21267 ns, At safepoint: 80041 ns, Total: 119521 ns
[2025-05-26T14:41:12.222+0000][72][info ][safepoint   ] Safepoint "Cleanup", Time since last: 6722932337 ns, Reaching safepoint: 5862 ns, Cleanup: 6581 ns, At safepoint: 13402 ns, Total: 25845 ns
[2025-05-26T14:41:22.051+0000][72][info ][safepoint   ] Safepoint "Cleanup", Time since last: 9829430134 ns, Reaching safepoint: 187083 ns, Cleanup: 15229 ns, At safepoint: 140263 ns, Total: 342575 ns
[2025-05-26T14:42:07.936+0000][72][info ][safepoint   ] Safepoint "Cleanup", Time since last: 45889559112 ns, Reaching safepoint: 29854 ns, Cleanup: 14461 ns, At safepoint: 67253 ns, Total: 111568 ns
[2025-05-26T14:42:09.518+0000][72][info ][safepoint   ] Safepoint "Cleanup", Time since last: 1581238900 ns, Reaching safepoint: 18771 ns, Cleanup: 13493 ns, At safepoint: 8548 ns, Total: 40812 ns
[2025-05-26T14:42:47.011+0000][72][info ][safepoint   ] Safepoint "Cleanup", Time since last: 37495058443 ns, Reaching safepoint: 63802 ns, Cleanup: 15546 ns, At safepoint: 15217 ns, Total: 94565 ns
[2025-05-26T14:42:58.011+0000][72][info ][safepoint   ] Safepoint "Cleanup", Time since last: 11003167749 ns, Reaching safepoint: 74944 ns, Cleanup: 19138 ns, At safepoint: 35411 ns, Total: 129493 ns
[2025-05-26T14:43:17.045+0000][72][info ][safepoint   ] Safepoint "Cleanup", Time since last: 19033075456 ns, Reaching safepoint: 26552 ns, Cleanup: 16008 ns, At safepoint: 14434 ns, Total: 56994 ns
[2025-05-26T14:45:47.678+0000][72][info ][safepoint   ] Safepoint "Cleanup", Time since last: 150644952682 ns, Reaching safepoint: 22536 ns, Cleanup: 7708 ns, At safepoint: 3262 ns, Total: 33506 ns
[2025-05-26T14:46:20.741+0000][72][info ][safepoint   ] Safepoint "Cleanup", Time since last: 33065578274 ns, Reaching safepoint: 87348 ns, Cleanup: 15506 ns, At safepoint: 18753 ns, Total: 121607 ns
[2025-05-26T14:46:47.726+0000][72][info ][safepoint   ] Safepoint "Cleanup", Time since last: 26987847631 ns, Reaching safepoint: 75079 ns, Cleanup: 18337 ns, At safepoint: 35639 ns, Total: 129055 ns
[2025-05-26T14:47:07.729+0000][72][info ][safepoint   ] Safepoint "Cleanup", Time since last: 20004188023 ns, Reaching safepoint: 67082 ns, Cleanup: 16368 ns, At safepoint: 28889 ns, Total: 112339 ns
[2025-05-26T14:47:23.752+0000][72][info ][safepoint   ] Safepoint "Cleanup", Time since last: 16023423591 ns, Reaching safepoint: 6003 ns, Cleanup: 7295 ns, At safepoint: 3317 ns, Total: 16615 ns
[2025-05-26T14:48:42.826+0000][72][info ][safepoint   ] Safepoint "Cleanup", Time since last: 79081955871 ns, Reaching safepoint: 73640 ns, Cleanup: 21704 ns, At safepoint: 18409 ns, Total: 113753 ns
[2025-05-26T14:48:43.827+0000][72][info ][safepoint   ] Safepoint "Cleanup", Time since last: 1000710669 ns, Reaching safepoint: 27486 ns, Cleanup: 15039 ns, At safepoint: 14349 ns, Total: 56874 ns
[2025-05-26T14:49:28.937+0000][72][info ][safepoint   ] Safepoint "Cleanup", Time since last: 45114155362 ns, Reaching safepoint: 9931 ns, Cleanup: 9257 ns, At safepoint: 15222 ns, Total: 34410 ns
[2025-05-26T14:49:30.861+0000][72][info ][safepoint   ] Safepoint "Cleanup", Time since last: 1923823069 ns, Reaching safepoint: 27438 ns, Cleanup: 16974 ns, At safepoint: 15274 ns, Total: 59686 ns
[2025-05-26T14:50:32.929+0000][72][info ][safepoint   ] Safepoint "Cleanup", Time since last: 62072997122 ns, Reaching safepoint: 8223 ns, Cleanup: 7886 ns, At safepoint: 14583 ns, Total: 30692 ns
[2025-05-26T14:50:49.944+0000][72][info ][safepoint   ] Safepoint "Cleanup", Time since last: 17013964173 ns, Reaching safepoint: 644641 ns, Cleanup: 14402 ns, At safepoint: 146874 ns, Total: 805917 ns
[2025-05-26T14:50:50.967+0000][72][info ][safepoint   ] Safepoint "Cleanup", Time since last: 1022804478 ns, Reaching safepoint: 34284 ns, Cleanup: 17615 ns, At safepoint: 139533 ns, Total: 191432 ns
[2025-05-26T14:50:51.992+0000][72][info ][safepoint   ] Safepoint "Cleanup", Time since last: 1024666097 ns, Reaching safepoint: 27312 ns, Cleanup: 14256 ns, At safepoint: 14941 ns, Total: 56509 ns
[2025-05-26T14:51:12.241+0000][72][info ][safepoint   ] Safepoint "Cleanup", Time since last: 20251367621 ns, Reaching safepoint: 6347 ns, Cleanup: 8077 ns, At safepoint: 3276 ns, Total: 17700 ns
[2025-05-26T14:52:13.052+0000][72][info ][safepoint   ] Safepoint "Cleanup", Time since last: 60816674493 ns, Reaching safepoint: 74955 ns, Cleanup: 16650 ns, At safepoint: 21191 ns, Total: 112796 ns
[2025-05-26T14:52:22.383+0000][72][info ][safepoint   ] Safepoint "Cleanup", Time since last: 9330536711 ns, Reaching safepoint: 28585 ns, Cleanup: 16011 ns, At safepoint: 14714 ns, Total: 59310 ns
[2025-05-26T14:53:19.956+0000][72][info ][safepoint   ] Safepoint "Cleanup", Time since last: 57577543244 ns, Reaching safepoint: 7188 ns, Cleanup: 9583 ns, At safepoint: 3683 ns, Total: 20454 ns
[2025-05-26T14:53:22.202+0000][72][info ][safepoint   ] Safepoint "Cleanup", Time since last: 2246395721 ns, Reaching safepoint: 6418 ns, Cleanup: 7541 ns, At safepoint: 15641 ns, Total: 29600 ns
[2025-05-26T14:53:41.225+0000][72][info ][safepoint   ] Safepoint "Cleanup", Time since last: 19024498539 ns, Reaching safepoint: 14981 ns, Cleanup: 18049 ns, At safepoint: 84653 ns, Total: 117683 ns
[2025-05-26T14:53:42.569+0000][72][info ][safepoint   ] Safepoint "Cleanup", Time since last: 1344508818 ns, Reaching safepoint: 27930 ns, Cleanup: 13474 ns, At safepoint: 66624 ns, Total: 108028 ns
[2025-05-26T14:54:43.936+0000][72][info ][safepoint   ] Safepoint "Cleanup", Time since last: 61371532990 ns, Reaching safepoint: 8744 ns, Cleanup: 10248 ns, At safepoint: 13488 ns, Total: 32480 ns
[2025-05-26T14:55:20.495+0000][72][info ][safepoint   ] Safepoint "Cleanup", Time since last: 36561490699 ns, Reaching safepoint: 29609 ns, Cleanup: 15025 ns, At safepoint: 62822 ns, Total: 107456 ns
[2025-05-26T14:55:54.364+0000][72][info ][safepoint   ] Safepoint "Cleanup", Time since last: 33871155034 ns, Reaching safepoint: 24819 ns, Cleanup: 14422 ns, At safepoint: 9818 ns, Total: 49059 ns
[2025-05-26T14:56:49.932+0000][72][info ][safepoint   ] Safepoint "Cleanup", Time since last: 55572311068 ns, Reaching safepoint: 15879 ns, Cleanup: 20835 ns, At safepoint: 81525 ns, Total: 118239 ns
[2025-05-26T14:56:51.445+0000][72][info ][safepoint   ] Safepoint "Cleanup", Time since last: 1512983730 ns, Reaching safepoint: 12780 ns, Cleanup: 39409 ns, At safepoint: 76835 ns, Total: 129024 ns
[2025-05-26T14:56:53.451+0000][72][info ][safepoint   ] Safepoint "Cleanup", Time since last: 2005385157 ns, Reaching safepoint: 30676 ns, Cleanup: 15328 ns, At safepoint: 15485 ns, Total: 61489 ns
[2025-05-26T14:58:14.605+0000][72][info ][safepoint   ] Safepoint "Cleanup", Time since last: 81161859170 ns, Reaching safepoint: 29591 ns, Cleanup: 16379 ns, At safepoint: 16404 ns, Total: 62374 ns
[2025-05-26T14:58:47.608+0000][72][info ][safepoint   ] Safepoint "Cleanup", Time since last: 33005845299 ns, Reaching safepoint: 33252 ns, Cleanup: 17790 ns, At safepoint: 17114 ns, Total: 68156 ns
[2025-05-26T14:59:59.568+0000][72][info ][safepoint   ] Safepoint "Cleanup", Time since last: 71967003861 ns, Reaching safepoint: 18691 ns, Cleanup: 23081 ns, At safepoint: 95502 ns, Total: 137274 ns
[2025-05-26T15:00:47.682+0000][72][info ][safepoint   ] Safepoint "Cleanup", Time since last: 48115862905 ns, Reaching safepoint: 82694 ns, Cleanup: 26356 ns, At safepoint: 35397 ns, Total: 144447 ns
[2025-05-26T15:01:18.717+0000][72][info ][safepoint   ] Safepoint "Cleanup", Time since last: 31037354537 ns, Reaching safepoint: 28730 ns, Cleanup: 15155 ns, At safepoint: 15415 ns, Total: 59300 ns
[2025-05-26T15:02:05.002+0000][72][info ][safepoint   ] Safepoint "Cleanup", Time since last: 46289321574 ns, Reaching safepoint: 21727 ns, Cleanup: 11971 ns, At safepoint: 114732 ns, Total: 148430 ns
[2025-05-26T15:02:32.757+0000][72][info ][safepoint   ] Safepoint "Cleanup", Time since last: 27757315777 ns, Reaching safepoint: 76416 ns, Cleanup: 18260 ns, At safepoint: 19225 ns, Total: 113901 ns
[2025-05-26T15:04:17.836+0000][72][info ][safepoint   ] Safepoint "Cleanup", Time since last: 105086860532 ns, Reaching safepoint: 32089 ns, Cleanup: 17864 ns, At safepoint: 15633 ns, Total: 65586 ns
[2025-05-26T15:04:52.933+0000][72][info ][safepoint   ] Safepoint "Cleanup", Time since last: 35099842454 ns, Reaching safepoint: 24686 ns, Cleanup: 13430 ns, At safepoint: 179027 ns, Total: 217143 ns
[2025-05-26T15:04:54.861+0000][72][info ][safepoint   ] Safepoint "Cleanup", Time since last: 1927751416 ns, Reaching safepoint: 30455 ns, Cleanup: 16749 ns, At safepoint: 17048 ns, Total: 64252 ns
[2025-05-26T15:05:21.915+0000][72][info ][safepoint   ] Safepoint "Cleanup", Time since last: 27056599612 ns, Reaching safepoint: 15831 ns, Cleanup: 12031 ns, At safepoint: 7064 ns, Total: 34926 ns
[2025-05-26T15:05:31.915+0000][72][info ][safepoint   ] Safepoint "Cleanup", Time since last: 10001760260 ns, Reaching safepoint: 44322 ns, Cleanup: 15752 ns, At safepoint: 8680 ns, Total: 68754 ns
[2025-05-26T15:05:58.916+0000][72][info ][safepoint   ] Safepoint "Cleanup", Time since last: 27003635029 ns, Reaching safepoint: 124614 ns, Cleanup: 12287 ns, At safepoint: 22518 ns, Total: 159419 ns
[2025-05-26T15:05:59.950+0000][72][info ][safepoint   ] Safepoint "Cleanup", Time since last: 1033157021 ns, Reaching safepoint: 99052 ns, Cleanup: 10846 ns, At safepoint: 9513 ns, Total: 119411 ns
[2025-05-26T15:06:13.081+0000][72][info ][safepoint   ] Safepoint "Cleanup", Time since last: 13130800161 ns, Reaching safepoint: 14522 ns, Cleanup: 9863 ns, At safepoint: 18834 ns, Total: 43219 ns
[2025-05-26T15:06:14.901+0000][72][info ][safepoint   ] Safepoint "Cleanup", Time since last: 1820693110 ns, Reaching safepoint: 54099 ns, Cleanup: 15251 ns, At safepoint: 12143 ns, Total: 81493 ns
[2025-05-26T15:06:17.934+0000][72][info ][safepoint   ] Safepoint "Cleanup", Time since last: 3032520240 ns, Reaching safepoint: 30164 ns, Cleanup: 18086 ns, At safepoint: 11708 ns, Total: 59958 ns
[2025-05-26T15:07:19.925+0000][72][info ][safepoint   ] Safepoint "Cleanup", Time since last: 61996290307 ns, Reaching safepoint: 14294 ns, Cleanup: 12826 ns, At safepoint: 19278 ns, Total: 46398 ns
[2025-05-26T15:07:20.994+0000][72][info ][safepoint   ] Safepoint "Cleanup", Time since last: 1069014402 ns, Reaching safepoint: 30651 ns, Cleanup: 35007 ns, At safepoint: 33998 ns, Total: 99656 ns
[2025-05-26T15:08:07.898+0000][72][info ][safepoint   ] Safepoint "Cleanup", Time since last: 46907718035 ns, Reaching safepoint: 45104 ns, Cleanup: 10938 ns, At safepoint: 39704 ns, Total: 95746 ns
[2025-05-26T15:08:09.050+0000][72][info ][safepoint   ] Safepoint "Cleanup", Time since last: 1151832406 ns, Reaching safepoint: 25992 ns, Cleanup: 45781 ns, At safepoint: 11703 ns, Total: 83476 ns
[2025-05-26T15:08:10.929+0000][72][info ][safepoint   ] Safepoint "Cleanup", Time since last: 1879752196 ns, Reaching safepoint: 8204 ns, Cleanup: 7100 ns, At safepoint: 3327 ns, Total: 18631 ns
[2025-05-26T15:08:12.081+0000][72][info ][safepoint   ] Safepoint "Cleanup", Time since last: 1151960489 ns, Reaching safepoint: 23826 ns, Cleanup: 24377 ns, At safepoint: 10638 ns, Total: 58841 ns
[2025-05-26T15:08:13.137+0000][72][info ][safepoint   ] Safepoint "Cleanup", Time since last: 1055805856 ns, Reaching safepoint: 15458 ns, Cleanup: 11317 ns, At safepoint: 18792 ns, Total: 45567 ns
[2025-05-26T15:08:17.127+0000][72][info ][safepoint   ] Safepoint "Cleanup", Time since last: 3989784442 ns, Reaching safepoint: 19006 ns, Cleanup: 14968 ns, At safepoint: 8957 ns, Total: 42931 ns
[2025-05-26T15:08:23.152+0000][72][info ][safepoint   ] Safepoint "Cleanup", Time since last: 6025265080 ns, Reaching safepoint: 12334 ns, Cleanup: 8788 ns, At safepoint: 18622 ns, Total: 39744 ns
[2025-05-26T15:08:24.153+0000][72][info ][safepoint   ] Safepoint "Cleanup", Time since last: 1000494990 ns, Reaching safepoint: 10807 ns, Cleanup: 8919 ns, At safepoint: 16268 ns, Total: 35994 ns
[2025-05-26T15:08:47.178+0000][72][info ][safepoint   ] Safepoint "Cleanup", Time since last: 23027449925 ns, Reaching safepoint: 26069 ns, Cleanup: 17003 ns, At safepoint: 12609 ns, Total: 55681 ns
[2025-05-26T15:09:19.981+0000][72][info ][safepoint   ] Safepoint "Cleanup", Time since last: 32805541076 ns, Reaching safepoint: 59779 ns, Cleanup: 34174 ns, At safepoint: 15046 ns, Total: 108999 ns
[2025-05-26T15:09:26.171+0000][72][info ][safepoint   ] Safepoint "Cleanup", Time since last: 6189614520 ns, Reaching safepoint: 20122 ns, Cleanup: 21514 ns, At safepoint: 7343 ns, Total: 48979 ns
[2025-05-26T15:10:22.012+0000][72][info ][safepoint   ] Safepoint "Cleanup", Time since last: 55845848181 ns, Reaching safepoint: 41791 ns, Cleanup: 20080 ns, At safepoint: 7454 ns, Total: 69325 ns
[2025-05-26T15:10:28.919+0000][72][info ][safepoint   ] Safepoint "Cleanup", Time since last: 6910285101 ns, Reaching safepoint: 6089 ns, Cleanup: 6367 ns, At safepoint: 12619 ns, Total: 25075 ns
[2025-05-26T15:11:07.165+0000][72][info ][safepoint   ] Safepoint "Cleanup", Time since last: 38246996238 ns, Reaching safepoint: 19866 ns, Cleanup: 11542 ns, At safepoint: 64123 ns, Total: 95531 ns
[2025-05-26T15:11:32.303+0000][72][info ][safepoint   ] Safepoint "Cleanup", Time since last: 25140712665 ns, Reaching safepoint: 6225 ns, Cleanup: 7385 ns, At safepoint: 2913 ns, Total: 16523 ns
[2025-05-26T15:11:33.327+0000][72][info ][safepoint   ] Safepoint "Cleanup", Time since last: 1023852327 ns, Reaching safepoint: 101828 ns, Cleanup: 11379 ns, At safepoint: 46153 ns, Total: 159360 ns
[2025-05-26T15:11:47.333+0000][72][info ][safepoint   ] Safepoint "Cleanup", Time since last: 14006271223 ns, Reaching safepoint: 156083 ns, Cleanup: 18354 ns, At safepoint: 16233 ns, Total: 190670 ns
[2025-05-26T15:13:37.127+0000][72][info ][safepoint   ] Safepoint "Cleanup", Time since last: 109803899042 ns, Reaching safepoint: 68562 ns, Cleanup: 19284 ns, At safepoint: 28779 ns, Total: 116625 ns
[2025-05-26T15:13:45.416+0000][72][info ][safepoint   ] Safepoint "Cleanup", Time since last: 8288006984 ns, Reaching safepoint: 31328 ns, Cleanup: 15483 ns, At safepoint: 63182 ns, Total: 109993 ns
[2025-05-26T15:14:40.917+0000][72][info ][safepoint   ] Safepoint "Cleanup", Time since last: 55506195496 ns, Reaching safepoint: 19021 ns, Cleanup: 10390 ns, At safepoint: 23344 ns, Total: 52755 ns
[2025-05-26T15:14:42.452+0000][72][info ][safepoint   ] Safepoint "Cleanup", Time since last: 1534902490 ns, Reaching safepoint: 69820 ns, Cleanup: 16984 ns, At safepoint: 16339 ns, Total: 103143 ns
[2025-05-26T15:15:44.495+0000][72][info ][safepoint   ] Safepoint "Cleanup", Time since last: 62048072124 ns, Reaching safepoint: 9413 ns, Cleanup: 6489 ns, At safepoint: 13764 ns, Total: 29666 ns
[2025-05-26T15:16:04.906+0000][72][info ][safepoint   ] Safepoint "Cleanup", Time since last: 20412786842 ns, Reaching safepoint: 15406 ns, Cleanup: 12834 ns, At safepoint: 17136 ns, Total: 45376 ns
[2025-05-26T15:16:06.510+0000][72][info ][safepoint   ] Safepoint "Cleanup", Time since last: 1603564862 ns, Reaching safepoint: 27146 ns, Cleanup: 19147 ns, At safepoint: 10851 ns, Total: 57144 ns
[2025-05-26T15:16:46.909+0000][72][info ][safepoint   ] Safepoint "Cleanup", Time since last: 40402025559 ns, Reaching safepoint: 12342 ns, Cleanup: 9420 ns, At safepoint: 4725 ns, Total: 26487 ns
[2025-05-26T15:16:48.581+0000][72][info ][safepoint   ] Safepoint "Cleanup", Time since last: 1672089772 ns, Reaching safepoint: 12682 ns, Cleanup: 11292 ns, At safepoint: 5120 ns, Total: 29094 ns
[2025-05-26T15:17:49.893+0000][72][info ][safepoint   ] Safepoint "Cleanup", Time since last: 61315542641 ns, Reaching safepoint: 13200 ns, Cleanup: 12006 ns, At safepoint: 30967 ns, Total: 56173 ns
[2025-05-26T15:19:22.312+0000][72][info ][safepoint   ] Safepoint "Cleanup", Time since last: 92426768132 ns, Reaching safepoint: 65266 ns, Cleanup: 14535 ns, At safepoint: 12431 ns, Total: 92232 ns
[2025-05-26T15:19:32.312+0000][72][info ][safepoint   ] Safepoint "Cleanup", Time since last: 10001671244 ns, Reaching safepoint: 18941 ns, Cleanup: 13887 ns, At safepoint: 8265 ns, Total: 41093 ns
[2025-05-26T15:19:34.901+0000][72][info ][safepoint   ] Safepoint "Cleanup", Time since last: 2589767419 ns, Reaching safepoint: 10168 ns, Cleanup: 9263 ns, At safepoint: 3577 ns, Total: 23008 ns
[2025-05-26T15:19:36.684+0000][72][info ][safepoint   ] Safepoint "Cleanup", Time since last: 1782687089 ns, Reaching safepoint: 27353 ns, Cleanup: 18607 ns, At safepoint: 12179 ns, Total: 58139 ns
[2025-05-26T15:20:23.340+0000][72][info ][safepoint   ] Safepoint "Cleanup", Time since last: 46657946251 ns, Reaching safepoint: 26562 ns, Cleanup: 15479 ns, At safepoint: 9626 ns, Total: 51667 ns
[2025-05-26T15:20:59.783+0000][72][info ][safepoint   ] Safepoint "Cleanup", Time since last: 36447403500 ns, Reaching safepoint: 100382 ns, Cleanup: 10292 ns, At safepoint: 38410 ns, Total: 149084 ns
[2025-05-26T15:21:17.373+0000][72][info ][safepoint   ] Safepoint "Cleanup", Time since last: 17590399384 ns, Reaching safepoint: 26795 ns, Cleanup: 14883 ns, At safepoint: 15287 ns, Total: 56965 ns
[2025-05-26T15:21:43.603+0000][72][info ][safepoint   ] Safepoint "Cleanup", Time since last: 26232373786 ns, Reaching safepoint: 97000 ns, Cleanup: 20703 ns, At safepoint: 48190 ns, Total: 165893 ns
[2025-05-26T15:23:52.457+0000][72][info ][safepoint   ] Safepoint "Cleanup", Time since last: 128863127506 ns, Reaching safepoint: 18127 ns, Cleanup: 13055 ns, At safepoint: 7711 ns, Total: 38893 ns
[2025-05-26T15:24:10.868+0000][72][info ][gc,start    ] GC(20) Pause Young (Mixed) (G1 Evacuation Pause)
[2025-05-26T15:24:10.869+0000][72][info ][gc,task     ] GC(20) Using 10 workers of 10 for evacuation
[2025-05-26T15:24:10.869+0000][72][debug][gc,age      ] GC(20) Desired survivor size 153092096 bytes, new threshold 15 (max threshold 15)
[2025-05-26T15:24:11.023+0000][72][info ][gc,phases   ] GC(20)   Pre Evacuate Collection Set: 2.84ms
[2025-05-26T15:24:11.023+0000][72][info ][gc,phases   ] GC(20)   Merge Heap Roots: 2.95ms
[2025-05-26T15:24:11.024+0000][72][info ][gc,phases   ] GC(20)   Evacuate Collection Set: 139.22ms
[2025-05-26T15:24:11.024+0000][72][info ][gc,phases   ] GC(20)   Post Evacuate Collection Set: 7.56ms
[2025-05-26T15:24:11.024+0000][72][info ][gc,phases   ] GC(20)   Other: 1.77ms
[2025-05-26T15:24:11.025+0000][72][trace][gc,age      ] GC(20) Age table with threshold 15 (max threshold 15)
[2025-05-26T15:24:11.025+0000][72][trace][gc,age      ] GC(20) - age   1:    1198560 bytes,    1198560 total
[2025-05-26T15:24:11.026+0000][72][trace][gc,age      ] GC(20) - age   2:     441904 bytes,    1640464 total
[2025-05-26T15:24:11.026+0000][72][trace][gc,age      ] GC(20) - age   3:      54768 bytes,    1695232 total
[2025-05-26T15:24:11.026+0000][72][trace][gc,age      ] GC(20) - age   4:     453840 bytes,    2149072 total
[2025-05-26T15:24:11.027+0000][72][trace][gc,age      ] GC(20) - age   5:     135464 bytes,    2284536 total
[2025-05-26T15:24:11.027+0000][72][trace][gc,age      ] GC(20) - age   6:     460688 bytes,    2745224 total
[2025-05-26T15:24:11.028+0000][72][trace][gc,age      ] GC(20) - age   7:     309096 bytes,    3054320 total
[2025-05-26T15:24:11.028+0000][72][trace][gc,age      ] GC(20) - age   8:   40138960 bytes,   43193280 total
[2025-05-26T15:24:11.028+0000][72][info ][gc,heap     ] GC(20) Eden regions: 568->0(570)
[2025-05-26T15:24:11.029+0000][72][info ][gc,heap     ] GC(20) Survivor regions: 14->12(73)
[2025-05-26T15:24:11.029+0000][72][info ][gc,heap     ] GC(20) Old regions: 15->15
[2025-05-26T15:24:11.029+0000][72][info ][gc,heap     ] GC(20) Humongous regions: 0->0
[2025-05-26T15:24:11.030+0000][72][info ][gc,metaspace] GC(20) Metaspace: 145230K(148864K)->145230K(148864K) NonClass: 125705K(127552K)->125705K(127552K) Class: 19525K(21312K)->19525K(21312K)
[2025-05-26T15:24:11.030+0000][72][info ][gc          ] GC(20) Pause Young (Mixed) (G1 Evacuation Pause) 2386M->104M(3880M) 162.958ms
[2025-05-26T15:24:11.031+0000][72][info ][gc,cpu      ] GC(20) User=1.05s Sys=0.12s Real=0.16s
[2025-05-26T15:24:11.031+0000][72][info ][safepoint   ] Safepoint "G1CollectForAllocation", Time since last: 18412558500 ns, Reaching safepoint: 42559 ns, Cleanup: 4703 ns, At safepoint: 164301787 ns, Total: 164349049 ns
[2025-05-26T15:24:22.494+0000][72][info ][safepoint   ] Safepoint "Cleanup", Time since last: 11462483641 ns, Reaching safepoint: 31222 ns, Cleanup: 19139 ns, At safepoint: 16329 ns, Total: 66690 ns
[2025-05-26T15:25:10.903+0000][72][info ][safepoint   ] Safepoint "Cleanup", Time since last: 48413530029 ns, Reaching safepoint: 329344 ns, Cleanup: 13846 ns, At safepoint: 154923 ns, Total: 498113 ns
[2025-05-26T15:26:14.570+0000][72][info ][safepoint   ] Safepoint "Cleanup", Time since last: 63671993535 ns, Reaching safepoint: 60751 ns, Cleanup: 15337 ns, At safepoint: 13992 ns, Total: 90080 ns
[2025-05-26T15:26:21.572+0000][72][info ][safepoint   ] Safepoint "Cleanup", Time since last: 7002011223 ns, Reaching safepoint: 30377 ns, Cleanup: 17946 ns, At safepoint: 16053 ns, Total: 64376 ns
[2025-05-26T15:27:17.224+0000][72][info ][safepoint   ] Safepoint "Cleanup", Time since last: 55656617942 ns, Reaching safepoint: 26505 ns, Cleanup: 14256 ns, At safepoint: 65334 ns, Total: 106095 ns
[2025-05-26T15:27:18.255+0000][72][info ][safepoint   ] Safepoint "Cleanup", Time since last: 1030297883 ns, Reaching safepoint: 7022 ns, Cleanup: 51536 ns, At safepoint: 13604 ns, Total: 72162 ns
[2025-05-26T15:27:22.261+0000][72][info ][safepoint   ] Safepoint "Cleanup", Time since last: 4005661168 ns, Reaching safepoint: 28360 ns, Cleanup: 16146 ns, At safepoint: 15864 ns, Total: 60370 ns
[2025-05-26T15:28:47.309+0000][72][info ][safepoint   ] Safepoint "Cleanup", Time since last: 85055461254 ns, Reaching safepoint: 41461 ns, Cleanup: 13351 ns, At safepoint: 8553 ns, Total: 63365 ns
[2025-05-26T15:29:22.897+0000][72][info ][safepoint   ] Safepoint "Cleanup", Time since last: 35590589804 ns, Reaching safepoint: 173573 ns, Cleanup: 11250 ns, At safepoint: 127303 ns, Total: 312126 ns
[2025-05-26T15:30:02.369+0000][72][info ][safepoint   ] Safepoint "Cleanup", Time since last: 39476615491 ns, Reaching safepoint: 67894 ns, Cleanup: 21251 ns, At safepoint: 15827 ns, Total: 104972 ns
[2025-05-26T15:31:21.488+0000][72][info ][safepoint   ] Safepoint "Cleanup", Time since last: 79123559356 ns, Reaching safepoint: 70287 ns, Cleanup: 18655 ns, At safepoint: 15933 ns, Total: 104875 ns
[2025-05-26T15:31:29.521+0000][72][info ][safepoint   ] Safepoint "Cleanup", Time since last: 8035222649 ns, Reaching safepoint: 94036 ns, Cleanup: 6890 ns, At safepoint: 29442 ns, Total: 130368 ns
[2025-05-26T15:31:30.530+0000][72][info ][safepoint   ] Safepoint "Cleanup", Time since last: 1008803399 ns, Reaching safepoint: 5806 ns, Cleanup: 26800 ns, At safepoint: 12819 ns, Total: 45425 ns
[2025-05-26T15:32:32.555+0000][72][info ][safepoint   ] Safepoint "Cleanup", Time since last: 62030668995 ns, Reaching safepoint: 28236 ns, Cleanup: 16014 ns, At safepoint: 73728 ns, Total: 117978 ns
[2025-05-26T15:32:55.566+0000][72][info ][safepoint   ] Safepoint "Cleanup", Time since last: 23010397202 ns, Reaching safepoint: 45567 ns, Cleanup: 13199 ns, At safepoint: 9590 ns, Total: 68356 ns
[2025-05-26T15:33:34.879+0000][72][info ][safepoint   ] Safepoint "Cleanup", Time since last: 39317273306 ns, Reaching safepoint: 7679 ns, Cleanup: 9209 ns, At safepoint: 26635 ns, Total: 43523 ns
[2025-05-26T15:36:16.902+0000][72][info ][safepoint   ] Safepoint "Cleanup", Time since last: 162035120289 ns, Reaching safepoint: 113413 ns, Cleanup: 14429 ns, At safepoint: 53313 ns, Total: 181155 ns
[2025-05-26T15:36:18.756+0000][72][info ][safepoint   ] Safepoint "Cleanup", Time since last: 1854428579 ns, Reaching safepoint: 21573 ns, Cleanup: 18570 ns, At safepoint: 10391 ns, Total: 50534 ns
[2025-05-26T15:36:43.869+0000][72][info ][safepoint   ] Safepoint "Cleanup", Time since last: 25114928802 ns, Reaching safepoint: 7498 ns, Cleanup: 9025 ns, At safepoint: 14523 ns, Total: 31046 ns
[2025-05-26T15:36:47.807+0000][72][info ][safepoint   ] Safepoint "Cleanup", Time since last: 3937203668 ns, Reaching safepoint: 27239 ns, Cleanup: 18720 ns, At safepoint: 12649 ns, Total: 58608 ns
[2025-05-26T15:37:17.941+0000][72][info ][safepoint   ] Safepoint "Cleanup", Time since last: 30137054491 ns, Reaching safepoint: 26845 ns, Cleanup: 21076 ns, At safepoint: 12931 ns, Total: 60852 ns
[2025-05-26T15:37:24.943+0000][72][info ][safepoint   ] Safepoint "Cleanup", Time since last: 7001348138 ns, Reaching safepoint: 27210 ns, Cleanup: 18288 ns, At safepoint: 14479 ns, Total: 59977 ns
[2025-05-26T15:37:47.836+0000][72][info ][safepoint   ] Safepoint "Cleanup", Time since last: 22895913312 ns, Reaching safepoint: 12902 ns, Cleanup: 15418 ns, At safepoint: 5065 ns, Total: 33385 ns
[2025-05-26T15:38:21.969+0000][72][info ][safepoint   ] Safepoint "Cleanup", Time since last: 34135637995 ns, Reaching safepoint: 28168 ns, Cleanup: 20029 ns, At safepoint: 12022 ns, Total: 60219 ns
[2025-05-26T15:38:23.893+0000][72][info ][safepoint   ] Safepoint "Cleanup", Time since last: 1923962977 ns, Reaching safepoint: 14867 ns, Cleanup: 13446 ns, At safepoint: 10255 ns, Total: 38568 ns
[2025-05-26T15:38:47.259+0000][72][info ][safepoint   ] Safepoint "Cleanup", Time since last: 23366843189 ns, Reaching safepoint: 26228 ns, Cleanup: 16542 ns, At safepoint: 10757 ns, Total: 53527 ns
[2025-05-26T15:38:49.869+0000][72][info ][safepoint   ] Safepoint "Cleanup", Time since last: 2610305000 ns, Reaching safepoint: 7604 ns, Cleanup: 9577 ns, At safepoint: 15821 ns, Total: 33002 ns
[2025-05-26T15:38:50.891+0000][72][info ][safepoint   ] Safepoint "Cleanup", Time since last: 1021797755 ns, Reaching safepoint: 26298 ns, Cleanup: 18224 ns, At safepoint: 12627 ns, Total: 57149 ns
[2025-05-26T15:39:21.998+0000][72][info ][safepoint   ] Safepoint "Cleanup", Time since last: 31109235477 ns, Reaching safepoint: 51444 ns, Cleanup: 16533 ns, At safepoint: 11149 ns, Total: 79126 ns
[2025-05-26T15:39:52.879+0000][72][info ][safepoint   ] Safepoint "Cleanup", Time since last: 30883685269 ns, Reaching safepoint: 6282 ns, Cleanup: 10682 ns, At safepoint: 11999 ns, Total: 28963 ns
[2025-05-26T15:40:28.024+0000][72][info ][safepoint   ] Safepoint "Cleanup", Time since last: 35150342304 ns, Reaching safepoint: 60149 ns, Cleanup: 16996 ns, At safepoint: 11820 ns, Total: 88965 ns
[2025-05-26T15:40:48.027+0000][72][info ][safepoint   ] Safepoint "Cleanup", Time since last: 20002958330 ns, Reaching safepoint: 63392 ns, Cleanup: 17530 ns, At safepoint: 15142 ns, Total: 96064 ns
[2025-05-26T15:41:21.096+0000][72][info ][safepoint   ] Safepoint "Cleanup", Time since last: 33070248097 ns, Reaching safepoint: 57061 ns, Cleanup: 18127 ns, At safepoint: 11369 ns, Total: 86557 ns
[2025-05-26T15:41:37.124+0000][72][info ][safepoint   ] Safepoint "Cleanup", Time since last: 16030923840 ns, Reaching safepoint: 58162 ns, Cleanup: 19314 ns, At safepoint: 14964 ns, Total: 92440 ns
[2025-05-26T15:41:42.337+0000][72][info ][safepoint   ] Safepoint "Cleanup", Time since last: 5212354302 ns, Reaching safepoint: 6277 ns, Cleanup: 12509 ns, At safepoint: 13030 ns, Total: 31816 ns
[2025-05-26T15:41:58.874+0000][72][info ][safepoint   ] Safepoint "Cleanup", Time since last: 16539498649 ns, Reaching safepoint: 22123 ns, Cleanup: 20862 ns, At safepoint: 192930 ns, Total: 235915 ns
[2025-05-26T15:42:00.162+0000][72][info ][safepoint   ] Safepoint "Cleanup", Time since last: 1288041997 ns, Reaching safepoint: 15487 ns, Cleanup: 18910 ns, At safepoint: 20143 ns, Total: 54540 ns
[2025-05-26T15:43:02.184+0000][72][info ][safepoint   ] Safepoint "Cleanup", Time since last: 62026866539 ns, Reaching safepoint: 18853 ns, Cleanup: 22483 ns, At safepoint: 136882 ns, Total: 178218 ns
[2025-05-26T15:43:47.111+0000][72][info ][safepoint   ] Safepoint "Cleanup", Time since last: 44928272913 ns, Reaching safepoint: 24843 ns, Cleanup: 19834 ns, At safepoint: 44149 ns, Total: 88826 ns
[2025-05-26T15:44:23.138+0000][72][info ][safepoint   ] Safepoint "Cleanup", Time since last: 36029880109 ns, Reaching safepoint: 54227 ns, Cleanup: 16923 ns, At safepoint: 11953 ns, Total: 83103 ns
[2025-05-26T15:45:08.286+0000][72][info ][safepoint   ] Safepoint "Cleanup", Time since last: 45151878514 ns, Reaching safepoint: 15410 ns, Cleanup: 13084 ns, At safepoint: 66624 ns, Total: 95118 ns
[2025-05-26T15:46:02.171+0000][72][info ][safepoint   ] Safepoint "Cleanup", Time since last: 53890168451 ns, Reaching safepoint: 77813 ns, Cleanup: 19858 ns, At safepoint: 19600 ns, Total: 117271 ns
[2025-05-26T15:46:11.348+0000][72][info ][safepoint   ] Safepoint "Cleanup", Time since last: 9177478058 ns, Reaching safepoint: 6154 ns, Cleanup: 7525 ns, At safepoint: 12570 ns, Total: 26249 ns
[2025-05-26T15:46:12.371+0000][72][info ][safepoint   ] Safepoint "Cleanup", Time since last: 1022436640 ns, Reaching safepoint: 30954 ns, Cleanup: 21356 ns, At safepoint: 18944 ns, Total: 71254 ns
[2025-05-26T15:47:14.447+0000][72][info ][safepoint   ] Safepoint "Cleanup", Time since last: 62080547364 ns, Reaching safepoint: 12773 ns, Cleanup: 21159 ns, At safepoint: 75843 ns, Total: 109775 ns
[2025-05-26T15:47:15.476+0000][72][info ][safepoint   ] Safepoint "Cleanup", Time since last: 1029338603 ns, Reaching safepoint: 6342 ns, Cleanup: 21155 ns, At safepoint: 13886 ns, Total: 41383 ns
[2025-05-26T15:48:47.530+0000][72][info ][safepoint   ] Safepoint "Cleanup", Time since last: 92061001271 ns, Reaching safepoint: 26450 ns, Cleanup: 15265 ns, At safepoint: 15076 ns, Total: 56791 ns
[2025-05-26T15:49:20.561+0000][72][info ][safepoint   ] Safepoint "Cleanup", Time since last: 33035208645 ns, Reaching safepoint: 13079 ns, Cleanup: 19308 ns, At safepoint: 77418 ns, Total: 109805 ns
[2025-05-26T15:50:42.647+0000][72][info ][safepoint   ] Safepoint "Cleanup", Time since last: 82096095976 ns, Reaching safepoint: 30324 ns, Cleanup: 16097 ns, At safepoint: 15858 ns, Total: 62279 ns
[2025-05-26T15:50:47.649+0000][72][info ][safepoint   ] Safepoint "Cleanup", Time since last: 5001669412 ns, Reaching safepoint: 69343 ns, Cleanup: 18527 ns, At safepoint: 94215 ns, Total: 182085 ns
[2025-05-26T15:51:21.400+0000][72][info ][safepoint   ] Safepoint "Cleanup", Time since last: 33754223479 ns, Reaching safepoint: 54976 ns, Cleanup: 18657 ns, At safepoint: 8763 ns, Total: 82396 ns
[2025-05-26T15:51:25.839+0000][72][info ][safepoint   ] Safepoint "Cleanup", Time since last: 4438249147 ns, Reaching safepoint: 17191 ns, Cleanup: 20653 ns, At safepoint: 86057 ns, Total: 123901 ns
[2025-05-26T15:51:27.691+0000][72][info ][safepoint   ] Safepoint "Cleanup", Time since last: 1854892859 ns, Reaching safepoint: 32184 ns, Cleanup: 28345 ns, At safepoint: 17668 ns, Total: 78197 ns
[2025-05-26T15:51:47.769+0000][72][info ][safepoint   ] Safepoint "Cleanup", Time since last: 20077342140 ns, Reaching safepoint: 33659 ns, Cleanup: 23948 ns, At safepoint: 18580 ns, Total: 76187 ns
[2025-05-26T15:52:21.435+0000][72][info ][safepoint   ] Safepoint "Cleanup", Time since last: 33670514395 ns, Reaching safepoint: 51893 ns, Cleanup: 16391 ns, At safepoint: 11219 ns, Total: 79503 ns
[2025-05-26T15:52:29.779+0000][72][info ][safepoint   ] Safepoint "Cleanup", Time since last: 8345626872 ns, Reaching safepoint: 25075 ns, Cleanup: 12729 ns, At safepoint: 119926 ns, Total: 157730 ns
[2025-05-26T15:54:21.498+0000][72][info ][safepoint   ] Safepoint "Cleanup", Time since last: 111728247137 ns, Reaching safepoint: 118596 ns, Cleanup: 19961 ns, At safepoint: 26317 ns, Total: 164874 ns
[2025-05-26T15:54:22.499+0000][72][info ][safepoint   ] Safepoint "Cleanup", Time since last: 1000846677 ns, Reaching safepoint: 29772 ns, Cleanup: 16678 ns, At safepoint: 58610 ns, Total: 105060 ns
[2025-05-26T15:54:47.852+0000][72][info ][safepoint   ] Safepoint "Cleanup", Time since last: 25356330033 ns, Reaching safepoint: 28930 ns, Cleanup: 15899 ns, At safepoint: 15815 ns, Total: 60644 ns
[2025-05-26T15:55:37.832+0000][72][info ][safepoint   ] Safepoint "Cleanup", Time since last: 49985239769 ns, Reaching safepoint: 6879 ns, Cleanup: 8327 ns, At safepoint: 14763 ns, Total: 29969 ns
[2025-05-26T15:56:28.821+0000][72][info ][safepoint   ] Safepoint "Cleanup", Time since last: 50994857480 ns, Reaching safepoint: 116149 ns, Cleanup: 14847 ns, At safepoint: 71199 ns, Total: 202195 ns
[2025-05-26T15:57:21.610+0000][72][info ][safepoint   ] Safepoint "Cleanup", Time since last: 52792565275 ns, Reaching safepoint: 25504 ns, Cleanup: 16500 ns, At safepoint: 11976 ns, Total: 53980 ns
[2025-05-26T15:57:42.613+0000][72][info ][safepoint   ] Safepoint "Cleanup", Time since last: 21005699716 ns, Reaching safepoint: 77318 ns, Cleanup: 19092 ns, At safepoint: 20774 ns, Total: 117184 ns
[2025-05-26T15:57:43.843+0000][72][info ][safepoint   ] Safepoint "Cleanup", Time since last: 1230698666 ns, Reaching safepoint: 25021 ns, Cleanup: 11794 ns, At safepoint: 64930 ns, Total: 101745 ns
[2025-05-26T15:57:44.957+0000][72][info ][safepoint   ] Safepoint "Cleanup", Time since last: 1113090264 ns, Reaching safepoint: 24422 ns, Cleanup: 16165 ns, At safepoint: 10239 ns, Total: 50826 ns
[2025-05-26T15:58:47.001+0000][72][info ][safepoint   ] Safepoint "Cleanup", Time since last: 62049483624 ns, Reaching safepoint: 26190 ns, Cleanup: 14200 ns, At safepoint: 65575 ns, Total: 105965 ns
[2025-05-26T15:58:48.033+0000][72][info ][safepoint   ] Safepoint "Cleanup", Time since last: 1032164858 ns, Reaching safepoint: 24892 ns, Cleanup: 12993 ns, At safepoint: 123655 ns, Total: 161540 ns
[2025-05-26T15:59:21.689+0000][72][info ][safepoint   ] Safepoint "Cleanup", Time since last: 33658298508 ns, Reaching safepoint: 31600 ns, Cleanup: 16683 ns, At safepoint: 17211 ns, Total: 65494 ns
[2025-05-26T15:59:34.690+0000][72][info ][safepoint   ] Safepoint "Cleanup", Time since last: 13003248409 ns, Reaching safepoint: 63934 ns, Cleanup: 16399 ns, At safepoint: 28579 ns, Total: 108912 ns
[2025-05-26T15:59:49.836+0000][72][info ][safepoint   ] Safepoint "Cleanup", Time since last: 15146757612 ns, Reaching safepoint: 5257 ns, Cleanup: 7107 ns, At safepoint: 2610 ns, Total: 14974 ns
[2025-05-26T15:59:51.106+0000][72][info ][safepoint   ] Safepoint "Cleanup", Time since last: 1269591460 ns, Reaching safepoint: 15603 ns, Cleanup: 23972 ns, At safepoint: 7310 ns, Total: 46885 ns
[2025-05-26T15:59:54.107+0000][72][info ][safepoint   ] Safepoint "Cleanup", Time since last: 3001095290 ns, Reaching safepoint: 28543 ns, Cleanup: 16592 ns, At safepoint: 15456 ns, Total: 60591 ns
[2025-05-26T16:00:24.726+0000][72][info ][safepoint   ] Safepoint "Cleanup", Time since last: 30622570570 ns, Reaching safepoint: 30087 ns, Cleanup: 17215 ns, At safepoint: 16432 ns, Total: 63734 ns
[2025-05-26T16:01:36.215+0000][72][info ][safepoint   ] Safepoint "Cleanup", Time since last: 71496729025 ns, Reaching safepoint: 60557 ns, Cleanup: 17417 ns, At safepoint: 10960 ns, Total: 88934 ns
[2025-05-26T16:01:56.223+0000][72][info ][safepoint   ] Safepoint "Cleanup", Time since last: 20007964505 ns, Reaching safepoint: 14716 ns, Cleanup: 11038 ns, At safepoint: 17126 ns, Total: 42880 ns
[2025-05-26T16:02:05.242+0000][72][info ][safepoint   ] Safepoint "Cleanup", Time since last: 9022340850 ns, Reaching safepoint: 64130 ns, Cleanup: 17417 ns, At safepoint: 14930 ns, Total: 96477 ns
[2025-05-26T16:03:17.818+0000][72][info ][safepoint   ] Safepoint "Cleanup", Time since last: 72580692061 ns, Reaching safepoint: 37515 ns, Cleanup: 24018 ns, At safepoint: 19279 ns, Total: 80812 ns
[2025-05-26T16:03:21.819+0000][72][info ][safepoint   ] Safepoint "Cleanup", Time since last: 4001167140 ns, Reaching safepoint: 59946 ns, Cleanup: 18038 ns, At safepoint: 11256 ns, Total: 89240 ns
[2025-05-26T16:04:21.843+0000][72][info ][safepoint   ] Safepoint "Cleanup", Time since last: 60029435828 ns, Reaching safepoint: 43310 ns, Cleanup: 14268 ns, At safepoint: 9096 ns, Total: 66674 ns
[2025-05-26T16:04:54.845+0000][72][info ][safepoint   ] Safepoint "Cleanup", Time since last: 33004371424 ns, Reaching safepoint: 58340 ns, Cleanup: 18021 ns, At safepoint: 10765 ns, Total: 87126 ns
[2025-05-26T16:05:04.817+0000][72][info ][safepoint   ] Safepoint "Cleanup", Time since last: 9974971073 ns, Reaching safepoint: 14109 ns, Cleanup: 10020 ns, At safepoint: 4517 ns, Total: 28646 ns
[2025-05-26T16:05:06.348+0000][72][info ][safepoint   ] Safepoint "Cleanup", Time since last: 1531247200 ns, Reaching safepoint: 26255 ns, Cleanup: 17230 ns, At safepoint: 11487 ns, Total: 54972 ns
[2025-05-26T16:05:21.867+0000][72][info ][safepoint   ] Safepoint "Cleanup", Time since last: 15518791697 ns, Reaching safepoint: 19346 ns, Cleanup: 16628 ns, At safepoint: 9372 ns, Total: 45346 ns
[2025-05-26T16:06:08.399+0000][72][info ][safepoint   ] Safepoint "Cleanup", Time since last: 46537957837 ns, Reaching safepoint: 16426 ns, Cleanup: 22942 ns, At safepoint: 93134 ns, Total: 132502 ns
[2025-05-26T16:06:21.892+0000][72][info ][safepoint   ] Safepoint "Cleanup", Time since last: 13492184556 ns, Reaching safepoint: 26338 ns, Cleanup: 17994 ns, At safepoint: 11428 ns, Total: 55760 ns
[2025-05-26T16:06:37.409+0000][72][info ][safepoint   ] Safepoint "Cleanup", Time since last: 15520258199 ns, Reaching safepoint: 66537 ns, Cleanup: 18001 ns, At safepoint: 12077 ns, Total: 96615 ns
[2025-05-26T16:07:11.487+0000][72][info ][safepoint   ] Safepoint "Cleanup", Time since last: 34080411293 ns, Reaching safepoint: 13103 ns, Cleanup: 9832 ns, At safepoint: 4577 ns, Total: 27512 ns
[2025-05-26T16:08:01.916+0000][72][info ][safepoint   ] Safepoint "Cleanup", Time since last: 50434684902 ns, Reaching safepoint: 59258 ns, Cleanup: 19512 ns, At safepoint: 13273 ns, Total: 92043 ns
[2025-05-26T16:08:10.815+0000][72][info ][safepoint   ] Safepoint "Cleanup", Time since last: 8899002959 ns, Reaching safepoint: 7079 ns, Cleanup: 18629 ns, At safepoint: 15282 ns, Total: 40990 ns
[2025-05-26T16:08:12.019+0000][72][info ][safepoint   ] Safepoint "Cleanup", Time since last: 1203069897 ns, Reaching safepoint: 13896 ns, Cleanup: 21896 ns, At safepoint: 22217 ns, Total: 58009 ns
[2025-05-26T16:08:14.506+0000][72][info ][safepoint   ] Safepoint "Cleanup", Time since last: 2487099470 ns, Reaching safepoint: 15392 ns, Cleanup: 13230 ns, At safepoint: 5024 ns, Total: 33646 ns
[2025-05-26T16:08:15.531+0000][72][info ][safepoint   ] Safepoint "Cleanup", Time since last: 1025750693 ns, Reaching safepoint: 27809 ns, Cleanup: 20713 ns, At safepoint: 12329 ns, Total: 60851 ns
[2025-05-26T16:08:16.945+0000][72][info ][safepoint   ] Safepoint "Cleanup", Time since last: 1413213730 ns, Reaching safepoint: 27448 ns, Cleanup: 17184 ns, At safepoint: 11689 ns, Total: 56321 ns
[2025-05-26T16:08:18.245+0000][72][info ][safepoint   ] Safepoint "Cleanup", Time since last: 1299721202 ns, Reaching safepoint: 26866 ns, Cleanup: 18734 ns, At safepoint: 11740 ns, Total: 57340 ns
[2025-05-26T16:08:22.246+0000][72][info ][safepoint   ] Safepoint "Cleanup", Time since last: 4001042201 ns, Reaching safepoint: 26419 ns, Cleanup: 16869 ns, At safepoint: 11424 ns, Total: 54712 ns
[2025-05-26T16:08:37.246+0000][72][info ][safepoint   ] Safepoint "Cleanup", Time since last: 15002710285 ns, Reaching safepoint: 27629 ns, Cleanup: 21255 ns, At safepoint: 10999 ns, Total: 59883 ns
[2025-05-26T16:08:47.290+0000][72][info ][safepoint   ] Safepoint "Cleanup", Time since last: 10043709024 ns, Reaching safepoint: 24883 ns, Cleanup: 19478 ns, At safepoint: 11823 ns, Total: 56184 ns
[2025-05-26T16:08:57.289+0000][72][info ][safepoint   ] Safepoint "Cleanup", Time since last: 10001975706 ns, Reaching safepoint: 57767 ns, Cleanup: 17018 ns, At safepoint: 14635 ns, Total: 89420 ns
[2025-05-26T16:09:16.817+0000][72][info ][safepoint   ] Safepoint "Cleanup", Time since last: 19525897174 ns, Reaching safepoint: 2147474 ns, Cleanup: 23522 ns, At safepoint: 95930 ns, Total: 2266926 ns
[2025-05-26T16:09:18.602+0000][72][info ][safepoint   ] Safepoint "Cleanup", Time since last: 1785402750 ns, Reaching safepoint: 198752 ns, Cleanup: 20279 ns, At safepoint: 51367 ns, Total: 270398 ns
[2025-05-26T16:10:20.633+0000][72][info ][safepoint   ] Safepoint "Cleanup", Time since last: 62035899959 ns, Reaching safepoint: 17885 ns, Cleanup: 14979 ns, At safepoint: 12739 ns, Total: 45603 ns
[2025-05-26T16:11:22.042+0000][72][info ][safepoint   ] Safepoint "Cleanup", Time since last: 61413324718 ns, Reaching safepoint: 34312 ns, Cleanup: 21396 ns, At safepoint: 19753 ns, Total: 75461 ns
[2025-05-26T16:11:37.800+0000][72][info ][safepoint   ] Safepoint "Cleanup", Time since last: 15761179653 ns, Reaching safepoint: 31111 ns, Cleanup: 9007 ns, At safepoint: 21544 ns, Total: 61662 ns
[2025-05-26T16:12:07.030+0000][72][info ][safepoint   ] Safepoint "Cleanup", Time since last: 29232780045 ns, Reaching safepoint: 25003 ns, Cleanup: 14595 ns, At safepoint: 77066 ns, Total: 116664 ns
[2025-05-26T16:13:56.874+0000][72][info ][safepoint   ] Safepoint "Cleanup", Time since last: 109851817032 ns, Reaching safepoint: 74378 ns, Cleanup: 20770 ns, At safepoint: 17822 ns, Total: 112970 ns
[2025-05-26T16:16:44.048+0000][72][info ][safepoint   ] Safepoint "Cleanup", Time since last: 167189855913 ns, Reaching safepoint: 71941 ns, Cleanup: 16430 ns, At safepoint: 15983 ns, Total: 104354 ns
[2025-05-26T16:16:52.772+0000][72][info ][gc,start    ] GC(21) Pause Young (Normal) (G1 Evacuation Pause)
[2025-05-26T16:16:52.773+0000][72][info ][gc,task     ] GC(21) Using 10 workers of 10 for evacuation
[2025-05-26T16:16:52.773+0000][72][debug][gc,age      ] GC(21) Desired survivor size 153092096 bytes, new threshold 15 (max threshold 15)
[2025-05-26T16:16:52.850+0000][72][info ][gc,phases   ] GC(21)   Pre Evacuate Collection Set: 2.97ms
[2025-05-26T16:16:52.850+0000][72][info ][gc,phases   ] GC(21)   Merge Heap Roots: 2.68ms
[2025-05-26T16:16:52.851+0000][72][info ][gc,phases   ] GC(21)   Evacuate Collection Set: 61.27ms
[2025-05-26T16:16:52.851+0000][72][info ][gc,phases   ] GC(21)   Post Evacuate Collection Set: 8.34ms
[2025-05-26T16:16:52.852+0000][72][info ][gc,phases   ] GC(21)   Other: 1.84ms
[2025-05-26T16:16:52.852+0000][72][trace][gc,age      ] GC(21) Age table with threshold 15 (max threshold 15)
[2025-05-26T16:16:52.853+0000][72][trace][gc,age      ] GC(21) - age   1:    1829464 bytes,    1829464 total
[2025-05-26T16:16:52.854+0000][72][trace][gc,age      ] GC(21) - age   2:     337312 bytes,    2166776 total
[2025-05-26T16:16:52.854+0000][72][trace][gc,age      ] GC(21) - age   3:     372032 bytes,    2538808 total
[2025-05-26T16:16:52.855+0000][72][trace][gc,age      ] GC(21) - age   4:      54504 bytes,    2593312 total
[2025-05-26T16:16:52.855+0000][72][trace][gc,age      ] GC(21) - age   5:     452616 bytes,    3045928 total
[2025-05-26T16:16:52.856+0000][72][trace][gc,age      ] GC(21) - age   6:     135464 bytes,    3181392 total
[2025-05-26T16:16:52.856+0000][72][trace][gc,age      ] GC(21) - age   7:     460160 bytes,    3641552 total
[2025-05-26T16:16:52.857+0000][72][trace][gc,age      ] GC(21) - age   8:     309056 bytes,    3950608 total
[2025-05-26T16:16:52.857+0000][72][trace][gc,age      ] GC(21) - age   9:   40136696 bytes,   44087304 total
[2025-05-26T16:16:52.858+0000][72][info ][gc,heap     ] GC(21) Eden regions: 570->0(570)
[2025-05-26T16:16:52.858+0000][72][info ][gc,heap     ] GC(21) Survivor regions: 12->12(73)
[2025-05-26T16:16:52.858+0000][72][info ][gc,heap     ] GC(21) Old regions: 15->15
[2025-05-26T16:16:52.859+0000][72][info ][gc,heap     ] GC(21) Humongous regions: 0->0
[2025-05-26T16:16:52.860+0000][72][info ][gc,metaspace] GC(21) Metaspace: 145435K(149120K)->145435K(149120K) NonClass: 125909K(127808K)->125909K(127808K) Class: 19525K(21312K)->19525K(21312K)
[2025-05-26T16:16:52.860+0000][72][info ][gc          ] GC(21) Pause Young (Normal) (G1 Evacuation Pause) 2384M->105M(3880M) 88.504ms
[2025-05-26T16:16:52.861+0000][72][info ][gc,cpu      ] GC(21) User=0.66s Sys=0.00s Real=0.09s
[2025-05-26T16:16:52.861+0000][72][info ][safepoint   ] Safepoint "G1CollectForAllocation", Time since last: 8722645530 ns, Reaching safepoint: 27613 ns, Cleanup: 6343 ns, At safepoint: 90791198 ns, Total: 90825154 ns
[2025-05-26T16:17:12.554+0000][72][info ][safepoint   ] Safepoint "Cleanup", Time since last: 19695257494 ns, Reaching safepoint: 159240 ns, Cleanup: 21663 ns, At safepoint: 81202 ns, Total: 262105 ns
[2025-05-26T16:17:41.067+0000][72][info ][safepoint   ] Safepoint "Cleanup", Time since last: 28515523804 ns, Reaching safepoint: 14759 ns, Cleanup: 18932 ns, At safepoint: 81884 ns, Total: 115575 ns
[2025-05-26T16:18:43.781+0000][72][info ][safepoint   ] Safepoint "Cleanup", Time since last: 62718534547 ns, Reaching safepoint: 397665 ns, Cleanup: 15056 ns, At safepoint: 139403 ns, Total: 552124 ns
[2025-05-26T16:19:37.790+0000][72][info ][safepoint   ] Safepoint "Cleanup", Time since last: 54013814614 ns, Reaching safepoint: 664991 ns, Cleanup: 15531 ns, At safepoint: 135638 ns, Total: 816160 ns
[2025-05-26T16:19:39.168+0000][72][info ][safepoint   ] Safepoint "Cleanup", Time since last: 1378240006 ns, Reaching safepoint: 30453 ns, Cleanup: 27780 ns, At safepoint: 16880 ns, Total: 75113 ns
[2025-05-26T16:19:46.806+0000][72][info ][safepoint   ] Safepoint "Cleanup", Time since last: 7637957338 ns, Reaching safepoint: 17305 ns, Cleanup: 22887 ns, At safepoint: 90783 ns, Total: 130975 ns
[2025-05-26T16:20:49.811+0000][72][info ][safepoint   ] Safepoint "Cleanup", Time since last: 63007235730 ns, Reaching safepoint: 2215105 ns, Cleanup: 20607 ns, At safepoint: 104488 ns, Total: 2340200 ns
[2025-05-26T16:21:43.788+0000][72][info ][safepoint   ] Safepoint "Cleanup", Time since last: 53982214723 ns, Reaching safepoint: 6521 ns, Cleanup: 7887 ns, At safepoint: 14279 ns, Total: 28687 ns
[2025-05-26T16:21:45.296+0000][72][info ][safepoint   ] Safepoint "Cleanup", Time since last: 1507763855 ns, Reaching safepoint: 95716 ns, Cleanup: 16008 ns, At safepoint: 9556 ns, Total: 121280 ns
[2025-05-26T16:22:32.468+0000][72][info ][safepoint   ] Safepoint "Cleanup", Time since last: 47176729067 ns, Reaching safepoint: 127682 ns, Cleanup: 18290 ns, At safepoint: 39228 ns, Total: 185200 ns
[2025-05-26T16:22:55.786+0000][72][info ][safepoint   ] Safepoint "Cleanup", Time since last: 23318219263 ns, Reaching safepoint: 8180 ns, Cleanup: 8988 ns, At safepoint: 13471 ns, Total: 30639 ns
[2025-05-26T16:23:25.795+0000][72][info ][safepoint   ] Safepoint "Cleanup", Time since last: 30011020241 ns, Reaching safepoint: 30835 ns, Cleanup: 12912 ns, At safepoint: 117854 ns, Total: 161601 ns
[2025-05-26T16:23:27.410+0000][72][info ][safepoint   ] Safepoint "Cleanup", Time since last: 1619044573 ns, Reaching safepoint: 28965 ns, Cleanup: 16942 ns, At safepoint: 16128 ns, Total: 62035 ns
[2025-05-26T16:23:42.823+0000][72][info ][safepoint   ] Safepoint "Cleanup", Time since last: 15413855538 ns, Reaching safepoint: 16067 ns, Cleanup: 11238 ns, At safepoint: 16673 ns, Total: 43978 ns
[2025-05-26T16:23:56.827+0000][72][info ][safepoint   ] Safepoint "Cleanup", Time since last: 14002986863 ns, Reaching safepoint: 65808 ns, Cleanup: 17087 ns, At safepoint: 30363 ns, Total: 113258 ns
[2025-05-26T16:23:58.811+0000][72][info ][safepoint   ] Safepoint "Cleanup", Time since last: 1984856674 ns, Reaching safepoint: 11435 ns, Cleanup: 12107 ns, At safepoint: 19717 ns, Total: 43259 ns
[2025-05-26T16:25:01.777+0000][72][info ][safepoint   ] Safepoint "Cleanup", Time since last: 62971936837 ns, Reaching safepoint: 30778 ns, Cleanup: 17875 ns, At safepoint: 110751 ns, Total: 159404 ns
[2025-05-26T16:25:03.527+0000][72][info ][safepoint   ] Safepoint "Cleanup", Time since last: 1749557910 ns, Reaching safepoint: 33110 ns, Cleanup: 22942 ns, At safepoint: 19563 ns, Total: 75615 ns
[2025-05-26T16:25:37.587+0000][72][info ][safepoint   ] Safepoint "Cleanup", Time since last: 34062379230 ns, Reaching safepoint: 68471 ns, Cleanup: 17803 ns, At safepoint: 32598 ns, Total: 118872 ns
[2025-05-26T16:27:08.669+0000][72][info ][safepoint   ] Safepoint "Cleanup", Time since last: 91090169838 ns, Reaching safepoint: 15483 ns, Cleanup: 22343 ns, At safepoint: 79704 ns, Total: 117530 ns
[2025-05-26T16:28:47.705+0000][72][info ][safepoint   ] Safepoint "Cleanup", Time since last: 99043583976 ns, Reaching safepoint: 27720 ns, Cleanup: 15480 ns, At safepoint: 7741 ns, Total: 50941 ns
[2025-05-26T16:31:20.774+0000][72][info ][safepoint   ] Safepoint "Cleanup", Time since last: 153081205179 ns, Reaching safepoint: 28949 ns, Cleanup: 48871 ns, At safepoint: 13789 ns, Total: 91609 ns
[2025-05-26T16:31:21.823+0000][72][info ][safepoint   ] Safepoint "Cleanup", Time since last: 1048932857 ns, Reaching safepoint: 31343 ns, Cleanup: 25852 ns, At safepoint: 17173 ns, Total: 74368 ns
[2025-05-26T16:32:07.874+0000][72][info ][safepoint   ] Safepoint "Cleanup", Time since last: 46055795303 ns, Reaching safepoint: 62670 ns, Cleanup: 17357 ns, At safepoint: 11789 ns, Total: 91816 ns
[2025-05-26T16:32:22.801+0000][72][info ][safepoint   ] Safepoint "Cleanup", Time since last: 14927260839 ns, Reaching safepoint: 13765 ns, Cleanup: 11048 ns, At safepoint: 33519 ns, Total: 58332 ns
[2025-05-26T16:32:23.914+0000][72][info ][safepoint   ] Safepoint "Cleanup", Time since last: 1112895902 ns, Reaching safepoint: 15729 ns, Cleanup: 25560 ns, At safepoint: 21252 ns, Total: 62541 ns
[2025-05-26T16:32:41.939+0000][72][info ][safepoint   ] Safepoint "Cleanup", Time since last: 18026989164 ns, Reaching safepoint: 53500 ns, Cleanup: 11413 ns, At safepoint: 7405 ns, Total: 72318 ns
[2025-05-26T16:34:17.907+0000][72][info ][safepoint   ] Safepoint "Cleanup", Time since last: 95976404582 ns, Reaching safepoint: 67190 ns, Cleanup: 18480 ns, At safepoint: 32086 ns, Total: 117756 ns
[2025-05-26T16:34:48.034+0000][72][info ][safepoint   ] Safepoint "Cleanup", Time since last: 30129274577 ns, Reaching safepoint: 28304 ns, Cleanup: 23546 ns, At safepoint: 15409 ns, Total: 67259 ns
[2025-05-26T16:35:17.946+0000][72][info ][safepoint   ] Safepoint "Cleanup", Time since last: 29914004403 ns, Reaching safepoint: 28003 ns, Cleanup: 22116 ns, At safepoint: 14669 ns, Total: 64788 ns
[2025-05-26T16:37:18.029+0000][72][info ][safepoint   ] Safepoint "Cleanup", Time since last: 120092611703 ns, Reaching safepoint: 31501 ns, Cleanup: 21718 ns, At safepoint: 18612 ns, Total: 71831 ns
[2025-05-26T16:37:38.240+0000][72][info ][safepoint   ] Safepoint "Cleanup", Time since last: 20214368078 ns, Reaching safepoint: 15341 ns, Cleanup: 18348 ns, At safepoint: 87886 ns, Total: 121575 ns
[2025-05-26T16:37:39.270+0000][72][info ][safepoint   ] Safepoint "Cleanup", Time since last: 1029233498 ns, Reaching safepoint: 30857 ns, Cleanup: 16027 ns, At safepoint: 73022 ns, Total: 119906 ns
[2025-05-26T16:38:40.771+0000][72][info ][safepoint   ] Safepoint "Cleanup", Time since last: 61505343543 ns, Reaching safepoint: 27410 ns, Cleanup: 20819 ns, At safepoint: 78649 ns, Total: 126878 ns
[2025-05-26T16:38:42.309+0000][72][info ][safepoint   ] Safepoint "Cleanup", Time since last: 1538473019 ns, Reaching safepoint: 28957 ns, Cleanup: 18479 ns, At safepoint: 16486 ns, Total: 63922 ns
[2025-05-26T16:38:47.311+0000][72][info ][safepoint   ] Safepoint "Cleanup", Time since last: 5001644029 ns, Reaching safepoint: 32181 ns, Cleanup: 19685 ns, At safepoint: 17694 ns, Total: 69560 ns
[2025-05-26T16:38:57.311+0000][72][info ][safepoint   ] Safepoint "Cleanup", Time since last: 10002966323 ns, Reaching safepoint: 70195 ns, Cleanup: 20174 ns, At safepoint: 31967 ns, Total: 122336 ns
[2025-05-26T16:41:50.420+0000][72][info ][safepoint   ] Safepoint "Cleanup", Time since last: 173121627624 ns, Reaching safepoint: 22434 ns, Cleanup: 16590 ns, At safepoint: 67290 ns, Total: 106314 ns
[2025-05-26T16:42:53.554+0000][72][info ][safepoint   ] Safepoint "Cleanup", Time since last: 63138430262 ns, Reaching safepoint: 25886 ns, Cleanup: 16468 ns, At safepoint: 117291 ns, Total: 159645 ns
[2025-05-26T16:43:56.594+0000][72][info ][safepoint   ] Safepoint "Cleanup", Time since last: 63044875280 ns, Reaching safepoint: 21151 ns, Cleanup: 12869 ns, At safepoint: 73865 ns, Total: 107885 ns
[2025-05-26T16:48:07.754+0000][72][info ][safepoint   ] Safepoint "Cleanup", Time since last: 251183415452 ns, Reaching safepoint: 28359 ns, Cleanup: 14176 ns, At safepoint: 67806 ns, Total: 110341 ns
[2025-05-26T16:48:08.810+0000][72][info ][safepoint   ] Safepoint "Cleanup", Time since last: 1056433112 ns, Reaching safepoint: 23756 ns, Cleanup: 13875 ns, At safepoint: 73493 ns, Total: 111124 ns
[2025-05-26T16:49:02.479+0000][72][info ][safepoint   ] Safepoint "Cleanup", Time since last: 53673488366 ns, Reaching safepoint: 32275 ns, Cleanup: 18988 ns, At safepoint: 18629 ns, Total: 69892 ns
[2025-05-26T16:50:13.742+0000][72][info ][safepoint   ] Safepoint "Cleanup", Time since last: 71267888963 ns, Reaching safepoint: 20951 ns, Cleanup: 17832 ns, At safepoint: 160938 ns, Total: 199721 ns
[2025-05-26T16:51:21.587+0000][72][info ][safepoint   ] Safepoint "Cleanup", Time since last: 67849852846 ns, Reaching safepoint: 35387 ns, Cleanup: 18761 ns, At safepoint: 18207 ns, Total: 72355 ns
[2025-05-26T16:52:01.764+0000][72][info ][safepoint   ] Safepoint "Cleanup", Time since last: 40181718375 ns, Reaching safepoint: 12742 ns, Cleanup: 20849 ns, At safepoint: 76718 ns, Total: 110309 ns
[2025-05-26T16:52:19.765+0000][72][info ][safepoint   ] Safepoint "Cleanup", Time since last: 18001603837 ns, Reaching safepoint: 29422 ns, Cleanup: 17113 ns, At safepoint: 66861 ns, Total: 113396 ns
[2025-05-26T16:52:21.023+0000][72][info ][safepoint   ] Safepoint "Cleanup", Time since last: 1257938551 ns, Reaching safepoint: 27613 ns, Cleanup: 20276 ns, At safepoint: 15157 ns, Total: 63046 ns
[2025-05-26T16:52:32.023+0000][72][info ][safepoint   ] Safepoint "Cleanup", Time since last: 11002722535 ns, Reaching safepoint: 134532 ns, Cleanup: 16920 ns, At safepoint: 30287 ns, Total: 181739 ns
[2025-05-26T16:52:52.028+0000][72][info ][safepoint   ] Safepoint "Cleanup", Time since last: 20004335318 ns, Reaching safepoint: 141089 ns, Cleanup: 18843 ns, At safepoint: 18647 ns, Total: 178579 ns
[2025-05-26T16:53:17.031+0000][72][info ][safepoint   ] Safepoint "Cleanup", Time since last: 25005498717 ns, Reaching safepoint: 67235 ns, Cleanup: 16345 ns, At safepoint: 31125 ns, Total: 114705 ns
[2025-05-26T16:55:03.142+0000][72][info ][safepoint   ] Safepoint "Cleanup", Time since last: 106121607202 ns, Reaching safepoint: 170131 ns, Cleanup: 19327 ns, At safepoint: 42064 ns, Total: 231522 ns
[2025-05-26T16:55:28.730+0000][72][info ][safepoint   ] Safepoint "Cleanup", Time since last: 25589427323 ns, Reaching safepoint: 375793 ns, Cleanup: 9448 ns, At safepoint: 54265 ns, Total: 439506 ns
[2025-05-26T16:55:30.538+0000][72][info ][safepoint   ] Safepoint "Cleanup", Time since last: 1807301070 ns, Reaching safepoint: 15241 ns, Cleanup: 12253 ns, At safepoint: 7345 ns, Total: 34839 ns
[2025-05-26T16:57:21.804+0000][72][info ][safepoint   ] Safepoint "Cleanup", Time since last: 111273493692 ns, Reaching safepoint: 204833 ns, Cleanup: 17188 ns, At safepoint: 18487 ns, Total: 240508 ns
[2025-05-26T16:57:50.668+0000][72][info ][safepoint   ] Safepoint "Cleanup", Time since last: 28867746065 ns, Reaching safepoint: 167498 ns, Cleanup: 19290 ns, At safepoint: 17687 ns, Total: 204475 ns
[2025-05-26T16:58:37.733+0000][72][info ][safepoint   ] Safepoint "Cleanup", Time since last: 47068771953 ns, Reaching safepoint: 185570 ns, Cleanup: 12323 ns, At safepoint: 51172 ns, Total: 249065 ns
[2025-05-26T16:58:46.790+0000][72][info ][safepoint   ] Safepoint "Cleanup", Time since last: 9056734348 ns, Reaching safepoint: 29091 ns, Cleanup: 17586 ns, At safepoint: 17435 ns, Total: 64112 ns
[2025-05-26T17:01:46.750+0000][72][info ][safepoint   ] Safepoint "Cleanup", Time since last: 179974525757 ns, Reaching safepoint: 690411 ns, Cleanup: 17025 ns, At safepoint: 173162 ns, Total: 880598 ns
[2025-05-26T17:01:47.910+0000][72][info ][safepoint   ] Safepoint "Cleanup", Time since last: 1160800451 ns, Reaching safepoint: 31974 ns, Cleanup: 20537 ns, At safepoint: 19444 ns, Total: 71955 ns
[2025-05-26T17:01:55.946+0000][72][info ][safepoint   ] Safepoint "Cleanup", Time since last: 8035813785 ns, Reaching safepoint: 43553 ns, Cleanup: 29656 ns, At safepoint: 16003 ns, Total: 89212 ns
[2025-05-26T17:02:21.994+0000][72][info ][safepoint   ] Safepoint "Cleanup", Time since last: 26050085805 ns, Reaching safepoint: 25770 ns, Cleanup: 14322 ns, At safepoint: 8837 ns, Total: 48929 ns
[2025-05-26T17:02:49.743+0000][72][info ][safepoint   ] Safepoint "Cleanup", Time since last: 27752130572 ns, Reaching safepoint: 91274 ns, Cleanup: 11627 ns, At safepoint: 37934 ns, Total: 140835 ns
[2025-05-26T17:02:51.055+0000][72][info ][safepoint   ] Safepoint "Cleanup", Time since last: 1311791299 ns, Reaching safepoint: 28758 ns, Cleanup: 18288 ns, At safepoint: 17781 ns, Total: 64827 ns
[2025-05-26T17:03:45.037+0000][72][info ][safepoint   ] Safepoint "Cleanup", Time since last: 53986721968 ns, Reaching safepoint: 29543 ns, Cleanup: 45576 ns, At safepoint: 20995 ns, Total: 96114 ns
[2025-05-26T17:03:52.041+0000][72][info ][safepoint   ] Safepoint "Cleanup", Time since last: 7003343147 ns, Reaching safepoint: 67997 ns, Cleanup: 17495 ns, At safepoint: 33873 ns, Total: 119365 ns
[2025-05-26T17:05:16.781+0000][72][info ][safepoint   ] Safepoint "Cleanup", Time since last: 84747484515 ns, Reaching safepoint: 6899 ns, Cleanup: 7668 ns, At safepoint: 3236 ns, Total: 17803 ns
[2025-05-26T17:05:23.114+0000][72][info ][safepoint   ] Safepoint "Cleanup", Time since last: 6332636419 ns, Reaching safepoint: 75553 ns, Cleanup: 18505 ns, At safepoint: 18914 ns, Total: 112972 ns
[2025-05-26T17:06:21.152+0000][72][info ][safepoint   ] Safepoint "Cleanup", Time since last: 58043520921 ns, Reaching safepoint: 68012 ns, Cleanup: 18604 ns, At safepoint: 14939 ns, Total: 101555 ns
[2025-05-26T17:07:12.344+0000][72][info ][safepoint   ] Safepoint "Cleanup", Time since last: 51197844595 ns, Reaching safepoint: 113469 ns, Cleanup: 23129 ns, At safepoint: 22964 ns, Total: 159562 ns
[2025-05-26T17:07:22.709+0000][72][info ][gc,start    ] GC(22) Pause Young (Normal) (G1 Evacuation Pause)
[2025-05-26T17:07:22.710+0000][72][info ][gc,task     ] GC(22) Using 10 workers of 10 for evacuation
[2025-05-26T17:07:22.711+0000][72][debug][gc,age      ] GC(22) Desired survivor size 153092096 bytes, new threshold 15 (max threshold 15)
[2025-05-26T17:07:22.834+0000][72][info ][gc,phases   ] GC(22)   Pre Evacuate Collection Set: 4.95ms
[2025-05-26T17:07:22.834+0000][72][info ][gc,phases   ] GC(22)   Merge Heap Roots: 2.60ms
[2025-05-26T17:07:22.835+0000][72][info ][gc,phases   ] GC(22)   Evacuate Collection Set: 97.97ms
[2025-05-26T17:07:22.835+0000][72][info ][gc,phases   ] GC(22)   Post Evacuate Collection Set: 16.05ms
[2025-05-26T17:07:22.836+0000][72][info ][gc,phases   ] GC(22)   Other: 2.51ms
[2025-05-26T17:07:22.836+0000][72][trace][gc,age      ] GC(22) Age table with threshold 15 (max threshold 15)
[2025-05-26T17:07:22.837+0000][72][trace][gc,age      ] GC(22) - age   1:    1028272 bytes,    1028272 total
[2025-05-26T17:07:22.837+0000][72][trace][gc,age      ] GC(22) - age   2:     492264 bytes,    1520536 total
[2025-05-26T17:07:22.838+0000][72][trace][gc,age      ] GC(22) - age   3:     192824 bytes,    1713360 total
[2025-05-26T17:07:22.838+0000][72][trace][gc,age      ] GC(22) - age   4:     371040 bytes,    2084400 total
[2025-05-26T17:07:22.838+0000][72][trace][gc,age      ] GC(22) - age   5:      54504 bytes,    2138904 total
[2025-05-26T17:07:22.839+0000][72][trace][gc,age      ] GC(22) - age   6:     436408 bytes,    2575312 total
[2025-05-26T17:07:22.839+0000][72][trace][gc,age      ] GC(22) - age   7:     135464 bytes,    2710776 total
[2025-05-26T17:07:22.839+0000][72][trace][gc,age      ] GC(22) - age   8:     459968 bytes,    3170744 total
[2025-05-26T17:07:22.840+0000][72][trace][gc,age      ] GC(22) - age   9:     309056 bytes,    3479800 total
[2025-05-26T17:07:22.840+0000][72][trace][gc,age      ] GC(22) - age  10:   40135040 bytes,   43614840 total
[2025-05-26T17:07:22.841+0000][72][info ][gc,heap     ] GC(22) Eden regions: 570->0(569)
[2025-05-26T17:07:22.841+0000][72][info ][gc,heap     ] GC(22) Survivor regions: 12->13(73)
[2025-05-26T17:07:22.842+0000][72][info ][gc,heap     ] GC(22) Old regions: 15->15
[2025-05-26T17:07:22.842+0000][72][info ][gc,heap     ] GC(22) Humongous regions: 0->0
[2025-05-26T17:07:22.843+0000][72][info ][gc,metaspace] GC(22) Metaspace: 145645K(149312K)->145645K(149312K) NonClass: 126119K(128000K)->126119K(128000K) Class: 19525K(21312K)->19525K(21312K)
[2025-05-26T17:07:22.843+0000][72][info ][gc          ] GC(22) Pause Young (Normal) (G1 Evacuation Pause) 2385M->110M(3880M) 133.625ms
[2025-05-26T17:07:22.843+0000][72][info ][gc,cpu      ] GC(22) User=0.99s Sys=0.02s Real=0.14s
[2025-05-26T17:07:22.844+0000][72][info ][safepoint   ] Safepoint "G1CollectForAllocation", Time since last: 10361497831 ns, Reaching safepoint: 64040 ns, Cleanup: 6411 ns, At safepoint: 137543277 ns, Total: 137613728 ns
[2025-05-26T17:07:46.728+0000][72][info ][safepoint   ] Safepoint "Cleanup", Time since last: 23886919656 ns, Reaching safepoint: 6521 ns, Cleanup: 9725 ns, At safepoint: 13008 ns, Total: 29254 ns
[2025-05-26T17:07:48.390+0000][72][info ][safepoint   ] Safepoint "Cleanup", Time since last: 1661662770 ns, Reaching safepoint: 27893 ns, Cleanup: 167879 ns, At safepoint: 19316 ns, Total: 215088 ns
[2025-05-26T17:07:52.391+0000][72][info ][safepoint   ] Safepoint "Cleanup", Time since last: 4001189668 ns, Reaching safepoint: 18340 ns, Cleanup: 20870 ns, At safepoint: 9033 ns, Total: 48243 ns
[2025-05-26T17:07:53.408+0000][72][info ][safepoint   ] Safepoint "Cleanup", Time since last: 1016273569 ns, Reaching safepoint: 19217 ns, Cleanup: 70717 ns, At safepoint: 64516 ns, Total: 154450 ns
[2025-05-26T17:07:55.414+0000][72][info ][safepoint   ] Safepoint "Cleanup", Time since last: 2005592352 ns, Reaching safepoint: 27079 ns, Cleanup: 112352 ns, At safepoint: 15414 ns, Total: 154845 ns
[2025-05-26T17:07:56.414+0000][72][info ][safepoint   ] Safepoint "Cleanup", Time since last: 1000771971 ns, Reaching safepoint: 15309 ns, Cleanup: 15077 ns, At safepoint: 8184 ns, Total: 38570 ns
[2025-05-26T17:07:59.413+0000][72][info ][safepoint   ] Safepoint "Cleanup", Time since last: 3000914605 ns, Reaching safepoint: 58004 ns, Cleanup: 15000 ns, At safepoint: 9863 ns, Total: 82867 ns
[2025-05-26T17:08:02.414+0000][72][info ][safepoint   ] Safepoint "Cleanup", Time since last: 3000990773 ns, Reaching safepoint: 25860 ns, Cleanup: 18129 ns, At safepoint: 8348 ns, Total: 52337 ns
[2025-05-26T17:08:04.875+0000][72][info ][safepoint   ] Safepoint "Cleanup", Time since last: 2460837105 ns, Reaching safepoint: 14323 ns, Cleanup: 19761 ns, At safepoint: 77607 ns, Total: 111691 ns
[2025-05-26T17:08:06.446+0000][72][info ][safepoint   ] Safepoint "Cleanup", Time since last: 1571338122 ns, Reaching safepoint: 34935 ns, Cleanup: 27564 ns, At safepoint: 20941 ns, Total: 83440 ns
[2025-05-26T17:08:10.448+0000][72][info ][safepoint   ] Safepoint "Cleanup", Time since last: 4001324746 ns, Reaching safepoint: 213352 ns, Cleanup: 95336 ns, At safepoint: 86969 ns, Total: 395657 ns
[2025-05-26T17:08:12.449+0000][72][info ][safepoint   ] Safepoint "Cleanup", Time since last: 2000752961 ns, Reaching safepoint: 16563 ns, Cleanup: 15955 ns, At safepoint: 7825 ns, Total: 40343 ns
[2025-05-26T17:08:13.717+0000][72][info ][safepoint   ] Safepoint "Cleanup", Time since last: 1267813578 ns, Reaching safepoint: 26221 ns, Cleanup: 184826 ns, At safepoint: 83536 ns, Total: 294583 ns
[2025-05-26T17:08:15.462+0000][72][info ][safepoint   ] Safepoint "Cleanup", Time since last: 1744409758 ns, Reaching safepoint: 27404 ns, Cleanup: 23255 ns, At safepoint: 16047 ns, Total: 66706 ns
[2025-05-26T17:08:17.506+0000][72][info ][safepoint   ] Safepoint "Cleanup", Time since last: 2044371459 ns, Reaching safepoint: 138663 ns, Cleanup: 12806 ns, At safepoint: 37950 ns, Total: 189419 ns
[2025-05-26T17:08:18.506+0000][72][info ][safepoint   ] Safepoint "Cleanup", Time since last: 1000247667 ns, Reaching safepoint: 7046 ns, Cleanup: 14507 ns, At safepoint: 3550 ns, Total: 25103 ns
[2025-05-26T17:08:19.537+0000][72][info ][safepoint   ] Safepoint "Cleanup", Time since last: 1030360897 ns, Reaching safepoint: 18385 ns, Cleanup: 11288 ns, At safepoint: 12133 ns, Total: 41806 ns
[2025-05-26T17:08:20.554+0000][72][info ][safepoint   ] Safepoint "Cleanup", Time since last: 1017463478 ns, Reaching safepoint: 29415 ns, Cleanup: 24678 ns, At safepoint: 16187 ns, Total: 70280 ns
[2025-05-26T17:08:21.555+0000][72][info ][safepoint   ] Safepoint "Cleanup", Time since last: 1000652218 ns, Reaching safepoint: 30890 ns, Cleanup: 33928 ns, At safepoint: 79746 ns, Total: 144564 ns
[2025-05-26T17:08:23.556+0000][72][info ][safepoint   ] Safepoint "Cleanup", Time since last: 2000915891 ns, Reaching safepoint: 197843 ns, Cleanup: 14069 ns, At safepoint: 54169 ns, Total: 266081 ns
[2025-05-26T17:08:24.558+0000][72][info ][safepoint   ] Safepoint "Cleanup", Time since last: 1001032208 ns, Reaching safepoint: 136342 ns, Cleanup: 20770 ns, At safepoint: 33008 ns, Total: 190120 ns
[2025-05-26T17:08:43.333+0000][72][info ][safepoint   ] Safepoint "Cleanup", Time since last: 18778591266 ns, Reaching safepoint: 27861 ns, Cleanup: 23074 ns, At safepoint: 15689 ns, Total: 66624 ns
[2025-05-26T17:08:45.334+0000][72][info ][safepoint   ] Safepoint "Cleanup", Time since last: 2000911680 ns, Reaching safepoint: 23725 ns, Cleanup: 36856 ns, At safepoint: 14168 ns, Total: 74749 ns
[2025-05-26T17:08:47.336+0000][72][info ][safepoint   ] Safepoint "Cleanup", Time since last: 2001153856 ns, Reaching safepoint: 28930 ns, Cleanup: 17409 ns, At safepoint: 16069 ns, Total: 62408 ns
[2025-05-26T17:08:52.337+0000][72][info ][safepoint   ] Safepoint "Cleanup", Time since last: 5001627236 ns, Reaching safepoint: 27534 ns, Cleanup: 15923 ns, At safepoint: 16185 ns, Total: 59642 ns
[2025-05-26T17:08:55.338+0000][72][info ][safepoint   ] Safepoint "Cleanup", Time since last: 3000930623 ns, Reaching safepoint: 76200 ns, Cleanup: 32308 ns, At safepoint: 33262 ns, Total: 141770 ns
[2025-05-26T17:09:07.750+0000][72][info ][safepoint   ] Safepoint "Cleanup", Time since last: 12413833136 ns, Reaching safepoint: 140807 ns, Cleanup: 12085 ns, At safepoint: 51122 ns, Total: 204014 ns
[2025-05-26T17:09:09.620+0000][72][info ][safepoint   ] Safepoint "Cleanup", Time since last: 1870109192 ns, Reaching safepoint: 6790 ns, Cleanup: 9144 ns, At safepoint: 14223 ns, Total: 30157 ns
[2025-05-26T17:09:12.626+0000][72][info ][safepoint   ] Safepoint "Cleanup", Time since last: 3005597939 ns, Reaching safepoint: 69017 ns, Cleanup: 16709 ns, At safepoint: 31036 ns, Total: 116762 ns
[2025-05-26T17:09:21.269+0000][72][info ][safepoint   ] Safepoint "Cleanup", Time since last: 8642892071 ns, Reaching safepoint: 33713 ns, Cleanup: 20827 ns, At safepoint: 247540 ns, Total: 302080 ns
[2025-05-26T17:09:25.270+0000][72][info ][safepoint   ] Safepoint "Cleanup", Time since last: 4001037903 ns, Reaching safepoint: 18737 ns, Cleanup: 16774 ns, At safepoint: 8954 ns, Total: 44465 ns
[2025-05-26T17:09:42.271+0000][72][info ][safepoint   ] Safepoint "Cleanup", Time since last: 17003273345 ns, Reaching safepoint: 239663 ns, Cleanup: 73245 ns, At safepoint: 26773 ns, Total: 339681 ns
[2025-05-26T17:10:10.723+0000][72][info ][safepoint   ] Safepoint "Cleanup", Time since last: 28454446790 ns, Reaching safepoint: 81119 ns, Cleanup: 8917 ns, At safepoint: 12639 ns, Total: 102675 ns
[2025-05-26T17:10:17.659+0000][72][info ][safepoint   ] Safepoint "Cleanup", Time since last: 6935709321 ns, Reaching safepoint: 54363 ns, Cleanup: 16305 ns, At safepoint: 11442 ns, Total: 82110 ns
[2025-05-26T17:10:21.304+0000][72][info ][safepoint   ] Safepoint "Cleanup", Time since last: 3645027905 ns, Reaching safepoint: 23413 ns, Cleanup: 21235 ns, At safepoint: 10825 ns, Total: 55473 ns
[2025-05-26T17:12:13.821+0000][72][info ][safepoint   ] Safepoint "Cleanup", Time since last: 112526733799 ns, Reaching safepoint: 89104 ns, Cleanup: 10969 ns, At safepoint: 14901 ns, Total: 114974 ns
[2025-05-26T17:12:15.756+0000][72][info ][safepoint   ] Safepoint "Cleanup", Time since last: 1934452067 ns, Reaching safepoint: 70841 ns, Cleanup: 27028 ns, At safepoint: 18400 ns, Total: 116269 ns
[2025-05-26T17:12:37.019+0000][72][info ][safepoint   ] Safepoint "Cleanup", Time since last: 21266269517 ns, Reaching safepoint: 83810 ns, Cleanup: 8469 ns, At safepoint: 27442 ns, Total: 119721 ns
[2025-05-26T17:12:38.433+0000][72][info ][safepoint   ] Safepoint "Cleanup", Time since last: 1413257858 ns, Reaching safepoint: 27930 ns, Cleanup: 20490 ns, At safepoint: 17015 ns, Total: 65435 ns
[2025-05-26T17:13:21.829+0000][72][info ][safepoint   ] Safepoint "Cleanup", Time since last: 43399077283 ns, Reaching safepoint: 26819 ns, Cleanup: 15954 ns, At safepoint: 15859 ns, Total: 58632 ns
[2025-05-26T17:13:47.831+0000][72][info ][safepoint   ] Safepoint "Cleanup", Time since last: 26004667016 ns, Reaching safepoint: 72667 ns, Cleanup: 18517 ns, At safepoint: 18391 ns, Total: 109575 ns
[2025-05-26T17:14:21.448+0000][72][info ][safepoint   ] Safepoint "Cleanup", Time since last: 33619312630 ns, Reaching safepoint: 69653 ns, Cleanup: 13719 ns, At safepoint: 8503 ns, Total: 91875 ns
[2025-05-26T17:15:25.900+0000][72][info ][safepoint   ] Safepoint "Cleanup", Time since last: 64457488019 ns, Reaching safepoint: 13472 ns, Cleanup: 10951 ns, At safepoint: 18646 ns, Total: 43069 ns
[2025-05-26T17:16:41.959+0000][72][info ][safepoint   ] Safepoint "Cleanup", Time since last: 76066270052 ns, Reaching safepoint: 34687 ns, Cleanup: 18079 ns, At safepoint: 18556 ns, Total: 71322 ns
[2025-05-26T17:17:16.707+0000][72][info ][safepoint   ] Safepoint "Cleanup", Time since last: 34750152871 ns, Reaching safepoint: 174468 ns, Cleanup: 9951 ns, At safepoint: 50015 ns, Total: 234434 ns
[2025-05-26T17:17:21.555+0000][72][info ][safepoint   ] Safepoint "Cleanup", Time since last: 4848240342 ns, Reaching safepoint: 60953 ns, Cleanup: 16695 ns, At safepoint: 32291 ns, Total: 109939 ns
[2025-05-26T17:17:32.066+0000][72][info ][safepoint   ] Safepoint "Cleanup", Time since last: 10512719460 ns, Reaching safepoint: 15446 ns, Cleanup: 12685 ns, At safepoint: 33916 ns, Total: 62047 ns
[2025-05-26T17:18:22.594+0000][72][info ][safepoint   ] Safepoint "Cleanup", Time since last: 50531174718 ns, Reaching safepoint: 27663 ns, Cleanup: 21766 ns, At safepoint: 15572 ns, Total: 65001 ns
[2025-05-26T17:19:21.627+0000][72][info ][safepoint   ] Safepoint "Cleanup", Time since last: 59037576933 ns, Reaching safepoint: 23527 ns, Cleanup: 22136 ns, At safepoint: 11833 ns, Total: 57496 ns
[2025-05-26T17:19:37.695+0000][72][info ][safepoint   ] Safepoint "Cleanup", Time since last: 16070318069 ns, Reaching safepoint: 82156 ns, Cleanup: 8914 ns, At safepoint: 15012 ns, Total: 106082 ns
[2025-05-26T17:19:41.174+0000][72][info ][safepoint   ] Safepoint "Cleanup", Time since last: 3479021030 ns, Reaching safepoint: 12675 ns, Cleanup: 18270 ns, At safepoint: 19932 ns, Total: 50877 ns
[2025-05-26T17:19:56.185+0000][72][info ][safepoint   ] Safepoint "Cleanup", Time since last: 15010565527 ns, Reaching safepoint: 73042 ns, Cleanup: 56725 ns, At safepoint: 39306 ns, Total: 169073 ns
[2025-05-26T17:20:20.209+0000][72][info ][safepoint   ] Safepoint "Cleanup", Time since last: 24027273327 ns, Reaching safepoint: 6876 ns, Cleanup: 10369 ns, At safepoint: 13439 ns, Total: 30684 ns
[2025-05-26T17:21:21.699+0000][72][info ][safepoint   ] Safepoint "Cleanup", Time since last: 61495034253 ns, Reaching safepoint: 16830 ns, Cleanup: 57448 ns, At safepoint: 9549 ns, Total: 83827 ns
[2025-05-26T17:21:43.701+0000][72][info ][safepoint   ] Safepoint "Cleanup", Time since last: 22004144605 ns, Reaching safepoint: 110181 ns, Cleanup: 9019 ns, At safepoint: 52773 ns, Total: 171973 ns
[2025-05-26T17:21:45.294+0000][72][info ][safepoint   ] Safepoint "Cleanup", Time since last: 1593120296 ns, Reaching safepoint: 16537 ns, Cleanup: 15625 ns, At safepoint: 8343 ns, Total: 40505 ns
[2025-05-26T17:22:19.681+0000][72][info ][safepoint   ] Safepoint "Cleanup", Time since last: 34389211362 ns, Reaching safepoint: 89751 ns, Cleanup: 10780 ns, At safepoint: 31725 ns, Total: 132256 ns
[2025-05-26T17:22:41.885+0000][72][info ][safepoint   ] Safepoint "Cleanup", Time since last: 22206708631 ns, Reaching safepoint: 7928 ns, Cleanup: 8161 ns, At safepoint: 12834 ns, Total: 28923 ns
[2025-05-26T17:25:21.871+0000][72][info ][safepoint   ] Safepoint "Cleanup", Time since last: 159998318468 ns, Reaching safepoint: 17918 ns, Cleanup: 14592 ns, At safepoint: 8316 ns, Total: 40826 ns
[2025-05-26T17:25:24.873+0000][72][info ][safepoint   ] Safepoint "Cleanup", Time since last: 3001155644 ns, Reaching safepoint: 28983 ns, Cleanup: 16587 ns, At safepoint: 15179 ns, Total: 60749 ns
[2025-05-26T17:26:41.913+0000][72][info ][safepoint   ] Safepoint "Cleanup", Time since last: 77047472523 ns, Reaching safepoint: 58681 ns, Cleanup: 21116 ns, At safepoint: 12341 ns, Total: 92138 ns
[2025-05-26T17:26:54.916+0000][72][info ][safepoint   ] Safepoint "Cleanup", Time since last: 13002837844 ns, Reaching safepoint: 30338 ns, Cleanup: 17941 ns, At safepoint: 16412 ns, Total: 64691 ns
[2025-05-26T17:26:58.692+0000][72][info ][safepoint   ] Safepoint "Cleanup", Time since last: 3779367264 ns, Reaching safepoint: 8620 ns, Cleanup: 8831 ns, At safepoint: 14117 ns, Total: 31568 ns
[2025-05-26T17:27:02.566+0000][72][info ][safepoint   ] Safepoint "Cleanup", Time since last: 3873732149 ns, Reaching safepoint: 31834 ns, Cleanup: 18681 ns, At safepoint: 17421 ns, Total: 67936 ns
[2025-05-26T17:28:01.687+0000][72][info ][safepoint   ] Safepoint "Cleanup", Time since last: 59125399070 ns, Reaching safepoint: 8247 ns, Cleanup: 10318 ns, At safepoint: 10456 ns, Total: 29021 ns
[2025-05-26T17:28:03.643+0000][72][info ][safepoint   ] Safepoint "Cleanup", Time since last: 1955560596 ns, Reaching safepoint: 30587 ns, Cleanup: 17247 ns, At safepoint: 16156 ns, Total: 63990 ns
[2025-05-26T17:28:21.997+0000][72][info ][safepoint   ] Safepoint "Cleanup", Time since last: 18354539604 ns, Reaching safepoint: 20112 ns, Cleanup: 13917 ns, At safepoint: 9343 ns, Total: 43372 ns
[2025-05-26T17:28:44.999+0000][72][info ][safepoint   ] Safepoint "Cleanup", Time since last: 23004463621 ns, Reaching safepoint: 27203 ns, Cleanup: 15954 ns, At safepoint: 56450 ns, Total: 99607 ns
[2025-05-26T17:30:08.703+0000][72][info ][safepoint   ] Safepoint "Cleanup", Time since last: 83710881897 ns, Reaching safepoint: 148448 ns, Cleanup: 11191 ns, At safepoint: 39944 ns, Total: 199583 ns
[2025-05-26T17:31:10.719+0000][72][info ][safepoint   ] Safepoint "Cleanup", Time since last: 62021297474 ns, Reaching safepoint: 16421 ns, Cleanup: 15095 ns, At safepoint: 70050 ns, Total: 101566 ns
[2025-05-26T17:31:57.122+0000][72][info ][safepoint   ] Safepoint "Cleanup", Time since last: 46404939362 ns, Reaching safepoint: 172091 ns, Cleanup: 19486 ns, At safepoint: 19102 ns, Total: 210679 ns
[2025-05-26T17:32:07.122+0000][72][info ][safepoint   ] Safepoint "Cleanup", Time since last: 10002435548 ns, Reaching safepoint: 125867 ns, Cleanup: 17338 ns, At safepoint: 18402 ns, Total: 161607 ns
[2025-05-26T17:32:21.155+0000][72][info ][safepoint   ] Safepoint "Cleanup", Time since last: 14033154166 ns, Reaching safepoint: 29445 ns, Cleanup: 19659 ns, At safepoint: 15923 ns, Total: 65027 ns
[2025-05-26T17:33:21.194+0000][72][info ][safepoint   ] Safepoint "Cleanup", Time since last: 60043210228 ns, Reaching safepoint: 76631 ns, Cleanup: 15238 ns, At safepoint: 10530 ns, Total: 102399 ns
[2025-05-26T17:33:45.195+0000][72][info ][safepoint   ] Safepoint "Cleanup", Time since last: 24004562764 ns, Reaching safepoint: 18190 ns, Cleanup: 15393 ns, At safepoint: 8651 ns, Total: 42234 ns
[2025-05-26T17:34:07.197+0000][72][info ][safepoint   ] Safepoint "Cleanup", Time since last: 22004010720 ns, Reaching safepoint: 35793 ns, Cleanup: 14444 ns, At safepoint: 9348 ns, Total: 59585 ns
[2025-05-26T17:34:20.425+0000][72][info ][safepoint   ] Safepoint "Cleanup", Time since last: 13228213540 ns, Reaching safepoint: 6837 ns, Cleanup: 11279 ns, At safepoint: 19882 ns, Total: 37998 ns
[2025-05-26T17:35:22.767+0000][72][info ][safepoint   ] Safepoint "Cleanup", Time since last: 62346571355 ns, Reaching safepoint: 17125 ns, Cleanup: 24439 ns, At safepoint: 88346 ns, Total: 129910 ns
[2025-05-26T17:36:21.307+0000][72][info ][safepoint   ] Safepoint "Cleanup", Time since last: 58544281500 ns, Reaching safepoint: 33825 ns, Cleanup: 18609 ns, At safepoint: 17868 ns, Total: 70302 ns
[2025-05-26T17:36:25.720+0000][72][info ][safepoint   ] Safepoint "Cleanup", Time since last: 4413470992 ns, Reaching safepoint: 13268 ns, Cleanup: 11924 ns, At safepoint: 16389 ns, Total: 41581 ns
[2025-05-26T17:36:27.544+0000][72][info ][safepoint   ] Safepoint "Cleanup", Time since last: 1826190604 ns, Reaching safepoint: 14219 ns, Cleanup: 21048 ns, At safepoint: 82794 ns, Total: 118061 ns
[2025-05-26T17:37:29.576+0000][72][info ][safepoint   ] Safepoint "Cleanup", Time since last: 62037331579 ns, Reaching safepoint: 14732 ns, Cleanup: 23764 ns, At safepoint: 111788 ns, Total: 150284 ns
[2025-05-26T17:38:31.680+0000][72][info ][safepoint   ] Safepoint "Cleanup", Time since last: 62108206385 ns, Reaching safepoint: 149566 ns, Cleanup: 11207 ns, At safepoint: 61133 ns, Total: 221906 ns
[2025-05-26T17:38:33.645+0000][72][info ][safepoint   ] Safepoint "Cleanup", Time since last: 1965213538 ns, Reaching safepoint: 6377 ns, Cleanup: 10088 ns, At safepoint: 3073 ns, Total: 19538 ns
[2025-05-26T17:40:38.712+0000][72][info ][safepoint   ] Safepoint "Cleanup", Time since last: 125076638548 ns, Reaching safepoint: 26218 ns, Cleanup: 19355 ns, At safepoint: 10552 ns, Total: 56125 ns
[2025-05-26T17:42:31.671+0000][72][info ][safepoint   ] Safepoint "Cleanup", Time since last: 112968651288 ns, Reaching safepoint: 62577 ns, Cleanup: 21963 ns, At safepoint: 86289 ns, Total: 170829 ns
[2025-05-26T17:42:51.922+0000][72][info ][safepoint   ] Safepoint "Cleanup", Time since last: 20251226342 ns, Reaching safepoint: 26837 ns, Cleanup: 20130 ns, At safepoint: 16016 ns, Total: 62983 ns
[2025-05-26T17:43:47.981+0000][72][info ][safepoint   ] Safepoint "Cleanup", Time since last: 56063648040 ns, Reaching safepoint: 28049 ns, Cleanup: 17416 ns, At safepoint: 16366 ns, Total: 61831 ns
[2025-05-26T17:44:43.607+0000][72][info ][safepoint   ] Safepoint "Cleanup", Time since last: 55631117789 ns, Reaching safepoint: 67358 ns, Cleanup: 16522 ns, At safepoint: 17192 ns, Total: 101072 ns
[2025-05-26T17:46:10.074+0000][72][info ][safepoint   ] Safepoint "Cleanup", Time since last: 86474483484 ns, Reaching safepoint: 126363 ns, Cleanup: 13712 ns, At safepoint: 8935 ns, Total: 149010 ns
[2025-05-26T17:46:31.683+0000][72][info ][safepoint   ] Safepoint "Cleanup", Time since last: 21611766625 ns, Reaching safepoint: 30244 ns, Cleanup: 18620 ns, At safepoint: 16933 ns, Total: 65797 ns
[2025-05-26T17:47:38.174+0000][72][info ][safepoint   ] Safepoint "Cleanup", Time since last: 66495430920 ns, Reaching safepoint: 28859 ns, Cleanup: 20710 ns, At safepoint: 16494 ns, Total: 66063 ns
[2025-05-26T17:48:21.768+0000][72][info ][safepoint   ] Safepoint "Cleanup", Time since last: 43595988047 ns, Reaching safepoint: 27535 ns, Cleanup: 15566 ns, At safepoint: 16363 ns, Total: 59464 ns
[2025-05-26T17:49:47.811+0000][72][info ][safepoint   ] Safepoint "Cleanup", Time since last: 86050889350 ns, Reaching safepoint: 29213 ns, Cleanup: 19072 ns, At safepoint: 60575 ns, Total: 108860 ns
[2025-05-26T17:51:49.888+0000][72][info ][safepoint   ] Safepoint "Cleanup", Time since last: 122087194617 ns, Reaching safepoint: 63170 ns, Cleanup: 17035 ns, At safepoint: 13446 ns, Total: 93651 ns
[2025-05-26T17:53:40.778+0000][72][info ][safepoint   ] Safepoint "Cleanup", Time since last: 110899328472 ns, Reaching safepoint: 27744 ns, Cleanup: 23259 ns, At safepoint: 16109 ns, Total: 67112 ns
[2025-05-26T17:53:41.778+0000][72][info ][safepoint   ] Safepoint "Cleanup", Time since last: 1000862765 ns, Reaching safepoint: 17650 ns, Cleanup: 15853 ns, At safepoint: 8669 ns, Total: 42172 ns
[2025-05-26T17:55:20.045+0000][72][info ][safepoint   ] Safepoint "Cleanup", Time since last: 98274765311 ns, Reaching safepoint: 14236 ns, Cleanup: 17317 ns, At safepoint: 11203 ns, Total: 42756 ns
[2025-05-26T17:57:23.128+0000][72][info ][safepoint   ] Safepoint "Cleanup", Time since last: 123092110578 ns, Reaching safepoint: 32148 ns, Cleanup: 16419 ns, At safepoint: 17085 ns, Total: 65652 ns
[2025-05-26T17:57:40.665+0000][72][info ][safepoint   ] Safepoint "Cleanup", Time since last: 17539339786 ns, Reaching safepoint: 7577 ns, Cleanup: 9579 ns, At safepoint: 13833 ns, Total: 30989 ns
[2025-05-26T17:58:20.787+0000][72][info ][gc,start    ] GC(23) Pause Young (Normal) (G1 Evacuation Pause)
[2025-05-26T17:58:20.789+0000][72][info ][gc,task     ] GC(23) Using 10 workers of 10 for evacuation
[2025-05-26T17:58:20.790+0000][72][debug][gc,age      ] GC(23) Desired survivor size 153092096 bytes, new threshold 15 (max threshold 15)
[2025-05-26T17:58:20.952+0000][72][info ][gc,phases   ] GC(23)   Pre Evacuate Collection Set: 3.50ms
[2025-05-26T17:58:20.952+0000][72][info ][gc,phases   ] GC(23)   Merge Heap Roots: 1.53ms
[2025-05-26T17:58:20.953+0000][72][info ][gc,phases   ] GC(23)   Evacuate Collection Set: 143.10ms
[2025-05-26T17:58:20.953+0000][72][info ][gc,phases   ] GC(23)   Post Evacuate Collection Set: 12.94ms
[2025-05-26T17:58:20.954+0000][72][info ][gc,phases   ] GC(23)   Other: 2.73ms
[2025-05-26T17:58:20.954+0000][72][trace][gc,age      ] GC(23) Age table with threshold 15 (max threshold 15)
[2025-05-26T17:58:20.955+0000][72][trace][gc,age      ] GC(23) - age   1:    2228320 bytes,    2228320 total
[2025-05-26T17:58:20.955+0000][72][trace][gc,age      ] GC(23) - age   2:     126856 bytes,    2355176 total
[2025-05-26T17:58:20.955+0000][72][trace][gc,age      ] GC(23) - age   3:     192680 bytes,    2547856 total
[2025-05-26T17:58:20.956+0000][72][trace][gc,age      ] GC(23) - age   4:     180120 bytes,    2727976 total
[2025-05-26T17:58:20.956+0000][72][trace][gc,age      ] GC(23) - age   5:     261352 bytes,    2989328 total
[2025-05-26T17:58:20.956+0000][72][trace][gc,age      ] GC(23) - age   6:      54504 bytes,    3043832 total
[2025-05-26T17:58:20.957+0000][72][trace][gc,age      ] GC(23) - age   7:     238568 bytes,    3282400 total
[2025-05-26T17:58:20.957+0000][72][trace][gc,age      ] GC(23) - age   8:     135424 bytes,    3417824 total
[2025-05-26T17:58:20.958+0000][72][trace][gc,age      ] GC(23) - age   9:     459832 bytes,    3877656 total
[2025-05-26T17:58:20.958+0000][72][trace][gc,age      ] GC(23) - age  10:     300016 bytes,    4177672 total
[2025-05-26T17:58:20.958+0000][72][trace][gc,age      ] GC(23) - age  11:   40003824 bytes,   44181496 total
[2025-05-26T17:58:20.959+0000][72][info ][gc,heap     ] GC(23) Eden regions: 569->0(570)
[2025-05-26T17:58:20.959+0000][72][info ][gc,heap     ] GC(23) Survivor regions: 13->12(73)
[2025-05-26T17:58:20.960+0000][72][info ][gc,heap     ] GC(23) Old regions: 15->15
[2025-05-26T17:58:20.960+0000][72][info ][gc,heap     ] GC(23) Humongous regions: 0->0
[2025-05-26T17:58:20.961+0000][72][info ][gc,metaspace] GC(23) Metaspace: 146240K(149760K)->146240K(149760K) NonClass: 126592K(128448K)->126592K(128448K) Class: 19647K(21312K)->19647K(21312K)
[2025-05-26T17:58:20.961+0000][72][info ][gc          ] GC(23) Pause Young (Normal) (G1 Evacuation Pause) 2386M->105M(3880M) 174.167ms
[2025-05-26T17:58:20.962+0000][72][info ][gc,cpu      ] GC(23) User=1.43s Sys=0.01s Real=0.17s
[2025-05-26T17:58:20.962+0000][72][info ][safepoint   ] Safepoint "G1CollectForAllocation", Time since last: 40124069128 ns, Reaching safepoint: 27487 ns, Cleanup: 6159 ns, At safepoint: 176087659 ns, Total: 176121305 ns
[2025-05-26T17:58:29.008+0000][72][info ][safepoint   ] Safepoint "Cleanup", Time since last: 8047825740 ns, Reaching safepoint: 15734 ns, Cleanup: 147796 ns, At safepoint: 39403 ns, Total: 202933 ns
[2025-05-26T18:00:17.037+0000][72][info ][safepoint   ] Safepoint "Cleanup", Time since last: 108036625615 ns, Reaching safepoint: 71272 ns, Cleanup: 16742 ns, At safepoint: 17816 ns, Total: 105830 ns
[2025-05-26T18:01:48.120+0000][72][info ][safepoint   ] Safepoint "Cleanup", Time since last: 91090912083 ns, Reaching safepoint: 64527 ns, Cleanup: 14801 ns, At safepoint: 27986 ns, Total: 107314 ns
[2025-05-26T18:02:20.125+0000][72][info ][safepoint   ] Safepoint "Cleanup", Time since last: 32006957481 ns, Reaching safepoint: 50668 ns, Cleanup: 12200 ns, At safepoint: 9774 ns, Total: 72642 ns
[2025-05-26T18:02:21.337+0000][72][info ][safepoint   ] Safepoint "Cleanup", Time since last: 1211428052 ns, Reaching safepoint: 32395 ns, Cleanup: 23904 ns, At safepoint: 18369 ns, Total: 74668 ns
