[2025-05-29T03:06:05.028+0000][71][info][gc,init] CardTable entry size: 512
[2025-05-29T03:06:05.029+0000][71][info][gc     ] Using G1
[2025-05-29T03:06:06.323+0000][71][info][gc,init] Version: 22+36-2370 (release)
[2025-05-29T03:06:06.326+0000][71][info][gc,init] CPUs: 12 total, 12 available
[2025-05-29T03:06:06.334+0000][71][info][gc,init] Memory: 7757M
[2025-05-29T03:06:06.342+0000][71][info][gc,init] Large Page Support: Disabled
[2025-05-29T03:06:06.346+0000][71][info][gc,init] NUMA Support: Disabled
[2025-05-29T03:06:06.347+0000][71][info][gc,init] Compressed Oops: Enabled (Zero based)
[2025-05-29T03:06:06.349+0000][71][info][gc,init] Heap Region Size: 4M
[2025-05-29T03:06:06.350+0000][71][info][gc,init] Heap Min Capacity: 3880M
[2025-05-29T03:06:06.353+0000][71][info][gc,init] Heap Initial Capacity: 3880M
[2025-05-29T03:06:06.353+0000][71][info][gc,init] Heap Max Capacity: 3880M
[2025-05-29T03:06:06.354+0000][71][info][gc,init] Pre-touch: Enabled
[2025-05-29T03:06:06.354+0000][71][info][gc,init] Parallel Workers: 10
[2025-05-29T03:06:06.354+0000][71][info][gc,init] Concurrent Workers: 3
[2025-05-29T03:06:06.355+0000][71][info][gc,init] Concurrent Refinement Workers: 10
[2025-05-29T03:06:06.355+0000][71][info][gc,init] Periodic GC: Disabled
[2025-05-29T03:06:06.374+0000][71][info][gc,metaspace] CDS archive(s) mapped at: [0x00007fc4de000000-0x00007fc4dec74000-0x00007fc4dec74000), size 13058048, SharedBaseAddress: 0x00007fc4de000000, ArchiveRelocationMode: 1.
[2025-05-29T03:06:06.376+0000][71][info][gc,metaspace] Compressed class space mapped at: 0x00007fc4df000000-0x00007fc51f000000, reserved size: 1073741824
[2025-05-29T03:06:06.377+0000][71][info][gc,metaspace] Narrow klass base: 0x00007fc4de000000, Narrow klass shift: 0, Narrow klass range: 0x100000000
[2025-05-29T03:06:06.933+0000][71][info][safepoint   ] Safepoint "ICBufferFull", Time since last: 548580639 ns, Reaching safepoint: 4090 ns, Cleanup: 105348 ns, At safepoint: 7683 ns, Total: 117121 ns
[2025-05-29T03:06:07.638+0000][71][info][safepoint   ] Safepoint "ICBufferFull", Time since last: 704973338 ns, Reaching safepoint: 4644 ns, Cleanup: 119929 ns, At safepoint: 170725 ns, Total: 295298 ns
[2025-05-29T03:06:08.520+0000][71][info][safepoint   ] Safepoint "ICBufferFull", Time since last: 882239623 ns, Reaching safepoint: 106008 ns, Cleanup: 117621 ns, At safepoint: 23370 ns, Total: 246999 ns
[2025-05-29T03:06:09.507+0000][71][info][safepoint   ] Safepoint "ICBufferFull", Time since last: 986500636 ns, Reaching safepoint: 5604 ns, Cleanup: 140948 ns, At safepoint: 25417 ns, Total: 171969 ns
[2025-05-29T03:06:10.700+0000][71][info][safepoint   ] Safepoint "Cleanup", Time since last: 1192266934 ns, Reaching safepoint: 5688 ns, Cleanup: 94218 ns, At safepoint: 40721 ns, Total: 140627 ns
[2025-05-29T03:06:11.680+0000][71][info][safepoint   ] Safepoint "ICBufferFull", Time since last: 980111154 ns, Reaching safepoint: 7398 ns, Cleanup: 155182 ns, At safepoint: 11808 ns, Total: 174388 ns
[2025-05-29T03:06:11.796+0000][71][info][gc,start    ] GC(0) Pause Young (Concurrent Start) (Metadata GC Threshold)
[2025-05-29T03:06:11.797+0000][71][info][gc,task     ] GC(0) Using 10 workers of 10 for evacuation
[2025-05-29T03:06:11.797+0000][71][debug][gc,age      ] GC(0) Desired survivor size 12582912 bytes, new threshold 15 (max threshold 15)
[2025-05-29T03:06:11.817+0000][71][info ][gc,phases   ] GC(0)   Pre Evacuate Collection Set: 1.88ms
[2025-05-29T03:06:11.818+0000][71][info ][gc,phases   ] GC(0)   Merge Heap Roots: 0.37ms
[2025-05-29T03:06:11.818+0000][71][info ][gc,phases   ] GC(0)   Evacuate Collection Set: 8.78ms
[2025-05-29T03:06:11.818+0000][71][info ][gc,phases   ] GC(0)   Post Evacuate Collection Set: 8.04ms
[2025-05-29T03:06:11.819+0000][71][info ][gc,phases   ] GC(0)   Other: 1.05ms
[2025-05-29T03:06:11.819+0000][71][trace][gc,age      ] GC(0) Age table with threshold 15 (max threshold 15)
[2025-05-29T03:06:11.819+0000][71][trace][gc,age      ] GC(0) - age   1:   10224912 bytes,   10224912 total
[2025-05-29T03:06:11.820+0000][71][info ][gc,heap     ] GC(0) Eden regions: 44->0(45)
[2025-05-29T03:06:11.820+0000][71][info ][gc,heap     ] GC(0) Survivor regions: 0->3(6)
[2025-05-29T03:06:11.821+0000][71][info ][gc,heap     ] GC(0) Old regions: 1->1
[2025-05-29T03:06:11.821+0000][71][info ][gc,heap     ] GC(0) Humongous regions: 0->0
[2025-05-29T03:06:11.822+0000][71][info ][gc,metaspace] GC(0) Metaspace: 20952K(21504K)->20952K(21504K) NonClass: 18574K(18880K)->18574K(18880K) Class: 2378K(2624K)->2378K(2624K)
[2025-05-29T03:06:11.822+0000][71][info ][gc          ] GC(0) Pause Young (Concurrent Start) (Metadata GC Threshold) 177M->11M(3880M) 25.950ms
[2025-05-29T03:06:11.822+0000][71][info ][gc,cpu      ] GC(0) User=0.06s Sys=0.01s Real=0.02s
[2025-05-29T03:06:11.822+0000][71][info ][gc          ] GC(1) Concurrent Mark Cycle
[2025-05-29T03:06:11.825+0000][71][info ][gc,marking  ] GC(1) Concurrent Scan Root Regions
[2025-05-29T03:06:11.824+0000][71][info ][safepoint   ] Safepoint "CollectForMetadataAllocation", Time since last: 115920297 ns, Reaching safepoint: 264699 ns, Cleanup: 30854 ns, At safepoint: 27711109 ns, Total: 28006662 ns
[2025-05-29T03:06:11.832+0000][71][info ][gc,marking  ] GC(1) Concurrent Scan Root Regions 7.184ms
[2025-05-29T03:06:11.834+0000][71][info ][gc,marking  ] GC(1) Concurrent Mark
[2025-05-29T03:06:11.836+0000][71][info ][gc,marking  ] GC(1) Concurrent Mark From Roots
[2025-05-29T03:06:11.837+0000][71][info ][gc,task     ] GC(1) Using 3 workers of 3 for marking
[2025-05-29T03:06:11.842+0000][71][info ][gc,marking  ] GC(1) Concurrent Mark From Roots 5.994ms
[2025-05-29T03:06:11.843+0000][71][info ][gc,marking  ] GC(1) Concurrent Preclean
[2025-05-29T03:06:11.843+0000][71][info ][gc,marking  ] GC(1) Concurrent Preclean 0.313ms
[2025-05-29T03:06:11.843+0000][71][info ][gc,start    ] GC(1) Pause Remark
[2025-05-29T03:06:11.846+0000][71][info ][gc          ] GC(1) Pause Remark 15M->15M(3880M) 2.892ms
[2025-05-29T03:06:11.847+0000][71][info ][gc,cpu      ] GC(1) User=0.01s Sys=0.00s Real=0.01s
[2025-05-29T03:06:11.847+0000][71][info ][safepoint   ] Safepoint "G1PauseRemark", Time since last: 19604387 ns, Reaching safepoint: 98830 ns, Cleanup: 13203 ns, At safepoint: 3571144 ns, Total: 3683177 ns
[2025-05-29T03:06:11.847+0000][71][info ][gc,marking  ] GC(1) Concurrent Mark 12.987ms
[2025-05-29T03:06:11.848+0000][71][info ][gc,marking  ] GC(1) Concurrent Rebuild Remembered Sets and Scrub Regions
[2025-05-29T03:06:11.849+0000][71][info ][gc,marking  ] GC(1) Concurrent Rebuild Remembered Sets and Scrub Regions 0.931ms
[2025-05-29T03:06:11.849+0000][71][info ][gc,start    ] GC(1) Pause Cleanup
[2025-05-29T03:06:11.850+0000][71][info ][gc          ] GC(1) Pause Cleanup 15M->15M(3880M) 0.634ms
[2025-05-29T03:06:11.850+0000][71][info ][gc,cpu      ] GC(1) User=0.00s Sys=0.00s Real=0.00s
[2025-05-29T03:06:11.851+0000][71][info ][safepoint   ] Safepoint "G1PauseCleanup", Time since last: 2026898 ns, Reaching safepoint: 4522 ns, Cleanup: 8847 ns, At safepoint: 1498683 ns, Total: 1512052 ns
[2025-05-29T03:06:11.851+0000][71][info ][gc,marking  ] GC(1) Concurrent Clear Claimed Marks
[2025-05-29T03:06:11.852+0000][71][info ][gc,marking  ] GC(1) Concurrent Clear Claimed Marks 0.782ms
[2025-05-29T03:06:11.852+0000][71][info ][gc,marking  ] GC(1) Concurrent Cleanup for Next Mark
[2025-05-29T03:06:11.855+0000][71][info ][gc,marking  ] GC(1) Concurrent Cleanup for Next Mark 2.732ms
[2025-05-29T03:06:11.856+0000][71][info ][gc          ] GC(1) Concurrent Mark Cycle 33.004ms
[2025-05-29T03:06:13.131+0000][71][info ][safepoint   ] Safepoint "Cleanup", Time since last: 1280033049 ns, Reaching safepoint: 264327 ns, Cleanup: 109022 ns, At safepoint: 44659 ns, Total: 418008 ns
[2025-05-29T03:06:13.855+0000][71][info ][gc,start    ] GC(2) Pause Young (Prepare Mixed) (G1 Evacuation Pause)
[2025-05-29T03:06:13.858+0000][71][info ][gc,task     ] GC(2) Using 10 workers of 10 for evacuation
[2025-05-29T03:06:13.858+0000][71][debug][gc,age      ] GC(2) Desired survivor size 12582912 bytes, new threshold 15 (max threshold 15)
[2025-05-29T03:06:13.893+0000][71][info ][gc,phases   ] GC(2)   Pre Evacuate Collection Set: 0.50ms
[2025-05-29T03:06:13.901+0000][71][info ][gc,phases   ] GC(2)   Merge Heap Roots: 0.60ms
[2025-05-29T03:06:13.902+0000][71][info ][gc,phases   ] GC(2)   Evacuate Collection Set: 26.43ms
[2025-05-29T03:06:13.902+0000][71][info ][gc,phases   ] GC(2)   Post Evacuate Collection Set: 4.73ms
[2025-05-29T03:06:13.903+0000][71][info ][gc,phases   ] GC(2)   Other: 2.66ms
[2025-05-29T03:06:13.903+0000][71][trace][gc,age      ] GC(2) Age table with threshold 15 (max threshold 15)
[2025-05-29T03:06:13.903+0000][71][trace][gc,age      ] GC(2) - age   1:    6295408 bytes,    6295408 total
[2025-05-29T03:06:13.904+0000][71][trace][gc,age      ] GC(2) - age   2:    9293584 bytes,   15588992 total
[2025-05-29T03:06:13.904+0000][71][info ][gc,heap     ] GC(2) Eden regions: 45->0(44)
[2025-05-29T03:06:13.905+0000][71][info ][gc,heap     ] GC(2) Survivor regions: 3->4(6)
[2025-05-29T03:06:13.905+0000][71][info ][gc,heap     ] GC(2) Old regions: 1->1
[2025-05-29T03:06:13.905+0000][71][info ][gc,heap     ] GC(2) Humongous regions: 0->0
[2025-05-29T03:06:13.906+0000][71][info ][gc,metaspace] GC(2) Metaspace: 27570K(28160K)->27570K(28160K) NonClass: 24456K(24768K)->24456K(24768K) Class: 3114K(3392K)->3114K(3392K)
[2025-05-29T03:06:13.906+0000][71][info ][gc          ] GC(2) Pause Young (Prepare Mixed) (G1 Evacuation Pause) 191M->16M(3880M) 51.068ms
[2025-05-29T03:06:13.907+0000][71][info ][gc,cpu      ] GC(2) User=0.11s Sys=0.05s Real=0.06s
[2025-05-29T03:06:13.907+0000][71][info ][safepoint   ] Safepoint "G1CollectForAllocation", Time since last: 723828960 ns, Reaching safepoint: 9401 ns, Cleanup: 227660 ns, At safepoint: 52070248 ns, Total: 52307309 ns
[2025-05-29T03:06:15.040+0000][71][info ][safepoint   ] Safepoint "ICBufferFull", Time since last: 1132613488 ns, Reaching safepoint: 7499 ns, Cleanup: 148408 ns, At safepoint: 10037 ns, Total: 165944 ns
[2025-05-29T03:06:15.286+0000][71][info ][gc,start    ] GC(3) Pause Young (Mixed) (G1 Evacuation Pause)
[2025-05-29T03:06:15.287+0000][71][info ][gc,task     ] GC(3) Using 10 workers of 10 for evacuation
[2025-05-29T03:06:15.287+0000][71][debug][gc,age      ] GC(3) Desired survivor size 12582912 bytes, new threshold 2 (max threshold 15)
[2025-05-29T03:06:15.308+0000][71][info ][gc,phases   ] GC(3)   Pre Evacuate Collection Set: 0.39ms
[2025-05-29T03:06:15.308+0000][71][info ][gc,phases   ] GC(3)   Merge Heap Roots: 0.16ms
[2025-05-29T03:06:15.309+0000][71][info ][gc,phases   ] GC(3)   Evacuate Collection Set: 18.56ms
[2025-05-29T03:06:15.309+0000][71][info ][gc,phases   ] GC(3)   Post Evacuate Collection Set: 1.38ms
[2025-05-29T03:06:15.309+0000][71][info ][gc,phases   ] GC(3)   Other: 0.75ms
[2025-05-29T03:06:15.310+0000][71][trace][gc,age      ] GC(3) Age table with threshold 2 (max threshold 15)
[2025-05-29T03:06:15.310+0000][71][trace][gc,age      ] GC(3) - age   1:    5945696 bytes,    5945696 total
[2025-05-29T03:06:15.310+0000][71][trace][gc,age      ] GC(3) - age   2:    4255840 bytes,   10201536 total
[2025-05-29T03:06:15.311+0000][71][info ][gc,heap     ] GC(3) Eden regions: 44->0(85)
[2025-05-29T03:06:15.312+0000][71][info ][gc,heap     ] GC(3) Survivor regions: 4->3(6)
[2025-05-29T03:06:15.312+0000][71][info ][gc,heap     ] GC(3) Old regions: 1->3
[2025-05-29T03:06:15.313+0000][71][info ][gc,heap     ] GC(3) Humongous regions: 0->0
[2025-05-29T03:06:15.313+0000][71][info ][gc,metaspace] GC(3) Metaspace: 29043K(29696K)->29043K(29696K) NonClass: 25649K(25984K)->25649K(25984K) Class: 3394K(3712K)->3394K(3712K)
[2025-05-29T03:06:15.313+0000][71][info ][gc          ] GC(3) Pause Young (Mixed) (G1 Evacuation Pause) 192M->21M(3880M) 27.343ms
[2025-05-29T03:06:15.314+0000][71][info ][gc,cpu      ] GC(3) User=0.09s Sys=0.01s Real=0.03s
[2025-05-29T03:06:15.314+0000][71][info ][safepoint   ] Safepoint "G1CollectForAllocation", Time since last: 246078591 ns, Reaching safepoint: 6598 ns, Cleanup: 31127 ns, At safepoint: 28127885 ns, Total: 28165610 ns
[2025-05-29T03:06:16.691+0000][71][info ][gc,start    ] GC(4) Pause Young (Normal) (G1 Evacuation Pause)
[2025-05-29T03:06:16.692+0000][71][info ][gc,task     ] GC(4) Using 10 workers of 10 for evacuation
[2025-05-29T03:06:16.692+0000][71][debug][gc,age      ] GC(4) Desired survivor size 23068672 bytes, new threshold 15 (max threshold 15)
[2025-05-29T03:06:16.712+0000][71][info ][gc,phases   ] GC(4)   Pre Evacuate Collection Set: 0.34ms
[2025-05-29T03:06:16.713+0000][71][info ][gc,phases   ] GC(4)   Merge Heap Roots: 4.33ms
[2025-05-29T03:06:16.713+0000][71][info ][gc,phases   ] GC(4)   Evacuate Collection Set: 11.22ms
[2025-05-29T03:06:16.714+0000][71][info ][gc,phases   ] GC(4)   Post Evacuate Collection Set: 3.36ms
[2025-05-29T03:06:16.714+0000][71][info ][gc,phases   ] GC(4)   Other: 1.02ms
[2025-05-29T03:06:16.714+0000][71][trace][gc,age      ] GC(4) Age table with threshold 15 (max threshold 15)
[2025-05-29T03:06:16.715+0000][71][trace][gc,age      ] GC(4) - age   1:    5055360 bytes,    5055360 total
[2025-05-29T03:06:16.715+0000][71][trace][gc,age      ] GC(4) - age   2:    4113120 bytes,    9168480 total
[2025-05-29T03:06:16.716+0000][71][trace][gc,age      ] GC(4) - age   3:    4254912 bytes,   13423392 total
[2025-05-29T03:06:16.716+0000][71][info ][gc,heap     ] GC(4) Eden regions: 85->0(125)
[2025-05-29T03:06:16.717+0000][71][info ][gc,heap     ] GC(4) Survivor regions: 3->4(11)
[2025-05-29T03:06:16.717+0000][71][info ][gc,heap     ] GC(4) Old regions: 3->3
[2025-05-29T03:06:16.717+0000][71][info ][gc,heap     ] GC(4) Humongous regions: 0->0
[2025-05-29T03:06:16.718+0000][71][info ][gc,metaspace] GC(4) Metaspace: 29936K(30720K)->29936K(30720K) NonClass: 26432K(26880K)->26432K(26880K) Class: 3504K(3840K)->3504K(3840K)
[2025-05-29T03:06:16.718+0000][71][info ][gc          ] GC(4) Pause Young (Normal) (G1 Evacuation Pause) 361M->23M(3880M) 27.578ms
[2025-05-29T03:06:16.719+0000][71][info ][gc,cpu      ] GC(4) User=0.04s Sys=0.02s Real=0.03s
[2025-05-29T03:06:16.719+0000][71][info ][safepoint   ] Safepoint "G1CollectForAllocation", Time since last: 1379678250 ns, Reaching safepoint: 5281 ns, Cleanup: 94738 ns, At safepoint: 28453120 ns, Total: 28553139 ns
[2025-05-29T03:06:18.454+0000][71][info ][gc,start    ] GC(5) Pause Young (Concurrent Start) (Metadata GC Threshold)
[2025-05-29T03:06:18.456+0000][71][info ][gc,task     ] GC(5) Using 10 workers of 10 for evacuation
[2025-05-29T03:06:18.457+0000][71][debug][gc,age      ] GC(5) Desired survivor size 35651584 bytes, new threshold 15 (max threshold 15)
[2025-05-29T03:06:18.465+0000][71][info ][gc,phases   ] GC(5)   Pre Evacuate Collection Set: 0.70ms
[2025-05-29T03:06:18.466+0000][71][info ][gc,phases   ] GC(5)   Merge Heap Roots: 0.47ms
[2025-05-29T03:06:18.466+0000][71][info ][gc,phases   ] GC(5)   Evacuate Collection Set: 5.13ms
[2025-05-29T03:06:18.466+0000][71][info ][gc,phases   ] GC(5)   Post Evacuate Collection Set: 0.83ms
[2025-05-29T03:06:18.467+0000][71][info ][gc,phases   ] GC(5)   Other: 2.55ms
[2025-05-29T03:06:18.467+0000][71][trace][gc,age      ] GC(5) Age table with threshold 15 (max threshold 15)
[2025-05-29T03:06:18.467+0000][71][trace][gc,age      ] GC(5) - age   1:    3811704 bytes,    3811704 total
[2025-05-29T03:06:18.468+0000][71][trace][gc,age      ] GC(5) - age   2:    3023304 bytes,    6835008 total
[2025-05-29T03:06:18.468+0000][71][trace][gc,age      ] GC(5) - age   3:    4109024 bytes,   10944032 total
[2025-05-29T03:06:18.469+0000][71][trace][gc,age      ] GC(5) - age   4:    4253760 bytes,   15197792 total
[2025-05-29T03:06:18.469+0000][71][info ][gc,heap     ] GC(5) Eden regions: 29->0(277)
[2025-05-29T03:06:18.469+0000][71][info ][gc,heap     ] GC(5) Survivor regions: 4->4(17)
[2025-05-29T03:06:18.470+0000][71][info ][gc,heap     ] GC(5) Old regions: 3->3
[2025-05-29T03:06:18.470+0000][71][info ][gc,heap     ] GC(5) Humongous regions: 0->0
[2025-05-29T03:06:18.471+0000][71][info ][gc,metaspace] GC(5) Metaspace: 35319K(36096K)->35319K(36096K) NonClass: 31217K(31680K)->31217K(31680K) Class: 4101K(4416K)->4101K(4416K)
[2025-05-29T03:06:18.471+0000][71][info ][gc          ] GC(5) Pause Young (Concurrent Start) (Metadata GC Threshold) 139M->26M(3880M) 16.832ms
[2025-05-29T03:06:18.472+0000][71][info ][gc,cpu      ] GC(5) User=0.03s Sys=0.00s Real=0.01s
[2025-05-29T03:06:18.472+0000][71][info ][gc          ] GC(6) Concurrent Mark Cycle
[2025-05-29T03:06:18.473+0000][71][info ][gc,marking  ] GC(6) Concurrent Scan Root Regions
[2025-05-29T03:06:18.472+0000][71][info ][safepoint   ] Safepoint "CollectForMetadataAllocation", Time since last: 1734935070 ns, Reaching safepoint: 5024 ns, Cleanup: 96330 ns, At safepoint: 18165813 ns, Total: 18267167 ns
[2025-05-29T03:06:18.476+0000][71][info ][gc,marking  ] GC(6) Concurrent Scan Root Regions 3.532ms
[2025-05-29T03:06:18.477+0000][71][info ][gc,marking  ] GC(6) Concurrent Mark
[2025-05-29T03:06:18.477+0000][71][info ][gc,marking  ] GC(6) Concurrent Mark From Roots
[2025-05-29T03:06:18.477+0000][71][info ][gc,task     ] GC(6) Using 3 workers of 3 for marking
[2025-05-29T03:06:18.489+0000][71][info ][gc,marking  ] GC(6) Concurrent Mark From Roots 12.151ms
[2025-05-29T03:06:18.491+0000][71][info ][gc,marking  ] GC(6) Concurrent Preclean
[2025-05-29T03:06:18.494+0000][71][info ][gc,marking  ] GC(6) Concurrent Preclean 2.483ms
[2025-05-29T03:06:18.495+0000][71][info ][gc,start    ] GC(6) Pause Remark
[2025-05-29T03:06:18.509+0000][71][info ][gc          ] GC(6) Pause Remark 32M->32M(3880M) 14.251ms
[2025-05-29T03:06:18.510+0000][71][info ][gc,cpu      ] GC(6) User=0.05s Sys=0.00s Real=0.01s
[2025-05-29T03:06:18.510+0000][71][info ][safepoint   ] Safepoint "G1PauseRemark", Time since last: 22449530 ns, Reaching safepoint: 5717 ns, Cleanup: 15536 ns, At safepoint: 15364655 ns, Total: 15385908 ns
[2025-05-29T03:06:18.511+0000][71][info ][gc,marking  ] GC(6) Concurrent Mark 34.800ms
[2025-05-29T03:06:18.513+0000][71][info ][gc,marking  ] GC(6) Concurrent Rebuild Remembered Sets and Scrub Regions
[2025-05-29T03:06:18.520+0000][71][info ][gc,marking  ] GC(6) Concurrent Rebuild Remembered Sets and Scrub Regions 6.718ms
[2025-05-29T03:06:18.522+0000][71][info ][gc,start    ] GC(6) Pause Cleanup
[2025-05-29T03:06:18.523+0000][71][info ][gc          ] GC(6) Pause Cleanup 34M->34M(3880M) 0.787ms
[2025-05-29T03:06:18.524+0000][71][info ][gc,cpu      ] GC(6) User=0.00s Sys=0.00s Real=0.00s
[2025-05-29T03:06:18.525+0000][71][info ][safepoint   ] Safepoint "G1PauseCleanup", Time since last: 11951141 ns, Reaching safepoint: 149689 ns, Cleanup: 96338 ns, At safepoint: 2709742 ns, Total: 2955769 ns
[2025-05-29T03:06:18.526+0000][71][info ][gc,marking  ] GC(6) Concurrent Clear Claimed Marks
[2025-05-29T03:06:18.526+0000][71][info ][gc,marking  ] GC(6) Concurrent Clear Claimed Marks 0.558ms
[2025-05-29T03:06:18.526+0000][71][info ][gc,marking  ] GC(6) Concurrent Cleanup for Next Mark
[2025-05-29T03:06:18.530+0000][71][info ][gc,marking  ] GC(6) Concurrent Cleanup for Next Mark 3.780ms
[2025-05-29T03:06:18.531+0000][71][info ][gc          ] GC(6) Concurrent Mark Cycle 59.284ms
[2025-05-29T03:06:19.529+0000][71][info ][safepoint   ] Safepoint "Cleanup", Time since last: 1003913200 ns, Reaching safepoint: 10733 ns, Cleanup: 61506 ns, At safepoint: 8841 ns, Total: 81080 ns
[2025-05-29T03:06:20.534+0000][71][info ][safepoint   ] Safepoint "Cleanup", Time since last: 1004270450 ns, Reaching safepoint: 107428 ns, Cleanup: 146172 ns, At safepoint: 22221 ns, Total: 275821 ns
[2025-05-29T03:06:21.534+0000][71][info ][safepoint   ] Safepoint "Cleanup", Time since last: 1000578817 ns, Reaching safepoint: 11813 ns, Cleanup: 43636 ns, At safepoint: 28245 ns, Total: 83694 ns
[2025-05-29T03:06:22.535+0000][71][info ][safepoint   ] Safepoint "Cleanup", Time since last: 1000599548 ns, Reaching safepoint: 100018 ns, Cleanup: 74669 ns, At safepoint: 19558 ns, Total: 194245 ns
[2025-05-29T03:06:23.538+0000][71][info ][safepoint   ] Safepoint "Cleanup", Time since last: 1000949643 ns, Reaching safepoint: 2153608 ns, Cleanup: 123752 ns, At safepoint: 52958 ns, Total: 2330318 ns
[2025-05-29T03:06:24.546+0000][71][info ][safepoint   ] Safepoint "Cleanup", Time since last: 1005606084 ns, Reaching safepoint: 2167276 ns, Cleanup: 84397 ns, At safepoint: 59869 ns, Total: 2311542 ns
[2025-05-29T03:06:25.549+0000][71][info ][safepoint   ] Safepoint "Cleanup", Time since last: 1002236151 ns, Reaching safepoint: 115679 ns, Cleanup: 84418 ns, At safepoint: 25925 ns, Total: 226022 ns
[2025-05-29T03:06:26.886+0000][71][info ][safepoint   ] Safepoint "Cleanup", Time since last: 1337278508 ns, Reaching safepoint: 3614 ns, Cleanup: 65298 ns, At safepoint: 17060 ns, Total: 85972 ns
[2025-05-29T03:06:27.895+0000][71][info ][safepoint   ] Safepoint "Cleanup", Time since last: 1008311054 ns, Reaching safepoint: 104198 ns, Cleanup: 22466 ns, At safepoint: 27000 ns, Total: 153664 ns
[2025-05-29T03:06:28.473+0000][71][info ][gc,start    ] GC(7) Pause Young (Concurrent Start) (Metadata GC Threshold)
[2025-05-29T03:06:28.473+0000][71][info ][gc,task     ] GC(7) Using 10 workers of 10 for evacuation
[2025-05-29T03:06:28.474+0000][71][debug][gc,age      ] GC(7) Desired survivor size 75497472 bytes, new threshold 15 (max threshold 15)
[2025-05-29T03:06:28.514+0000][71][info ][gc,phases   ] GC(7)   Pre Evacuate Collection Set: 0.77ms
[2025-05-29T03:06:28.514+0000][71][info ][gc,phases   ] GC(7)   Merge Heap Roots: 0.14ms
[2025-05-29T03:06:28.515+0000][71][info ][gc,phases   ] GC(7)   Evacuate Collection Set: 33.50ms
[2025-05-29T03:06:28.515+0000][71][info ][gc,phases   ] GC(7)   Post Evacuate Collection Set: 4.15ms
[2025-05-29T03:06:28.516+0000][71][info ][gc,phases   ] GC(7)   Other: 1.57ms
[2025-05-29T03:06:28.516+0000][71][trace][gc,age      ] GC(7) Age table with threshold 15 (max threshold 15)
[2025-05-29T03:06:28.516+0000][71][trace][gc,age      ] GC(7) - age   1:   14925808 bytes,   14925808 total
[2025-05-29T03:06:28.517+0000][71][trace][gc,age      ] GC(7) - age   2:    3783240 bytes,   18709048 total
[2025-05-29T03:06:28.517+0000][71][trace][gc,age      ] GC(7) - age   3:    3016104 bytes,   21725152 total
[2025-05-29T03:06:28.517+0000][71][trace][gc,age      ] GC(7) - age   4:    4092960 bytes,   25818112 total
[2025-05-29T03:06:28.518+0000][71][trace][gc,age      ] GC(7) - age   5:    4238536 bytes,   30056648 total
[2025-05-29T03:06:28.518+0000][71][info ][gc,heap     ] GC(7) Eden regions: 238->0(574)
[2025-05-29T03:06:28.519+0000][71][info ][gc,heap     ] GC(7) Survivor regions: 4->8(36)
[2025-05-29T03:06:28.520+0000][71][info ][gc,heap     ] GC(7) Old regions: 3->3
[2025-05-29T03:06:28.520+0000][71][info ][gc,heap     ] GC(7) Humongous regions: 0->0
[2025-05-29T03:06:28.523+0000][71][info ][gc,metaspace] GC(7) Metaspace: 58981K(60288K)->58981K(60288K) NonClass: 51537K(52288K)->51537K(52288K) Class: 7443K(8000K)->7443K(8000K)
[2025-05-29T03:06:28.525+0000][71][info ][gc          ] GC(7) Pause Young (Concurrent Start) (Metadata GC Threshold) 978M->41M(3880M) 51.932ms
[2025-05-29T03:06:28.526+0000][71][info ][gc,cpu      ] GC(7) User=0.25s Sys=0.03s Real=0.05s
[2025-05-29T03:06:28.526+0000][71][info ][gc          ] GC(8) Concurrent Mark Cycle
[2025-05-29T03:06:28.526+0000][71][info ][safepoint   ] Safepoint "CollectForMetadataAllocation", Time since last: 577963256 ns, Reaching safepoint: 6555 ns, Cleanup: 58933 ns, At safepoint: 53590518 ns, Total: 53656006 ns
[2025-05-29T03:06:28.527+0000][71][info ][gc,marking  ] GC(8) Concurrent Scan Root Regions
[2025-05-29T03:06:28.539+0000][71][info ][gc,marking  ] GC(8) Concurrent Scan Root Regions 11.825ms
[2025-05-29T03:06:28.539+0000][71][info ][gc,marking  ] GC(8) Concurrent Mark
[2025-05-29T03:06:28.539+0000][71][info ][gc,marking  ] GC(8) Concurrent Mark From Roots
[2025-05-29T03:06:28.540+0000][71][info ][gc,task     ] GC(8) Using 3 workers of 3 for marking
[2025-05-29T03:06:28.552+0000][71][info ][gc,marking  ] GC(8) Concurrent Mark From Roots 12.775ms
[2025-05-29T03:06:28.553+0000][71][info ][gc,marking  ] GC(8) Concurrent Preclean
[2025-05-29T03:06:28.553+0000][71][info ][gc,marking  ] GC(8) Concurrent Preclean 0.334ms
[2025-05-29T03:06:28.554+0000][71][info ][gc,start    ] GC(8) Pause Remark
[2025-05-29T03:06:28.560+0000][71][info ][gc          ] GC(8) Pause Remark 45M->45M(3880M) 5.669ms
[2025-05-29T03:06:28.565+0000][71][info ][gc,cpu      ] GC(8) User=0.01s Sys=0.01s Real=0.01s
[2025-05-29T03:06:28.565+0000][71][info ][safepoint   ] Safepoint "G1PauseRemark", Time since last: 27415801 ns, Reaching safepoint: 523908 ns, Cleanup: 5278 ns, At safepoint: 11313137 ns, Total: 11842323 ns
[2025-05-29T03:06:28.566+0000][71][info ][gc,marking  ] GC(8) Concurrent Mark 27.148ms
[2025-05-29T03:06:28.567+0000][71][info ][gc,marking  ] GC(8) Concurrent Rebuild Remembered Sets and Scrub Regions
[2025-05-29T03:06:28.572+0000][71][info ][gc,marking  ] GC(8) Concurrent Rebuild Remembered Sets and Scrub Regions 5.520ms
[2025-05-29T03:06:28.573+0000][71][info ][gc,start    ] GC(8) Pause Cleanup
[2025-05-29T03:06:28.574+0000][71][info ][gc          ] GC(8) Pause Cleanup 45M->45M(3880M) 0.744ms
[2025-05-29T03:06:28.574+0000][71][info ][gc,cpu      ] GC(8) User=0.00s Sys=0.00s Real=0.00s
[2025-05-29T03:06:28.575+0000][71][info ][safepoint   ] Safepoint "G1PauseCleanup", Time since last: 7405531 ns, Reaching safepoint: 5697 ns, Cleanup: 16182 ns, At safepoint: 1782641 ns, Total: 1804520 ns
[2025-05-29T03:06:28.575+0000][71][info ][gc,marking  ] GC(8) Concurrent Clear Claimed Marks
[2025-05-29T03:06:28.576+0000][71][info ][gc,marking  ] GC(8) Concurrent Clear Claimed Marks 0.675ms
[2025-05-29T03:06:28.576+0000][71][info ][gc,marking  ] GC(8) Concurrent Cleanup for Next Mark
[2025-05-29T03:06:28.585+0000][71][info ][gc,marking  ] GC(8) Concurrent Cleanup for Next Mark 8.517ms
[2025-05-29T03:06:28.585+0000][71][info ][gc          ] GC(8) Concurrent Mark Cycle 59.772ms
[2025-05-29T03:06:30.391+0000][71][info ][safepoint   ] Safepoint "Cleanup", Time since last: 1816262749 ns, Reaching safepoint: 182022 ns, Cleanup: 165358 ns, At safepoint: 140074 ns, Total: 487454 ns
[2025-05-29T03:06:31.396+0000][71][info ][safepoint   ] Safepoint "Cleanup", Time since last: 1004238809 ns, Reaching safepoint: 151001 ns, Cleanup: 101171 ns, At safepoint: 85941 ns, Total: 338113 ns
[2025-05-29T03:06:32.408+0000][71][info ][safepoint   ] Safepoint "Cleanup", Time since last: 1011800272 ns, Reaching safepoint: 125763 ns, Cleanup: 23109 ns, At safepoint: 35596 ns, Total: 184468 ns
[2025-05-29T03:06:33.817+0000][71][info ][safepoint   ] Safepoint "Cleanup", Time since last: 1408650357 ns, Reaching safepoint: 108522 ns, Cleanup: 153425 ns, At safepoint: 169617 ns, Total: 431564 ns
[2025-05-29T03:06:34.903+0000][71][info ][safepoint   ] Safepoint "Cleanup", Time since last: 1085856975 ns, Reaching safepoint: 3485 ns, Cleanup: 80839 ns, At safepoint: 32638 ns, Total: 116962 ns
[2025-05-29T03:06:36.051+0000][71][info ][safepoint   ] Safepoint "Cleanup", Time since last: 1147590382 ns, Reaching safepoint: 3525 ns, Cleanup: 88760 ns, At safepoint: 17132 ns, Total: 109417 ns
[2025-05-29T03:06:37.058+0000][71][info ][safepoint   ] Safepoint "Cleanup", Time since last: 1006639196 ns, Reaching safepoint: 308540 ns, Cleanup: 89436 ns, At safepoint: 29675 ns, Total: 427651 ns
[2025-05-29T03:06:37.958+0000][71][info ][gc,start    ] GC(9) Pause Young (Concurrent Start) (Metadata GC Threshold)
[2025-05-29T03:06:37.959+0000][71][info ][gc,task     ] GC(9) Using 10 workers of 10 for evacuation
[2025-05-29T03:06:37.960+0000][71][debug][gc,age      ] GC(9) Desired survivor size 153092096 bytes, new threshold 15 (max threshold 15)
[2025-05-29T03:06:37.983+0000][71][info ][gc,phases   ] GC(9)   Pre Evacuate Collection Set: 0.62ms
[2025-05-29T03:06:37.984+0000][71][info ][gc,phases   ] GC(9)   Merge Heap Roots: 0.20ms
[2025-05-29T03:06:37.984+0000][71][info ][gc,phases   ] GC(9)   Evacuate Collection Set: 18.59ms
[2025-05-29T03:06:37.985+0000][71][info ][gc,phases   ] GC(9)   Post Evacuate Collection Set: 3.88ms
[2025-05-29T03:06:37.985+0000][71][info ][gc,phases   ] GC(9)   Other: 0.94ms
[2025-05-29T03:06:37.985+0000][71][trace][gc,age      ] GC(9) Age table with threshold 15 (max threshold 15)
[2025-05-29T03:06:37.986+0000][71][trace][gc,age      ] GC(9) - age   1:   21138424 bytes,   21138424 total
[2025-05-29T03:06:37.988+0000][71][trace][gc,age      ] GC(9) - age   2:   14298528 bytes,   35436952 total
[2025-05-29T03:06:37.988+0000][71][trace][gc,age      ] GC(9) - age   3:    3757184 bytes,   39194136 total
[2025-05-29T03:06:37.989+0000][71][trace][gc,age      ] GC(9) - age   4:    2990584 bytes,   42184720 total
[2025-05-29T03:06:37.989+0000][71][trace][gc,age      ] GC(9) - age   5:    4075528 bytes,   46260248 total
[2025-05-29T03:06:37.989+0000][71][trace][gc,age      ] GC(9) - age   6:    4209072 bytes,   50469320 total
[2025-05-29T03:06:37.989+0000][71][info ][gc,heap     ] GC(9) Eden regions: 206->0(394)
[2025-05-29T03:06:37.990+0000][71][info ][gc,heap     ] GC(9) Survivor regions: 8->14(73)
[2025-05-29T03:06:37.990+0000][71][info ][gc,heap     ] GC(9) Old regions: 3->3
[2025-05-29T03:06:37.990+0000][71][info ][gc,heap     ] GC(9) Humongous regions: 0->0
[2025-05-29T03:06:37.991+0000][71][info ][gc,metaspace] GC(9) Metaspace: 98929K(100800K)->98929K(100800K) NonClass: 85810K(86912K)->85810K(86912K) Class: 13119K(13888K)->13119K(13888K)
[2025-05-29T03:06:37.991+0000][71][info ][gc          ] GC(9) Pause Young (Concurrent Start) (Metadata GC Threshold) 863M->63M(3880M) 32.588ms
[2025-05-29T03:06:37.991+0000][71][info ][gc,cpu      ] GC(9) User=0.14s Sys=0.02s Real=0.03s
[2025-05-29T03:06:37.991+0000][71][info ][gc          ] GC(10) Concurrent Mark Cycle
[2025-05-29T03:06:37.992+0000][71][info ][safepoint   ] Safepoint "CollectForMetadataAllocation", Time since last: 900593655 ns, Reaching safepoint: 5171 ns, Cleanup: 61695 ns, At safepoint: 33525317 ns, Total: 33592183 ns
[2025-05-29T03:06:37.994+0000][71][info ][gc,marking  ] GC(10) Concurrent Scan Root Regions
[2025-05-29T03:06:38.014+0000][71][info ][gc,marking  ] GC(10) Concurrent Scan Root Regions 20.034ms
[2025-05-29T03:06:38.015+0000][71][info ][gc,marking  ] GC(10) Concurrent Mark
[2025-05-29T03:06:38.015+0000][71][info ][gc,marking  ] GC(10) Concurrent Mark From Roots
[2025-05-29T03:06:38.016+0000][71][info ][gc,task     ] GC(10) Using 3 workers of 3 for marking
[2025-05-29T03:06:38.024+0000][71][info ][gc,marking  ] GC(10) Concurrent Mark From Roots 8.231ms
[2025-05-29T03:06:38.025+0000][71][info ][gc,marking  ] GC(10) Concurrent Preclean
[2025-05-29T03:06:38.025+0000][71][info ][gc,marking  ] GC(10) Concurrent Preclean 0.612ms
[2025-05-29T03:06:38.026+0000][71][info ][gc,start    ] GC(10) Pause Remark
[2025-05-29T03:06:38.031+0000][71][info ][gc          ] GC(10) Pause Remark 69M->69M(3880M) 4.509ms
[2025-05-29T03:06:38.031+0000][71][info ][gc,cpu      ] GC(10) User=0.02s Sys=0.00s Real=0.00s
[2025-05-29T03:06:38.031+0000][71][info ][safepoint   ] Safepoint "G1PauseRemark", Time since last: 34094706 ns, Reaching safepoint: 106180 ns, Cleanup: 4520 ns, At safepoint: 5296645 ns, Total: 5407345 ns
[2025-05-29T03:06:38.032+0000][71][info ][gc,marking  ] GC(10) Concurrent Mark 17.124ms
[2025-05-29T03:06:38.032+0000][71][info ][gc,marking  ] GC(10) Concurrent Rebuild Remembered Sets and Scrub Regions
[2025-05-29T03:06:38.036+0000][71][info ][gc,marking  ] GC(10) Concurrent Rebuild Remembered Sets and Scrub Regions 4.006ms
[2025-05-29T03:06:38.037+0000][71][info ][gc,start    ] GC(10) Pause Cleanup
[2025-05-29T03:06:38.038+0000][71][info ][gc          ] GC(10) Pause Cleanup 69M->69M(3880M) 0.558ms
[2025-05-29T03:06:38.038+0000][71][info ][gc,cpu      ] GC(10) User=0.00s Sys=0.00s Real=0.00s
[2025-05-29T03:06:38.038+0000][71][info ][safepoint   ] Safepoint "G1PauseCleanup", Time since last: 5515085 ns, Reaching safepoint: 104568 ns, Cleanup: 14562 ns, At safepoint: 1293650 ns, Total: 1412780 ns
[2025-05-29T03:06:38.039+0000][71][info ][gc,marking  ] GC(10) Concurrent Clear Claimed Marks
[2025-05-29T03:06:38.039+0000][71][info ][gc,marking  ] GC(10) Concurrent Clear Claimed Marks 0.432ms
[2025-05-29T03:06:38.040+0000][71][info ][gc,marking  ] GC(10) Concurrent Cleanup for Next Mark
[2025-05-29T03:06:38.044+0000][71][info ][gc,marking  ] GC(10) Concurrent Cleanup for Next Mark 4.309ms
[2025-05-29T03:06:38.044+0000][71][info ][gc          ] GC(10) Concurrent Mark Cycle 52.931ms
[2025-05-29T03:06:39.540+0000][71][info ][safepoint   ] Safepoint "Cleanup", Time since last: 1501110037 ns, Reaching safepoint: 109836 ns, Cleanup: 106307 ns, At safepoint: 39796 ns, Total: 255939 ns
[2025-05-29T03:06:40.803+0000][71][info ][safepoint   ] Safepoint "ICBufferFull", Time since last: 1261158015 ns, Reaching safepoint: 35345 ns, Cleanup: 125669 ns, At safepoint: 2113060 ns, Total: 2274074 ns
[2025-05-29T03:06:41.111+0000][71][info ][safepoint   ] Safepoint "ICBufferFull", Time since last: 307460420 ns, Reaching safepoint: 7882 ns, Cleanup: 120721 ns, At safepoint: 356846 ns, Total: 485449 ns
[2025-05-29T03:06:41.333+0000][71][info ][safepoint   ] Safepoint "ICBufferFull", Time since last: 221386951 ns, Reaching safepoint: 7821 ns, Cleanup: 103095 ns, At safepoint: 25900 ns, Total: 136816 ns
[2025-05-29T03:06:41.711+0000][71][info ][safepoint   ] Safepoint "ICBufferFull", Time since last: 378349161 ns, Reaching safepoint: 6641 ns, Cleanup: 96760 ns, At safepoint: 9926 ns, Total: 113327 ns
[2025-05-29T03:06:42.882+0000][71][info ][safepoint   ] Safepoint "Cleanup", Time since last: 1170933784 ns, Reaching safepoint: 4708 ns, Cleanup: 111762 ns, At safepoint: 19191 ns, Total: 135661 ns
[2025-05-29T03:06:43.694+0000][71][info ][safepoint   ] Safepoint "ICBufferFull", Time since last: 811419778 ns, Reaching safepoint: 113241 ns, Cleanup: 134507 ns, At safepoint: 54469 ns, Total: 302217 ns
[2025-05-29T03:06:44.116+0000][71][info ][safepoint   ] Safepoint "ICBufferFull", Time since last: 420365067 ns, Reaching safepoint: 995081 ns, Cleanup: 133660 ns, At safepoint: 117284 ns, Total: 1246025 ns
[2025-05-29T03:06:44.638+0000][71][info ][safepoint   ] Safepoint "ICBufferFull", Time since last: 522094992 ns, Reaching safepoint: 17450 ns, Cleanup: 222874 ns, At safepoint: 209008 ns, Total: 449332 ns
[2025-05-29T03:06:45.394+0000][71][info ][safepoint   ] Safepoint "ICBufferFull", Time since last: 755795927 ns, Reaching safepoint: 14518 ns, Cleanup: 97829 ns, At safepoint: 49219 ns, Total: 161566 ns
[2025-05-29T03:06:46.421+0000][71][info ][safepoint   ] Safepoint "Cleanup", Time since last: 1026418142 ns, Reaching safepoint: 15057 ns, Cleanup: 128019 ns, At safepoint: 13253 ns, Total: 156329 ns
[2025-05-29T03:06:48.422+0000][71][info ][safepoint   ] Safepoint "Cleanup", Time since last: 2002990204 ns, Reaching safepoint: 15582 ns, Cleanup: 15507 ns, At safepoint: 8817 ns, Total: 39906 ns
[2025-05-29T03:06:49.423+0000][71][info ][safepoint   ] Safepoint "Cleanup", Time since last: 1000572442 ns, Reaching safepoint: 12778 ns, Cleanup: 15184 ns, At safepoint: 8487 ns, Total: 36449 ns
[2025-05-29T03:06:50.424+0000][71][info ][safepoint   ] Safepoint "Cleanup", Time since last: 1001074826 ns, Reaching safepoint: 16672 ns, Cleanup: 28362 ns, At safepoint: 9024 ns, Total: 54058 ns
[2025-05-29T03:06:51.425+0000][71][info ][safepoint   ] Safepoint "Cleanup", Time since last: 1000906767 ns, Reaching safepoint: 19795 ns, Cleanup: 17602 ns, At safepoint: 14266 ns, Total: 51663 ns
[2025-05-29T03:06:53.238+0000][71][info ][safepoint   ] Safepoint "Cleanup", Time since last: 1812386796 ns, Reaching safepoint: 14249 ns, Cleanup: 42979 ns, At safepoint: 8932 ns, Total: 66160 ns
[2025-05-29T03:06:56.239+0000][71][info ][safepoint   ] Safepoint "Cleanup", Time since last: 3000875297 ns, Reaching safepoint: 17741 ns, Cleanup: 25226 ns, At safepoint: 10015 ns, Total: 52982 ns
[2025-05-29T03:06:57.241+0000][71][info ][safepoint   ] Safepoint "Cleanup", Time since last: 1002741875 ns, Reaching safepoint: 16158 ns, Cleanup: 14247 ns, At safepoint: 8563 ns, Total: 38968 ns
[2025-05-29T03:07:02.924+0000][71][info ][safepoint   ] Safepoint "Cleanup", Time since last: 5682497721 ns, Reaching safepoint: 7692 ns, Cleanup: 23637 ns, At safepoint: 17553 ns, Total: 48882 ns
[2025-05-29T03:07:03.224+0000][71][info ][safepoint   ] Safepoint "ICBufferFull", Time since last: 299198749 ns, Reaching safepoint: 328652 ns, Cleanup: 110843 ns, At safepoint: 110016 ns, Total: 549511 ns
[2025-05-29T03:07:03.226+0000][71][info ][safepoint   ] Safepoint "ICBufferFull", Time since last: 1884548 ns, Reaching safepoint: 370210 ns, Cleanup: 10037 ns, At safepoint: 118507 ns, Total: 498754 ns
[2025-05-29T03:07:03.442+0000][71][info ][safepoint   ] Safepoint "ICBufferFull", Time since last: 215630024 ns, Reaching safepoint: 200281 ns, Cleanup: 80848 ns, At safepoint: 71541 ns, Total: 352670 ns
[2025-05-29T03:07:03.443+0000][71][info ][safepoint   ] Safepoint "ICBufferFull", Time since last: 535178 ns, Reaching safepoint: 97864 ns, Cleanup: 7485 ns, At safepoint: 93311 ns, Total: 198660 ns
[2025-05-29T03:07:04.443+0000][71][info ][safepoint   ] Safepoint "Cleanup", Time since last: 1000614886 ns, Reaching safepoint: 14622 ns, Cleanup: 63435 ns, At safepoint: 7302 ns, Total: 85359 ns
[2025-05-29T03:07:04.654+0000][71][info ][safepoint   ] Safepoint "ICBufferFull", Time since last: 209921839 ns, Reaching safepoint: 158770 ns, Cleanup: 164608 ns, At safepoint: 159332 ns, Total: 482710 ns
[2025-05-29T03:07:05.043+0000][71][info ][safepoint   ] Safepoint "ICBufferFull", Time since last: 388632748 ns, Reaching safepoint: 18424 ns, Cleanup: 162127 ns, At safepoint: 39364 ns, Total: 219915 ns
[2025-05-29T03:07:07.025+0000][71][info ][safepoint   ] Safepoint "Cleanup", Time since last: 1982423997 ns, Reaching safepoint: 52008 ns, Cleanup: 70558 ns, At safepoint: 8139 ns, Total: 130705 ns
[2025-05-29T03:07:08.048+0000][71][info ][safepoint   ] Safepoint "Cleanup", Time since last: 1000640432 ns, Reaching safepoint: 20882262 ns, Cleanup: 204488 ns, At safepoint: 740106 ns, Total: 21826856 ns
[2025-05-29T03:07:08.236+0000][71][info ][safepoint   ] Safepoint "ICBufferFull", Time since last: 187901977 ns, Reaching safepoint: 231412 ns, Cleanup: 113678 ns, At safepoint: 94715 ns, Total: 439805 ns
[2025-05-29T03:07:08.440+0000][71][info ][safepoint   ] Safepoint "ICBufferFull", Time since last: 203016026 ns, Reaching safepoint: 341660 ns, Cleanup: 103883 ns, At safepoint: 151001 ns, Total: 596544 ns
[2025-05-29T03:07:08.753+0000][71][info ][safepoint   ] Safepoint "ICBufferFull", Time since last: 313091886 ns, Reaching safepoint: 213878 ns, Cleanup: 140523 ns, At safepoint: 104727 ns, Total: 459128 ns
[2025-05-29T03:07:09.228+0000][71][info ][safepoint   ] Safepoint "ICBufferFull", Time since last: 474971245 ns, Reaching safepoint: 27962 ns, Cleanup: 121653 ns, At safepoint: 17349 ns, Total: 166964 ns
[2025-05-29T03:07:10.192+0000][71][info ][safepoint   ] Safepoint "ICBufferFull", Time since last: 963555140 ns, Reaching safepoint: 62474 ns, Cleanup: 128792 ns, At safepoint: 63000 ns, Total: 254266 ns
[2025-05-29T03:07:11.381+0000][71][info ][safepoint   ] Safepoint "ICBufferFull", Time since last: 1189005950 ns, Reaching safepoint: 29204 ns, Cleanup: 128083 ns, At safepoint: 45303 ns, Total: 202590 ns
[2025-05-29T03:07:11.657+0000][71][info ][safepoint   ] Safepoint "ICBufferFull", Time since last: 275164288 ns, Reaching safepoint: 136823 ns, Cleanup: 134262 ns, At safepoint: 542517 ns, Total: 813602 ns
[2025-05-29T03:07:11.870+0000][71][info ][safepoint   ] Safepoint "ICBufferFull", Time since last: 212263347 ns, Reaching safepoint: 31093 ns, Cleanup: 157876 ns, At safepoint: 140627 ns, Total: 329596 ns
[2025-05-29T03:07:12.074+0000][71][info ][safepoint   ] Safepoint "ICBufferFull", Time since last: 203751000 ns, Reaching safepoint: 20927 ns, Cleanup: 147954 ns, At safepoint: 50200 ns, Total: 219081 ns
[2025-05-29T03:07:12.506+0000][71][info ][safepoint   ] Safepoint "ICBufferFull", Time since last: 431674609 ns, Reaching safepoint: 24754 ns, Cleanup: 122913 ns, At safepoint: 13272 ns, Total: 160939 ns
[2025-05-29T03:07:13.530+0000][71][info ][safepoint   ] Safepoint "Cleanup", Time since last: 1023759251 ns, Reaching safepoint: 9536 ns, Cleanup: 92163 ns, At safepoint: 17118 ns, Total: 118817 ns
[2025-05-29T03:07:14.533+0000][71][info ][safepoint   ] Safepoint "Cleanup", Time since last: 1003705324 ns, Reaching safepoint: 18803 ns, Cleanup: 138605 ns, At safepoint: 23613 ns, Total: 181021 ns
[2025-05-29T03:07:15.564+0000][71][info ][safepoint   ] Safepoint "Cleanup", Time since last: 1030780814 ns, Reaching safepoint: 111484 ns, Cleanup: 44697 ns, At safepoint: 42550 ns, Total: 198731 ns
[2025-05-29T03:07:16.558+0000][71][info ][safepoint   ] Safepoint "Cleanup", Time since last: 1000836803 ns, Reaching safepoint: 403103 ns, Cleanup: 65894 ns, At safepoint: 21009 ns, Total: 490006 ns
[2025-05-29T03:07:17.559+0000][71][info ][safepoint   ] Safepoint "Cleanup", Time since last: 1000866903 ns, Reaching safepoint: 29343 ns, Cleanup: 39345 ns, At safepoint: 20920 ns, Total: 89608 ns
[2025-05-29T03:07:18.560+0000][71][info ][safepoint   ] Safepoint "Cleanup", Time since last: 1000766293 ns, Reaching safepoint: 148807 ns, Cleanup: 20674 ns, At safepoint: 19953 ns, Total: 189434 ns
[2025-05-29T03:07:19.561+0000][71][info ][safepoint   ] Safepoint "Cleanup", Time since last: 1000776933 ns, Reaching safepoint: 656266 ns, Cleanup: 44560 ns, At safepoint: 34246 ns, Total: 735072 ns
[2025-05-29T03:07:20.563+0000][71][info ][safepoint   ] Safepoint "Cleanup", Time since last: 1000898428 ns, Reaching safepoint: 122988 ns, Cleanup: 613120 ns, At safepoint: 24265 ns, Total: 760373 ns
[2025-05-29T03:07:22.564+0000][71][info ][safepoint   ] Safepoint "Cleanup", Time since last: 2000947765 ns, Reaching safepoint: 36944 ns, Cleanup: 13556 ns, At safepoint: 7204 ns, Total: 57704 ns
[2025-05-29T03:07:23.565+0000][71][info ][safepoint   ] Safepoint "Cleanup", Time since last: 1000809464 ns, Reaching safepoint: 231659 ns, Cleanup: 41133 ns, At safepoint: 85570 ns, Total: 358362 ns
[2025-05-29T03:07:24.596+0000][71][info ][safepoint   ] Safepoint "Cleanup", Time since last: 1031395938 ns, Reaching safepoint: 31509 ns, Cleanup: 50111 ns, At safepoint: 16080 ns, Total: 97700 ns
[2025-05-29T03:07:25.597+0000][71][info ][safepoint   ] Safepoint "Cleanup", Time since last: 1000884714 ns, Reaching safepoint: 36646 ns, Cleanup: 45181 ns, At safepoint: 19175 ns, Total: 101002 ns
[2025-05-29T03:07:26.598+0000][71][info ][safepoint   ] Safepoint "Cleanup", Time since last: 1000759715 ns, Reaching safepoint: 34213 ns, Cleanup: 22157 ns, At safepoint: 17624 ns, Total: 73994 ns
[2025-05-29T03:07:28.599+0000][71][info ][safepoint   ] Safepoint "Cleanup", Time since last: 2000945305 ns, Reaching safepoint: 20422 ns, Cleanup: 21684 ns, At safepoint: 8792 ns, Total: 50898 ns
[2025-05-29T03:07:29.600+0000][71][info ][safepoint   ] Safepoint "Cleanup", Time since last: 1000736075 ns, Reaching safepoint: 31592 ns, Cleanup: 22249 ns, At safepoint: 15423 ns, Total: 69264 ns
[2025-05-29T03:07:30.601+0000][71][info ][safepoint   ] Safepoint "Cleanup", Time since last: 1000882194 ns, Reaching safepoint: 31858 ns, Cleanup: 18765 ns, At safepoint: 14951 ns, Total: 65574 ns
[2025-05-29T03:07:32.602+0000][71][info ][safepoint   ] Safepoint "Cleanup", Time since last: 2000840122 ns, Reaching safepoint: 35221 ns, Cleanup: 116909 ns, At safepoint: 33265 ns, Total: 185395 ns
[2025-05-29T03:07:33.603+0000][71][info ][safepoint   ] Safepoint "Cleanup", Time since last: 1000649175 ns, Reaching safepoint: 18081 ns, Cleanup: 29612 ns, At safepoint: 6918 ns, Total: 54611 ns
[2025-05-29T03:07:35.604+0000][71][info ][safepoint   ] Safepoint "Cleanup", Time since last: 2000891407 ns, Reaching safepoint: 18102 ns, Cleanup: 25115 ns, At safepoint: 7149 ns, Total: 50366 ns
[2025-05-29T03:07:37.605+0000][71][info ][safepoint   ] Safepoint "Cleanup", Time since last: 2001217168 ns, Reaching safepoint: 17844 ns, Cleanup: 15996 ns, At safepoint: 7340 ns, Total: 41180 ns
[2025-05-29T03:07:38.606+0000][71][info ][safepoint   ] Safepoint "Cleanup", Time since last: 1000531818 ns, Reaching safepoint: 18473 ns, Cleanup: 65483 ns, At safepoint: 7810 ns, Total: 91766 ns
[2025-05-29T03:07:40.607+0000][71][info ][safepoint   ] Safepoint "Cleanup", Time since last: 2001157359 ns, Reaching safepoint: 31773 ns, Cleanup: 17264 ns, At safepoint: 14526 ns, Total: 63563 ns
[2025-05-29T03:07:41.608+0000][71][info ][safepoint   ] Safepoint "Cleanup", Time since last: 1000801178 ns, Reaching safepoint: 32802 ns, Cleanup: 24456 ns, At safepoint: 15354 ns, Total: 72612 ns
[2025-05-29T03:07:42.608+0000][71][info ][safepoint   ] Safepoint "Cleanup", Time since last: 1000779351 ns, Reaching safepoint: 32289 ns, Cleanup: 38426 ns, At safepoint: 15872 ns, Total: 86587 ns
[2025-05-29T03:07:43.609+0000][71][info ][safepoint   ] Safepoint "Cleanup", Time since last: 1000789633 ns, Reaching safepoint: 17945 ns, Cleanup: 35525 ns, At safepoint: 30355 ns, Total: 83825 ns
[2025-05-29T03:07:44.610+0000][71][info ][safepoint   ] Safepoint "Cleanup", Time since last: 1000633007 ns, Reaching safepoint: 29337 ns, Cleanup: 25937 ns, At safepoint: 13962 ns, Total: 69236 ns
[2025-05-29T03:07:45.611+0000][71][info ][safepoint   ] Safepoint "Cleanup", Time since last: 1000631823 ns, Reaching safepoint: 30350 ns, Cleanup: 21254 ns, At safepoint: 16091 ns, Total: 67695 ns
[2025-05-29T03:07:47.615+0000][71][info ][safepoint   ] Safepoint "Cleanup", Time since last: 2000977464 ns, Reaching safepoint: 29869 ns, Cleanup: 19379 ns, At safepoint: 14283 ns, Total: 63531 ns
[2025-05-29T03:07:48.617+0000][71][info ][safepoint   ] Safepoint "Cleanup", Time since last: 1001801772 ns, Reaching safepoint: 24171 ns, Cleanup: 34560 ns, At safepoint: 80432 ns, Total: 139163 ns
[2025-05-29T03:07:49.639+0000][71][info ][safepoint   ] Safepoint "Cleanup", Time since last: 1022015496 ns, Reaching safepoint: 35953 ns, Cleanup: 51486 ns, At safepoint: 15462 ns, Total: 102901 ns
[2025-05-29T03:07:50.640+0000][71][info ][safepoint   ] Safepoint "Cleanup", Time since last: 1000761137 ns, Reaching safepoint: 32912 ns, Cleanup: 37037 ns, At safepoint: 17242 ns, Total: 87191 ns
[2025-05-29T03:07:53.641+0000][71][info ][safepoint   ] Safepoint "Cleanup", Time since last: 3001044358 ns, Reaching safepoint: 42047 ns, Cleanup: 27363 ns, At safepoint: 8329 ns, Total: 77739 ns
[2025-05-29T03:07:55.642+0000][71][info ][safepoint   ] Safepoint "Cleanup", Time since last: 2001058443 ns, Reaching safepoint: 31457 ns, Cleanup: 22629 ns, At safepoint: 15411 ns, Total: 69497 ns
[2025-05-29T03:07:56.643+0000][71][info ][safepoint   ] Safepoint "Cleanup", Time since last: 1000800967 ns, Reaching safepoint: 35058 ns, Cleanup: 28346 ns, At safepoint: 74639 ns, Total: 138043 ns
[2025-05-29T03:07:58.644+0000][71][info ][safepoint   ] Safepoint "Cleanup", Time since last: 2000987053 ns, Reaching safepoint: 101321 ns, Cleanup: 15689 ns, At safepoint: 36987 ns, Total: 153997 ns
[2025-05-29T03:07:59.645+0000][71][info ][safepoint   ] Safepoint "Cleanup", Time since last: 1000545786 ns, Reaching safepoint: 144621 ns, Cleanup: 20130 ns, At safepoint: 44183 ns, Total: 208934 ns
[2025-05-29T03:08:00.646+0000][71][info ][safepoint   ] Safepoint "Cleanup", Time since last: 1000733678 ns, Reaching safepoint: 61366 ns, Cleanup: 11846 ns, At safepoint: 8228 ns, Total: 81440 ns
[2025-05-29T03:08:02.647+0000][71][info ][safepoint   ] Safepoint "Cleanup", Time since last: 2000806268 ns, Reaching safepoint: 33163 ns, Cleanup: 37838 ns, At safepoint: 16782 ns, Total: 87783 ns
[2025-05-29T03:08:03.648+0000][71][info ][safepoint   ] Safepoint "Cleanup", Time since last: 1000631552 ns, Reaching safepoint: 32766 ns, Cleanup: 31002 ns, At safepoint: 12284 ns, Total: 76052 ns
[2025-05-29T03:08:04.704+0000][71][info ][safepoint   ] Safepoint "Cleanup", Time since last: 1056085223 ns, Reaching safepoint: 42291 ns, Cleanup: 36752 ns, At safepoint: 19183 ns, Total: 98226 ns
[2025-05-29T03:08:06.279+0000][71][info ][safepoint   ] Safepoint "Cleanup", Time since last: 1575436686 ns, Reaching safepoint: 33210 ns, Cleanup: 98838 ns, At safepoint: 20419 ns, Total: 152467 ns
[2025-05-29T03:08:08.280+0000][71][info ][safepoint   ] Safepoint "Cleanup", Time since last: 2000879239 ns, Reaching safepoint: 32796 ns, Cleanup: 84894 ns, At safepoint: 16149 ns, Total: 133839 ns
[2025-05-29T03:08:09.284+0000][71][info ][safepoint   ] Safepoint "Cleanup", Time since last: 1003221796 ns, Reaching safepoint: 6393 ns, Cleanup: 89909 ns, At safepoint: 16183 ns, Total: 112485 ns
[2025-05-29T03:08:11.276+0000][71][info ][safepoint   ] Safepoint "Cleanup", Time since last: 1992621710 ns, Reaching safepoint: 119317 ns, Cleanup: 59748 ns, At safepoint: 17740 ns, Total: 196805 ns
[2025-05-29T03:08:12.277+0000][71][info ][safepoint   ] Safepoint "Cleanup", Time since last: 1000740749 ns, Reaching safepoint: 31243 ns, Cleanup: 17969 ns, At safepoint: 17103 ns, Total: 66315 ns
[2025-05-29T03:08:13.278+0000][71][info ][safepoint   ] Safepoint "Cleanup", Time since last: 1000618040 ns, Reaching safepoint: 22123 ns, Cleanup: 17732 ns, At safepoint: 9442 ns, Total: 49297 ns
[2025-05-29T03:08:14.279+0000][71][info ][safepoint   ] Safepoint "Cleanup", Time since last: 1000628167 ns, Reaching safepoint: 23191 ns, Cleanup: 22847 ns, At safepoint: 8381 ns, Total: 54419 ns
[2025-05-29T03:08:15.279+0000][71][info ][safepoint   ] Safepoint "Cleanup", Time since last: 1000607576 ns, Reaching safepoint: 21321 ns, Cleanup: 19100 ns, At safepoint: 8144 ns, Total: 48565 ns
[2025-05-29T03:08:16.280+0000][71][info ][safepoint   ] Safepoint "Cleanup", Time since last: 1000691302 ns, Reaching safepoint: 35208 ns, Cleanup: 18112 ns, At safepoint: 17686 ns, Total: 71006 ns
[2025-05-29T03:08:18.279+0000][71][info ][safepoint   ] Safepoint "Cleanup", Time since last: 2000759880 ns, Reaching safepoint: 31507 ns, Cleanup: 22791 ns, At safepoint: 11305 ns, Total: 65603 ns
[2025-05-29T03:08:19.279+0000][71][info ][safepoint   ] Safepoint "Cleanup", Time since last: 1000631344 ns, Reaching safepoint: 28036 ns, Cleanup: 22452 ns, At safepoint: 10501 ns, Total: 60989 ns
[2025-05-29T03:08:20.280+0000][71][info ][safepoint   ] Safepoint "Cleanup", Time since last: 1000571664 ns, Reaching safepoint: 26827 ns, Cleanup: 17348 ns, At safepoint: 11771 ns, Total: 55946 ns
[2025-05-29T03:08:21.281+0000][71][info ][safepoint   ] Safepoint "Cleanup", Time since last: 1000698731 ns, Reaching safepoint: 27145 ns, Cleanup: 22497 ns, At safepoint: 11481 ns, Total: 61123 ns
[2025-05-29T03:08:23.282+0000][71][info ][safepoint   ] Safepoint "Cleanup", Time since last: 2000745384 ns, Reaching safepoint: 127902 ns, Cleanup: 22328 ns, At safepoint: 48530 ns, Total: 198760 ns
[2025-05-29T03:08:24.282+0000][71][info ][safepoint   ] Safepoint "Cleanup", Time since last: 1000688842 ns, Reaching safepoint: 32380 ns, Cleanup: 27600 ns, At safepoint: 18011 ns, Total: 77991 ns
[2025-05-29T03:08:25.283+0000][71][info ][safepoint   ] Safepoint "Cleanup", Time since last: 1000805079 ns, Reaching safepoint: 24765 ns, Cleanup: 13620 ns, At safepoint: 11569 ns, Total: 49954 ns
[2025-05-29T03:08:26.284+0000][71][info ][safepoint   ] Safepoint "Cleanup", Time since last: 1000643288 ns, Reaching safepoint: 32194 ns, Cleanup: 22003 ns, At safepoint: 16587 ns, Total: 70784 ns
[2025-05-29T03:08:27.285+0000][71][info ][safepoint   ] Safepoint "Cleanup", Time since last: 1000764221 ns, Reaching safepoint: 31193 ns, Cleanup: 14605 ns, At safepoint: 16107 ns, Total: 61905 ns
[2025-05-29T03:08:28.286+0000][71][info ][safepoint   ] Safepoint "Cleanup", Time since last: 1000671616 ns, Reaching safepoint: 182324 ns, Cleanup: 25737 ns, At safepoint: 150712 ns, Total: 358773 ns
[2025-05-29T03:08:29.286+0000][71][info ][safepoint   ] Safepoint "Cleanup", Time since last: 1000610062 ns, Reaching safepoint: 32352 ns, Cleanup: 23147 ns, At safepoint: 18245 ns, Total: 73744 ns
[2025-05-29T03:08:30.287+0000][71][info ][safepoint   ] Safepoint "Cleanup", Time since last: 1000702867 ns, Reaching safepoint: 25122 ns, Cleanup: 15631 ns, At safepoint: 10150 ns, Total: 50903 ns
[2025-05-29T03:08:31.288+0000][71][info ][safepoint   ] Safepoint "Cleanup", Time since last: 1000605317 ns, Reaching safepoint: 33095 ns, Cleanup: 17789 ns, At safepoint: 11356 ns, Total: 62240 ns
[2025-05-29T03:08:33.289+0000][71][info ][safepoint   ] Safepoint "Cleanup", Time since last: 2000797001 ns, Reaching safepoint: 34271 ns, Cleanup: 20177 ns, At safepoint: 17766 ns, Total: 72214 ns
[2025-05-29T03:08:36.290+0000][71][info ][safepoint   ] Safepoint "Cleanup", Time since last: 3000984056 ns, Reaching safepoint: 32536 ns, Cleanup: 21891 ns, At safepoint: 15228 ns, Total: 69655 ns
[2025-05-29T03:08:38.291+0000][71][info ][safepoint   ] Safepoint "Cleanup", Time since last: 2000943305 ns, Reaching safepoint: 75128 ns, Cleanup: 38017 ns, At safepoint: 18005 ns, Total: 131150 ns
[2025-05-29T03:08:39.292+0000][71][info ][safepoint   ] Safepoint "Cleanup", Time since last: 1000774189 ns, Reaching safepoint: 38046 ns, Cleanup: 51407 ns, At safepoint: 19362 ns, Total: 108815 ns
[2025-05-29T03:08:40.293+0000][71][info ][safepoint   ] Safepoint "Cleanup", Time since last: 1000719750 ns, Reaching safepoint: 34536 ns, Cleanup: 19684 ns, At safepoint: 15863 ns, Total: 70083 ns
[2025-05-29T03:08:42.293+0000][71][info ][safepoint   ] Safepoint "Cleanup", Time since last: 2000853099 ns, Reaching safepoint: 32392 ns, Cleanup: 19051 ns, At safepoint: 15829 ns, Total: 67272 ns
[2025-05-29T03:08:43.294+0000][71][info ][safepoint   ] Safepoint "Cleanup", Time since last: 1000698836 ns, Reaching safepoint: 27654 ns, Cleanup: 18692 ns, At safepoint: 11434 ns, Total: 57780 ns
[2025-05-29T03:08:44.295+0000][71][info ][safepoint   ] Safepoint "Cleanup", Time since last: 1000694640 ns, Reaching safepoint: 31878 ns, Cleanup: 16802 ns, At safepoint: 15300 ns, Total: 63980 ns
[2025-05-29T03:08:45.296+0000][71][info ][safepoint   ] Safepoint "Cleanup", Time since last: 1000764836 ns, Reaching safepoint: 36217 ns, Cleanup: 31567 ns, At safepoint: 16000 ns, Total: 83784 ns
[2025-05-29T03:08:46.297+0000][71][info ][safepoint   ] Safepoint "Cleanup", Time since last: 1000732412 ns, Reaching safepoint: 33167 ns, Cleanup: 15681 ns, At safepoint: 16233 ns, Total: 65081 ns
[2025-05-29T03:08:48.295+0000][71][info ][safepoint   ] Safepoint "Cleanup", Time since last: 2000852135 ns, Reaching safepoint: 26532 ns, Cleanup: 23136 ns, At safepoint: 11404 ns, Total: 61072 ns
[2025-05-29T03:08:49.301+0000][71][info ][safepoint   ] Safepoint "Cleanup", Time since last: 1005899219 ns, Reaching safepoint: 33320 ns, Cleanup: 23332 ns, At safepoint: 15110 ns, Total: 71762 ns
[2025-05-29T03:08:51.302+0000][71][info ][safepoint   ] Safepoint "Cleanup", Time since last: 2000727218 ns, Reaching safepoint: 22755 ns, Cleanup: 13740 ns, At safepoint: 8955 ns, Total: 45450 ns
[2025-05-29T03:08:53.303+0000][71][info ][safepoint   ] Safepoint "Cleanup", Time since last: 2000773052 ns, Reaching safepoint: 67363 ns, Cleanup: 22347 ns, At safepoint: 17182 ns, Total: 106892 ns
[2025-05-29T03:08:54.304+0000][71][info ][safepoint   ] Safepoint "Cleanup", Time since last: 1000697840 ns, Reaching safepoint: 32772 ns, Cleanup: 25124 ns, At safepoint: 15722 ns, Total: 73618 ns
[2025-05-29T03:08:56.305+0000][71][info ][safepoint   ] Safepoint "Cleanup", Time since last: 2000984186 ns, Reaching safepoint: 34722 ns, Cleanup: 16481 ns, At safepoint: 15973 ns, Total: 67176 ns
[2025-05-29T03:08:57.305+0000][71][info ][safepoint   ] Safepoint "Cleanup", Time since last: 1000702850 ns, Reaching safepoint: 20184 ns, Cleanup: 14907 ns, At safepoint: 8798 ns, Total: 43889 ns
[2025-05-29T03:08:58.306+0000][71][info ][safepoint   ] Safepoint "Cleanup", Time since last: 1000696677 ns, Reaching safepoint: 32911 ns, Cleanup: 26740 ns, At safepoint: 15758 ns, Total: 75409 ns
[2025-05-29T03:08:59.307+0000][71][info ][safepoint   ] Safepoint "Cleanup", Time since last: 1000784794 ns, Reaching safepoint: 32278 ns, Cleanup: 18254 ns, At safepoint: 15617 ns, Total: 66149 ns
[2025-05-29T03:09:00.308+0000][71][info ][safepoint   ] Safepoint "Cleanup", Time since last: 1000721582 ns, Reaching safepoint: 33465 ns, Cleanup: 24425 ns, At safepoint: 16314 ns, Total: 74204 ns
[2025-05-29T03:09:03.309+0000][71][info ][safepoint   ] Safepoint "Cleanup", Time since last: 3001017202 ns, Reaching safepoint: 33329 ns, Cleanup: 15503 ns, At safepoint: 15344 ns, Total: 64176 ns
[2025-05-29T03:09:04.310+0000][71][info ][safepoint   ] Safepoint "Cleanup", Time since last: 1000653436 ns, Reaching safepoint: 31531 ns, Cleanup: 29253 ns, At safepoint: 15779 ns, Total: 76563 ns
[2025-05-29T03:09:06.313+0000][71][info ][safepoint   ] Safepoint "Cleanup", Time since last: 2003418680 ns, Reaching safepoint: 32505 ns, Cleanup: 23448 ns, At safepoint: 15660 ns, Total: 71613 ns
[2025-05-29T03:09:08.314+0000][71][info ][safepoint   ] Safepoint "Cleanup", Time since last: 2000783340 ns, Reaching safepoint: 22595 ns, Cleanup: 34152 ns, At safepoint: 8699 ns, Total: 65446 ns
[2025-05-29T03:09:09.315+0000][71][info ][safepoint   ] Safepoint "Cleanup", Time since last: 1001343400 ns, Reaching safepoint: 33694 ns, Cleanup: 22307 ns, At safepoint: 15533 ns, Total: 71534 ns
[2025-05-29T03:09:11.316+0000][71][info ][safepoint   ] Safepoint "Cleanup", Time since last: 2000839717 ns, Reaching safepoint: 32373 ns, Cleanup: 15195 ns, At safepoint: 14456 ns, Total: 62024 ns
[2025-05-29T03:09:12.317+0000][71][info ][safepoint   ] Safepoint "Cleanup", Time since last: 1000706754 ns, Reaching safepoint: 6394 ns, Cleanup: 53347 ns, At safepoint: 23097 ns, Total: 82838 ns
[2025-05-29T03:09:13.325+0000][71][info ][safepoint   ] Safepoint "Cleanup", Time since last: 1008007052 ns, Reaching safepoint: 34339 ns, Cleanup: 27293 ns, At safepoint: 15931 ns, Total: 77563 ns
[2025-05-29T03:09:14.326+0000][71][info ][safepoint   ] Safepoint "Cleanup", Time since last: 1000793261 ns, Reaching safepoint: 32204 ns, Cleanup: 34538 ns, At safepoint: 15003 ns, Total: 81745 ns
[2025-05-29T03:09:15.327+0000][71][info ][safepoint   ] Safepoint "Cleanup", Time since last: 1000712050 ns, Reaching safepoint: 17754 ns, Cleanup: 18795 ns, At safepoint: 7806 ns, Total: 44355 ns
[2025-05-29T03:09:18.326+0000][71][info ][safepoint   ] Safepoint "Cleanup", Time since last: 3000948655 ns, Reaching safepoint: 18972 ns, Cleanup: 19234 ns, At safepoint: 7748 ns, Total: 45954 ns
[2025-05-29T03:09:19.326+0000][71][info ][safepoint   ] Safepoint "Cleanup", Time since last: 1000761454 ns, Reaching safepoint: 32581 ns, Cleanup: 15404 ns, At safepoint: 14723 ns, Total: 62708 ns
[2025-05-29T03:09:20.327+0000][71][info ][safepoint   ] Safepoint "Cleanup", Time since last: 1000615441 ns, Reaching safepoint: 18856 ns, Cleanup: 12004 ns, At safepoint: 8191 ns, Total: 39051 ns
[2025-05-29T03:09:21.328+0000][71][info ][safepoint   ] Safepoint "Cleanup", Time since last: 1000619318 ns, Reaching safepoint: 18471 ns, Cleanup: 13384 ns, At safepoint: 8266 ns, Total: 40121 ns
[2025-05-29T03:09:24.329+0000][71][info ][safepoint   ] Safepoint "Cleanup", Time since last: 3001062609 ns, Reaching safepoint: 70778 ns, Cleanup: 21275 ns, At safepoint: 15467 ns, Total: 107520 ns
[2025-05-29T03:09:26.330+0000][71][info ][safepoint   ] Safepoint "Cleanup", Time since last: 2001353779 ns, Reaching safepoint: 33328 ns, Cleanup: 19985 ns, At safepoint: 15154 ns, Total: 68467 ns
[2025-05-29T03:09:27.331+0000][71][info ][safepoint   ] Safepoint "Cleanup", Time since last: 1000741207 ns, Reaching safepoint: 37795 ns, Cleanup: 41435 ns, At safepoint: 16777 ns, Total: 96007 ns
[2025-05-29T03:09:28.332+0000][71][info ][safepoint   ] Safepoint "Cleanup", Time since last: 1000727647 ns, Reaching safepoint: 36776 ns, Cleanup: 20689 ns, At safepoint: 17461 ns, Total: 74926 ns
[2025-05-29T03:09:29.333+0000][71][info ][safepoint   ] Safepoint "Cleanup", Time since last: 1000678289 ns, Reaching safepoint: 30544 ns, Cleanup: 19077 ns, At safepoint: 15339 ns, Total: 64960 ns
[2025-05-29T03:09:30.334+0000][71][info ][safepoint   ] Safepoint "Cleanup", Time since last: 1000735962 ns, Reaching safepoint: 31779 ns, Cleanup: 15256 ns, At safepoint: 15043 ns, Total: 62078 ns
[2025-05-29T03:09:33.335+0000][71][info ][safepoint   ] Safepoint "Cleanup", Time since last: 3001050927 ns, Reaching safepoint: 19740 ns, Cleanup: 13284 ns, At safepoint: 8860 ns, Total: 41884 ns
[2025-05-29T03:09:34.336+0000][71][info ][safepoint   ] Safepoint "Cleanup", Time since last: 1000883298 ns, Reaching safepoint: 41436 ns, Cleanup: 25857 ns, At safepoint: 18355 ns, Total: 85648 ns
[2025-05-29T03:09:36.337+0000][71][info ][safepoint   ] Safepoint "Cleanup", Time since last: 2000964525 ns, Reaching safepoint: 33932 ns, Cleanup: 31299 ns, At safepoint: 16895 ns, Total: 82126 ns
[2025-05-29T03:09:38.338+0000][71][info ][safepoint   ] Safepoint "Cleanup", Time since last: 2000883168 ns, Reaching safepoint: 28075 ns, Cleanup: 28628 ns, At safepoint: 14977 ns, Total: 71680 ns
[2025-05-29T03:09:39.342+0000][71][info ][safepoint   ] Safepoint "Cleanup", Time since last: 1003856519 ns, Reaching safepoint: 80455 ns, Cleanup: 19602 ns, At safepoint: 9584 ns, Total: 109641 ns
[2025-05-29T03:09:40.343+0000][71][info ][safepoint   ] Safepoint "Cleanup", Time since last: 1000805221 ns, Reaching safepoint: 320758 ns, Cleanup: 15825 ns, At safepoint: 19340 ns, Total: 355923 ns
[2025-05-29T03:09:42.344+0000][71][info ][safepoint   ] Safepoint "Cleanup", Time since last: 2000953013 ns, Reaching safepoint: 21158 ns, Cleanup: 13912 ns, At safepoint: 8260 ns, Total: 43330 ns
[2025-05-29T03:09:43.345+0000][71][info ][safepoint   ] Safepoint "Cleanup", Time since last: 1000750105 ns, Reaching safepoint: 34768 ns, Cleanup: 20404 ns, At safepoint: 15367 ns, Total: 70539 ns
[2025-05-29T03:09:44.345+0000][71][info ][safepoint   ] Safepoint "Cleanup", Time since last: 1000759125 ns, Reaching safepoint: 18555 ns, Cleanup: 49644 ns, At safepoint: 7753 ns, Total: 75952 ns
[2025-05-29T03:09:45.346+0000][71][info ][safepoint   ] Safepoint "Cleanup", Time since last: 1000750743 ns, Reaching safepoint: 27024 ns, Cleanup: 20862 ns, At safepoint: 11338 ns, Total: 59224 ns
[2025-05-29T03:09:46.347+0000][71][info ][safepoint   ] Safepoint "Cleanup", Time since last: 1000575336 ns, Reaching safepoint: 20805 ns, Cleanup: 17358 ns, At safepoint: 8627 ns, Total: 46790 ns
[2025-05-29T03:09:48.345+0000][71][info ][safepoint   ] Safepoint "Cleanup", Time since last: 2000709093 ns, Reaching safepoint: 19890 ns, Cleanup: 15485 ns, At safepoint: 7085 ns, Total: 42460 ns
[2025-05-29T03:09:49.346+0000][71][info ][safepoint   ] Safepoint "Cleanup", Time since last: 1000735929 ns, Reaching safepoint: 21013 ns, Cleanup: 13059 ns, At safepoint: 9932 ns, Total: 44004 ns
[2025-05-29T03:09:51.347+0000][71][info ][safepoint   ] Safepoint "Cleanup", Time since last: 2000861053 ns, Reaching safepoint: 18826 ns, Cleanup: 14718 ns, At safepoint: 7583 ns, Total: 41127 ns
[2025-05-29T03:09:53.348+0000][71][info ][safepoint   ] Safepoint "Cleanup", Time since last: 2000905283 ns, Reaching safepoint: 32144 ns, Cleanup: 24390 ns, At safepoint: 14832 ns, Total: 71366 ns
[2025-05-29T03:09:54.349+0000][71][info ][safepoint   ] Safepoint "Cleanup", Time since last: 1000910124 ns, Reaching safepoint: 32090 ns, Cleanup: 28868 ns, At safepoint: 15357 ns, Total: 76315 ns
[2025-05-29T03:09:57.350+0000][71][info ][safepoint   ] Safepoint "Cleanup", Time since last: 3001260716 ns, Reaching safepoint: 137790 ns, Cleanup: 27234 ns, At safepoint: 17206 ns, Total: 182230 ns
[2025-05-29T03:09:59.351+0000][71][info ][safepoint   ] Safepoint "Cleanup", Time since last: 2001030778 ns, Reaching safepoint: 32168 ns, Cleanup: 17189 ns, At safepoint: 15689 ns, Total: 65046 ns
[2025-05-29T03:10:01.353+0000][71][info ][safepoint   ] Safepoint "Cleanup", Time since last: 2001087491 ns, Reaching safepoint: 32876 ns, Cleanup: 23305 ns, At safepoint: 13990 ns, Total: 70171 ns
[2025-05-29T03:10:03.354+0000][71][info ][safepoint   ] Safepoint "Cleanup", Time since last: 2000942809 ns, Reaching safepoint: 27779 ns, Cleanup: 22764 ns, At safepoint: 11243 ns, Total: 61786 ns
[2025-05-29T03:10:04.354+0000][71][info ][safepoint   ] Safepoint "Cleanup", Time since last: 1000682730 ns, Reaching safepoint: 80745 ns, Cleanup: 21457 ns, At safepoint: 27079 ns, Total: 129281 ns
[2025-05-29T03:10:06.351+0000][71][info ][safepoint   ] Safepoint "Cleanup", Time since last: 1996677603 ns, Reaching safepoint: 30264 ns, Cleanup: 16229 ns, At safepoint: 11492 ns, Total: 57985 ns
[2025-05-29T03:10:08.352+0000][71][info ][safepoint   ] Safepoint "Cleanup", Time since last: 2000900793 ns, Reaching safepoint: 35570 ns, Cleanup: 51202 ns, At safepoint: 18529 ns, Total: 105301 ns
[2025-05-29T03:10:09.353+0000][71][info ][safepoint   ] Safepoint "Cleanup", Time since last: 1000796225 ns, Reaching safepoint: 33119 ns, Cleanup: 19950 ns, At safepoint: 15779 ns, Total: 68848 ns
[2025-05-29T03:10:12.354+0000][71][info ][safepoint   ] Safepoint "Cleanup", Time since last: 3001012988 ns, Reaching safepoint: 72166 ns, Cleanup: 20148 ns, At safepoint: 16253 ns, Total: 108567 ns
[2025-05-29T03:10:13.355+0000][71][info ][safepoint   ] Safepoint "Cleanup", Time since last: 1000705556 ns, Reaching safepoint: 31172 ns, Cleanup: 18506 ns, At safepoint: 15565 ns, Total: 65243 ns
[2025-05-29T03:10:14.356+0000][71][info ][safepoint   ] Safepoint "Cleanup", Time since last: 1000878836 ns, Reaching safepoint: 28918 ns, Cleanup: 37467 ns, At safepoint: 14738 ns, Total: 81123 ns
[2025-05-29T03:10:15.357+0000][71][info ][safepoint   ] Safepoint "Cleanup", Time since last: 1001208475 ns, Reaching safepoint: 15268 ns, Cleanup: 63875 ns, At safepoint: 120611 ns, Total: 199754 ns
[2025-05-29T03:10:16.386+0000][71][info ][safepoint   ] Safepoint "Cleanup", Time since last: 1028445532 ns, Reaching safepoint: 26579 ns, Cleanup: 22186 ns, At safepoint: 11438 ns, Total: 60203 ns
[2025-05-29T03:10:18.386+0000][71][info ][safepoint   ] Safepoint "Cleanup", Time since last: 2001907207 ns, Reaching safepoint: 31653 ns, Cleanup: 18954 ns, At safepoint: 123526 ns, Total: 174133 ns
[2025-05-29T03:10:19.387+0000][71][info ][safepoint   ] Safepoint "Cleanup", Time since last: 1001084076 ns, Reaching safepoint: 31998 ns, Cleanup: 18448 ns, At safepoint: 15256 ns, Total: 65702 ns
[2025-05-29T03:10:20.388+0000][71][info ][safepoint   ] Safepoint "Cleanup", Time since last: 1000815494 ns, Reaching safepoint: 17703 ns, Cleanup: 9575 ns, At safepoint: 6865 ns, Total: 34143 ns
[2025-05-29T03:10:23.389+0000][71][info ][safepoint   ] Safepoint "Cleanup", Time since last: 3000982909 ns, Reaching safepoint: 19505 ns, Cleanup: 21491 ns, At safepoint: 7342 ns, Total: 48338 ns
[2025-05-29T03:10:24.390+0000][71][info ][safepoint   ] Safepoint "Cleanup", Time since last: 1000892187 ns, Reaching safepoint: 36743 ns, Cleanup: 21717 ns, At safepoint: 17213 ns, Total: 75673 ns
[2025-05-29T03:10:28.391+0000][71][info ][safepoint   ] Safepoint "Cleanup", Time since last: 4001208289 ns, Reaching safepoint: 173300 ns, Cleanup: 23107 ns, At safepoint: 19875 ns, Total: 216282 ns
[2025-05-29T03:10:29.392+0000][71][info ][safepoint   ] Safepoint "Cleanup", Time since last: 1000880886 ns, Reaching safepoint: 32256 ns, Cleanup: 22105 ns, At safepoint: 90284 ns, Total: 144645 ns
[2025-05-29T03:10:30.393+0000][71][info ][safepoint   ] Safepoint "Cleanup", Time since last: 1000675651 ns, Reaching safepoint: 33147 ns, Cleanup: 21930 ns, At safepoint: 15410 ns, Total: 70487 ns
[2025-05-29T03:10:31.394+0000][71][info ][safepoint   ] Safepoint "Cleanup", Time since last: 1000729106 ns, Reaching safepoint: 32508 ns, Cleanup: 29755 ns, At safepoint: 17012 ns, Total: 79275 ns
[2025-05-29T03:10:32.394+0000][71][info ][safepoint   ] Safepoint "Cleanup", Time since last: 1000703323 ns, Reaching safepoint: 33676 ns, Cleanup: 11503 ns, At safepoint: 22528 ns, Total: 67707 ns
[2025-05-29T03:10:33.395+0000][71][info ][safepoint   ] Safepoint "Cleanup", Time since last: 1000808427 ns, Reaching safepoint: 32657 ns, Cleanup: 16485 ns, At safepoint: 15115 ns, Total: 64257 ns
[2025-05-29T03:10:34.396+0000][71][info ][safepoint   ] Safepoint "Cleanup", Time since last: 1000951454 ns, Reaching safepoint: 24618 ns, Cleanup: 23025 ns, At safepoint: 10817 ns, Total: 58460 ns
[2025-05-29T03:10:35.397+0000][71][info ][safepoint   ] Safepoint "Cleanup", Time since last: 1000618001 ns, Reaching safepoint: 197717 ns, Cleanup: 18517 ns, At safepoint: 285037 ns, Total: 501271 ns
[2025-05-29T03:10:38.398+0000][71][info ][safepoint   ] Safepoint "Cleanup", Time since last: 3000945216 ns, Reaching safepoint: 20344 ns, Cleanup: 23241 ns, At safepoint: 7713 ns, Total: 51298 ns
[2025-05-29T03:10:39.399+0000][71][info ][safepoint   ] Safepoint "Cleanup", Time since last: 1000772715 ns, Reaching safepoint: 33572 ns, Cleanup: 15756 ns, At safepoint: 15460 ns, Total: 64788 ns
[2025-05-29T03:10:41.400+0000][71][info ][safepoint   ] Safepoint "Cleanup", Time since last: 2001013445 ns, Reaching safepoint: 76953 ns, Cleanup: 26065 ns, At safepoint: 18213 ns, Total: 121231 ns
[2025-05-29T03:10:43.401+0000][71][info ][safepoint   ] Safepoint "Cleanup", Time since last: 2000999023 ns, Reaching safepoint: 33920 ns, Cleanup: 23527 ns, At safepoint: 77943 ns, Total: 135390 ns
[2025-05-29T03:10:44.402+0000][71][info ][safepoint   ] Safepoint "Cleanup", Time since last: 1000750997 ns, Reaching safepoint: 16812 ns, Cleanup: 15330 ns, At safepoint: 7516 ns, Total: 39658 ns
[2025-05-29T03:10:47.386+0000][71][info ][gc,start    ] GC(11) Pause Young (Concurrent Start) (CodeCache GC Threshold)
[2025-05-29T03:10:47.387+0000][71][info ][gc,task     ] GC(11) Using 10 workers of 10 for evacuation
[2025-05-29T03:10:47.388+0000][71][debug][gc,age      ] GC(11) Desired survivor size 106954752 bytes, new threshold 15 (max threshold 15)
[2025-05-29T03:10:47.546+0000][71][info ][gc,phases   ] GC(11)   Pre Evacuate Collection Set: 21.20ms
[2025-05-29T03:10:47.546+0000][71][info ][gc,phases   ] GC(11)   Merge Heap Roots: 1.08ms
[2025-05-29T03:10:47.547+0000][71][info ][gc,phases   ] GC(11)   Evacuate Collection Set: 108.21ms
[2025-05-29T03:10:47.547+0000][71][info ][gc,phases   ] GC(11)   Post Evacuate Collection Set: 25.09ms
[2025-05-29T03:10:47.548+0000][71][info ][gc,phases   ] GC(11)   Other: 2.83ms
[2025-05-29T03:10:47.548+0000][71][trace][gc,age      ] GC(11) Age table with threshold 15 (max threshold 15)
[2025-05-29T03:10:47.549+0000][71][trace][gc,age      ] GC(11) - age   1:   44372792 bytes,   44372792 total
[2025-05-29T03:10:47.549+0000][71][trace][gc,age      ] GC(11) - age   2:   20074424 bytes,   64447216 total
[2025-05-29T03:10:47.550+0000][71][trace][gc,age      ] GC(11) - age   3:   14263032 bytes,   78710248 total
[2025-05-29T03:10:47.550+0000][71][trace][gc,age      ] GC(11) - age   4:    3755576 bytes,   82465824 total
[2025-05-29T03:10:47.550+0000][71][trace][gc,age      ] GC(11) - age   5:    2987040 bytes,   85452864 total
[2025-05-29T03:10:47.551+0000][71][trace][gc,age      ] GC(11) - age   6:    4074160 bytes,   89527024 total
[2025-05-29T03:10:47.551+0000][71][trace][gc,age      ] GC(11) - age   7:    4199984 bytes,   93727008 total
[2025-05-29T03:10:47.552+0000][71][info ][gc,heap     ] GC(11) Eden regions: 325->0(96)
[2025-05-29T03:10:47.552+0000][71][info ][gc,heap     ] GC(11) Survivor regions: 14->25(51)
[2025-05-29T03:10:47.552+0000][71][info ][gc,heap     ] GC(11) Old regions: 3->3
[2025-05-29T03:10:47.553+0000][71][info ][gc,heap     ] GC(11) Humongous regions: 0->0
[2025-05-29T03:10:47.553+0000][71][info ][gc,metaspace] GC(11) Metaspace: 141139K(145152K)->141139K(145152K) NonClass: 121527K(123712K)->121527K(123712K) Class: 19612K(21440K)->19612K(21440K)
[2025-05-29T03:10:47.554+0000][71][info ][gc          ] GC(11) Pause Young (Concurrent Start) (CodeCache GC Threshold) 1361M->107M(3880M) 168.040ms
[2025-05-29T03:10:47.554+0000][71][info ][gc,cpu      ] GC(11) User=0.98s Sys=0.04s Real=0.17s
[2025-05-29T03:10:47.555+0000][71][info ][gc          ] GC(12) Concurrent Mark Cycle
[2025-05-29T03:10:47.555+0000][71][info ][safepoint   ] Safepoint "G1TryInitiateConcMark", Time since last: 2984744665 ns, Reaching safepoint: 19465 ns, Cleanup: 8403 ns, At safepoint: 170116856 ns, Total: 170144724 ns
[2025-05-29T03:10:47.555+0000][71][info ][gc,marking  ] GC(12) Concurrent Scan Root Regions
[2025-05-29T03:10:47.576+0000][71][info ][gc,marking  ] GC(12) Concurrent Scan Root Regions 20.753ms
[2025-05-29T03:10:47.577+0000][71][info ][gc,marking  ] GC(12) Concurrent Mark
[2025-05-29T03:10:47.577+0000][71][info ][gc,marking  ] GC(12) Concurrent Mark From Roots
[2025-05-29T03:10:47.577+0000][71][info ][gc,task     ] GC(12) Using 3 workers of 3 for marking
[2025-05-29T03:10:47.584+0000][71][info ][gc,marking  ] GC(12) Concurrent Mark From Roots 7.027ms
[2025-05-29T03:10:47.585+0000][71][info ][gc,marking  ] GC(12) Concurrent Preclean
[2025-05-29T03:10:47.585+0000][71][info ][gc,marking  ] GC(12) Concurrent Preclean 0.587ms
[2025-05-29T03:10:47.586+0000][71][info ][gc,start    ] GC(12) Pause Remark
[2025-05-29T03:10:47.607+0000][71][info ][gc          ] GC(12) Pause Remark 119M->119M(3880M) 21.509ms
[2025-05-29T03:10:47.608+0000][71][info ][gc,cpu      ] GC(12) User=0.08s Sys=0.00s Real=0.02s
[2025-05-29T03:10:47.608+0000][71][info ][safepoint   ] Safepoint "G1PauseRemark", Time since last: 30746679 ns, Reaching safepoint: 30398 ns, Cleanup: 14870 ns, At safepoint: 22358034 ns, Total: 22403302 ns
[2025-05-29T03:10:47.609+0000][71][info ][gc,marking  ] GC(12) Concurrent Mark 31.931ms
[2025-05-29T03:10:47.609+0000][71][info ][gc,marking  ] GC(12) Concurrent Rebuild Remembered Sets and Scrub Regions
[2025-05-29T03:10:47.613+0000][71][info ][gc,marking  ] GC(12) Concurrent Rebuild Remembered Sets and Scrub Regions 3.681ms
[2025-05-29T03:10:47.613+0000][71][info ][gc,start    ] GC(12) Pause Cleanup
[2025-05-29T03:10:47.614+0000][71][info ][gc          ] GC(12) Pause Cleanup 119M->119M(3880M) 1.045ms
[2025-05-29T03:10:47.615+0000][71][info ][gc,cpu      ] GC(12) User=0.00s Sys=0.00s Real=0.00s
[2025-05-29T03:10:47.615+0000][71][info ][safepoint   ] Safepoint "G1PauseCleanup", Time since last: 5055078 ns, Reaching safepoint: 153502 ns, Cleanup: 24042 ns, At safepoint: 1941076 ns, Total: 2118620 ns
[2025-05-29T03:10:47.616+0000][71][info ][gc,marking  ] GC(12) Concurrent Clear Claimed Marks
[2025-05-29T03:10:47.616+0000][71][info ][gc,marking  ] GC(12) Concurrent Clear Claimed Marks 0.807ms
[2025-05-29T03:10:47.617+0000][71][info ][gc,marking  ] GC(12) Concurrent Cleanup for Next Mark
[2025-05-29T03:10:47.635+0000][71][info ][gc,marking  ] GC(12) Concurrent Cleanup for Next Mark 18.178ms
[2025-05-29T03:10:47.636+0000][71][info ][gc          ] GC(12) Concurrent Mark Cycle 80.581ms
[2025-05-29T03:10:48.616+0000][71][info ][safepoint   ] Safepoint "Cleanup", Time since last: 1000432426 ns, Reaching safepoint: 41211 ns, Cleanup: 18380 ns, At safepoint: 16311 ns, Total: 75902 ns
[2025-05-29T03:10:50.617+0000][71][info ][safepoint   ] Safepoint "Cleanup", Time since last: 2000896607 ns, Reaching safepoint: 45788 ns, Cleanup: 21033 ns, At safepoint: 15648 ns, Total: 82469 ns
[2025-05-29T03:10:53.618+0000][71][info ][safepoint   ] Safepoint "Cleanup", Time since last: 3000969920 ns, Reaching safepoint: 88655 ns, Cleanup: 19398 ns, At safepoint: 8838 ns, Total: 116891 ns
[2025-05-29T03:10:55.619+0000][71][info ][safepoint   ] Safepoint "Cleanup", Time since last: 2000841672 ns, Reaching safepoint: 34089 ns, Cleanup: 17366 ns, At safepoint: 16425 ns, Total: 67880 ns
[2025-05-29T03:10:56.620+0000][71][info ][safepoint   ] Safepoint "Cleanup", Time since last: 1000666168 ns, Reaching safepoint: 75733 ns, Cleanup: 23926 ns, At safepoint: 17039 ns, Total: 116698 ns
[2025-05-29T03:10:59.621+0000][71][info ][safepoint   ] Safepoint "Cleanup", Time since last: 3001133348 ns, Reaching safepoint: 34025 ns, Cleanup: 16241 ns, At safepoint: 16993 ns, Total: 67259 ns
[2025-05-29T03:11:02.622+0000][71][info ][safepoint   ] Safepoint "Cleanup", Time since last: 3001326602 ns, Reaching safepoint: 35979 ns, Cleanup: 23841 ns, At safepoint: 16653 ns, Total: 76473 ns
[2025-05-29T03:11:03.623+0000][71][info ][safepoint   ] Safepoint "Cleanup", Time since last: 1000837274 ns, Reaching safepoint: 20992 ns, Cleanup: 17223 ns, At safepoint: 7502 ns, Total: 45717 ns
[2025-05-29T03:11:04.624+0000][71][info ][safepoint   ] Safepoint "Cleanup", Time since last: 1000913556 ns, Reaching safepoint: 33533 ns, Cleanup: 16882 ns, At safepoint: 15204 ns, Total: 65619 ns
[2025-05-29T03:11:06.386+0000][71][info ][safepoint   ] Safepoint "Cleanup", Time since last: 1761562992 ns, Reaching safepoint: 22412 ns, Cleanup: 16214 ns, At safepoint: 8927 ns, Total: 47553 ns
[2025-05-29T03:11:08.387+0000][71][info ][safepoint   ] Safepoint "Cleanup", Time since last: 2000804333 ns, Reaching safepoint: 18076 ns, Cleanup: 29883 ns, At safepoint: 30949 ns, Total: 78908 ns
[2025-05-29T03:11:09.388+0000][71][info ][safepoint   ] Safepoint "Cleanup", Time since last: 1000933387 ns, Reaching safepoint: 35408 ns, Cleanup: 25533 ns, At safepoint: 15690 ns, Total: 76631 ns
[2025-05-29T03:11:11.389+0000][71][info ][safepoint   ] Safepoint "Cleanup", Time since last: 2001015329 ns, Reaching safepoint: 45470 ns, Cleanup: 15376 ns, At safepoint: 8355 ns, Total: 69201 ns
[2025-05-29T03:11:13.390+0000][71][info ][safepoint   ] Safepoint "Cleanup", Time since last: 2001088664 ns, Reaching safepoint: 35475 ns, Cleanup: 25089 ns, At safepoint: 16767 ns, Total: 77331 ns
[2025-05-29T03:11:14.391+0000][71][info ][safepoint   ] Safepoint "Cleanup", Time since last: 1000839748 ns, Reaching safepoint: 20548 ns, Cleanup: 15292 ns, At safepoint: 8931 ns, Total: 44771 ns
[2025-05-29T03:11:15.392+0000][71][info ][safepoint   ] Safepoint "Cleanup", Time since last: 1000806624 ns, Reaching safepoint: 34191 ns, Cleanup: 17291 ns, At safepoint: 15082 ns, Total: 66564 ns
[2025-05-29T03:11:17.390+0000][71][info ][safepoint   ] Safepoint "Cleanup", Time since last: 2001406734 ns, Reaching safepoint: 111278 ns, Cleanup: 21550 ns, At safepoint: 52691 ns, Total: 185519 ns
[2025-05-29T03:11:18.583+0000][71][info ][safepoint   ] Safepoint "Cleanup", Time since last: 1191628655 ns, Reaching safepoint: 158136 ns, Cleanup: 40678 ns, At safepoint: 279275 ns, Total: 478089 ns
[2025-05-29T03:11:19.595+0000][71][info ][safepoint   ] Safepoint "Cleanup", Time since last: 1012110531 ns, Reaching safepoint: 32510 ns, Cleanup: 17109 ns, At safepoint: 16283 ns, Total: 65902 ns
[2025-05-29T03:11:20.596+0000][71][info ][safepoint   ] Safepoint "Cleanup", Time since last: 1000892295 ns, Reaching safepoint: 33071 ns, Cleanup: 20706 ns, At safepoint: 15269 ns, Total: 69046 ns
[2025-05-29T03:11:23.597+0000][71][info ][safepoint   ] Safepoint "Cleanup", Time since last: 3001087796 ns, Reaching safepoint: 133214 ns, Cleanup: 20121 ns, At safepoint: 75148 ns, Total: 228483 ns
[2025-05-29T03:11:24.598+0000][71][info ][safepoint   ] Safepoint "Cleanup", Time since last: 1000744432 ns, Reaching safepoint: 33041 ns, Cleanup: 15112 ns, At safepoint: 15080 ns, Total: 63233 ns
[2025-05-29T03:11:26.599+0000][71][info ][safepoint   ] Safepoint "Cleanup", Time since last: 2001053722 ns, Reaching safepoint: 32827 ns, Cleanup: 18063 ns, At safepoint: 15486 ns, Total: 66376 ns
[2025-05-29T03:11:28.600+0000][71][info ][safepoint   ] Safepoint "Cleanup", Time since last: 2001003428 ns, Reaching safepoint: 73015 ns, Cleanup: 106483 ns, At safepoint: 21798 ns, Total: 201296 ns
[2025-05-29T03:11:32.602+0000][71][info ][safepoint   ] Safepoint "Cleanup", Time since last: 4001346666 ns, Reaching safepoint: 33537 ns, Cleanup: 16651 ns, At safepoint: 15368 ns, Total: 65556 ns
[2025-05-29T03:11:33.602+0000][71][info ][safepoint   ] Safepoint "Cleanup", Time since last: 1000822285 ns, Reaching safepoint: 34944 ns, Cleanup: 23247 ns, At safepoint: 16438 ns, Total: 74629 ns
[2025-05-29T03:11:34.603+0000][71][info ][safepoint   ] Safepoint "Cleanup", Time since last: 1000835737 ns, Reaching safepoint: 33764 ns, Cleanup: 17848 ns, At safepoint: 15496 ns, Total: 67108 ns
[2025-05-29T03:11:35.604+0000][71][info ][safepoint   ] Safepoint "Cleanup", Time since last: 1000740310 ns, Reaching safepoint: 33340 ns, Cleanup: 30414 ns, At safepoint: 15772 ns, Total: 79526 ns
[2025-05-29T03:11:38.605+0000][71][info ][safepoint   ] Safepoint "Cleanup", Time since last: 3001047758 ns, Reaching safepoint: 36233 ns, Cleanup: 24826 ns, At safepoint: 17806 ns, Total: 78865 ns
[2025-05-29T03:11:41.607+0000][71][info ][safepoint   ] Safepoint "Cleanup", Time since last: 3001259357 ns, Reaching safepoint: 36526 ns, Cleanup: 17404 ns, At safepoint: 17514 ns, Total: 71444 ns
[2025-05-29T03:11:42.607+0000][71][info ][safepoint   ] Safepoint "Cleanup", Time since last: 1000761622 ns, Reaching safepoint: 40610 ns, Cleanup: 21126 ns, At safepoint: 18720 ns, Total: 80456 ns
[2025-05-29T03:11:43.608+0000][71][info ][safepoint   ] Safepoint "Cleanup", Time since last: 1000652973 ns, Reaching safepoint: 21376 ns, Cleanup: 27443 ns, At safepoint: 7764 ns, Total: 56583 ns
[2025-05-29T03:11:44.609+0000][71][info ][safepoint   ] Safepoint "Cleanup", Time since last: 1000738317 ns, Reaching safepoint: 31410 ns, Cleanup: 18824 ns, At safepoint: 15111 ns, Total: 65345 ns
[2025-05-29T03:11:45.610+0000][71][info ][safepoint   ] Safepoint "Cleanup", Time since last: 1000578435 ns, Reaching safepoint: 20320 ns, Cleanup: 15328 ns, At safepoint: 8557 ns, Total: 44205 ns
[2025-05-29T03:11:47.607+0000][71][info ][safepoint   ] Safepoint "Cleanup", Time since last: 2000768593 ns, Reaching safepoint: 31112 ns, Cleanup: 77395 ns, At safepoint: 16155 ns, Total: 124662 ns
[2025-05-29T03:11:48.608+0000][71][info ][safepoint   ] Safepoint "Cleanup", Time since last: 1000846588 ns, Reaching safepoint: 18533 ns, Cleanup: 14378 ns, At safepoint: 8002 ns, Total: 40913 ns
[2025-05-29T03:11:50.609+0000][71][info ][safepoint   ] Safepoint "Cleanup", Time since last: 2001061128 ns, Reaching safepoint: 31677 ns, Cleanup: 20490 ns, At safepoint: 14915 ns, Total: 67082 ns
[2025-05-29T03:11:53.611+0000][71][info ][safepoint   ] Safepoint "Cleanup", Time since last: 3001106019 ns, Reaching safepoint: 105661 ns, Cleanup: 26993 ns, At safepoint: 8908 ns, Total: 141562 ns
[2025-05-29T03:11:55.612+0000][71][info ][safepoint   ] Safepoint "Cleanup", Time since last: 2001009981 ns, Reaching safepoint: 17896 ns, Cleanup: 12512 ns, At safepoint: 8142 ns, Total: 38550 ns
[2025-05-29T03:11:56.612+0000][71][info ][safepoint   ] Safepoint "Cleanup", Time since last: 1000693735 ns, Reaching safepoint: 31040 ns, Cleanup: 17826 ns, At safepoint: 15126 ns, Total: 63992 ns
[2025-05-29T03:11:58.613+0000][71][info ][safepoint   ] Safepoint "Cleanup", Time since last: 2000984622 ns, Reaching safepoint: 43216 ns, Cleanup: 11291 ns, At safepoint: 8241 ns, Total: 62748 ns
[2025-05-29T03:12:00.614+0000][71][info ][safepoint   ] Safepoint "Cleanup", Time since last: 2000948884 ns, Reaching safepoint: 32922 ns, Cleanup: 17063 ns, At safepoint: 14866 ns, Total: 64851 ns
[2025-05-29T03:12:03.616+0000][71][info ][safepoint   ] Safepoint "Cleanup", Time since last: 3001171654 ns, Reaching safepoint: 19060 ns, Cleanup: 15512 ns, At safepoint: 8458 ns, Total: 43030 ns
[2025-05-29T03:12:04.616+0000][71][info ][safepoint   ] Safepoint "Cleanup", Time since last: 1000636568 ns, Reaching safepoint: 24465 ns, Cleanup: 16825 ns, At safepoint: 10871 ns, Total: 52161 ns
[2025-05-29T03:12:08.395+0000][71][info ][safepoint   ] Safepoint "Cleanup", Time since last: 3778122533 ns, Reaching safepoint: 14713 ns, Cleanup: 47064 ns, At safepoint: 16411 ns, Total: 78188 ns
[2025-05-29T03:12:09.641+0000][71][info ][safepoint   ] Safepoint "Cleanup", Time since last: 1246148565 ns, Reaching safepoint: 25858 ns, Cleanup: 56427 ns, At safepoint: 11404 ns, Total: 93689 ns
[2025-05-29T03:12:10.641+0000][71][info ][safepoint   ] Safepoint "Cleanup", Time since last: 1000627347 ns, Reaching safepoint: 21017 ns, Cleanup: 20357 ns, At safepoint: 8487 ns, Total: 49861 ns
[2025-05-29T03:12:11.663+0000][71][info ][safepoint   ] Safepoint "Cleanup", Time since last: 1021007212 ns, Reaching safepoint: 32268 ns, Cleanup: 42366 ns, At safepoint: 15711 ns, Total: 90345 ns
[2025-05-29T03:12:13.663+0000][71][info ][safepoint   ] Safepoint "Cleanup", Time since last: 2000755815 ns, Reaching safepoint: 46984 ns, Cleanup: 24155 ns, At safepoint: 8763 ns, Total: 79902 ns
[2025-05-29T03:12:14.665+0000][71][info ][safepoint   ] Safepoint "Cleanup", Time since last: 1001156513 ns, Reaching safepoint: 30687 ns, Cleanup: 16029 ns, At safepoint: 41162 ns, Total: 87878 ns
[2025-05-29T03:12:15.665+0000][71][info ][safepoint   ] Safepoint "Cleanup", Time since last: 1000732677 ns, Reaching safepoint: 29982 ns, Cleanup: 19304 ns, At safepoint: 14797 ns, Total: 64083 ns
[2025-05-29T03:12:18.581+0000][71][info ][safepoint   ] Safepoint "Cleanup", Time since last: 2916796965 ns, Reaching safepoint: 145737 ns, Cleanup: 20414 ns, At safepoint: 67189 ns, Total: 233340 ns
[2025-05-29T03:12:19.792+0000][71][info ][safepoint   ] Safepoint "Cleanup", Time since last: 1211141586 ns, Reaching safepoint: 26651 ns, Cleanup: 28463 ns, At safepoint: 13277 ns, Total: 68391 ns
[2025-05-29T03:12:21.691+0000][71][info ][safepoint   ] Safepoint "Cleanup", Time since last: 1898964011 ns, Reaching safepoint: 26600 ns, Cleanup: 76052 ns, At safepoint: 68072 ns, Total: 170724 ns
[2025-05-29T03:12:22.696+0000][71][info ][safepoint   ] Safepoint "Cleanup", Time since last: 1005238109 ns, Reaching safepoint: 30955 ns, Cleanup: 18446 ns, At safepoint: 14979 ns, Total: 64380 ns
[2025-05-29T03:12:23.697+0000][71][info ][safepoint   ] Safepoint "Cleanup", Time since last: 1000762038 ns, Reaching safepoint: 32766 ns, Cleanup: 23917 ns, At safepoint: 80418 ns, Total: 137101 ns
[2025-05-29T03:12:26.698+0000][71][info ][safepoint   ] Safepoint "Cleanup", Time since last: 3000969483 ns, Reaching safepoint: 31756 ns, Cleanup: 16270 ns, At safepoint: 72413 ns, Total: 120439 ns
[2025-05-29T03:12:29.700+0000][71][info ][safepoint   ] Safepoint "Cleanup", Time since last: 3000913061 ns, Reaching safepoint: 128136 ns, Cleanup: 17266 ns, At safepoint: 129903 ns, Total: 275305 ns
[2025-05-29T03:12:33.701+0000][71][info ][safepoint   ] Safepoint "Cleanup", Time since last: 4001765881 ns, Reaching safepoint: 32602 ns, Cleanup: 22519 ns, At safepoint: 15592 ns, Total: 70713 ns
[2025-05-29T03:12:34.702+0000][71][info ][safepoint   ] Safepoint "Cleanup", Time since last: 1000795702 ns, Reaching safepoint: 31478 ns, Cleanup: 15456 ns, At safepoint: 14512 ns, Total: 61446 ns
[2025-05-29T03:12:38.704+0000][71][info ][safepoint   ] Safepoint "Cleanup", Time since last: 4001330747 ns, Reaching safepoint: 28398 ns, Cleanup: 31946 ns, At safepoint: 14469 ns, Total: 74813 ns
[2025-05-29T03:12:40.705+0000][71][info ][safepoint   ] Safepoint "Cleanup", Time since last: 2000888487 ns, Reaching safepoint: 32034 ns, Cleanup: 16753 ns, At safepoint: 15362 ns, Total: 64149 ns
[2025-05-29T03:12:41.705+0000][71][info ][safepoint   ] Safepoint "Cleanup", Time since last: 1000712777 ns, Reaching safepoint: 25226 ns, Cleanup: 19848 ns, At safepoint: 10750 ns, Total: 55824 ns
[2025-05-29T03:12:44.707+0000][71][info ][safepoint   ] Safepoint "Cleanup", Time since last: 3001200518 ns, Reaching safepoint: 30952 ns, Cleanup: 32104 ns, At safepoint: 13947 ns, Total: 77003 ns
[2025-05-29T03:12:47.706+0000][71][info ][safepoint   ] Safepoint "Cleanup", Time since last: 3000956887 ns, Reaching safepoint: 20176 ns, Cleanup: 14201 ns, At safepoint: 7678 ns, Total: 42055 ns
[2025-05-29T03:12:48.707+0000][71][info ][safepoint   ] Safepoint "Cleanup", Time since last: 1000726404 ns, Reaching safepoint: 33901 ns, Cleanup: 17497 ns, At safepoint: 17339 ns, Total: 68737 ns
[2025-05-29T03:12:50.708+0000][71][info ][safepoint   ] Safepoint "Cleanup", Time since last: 2000928284 ns, Reaching safepoint: 50228 ns, Cleanup: 22909 ns, At safepoint: 10700 ns, Total: 83837 ns
[2025-05-29T03:12:53.709+0000][71][info ][safepoint   ] Safepoint "Cleanup", Time since last: 3001336507 ns, Reaching safepoint: 33615 ns, Cleanup: 23858 ns, At safepoint: 15390 ns, Total: 72863 ns
[2025-05-29T03:12:58.711+0000][71][info ][safepoint   ] Safepoint "Cleanup", Time since last: 5001485146 ns, Reaching safepoint: 31013 ns, Cleanup: 16673 ns, At safepoint: 13311 ns, Total: 60997 ns
[2025-05-29T03:12:59.712+0000][71][info ][safepoint   ] Safepoint "Cleanup", Time since last: 1000752472 ns, Reaching safepoint: 82895 ns, Cleanup: 122607 ns, At safepoint: 23776 ns, Total: 229278 ns
[2025-05-29T03:13:03.713+0000][71][info ][safepoint   ] Safepoint "Cleanup", Time since last: 4001234480 ns, Reaching safepoint: 21354 ns, Cleanup: 16782 ns, At safepoint: 8339 ns, Total: 46475 ns
[2025-05-29T03:13:05.450+0000][71][info ][safepoint   ] Safepoint "Cleanup", Time since last: 1737303831 ns, Reaching safepoint: 8456 ns, Cleanup: 11555 ns, At safepoint: 3402 ns, Total: 23413 ns
[2025-05-29T03:13:08.452+0000][71][info ][safepoint   ] Safepoint "Cleanup", Time since last: 3001566354 ns, Reaching safepoint: 50672 ns, Cleanup: 37925 ns, At safepoint: 17635 ns, Total: 106232 ns
[2025-05-29T03:13:09.453+0000][71][info ][safepoint   ] Safepoint "Cleanup", Time since last: 1000788352 ns, Reaching safepoint: 85036 ns, Cleanup: 16624 ns, At safepoint: 12259 ns, Total: 113919 ns
[2025-05-29T03:13:14.455+0000][71][info ][safepoint   ] Safepoint "Cleanup", Time since last: 5001691920 ns, Reaching safepoint: 72652 ns, Cleanup: 27805 ns, At safepoint: 15887 ns, Total: 116344 ns
[2025-05-29T03:13:17.454+0000][71][info ][safepoint   ] Safepoint "Cleanup", Time since last: 3001489255 ns, Reaching safepoint: 29853 ns, Cleanup: 16749 ns, At safepoint: 13851 ns, Total: 60453 ns
[2025-05-29T03:13:20.455+0000][71][info ][safepoint   ] Safepoint "Cleanup", Time since last: 3001277804 ns, Reaching safepoint: 119544 ns, Cleanup: 18063 ns, At safepoint: 23942 ns, Total: 161549 ns
[2025-05-29T03:13:23.412+0000][71][info ][safepoint   ] Safepoint "Cleanup", Time since last: 2956106038 ns, Reaching safepoint: 7109 ns, Cleanup: 15940 ns, At safepoint: 14220 ns, Total: 37269 ns
[2025-05-29T03:13:24.725+0000][71][info ][safepoint   ] Safepoint "Cleanup", Time since last: 1313659968 ns, Reaching safepoint: 30731 ns, Cleanup: 39398 ns, At safepoint: 13676 ns, Total: 83805 ns
[2025-05-29T03:13:26.726+0000][71][info ][safepoint   ] Safepoint "Cleanup", Time since last: 2000898185 ns, Reaching safepoint: 30666 ns, Cleanup: 23132 ns, At safepoint: 13902 ns, Total: 67700 ns
[2025-05-29T03:13:28.727+0000][71][info ][safepoint   ] Safepoint "Cleanup", Time since last: 2000914915 ns, Reaching safepoint: 34290 ns, Cleanup: 17886 ns, At safepoint: 15065 ns, Total: 67241 ns
[2025-05-29T03:13:29.732+0000][71][info ][safepoint   ] Safepoint "Cleanup", Time since last: 1004722164 ns, Reaching safepoint: 79579 ns, Cleanup: 22341 ns, At safepoint: 34111 ns, Total: 136031 ns
[2025-05-29T03:13:32.733+0000][71][info ][safepoint   ] Safepoint "Cleanup", Time since last: 3000938400 ns, Reaching safepoint: 21089 ns, Cleanup: 23081 ns, At safepoint: 7147 ns, Total: 51317 ns
[2025-05-29T03:13:35.734+0000][71][info ][safepoint   ] Safepoint "Cleanup", Time since last: 3000875188 ns, Reaching safepoint: 21768 ns, Cleanup: 19089 ns, At safepoint: 8110 ns, Total: 48967 ns
[2025-05-29T03:13:37.735+0000][71][info ][safepoint   ] Safepoint "Cleanup", Time since last: 2000741474 ns, Reaching safepoint: 34516 ns, Cleanup: 18074 ns, At safepoint: 15312 ns, Total: 67902 ns
[2025-05-29T03:13:38.736+0000][71][info ][safepoint   ] Safepoint "Cleanup", Time since last: 1000707409 ns, Reaching safepoint: 33969 ns, Cleanup: 25867 ns, At safepoint: 16167 ns, Total: 76003 ns
[2025-05-29T03:13:40.737+0000][71][info ][safepoint   ] Safepoint "Cleanup", Time since last: 2000862244 ns, Reaching safepoint: 17547 ns, Cleanup: 11905 ns, At safepoint: 7261 ns, Total: 36713 ns
[2025-05-29T03:13:41.737+0000][71][info ][safepoint   ] Safepoint "Cleanup", Time since last: 1000552513 ns, Reaching safepoint: 19600 ns, Cleanup: 15328 ns, At safepoint: 8290 ns, Total: 43218 ns
[2025-05-29T03:13:42.738+0000][71][info ][safepoint   ] Safepoint "Cleanup", Time since last: 1000791045 ns, Reaching safepoint: 17544 ns, Cleanup: 14789 ns, At safepoint: 7913 ns, Total: 40246 ns
[2025-05-29T03:13:43.739+0000][71][info ][safepoint   ] Safepoint "Cleanup", Time since last: 1000662721 ns, Reaching safepoint: 31090 ns, Cleanup: 17996 ns, At safepoint: 14077 ns, Total: 63163 ns
[2025-05-29T03:13:44.739+0000][71][info ][safepoint   ] Safepoint "Cleanup", Time since last: 1000582428 ns, Reaching safepoint: 20204 ns, Cleanup: 15011 ns, At safepoint: 8409 ns, Total: 43624 ns
[2025-05-29T03:13:48.737+0000][71][info ][safepoint   ] Safepoint "Cleanup", Time since last: 4001120232 ns, Reaching safepoint: 87213 ns, Cleanup: 14247 ns, At safepoint: 9146 ns, Total: 110606 ns
[2025-05-29T03:13:53.739+0000][71][info ][safepoint   ] Safepoint "Cleanup", Time since last: 5001460388 ns, Reaching safepoint: 31921 ns, Cleanup: 16490 ns, At safepoint: 15595 ns, Total: 64006 ns
[2025-05-29T03:13:55.740+0000][71][info ][safepoint   ] Safepoint "Cleanup", Time since last: 2000870842 ns, Reaching safepoint: 154248 ns, Cleanup: 16558 ns, At safepoint: 17372 ns, Total: 188178 ns
[2025-05-29T03:13:58.741+0000][71][info ][safepoint   ] Safepoint "Cleanup", Time since last: 3001110285 ns, Reaching safepoint: 123875 ns, Cleanup: 19669 ns, At safepoint: 20751 ns, Total: 164295 ns
[2025-05-29T03:13:59.742+0000][71][info ][safepoint   ] Safepoint "Cleanup", Time since last: 1000891634 ns, Reaching safepoint: 35324 ns, Cleanup: 19420 ns, At safepoint: 15977 ns, Total: 70721 ns
[2025-05-29T03:14:03.744+0000][71][info ][safepoint   ] Safepoint "Cleanup", Time since last: 4001339796 ns, Reaching safepoint: 66865 ns, Cleanup: 17602 ns, At safepoint: 14320 ns, Total: 98787 ns
[2025-05-29T03:14:04.744+0000][71][info ][safepoint   ] Safepoint "Cleanup", Time since last: 1000738637 ns, Reaching safepoint: 25008 ns, Cleanup: 15329 ns, At safepoint: 10403 ns, Total: 50740 ns
[2025-05-29T03:14:06.487+0000][71][info ][safepoint   ] Safepoint "Cleanup", Time since last: 1741983187 ns, Reaching safepoint: 32580 ns, Cleanup: 17774 ns, At safepoint: 15892 ns, Total: 66246 ns
[2025-05-29T03:14:08.488+0000][71][info ][safepoint   ] Safepoint "Cleanup", Time since last: 2001166767 ns, Reaching safepoint: 34700 ns, Cleanup: 29012 ns, At safepoint: 15334 ns, Total: 79046 ns
[2025-05-29T03:14:09.488+0000][71][info ][safepoint   ] Safepoint "Cleanup", Time since last: 1000642628 ns, Reaching safepoint: 17753 ns, Cleanup: 13579 ns, At safepoint: 6732 ns, Total: 38064 ns
[2025-05-29T03:14:13.490+0000][71][info ][safepoint   ] Safepoint "Cleanup", Time since last: 4001144558 ns, Reaching safepoint: 30355 ns, Cleanup: 18875 ns, At safepoint: 14057 ns, Total: 63287 ns
[2025-05-29T03:14:14.491+0000][71][info ][safepoint   ] Safepoint "Cleanup", Time since last: 1000905707 ns, Reaching safepoint: 17891 ns, Cleanup: 16623 ns, At safepoint: 7865 ns, Total: 42379 ns
[2025-05-29T03:14:15.491+0000][71][info ][safepoint   ] Safepoint "Cleanup", Time since last: 1000639384 ns, Reaching safepoint: 18037 ns, Cleanup: 17694 ns, At safepoint: 8194 ns, Total: 43925 ns
[2025-05-29T03:14:17.490+0000][71][info ][safepoint   ] Safepoint "Cleanup", Time since last: 2000900244 ns, Reaching safepoint: 72019 ns, Cleanup: 27106 ns, At safepoint: 32575 ns, Total: 131700 ns
[2025-05-29T03:14:19.491+0000][71][info ][safepoint   ] Safepoint "Cleanup", Time since last: 2000861989 ns, Reaching safepoint: 28831 ns, Cleanup: 16544 ns, At safepoint: 13476 ns, Total: 58851 ns
[2025-05-29T03:14:23.492+0000][71][info ][safepoint   ] Safepoint "Cleanup", Time since last: 4000987280 ns, Reaching safepoint: 17623 ns, Cleanup: 11936 ns, At safepoint: 8251 ns, Total: 37810 ns
[2025-05-29T03:14:24.493+0000][71][info ][safepoint   ] Safepoint "Cleanup", Time since last: 1001184398 ns, Reaching safepoint: 29262 ns, Cleanup: 17021 ns, At safepoint: 13785 ns, Total: 60068 ns
[2025-05-29T03:14:26.402+0000][71][info ][safepoint   ] Safepoint "Cleanup", Time since last: 1908375576 ns, Reaching safepoint: 6021 ns, Cleanup: 14876 ns, At safepoint: 14245 ns, Total: 35142 ns
[2025-05-29T03:14:27.777+0000][71][info ][safepoint   ] Safepoint "Cleanup", Time since last: 1375068735 ns, Reaching safepoint: 18245 ns, Cleanup: 24285 ns, At safepoint: 8409 ns, Total: 50939 ns
[2025-05-29T03:14:28.778+0000][71][info ][safepoint   ] Safepoint "Cleanup", Time since last: 1000811928 ns, Reaching safepoint: 28016 ns, Cleanup: 18000 ns, At safepoint: 13581 ns, Total: 59597 ns
[2025-05-29T03:14:33.779+0000][71][info ][safepoint   ] Safepoint "Cleanup", Time since last: 5001429845 ns, Reaching safepoint: 69626 ns, Cleanup: 16458 ns, At safepoint: 29842 ns, Total: 115926 ns
[2025-05-29T03:14:35.780+0000][71][info ][safepoint   ] Safepoint "Cleanup", Time since last: 2000913818 ns, Reaching safepoint: 33788 ns, Cleanup: 20700 ns, At safepoint: 15667 ns, Total: 70155 ns
[2025-05-29T03:14:38.781+0000][71][info ][safepoint   ] Safepoint "Cleanup", Time since last: 3001087150 ns, Reaching safepoint: 31089 ns, Cleanup: 16364 ns, At safepoint: 15258 ns, Total: 62711 ns
[2025-05-29T03:14:41.782+0000][71][info ][safepoint   ] Safepoint "Cleanup", Time since last: 3000957606 ns, Reaching safepoint: 16180 ns, Cleanup: 25813 ns, At safepoint: 7566 ns, Total: 49559 ns
[2025-05-29T03:14:42.783+0000][71][info ][safepoint   ] Safepoint "Cleanup", Time since last: 1000765563 ns, Reaching safepoint: 18616 ns, Cleanup: 12843 ns, At safepoint: 7987 ns, Total: 39446 ns
[2025-05-29T03:14:43.784+0000][71][info ][safepoint   ] Safepoint "Cleanup", Time since last: 1000543345 ns, Reaching safepoint: 16911 ns, Cleanup: 11493 ns, At safepoint: 7552 ns, Total: 35956 ns
[2025-05-29T03:14:53.784+0000][71][info ][safepoint   ] Safepoint "Cleanup", Time since last: 10002241027 ns, Reaching safepoint: 17265 ns, Cleanup: 24094 ns, At safepoint: 6929 ns, Total: 48288 ns
[2025-05-29T03:14:55.786+0000][71][info ][safepoint   ] Safepoint "Cleanup", Time since last: 2001386840 ns, Reaching safepoint: 33263 ns, Cleanup: 17209 ns, At safepoint: 15730 ns, Total: 66202 ns
[2025-05-29T03:14:56.786+0000][71][info ][safepoint   ] Safepoint "Cleanup", Time since last: 1000744436 ns, Reaching safepoint: 30195 ns, Cleanup: 19823 ns, At safepoint: 13501 ns, Total: 63519 ns
[2025-05-29T03:15:02.788+0000][71][info ][safepoint   ] Safepoint "Cleanup", Time since last: 6001666539 ns, Reaching safepoint: 63033 ns, Cleanup: 15686 ns, At safepoint: 13551 ns, Total: 92270 ns
[2025-05-29T03:15:03.789+0000][71][info ][safepoint   ] Safepoint "Cleanup", Time since last: 1000711474 ns, Reaching safepoint: 17804 ns, Cleanup: 13628 ns, At safepoint: 9235 ns, Total: 40667 ns
[2025-05-29T03:15:08.522+0000][71][info ][safepoint   ] Safepoint "Cleanup", Time since last: 4732674949 ns, Reaching safepoint: 18382 ns, Cleanup: 28662 ns, At safepoint: 8230 ns, Total: 55274 ns
[2025-05-29T03:15:09.523+0000][71][info ][safepoint   ] Safepoint "Cleanup", Time since last: 1000904271 ns, Reaching safepoint: 18337 ns, Cleanup: 14916 ns, At safepoint: 8104 ns, Total: 41357 ns
[2025-05-29T03:15:10.523+0000][71][info ][safepoint   ] Safepoint "Cleanup", Time since last: 1000645697 ns, Reaching safepoint: 31670 ns, Cleanup: 17693 ns, At safepoint: 13777 ns, Total: 63140 ns
[2025-05-29T03:15:11.524+0000][71][info ][safepoint   ] Safepoint "Cleanup", Time since last: 1000753920 ns, Reaching safepoint: 24630 ns, Cleanup: 17300 ns, At safepoint: 11125 ns, Total: 53055 ns
[2025-05-29T03:15:13.525+0000][71][info ][safepoint   ] Safepoint "Cleanup", Time since last: 2000766710 ns, Reaching safepoint: 30584 ns, Cleanup: 25232 ns, At safepoint: 12611 ns, Total: 68427 ns
[2025-05-29T03:15:14.526+0000][71][info ][safepoint   ] Safepoint "Cleanup", Time since last: 1000669498 ns, Reaching safepoint: 72670 ns, Cleanup: 14743 ns, At safepoint: 9013 ns, Total: 96426 ns
[2025-05-29T03:15:17.524+0000][71][info ][safepoint   ] Safepoint "Cleanup", Time since last: 3000790240 ns, Reaching safepoint: 56602 ns, Cleanup: 28411 ns, At safepoint: 12796 ns, Total: 97809 ns
[2025-05-29T03:15:19.524+0000][71][info ][safepoint   ] Safepoint "Cleanup", Time since last: 2000780762 ns, Reaching safepoint: 20179 ns, Cleanup: 12726 ns, At safepoint: 9115 ns, Total: 42020 ns
[2025-05-29T03:15:24.526+0000][71][info ][safepoint   ] Safepoint "Cleanup", Time since last: 5001411103 ns, Reaching safepoint: 29332 ns, Cleanup: 17458 ns, At safepoint: 12236 ns, Total: 59026 ns
[2025-05-29T03:15:26.527+0000][71][info ][safepoint   ] Safepoint "Cleanup", Time since last: 2000776297 ns, Reaching safepoint: 20627 ns, Cleanup: 15554 ns, At safepoint: 9129 ns, Total: 45310 ns
[2025-05-29T03:15:29.408+0000][71][info ][safepoint   ] Safepoint "Cleanup", Time since last: 2881538148 ns, Reaching safepoint: 13509 ns, Cleanup: 21472 ns, At safepoint: 17381 ns, Total: 52362 ns
[2025-05-29T03:15:30.818+0000][71][info ][safepoint   ] Safepoint "Cleanup", Time since last: 1409812515 ns, Reaching safepoint: 20295 ns, Cleanup: 25994 ns, At safepoint: 8489 ns, Total: 54778 ns
[2025-05-29T03:15:32.819+0000][71][info ][safepoint   ] Safepoint "Cleanup", Time since last: 2000756795 ns, Reaching safepoint: 42249 ns, Cleanup: 17805 ns, At safepoint: 7736 ns, Total: 67790 ns
[2025-05-29T03:15:35.820+0000][71][info ][safepoint   ] Safepoint "Cleanup", Time since last: 3001098208 ns, Reaching safepoint: 31421 ns, Cleanup: 17102 ns, At safepoint: 15425 ns, Total: 63948 ns
[2025-05-29T03:15:38.821+0000][71][info ][safepoint   ] Safepoint "Cleanup", Time since last: 3000930627 ns, Reaching safepoint: 17786 ns, Cleanup: 16642 ns, At safepoint: 8212 ns, Total: 42640 ns
[2025-05-29T03:15:39.822+0000][71][info ][safepoint   ] Safepoint "Cleanup", Time since last: 1000723299 ns, Reaching safepoint: 17774 ns, Cleanup: 13613 ns, At safepoint: 7739 ns, Total: 39126 ns
[2025-05-29T03:15:41.823+0000][71][info ][safepoint   ] Safepoint "Cleanup", Time since last: 2000801770 ns, Reaching safepoint: 177021 ns, Cleanup: 21890 ns, At safepoint: 78090 ns, Total: 277001 ns
[2025-05-29T03:15:47.823+0000][71][info ][safepoint   ] Safepoint "Cleanup", Time since last: 6001271434 ns, Reaching safepoint: 42346 ns, Cleanup: 12655 ns, At safepoint: 8345 ns, Total: 63346 ns
[2025-05-29T03:15:48.823+0000][71][info ][safepoint   ] Safepoint "Cleanup", Time since last: 1000722228 ns, Reaching safepoint: 30295 ns, Cleanup: 19832 ns, At safepoint: 14218 ns, Total: 64345 ns
[2025-05-29T03:15:50.824+0000][71][info ][safepoint   ] Safepoint "Cleanup", Time since last: 2000781204 ns, Reaching safepoint: 16913 ns, Cleanup: 13440 ns, At safepoint: 7132 ns, Total: 37485 ns
[2025-05-29T03:15:55.826+0000][71][info ][safepoint   ] Safepoint "Cleanup", Time since last: 5001371373 ns, Reaching safepoint: 21171 ns, Cleanup: 9517 ns, At safepoint: 32965 ns, Total: 63653 ns
[2025-05-29T03:15:56.826+0000][71][info ][safepoint   ] Safepoint "Cleanup", Time since last: 1000663000 ns, Reaching safepoint: 30062 ns, Cleanup: 16717 ns, At safepoint: 15105 ns, Total: 61884 ns
[2025-05-29T03:15:59.828+0000][71][info ][safepoint   ] Safepoint "Cleanup", Time since last: 3001116015 ns, Reaching safepoint: 30724 ns, Cleanup: 15750 ns, At safepoint: 14900 ns, Total: 61374 ns
[2025-05-29T03:16:05.554+0000][71][info ][safepoint   ] Safepoint "Cleanup", Time since last: 5726112643 ns, Reaching safepoint: 13841 ns, Cleanup: 17327 ns, At safepoint: 10344 ns, Total: 41512 ns
[2025-05-29T03:16:08.555+0000][71][info ][safepoint   ] Safepoint "Cleanup", Time since last: 3001441979 ns, Reaching safepoint: 30933 ns, Cleanup: 35961 ns, At safepoint: 14284 ns, Total: 81178 ns
[2025-05-29T03:16:09.556+0000][71][info ][safepoint   ] Safepoint "Cleanup", Time since last: 1000655046 ns, Reaching safepoint: 30450 ns, Cleanup: 18219 ns, At safepoint: 13749 ns, Total: 62418 ns
[2025-05-29T03:16:12.557+0000][71][info ][safepoint   ] Safepoint "Cleanup", Time since last: 3001016219 ns, Reaching safepoint: 34597 ns, Cleanup: 85106 ns, At safepoint: 22841 ns, Total: 142544 ns
[2025-05-29T03:16:14.558+0000][71][info ][safepoint   ] Safepoint "Cleanup", Time since last: 2001096478 ns, Reaching safepoint: 31000 ns, Cleanup: 19094 ns, At safepoint: 13532 ns, Total: 63626 ns
[2025-05-29T03:16:17.557+0000][71][info ][safepoint   ] Safepoint "Cleanup", Time since last: 3001213198 ns, Reaching safepoint: 35841 ns, Cleanup: 17634 ns, At safepoint: 17872 ns, Total: 71347 ns
[2025-05-29T03:16:20.558+0000][71][info ][safepoint   ] Safepoint "Cleanup", Time since last: 3001038431 ns, Reaching safepoint: 66841 ns, Cleanup: 18648 ns, At safepoint: 14595 ns, Total: 100084 ns
[2025-05-29T03:16:23.559+0000][71][info ][safepoint   ] Safepoint "Cleanup", Time since last: 3001093005 ns, Reaching safepoint: 30684 ns, Cleanup: 37428 ns, At safepoint: 14531 ns, Total: 82643 ns
[2025-05-29T03:16:26.561+0000][71][info ][safepoint   ] Safepoint "Cleanup", Time since last: 3001403269 ns, Reaching safepoint: 30269 ns, Cleanup: 16578 ns, At safepoint: 13912 ns, Total: 60759 ns
[2025-05-29T03:16:29.562+0000][71][info ][safepoint   ] Safepoint "Cleanup", Time since last: 3001369700 ns, Reaching safepoint: 29191 ns, Cleanup: 19797 ns, At safepoint: 13475 ns, Total: 62463 ns
[2025-05-29T03:16:32.404+0000][71][info ][safepoint   ] Safepoint "Cleanup", Time since last: 2841920453 ns, Reaching safepoint: 12884 ns, Cleanup: 33780 ns, At safepoint: 77337 ns, Total: 124001 ns
[2025-05-29T03:16:33.862+0000][71][info ][safepoint   ] Safepoint "Cleanup", Time since last: 1457265554 ns, Reaching safepoint: 27638 ns, Cleanup: 26822 ns, At safepoint: 13113 ns, Total: 67573 ns
[2025-05-29T03:16:35.863+0000][71][info ][safepoint   ] Safepoint "Cleanup", Time since last: 2000918198 ns, Reaching safepoint: 21041 ns, Cleanup: 14373 ns, At safepoint: 8444 ns, Total: 43858 ns
[2025-05-29T03:16:38.864+0000][71][info ][safepoint   ] Safepoint "Cleanup", Time since last: 3001159897 ns, Reaching safepoint: 19847 ns, Cleanup: 13287 ns, At safepoint: 26068 ns, Total: 59202 ns
[2025-05-29T03:16:41.875+0000][71][info ][safepoint   ] Safepoint "Cleanup", Time since last: 3011085813 ns, Reaching safepoint: 32881 ns, Cleanup: 17691 ns, At safepoint: 14735 ns, Total: 65307 ns
[2025-05-29T03:16:42.876+0000][71][info ][safepoint   ] Safepoint "Cleanup", Time since last: 1000738804 ns, Reaching safepoint: 32517 ns, Cleanup: 20433 ns, At safepoint: 14413 ns, Total: 67363 ns
[2025-05-29T03:16:43.877+0000][71][info ][safepoint   ] Safepoint "Cleanup", Time since last: 1000763637 ns, Reaching safepoint: 30545 ns, Cleanup: 32795 ns, At safepoint: 14262 ns, Total: 77602 ns
[2025-05-29T03:16:44.877+0000][71][info ][safepoint   ] Safepoint "Cleanup", Time since last: 1000694975 ns, Reaching safepoint: 19983 ns, Cleanup: 17425 ns, At safepoint: 7868 ns, Total: 45276 ns
[2025-05-29T03:16:59.877+0000][71][info ][safepoint   ] Safepoint "Cleanup", Time since last: 15002798962 ns, Reaching safepoint: 67216 ns, Cleanup: 15550 ns, At safepoint: 14227 ns, Total: 96993 ns
[2025-05-29T03:17:05.591+0000][71][info ][safepoint   ] Safepoint "Cleanup", Time since last: 5713518007 ns, Reaching safepoint: 100031 ns, Cleanup: 15249 ns, At safepoint: 12494 ns, Total: 127774 ns
[2025-05-29T03:17:08.592+0000][71][info ][safepoint   ] Safepoint "Cleanup", Time since last: 3001382702 ns, Reaching safepoint: 26130 ns, Cleanup: 36316 ns, At safepoint: 10894 ns, Total: 73340 ns
[2025-05-29T03:17:10.610+0000][71][info ][safepoint   ] Safepoint "Cleanup", Time since last: 2017884468 ns, Reaching safepoint: 32299 ns, Cleanup: 15282 ns, At safepoint: 14931 ns, Total: 62512 ns
[2025-05-29T03:17:11.879+0000][71][info ][safepoint   ] Safepoint "Cleanup", Time since last: 1268014486 ns, Reaching safepoint: 16206 ns, Cleanup: 38843 ns, At safepoint: 77878 ns, Total: 132927 ns
[2025-05-29T03:17:12.888+0000][71][info ][safepoint   ] Safepoint "Cleanup", Time since last: 1009297537 ns, Reaching safepoint: 32448 ns, Cleanup: 31744 ns, At safepoint: 14853 ns, Total: 79045 ns
[2025-05-29T03:17:13.889+0000][71][info ][safepoint   ] Safepoint "Cleanup", Time since last: 1000858102 ns, Reaching safepoint: 26664 ns, Cleanup: 31146 ns, At safepoint: 11324 ns, Total: 69134 ns
[2025-05-29T03:17:14.962+0000][71][info ][safepoint   ] Safepoint "Cleanup", Time since last: 1073175127 ns, Reaching safepoint: 33816 ns, Cleanup: 28237 ns, At safepoint: 17026 ns, Total: 79079 ns
[2025-05-29T03:17:18.961+0000][71][info ][safepoint   ] Safepoint "Cleanup", Time since last: 4001059989 ns, Reaching safepoint: 31583 ns, Cleanup: 21981 ns, At safepoint: 14778 ns, Total: 68342 ns
[2025-05-29T03:17:20.962+0000][71][info ][safepoint   ] Safepoint "Cleanup", Time since last: 2000838869 ns, Reaching safepoint: 66625 ns, Cleanup: 18444 ns, At safepoint: 13669 ns, Total: 98738 ns
[2025-05-29T03:17:23.963+0000][71][info ][safepoint   ] Safepoint "Cleanup", Time since last: 3001171320 ns, Reaching safepoint: 18676 ns, Cleanup: 12608 ns, At safepoint: 8350 ns, Total: 39634 ns
[2025-05-29T03:17:26.965+0000][71][info ][safepoint   ] Safepoint "Cleanup", Time since last: 3001197577 ns, Reaching safepoint: 40292 ns, Cleanup: 27147 ns, At safepoint: 15101 ns, Total: 82540 ns
[2025-05-29T03:17:27.966+0000][71][info ][safepoint   ] Safepoint "Cleanup", Time since last: 1000805077 ns, Reaching safepoint: 19304 ns, Cleanup: 11751 ns, At safepoint: 6998 ns, Total: 38053 ns
[2025-05-29T03:17:33.967+0000][71][info ][safepoint   ] Safepoint "Cleanup", Time since last: 6001713042 ns, Reaching safepoint: 18444 ns, Cleanup: 19003 ns, At safepoint: 8505 ns, Total: 45952 ns
[2025-05-29T03:17:35.415+0000][71][info ][safepoint   ] Safepoint "Cleanup", Time since last: 1447373027 ns, Reaching safepoint: 84914 ns, Cleanup: 14314 ns, At safepoint: 26929 ns, Total: 126157 ns
[2025-05-29T03:17:37.031+0000][71][info ][safepoint   ] Safepoint "Cleanup", Time since last: 1616254792 ns, Reaching safepoint: 29888 ns, Cleanup: 120004 ns, At safepoint: 66769 ns, Total: 216661 ns
[2025-05-29T03:17:38.035+0000][71][info ][safepoint   ] Safepoint "Cleanup", Time since last: 1003951108 ns, Reaching safepoint: 28663 ns, Cleanup: 17762 ns, At safepoint: 10269 ns, Total: 56694 ns
[2025-05-29T03:17:42.037+0000][71][info ][safepoint   ] Safepoint "Cleanup", Time since last: 4001233198 ns, Reaching safepoint: 33682 ns, Cleanup: 17410 ns, At safepoint: 15488 ns, Total: 66580 ns
[2025-05-29T03:17:43.037+0000][71][info ][safepoint   ] Safepoint "Cleanup", Time since last: 1000785175 ns, Reaching safepoint: 30155 ns, Cleanup: 25943 ns, At safepoint: 14645 ns, Total: 70743 ns
[2025-05-29T03:17:43.934+0000][71][info ][gc,start    ] GC(13) Pause Young (Normal) (G1 Evacuation Pause)
[2025-05-29T03:17:43.934+0000][71][info ][gc,task     ] GC(13) Using 10 workers of 10 for evacuation
[2025-05-29T03:17:43.935+0000][71][debug][gc,age      ] GC(13) Desired survivor size 33554432 bytes, new threshold 1 (max threshold 15)
[2025-05-29T03:17:44.247+0000][71][info ][gc,mmu      ] GC(13) MMU target violated: 201.0ms (200.0ms/201.0ms)
[2025-05-29T03:17:44.248+0000][71][info ][gc,phases   ] GC(13)   Pre Evacuate Collection Set: 1.80ms
[2025-05-29T03:17:44.248+0000][71][info ][gc,phases   ] GC(13)   Merge Heap Roots: 0.49ms
[2025-05-29T03:17:44.248+0000][71][info ][gc,phases   ] GC(13)   Evacuate Collection Set: 305.98ms
[2025-05-29T03:17:44.249+0000][71][info ][gc,phases   ] GC(13)   Post Evacuate Collection Set: 3.69ms
[2025-05-29T03:17:44.249+0000][71][info ][gc,phases   ] GC(13)   Other: 1.54ms
[2025-05-29T03:17:44.250+0000][71][trace][gc,age      ] GC(13) Age table with threshold 1 (max threshold 15)
[2025-05-29T03:17:44.250+0000][71][trace][gc,age      ] GC(13) - age   1:    1292304 bytes,    1292304 total
[2025-05-29T03:17:44.250+0000][71][info ][gc,heap     ] GC(13) Eden regions: 96->0(327)
[2025-05-29T03:17:44.251+0000][71][info ][gc,heap     ] GC(13) Survivor regions: 25->3(16)
[2025-05-29T03:17:44.251+0000][71][info ][gc,heap     ] GC(13) Old regions: 3->27
[2025-05-29T03:17:44.251+0000][71][info ][gc,heap     ] GC(13) Humongous regions: 0->0
[2025-05-29T03:17:44.252+0000][71][info ][gc,metaspace] GC(13) Metaspace: 142766K(146752K)->142766K(146752K) NonClass: 123101K(125248K)->123101K(125248K) Class: 19664K(21504K)->19664K(21504K)
[2025-05-29T03:17:44.252+0000][71][info ][gc          ] GC(13) Pause Young (Normal) (G1 Evacuation Pause) 491M->117M(3880M) 318.158ms
[2025-05-29T03:17:44.252+0000][71][info ][gc,cpu      ] GC(13) User=1.09s Sys=0.42s Real=0.32s
[2025-05-29T03:17:44.253+0000][71][info ][safepoint   ] Safepoint "G1CollectForAllocation", Time since last: 896081740 ns, Reaching safepoint: 30816 ns, Cleanup: 20478 ns, At safepoint: 319454893 ns, Total: 319506187 ns
[2025-05-29T03:17:45.260+0000][71][info ][safepoint   ] Safepoint "Cleanup", Time since last: 1006405730 ns, Reaching safepoint: 86493 ns, Cleanup: 30513 ns, At safepoint: 67162 ns, Total: 184168 ns
[2025-05-29T03:17:46.260+0000][71][info ][safepoint   ] Safepoint "Cleanup", Time since last: 1000760983 ns, Reaching safepoint: 30375 ns, Cleanup: 15593 ns, At safepoint: 13569 ns, Total: 59537 ns
[2025-05-29T03:17:48.259+0000][71][info ][safepoint   ] Safepoint "Cleanup", Time since last: 2001089410 ns, Reaching safepoint: 36121 ns, Cleanup: 17474 ns, At safepoint: 91846 ns, Total: 145441 ns
[2025-05-29T03:17:53.260+0000][71][info ][safepoint   ] Safepoint "Cleanup", Time since last: 5001278662 ns, Reaching safepoint: 64920 ns, Cleanup: 16931 ns, At safepoint: 31040 ns, Total: 112891 ns
[2025-05-29T03:17:54.261+0000][71][info ][safepoint   ] Safepoint "Cleanup", Time since last: 1000671699 ns, Reaching safepoint: 24170 ns, Cleanup: 17196 ns, At safepoint: 51829 ns, Total: 93195 ns
[2025-05-29T03:17:57.262+0000][71][info ][safepoint   ] Safepoint "Cleanup", Time since last: 3000892098 ns, Reaching safepoint: 73890 ns, Cleanup: 16565 ns, At safepoint: 16889 ns, Total: 107344 ns
[2025-05-29T03:17:58.263+0000][71][info ][safepoint   ] Safepoint "Cleanup", Time since last: 1000820340 ns, Reaching safepoint: 25354 ns, Cleanup: 17179 ns, At safepoint: 10966 ns, Total: 53499 ns
[2025-05-29T03:18:03.277+0000][71][info ][safepoint   ] Safepoint "Cleanup", Time since last: 5014590650 ns, Reaching safepoint: 34702 ns, Cleanup: 16877 ns, At safepoint: 15514 ns, Total: 67093 ns
[2025-05-29T03:18:05.629+0000][71][info ][safepoint   ] Safepoint "Cleanup", Time since last: 2351884003 ns, Reaching safepoint: 18234 ns, Cleanup: 13659 ns, At safepoint: 10480 ns, Total: 42373 ns
[2025-05-29T03:18:08.631+0000][71][info ][safepoint   ] Safepoint "Cleanup", Time since last: 3001725702 ns, Reaching safepoint: 44326 ns, Cleanup: 21186 ns, At safepoint: 8617 ns, Total: 74129 ns
[2025-05-29T03:18:11.632+0000][71][info ][safepoint   ] Safepoint "Cleanup", Time since last: 3000885575 ns, Reaching safepoint: 19990 ns, Cleanup: 14464 ns, At safepoint: 8292 ns, Total: 42746 ns
[2025-05-29T03:18:13.633+0000][71][info ][safepoint   ] Safepoint "Cleanup", Time since last: 2000821852 ns, Reaching safepoint: 18747 ns, Cleanup: 14503 ns, At safepoint: 8261 ns, Total: 41511 ns
[2025-05-29T03:18:20.633+0000][71][info ][safepoint   ] Safepoint "Cleanup", Time since last: 7001718307 ns, Reaching safepoint: 35947 ns, Cleanup: 21999 ns, At safepoint: 15776 ns, Total: 73722 ns
[2025-05-29T03:18:26.634+0000][71][info ][safepoint   ] Safepoint "Cleanup", Time since last: 6001444270 ns, Reaching safepoint: 35904 ns, Cleanup: 20575 ns, At safepoint: 18198 ns, Total: 74677 ns
[2025-05-29T03:18:33.636+0000][71][info ][safepoint   ] Safepoint "Cleanup", Time since last: 7001552356 ns, Reaching safepoint: 31307 ns, Cleanup: 22937 ns, At safepoint: 13535 ns, Total: 67779 ns
[2025-05-29T03:18:35.637+0000][71][info ][safepoint   ] Safepoint "Cleanup", Time since last: 2001078264 ns, Reaching safepoint: 30178 ns, Cleanup: 19350 ns, At safepoint: 14444 ns, Total: 63972 ns
[2025-05-29T03:18:38.398+0000][71][info ][safepoint   ] Safepoint "Cleanup", Time since last: 2760699868 ns, Reaching safepoint: 7112 ns, Cleanup: 10158 ns, At safepoint: 14353 ns, Total: 31623 ns
[2025-05-29T03:18:40.275+0000][71][info ][safepoint   ] Safepoint "Cleanup", Time since last: 1877571746 ns, Reaching safepoint: 27828 ns, Cleanup: 36867 ns, At safepoint: 10870 ns, Total: 75565 ns
[2025-05-29T03:18:42.276+0000][71][info ][safepoint   ] Safepoint "Cleanup", Time since last: 2000896538 ns, Reaching safepoint: 34764 ns, Cleanup: 17977 ns, At safepoint: 17285 ns, Total: 70026 ns
[2025-05-29T03:18:43.277+0000][71][info ][safepoint   ] Safepoint "Cleanup", Time since last: 1000763855 ns, Reaching safepoint: 24487 ns, Cleanup: 16541 ns, At safepoint: 8752 ns, Total: 49780 ns
[2025-05-29T03:18:45.278+0000][71][info ][safepoint   ] Safepoint "Cleanup", Time since last: 2000908726 ns, Reaching safepoint: 19795 ns, Cleanup: 13451 ns, At safepoint: 7912 ns, Total: 41158 ns
[2025-05-29T03:18:46.279+0000][71][info ][safepoint   ] Safepoint "Cleanup", Time since last: 1000914049 ns, Reaching safepoint: 32111 ns, Cleanup: 17093 ns, At safepoint: 16935 ns, Total: 66139 ns
[2025-05-29T03:19:03.280+0000][71][info ][safepoint   ] Safepoint "Cleanup", Time since last: 17003432036 ns, Reaching safepoint: 30746 ns, Cleanup: 16343 ns, At safepoint: 11516 ns, Total: 58605 ns
[2025-05-29T03:19:04.281+0000][71][info ][safepoint   ] Safepoint "Cleanup", Time since last: 1000745744 ns, Reaching safepoint: 34177 ns, Cleanup: 22136 ns, At safepoint: 15771 ns, Total: 72084 ns
[2025-05-29T03:19:08.667+0000][71][info ][safepoint   ] Safepoint "Cleanup", Time since last: 4386112273 ns, Reaching safepoint: 65194 ns, Cleanup: 30235 ns, At safepoint: 14304 ns, Total: 109733 ns
[2025-05-29T03:19:14.669+0000][71][info ][safepoint   ] Safepoint "Cleanup", Time since last: 6001689641 ns, Reaching safepoint: 20403 ns, Cleanup: 15082 ns, At safepoint: 8815 ns, Total: 44300 ns
[2025-05-29T03:19:15.670+0000][71][info ][safepoint   ] Safepoint "Cleanup", Time since last: 1000793562 ns, Reaching safepoint: 30839 ns, Cleanup: 18287 ns, At safepoint: 13824 ns, Total: 62950 ns
[2025-05-29T03:19:17.668+0000][71][info ][safepoint   ] Safepoint "Cleanup", Time since last: 2000911278 ns, Reaching safepoint: 30228 ns, Cleanup: 20962 ns, At safepoint: 13597 ns, Total: 64787 ns
[2025-05-29T03:19:18.669+0000][71][info ][safepoint   ] Safepoint "Cleanup", Time since last: 1000944331 ns, Reaching safepoint: 31023 ns, Cleanup: 26391 ns, At safepoint: 14500 ns, Total: 71914 ns
[2025-05-29T03:19:23.671+0000][71][info ][safepoint   ] Safepoint "Cleanup", Time since last: 5001660321 ns, Reaching safepoint: 31949 ns, Cleanup: 20106 ns, At safepoint: 14140 ns, Total: 66195 ns
[2025-05-29T03:19:25.672+0000][71][info ][safepoint   ] Safepoint "Cleanup", Time since last: 2000955128 ns, Reaching safepoint: 178253 ns, Cleanup: 18307 ns, At safepoint: 15710 ns, Total: 212270 ns
[2025-05-29T03:19:28.673+0000][71][info ][safepoint   ] Safepoint "Cleanup", Time since last: 3001006307 ns, Reaching safepoint: 18024 ns, Cleanup: 13119 ns, At safepoint: 7983 ns, Total: 39126 ns
[2025-05-29T03:19:32.675+0000][71][info ][safepoint   ] Safepoint "Cleanup", Time since last: 4001341953 ns, Reaching safepoint: 30730 ns, Cleanup: 15617 ns, At safepoint: 13909 ns, Total: 60256 ns
[2025-05-29T03:19:33.676+0000][71][info ][safepoint   ] Safepoint "Cleanup", Time since last: 1000885404 ns, Reaching safepoint: 30242 ns, Cleanup: 19539 ns, At safepoint: 14374 ns, Total: 64155 ns
[2025-05-29T03:19:38.677+0000][71][info ][safepoint   ] Safepoint "Cleanup", Time since last: 5001276805 ns, Reaching safepoint: 17684 ns, Cleanup: 15657 ns, At safepoint: 6777 ns, Total: 40118 ns
[2025-05-29T03:19:41.417+0000][71][info ][safepoint   ] Safepoint "Cleanup", Time since last: 2739461632 ns, Reaching safepoint: 136601 ns, Cleanup: 15191 ns, At safepoint: 49596 ns, Total: 201388 ns
[2025-05-29T03:19:43.321+0000][71][info ][safepoint   ] Safepoint "Cleanup", Time since last: 1904539767 ns, Reaching safepoint: 18549 ns, Cleanup: 21756 ns, At safepoint: 8031 ns, Total: 48336 ns
[2025-05-29T03:19:44.322+0000][71][info ][safepoint   ] Safepoint "Cleanup", Time since last: 1000932779 ns, Reaching safepoint: 73599 ns, Cleanup: 16320 ns, At safepoint: 16296 ns, Total: 106215 ns
[2025-05-29T03:19:45.323+0000][71][info ][safepoint   ] Safepoint "Cleanup", Time since last: 1000862689 ns, Reaching safepoint: 28894 ns, Cleanup: 15697 ns, At safepoint: 13442 ns, Total: 58033 ns
[2025-05-29T03:19:48.322+0000][71][info ][safepoint   ] Safepoint "Cleanup", Time since last: 3001134555 ns, Reaching safepoint: 33253 ns, Cleanup: 17020 ns, At safepoint: 14515 ns, Total: 64788 ns
[2025-05-29T03:19:51.323+0000][71][info ][safepoint   ] Safepoint "Cleanup", Time since last: 3001146722 ns, Reaching safepoint: 29883 ns, Cleanup: 17547 ns, At safepoint: 13509 ns, Total: 60939 ns
[2025-05-29T03:19:54.325+0000][71][info ][safepoint   ] Safepoint "Cleanup", Time since last: 3001292856 ns, Reaching safepoint: 66378 ns, Cleanup: 15611 ns, At safepoint: 14038 ns, Total: 96027 ns
[2025-05-29T03:20:03.327+0000][71][info ][safepoint   ] Safepoint "Cleanup", Time since last: 9001947463 ns, Reaching safepoint: 20347 ns, Cleanup: 14590 ns, At safepoint: 6903 ns, Total: 41840 ns
[2025-05-29T03:20:04.328+0000][71][info ][safepoint   ] Safepoint "Cleanup", Time since last: 1000945241 ns, Reaching safepoint: 30097 ns, Cleanup: 15772 ns, At safepoint: 13798 ns, Total: 59667 ns
[2025-05-29T03:20:08.703+0000][71][info ][safepoint   ] Safepoint "Cleanup", Time since last: 4375720235 ns, Reaching safepoint: 30928 ns, Cleanup: 21931 ns, At safepoint: 14277 ns, Total: 67136 ns
[2025-05-29T03:20:12.705+0000][71][info ][safepoint   ] Safepoint "Cleanup", Time since last: 4001187162 ns, Reaching safepoint: 67272 ns, Cleanup: 19659 ns, At safepoint: 29259 ns, Total: 116190 ns
[2025-05-29T03:20:14.705+0000][71][info ][safepoint   ] Safepoint "Cleanup", Time since last: 2000748683 ns, Reaching safepoint: 16391 ns, Cleanup: 10603 ns, At safepoint: 7176 ns, Total: 34170 ns
[2025-05-29T03:20:18.704+0000][71][info ][safepoint   ] Safepoint "Cleanup", Time since last: 4001101094 ns, Reaching safepoint: 18906 ns, Cleanup: 14064 ns, At safepoint: 7901 ns, Total: 40871 ns
[2025-05-29T03:20:20.705+0000][71][info ][safepoint   ] Safepoint "Cleanup", Time since last: 2000950458 ns, Reaching safepoint: 17829 ns, Cleanup: 13626 ns, At safepoint: 8290 ns, Total: 39745 ns
[2025-05-29T03:20:27.707+0000][71][info ][safepoint   ] Safepoint "Cleanup", Time since last: 7001685596 ns, Reaching safepoint: 73429 ns, Cleanup: 19591 ns, At safepoint: 16586 ns, Total: 109606 ns
[2025-05-29T03:20:38.709+0000][71][info ][safepoint   ] Safepoint "Cleanup", Time since last: 11002043783 ns, Reaching safepoint: 17236 ns, Cleanup: 12047 ns, At safepoint: 7488 ns, Total: 36771 ns
[2025-05-29T03:20:40.710+0000][71][info ][safepoint   ] Safepoint "Cleanup", Time since last: 2000944589 ns, Reaching safepoint: 39960 ns, Cleanup: 11658 ns, At safepoint: 7628 ns, Total: 59246 ns
[2025-05-29T03:20:43.711+0000][71][info ][safepoint   ] Safepoint "Cleanup", Time since last: 3000984993 ns, Reaching safepoint: 30066 ns, Cleanup: 19202 ns, At safepoint: 14645 ns, Total: 63913 ns
[2025-05-29T03:20:45.348+0000][71][info ][safepoint   ] Safepoint "Cleanup", Time since last: 1636885748 ns, Reaching safepoint: 136016 ns, Cleanup: 31151 ns, At safepoint: 44086 ns, Total: 211253 ns
[2025-05-29T03:20:46.376+0000][71][info ][safepoint   ] Safepoint "Cleanup", Time since last: 1028062706 ns, Reaching safepoint: 30982 ns, Cleanup: 18644 ns, At safepoint: 14175 ns, Total: 63801 ns
[2025-05-29T03:20:47.375+0000][71][info ][safepoint   ] Safepoint "Cleanup", Time since last: 1000645669 ns, Reaching safepoint: 28878 ns, Cleanup: 10972 ns, At safepoint: 77183 ns, Total: 117033 ns
[2025-05-29T03:20:49.376+0000][71][info ][safepoint   ] Safepoint "Cleanup", Time since last: 2001088606 ns, Reaching safepoint: 16446 ns, Cleanup: 14395 ns, At safepoint: 8094 ns, Total: 38935 ns
[2025-05-29T03:20:53.377+0000][71][info ][safepoint   ] Safepoint "Cleanup", Time since last: 4001101369 ns, Reaching safepoint: 94698 ns, Cleanup: 12088 ns, At safepoint: 29452 ns, Total: 136238 ns
[2025-05-29T03:20:56.378+0000][71][info ][safepoint   ] Safepoint "Cleanup", Time since last: 3000850885 ns, Reaching safepoint: 31180 ns, Cleanup: 19657 ns, At safepoint: 15227 ns, Total: 66064 ns
[2025-05-29T03:20:59.379+0000][71][info ][safepoint   ] Safepoint "Cleanup", Time since last: 3001106796 ns, Reaching safepoint: 96223 ns, Cleanup: 16811 ns, At safepoint: 16938 ns, Total: 129972 ns
[2025-05-29T03:21:04.380+0000][71][info ][safepoint   ] Safepoint "Cleanup", Time since last: 5001201580 ns, Reaching safepoint: 28806 ns, Cleanup: 12152 ns, At safepoint: 23738 ns, Total: 64696 ns
[2025-05-29T03:21:05.381+0000][71][info ][safepoint   ] Safepoint "Cleanup", Time since last: 1000757762 ns, Reaching safepoint: 17713 ns, Cleanup: 14335 ns, At safepoint: 8039 ns, Total: 40087 ns
[2025-05-29T03:21:08.742+0000][71][info ][safepoint   ] Safepoint "Cleanup", Time since last: 3360905395 ns, Reaching safepoint: 30487 ns, Cleanup: 26775 ns, At safepoint: 14992 ns, Total: 72254 ns
[2025-05-29T03:21:12.743+0000][71][info ][safepoint   ] Safepoint "Cleanup", Time since last: 4001115048 ns, Reaching safepoint: 44008 ns, Cleanup: 15003 ns, At safepoint: 8226 ns, Total: 67237 ns
[2025-05-29T03:21:13.744+0000][71][info ][safepoint   ] Safepoint "Cleanup", Time since last: 1000900848 ns, Reaching safepoint: 35731 ns, Cleanup: 16652 ns, At safepoint: 16025 ns, Total: 68408 ns
[2025-05-29T03:21:14.745+0000][71][info ][safepoint   ] Safepoint "Cleanup", Time since last: 1000792811 ns, Reaching safepoint: 28601 ns, Cleanup: 20378 ns, At safepoint: 13420 ns, Total: 62399 ns
[2025-05-29T03:21:28.746+0000][71][info ][safepoint   ] Safepoint "Cleanup", Time since last: 14003366143 ns, Reaching safepoint: 67453 ns, Cleanup: 18158 ns, At safepoint: 16723 ns, Total: 102334 ns
[2025-05-29T03:21:29.747+0000][71][info ][safepoint   ] Safepoint "Cleanup", Time since last: 1000550897 ns, Reaching safepoint: 32781 ns, Cleanup: 20575 ns, At safepoint: 14979 ns, Total: 68335 ns
[2025-05-29T03:21:32.748+0000][71][info ][safepoint   ] Safepoint "Cleanup", Time since last: 3001234164 ns, Reaching safepoint: 30555 ns, Cleanup: 20121 ns, At safepoint: 13203 ns, Total: 63879 ns
[2025-05-29T03:21:33.749+0000][71][info ][safepoint   ] Safepoint "Cleanup", Time since last: 1000790597 ns, Reaching safepoint: 30515 ns, Cleanup: 15488 ns, At safepoint: 12627 ns, Total: 58630 ns
[2025-05-29T03:21:35.750+0000][71][info ][safepoint   ] Safepoint "Cleanup", Time since last: 2000748947 ns, Reaching safepoint: 31068 ns, Cleanup: 15165 ns, At safepoint: 15484 ns, Total: 61717 ns
[2025-05-29T03:21:38.751+0000][71][info ][safepoint   ] Safepoint "Cleanup", Time since last: 3001102290 ns, Reaching safepoint: 29487 ns, Cleanup: 24942 ns, At safepoint: 13929 ns, Total: 68358 ns
[2025-05-29T03:21:41.752+0000][71][info ][safepoint   ] Safepoint "Cleanup", Time since last: 3000935411 ns, Reaching safepoint: 68864 ns, Cleanup: 16982 ns, At safepoint: 16900 ns, Total: 102746 ns
[2025-05-29T03:21:43.753+0000][71][info ][safepoint   ] Safepoint "Cleanup", Time since last: 2001001890 ns, Reaching safepoint: 30985 ns, Cleanup: 26568 ns, At safepoint: 14358 ns, Total: 71911 ns
[2025-05-29T03:21:44.754+0000][71][info ][safepoint   ] Safepoint "Cleanup", Time since last: 1000590358 ns, Reaching safepoint: 30227 ns, Cleanup: 15480 ns, At safepoint: 14536 ns, Total: 60243 ns
[2025-05-29T03:21:45.755+0000][71][info ][safepoint   ] Safepoint "Cleanup", Time since last: 1001169880 ns, Reaching safepoint: 31749 ns, Cleanup: 15751 ns, At safepoint: 13594 ns, Total: 61094 ns
[2025-05-29T03:21:47.410+0000][71][info ][safepoint   ] Safepoint "Cleanup", Time since last: 1657258707 ns, Reaching safepoint: 18973 ns, Cleanup: 19670 ns, At safepoint: 74335 ns, Total: 112978 ns
[2025-05-29T03:21:48.448+0000][71][info ][safepoint   ] Safepoint "Cleanup", Time since last: 1037641040 ns, Reaching safepoint: 15912 ns, Cleanup: 18027 ns, At safepoint: 48237 ns, Total: 82176 ns
[2025-05-29T03:21:49.474+0000][71][info ][safepoint   ] Safepoint "Cleanup", Time since last: 1026432160 ns, Reaching safepoint: 16209 ns, Cleanup: 13192 ns, At safepoint: 7297 ns, Total: 36698 ns
[2025-05-29T03:21:50.475+0000][71][info ][safepoint   ] Safepoint "Cleanup", Time since last: 1000594454 ns, Reaching safepoint: 18428 ns, Cleanup: 9799 ns, At safepoint: 24236 ns, Total: 52463 ns
[2025-05-29T03:21:54.476+0000][71][info ][safepoint   ] Safepoint "Cleanup", Time since last: 4001049782 ns, Reaching safepoint: 21028 ns, Cleanup: 14699 ns, At safepoint: 8706 ns, Total: 44433 ns
[2025-05-29T03:21:59.478+0000][71][info ][safepoint   ] Safepoint "Cleanup", Time since last: 5001465579 ns, Reaching safepoint: 171342 ns, Cleanup: 22182 ns, At safepoint: 82155 ns, Total: 275679 ns
[2025-05-29T03:22:03.479+0000][71][info ][safepoint   ] Safepoint "Cleanup", Time since last: 4001239939 ns, Reaching safepoint: 33566 ns, Cleanup: 26074 ns, At safepoint: 91331 ns, Total: 150971 ns
[2025-05-29T03:22:04.480+0000][71][info ][safepoint   ] Safepoint "Cleanup", Time since last: 1000595511 ns, Reaching safepoint: 29729 ns, Cleanup: 20024 ns, At safepoint: 13578 ns, Total: 63331 ns
[2025-05-29T03:22:05.481+0000][71][info ][safepoint   ] Safepoint "Cleanup", Time since last: 1000666939 ns, Reaching safepoint: 17340 ns, Cleanup: 11832 ns, At safepoint: 6538 ns, Total: 35710 ns
[2025-05-29T03:22:08.394+0000][71][info ][safepoint   ] Safepoint "Cleanup", Time since last: 2913438637 ns, Reaching safepoint: 13183 ns, Cleanup: 28795 ns, At safepoint: 63396 ns, Total: 105374 ns
[2025-05-29T03:22:09.491+0000][71][info ][safepoint   ] Safepoint "Cleanup", Time since last: 1097142895 ns, Reaching safepoint: 30634 ns, Cleanup: 33837 ns, At safepoint: 15051 ns, Total: 79522 ns
[2025-05-29T03:22:10.509+0000][71][info ][safepoint   ] Safepoint "Cleanup", Time since last: 1018014883 ns, Reaching safepoint: 30838 ns, Cleanup: 21345 ns, At safepoint: 13852 ns, Total: 66035 ns
[2025-05-29T03:22:12.510+0000][71][info ][safepoint   ] Safepoint "Cleanup", Time since last: 2000905407 ns, Reaching safepoint: 41999 ns, Cleanup: 13704 ns, At safepoint: 10229 ns, Total: 65932 ns
[2025-05-29T03:22:14.389+0000][71][info ][safepoint   ] Safepoint "Cleanup", Time since last: 1878476509 ns, Reaching safepoint: 6004 ns, Cleanup: 15823 ns, At safepoint: 13494 ns, Total: 35321 ns
[2025-05-29T03:22:15.526+0000][71][info ][safepoint   ] Safepoint "Cleanup", Time since last: 1137485045 ns, Reaching safepoint: 25446 ns, Cleanup: 28446 ns, At safepoint: 10961 ns, Total: 64853 ns
[2025-05-29T03:22:16.542+0000][71][info ][safepoint   ] Safepoint "Cleanup", Time since last: 1017824459 ns, Reaching safepoint: 32078 ns, Cleanup: 26368 ns, At safepoint: 14422 ns, Total: 72868 ns
[2025-05-29T03:22:17.560+0000][71][info ][safepoint   ] Safepoint "Cleanup", Time since last: 1017781794 ns, Reaching safepoint: 29051 ns, Cleanup: 16203 ns, At safepoint: 13985 ns, Total: 59239 ns
[2025-05-29T03:22:20.561+0000][71][info ][safepoint   ] Safepoint "Cleanup", Time since last: 3001097617 ns, Reaching safepoint: 19334 ns, Cleanup: 12286 ns, At safepoint: 9254 ns, Total: 40874 ns
[2025-05-29T03:22:28.563+0000][71][info ][safepoint   ] Safepoint "Cleanup", Time since last: 8001460172 ns, Reaching safepoint: 18414 ns, Cleanup: 15557 ns, At safepoint: 7790 ns, Total: 41761 ns
[2025-05-29T03:22:35.564+0000][71][info ][safepoint   ] Safepoint "Cleanup", Time since last: 7001569060 ns, Reaching safepoint: 32684 ns, Cleanup: 15920 ns, At safepoint: 14627 ns, Total: 63231 ns
[2025-05-29T03:22:38.565+0000][71][info ][safepoint   ] Safepoint "Cleanup", Time since last: 3001078028 ns, Reaching safepoint: 19632 ns, Cleanup: 15352 ns, At safepoint: 7900 ns, Total: 42884 ns
[2025-05-29T03:22:40.566+0000][71][info ][safepoint   ] Safepoint "Cleanup", Time since last: 2000833918 ns, Reaching safepoint: 31550 ns, Cleanup: 15749 ns, At safepoint: 13826 ns, Total: 61125 ns
[2025-05-29T03:22:41.567+0000][71][info ][safepoint   ] Safepoint "Cleanup", Time since last: 1000547143 ns, Reaching safepoint: 21060 ns, Cleanup: 13461 ns, At safepoint: 8505 ns, Total: 43026 ns
[2025-05-29T03:22:44.568+0000][71][info ][safepoint   ] Safepoint "Cleanup", Time since last: 3000881622 ns, Reaching safepoint: 77202 ns, Cleanup: 20446 ns, At safepoint: 16943 ns, Total: 114591 ns
[2025-05-29T03:22:45.569+0000][71][info ][safepoint   ] Safepoint "Cleanup", Time since last: 1000653529 ns, Reaching safepoint: 31100 ns, Cleanup: 15709 ns, At safepoint: 14993 ns, Total: 61802 ns
[2025-05-29T03:22:48.567+0000][71][info ][safepoint   ] Safepoint "Cleanup", Time since last: 3001054236 ns, Reaching safepoint: 30339 ns, Cleanup: 20997 ns, At safepoint: 14111 ns, Total: 65447 ns
[2025-05-29T03:22:50.344+0000][71][info ][safepoint   ] Safepoint "Cleanup", Time since last: 1777488876 ns, Reaching safepoint: 29645 ns, Cleanup: 30411 ns, At safepoint: 14393 ns, Total: 74449 ns
[2025-05-29T03:22:51.586+0000][71][info ][safepoint   ] Safepoint "Cleanup", Time since last: 1241552457 ns, Reaching safepoint: 15424 ns, Cleanup: 21584 ns, At safepoint: 6899 ns, Total: 43907 ns
[2025-05-29T03:22:53.587+0000][71][info ][safepoint   ] Safepoint "Cleanup", Time since last: 2000909587 ns, Reaching safepoint: 15426 ns, Cleanup: 11326 ns, At safepoint: 7575 ns, Total: 34327 ns
[2025-05-29T03:23:01.589+0000][71][info ][safepoint   ] Safepoint "Cleanup", Time since last: 8001643424 ns, Reaching safepoint: 18953 ns, Cleanup: 13632 ns, At safepoint: 8014 ns, Total: 40599 ns
[2025-05-29T03:23:03.589+0000][71][info ][safepoint   ] Safepoint "Cleanup", Time since last: 2000773844 ns, Reaching safepoint: 18122 ns, Cleanup: 33614 ns, At safepoint: 8382 ns, Total: 60118 ns
[2025-05-29T03:23:05.590+0000][71][info ][safepoint   ] Safepoint "Cleanup", Time since last: 2000788654 ns, Reaching safepoint: 18309 ns, Cleanup: 15919 ns, At safepoint: 7057 ns, Total: 41285 ns
[2025-05-29T03:23:08.818+0000][71][info ][safepoint   ] Safepoint "Cleanup", Time since last: 3227931462 ns, Reaching safepoint: 30142 ns, Cleanup: 21034 ns, At safepoint: 13498 ns, Total: 64674 ns
[2025-05-29T03:23:14.820+0000][71][info ][safepoint   ] Safepoint "Cleanup", Time since last: 6001498115 ns, Reaching safepoint: 60978 ns, Cleanup: 15127 ns, At safepoint: 9771 ns, Total: 85876 ns
[2025-05-29T03:23:20.819+0000][71][info ][safepoint   ] Safepoint "Cleanup", Time since last: 6001364251 ns, Reaching safepoint: 30219 ns, Cleanup: 15906 ns, At safepoint: 13619 ns, Total: 59744 ns
[2025-05-29T03:23:23.820+0000][71][info ][safepoint   ] Safepoint "Cleanup", Time since last: 3001042314 ns, Reaching safepoint: 17338 ns, Cleanup: 17806 ns, At safepoint: 7792 ns, Total: 42936 ns
[2025-05-29T03:23:28.821+0000][71][info ][safepoint   ] Safepoint "Cleanup", Time since last: 5001384244 ns, Reaching safepoint: 56039 ns, Cleanup: 19933 ns, At safepoint: 10242 ns, Total: 86214 ns
[2025-05-29T03:23:34.823+0000][71][info ][safepoint   ] Safepoint "Cleanup", Time since last: 6001468030 ns, Reaching safepoint: 30896 ns, Cleanup: 17027 ns, At safepoint: 13666 ns, Total: 61589 ns
[2025-05-29T03:23:38.824+0000][71][info ][safepoint   ] Safepoint "Cleanup", Time since last: 4001105043 ns, Reaching safepoint: 31974 ns, Cleanup: 17430 ns, At safepoint: 14325 ns, Total: 63729 ns
[2025-05-29T03:23:53.408+0000][71][info ][safepoint   ] Safepoint "Cleanup", Time since last: 14586718785 ns, Reaching safepoint: 23972 ns, Cleanup: 19899 ns, At safepoint: 67497 ns, Total: 111368 ns
[2025-05-29T03:23:54.642+0000][71][info ][safepoint   ] Safepoint "Cleanup", Time since last: 1233394200 ns, Reaching safepoint: 18859 ns, Cleanup: 12269 ns, At safepoint: 7634 ns, Total: 38762 ns
[2025-05-29T03:24:08.855+0000][71][info ][safepoint   ] Safepoint "Cleanup", Time since last: 14212894181 ns, Reaching safepoint: 31911 ns, Cleanup: 39290 ns, At safepoint: 14657 ns, Total: 85858 ns
[2025-05-29T03:24:17.855+0000][71][info ][safepoint   ] Safepoint "Cleanup", Time since last: 9001835025 ns, Reaching safepoint: 72440 ns, Cleanup: 18273 ns, At safepoint: 15519 ns, Total: 106232 ns
[2025-05-29T03:24:22.856+0000][71][info ][safepoint   ] Safepoint "Cleanup", Time since last: 5001447536 ns, Reaching safepoint: 34491 ns, Cleanup: 17264 ns, At safepoint: 17066 ns, Total: 68821 ns
[2025-05-29T03:24:23.857+0000][71][info ][safepoint   ] Safepoint "Cleanup", Time since last: 1000734021 ns, Reaching safepoint: 19875 ns, Cleanup: 15895 ns, At safepoint: 8419 ns, Total: 44189 ns
[2025-05-29T03:24:28.859+0000][71][info ][safepoint   ] Safepoint "Cleanup", Time since last: 5001293983 ns, Reaching safepoint: 29572 ns, Cleanup: 16090 ns, At safepoint: 14174 ns, Total: 59836 ns
[2025-05-29T03:24:29.859+0000][71][info ][safepoint   ] Safepoint "Cleanup", Time since last: 1000738441 ns, Reaching safepoint: 112552 ns, Cleanup: 19285 ns, At safepoint: 16940 ns, Total: 148777 ns
[2025-05-29T03:24:33.861+0000][71][info ][safepoint   ] Safepoint "Cleanup", Time since last: 4001207430 ns, Reaching safepoint: 27332 ns, Cleanup: 23202 ns, At safepoint: 10923 ns, Total: 61457 ns
[2025-05-29T03:24:38.862+0000][71][info ][safepoint   ] Safepoint "Cleanup", Time since last: 5001305483 ns, Reaching safepoint: 40703 ns, Cleanup: 19797 ns, At safepoint: 13378 ns, Total: 73878 ns
[2025-05-29T03:24:42.864+0000][71][info ][safepoint   ] Safepoint "Cleanup", Time since last: 4001459592 ns, Reaching safepoint: 31091 ns, Cleanup: 15705 ns, At safepoint: 14495 ns, Total: 61291 ns
[2025-05-29T03:24:43.864+0000][71][info ][safepoint   ] Safepoint "Cleanup", Time since last: 1000746997 ns, Reaching safepoint: 30161 ns, Cleanup: 15738 ns, At safepoint: 13610 ns, Total: 59509 ns
[2025-05-29T03:24:44.865+0000][71][info ][safepoint   ] Safepoint "Cleanup", Time since last: 1000711158 ns, Reaching safepoint: 30675 ns, Cleanup: 15731 ns, At safepoint: 15117 ns, Total: 61523 ns
[2025-05-29T03:24:49.864+0000][71][info ][safepoint   ] Safepoint "Cleanup", Time since last: 5001419769 ns, Reaching safepoint: 69302 ns, Cleanup: 18726 ns, At safepoint: 15345 ns, Total: 103373 ns
[2025-05-29T03:24:53.866+0000][71][info ][safepoint   ] Safepoint "Cleanup", Time since last: 4001241651 ns, Reaching safepoint: 19227 ns, Cleanup: 12215 ns, At safepoint: 8129 ns, Total: 39571 ns
[2025-05-29T03:24:56.407+0000][71][info ][safepoint   ] Safepoint "Cleanup", Time since last: 2541066314 ns, Reaching safepoint: 6640 ns, Cleanup: 13314 ns, At safepoint: 12958 ns, Total: 32912 ns
[2025-05-29T03:24:57.675+0000][71][info ][safepoint   ] Safepoint "Cleanup", Time since last: 1268623493 ns, Reaching safepoint: 18216 ns, Cleanup: 13981 ns, At safepoint: 7228 ns, Total: 39425 ns
[2025-05-29T03:24:59.677+0000][71][info ][safepoint   ] Safepoint "Cleanup", Time since last: 2001107957 ns, Reaching safepoint: 106440 ns, Cleanup: 21750 ns, At safepoint: 16727 ns, Total: 144917 ns
[2025-05-29T03:25:07.904+0000][71][info ][safepoint   ] Safepoint "Cleanup", Time since last: 8227572279 ns, Reaching safepoint: 17793 ns, Cleanup: 12724 ns, At safepoint: 7781 ns, Total: 38298 ns
[2025-05-29T03:25:13.906+0000][71][info ][safepoint   ] Safepoint "Cleanup", Time since last: 6001438925 ns, Reaching safepoint: 29459 ns, Cleanup: 16514 ns, At safepoint: 13838 ns, Total: 59811 ns
[2025-05-29T03:25:22.906+0000][71][info ][safepoint   ] Safepoint "Cleanup", Time since last: 9002216131 ns, Reaching safepoint: 69317 ns, Cleanup: 15440 ns, At safepoint: 14242 ns, Total: 98999 ns
[2025-05-29T03:25:29.908+0000][71][info ][safepoint   ] Safepoint "Cleanup", Time since last: 7001936712 ns, Reaching safepoint: 84903 ns, Cleanup: 16775 ns, At safepoint: 16653 ns, Total: 118331 ns
[2025-05-29T03:25:42.911+0000][71][info ][safepoint   ] Safepoint "Cleanup", Time since last: 13002695206 ns, Reaching safepoint: 70760 ns, Cleanup: 19148 ns, At safepoint: 14512 ns, Total: 104420 ns
[2025-05-29T03:25:53.910+0000][71][info ][safepoint   ] Safepoint "Cleanup", Time since last: 11002431034 ns, Reaching safepoint: 68193 ns, Cleanup: 15548 ns, At safepoint: 14342 ns, Total: 98083 ns
[2025-05-29T03:25:59.424+0000][71][info ][safepoint   ] Safepoint "Cleanup", Time since last: 5513766012 ns, Reaching safepoint: 6288 ns, Cleanup: 8567 ns, At safepoint: 2681 ns, Total: 17536 ns
[2025-05-29T03:26:00.746+0000][71][info ][safepoint   ] Safepoint "Cleanup", Time since last: 1321576139 ns, Reaching safepoint: 30582 ns, Cleanup: 35185 ns, At safepoint: 16039 ns, Total: 81806 ns
[2025-05-29T03:26:02.747+0000][71][info ][safepoint   ] Safepoint "Cleanup", Time since last: 2000940659 ns, Reaching safepoint: 65065 ns, Cleanup: 18187 ns, At safepoint: 14459 ns, Total: 97711 ns
[2025-05-29T03:26:03.747+0000][71][info ][safepoint   ] Safepoint "Cleanup", Time since last: 1000596299 ns, Reaching safepoint: 30315 ns, Cleanup: 19820 ns, At safepoint: 14797 ns, Total: 64932 ns
[2025-05-29T03:26:05.748+0000][71][info ][safepoint   ] Safepoint "Cleanup", Time since last: 2000782186 ns, Reaching safepoint: 16558 ns, Cleanup: 12082 ns, At safepoint: 7429 ns, Total: 36069 ns
[2025-05-29T03:26:07.940+0000][71][info ][safepoint   ] Safepoint "Cleanup", Time since last: 2191696682 ns, Reaching safepoint: 18620 ns, Cleanup: 16982 ns, At safepoint: 8704 ns, Total: 44306 ns
[2025-05-29T03:26:08.941+0000][71][info ][safepoint   ] Safepoint "Cleanup", Time since last: 1000660797 ns, Reaching safepoint: 32323 ns, Cleanup: 16583 ns, At safepoint: 14396 ns, Total: 63302 ns
[2025-05-29T03:26:13.942+0000][71][info ][safepoint   ] Safepoint "Cleanup", Time since last: 5001309220 ns, Reaching safepoint: 29757 ns, Cleanup: 17902 ns, At safepoint: 14079 ns, Total: 61738 ns
[2025-05-29T03:26:14.943+0000][71][info ][safepoint   ] Safepoint "Cleanup", Time since last: 1000549166 ns, Reaching safepoint: 32133 ns, Cleanup: 19336 ns, At safepoint: 14563 ns, Total: 66032 ns
[2025-05-29T03:26:20.942+0000][71][info ][safepoint   ] Safepoint "Cleanup", Time since last: 6001328052 ns, Reaching safepoint: 69776 ns, Cleanup: 19568 ns, At safepoint: 15373 ns, Total: 104717 ns
[2025-05-29T03:26:30.944+0000][71][info ][safepoint   ] Safepoint "Cleanup", Time since last: 10002256520 ns, Reaching safepoint: 17601 ns, Cleanup: 12115 ns, At safepoint: 8187 ns, Total: 37903 ns
[2025-05-29T03:26:33.945+0000][71][info ][safepoint   ] Safepoint "Cleanup", Time since last: 3000884619 ns, Reaching safepoint: 19329 ns, Cleanup: 13130 ns, At safepoint: 8199 ns, Total: 40658 ns
[2025-05-29T03:26:39.947+0000][71][info ][safepoint   ] Safepoint "Cleanup", Time since last: 6001578858 ns, Reaching safepoint: 29642 ns, Cleanup: 15688 ns, At safepoint: 14370 ns, Total: 59700 ns
[2025-05-29T03:26:42.948+0000][71][info ][safepoint   ] Safepoint "Cleanup", Time since last: 3001123800 ns, Reaching safepoint: 174493 ns, Cleanup: 15218 ns, At safepoint: 81250 ns, Total: 270961 ns
[2025-05-29T03:26:43.949+0000][71][info ][safepoint   ] Safepoint "Cleanup", Time since last: 1000841467 ns, Reaching safepoint: 32101 ns, Cleanup: 22381 ns, At safepoint: 15528 ns, Total: 70010 ns
[2025-05-29T03:26:50.948+0000][71][info ][safepoint   ] Safepoint "Cleanup", Time since last: 7001889136 ns, Reaching safepoint: 133637 ns, Cleanup: 21420 ns, At safepoint: 15554 ns, Total: 170611 ns
[2025-05-29T03:26:51.949+0000][71][info ][safepoint   ] Safepoint "Cleanup", Time since last: 1000665787 ns, Reaching safepoint: 17566 ns, Cleanup: 13837 ns, At safepoint: 7897 ns, Total: 39300 ns
[2025-05-29T03:26:53.950+0000][71][info ][safepoint   ] Safepoint "Cleanup", Time since last: 2000808606 ns, Reaching safepoint: 20507 ns, Cleanup: 17051 ns, At safepoint: 8975 ns, Total: 46533 ns
[2025-05-29T03:26:58.952+0000][71][info ][safepoint   ] Safepoint "Cleanup", Time since last: 5001556127 ns, Reaching safepoint: 31379 ns, Cleanup: 15601 ns, At safepoint: 14483 ns, Total: 61463 ns
[2025-05-29T03:27:02.401+0000][71][info ][safepoint   ] Safepoint "Cleanup", Time since last: 3449747653 ns, Reaching safepoint: 5999 ns, Cleanup: 10916 ns, At safepoint: 2722 ns, Total: 19637 ns
[2025-05-29T03:27:03.795+0000][71][info ][safepoint   ] Safepoint "Cleanup", Time since last: 1393482459 ns, Reaching safepoint: 155211 ns, Cleanup: 29268 ns, At safepoint: 103005 ns, Total: 287484 ns
[2025-05-29T03:27:07.978+0000][71][info ][safepoint   ] Safepoint "Cleanup", Time since last: 4183132624 ns, Reaching safepoint: 27370 ns, Cleanup: 27102 ns, At safepoint: 11267 ns, Total: 65739 ns
[2025-05-29T03:27:08.980+0000][71][info ][safepoint   ] Safepoint "Cleanup", Time since last: 1001220211 ns, Reaching safepoint: 18176 ns, Cleanup: 12769 ns, At safepoint: 7997 ns, Total: 38942 ns
[2025-05-29T03:27:10.980+0000][71][info ][safepoint   ] Safepoint "Cleanup", Time since last: 2000736667 ns, Reaching safepoint: 18616 ns, Cleanup: 16042 ns, At safepoint: 8005 ns, Total: 42663 ns
[2025-05-29T03:27:12.981+0000][71][info ][safepoint   ] Safepoint "Cleanup", Time since last: 2000823461 ns, Reaching safepoint: 28324 ns, Cleanup: 11213 ns, At safepoint: 8440 ns, Total: 47977 ns
[2025-05-29T03:27:13.982+0000][71][info ][safepoint   ] Safepoint "Cleanup", Time since last: 1000874934 ns, Reaching safepoint: 32139 ns, Cleanup: 15559 ns, At safepoint: 15081 ns, Total: 62779 ns
[2025-05-29T03:27:14.983+0000][71][info ][safepoint   ] Safepoint "Cleanup", Time since last: 1000510401 ns, Reaching safepoint: 15429 ns, Cleanup: 11383 ns, At safepoint: 7233 ns, Total: 34045 ns
[2025-05-29T03:27:17.426+0000][71][info ][safepoint   ] Safepoint "Cleanup", Time since last: 2445051459 ns, Reaching safepoint: 7192 ns, Cleanup: 14679 ns, At safepoint: 13758 ns, Total: 35629 ns
[2025-05-29T03:27:18.829+0000][71][info ][safepoint   ] Safepoint "Cleanup", Time since last: 1402976876 ns, Reaching safepoint: 30669 ns, Cleanup: 32050 ns, At safepoint: 13912 ns, Total: 76631 ns
[2025-05-29T03:27:19.872+0000][71][info ][safepoint   ] Safepoint "Cleanup", Time since last: 1043304296 ns, Reaching safepoint: 75561 ns, Cleanup: 16700 ns, At safepoint: 35387 ns, Total: 127648 ns
[2025-05-29T03:27:20.873+0000][71][info ][safepoint   ] Safepoint "Cleanup", Time since last: 1000706024 ns, Reaching safepoint: 33180 ns, Cleanup: 16973 ns, At safepoint: 16217 ns, Total: 66370 ns
[2025-05-29T03:27:23.874+0000][71][info ][safepoint   ] Safepoint "Cleanup", Time since last: 3001035320 ns, Reaching safepoint: 33380 ns, Cleanup: 21613 ns, At safepoint: 71118 ns, Total: 126111 ns
[2025-05-29T03:27:28.876+0000][71][info ][safepoint   ] Safepoint "Cleanup", Time since last: 5001328373 ns, Reaching safepoint: 34500 ns, Cleanup: 19012 ns, At safepoint: 16778 ns, Total: 70290 ns
[2025-05-29T03:27:32.877+0000][71][info ][safepoint   ] Safepoint "Cleanup", Time since last: 4001551600 ns, Reaching safepoint: 32540 ns, Cleanup: 16578 ns, At safepoint: 75922 ns, Total: 125040 ns
[2025-05-29T03:27:38.879+0000][71][info ][safepoint   ] Safepoint "Cleanup", Time since last: 6001726374 ns, Reaching safepoint: 64055 ns, Cleanup: 12894 ns, At safepoint: 8425 ns, Total: 85374 ns
[2025-05-29T03:27:42.880+0000][71][info ][safepoint   ] Safepoint "Cleanup", Time since last: 4001123307 ns, Reaching safepoint: 30319 ns, Cleanup: 19152 ns, At safepoint: 14574 ns, Total: 64045 ns
[2025-05-29T03:27:44.593+0000][71][info ][safepoint   ] Safepoint "Cleanup", Time since last: 1712735061 ns, Reaching safepoint: 18692 ns, Cleanup: 43441 ns, At safepoint: 8786 ns, Total: 70919 ns
[2025-05-29T03:27:48.592+0000][71][info ][safepoint   ] Safepoint "Cleanup", Time since last: 4001110434 ns, Reaching safepoint: 31463 ns, Cleanup: 22046 ns, At safepoint: 14687 ns, Total: 68196 ns
[2025-05-29T03:27:50.593+0000][71][info ][safepoint   ] Safepoint "Cleanup", Time since last: 2000737534 ns, Reaching safepoint: 76545 ns, Cleanup: 17113 ns, At safepoint: 15966 ns, Total: 109624 ns
[2025-05-29T03:27:58.595+0000][71][info ][safepoint   ] Safepoint "Cleanup", Time since last: 8001868988 ns, Reaching safepoint: 28096 ns, Cleanup: 15154 ns, At safepoint: 11551 ns, Total: 54801 ns
[2025-05-29T03:28:00.596+0000][71][info ][safepoint   ] Safepoint "Cleanup", Time since last: 2000935716 ns, Reaching safepoint: 30823 ns, Cleanup: 16244 ns, At safepoint: 14068 ns, Total: 61135 ns
[2025-05-29T03:28:02.597+0000][71][info ][safepoint   ] Safepoint "Cleanup", Time since last: 2001073614 ns, Reaching safepoint: 26588 ns, Cleanup: 16196 ns, At safepoint: 10171 ns, Total: 52955 ns
[2025-05-29T03:28:03.598+0000][71][info ][safepoint   ] Safepoint "Cleanup", Time since last: 1000725701 ns, Reaching safepoint: 29226 ns, Cleanup: 20333 ns, At safepoint: 13636 ns, Total: 63195 ns
[2025-05-29T03:28:05.426+0000][71][info ][safepoint   ] Safepoint "Cleanup", Time since last: 1828301156 ns, Reaching safepoint: 140756 ns, Cleanup: 8777 ns, At safepoint: 63548 ns, Total: 213081 ns
[2025-05-29T03:28:06.954+0000][71][info ][safepoint   ] Safepoint "Cleanup", Time since last: 1527540148 ns, Reaching safepoint: 15040 ns, Cleanup: 85722 ns, At safepoint: 53100 ns, Total: 153862 ns
[2025-05-29T03:28:07.967+0000][71][info ][safepoint   ] Safepoint "Cleanup", Time since last: 1013609978 ns, Reaching safepoint: 24616 ns, Cleanup: 20522 ns, At safepoint: 10204 ns, Total: 55342 ns
[2025-05-29T03:28:12.969+0000][71][info ][safepoint   ] Safepoint "Cleanup", Time since last: 5001020433 ns, Reaching safepoint: 19178 ns, Cleanup: 15489 ns, At safepoint: 7841 ns, Total: 42508 ns
[2025-05-29T03:28:14.970+0000][71][info ][safepoint   ] Safepoint "Cleanup", Time since last: 2001644083 ns, Reaching safepoint: 33527 ns, Cleanup: 18830 ns, At safepoint: 15247 ns, Total: 67604 ns
[2025-05-29T03:28:23.969+0000][71][info ][safepoint   ] Safepoint "Cleanup", Time since last: 9001641141 ns, Reaching safepoint: 175558 ns, Cleanup: 20104 ns, At safepoint: 106268 ns, Total: 301930 ns
[2025-05-29T03:28:35.972+0000][71][info ][safepoint   ] Safepoint "Cleanup", Time since last: 12002617768 ns, Reaching safepoint: 69495 ns, Cleanup: 16889 ns, At safepoint: 29945 ns, Total: 116329 ns
[2025-05-29T03:28:41.973+0000][71][info ][safepoint   ] Safepoint "Cleanup", Time since last: 6001311213 ns, Reaching safepoint: 23241 ns, Cleanup: 13773 ns, At safepoint: 9544 ns, Total: 46558 ns
[2025-05-29T03:28:53.973+0000][71][info ][safepoint   ] Safepoint "Cleanup", Time since last: 12002443729 ns, Reaching safepoint: 43850 ns, Cleanup: 13425 ns, At safepoint: 9128 ns, Total: 66403 ns
[2025-05-29T03:28:57.974+0000][71][info ][safepoint   ] Safepoint "Cleanup", Time since last: 4000863350 ns, Reaching safepoint: 17917 ns, Cleanup: 11590 ns, At safepoint: 8093 ns, Total: 37600 ns
[2025-05-29T03:29:08.047+0000][71][info ][safepoint   ] Safepoint "Cleanup", Time since last: 10073010722 ns, Reaching safepoint: 30231 ns, Cleanup: 19478 ns, At safepoint: 14098 ns, Total: 63807 ns
[2025-05-29T03:29:10.002+0000][71][info ][safepoint   ] Safepoint "Cleanup", Time since last: 1954731271 ns, Reaching safepoint: 26264 ns, Cleanup: 29864 ns, At safepoint: 10419 ns, Total: 66547 ns
[2025-05-29T03:29:13.003+0000][71][info ][safepoint   ] Safepoint "Cleanup", Time since last: 3001423157 ns, Reaching safepoint: 36350 ns, Cleanup: 18325 ns, At safepoint: 15274 ns, Total: 69949 ns
[2025-05-29T03:29:14.004+0000][71][info ][safepoint   ] Safepoint "Cleanup", Time since last: 1000575222 ns, Reaching safepoint: 32975 ns, Cleanup: 16676 ns, At safepoint: 16703 ns, Total: 66354 ns
[2025-05-29T03:29:15.005+0000][71][info ][safepoint   ] Safepoint "Cleanup", Time since last: 1000743115 ns, Reaching safepoint: 30927 ns, Cleanup: 17733 ns, At safepoint: 13870 ns, Total: 62530 ns
[2025-05-29T03:29:19.005+0000][71][info ][safepoint   ] Safepoint "Cleanup", Time since last: 4001327883 ns, Reaching safepoint: 28946 ns, Cleanup: 18917 ns, At safepoint: 14005 ns, Total: 61868 ns
[2025-05-29T03:29:24.006+0000][71][info ][safepoint   ] Safepoint "Cleanup", Time since last: 5001297392 ns, Reaching safepoint: 67296 ns, Cleanup: 15347 ns, At safepoint: 29973 ns, Total: 112616 ns
[2025-05-29T03:29:36.009+0000][71][info ][safepoint   ] Safepoint "Cleanup", Time since last: 12002829519 ns, Reaching safepoint: 21877 ns, Cleanup: 14990 ns, At safepoint: 7901 ns, Total: 44768 ns
[2025-05-29T03:29:42.011+0000][71][info ][safepoint   ] Safepoint "Cleanup", Time since last: 6001691880 ns, Reaching safepoint: 32261 ns, Cleanup: 16582 ns, At safepoint: 13347 ns, Total: 62190 ns
[2025-05-29T03:29:51.010+0000][71][info ][safepoint   ] Safepoint "Cleanup", Time since last: 9002186132 ns, Reaching safepoint: 31834 ns, Cleanup: 17404 ns, At safepoint: 14072 ns, Total: 63310 ns
[2025-05-29T03:29:54.012+0000][71][info ][safepoint   ] Safepoint "Cleanup", Time since last: 3001335363 ns, Reaching safepoint: 69329 ns, Cleanup: 18146 ns, At safepoint: 15035 ns, Total: 102510 ns
[2025-05-29T03:30:03.015+0000][71][info ][safepoint   ] Safepoint "Cleanup", Time since last: 9002817779 ns, Reaching safepoint: 32570 ns, Cleanup: 16664 ns, At safepoint: 14616 ns, Total: 63850 ns
[2025-05-29T03:30:08.086+0000][71][info ][safepoint   ] Safepoint "Cleanup", Time since last: 5071479435 ns, Reaching safepoint: 76405 ns, Cleanup: 25400 ns, At safepoint: 17263 ns, Total: 119068 ns
[2025-05-29T03:30:09.087+0000][71][info ][safepoint   ] Safepoint "Cleanup", Time since last: 1000682747 ns, Reaching safepoint: 117340 ns, Cleanup: 19129 ns, At safepoint: 16339 ns, Total: 152808 ns
[2025-05-29T03:30:11.452+0000][71][info ][safepoint   ] Safepoint "Cleanup", Time since last: 2364869929 ns, Reaching safepoint: 15855 ns, Cleanup: 20445 ns, At safepoint: 68805 ns, Total: 105105 ns
[2025-05-29T03:30:13.088+0000][71][info ][safepoint   ] Safepoint "Cleanup", Time since last: 1635892831 ns, Reaching safepoint: 19145 ns, Cleanup: 13123 ns, At safepoint: 8340 ns, Total: 40608 ns
[2025-05-29T03:30:14.089+0000][71][info ][safepoint   ] Safepoint "Cleanup", Time since last: 1000766448 ns, Reaching safepoint: 31410 ns, Cleanup: 16284 ns, At safepoint: 15399 ns, Total: 63093 ns
[2025-05-29T03:30:24.090+0000][71][info ][safepoint   ] Safepoint "Cleanup", Time since last: 10003645805 ns, Reaching safepoint: 32966 ns, Cleanup: 16562 ns, At safepoint: 14677 ns, Total: 64205 ns
[2025-05-29T03:30:32.093+0000][71][info ][safepoint   ] Safepoint "Cleanup", Time since last: 8002151385 ns, Reaching safepoint: 218957 ns, Cleanup: 17320 ns, At safepoint: 18254 ns, Total: 254531 ns
[2025-05-29T03:30:43.095+0000][71][info ][safepoint   ] Safepoint "Cleanup", Time since last: 11002667366 ns, Reaching safepoint: 70719 ns, Cleanup: 17346 ns, At safepoint: 15359 ns, Total: 103424 ns
[2025-05-29T03:30:46.096+0000][71][info ][safepoint   ] Safepoint "Cleanup", Time since last: 3001017854 ns, Reaching safepoint: 19214 ns, Cleanup: 12280 ns, At safepoint: 7245 ns, Total: 38739 ns
[2025-05-29T03:31:04.097+0000][71][info ][safepoint   ] Safepoint "Cleanup", Time since last: 18003783445 ns, Reaching safepoint: 37092 ns, Cleanup: 20038 ns, At safepoint: 16822 ns, Total: 73952 ns
[2025-05-29T03:31:09.125+0000][71][info ][safepoint   ] Safepoint "Cleanup", Time since last: 5027027392 ns, Reaching safepoint: 31446 ns, Cleanup: 19110 ns, At safepoint: 14971 ns, Total: 65527 ns
[2025-05-29T03:31:14.126+0000][71][info ][safepoint   ] Safepoint "Cleanup", Time since last: 5001481008 ns, Reaching safepoint: 62887 ns, Cleanup: 17222 ns, At safepoint: 7625 ns, Total: 87734 ns
[2025-05-29T03:31:16.122+0000][71][info ][safepoint   ] Safepoint "Cleanup", Time since last: 1996172316 ns, Reaching safepoint: 31997 ns, Cleanup: 23165 ns, At safepoint: 15150 ns, Total: 70312 ns
[2025-05-29T03:31:24.122+0000][71][info ][safepoint   ] Safepoint "Cleanup", Time since last: 8002097536 ns, Reaching safepoint: 34584 ns, Cleanup: 17431 ns, At safepoint: 15941 ns, Total: 67956 ns
[2025-05-29T03:31:26.123+0000][71][info ][safepoint   ] Safepoint "Cleanup", Time since last: 2000890566 ns, Reaching safepoint: 35425 ns, Cleanup: 19316 ns, At safepoint: 18203 ns, Total: 72944 ns
[2025-05-29T03:31:29.124+0000][71][info ][safepoint   ] Safepoint "Cleanup", Time since last: 3001099558 ns, Reaching safepoint: 31840 ns, Cleanup: 15691 ns, At safepoint: 16885 ns, Total: 64416 ns
[2025-05-29T03:31:30.125+0000][71][info ][safepoint   ] Safepoint "Cleanup", Time since last: 1000792958 ns, Reaching safepoint: 30126 ns, Cleanup: 17792 ns, At safepoint: 14005 ns, Total: 61923 ns
[2025-05-29T03:31:39.128+0000][71][info ][safepoint   ] Safepoint "Cleanup", Time since last: 9002506078 ns, Reaching safepoint: 30146 ns, Cleanup: 20910 ns, At safepoint: 14280 ns, Total: 65336 ns
[2025-05-29T03:31:43.129+0000][71][info ][safepoint   ] Safepoint "Cleanup", Time since last: 4001388611 ns, Reaching safepoint: 29368 ns, Cleanup: 18564 ns, At safepoint: 14962 ns, Total: 62894 ns
[2025-05-29T03:31:44.130+0000][71][info ][safepoint   ] Safepoint "Cleanup", Time since last: 1000903365 ns, Reaching safepoint: 29694 ns, Cleanup: 22510 ns, At safepoint: 14138 ns, Total: 66342 ns
[2025-05-29T03:31:45.131+0000][71][info ][safepoint   ] Safepoint "Cleanup", Time since last: 1000803771 ns, Reaching safepoint: 32775 ns, Cleanup: 17957 ns, At safepoint: 14947 ns, Total: 65679 ns
[2025-05-29T03:31:59.132+0000][71][info ][safepoint   ] Safepoint "Cleanup", Time since last: 14003030979 ns, Reaching safepoint: 61535 ns, Cleanup: 19792 ns, At safepoint: 13154 ns, Total: 94481 ns
[2025-05-29T03:32:03.133+0000][71][info ][safepoint   ] Safepoint "Cleanup", Time since last: 4001226146 ns, Reaching safepoint: 31653 ns, Cleanup: 16274 ns, At safepoint: 13931 ns, Total: 61858 ns
[2025-05-29T03:32:08.164+0000][71][info ][safepoint   ] Safepoint "Cleanup", Time since last: 5030604124 ns, Reaching safepoint: 31650 ns, Cleanup: 25765 ns, At safepoint: 16592 ns, Total: 74007 ns
[2025-05-29T03:32:12.165+0000][71][info ][safepoint   ] Safepoint "Cleanup", Time since last: 4001216599 ns, Reaching safepoint: 73925 ns, Cleanup: 16573 ns, At safepoint: 32116 ns, Total: 122614 ns
[2025-05-29T03:32:13.166+0000][71][info ][safepoint   ] Safepoint "Cleanup", Time since last: 1000766077 ns, Reaching safepoint: 32440 ns, Cleanup: 17368 ns, At safepoint: 14939 ns, Total: 64747 ns
[2025-05-29T03:32:14.167+0000][71][info ][safepoint   ] Safepoint "Cleanup", Time since last: 1000785539 ns, Reaching safepoint: 31919 ns, Cleanup: 15720 ns, At safepoint: 15189 ns, Total: 62828 ns
[2025-05-29T03:32:17.421+0000][71][info ][safepoint   ] Safepoint "Cleanup", Time since last: 3256086469 ns, Reaching safepoint: 189961 ns, Cleanup: 16042 ns, At safepoint: 146955 ns, Total: 352958 ns
[2025-05-29T03:32:19.158+0000][71][info ][safepoint   ] Safepoint "Cleanup", Time since last: 1736359919 ns, Reaching safepoint: 31096 ns, Cleanup: 29059 ns, At safepoint: 14336 ns, Total: 74491 ns
[2025-05-29T03:32:21.163+0000][71][info ][safepoint   ] Safepoint "Cleanup", Time since last: 2005116431 ns, Reaching safepoint: 138112 ns, Cleanup: 11233 ns, At safepoint: 40307 ns, Total: 189652 ns
[2025-05-29T03:32:22.172+0000][71][info ][safepoint   ] Safepoint "Cleanup", Time since last: 1009124392 ns, Reaching safepoint: 33596 ns, Cleanup: 31004 ns, At safepoint: 16857 ns, Total: 81457 ns
[2025-05-29T03:32:23.214+0000][71][info ][safepoint   ] Safepoint "Cleanup", Time since last: 1042009348 ns, Reaching safepoint: 31261 ns, Cleanup: 17094 ns, At safepoint: 14765 ns, Total: 63120 ns
[2025-05-29T03:32:31.216+0000][71][info ][safepoint   ] Safepoint "Cleanup", Time since last: 8002038275 ns, Reaching safepoint: 30897 ns, Cleanup: 16791 ns, At safepoint: 14418 ns, Total: 62106 ns
[2025-05-29T03:32:33.218+0000][71][info ][safepoint   ] Safepoint "Cleanup", Time since last: 2001059262 ns, Reaching safepoint: 31568 ns, Cleanup: 21814 ns, At safepoint: 16156 ns, Total: 69538 ns
[2025-05-29T03:32:42.220+0000][71][info ][safepoint   ] Safepoint "Cleanup", Time since last: 9002283861 ns, Reaching safepoint: 72354 ns, Cleanup: 15826 ns, At safepoint: 29903 ns, Total: 118083 ns
[2025-05-29T03:32:43.221+0000][71][info ][safepoint   ] Safepoint "Cleanup", Time since last: 1000672079 ns, Reaching safepoint: 19660 ns, Cleanup: 16111 ns, At safepoint: 8701 ns, Total: 44472 ns
[2025-05-29T03:32:44.495+0000][71][info ][safepoint   ] Safepoint "Cleanup", Time since last: 1273867170 ns, Reaching safepoint: 6157 ns, Cleanup: 13796 ns, At safepoint: 14127 ns, Total: 34080 ns
[2025-05-29T03:32:47.495+0000][71][info ][safepoint   ] Safepoint "Cleanup", Time since last: 3002894607 ns, Reaching safepoint: 18733 ns, Cleanup: 13302 ns, At safepoint: 8242 ns, Total: 40277 ns
[2025-05-29T03:32:48.496+0000][71][info ][safepoint   ] Safepoint "Cleanup", Time since last: 1000690832 ns, Reaching safepoint: 19664 ns, Cleanup: 18127 ns, At safepoint: 8120 ns, Total: 45911 ns
[2025-05-29T03:32:56.498+0000][71][info ][safepoint   ] Safepoint "Cleanup", Time since last: 8001973611 ns, Reaching safepoint: 33823 ns, Cleanup: 17129 ns, At safepoint: 15729 ns, Total: 66681 ns
[2025-05-29T03:32:58.499+0000][71][info ][safepoint   ] Safepoint "Cleanup", Time since last: 2000929270 ns, Reaching safepoint: 19754 ns, Cleanup: 14323 ns, At safepoint: 7892 ns, Total: 41969 ns
[2025-05-29T03:32:59.500+0000][71][info ][safepoint   ] Safepoint "Cleanup", Time since last: 1000638522 ns, Reaching safepoint: 18686 ns, Cleanup: 11816 ns, At safepoint: 8887 ns, Total: 39389 ns
[2025-05-29T03:33:16.205+0000][71][info ][safepoint   ] Safepoint "Cleanup", Time since last: 16705498680 ns, Reaching safepoint: 70330 ns, Cleanup: 15442 ns, At safepoint: 14819 ns, Total: 100591 ns
[2025-05-29T03:33:19.204+0000][71][info ][safepoint   ] Safepoint "Cleanup", Time since last: 3001206277 ns, Reaching safepoint: 31325 ns, Cleanup: 18197 ns, At safepoint: 14515 ns, Total: 64037 ns
[2025-05-29T03:33:20.408+0000][71][info ][safepoint   ] Safepoint "Cleanup", Time since last: 1204022584 ns, Reaching safepoint: 139631 ns, Cleanup: 9159 ns, At safepoint: 53488 ns, Total: 202278 ns
[2025-05-29T03:33:22.267+0000][71][info ][safepoint   ] Safepoint "Cleanup", Time since last: 1858749948 ns, Reaching safepoint: 20731 ns, Cleanup: 56462 ns, At safepoint: 120177 ns, Total: 197370 ns
[2025-05-29T03:33:23.271+0000][71][info ][safepoint   ] Safepoint "Cleanup", Time since last: 1003523694 ns, Reaching safepoint: 29952 ns, Cleanup: 16130 ns, At safepoint: 14051 ns, Total: 60133 ns
[2025-05-29T03:33:24.272+0000][71][info ][safepoint   ] Safepoint "Cleanup", Time since last: 1000896173 ns, Reaching safepoint: 17733 ns, Cleanup: 13654 ns, At safepoint: 25384 ns, Total: 56771 ns
[2025-05-29T03:33:33.274+0000][71][info ][safepoint   ] Safepoint "Cleanup", Time since last: 9002047895 ns, Reaching safepoint: 33991 ns, Cleanup: 24072 ns, At safepoint: 15380 ns, Total: 73443 ns
[2025-05-29T03:33:34.275+0000][71][info ][safepoint   ] Safepoint "Cleanup", Time since last: 1000746060 ns, Reaching safepoint: 34799 ns, Cleanup: 17848 ns, At safepoint: 17636 ns, Total: 70283 ns
[2025-05-29T03:33:36.276+0000][71][info ][safepoint   ] Safepoint "Cleanup", Time since last: 2000847866 ns, Reaching safepoint: 32928 ns, Cleanup: 16745 ns, At safepoint: 14414 ns, Total: 64087 ns
[2025-05-29T03:33:39.277+0000][71][info ][safepoint   ] Safepoint "Cleanup", Time since last: 3001311514 ns, Reaching safepoint: 33404 ns, Cleanup: 16199 ns, At safepoint: 15606 ns, Total: 65209 ns
[2025-05-29T03:33:51.277+0000][71][info ][safepoint   ] Safepoint "Cleanup", Time since last: 12002730658 ns, Reaching safepoint: 68488 ns, Cleanup: 15004 ns, At safepoint: 14233 ns, Total: 97725 ns
[2025-05-29T03:34:03.280+0000][71][info ][safepoint   ] Safepoint "Cleanup", Time since last: 12003409288 ns, Reaching safepoint: 34819 ns, Cleanup: 20580 ns, At safepoint: 16274 ns, Total: 71673 ns
[2025-05-29T03:34:05.281+0000][71][info ][safepoint   ] Safepoint "Cleanup", Time since last: 2000941769 ns, Reaching safepoint: 31790 ns, Cleanup: 15807 ns, At safepoint: 14712 ns, Total: 62309 ns
[2025-05-29T03:34:07.245+0000][71][info ][safepoint   ] Safepoint "Cleanup", Time since last: 1963241332 ns, Reaching safepoint: 32032 ns, Cleanup: 17803 ns, At safepoint: 13868 ns, Total: 63703 ns
[2025-05-29T03:34:08.245+0000][71][info ][safepoint   ] Safepoint "Cleanup", Time since last: 1000847301 ns, Reaching safepoint: 33572 ns, Cleanup: 20919 ns, At safepoint: 15431 ns, Total: 69922 ns
[2025-05-29T03:34:23.412+0000][71][info ][safepoint   ] Safepoint "Cleanup", Time since last: 15166492259 ns, Reaching safepoint: 940325 ns, Cleanup: 17694 ns, At safepoint: 204299 ns, Total: 1162318 ns
[2025-05-29T03:34:25.311+0000][71][info ][safepoint   ] Safepoint "Cleanup", Time since last: 1899831004 ns, Reaching safepoint: 31474 ns, Cleanup: 25138 ns, At safepoint: 14576 ns, Total: 71188 ns
[2025-05-29T03:34:43.315+0000][71][info ][safepoint   ] Safepoint "Cleanup", Time since last: 18003982360 ns, Reaching safepoint: 30425 ns, Cleanup: 15094 ns, At safepoint: 14726 ns, Total: 60245 ns
[2025-05-29T03:34:59.317+0000][71][info ][safepoint   ] Safepoint "Cleanup", Time since last: 16003635665 ns, Reaching safepoint: 49706 ns, Cleanup: 12861 ns, At safepoint: 8620 ns, Total: 71187 ns
[2025-05-29T03:35:04.318+0000][71][info ][safepoint   ] Safepoint "Cleanup", Time since last: 5001366440 ns, Reaching safepoint: 33664 ns, Cleanup: 25138 ns, At safepoint: 15710 ns, Total: 74512 ns
[2025-05-29T03:35:06.284+0000][71][info ][safepoint   ] Safepoint "Cleanup", Time since last: 1965644403 ns, Reaching safepoint: 13327 ns, Cleanup: 13870 ns, At safepoint: 10512 ns, Total: 37709 ns
[2025-05-29T03:35:08.285+0000][71][info ][safepoint   ] Safepoint "Cleanup", Time since last: 2001276077 ns, Reaching safepoint: 31428 ns, Cleanup: 16046 ns, At safepoint: 14063 ns, Total: 61537 ns
[2025-05-29T03:35:26.287+0000][71][info ][safepoint   ] Safepoint "Cleanup", Time since last: 18004188648 ns, Reaching safepoint: 67039 ns, Cleanup: 16583 ns, At safepoint: 14705 ns, Total: 98327 ns
[2025-05-29T03:35:27.343+0000][71][info ][safepoint   ] Safepoint "Cleanup", Time since last: 1055973267 ns, Reaching safepoint: 15845 ns, Cleanup: 38634 ns, At safepoint: 88025 ns, Total: 142504 ns
[2025-05-29T03:35:28.364+0000][71][info ][safepoint   ] Safepoint "Cleanup", Time since last: 1021438317 ns, Reaching safepoint: 33320 ns, Cleanup: 22545 ns, At safepoint: 15392 ns, Total: 71257 ns
[2025-05-29T03:35:36.366+0000][71][info ][safepoint   ] Safepoint "Cleanup", Time since last: 8001876489 ns, Reaching safepoint: 19356 ns, Cleanup: 13446 ns, At safepoint: 8808 ns, Total: 41610 ns
[2025-05-29T03:35:44.368+0000][71][info ][safepoint   ] Safepoint "Cleanup", Time since last: 8001984467 ns, Reaching safepoint: 157337 ns, Cleanup: 14404 ns, At safepoint: 71901 ns, Total: 243642 ns
[2025-05-29T03:35:49.368+0000][71][info ][safepoint   ] Safepoint "Cleanup", Time since last: 5002026904 ns, Reaching safepoint: 145777 ns, Cleanup: 20843 ns, At safepoint: 17513 ns, Total: 184133 ns
[2025-05-29T03:35:54.370+0000][71][info ][safepoint   ] Safepoint "Cleanup", Time since last: 5001312753 ns, Reaching safepoint: 34611 ns, Cleanup: 19633 ns, At safepoint: 15625 ns, Total: 69869 ns
[2025-05-29T03:35:56.371+0000][71][info ][safepoint   ] Safepoint "Cleanup", Time since last: 2000870826 ns, Reaching safepoint: 28232 ns, Cleanup: 16807 ns, At safepoint: 71733 ns, Total: 116772 ns
[2025-05-29T03:36:04.373+0000][71][info ][safepoint   ] Safepoint "Cleanup", Time since last: 8001942645 ns, Reaching safepoint: 31366 ns, Cleanup: 25701 ns, At safepoint: 14579 ns, Total: 71646 ns
[2025-05-29T03:36:08.322+0000][71][info ][safepoint   ] Safepoint "Cleanup", Time since last: 3949451234 ns, Reaching safepoint: 44504 ns, Cleanup: 31444 ns, At safepoint: 21504 ns, Total: 97452 ns
[2025-05-29T03:36:24.324+0000][71][info ][safepoint   ] Safepoint "Cleanup", Time since last: 16003863251 ns, Reaching safepoint: 50150 ns, Cleanup: 12698 ns, At safepoint: 8235 ns, Total: 71083 ns
[2025-05-29T03:36:29.325+0000][71][info ][safepoint   ] Safepoint "Cleanup", Time since last: 5001159846 ns, Reaching safepoint: 21305 ns, Cleanup: 14061 ns, At safepoint: 8427 ns, Total: 43793 ns
[2025-05-29T03:36:30.394+0000][71][info ][safepoint   ] Safepoint "Cleanup", Time since last: 1068623644 ns, Reaching safepoint: 138180 ns, Cleanup: 20020 ns, At safepoint: 43648 ns, Total: 201848 ns
[2025-05-29T03:36:31.441+0000][71][info ][safepoint   ] Safepoint "Cleanup", Time since last: 1046958611 ns, Reaching safepoint: 17818 ns, Cleanup: 12432 ns, At safepoint: 7631 ns, Total: 37881 ns
[2025-05-29T03:36:38.443+0000][71][info ][safepoint   ] Safepoint "Cleanup", Time since last: 7001726887 ns, Reaching safepoint: 20898 ns, Cleanup: 23904 ns, At safepoint: 8845 ns, Total: 53647 ns
[2025-05-29T03:36:43.445+0000][71][info ][safepoint   ] Safepoint "Cleanup", Time since last: 5001494951 ns, Reaching safepoint: 31510 ns, Cleanup: 17244 ns, At safepoint: 13879 ns, Total: 62633 ns
[2025-05-29T03:36:44.445+0000][71][info ][safepoint   ] Safepoint "Cleanup", Time since last: 1000684099 ns, Reaching safepoint: 18931 ns, Cleanup: 11808 ns, At safepoint: 7812 ns, Total: 38551 ns
[2025-05-29T03:36:45.446+0000][71][info ][safepoint   ] Safepoint "Cleanup", Time since last: 1000751928 ns, Reaching safepoint: 19496 ns, Cleanup: 12647 ns, At safepoint: 8466 ns, Total: 40609 ns
[2025-05-29T03:36:50.445+0000][71][info ][safepoint   ] Safepoint "Cleanup", Time since last: 5001502941 ns, Reaching safepoint: 45114 ns, Cleanup: 13634 ns, At safepoint: 8239 ns, Total: 66987 ns
[2025-05-29T03:36:54.447+0000][71][info ][safepoint   ] Safepoint "Cleanup", Time since last: 4001558878 ns, Reaching safepoint: 31278 ns, Cleanup: 17384 ns, At safepoint: 14294 ns, Total: 62956 ns
[2025-05-29T03:37:04.450+0000][71][info ][safepoint   ] Safepoint "Cleanup", Time since last: 10002608875 ns, Reaching safepoint: 29974 ns, Cleanup: 16778 ns, At safepoint: 14256 ns, Total: 61008 ns
[2025-05-29T03:37:10.360+0000][71][info ][safepoint   ] Safepoint "Cleanup", Time since last: 5910778938 ns, Reaching safepoint: 32833 ns, Cleanup: 16274 ns, At safepoint: 15902 ns, Total: 65009 ns
[2025-05-29T03:37:11.361+0000][71][info ][safepoint   ] Safepoint "Cleanup", Time since last: 1000826304 ns, Reaching safepoint: 30572 ns, Cleanup: 15909 ns, At safepoint: 98641 ns, Total: 145122 ns
[2025-05-29T03:37:12.443+0000][71][info ][safepoint   ] Safepoint "Cleanup", Time since last: 1081722523 ns, Reaching safepoint: 36435 ns, Cleanup: 37713 ns, At safepoint: 18213 ns, Total: 92361 ns
[2025-05-29T03:37:13.477+0000][71][info ][safepoint   ] Safepoint "Cleanup", Time since last: 1033844498 ns, Reaching safepoint: 31132 ns, Cleanup: 23437 ns, At safepoint: 14743 ns, Total: 69312 ns
[2025-05-29T03:37:16.478+0000][71][info ][safepoint   ] Safepoint "Cleanup", Time since last: 3001077461 ns, Reaching safepoint: 30230 ns, Cleanup: 15620 ns, At safepoint: 13976 ns, Total: 59826 ns
[2025-05-29T03:37:23.441+0000][71][info ][safepoint   ] Safepoint "Cleanup", Time since last: 6964890123 ns, Reaching safepoint: 237902 ns, Cleanup: 10571 ns, At safepoint: 44332 ns, Total: 292805 ns
[2025-05-29T03:37:24.442+0000][71][info ][safepoint   ] Safepoint "Cleanup", Time since last: 1000724650 ns, Reaching safepoint: 34978 ns, Cleanup: 29290 ns, At safepoint: 16267 ns, Total: 80535 ns
[2025-05-29T03:37:25.502+0000][71][info ][safepoint   ] Safepoint "Cleanup", Time since last: 1059876696 ns, Reaching safepoint: 30450 ns, Cleanup: 47614 ns, At safepoint: 14149 ns, Total: 92213 ns
[2025-05-29T03:37:26.503+0000][71][info ][safepoint   ] Safepoint "Cleanup", Time since last: 1000879212 ns, Reaching safepoint: 30834 ns, Cleanup: 17869 ns, At safepoint: 16404 ns, Total: 65107 ns
[2025-05-29T03:37:29.504+0000][71][info ][safepoint   ] Safepoint "Cleanup", Time since last: 3001052965 ns, Reaching safepoint: 32451 ns, Cleanup: 17999 ns, At safepoint: 16263 ns, Total: 66713 ns
[2025-05-29T03:37:32.409+0000][71][info ][safepoint   ] Safepoint "Cleanup", Time since last: 2904627869 ns, Reaching safepoint: 6230 ns, Cleanup: 12960 ns, At safepoint: 12831 ns, Total: 32021 ns
[2025-05-29T03:37:33.568+0000][71][info ][safepoint   ] Safepoint "Cleanup", Time since last: 1159032433 ns, Reaching safepoint: 31360 ns, Cleanup: 32364 ns, At safepoint: 14520 ns, Total: 78244 ns
[2025-05-29T03:37:34.579+0000][71][info ][safepoint   ] Safepoint "Cleanup", Time since last: 1010551133 ns, Reaching safepoint: 30569 ns, Cleanup: 47765 ns, At safepoint: 13815 ns, Total: 92149 ns
[2025-05-29T03:37:38.580+0000][71][info ][safepoint   ] Safepoint "Cleanup", Time since last: 4001314906 ns, Reaching safepoint: 18604 ns, Cleanup: 14369 ns, At safepoint: 8047 ns, Total: 41020 ns
[2025-05-29T03:37:43.567+0000][71][info ][safepoint   ] Safepoint "Cleanup", Time since last: 4987249694 ns, Reaching safepoint: 6809 ns, Cleanup: 8825 ns, At safepoint: 2731 ns, Total: 18365 ns
[2025-05-29T03:37:44.596+0000][71][info ][safepoint   ] Safepoint "Cleanup", Time since last: 1028468613 ns, Reaching safepoint: 32064 ns, Cleanup: 31045 ns, At safepoint: 15111 ns, Total: 78220 ns
[2025-05-29T03:37:50.595+0000][71][info ][safepoint   ] Safepoint "Cleanup", Time since last: 6001706911 ns, Reaching safepoint: 67894 ns, Cleanup: 15744 ns, At safepoint: 15678 ns, Total: 99316 ns
[2025-05-29T03:38:05.598+0000][71][info ][safepoint   ] Safepoint "Cleanup", Time since last: 15003330337 ns, Reaching safepoint: 68093 ns, Cleanup: 13847 ns, At safepoint: 9424 ns, Total: 91364 ns
[2025-05-29T03:38:08.396+0000][71][info ][safepoint   ] Safepoint "Cleanup", Time since last: 2798226198 ns, Reaching safepoint: 21653 ns, Cleanup: 17713 ns, At safepoint: 8809 ns, Total: 48175 ns
[2025-05-29T03:38:14.398+0000][71][info ][safepoint   ] Safepoint "Cleanup", Time since last: 6001666485 ns, Reaching safepoint: 19189 ns, Cleanup: 12658 ns, At safepoint: 8497 ns, Total: 40344 ns
[2025-05-29T03:38:35.426+0000][71][info ][safepoint   ] Safepoint "Cleanup", Time since last: 21029588231 ns, Reaching safepoint: 127883 ns, Cleanup: 12565 ns, At safepoint: 55380 ns, Total: 195828 ns
[2025-05-29T03:38:36.640+0000][71][info ][safepoint   ] Safepoint "Cleanup", Time since last: 1213956951 ns, Reaching safepoint: 31861 ns, Cleanup: 65842 ns, At safepoint: 25313 ns, Total: 123016 ns
[2025-05-29T03:38:38.653+0000][71][info ][safepoint   ] Safepoint "Cleanup", Time since last: 2012910248 ns, Reaching safepoint: 32737 ns, Cleanup: 88158 ns, At safepoint: 18441 ns, Total: 139336 ns
[2025-05-29T03:38:44.654+0000][71][info ][safepoint   ] Safepoint "Cleanup", Time since last: 6001673180 ns, Reaching safepoint: 32468 ns, Cleanup: 18011 ns, At safepoint: 16673 ns, Total: 67152 ns
[2025-05-29T03:38:47.654+0000][71][info ][safepoint   ] Safepoint "Cleanup", Time since last: 3001352401 ns, Reaching safepoint: 31345 ns, Cleanup: 16758 ns, At safepoint: 13939 ns, Total: 62042 ns
[2025-05-29T03:38:53.656+0000][71][info ][safepoint   ] Safepoint "Cleanup", Time since last: 6001916031 ns, Reaching safepoint: 73267 ns, Cleanup: 16696 ns, At safepoint: 15536 ns, Total: 105499 ns
[2025-05-29T03:39:03.659+0000][71][info ][safepoint   ] Safepoint "Cleanup", Time since last: 10002253627 ns, Reaching safepoint: 35832 ns, Cleanup: 16790 ns, At safepoint: 16448 ns, Total: 69070 ns
[2025-05-29T03:39:08.435+0000][71][info ][safepoint   ] Safepoint "Cleanup", Time since last: 4775943290 ns, Reaching safepoint: 31946 ns, Cleanup: 20017 ns, At safepoint: 15126 ns, Total: 67089 ns
[2025-05-29T03:39:11.436+0000][71][info ][safepoint   ] Safepoint "Cleanup", Time since last: 3001393173 ns, Reaching safepoint: 33585 ns, Cleanup: 21840 ns, At safepoint: 15922 ns, Total: 71347 ns
[2025-05-29T03:39:23.437+0000][71][info ][safepoint   ] Safepoint "Cleanup", Time since last: 12003562194 ns, Reaching safepoint: 79275 ns, Cleanup: 18104 ns, At safepoint: 16698 ns, Total: 114077 ns
[2025-05-29T03:39:38.398+0000][71][info ][safepoint   ] Safepoint "Cleanup", Time since last: 14960815651 ns, Reaching safepoint: 146008 ns, Cleanup: 19751 ns, At safepoint: 155127 ns, Total: 320886 ns
[2025-05-29T03:39:39.733+0000][71][info ][safepoint   ] Safepoint "Cleanup", Time since last: 1335051588 ns, Reaching safepoint: 34310 ns, Cleanup: 20531 ns, At safepoint: 16029 ns, Total: 70870 ns
[2025-05-29T03:40:05.737+0000][71][info ][safepoint   ] Safepoint "Cleanup", Time since last: 26005041064 ns, Reaching safepoint: 70652 ns, Cleanup: 15247 ns, At safepoint: 15001 ns, Total: 100900 ns
[2025-05-29T03:40:08.474+0000][71][info ][safepoint   ] Safepoint "Cleanup", Time since last: 2737752456 ns, Reaching safepoint: 47148 ns, Cleanup: 15202 ns, At safepoint: 8125 ns, Total: 70475 ns
[2025-05-29T03:40:09.475+0000][71][info ][safepoint   ] Safepoint "Cleanup", Time since last: 1000786724 ns, Reaching safepoint: 30637 ns, Cleanup: 18892 ns, At safepoint: 14185 ns, Total: 63714 ns
[2025-05-29T03:40:17.474+0000][71][info ][safepoint   ] Safepoint "Cleanup", Time since last: 8002154875 ns, Reaching safepoint: 21162 ns, Cleanup: 14199 ns, At safepoint: 9105 ns, Total: 44466 ns
[2025-05-29T03:40:29.477+0000][71][info ][safepoint   ] Safepoint "Cleanup", Time since last: 12002620811 ns, Reaching safepoint: 72460 ns, Cleanup: 18445 ns, At safepoint: 14963 ns, Total: 105868 ns
[2025-05-29T03:40:41.449+0000][71][info ][safepoint   ] Safepoint "Cleanup", Time since last: 11971901233 ns, Reaching safepoint: 15703 ns, Cleanup: 13724 ns, At safepoint: 21727 ns, Total: 51154 ns
[2025-05-29T03:40:42.797+0000][71][info ][safepoint   ] Safepoint "Cleanup", Time since last: 1347446101 ns, Reaching safepoint: 34678 ns, Cleanup: 28225 ns, At safepoint: 15664 ns, Total: 78567 ns
[2025-05-29T03:40:43.797+0000][71][info ][safepoint   ] Safepoint "Cleanup", Time since last: 1000699568 ns, Reaching safepoint: 34095 ns, Cleanup: 18305 ns, At safepoint: 18362 ns, Total: 70762 ns
[2025-05-29T03:41:23.510+0000][71][info ][safepoint   ] Safepoint "Cleanup", Time since last: 39716571635 ns, Reaching safepoint: 78150 ns, Cleanup: 17991 ns, At safepoint: 16265 ns, Total: 112406 ns
[2025-05-29T03:41:44.405+0000][71][info ][safepoint   ] Safepoint "Cleanup", Time since last: 20895130376 ns, Reaching safepoint: 14356 ns, Cleanup: 16823 ns, At safepoint: 63077 ns, Total: 94256 ns
[2025-05-29T03:41:45.849+0000][71][info ][safepoint   ] Safepoint "Cleanup", Time since last: 1444217291 ns, Reaching safepoint: 35773 ns, Cleanup: 23854 ns, At safepoint: 16269 ns, Total: 75896 ns
[2025-05-29T03:41:48.848+0000][71][info ][safepoint   ] Safepoint "Cleanup", Time since last: 3001257335 ns, Reaching safepoint: 214684 ns, Cleanup: 19526 ns, At safepoint: 82189 ns, Total: 316399 ns
[2025-05-29T03:41:50.849+0000][71][info ][safepoint   ] Safepoint "Cleanup", Time since last: 2000977475 ns, Reaching safepoint: 32355 ns, Cleanup: 47252 ns, At safepoint: 19332 ns, Total: 98939 ns
[2025-05-29T03:41:53.850+0000][71][info ][safepoint   ] Safepoint "Cleanup", Time since last: 3001086034 ns, Reaching safepoint: 29368 ns, Cleanup: 15819 ns, At safepoint: 15018 ns, Total: 60205 ns
[2025-05-29T03:41:58.852+0000][71][info ][safepoint   ] Safepoint "Cleanup", Time since last: 5001311978 ns, Reaching safepoint: 31078 ns, Cleanup: 13394 ns, At safepoint: 71496 ns, Total: 115968 ns
[2025-05-29T03:42:08.546+0000][71][info ][safepoint   ] Safepoint "Cleanup", Time since last: 9693701408 ns, Reaching safepoint: 34019 ns, Cleanup: 22117 ns, At safepoint: 17018 ns, Total: 73154 ns
[2025-05-29T03:42:23.547+0000][71][info ][safepoint   ] Safepoint "Cleanup", Time since last: 15002973102 ns, Reaching safepoint: 108815 ns, Cleanup: 16334 ns, At safepoint: 23988 ns, Total: 149137 ns
[2025-05-29T03:42:26.402+0000][71][info ][safepoint   ] Safepoint "Cleanup", Time since last: 2854520379 ns, Reaching safepoint: 6635 ns, Cleanup: 9369 ns, At safepoint: 3257 ns, Total: 19261 ns
[2025-05-29T03:42:27.878+0000][71][info ][safepoint   ] Safepoint "Cleanup", Time since last: 1476280440 ns, Reaching safepoint: 36492 ns, Cleanup: 30342 ns, At safepoint: 18465 ns, Total: 85299 ns
[2025-05-29T03:42:29.910+0000][71][info ][safepoint   ] Safepoint "Cleanup", Time since last: 2031762119 ns, Reaching safepoint: 34554 ns, Cleanup: 17922 ns, At safepoint: 16067 ns, Total: 68543 ns
[2025-05-29T03:42:43.678+0000][71][info ][safepoint   ] Safepoint "Cleanup", Time since last: 13767786648 ns, Reaching safepoint: 13346 ns, Cleanup: 16576 ns, At safepoint: 80330 ns, Total: 110252 ns
[2025-05-29T03:42:44.678+0000][71][info ][safepoint   ] Safepoint "Cleanup", Time since last: 1000644309 ns, Reaching safepoint: 31331 ns, Cleanup: 16397 ns, At safepoint: 15300 ns, Total: 63028 ns
[2025-05-29T03:42:47.414+0000][71][info ][safepoint   ] Safepoint "Cleanup", Time since last: 2738107386 ns, Reaching safepoint: 142053 ns, Cleanup: 11609 ns, At safepoint: 74528 ns, Total: 228190 ns
[2025-05-29T03:42:48.959+0000][71][info ][safepoint   ] Safepoint "Cleanup", Time since last: 1544760061 ns, Reaching safepoint: 6387 ns, Cleanup: 20995 ns, At safepoint: 13374 ns, Total: 40756 ns
[2025-05-29T03:42:49.964+0000][71][info ][safepoint   ] Safepoint "Cleanup", Time since last: 1005130001 ns, Reaching safepoint: 21996 ns, Cleanup: 14528 ns, At safepoint: 8448 ns, Total: 44972 ns
[2025-05-29T03:42:54.966+0000][71][info ][safepoint   ] Safepoint "Cleanup", Time since last: 5001468119 ns, Reaching safepoint: 34414 ns, Cleanup: 18396 ns, At safepoint: 17901 ns, Total: 70711 ns
[2025-05-29T03:43:08.582+0000][71][info ][safepoint   ] Safepoint "Cleanup", Time since last: 13616492816 ns, Reaching safepoint: 18818 ns, Cleanup: 17316 ns, At safepoint: 8768 ns, Total: 44902 ns
[2025-05-29T03:43:13.584+0000][71][info ][safepoint   ] Safepoint "Cleanup", Time since last: 5001371951 ns, Reaching safepoint: 53730 ns, Cleanup: 18750 ns, At safepoint: 10064 ns, Total: 82544 ns
[2025-05-29T03:43:18.582+0000][71][info ][safepoint   ] Safepoint "Cleanup", Time since last: 5001341616 ns, Reaching safepoint: 32099 ns, Cleanup: 15429 ns, At safepoint: 15376 ns, Total: 62904 ns
[2025-05-29T03:43:38.586+0000][71][info ][safepoint   ] Safepoint "Cleanup", Time since last: 20003841691 ns, Reaching safepoint: 33196 ns, Cleanup: 16940 ns, At safepoint: 16895 ns, Total: 67031 ns
[2025-05-29T03:43:45.588+0000][71][info ][safepoint   ] Safepoint "Cleanup", Time since last: 7001862875 ns, Reaching safepoint: 69727 ns, Cleanup: 16339 ns, At safepoint: 14809 ns, Total: 100875 ns
[2025-05-29T03:43:50.399+0000][71][info ][safepoint   ] Safepoint "Cleanup", Time since last: 4812768001 ns, Reaching safepoint: 6499 ns, Cleanup: 7297 ns, At safepoint: 12424 ns, Total: 26220 ns
[2025-05-29T03:43:54.000+0000][71][info ][safepoint   ] Safepoint "Cleanup", Time since last: 3600962209 ns, Reaching safepoint: 31677 ns, Cleanup: 16098 ns, At safepoint: 14578 ns, Total: 62353 ns
[2025-05-29T03:44:00.002+0000][71][info ][safepoint   ] Safepoint "Cleanup", Time since last: 6001594710 ns, Reaching safepoint: 64830 ns, Cleanup: 18850 ns, At safepoint: 11179 ns, Total: 94859 ns
[2025-05-29T03:44:08.617+0000][71][info ][safepoint   ] Safepoint "Cleanup", Time since last: 8615061993 ns, Reaching safepoint: 23987 ns, Cleanup: 13381 ns, At safepoint: 9530 ns, Total: 46898 ns
[2025-05-29T03:44:37.623+0000][71][info ][safepoint   ] Safepoint "Cleanup", Time since last: 29008344465 ns, Reaching safepoint: 141081 ns, Cleanup: 16536 ns, At safepoint: 16161 ns, Total: 173778 ns
[2025-05-29T03:44:38.624+0000][71][info ][safepoint   ] Safepoint "Cleanup", Time since last: 1000608581 ns, Reaching safepoint: 34929 ns, Cleanup: 53427 ns, At safepoint: 15881 ns, Total: 104237 ns
[2025-05-29T03:44:53.405+0000][71][info ][safepoint   ] Safepoint "Cleanup", Time since last: 14783049276 ns, Reaching safepoint: 27486 ns, Cleanup: 14578 ns, At safepoint: 66997 ns, Total: 109061 ns
[2025-05-29T03:45:08.655+0000][71][info ][safepoint   ] Safepoint "Cleanup", Time since last: 15249989569 ns, Reaching safepoint: 32436 ns, Cleanup: 14550 ns, At safepoint: 13443 ns, Total: 60429 ns
[2025-05-29T03:45:33.658+0000][71][info ][safepoint   ] Safepoint "Cleanup", Time since last: 25005464815 ns, Reaching safepoint: 69189 ns, Cleanup: 15041 ns, At safepoint: 13090 ns, Total: 97320 ns
[2025-05-29T03:45:38.659+0000][71][info ][safepoint   ] Safepoint "Cleanup", Time since last: 5001542538 ns, Reaching safepoint: 35322 ns, Cleanup: 17777 ns, At safepoint: 16223 ns, Total: 69322 ns
[2025-05-29T03:45:41.661+0000][71][info ][safepoint   ] Safepoint "Cleanup", Time since last: 3001240134 ns, Reaching safepoint: 30934 ns, Cleanup: 23677 ns, At safepoint: 13252 ns, Total: 67863 ns
[2025-05-29T03:45:43.662+0000][71][info ][safepoint   ] Safepoint "Cleanup", Time since last: 2001207569 ns, Reaching safepoint: 31479 ns, Cleanup: 16407 ns, At safepoint: 14941 ns, Total: 62827 ns
[2025-05-29T03:45:45.663+0000][71][info ][safepoint   ] Safepoint "Cleanup", Time since last: 2000897695 ns, Reaching safepoint: 69215 ns, Cleanup: 16138 ns, At safepoint: 30645 ns, Total: 115998 ns
[2025-05-29T03:45:55.663+0000][71][info ][safepoint   ] Safepoint "Cleanup", Time since last: 10002283920 ns, Reaching safepoint: 33568 ns, Cleanup: 16179 ns, At safepoint: 16311 ns, Total: 66058 ns
[2025-05-29T03:45:57.109+0000][71][info ][safepoint   ] Safepoint "Cleanup", Time since last: 1445689725 ns, Reaching safepoint: 15827 ns, Cleanup: 20819 ns, At safepoint: 85402 ns, Total: 122048 ns
[2025-05-29T03:46:07.694+0000][71][info ][safepoint   ] Safepoint "Cleanup", Time since last: 10585519825 ns, Reaching safepoint: 29218 ns, Cleanup: 15568 ns, At safepoint: 12383 ns, Total: 57169 ns
[2025-05-29T03:46:08.695+0000][71][info ][safepoint   ] Safepoint "Cleanup", Time since last: 1000883916 ns, Reaching safepoint: 32052 ns, Cleanup: 29067 ns, At safepoint: 15321 ns, Total: 76440 ns
[2025-05-29T03:46:35.699+0000][71][info ][safepoint   ] Safepoint "Cleanup", Time since last: 27005258405 ns, Reaching safepoint: 31916 ns, Cleanup: 15672 ns, At safepoint: 13825 ns, Total: 61413 ns
[2025-05-29T03:46:38.700+0000][71][info ][safepoint   ] Safepoint "Cleanup", Time since last: 3001107849 ns, Reaching safepoint: 31045 ns, Cleanup: 15355 ns, At safepoint: 14550 ns, Total: 60950 ns
[2025-05-29T03:46:43.702+0000][71][info ][safepoint   ] Safepoint "Cleanup", Time since last: 5001705233 ns, Reaching safepoint: 30871 ns, Cleanup: 15748 ns, At safepoint: 14117 ns, Total: 60736 ns
[2025-05-29T03:46:44.703+0000][71][info ][safepoint   ] Safepoint "Cleanup", Time since last: 1000796244 ns, Reaching safepoint: 296736 ns, Cleanup: 14402 ns, At safepoint: 82708 ns, Total: 393846 ns
[2025-05-29T03:46:59.402+0000][71][info ][safepoint   ] Safepoint "Cleanup", Time since last: 14701258059 ns, Reaching safepoint: 6672 ns, Cleanup: 10279 ns, At safepoint: 4995 ns, Total: 21946 ns
[2025-05-29T03:46:59.405+0000][71][info ][gc,start    ] GC(14) Pause Young (Normal) (G1 Evacuation Pause)
[2025-05-29T03:46:59.405+0000][71][info ][gc,task     ] GC(14) Using 10 workers of 10 for evacuation
[2025-05-29T03:46:59.406+0000][71][debug][gc,age      ] GC(14) Desired survivor size 88080384 bytes, new threshold 15 (max threshold 15)
[2025-05-29T03:46:59.424+0000][71][info ][gc,phases   ] GC(14)   Pre Evacuate Collection Set: 1.30ms
[2025-05-29T03:46:59.425+0000][71][info ][gc,phases   ] GC(14)   Merge Heap Roots: 1.04ms
[2025-05-29T03:46:59.425+0000][71][info ][gc,phases   ] GC(14)   Evacuate Collection Set: 12.53ms
[2025-05-29T03:46:59.426+0000][71][info ][gc,phases   ] GC(14)   Post Evacuate Collection Set: 2.57ms
[2025-05-29T03:46:59.426+0000][71][info ][gc,phases   ] GC(14)   Other: 1.41ms
[2025-05-29T03:46:59.427+0000][71][trace][gc,age      ] GC(14) Age table with threshold 15 (max threshold 15)
[2025-05-29T03:46:59.428+0000][71][trace][gc,age      ] GC(14) - age   1:    1684912 bytes,    1684912 total
[2025-05-29T03:46:59.428+0000][71][trace][gc,age      ] GC(14) - age   2:     476416 bytes,    2161328 total
[2025-05-29T03:46:59.429+0000][71][info ][gc,heap     ] GC(14) Eden regions: 327->0(580)
[2025-05-29T03:46:59.429+0000][71][info ][gc,heap     ] GC(14) Survivor regions: 3->2(42)
[2025-05-29T03:46:59.430+0000][71][info ][gc,heap     ] GC(14) Old regions: 27->27
[2025-05-29T03:46:59.430+0000][71][info ][gc,heap     ] GC(14) Humongous regions: 0->0
[2025-05-29T03:46:59.431+0000][71][info ][gc,metaspace] GC(14) Metaspace: 144076K(148096K)->144076K(148096K) NonClass: 124405K(126592K)->124405K(126592K) Class: 19671K(21504K)->19671K(21504K)
[2025-05-29T03:46:59.431+0000][71][info ][gc          ] GC(14) Pause Young (Normal) (G1 Evacuation Pause) 1425M->110M(3880M) 26.671ms
[2025-05-29T03:46:59.432+0000][71][info ][gc,cpu      ] GC(14) User=0.07s Sys=0.00s Real=0.02s
[2025-05-29T03:46:59.432+0000][71][info ][safepoint   ] Safepoint "G1CollectForAllocation", Time since last: 2787024 ns, Reaching safepoint: 14742 ns, Cleanup: 3298 ns, At safepoint: 27934613 ns, Total: 27952653 ns
[2025-05-29T03:47:01.177+0000][71][info ][safepoint   ] Safepoint "Cleanup", Time since last: 1744269329 ns, Reaching safepoint: 32506 ns, Cleanup: 22871 ns, At safepoint: 15051 ns, Total: 70428 ns
[2025-05-29T03:47:03.178+0000][71][info ][safepoint   ] Safepoint "Cleanup", Time since last: 2000970250 ns, Reaching safepoint: 66820 ns, Cleanup: 15987 ns, At safepoint: 14727 ns, Total: 97534 ns
[2025-05-29T03:47:04.179+0000][71][info ][safepoint   ] Safepoint "Cleanup", Time since last: 1000722683 ns, Reaching safepoint: 30699 ns, Cleanup: 20486 ns, At safepoint: 14314 ns, Total: 65499 ns
[2025-05-29T03:47:08.735+0000][71][info ][safepoint   ] Safepoint "Cleanup", Time since last: 4556171401 ns, Reaching safepoint: 31542 ns, Cleanup: 27065 ns, At safepoint: 14255 ns, Total: 72862 ns
[2025-05-29T03:47:10.736+0000][71][info ][safepoint   ] Safepoint "Cleanup", Time since last: 2001117695 ns, Reaching safepoint: 30814 ns, Cleanup: 15673 ns, At safepoint: 14228 ns, Total: 60715 ns
[2025-05-29T03:47:11.737+0000][71][info ][safepoint   ] Safepoint "Cleanup", Time since last: 1000813667 ns, Reaching safepoint: 30841 ns, Cleanup: 16228 ns, At safepoint: 13317 ns, Total: 60386 ns
[2025-05-29T03:47:18.736+0000][71][info ][safepoint   ] Safepoint "Cleanup", Time since last: 7002030932 ns, Reaching safepoint: 65376 ns, Cleanup: 15143 ns, At safepoint: 14198 ns, Total: 94717 ns
[2025-05-29T03:47:20.737+0000][71][info ][safepoint   ] Safepoint "Cleanup", Time since last: 2001040273 ns, Reaching safepoint: 30663 ns, Cleanup: 17154 ns, At safepoint: 14024 ns, Total: 61841 ns
[2025-05-29T03:47:23.739+0000][71][info ][safepoint   ] Safepoint "Cleanup", Time since last: 3001294346 ns, Reaching safepoint: 31942 ns, Cleanup: 17772 ns, At safepoint: 13496 ns, Total: 63210 ns
[2025-05-29T03:47:29.375+0000][71][info ][safepoint   ] Safepoint "Cleanup", Time since last: 5635940708 ns, Reaching safepoint: 19959 ns, Cleanup: 16584 ns, At safepoint: 73906 ns, Total: 110449 ns
[2025-05-29T03:47:31.193+0000][71][info ][safepoint   ] Safepoint "Cleanup", Time since last: 1817741990 ns, Reaching safepoint: 35828 ns, Cleanup: 20092 ns, At safepoint: 16027 ns, Total: 71947 ns
[2025-05-29T03:47:43.224+0000][71][info ][safepoint   ] Safepoint "Cleanup", Time since last: 12031449818 ns, Reaching safepoint: 45881 ns, Cleanup: 12164 ns, At safepoint: 8936 ns, Total: 66981 ns
[2025-05-29T03:47:44.753+0000][71][info ][safepoint   ] Safepoint "Cleanup", Time since last: 1528489046 ns, Reaching safepoint: 33518 ns, Cleanup: 17443 ns, At safepoint: 14761 ns, Total: 65722 ns
[2025-05-29T03:47:58.753+0000][71][info ][safepoint   ] Safepoint "Cleanup", Time since last: 14002740439 ns, Reaching safepoint: 31546 ns, Cleanup: 14331 ns, At safepoint: 15002 ns, Total: 60879 ns
[2025-05-29T03:48:02.373+0000][71][info ][safepoint   ] Safepoint "Cleanup", Time since last: 3619927993 ns, Reaching safepoint: 17052 ns, Cleanup: 12593 ns, At safepoint: 4617 ns, Total: 34262 ns
[2025-05-29T03:48:04.261+0000][71][info ][safepoint   ] Safepoint "Cleanup", Time since last: 1888075122 ns, Reaching safepoint: 12887 ns, Cleanup: 27152 ns, At safepoint: 80679 ns, Total: 120718 ns
[2025-05-29T03:48:52.776+0000][71][info ][safepoint   ] Safepoint "Cleanup", Time since last: 48518797763 ns, Reaching safepoint: 115461 ns, Cleanup: 18146 ns, At safepoint: 14320 ns, Total: 147927 ns
[2025-05-29T03:48:53.777+0000][71][info ][safepoint   ] Safepoint "Cleanup", Time since last: 1000808943 ns, Reaching safepoint: 32647 ns, Cleanup: 16502 ns, At safepoint: 14294 ns, Total: 63443 ns
[2025-05-29T03:49:05.368+0000][71][info ][safepoint   ] Safepoint "Cleanup", Time since last: 11590589224 ns, Reaching safepoint: 580636 ns, Cleanup: 14200 ns, At safepoint: 262529 ns, Total: 857365 ns
[2025-05-29T03:49:06.813+0000][71][info ][safepoint   ] Safepoint "Cleanup", Time since last: 1445310578 ns, Reaching safepoint: 6165 ns, Cleanup: 19241 ns, At safepoint: 2818 ns, Total: 28224 ns
[2025-05-29T03:49:08.814+0000][71][info ][safepoint   ] Safepoint "Cleanup", Time since last: 2001012261 ns, Reaching safepoint: 31367 ns, Cleanup: 16284 ns, At safepoint: 14463 ns, Total: 62114 ns
[2025-05-29T03:49:42.818+0000][71][info ][safepoint   ] Safepoint "Cleanup", Time since last: 34006283925 ns, Reaching safepoint: 64085 ns, Cleanup: 13477 ns, At safepoint: 8680 ns, Total: 86242 ns
[2025-05-29T03:49:43.819+0000][71][info ][safepoint   ] Safepoint "Cleanup", Time since last: 1000644619 ns, Reaching safepoint: 31748 ns, Cleanup: 19890 ns, At safepoint: 14594 ns, Total: 66232 ns
[2025-05-29T03:49:52.819+0000][71][info ][safepoint   ] Safepoint "Cleanup", Time since last: 9002259382 ns, Reaching safepoint: 68332 ns, Cleanup: 15706 ns, At safepoint: 14459 ns, Total: 98497 ns
[2025-05-29T03:50:05.822+0000][71][info ][safepoint   ] Safepoint "Cleanup", Time since last: 13002594010 ns, Reaching safepoint: 72795 ns, Cleanup: 16890 ns, At safepoint: 34446 ns, Total: 124131 ns
[2025-05-29T03:50:07.823+0000][71][info ][safepoint   ] Safepoint "Cleanup", Time since last: 2000958737 ns, Reaching safepoint: 33677 ns, Cleanup: 16376 ns, At safepoint: 15483 ns, Total: 65536 ns
[2025-05-29T03:50:09.328+0000][71][info ][safepoint   ] Safepoint "Cleanup", Time since last: 1505180424 ns, Reaching safepoint: 32145 ns, Cleanup: 15419 ns, At safepoint: 73457 ns, Total: 121021 ns
[2025-05-29T03:50:13.348+0000][71][info ][safepoint   ] Safepoint "Cleanup", Time since last: 4019268523 ns, Reaching safepoint: 31541 ns, Cleanup: 16303 ns, At safepoint: 14746 ns, Total: 62590 ns
[2025-05-29T03:50:20.347+0000][71][info ][safepoint   ] Safepoint "Cleanup", Time since last: 7001804457 ns, Reaching safepoint: 32008 ns, Cleanup: 16203 ns, At safepoint: 13098 ns, Total: 61309 ns
[2025-05-29T03:50:42.352+0000][71][info ][safepoint   ] Safepoint "Cleanup", Time since last: 22004588974 ns, Reaching safepoint: 80349 ns, Cleanup: 17944 ns, At safepoint: 17237 ns, Total: 115530 ns
[2025-05-29T03:51:06.893+0000][71][info ][safepoint   ] Safepoint "Cleanup", Time since last: 24544156282 ns, Reaching safepoint: 55607 ns, Cleanup: 12031 ns, At safepoint: 62698 ns, Total: 130336 ns
[2025-05-29T03:51:07.895+0000][71][info ][safepoint   ] Safepoint "Cleanup", Time since last: 1000992714 ns, Reaching safepoint: 66465 ns, Cleanup: 18164 ns, At safepoint: 15259 ns, Total: 99888 ns
[2025-05-29T03:51:08.896+0000][71][info ][safepoint   ] Safepoint "Cleanup", Time since last: 1000917437 ns, Reaching safepoint: 30657 ns, Cleanup: 18639 ns, At safepoint: 14394 ns, Total: 63690 ns
[2025-05-29T03:51:11.381+0000][71][info ][safepoint   ] Safepoint "Cleanup", Time since last: 2485553772 ns, Reaching safepoint: 12230 ns, Cleanup: 11695 ns, At safepoint: 4700 ns, Total: 28625 ns
[2025-05-29T03:51:12.407+0000][71][info ][safepoint   ] Safepoint "Cleanup", Time since last: 1025872651 ns, Reaching safepoint: 29328 ns, Cleanup: 21443 ns, At safepoint: 74648 ns, Total: 125419 ns
[2025-05-29T03:51:13.418+0000][71][info ][safepoint   ] Safepoint "Cleanup", Time since last: 1010582880 ns, Reaching safepoint: 32542 ns, Cleanup: 18055 ns, At safepoint: 14779 ns, Total: 65376 ns
[2025-05-29T03:51:43.421+0000][71][info ][safepoint   ] Safepoint "Cleanup", Time since last: 30005335403 ns, Reaching safepoint: 36136 ns, Cleanup: 20184 ns, At safepoint: 14977 ns, Total: 71297 ns
[2025-05-29T03:52:07.932+0000][71][info ][safepoint   ] Safepoint "Cleanup", Time since last: 24513329725 ns, Reaching safepoint: 32921 ns, Cleanup: 16047 ns, At safepoint: 15757 ns, Total: 64725 ns
[2025-05-29T03:52:09.375+0000][71][info ][safepoint   ] Safepoint "Cleanup", Time since last: 1442632309 ns, Reaching safepoint: 67326 ns, Cleanup: 19927 ns, At safepoint: 29035 ns, Total: 116288 ns
[2025-05-29T03:52:11.456+0000][71][info ][safepoint   ] Safepoint "Cleanup", Time since last: 2081281734 ns, Reaching safepoint: 19807 ns, Cleanup: 14998 ns, At safepoint: 7306 ns, Total: 42111 ns
[2025-05-29T03:52:13.570+0000][71][info ][safepoint   ] Safepoint "Cleanup", Time since last: 2113608866 ns, Reaching safepoint: 13623 ns, Cleanup: 14735 ns, At safepoint: 64339 ns, Total: 92697 ns
[2025-05-29T03:52:14.586+0000][71][info ][safepoint   ] Safepoint "Cleanup", Time since last: 1016336392 ns, Reaching safepoint: 12661 ns, Cleanup: 21548 ns, At safepoint: 78277 ns, Total: 112486 ns
[2025-05-29T03:52:16.466+0000][71][info ][safepoint   ] Safepoint "Cleanup", Time since last: 1879212371 ns, Reaching safepoint: 24377 ns, Cleanup: 14543 ns, At safepoint: 9533 ns, Total: 48453 ns
[2025-05-29T03:52:20.465+0000][71][info ][safepoint   ] Safepoint "Cleanup", Time since last: 4001492287 ns, Reaching safepoint: 36266 ns, Cleanup: 18016 ns, At safepoint: 95106 ns, Total: 149388 ns
[2025-05-29T03:52:32.353+0000][71][info ][safepoint   ] Safepoint "Cleanup", Time since last: 11888312633 ns, Reaching safepoint: 173641 ns, Cleanup: 10596 ns, At safepoint: 42461 ns, Total: 226698 ns
[2025-05-29T03:52:33.478+0000][71][info ][safepoint   ] Safepoint "Cleanup", Time since last: 1124444072 ns, Reaching safepoint: 30779 ns, Cleanup: 23384 ns, At safepoint: 14760 ns, Total: 68923 ns
[2025-05-29T03:52:43.504+0000][71][info ][safepoint   ] Safepoint "Cleanup", Time since last: 10026240725 ns, Reaching safepoint: 31360 ns, Cleanup: 15186 ns, At safepoint: 11486 ns, Total: 58032 ns
[2025-05-29T03:52:44.860+0000][71][info ][safepoint   ] Safepoint "Cleanup", Time since last: 1356010169 ns, Reaching safepoint: 35104 ns, Cleanup: 15667 ns, At safepoint: 16810 ns, Total: 67581 ns
[2025-05-29T03:52:48.859+0000][71][info ][safepoint   ] Safepoint "Cleanup", Time since last: 4001199861 ns, Reaching safepoint: 32926 ns, Cleanup: 16863 ns, At safepoint: 14482 ns, Total: 64271 ns
[2025-05-29T03:52:53.861+0000][71][info ][safepoint   ] Safepoint "Cleanup", Time since last: 5001370574 ns, Reaching safepoint: 100731 ns, Cleanup: 20638 ns, At safepoint: 20244 ns, Total: 141613 ns
[2025-05-29T03:52:55.862+0000][71][info ][safepoint   ] Safepoint "Cleanup", Time since last: 2001079844 ns, Reaching safepoint: 446939 ns, Cleanup: 15265 ns, At safepoint: 19648 ns, Total: 481852 ns
[2025-05-29T03:52:58.864+0000][71][info ][safepoint   ] Safepoint "Cleanup", Time since last: 3001303985 ns, Reaching safepoint: 35598 ns, Cleanup: 19873 ns, At safepoint: 16602 ns, Total: 72073 ns
[2025-05-29T03:52:59.864+0000][71][info ][safepoint   ] Safepoint "Cleanup", Time since last: 1000717701 ns, Reaching safepoint: 17758 ns, Cleanup: 11451 ns, At safepoint: 7489 ns, Total: 36698 ns
[2025-05-29T03:53:07.971+0000][71][info ][safepoint   ] Safepoint "Cleanup", Time since last: 8106283891 ns, Reaching safepoint: 31288 ns, Cleanup: 16637 ns, At safepoint: 14277 ns, Total: 62202 ns
[2025-05-29T03:53:17.410+0000][71][info ][safepoint   ] Safepoint "Cleanup", Time since last: 9441473704 ns, Reaching safepoint: 14911 ns, Cleanup: 20557 ns, At safepoint: 76124 ns, Total: 111592 ns
[2025-05-29T03:53:18.572+0000][71][info ][safepoint   ] Safepoint "Cleanup", Time since last: 1162061629 ns, Reaching safepoint: 12870 ns, Cleanup: 49373 ns, At safepoint: 81424 ns, Total: 143667 ns
[2025-05-29T03:53:19.600+0000][71][info ][safepoint   ] Safepoint "Cleanup", Time since last: 1027758723 ns, Reaching safepoint: 30843 ns, Cleanup: 15672 ns, At safepoint: 13846 ns, Total: 60361 ns
[2025-05-29T03:53:28.603+0000][71][info ][safepoint   ] Safepoint "Cleanup", Time since last: 9002446239 ns, Reaching safepoint: 66155 ns, Cleanup: 14510 ns, At safepoint: 14592 ns, Total: 95257 ns
[2025-05-29T03:53:29.604+0000][71][info ][safepoint   ] Safepoint "Cleanup", Time since last: 1000907077 ns, Reaching safepoint: 31598 ns, Cleanup: 16354 ns, At safepoint: 14402 ns, Total: 62354 ns
[2025-05-29T03:53:35.605+0000][71][info ][safepoint   ] Safepoint "Cleanup", Time since last: 6001787742 ns, Reaching safepoint: 30882 ns, Cleanup: 15340 ns, At safepoint: 13698 ns, Total: 59920 ns
[2025-05-29T03:53:44.608+0000][71][info ][safepoint   ] Safepoint "Cleanup", Time since last: 9002503959 ns, Reaching safepoint: 73351 ns, Cleanup: 119213 ns, At safepoint: 23996 ns, Total: 216560 ns
[2025-05-29T03:53:45.609+0000][71][info ][safepoint   ] Safepoint "Cleanup", Time since last: 1000744291 ns, Reaching safepoint: 31820 ns, Cleanup: 19907 ns, At safepoint: 14533 ns, Total: 66260 ns
[2025-05-29T03:53:53.609+0000][71][info ][safepoint   ] Safepoint "Cleanup", Time since last: 8001788722 ns, Reaching safepoint: 26621 ns, Cleanup: 15226 ns, At safepoint: 8705 ns, Total: 50552 ns
[2025-05-29T03:54:08.012+0000][71][info ][safepoint   ] Safepoint "Cleanup", Time since last: 14402855465 ns, Reaching safepoint: 18906 ns, Cleanup: 14313 ns, At safepoint: 7681 ns, Total: 40900 ns
[2025-05-29T03:54:11.012+0000][71][info ][safepoint   ] Safepoint "Cleanup", Time since last: 3000795656 ns, Reaching safepoint: 28822 ns, Cleanup: 21283 ns, At safepoint: 11050 ns, Total: 61155 ns
[2025-05-29T03:54:13.013+0000][71][info ][safepoint   ] Safepoint "Cleanup", Time since last: 2000826605 ns, Reaching safepoint: 65945 ns, Cleanup: 15425 ns, At safepoint: 14686 ns, Total: 96056 ns
[2025-05-29T03:54:20.363+0000][71][info ][safepoint   ] Safepoint "Cleanup", Time since last: 7352870746 ns, Reaching safepoint: 9204 ns, Cleanup: 11963 ns, At safepoint: 13498 ns, Total: 34665 ns
[2025-05-29T03:54:21.641+0000][71][info ][safepoint   ] Safepoint "Cleanup", Time since last: 1277879549 ns, Reaching safepoint: 32082 ns, Cleanup: 31589 ns, At safepoint: 13899 ns, Total: 77570 ns
[2025-05-29T03:55:05.647+0000][71][info ][safepoint   ] Safepoint "Cleanup", Time since last: 44008186084 ns, Reaching safepoint: 138371 ns, Cleanup: 17453 ns, At safepoint: 17532 ns, Total: 173356 ns
[2025-05-29T03:55:23.379+0000][71][info ][safepoint   ] Safepoint "Cleanup", Time since last: 17733848482 ns, Reaching safepoint: 31565 ns, Cleanup: 12194 ns, At safepoint: 72826 ns, Total: 116585 ns
[2025-05-29T03:55:24.687+0000][71][info ][safepoint   ] Safepoint "Cleanup", Time since last: 1308110690 ns, Reaching safepoint: 34287 ns, Cleanup: 31315 ns, At safepoint: 15873 ns, Total: 81475 ns
[2025-05-29T03:55:33.690+0000][71][info ][safepoint   ] Safepoint "Cleanup", Time since last: 9002269590 ns, Reaching safepoint: 67770 ns, Cleanup: 18021 ns, At safepoint: 13942 ns, Total: 99733 ns
[2025-05-29T03:55:35.691+0000][71][info ][safepoint   ] Safepoint "Cleanup", Time since last: 2001130411 ns, Reaching safepoint: 32112 ns, Cleanup: 19484 ns, At safepoint: 15480 ns, Total: 67076 ns
[2025-05-29T03:55:44.693+0000][71][info ][safepoint   ] Safepoint "Cleanup", Time since last: 9002250238 ns, Reaching safepoint: 70855 ns, Cleanup: 17844 ns, At safepoint: 15591 ns, Total: 104290 ns
[2025-05-29T03:56:08.087+0000][71][info ][safepoint   ] Safepoint "Cleanup", Time since last: 23395657959 ns, Reaching safepoint: 33786 ns, Cleanup: 16000 ns, At safepoint: 15130 ns, Total: 64916 ns
[2025-05-29T03:56:12.088+0000][71][info ][safepoint   ] Safepoint "Cleanup", Time since last: 4000966323 ns, Reaching safepoint: 31624 ns, Cleanup: 16359 ns, At safepoint: 14963 ns, Total: 62946 ns
[2025-05-29T03:56:22.088+0000][71][info ][safepoint   ] Safepoint "Cleanup", Time since last: 10002675857 ns, Reaching safepoint: 74416 ns, Cleanup: 16745 ns, At safepoint: 15957 ns, Total: 107118 ns
[2025-05-29T03:56:24.089+0000][71][info ][safepoint   ] Safepoint "Cleanup", Time since last: 2000919647 ns, Reaching safepoint: 32163 ns, Cleanup: 17154 ns, At safepoint: 15066 ns, Total: 64383 ns
[2025-05-29T03:56:26.360+0000][71][info ][safepoint   ] Safepoint "Cleanup", Time since last: 2270310236 ns, Reaching safepoint: 6047 ns, Cleanup: 10545 ns, At safepoint: 15695 ns, Total: 32287 ns
[2025-05-29T03:56:43.739+0000][71][info ][safepoint   ] Safepoint "Cleanup", Time since last: 17379397078 ns, Reaching safepoint: 33330 ns, Cleanup: 20166 ns, At safepoint: 15515 ns, Total: 69011 ns
[2025-05-29T03:57:08.123+0000][71][info ][safepoint   ] Safepoint "Cleanup", Time since last: 24385898627 ns, Reaching safepoint: 23555 ns, Cleanup: 23607 ns, At safepoint: 12919 ns, Total: 60081 ns
[2025-05-29T03:57:12.124+0000][71][info ][safepoint   ] Safepoint "Cleanup", Time since last: 4001287483 ns, Reaching safepoint: 19616 ns, Cleanup: 13487 ns, At safepoint: 7729 ns, Total: 40832 ns
[2025-05-29T03:57:29.125+0000][71][info ][safepoint   ] Safepoint "Cleanup", Time since last: 17003652357 ns, Reaching safepoint: 73064 ns, Cleanup: 16425 ns, At safepoint: 15274 ns, Total: 104763 ns
[2025-05-29T03:57:30.767+0000][71][info ][safepoint   ] Safepoint "Cleanup", Time since last: 1641417052 ns, Reaching safepoint: 32609 ns, Cleanup: 41607 ns, At safepoint: 14763 ns, Total: 88979 ns
[2025-05-29T03:57:35.356+0000][71][info ][safepoint   ] Safepoint "Cleanup", Time since last: 4589145643 ns, Reaching safepoint: 20858 ns, Cleanup: 11564 ns, At safepoint: 22344 ns, Total: 54766 ns
[2025-05-29T03:57:36.779+0000][71][info ][safepoint   ] Safepoint "Cleanup", Time since last: 1422861519 ns, Reaching safepoint: 31544 ns, Cleanup: 23899 ns, At safepoint: 14784 ns, Total: 70227 ns
[2025-05-29T03:57:37.806+0000][71][info ][safepoint   ] Safepoint "Cleanup", Time since last: 1026676327 ns, Reaching safepoint: 30299 ns, Cleanup: 16108 ns, At safepoint: 14582 ns, Total: 60989 ns
[2025-05-29T03:57:44.808+0000][71][info ][safepoint   ] Safepoint "Cleanup", Time since last: 7001715261 ns, Reaching safepoint: 31803 ns, Cleanup: 16024 ns, At safepoint: 14267 ns, Total: 62094 ns
[2025-05-29T03:57:48.807+0000][71][info ][safepoint   ] Safepoint "Cleanup", Time since last: 4001226088 ns, Reaching safepoint: 68769 ns, Cleanup: 14497 ns, At safepoint: 31691 ns, Total: 114957 ns
[2025-05-29T03:57:50.006+0000][71][info ][safepoint   ] Safepoint "Cleanup", Time since last: 1199682521 ns, Reaching safepoint: 25862 ns, Cleanup: 14505 ns, At safepoint: 10925 ns, Total: 51292 ns
[2025-05-29T03:58:08.162+0000][71][info ][safepoint   ] Safepoint "Cleanup", Time since last: 18155169470 ns, Reaching safepoint: 33610 ns, Cleanup: 20082 ns, At safepoint: 15975 ns, Total: 69667 ns
[2025-05-29T03:58:18.161+0000][71][info ][safepoint   ] Safepoint "Cleanup", Time since last: 10002070531 ns, Reaching safepoint: 59080 ns, Cleanup: 15090 ns, At safepoint: 13659 ns, Total: 87829 ns
[2025-05-29T03:58:30.164+0000][71][info ][safepoint   ] Safepoint "Cleanup", Time since last: 12002700802 ns, Reaching safepoint: 33132 ns, Cleanup: 16497 ns, At safepoint: 15397 ns, Total: 65026 ns
[2025-05-29T03:58:32.823+0000][71][info ][safepoint   ] Safepoint "Cleanup", Time since last: 2659015509 ns, Reaching safepoint: 18267 ns, Cleanup: 12208 ns, At safepoint: 34087 ns, Total: 64562 ns
[2025-05-29T03:58:33.845+0000][71][info ][safepoint   ] Safepoint "Cleanup", Time since last: 1022261276 ns, Reaching safepoint: 32376 ns, Cleanup: 15885 ns, At safepoint: 14592 ns, Total: 62853 ns
[2025-05-29T03:59:03.848+0000][71][info ][safepoint   ] Safepoint "Cleanup", Time since last: 30004875628 ns, Reaching safepoint: 52552 ns, Cleanup: 13802 ns, At safepoint: 8034 ns, Total: 74388 ns
[2025-05-29T03:59:08.198+0000][71][info ][safepoint   ] Safepoint "Cleanup", Time since last: 4350130182 ns, Reaching safepoint: 32890 ns, Cleanup: 15762 ns, At safepoint: 14103 ns, Total: 62755 ns
[2025-05-29T03:59:24.200+0000][71][info ][safepoint   ] Safepoint "Cleanup", Time since last: 16003826533 ns, Reaching safepoint: 77874 ns, Cleanup: 18175 ns, At safepoint: 65413 ns, Total: 161462 ns
[2025-05-29T03:59:35.865+0000][71][info ][safepoint   ] Safepoint "Cleanup", Time since last: 11664936897 ns, Reaching safepoint: 14135 ns, Cleanup: 10692 ns, At safepoint: 16392 ns, Total: 41219 ns
[2025-05-29T03:59:44.887+0000][71][info ][safepoint   ] Safepoint "Cleanup", Time since last: 9021775469 ns, Reaching safepoint: 19236 ns, Cleanup: 12635 ns, At safepoint: 8591 ns, Total: 40462 ns
[2025-05-29T03:59:48.886+0000][71][info ][safepoint   ] Safepoint "Cleanup", Time since last: 4001218478 ns, Reaching safepoint: 37486 ns, Cleanup: 41246 ns, At safepoint: 16612 ns, Total: 95344 ns
[2025-05-29T03:59:52.887+0000][71][info ][safepoint   ] Safepoint "Cleanup", Time since last: 4001273358 ns, Reaching safepoint: 158327 ns, Cleanup: 17100 ns, At safepoint: 33392 ns, Total: 208819 ns
[2025-05-29T04:00:02.890+0000][71][info ][safepoint   ] Safepoint "Cleanup", Time since last: 10002304655 ns, Reaching safepoint: 22056 ns, Cleanup: 15429 ns, At safepoint: 8548 ns, Total: 46033 ns
[2025-05-29T04:00:38.959+0000][71][info ][safepoint   ] Safepoint "Cleanup", Time since last: 36071685085 ns, Reaching safepoint: 37987 ns, Cleanup: 14282 ns, At safepoint: 81085 ns, Total: 133354 ns
[2025-05-29T04:00:41.963+0000][71][info ][safepoint   ] Safepoint "Cleanup", Time since last: 3003893378 ns, Reaching safepoint: 34762 ns, Cleanup: 18757 ns, At safepoint: 17117 ns, Total: 70636 ns
[2025-05-29T04:00:44.964+0000][71][info ][safepoint   ] Safepoint "Cleanup", Time since last: 3001246413 ns, Reaching safepoint: 32858 ns, Cleanup: 18040 ns, At safepoint: 14874 ns, Total: 65772 ns
[2025-05-29T04:01:05.966+0000][71][info ][safepoint   ] Safepoint "Cleanup", Time since last: 21004109214 ns, Reaching safepoint: 34888 ns, Cleanup: 16869 ns, At safepoint: 10604 ns, Total: 62361 ns
[2025-05-29T04:01:08.270+0000][71][info ][safepoint   ] Safepoint "Cleanup", Time since last: 2304059402 ns, Reaching safepoint: 32068 ns, Cleanup: 21969 ns, At safepoint: 14093 ns, Total: 68130 ns
[2025-05-29T04:01:09.271+0000][71][info ][safepoint   ] Safepoint "Cleanup", Time since last: 1000762167 ns, Reaching safepoint: 34366 ns, Cleanup: 17138 ns, At safepoint: 17734 ns, Total: 69238 ns
[2025-05-29T04:01:41.382+0000][71][info ][safepoint   ] Safepoint "Cleanup", Time since last: 32112759908 ns, Reaching safepoint: 93161 ns, Cleanup: 6679 ns, At safepoint: 40798 ns, Total: 140638 ns
[2025-05-29T04:01:42.996+0000][71][info ][safepoint   ] Safepoint "Cleanup", Time since last: 1613799377 ns, Reaching safepoint: 31514 ns, Cleanup: 18256 ns, At safepoint: 13876 ns, Total: 63646 ns
[2025-05-29T04:01:43.997+0000][71][info ][safepoint   ] Safepoint "Cleanup", Time since last: 1000740833 ns, Reaching safepoint: 17995 ns, Cleanup: 11700 ns, At safepoint: 7286 ns, Total: 36981 ns
[2025-05-29T04:01:48.995+0000][71][info ][safepoint   ] Safepoint "Cleanup", Time since last: 5001321409 ns, Reaching safepoint: 27430 ns, Cleanup: 14277 ns, At safepoint: 39734 ns, Total: 81441 ns
[2025-05-29T04:01:53.997+0000][71][info ][safepoint   ] Safepoint "Cleanup", Time since last: 5001612542 ns, Reaching safepoint: 75757 ns, Cleanup: 18047 ns, At safepoint: 16972 ns, Total: 110776 ns
[2025-05-29T04:02:03.999+0000][71][info ][safepoint   ] Safepoint "Cleanup", Time since last: 10002145444 ns, Reaching safepoint: 32952 ns, Cleanup: 15615 ns, At safepoint: 14623 ns, Total: 63190 ns
[2025-05-29T04:02:19.307+0000][71][info ][safepoint   ] Safepoint "Cleanup", Time since last: 15309561841 ns, Reaching safepoint: 20165 ns, Cleanup: 13681 ns, At safepoint: 8179 ns, Total: 42025 ns
[2025-05-29T04:02:26.308+0000][71][info ][safepoint   ] Safepoint "Cleanup", Time since last: 7001466263 ns, Reaching safepoint: 50874 ns, Cleanup: 13744 ns, At safepoint: 9001 ns, Total: 73619 ns
[2025-05-29T04:02:27.309+0000][71][info ][safepoint   ] Safepoint "Cleanup", Time since last: 1000525682 ns, Reaching safepoint: 18317 ns, Cleanup: 11620 ns, At safepoint: 7121 ns, Total: 37058 ns
[2025-05-29T04:02:38.346+0000][71][info ][safepoint   ] Safepoint "Cleanup", Time since last: 11036550584 ns, Reaching safepoint: 6377 ns, Cleanup: 7647 ns, At safepoint: 3813 ns, Total: 17837 ns
[2025-05-29T04:02:40.021+0000][71][info ][safepoint   ] Safepoint "Cleanup", Time since last: 1675247241 ns, Reaching safepoint: 72412 ns, Cleanup: 27313 ns, At safepoint: 14780 ns, Total: 114505 ns
[2025-05-29T04:02:44.406+0000][71][info ][safepoint   ] Safepoint "Cleanup", Time since last: 4384455693 ns, Reaching safepoint: 33519 ns, Cleanup: 15694 ns, At safepoint: 85104 ns, Total: 134317 ns
[2025-05-29T04:02:46.107+0000][71][info ][safepoint   ] Safepoint "Cleanup", Time since last: 1701002891 ns, Reaching safepoint: 39280 ns, Cleanup: 20516 ns, At safepoint: 17223 ns, Total: 77019 ns
[2025-05-29T04:02:51.106+0000][71][info ][safepoint   ] Safepoint "Cleanup", Time since last: 5001521958 ns, Reaching safepoint: 35113 ns, Cleanup: 21427 ns, At safepoint: 16340 ns, Total: 72880 ns
[2025-05-29T04:03:08.345+0000][71][info ][safepoint   ] Safepoint "Cleanup", Time since last: 17238643638 ns, Reaching safepoint: 32935 ns, Cleanup: 21635 ns, At safepoint: 14221 ns, Total: 68791 ns
[2025-05-29T04:03:20.345+0000][71][info ][safepoint   ] Safepoint "Cleanup", Time since last: 12003095383 ns, Reaching safepoint: 79912 ns, Cleanup: 17334 ns, At safepoint: 15624 ns, Total: 112870 ns
[2025-05-29T04:03:29.347+0000][71][info ][safepoint   ] Safepoint "Cleanup", Time since last: 9001951837 ns, Reaching safepoint: 75585 ns, Cleanup: 18855 ns, At safepoint: 16609 ns, Total: 111049 ns
[2025-05-29T04:03:32.349+0000][71][info ][safepoint   ] Safepoint "Cleanup", Time since last: 3001180467 ns, Reaching safepoint: 34019 ns, Cleanup: 18284 ns, At safepoint: 14431 ns, Total: 66734 ns
[2025-05-29T04:03:39.350+0000][71][info ][safepoint   ] Safepoint "Cleanup", Time since last: 7001768984 ns, Reaching safepoint: 32518 ns, Cleanup: 24413 ns, At safepoint: 15361 ns, Total: 72292 ns
[2025-05-29T04:03:43.352+0000][71][info ][safepoint   ] Safepoint "Cleanup", Time since last: 4001342271 ns, Reaching safepoint: 75218 ns, Cleanup: 20224 ns, At safepoint: 16354 ns, Total: 111796 ns
[2025-05-29T04:03:46.353+0000][71][info ][safepoint   ] Safepoint "Cleanup", Time since last: 3001135799 ns, Reaching safepoint: 89427 ns, Cleanup: 16962 ns, At safepoint: 16059 ns, Total: 122448 ns
[2025-05-29T04:03:47.352+0000][71][info ][safepoint   ] Safepoint "Cleanup", Time since last: 1000769596 ns, Reaching safepoint: 17210 ns, Cleanup: 10350 ns, At safepoint: 6952 ns, Total: 34512 ns
[2025-05-29T04:03:49.159+0000][71][info ][safepoint   ] Safepoint "Cleanup", Time since last: 1807312187 ns, Reaching safepoint: 31744 ns, Cleanup: 110164 ns, At safepoint: 76393 ns, Total: 218301 ns
[2025-05-29T04:04:03.163+0000][71][info ][safepoint   ] Safepoint "Cleanup", Time since last: 14003034076 ns, Reaching safepoint: 69674 ns, Cleanup: 15911 ns, At safepoint: 14908 ns, Total: 100493 ns
[2025-05-29T04:04:08.382+0000][71][info ][safepoint   ] Safepoint "Cleanup", Time since last: 5219700155 ns, Reaching safepoint: 18711 ns, Cleanup: 13788 ns, At safepoint: 7705 ns, Total: 40204 ns
[2025-05-29T04:04:11.384+0000][71][info ][safepoint   ] Safepoint "Cleanup", Time since last: 3001266348 ns, Reaching safepoint: 42060 ns, Cleanup: 12608 ns, At safepoint: 7876 ns, Total: 62544 ns
[2025-05-29T04:04:13.385+0000][71][info ][safepoint   ] Safepoint "Cleanup", Time since last: 2001116492 ns, Reaching safepoint: 33550 ns, Cleanup: 16649 ns, At safepoint: 16113 ns, Total: 66312 ns
[2025-05-29T04:04:14.386+0000][71][info ][safepoint   ] Safepoint "Cleanup", Time since last: 1000646884 ns, Reaching safepoint: 33070 ns, Cleanup: 15671 ns, At safepoint: 14387 ns, Total: 63128 ns
[2025-05-29T04:04:15.387+0000][71][info ][safepoint   ] Safepoint "Cleanup", Time since last: 1000911139 ns, Reaching safepoint: 31860 ns, Cleanup: 17128 ns, At safepoint: 14683 ns, Total: 63671 ns
[2025-05-29T04:04:24.386+0000][71][info ][safepoint   ] Safepoint "Cleanup", Time since last: 9002175906 ns, Reaching safepoint: 34053 ns, Cleanup: 18838 ns, At safepoint: 15408 ns, Total: 68299 ns
[2025-05-29T04:04:39.390+0000][71][info ][safepoint   ] Safepoint "Cleanup", Time since last: 15003331690 ns, Reaching safepoint: 34358 ns, Cleanup: 16814 ns, At safepoint: 14740 ns, Total: 65912 ns
[2025-05-29T04:04:43.391+0000][71][info ][safepoint   ] Safepoint "Cleanup", Time since last: 4001252562 ns, Reaching safepoint: 45226 ns, Cleanup: 13866 ns, At safepoint: 7683 ns, Total: 66775 ns
[2025-05-29T04:04:44.392+0000][71][info ][safepoint   ] Safepoint "Cleanup", Time since last: 1000623500 ns, Reaching safepoint: 34017 ns, Cleanup: 16257 ns, At safepoint: 14793 ns, Total: 65067 ns
[2025-05-29T04:04:47.390+0000][71][info ][safepoint   ] Safepoint "Cleanup", Time since last: 3001043465 ns, Reaching safepoint: 33064 ns, Cleanup: 21045 ns, At safepoint: 14951 ns, Total: 69060 ns
[2025-05-29T04:04:49.392+0000][71][info ][safepoint   ] Safepoint "Cleanup", Time since last: 2001026803 ns, Reaching safepoint: 35869 ns, Cleanup: 18253 ns, At safepoint: 17447 ns, Total: 71569 ns
[2025-05-29T04:04:51.180+0000][71][info ][safepoint   ] Safepoint "Cleanup", Time since last: 1787843196 ns, Reaching safepoint: 14797 ns, Cleanup: 11777 ns, At safepoint: 65563 ns, Total: 92137 ns
[2025-05-29T04:05:04.196+0000][71][info ][safepoint   ] Safepoint "Cleanup", Time since last: 13016652282 ns, Reaching safepoint: 69473 ns, Cleanup: 17848 ns, At safepoint: 15191 ns, Total: 102512 ns
[2025-05-29T04:05:06.197+0000][71][info ][safepoint   ] Safepoint "Cleanup", Time since last: 2001014374 ns, Reaching safepoint: 32633 ns, Cleanup: 19275 ns, At safepoint: 16278 ns, Total: 68186 ns
[2025-05-29T04:05:08.424+0000][71][info ][safepoint   ] Safepoint "Cleanup", Time since last: 2226302240 ns, Reaching safepoint: 18928 ns, Cleanup: 14142 ns, At safepoint: 7133 ns, Total: 40203 ns
[2025-05-29T04:05:16.426+0000][71][info ][safepoint   ] Safepoint "Cleanup", Time since last: 8001954352 ns, Reaching safepoint: 72937 ns, Cleanup: 15893 ns, At safepoint: 16288 ns, Total: 105118 ns
[2025-05-29T04:05:45.430+0000][71][info ][safepoint   ] Safepoint "Cleanup", Time since last: 29006419122 ns, Reaching safepoint: 246899 ns, Cleanup: 14810 ns, At safepoint: 81236 ns, Total: 342945 ns
[2025-05-29T04:05:53.359+0000][71][info ][safepoint   ] Safepoint "Cleanup", Time since last: 7931670505 ns, Reaching safepoint: 230183 ns, Cleanup: 11564 ns, At safepoint: 53767 ns, Total: 295514 ns
[2025-05-29T04:05:55.229+0000][71][info ][safepoint   ] Safepoint "Cleanup", Time since last: 1869351528 ns, Reaching safepoint: 31188 ns, Cleanup: 20781 ns, At safepoint: 14376 ns, Total: 66345 ns
[2025-05-29T04:06:08.460+0000][71][info ][safepoint   ] Safepoint "Cleanup", Time since last: 13230647792 ns, Reaching safepoint: 19114 ns, Cleanup: 13063 ns, At safepoint: 8490 ns, Total: 40667 ns
[2025-05-29T04:06:09.460+0000][71][info ][safepoint   ] Safepoint "Cleanup", Time since last: 1000761663 ns, Reaching safepoint: 37742 ns, Cleanup: 20296 ns, At safepoint: 18337 ns, Total: 76375 ns
[2025-05-29T04:06:13.462+0000][71][info ][safepoint   ] Safepoint "Cleanup", Time since last: 4001279880 ns, Reaching safepoint: 53836 ns, Cleanup: 15759 ns, At safepoint: 29357 ns, Total: 98952 ns
[2025-05-29T04:06:25.463+0000][71][info ][safepoint   ] Safepoint "Cleanup", Time since last: 12002691757 ns, Reaching safepoint: 31891 ns, Cleanup: 15632 ns, At safepoint: 15047 ns, Total: 62570 ns
[2025-05-29T04:06:42.467+0000][71][info ][safepoint   ] Safepoint "Cleanup", Time since last: 17003797996 ns, Reaching safepoint: 31753 ns, Cleanup: 18095 ns, At safepoint: 13918 ns, Total: 63766 ns
[2025-05-29T04:06:43.470+0000][71][info ][safepoint   ] Safepoint "Cleanup", Time since last: 1000883661 ns, Reaching safepoint: 2285768 ns, Cleanup: 20096 ns, At safepoint: 121268 ns, Total: 2427132 ns
[2025-05-29T04:06:44.471+0000][71][info ][safepoint   ] Safepoint "Cleanup", Time since last: 1000668904 ns, Reaching safepoint: 44826 ns, Cleanup: 12022 ns, At safepoint: 8126 ns, Total: 64974 ns
[2025-05-29T04:06:45.471+0000][71][info ][safepoint   ] Safepoint "Cleanup", Time since last: 1000790401 ns, Reaching safepoint: 32735 ns, Cleanup: 15105 ns, At safepoint: 15053 ns, Total: 62893 ns
[2025-05-29T04:06:53.471+0000][71][info ][safepoint   ] Safepoint "Cleanup", Time since last: 8001936182 ns, Reaching safepoint: 17345 ns, Cleanup: 11462 ns, At safepoint: 7401 ns, Total: 36208 ns
[2025-05-29T04:06:56.339+0000][71][info ][safepoint   ] Safepoint "Cleanup", Time since last: 2867271973 ns, Reaching safepoint: 599424 ns, Cleanup: 13605 ns, At safepoint: 136288 ns, Total: 749317 ns
[2025-05-29T04:06:58.289+0000][71][info ][safepoint   ] Safepoint "Cleanup", Time since last: 1949425496 ns, Reaching safepoint: 17926 ns, Cleanup: 12639 ns, At safepoint: 7234 ns, Total: 37799 ns
[2025-05-29T04:07:08.338+0000][71][info ][safepoint   ] Safepoint "Cleanup", Time since last: 10048842112 ns, Reaching safepoint: 16814 ns, Cleanup: 26554 ns, At safepoint: 46912 ns, Total: 90280 ns
[2025-05-29T04:07:10.319+0000][71][info ][safepoint   ] Safepoint "Cleanup", Time since last: 1980593795 ns, Reaching safepoint: 19212 ns, Cleanup: 98321 ns, At safepoint: 8997 ns, Total: 126530 ns
[2025-05-29T04:07:13.508+0000][71][info ][safepoint   ] Safepoint "Cleanup", Time since last: 3189711172 ns, Reaching safepoint: 25952 ns, Cleanup: 17436 ns, At safepoint: 65358 ns, Total: 108746 ns
[2025-05-29T04:07:15.358+0000][71][info ][safepoint   ] Safepoint "Cleanup", Time since last: 1849468703 ns, Reaching safepoint: 50437 ns, Cleanup: 44024 ns, At safepoint: 66151 ns, Total: 160612 ns
[2025-05-29T04:07:16.364+0000][71][info ][safepoint   ] Safepoint "Cleanup", Time since last: 1005964429 ns, Reaching safepoint: 43590 ns, Cleanup: 19122 ns, At safepoint: 15783 ns, Total: 78495 ns
[2025-05-29T04:07:18.361+0000][71][info ][safepoint   ] Safepoint "Cleanup", Time since last: 1999460647 ns, Reaching safepoint: 20459 ns, Cleanup: 16653 ns, At safepoint: 8970 ns, Total: 46082 ns
[2025-05-29T04:07:26.397+0000][71][info ][safepoint   ] Safepoint "Cleanup", Time since last: 8036543795 ns, Reaching safepoint: 89809 ns, Cleanup: 17199 ns, At safepoint: 18345 ns, Total: 125353 ns
[2025-05-29T04:07:35.400+0000][71][info ][safepoint   ] Safepoint "Cleanup", Time since last: 9002310940 ns, Reaching safepoint: 43607 ns, Cleanup: 15715 ns, At safepoint: 7299 ns, Total: 66621 ns
[2025-05-29T04:07:38.401+0000][71][info ][safepoint   ] Safepoint "Cleanup", Time since last: 3001250247 ns, Reaching safepoint: 32702 ns, Cleanup: 15521 ns, At safepoint: 15337 ns, Total: 63560 ns
[2025-05-29T04:07:39.402+0000][71][info ][safepoint   ] Safepoint "Cleanup", Time since last: 1000834699 ns, Reaching safepoint: 32605 ns, Cleanup: 15998 ns, At safepoint: 14388 ns, Total: 62991 ns
[2025-05-29T04:07:41.362+0000][71][info ][safepoint   ] Safepoint "Cleanup", Time since last: 1959822228 ns, Reaching safepoint: 6005 ns, Cleanup: 19279 ns, At safepoint: 26435 ns, Total: 51719 ns
[2025-05-29T04:07:42.393+0000][71][info ][safepoint   ] Safepoint "Cleanup", Time since last: 1030554954 ns, Reaching safepoint: 33393 ns, Cleanup: 20638 ns, At safepoint: 14758 ns, Total: 68789 ns
[2025-05-29T04:07:44.327+0000][71][info ][safepoint   ] Safepoint "Cleanup", Time since last: 1934264466 ns, Reaching safepoint: 28919 ns, Cleanup: 19868 ns, At safepoint: 74531 ns, Total: 123318 ns
[2025-05-29T04:07:45.357+0000][71][info ][safepoint   ] Safepoint "Cleanup", Time since last: 1029864783 ns, Reaching safepoint: 33227 ns, Cleanup: 109599 ns, At safepoint: 18422 ns, Total: 161248 ns
[2025-05-29T04:07:49.356+0000][71][info ][safepoint   ] Safepoint "Cleanup", Time since last: 4001342863 ns, Reaching safepoint: 151060 ns, Cleanup: 33946 ns, At safepoint: 20106 ns, Total: 205112 ns
[2025-05-29T04:07:54.358+0000][71][info ][safepoint   ] Safepoint "Cleanup", Time since last: 5001519074 ns, Reaching safepoint: 32151 ns, Cleanup: 15413 ns, At safepoint: 14476 ns, Total: 62040 ns
[2025-05-29T04:07:59.359+0000][71][info ][safepoint   ] Safepoint "Cleanup", Time since last: 5001405473 ns, Reaching safepoint: 34891 ns, Cleanup: 19758 ns, At safepoint: 131210 ns, Total: 185859 ns
[2025-05-29T04:08:00.459+0000][71][info ][safepoint   ] Safepoint "Cleanup", Time since last: 1099700549 ns, Reaching safepoint: 20560 ns, Cleanup: 50219 ns, At safepoint: 64250 ns, Total: 135029 ns
[2025-05-29T04:08:03.363+0000][71][info ][safepoint   ] Safepoint "Cleanup", Time since last: 2903862428 ns, Reaching safepoint: 117178 ns, Cleanup: 13374 ns, At safepoint: 67875 ns, Total: 198427 ns
[2025-05-29T04:08:04.392+0000][71][info ][safepoint   ] Safepoint "Cleanup", Time since last: 1028407179 ns, Reaching safepoint: 32789 ns, Cleanup: 16900 ns, At safepoint: 14831 ns, Total: 64520 ns
[2025-05-29T04:08:08.535+0000][71][info ][safepoint   ] Safepoint "Cleanup", Time since last: 4142734068 ns, Reaching safepoint: 31586 ns, Cleanup: 24536 ns, At safepoint: 13677 ns, Total: 69799 ns
[2025-05-29T04:08:13.536+0000][71][info ][safepoint   ] Safepoint "Cleanup", Time since last: 5001337580 ns, Reaching safepoint: 34740 ns, Cleanup: 18006 ns, At safepoint: 16396 ns, Total: 69142 ns
[2025-05-29T04:08:18.535+0000][71][info ][safepoint   ] Safepoint "Cleanup", Time since last: 5001384765 ns, Reaching safepoint: 49337 ns, Cleanup: 15017 ns, At safepoint: 7916 ns, Total: 72270 ns
[2025-05-29T04:08:33.539+0000][71][info ][safepoint   ] Safepoint "Cleanup", Time since last: 15003630966 ns, Reaching safepoint: 251012 ns, Cleanup: 15374 ns, At safepoint: 16181 ns, Total: 282567 ns
[2025-05-29T04:08:43.542+0000][71][info ][safepoint   ] Safepoint "Cleanup", Time since last: 10002756461 ns, Reaching safepoint: 35182 ns, Cleanup: 16365 ns, At safepoint: 14972 ns, Total: 66519 ns
[2025-05-29T04:09:03.515+0000][71][info ][safepoint   ] Safepoint "Cleanup", Time since last: 19974886242 ns, Reaching safepoint: 71428 ns, Cleanup: 14667 ns, At safepoint: 15341 ns, Total: 101436 ns
[2025-05-29T04:09:08.570+0000][71][info ][safepoint   ] Safepoint "Cleanup", Time since last: 5055307132 ns, Reaching safepoint: 33645 ns, Cleanup: 27735 ns, At safepoint: 15275 ns, Total: 76655 ns
[2025-05-29T04:09:16.572+0000][71][info ][safepoint   ] Safepoint "Cleanup", Time since last: 8002136360 ns, Reaching safepoint: 32685 ns, Cleanup: 15589 ns, At safepoint: 14123 ns, Total: 62397 ns
[2025-05-29T04:09:45.577+0000][71][info ][safepoint   ] Safepoint "Cleanup", Time since last: 29006350284 ns, Reaching safepoint: 69501 ns, Cleanup: 16908 ns, At safepoint: 14670 ns, Total: 101079 ns
[2025-05-29T04:10:03.578+0000][71][info ][safepoint   ] Safepoint "Cleanup", Time since last: 18003843399 ns, Reaching safepoint: 36392 ns, Cleanup: 22110 ns, At safepoint: 15007 ns, Total: 73509 ns
[2025-05-29T04:10:05.357+0000][71][info ][safepoint   ] Safepoint "Cleanup", Time since last: 1779089215 ns, Reaching safepoint: 28251 ns, Cleanup: 12274 ns, At safepoint: 66996 ns, Total: 107521 ns
[2025-05-29T04:10:06.570+0000][71][info ][safepoint   ] Safepoint "Cleanup", Time since last: 1212992742 ns, Reaching safepoint: 33001 ns, Cleanup: 16284 ns, At safepoint: 14521 ns, Total: 63806 ns
[2025-05-29T04:10:13.607+0000][71][info ][safepoint   ] Safepoint "Cleanup", Time since last: 7036759538 ns, Reaching safepoint: 33350 ns, Cleanup: 19042 ns, At safepoint: 14415 ns, Total: 66807 ns
[2025-05-29T04:10:50.610+0000][71][info ][safepoint   ] Safepoint "Cleanup", Time since last: 37006799374 ns, Reaching safepoint: 165141 ns, Cleanup: 17509 ns, At safepoint: 24384 ns, Total: 207034 ns
[2025-05-29T04:11:05.614+0000][71][info ][safepoint   ] Safepoint "Cleanup", Time since last: 15004509498 ns, Reaching safepoint: 59349 ns, Cleanup: 15508 ns, At safepoint: 13403 ns, Total: 88260 ns
[2025-05-29T04:11:08.363+0000][71][info ][safepoint   ] Safepoint "Cleanup", Time since last: 2748713288 ns, Reaching safepoint: 6162 ns, Cleanup: 7200 ns, At safepoint: 2972 ns, Total: 16334 ns
[2025-05-29T04:11:09.620+0000][71][info ][safepoint   ] Safepoint "Cleanup", Time since last: 1256515705 ns, Reaching safepoint: 36168 ns, Cleanup: 17325 ns, At safepoint: 17907 ns, Total: 71400 ns
[2025-05-29T04:11:37.623+0000][71][info ][safepoint   ] Safepoint "Cleanup", Time since last: 28005694963 ns, Reaching safepoint: 68991 ns, Cleanup: 15534 ns, At safepoint: 30441 ns, Total: 114966 ns
[2025-05-29T04:11:59.626+0000][71][info ][safepoint   ] Safepoint "Cleanup", Time since last: 22004847665 ns, Reaching safepoint: 86957 ns, Cleanup: 19804 ns, At safepoint: 17401 ns, Total: 124162 ns
[2025-05-29T04:12:11.357+0000][71][info ][safepoint   ] Safepoint "Cleanup", Time since last: 11731405464 ns, Reaching safepoint: 6600 ns, Cleanup: 7087 ns, At safepoint: 13652 ns, Total: 27339 ns
[2025-05-29T04:12:12.660+0000][71][info ][safepoint   ] Safepoint "Cleanup", Time since last: 1302729041 ns, Reaching safepoint: 31649 ns, Cleanup: 17590 ns, At safepoint: 14726 ns, Total: 63965 ns
[2025-05-29T04:12:14.661+0000][71][info ][safepoint   ] Safepoint "Cleanup", Time since last: 2000718225 ns, Reaching safepoint: 25837 ns, Cleanup: 18477 ns, At safepoint: 9908 ns, Total: 54222 ns
[2025-05-29T04:12:41.478+0000][71][info ][safepoint   ] Safepoint "Cleanup", Time since last: 26819080041 ns, Reaching safepoint: 158346 ns, Cleanup: 22101 ns, At safepoint: 78522 ns, Total: 258969 ns
[2025-05-29T04:12:42.695+0000][71][info ][safepoint   ] Safepoint "Cleanup", Time since last: 1216520503 ns, Reaching safepoint: 175446 ns, Cleanup: 12588 ns, At safepoint: 35707 ns, Total: 223741 ns
[2025-05-29T04:12:43.702+0000][71][info ][safepoint   ] Safepoint "Cleanup", Time since last: 1007076963 ns, Reaching safepoint: 34720 ns, Cleanup: 16086 ns, At safepoint: 16132 ns, Total: 66938 ns
[2025-05-29T04:13:05.728+0000][71][info ][safepoint   ] Safepoint "Cleanup", Time since last: 22028201639 ns, Reaching safepoint: 33596 ns, Cleanup: 16119 ns, At safepoint: 14707 ns, Total: 64422 ns
[2025-05-29T04:13:11.501+0000][71][info ][safepoint   ] Safepoint "Cleanup", Time since last: 5772950881 ns, Reaching safepoint: 6591 ns, Cleanup: 7547 ns, At safepoint: 2882 ns, Total: 17020 ns
[2025-05-29T04:13:12.779+0000][71][info ][safepoint   ] Safepoint "Cleanup", Time since last: 1278113831 ns, Reaching safepoint: 27497 ns, Cleanup: 26510 ns, At safepoint: 11890 ns, Total: 65897 ns
[2025-05-29T04:13:14.515+0000][71][info ][safepoint   ] Safepoint "Cleanup", Time since last: 1735613432 ns, Reaching safepoint: 31667 ns, Cleanup: 21090 ns, At safepoint: 14278 ns, Total: 67035 ns
[2025-05-29T04:13:20.514+0000][71][info ][safepoint   ] Safepoint "Cleanup", Time since last: 6001770139 ns, Reaching safepoint: 20421 ns, Cleanup: 14544 ns, At safepoint: 8598 ns, Total: 43563 ns
[2025-05-29T04:13:53.518+0000][71][info ][safepoint   ] Safepoint "Cleanup", Time since last: 33006554310 ns, Reaching safepoint: 72224 ns, Cleanup: 15678 ns, At safepoint: 14555 ns, Total: 102457 ns
[2025-05-29T04:14:05.521+0000][71][info ][safepoint   ] Safepoint "Cleanup", Time since last: 12002734565 ns, Reaching safepoint: 63288 ns, Cleanup: 14949 ns, At safepoint: 16679 ns, Total: 94916 ns
[2025-05-29T04:14:14.474+0000][71][info ][safepoint   ] Safepoint "Cleanup", Time since last: 8952716705 ns, Reaching safepoint: 6311 ns, Cleanup: 8181 ns, At safepoint: 13223 ns, Total: 27715 ns
[2025-05-29T04:14:20.822+0000][71][info ][safepoint   ] Safepoint "Cleanup", Time since last: 6350539468 ns, Reaching safepoint: 38080 ns, Cleanup: 19767 ns, At safepoint: 66697 ns, Total: 124544 ns
[2025-05-29T04:14:38.826+0000][71][info ][safepoint   ] Safepoint "Cleanup", Time since last: 18003289191 ns, Reaching safepoint: 78781 ns, Cleanup: 22595 ns, At safepoint: 15788 ns, Total: 117164 ns
[2025-05-29T04:15:07.783+0000][71][info ][safepoint   ] Safepoint "Cleanup", Time since last: 28958810836 ns, Reaching safepoint: 27694 ns, Cleanup: 9487 ns, At safepoint: 2849 ns, Total: 40030 ns
[2025-05-29T04:15:17.479+0000][71][info ][safepoint   ] Safepoint "Cleanup", Time since last: 9698820062 ns, Reaching safepoint: 6868 ns, Cleanup: 8684 ns, At safepoint: 23506 ns, Total: 39058 ns
[2025-05-29T04:15:18.878+0000][71][info ][safepoint   ] Safepoint "Cleanup", Time since last: 1399179753 ns, Reaching safepoint: 21368 ns, Cleanup: 17464 ns, At safepoint: 9501 ns, Total: 48333 ns
[2025-05-29T04:15:38.882+0000][71][info ][safepoint   ] Safepoint "Cleanup", Time since last: 20003493287 ns, Reaching safepoint: 154925 ns, Cleanup: 21965 ns, At safepoint: 22484 ns, Total: 199374 ns
[2025-05-29T04:15:41.883+0000][71][info ][safepoint   ] Safepoint "Cleanup", Time since last: 3001051387 ns, Reaching safepoint: 307968 ns, Cleanup: 17522 ns, At safepoint: 33828 ns, Total: 359318 ns
[2025-05-29T04:16:07.820+0000][71][info ][safepoint   ] Safepoint "Cleanup", Time since last: 25938413050 ns, Reaching safepoint: 62594 ns, Cleanup: 21525 ns, At safepoint: 12886 ns, Total: 97005 ns
[2025-05-29T04:16:08.821+0000][71][info ][safepoint   ] Safepoint "Cleanup", Time since last: 1001000208 ns, Reaching safepoint: 19626 ns, Cleanup: 15049 ns, At safepoint: 8102 ns, Total: 42777 ns
[2025-05-29T04:16:13.822+0000][71][info ][safepoint   ] Safepoint "Cleanup", Time since last: 5001297945 ns, Reaching safepoint: 154448 ns, Cleanup: 18292 ns, At safepoint: 17440 ns, Total: 190180 ns
[2025-05-29T04:16:18.821+0000][71][info ][safepoint   ] Safepoint "Cleanup", Time since last: 5001488843 ns, Reaching safepoint: 27477 ns, Cleanup: 14643 ns, At safepoint: 11270 ns, Total: 53390 ns
[2025-05-29T04:16:42.928+0000][71][info ][safepoint   ] Safepoint "Cleanup", Time since last: 24106167591 ns, Reaching safepoint: 53461 ns, Cleanup: 13417 ns, At safepoint: 7861 ns, Total: 74739 ns
[2025-05-29T04:16:43.929+0000][71][info ][safepoint   ] Safepoint "Cleanup", Time since last: 1000661433 ns, Reaching safepoint: 68189 ns, Cleanup: 106756 ns, At safepoint: 27446 ns, Total: 202391 ns
[2025-05-29T04:17:05.931+0000][71][info ][safepoint   ] Safepoint "Cleanup", Time since last: 22004467768 ns, Reaching safepoint: 75781 ns, Cleanup: 15806 ns, At safepoint: 16470 ns, Total: 108057 ns
[2025-05-29T04:17:07.854+0000][71][info ][safepoint   ] Safepoint "Cleanup", Time since last: 1923237384 ns, Reaching safepoint: 12563 ns, Cleanup: 19390 ns, At safepoint: 10083 ns, Total: 42036 ns
[2025-05-29T04:17:23.473+0000][71][info ][safepoint   ] Safepoint "Cleanup", Time since last: 15621478681 ns, Reaching safepoint: 7086 ns, Cleanup: 9651 ns, At safepoint: 25098 ns, Total: 41835 ns
[2025-05-29T04:17:37.988+0000][71][info ][safepoint   ] Safepoint "Cleanup", Time since last: 14514249511 ns, Reaching safepoint: 126778 ns, Cleanup: 16307 ns, At safepoint: 26497 ns, Total: 169582 ns
[2025-05-29T04:17:44.461+0000][71][info ][safepoint   ] Safepoint "Cleanup", Time since last: 6472851909 ns, Reaching safepoint: 6562 ns, Cleanup: 6936 ns, At safepoint: 12697 ns, Total: 26195 ns
[2025-05-29T04:17:46.003+0000][71][info ][safepoint   ] Safepoint "Cleanup", Time since last: 1542427231 ns, Reaching safepoint: 74206 ns, Cleanup: 23271 ns, At safepoint: 15455 ns, Total: 112932 ns
[2025-05-29T04:17:47.029+0000][71][info ][safepoint   ] Safepoint "Cleanup", Time since last: 1028499703 ns, Reaching safepoint: 32793 ns, Cleanup: 14143 ns, At safepoint: 8414 ns, Total: 55350 ns
[2025-05-29T04:17:49.029+0000][71][info ][safepoint   ] Safepoint "Cleanup", Time since last: 2000649415 ns, Reaching safepoint: 20510 ns, Cleanup: 14048 ns, At safepoint: 7932 ns, Total: 42490 ns
[2025-05-29T04:17:50.031+0000][71][info ][safepoint   ] Safepoint "Cleanup", Time since last: 1001133360 ns, Reaching safepoint: 33785 ns, Cleanup: 18954 ns, At safepoint: 14477 ns, Total: 67216 ns
[2025-05-29T04:18:07.895+0000][71][info ][safepoint   ] Safepoint "Cleanup", Time since last: 17863698524 ns, Reaching safepoint: 102012 ns, Cleanup: 13435 ns, At safepoint: 13092 ns, Total: 128539 ns
[2025-05-29T04:18:08.896+0000][71][info ][safepoint   ] Safepoint "Cleanup", Time since last: 1001001297 ns, Reaching safepoint: 31762 ns, Cleanup: 27088 ns, At safepoint: 14024 ns, Total: 72874 ns
[2025-05-29T04:18:12.897+0000][71][info ][safepoint   ] Safepoint "Cleanup", Time since last: 4001329828 ns, Reaching safepoint: 30697 ns, Cleanup: 16051 ns, At safepoint: 11963 ns, Total: 58711 ns
[2025-05-29T04:18:14.707+0000][71][info ][safepoint   ] Safepoint "Cleanup", Time since last: 1809867456 ns, Reaching safepoint: 19700 ns, Cleanup: 54183 ns, At safepoint: 8268 ns, Total: 82151 ns
[2025-05-29T04:18:26.490+0000][71][info ][safepoint   ] Safepoint "Cleanup", Time since last: 11784539685 ns, Reaching safepoint: 11469 ns, Cleanup: 9346 ns, At safepoint: 16625 ns, Total: 37440 ns
[2025-05-29T04:18:39.068+0000][71][info ][safepoint   ] Safepoint "Cleanup", Time since last: 12577842809 ns, Reaching safepoint: 43807 ns, Cleanup: 13611 ns, At safepoint: 8197 ns, Total: 65615 ns
[2025-05-29T04:19:07.933+0000][71][info ][safepoint   ] Safepoint "Cleanup", Time since last: 28868193898 ns, Reaching safepoint: 28506 ns, Cleanup: 16785 ns, At safepoint: 3056 ns, Total: 48347 ns
[2025-05-29T04:19:28.936+0000][71][info ][safepoint   ] Safepoint "Cleanup", Time since last: 21004034621 ns, Reaching safepoint: 69927 ns, Cleanup: 16170 ns, At safepoint: 14872 ns, Total: 100969 ns
[2025-05-29T04:19:30.091+0000][71][info ][safepoint   ] Safepoint "Cleanup", Time since last: 1155588558 ns, Reaching safepoint: 6865 ns, Cleanup: 9695 ns, At safepoint: 2970 ns, Total: 19530 ns
[2025-05-29T04:19:54.130+0000][71][info ][safepoint   ] Safepoint "Cleanup", Time since last: 24041074597 ns, Reaching safepoint: 79863 ns, Cleanup: 23013 ns, At safepoint: 19222 ns, Total: 122098 ns
[2025-05-29T04:20:07.971+0000][71][info ][safepoint   ] Safepoint "Cleanup", Time since last: 13840974161 ns, Reaching safepoint: 51486 ns, Cleanup: 14486 ns, At safepoint: 12562 ns, Total: 78534 ns
[2025-05-29T04:20:26.973+0000][71][info ][safepoint   ] Safepoint "Cleanup", Time since last: 19003964482 ns, Reaching safepoint: 110374 ns, Cleanup: 16440 ns, At safepoint: 17596 ns, Total: 144410 ns
[2025-05-29T04:20:46.170+0000][71][info ][safepoint   ] Safepoint "Cleanup", Time since last: 19196914621 ns, Reaching safepoint: 156694 ns, Cleanup: 19031 ns, At safepoint: 19131 ns, Total: 194856 ns
[2025-05-29T04:21:08.007+0000][71][info ][safepoint   ] Safepoint "Cleanup", Time since last: 21838976175 ns, Reaching safepoint: 47670 ns, Cleanup: 16649 ns, At safepoint: 12123 ns, Total: 76442 ns
[2025-05-29T04:21:35.496+0000][71][info ][safepoint   ] Safepoint "Cleanup", Time since last: 27491847713 ns, Reaching safepoint: 9811 ns, Cleanup: 7912 ns, At safepoint: 12864 ns, Total: 30587 ns
[2025-05-29T04:21:37.215+0000][71][info ][safepoint   ] Safepoint "Cleanup", Time since last: 1718986997 ns, Reaching safepoint: 32698 ns, Cleanup: 20861 ns, At safepoint: 14218 ns, Total: 67777 ns
[2025-05-29T04:21:49.216+0000][71][info ][safepoint   ] Safepoint "Cleanup", Time since last: 12002792807 ns, Reaching safepoint: 32211 ns, Cleanup: 15421 ns, At safepoint: 13939 ns, Total: 61571 ns
[2025-05-29T04:22:15.047+0000][71][info ][safepoint   ] Safepoint "Cleanup", Time since last: 25830962012 ns, Reaching safepoint: 33507 ns, Cleanup: 16024 ns, At safepoint: 15306 ns, Total: 64837 ns
[2025-05-29T04:22:17.473+0000][71][info ][safepoint   ] Safepoint "Cleanup", Time since last: 2428337047 ns, Reaching safepoint: 7022 ns, Cleanup: 7681 ns, At safepoint: 2871 ns, Total: 17574 ns
[2025-05-29T04:22:38.522+0000][71][info ][safepoint   ] Safepoint "Cleanup", Time since last: 21048180844 ns, Reaching safepoint: 17808 ns, Cleanup: 21081 ns, At safepoint: 88137 ns, Total: 127026 ns
[2025-05-29T04:22:47.478+0000][71][info ][safepoint   ] Safepoint "Cleanup", Time since last: 8959708039 ns, Reaching safepoint: 6832 ns, Cleanup: 18501 ns, At safepoint: 13167 ns, Total: 38500 ns
[2025-05-29T04:22:49.314+0000][71][info ][safepoint   ] Safepoint "Cleanup", Time since last: 1835691107 ns, Reaching safepoint: 19864 ns, Cleanup: 31127 ns, At safepoint: 8725 ns, Total: 59716 ns
[2025-05-29T04:23:08.083+0000][71][info ][safepoint   ] Safepoint "Cleanup", Time since last: 18768783537 ns, Reaching safepoint: 24930 ns, Cleanup: 11683 ns, At safepoint: 2844 ns, Total: 39457 ns
[2025-05-29T04:23:14.895+0000][71][info ][safepoint   ] Safepoint "Cleanup", Time since last: 6811953248 ns, Reaching safepoint: 33388 ns, Cleanup: 15819 ns, At safepoint: 14855 ns, Total: 64062 ns
[2025-05-29T04:23:42.399+0000][71][info ][safepoint   ] Safepoint "Cleanup", Time since last: 27506095826 ns, Reaching safepoint: 6647 ns, Cleanup: 8676 ns, At safepoint: 12710 ns, Total: 28033 ns
[2025-05-29T04:23:43.419+0000][71][info ][safepoint   ] Safepoint "Cleanup", Time since last: 1020281864 ns, Reaching safepoint: 6683 ns, Cleanup: 16495 ns, At safepoint: 13231 ns, Total: 36409 ns
[2025-05-29T04:23:45.425+0000][71][info ][safepoint   ] Safepoint "Cleanup", Time since last: 2005959003 ns, Reaching safepoint: 18338 ns, Cleanup: 9405 ns, At safepoint: 6975 ns, Total: 34718 ns
[2025-05-29T04:24:08.124+0000][71][info ][safepoint   ] Safepoint "Cleanup", Time since last: 22700186104 ns, Reaching safepoint: 6625 ns, Cleanup: 10675 ns, At safepoint: 2763 ns, Total: 20063 ns
[2025-05-29T04:24:45.451+0000][71][info ][safepoint   ] Safepoint "Cleanup", Time since last: 37329862823 ns, Reaching safepoint: 34061 ns, Cleanup: 17754 ns, At safepoint: 15074 ns, Total: 66889 ns
[2025-05-29T04:24:46.476+0000][71][info ][safepoint   ] Safepoint "Cleanup", Time since last: 1025329257 ns, Reaching safepoint: 26219 ns, Cleanup: 15960 ns, At safepoint: 13134 ns, Total: 55313 ns
[2025-05-29T04:25:33.165+0000][71][info ][safepoint   ] Safepoint "Cleanup", Time since last: 46692841775 ns, Reaching safepoint: 76166 ns, Cleanup: 17314 ns, At safepoint: 16464 ns, Total: 109944 ns
[2025-05-29T04:25:47.476+0000][71][info ][safepoint   ] Safepoint "Cleanup", Time since last: 14314134819 ns, Reaching safepoint: 7553 ns, Cleanup: 8360 ns, At safepoint: 12905 ns, Total: 28818 ns
[2025-05-29T04:26:08.200+0000][71][info ][safepoint   ] Safepoint "Cleanup", Time since last: 20723294357 ns, Reaching safepoint: 28992 ns, Cleanup: 15414 ns, At safepoint: 65689 ns, Total: 110095 ns
[2025-05-29T04:26:44.205+0000][71][info ][safepoint   ] Safepoint "Cleanup", Time since last: 36007029742 ns, Reaching safepoint: 38049 ns, Cleanup: 18092 ns, At safepoint: 15544 ns, Total: 71685 ns
[2025-05-29T04:26:50.486+0000][71][info ][safepoint   ] Safepoint "Cleanup", Time since last: 6284334081 ns, Reaching safepoint: 22530 ns, Cleanup: 13405 ns, At safepoint: 72332 ns, Total: 108267 ns
[2025-05-29T04:26:51.489+0000][71][info ][safepoint   ] Safepoint "Cleanup", Time since last: 1002246613 ns, Reaching safepoint: 34151 ns, Cleanup: 19080 ns, At safepoint: 15285 ns, Total: 68516 ns
[2025-05-29T04:26:53.563+0000][71][info ][safepoint   ] Safepoint "Cleanup", Time since last: 2074529658 ns, Reaching safepoint: 33011 ns, Cleanup: 15472 ns, At safepoint: 14730 ns, Total: 63213 ns
[2025-05-29T04:26:58.565+0000][71][info ][safepoint   ] Safepoint "Cleanup", Time since last: 5001528938 ns, Reaching safepoint: 42700 ns, Cleanup: 14731 ns, At safepoint: 8861 ns, Total: 66292 ns
[2025-05-29T04:27:08.238+0000][71][info ][safepoint   ] Safepoint "Cleanup", Time since last: 9672562539 ns, Reaching safepoint: 11725 ns, Cleanup: 12848 ns, At safepoint: 14909 ns, Total: 39482 ns
[2025-05-29T04:27:09.241+0000][71][info ][safepoint   ] Safepoint "Cleanup", Time since last: 1003622343 ns, Reaching safepoint: 20980 ns, Cleanup: 12174 ns, At safepoint: 8644 ns, Total: 41798 ns
[2025-05-29T04:27:12.245+0000][71][info ][safepoint   ] Safepoint "Cleanup", Time since last: 3004056446 ns, Reaching safepoint: 132994 ns, Cleanup: 22671 ns, At safepoint: 27165 ns, Total: 182830 ns
[2025-05-29T04:27:33.248+0000][71][info ][safepoint   ] Safepoint "Cleanup", Time since last: 21003982199 ns, Reaching safepoint: 53795 ns, Cleanup: 13122 ns, At safepoint: 10282 ns, Total: 77199 ns
[2025-05-29T04:27:50.438+0000][71][info ][safepoint   ] Safepoint "Cleanup", Time since last: 17192705088 ns, Reaching safepoint: 70178 ns, Cleanup: 15090 ns, At safepoint: 29537 ns, Total: 114805 ns
[2025-05-29T04:28:07.652+0000][71][info ][safepoint   ] Safepoint "Cleanup", Time since last: 17213942570 ns, Reaching safepoint: 48733 ns, Cleanup: 13483 ns, At safepoint: 8825 ns, Total: 71041 ns
[2025-05-29T04:28:13.482+0000][71][info ][safepoint   ] Safepoint "Cleanup", Time since last: 5830303161 ns, Reaching safepoint: 29374 ns, Cleanup: 15434 ns, At safepoint: 127379 ns, Total: 172187 ns
[2025-05-29T04:28:56.678+0000][71][info ][safepoint   ] Safepoint "Cleanup", Time since last: 43199996553 ns, Reaching safepoint: 7289 ns, Cleanup: 10295 ns, At safepoint: 13783 ns, Total: 31367 ns
[2025-05-29T04:28:57.699+0000][71][info ][safepoint   ] Safepoint "Cleanup", Time since last: 1021135143 ns, Reaching safepoint: 19719 ns, Cleanup: 13240 ns, At safepoint: 8315 ns, Total: 41274 ns
[2025-05-29T04:29:09.313+0000][71][info ][safepoint   ] Safepoint "Cleanup", Time since last: 11613586798 ns, Reaching safepoint: 19231 ns, Cleanup: 13344 ns, At safepoint: 8005 ns, Total: 40580 ns
[2025-05-29T04:29:27.314+0000][71][info ][safepoint   ] Safepoint "Cleanup", Time since last: 18003780615 ns, Reaching safepoint: 68298 ns, Cleanup: 16259 ns, At safepoint: 14723 ns, Total: 99280 ns
[2025-05-29T04:29:54.317+0000][71][info ][safepoint   ] Safepoint "Cleanup", Time since last: 27005706137 ns, Reaching safepoint: 155741 ns, Cleanup: 16781 ns, At safepoint: 17705 ns, Total: 190227 ns
[2025-05-29T04:29:59.319+0000][71][info ][safepoint   ] Safepoint "Cleanup", Time since last: 5001472122 ns, Reaching safepoint: 35501 ns, Cleanup: 18941 ns, At safepoint: 15871 ns, Total: 70313 ns
[2025-05-29T04:29:59.735+0000][71][info ][gc,start    ] GC(15) Pause Young (Concurrent Start) (CodeCache GC Threshold)
[2025-05-29T04:29:59.736+0000][71][info ][gc,task     ] GC(15) Using 10 workers of 10 for evacuation
[2025-05-29T04:29:59.736+0000][71][debug][gc,age      ] GC(15) Desired survivor size 153092096 bytes, new threshold 15 (max threshold 15)
[2025-05-29T04:29:59.800+0000][71][info ][gc,phases   ] GC(15)   Pre Evacuate Collection Set: 10.30ms
[2025-05-29T04:29:59.801+0000][71][info ][gc,phases   ] GC(15)   Merge Heap Roots: 0.71ms
[2025-05-29T04:29:59.802+0000][71][info ][gc,phases   ] GC(15)   Evacuate Collection Set: 46.20ms
[2025-05-29T04:29:59.802+0000][71][info ][gc,phases   ] GC(15)   Post Evacuate Collection Set: 4.96ms
[2025-05-29T04:29:59.803+0000][71][info ][gc,phases   ] GC(15)   Other: 2.72ms
[2025-05-29T04:29:59.803+0000][71][trace][gc,age      ] GC(15) Age table with threshold 15 (max threshold 15)
[2025-05-29T04:29:59.804+0000][71][trace][gc,age      ] GC(15) - age   1:    1286248 bytes,    1286248 total
[2025-05-29T04:29:59.805+0000][71][trace][gc,age      ] GC(15) - age   2:     453600 bytes,    1739848 total
[2025-05-29T04:29:59.805+0000][71][trace][gc,age      ] GC(15) - age   3:     468544 bytes,    2208392 total
[2025-05-29T04:29:59.806+0000][71][info ][gc,heap     ] GC(15) Eden regions: 517->0(581)
[2025-05-29T04:29:59.806+0000][71][info ][gc,heap     ] GC(15) Survivor regions: 2->1(73)
[2025-05-29T04:29:59.807+0000][71][info ][gc,heap     ] GC(15) Old regions: 27->27
[2025-05-29T04:29:59.807+0000][71][info ][gc,heap     ] GC(15) Humongous regions: 0->0
[2025-05-29T04:29:59.808+0000][71][info ][gc,metaspace] GC(15) Metaspace: 145095K(149120K)->145095K(149120K) NonClass: 125418K(127616K)->125418K(127616K) Class: 19676K(21504K)->19676K(21504K)
[2025-05-29T04:29:59.809+0000][71][info ][gc          ] GC(15) Pause Young (Concurrent Start) (CodeCache GC Threshold) 2176M->108M(3880M) 74.532ms
[2025-05-29T04:29:59.810+0000][71][info ][gc,cpu      ] GC(15) User=0.23s Sys=0.00s Real=0.07s
[2025-05-29T04:29:59.810+0000][71][info ][safepoint   ] Safepoint "G1TryInitiateConcMark", Time since last: 414991440 ns, Reaching safepoint: 18049 ns, Cleanup: 16200 ns, At safepoint: 76210701 ns, Total: 76244950 ns
[2025-05-29T04:29:59.810+0000][71][info ][gc          ] GC(16) Concurrent Mark Cycle
[2025-05-29T04:29:59.812+0000][71][info ][gc,marking  ] GC(16) Concurrent Scan Root Regions
[2025-05-29T04:29:59.874+0000][71][info ][gc,marking  ] GC(16) Concurrent Scan Root Regions 61.742ms
[2025-05-29T04:29:59.874+0000][71][info ][gc,marking  ] GC(16) Concurrent Mark
[2025-05-29T04:29:59.875+0000][71][info ][gc,marking  ] GC(16) Concurrent Mark From Roots
[2025-05-29T04:29:59.876+0000][71][info ][gc,task     ] GC(16) Using 3 workers of 3 for marking
[2025-05-29T04:30:00.108+0000][71][info ][gc,marking  ] GC(16) Concurrent Mark From Roots 232.879ms
[2025-05-29T04:30:00.108+0000][71][info ][gc,marking  ] GC(16) Concurrent Preclean
[2025-05-29T04:30:00.110+0000][71][info ][gc,marking  ] GC(16) Concurrent Preclean 2.029ms
[2025-05-29T04:30:00.111+0000][71][info ][gc,start    ] GC(16) Pause Remark
[2025-05-29T04:30:00.914+0000][71][info ][gc,mmu      ] GC(16) MMU target violated: 201.0ms (200.0ms/201.0ms)
[2025-05-29T04:30:00.914+0000][71][info ][gc          ] GC(16) Pause Remark 114M->114M(3880M) 803.152ms
[2025-05-29T04:30:00.914+0000][71][info ][gc,cpu      ] GC(16) User=6.65s Sys=0.00s Real=0.81s
[2025-05-29T04:30:00.915+0000][71][info ][safepoint   ] Safepoint "G1PauseRemark", Time since last: 300637006 ns, Reaching safepoint: 29580 ns, Cleanup: 5586 ns, At safepoint: 804340723 ns, Total: 804375889 ns
[2025-05-29T04:30:00.916+0000][71][info ][gc,marking  ] GC(16) Concurrent Mark 1041.622ms
[2025-05-29T04:30:00.917+0000][71][info ][gc,marking  ] GC(16) Concurrent Rebuild Remembered Sets and Scrub Regions
[2025-05-29T04:30:00.959+0000][71][info ][gc,marking  ] GC(16) Concurrent Rebuild Remembered Sets and Scrub Regions 43.098ms
[2025-05-29T04:30:00.963+0000][71][info ][gc,start    ] GC(16) Pause Cleanup
[2025-05-29T04:30:00.964+0000][71][info ][gc          ] GC(16) Pause Cleanup 124M->124M(3880M) 0.663ms
[2025-05-29T04:30:00.964+0000][71][info ][gc,cpu      ] GC(16) User=0.00s Sys=0.00s Real=0.00s
[2025-05-29T04:30:00.965+0000][71][info ][safepoint   ] Safepoint "G1PauseCleanup", Time since last: 44826027 ns, Reaching safepoint: 2196665 ns, Cleanup: 906701 ns, At safepoint: 1461163 ns, Total: 4564529 ns
[2025-05-29T04:30:00.965+0000][71][info ][gc,marking  ] GC(16) Concurrent Clear Claimed Marks
[2025-05-29T04:30:00.966+0000][71][info ][gc,marking  ] GC(16) Concurrent Clear Claimed Marks 0.681ms
[2025-05-29T04:30:00.966+0000][71][info ][gc,marking  ] GC(16) Concurrent Cleanup for Next Mark
[2025-05-29T04:30:01.037+0000][71][info ][gc,marking  ] GC(16) Concurrent Cleanup for Next Mark 71.131ms
[2025-05-29T04:30:01.038+0000][71][info ][gc          ] GC(16) Concurrent Mark Cycle 1227.386ms
[2025-05-29T04:31:02.707+0000][71][info ][safepoint   ] Safepoint "Cleanup", Time since last: 61746671254 ns, Reaching safepoint: 18421 ns, Cleanup: 11267 ns, At safepoint: 64420 ns, Total: 94108 ns
[2025-05-29T04:31:04.117+0000][71][info ][safepoint   ] Safepoint "Cleanup", Time since last: 1409654419 ns, Reaching safepoint: 57777 ns, Cleanup: 16617 ns, At safepoint: 66156 ns, Total: 140550 ns
[2025-05-29T04:31:05.118+0000][71][info ][safepoint   ] Safepoint "Cleanup", Time since last: 1001284272 ns, Reaching safepoint: 19176 ns, Cleanup: 13183 ns, At safepoint: 8309 ns, Total: 40668 ns
[2025-05-29T04:31:08.120+0000][71][info ][safepoint   ] Safepoint "Cleanup", Time since last: 3000972883 ns, Reaching safepoint: 32412 ns, Cleanup: 14786 ns, At safepoint: 14451 ns, Total: 61649 ns
[2025-05-29T04:31:13.388+0000][71][info ][safepoint   ] Safepoint "Cleanup", Time since last: 5267796889 ns, Reaching safepoint: 224544 ns, Cleanup: 17270 ns, At safepoint: 20156 ns, Total: 261970 ns
[2025-05-29T04:31:15.389+0000][71][info ][safepoint   ] Safepoint "Cleanup", Time since last: 2000947417 ns, Reaching safepoint: 19494 ns, Cleanup: 14309 ns, At safepoint: 7710 ns, Total: 41513 ns
[2025-05-29T04:31:24.388+0000][71][info ][safepoint   ] Safepoint "Cleanup", Time since last: 9002344198 ns, Reaching safepoint: 70424 ns, Cleanup: 16465 ns, At safepoint: 15585 ns, Total: 102474 ns
[2025-05-29T04:31:40.391+0000][71][info ][safepoint   ] Safepoint "Cleanup", Time since last: 16003298384 ns, Reaching safepoint: 59124 ns, Cleanup: 15182 ns, At safepoint: 14727 ns, Total: 89033 ns
[2025-05-29T04:31:43.394+0000][71][info ][safepoint   ] Safepoint "Cleanup", Time since last: 3002907106 ns, Reaching safepoint: 21171 ns, Cleanup: 14057 ns, At safepoint: 7875 ns, Total: 43103 ns
[2025-05-29T04:32:05.457+0000][71][info ][safepoint   ] Safepoint "Cleanup", Time since last: 22064841830 ns, Reaching safepoint: 17152 ns, Cleanup: 28098 ns, At safepoint: 75461 ns, Total: 120711 ns
[2025-05-29T04:32:07.177+0000][71][info ][safepoint   ] Safepoint "Cleanup", Time since last: 1719734511 ns, Reaching safepoint: 35861 ns, Cleanup: 26795 ns, At safepoint: 16761 ns, Total: 79417 ns
[2025-05-29T04:32:53.423+0000][71][info ][safepoint   ] Safepoint "Cleanup", Time since last: 46250993313 ns, Reaching safepoint: 71772 ns, Cleanup: 13253 ns, At safepoint: 34474 ns, Total: 119499 ns
[2025-05-29T04:32:55.202+0000][71][info ][safepoint   ] Safepoint "Cleanup", Time since last: 1779218024 ns, Reaching safepoint: 32781 ns, Cleanup: 20977 ns, At safepoint: 15707 ns, Total: 69465 ns
[2025-05-29T04:32:56.203+0000][71][info ][safepoint   ] Safepoint "Cleanup", Time since last: 1000731239 ns, Reaching safepoint: 30876 ns, Cleanup: 16523 ns, At safepoint: 14397 ns, Total: 61796 ns
[2025-05-29T04:32:59.242+0000][71][info ][safepoint   ] Safepoint "Cleanup", Time since last: 3038676334 ns, Reaching safepoint: 76558 ns, Cleanup: 17107 ns, At safepoint: 11085 ns, Total: 104750 ns
[2025-05-29T04:33:09.255+0000][71][info ][safepoint   ] Safepoint "Cleanup", Time since last: 10013363940 ns, Reaching safepoint: 14243 ns, Cleanup: 11677 ns, At safepoint: 4606 ns, Total: 30526 ns
[2025-05-29T04:33:14.204+0000][71][info ][safepoint   ] Safepoint "Cleanup", Time since last: 4948107010 ns, Reaching safepoint: 7017 ns, Cleanup: 10970 ns, At safepoint: 14020 ns, Total: 32007 ns
[2025-05-29T04:33:46.206+0000][71][info ][safepoint   ] Safepoint "Cleanup", Time since last: 32005866759 ns, Reaching safepoint: 72888 ns, Cleanup: 16959 ns, At safepoint: 16547 ns, Total: 106394 ns
[2025-05-29T04:33:57.207+0000][71][info ][safepoint   ] Safepoint "Cleanup", Time since last: 11002322305 ns, Reaching safepoint: 57885 ns, Cleanup: 12472 ns, At safepoint: 8107 ns, Total: 78464 ns
[2025-05-29T04:34:11.498+0000][71][info ][safepoint   ] Safepoint "Cleanup", Time since last: 14290727786 ns, Reaching safepoint: 27629 ns, Cleanup: 12294 ns, At safepoint: 123320 ns, Total: 163243 ns
[2025-05-29T04:34:13.331+0000][71][info ][safepoint   ] Safepoint "Cleanup", Time since last: 1832130141 ns, Reaching safepoint: 31517 ns, Cleanup: 44222 ns, At safepoint: 13691 ns, Total: 89430 ns
[2025-05-29T04:34:39.334+0000][71][info ][safepoint   ] Safepoint "Cleanup", Time since last: 26005178116 ns, Reaching safepoint: 76009 ns, Cleanup: 18168 ns, At safepoint: 16949 ns, Total: 111126 ns
[2025-05-29T04:35:08.337+0000][71][info ][safepoint   ] Safepoint "Cleanup", Time since last: 29005242756 ns, Reaching safepoint: 34344 ns, Cleanup: 18054 ns, At safepoint: 16161 ns, Total: 68559 ns
[2025-05-29T04:35:13.534+0000][71][info ][safepoint   ] Safepoint "Cleanup", Time since last: 5197315073 ns, Reaching safepoint: 71808 ns, Cleanup: 16750 ns, At safepoint: 16141 ns, Total: 104699 ns
[2025-05-29T04:35:15.351+0000][71][info ][safepoint   ] Safepoint "Cleanup", Time since last: 1817138505 ns, Reaching safepoint: 6127 ns, Cleanup: 9754 ns, At safepoint: 5004 ns, Total: 20885 ns
[2025-05-29T04:35:30.365+0000][71][info ][safepoint   ] Safepoint "Cleanup", Time since last: 15016988152 ns, Reaching safepoint: 75025 ns, Cleanup: 17404 ns, At safepoint: 17565 ns, Total: 109994 ns
[2025-05-29T04:35:46.369+0000][71][info ][safepoint   ] Safepoint "Cleanup", Time since last: 16003222089 ns, Reaching safepoint: 59576 ns, Cleanup: 15942 ns, At safepoint: 11705 ns, Total: 87223 ns
[2025-05-29T04:35:56.370+0000][71][info ][safepoint   ] Safepoint "Cleanup", Time since last: 10002129539 ns, Reaching safepoint: 92174 ns, Cleanup: 23153 ns, At safepoint: 22275 ns, Total: 137602 ns
[2025-05-29T04:36:06.372+0000][71][info ][safepoint   ] Safepoint "Cleanup", Time since last: 10002405779 ns, Reaching safepoint: 233086 ns, Cleanup: 22937 ns, At safepoint: 22220 ns, Total: 278243 ns
[2025-05-29T04:36:08.373+0000][71][info ][safepoint   ] Safepoint "Cleanup", Time since last: 2000841512 ns, Reaching safepoint: 32095 ns, Cleanup: 27508 ns, At safepoint: 15102 ns, Total: 74705 ns
[2025-05-29T04:36:17.452+0000][71][info ][safepoint   ] Safepoint "Cleanup", Time since last: 9081284983 ns, Reaching safepoint: 90132 ns, Cleanup: 9158 ns, At safepoint: 69334 ns, Total: 168624 ns
[2025-05-29T04:36:43.409+0000][71][info ][safepoint   ] Safepoint "Cleanup", Time since last: 25956707028 ns, Reaching safepoint: 34080 ns, Cleanup: 21211 ns, At safepoint: 17297 ns, Total: 72588 ns
[2025-05-29T04:37:08.411+0000][71][info ][safepoint   ] Safepoint "Cleanup", Time since last: 25004518182 ns, Reaching safepoint: 46021 ns, Cleanup: 19660 ns, At safepoint: 8315 ns, Total: 73996 ns
[2025-05-29T04:37:13.495+0000][71][info ][safepoint   ] Safepoint "Cleanup", Time since last: 5084045443 ns, Reaching safepoint: 43978 ns, Cleanup: 13061 ns, At safepoint: 8468 ns, Total: 65507 ns
[2025-05-29T04:37:18.461+0000][71][info ][safepoint   ] Safepoint "Cleanup", Time since last: 4968252601 ns, Reaching safepoint: 7684 ns, Cleanup: 7339 ns, At safepoint: 12270 ns, Total: 27293 ns
[2025-05-29T04:37:20.386+0000][71][info ][safepoint   ] Safepoint "Cleanup", Time since last: 1925577806 ns, Reaching safepoint: 33673 ns, Cleanup: 21890 ns, At safepoint: 16942 ns, Total: 72505 ns
[2025-05-29T04:37:21.466+0000][71][info ][safepoint   ] Safepoint "Cleanup", Time since last: 1080045663 ns, Reaching safepoint: 30248 ns, Cleanup: 16823 ns, At safepoint: 16224 ns, Total: 63295 ns
[2025-05-29T04:37:22.536+0000][71][info ][safepoint   ] Safepoint "Cleanup", Time since last: 1069553052 ns, Reaching safepoint: 31512 ns, Cleanup: 16232 ns, At safepoint: 15647 ns, Total: 63391 ns
[2025-05-29T04:37:23.537+0000][71][info ][safepoint   ] Safepoint "Cleanup", Time since last: 1000658153 ns, Reaching safepoint: 31940 ns, Cleanup: 16894 ns, At safepoint: 15490 ns, Total: 64324 ns
[2025-05-29T04:37:28.538+0000][71][info ][safepoint   ] Safepoint "Cleanup", Time since last: 5001296275 ns, Reaching safepoint: 31777 ns, Cleanup: 16919 ns, At safepoint: 64641 ns, Total: 113337 ns
[2025-05-29T04:37:56.452+0000][71][info ][safepoint   ] Safepoint "Cleanup", Time since last: 27915667570 ns, Reaching safepoint: 9141 ns, Cleanup: 10255 ns, At safepoint: 13346 ns, Total: 32742 ns
[2025-05-29T04:37:57.550+0000][71][info ][safepoint   ] Safepoint "Cleanup", Time since last: 1098518837 ns, Reaching safepoint: 31023 ns, Cleanup: 23120 ns, At safepoint: 14770 ns, Total: 68913 ns
[2025-05-29T04:37:58.566+0000][71][info ][safepoint   ] Safepoint "Cleanup", Time since last: 1015592693 ns, Reaching safepoint: 47083 ns, Cleanup: 15393 ns, At safepoint: 13414 ns, Total: 75890 ns
[2025-05-29T04:37:59.582+0000][71][info ][safepoint   ] Safepoint "Cleanup", Time since last: 1015590053 ns, Reaching safepoint: 22641 ns, Cleanup: 7710 ns, At safepoint: 14222 ns, Total: 44573 ns
[2025-05-29T04:38:07.602+0000][71][info ][safepoint   ] Safepoint "Cleanup", Time since last: 8020093278 ns, Reaching safepoint: 27065 ns, Cleanup: 15186 ns, At safepoint: 12394 ns, Total: 54645 ns
[2025-05-29T04:38:23.435+0000][71][info ][safepoint   ] Safepoint "Cleanup", Time since last: 15834899251 ns, Reaching safepoint: 92800 ns, Cleanup: 12197 ns, At safepoint: 19141 ns, Total: 124138 ns
[2025-05-29T04:38:24.650+0000][71][info ][safepoint   ] Safepoint "Cleanup", Time since last: 1214712765 ns, Reaching safepoint: 14048 ns, Cleanup: 13798 ns, At safepoint: 4791 ns, Total: 32637 ns
[2025-05-29T04:39:05.687+0000][71][info ][safepoint   ] Safepoint "Cleanup", Time since last: 41039101739 ns, Reaching safepoint: 160743 ns, Cleanup: 17944 ns, At safepoint: 17764 ns, Total: 196451 ns
[2025-05-29T04:39:07.688+0000][71][info ][safepoint   ] Safepoint "Cleanup", Time since last: 2000865039 ns, Reaching safepoint: 23186 ns, Cleanup: 15650 ns, At safepoint: 8469 ns, Total: 47305 ns
[2025-05-29T04:39:26.702+0000][71][info ][safepoint   ] Safepoint "Cleanup", Time since last: 19017971690 ns, Reaching safepoint: 33208 ns, Cleanup: 13729 ns, At safepoint: 110013 ns, Total: 156950 ns
[2025-05-29T04:39:27.724+0000][71][info ][safepoint   ] Safepoint "Cleanup", Time since last: 1021837079 ns, Reaching safepoint: 19512 ns, Cleanup: 21361 ns, At safepoint: 8596 ns, Total: 49469 ns
[2025-05-29T04:39:53.727+0000][71][info ][safepoint   ] Safepoint "Cleanup", Time since last: 26004972313 ns, Reaching safepoint: 71541 ns, Cleanup: 17115 ns, At safepoint: 15107 ns, Total: 103763 ns
[2025-05-29T04:40:07.733+0000][71][info ][safepoint   ] Safepoint "Cleanup", Time since last: 14005573704 ns, Reaching safepoint: 84773 ns, Cleanup: 13383 ns, At safepoint: 7854 ns, Total: 106010 ns
[2025-05-29T04:40:18.704+0000][71][info ][safepoint   ] Safepoint "Cleanup", Time since last: 10973322467 ns, Reaching safepoint: 66488 ns, Cleanup: 17605 ns, At safepoint: 15219 ns, Total: 99312 ns
[2025-05-29T04:40:29.764+0000][71][info ][safepoint   ] Safepoint "Cleanup", Time since last: 11059721422 ns, Reaching safepoint: 6787 ns, Cleanup: 12932 ns, At safepoint: 3242 ns, Total: 22961 ns
[2025-05-29T04:40:43.768+0000][71][info ][safepoint   ] Safepoint "Cleanup", Time since last: 14003830672 ns, Reaching safepoint: 134926 ns, Cleanup: 24071 ns, At safepoint: 15774 ns, Total: 174771 ns
[2025-05-29T04:40:44.769+0000][71][info ][safepoint   ] Safepoint "Cleanup", Time since last: 1000782740 ns, Reaching safepoint: 33865 ns, Cleanup: 18771 ns, At safepoint: 25335 ns, Total: 77971 ns
[2025-05-29T04:41:07.772+0000][71][info ][safepoint   ] Safepoint "Cleanup", Time since last: 23004304650 ns, Reaching safepoint: 179440 ns, Cleanup: 17814 ns, At safepoint: 44046 ns, Total: 241300 ns
[2025-05-29T04:41:13.749+0000][71][info ][safepoint   ] Safepoint "Cleanup", Time since last: 5977345454 ns, Reaching safepoint: 22909 ns, Cleanup: 13430 ns, At safepoint: 9486 ns, Total: 45825 ns
[2025-05-29T04:41:32.789+0000][71][info ][safepoint   ] Safepoint "Cleanup", Time since last: 19042838063 ns, Reaching safepoint: 6904 ns, Cleanup: 8822 ns, At safepoint: 3207 ns, Total: 18933 ns
[2025-05-29T04:41:48.808+0000][71][info ][safepoint   ] Safepoint "Cleanup", Time since last: 16020336856 ns, Reaching safepoint: 67506 ns, Cleanup: 17627 ns, At safepoint: 15076 ns, Total: 100209 ns
[2025-05-29T04:41:58.810+0000][71][info ][safepoint   ] Safepoint "Cleanup", Time since last: 10002004462 ns, Reaching safepoint: 31922 ns, Cleanup: 18741 ns, At safepoint: 17450 ns, Total: 68113 ns
[2025-05-29T04:42:07.812+0000][71][info ][safepoint   ] Safepoint "Cleanup", Time since last: 9002217960 ns, Reaching safepoint: 65981 ns, Cleanup: 14987 ns, At safepoint: 15892 ns, Total: 96860 ns
[2025-05-29T04:42:13.785+0000][71][info ][safepoint   ] Safepoint "Cleanup", Time since last: 5972698743 ns, Reaching safepoint: 29789 ns, Cleanup: 18536 ns, At safepoint: 14811 ns, Total: 63136 ns
[2025-05-29T04:42:14.786+0000][71][info ][safepoint   ] Safepoint "Cleanup", Time since last: 1000789552 ns, Reaching safepoint: 29167 ns, Cleanup: 14495 ns, At safepoint: 14579 ns, Total: 58241 ns
[2025-05-29T04:42:44.846+0000][71][info ][safepoint   ] Safepoint "Cleanup", Time since last: 30062546111 ns, Reaching safepoint: 29712 ns, Cleanup: 18126 ns, At safepoint: 14361 ns, Total: 62199 ns
[2025-05-29T04:42:59.424+0000][71][info ][safepoint   ] Safepoint "Cleanup", Time since last: 14581102228 ns, Reaching safepoint: 20024 ns, Cleanup: 15903 ns, At safepoint: 21079 ns, Total: 57006 ns
[2025-05-29T04:43:00.865+0000][71][info ][safepoint   ] Safepoint "Cleanup", Time since last: 1440611352 ns, Reaching safepoint: 20077 ns, Cleanup: 22108 ns, At safepoint: 8159 ns, Total: 50344 ns
[2025-05-29T04:43:01.889+0000][71][info ][safepoint   ] Safepoint "Cleanup", Time since last: 1024361623 ns, Reaching safepoint: 31021 ns, Cleanup: 16385 ns, At safepoint: 15742 ns, Total: 63148 ns
[2025-05-29T04:43:14.459+0000][71][info ][safepoint   ] Safepoint "Cleanup", Time since last: 12569285047 ns, Reaching safepoint: 38660 ns, Cleanup: 18467 ns, At safepoint: 10668 ns, Total: 67795 ns
[2025-05-29T04:43:38.430+0000][71][info ][safepoint   ] Safepoint "Cleanup", Time since last: 23973179495 ns, Reaching safepoint: 7186 ns, Cleanup: 9115 ns, At safepoint: 3124 ns, Total: 19425 ns
[2025-05-29T04:43:39.922+0000][71][info ][safepoint   ] Safepoint "Cleanup", Time since last: 1491896795 ns, Reaching safepoint: 33882 ns, Cleanup: 17173 ns, At safepoint: 17885 ns, Total: 68940 ns
[2025-05-29T04:43:43.923+0000][71][info ][safepoint   ] Safepoint "Cleanup", Time since last: 4001034495 ns, Reaching safepoint: 17509 ns, Cleanup: 15417 ns, At safepoint: 7130 ns, Total: 40056 ns
[2025-05-29T04:43:44.924+0000][71][info ][safepoint   ] Safepoint "Cleanup", Time since last: 1000703795 ns, Reaching safepoint: 116343 ns, Cleanup: 15423 ns, At safepoint: 45783 ns, Total: 177549 ns
[2025-05-29T04:44:13.864+0000][71][info ][safepoint   ] Safepoint "Cleanup", Time since last: 28942218613 ns, Reaching safepoint: 30606 ns, Cleanup: 13039 ns, At safepoint: 8196 ns, Total: 51841 ns
[2025-05-29T04:44:38.866+0000][71][info ][safepoint   ] Safepoint "Cleanup", Time since last: 25004696384 ns, Reaching safepoint: 43864 ns, Cleanup: 14337 ns, At safepoint: 8928 ns, Total: 67129 ns
[2025-05-29T04:44:41.416+0000][71][info ][safepoint   ] Safepoint "Cleanup", Time since last: 2550338596 ns, Reaching safepoint: 88629 ns, Cleanup: 9307 ns, At safepoint: 36639 ns, Total: 134575 ns
[2025-05-29T04:45:08.904+0000][71][info ][safepoint   ] Safepoint "Cleanup", Time since last: 27490211437 ns, Reaching safepoint: 27355 ns, Cleanup: 11505 ns, At safepoint: 2826 ns, Total: 41686 ns
[2025-05-29T04:45:09.905+0000][71][info ][safepoint   ] Safepoint "Cleanup", Time since last: 1000937768 ns, Reaching safepoint: 18093 ns, Cleanup: 12662 ns, At safepoint: 20055 ns, Total: 50810 ns
[2025-05-29T04:45:13.907+0000][71][info ][safepoint   ] Safepoint "Cleanup", Time since last: 4001175275 ns, Reaching safepoint: 16985 ns, Cleanup: 11105 ns, At safepoint: 7053 ns, Total: 35143 ns
[2025-05-29T04:46:33.948+0000][71][info ][safepoint   ] Safepoint "Cleanup", Time since last: 80049243593 ns, Reaching safepoint: 55066 ns, Cleanup: 13266 ns, At safepoint: 7477 ns, Total: 75809 ns
[2025-05-29T04:46:40.950+0000][71][info ][safepoint   ] Safepoint "Cleanup", Time since last: 7001380794 ns, Reaching safepoint: 47965 ns, Cleanup: 14244 ns, At safepoint: 31247 ns, Total: 93456 ns
[2025-05-29T04:46:43.951+0000][71][info ][safepoint   ] Safepoint "Cleanup", Time since last: 3001027519 ns, Reaching safepoint: 30346 ns, Cleanup: 20330 ns, At safepoint: 15223 ns, Total: 65899 ns
[2025-05-29T04:46:47.445+0000][71][info ][safepoint   ] Safepoint "Cleanup", Time since last: 3495949168 ns, Reaching safepoint: 13053 ns, Cleanup: 18402 ns, At safepoint: 76649 ns, Total: 108104 ns
[2025-05-29T04:46:49.048+0000][71][info ][safepoint   ] Safepoint "Cleanup", Time since last: 1602566517 ns, Reaching safepoint: 16252 ns, Cleanup: 14737 ns, At safepoint: 7761 ns, Total: 38750 ns
[2025-05-29T04:47:44.993+0000][71][info ][safepoint   ] Safepoint "Cleanup", Time since last: 55947038964 ns, Reaching safepoint: 30982 ns, Cleanup: 15828 ns, At safepoint: 14485 ns, Total: 61295 ns
[2025-05-29T04:47:50.412+0000][71][info ][safepoint   ] Safepoint "Cleanup", Time since last: 5421654372 ns, Reaching safepoint: 90092 ns, Cleanup: 11781 ns, At safepoint: 50990 ns, Total: 152863 ns
[2025-05-29T04:47:52.098+0000][71][info ][safepoint   ] Safepoint "Cleanup", Time since last: 1685647757 ns, Reaching safepoint: 29196 ns, Cleanup: 19514 ns, At safepoint: 13901 ns, Total: 62611 ns
[2025-05-29T04:48:02.402+0000][71][info ][safepoint   ] Safepoint "Cleanup", Time since last: 10304641230 ns, Reaching safepoint: 14841 ns, Cleanup: 18643 ns, At safepoint: 76388 ns, Total: 109872 ns
[2025-05-29T04:48:08.145+0000][71][info ][safepoint   ] Safepoint "Cleanup", Time since last: 5743074346 ns, Reaching safepoint: 28922 ns, Cleanup: 15178 ns, At safepoint: 14671 ns, Total: 58771 ns
[2025-05-29T04:48:44.002+0000][71][info ][safepoint   ] Safepoint "Cleanup", Time since last: 35858230851 ns, Reaching safepoint: 29497 ns, Cleanup: 15545 ns, At safepoint: 13840 ns, Total: 58882 ns
[2025-05-29T04:48:53.427+0000][71][info ][safepoint   ] Safepoint "Cleanup", Time since last: 9427334358 ns, Reaching safepoint: 15048 ns, Cleanup: 22603 ns, At safepoint: 79646 ns, Total: 117297 ns
[2025-05-29T04:49:08.188+0000][71][info ][safepoint   ] Safepoint "Cleanup", Time since last: 14760899004 ns, Reaching safepoint: 29304 ns, Cleanup: 17948 ns, At safepoint: 14802 ns, Total: 62054 ns
[2025-05-29T04:49:13.072+0000][71][info ][safepoint   ] Safepoint "Cleanup", Time since last: 4884029100 ns, Reaching safepoint: 28379 ns, Cleanup: 17863 ns, At safepoint: 14111 ns, Total: 60353 ns
[2025-05-29T04:49:43.075+0000][71][info ][safepoint   ] Safepoint "Cleanup", Time since last: 30005577448 ns, Reaching safepoint: 78085 ns, Cleanup: 19593 ns, At safepoint: 17327 ns, Total: 115005 ns
[2025-05-29T04:49:56.404+0000][71][info ][safepoint   ] Safepoint "Cleanup", Time since last: 13330986355 ns, Reaching safepoint: 361329 ns, Cleanup: 10862 ns, At safepoint: 63990 ns, Total: 436181 ns
[2025-05-29T04:49:58.235+0000][71][info ][safepoint   ] Safepoint "Cleanup", Time since last: 1831342092 ns, Reaching safepoint: 32727 ns, Cleanup: 21078 ns, At safepoint: 17161 ns, Total: 70966 ns
[2025-05-29T04:51:00.256+0000][71][info ][safepoint   ] Safepoint "Cleanup", Time since last: 62025227072 ns, Reaching safepoint: 25660 ns, Cleanup: 15038 ns, At safepoint: 22677 ns, Total: 63375 ns
[2025-05-29T04:51:18.150+0000][71][info ][safepoint   ] Safepoint "Cleanup", Time since last: 17895311583 ns, Reaching safepoint: 198703 ns, Cleanup: 16289 ns, At safepoint: 23601 ns, Total: 238593 ns
[2025-05-29T04:51:36.153+0000][71][info ][safepoint   ] Safepoint "Cleanup", Time since last: 18003244428 ns, Reaching safepoint: 515506 ns, Cleanup: 17637 ns, At safepoint: 30300 ns, Total: 563443 ns
[2025-05-29T04:51:42.155+0000][71][info ][safepoint   ] Safepoint "Cleanup", Time since last: 6002134238 ns, Reaching safepoint: 17273 ns, Cleanup: 12403 ns, At safepoint: 7795 ns, Total: 37471 ns
[2025-05-29T04:52:23.471+0000][71][info ][safepoint   ] Safepoint "Cleanup", Time since last: 41320004770 ns, Reaching safepoint: 15733 ns, Cleanup: 28952 ns, At safepoint: 139170 ns, Total: 183855 ns
[2025-05-29T04:52:25.353+0000][71][info ][safepoint   ] Safepoint "Cleanup", Time since last: 1882359805 ns, Reaching safepoint: 16729 ns, Cleanup: 19675 ns, At safepoint: 7286 ns, Total: 43690 ns
[2025-05-29T04:52:27.354+0000][71][info ][safepoint   ] Safepoint "Cleanup", Time since last: 2000744049 ns, Reaching safepoint: 18658 ns, Cleanup: 13646 ns, At safepoint: 9582 ns, Total: 41886 ns
[2025-05-29T04:52:54.357+0000][71][info ][safepoint   ] Safepoint "Cleanup", Time since last: 27005038475 ns, Reaching safepoint: 112055 ns, Cleanup: 19101 ns, At safepoint: 15434 ns, Total: 146590 ns
[2025-05-29T04:53:05.436+0000][71][info ][safepoint   ] Safepoint "Cleanup", Time since last: 11078979210 ns, Reaching safepoint: 14424 ns, Cleanup: 10099 ns, At safepoint: 20629 ns, Total: 45152 ns
[2025-05-29T04:53:07.383+0000][71][info ][safepoint   ] Safepoint "Cleanup", Time since last: 1946538427 ns, Reaching safepoint: 23451 ns, Cleanup: 16573 ns, At safepoint: 10485 ns, Total: 50509 ns
[2025-05-29T04:53:08.384+0000][71][info ][safepoint   ] Safepoint "Cleanup", Time since last: 1000648460 ns, Reaching safepoint: 234612 ns, Cleanup: 16774 ns, At safepoint: 104290 ns, Total: 355676 ns
[2025-05-29T04:53:13.471+0000][71][info ][safepoint   ] Safepoint "Cleanup", Time since last: 5086532996 ns, Reaching safepoint: 24636 ns, Cleanup: 15716 ns, At safepoint: 65839 ns, Total: 106191 ns
[2025-05-29T04:53:15.301+0000][71][info ][safepoint   ] Safepoint "Cleanup", Time since last: 1824423340 ns, Reaching safepoint: 5926567 ns, Cleanup: 16965 ns, At safepoint: 181866 ns, Total: 6125398 ns
[2025-05-29T04:53:27.304+0000][71][info ][safepoint   ] Safepoint "Cleanup", Time since last: 12002490093 ns, Reaching safepoint: 3413931 ns, Cleanup: 19132 ns, At safepoint: 335170 ns, Total: 3768233 ns
[2025-05-29T04:54:08.310+0000][71][info ][safepoint   ] Safepoint "Cleanup", Time since last: 41007209411 ns, Reaching safepoint: 62342 ns, Cleanup: 18875 ns, At safepoint: 8326 ns, Total: 89543 ns
[2025-05-29T04:54:09.477+0000][71][info ][safepoint   ] Safepoint "Cleanup", Time since last: 1167659496 ns, Reaching safepoint: 18015 ns, Cleanup: 15017 ns, At safepoint: 24116 ns, Total: 57148 ns
[2025-05-29T04:54:10.513+0000][71][info ][safepoint   ] Safepoint "Cleanup", Time since last: 1035420822 ns, Reaching safepoint: 7227 ns, Cleanup: 8718 ns, At safepoint: 2975 ns, Total: 18920 ns
[2025-05-29T04:54:11.516+0000][71][info ][safepoint   ] Safepoint "Cleanup", Time since last: 1003196795 ns, Reaching safepoint: 33794 ns, Cleanup: 24558 ns, At safepoint: 17423 ns, Total: 75775 ns
[2025-05-29T04:54:38.524+0000][71][info ][safepoint   ] Safepoint "Cleanup", Time since last: 27009025983 ns, Reaching safepoint: 614535 ns, Cleanup: 17453 ns, At safepoint: 36432 ns, Total: 668420 ns
[2025-05-29T04:55:04.526+0000][71][info ][safepoint   ] Safepoint "Cleanup", Time since last: 26004714821 ns, Reaching safepoint: 128059 ns, Cleanup: 15647 ns, At safepoint: 173568 ns, Total: 317274 ns
[2025-05-29T04:55:11.409+0000][71][info ][safepoint   ] Safepoint "Cleanup", Time since last: 6882296379 ns, Reaching safepoint: 131286 ns, Cleanup: 9434 ns, At safepoint: 69892 ns, Total: 210612 ns
[2025-05-29T04:55:12.546+0000][71][info ][safepoint   ] Safepoint "Cleanup", Time since last: 1137180750 ns, Reaching safepoint: 29003 ns, Cleanup: 15116 ns, At safepoint: 14481 ns, Total: 58600 ns
[2025-05-29T04:55:14.571+0000][71][info ][safepoint   ] Safepoint "Cleanup", Time since last: 2025197033 ns, Reaching safepoint: 32892 ns, Cleanup: 20377 ns, At safepoint: 17535 ns, Total: 70804 ns
[2025-05-29T04:55:39.574+0000][71][info ][safepoint   ] Safepoint "Cleanup", Time since last: 25004998343 ns, Reaching safepoint: 164481 ns, Cleanup: 15594 ns, At safepoint: 15924 ns, Total: 195999 ns
[2025-05-29T04:56:14.399+0000][71][info ][safepoint   ] Safepoint "Cleanup", Time since last: 34826837584 ns, Reaching safepoint: 27438 ns, Cleanup: 13421 ns, At safepoint: 67799 ns, Total: 108658 ns
[2025-05-29T04:56:15.625+0000][71][info ][safepoint   ] Safepoint "Cleanup", Time since last: 1226758006 ns, Reaching safepoint: 25028 ns, Cleanup: 17509 ns, At safepoint: 11972 ns, Total: 54509 ns
[2025-05-29T04:56:34.627+0000][71][info ][safepoint   ] Safepoint "Cleanup", Time since last: 19004347402 ns, Reaching safepoint: 21322 ns, Cleanup: 33065 ns, At safepoint: 8941 ns, Total: 63328 ns
[2025-05-29T04:56:43.629+0000][71][info ][safepoint   ] Safepoint "Cleanup", Time since last: 9001792342 ns, Reaching safepoint: 18820 ns, Cleanup: 12455 ns, At safepoint: 8366 ns, Total: 39641 ns
[2025-05-29T04:56:54.629+0000][71][info ][safepoint   ] Safepoint "Cleanup", Time since last: 11002558849 ns, Reaching safepoint: 66381 ns, Cleanup: 16748 ns, At safepoint: 28716 ns, Total: 111845 ns
[2025-05-29T04:57:03.632+0000][71][info ][safepoint   ] Safepoint "Cleanup", Time since last: 9002241355 ns, Reaching safepoint: 28760 ns, Cleanup: 15116 ns, At safepoint: 14497 ns, Total: 58373 ns
[2025-05-29T04:57:07.633+0000][71][info ][safepoint   ] Safepoint "Cleanup", Time since last: 4001504406 ns, Reaching safepoint: 108327 ns, Cleanup: 16965 ns, At safepoint: 18134 ns, Total: 143426 ns
[2025-05-29T04:57:08.634+0000][71][info ][safepoint   ] Safepoint "Cleanup", Time since last: 1000686846 ns, Reaching safepoint: 18497 ns, Cleanup: 14968 ns, At safepoint: 8203 ns, Total: 41668 ns
[2025-05-29T04:57:50.666+0000][71][info ][safepoint   ] Safepoint "Cleanup", Time since last: 42036025469 ns, Reaching safepoint: 32444 ns, Cleanup: 22243 ns, At safepoint: 15308 ns, Total: 69995 ns
[2025-05-29T04:57:53.667+0000][71][info ][safepoint   ] Safepoint "Cleanup", Time since last: 3001027932 ns, Reaching safepoint: 17821 ns, Cleanup: 13436 ns, At safepoint: 7848 ns, Total: 39105 ns
[2025-05-29T04:58:08.389+0000][71][info ][safepoint   ] Safepoint "Cleanup", Time since last: 14722161811 ns, Reaching safepoint: 202633 ns, Cleanup: 12934 ns, At safepoint: 42078 ns, Total: 257645 ns
[2025-05-29T04:58:09.409+0000][71][info ][safepoint   ] Safepoint "Cleanup", Time since last: 1020085171 ns, Reaching safepoint: 14138 ns, Cleanup: 18910 ns, At safepoint: 11575 ns, Total: 44623 ns
[2025-05-29T04:58:14.676+0000][71][info ][safepoint   ] Safepoint "Cleanup", Time since last: 5266666012 ns, Reaching safepoint: 28383 ns, Cleanup: 21313 ns, At safepoint: 14634 ns, Total: 64330 ns
[2025-05-29T04:58:20.785+0000][71][info ][safepoint   ] Safepoint "Cleanup", Time since last: 6111145887 ns, Reaching safepoint: 103796 ns, Cleanup: 7275 ns, At safepoint: 55620 ns, Total: 166691 ns
[2025-05-29T04:58:21.788+0000][71][info ][safepoint   ] Safepoint "Cleanup", Time since last: 1003456792 ns, Reaching safepoint: 5599 ns, Cleanup: 11353 ns, At safepoint: 12716 ns, Total: 29668 ns
[2025-05-29T04:58:44.796+0000][71][info ][safepoint   ] Safepoint "Cleanup", Time since last: 23007215321 ns, Reaching safepoint: 28661 ns, Cleanup: 16992 ns, At safepoint: 15197 ns, Total: 60850 ns
[2025-05-29T04:58:47.794+0000][71][info ][safepoint   ] Safepoint "Cleanup", Time since last: 3000807812 ns, Reaching safepoint: 16058 ns, Cleanup: 12003 ns, At safepoint: 7402 ns, Total: 35463 ns
[2025-05-29T04:58:48.795+0000][71][info ][safepoint   ] Safepoint "Cleanup", Time since last: 1000524234 ns, Reaching safepoint: 26196 ns, Cleanup: 15862 ns, At safepoint: 9587 ns, Total: 51645 ns
[2025-05-29T04:59:18.445+0000][71][info ][safepoint   ] Safepoint "Cleanup", Time since last: 29652519232 ns, Reaching safepoint: 17111 ns, Cleanup: 10781 ns, At safepoint: 7271 ns, Total: 35163 ns
[2025-05-29T04:59:23.402+0000][71][info ][safepoint   ] Safepoint "Cleanup", Time since last: 4956337656 ns, Reaching safepoint: 13385 ns, Cleanup: 14842 ns, At safepoint: 82061 ns, Total: 110288 ns
[2025-05-29T04:59:24.825+0000][71][info ][safepoint   ] Safepoint "Cleanup", Time since last: 1423297582 ns, Reaching safepoint: 16844 ns, Cleanup: 16571 ns, At safepoint: 15469 ns, Total: 48884 ns
[2025-05-29T04:59:38.828+0000][71][info ][safepoint   ] Safepoint "Cleanup", Time since last: 14002940768 ns, Reaching safepoint: 23506 ns, Cleanup: 16339 ns, At safepoint: 10530 ns, Total: 50375 ns
[2025-05-29T05:00:07.833+0000][71][info ][safepoint   ] Safepoint "Cleanup", Time since last: 29007292562 ns, Reaching safepoint: 96435 ns, Cleanup: 19886 ns, At safepoint: 11959 ns, Total: 128280 ns
[2025-05-29T05:00:26.401+0000][71][info ][safepoint   ] Safepoint "Cleanup", Time since last: 18569781999 ns, Reaching safepoint: 29901 ns, Cleanup: 26423 ns, At safepoint: 138557 ns, Total: 194881 ns
[2025-05-29T05:01:03.880+0000][71][info ][safepoint   ] Safepoint "Cleanup", Time since last: 37481058159 ns, Reaching safepoint: 719105 ns, Cleanup: 18492 ns, At safepoint: 31139 ns, Total: 768736 ns
[2025-05-29T05:01:14.519+0000][71][info ][safepoint   ] Safepoint "Cleanup", Time since last: 10639172396 ns, Reaching safepoint: 29249 ns, Cleanup: 16765 ns, At safepoint: 14200 ns, Total: 60214 ns
[2025-05-29T05:01:16.520+0000][71][info ][safepoint   ] Safepoint "Cleanup", Time since last: 2000973021 ns, Reaching safepoint: 35051 ns, Cleanup: 12364 ns, At safepoint: 9278 ns, Total: 56693 ns
[2025-05-29T05:01:29.902+0000][71][info ][safepoint   ] Safepoint "Cleanup", Time since last: 13383920690 ns, Reaching safepoint: 6031 ns, Cleanup: 6638 ns, At safepoint: 3347 ns, Total: 16016 ns
[2025-05-29T05:01:30.919+0000][71][info ][safepoint   ] Safepoint "Cleanup", Time since last: 1016845328 ns, Reaching safepoint: 29278 ns, Cleanup: 17834 ns, At safepoint: 14127 ns, Total: 61239 ns
[2025-05-29T05:01:45.922+0000][71][info ][safepoint   ] Safepoint "Cleanup", Time since last: 15002874164 ns, Reaching safepoint: 21642 ns, Cleanup: 16657 ns, At safepoint: 9669 ns, Total: 47968 ns
[2025-05-29T05:02:07.925+0000][71][info ][safepoint   ] Safepoint "Cleanup", Time since last: 22005045372 ns, Reaching safepoint: 201890 ns, Cleanup: 14227 ns, At safepoint: 18880 ns, Total: 234997 ns
[2025-05-29T05:02:37.954+0000][71][info ][safepoint   ] Safepoint "Cleanup", Time since last: 30031709296 ns, Reaching safepoint: 22652 ns, Cleanup: 12742 ns, At safepoint: 9181 ns, Total: 44575 ns
[2025-05-29T05:03:07.958+0000][71][info ][safepoint   ] Safepoint "Cleanup", Time since last: 30006000466 ns, Reaching safepoint: 121152 ns, Cleanup: 17220 ns, At safepoint: 14090 ns, Total: 152462 ns
[2025-05-29T05:03:11.975+0000][71][info ][safepoint   ] Safepoint "Cleanup", Time since last: 4016366469 ns, Reaching safepoint: 13512 ns, Cleanup: 13699 ns, At safepoint: 5697 ns, Total: 32908 ns
[2025-05-29T05:03:13.998+0000][71][info ][safepoint   ] Safepoint "Cleanup", Time since last: 2023927403 ns, Reaching safepoint: 23330 ns, Cleanup: 13733 ns, At safepoint: 9173 ns, Total: 46236 ns
[2025-05-29T05:03:18.049+0000][71][info ][safepoint   ] Safepoint "Cleanup", Time since last: 4052228562 ns, Reaching safepoint: 86627 ns, Cleanup: 16486 ns, At safepoint: 15866 ns, Total: 118979 ns
[2025-05-29T05:03:34.051+0000][71][info ][safepoint   ] Safepoint "Cleanup", Time since last: 16002245852 ns, Reaching safepoint: 61060 ns, Cleanup: 14370 ns, At safepoint: 15801 ns, Total: 91231 ns
[2025-05-29T05:03:36.096+0000][71][info ][safepoint   ] Safepoint "Cleanup", Time since last: 2044268664 ns, Reaching safepoint: 100102 ns, Cleanup: 11816 ns, At safepoint: 45505 ns, Total: 157423 ns
[2025-05-29T05:03:37.100+0000][71][info ][safepoint   ] Safepoint "Cleanup", Time since last: 1004492641 ns, Reaching safepoint: 15054 ns, Cleanup: 19988 ns, At safepoint: 20837 ns, Total: 55879 ns
[2025-05-29T05:04:39.118+0000][71][info ][safepoint   ] Safepoint "Cleanup", Time since last: 62023072487 ns, Reaching safepoint: 16764 ns, Cleanup: 11198 ns, At safepoint: 19891 ns, Total: 47853 ns
[2025-05-29T05:04:40.130+0000][71][info ][safepoint   ] Safepoint "Cleanup", Time since last: 1011650622 ns, Reaching safepoint: 33680 ns, Cleanup: 17768 ns, At safepoint: 16294 ns, Total: 67742 ns
[2025-05-29T05:05:08.135+0000][71][info ][safepoint   ] Safepoint "Cleanup", Time since last: 28006646804 ns, Reaching safepoint: 97872 ns, Cleanup: 18138 ns, At safepoint: 8623 ns, Total: 124633 ns
[2025-05-29T05:05:09.135+0000][71][info ][safepoint   ] Safepoint "Cleanup", Time since last: 1000595721 ns, Reaching safepoint: 25555 ns, Cleanup: 16423 ns, At safepoint: 11596 ns, Total: 53574 ns
[2025-05-29T05:06:08.194+0000][71][info ][safepoint   ] Safepoint "Cleanup", Time since last: 59062745167 ns, Reaching safepoint: 40823 ns, Cleanup: 15596 ns, At safepoint: 10652 ns, Total: 67071 ns
[2025-05-29T05:06:42.659+0000][71][info ][safepoint   ] Safepoint "Cleanup", Time since last: 34467395257 ns, Reaching safepoint: 25039 ns, Cleanup: 17415 ns, At safepoint: 11105 ns, Total: 53559 ns
[2025-05-29T05:07:08.230+0000][71][info ][safepoint   ] Safepoint "Cleanup", Time since last: 25573124517 ns, Reaching safepoint: 27116 ns, Cleanup: 17860 ns, At safepoint: 12701 ns, Total: 57677 ns
[2025-05-29T05:07:11.397+0000][71][info ][safepoint   ] Safepoint "Cleanup", Time since last: 3167616497 ns, Reaching safepoint: 7735 ns, Cleanup: 9021 ns, At safepoint: 13736 ns, Total: 30492 ns
[2025-05-29T05:07:13.265+0000][71][info ][safepoint   ] Safepoint "Cleanup", Time since last: 1867118003 ns, Reaching safepoint: 18310 ns, Cleanup: 47872 ns, At safepoint: 8271 ns, Total: 74453 ns
[2025-05-29T05:07:18.270+0000][71][info ][safepoint   ] Safepoint "Cleanup", Time since last: 5008195920 ns, Reaching safepoint: 14862 ns, Cleanup: 11463 ns, At safepoint: 17213 ns, Total: 43538 ns
[2025-05-29T05:07:23.317+0000][71][info ][safepoint   ] Safepoint "Cleanup", Time since last: 5046737564 ns, Reaching safepoint: 24643 ns, Cleanup: 15096 ns, At safepoint: 10569 ns, Total: 50308 ns
[2025-05-29T05:07:47.530+0000][71][info ][safepoint   ] Safepoint "Cleanup", Time since last: 24215704087 ns, Reaching safepoint: 6742 ns, Cleanup: 8268 ns, At safepoint: 3272 ns, Total: 18282 ns
[2025-05-29T05:07:49.039+0000][71][info ][safepoint   ] Safepoint "Cleanup", Time since last: 1508218573 ns, Reaching safepoint: 6898 ns, Cleanup: 9637 ns, At safepoint: 5031 ns, Total: 21566 ns
[2025-05-29T05:07:50.374+0000][71][info ][safepoint   ] Safepoint "Cleanup", Time since last: 1334919236 ns, Reaching safepoint: 14985 ns, Cleanup: 9968 ns, At safepoint: 20156 ns, Total: 45109 ns
[2025-05-29T05:07:51.380+0000][71][info ][safepoint   ] Safepoint "Cleanup", Time since last: 1006209921 ns, Reaching safepoint: 13849 ns, Cleanup: 18963 ns, At safepoint: 19727 ns, Total: 52539 ns
[2025-05-29T05:07:53.384+0000][71][info ][safepoint   ] Safepoint "Cleanup", Time since last: 2004581654 ns, Reaching safepoint: 13275 ns, Cleanup: 12727 ns, At safepoint: 18919 ns, Total: 44921 ns
[2025-05-29T05:07:54.402+0000][71][info ][safepoint   ] Safepoint "Cleanup", Time since last: 1017608774 ns, Reaching safepoint: 113875 ns, Cleanup: 46762 ns, At safepoint: 37391 ns, Total: 198028 ns
[2025-05-29T05:07:56.374+0000][71][info ][safepoint   ] Safepoint "Cleanup", Time since last: 1972128622 ns, Reaching safepoint: 7244 ns, Cleanup: 12298 ns, At safepoint: 3169 ns, Total: 22711 ns
[2025-05-29T05:07:56.782+0000][71][info ][safepoint   ] Safepoint "ICBufferFull", Time since last: 407146628 ns, Reaching safepoint: 128032 ns, Cleanup: 160485 ns, At safepoint: 71751 ns, Total: 360268 ns
[2025-05-29T05:07:58.455+0000][71][info ][safepoint   ] Safepoint "Cleanup", Time since last: 1673284840 ns, Reaching safepoint: 27294 ns, Cleanup: 68200 ns, At safepoint: 14325 ns, Total: 109819 ns
[2025-05-29T05:08:00.151+0000][71][info ][safepoint   ] Safepoint "Cleanup", Time since last: 1695662282 ns, Reaching safepoint: 6073 ns, Cleanup: 10970 ns, At safepoint: 13238 ns, Total: 30281 ns
[2025-05-29T05:08:04.167+0000][71][info ][safepoint   ] Safepoint "Cleanup", Time since last: 4016406961 ns, Reaching safepoint: 25033 ns, Cleanup: 15738 ns, At safepoint: 11549 ns, Total: 52320 ns
[2025-05-29T05:08:05.168+0000][71][info ][safepoint   ] Safepoint "Cleanup", Time since last: 1000565162 ns, Reaching safepoint: 24050 ns, Cleanup: 14612 ns, At safepoint: 10183 ns, Total: 48845 ns
[2025-05-29T05:08:06.169+0000][71][info ][safepoint   ] Safepoint "Cleanup", Time since last: 1000565463 ns, Reaching safepoint: 29733 ns, Cleanup: 17946 ns, At safepoint: 10676 ns, Total: 58355 ns
[2025-05-29T05:08:08.169+0000][71][info ][safepoint   ] Safepoint "Cleanup", Time since last: 2000710353 ns, Reaching safepoint: 27718 ns, Cleanup: 31799 ns, At safepoint: 12645 ns, Total: 72162 ns
[2025-05-29T05:08:09.170+0000][71][info ][safepoint   ] Safepoint "Cleanup", Time since last: 1000588949 ns, Reaching safepoint: 18985 ns, Cleanup: 17329 ns, At safepoint: 9334 ns, Total: 45648 ns
[2025-05-29T05:08:13.706+0000][71][info ][safepoint   ] Safepoint "Cleanup", Time since last: 4535272402 ns, Reaching safepoint: 81570 ns, Cleanup: 41558 ns, At safepoint: 13196 ns, Total: 136324 ns
[2025-05-29T05:08:15.479+0000][71][info ][safepoint   ] Safepoint "Cleanup", Time since last: 1773415418 ns, Reaching safepoint: 26456 ns, Cleanup: 33229 ns, At safepoint: 12375 ns, Total: 72060 ns
[2025-05-29T05:08:16.499+0000][71][info ][safepoint   ] Safepoint "Cleanup", Time since last: 1020162532 ns, Reaching safepoint: 28064 ns, Cleanup: 17601 ns, At safepoint: 12154 ns, Total: 57819 ns
[2025-05-29T05:08:19.181+0000][71][info ][safepoint   ] Safepoint "Cleanup", Time since last: 2683975056 ns, Reaching safepoint: 8438 ns, Cleanup: 9147 ns, At safepoint: 2921 ns, Total: 20506 ns
[2025-05-29T05:08:24.183+0000][71][info ][safepoint   ] Safepoint "Cleanup", Time since last: 5001035978 ns, Reaching safepoint: 26163 ns, Cleanup: 16796 ns, At safepoint: 11525 ns, Total: 54484 ns
[2025-05-29T05:08:28.184+0000][71][info ][safepoint   ] Safepoint "Cleanup", Time since last: 4001003682 ns, Reaching safepoint: 32005 ns, Cleanup: 20139 ns, At safepoint: 13499 ns, Total: 65643 ns
[2025-05-29T05:08:36.185+0000][71][info ][safepoint   ] Safepoint "Cleanup", Time since last: 8001452996 ns, Reaching safepoint: 25337 ns, Cleanup: 18335 ns, At safepoint: 11189 ns, Total: 54861 ns
[2025-05-29T05:08:43.187+0000][71][info ][safepoint   ] Safepoint "Cleanup", Time since last: 7001365784 ns, Reaching safepoint: 54224 ns, Cleanup: 17204 ns, At safepoint: 11770 ns, Total: 83198 ns
[2025-05-29T05:08:44.187+0000][71][info ][safepoint   ] Safepoint "Cleanup", Time since last: 1000622541 ns, Reaching safepoint: 26270 ns, Cleanup: 14239 ns, At safepoint: 11234 ns, Total: 51743 ns
[2025-05-29T05:08:45.225+0000][71][info ][safepoint   ] Safepoint "Cleanup", Time since last: 1037920587 ns, Reaching safepoint: 24866 ns, Cleanup: 14779 ns, At safepoint: 11508 ns, Total: 51153 ns
[2025-05-29T05:08:46.226+0000][71][info ][safepoint   ] Safepoint "Cleanup", Time since last: 1000663631 ns, Reaching safepoint: 27154 ns, Cleanup: 16013 ns, At safepoint: 11958 ns, Total: 55125 ns
[2025-05-29T05:08:49.224+0000][71][info ][safepoint   ] Safepoint "Cleanup", Time since last: 3000823830 ns, Reaching safepoint: 26037 ns, Cleanup: 24321 ns, At safepoint: 14855 ns, Total: 65213 ns
[2025-05-29T05:08:50.373+0000][71][info ][safepoint   ] Safepoint "Cleanup", Time since last: 1148999044 ns, Reaching safepoint: 15166 ns, Cleanup: 17038 ns, At safepoint: 20707 ns, Total: 52911 ns
[2025-05-29T05:08:51.546+0000][71][info ][safepoint   ] Safepoint "Cleanup", Time since last: 1172572864 ns, Reaching safepoint: 7056 ns, Cleanup: 18855 ns, At safepoint: 13040 ns, Total: 38951 ns
[2025-05-29T05:08:56.565+0000][71][info ][safepoint   ] Safepoint "Cleanup", Time since last: 5018705797 ns, Reaching safepoint: 64351 ns, Cleanup: 17079 ns, At safepoint: 12064 ns, Total: 93494 ns
[2025-05-29T05:08:58.566+0000][71][info ][safepoint   ] Safepoint "Cleanup", Time since last: 2000710533 ns, Reaching safepoint: 26778 ns, Cleanup: 15499 ns, At safepoint: 11226 ns, Total: 53503 ns
[2025-05-29T05:08:59.566+0000][71][info ][safepoint   ] Safepoint "Cleanup", Time since last: 1000639811 ns, Reaching safepoint: 28974 ns, Cleanup: 19881 ns, At safepoint: 15679 ns, Total: 64534 ns
[2025-05-29T05:09:03.567+0000][71][info ][safepoint   ] Safepoint "Cleanup", Time since last: 4000974409 ns, Reaching safepoint: 25693 ns, Cleanup: 18294 ns, At safepoint: 12146 ns, Total: 56133 ns
[2025-05-29T05:09:07.568+0000][71][info ][safepoint   ] Safepoint "Cleanup", Time since last: 4001048586 ns, Reaching safepoint: 26442 ns, Cleanup: 15963 ns, At safepoint: 10793 ns, Total: 53198 ns
[2025-05-29T05:09:09.569+0000][71][info ][safepoint   ] Safepoint "Cleanup", Time since last: 2000716627 ns, Reaching safepoint: 26204 ns, Cleanup: 16460 ns, At safepoint: 12171 ns, Total: 54835 ns
[2025-05-29T05:09:13.731+0000][71][info ][safepoint   ] Safepoint "Cleanup", Time since last: 4162065411 ns, Reaching safepoint: 59688 ns, Cleanup: 15520 ns, At safepoint: 11371 ns, Total: 86579 ns
[2025-05-29T05:09:14.732+0000][71][info ][safepoint   ] Safepoint "Cleanup", Time since last: 1000592282 ns, Reaching safepoint: 25364 ns, Cleanup: 18949 ns, At safepoint: 11300 ns, Total: 55613 ns
[2025-05-29T05:09:20.731+0000][71][info ][safepoint   ] Safepoint "Cleanup", Time since last: 6001279017 ns, Reaching safepoint: 86712 ns, Cleanup: 20994 ns, At safepoint: 20731 ns, Total: 128437 ns
[2025-05-29T05:09:32.733+0000][71][info ][safepoint   ] Safepoint "Cleanup", Time since last: 12002235335 ns, Reaching safepoint: 78991 ns, Cleanup: 32117 ns, At safepoint: 8613 ns, Total: 119721 ns
[2025-05-29T05:09:33.734+0000][71][info ][safepoint   ] Safepoint "Cleanup", Time since last: 1000827744 ns, Reaching safepoint: 28703 ns, Cleanup: 22882 ns, At safepoint: 16078 ns, Total: 67663 ns
[2025-05-29T05:09:41.736+0000][71][info ][safepoint   ] Safepoint "Cleanup", Time since last: 8001981621 ns, Reaching safepoint: 122321 ns, Cleanup: 24541 ns, At safepoint: 17389 ns, Total: 164251 ns
[2025-05-29T05:09:53.394+0000][71][info ][safepoint   ] Safepoint "Cleanup", Time since last: 11659938594 ns, Reaching safepoint: 35059 ns, Cleanup: 20289 ns, At safepoint: 74916 ns, Total: 130264 ns
[2025-05-29T05:10:05.605+0000][71][info ][safepoint   ] Safepoint "Cleanup", Time since last: 12210355295 ns, Reaching safepoint: 63887 ns, Cleanup: 16668 ns, At safepoint: 10969 ns, Total: 91524 ns
[2025-05-29T05:10:07.606+0000][71][info ][safepoint   ] Safepoint "Cleanup", Time since last: 2000781306 ns, Reaching safepoint: 57418 ns, Cleanup: 23172 ns, At safepoint: 10300 ns, Total: 90890 ns
[2025-05-29T05:10:34.762+0000][71][info ][safepoint   ] Safepoint "Cleanup", Time since last: 27158772529 ns, Reaching safepoint: 41394 ns, Cleanup: 20299 ns, At safepoint: 7574 ns, Total: 69267 ns
[2025-05-29T05:10:48.932+0000][71][info ][safepoint   ] Safepoint "Cleanup", Time since last: 14070261775 ns, Reaching safepoint: 102074717 ns, Cleanup: 15962 ns, At safepoint: 162530 ns, Total: 102253209 ns
[2025-05-29T05:10:53.768+0000][71][info ][safepoint   ] Safepoint "Cleanup", Time since last: 4835200453 ns, Reaching safepoint: 14486 ns, Cleanup: 23687 ns, At safepoint: 32973 ns, Total: 71146 ns
[2025-05-29T05:11:13.939+0000][71][info ][safepoint   ] Safepoint "Cleanup", Time since last: 20171773643 ns, Reaching safepoint: 28994 ns, Cleanup: 15084 ns, At safepoint: 13578 ns, Total: 57656 ns
[2025-05-29T05:11:22.943+0000][71][info ][safepoint   ] Safepoint "Cleanup", Time since last: 9005239512 ns, Reaching safepoint: 30759 ns, Cleanup: 16458 ns, At safepoint: 60494 ns, Total: 107711 ns
[2025-05-29T05:11:29.945+0000][71][info ][safepoint   ] Safepoint "Cleanup", Time since last: 7001867117 ns, Reaching safepoint: 31929 ns, Cleanup: 16029 ns, At safepoint: 15267 ns, Total: 63225 ns
[2025-05-29T05:11:42.044+0000][71][info ][safepoint   ] Safepoint "Cleanup", Time since last: 12099570037 ns, Reaching safepoint: 17305 ns, Cleanup: 12255 ns, At safepoint: 7910 ns, Total: 37470 ns
[2025-05-29T05:11:44.045+0000][71][info ][safepoint   ] Safepoint "Cleanup", Time since last: 2000794523 ns, Reaching safepoint: 29483 ns, Cleanup: 16051 ns, At safepoint: 15730 ns, Total: 61264 ns
[2025-05-29T05:11:54.045+0000][71][info ][safepoint   ] Safepoint "Cleanup", Time since last: 10002235490 ns, Reaching safepoint: 66590 ns, Cleanup: 16328 ns, At safepoint: 16099 ns, Total: 99017 ns
[2025-05-29T05:12:49.052+0000][71][info ][safepoint   ] Safepoint "Cleanup", Time since last: 55011659322 ns, Reaching safepoint: 71193 ns, Cleanup: 16945 ns, At safepoint: 15134 ns, Total: 103272 ns
[2025-05-29T05:12:59.054+0000][71][info ][safepoint   ] Safepoint "Cleanup", Time since last: 10002130266 ns, Reaching safepoint: 26181 ns, Cleanup: 15953 ns, At safepoint: 10811 ns, Total: 52945 ns
[2025-05-29T05:13:03.710+0000][71][info ][safepoint   ] Safepoint "Cleanup", Time since last: 4655514718 ns, Reaching safepoint: 68156 ns, Cleanup: 17247 ns, At safepoint: 29100 ns, Total: 114503 ns
[2025-05-29T05:13:07.711+0000][71][info ][safepoint   ] Safepoint "Cleanup", Time since last: 4001184535 ns, Reaching safepoint: 19617 ns, Cleanup: 15019 ns, At safepoint: 8388 ns, Total: 43024 ns
[2025-05-29T05:13:14.752+0000][71][info ][safepoint   ] Safepoint "Cleanup", Time since last: 7040500539 ns, Reaching safepoint: 18633 ns, Cleanup: 12432 ns, At safepoint: 77413 ns, Total: 108478 ns
[2025-05-29T05:13:16.727+0000][71][info ][safepoint   ] Safepoint "Cleanup", Time since last: 1974715820 ns, Reaching safepoint: 33097 ns, Cleanup: 32759 ns, At safepoint: 16194 ns, Total: 82050 ns
[2025-05-29T05:13:18.763+0000][71][info ][safepoint   ] Safepoint "Cleanup", Time since last: 2038111203 ns, Reaching safepoint: 67621 ns, Cleanup: 77185 ns, At safepoint: 33073 ns, Total: 177879 ns
[2025-05-29T05:13:19.071+0000][71][info ][safepoint   ] Safepoint "ICBufferFull", Time since last: 306408902 ns, Reaching safepoint: 878835 ns, Cleanup: 208467 ns, At safepoint: 528014 ns, Total: 1615316 ns
[2025-05-29T05:13:19.324+0000][71][info ][safepoint   ] Safepoint "ICBufferFull", Time since last: 252591151 ns, Reaching safepoint: 295618 ns, Cleanup: 171941 ns, At safepoint: 92181 ns, Total: 559740 ns
[2025-05-29T05:13:19.325+0000][71][info ][safepoint   ] Safepoint "ICBufferFull", Time since last: 474115 ns, Reaching safepoint: 107624 ns, Cleanup: 8065 ns, At safepoint: 115158 ns, Total: 230847 ns
[2025-05-29T05:13:19.326+0000][71][info ][safepoint   ] Safepoint "ICBufferFull", Time since last: 618869 ns, Reaching safepoint: 286986 ns, Cleanup: 8525 ns, At safepoint: 119575 ns, Total: 415086 ns
[2025-05-29T05:13:20.627+0000][71][info ][safepoint   ] Safepoint "ICBufferFull", Time since last: 1300630871 ns, Reaching safepoint: 29480 ns, Cleanup: 272594 ns, At safepoint: 78112 ns, Total: 380186 ns
[2025-05-29T05:13:21.628+0000][71][info ][safepoint   ] Safepoint "Cleanup", Time since last: 1000717187 ns, Reaching safepoint: 24371 ns, Cleanup: 64683 ns, At safepoint: 12705 ns, Total: 101759 ns
[2025-05-29T05:13:23.629+0000][71][info ][safepoint   ] Safepoint "Cleanup", Time since last: 2000730142 ns, Reaching safepoint: 17294 ns, Cleanup: 45948 ns, At safepoint: 9996 ns, Total: 73238 ns
[2025-05-29T05:13:24.756+0000][71][info ][safepoint   ] Safepoint "Cleanup", Time since last: 1127829305 ns, Reaching safepoint: 18067 ns, Cleanup: 14674 ns, At safepoint: 7675 ns, Total: 40416 ns
[2025-05-29T05:13:27.758+0000][71][info ][safepoint   ] Safepoint "Cleanup", Time since last: 3001573796 ns, Reaching safepoint: 29528 ns, Cleanup: 18831 ns, At safepoint: 16059 ns, Total: 64418 ns
[2025-05-29T05:13:28.759+0000][71][info ][safepoint   ] Safepoint "Cleanup", Time since last: 1000751487 ns, Reaching safepoint: 31600 ns, Cleanup: 23624 ns, At safepoint: 15427 ns, Total: 70651 ns
[2025-05-29T05:13:32.760+0000][71][info ][safepoint   ] Safepoint "Cleanup", Time since last: 4001081390 ns, Reaching safepoint: 18054 ns, Cleanup: 12527 ns, At safepoint: 8090 ns, Total: 38671 ns
[2025-05-29T05:13:33.761+0000][71][info ][safepoint   ] Safepoint "Cleanup", Time since last: 1000746584 ns, Reaching safepoint: 45255 ns, Cleanup: 14777 ns, At safepoint: 9259 ns, Total: 69291 ns
[2025-05-29T05:13:38.762+0000][71][info ][safepoint   ] Safepoint "Cleanup", Time since last: 5001376872 ns, Reaching safepoint: 20703 ns, Cleanup: 12642 ns, At safepoint: 7963 ns, Total: 41308 ns
[2025-05-29T05:13:39.763+0000][71][info ][safepoint   ] Safepoint "Cleanup", Time since last: 1000696819 ns, Reaching safepoint: 34536 ns, Cleanup: 27497 ns, At safepoint: 16710 ns, Total: 78743 ns
[2025-05-29T05:13:41.765+0000][71][info ][safepoint   ] Safepoint "Cleanup", Time since last: 2001511803 ns, Reaching safepoint: 32370 ns, Cleanup: 17317 ns, At safepoint: 15624 ns, Total: 65311 ns
[2025-05-29T05:13:43.764+0000][71][info ][safepoint   ] Safepoint "Cleanup", Time since last: 1999552633 ns, Reaching safepoint: 8418 ns, Cleanup: 17409 ns, At safepoint: 13897 ns, Total: 39724 ns
[2025-05-29T05:13:47.797+0000][71][info ][safepoint   ] Safepoint "Cleanup", Time since last: 4035104098 ns, Reaching safepoint: 29613 ns, Cleanup: 15922 ns, At safepoint: 15058 ns, Total: 60593 ns
[2025-05-29T05:14:02.751+0000][71][info ][safepoint   ] Safepoint "Cleanup", Time since last: 14954227395 ns, Reaching safepoint: 32421 ns, Cleanup: 16194 ns, At safepoint: 22442 ns, Total: 71057 ns
[2025-05-29T05:14:03.774+0000][71][info ][safepoint   ] Safepoint "Cleanup", Time since last: 1023285273 ns, Reaching safepoint: 17771 ns, Cleanup: 29160 ns, At safepoint: 25399 ns, Total: 72330 ns
[2025-05-29T05:14:05.799+0000][71][info ][safepoint   ] Safepoint "Cleanup", Time since last: 2024761356 ns, Reaching safepoint: 56714 ns, Cleanup: 16988 ns, At safepoint: 10973 ns, Total: 84675 ns
[2025-05-29T05:14:07.800+0000][71][info ][safepoint   ] Safepoint "Cleanup", Time since last: 2000933293 ns, Reaching safepoint: 28629 ns, Cleanup: 26921 ns, At safepoint: 11804 ns, Total: 67354 ns
[2025-05-29T05:14:08.803+0000][71][info ][safepoint   ] Safepoint "Cleanup", Time since last: 1002501051 ns, Reaching safepoint: 18700 ns, Cleanup: 38977 ns, At safepoint: 8982 ns, Total: 66659 ns
[2025-05-29T05:14:09.803+0000][71][info ][safepoint   ] Safepoint "Cleanup", Time since last: 1000631652 ns, Reaching safepoint: 28449 ns, Cleanup: 20371 ns, At safepoint: 14993 ns, Total: 63813 ns
[2025-05-29T05:14:11.124+0000][71][info ][safepoint   ] Safepoint "Cleanup", Time since last: 1320655432 ns, Reaching safepoint: 16719 ns, Cleanup: 29690 ns, At safepoint: 7846 ns, Total: 54255 ns
[2025-05-29T05:14:16.126+0000][71][info ][safepoint   ] Safepoint "Cleanup", Time since last: 5001283357 ns, Reaching safepoint: 24169 ns, Cleanup: 16968 ns, At safepoint: 12266 ns, Total: 53403 ns
[2025-05-29T05:14:48.129+0000][71][info ][safepoint   ] Safepoint "Cleanup", Time since last: 32007892908 ns, Reaching safepoint: 18618 ns, Cleanup: 22513 ns, At safepoint: 8726 ns, Total: 49857 ns
[2025-05-29T05:14:51.130+0000][71][info ][safepoint   ] Safepoint "Cleanup", Time since last: 3000968044 ns, Reaching safepoint: 73657 ns, Cleanup: 16031 ns, At safepoint: 18003 ns, Total: 107691 ns
[2025-05-29T05:14:54.131+0000][71][info ][safepoint   ] Safepoint "Cleanup", Time since last: 3000980212 ns, Reaching safepoint: 19846 ns, Cleanup: 16076 ns, At safepoint: 8984 ns, Total: 44906 ns
[2025-05-29T05:15:04.133+0000][71][info ][safepoint   ] Safepoint "Cleanup", Time since last: 10002077536 ns, Reaching safepoint: 30138 ns, Cleanup: 20600 ns, At safepoint: 15503 ns, Total: 66241 ns
[2025-05-29T05:15:05.758+0000][71][info ][safepoint   ] Safepoint "Cleanup", Time since last: 1625261712 ns, Reaching safepoint: 113174 ns, Cleanup: 17149 ns, At safepoint: 42856 ns, Total: 173179 ns
[2025-05-29T05:15:06.780+0000][71][info ][safepoint   ] Safepoint "Cleanup", Time since last: 1021383070 ns, Reaching safepoint: 32816 ns, Cleanup: 21141 ns, At safepoint: 16529 ns, Total: 70486 ns
[2025-05-29T05:15:07.836+0000][71][info ][safepoint   ] Safepoint "Cleanup", Time since last: 1056341480 ns, Reaching safepoint: 30792 ns, Cleanup: 22784 ns, At safepoint: 15573 ns, Total: 69149 ns
[2025-05-29T05:15:08.837+0000][71][info ][safepoint   ] Safepoint "Cleanup", Time since last: 1000788297 ns, Reaching safepoint: 20700 ns, Cleanup: 14784 ns, At safepoint: 8115 ns, Total: 43599 ns
[2025-05-29T05:15:09.839+0000][71][info ][safepoint   ] Safepoint "Cleanup", Time since last: 1001561051 ns, Reaching safepoint: 30583 ns, Cleanup: 16871 ns, At safepoint: 15720 ns, Total: 63174 ns
[2025-05-29T05:15:12.161+0000][71][info ][safepoint   ] Safepoint "Cleanup", Time since last: 2322426553 ns, Reaching safepoint: 29744 ns, Cleanup: 19048 ns, At safepoint: 14523 ns, Total: 63315 ns
[2025-05-29T05:15:14.162+0000][71][info ][safepoint   ] Safepoint "Cleanup", Time since last: 2000825055 ns, Reaching safepoint: 19440 ns, Cleanup: 20145 ns, At safepoint: 8454 ns, Total: 48039 ns
[2025-05-29T05:15:15.163+0000][71][info ][safepoint   ] Safepoint "Cleanup", Time since last: 1000832944 ns, Reaching safepoint: 19351 ns, Cleanup: 14575 ns, At safepoint: 8468 ns, Total: 42394 ns
[2025-05-29T05:15:19.162+0000][71][info ][safepoint   ] Safepoint "Cleanup", Time since last: 4001165129 ns, Reaching safepoint: 28890 ns, Cleanup: 19943 ns, At safepoint: 14572 ns, Total: 63405 ns
[2025-05-29T05:15:24.163+0000][71][info ][safepoint   ] Safepoint "Cleanup", Time since last: 5001627692 ns, Reaching safepoint: 17396 ns, Cleanup: 15102 ns, At safepoint: 8854 ns, Total: 41352 ns
[2025-05-29T05:15:38.166+0000][71][info ][safepoint   ] Safepoint "Cleanup", Time since last: 14002809425 ns, Reaching safepoint: 42977 ns, Cleanup: 13273 ns, At safepoint: 9970 ns, Total: 66220 ns
[2025-05-29T05:15:39.167+0000][71][info ][safepoint   ] Safepoint "Cleanup", Time since last: 1000581674 ns, Reaching safepoint: 16050 ns, Cleanup: 11728 ns, At safepoint: 8182 ns, Total: 35960 ns
[2025-05-29T05:15:44.168+0000][71][info ][safepoint   ] Safepoint "Cleanup", Time since last: 5001255812 ns, Reaching safepoint: 34927 ns, Cleanup: 24736 ns, At safepoint: 18623 ns, Total: 78286 ns
[2025-05-29T05:16:08.171+0000][71][info ][safepoint   ] Safepoint "Cleanup", Time since last: 24004345343 ns, Reaching safepoint: 76674 ns, Cleanup: 27235 ns, At safepoint: 15635 ns, Total: 119544 ns
[2025-05-29T05:16:09.867+0000][71][info ][safepoint   ] Safepoint "Cleanup", Time since last: 1695669101 ns, Reaching safepoint: 30726 ns, Cleanup: 21769 ns, At safepoint: 14873 ns, Total: 67368 ns
[2025-05-29T05:16:33.200+0000][71][info ][safepoint   ] Safepoint "Cleanup", Time since last: 23335558961 ns, Reaching safepoint: 110190 ns, Cleanup: 14710 ns, At safepoint: 9164 ns, Total: 134064 ns
[2025-05-29T05:16:44.203+0000][71][info ][safepoint   ] Safepoint "Cleanup", Time since last: 11002966323 ns, Reaching safepoint: 31468 ns, Cleanup: 16536 ns, At safepoint: 15807 ns, Total: 63811 ns
[2025-05-29T05:16:48.202+0000][71][info ][safepoint   ] Safepoint "Cleanup", Time since last: 4001360215 ns, Reaching safepoint: 29666 ns, Cleanup: 16201 ns, At safepoint: 15289 ns, Total: 61156 ns
[2025-05-29T05:17:03.205+0000][71][info ][safepoint   ] Safepoint "Cleanup", Time since last: 15003181129 ns, Reaching safepoint: 171190 ns, Cleanup: 19129 ns, At safepoint: 18804 ns, Total: 209123 ns
[2025-05-29T05:17:08.207+0000][71][info ][safepoint   ] Safepoint "Cleanup", Time since last: 5001615832 ns, Reaching safepoint: 33679 ns, Cleanup: 22779 ns, At safepoint: 19626 ns, Total: 76084 ns
[2025-05-29T05:17:28.321+0000][71][info ][gc,start    ] GC(17) Pause Young (Prepare Mixed) (G1 Evacuation Pause)
[2025-05-29T05:17:28.328+0000][71][info ][gc,task     ] GC(17) Using 10 workers of 10 for evacuation
[2025-05-29T05:17:28.330+0000][71][debug][gc,age      ] GC(17) Desired survivor size 153092096 bytes, new threshold 15 (max threshold 15)
[2025-05-29T05:17:28.464+0000][71][info ][gc,phases   ] GC(17)   Pre Evacuate Collection Set: 18.13ms
[2025-05-29T05:17:28.465+0000][71][info ][gc,phases   ] GC(17)   Merge Heap Roots: 8.27ms
[2025-05-29T05:17:28.465+0000][71][info ][gc,phases   ] GC(17)   Evacuate Collection Set: 93.61ms
[2025-05-29T05:17:28.466+0000][71][info ][gc,phases   ] GC(17)   Post Evacuate Collection Set: 10.70ms
[2025-05-29T05:17:28.467+0000][71][info ][gc,phases   ] GC(17)   Other: 7.26ms
[2025-05-29T05:17:28.468+0000][71][trace][gc,age      ] GC(17) Age table with threshold 15 (max threshold 15)
[2025-05-29T05:17:28.468+0000][71][trace][gc,age      ] GC(17) - age   1:    4452832 bytes,    4452832 total
[2025-05-29T05:17:28.469+0000][71][trace][gc,age      ] GC(17) - age   2:     301712 bytes,    4754544 total
[2025-05-29T05:17:28.469+0000][71][trace][gc,age      ] GC(17) - age   3:     232240 bytes,    4986784 total
[2025-05-29T05:17:28.470+0000][71][trace][gc,age      ] GC(17) - age   4:     438480 bytes,    5425264 total
[2025-05-29T05:17:28.470+0000][71][info ][gc,heap     ] GC(17) Eden regions: 581->0(580)
[2025-05-29T05:17:28.470+0000][71][info ][gc,heap     ] GC(17) Survivor regions: 1->2(73)
[2025-05-29T05:17:28.471+0000][71][info ][gc,heap     ] GC(17) Old regions: 27->27
[2025-05-29T05:17:28.471+0000][71][info ][gc,heap     ] GC(17) Humongous regions: 0->0
[2025-05-29T05:17:28.472+0000][71][info ][gc,metaspace] GC(17) Metaspace: 145760K(149632K)->145760K(149632K) NonClass: 126221K(128128K)->126221K(128128K) Class: 19539K(21504K)->19539K(21504K)
[2025-05-29T05:17:28.472+0000][71][info ][gc          ] GC(17) Pause Young (Prepare Mixed) (G1 Evacuation Pause) 2432M->111M(3880M) 151.395ms
[2025-05-29T05:17:28.473+0000][71][info ][gc,cpu      ] GC(17) User=0.87s Sys=0.00s Real=0.15s
[2025-05-29T05:17:28.474+0000][71][info ][safepoint   ] Safepoint "G1CollectForAllocation", Time since last: 20113534391 ns, Reaching safepoint: 64635 ns, Cleanup: 6249 ns, At safepoint: 154743521 ns, Total: 154814405 ns
[2025-05-29T05:17:33.475+0000][71][info ][safepoint   ] Safepoint "Cleanup", Time since last: 5001416892 ns, Reaching safepoint: 29067 ns, Cleanup: 78044 ns, At safepoint: 17647 ns, Total: 124758 ns
[2025-05-29T05:18:03.479+0000][71][info ][safepoint   ] Safepoint "Cleanup", Time since last: 30006315349 ns, Reaching safepoint: 67263 ns, Cleanup: 15930 ns, At safepoint: 14759 ns, Total: 97952 ns
[2025-05-29T05:18:07.480+0000][71][info ][safepoint   ] Safepoint "Cleanup", Time since last: 4001550669 ns, Reaching safepoint: 30256 ns, Cleanup: 16768 ns, At safepoint: 53689 ns, Total: 100713 ns
[2025-05-29T05:18:14.975+0000][71][info ][safepoint   ] Safepoint "Cleanup", Time since last: 7495076940 ns, Reaching safepoint: 5905 ns, Cleanup: 9581 ns, At safepoint: 12782 ns, Total: 28268 ns
[2025-05-29T05:18:18.005+0000][71][info ][safepoint   ] Safepoint "Cleanup", Time since last: 3031903133 ns, Reaching safepoint: 19992 ns, Cleanup: 11411 ns, At safepoint: 64392 ns, Total: 95795 ns
[2025-05-29T05:18:19.016+0000][71][info ][safepoint   ] Safepoint "Cleanup", Time since last: 1010842921 ns, Reaching safepoint: 29530 ns, Cleanup: 22413 ns, At safepoint: 14980 ns, Total: 66923 ns
[2025-05-29T05:18:34.059+0000][71][info ][safepoint   ] Safepoint "Cleanup", Time since last: 15042149287 ns, Reaching safepoint: 77107 ns, Cleanup: 20001 ns, At safepoint: 19279 ns, Total: 116387 ns
[2025-05-29T05:18:50.943+0000][71][info ][safepoint   ] Safepoint "Cleanup", Time since last: 16886500570 ns, Reaching safepoint: 27364 ns, Cleanup: 16150 ns, At safepoint: 14154 ns, Total: 57668 ns
[2025-05-29T05:18:56.945+0000][71][info ][safepoint   ] Safepoint "Cleanup", Time since last: 6001548460 ns, Reaching safepoint: 68956 ns, Cleanup: 17825 ns, At safepoint: 30721 ns, Total: 117502 ns
[2025-05-29T05:19:33.097+0000][71][info ][safepoint   ] Safepoint "Cleanup", Time since last: 36154756830 ns, Reaching safepoint: 35706 ns, Cleanup: 16197 ns, At safepoint: 10593 ns, Total: 62496 ns
[2025-05-29T05:19:52.095+0000][71][info ][safepoint   ] Safepoint "Cleanup", Time since last: 19003287698 ns, Reaching safepoint: 533968 ns, Cleanup: 32345 ns, At safepoint: 32484 ns, Total: 598797 ns
[2025-05-29T05:20:09.591+0000][71][info ][safepoint   ] Safepoint "Cleanup", Time since last: 17463935186 ns, Reaching safepoint: 31718735 ns, Cleanup: 21688 ns, At safepoint: 223413 ns, Total: 31963836 ns
[2025-05-29T05:20:14.354+0000][71][info ][safepoint   ] Safepoint "Cleanup", Time since last: 4763521602 ns, Reaching safepoint: 158712 ns, Cleanup: 20512 ns, At safepoint: 36439 ns, Total: 215663 ns
[2025-05-29T05:20:22.752+0000][71][info ][safepoint   ] Safepoint "Cleanup", Time since last: 8332179350 ns, Reaching safepoint: 64263866 ns, Cleanup: 25735 ns, At safepoint: 134562 ns, Total: 64424163 ns
[2025-05-29T05:20:23.800+0000][71][info ][safepoint   ] Safepoint "Cleanup", Time since last: 1048105480 ns, Reaching safepoint: 30904 ns, Cleanup: 17208 ns, At safepoint: 15076 ns, Total: 63188 ns
[2025-05-29T05:20:37.906+0000][71][info ][safepoint   ] Safepoint "Cleanup", Time since last: 14033827443 ns, Reaching safepoint: 72036660 ns, Cleanup: 20400 ns, At safepoint: 99276 ns, Total: 72156336 ns
[2025-05-29T05:20:44.910+0000][71][info ][safepoint   ] Safepoint "Cleanup", Time since last: 7003848745 ns, Reaching safepoint: 46182 ns, Cleanup: 14178 ns, At safepoint: 9809 ns, Total: 70169 ns
[2025-05-29T05:20:57.911+0000][71][info ][safepoint   ] Safepoint "Cleanup", Time since last: 13002362733 ns, Reaching safepoint: 21174 ns, Cleanup: 14937 ns, At safepoint: 9999 ns, Total: 46110 ns
[2025-05-29T05:21:06.913+0000][71][info ][safepoint   ] Safepoint "Cleanup", Time since last: 9001874343 ns, Reaching safepoint: 19952 ns, Cleanup: 12415 ns, At safepoint: 8787 ns, Total: 41154 ns
[2025-05-29T05:21:07.913+0000][71][info ][safepoint   ] Safepoint "Cleanup", Time since last: 1000845813 ns, Reaching safepoint: 28895 ns, Cleanup: 18578 ns, At safepoint: 11439 ns, Total: 58912 ns
[2025-05-29T05:21:13.574+0000][71][info ][safepoint   ] Safepoint "Cleanup", Time since last: 5660157487 ns, Reaching safepoint: 22865 ns, Cleanup: 13421 ns, At safepoint: 8697 ns, Total: 44983 ns
[2025-05-29T05:21:22.983+0000][71][info ][safepoint   ] Safepoint "Cleanup", Time since last: 9411733575 ns, Reaching safepoint: 177835 ns, Cleanup: 22231 ns, At safepoint: 80335 ns, Total: 280401 ns
[2025-05-29T05:21:34.080+0000][71][info ][safepoint   ] Safepoint "Cleanup", Time since last: 11096517341 ns, Reaching safepoint: 36088 ns, Cleanup: 17702 ns, At safepoint: 19014 ns, Total: 72804 ns
[2025-05-29T05:21:42.085+0000][71][info ][safepoint   ] Safepoint "Cleanup", Time since last: 8001738649 ns, Reaching safepoint: 3568805 ns, Cleanup: 22863 ns, At safepoint: 199655 ns, Total: 3791323 ns
[2025-05-29T05:21:54.210+0000][71][info ][safepoint   ] Safepoint "Cleanup", Time since last: 12126897834 ns, Reaching safepoint: 67896 ns, Cleanup: 16033 ns, At safepoint: 15141 ns, Total: 99070 ns
[2025-05-29T05:22:07.529+0000][71][info ][safepoint   ] Safepoint "Cleanup", Time since last: 13319020598 ns, Reaching safepoint: 30972 ns, Cleanup: 29670 ns, At safepoint: 15695 ns, Total: 76337 ns
[2025-05-29T05:22:10.269+0000][71][info ][safepoint   ] Safepoint "Cleanup", Time since last: 2739498829 ns, Reaching safepoint: 6883 ns, Cleanup: 8622 ns, At safepoint: 15353 ns, Total: 30858 ns
[2025-05-29T05:22:11.286+0000][71][info ][safepoint   ] Safepoint "Cleanup", Time since last: 1016556161 ns, Reaching safepoint: 16106 ns, Cleanup: 23167 ns, At safepoint: 71621 ns, Total: 110894 ns
[2025-05-29T05:22:14.320+0000][71][info ][safepoint   ] Safepoint "Cleanup", Time since last: 3034695124 ns, Reaching safepoint: 31681 ns, Cleanup: 20238 ns, At safepoint: 17349 ns, Total: 69268 ns
[2025-05-29T05:22:22.273+0000][71][info ][safepoint   ] Safepoint "Cleanup", Time since last: 7955672538 ns, Reaching safepoint: 18880 ns, Cleanup: 15723 ns, At safepoint: 12571 ns, Total: 47174 ns
[2025-05-29T05:22:23.374+0000][71][info ][safepoint   ] Safepoint "Cleanup", Time since last: 1100706684 ns, Reaching safepoint: 7464 ns, Cleanup: 8775 ns, At safepoint: 15697 ns, Total: 31936 ns
[2025-05-29T05:22:29.419+0000][71][info ][safepoint   ] Safepoint "Cleanup", Time since last: 6044506998 ns, Reaching safepoint: 29377 ns, Cleanup: 15774 ns, At safepoint: 15203 ns, Total: 60354 ns
[2025-05-29T05:22:37.455+0000][71][info ][safepoint   ] Safepoint "Cleanup", Time since last: 8036131374 ns, Reaching safepoint: 76330 ns, Cleanup: 20665 ns, At safepoint: 17277 ns, Total: 114272 ns
[2025-05-29T05:22:42.456+0000][71][info ][safepoint   ] Safepoint "Cleanup", Time since last: 5001263373 ns, Reaching safepoint: 28664 ns, Cleanup: 19871 ns, At safepoint: 14468 ns, Total: 63003 ns
[2025-05-29T05:22:44.560+0000][71][info ][safepoint   ] Safepoint "Cleanup", Time since last: 2104022201 ns, Reaching safepoint: 30740 ns, Cleanup: 18176 ns, At safepoint: 15461 ns, Total: 64377 ns
[2025-05-29T05:23:07.562+0000][71][info ][safepoint   ] Safepoint "Cleanup", Time since last: 23003761888 ns, Reaching safepoint: 52430 ns, Cleanup: 18433 ns, At safepoint: 9470 ns, Total: 80333 ns
[2025-05-29T05:23:08.563+0000][71][info ][safepoint   ] Safepoint "Cleanup", Time since last: 1000715034 ns, Reaching safepoint: 35356 ns, Cleanup: 21609 ns, At safepoint: 16511 ns, Total: 73476 ns
[2025-05-29T05:23:18.780+0000][71][info ][safepoint   ] Safepoint "Cleanup", Time since last: 10219043618 ns, Reaching safepoint: 30704 ns, Cleanup: 36435 ns, At safepoint: 16441 ns, Total: 83580 ns
[2025-05-29T05:24:06.485+0000][71][info ][safepoint   ] Safepoint "Cleanup", Time since last: 47707104919 ns, Reaching safepoint: 75488 ns, Cleanup: 21283 ns, At safepoint: 16517 ns, Total: 113288 ns
[2025-05-29T05:24:07.486+0000][71][info ][safepoint   ] Safepoint "Cleanup", Time since last: 1000673552 ns, Reaching safepoint: 40322 ns, Cleanup: 30391 ns, At safepoint: 15151 ns, Total: 85864 ns
[2025-05-29T05:24:14.816+0000][71][info ][safepoint   ] Safepoint "Cleanup", Time since last: 7330259971 ns, Reaching safepoint: 31285 ns, Cleanup: 19119 ns, At safepoint: 15309 ns, Total: 65713 ns
[2025-05-29T05:24:26.815+0000][71][info ][safepoint   ] Safepoint "Cleanup", Time since last: 12002453498 ns, Reaching safepoint: 95706 ns, Cleanup: 21718 ns, At safepoint: 21476 ns, Total: 138900 ns
[2025-05-29T05:24:28.257+0000][71][info ][safepoint   ] Safepoint "Cleanup", Time since last: 1441596481 ns, Reaching safepoint: 6964 ns, Cleanup: 9130 ns, At safepoint: 15123 ns, Total: 31217 ns
[2025-05-29T05:24:53.690+0000][71][info ][safepoint   ] Safepoint "Cleanup", Time since last: 25434849142 ns, Reaching safepoint: 55745 ns, Cleanup: 19645 ns, At safepoint: 12170 ns, Total: 87560 ns
[2025-05-29T05:24:55.691+0000][71][info ][safepoint   ] Safepoint "Cleanup", Time since last: 2000852459 ns, Reaching safepoint: 28902 ns, Cleanup: 19646 ns, At safepoint: 12434 ns, Total: 60982 ns
[2025-05-29T05:25:07.694+0000][71][info ][safepoint   ] Safepoint "Cleanup", Time since last: 12002585305 ns, Reaching safepoint: 61826 ns, Cleanup: 17447 ns, At safepoint: 14569 ns, Total: 93842 ns
[2025-05-29T05:25:10.695+0000][71][info ][safepoint   ] Safepoint "Cleanup", Time since last: 3001351476 ns, Reaching safepoint: 32775 ns, Cleanup: 19860 ns, At safepoint: 16045 ns, Total: 68680 ns
[2025-05-29T05:25:31.763+0000][71][info ][safepoint   ] Safepoint "Cleanup", Time since last: 21070152000 ns, Reaching safepoint: 17106 ns, Cleanup: 30215 ns, At safepoint: 89559 ns, Total: 136880 ns
[2025-05-29T05:25:53.765+0000][71][info ][safepoint   ] Safepoint "Cleanup", Time since last: 22004888781 ns, Reaching safepoint: 76854 ns, Cleanup: 18902 ns, At safepoint: 19304 ns, Total: 115060 ns
[2025-05-29T05:26:13.879+0000][71][info ][safepoint   ] Safepoint "Cleanup", Time since last: 20113831306 ns, Reaching safepoint: 31212 ns, Cleanup: 22542 ns, At safepoint: 15818 ns, Total: 69572 ns
[2025-05-29T05:26:43.833+0000][71][info ][safepoint   ] Safepoint "Cleanup", Time since last: 29955642715 ns, Reaching safepoint: 33077 ns, Cleanup: 17300 ns, At safepoint: 15368 ns, Total: 65745 ns
[2025-05-29T05:26:44.834+0000][71][info ][safepoint   ] Safepoint "Cleanup", Time since last: 1000772735 ns, Reaching safepoint: 31227 ns, Cleanup: 17939 ns, At safepoint: 17508 ns, Total: 66674 ns
[2025-05-29T05:27:17.939+0000][71][info ][safepoint   ] Safepoint "Cleanup", Time since last: 33110071954 ns, Reaching safepoint: 71113 ns, Cleanup: 31347 ns, At safepoint: 26754 ns, Total: 129214 ns
[2025-05-29T05:27:37.856+0000][71][info ][safepoint   ] Safepoint "Cleanup", Time since last: 19916519512 ns, Reaching safepoint: 16392 ns, Cleanup: 13938 ns, At safepoint: 6196 ns, Total: 36526 ns
[2025-05-29T05:28:08.911+0000][71][info ][safepoint   ] Safepoint "Cleanup", Time since last: 31057766063 ns, Reaching safepoint: 150169 ns, Cleanup: 19556 ns, At safepoint: 23257 ns, Total: 192982 ns
[2025-05-29T05:28:23.961+0000][71][info ][safepoint   ] Safepoint "Cleanup", Time since last: 15052123329 ns, Reaching safepoint: 87252 ns, Cleanup: 415818 ns, At safepoint: 65311 ns, Total: 568381 ns
[2025-05-29T05:28:28.077+0000][71][info ][safepoint   ] Safepoint "Cleanup", Time since last: 4115250405 ns, Reaching safepoint: 99221 ns, Cleanup: 20070 ns, At safepoint: 17189 ns, Total: 136480 ns
[2025-05-29T05:28:39.079+0000][71][info ][safepoint   ] Safepoint "Cleanup", Time since last: 11001847370 ns, Reaching safepoint: 31722 ns, Cleanup: 21342 ns, At safepoint: 16594 ns, Total: 69658 ns
[2025-05-29T05:28:40.406+0000][71][info ][safepoint   ] Safepoint "Cleanup", Time since last: 1327155277 ns, Reaching safepoint: 30375 ns, Cleanup: 194719 ns, At safepoint: 145852 ns, Total: 370946 ns
[2025-05-29T05:28:42.129+0000][71][info ][safepoint   ] Safepoint "Cleanup", Time since last: 1722629467 ns, Reaching safepoint: 33515 ns, Cleanup: 18758 ns, At safepoint: 17516 ns, Total: 69789 ns
[2025-05-29T05:28:43.130+0000][71][info ][safepoint   ] Safepoint "Cleanup", Time since last: 1001112691 ns, Reaching safepoint: 31650 ns, Cleanup: 202056 ns, At safepoint: 39595 ns, Total: 273301 ns
[2025-05-29T05:28:47.129+0000][71][info ][safepoint   ] Safepoint "Cleanup", Time since last: 4001569734 ns, Reaching safepoint: 455931 ns, Cleanup: 17775 ns, At safepoint: 91532 ns, Total: 565238 ns
[2025-05-29T05:28:48.915+0000][71][info ][safepoint   ] Safepoint "Cleanup", Time since last: 1785337938 ns, Reaching safepoint: 6674 ns, Cleanup: 9031 ns, At safepoint: 3222 ns, Total: 18927 ns
[2025-05-29T05:28:49.976+0000][71][info ][safepoint   ] Safepoint "Cleanup", Time since last: 1060938313 ns, Reaching safepoint: 19046 ns, Cleanup: 13719 ns, At safepoint: 9224 ns, Total: 41989 ns
[2025-05-29T05:29:07.979+0000][71][info ][safepoint   ] Safepoint "Cleanup", Time since last: 18003335451 ns, Reaching safepoint: 69024 ns, Cleanup: 28648 ns, At safepoint: 16684 ns, Total: 114356 ns
[2025-05-29T05:29:43.403+0000][71][info ][safepoint   ] Safepoint "Cleanup", Time since last: 35424824410 ns, Reaching safepoint: 250110 ns, Cleanup: 19635 ns, At safepoint: 97935 ns, Total: 367680 ns
[2025-05-29T05:29:45.216+0000][71][info ][safepoint   ] Safepoint "Cleanup", Time since last: 1812568578 ns, Reaching safepoint: 33078 ns, Cleanup: 28743 ns, At safepoint: 13184 ns, Total: 75005 ns
[2025-05-29T05:30:34.130+0000][71][info ][safepoint   ] Safepoint "Cleanup", Time since last: 48918650267 ns, Reaching safepoint: 214210 ns, Cleanup: 37340 ns, At safepoint: 17432 ns, Total: 268982 ns
[2025-05-29T05:30:35.131+0000][71][info ][safepoint   ] Safepoint "Cleanup", Time since last: 1001289332 ns, Reaching safepoint: 25670 ns, Cleanup: 17147 ns, At safepoint: 11491 ns, Total: 54308 ns
[2025-05-29T05:30:44.134+0000][71][info ][safepoint   ] Safepoint "Cleanup", Time since last: 9002085887 ns, Reaching safepoint: 76268 ns, Cleanup: 21410 ns, At safepoint: 35543 ns, Total: 133221 ns
[2025-05-29T05:30:53.377+0000][71][info ][safepoint   ] Safepoint "Cleanup", Time since last: 9246211191 ns, Reaching safepoint: 93698 ns, Cleanup: 13830 ns, At safepoint: 9858 ns, Total: 117386 ns
[2025-05-29T05:31:08.380+0000][71][info ][safepoint   ] Safepoint "Cleanup", Time since last: 15003245638 ns, Reaching safepoint: 157262 ns, Cleanup: 20216 ns, At safepoint: 17199 ns, Total: 194677 ns
[2025-05-29T05:31:20.160+0000][71][info ][safepoint   ] Safepoint "Cleanup", Time since last: 11781564526 ns, Reaching safepoint: 66421 ns, Cleanup: 17922 ns, At safepoint: 11211 ns, Total: 95554 ns
[2025-05-29T05:31:49.356+0000][71][info ][safepoint   ] Safepoint "Cleanup", Time since last: 29197697227 ns, Reaching safepoint: 106833 ns, Cleanup: 10391 ns, At safepoint: 56438 ns, Total: 173662 ns
[2025-05-29T05:32:10.444+0000][71][info ][safepoint   ] Safepoint "Cleanup", Time since last: 21087925179 ns, Reaching safepoint: 75506 ns, Cleanup: 18459 ns, At safepoint: 16782 ns, Total: 110747 ns
[2025-05-29T05:32:26.194+0000][71][info ][safepoint   ] Safepoint "Cleanup", Time since last: 15753047182 ns, Reaching safepoint: 43146 ns, Cleanup: 13714 ns, At safepoint: 9022 ns, Total: 65882 ns
[2025-05-29T05:32:32.196+0000][71][info ][safepoint   ] Safepoint "Cleanup", Time since last: 6001693259 ns, Reaching safepoint: 63443 ns, Cleanup: 17783 ns, At safepoint: 29946 ns, Total: 111172 ns
[2025-05-29T05:33:26.601+0000][71][info ][safepoint   ] Safepoint "Cleanup", Time since last: 54409820972 ns, Reaching safepoint: 24946 ns, Cleanup: 12515 ns, At safepoint: 21461 ns, Total: 58922 ns
[2025-05-29T05:33:31.645+0000][71][info ][safepoint   ] Safepoint "Cleanup", Time since last: 5043092685 ns, Reaching safepoint: 66983 ns, Cleanup: 18418 ns, At safepoint: 15383 ns, Total: 100784 ns
[2025-05-29T05:33:33.646+0000][71][info ][safepoint   ] Safepoint "Cleanup", Time since last: 2001034851 ns, Reaching safepoint: 23901 ns, Cleanup: 16278 ns, At safepoint: 10849 ns, Total: 51028 ns
[2025-05-29T05:33:37.647+0000][71][info ][safepoint   ] Safepoint "Cleanup", Time since last: 4001130390 ns, Reaching safepoint: 24058 ns, Cleanup: 19061 ns, At safepoint: 10220 ns, Total: 53339 ns
[2025-05-29T05:33:44.649+0000][71][info ][safepoint   ] Safepoint "Cleanup", Time since last: 7001780442 ns, Reaching safepoint: 31718 ns, Cleanup: 21410 ns, At safepoint: 13751 ns, Total: 66879 ns
[2025-05-29T05:33:48.530+0000][71][info ][safepoint   ] Safepoint "Cleanup", Time since last: 3883158684 ns, Reaching safepoint: 7985 ns, Cleanup: 13583 ns, At safepoint: 17329 ns, Total: 38897 ns
[2025-05-29T05:33:49.560+0000][71][info ][safepoint   ] Safepoint "Cleanup", Time since last: 1030784749 ns, Reaching safepoint: 24185 ns, Cleanup: 52352 ns, At safepoint: 13378 ns, Total: 89915 ns
[2025-05-29T05:33:55.660+0000][71][info ][safepoint   ] Safepoint "Cleanup", Time since last: 6099629320 ns, Reaching safepoint: 14804 ns, Cleanup: 13288 ns, At safepoint: 23540 ns, Total: 51632 ns
[2025-05-29T05:33:58.720+0000][71][info ][safepoint   ] Safepoint "Cleanup", Time since last: 3059892904 ns, Reaching safepoint: 32081 ns, Cleanup: 22126 ns, At safepoint: 16994 ns, Total: 71201 ns
[2025-05-29T05:35:28.292+0000][71][info ][safepoint   ] Safepoint "Cleanup", Time since last: 89579584052 ns, Reaching safepoint: 122864 ns, Cleanup: 19306 ns, At safepoint: 10906 ns, Total: 153076 ns
[2025-05-29T05:36:01.265+0000][71][info ][safepoint   ] Safepoint "Cleanup", Time since last: 32975234269 ns, Reaching safepoint: 170868 ns, Cleanup: 30296 ns, At safepoint: 130481 ns, Total: 331645 ns
[2025-05-29T05:36:02.822+0000][71][info ][safepoint   ] Safepoint "Cleanup", Time since last: 1556729389 ns, Reaching safepoint: 61007 ns, Cleanup: 14982 ns, At safepoint: 11077 ns, Total: 87066 ns
[2025-05-29T05:36:48.327+0000][71][info ][safepoint   ] Safepoint "Cleanup", Time since last: 45508967563 ns, Reaching safepoint: 69042 ns, Cleanup: 27622 ns, At safepoint: 11681 ns, Total: 108345 ns
[2025-05-29T05:37:31.261+0000][71][info ][safepoint   ] Safepoint "Cleanup", Time since last: 42936150913 ns, Reaching safepoint: 209039 ns, Cleanup: 12124 ns, At safepoint: 42244 ns, Total: 263407 ns
[2025-05-29T05:37:44.922+0000][71][info ][safepoint   ] Safepoint "Cleanup", Time since last: 13660362295 ns, Reaching safepoint: 18047 ns, Cleanup: 12410 ns, At safepoint: 35595 ns, Total: 66052 ns
[2025-05-29T05:38:07.305+0000][71][info ][safepoint   ] Safepoint "Cleanup", Time since last: 22382918455 ns, Reaching safepoint: 2248002 ns, Cleanup: 19770 ns, At safepoint: 108372 ns, Total: 2376144 ns
[2025-05-29T05:38:08.985+0000][71][info ][safepoint   ] Safepoint "Cleanup", Time since last: 1680430728 ns, Reaching safepoint: 53945 ns, Cleanup: 17594 ns, At safepoint: 12245 ns, Total: 83784 ns
[2025-05-29T05:38:28.287+0000][71][info ][safepoint   ] Safepoint "Cleanup", Time since last: 19303704787 ns, Reaching safepoint: 139869 ns, Cleanup: 18620 ns, At safepoint: 212545 ns, Total: 371034 ns
[2025-05-29T05:38:30.039+0000][71][info ][safepoint   ] Safepoint "Cleanup", Time since last: 1752343243 ns, Reaching safepoint: 31815 ns, Cleanup: 22250 ns, At safepoint: 18132 ns, Total: 72197 ns
[2025-05-29T05:38:37.837+0000][71][info ][safepoint   ] Safepoint "Cleanup", Time since last: 7797979336 ns, Reaching safepoint: 108827 ns, Cleanup: 26305 ns, At safepoint: 48892 ns, Total: 184024 ns
[2025-05-29T05:38:38.859+0000][71][info ][safepoint   ] Safepoint "Cleanup", Time since last: 1021234519 ns, Reaching safepoint: 28207 ns, Cleanup: 27820 ns, At safepoint: 44664 ns, Total: 100691 ns
[2025-05-29T05:38:49.907+0000][71][info ][safepoint   ] Safepoint "Cleanup", Time since last: 11004088613 ns, Reaching safepoint: 46563408 ns, Cleanup: 49218 ns, At safepoint: 174274 ns, Total: 46786900 ns
[2025-05-29T05:38:51.887+0000][71][info ][safepoint   ] Safepoint "Cleanup", Time since last: 1958935719 ns, Reaching safepoint: 20613760 ns, Cleanup: 64245 ns, At safepoint: 136802 ns, Total: 20814807 ns
[2025-05-29T05:38:52.901+0000][71][info ][safepoint   ] Safepoint "Cleanup", Time since last: 1014213618 ns, Reaching safepoint: 30667 ns, Cleanup: 18649 ns, At safepoint: 17281 ns, Total: 66597 ns
[2025-05-29T05:38:56.045+0000][71][info ][safepoint   ] Safepoint "Cleanup", Time since last: 3010067809 ns, Reaching safepoint: 134209577 ns, Cleanup: 27085 ns, At safepoint: 70024 ns, Total: 134306686 ns
[2025-05-29T05:38:56.370+0000][71][info ][gc,heap,exit] Heap
[2025-05-29T05:38:56.379+0000][71][info ][gc,heap,exit]  garbage-first heap   total reserved 3973120K, committed 3973120K, used 1245545K [0x000000070d800000, 0x0000000800000000)
[2025-05-29T05:38:56.381+0000][71][info ][gc,heap,exit]   region size 4096K, 279 young (1142784K), 2 survivors (8192K)
[2025-05-29T05:38:56.382+0000][71][info ][gc,heap,exit]  Metaspace       used 146239K, committed 149824K, reserved 1179648K
[2025-05-29T05:38:56.383+0000][71][info ][gc,heap,exit]   class space    used 19614K, committed 21504K, reserved 1048576K
[2025-05-29T05:38:57.407+0000][71][info ][safepoint   ] Safepoint "Cleanup", Time since last: 1007633462 ns, Reaching safepoint: 354330964 ns, Cleanup: 33665 ns, At safepoint: 88534 ns, Total: 354453163 ns
