[2025-05-30T07:19:29.687+0000][69][info][gc,init] CardTable entry size: 512
[2025-05-30T07:19:29.689+0000][69][info][gc     ] Using G1
[2025-05-30T07:19:32.318+0000][69][info][gc,init] Version: 22+36-2370 (release)
[2025-05-30T07:19:32.320+0000][69][info][gc,init] CPUs: 12 total, 12 available
[2025-05-30T07:19:32.321+0000][69][info][gc,init] Memory: 7757M
[2025-05-30T07:19:32.321+0000][69][info][gc,init] Large Page Support: Disabled
[2025-05-30T07:19:32.322+0000][69][info][gc,init] NUMA Support: Disabled
[2025-05-30T07:19:32.323+0000][69][info][gc,init] Compressed Oops: Enabled (Zero based)
[2025-05-30T07:19:32.323+0000][69][info][gc,init] Heap Region Size: 4M
[2025-05-30T07:19:32.323+0000][69][info][gc,init] Heap Min Capacity: 3880M
[2025-05-30T07:19:32.324+0000][69][info][gc,init] Heap Initial Capacity: 3880M
[2025-05-30T07:19:32.324+0000][69][info][gc,init] Heap Max Capacity: 3880M
[2025-05-30T07:19:32.324+0000][69][info][gc,init] Pre-touch: Enabled
[2025-05-30T07:19:32.325+0000][69][info][gc,init] Parallel Workers: 10
[2025-05-30T07:19:32.325+0000][69][info][gc,init] Concurrent Workers: 3
[2025-05-30T07:19:32.333+0000][69][info][gc,init] Concurrent Refinement Workers: 10
[2025-05-30T07:19:32.337+0000][69][info][gc,init] Periodic GC: Disabled
[2025-05-30T07:19:32.431+0000][69][info][gc,metaspace] CDS archive(s) mapped at: [0x00007f7836000000-0x00007f7836c74000-0x00007f7836c74000), size 13058048, SharedBaseAddress: 0x00007f7836000000, ArchiveRelocationMode: 1.
[2025-05-30T07:19:32.432+0000][69][info][gc,metaspace] Compressed class space mapped at: 0x00007f7837000000-0x00007f7877000000, reserved size: 1073741824
[2025-05-30T07:19:32.432+0000][69][info][gc,metaspace] Narrow klass base: 0x00007f7836000000, Narrow klass shift: 0, Narrow klass range: 0x100000000
[2025-05-30T07:19:33.458+0000][69][info][safepoint   ] Safepoint "Cleanup", Time since last: 1004219369 ns, Reaching safepoint: 112289 ns, Cleanup: 120120 ns, At safepoint: 587789 ns, Total: 820198 ns
[2025-05-30T07:19:34.521+0000][69][info][safepoint   ] Safepoint "ICBufferFull", Time since last: 1062867671 ns, Reaching safepoint: 4174 ns, Cleanup: 124187 ns, At safepoint: 27691 ns, Total: 156052 ns
[2025-05-30T07:19:35.356+0000][69][info][safepoint   ] Safepoint "ICBufferFull", Time since last: 835454911 ns, Reaching safepoint: 5079 ns, Cleanup: 155313 ns, At safepoint: 6843 ns, Total: 167235 ns
[2025-05-30T07:19:36.360+0000][69][info][safepoint   ] Safepoint "Cleanup", Time since last: 1003425943 ns, Reaching safepoint: 4314 ns, Cleanup: 80304 ns, At safepoint: 4353 ns, Total: 88971 ns
[2025-05-30T07:19:37.524+0000][69][info][safepoint   ] Safepoint "ICBufferFull", Time since last: 1167886282 ns, Reaching safepoint: 5641 ns, Cleanup: 139824 ns, At safepoint: 23069 ns, Total: 168534 ns
[2025-05-30T07:19:38.525+0000][69][info][safepoint   ] Safepoint "Cleanup", Time since last: 1000855971 ns, Reaching safepoint: 699377 ns, Cleanup: 70939 ns, At safepoint: 39756 ns, Total: 810072 ns
[2025-05-30T07:19:39.527+0000][69][info][safepoint   ] Safepoint "Cleanup", Time since last: 1001301233 ns, Reaching safepoint: 147730 ns, Cleanup: 52337 ns, At safepoint: 31667 ns, Total: 231734 ns
[2025-05-30T07:19:40.162+0000][69][info][gc,start    ] GC(0) Pause Young (Concurrent Start) (Metadata GC Threshold)
[2025-05-30T07:19:40.169+0000][69][info][gc,task     ] GC(0) Using 10 workers of 10 for evacuation
[2025-05-30T07:19:40.172+0000][69][debug][gc,age      ] GC(0) Desired survivor size 12582912 bytes, new threshold 15 (max threshold 15)
[2025-05-30T07:19:40.221+0000][69][info ][gc,phases   ] GC(0)   Pre Evacuate Collection Set: 4.44ms
[2025-05-30T07:19:40.224+0000][69][info ][gc,phases   ] GC(0)   Merge Heap Roots: 7.22ms
[2025-05-30T07:19:40.227+0000][69][info ][gc,phases   ] GC(0)   Evacuate Collection Set: 23.89ms
[2025-05-30T07:19:40.231+0000][69][info ][gc,phases   ] GC(0)   Post Evacuate Collection Set: 9.19ms
[2025-05-30T07:19:40.232+0000][69][info ][gc,phases   ] GC(0)   Other: 7.40ms
[2025-05-30T07:19:40.233+0000][69][trace][gc,age      ] GC(0) Age table with threshold 15 (max threshold 15)
[2025-05-30T07:19:40.235+0000][69][trace][gc,age      ] GC(0) - age   1:   10220704 bytes,   10220704 total
[2025-05-30T07:19:40.235+0000][69][info ][gc,heap     ] GC(0) Eden regions: 44->0(45)
[2025-05-30T07:19:40.236+0000][69][info ][gc,heap     ] GC(0) Survivor regions: 0->3(6)
[2025-05-30T07:19:40.236+0000][69][info ][gc,heap     ] GC(0) Old regions: 1->1
[2025-05-30T07:19:40.237+0000][69][info ][gc,heap     ] GC(0) Humongous regions: 0->0
[2025-05-30T07:19:40.238+0000][69][info ][gc,metaspace] GC(0) Metaspace: 21012K(21504K)->21012K(21504K) NonClass: 18628K(18880K)->18628K(18880K) Class: 2383K(2624K)->2383K(2624K)
[2025-05-30T07:19:40.239+0000][69][info ][gc          ] GC(0) Pause Young (Concurrent Start) (Metadata GC Threshold) 177M->11M(3880M) 76.238ms
[2025-05-30T07:19:40.239+0000][69][info ][gc,cpu      ] GC(0) User=0.12s Sys=0.00s Real=0.08s
[2025-05-30T07:19:40.239+0000][69][info ][gc          ] GC(1) Concurrent Mark Cycle
[2025-05-30T07:19:40.241+0000][69][info ][gc,marking  ] GC(1) Concurrent Scan Root Regions
[2025-05-30T07:19:40.241+0000][69][info ][safepoint   ] Safepoint "CollectForMetadataAllocation", Time since last: 633409625 ns, Reaching safepoint: 6422 ns, Cleanup: 74879 ns, At safepoint: 80640171 ns, Total: 80721472 ns
[2025-05-30T07:19:40.248+0000][69][info ][gc,marking  ] GC(1) Concurrent Scan Root Regions 6.647ms
[2025-05-30T07:19:40.249+0000][69][info ][gc,marking  ] GC(1) Concurrent Mark
[2025-05-30T07:19:40.249+0000][69][info ][gc,marking  ] GC(1) Concurrent Mark From Roots
[2025-05-30T07:19:40.249+0000][69][info ][gc,task     ] GC(1) Using 3 workers of 3 for marking
[2025-05-30T07:19:40.253+0000][69][info ][gc,marking  ] GC(1) Concurrent Mark From Roots 3.669ms
[2025-05-30T07:19:40.253+0000][69][info ][gc,marking  ] GC(1) Concurrent Preclean
[2025-05-30T07:19:40.254+0000][69][info ][gc,marking  ] GC(1) Concurrent Preclean 0.438ms
[2025-05-30T07:19:40.254+0000][69][info ][gc,start    ] GC(1) Pause Remark
[2025-05-30T07:19:40.258+0000][69][info ][gc          ] GC(1) Pause Remark 15M->15M(3880M) 3.524ms
[2025-05-30T07:19:40.258+0000][69][info ][gc,cpu      ] GC(1) User=0.01s Sys=0.00s Real=0.01s
[2025-05-30T07:19:40.258+0000][69][info ][safepoint   ] Safepoint "G1PauseRemark", Time since last: 13030378 ns, Reaching safepoint: 5365 ns, Cleanup: 14443 ns, At safepoint: 4477160 ns, Total: 4496968 ns
[2025-05-30T07:19:40.259+0000][69][info ][gc,marking  ] GC(1) Concurrent Mark 10.329ms
[2025-05-30T07:19:40.260+0000][69][info ][gc,marking  ] GC(1) Concurrent Rebuild Remembered Sets and Scrub Regions
[2025-05-30T07:19:40.267+0000][69][info ][gc,marking  ] GC(1) Concurrent Rebuild Remembered Sets and Scrub Regions 7.353ms
[2025-05-30T07:19:40.269+0000][69][info ][gc,start    ] GC(1) Pause Cleanup
[2025-05-30T07:19:40.271+0000][69][info ][gc          ] GC(1) Pause Cleanup 15M->15M(3880M) 2.295ms
[2025-05-30T07:19:40.272+0000][69][info ][gc,cpu      ] GC(1) User=0.00s Sys=0.00s Real=0.00s
[2025-05-30T07:19:40.273+0000][69][info ][safepoint   ] Safepoint "G1PauseCleanup", Time since last: 9626340 ns, Reaching safepoint: 363199 ns, Cleanup: 10352 ns, At safepoint: 4140142 ns, Total: 4513693 ns
[2025-05-30T07:19:40.273+0000][69][info ][gc,marking  ] GC(1) Concurrent Clear Claimed Marks
[2025-05-30T07:19:40.274+0000][69][info ][gc,marking  ] GC(1) Concurrent Clear Claimed Marks 0.473ms
[2025-05-30T07:19:40.274+0000][69][info ][gc,marking  ] GC(1) Concurrent Cleanup for Next Mark
[2025-05-30T07:19:40.283+0000][69][info ][gc,marking  ] GC(1) Concurrent Cleanup for Next Mark 8.635ms
[2025-05-30T07:19:40.287+0000][69][info ][gc          ] GC(1) Concurrent Mark Cycle 47.916ms
[2025-05-30T07:19:42.012+0000][69][info ][safepoint   ] Safepoint "Cleanup", Time since last: 1739000621 ns, Reaching safepoint: 465696 ns, Cleanup: 100561 ns, At safepoint: 33295 ns, Total: 599552 ns
[2025-05-30T07:19:43.019+0000][69][info ][safepoint   ] Safepoint "Cleanup", Time since last: 1005294408 ns, Reaching safepoint: 773471 ns, Cleanup: 93965 ns, At safepoint: 228724 ns, Total: 1096160 ns
[2025-05-30T07:19:43.042+0000][69][info ][gc,start    ] GC(2) Pause Young (Prepare Mixed) (G1 Evacuation Pause)
[2025-05-30T07:19:43.051+0000][69][info ][gc,task     ] GC(2) Using 10 workers of 10 for evacuation
[2025-05-30T07:19:43.052+0000][69][debug][gc,age      ] GC(2) Desired survivor size 12582912 bytes, new threshold 15 (max threshold 15)
[2025-05-30T07:19:43.081+0000][69][info ][gc,phases   ] GC(2)   Pre Evacuate Collection Set: 0.47ms
[2025-05-30T07:19:43.085+0000][69][info ][gc,phases   ] GC(2)   Merge Heap Roots: 0.18ms
[2025-05-30T07:19:43.086+0000][69][info ][gc,phases   ] GC(2)   Evacuate Collection Set: 20.94ms
[2025-05-30T07:19:43.087+0000][69][info ][gc,phases   ] GC(2)   Post Evacuate Collection Set: 5.79ms
[2025-05-30T07:19:43.089+0000][69][info ][gc,phases   ] GC(2)   Other: 2.79ms
[2025-05-30T07:19:43.091+0000][69][trace][gc,age      ] GC(2) Age table with threshold 15 (max threshold 15)
[2025-05-30T07:19:43.091+0000][69][trace][gc,age      ] GC(2) - age   1:    5015920 bytes,    5015920 total
[2025-05-30T07:19:43.093+0000][69][trace][gc,age      ] GC(2) - age   2:    9296648 bytes,   14312568 total
[2025-05-30T07:19:43.095+0000][69][info ][gc,heap     ] GC(2) Eden regions: 45->0(44)
[2025-05-30T07:19:43.095+0000][69][info ][gc,heap     ] GC(2) Survivor regions: 3->4(6)
[2025-05-30T07:19:43.095+0000][69][info ][gc,heap     ] GC(2) Old regions: 1->1
[2025-05-30T07:19:43.097+0000][69][info ][gc,heap     ] GC(2) Humongous regions: 0->0
[2025-05-30T07:19:43.103+0000][69][info ][gc,metaspace] GC(2) Metaspace: 27792K(28416K)->27792K(28416K) NonClass: 24627K(24960K)->24627K(24960K) Class: 3165K(3456K)->3165K(3456K)
[2025-05-30T07:19:43.109+0000][69][info ][gc          ] GC(2) Pause Young (Prepare Mixed) (G1 Evacuation Pause) 191M->16M(3880M) 66.337ms
[2025-05-30T07:19:43.111+0000][69][info ][gc,cpu      ] GC(2) User=0.07s Sys=0.03s Real=0.07s
[2025-05-30T07:19:43.114+0000][69][info ][safepoint   ] Safepoint "G1CollectForAllocation", Time since last: 23197982 ns, Reaching safepoint: 490441 ns, Cleanup: 16530 ns, At safepoint: 71965084 ns, Total: 72472055 ns
[2025-05-30T07:19:44.302+0000][69][info ][safepoint   ] Safepoint "Cleanup", Time since last: 1187341635 ns, Reaching safepoint: 145063 ns, Cleanup: 188651 ns, At safepoint: 119742 ns, Total: 453456 ns
[2025-05-30T07:19:44.682+0000][69][info ][gc,start    ] GC(3) Pause Young (Mixed) (G1 Evacuation Pause)
[2025-05-30T07:19:44.682+0000][69][info ][gc,task     ] GC(3) Using 10 workers of 10 for evacuation
[2025-05-30T07:19:44.684+0000][69][debug][gc,age      ] GC(3) Desired survivor size 12582912 bytes, new threshold 2 (max threshold 15)
[2025-05-30T07:19:44.736+0000][69][info ][gc,phases   ] GC(3)   Pre Evacuate Collection Set: 0.35ms
[2025-05-30T07:19:44.737+0000][69][info ][gc,phases   ] GC(3)   Merge Heap Roots: 0.20ms
[2025-05-30T07:19:44.740+0000][69][info ][gc,phases   ] GC(3)   Evacuate Collection Set: 39.82ms
[2025-05-30T07:19:44.741+0000][69][info ][gc,phases   ] GC(3)   Post Evacuate Collection Set: 10.39ms
[2025-05-30T07:19:44.744+0000][69][info ][gc,phases   ] GC(3)   Other: 3.31ms
[2025-05-30T07:19:44.745+0000][69][trace][gc,age      ] GC(3) Age table with threshold 2 (max threshold 15)
[2025-05-30T07:19:44.745+0000][69][trace][gc,age      ] GC(3) - age   1:    5204352 bytes,    5204352 total
[2025-05-30T07:19:44.745+0000][69][trace][gc,age      ] GC(3) - age   2:    4844648 bytes,   10049000 total
[2025-05-30T07:19:44.746+0000][69][info ][gc,heap     ] GC(3) Eden regions: 44->0(79)
[2025-05-30T07:19:44.746+0000][69][info ][gc,heap     ] GC(3) Survivor regions: 4->3(6)
[2025-05-30T07:19:44.747+0000][69][info ][gc,heap     ] GC(3) Old regions: 1->3
[2025-05-30T07:19:44.747+0000][69][info ][gc,heap     ] GC(3) Humongous regions: 0->0
[2025-05-30T07:19:44.747+0000][69][info ][gc,metaspace] GC(3) Metaspace: 29234K(29888K)->29234K(29888K) NonClass: 25816K(26176K)->25816K(26176K) Class: 3418K(3712K)->3418K(3712K)
[2025-05-30T07:19:44.748+0000][69][info ][gc          ] GC(3) Pause Young (Mixed) (G1 Evacuation Pause) 192M->21M(3880M) 66.339ms
[2025-05-30T07:19:44.748+0000][69][info ][gc,cpu      ] GC(3) User=0.21s Sys=0.03s Real=0.07s
[2025-05-30T07:19:44.749+0000][69][info ][safepoint   ] Safepoint "G1CollectForAllocation", Time since last: 379307964 ns, Reaching safepoint: 5376 ns, Cleanup: 78276 ns, At safepoint: 67155249 ns, Total: 67238901 ns
[2025-05-30T07:19:46.313+0000][69][info ][gc,start    ] GC(4) Pause Young (Normal) (G1 Evacuation Pause)
[2025-05-30T07:19:46.314+0000][69][info ][gc,task     ] GC(4) Using 10 workers of 10 for evacuation
[2025-05-30T07:19:46.314+0000][69][debug][gc,age      ] GC(4) Desired survivor size 23068672 bytes, new threshold 15 (max threshold 15)
[2025-05-30T07:19:46.327+0000][69][info ][gc,phases   ] GC(4)   Pre Evacuate Collection Set: 0.46ms
[2025-05-30T07:19:46.328+0000][69][info ][gc,phases   ] GC(4)   Merge Heap Roots: 0.19ms
[2025-05-30T07:19:46.328+0000][69][info ][gc,phases   ] GC(4)   Evacuate Collection Set: 6.59ms
[2025-05-30T07:19:46.329+0000][69][info ][gc,phases   ] GC(4)   Post Evacuate Collection Set: 5.13ms
[2025-05-30T07:19:46.329+0000][69][info ][gc,phases   ] GC(4)   Other: 0.95ms
[2025-05-30T07:19:46.329+0000][69][trace][gc,age      ] GC(4) Age table with threshold 15 (max threshold 15)
[2025-05-30T07:19:46.330+0000][69][trace][gc,age      ] GC(4) - age   1:    3450088 bytes,    3450088 total
[2025-05-30T07:19:46.330+0000][69][trace][gc,age      ] GC(4) - age   2:    3634416 bytes,    7084504 total
[2025-05-30T07:19:46.331+0000][69][trace][gc,age      ] GC(4) - age   3:    4843752 bytes,   11928256 total
[2025-05-30T07:19:46.332+0000][69][info ][gc,heap     ] GC(4) Eden regions: 79->0(578)
[2025-05-30T07:19:46.332+0000][69][info ][gc,heap     ] GC(4) Survivor regions: 3->4(11)
[2025-05-30T07:19:46.333+0000][69][info ][gc,heap     ] GC(4) Old regions: 3->3
[2025-05-30T07:19:46.334+0000][69][info ][gc,heap     ] GC(4) Humongous regions: 0->0
[2025-05-30T07:19:46.334+0000][69][info ][gc,metaspace] GC(4) Metaspace: 29882K(30656K)->29882K(30656K) NonClass: 26375K(26816K)->26375K(26816K) Class: 3507K(3840K)->3507K(3840K)
[2025-05-30T07:19:46.334+0000][69][info ][gc          ] GC(4) Pause Young (Normal) (G1 Evacuation Pause) 337M->22M(3880M) 21.004ms
[2025-05-30T07:19:46.335+0000][69][info ][gc,cpu      ] GC(4) User=0.03s Sys=0.02s Real=0.02s
[2025-05-30T07:19:46.336+0000][69][info ][safepoint   ] Safepoint "G1CollectForAllocation", Time since last: 1564622869 ns, Reaching safepoint: 5639 ns, Cleanup: 149501 ns, At safepoint: 22544818 ns, Total: 22699958 ns
[2025-05-30T07:19:47.622+0000][69][info ][gc,start    ] GC(5) Pause Young (Concurrent Start) (Metadata GC Threshold)
[2025-05-30T07:19:47.623+0000][69][info ][gc,task     ] GC(5) Using 10 workers of 10 for evacuation
[2025-05-30T07:19:47.627+0000][69][debug][gc,age      ] GC(5) Desired survivor size 153092096 bytes, new threshold 15 (max threshold 15)
[2025-05-30T07:19:47.638+0000][69][info ][gc,phases   ] GC(5)   Pre Evacuate Collection Set: 0.51ms
[2025-05-30T07:19:47.638+0000][69][info ][gc,phases   ] GC(5)   Merge Heap Roots: 0.16ms
[2025-05-30T07:19:47.639+0000][69][info ][gc,phases   ] GC(5)   Evacuate Collection Set: 4.84ms
[2025-05-30T07:19:47.640+0000][69][info ][gc,phases   ] GC(5)   Post Evacuate Collection Set: 3.29ms
[2025-05-30T07:19:47.640+0000][69][info ][gc,phases   ] GC(5)   Other: 6.19ms
[2025-05-30T07:19:47.640+0000][69][trace][gc,age      ] GC(5) Age table with threshold 15 (max threshold 15)
[2025-05-30T07:19:47.641+0000][69][trace][gc,age      ] GC(5) - age   1:    3856448 bytes,    3856448 total
[2025-05-30T07:19:47.642+0000][69][trace][gc,age      ] GC(5) - age   2:    2943112 bytes,    6799560 total
[2025-05-30T07:19:47.643+0000][69][trace][gc,age      ] GC(5) - age   3:    3632864 bytes,   10432424 total
[2025-05-30T07:19:47.644+0000][69][trace][gc,age      ] GC(5) - age   4:    4840056 bytes,   15272480 total
[2025-05-30T07:19:47.648+0000][69][info ][gc,heap     ] GC(5) Eden regions: 31->0(578)
[2025-05-30T07:19:47.650+0000][69][info ][gc,heap     ] GC(5) Survivor regions: 4->4(73)
[2025-05-30T07:19:47.651+0000][69][info ][gc,heap     ] GC(5) Old regions: 3->3
[2025-05-30T07:19:47.652+0000][69][info ][gc,heap     ] GC(5) Humongous regions: 0->0
[2025-05-30T07:19:47.653+0000][69][info ][gc,metaspace] GC(5) Metaspace: 35319K(36096K)->35319K(36096K) NonClass: 31204K(31616K)->31204K(31616K) Class: 4115K(4480K)->4115K(4480K)
[2025-05-30T07:19:47.654+0000][69][info ][gc          ] GC(5) Pause Young (Concurrent Start) (Metadata GC Threshold) 144M->26M(3880M) 31.678ms
[2025-05-30T07:19:47.654+0000][69][info ][gc,cpu      ] GC(5) User=0.05s Sys=0.02s Real=0.04s
[2025-05-30T07:19:47.654+0000][69][info ][gc          ] GC(6) Concurrent Mark Cycle
[2025-05-30T07:19:47.655+0000][69][info ][safepoint   ] Safepoint "CollectForMetadataAllocation", Time since last: 1283298729 ns, Reaching safepoint: 7921 ns, Cleanup: 2798861 ns, At safepoint: 33200855 ns, Total: 36007637 ns
[2025-05-30T07:19:47.655+0000][69][info ][gc,marking  ] GC(6) Concurrent Scan Root Regions
[2025-05-30T07:19:47.664+0000][69][info ][gc,marking  ] GC(6) Concurrent Scan Root Regions 8.221ms
[2025-05-30T07:19:47.664+0000][69][info ][gc,marking  ] GC(6) Concurrent Mark
[2025-05-30T07:19:47.665+0000][69][info ][gc,marking  ] GC(6) Concurrent Mark From Roots
[2025-05-30T07:19:47.665+0000][69][info ][gc,task     ] GC(6) Using 3 workers of 3 for marking
[2025-05-30T07:19:47.680+0000][69][info ][gc,marking  ] GC(6) Concurrent Mark From Roots 14.932ms
[2025-05-30T07:19:47.680+0000][69][info ][gc,marking  ] GC(6) Concurrent Preclean
[2025-05-30T07:19:47.681+0000][69][info ][gc,marking  ] GC(6) Concurrent Preclean 1.017ms
[2025-05-30T07:19:47.682+0000][69][info ][gc,start    ] GC(6) Pause Remark
[2025-05-30T07:19:47.689+0000][69][info ][gc          ] GC(6) Pause Remark 30M->30M(3880M) 7.446ms
[2025-05-30T07:19:47.692+0000][69][info ][gc,cpu      ] GC(6) User=0.02s Sys=0.02s Real=0.01s
[2025-05-30T07:19:47.694+0000][69][info ][safepoint   ] Safepoint "G1PauseRemark", Time since last: 26390607 ns, Reaching safepoint: 138546 ns, Cleanup: 6924 ns, At safepoint: 12254541 ns, Total: 12400011 ns
[2025-05-30T07:19:47.695+0000][69][info ][gc,marking  ] GC(6) Concurrent Mark 30.723ms
[2025-05-30T07:19:47.696+0000][69][info ][gc,marking  ] GC(6) Concurrent Rebuild Remembered Sets and Scrub Regions
[2025-05-30T07:19:47.704+0000][69][info ][gc,marking  ] GC(6) Concurrent Rebuild Remembered Sets and Scrub Regions 8.472ms
[2025-05-30T07:19:47.710+0000][69][info ][gc,start    ] GC(6) Pause Cleanup
[2025-05-30T07:19:47.711+0000][69][info ][gc          ] GC(6) Pause Cleanup 30M->30M(3880M) 0.925ms
[2025-05-30T07:19:47.714+0000][69][info ][gc,cpu      ] GC(6) User=0.00s Sys=0.00s Real=0.01s
[2025-05-30T07:19:47.718+0000][69][info ][safepoint   ] Safepoint "G1PauseCleanup", Time since last: 13728097 ns, Reaching safepoint: 2158628 ns, Cleanup: 19075 ns, At safepoint: 7976148 ns, Total: 10153851 ns
[2025-05-30T07:19:47.719+0000][69][info ][gc,marking  ] GC(6) Concurrent Clear Claimed Marks
[2025-05-30T07:19:47.720+0000][69][info ][gc,marking  ] GC(6) Concurrent Clear Claimed Marks 1.073ms
[2025-05-30T07:19:47.721+0000][69][info ][gc,marking  ] GC(6) Concurrent Cleanup for Next Mark
[2025-05-30T07:19:47.726+0000][69][info ][gc,marking  ] GC(6) Concurrent Cleanup for Next Mark 5.543ms
[2025-05-30T07:19:47.729+0000][69][info ][gc          ] GC(6) Concurrent Mark Cycle 74.504ms
[2025-05-30T07:19:48.719+0000][69][info ][safepoint   ] Safepoint "Cleanup", Time since last: 1001370328 ns, Reaching safepoint: 7493 ns, Cleanup: 156100 ns, At safepoint: 16699 ns, Total: 180292 ns
[2025-05-30T07:19:49.723+0000][69][info ][safepoint   ] Safepoint "Cleanup", Time since last: 1003657276 ns, Reaching safepoint: 114670 ns, Cleanup: 57921 ns, At safepoint: 41131 ns, Total: 213722 ns
[2025-05-30T07:19:50.726+0000][69][info ][safepoint   ] Safepoint "Cleanup", Time since last: 1002307353 ns, Reaching safepoint: 104625 ns, Cleanup: 40592 ns, At safepoint: 32627 ns, Total: 177844 ns
[2025-05-30T07:19:51.732+0000][69][info ][safepoint   ] Safepoint "Cleanup", Time since last: 1005323988 ns, Reaching safepoint: 185898 ns, Cleanup: 118832 ns, At safepoint: 51798 ns, Total: 356528 ns
[2025-05-30T07:19:52.733+0000][69][info ][safepoint   ] Safepoint "Cleanup", Time since last: 1001569797 ns, Reaching safepoint: 75445 ns, Cleanup: 135671 ns, At safepoint: 25400 ns, Total: 236516 ns
[2025-05-30T07:19:53.734+0000][69][info ][safepoint   ] Safepoint "Cleanup", Time since last: 1000687544 ns, Reaching safepoint: 5246 ns, Cleanup: 114449 ns, At safepoint: 9323 ns, Total: 129018 ns
[2025-05-30T07:19:54.739+0000][69][info ][safepoint   ] Safepoint "Cleanup", Time since last: 1004537510 ns, Reaching safepoint: 254470 ns, Cleanup: 83481 ns, At safepoint: 13953 ns, Total: 351904 ns
[2025-05-30T07:19:56.280+0000][69][info ][safepoint   ] Safepoint "Cleanup", Time since last: 1539929020 ns, Reaching safepoint: 396643 ns, Cleanup: 106387 ns, At safepoint: 48465 ns, Total: 551495 ns
[2025-05-30T07:19:57.304+0000][69][info ][safepoint   ] Safepoint "Cleanup", Time since last: 1023223787 ns, Reaching safepoint: 1113542 ns, Cleanup: 113796 ns, At safepoint: 66172 ns, Total: 1293510 ns
[2025-05-30T07:19:57.589+0000][69][info ][gc,start    ] GC(7) Pause Young (Concurrent Start) (Metadata GC Threshold)
[2025-05-30T07:19:57.590+0000][69][info ][gc,task     ] GC(7) Using 10 workers of 10 for evacuation
[2025-05-30T07:19:57.590+0000][69][debug][gc,age      ] GC(7) Desired survivor size 153092096 bytes, new threshold 15 (max threshold 15)
[2025-05-30T07:19:57.639+0000][69][info ][gc,phases   ] GC(7)   Pre Evacuate Collection Set: 1.27ms
[2025-05-30T07:19:57.639+0000][69][info ][gc,phases   ] GC(7)   Merge Heap Roots: 0.26ms
[2025-05-30T07:19:57.640+0000][69][info ][gc,phases   ] GC(7)   Evacuate Collection Set: 43.15ms
[2025-05-30T07:19:57.640+0000][69][info ][gc,phases   ] GC(7)   Post Evacuate Collection Set: 2.96ms
[2025-05-30T07:19:57.640+0000][69][info ][gc,phases   ] GC(7)   Other: 1.05ms
[2025-05-30T07:19:57.641+0000][69][trace][gc,age      ] GC(7) Age table with threshold 15 (max threshold 15)
[2025-05-30T07:19:57.641+0000][69][trace][gc,age      ] GC(7) - age   1:   14882200 bytes,   14882200 total
[2025-05-30T07:19:57.641+0000][69][trace][gc,age      ] GC(7) - age   2:    3813624 bytes,   18695824 total
[2025-05-30T07:19:57.641+0000][69][trace][gc,age      ] GC(7) - age   3:    2936112 bytes,   21631936 total
[2025-05-30T07:19:57.642+0000][69][trace][gc,age      ] GC(7) - age   4:    3623576 bytes,   25255512 total
[2025-05-30T07:19:57.642+0000][69][trace][gc,age      ] GC(7) - age   5:    4817600 bytes,   30073112 total
[2025-05-30T07:19:57.642+0000][69][info ][gc,heap     ] GC(7) Eden regions: 217->0(462)
[2025-05-30T07:19:57.643+0000][69][info ][gc,heap     ] GC(7) Survivor regions: 4->8(73)
[2025-05-30T07:19:57.643+0000][69][info ][gc,heap     ] GC(7) Old regions: 3->3
[2025-05-30T07:19:57.644+0000][69][info ][gc,heap     ] GC(7) Humongous regions: 0->0
[2025-05-30T07:19:57.644+0000][69][info ][gc,metaspace] GC(7) Metaspace: 59038K(60288K)->59038K(60288K) NonClass: 51578K(52352K)->51578K(52352K) Class: 7459K(7936K)->7459K(7936K)
[2025-05-30T07:19:57.644+0000][69][info ][gc          ] GC(7) Pause Young (Concurrent Start) (Metadata GC Threshold) 894M->42M(3880M) 54.945ms
[2025-05-30T07:19:57.645+0000][69][info ][gc,cpu      ] GC(7) User=0.38s Sys=0.00s Real=0.06s
[2025-05-30T07:19:57.645+0000][69][info ][gc          ] GC(8) Concurrent Mark Cycle
[2025-05-30T07:19:57.645+0000][69][info ][safepoint   ] Safepoint "CollectForMetadataAllocation", Time since last: 285354090 ns, Reaching safepoint: 5671 ns, Cleanup: 16162 ns, At safepoint: 55726437 ns, Total: 55748270 ns
[2025-05-30T07:19:57.645+0000][69][info ][gc,marking  ] GC(8) Concurrent Scan Root Regions
[2025-05-30T07:19:57.657+0000][69][info ][gc,marking  ] GC(8) Concurrent Scan Root Regions 11.530ms
[2025-05-30T07:19:57.658+0000][69][info ][gc,marking  ] GC(8) Concurrent Mark
[2025-05-30T07:19:57.659+0000][69][info ][gc,marking  ] GC(8) Concurrent Mark From Roots
[2025-05-30T07:19:57.659+0000][69][info ][gc,task     ] GC(8) Using 3 workers of 3 for marking
[2025-05-30T07:19:57.669+0000][69][info ][gc,marking  ] GC(8) Concurrent Mark From Roots 10.482ms
[2025-05-30T07:19:57.670+0000][69][info ][gc,marking  ] GC(8) Concurrent Preclean
[2025-05-30T07:19:57.670+0000][69][info ][gc,marking  ] GC(8) Concurrent Preclean 0.389ms
[2025-05-30T07:19:57.671+0000][69][info ][gc,start    ] GC(8) Pause Remark
[2025-05-30T07:19:57.678+0000][69][info ][gc          ] GC(8) Pause Remark 48M->48M(3880M) 6.807ms
[2025-05-30T07:19:57.679+0000][69][info ][gc,cpu      ] GC(8) User=0.03s Sys=0.00s Real=0.01s
[2025-05-30T07:19:57.679+0000][69][info ][safepoint   ] Safepoint "G1PauseRemark", Time since last: 26180621 ns, Reaching safepoint: 7758 ns, Cleanup: 15603 ns, At safepoint: 7769679 ns, Total: 7793040 ns
[2025-05-30T07:19:57.679+0000][69][info ][gc,marking  ] GC(8) Concurrent Mark 21.738ms
[2025-05-30T07:19:57.680+0000][69][info ][gc,marking  ] GC(8) Concurrent Rebuild Remembered Sets and Scrub Regions
[2025-05-30T07:19:57.684+0000][69][info ][gc,marking  ] GC(8) Concurrent Rebuild Remembered Sets and Scrub Regions 4.405ms
[2025-05-30T07:19:57.685+0000][69][info ][gc,start    ] GC(8) Pause Cleanup
[2025-05-30T07:19:57.685+0000][69][info ][gc          ] GC(8) Pause Cleanup 48M->48M(3880M) 0.563ms
[2025-05-30T07:19:57.686+0000][69][info ][gc,cpu      ] GC(8) User=0.00s Sys=0.00s Real=0.00s
[2025-05-30T07:19:57.686+0000][69][info ][safepoint   ] Safepoint "G1PauseCleanup", Time since last: 5702677 ns, Reaching safepoint: 5772 ns, Cleanup: 14659 ns, At safepoint: 1342096 ns, Total: 1362527 ns
[2025-05-30T07:19:57.687+0000][69][info ][gc,marking  ] GC(8) Concurrent Clear Claimed Marks
[2025-05-30T07:19:57.687+0000][69][info ][gc,marking  ] GC(8) Concurrent Clear Claimed Marks 0.432ms
[2025-05-30T07:19:57.688+0000][69][info ][gc,marking  ] GC(8) Concurrent Cleanup for Next Mark
[2025-05-30T07:19:57.697+0000][69][info ][gc,marking  ] GC(8) Concurrent Cleanup for Next Mark 9.674ms
[2025-05-30T07:19:57.699+0000][69][info ][gc          ] GC(8) Concurrent Mark Cycle 53.949ms
[2025-05-30T07:19:59.524+0000][69][info ][safepoint   ] Safepoint "Cleanup", Time since last: 1837725884 ns, Reaching safepoint: 129819 ns, Cleanup: 118592 ns, At safepoint: 40909 ns, Total: 289320 ns
[2025-05-30T07:20:00.525+0000][69][info ][safepoint   ] Safepoint "Cleanup", Time since last: 1000723463 ns, Reaching safepoint: 126947 ns, Cleanup: 38793 ns, At safepoint: 48215 ns, Total: 213955 ns
[2025-05-30T07:20:01.526+0000][69][info ][safepoint   ] Safepoint "Cleanup", Time since last: 1000860578 ns, Reaching safepoint: 5249 ns, Cleanup: 61628 ns, At safepoint: 23176 ns, Total: 90053 ns
[2025-05-30T07:20:02.546+0000][69][info ][safepoint   ] Safepoint "ICBufferFull", Time since last: 1019675667 ns, Reaching safepoint: 5288 ns, Cleanup: 158817 ns, At safepoint: 9534 ns, Total: 173639 ns
[2025-05-30T07:20:03.547+0000][69][info ][safepoint   ] Safepoint "Cleanup", Time since last: 1000690538 ns, Reaching safepoint: 141870 ns, Cleanup: 24890 ns, At safepoint: 68510 ns, Total: 235270 ns
[2025-05-30T07:20:04.708+0000][69][info ][safepoint   ] Safepoint "Cleanup", Time since last: 1161004036 ns, Reaching safepoint: 4339 ns, Cleanup: 100978 ns, At safepoint: 28032 ns, Total: 133349 ns
[2025-05-30T07:20:05.712+0000][69][info ][safepoint   ] Safepoint "Cleanup", Time since last: 1003520210 ns, Reaching safepoint: 142606 ns, Cleanup: 45484 ns, At safepoint: 31413 ns, Total: 219503 ns
[2025-05-30T07:20:06.965+0000][69][info ][safepoint   ] Safepoint "Cleanup", Time since last: 1252949154 ns, Reaching safepoint: 4161 ns, Cleanup: 127624 ns, At safepoint: 10018 ns, Total: 141803 ns
[2025-05-30T07:20:08.119+0000][69][info ][safepoint   ] Safepoint "Cleanup", Time since last: 1157593445 ns, Reaching safepoint: 5111 ns, Cleanup: 61750 ns, At safepoint: 61220 ns, Total: 128081 ns
[2025-05-30T07:20:08.574+0000][69][info ][gc,start    ] GC(9) Pause Young (Concurrent Start) (Metadata GC Threshold)
[2025-05-30T07:20:08.575+0000][69][info ][gc,task     ] GC(9) Using 10 workers of 10 for evacuation
[2025-05-30T07:20:08.576+0000][69][debug][gc,age      ] GC(9) Desired survivor size 123731968 bytes, new threshold 15 (max threshold 15)
[2025-05-30T07:20:08.605+0000][69][info ][gc,phases   ] GC(9)   Pre Evacuate Collection Set: 0.71ms
[2025-05-30T07:20:08.605+0000][69][info ][gc,phases   ] GC(9)   Merge Heap Roots: 0.52ms
[2025-05-30T07:20:08.606+0000][69][info ][gc,phases   ] GC(9)   Evacuate Collection Set: 23.82ms
[2025-05-30T07:20:08.606+0000][69][info ][gc,phases   ] GC(9)   Post Evacuate Collection Set: 3.62ms
[2025-05-30T07:20:08.607+0000][69][info ][gc,phases   ] GC(9)   Other: 1.11ms
[2025-05-30T07:20:08.607+0000][69][trace][gc,age      ] GC(9) Age table with threshold 15 (max threshold 15)
[2025-05-30T07:20:08.608+0000][69][trace][gc,age      ] GC(9) - age   1:   21107992 bytes,   21107992 total
[2025-05-30T07:20:08.608+0000][69][trace][gc,age      ] GC(9) - age   2:   14245256 bytes,   35353248 total
[2025-05-30T07:20:08.608+0000][69][trace][gc,age      ] GC(9) - age   3:    3787984 bytes,   39141232 total
[2025-05-30T07:20:08.609+0000][69][trace][gc,age      ] GC(9) - age   4:    2911640 bytes,   42052872 total
[2025-05-30T07:20:08.609+0000][69][trace][gc,age      ] GC(9) - age   5:    3606416 bytes,   45659288 total
[2025-05-30T07:20:08.609+0000][69][trace][gc,age      ] GC(9) - age   6:    4785024 bytes,   50444312 total
[2025-05-30T07:20:08.610+0000][69][info ][gc,heap     ] GC(9) Eden regions: 209->0(289)
[2025-05-30T07:20:08.611+0000][69][info ][gc,heap     ] GC(9) Survivor regions: 8->13(59)
[2025-05-30T07:20:08.611+0000][69][info ][gc,heap     ] GC(9) Old regions: 3->3
[2025-05-30T07:20:08.611+0000][69][info ][gc,heap     ] GC(9) Humongous regions: 0->0
[2025-05-30T07:20:08.612+0000][69][info ][gc,metaspace] GC(9) Metaspace: 98876K(100800K)->98876K(100800K) NonClass: 85762K(86848K)->85762K(86848K) Class: 13114K(13952K)->13114K(13952K)
[2025-05-30T07:20:08.612+0000][69][info ][gc          ] GC(9) Pause Young (Concurrent Start) (Metadata GC Threshold) 876M->62M(3880M) 38.580ms
[2025-05-30T07:20:08.613+0000][69][info ][gc,cpu      ] GC(9) User=0.19s Sys=0.00s Real=0.04s
[2025-05-30T07:20:08.613+0000][69][info ][gc          ] GC(10) Concurrent Mark Cycle
[2025-05-30T07:20:08.614+0000][69][info ][safepoint   ] Safepoint "CollectForMetadataAllocation", Time since last: 454005034 ns, Reaching safepoint: 11724 ns, Cleanup: 191052 ns, At safepoint: 39908911 ns, Total: 40111687 ns
[2025-05-30T07:20:08.614+0000][69][info ][gc,marking  ] GC(10) Concurrent Scan Root Regions
[2025-05-30T07:20:08.633+0000][69][info ][gc,marking  ] GC(10) Concurrent Scan Root Regions 19.556ms
[2025-05-30T07:20:08.636+0000][69][info ][gc,marking  ] GC(10) Concurrent Mark
[2025-05-30T07:20:08.638+0000][69][info ][gc,marking  ] GC(10) Concurrent Mark From Roots
[2025-05-30T07:20:08.639+0000][69][info ][gc,task     ] GC(10) Using 3 workers of 3 for marking
[2025-05-30T07:20:08.649+0000][69][info ][gc,marking  ] GC(10) Concurrent Mark From Roots 10.088ms
[2025-05-30T07:20:08.649+0000][69][info ][gc,marking  ] GC(10) Concurrent Preclean
[2025-05-30T07:20:08.650+0000][69][info ][gc,marking  ] GC(10) Concurrent Preclean 0.779ms
[2025-05-30T07:20:08.651+0000][69][info ][gc,start    ] GC(10) Pause Remark
[2025-05-30T07:20:08.657+0000][69][info ][gc          ] GC(10) Pause Remark 68M->68M(3880M) 6.031ms
[2025-05-30T07:20:08.658+0000][69][info ][gc,cpu      ] GC(10) User=0.03s Sys=0.00s Real=0.00s
[2025-05-30T07:20:08.659+0000][69][info ][safepoint   ] Safepoint "G1PauseRemark", Time since last: 37568591 ns, Reaching safepoint: 137901 ns, Cleanup: 5771 ns, At safepoint: 7680464 ns, Total: 7824136 ns
[2025-05-30T07:20:08.659+0000][69][info ][gc,marking  ] GC(10) Concurrent Mark 23.186ms
[2025-05-30T07:20:08.660+0000][69][info ][gc,marking  ] GC(10) Concurrent Rebuild Remembered Sets and Scrub Regions
[2025-05-30T07:20:08.663+0000][69][info ][gc,marking  ] GC(10) Concurrent Rebuild Remembered Sets and Scrub Regions 2.969ms
[2025-05-30T07:20:08.663+0000][69][info ][gc,start    ] GC(10) Pause Cleanup
[2025-05-30T07:20:08.664+0000][69][info ][gc          ] GC(10) Pause Cleanup 68M->68M(3880M) 0.704ms
[2025-05-30T07:20:08.665+0000][69][info ][gc,cpu      ] GC(10) User=0.00s Sys=0.00s Real=0.00s
[2025-05-30T07:20:08.665+0000][69][info ][safepoint   ] Safepoint "G1PauseCleanup", Time since last: 4318736 ns, Reaching safepoint: 143590 ns, Cleanup: 20475 ns, At safepoint: 1488139 ns, Total: 1652204 ns
[2025-05-30T07:20:08.665+0000][69][info ][gc,marking  ] GC(10) Concurrent Clear Claimed Marks
[2025-05-30T07:20:08.666+0000][69][info ][gc,marking  ] GC(10) Concurrent Clear Claimed Marks 0.591ms
[2025-05-30T07:20:08.667+0000][69][info ][gc,marking  ] GC(10) Concurrent Cleanup for Next Mark
[2025-05-30T07:20:08.671+0000][69][info ][gc,marking  ] GC(10) Concurrent Cleanup for Next Mark 4.162ms
[2025-05-30T07:20:08.671+0000][69][info ][gc          ] GC(10) Concurrent Mark Cycle 58.266ms
[2025-05-30T07:20:10.223+0000][69][info ][safepoint   ] Safepoint "Cleanup", Time since last: 1557329374 ns, Reaching safepoint: 90785 ns, Cleanup: 119476 ns, At safepoint: 29101 ns, Total: 239362 ns
[2025-05-30T07:20:11.430+0000][69][info ][safepoint   ] Safepoint "Cleanup", Time since last: 1207400615 ns, Reaching safepoint: 4174 ns, Cleanup: 94262 ns, At safepoint: 42015 ns, Total: 140451 ns
[2025-05-30T07:20:11.979+0000][69][info ][safepoint   ] Safepoint "ICBufferFull", Time since last: 548871194 ns, Reaching safepoint: 7722 ns, Cleanup: 170436 ns, At safepoint: 26897 ns, Total: 205055 ns
[2025-05-30T07:20:12.185+0000][69][info ][safepoint   ] Safepoint "ICBufferFull", Time since last: 205508970 ns, Reaching safepoint: 8252 ns, Cleanup: 111597 ns, At safepoint: 44229 ns, Total: 164078 ns
[2025-05-30T07:20:12.494+0000][69][info ][safepoint   ] Safepoint "ICBufferFull", Time since last: 308647046 ns, Reaching safepoint: 9701 ns, Cleanup: 224530 ns, At safepoint: 78718 ns, Total: 312949 ns
[2025-05-30T07:20:12.833+0000][69][info ][safepoint   ] Safepoint "ICBufferFull", Time since last: 339330221 ns, Reaching safepoint: 111836 ns, Cleanup: 114914 ns, At safepoint: 34261 ns, Total: 261011 ns
[2025-05-30T07:20:13.542+0000][69][info ][safepoint   ] Safepoint "ICBufferFull", Time since last: 708752940 ns, Reaching safepoint: 8934 ns, Cleanup: 139647 ns, At safepoint: 42236 ns, Total: 190817 ns
[2025-05-30T07:20:14.529+0000][69][info ][safepoint   ] Safepoint "ICBufferFull", Time since last: 986911067 ns, Reaching safepoint: 15323 ns, Cleanup: 231604 ns, At safepoint: 17710 ns, Total: 264637 ns
[2025-05-30T07:20:14.960+0000][69][info ][safepoint   ] Safepoint "ICBufferFull", Time since last: 430188558 ns, Reaching safepoint: 15418 ns, Cleanup: 143566 ns, At safepoint: 68707 ns, Total: 227691 ns
[2025-05-30T07:20:15.399+0000][69][info ][safepoint   ] Safepoint "ICBufferFull", Time since last: 438196003 ns, Reaching safepoint: 18344 ns, Cleanup: 244223 ns, At safepoint: 131337 ns, Total: 393904 ns
[2025-05-30T07:20:16.028+0000][69][info ][safepoint   ] Safepoint "ICBufferFull", Time since last: 628735054 ns, Reaching safepoint: 15596 ns, Cleanup: 229330 ns, At safepoint: 185243 ns, Total: 430169 ns
[2025-05-30T07:20:17.305+0000][69][info ][safepoint   ] Safepoint "Cleanup", Time since last: 1276965435 ns, Reaching safepoint: 17480 ns, Cleanup: 146812 ns, At safepoint: 13008 ns, Total: 177300 ns
[2025-05-30T07:20:18.306+0000][69][info ][safepoint   ] Safepoint "Cleanup", Time since last: 1000659418 ns, Reaching safepoint: 17246 ns, Cleanup: 16867 ns, At safepoint: 13592 ns, Total: 47705 ns
[2025-05-30T07:20:19.306+0000][69][info ][safepoint   ] Safepoint "Cleanup", Time since last: 1000722468 ns, Reaching safepoint: 10202 ns, Cleanup: 13762 ns, At safepoint: 7506 ns, Total: 31470 ns
[2025-05-30T07:20:20.307+0000][69][info ][safepoint   ] Safepoint "Cleanup", Time since last: 1000709458 ns, Reaching safepoint: 16057 ns, Cleanup: 21748 ns, At safepoint: 12961 ns, Total: 50766 ns
[2025-05-30T07:20:21.308+0000][69][info ][safepoint   ] Safepoint "Cleanup", Time since last: 1000635304 ns, Reaching safepoint: 12512 ns, Cleanup: 16584 ns, At safepoint: 7417 ns, Total: 36513 ns
[2025-05-30T07:20:22.308+0000][69][info ][safepoint   ] Safepoint "Cleanup", Time since last: 1000608798 ns, Reaching safepoint: 10189 ns, Cleanup: 78007 ns, At safepoint: 8344 ns, Total: 96540 ns
[2025-05-30T07:20:23.309+0000][69][info ][safepoint   ] Safepoint "Cleanup", Time since last: 1000697434 ns, Reaching safepoint: 18424 ns, Cleanup: 18188 ns, At safepoint: 14685 ns, Total: 51297 ns
[2025-05-30T07:20:27.310+0000][69][info ][safepoint   ] Safepoint "Cleanup", Time since last: 4001165951 ns, Reaching safepoint: 17665 ns, Cleanup: 21286 ns, At safepoint: 12721 ns, Total: 51672 ns
[2025-05-30T07:20:28.311+0000][69][info ][safepoint   ] Safepoint "Cleanup", Time since last: 1000688046 ns, Reaching safepoint: 10499 ns, Cleanup: 12913 ns, At safepoint: 7020 ns, Total: 30432 ns
[2025-05-30T07:20:29.832+0000][69][info ][safepoint   ] Safepoint "Cleanup", Time since last: 1521139009 ns, Reaching safepoint: 26596 ns, Cleanup: 12025 ns, At safepoint: 2886 ns, Total: 41507 ns
[2025-05-30T07:20:33.834+0000][69][info ][safepoint   ] Safepoint "Cleanup", Time since last: 4001441884 ns, Reaching safepoint: 16043 ns, Cleanup: 52441 ns, At safepoint: 10854 ns, Total: 79338 ns
[2025-05-30T07:20:34.886+0000][69][info ][safepoint   ] Safepoint "Cleanup", Time since last: 1052335127 ns, Reaching safepoint: 11335 ns, Cleanup: 138809 ns, At safepoint: 67205 ns, Total: 217349 ns
[2025-05-30T07:20:35.109+0000][69][info ][safepoint   ] Safepoint "ICBufferFull", Time since last: 222496023 ns, Reaching safepoint: 293612 ns, Cleanup: 112882 ns, At safepoint: 124225 ns, Total: 530719 ns
[2025-05-30T07:20:36.111+0000][69][info ][safepoint   ] Safepoint "Cleanup", Time since last: 1001264526 ns, Reaching safepoint: 25060 ns, Cleanup: 95150 ns, At safepoint: 22903 ns, Total: 143113 ns
[2025-05-30T07:20:36.798+0000][69][info ][safepoint   ] Safepoint "ICBufferFull", Time since last: 686980519 ns, Reaching safepoint: 20720 ns, Cleanup: 165280 ns, At safepoint: 139538 ns, Total: 325538 ns
[2025-05-30T07:20:38.620+0000][69][info ][safepoint   ] Safepoint "Cleanup", Time since last: 1826843988 ns, Reaching safepoint: 15833 ns, Cleanup: 105689 ns, At safepoint: 8820 ns, Total: 130342 ns
[2025-05-30T07:20:39.621+0000][69][info ][safepoint   ] Safepoint "Cleanup", Time since last: 1000699135 ns, Reaching safepoint: 165707 ns, Cleanup: 24627 ns, At safepoint: 25502 ns, Total: 215836 ns
[2025-05-30T07:20:40.622+0000][69][info ][safepoint   ] Safepoint "Cleanup", Time since last: 1000751924 ns, Reaching safepoint: 144322 ns, Cleanup: 15901 ns, At safepoint: 96167 ns, Total: 256390 ns
[2025-05-30T07:20:40.863+0000][69][info ][safepoint   ] Safepoint "ICBufferFull", Time since last: 218582205 ns, Reaching safepoint: 22044489 ns, Cleanup: 182922 ns, At safepoint: 196658 ns, Total: 22424069 ns
[2025-05-30T07:20:40.867+0000][69][info ][safepoint   ] Safepoint "ICBufferFull", Time since last: 3481803 ns, Reaching safepoint: 144275 ns, Cleanup: 17664 ns, At safepoint: 156353 ns, Total: 318292 ns
[2025-05-30T07:20:40.873+0000][69][info ][safepoint   ] Safepoint "ICBufferFull", Time since last: 4649401 ns, Reaching safepoint: 184617 ns, Cleanup: 29782 ns, At safepoint: 1196294 ns, Total: 1410693 ns
[2025-05-30T07:20:40.877+0000][69][info ][safepoint   ] Safepoint "ICBufferFull", Time since last: 3947050 ns, Reaching safepoint: 119205 ns, Cleanup: 17613 ns, At safepoint: 150683 ns, Total: 287501 ns
[2025-05-30T07:20:40.881+0000][69][info ][safepoint   ] Safepoint "ICBufferFull", Time since last: 2575335 ns, Reaching safepoint: 910961 ns, Cleanup: 20640 ns, At safepoint: 308919 ns, Total: 1240520 ns
[2025-05-30T07:20:40.886+0000][69][info ][safepoint   ] Safepoint "ICBufferFull", Time since last: 4702996 ns, Reaching safepoint: 310004 ns, Cleanup: 20311 ns, At safepoint: 176024 ns, Total: 506339 ns
[2025-05-30T07:20:40.897+0000][69][info ][safepoint   ] Safepoint "ICBufferFull", Time since last: 10052853 ns, Reaching safepoint: 132411 ns, Cleanup: 36903 ns, At safepoint: 127296 ns, Total: 296610 ns
[2025-05-30T07:20:40.906+0000][69][info ][safepoint   ] Safepoint "ICBufferFull", Time since last: 9684949 ns, Reaching safepoint: 121395 ns, Cleanup: 11778 ns, At safepoint: 64816 ns, Total: 197989 ns
[2025-05-30T07:20:40.913+0000][69][info ][safepoint   ] Safepoint "ICBufferFull", Time since last: 5685302 ns, Reaching safepoint: 158113 ns, Cleanup: 24625 ns, At safepoint: 286055 ns, Total: 468793 ns
[2025-05-30T07:20:40.914+0000][69][info ][safepoint   ] Safepoint "ICBufferFull", Time since last: 1185292 ns, Reaching safepoint: 162390 ns, Cleanup: 12764 ns, At safepoint: 217593 ns, Total: 392747 ns
[2025-05-30T07:20:40.918+0000][69][info ][safepoint   ] Safepoint "ICBufferFull", Time since last: 3217933 ns, Reaching safepoint: 18171 ns, Cleanup: 13481 ns, At safepoint: 100035 ns, Total: 131687 ns
[2025-05-30T07:20:40.918+0000][69][info ][safepoint   ] Safepoint "ICBufferFull", Time since last: 545880 ns, Reaching safepoint: 15142 ns, Cleanup: 6228 ns, At safepoint: 110761 ns, Total: 132131 ns
[2025-05-30T07:20:40.919+0000][69][info ][safepoint   ] Safepoint "ICBufferFull", Time since last: 479779 ns, Reaching safepoint: 16196 ns, Cleanup: 7090 ns, At safepoint: 110880 ns, Total: 134166 ns
[2025-05-30T07:20:41.180+0000][69][info ][safepoint   ] Safepoint "ICBufferFull", Time since last: 260269857 ns, Reaching safepoint: 476676 ns, Cleanup: 134968 ns, At safepoint: 128193 ns, Total: 739837 ns
[2025-05-30T07:20:41.464+0000][69][info ][safepoint   ] Safepoint "ICBufferFull", Time since last: 284160836 ns, Reaching safepoint: 12512 ns, Cleanup: 107574 ns, At safepoint: 63914 ns, Total: 184000 ns
[2025-05-30T07:20:41.769+0000][69][info ][safepoint   ] Safepoint "ICBufferFull", Time since last: 304578731 ns, Reaching safepoint: 108292 ns, Cleanup: 131414 ns, At safepoint: 91939 ns, Total: 331645 ns
[2025-05-30T07:20:42.502+0000][69][info ][safepoint   ] Safepoint "ICBufferFull", Time since last: 732364720 ns, Reaching safepoint: 23896 ns, Cleanup: 167728 ns, At safepoint: 50449 ns, Total: 242073 ns
[2025-05-30T07:20:43.118+0000][69][info ][safepoint   ] Safepoint "ICBufferFull", Time since last: 615888227 ns, Reaching safepoint: 30788 ns, Cleanup: 150179 ns, At safepoint: 92131 ns, Total: 273098 ns
[2025-05-30T07:20:44.341+0000][69][info ][safepoint   ] Safepoint "ICBufferFull", Time since last: 1222820160 ns, Reaching safepoint: 20666 ns, Cleanup: 118685 ns, At safepoint: 21253 ns, Total: 160604 ns
[2025-05-30T07:20:44.614+0000][69][info ][safepoint   ] Safepoint "ICBufferFull", Time since last: 272050390 ns, Reaching safepoint: 438161 ns, Cleanup: 117061 ns, At safepoint: 189248 ns, Total: 744470 ns
[2025-05-30T07:20:44.880+0000][69][info ][safepoint   ] Safepoint "ICBufferFull", Time since last: 266217702 ns, Reaching safepoint: 21447 ns, Cleanup: 193272 ns, At safepoint: 50396 ns, Total: 265115 ns
[2025-05-30T07:20:45.186+0000][69][info ][safepoint   ] Safepoint "ICBufferFull", Time since last: 306130440 ns, Reaching safepoint: 16598 ns, Cleanup: 110080 ns, At safepoint: 8376 ns, Total: 135054 ns
[2025-05-30T07:20:46.207+0000][69][info ][safepoint   ] Safepoint "Cleanup", Time since last: 1020292588 ns, Reaching safepoint: 18500 ns, Cleanup: 147249 ns, At safepoint: 57442 ns, Total: 223191 ns
[2025-05-30T07:20:46.857+0000][69][info ][safepoint   ] Safepoint "ICBufferFull", Time since last: 649412013 ns, Reaching safepoint: 30363 ns, Cleanup: 143380 ns, At safepoint: 11899 ns, Total: 185642 ns
[2025-05-30T07:20:47.626+0000][69][info ][safepoint   ] Safepoint "ICBufferFull", Time since last: 768478944 ns, Reaching safepoint: 946172 ns, Cleanup: 178683 ns, At safepoint: 194108 ns, Total: 1318963 ns
[2025-05-30T07:20:47.639+0000][69][info ][safepoint   ] Safepoint "ICBufferFull", Time since last: 10030407 ns, Reaching safepoint: 2192577 ns, Cleanup: 34930 ns, At safepoint: 240228 ns, Total: 2467735 ns
[2025-05-30T07:20:47.689+0000][69][info ][gc,start    ] GC(11) Pause Young (Normal) (G1 Evacuation Pause)
[2025-05-30T07:20:47.690+0000][69][info ][gc,task     ] GC(11) Using 10 workers of 10 for evacuation
[2025-05-30T07:20:47.690+0000][69][debug][gc,age      ] GC(11) Desired survivor size 79691776 bytes, new threshold 15 (max threshold 15)
[2025-05-30T07:20:47.864+0000][69][info ][gc,phases   ] GC(11)   Pre Evacuate Collection Set: 0.70ms
[2025-05-30T07:20:47.865+0000][69][info ][gc,phases   ] GC(11)   Merge Heap Roots: 0.59ms
[2025-05-30T07:20:47.866+0000][69][info ][gc,phases   ] GC(11)   Evacuate Collection Set: 166.60ms
[2025-05-30T07:20:47.866+0000][69][info ][gc,phases   ] GC(11)   Post Evacuate Collection Set: 5.76ms
[2025-05-30T07:20:47.866+0000][69][info ][gc,phases   ] GC(11)   Other: 0.93ms
[2025-05-30T07:20:47.867+0000][69][trace][gc,age      ] GC(11) Age table with threshold 15 (max threshold 15)
[2025-05-30T07:20:47.867+0000][69][trace][gc,age      ] GC(11) - age   1:   45676008 bytes,   45676008 total
[2025-05-30T07:20:47.867+0000][69][trace][gc,age      ] GC(11) - age   2:   20047872 bytes,   65723880 total
[2025-05-30T07:20:47.868+0000][69][trace][gc,age      ] GC(11) - age   3:   14209752 bytes,   79933632 total
[2025-05-30T07:20:47.868+0000][69][trace][gc,age      ] GC(11) - age   4:    3787056 bytes,   83720688 total
[2025-05-30T07:20:47.869+0000][69][trace][gc,age      ] GC(11) - age   5:    2907424 bytes,   86628112 total
[2025-05-30T07:20:47.869+0000][69][trace][gc,age      ] GC(11) - age   6:    3605272 bytes,   90233384 total
[2025-05-30T07:20:47.869+0000][69][trace][gc,age      ] GC(11) - age   7:    4775704 bytes,   95009088 total
[2025-05-30T07:20:47.873+0000][69][info ][gc,heap     ] GC(11) Eden regions: 289->0(150)
[2025-05-30T07:20:47.880+0000][69][info ][gc,heap     ] GC(11) Survivor regions: 13->25(38)
[2025-05-30T07:20:47.881+0000][69][info ][gc,heap     ] GC(11) Old regions: 3->3
[2025-05-30T07:20:47.882+0000][69][info ][gc,heap     ] GC(11) Humongous regions: 0->0
[2025-05-30T07:20:47.882+0000][69][info ][gc,metaspace] GC(11) Metaspace: 139595K(143552K)->139595K(143552K) NonClass: 120028K(122176K)->120028K(122176K) Class: 19566K(21376K)->19566K(21376K)
[2025-05-30T07:20:47.883+0000][69][info ][gc          ] GC(11) Pause Young (Normal) (G1 Evacuation Pause) 1218M->110M(3880M) 193.810ms
[2025-05-30T07:20:47.885+0000][69][info ][gc,cpu      ] GC(11) User=1.46s Sys=0.04s Real=0.20s
[2025-05-30T07:20:47.886+0000][69][info ][safepoint   ] Safepoint "G1CollectForAllocation", Time since last: 50215556 ns, Reaching safepoint: 244254 ns, Cleanup: 54675 ns, At safepoint: 196853003 ns, Total: 197151932 ns
[2025-05-30T07:20:49.053+0000][69][info ][safepoint   ] Safepoint "Cleanup", Time since last: 1166434328 ns, Reaching safepoint: 15497 ns, Cleanup: 161760 ns, At safepoint: 32036 ns, Total: 209293 ns
[2025-05-30T07:20:50.086+0000][69][info ][safepoint   ] Safepoint "Cleanup", Time since last: 1033231191 ns, Reaching safepoint: 76237 ns, Cleanup: 37071 ns, At safepoint: 29948 ns, Total: 143256 ns
[2025-05-30T07:20:51.087+0000][69][info ][safepoint   ] Safepoint "Cleanup", Time since last: 1000580628 ns, Reaching safepoint: 28679 ns, Cleanup: 86166 ns, At safepoint: 15301 ns, Total: 130146 ns
[2025-05-30T07:20:52.277+0000][69][info ][safepoint   ] Safepoint "Cleanup", Time since last: 1189600869 ns, Reaching safepoint: 57148 ns, Cleanup: 41054 ns, At safepoint: 10068 ns, Total: 108270 ns
[2025-05-30T07:20:53.278+0000][69][info ][safepoint   ] Safepoint "Cleanup", Time since last: 1001193523 ns, Reaching safepoint: 25642 ns, Cleanup: 25084 ns, At safepoint: 10117 ns, Total: 60843 ns
[2025-05-30T07:20:54.279+0000][69][info ][safepoint   ] Safepoint "Cleanup", Time since last: 1000901749 ns, Reaching safepoint: 26713 ns, Cleanup: 30489 ns, At safepoint: 10958 ns, Total: 68160 ns
[2025-05-30T07:20:55.279+0000][69][info ][safepoint   ] Safepoint "Cleanup", Time since last: 1000559234 ns, Reaching safepoint: 22726 ns, Cleanup: 15066 ns, At safepoint: 8098 ns, Total: 45890 ns
[2025-05-30T07:20:56.280+0000][69][info ][safepoint   ] Safepoint "Cleanup", Time since last: 1000644593 ns, Reaching safepoint: 30698 ns, Cleanup: 72871 ns, At safepoint: 42360 ns, Total: 145929 ns
[2025-05-30T07:20:57.322+0000][69][info ][safepoint   ] Safepoint "Cleanup", Time since last: 1041524846 ns, Reaching safepoint: 35087 ns, Cleanup: 60878 ns, At safepoint: 21252 ns, Total: 117217 ns
[2025-05-30T07:20:58.323+0000][69][info ][safepoint   ] Safepoint "Cleanup", Time since last: 1000642937 ns, Reaching safepoint: 31176 ns, Cleanup: 40069 ns, At safepoint: 11878 ns, Total: 83123 ns
[2025-05-30T07:20:59.324+0000][69][info ][safepoint   ] Safepoint "Cleanup", Time since last: 1001723861 ns, Reaching safepoint: 40905 ns, Cleanup: 25730 ns, At safepoint: 78335 ns, Total: 144970 ns
[2025-05-30T07:21:00.325+0000][69][info ][safepoint   ] Safepoint "Cleanup", Time since last: 1000658862 ns, Reaching safepoint: 68362 ns, Cleanup: 12042 ns, At safepoint: 11727 ns, Total: 92131 ns
[2025-05-30T07:21:01.326+0000][69][info ][safepoint   ] Safepoint "Cleanup", Time since last: 1000565711 ns, Reaching safepoint: 23677 ns, Cleanup: 25077 ns, At safepoint: 7905 ns, Total: 56659 ns
[2025-05-30T07:21:02.327+0000][69][info ][safepoint   ] Safepoint "Cleanup", Time since last: 1000606819 ns, Reaching safepoint: 33189 ns, Cleanup: 27698 ns, At safepoint: 79358 ns, Total: 140245 ns
[2025-05-30T07:21:03.327+0000][69][info ][safepoint   ] Safepoint "Cleanup", Time since last: 1000674962 ns, Reaching safepoint: 28085 ns, Cleanup: 19519 ns, At safepoint: 14784 ns, Total: 62388 ns
[2025-05-30T07:21:05.328+0000][69][info ][safepoint   ] Safepoint "Cleanup", Time since last: 2000781948 ns, Reaching safepoint: 22596 ns, Cleanup: 35257 ns, At safepoint: 7753 ns, Total: 65606 ns
[2025-05-30T07:21:06.329+0000][69][info ][safepoint   ] Safepoint "Cleanup", Time since last: 1000653729 ns, Reaching safepoint: 26400 ns, Cleanup: 18575 ns, At safepoint: 7902 ns, Total: 52877 ns
[2025-05-30T07:21:07.326+0000][69][info ][safepoint   ] Safepoint "Cleanup", Time since last: 1000626442 ns, Reaching safepoint: 26703 ns, Cleanup: 13787 ns, At safepoint: 8416 ns, Total: 48906 ns
[2025-05-30T07:21:08.328+0000][69][info ][safepoint   ] Safepoint "Cleanup", Time since last: 1001039558 ns, Reaching safepoint: 26843 ns, Cleanup: 21278 ns, At safepoint: 8821 ns, Total: 56942 ns
[2025-05-30T07:21:10.328+0000][69][info ][safepoint   ] Safepoint "Cleanup", Time since last: 2000678584 ns, Reaching safepoint: 25833 ns, Cleanup: 17278 ns, At safepoint: 9205 ns, Total: 52316 ns
[2025-05-30T07:21:11.330+0000][69][info ][safepoint   ] Safepoint "Cleanup", Time since last: 1001170361 ns, Reaching safepoint: 25962 ns, Cleanup: 42517 ns, At safepoint: 46150 ns, Total: 114629 ns
[2025-05-30T07:21:13.333+0000][69][info ][safepoint   ] Safepoint "Cleanup", Time since last: 2003533556 ns, Reaching safepoint: 30585 ns, Cleanup: 29140 ns, At safepoint: 16296 ns, Total: 76021 ns
[2025-05-30T07:21:14.334+0000][69][info ][safepoint   ] Safepoint "Cleanup", Time since last: 1000688003 ns, Reaching safepoint: 31767 ns, Cleanup: 31315 ns, At safepoint: 17079 ns, Total: 80161 ns
[2025-05-30T07:21:15.335+0000][69][info ][safepoint   ] Safepoint "Cleanup", Time since last: 1000573487 ns, Reaching safepoint: 27720 ns, Cleanup: 23373 ns, At safepoint: 11149 ns, Total: 62242 ns
[2025-05-30T07:21:16.335+0000][69][info ][safepoint   ] Safepoint "Cleanup", Time since last: 1000634806 ns, Reaching safepoint: 23092 ns, Cleanup: 25030 ns, At safepoint: 10078 ns, Total: 58200 ns
[2025-05-30T07:21:17.339+0000][69][info ][safepoint   ] Safepoint "Cleanup", Time since last: 1003566536 ns, Reaching safepoint: 30316 ns, Cleanup: 20346 ns, At safepoint: 16067 ns, Total: 66729 ns
[2025-05-30T07:21:20.340+0000][69][info ][safepoint   ] Safepoint "Cleanup", Time since last: 3001049998 ns, Reaching safepoint: 81683 ns, Cleanup: 17855 ns, At safepoint: 10767 ns, Total: 110305 ns
[2025-05-30T07:21:21.828+0000][69][info ][safepoint   ] Safepoint "Cleanup", Time since last: 1487891433 ns, Reaching safepoint: 33460 ns, Cleanup: 67770 ns, At safepoint: 17102 ns, Total: 118332 ns
[2025-05-30T07:21:23.830+0000][69][info ][safepoint   ] Safepoint "Cleanup", Time since last: 2001335912 ns, Reaching safepoint: 31015 ns, Cleanup: 32110 ns, At safepoint: 16114 ns, Total: 79239 ns
[2025-05-30T07:21:24.830+0000][69][info ][safepoint   ] Safepoint "Cleanup", Time since last: 1000595124 ns, Reaching safepoint: 21063 ns, Cleanup: 12582 ns, At safepoint: 7945 ns, Total: 41590 ns
[2025-05-30T07:21:25.832+0000][69][info ][safepoint   ] Safepoint "Cleanup", Time since last: 1001356730 ns, Reaching safepoint: 30246 ns, Cleanup: 25193 ns, At safepoint: 15281 ns, Total: 70720 ns
[2025-05-30T07:21:26.832+0000][69][info ][safepoint   ] Safepoint "Cleanup", Time since last: 1000850247 ns, Reaching safepoint: 18127 ns, Cleanup: 15772 ns, At safepoint: 7374 ns, Total: 41273 ns
[2025-05-30T07:21:29.834+0000][69][info ][safepoint   ] Safepoint "Cleanup", Time since last: 3001041747 ns, Reaching safepoint: 32522 ns, Cleanup: 20175 ns, At safepoint: 16981 ns, Total: 69678 ns
[2025-05-30T07:21:30.867+0000][69][info ][safepoint   ] Safepoint "Cleanup", Time since last: 1032773687 ns, Reaching safepoint: 72991 ns, Cleanup: 114430 ns, At safepoint: 20541 ns, Total: 207962 ns
[2025-05-30T07:21:32.867+0000][69][info ][safepoint   ] Safepoint "Cleanup", Time since last: 2000807237 ns, Reaching safepoint: 27561 ns, Cleanup: 27732 ns, At safepoint: 11015 ns, Total: 66308 ns
[2025-05-30T07:21:34.879+0000][69][info ][safepoint   ] Safepoint "Cleanup", Time since last: 2011681054 ns, Reaching safepoint: 38165 ns, Cleanup: 23812 ns, At safepoint: 10308 ns, Total: 72285 ns
[2025-05-30T07:21:36.369+0000][69][info ][safepoint   ] Safepoint "Cleanup", Time since last: 1489876277 ns, Reaching safepoint: 11093 ns, Cleanup: 88784 ns, At safepoint: 24928 ns, Total: 124805 ns
[2025-05-30T07:21:37.370+0000][69][info ][safepoint   ] Safepoint "Cleanup", Time since last: 1004898079 ns, Reaching safepoint: 47031 ns, Cleanup: 18987 ns, At safepoint: 9303 ns, Total: 75321 ns
[2025-05-30T07:21:38.371+0000][69][info ][safepoint   ] Safepoint "Cleanup", Time since last: 1000558561 ns, Reaching safepoint: 27225 ns, Cleanup: 20223 ns, At safepoint: 12435 ns, Total: 59883 ns
[2025-05-30T07:21:39.378+0000][69][info ][safepoint   ] Safepoint "Cleanup", Time since last: 1006626764 ns, Reaching safepoint: 25894 ns, Cleanup: 13556 ns, At safepoint: 10143 ns, Total: 49593 ns
[2025-05-30T07:21:41.300+0000][69][info ][safepoint   ] Safepoint "Cleanup", Time since last: 1921645252 ns, Reaching safepoint: 14285 ns, Cleanup: 67042 ns, At safepoint: 56750 ns, Total: 138077 ns
[2025-05-30T07:21:43.128+0000][69][info ][safepoint   ] Safepoint "Cleanup", Time since last: 1828039091 ns, Reaching safepoint: 18574 ns, Cleanup: 115280 ns, At safepoint: 81612 ns, Total: 215466 ns
[2025-05-30T07:21:44.130+0000][69][info ][safepoint   ] Safepoint "Cleanup", Time since last: 1002546767 ns, Reaching safepoint: 92987 ns, Cleanup: 18472 ns, At safepoint: 11735 ns, Total: 123194 ns
[2025-05-30T07:21:45.134+0000][69][info ][safepoint   ] Safepoint "Cleanup", Time since last: 1003710590 ns, Reaching safepoint: 22368 ns, Cleanup: 28753 ns, At safepoint: 8842 ns, Total: 59963 ns
[2025-05-30T07:21:46.161+0000][69][info ][safepoint   ] Safepoint "Cleanup", Time since last: 1026836218 ns, Reaching safepoint: 28070 ns, Cleanup: 33095 ns, At safepoint: 43011 ns, Total: 104176 ns
[2025-05-30T07:21:48.164+0000][69][info ][safepoint   ] Safepoint "Cleanup", Time since last: 2003030152 ns, Reaching safepoint: 26929 ns, Cleanup: 40168 ns, At safepoint: 10321 ns, Total: 77418 ns
[2025-05-30T07:21:51.193+0000][69][info ][safepoint   ] Safepoint "Cleanup", Time since last: 3027988089 ns, Reaching safepoint: 213197 ns, Cleanup: 32778 ns, At safepoint: 27846 ns, Total: 273821 ns
[2025-05-30T07:21:53.194+0000][69][info ][safepoint   ] Safepoint "Cleanup", Time since last: 2000987643 ns, Reaching safepoint: 19121 ns, Cleanup: 11778 ns, At safepoint: 7756 ns, Total: 38655 ns
[2025-05-30T07:21:54.194+0000][69][info ][safepoint   ] Safepoint "Cleanup", Time since last: 1000789832 ns, Reaching safepoint: 35217 ns, Cleanup: 31329 ns, At safepoint: 18062 ns, Total: 84608 ns
[2025-05-30T07:21:55.195+0000][69][info ][safepoint   ] Safepoint "Cleanup", Time since last: 1000650396 ns, Reaching safepoint: 28275 ns, Cleanup: 20825 ns, At safepoint: 10883 ns, Total: 59983 ns
[2025-05-30T07:21:56.199+0000][69][info ][safepoint   ] Safepoint "Cleanup", Time since last: 1003914378 ns, Reaching safepoint: 35719 ns, Cleanup: 21166 ns, At safepoint: 18857 ns, Total: 75742 ns
[2025-05-30T07:21:57.201+0000][69][info ][safepoint   ] Safepoint "Cleanup", Time since last: 1001637923 ns, Reaching safepoint: 19594 ns, Cleanup: 14700 ns, At safepoint: 7915 ns, Total: 42209 ns
[2025-05-30T07:21:58.202+0000][69][info ][safepoint   ] Safepoint "Cleanup", Time since last: 1000592909 ns, Reaching safepoint: 27375 ns, Cleanup: 70749 ns, At safepoint: 34790 ns, Total: 132914 ns
[2025-05-30T07:22:00.203+0000][69][info ][safepoint   ] Safepoint "Cleanup", Time since last: 2000911442 ns, Reaching safepoint: 31865 ns, Cleanup: 15930 ns, At safepoint: 16256 ns, Total: 64051 ns
[2025-05-30T07:22:01.203+0000][69][info ][safepoint   ] Safepoint "Cleanup", Time since last: 1000690527 ns, Reaching safepoint: 32764 ns, Cleanup: 34067 ns, At safepoint: 17005 ns, Total: 83836 ns
[2025-05-30T07:22:03.205+0000][69][info ][safepoint   ] Safepoint "Cleanup", Time since last: 2001171552 ns, Reaching safepoint: 74777 ns, Cleanup: 19464 ns, At safepoint: 18226 ns, Total: 112467 ns
[2025-05-30T07:22:04.205+0000][69][info ][safepoint   ] Safepoint "Cleanup", Time since last: 1000780877 ns, Reaching safepoint: 32672 ns, Cleanup: 18041 ns, At safepoint: 17708 ns, Total: 68421 ns
[2025-05-30T07:22:06.208+0000][69][info ][safepoint   ] Safepoint "Cleanup", Time since last: 2002035176 ns, Reaching safepoint: 24229 ns, Cleanup: 26130 ns, At safepoint: 9255 ns, Total: 59614 ns
[2025-05-30T07:22:08.229+0000][69][info ][safepoint   ] Safepoint "Cleanup", Time since last: 2025808358 ns, Reaching safepoint: 81553 ns, Cleanup: 51968 ns, At safepoint: 17054 ns, Total: 150575 ns
[2025-05-30T07:22:10.230+0000][69][info ][safepoint   ] Safepoint "Cleanup", Time since last: 2000845517 ns, Reaching safepoint: 28986 ns, Cleanup: 16563 ns, At safepoint: 16605 ns, Total: 62154 ns
[2025-05-30T07:22:11.240+0000][69][info ][safepoint   ] Safepoint "Cleanup", Time since last: 1010166408 ns, Reaching safepoint: 32529 ns, Cleanup: 49741 ns, At safepoint: 18414 ns, Total: 100684 ns
[2025-05-30T07:22:12.241+0000][69][info ][safepoint   ] Safepoint "Cleanup", Time since last: 1000685545 ns, Reaching safepoint: 20668 ns, Cleanup: 15472 ns, At safepoint: 8144 ns, Total: 44284 ns
[2025-05-30T07:22:14.242+0000][69][info ][safepoint   ] Safepoint "Cleanup", Time since last: 2000871411 ns, Reaching safepoint: 33048 ns, Cleanup: 15762 ns, At safepoint: 16440 ns, Total: 65250 ns
[2025-05-30T07:22:15.243+0000][69][info ][safepoint   ] Safepoint "Cleanup", Time since last: 1000633264 ns, Reaching safepoint: 26490 ns, Cleanup: 21121 ns, At safepoint: 9647 ns, Total: 57258 ns
[2025-05-30T07:22:16.243+0000][69][info ][safepoint   ] Safepoint "Cleanup", Time since last: 1000718533 ns, Reaching safepoint: 30128 ns, Cleanup: 24605 ns, At safepoint: 15569 ns, Total: 70302 ns
[2025-05-30T07:22:18.244+0000][69][info ][safepoint   ] Safepoint "Cleanup", Time since last: 2000884448 ns, Reaching safepoint: 65873 ns, Cleanup: 17998 ns, At safepoint: 10545 ns, Total: 94416 ns
[2025-05-30T07:22:19.245+0000][69][info ][safepoint   ] Safepoint "Cleanup", Time since last: 1000586727 ns, Reaching safepoint: 19277 ns, Cleanup: 12086 ns, At safepoint: 7852 ns, Total: 39215 ns
[2025-05-30T07:22:21.246+0000][69][info ][safepoint   ] Safepoint "Cleanup", Time since last: 2000670857 ns, Reaching safepoint: 22442 ns, Cleanup: 24382 ns, At safepoint: 9432 ns, Total: 56256 ns
[2025-05-30T07:22:24.247+0000][69][info ][safepoint   ] Safepoint "Cleanup", Time since last: 3001007567 ns, Reaching safepoint: 36934 ns, Cleanup: 23024 ns, At safepoint: 19361 ns, Total: 79319 ns
[2025-05-30T07:22:25.248+0000][69][info ][safepoint   ] Safepoint "Cleanup", Time since last: 1000684213 ns, Reaching safepoint: 33506 ns, Cleanup: 17350 ns, At safepoint: 17023 ns, Total: 67879 ns
[2025-05-30T07:22:26.248+0000][69][info ][safepoint   ] Safepoint "Cleanup", Time since last: 1000716760 ns, Reaching safepoint: 30750 ns, Cleanup: 16443 ns, At safepoint: 16095 ns, Total: 63288 ns
[2025-05-30T07:22:28.249+0000][69][info ][safepoint   ] Safepoint "Cleanup", Time since last: 2000847109 ns, Reaching safepoint: 33549 ns, Cleanup: 20994 ns, At safepoint: 18265 ns, Total: 72808 ns
[2025-05-30T07:22:29.895+0000][69][info ][safepoint   ] Safepoint "Cleanup", Time since last: 1645368239 ns, Reaching safepoint: 6313 ns, Cleanup: 11798 ns, At safepoint: 3058 ns, Total: 21169 ns
[2025-05-30T07:22:30.895+0000][69][info ][safepoint   ] Safepoint "Cleanup", Time since last: 1000822878 ns, Reaching safepoint: 19250 ns, Cleanup: 16200 ns, At safepoint: 7740 ns, Total: 43190 ns
[2025-05-30T07:22:32.897+0000][69][info ][safepoint   ] Safepoint "Cleanup", Time since last: 2001031494 ns, Reaching safepoint: 46791 ns, Cleanup: 15731 ns, At safepoint: 8179 ns, Total: 70701 ns
[2025-05-30T07:22:33.897+0000][69][info ][safepoint   ] Safepoint "Cleanup", Time since last: 1000699613 ns, Reaching safepoint: 32023 ns, Cleanup: 14148 ns, At safepoint: 10052 ns, Total: 56223 ns
[2025-05-30T07:22:34.898+0000][69][info ][safepoint   ] Safepoint "Cleanup", Time since last: 1000605984 ns, Reaching safepoint: 32207 ns, Cleanup: 17611 ns, At safepoint: 15280 ns, Total: 65098 ns
[2025-05-30T07:22:35.899+0000][69][info ][safepoint   ] Safepoint "Cleanup", Time since last: 1000744899 ns, Reaching safepoint: 22444 ns, Cleanup: 23489 ns, At safepoint: 10278 ns, Total: 56211 ns
[2025-05-30T07:22:37.896+0000][69][info ][safepoint   ] Safepoint "Cleanup", Time since last: 2000810824 ns, Reaching safepoint: 28785 ns, Cleanup: 15242 ns, At safepoint: 11422 ns, Total: 55449 ns
[2025-05-30T07:22:38.897+0000][69][info ][safepoint   ] Safepoint "Cleanup", Time since last: 1000674193 ns, Reaching safepoint: 35181 ns, Cleanup: 23287 ns, At safepoint: 16557 ns, Total: 75025 ns
[2025-05-30T07:22:40.898+0000][69][info ][safepoint   ] Safepoint "Cleanup", Time since last: 2001021660 ns, Reaching safepoint: 35621 ns, Cleanup: 48278 ns, At safepoint: 18890 ns, Total: 102789 ns
[2025-05-30T07:22:41.899+0000][69][info ][safepoint   ] Safepoint "Cleanup", Time since last: 1000683521 ns, Reaching safepoint: 118315 ns, Cleanup: 22621 ns, At safepoint: 18725 ns, Total: 159661 ns
[2025-05-30T07:22:43.900+0000][69][info ][safepoint   ] Safepoint "Cleanup", Time since last: 2000923085 ns, Reaching safepoint: 37066 ns, Cleanup: 23515 ns, At safepoint: 20143 ns, Total: 80724 ns
[2025-05-30T07:22:45.157+0000][69][info ][safepoint   ] Safepoint "Cleanup", Time since last: 1256908440 ns, Reaching safepoint: 16104 ns, Cleanup: 87299 ns, At safepoint: 145386 ns, Total: 248789 ns
[2025-05-30T07:22:46.180+0000][69][info ][safepoint   ] Safepoint "Cleanup", Time since last: 1022999794 ns, Reaching safepoint: 35259 ns, Cleanup: 41737 ns, At safepoint: 18786 ns, Total: 95782 ns
[2025-05-30T07:22:48.183+0000][69][info ][safepoint   ] Safepoint "Cleanup", Time since last: 2002678770 ns, Reaching safepoint: 53823 ns, Cleanup: 19888 ns, At safepoint: 8622 ns, Total: 82333 ns
[2025-05-30T07:22:55.188+0000][69][info ][safepoint   ] Safepoint "Cleanup", Time since last: 7004773414 ns, Reaching safepoint: 21055 ns, Cleanup: 12928 ns, At safepoint: 8318 ns, Total: 42301 ns
[2025-05-30T07:22:56.189+0000][69][info ][safepoint   ] Safepoint "Cleanup", Time since last: 1000810068 ns, Reaching safepoint: 35520 ns, Cleanup: 21462 ns, At safepoint: 18175 ns, Total: 75157 ns
[2025-05-30T07:22:57.190+0000][69][info ][safepoint   ] Safepoint "Cleanup", Time since last: 1000756104 ns, Reaching safepoint: 34027 ns, Cleanup: 20035 ns, At safepoint: 17829 ns, Total: 71891 ns
[2025-05-30T07:22:58.190+0000][69][info ][safepoint   ] Safepoint "Cleanup", Time since last: 1000590531 ns, Reaching safepoint: 24802 ns, Cleanup: 20741 ns, At safepoint: 10637 ns, Total: 56180 ns
[2025-05-30T07:22:59.194+0000][69][info ][safepoint   ] Safepoint "Cleanup", Time since last: 1004197618 ns, Reaching safepoint: 29010 ns, Cleanup: 15418 ns, At safepoint: 15391 ns, Total: 59819 ns
[2025-05-30T07:23:00.195+0000][69][info ][safepoint   ] Safepoint "Cleanup", Time since last: 1000812017 ns, Reaching safepoint: 33061 ns, Cleanup: 27439 ns, At safepoint: 17612 ns, Total: 78112 ns
[2025-05-30T07:23:01.196+0000][69][info ][safepoint   ] Safepoint "Cleanup", Time since last: 1000589973 ns, Reaching safepoint: 24141 ns, Cleanup: 21714 ns, At safepoint: 10094 ns, Total: 55949 ns
[2025-05-30T07:23:03.197+0000][69][info ][safepoint   ] Safepoint "Cleanup", Time since last: 2000876710 ns, Reaching safepoint: 70225 ns, Cleanup: 18387 ns, At safepoint: 30627 ns, Total: 119239 ns
[2025-05-30T07:23:05.198+0000][69][info ][safepoint   ] Safepoint "Cleanup", Time since last: 2000841395 ns, Reaching safepoint: 18564 ns, Cleanup: 10697 ns, At safepoint: 7870 ns, Total: 37131 ns
[2025-05-30T07:23:06.199+0000][69][info ][safepoint   ] Safepoint "Cleanup", Time since last: 1000622580 ns, Reaching safepoint: 27596 ns, Cleanup: 16272 ns, At safepoint: 9560 ns, Total: 53428 ns
[2025-05-30T07:23:07.199+0000][69][info ][safepoint   ] Safepoint "Cleanup", Time since last: 1000803315 ns, Reaching safepoint: 35784 ns, Cleanup: 12898 ns, At safepoint: 9562 ns, Total: 58244 ns
[2025-05-30T07:23:09.197+0000][69][info ][safepoint   ] Safepoint "Cleanup", Time since last: 2000842681 ns, Reaching safepoint: 23614 ns, Cleanup: 17453 ns, At safepoint: 9415 ns, Total: 50482 ns
[2025-05-30T07:23:11.198+0000][69][info ][safepoint   ] Safepoint "Cleanup", Time since last: 2000820022 ns, Reaching safepoint: 34670 ns, Cleanup: 37088 ns, At safepoint: 18941 ns, Total: 90699 ns
[2025-05-30T07:23:12.199+0000][69][info ][safepoint   ] Safepoint "Cleanup", Time since last: 1000833550 ns, Reaching safepoint: 34069 ns, Cleanup: 19228 ns, At safepoint: 17580 ns, Total: 70877 ns
[2025-05-30T07:23:14.200+0000][69][info ][safepoint   ] Safepoint "Cleanup", Time since last: 2001171168 ns, Reaching safepoint: 30356 ns, Cleanup: 24243 ns, At safepoint: 16727 ns, Total: 71326 ns
[2025-05-30T07:23:15.201+0000][69][info ][safepoint   ] Safepoint "Cleanup", Time since last: 1000760593 ns, Reaching safepoint: 26593 ns, Cleanup: 23636 ns, At safepoint: 12251 ns, Total: 62480 ns
[2025-05-30T07:23:16.201+0000][69][info ][safepoint   ] Safepoint "Cleanup", Time since last: 1000769439 ns, Reaching safepoint: 29954 ns, Cleanup: 19734 ns, At safepoint: 10035 ns, Total: 59723 ns
[2025-05-30T07:23:17.202+0000][69][info ][safepoint   ] Safepoint "Cleanup", Time since last: 1000809047 ns, Reaching safepoint: 34549 ns, Cleanup: 20131 ns, At safepoint: 19475 ns, Total: 74155 ns
[2025-05-30T07:23:18.203+0000][69][info ][safepoint   ] Safepoint "Cleanup", Time since last: 1000834503 ns, Reaching safepoint: 28341 ns, Cleanup: 17450 ns, At safepoint: 9678 ns, Total: 55469 ns
[2025-05-30T07:23:19.204+0000][69][info ][safepoint   ] Safepoint "Cleanup", Time since last: 1000617278 ns, Reaching safepoint: 85623 ns, Cleanup: 18463 ns, At safepoint: 18309 ns, Total: 122395 ns
[2025-05-30T07:23:21.205+0000][69][info ][safepoint   ] Safepoint "Cleanup", Time since last: 2001002781 ns, Reaching safepoint: 32689 ns, Cleanup: 24568 ns, At safepoint: 16003 ns, Total: 73260 ns
[2025-05-30T07:23:24.206+0000][69][info ][safepoint   ] Safepoint "Cleanup", Time since last: 3001035782 ns, Reaching safepoint: 41069 ns, Cleanup: 18770 ns, At safepoint: 17369 ns, Total: 77208 ns
[2025-05-30T07:23:26.207+0000][69][info ][safepoint   ] Safepoint "Cleanup", Time since last: 2000724244 ns, Reaching safepoint: 33850 ns, Cleanup: 23385 ns, At safepoint: 18543 ns, Total: 75778 ns
[2025-05-30T07:23:27.208+0000][69][info ][safepoint   ] Safepoint "Cleanup", Time since last: 1000684025 ns, Reaching safepoint: 27683 ns, Cleanup: 37357 ns, At safepoint: 8571 ns, Total: 73611 ns
[2025-05-30T07:23:32.925+0000][69][info ][safepoint   ] Safepoint "Cleanup", Time since last: 5717446043 ns, Reaching safepoint: 43510 ns, Cleanup: 23656 ns, At safepoint: 21381 ns, Total: 88547 ns
[2025-05-30T07:23:34.926+0000][69][info ][safepoint   ] Safepoint "Cleanup", Time since last: 2001006517 ns, Reaching safepoint: 80575 ns, Cleanup: 16763 ns, At safepoint: 36826 ns, Total: 134164 ns
[2025-05-30T07:23:35.927+0000][69][info ][safepoint   ] Safepoint "Cleanup", Time since last: 1000865897 ns, Reaching safepoint: 30903 ns, Cleanup: 17442 ns, At safepoint: 17245 ns, Total: 65590 ns
[2025-05-30T07:23:38.924+0000][69][info ][safepoint   ] Safepoint "Cleanup", Time since last: 3001104524 ns, Reaching safepoint: 46103 ns, Cleanup: 21668 ns, At safepoint: 16764 ns, Total: 84535 ns
[2025-05-30T07:23:40.793+0000][69][info ][gc,start    ] GC(12) Pause Young (Concurrent Start) (CodeCache GC Threshold)
[2025-05-30T07:23:40.794+0000][69][info ][gc,task     ] GC(12) Using 10 workers of 10 for evacuation
[2025-05-30T07:23:40.795+0000][69][debug][gc,age      ] GC(12) Desired survivor size 46137344 bytes, new threshold 2 (max threshold 15)
[2025-05-30T07:23:40.978+0000][69][info ][gc,phases   ] GC(12)   Pre Evacuate Collection Set: 1.28ms
[2025-05-30T07:23:40.978+0000][69][info ][gc,phases   ] GC(12)   Merge Heap Roots: 0.26ms
[2025-05-30T07:23:40.979+0000][69][info ][gc,phases   ] GC(12)   Evacuate Collection Set: 177.18ms
[2025-05-30T07:23:40.979+0000][69][info ][gc,phases   ] GC(12)   Post Evacuate Collection Set: 3.90ms
[2025-05-30T07:23:40.979+0000][69][info ][gc,phases   ] GC(12)   Other: 1.14ms
[2025-05-30T07:23:40.980+0000][69][trace][gc,age      ] GC(12) Age table with threshold 2 (max threshold 15)
[2025-05-30T07:23:40.980+0000][69][trace][gc,age      ] GC(12) - age   1:    1677552 bytes,    1677552 total
[2025-05-30T07:23:40.980+0000][69][trace][gc,age      ] GC(12) - age   2:   42283008 bytes,   43960560 total
[2025-05-30T07:23:40.981+0000][69][info ][gc,heap     ] GC(12) Eden regions: 51->0(169)
[2025-05-30T07:23:40.981+0000][69][info ][gc,heap     ] GC(12) Survivor regions: 25->13(22)
[2025-05-30T07:23:40.981+0000][69][info ][gc,heap     ] GC(12) Old regions: 3->16
[2025-05-30T07:23:40.982+0000][69][info ][gc,heap     ] GC(12) Humongous regions: 0->0
[2025-05-30T07:23:40.982+0000][69][info ][gc,metaspace] GC(12) Metaspace: 141656K(145728K)->141656K(145728K) NonClass: 121976K(124160K)->121976K(124160K) Class: 19680K(21568K)->19680K(21568K)
[2025-05-30T07:23:40.983+0000][69][info ][gc          ] GC(12) Pause Young (Concurrent Start) (CodeCache GC Threshold) 314M->111M(3880M) 189.795ms
[2025-05-30T07:23:40.984+0000][69][info ][gc          ] GC(13) Concurrent Mark Cycle
[2025-05-30T07:23:40.984+0000][69][info ][gc,cpu      ] GC(12) User=0.55s Sys=0.44s Real=0.19s
[2025-05-30T07:23:40.984+0000][69][info ][gc,marking  ] GC(13) Concurrent Scan Root Regions
[2025-05-30T07:23:40.985+0000][69][info ][safepoint   ] Safepoint "G1TryInitiateConcMark", Time since last: 1868862670 ns, Reaching safepoint: 85814 ns, Cleanup: 39574 ns, At safepoint: 191577839 ns, Total: 191703227 ns
[2025-05-30T07:23:41.008+0000][69][info ][gc,marking  ] GC(13) Concurrent Scan Root Regions 23.614ms
[2025-05-30T07:23:41.009+0000][69][info ][gc,marking  ] GC(13) Concurrent Mark
[2025-05-30T07:23:41.010+0000][69][info ][gc,marking  ] GC(13) Concurrent Mark From Roots
[2025-05-30T07:23:41.011+0000][69][info ][gc,task     ] GC(13) Using 3 workers of 3 for marking
[2025-05-30T07:23:41.021+0000][69][info ][gc,marking  ] GC(13) Concurrent Mark From Roots 11.158ms
[2025-05-30T07:23:41.022+0000][69][info ][gc,marking  ] GC(13) Concurrent Preclean
[2025-05-30T07:23:41.022+0000][69][info ][gc,marking  ] GC(13) Concurrent Preclean 0.449ms
[2025-05-30T07:23:41.023+0000][69][info ][gc,start    ] GC(13) Pause Remark
[2025-05-30T07:23:41.038+0000][69][info ][gc          ] GC(13) Pause Remark 121M->121M(3880M) 15.233ms
[2025-05-30T07:23:41.038+0000][69][info ][gc,cpu      ] GC(13) User=0.08s Sys=0.01s Real=0.02s
[2025-05-30T07:23:41.039+0000][69][info ][safepoint   ] Safepoint "G1PauseRemark", Time since last: 37802280 ns, Reaching safepoint: 30540 ns, Cleanup: 29231 ns, At safepoint: 16081908 ns, Total: 16141679 ns
[2025-05-30T07:23:41.039+0000][69][info ][gc,marking  ] GC(13) Concurrent Mark 29.622ms
[2025-05-30T07:23:41.039+0000][69][info ][gc,marking  ] GC(13) Concurrent Rebuild Remembered Sets and Scrub Regions
[2025-05-30T07:23:41.054+0000][69][info ][gc,marking  ] GC(13) Concurrent Rebuild Remembered Sets and Scrub Regions 14.517ms
[2025-05-30T07:23:41.055+0000][69][info ][gc,start    ] GC(13) Pause Cleanup
[2025-05-30T07:23:41.056+0000][69][info ][gc          ] GC(13) Pause Cleanup 122M->122M(3880M) 0.968ms
[2025-05-30T07:23:41.056+0000][69][info ][gc,cpu      ] GC(13) User=0.00s Sys=0.00s Real=0.00s
[2025-05-30T07:23:41.057+0000][69][info ][safepoint   ] Safepoint "G1PauseCleanup", Time since last: 15838497 ns, Reaching safepoint: 32782 ns, Cleanup: 26823 ns, At safepoint: 1988879 ns, Total: 2048484 ns
[2025-05-30T07:23:41.057+0000][69][info ][gc,marking  ] GC(13) Concurrent Clear Claimed Marks
[2025-05-30T07:23:41.058+0000][69][info ][gc,marking  ] GC(13) Concurrent Clear Claimed Marks 1.007ms
[2025-05-30T07:23:41.058+0000][69][info ][gc,marking  ] GC(13) Concurrent Cleanup for Next Mark
[2025-05-30T07:23:41.072+0000][69][info ][gc,marking  ] GC(13) Concurrent Cleanup for Next Mark 13.972ms
[2025-05-30T07:23:41.073+0000][69][info ][gc          ] GC(13) Concurrent Mark Cycle 89.230ms
[2025-05-30T07:23:42.057+0000][69][info ][safepoint   ] Safepoint "Cleanup", Time since last: 1000576379 ns, Reaching safepoint: 30937 ns, Cleanup: 21349 ns, At safepoint: 16494 ns, Total: 68780 ns
[2025-05-30T07:23:44.058+0000][69][info ][safepoint   ] Safepoint "Cleanup", Time since last: 2001102127 ns, Reaching safepoint: 28532 ns, Cleanup: 21158 ns, At safepoint: 10633 ns, Total: 60323 ns
[2025-05-30T07:23:45.059+0000][69][info ][safepoint   ] Safepoint "Cleanup", Time since last: 1000680344 ns, Reaching safepoint: 34477 ns, Cleanup: 29671 ns, At safepoint: 12111 ns, Total: 76259 ns
[2025-05-30T07:23:46.060+0000][69][info ][safepoint   ] Safepoint "Cleanup", Time since last: 1001140453 ns, Reaching safepoint: 30377 ns, Cleanup: 37260 ns, At safepoint: 10408 ns, Total: 78045 ns
[2025-05-30T07:23:47.295+0000][69][info ][safepoint   ] Safepoint "Cleanup", Time since last: 1234920449 ns, Reaching safepoint: 17169 ns, Cleanup: 30741 ns, At safepoint: 133782 ns, Total: 181692 ns
[2025-05-30T07:23:49.215+0000][69][info ][safepoint   ] Safepoint "Cleanup", Time since last: 1919712143 ns, Reaching safepoint: 101625 ns, Cleanup: 52391 ns, At safepoint: 34553 ns, Total: 188569 ns
[2025-05-30T07:23:51.216+0000][69][info ][safepoint   ] Safepoint "Cleanup", Time since last: 2000733168 ns, Reaching safepoint: 32494 ns, Cleanup: 40634 ns, At safepoint: 129576 ns, Total: 202704 ns
[2025-05-30T07:23:54.217+0000][69][info ][safepoint   ] Safepoint "Cleanup", Time since last: 3000862158 ns, Reaching safepoint: 145783 ns, Cleanup: 26074 ns, At safepoint: 98414 ns, Total: 270271 ns
[2025-05-30T07:23:56.218+0000][69][info ][safepoint   ] Safepoint "Cleanup", Time since last: 2000808988 ns, Reaching safepoint: 29217 ns, Cleanup: 20370 ns, At safepoint: 8932 ns, Total: 58519 ns
[2025-05-30T07:23:57.219+0000][69][info ][safepoint   ] Safepoint "Cleanup", Time since last: 1000862993 ns, Reaching safepoint: 26038 ns, Cleanup: 14820 ns, At safepoint: 9131 ns, Total: 49989 ns
[2025-05-30T07:23:58.220+0000][69][info ][safepoint   ] Safepoint "Cleanup", Time since last: 1000677616 ns, Reaching safepoint: 30026 ns, Cleanup: 15959 ns, At safepoint: 15551 ns, Total: 61536 ns
[2025-05-30T07:23:59.221+0000][69][info ][safepoint   ] Safepoint "Cleanup", Time since last: 1000704284 ns, Reaching safepoint: 30258 ns, Cleanup: 17382 ns, At safepoint: 15250 ns, Total: 62890 ns
[2025-05-30T07:24:00.222+0000][69][info ][safepoint   ] Safepoint "Cleanup", Time since last: 1000975126 ns, Reaching safepoint: 31950 ns, Cleanup: 15143 ns, At safepoint: 15939 ns, Total: 63032 ns
[2025-05-30T07:24:01.223+0000][69][info ][safepoint   ] Safepoint "Cleanup", Time since last: 1000790684 ns, Reaching safepoint: 18928 ns, Cleanup: 19990 ns, At safepoint: 8824 ns, Total: 47742 ns
[2025-05-30T07:24:03.224+0000][69][info ][safepoint   ] Safepoint "Cleanup", Time since last: 2000776970 ns, Reaching safepoint: 36002 ns, Cleanup: 126629 ns, At safepoint: 22480 ns, Total: 185111 ns
[2025-05-30T07:24:06.225+0000][69][info ][safepoint   ] Safepoint "Cleanup", Time since last: 3001088513 ns, Reaching safepoint: 82177 ns, Cleanup: 23792 ns, At safepoint: 20627 ns, Total: 126596 ns
[2025-05-30T07:24:08.222+0000][69][info ][safepoint   ] Safepoint "Cleanup", Time since last: 2000757746 ns, Reaching safepoint: 27167 ns, Cleanup: 14816 ns, At safepoint: 10240 ns, Total: 52223 ns
[2025-05-30T07:24:09.223+0000][69][info ][safepoint   ] Safepoint "Cleanup", Time since last: 1000756593 ns, Reaching safepoint: 25903 ns, Cleanup: 17538 ns, At safepoint: 15291 ns, Total: 58732 ns
[2025-05-30T07:24:11.225+0000][69][info ][safepoint   ] Safepoint "Cleanup", Time since last: 2001393888 ns, Reaching safepoint: 39175 ns, Cleanup: 39969 ns, At safepoint: 22415 ns, Total: 101559 ns
[2025-05-30T07:24:12.226+0000][69][info ][safepoint   ] Safepoint "Cleanup", Time since last: 1000814256 ns, Reaching safepoint: 28229 ns, Cleanup: 14133 ns, At safepoint: 10765 ns, Total: 53127 ns
[2025-05-30T07:24:14.227+0000][69][info ][safepoint   ] Safepoint "Cleanup", Time since last: 2000952077 ns, Reaching safepoint: 34588 ns, Cleanup: 15932 ns, At safepoint: 18893 ns, Total: 69413 ns
[2025-05-30T07:24:15.228+0000][69][info ][safepoint   ] Safepoint "Cleanup", Time since last: 1000763140 ns, Reaching safepoint: 33617 ns, Cleanup: 16641 ns, At safepoint: 17751 ns, Total: 68009 ns
[2025-05-30T07:24:16.228+0000][69][info ][safepoint   ] Safepoint "Cleanup", Time since last: 1000693867 ns, Reaching safepoint: 37228 ns, Cleanup: 20816 ns, At safepoint: 21219 ns, Total: 79263 ns
[2025-05-30T07:24:21.230+0000][69][info ][safepoint   ] Safepoint "Cleanup", Time since last: 5001621082 ns, Reaching safepoint: 70688 ns, Cleanup: 20113 ns, At safepoint: 11697 ns, Total: 102498 ns
[2025-05-30T07:24:24.231+0000][69][info ][safepoint   ] Safepoint "Cleanup", Time since last: 3000955724 ns, Reaching safepoint: 231984 ns, Cleanup: 18189 ns, At safepoint: 130389 ns, Total: 380562 ns
[2025-05-30T07:24:26.232+0000][69][info ][safepoint   ] Safepoint "Cleanup", Time since last: 2000813302 ns, Reaching safepoint: 26360 ns, Cleanup: 18327 ns, At safepoint: 11587 ns, Total: 56274 ns
[2025-05-30T07:24:27.234+0000][69][info ][safepoint   ] Safepoint "Cleanup", Time since last: 1001891061 ns, Reaching safepoint: 20221 ns, Cleanup: 12227 ns, At safepoint: 7393 ns, Total: 39841 ns
[2025-05-30T07:24:29.235+0000][69][info ][safepoint   ] Safepoint "Cleanup", Time since last: 2001101714 ns, Reaching safepoint: 30815 ns, Cleanup: 15018 ns, At safepoint: 15316 ns, Total: 61149 ns
[2025-05-30T07:24:30.956+0000][69][info ][safepoint   ] Safepoint "Cleanup", Time since last: 1720937273 ns, Reaching safepoint: 32944 ns, Cleanup: 17550 ns, At safepoint: 16798 ns, Total: 67292 ns
[2025-05-30T07:24:32.957+0000][69][info ][safepoint   ] Safepoint "Cleanup", Time since last: 2000972370 ns, Reaching safepoint: 30240 ns, Cleanup: 14929 ns, At safepoint: 15787 ns, Total: 60956 ns
[2025-05-30T07:24:34.958+0000][69][info ][safepoint   ] Safepoint "Cleanup", Time since last: 2000743655 ns, Reaching safepoint: 34820 ns, Cleanup: 21571 ns, At safepoint: 17180 ns, Total: 73571 ns
[2025-05-30T07:24:35.959+0000][69][info ][safepoint   ] Safepoint "Cleanup", Time since last: 1000652139 ns, Reaching safepoint: 53389 ns, Cleanup: 16812 ns, At safepoint: 11973 ns, Total: 82174 ns
[2025-05-30T07:24:38.955+0000][69][info ][safepoint   ] Safepoint "Cleanup", Time since last: 3000914742 ns, Reaching safepoint: 20687 ns, Cleanup: 17806 ns, At safepoint: 8558 ns, Total: 47051 ns
[2025-05-30T07:24:40.957+0000][69][info ][safepoint   ] Safepoint "Cleanup", Time since last: 2001370054 ns, Reaching safepoint: 18948 ns, Cleanup: 40379 ns, At safepoint: 8200 ns, Total: 67527 ns
[2025-05-30T07:24:41.958+0000][69][info ][safepoint   ] Safepoint "Cleanup", Time since last: 1001227849 ns, Reaching safepoint: 19888 ns, Cleanup: 19806 ns, At safepoint: 8451 ns, Total: 48145 ns
[2025-05-30T07:24:43.960+0000][69][info ][safepoint   ] Safepoint "Cleanup", Time since last: 2001398796 ns, Reaching safepoint: 32626 ns, Cleanup: 17436 ns, At safepoint: 17045 ns, Total: 67107 ns
[2025-05-30T07:24:44.960+0000][69][info ][safepoint   ] Safepoint "Cleanup", Time since last: 1000788038 ns, Reaching safepoint: 19694 ns, Cleanup: 22548 ns, At safepoint: 7709 ns, Total: 49951 ns
[2025-05-30T07:24:45.961+0000][69][info ][safepoint   ] Safepoint "Cleanup", Time since last: 1000861015 ns, Reaching safepoint: 31146 ns, Cleanup: 18934 ns, At safepoint: 9345 ns, Total: 59425 ns
[2025-05-30T07:24:50.295+0000][69][info ][safepoint   ] Safepoint "Cleanup", Time since last: 4333219870 ns, Reaching safepoint: 11247 ns, Cleanup: 19823 ns, At safepoint: 52331 ns, Total: 83401 ns
[2025-05-30T07:24:52.245+0000][69][info ][safepoint   ] Safepoint "Cleanup", Time since last: 1950012007 ns, Reaching safepoint: 71051 ns, Cleanup: 46296 ns, At safepoint: 18432 ns, Total: 135779 ns
[2025-05-30T07:24:54.246+0000][69][info ][safepoint   ] Safepoint "Cleanup", Time since last: 2000892659 ns, Reaching safepoint: 32787 ns, Cleanup: 15809 ns, At safepoint: 17744 ns, Total: 66340 ns
[2025-05-30T07:24:56.247+0000][69][info ][safepoint   ] Safepoint "Cleanup", Time since last: 2000748099 ns, Reaching safepoint: 21161 ns, Cleanup: 18707 ns, At safepoint: 8276 ns, Total: 48144 ns
[2025-05-30T07:24:57.247+0000][69][info ][safepoint   ] Safepoint "Cleanup", Time since last: 1000514210 ns, Reaching safepoint: 20509 ns, Cleanup: 15705 ns, At safepoint: 8247 ns, Total: 44461 ns
[2025-05-30T07:24:59.250+0000][69][info ][safepoint   ] Safepoint "Cleanup", Time since last: 2003168578 ns, Reaching safepoint: 19929 ns, Cleanup: 12408 ns, At safepoint: 8315 ns, Total: 40652 ns
[2025-05-30T07:25:01.251+0000][69][info ][safepoint   ] Safepoint "Cleanup", Time since last: 2000887936 ns, Reaching safepoint: 31948 ns, Cleanup: 14134 ns, At safepoint: 8563 ns, Total: 54645 ns
[2025-05-30T07:25:03.252+0000][69][info ][safepoint   ] Safepoint "Cleanup", Time since last: 2000832786 ns, Reaching safepoint: 19932 ns, Cleanup: 12803 ns, At safepoint: 8626 ns, Total: 41361 ns
[2025-05-30T07:25:08.250+0000][69][info ][safepoint   ] Safepoint "Cleanup", Time since last: 5001262144 ns, Reaching safepoint: 77341 ns, Cleanup: 13992 ns, At safepoint: 8739 ns, Total: 100072 ns
[2025-05-30T07:25:09.251+0000][69][info ][safepoint   ] Safepoint "Cleanup", Time since last: 1000857654 ns, Reaching safepoint: 32303 ns, Cleanup: 22541 ns, At safepoint: 16232 ns, Total: 71076 ns
[2025-05-30T07:25:11.252+0000][69][info ][safepoint   ] Safepoint "Cleanup", Time since last: 2000853847 ns, Reaching safepoint: 22796 ns, Cleanup: 21629 ns, At safepoint: 8721 ns, Total: 53146 ns
[2025-05-30T07:25:12.253+0000][69][info ][safepoint   ] Safepoint "Cleanup", Time since last: 1000675388 ns, Reaching safepoint: 32795 ns, Cleanup: 15828 ns, At safepoint: 16709 ns, Total: 65332 ns
[2025-05-30T07:25:14.254+0000][69][info ][safepoint   ] Safepoint "Cleanup", Time since last: 2000908658 ns, Reaching safepoint: 33821 ns, Cleanup: 33834 ns, At safepoint: 17478 ns, Total: 85133 ns
[2025-05-30T07:25:15.255+0000][69][info ][safepoint   ] Safepoint "Cleanup", Time since last: 1000794920 ns, Reaching safepoint: 28384 ns, Cleanup: 21078 ns, At safepoint: 73624 ns, Total: 123086 ns
[2025-05-30T07:25:16.255+0000][69][info ][safepoint   ] Safepoint "Cleanup", Time since last: 1000707005 ns, Reaching safepoint: 18602 ns, Cleanup: 15612 ns, At safepoint: 7642 ns, Total: 41856 ns
[2025-05-30T07:25:17.788+0000][69][info ][safepoint   ] Safepoint "Cleanup", Time since last: 1532775092 ns, Reaching safepoint: 24567 ns, Cleanup: 90594 ns, At safepoint: 15438 ns, Total: 130599 ns
[2025-05-30T07:25:18.789+0000][69][info ][safepoint   ] Safepoint "Cleanup", Time since last: 1000560769 ns, Reaching safepoint: 18014 ns, Cleanup: 16084 ns, At safepoint: 7825 ns, Total: 41923 ns
[2025-05-30T07:25:19.790+0000][69][info ][safepoint   ] Safepoint "Cleanup", Time since last: 1000953380 ns, Reaching safepoint: 34039 ns, Cleanup: 23729 ns, At safepoint: 17922 ns, Total: 75690 ns
[2025-05-30T07:25:20.792+0000][69][info ][safepoint   ] Safepoint "Cleanup", Time since last: 1001741421 ns, Reaching safepoint: 399345 ns, Cleanup: 23812 ns, At safepoint: 62399 ns, Total: 485556 ns
[2025-05-30T07:25:21.804+0000][69][info ][safepoint   ] Safepoint "Cleanup", Time since last: 1011606920 ns, Reaching safepoint: 57193 ns, Cleanup: 19805 ns, At safepoint: 11992 ns, Total: 88990 ns
[2025-05-30T07:25:23.805+0000][69][info ][safepoint   ] Safepoint "Cleanup", Time since last: 2000976367 ns, Reaching safepoint: 28365 ns, Cleanup: 16683 ns, At safepoint: 15629 ns, Total: 60677 ns
[2025-05-30T07:25:24.806+0000][69][info ][safepoint   ] Safepoint "Cleanup", Time since last: 1000965508 ns, Reaching safepoint: 29051 ns, Cleanup: 14181 ns, At safepoint: 15761 ns, Total: 58993 ns
[2025-05-30T07:25:25.807+0000][69][info ][safepoint   ] Safepoint "Cleanup", Time since last: 1000908400 ns, Reaching safepoint: 16381 ns, Cleanup: 12199 ns, At safepoint: 7202 ns, Total: 35782 ns
[2025-05-30T07:25:26.808+0000][69][info ][safepoint   ] Safepoint "Cleanup", Time since last: 1000794841 ns, Reaching safepoint: 28183 ns, Cleanup: 15370 ns, At safepoint: 14607 ns, Total: 58160 ns
[2025-05-30T07:25:30.987+0000][69][info ][safepoint   ] Safepoint "Cleanup", Time since last: 4178830446 ns, Reaching safepoint: 27952 ns, Cleanup: 15086 ns, At safepoint: 14303 ns, Total: 57341 ns
[2025-05-30T07:25:32.988+0000][69][info ][safepoint   ] Safepoint "Cleanup", Time since last: 2001051786 ns, Reaching safepoint: 30798 ns, Cleanup: 19910 ns, At safepoint: 15106 ns, Total: 65814 ns
[2025-05-30T07:25:36.518+0000][69][info ][safepoint   ] Safepoint "Cleanup", Time since last: 3530178539 ns, Reaching safepoint: 121467 ns, Cleanup: 43929 ns, At safepoint: 116934 ns, Total: 282330 ns
[2025-05-30T07:25:36.632+0000][69][info ][safepoint   ] Safepoint "ICBufferFull", Time since last: 113086301 ns, Reaching safepoint: 162201 ns, Cleanup: 206487 ns, At safepoint: 182676 ns, Total: 551364 ns
[2025-05-30T07:25:37.446+0000][69][info ][safepoint   ] Safepoint "ICBufferFull", Time since last: 817500932 ns, Reaching safepoint: 29258 ns, Cleanup: 273156 ns, At safepoint: 137136 ns, Total: 439550 ns
[2025-05-30T07:25:38.447+0000][69][info ][safepoint   ] Safepoint "Cleanup", Time since last: 1001104535 ns, Reaching safepoint: 27845 ns, Cleanup: 57503 ns, At safepoint: 12684 ns, Total: 98032 ns
[2025-05-30T07:25:39.448+0000][69][info ][safepoint   ] Safepoint "Cleanup", Time since last: 1000728432 ns, Reaching safepoint: 28143 ns, Cleanup: 23397 ns, At safepoint: 9778 ns, Total: 61318 ns
[2025-05-30T07:25:40.449+0000][69][info ][safepoint   ] Safepoint "Cleanup", Time since last: 1001152730 ns, Reaching safepoint: 29844 ns, Cleanup: 31100 ns, At safepoint: 135307 ns, Total: 196251 ns
[2025-05-30T07:25:42.258+0000][69][info ][safepoint   ] Safepoint "Cleanup", Time since last: 1808323015 ns, Reaching safepoint: 144622 ns, Cleanup: 67101 ns, At safepoint: 50296 ns, Total: 262019 ns
[2025-05-30T07:25:43.272+0000][69][info ][safepoint   ] Safepoint "Cleanup", Time since last: 1014155814 ns, Reaching safepoint: 31758 ns, Cleanup: 28038 ns, At safepoint: 16702 ns, Total: 76498 ns
[2025-05-30T07:25:44.273+0000][69][info ][safepoint   ] Safepoint "Cleanup", Time since last: 1000758736 ns, Reaching safepoint: 17100 ns, Cleanup: 13696 ns, At safepoint: 7348 ns, Total: 38144 ns
[2025-05-30T07:25:45.273+0000][69][info ][safepoint   ] Safepoint "Cleanup", Time since last: 1000586528 ns, Reaching safepoint: 19004 ns, Cleanup: 15412 ns, At safepoint: 7544 ns, Total: 41960 ns
[2025-05-30T07:25:46.275+0000][69][info ][safepoint   ] Safepoint "Cleanup", Time since last: 1001709251 ns, Reaching safepoint: 33494 ns, Cleanup: 18750 ns, At safepoint: 17009 ns, Total: 69253 ns
[2025-05-30T07:25:47.276+0000][69][info ][safepoint   ] Safepoint "Cleanup", Time since last: 1000677209 ns, Reaching safepoint: 32762 ns, Cleanup: 20889 ns, At safepoint: 16593 ns, Total: 70244 ns
[2025-05-30T07:25:50.281+0000][69][info ][safepoint   ] Safepoint "Cleanup", Time since last: 3005334207 ns, Reaching safepoint: 33266 ns, Cleanup: 17380 ns, At safepoint: 16926 ns, Total: 67572 ns
[2025-05-30T07:25:51.282+0000][69][info ][safepoint   ] Safepoint "Cleanup", Time since last: 1001145408 ns, Reaching safepoint: 31621 ns, Cleanup: 20936 ns, At safepoint: 15012 ns, Total: 67569 ns
[2025-05-30T07:25:52.515+0000][69][info ][safepoint   ] Safepoint "Cleanup", Time since last: 1232522756 ns, Reaching safepoint: 47873 ns, Cleanup: 26369 ns, At safepoint: 8109 ns, Total: 82351 ns
[2025-05-30T07:25:54.292+0000][69][info ][safepoint   ] Safepoint "Cleanup", Time since last: 1776914985 ns, Reaching safepoint: 19712 ns, Cleanup: 83623 ns, At safepoint: 129871 ns, Total: 233206 ns
[2025-05-30T07:25:55.327+0000][69][info ][safepoint   ] Safepoint "Cleanup", Time since last: 1034027214 ns, Reaching safepoint: 81037 ns, Cleanup: 187082 ns, At safepoint: 133412 ns, Total: 401531 ns
[2025-05-30T07:25:56.330+0000][69][info ][safepoint   ] Safepoint "Cleanup", Time since last: 1003024939 ns, Reaching safepoint: 34797 ns, Cleanup: 43335 ns, At safepoint: 20437 ns, Total: 98569 ns
[2025-05-30T07:25:59.333+0000][69][info ][safepoint   ] Safepoint "Cleanup", Time since last: 3003522789 ns, Reaching safepoint: 18825 ns, Cleanup: 17130 ns, At safepoint: 7867 ns, Total: 43822 ns
[2025-05-30T07:26:01.334+0000][69][info ][safepoint   ] Safepoint "Cleanup", Time since last: 2000725116 ns, Reaching safepoint: 26446 ns, Cleanup: 21681 ns, At safepoint: 8340 ns, Total: 56467 ns
[2025-05-30T07:26:02.335+0000][69][info ][safepoint   ] Safepoint "Cleanup", Time since last: 1001205144 ns, Reaching safepoint: 27267 ns, Cleanup: 19948 ns, At safepoint: 14936 ns, Total: 62151 ns
[2025-05-30T07:26:05.337+0000][69][info ][safepoint   ] Safepoint "Cleanup", Time since last: 3001150865 ns, Reaching safepoint: 29437 ns, Cleanup: 15148 ns, At safepoint: 15372 ns, Total: 59957 ns
[2025-05-30T07:26:06.337+0000][69][info ][safepoint   ] Safepoint "Cleanup", Time since last: 1000581808 ns, Reaching safepoint: 27267 ns, Cleanup: 17720 ns, At safepoint: 10227 ns, Total: 55214 ns
[2025-05-30T07:26:08.330+0000][69][info ][safepoint   ] Safepoint "Cleanup", Time since last: 2000745750 ns, Reaching safepoint: 63936 ns, Cleanup: 19327 ns, At safepoint: 16680 ns, Total: 99943 ns
[2025-05-30T07:26:11.338+0000][69][info ][safepoint   ] Safepoint "Cleanup", Time since last: 3007973119 ns, Reaching safepoint: 27783 ns, Cleanup: 22099 ns, At safepoint: 10864 ns, Total: 60746 ns
[2025-05-30T07:26:15.339+0000][69][info ][safepoint   ] Safepoint "Cleanup", Time since last: 4001231130 ns, Reaching safepoint: 126874 ns, Cleanup: 18970 ns, At safepoint: 21219 ns, Total: 167063 ns
[2025-05-30T07:26:16.340+0000][69][info ][safepoint   ] Safepoint "Cleanup", Time since last: 1000548127 ns, Reaching safepoint: 28145 ns, Cleanup: 24322 ns, At safepoint: 10234 ns, Total: 62701 ns
[2025-05-30T07:26:17.340+0000][69][info ][safepoint   ] Safepoint "Cleanup", Time since last: 1000682825 ns, Reaching safepoint: 26793 ns, Cleanup: 17939 ns, At safepoint: 11199 ns, Total: 55931 ns
[2025-05-30T07:26:18.342+0000][69][info ][safepoint   ] Safepoint "Cleanup", Time since last: 1001553048 ns, Reaching safepoint: 23641 ns, Cleanup: 16921 ns, At safepoint: 9092 ns, Total: 49654 ns
[2025-05-30T07:26:19.349+0000][69][info ][safepoint   ] Safepoint "Cleanup", Time since last: 1007157970 ns, Reaching safepoint: 23321 ns, Cleanup: 18733 ns, At safepoint: 9372 ns, Total: 51426 ns
[2025-05-30T07:26:21.353+0000][69][info ][safepoint   ] Safepoint "Cleanup", Time since last: 2004175199 ns, Reaching safepoint: 21249 ns, Cleanup: 25364 ns, At safepoint: 8265 ns, Total: 54878 ns
[2025-05-30T07:26:23.354+0000][69][info ][safepoint   ] Safepoint "Cleanup", Time since last: 2000748095 ns, Reaching safepoint: 48076 ns, Cleanup: 15321 ns, At safepoint: 7473 ns, Total: 70870 ns
[2025-05-30T07:26:28.355+0000][69][info ][safepoint   ] Safepoint "Cleanup", Time since last: 5001079601 ns, Reaching safepoint: 21067 ns, Cleanup: 33708 ns, At safepoint: 10070 ns, Total: 64845 ns
[2025-05-30T07:26:36.014+0000][69][info ][safepoint   ] Safepoint "Cleanup", Time since last: 7658686331 ns, Reaching safepoint: 36973 ns, Cleanup: 15125 ns, At safepoint: 8777 ns, Total: 60875 ns
[2025-05-30T07:26:37.015+0000][69][info ][safepoint   ] Safepoint "Cleanup", Time since last: 1000841125 ns, Reaching safepoint: 27156 ns, Cleanup: 15532 ns, At safepoint: 12396 ns, Total: 55084 ns
[2025-05-30T07:26:39.019+0000][69][info ][safepoint   ] Safepoint "Cleanup", Time since last: 2002819676 ns, Reaching safepoint: 57502 ns, Cleanup: 17322 ns, At safepoint: 10792 ns, Total: 85616 ns
[2025-05-30T07:26:41.020+0000][69][info ][safepoint   ] Safepoint "Cleanup", Time since last: 2000716307 ns, Reaching safepoint: 29848 ns, Cleanup: 35902 ns, At safepoint: 15615 ns, Total: 81365 ns
[2025-05-30T07:26:42.020+0000][69][info ][safepoint   ] Safepoint "Cleanup", Time since last: 1000729509 ns, Reaching safepoint: 25794 ns, Cleanup: 20385 ns, At safepoint: 9773 ns, Total: 55952 ns
[2025-05-30T07:26:44.021+0000][69][info ][safepoint   ] Safepoint "Cleanup", Time since last: 2000920542 ns, Reaching safepoint: 20203 ns, Cleanup: 16514 ns, At safepoint: 8285 ns, Total: 45002 ns
[2025-05-30T07:26:45.022+0000][69][info ][safepoint   ] Safepoint "Cleanup", Time since last: 1000704084 ns, Reaching safepoint: 21011 ns, Cleanup: 14070 ns, At safepoint: 8486 ns, Total: 43567 ns
[2025-05-30T07:26:46.027+0000][69][info ][safepoint   ] Safepoint "Cleanup", Time since last: 1004742828 ns, Reaching safepoint: 27237 ns, Cleanup: 15009 ns, At safepoint: 14399 ns, Total: 56645 ns
[2025-05-30T07:26:48.028+0000][69][info ][safepoint   ] Safepoint "Cleanup", Time since last: 2000790369 ns, Reaching safepoint: 28330 ns, Cleanup: 17679 ns, At safepoint: 14021 ns, Total: 60030 ns
[2025-05-30T07:26:51.029+0000][69][info ][safepoint   ] Safepoint "Cleanup", Time since last: 3000999777 ns, Reaching safepoint: 18443 ns, Cleanup: 17587 ns, At safepoint: 7189 ns, Total: 43219 ns
[2025-05-30T07:26:54.030+0000][69][info ][safepoint   ] Safepoint "Cleanup", Time since last: 3000952266 ns, Reaching safepoint: 70864 ns, Cleanup: 17655 ns, At safepoint: 11964 ns, Total: 100483 ns
[2025-05-30T07:26:56.033+0000][69][info ][safepoint   ] Safepoint "Cleanup", Time since last: 2002821469 ns, Reaching safepoint: 21601 ns, Cleanup: 25808 ns, At safepoint: 8661 ns, Total: 56070 ns
[2025-05-30T07:26:57.298+0000][69][info ][safepoint   ] Safepoint "Cleanup", Time since last: 1265410662 ns, Reaching safepoint: 35698 ns, Cleanup: 56150 ns, At safepoint: 11623 ns, Total: 103471 ns
[2025-05-30T07:26:58.362+0000][69][info ][safepoint   ] Safepoint "Cleanup", Time since last: 1063562026 ns, Reaching safepoint: 29242 ns, Cleanup: 32469 ns, At safepoint: 14300 ns, Total: 76011 ns
[2025-05-30T07:26:59.363+0000][69][info ][safepoint   ] Safepoint "Cleanup", Time since last: 1000748294 ns, Reaching safepoint: 28635 ns, Cleanup: 20001 ns, At safepoint: 10914 ns, Total: 59550 ns
[2025-05-30T07:27:01.367+0000][69][info ][safepoint   ] Safepoint "Cleanup", Time since last: 2004230300 ns, Reaching safepoint: 20760 ns, Cleanup: 12576 ns, At safepoint: 9046 ns, Total: 42382 ns
[2025-05-30T07:27:05.368+0000][69][info ][safepoint   ] Safepoint "Cleanup", Time since last: 4001295334 ns, Reaching safepoint: 26633 ns, Cleanup: 17389 ns, At safepoint: 8532 ns, Total: 52554 ns
[2025-05-30T07:27:06.369+0000][69][info ][safepoint   ] Safepoint "Cleanup", Time since last: 1000645685 ns, Reaching safepoint: 22918 ns, Cleanup: 37327 ns, At safepoint: 9198 ns, Total: 69443 ns
[2025-05-30T07:27:08.368+0000][69][info ][safepoint   ] Safepoint "Cleanup", Time since last: 2003438523 ns, Reaching safepoint: 18945 ns, Cleanup: 14190 ns, At safepoint: 8883 ns, Total: 42018 ns
[2025-05-30T07:27:11.370+0000][69][info ][safepoint   ] Safepoint "Cleanup", Time since last: 3001303596 ns, Reaching safepoint: 146871 ns, Cleanup: 43203 ns, At safepoint: 17960 ns, Total: 208034 ns
[2025-05-30T07:27:13.371+0000][69][info ][safepoint   ] Safepoint "Cleanup", Time since last: 2000964862 ns, Reaching safepoint: 29915 ns, Cleanup: 23562 ns, At safepoint: 24260 ns, Total: 77737 ns
[2025-05-30T07:27:16.372+0000][69][info ][safepoint   ] Safepoint "Cleanup", Time since last: 3001313371 ns, Reaching safepoint: 68794 ns, Cleanup: 17279 ns, At safepoint: 10794 ns, Total: 96867 ns
[2025-05-30T07:27:20.373+0000][69][info ][safepoint   ] Safepoint "Cleanup", Time since last: 4001103383 ns, Reaching safepoint: 28918 ns, Cleanup: 22428 ns, At safepoint: 14944 ns, Total: 66290 ns
[2025-05-30T07:27:23.375+0000][69][info ][safepoint   ] Safepoint "Cleanup", Time since last: 3001144909 ns, Reaching safepoint: 32548 ns, Cleanup: 35344 ns, At safepoint: 15255 ns, Total: 83147 ns
[2025-05-30T07:27:26.376+0000][69][info ][safepoint   ] Safepoint "Cleanup", Time since last: 3001112975 ns, Reaching safepoint: 94305 ns, Cleanup: 15851 ns, At safepoint: 12167 ns, Total: 122323 ns
[2025-05-30T07:27:29.377+0000][69][info ][safepoint   ] Safepoint "Cleanup", Time since last: 3001317119 ns, Reaching safepoint: 31900 ns, Cleanup: 22090 ns, At safepoint: 11240 ns, Total: 65230 ns
[2025-05-30T07:27:31.048+0000][69][info ][safepoint   ] Safepoint "Cleanup", Time since last: 1670626674 ns, Reaching safepoint: 18753 ns, Cleanup: 12653 ns, At safepoint: 8322 ns, Total: 39728 ns
[2025-05-30T07:27:35.049+0000][69][info ][safepoint   ] Safepoint "Cleanup", Time since last: 4001029315 ns, Reaching safepoint: 21536 ns, Cleanup: 12341 ns, At safepoint: 7382 ns, Total: 41259 ns
[2025-05-30T07:27:36.050+0000][69][info ][safepoint   ] Safepoint "Cleanup", Time since last: 1000756652 ns, Reaching safepoint: 28591 ns, Cleanup: 15206 ns, At safepoint: 14012 ns, Total: 57809 ns
[2025-05-30T07:27:40.047+0000][69][info ][safepoint   ] Safepoint "Cleanup", Time since last: 4001060678 ns, Reaching safepoint: 48223 ns, Cleanup: 13563 ns, At safepoint: 31784 ns, Total: 93570 ns
[2025-05-30T07:27:41.048+0000][69][info ][safepoint   ] Safepoint "Cleanup", Time since last: 1000596109 ns, Reaching safepoint: 19319 ns, Cleanup: 22422 ns, At safepoint: 7238 ns, Total: 48979 ns
[2025-05-30T07:27:42.049+0000][69][info ][safepoint   ] Safepoint "Cleanup", Time since last: 1000639646 ns, Reaching safepoint: 34825 ns, Cleanup: 21461 ns, At safepoint: 14992 ns, Total: 71278 ns
[2025-05-30T07:27:44.050+0000][69][info ][safepoint   ] Safepoint "Cleanup", Time since last: 2000809393 ns, Reaching safepoint: 18680 ns, Cleanup: 12567 ns, At safepoint: 8018 ns, Total: 39265 ns
[2025-05-30T07:27:45.051+0000][69][info ][safepoint   ] Safepoint "Cleanup", Time since last: 1000820202 ns, Reaching safepoint: 15207 ns, Cleanup: 11620 ns, At safepoint: 6389 ns, Total: 33216 ns
[2025-05-30T07:27:48.052+0000][69][info ][safepoint   ] Safepoint "Cleanup", Time since last: 3001161229 ns, Reaching safepoint: 28832 ns, Cleanup: 15034 ns, At safepoint: 16306 ns, Total: 60172 ns
[2025-05-30T07:27:51.053+0000][69][info ][safepoint   ] Safepoint "Cleanup", Time since last: 3001059476 ns, Reaching safepoint: 17666 ns, Cleanup: 13527 ns, At safepoint: 7095 ns, Total: 38288 ns
[2025-05-30T07:27:59.275+0000][69][info ][safepoint   ] Safepoint "Cleanup", Time since last: 8221701256 ns, Reaching safepoint: 161148 ns, Cleanup: 16071 ns, At safepoint: 58804 ns, Total: 236023 ns
[2025-05-30T07:28:00.422+0000][69][info ][safepoint   ] Safepoint "Cleanup", Time since last: 1146722232 ns, Reaching safepoint: 22671 ns, Cleanup: 20238 ns, At safepoint: 10132 ns, Total: 53041 ns
[2025-05-30T07:28:01.449+0000][69][info ][safepoint   ] Safepoint "Cleanup", Time since last: 1027105770 ns, Reaching safepoint: 24957 ns, Cleanup: 21331 ns, At safepoint: 11005 ns, Total: 57293 ns
[2025-05-30T07:28:02.449+0000][69][info ][safepoint   ] Safepoint "Cleanup", Time since last: 1000672935 ns, Reaching safepoint: 27375 ns, Cleanup: 18381 ns, At safepoint: 12105 ns, Total: 57861 ns
[2025-05-30T07:28:10.448+0000][69][info ][safepoint   ] Safepoint "Cleanup", Time since last: 8001586059 ns, Reaching safepoint: 64141 ns, Cleanup: 13415 ns, At safepoint: 15946 ns, Total: 93502 ns
[2025-05-30T07:28:12.449+0000][69][info ][safepoint   ] Safepoint "Cleanup", Time since last: 2000741693 ns, Reaching safepoint: 32144 ns, Cleanup: 17304 ns, At safepoint: 16631 ns, Total: 66079 ns
[2025-05-30T07:28:14.449+0000][69][info ][safepoint   ] Safepoint "Cleanup", Time since last: 2000724879 ns, Reaching safepoint: 31595 ns, Cleanup: 20771 ns, At safepoint: 15798 ns, Total: 68164 ns
[2025-05-30T07:28:15.450+0000][69][info ][safepoint   ] Safepoint "Cleanup", Time since last: 1000655007 ns, Reaching safepoint: 19621 ns, Cleanup: 17993 ns, At safepoint: 8050 ns, Total: 45664 ns
[2025-05-30T07:28:16.451+0000][69][info ][safepoint   ] Safepoint "Cleanup", Time since last: 1000679786 ns, Reaching safepoint: 32653 ns, Cleanup: 17799 ns, At safepoint: 16895 ns, Total: 67347 ns
[2025-05-30T07:28:20.452+0000][69][info ][safepoint   ] Safepoint "Cleanup", Time since last: 4001161311 ns, Reaching safepoint: 29280 ns, Cleanup: 17152 ns, At safepoint: 14222 ns, Total: 60654 ns
[2025-05-30T07:28:26.454+0000][69][info ][safepoint   ] Safepoint "Cleanup", Time since last: 6001457896 ns, Reaching safepoint: 61363 ns, Cleanup: 19653 ns, At safepoint: 10748 ns, Total: 91764 ns
[2025-05-30T07:28:28.454+0000][69][info ][safepoint   ] Safepoint "Cleanup", Time since last: 2000800187 ns, Reaching safepoint: 33957 ns, Cleanup: 15816 ns, At safepoint: 14852 ns, Total: 64625 ns
[2025-05-30T07:28:29.455+0000][69][info ][safepoint   ] Safepoint "Cleanup", Time since last: 1000653466 ns, Reaching safepoint: 22140 ns, Cleanup: 12815 ns, At safepoint: 9225 ns, Total: 44180 ns
[2025-05-30T07:28:31.080+0000][69][info ][safepoint   ] Safepoint "Cleanup", Time since last: 1625104046 ns, Reaching safepoint: 24780 ns, Cleanup: 13544 ns, At safepoint: 9330 ns, Total: 47654 ns
[2025-05-30T07:28:35.082+0000][69][info ][safepoint   ] Safepoint "Cleanup", Time since last: 4001281100 ns, Reaching safepoint: 20937 ns, Cleanup: 13328 ns, At safepoint: 8608 ns, Total: 42873 ns
[2025-05-30T07:28:40.079+0000][69][info ][safepoint   ] Safepoint "Cleanup", Time since last: 5001538449 ns, Reaching safepoint: 29257 ns, Cleanup: 15530 ns, At safepoint: 15172 ns, Total: 59959 ns
[2025-05-30T07:28:41.080+0000][69][info ][safepoint   ] Safepoint "Cleanup", Time since last: 1000888690 ns, Reaching safepoint: 74701 ns, Cleanup: 48429 ns, At safepoint: 16397 ns, Total: 139527 ns
[2025-05-30T07:28:46.081+0000][69][info ][safepoint   ] Safepoint "Cleanup", Time since last: 5001308666 ns, Reaching safepoint: 18714 ns, Cleanup: 11532 ns, At safepoint: 7846 ns, Total: 38092 ns
[2025-05-30T07:28:50.083+0000][69][info ][safepoint   ] Safepoint "Cleanup", Time since last: 4001202386 ns, Reaching safepoint: 30287 ns, Cleanup: 15727 ns, At safepoint: 10947 ns, Total: 56961 ns
[2025-05-30T07:28:56.084+0000][69][info ][safepoint   ] Safepoint "Cleanup", Time since last: 6001367368 ns, Reaching safepoint: 23565 ns, Cleanup: 15319 ns, At safepoint: 8531 ns, Total: 47415 ns
[2025-05-30T07:28:57.085+0000][69][info ][safepoint   ] Safepoint "Cleanup", Time since last: 1000772067 ns, Reaching safepoint: 110099 ns, Cleanup: 19667 ns, At safepoint: 17175 ns, Total: 146941 ns
[2025-05-30T07:28:59.086+0000][69][info ][safepoint   ] Safepoint "Cleanup", Time since last: 2000747741 ns, Reaching safepoint: 25181 ns, Cleanup: 12768 ns, At safepoint: 7383 ns, Total: 45332 ns
[2025-05-30T07:29:01.087+0000][69][info ][safepoint   ] Safepoint "Cleanup", Time since last: 2000880154 ns, Reaching safepoint: 31417 ns, Cleanup: 23031 ns, At safepoint: 16230 ns, Total: 70678 ns
[2025-05-30T07:29:02.292+0000][69][info ][safepoint   ] Safepoint "Cleanup", Time since last: 1205535231 ns, Reaching safepoint: 14217 ns, Cleanup: 21641 ns, At safepoint: 31004 ns, Total: 66862 ns
[2025-05-30T07:29:03.506+0000][69][info ][safepoint   ] Safepoint "Cleanup", Time since last: 1213807626 ns, Reaching safepoint: 35487 ns, Cleanup: 32355 ns, At safepoint: 18033 ns, Total: 85875 ns
[2025-05-30T07:29:04.533+0000][69][info ][safepoint   ] Safepoint "Cleanup", Time since last: 1026751034 ns, Reaching safepoint: 30011 ns, Cleanup: 22926 ns, At safepoint: 15471 ns, Total: 68408 ns
[2025-05-30T07:29:05.534+0000][69][info ][safepoint   ] Safepoint "Cleanup", Time since last: 1000840749 ns, Reaching safepoint: 31908 ns, Cleanup: 16662 ns, At safepoint: 85241 ns, Total: 133811 ns
[2025-05-30T07:29:06.535+0000][69][info ][safepoint   ] Safepoint "Cleanup", Time since last: 1000647273 ns, Reaching safepoint: 20968 ns, Cleanup: 15697 ns, At safepoint: 5096 ns, Total: 41761 ns
[2025-05-30T07:29:08.533+0000][69][info ][safepoint   ] Safepoint "Cleanup", Time since last: 2001335669 ns, Reaching safepoint: 31364 ns, Cleanup: 18495 ns, At safepoint: 9451 ns, Total: 59310 ns
[2025-05-30T07:29:11.534+0000][69][info ][safepoint   ] Safepoint "Cleanup", Time since last: 3001022041 ns, Reaching safepoint: 51136 ns, Cleanup: 25969 ns, At safepoint: 28953 ns, Total: 106058 ns
[2025-05-30T07:29:13.535+0000][69][info ][safepoint   ] Safepoint "Cleanup", Time since last: 2000928380 ns, Reaching safepoint: 33175 ns, Cleanup: 23181 ns, At safepoint: 17773 ns, Total: 74129 ns
[2025-05-30T07:29:14.535+0000][69][info ][safepoint   ] Safepoint "Cleanup", Time since last: 1000765613 ns, Reaching safepoint: 19840 ns, Cleanup: 15971 ns, At safepoint: 8258 ns, Total: 44069 ns
[2025-05-30T07:29:15.536+0000][69][info ][safepoint   ] Safepoint "Cleanup", Time since last: 1000581393 ns, Reaching safepoint: 20044 ns, Cleanup: 15722 ns, At safepoint: 7822 ns, Total: 43588 ns
[2025-05-30T07:29:20.538+0000][69][info ][safepoint   ] Safepoint "Cleanup", Time since last: 5001676273 ns, Reaching safepoint: 35517 ns, Cleanup: 15667 ns, At safepoint: 12187 ns, Total: 63371 ns
[2025-05-30T07:29:21.539+0000][69][info ][safepoint   ] Safepoint "Cleanup", Time since last: 1000958655 ns, Reaching safepoint: 26459 ns, Cleanup: 18641 ns, At safepoint: 9791 ns, Total: 54891 ns
[2025-05-30T07:29:26.540+0000][69][info ][safepoint   ] Safepoint "Cleanup", Time since last: 5001125303 ns, Reaching safepoint: 21993 ns, Cleanup: 13160 ns, At safepoint: 9092 ns, Total: 44245 ns
[2025-05-30T07:29:29.541+0000][69][info ][safepoint   ] Safepoint "Cleanup", Time since last: 3001137666 ns, Reaching safepoint: 75879 ns, Cleanup: 20828 ns, At safepoint: 131503 ns, Total: 228210 ns
[2025-05-30T07:29:31.113+0000][69][info ][safepoint   ] Safepoint "Cleanup", Time since last: 1571727190 ns, Reaching safepoint: 30121 ns, Cleanup: 18390 ns, At safepoint: 11104 ns, Total: 59615 ns
[2025-05-30T07:29:36.115+0000][69][info ][safepoint   ] Safepoint "Cleanup", Time since last: 5001700321 ns, Reaching safepoint: 44438 ns, Cleanup: 17183 ns, At safepoint: 18313 ns, Total: 79934 ns
[2025-05-30T07:29:41.113+0000][69][info ][safepoint   ] Safepoint "Cleanup", Time since last: 5001243757 ns, Reaching safepoint: 21512 ns, Cleanup: 19567 ns, At safepoint: 8386 ns, Total: 49465 ns
[2025-05-30T07:29:44.114+0000][69][info ][safepoint   ] Safepoint "Cleanup", Time since last: 3001197542 ns, Reaching safepoint: 81234 ns, Cleanup: 21708 ns, At safepoint: 18286 ns, Total: 121228 ns
[2025-05-30T07:29:45.115+0000][69][info ][safepoint   ] Safepoint "Cleanup", Time since last: 1000694921 ns, Reaching safepoint: 82705 ns, Cleanup: 19628 ns, At safepoint: 13876 ns, Total: 116209 ns
[2025-05-30T07:29:48.116+0000][69][info ][safepoint   ] Safepoint "Cleanup", Time since last: 3001027033 ns, Reaching safepoint: 31031 ns, Cleanup: 20489 ns, At safepoint: 17450 ns, Total: 68970 ns
[2025-05-30T07:29:51.117+0000][69][info ][safepoint   ] Safepoint "Cleanup", Time since last: 3001353818 ns, Reaching safepoint: 37807 ns, Cleanup: 22697 ns, At safepoint: 17971 ns, Total: 78475 ns
[2025-05-30T07:29:55.119+0000][69][info ][safepoint   ] Safepoint "Cleanup", Time since last: 4001330658 ns, Reaching safepoint: 80669 ns, Cleanup: 19952 ns, At safepoint: 10437 ns, Total: 111058 ns
[2025-05-30T07:30:03.124+0000][69][info ][safepoint   ] Safepoint "Cleanup", Time since last: 8005233864 ns, Reaching safepoint: 95359 ns, Cleanup: 15342 ns, At safepoint: 10749 ns, Total: 121450 ns
[2025-05-30T07:30:05.267+0000][69][info ][safepoint   ] Safepoint "Cleanup", Time since last: 2143087864 ns, Reaching safepoint: 14119 ns, Cleanup: 18667 ns, At safepoint: 38225 ns, Total: 71011 ns
[2025-05-30T07:30:06.599+0000][69][info ][safepoint   ] Safepoint "Cleanup", Time since last: 1331187116 ns, Reaching safepoint: 30035 ns, Cleanup: 25467 ns, At safepoint: 8694 ns, Total: 64196 ns
[2025-05-30T07:30:09.595+0000][69][info ][safepoint   ] Safepoint "Cleanup", Time since last: 3000854192 ns, Reaching safepoint: 41727 ns, Cleanup: 18643 ns, At safepoint: 11188 ns, Total: 71558 ns
[2025-05-30T07:30:11.598+0000][69][info ][safepoint   ] Safepoint "Cleanup", Time since last: 2002424769 ns, Reaching safepoint: 17151 ns, Cleanup: 14189 ns, At safepoint: 7423 ns, Total: 38763 ns
[2025-05-30T07:30:13.599+0000][69][info ][safepoint   ] Safepoint "Cleanup", Time since last: 2000879943 ns, Reaching safepoint: 33420 ns, Cleanup: 26101 ns, At safepoint: 17585 ns, Total: 77106 ns
[2025-05-30T07:30:14.600+0000][69][info ][safepoint   ] Safepoint "Cleanup", Time since last: 1000915557 ns, Reaching safepoint: 22242 ns, Cleanup: 28296 ns, At safepoint: 8341 ns, Total: 58879 ns
[2025-05-30T07:30:17.601+0000][69][info ][safepoint   ] Safepoint "Cleanup", Time since last: 3001367691 ns, Reaching safepoint: 34748 ns, Cleanup: 20283 ns, At safepoint: 33530 ns, Total: 88561 ns
[2025-05-30T07:30:18.602+0000][69][info ][safepoint   ] Safepoint "Cleanup", Time since last: 1000726770 ns, Reaching safepoint: 25550 ns, Cleanup: 12285 ns, At safepoint: 8679 ns, Total: 46514 ns
[2025-05-30T07:30:20.603+0000][69][info ][safepoint   ] Safepoint "Cleanup", Time since last: 2000710366 ns, Reaching safepoint: 29017 ns, Cleanup: 17493 ns, At safepoint: 15077 ns, Total: 61587 ns
[2025-05-30T07:30:33.146+0000][69][info ][safepoint   ] Safepoint "Cleanup", Time since last: 12543258525 ns, Reaching safepoint: 44425 ns, Cleanup: 16187 ns, At safepoint: 10837 ns, Total: 71449 ns
[2025-05-30T07:30:41.147+0000][69][info ][safepoint   ] Safepoint "Cleanup", Time since last: 8004743261 ns, Reaching safepoint: 59529 ns, Cleanup: 27335 ns, At safepoint: 9591 ns, Total: 96455 ns
[2025-05-30T07:30:42.148+0000][69][info ][safepoint   ] Safepoint "Cleanup", Time since last: 1000645180 ns, Reaching safepoint: 19281 ns, Cleanup: 14196 ns, At safepoint: 7817 ns, Total: 41294 ns
[2025-05-30T07:30:44.271+0000][69][info ][safepoint   ] Safepoint "Cleanup", Time since last: 2123589775 ns, Reaching safepoint: 44034 ns, Cleanup: 21171 ns, At safepoint: 26463 ns, Total: 91668 ns
[2025-05-30T07:30:45.629+0000][69][info ][safepoint   ] Safepoint "Cleanup", Time since last: 1358068493 ns, Reaching safepoint: 26472 ns, Cleanup: 42687 ns, At safepoint: 12599 ns, Total: 81758 ns
[2025-05-30T07:30:46.676+0000][69][info ][safepoint   ] Safepoint "Cleanup", Time since last: 1046567104 ns, Reaching safepoint: 31084 ns, Cleanup: 110582 ns, At safepoint: 20458 ns, Total: 162124 ns
[2025-05-30T07:30:47.677+0000][69][info ][safepoint   ] Safepoint "Cleanup", Time since last: 1000659418 ns, Reaching safepoint: 17412 ns, Cleanup: 12930 ns, At safepoint: 7915 ns, Total: 38257 ns
[2025-05-30T07:30:48.678+0000][69][info ][safepoint   ] Safepoint "Cleanup", Time since last: 1001319953 ns, Reaching safepoint: 20462 ns, Cleanup: 12354 ns, At safepoint: 10013 ns, Total: 42829 ns
[2025-05-30T07:30:50.679+0000][69][info ][safepoint   ] Safepoint "Cleanup", Time since last: 2001191587 ns, Reaching safepoint: 24248 ns, Cleanup: 13972 ns, At safepoint: 9749 ns, Total: 47969 ns
[2025-05-30T07:30:51.820+0000][69][info ][safepoint   ] Safepoint "Cleanup", Time since last: 1140866518 ns, Reaching safepoint: 30544 ns, Cleanup: 35484 ns, At safepoint: 16782 ns, Total: 82810 ns
[2025-05-30T07:30:55.822+0000][69][info ][safepoint   ] Safepoint "Cleanup", Time since last: 4001238220 ns, Reaching safepoint: 20122 ns, Cleanup: 12288 ns, At safepoint: 7962 ns, Total: 40372 ns
[2025-05-30T07:30:56.823+0000][69][info ][safepoint   ] Safepoint "Cleanup", Time since last: 1000736518 ns, Reaching safepoint: 30071 ns, Cleanup: 22183 ns, At safepoint: 16334 ns, Total: 68588 ns
[2025-05-30T07:31:00.824+0000][69][info ][safepoint   ] Safepoint "Cleanup", Time since last: 4001566313 ns, Reaching safepoint: 51733 ns, Cleanup: 15150 ns, At safepoint: 7382 ns, Total: 74265 ns
[2025-05-30T07:31:04.826+0000][69][info ][safepoint   ] Safepoint "Cleanup", Time since last: 4001452208 ns, Reaching safepoint: 28614 ns, Cleanup: 20149 ns, At safepoint: 14841 ns, Total: 63604 ns
[2025-05-30T07:31:05.826+0000][69][info ][safepoint   ] Safepoint "Cleanup", Time since last: 1000753702 ns, Reaching safepoint: 25162 ns, Cleanup: 22404 ns, At safepoint: 10604 ns, Total: 58170 ns
[2025-05-30T07:31:08.282+0000][69][info ][safepoint   ] Safepoint "Cleanup", Time since last: 2459182931 ns, Reaching safepoint: 107507 ns, Cleanup: 9255 ns, At safepoint: 32470 ns, Total: 149232 ns
[2025-05-30T07:31:09.712+0000][69][info ][safepoint   ] Safepoint "Cleanup", Time since last: 1429308574 ns, Reaching safepoint: 14003 ns, Cleanup: 130080 ns, At safepoint: 115051 ns, Total: 259134 ns
[2025-05-30T07:31:10.715+0000][69][info ][safepoint   ] Safepoint "Cleanup", Time since last: 1003077041 ns, Reaching safepoint: 30555 ns, Cleanup: 15972 ns, At safepoint: 14930 ns, Total: 61457 ns
[2025-05-30T07:31:11.716+0000][69][info ][safepoint   ] Safepoint "Cleanup", Time since last: 1000899986 ns, Reaching safepoint: 20594 ns, Cleanup: 18551 ns, At safepoint: 8670 ns, Total: 47815 ns
[2025-05-30T07:31:16.718+0000][69][info ][safepoint   ] Safepoint "Cleanup", Time since last: 5001311151 ns, Reaching safepoint: 46212 ns, Cleanup: 14919 ns, At safepoint: 8341 ns, Total: 69472 ns
[2025-05-30T07:31:20.719+0000][69][info ][safepoint   ] Safepoint "Cleanup", Time since last: 4001162557 ns, Reaching safepoint: 91683 ns, Cleanup: 21957 ns, At safepoint: 14379 ns, Total: 128019 ns
[2025-05-30T07:31:21.720+0000][69][info ][safepoint   ] Safepoint "Cleanup", Time since last: 1000717476 ns, Reaching safepoint: 30028 ns, Cleanup: 20854 ns, At safepoint: 70707 ns, Total: 121589 ns
[2025-05-30T07:31:23.721+0000][69][info ][safepoint   ] Safepoint "Cleanup", Time since last: 2001048350 ns, Reaching safepoint: 19288 ns, Cleanup: 11430 ns, At safepoint: 28951 ns, Total: 59669 ns
[2025-05-30T07:31:39.176+0000][69][info ][safepoint   ] Safepoint "Cleanup", Time since last: 15459476066 ns, Reaching safepoint: 33653 ns, Cleanup: 17734 ns, At safepoint: 16464 ns, Total: 67851 ns
[2025-05-30T07:31:41.177+0000][69][info ][safepoint   ] Safepoint "Cleanup", Time since last: 2000771109 ns, Reaching safepoint: 35810 ns, Cleanup: 35741 ns, At safepoint: 20145 ns, Total: 91696 ns
[2025-05-30T07:31:42.178+0000][69][info ][safepoint   ] Safepoint "Cleanup", Time since last: 1000877895 ns, Reaching safepoint: 26383 ns, Cleanup: 14976 ns, At safepoint: 11398 ns, Total: 52757 ns
[2025-05-30T07:31:46.179+0000][69][info ][safepoint   ] Safepoint "Cleanup", Time since last: 4001178077 ns, Reaching safepoint: 55018 ns, Cleanup: 14117 ns, At safepoint: 9649 ns, Total: 78784 ns
[2025-05-30T07:31:48.180+0000][69][info ][safepoint   ] Safepoint "Cleanup", Time since last: 2000848494 ns, Reaching safepoint: 28590 ns, Cleanup: 16945 ns, At safepoint: 15172 ns, Total: 60707 ns
[2025-05-30T07:31:49.181+0000][69][info ][safepoint   ] Safepoint "Cleanup", Time since last: 1000679363 ns, Reaching safepoint: 25815 ns, Cleanup: 16689 ns, At safepoint: 11021 ns, Total: 53525 ns
[2025-05-30T07:31:51.182+0000][69][info ][safepoint   ] Safepoint "Cleanup", Time since last: 2001088628 ns, Reaching safepoint: 29769 ns, Cleanup: 21575 ns, At safepoint: 16527 ns, Total: 67871 ns
[2025-05-30T07:31:56.183+0000][69][info ][safepoint   ] Safepoint "Cleanup", Time since last: 5001244639 ns, Reaching safepoint: 32163 ns, Cleanup: 20092 ns, At safepoint: 16944 ns, Total: 69199 ns
[2025-05-30T07:31:57.184+0000][69][info ][safepoint   ] Safepoint "Cleanup", Time since last: 1000576300 ns, Reaching safepoint: 21263 ns, Cleanup: 15415 ns, At safepoint: 8842 ns, Total: 45520 ns
[2025-05-30T07:32:04.186+0000][69][info ][safepoint   ] Safepoint "Cleanup", Time since last: 7001636660 ns, Reaching safepoint: 50163 ns, Cleanup: 14445 ns, At safepoint: 8709 ns, Total: 73317 ns
[2025-05-30T07:32:06.187+0000][69][info ][safepoint   ] Safepoint "Cleanup", Time since last: 2001400842 ns, Reaching safepoint: 31730 ns, Cleanup: 16520 ns, At safepoint: 15868 ns, Total: 64118 ns
[2025-05-30T07:32:11.185+0000][69][info ][safepoint   ] Safepoint "Cleanup", Time since last: 5001349729 ns, Reaching safepoint: 24180 ns, Cleanup: 40035 ns, At safepoint: 11146 ns, Total: 75361 ns
[2025-05-30T07:32:12.756+0000][69][info ][safepoint   ] Safepoint "Cleanup", Time since last: 1570005235 ns, Reaching safepoint: 29981 ns, Cleanup: 30511 ns, At safepoint: 15413 ns, Total: 75905 ns
[2025-05-30T07:32:13.756+0000][69][info ][safepoint   ] Safepoint "Cleanup", Time since last: 1000668154 ns, Reaching safepoint: 19097 ns, Cleanup: 15691 ns, At safepoint: 8421 ns, Total: 43209 ns
[2025-05-30T07:32:17.758+0000][69][info ][safepoint   ] Safepoint "Cleanup", Time since last: 4001146311 ns, Reaching safepoint: 76990 ns, Cleanup: 24914 ns, At safepoint: 12268 ns, Total: 114172 ns
[2025-05-30T07:32:20.759+0000][69][info ][safepoint   ] Safepoint "Cleanup", Time since last: 3001118771 ns, Reaching safepoint: 117174 ns, Cleanup: 13525 ns, At safepoint: 53572 ns, Total: 184271 ns
[2025-05-30T07:32:23.761+0000][69][info ][safepoint   ] Safepoint "Cleanup", Time since last: 3002039109 ns, Reaching safepoint: 33764 ns, Cleanup: 17660 ns, At safepoint: 16427 ns, Total: 67851 ns
[2025-05-30T07:32:24.762+0000][69][info ][safepoint   ] Safepoint "Cleanup", Time since last: 1000880629 ns, Reaching safepoint: 23841 ns, Cleanup: 13104 ns, At safepoint: 10790 ns, Total: 47735 ns
[2025-05-30T07:32:25.763+0000][69][info ][safepoint   ] Safepoint "Cleanup", Time since last: 1000927405 ns, Reaching safepoint: 195790 ns, Cleanup: 16772 ns, At safepoint: 94186 ns, Total: 306748 ns
[2025-05-30T07:32:33.212+0000][69][info ][safepoint   ] Safepoint "Cleanup", Time since last: 7448882375 ns, Reaching safepoint: 70685 ns, Cleanup: 14580 ns, At safepoint: 11863 ns, Total: 97128 ns
[2025-05-30T07:32:41.208+0000][69][info ][safepoint   ] Safepoint "Cleanup", Time since last: 8001740140 ns, Reaching safepoint: 79600 ns, Cleanup: 27218 ns, At safepoint: 11800 ns, Total: 118618 ns
[2025-05-30T07:32:45.209+0000][69][info ][safepoint   ] Safepoint "Cleanup", Time since last: 4001087594 ns, Reaching safepoint: 30042 ns, Cleanup: 19867 ns, At safepoint: 8980 ns, Total: 58889 ns
[2025-05-30T07:32:46.210+0000][69][info ][safepoint   ] Safepoint "Cleanup", Time since last: 1000726676 ns, Reaching safepoint: 23604 ns, Cleanup: 11102 ns, At safepoint: 7983 ns, Total: 42689 ns
[2025-05-30T07:32:48.211+0000][69][info ][safepoint   ] Safepoint "Cleanup", Time since last: 2000978435 ns, Reaching safepoint: 135512 ns, Cleanup: 25136 ns, At safepoint: 13370 ns, Total: 174018 ns
[2025-05-30T07:32:51.212+0000][69][info ][safepoint   ] Safepoint "Cleanup", Time since last: 3000898653 ns, Reaching safepoint: 33135 ns, Cleanup: 16535 ns, At safepoint: 15725 ns, Total: 65395 ns
[2025-05-30T07:32:54.213+0000][69][info ][safepoint   ] Safepoint "Cleanup", Time since last: 3001483001 ns, Reaching safepoint: 33022 ns, Cleanup: 20588 ns, At safepoint: 17364 ns, Total: 70974 ns
[2025-05-30T07:33:00.215+0000][69][info ][safepoint   ] Safepoint "Cleanup", Time since last: 6001595616 ns, Reaching safepoint: 19067 ns, Cleanup: 15680 ns, At safepoint: 8457 ns, Total: 43204 ns
[2025-05-30T07:33:03.216+0000][69][info ][safepoint   ] Safepoint "Cleanup", Time since last: 3000839620 ns, Reaching safepoint: 57895 ns, Cleanup: 18719 ns, At safepoint: 11347 ns, Total: 87961 ns
[2025-05-30T07:33:06.217+0000][69][info ][safepoint   ] Safepoint "Cleanup", Time since last: 3000941982 ns, Reaching safepoint: 31424 ns, Cleanup: 15529 ns, At safepoint: 15110 ns, Total: 62063 ns
[2025-05-30T07:33:11.217+0000][69][info ][safepoint   ] Safepoint "Cleanup", Time since last: 5001368845 ns, Reaching safepoint: 95311 ns, Cleanup: 11020 ns, At safepoint: 25043 ns, Total: 131374 ns
[2025-05-30T07:33:14.270+0000][69][info ][safepoint   ] Safepoint "Cleanup", Time since last: 3052730806 ns, Reaching safepoint: 107238 ns, Cleanup: 15813 ns, At safepoint: 48291 ns, Total: 171342 ns
[2025-05-30T07:33:15.816+0000][69][info ][safepoint   ] Safepoint "Cleanup", Time since last: 1545180310 ns, Reaching safepoint: 34463 ns, Cleanup: 73901 ns, At safepoint: 17943 ns, Total: 126307 ns
[2025-05-30T07:33:17.816+0000][69][info ][safepoint   ] Safepoint "Cleanup", Time since last: 2000834362 ns, Reaching safepoint: 73921 ns, Cleanup: 22313 ns, At safepoint: 17181 ns, Total: 113415 ns
[2025-05-30T07:33:20.818+0000][69][info ][safepoint   ] Safepoint "Cleanup", Time since last: 3001015980 ns, Reaching safepoint: 30998 ns, Cleanup: 15769 ns, At safepoint: 71618 ns, Total: 118385 ns
[2025-05-30T07:33:24.819+0000][69][info ][safepoint   ] Safepoint "Cleanup", Time since last: 4001097133 ns, Reaching safepoint: 19680 ns, Cleanup: 14139 ns, At safepoint: 9130 ns, Total: 42949 ns
[2025-05-30T07:33:26.820+0000][69][info ][safepoint   ] Safepoint "Cleanup", Time since last: 2000698301 ns, Reaching safepoint: 51432 ns, Cleanup: 19734 ns, At safepoint: 89255 ns, Total: 160421 ns
[2025-05-30T07:33:29.821+0000][69][info ][safepoint   ] Safepoint "Cleanup", Time since last: 3001163533 ns, Reaching safepoint: 30009 ns, Cleanup: 25001 ns, At safepoint: 72657 ns, Total: 127667 ns
[2025-05-30T07:33:35.243+0000][69][info ][safepoint   ] Safepoint "Cleanup", Time since last: 5422298915 ns, Reaching safepoint: 47758 ns, Cleanup: 15008 ns, At safepoint: 8418 ns, Total: 71184 ns
[2025-05-30T07:33:38.241+0000][69][info ][safepoint   ] Safepoint "Cleanup", Time since last: 3000889233 ns, Reaching safepoint: 29745 ns, Cleanup: 13679 ns, At safepoint: 15561 ns, Total: 58985 ns
[2025-05-30T07:33:41.242+0000][69][info ][safepoint   ] Safepoint "Cleanup", Time since last: 3000956571 ns, Reaching safepoint: 21204 ns, Cleanup: 30353 ns, At safepoint: 9432 ns, Total: 60989 ns
[2025-05-30T07:33:50.244+0000][69][info ][safepoint   ] Safepoint "Cleanup", Time since last: 9001863451 ns, Reaching safepoint: 45192 ns, Cleanup: 11955 ns, At safepoint: 7690 ns, Total: 64837 ns
[2025-05-30T07:33:51.244+0000][69][info ][safepoint   ] Safepoint "Cleanup", Time since last: 1000616458 ns, Reaching safepoint: 28825 ns, Cleanup: 19401 ns, At safepoint: 14619 ns, Total: 62845 ns
[2025-05-30T07:33:53.246+0000][69][info ][safepoint   ] Safepoint "Cleanup", Time since last: 2000990867 ns, Reaching safepoint: 42851 ns, Cleanup: 18156 ns, At safepoint: 12248 ns, Total: 73255 ns
[2025-05-30T07:33:56.247+0000][69][info ][safepoint   ] Safepoint "Cleanup", Time since last: 3001396057 ns, Reaching safepoint: 24164 ns, Cleanup: 13967 ns, At safepoint: 10606 ns, Total: 48737 ns
[2025-05-30T07:34:02.249+0000][69][info ][safepoint   ] Safepoint "Cleanup", Time since last: 6001819724 ns, Reaching safepoint: 20923 ns, Cleanup: 13907 ns, At safepoint: 9784 ns, Total: 44614 ns
[2025-05-30T07:34:11.247+0000][69][info ][safepoint   ] Safepoint "Cleanup", Time since last: 9001662162 ns, Reaching safepoint: 50231 ns, Cleanup: 14998 ns, At safepoint: 8118 ns, Total: 73347 ns
[2025-05-30T07:34:14.250+0000][69][info ][safepoint   ] Safepoint "Cleanup", Time since last: 3002865673 ns, Reaching safepoint: 49602 ns, Cleanup: 19965 ns, At safepoint: 14871 ns, Total: 84438 ns
[2025-05-30T07:34:16.251+0000][69][info ][safepoint   ] Safepoint "Cleanup", Time since last: 2000848866 ns, Reaching safepoint: 17671 ns, Cleanup: 16595 ns, At safepoint: 7865 ns, Total: 42131 ns
[2025-05-30T07:34:17.251+0000][69][info ][safepoint   ] Safepoint "Cleanup", Time since last: 1000683563 ns, Reaching safepoint: 29537 ns, Cleanup: 22677 ns, At safepoint: 112617 ns, Total: 164831 ns
[2025-05-30T07:34:18.881+0000][69][info ][safepoint   ] Safepoint "Cleanup", Time since last: 1629674323 ns, Reaching safepoint: 48815 ns, Cleanup: 35415 ns, At safepoint: 11274 ns, Total: 95504 ns
[2025-05-30T07:34:19.882+0000][69][info ][safepoint   ] Safepoint "Cleanup", Time since last: 1000782624 ns, Reaching safepoint: 31043 ns, Cleanup: 16819 ns, At safepoint: 16100 ns, Total: 63962 ns
[2025-05-30T07:34:20.883+0000][69][info ][safepoint   ] Safepoint "Cleanup", Time since last: 1000562360 ns, Reaching safepoint: 17622 ns, Cleanup: 12369 ns, At safepoint: 7623 ns, Total: 37614 ns
[2025-05-30T07:34:23.884+0000][69][info ][safepoint   ] Safepoint "Cleanup", Time since last: 3000902155 ns, Reaching safepoint: 74380 ns, Cleanup: 29737 ns, At safepoint: 10318 ns, Total: 114435 ns
[2025-05-30T07:34:26.885+0000][69][info ][safepoint   ] Safepoint "Cleanup", Time since last: 3000990543 ns, Reaching safepoint: 31551 ns, Cleanup: 19041 ns, At safepoint: 15398 ns, Total: 65990 ns
[2025-05-30T07:34:35.274+0000][69][info ][safepoint   ] Safepoint "Cleanup", Time since last: 8389342306 ns, Reaching safepoint: 63724 ns, Cleanup: 14427 ns, At safepoint: 11160 ns, Total: 89311 ns
[2025-05-30T07:34:41.278+0000][69][info ][safepoint   ] Safepoint "Cleanup", Time since last: 6007572447 ns, Reaching safepoint: 71660 ns, Cleanup: 19819 ns, At safepoint: 20753 ns, Total: 112232 ns
[2025-05-30T07:34:45.282+0000][69][info ][safepoint   ] Safepoint "Cleanup", Time since last: 4003487382 ns, Reaching safepoint: 115517 ns, Cleanup: 13340 ns, At safepoint: 50547 ns, Total: 179404 ns
[2025-05-30T07:34:46.283+0000][69][info ][safepoint   ] Safepoint "Cleanup", Time since last: 1000683400 ns, Reaching safepoint: 29489 ns, Cleanup: 15365 ns, At safepoint: 15344 ns, Total: 60198 ns
[2025-05-30T07:34:55.285+0000][69][info ][safepoint   ] Safepoint "Cleanup", Time since last: 9002111125 ns, Reaching safepoint: 52721 ns, Cleanup: 16470 ns, At safepoint: 8974 ns, Total: 78165 ns
[2025-05-30T07:35:02.286+0000][69][info ][safepoint   ] Safepoint "Cleanup", Time since last: 7001345365 ns, Reaching safepoint: 19654 ns, Cleanup: 12845 ns, At safepoint: 8395 ns, Total: 40894 ns
[2025-05-30T07:35:05.288+0000][69][info ][safepoint   ] Safepoint "Cleanup", Time since last: 3001694302 ns, Reaching safepoint: 61894 ns, Cleanup: 13341 ns, At safepoint: 8734 ns, Total: 83969 ns
[2025-05-30T07:35:08.286+0000][69][info ][safepoint   ] Safepoint "Cleanup", Time since last: 3000952874 ns, Reaching safepoint: 21950 ns, Cleanup: 17989 ns, At safepoint: 9133 ns, Total: 49072 ns
[2025-05-30T07:35:11.287+0000][69][info ][safepoint   ] Safepoint "Cleanup", Time since last: 3000906207 ns, Reaching safepoint: 43769 ns, Cleanup: 16555 ns, At safepoint: 10091 ns, Total: 70415 ns
[2025-05-30T07:35:13.289+0000][69][info ][safepoint   ] Safepoint "Cleanup", Time since last: 2001869346 ns, Reaching safepoint: 50733 ns, Cleanup: 24390 ns, At safepoint: 12170 ns, Total: 87293 ns
[2025-05-30T07:35:14.290+0000][69][info ][safepoint   ] Safepoint "Cleanup", Time since last: 1001132838 ns, Reaching safepoint: 31297 ns, Cleanup: 18547 ns, At safepoint: 15753 ns, Total: 65597 ns
[2025-05-30T07:35:15.290+0000][69][info ][safepoint   ] Safepoint "Cleanup", Time since last: 1000682428 ns, Reaching safepoint: 31267 ns, Cleanup: 18364 ns, At safepoint: 9466 ns, Total: 59097 ns
[2025-05-30T07:35:16.295+0000][69][info ][safepoint   ] Safepoint "Cleanup", Time since last: 1004530597 ns, Reaching safepoint: 31544 ns, Cleanup: 15135 ns, At safepoint: 14914 ns, Total: 61593 ns
[2025-05-30T07:35:17.296+0000][69][info ][safepoint   ] Safepoint "Cleanup", Time since last: 1000639271 ns, Reaching safepoint: 32734 ns, Cleanup: 13414 ns, At safepoint: 9032 ns, Total: 55180 ns
[2025-05-30T07:35:18.318+0000][69][info ][safepoint   ] Safepoint "Cleanup", Time since last: 1022567774 ns, Reaching safepoint: 28848 ns, Cleanup: 14295 ns, At safepoint: 8411 ns, Total: 51554 ns
[2025-05-30T07:35:20.271+0000][69][info ][safepoint   ] Safepoint "Cleanup", Time since last: 1952831737 ns, Reaching safepoint: 8289 ns, Cleanup: 13170 ns, At safepoint: 15404 ns, Total: 36863 ns
[2025-05-30T07:35:21.914+0000][69][info ][safepoint   ] Safepoint "Cleanup", Time since last: 1643043052 ns, Reaching safepoint: 17426 ns, Cleanup: 28454 ns, At safepoint: 7890 ns, Total: 53770 ns
[2025-05-30T07:35:23.915+0000][69][info ][safepoint   ] Safepoint "Cleanup", Time since last: 2000977963 ns, Reaching safepoint: 29763 ns, Cleanup: 15107 ns, At safepoint: 14216 ns, Total: 59086 ns
[2025-05-30T07:35:26.916+0000][69][info ][safepoint   ] Safepoint "Cleanup", Time since last: 3000945843 ns, Reaching safepoint: 21145 ns, Cleanup: 15509 ns, At safepoint: 9124 ns, Total: 45778 ns
[2025-05-30T07:35:41.247+0000][69][info ][safepoint   ] Safepoint "Cleanup", Time since last: 14333369185 ns, Reaching safepoint: 10349 ns, Cleanup: 32720 ns, At safepoint: 15014 ns, Total: 58083 ns
[2025-05-30T07:35:42.939+0000][69][info ][safepoint   ] Safepoint "Cleanup", Time since last: 1692621128 ns, Reaching safepoint: 25549 ns, Cleanup: 29638 ns, At safepoint: 11525 ns, Total: 66712 ns
[2025-05-30T07:35:47.241+0000][69][info ][safepoint   ] Safepoint "Cleanup", Time since last: 4302116240 ns, Reaching safepoint: 17577 ns, Cleanup: 10798 ns, At safepoint: 35134 ns, Total: 63509 ns
[2025-05-30T07:35:48.966+0000][69][info ][safepoint   ] Safepoint "Cleanup", Time since last: 1725014347 ns, Reaching safepoint: 19926 ns, Cleanup: 25187 ns, At safepoint: 8447 ns, Total: 53560 ns
[2025-05-30T07:35:49.967+0000][69][info ][safepoint   ] Safepoint "Cleanup", Time since last: 1000644213 ns, Reaching safepoint: 27425 ns, Cleanup: 16164 ns, At safepoint: 10962 ns, Total: 54551 ns
[2025-05-30T07:35:51.008+0000][69][info ][safepoint   ] Safepoint "Cleanup", Time since last: 1040271193 ns, Reaching safepoint: 87598 ns, Cleanup: 32489 ns, At safepoint: 16032 ns, Total: 136119 ns
[2025-05-30T07:35:54.651+0000][69][info ][safepoint   ] Safepoint "Cleanup", Time since last: 3643374988 ns, Reaching safepoint: 9289 ns, Cleanup: 8852 ns, At safepoint: 4519 ns, Total: 22660 ns
[2025-05-30T07:35:55.653+0000][69][info ][safepoint   ] Safepoint "Cleanup", Time since last: 1002343201 ns, Reaching safepoint: 46656 ns, Cleanup: 15757 ns, At safepoint: 18587 ns, Total: 81000 ns
[2025-05-30T07:35:56.654+0000][69][info ][safepoint   ] Safepoint "Cleanup", Time since last: 1000632789 ns, Reaching safepoint: 21110 ns, Cleanup: 14727 ns, At safepoint: 8422 ns, Total: 44259 ns
[2025-05-30T07:35:59.655+0000][69][info ][safepoint   ] Safepoint "Cleanup", Time since last: 3001030113 ns, Reaching safepoint: 26722 ns, Cleanup: 13094 ns, At safepoint: 9017 ns, Total: 48833 ns
[2025-05-30T07:36:04.657+0000][69][info ][safepoint   ] Safepoint "Cleanup", Time since last: 5001506636 ns, Reaching safepoint: 21710 ns, Cleanup: 13664 ns, At safepoint: 55822 ns, Total: 91196 ns
[2025-05-30T07:36:06.665+0000][69][info ][safepoint   ] Safepoint "Cleanup", Time since last: 2007691744 ns, Reaching safepoint: 59437 ns, Cleanup: 19654 ns, At safepoint: 23591 ns, Total: 102682 ns
[2025-05-30T07:36:11.690+0000][69][info ][safepoint   ] Safepoint "Cleanup", Time since last: 5029425707 ns, Reaching safepoint: 41540 ns, Cleanup: 14130 ns, At safepoint: 7808 ns, Total: 63478 ns
[2025-05-30T07:36:13.691+0000][69][info ][safepoint   ] Safepoint "Cleanup", Time since last: 2001042764 ns, Reaching safepoint: 28070 ns, Cleanup: 17620 ns, At safepoint: 10275 ns, Total: 55965 ns
[2025-05-30T07:36:16.693+0000][69][info ][safepoint   ] Safepoint "Cleanup", Time since last: 3001380659 ns, Reaching safepoint: 91431 ns, Cleanup: 17739 ns, At safepoint: 12321 ns, Total: 121491 ns
[2025-05-30T07:36:21.663+0000][69][info ][safepoint   ] Safepoint "Cleanup", Time since last: 4970098758 ns, Reaching safepoint: 22703 ns, Cleanup: 16352 ns, At safepoint: 16370 ns, Total: 55425 ns
[2025-05-30T07:36:22.697+0000][69][info ][safepoint   ] Safepoint "Cleanup", Time since last: 1034312242 ns, Reaching safepoint: 31047 ns, Cleanup: 17251 ns, At safepoint: 15445 ns, Total: 63743 ns
[2025-05-30T07:36:24.029+0000][69][info ][safepoint   ] Safepoint "Cleanup", Time since last: 1330982152 ns, Reaching safepoint: 29825 ns, Cleanup: 22307 ns, At safepoint: 74178 ns, Total: 126310 ns
[2025-05-30T07:36:25.064+0000][69][info ][safepoint   ] Safepoint "Cleanup", Time since last: 1035676659 ns, Reaching safepoint: 6197 ns, Cleanup: 48854 ns, At safepoint: 30846 ns, Total: 85897 ns
[2025-05-30T07:36:28.844+0000][69][info ][gc,start    ] GC(14) Pause Young (Normal) (G1 Evacuation Pause)
[2025-05-30T07:36:28.846+0000][69][info ][gc,task     ] GC(14) Using 10 workers of 10 for evacuation
[2025-05-30T07:36:28.849+0000][69][debug][gc,age      ] GC(14) Desired survivor size 48234496 bytes, new threshold 15 (max threshold 15)
[2025-05-30T07:36:28.990+0000][69][info ][gc,phases   ] GC(14)   Pre Evacuate Collection Set: 7.21ms
[2025-05-30T07:36:28.991+0000][69][info ][gc,phases   ] GC(14)   Merge Heap Roots: 1.90ms
[2025-05-30T07:36:28.991+0000][69][info ][gc,phases   ] GC(14)   Evacuate Collection Set: 115.00ms
[2025-05-30T07:36:28.992+0000][69][info ][gc,phases   ] GC(14)   Post Evacuate Collection Set: 8.57ms
[2025-05-30T07:36:28.992+0000][69][info ][gc,phases   ] GC(14)   Other: 12.14ms
[2025-05-30T07:36:28.993+0000][69][trace][gc,age      ] GC(14) Age table with threshold 15 (max threshold 15)
[2025-05-30T07:36:28.993+0000][69][trace][gc,age      ] GC(14) - age   1:    2631568 bytes,    2631568 total
[2025-05-30T07:36:28.994+0000][69][trace][gc,age      ] GC(14) - age   2:     929008 bytes,    3560576 total
[2025-05-30T07:36:28.994+0000][69][trace][gc,age      ] GC(14) - age   3:   41654184 bytes,   45214760 total
[2025-05-30T07:36:28.995+0000][69][info ][gc,heap     ] GC(14) Eden regions: 169->0(141)
[2025-05-30T07:36:28.995+0000][69][info ][gc,heap     ] GC(14) Survivor regions: 13->13(23)
[2025-05-30T07:36:28.996+0000][69][info ][gc,heap     ] GC(14) Old regions: 16->16
[2025-05-30T07:36:28.996+0000][69][info ][gc,heap     ] GC(14) Humongous regions: 0->0
[2025-05-30T07:36:28.997+0000][69][info ][gc,metaspace] GC(14) Metaspace: 145548K(149696K)->145548K(149696K) NonClass: 125471K(127744K)->125471K(127744K) Class: 20076K(21952K)->20076K(21952K)
[2025-05-30T07:36:28.997+0000][69][info ][gc          ] GC(14) Pause Young (Normal) (G1 Evacuation Pause) 787M->111M(3880M) 153.009ms
[2025-05-30T07:36:28.997+0000][69][info ][gc,cpu      ] GC(14) User=1.22s Sys=0.00s Real=0.15s
[2025-05-30T07:36:28.998+0000][69][info ][safepoint   ] Safepoint "G1CollectForAllocation", Time since last: 3779235758 ns, Reaching safepoint: 24705 ns, Cleanup: 5804 ns, At safepoint: 154470453 ns, Total: 154500962 ns
[2025-05-30T07:36:29.999+0000][69][info ][safepoint   ] Safepoint "Cleanup", Time since last: 1000785130 ns, Reaching safepoint: 30645 ns, Cleanup: 15312 ns, At safepoint: 15606 ns, Total: 61563 ns
[2025-05-30T07:36:31.338+0000][69][info ][safepoint   ] Safepoint "Cleanup", Time since last: 1339425157 ns, Reaching safepoint: 25145 ns, Cleanup: 15397 ns, At safepoint: 13239 ns, Total: 53781 ns
[2025-05-30T07:36:34.339+0000][69][info ][safepoint   ] Safepoint "Cleanup", Time since last: 3001025593 ns, Reaching safepoint: 17943 ns, Cleanup: 11518 ns, At safepoint: 7567 ns, Total: 37028 ns
[2025-05-30T07:36:35.341+0000][69][info ][safepoint   ] Safepoint "Cleanup", Time since last: 1001600407 ns, Reaching safepoint: 25654 ns, Cleanup: 13956 ns, At safepoint: 10294 ns, Total: 49904 ns
[2025-05-30T07:36:36.342+0000][69][info ][safepoint   ] Safepoint "Cleanup", Time since last: 1000716425 ns, Reaching safepoint: 32166 ns, Cleanup: 22918 ns, At safepoint: 15492 ns, Total: 70576 ns
[2025-05-30T07:36:38.340+0000][69][info ][safepoint   ] Safepoint "Cleanup", Time since last: 2000873846 ns, Reaching safepoint: 48826 ns, Cleanup: 13134 ns, At safepoint: 9442 ns, Total: 71402 ns
[2025-05-30T07:36:41.351+0000][69][info ][safepoint   ] Safepoint "Cleanup", Time since last: 3011414279 ns, Reaching safepoint: 25473 ns, Cleanup: 23347 ns, At safepoint: 10756 ns, Total: 59576 ns
[2025-05-30T07:36:44.352+0000][69][info ][safepoint   ] Safepoint "Cleanup", Time since last: 3000974752 ns, Reaching safepoint: 19557 ns, Cleanup: 14614 ns, At safepoint: 8670 ns, Total: 42841 ns
[2025-05-30T07:36:46.353+0000][69][info ][safepoint   ] Safepoint "Cleanup", Time since last: 2000868324 ns, Reaching safepoint: 44692 ns, Cleanup: 17238 ns, At safepoint: 16472 ns, Total: 78402 ns
[2025-05-30T07:36:53.355+0000][69][info ][safepoint   ] Safepoint "Cleanup", Time since last: 7001817481 ns, Reaching safepoint: 53215 ns, Cleanup: 15815 ns, At safepoint: 13044 ns, Total: 82074 ns
[2025-05-30T07:36:56.357+0000][69][info ][safepoint   ] Safepoint "Cleanup", Time since last: 3001794664 ns, Reaching safepoint: 19185 ns, Cleanup: 13406 ns, At safepoint: 7518 ns, Total: 40109 ns
[2025-05-30T07:37:09.355+0000][69][info ][safepoint   ] Safepoint "Cleanup", Time since last: 13002255022 ns, Reaching safepoint: 133958 ns, Cleanup: 18032 ns, At safepoint: 12428 ns, Total: 164418 ns
[2025-05-30T07:37:14.357+0000][69][info ][safepoint   ] Safepoint "Cleanup", Time since last: 5001369704 ns, Reaching safepoint: 36568 ns, Cleanup: 13472 ns, At safepoint: 9841 ns, Total: 59881 ns
[2025-05-30T07:37:20.358+0000][69][info ][safepoint   ] Safepoint "Cleanup", Time since last: 6001255562 ns, Reaching safepoint: 116957 ns, Cleanup: 17570 ns, At safepoint: 12879 ns, Total: 147406 ns
[2025-05-30T07:37:21.359+0000][69][info ][safepoint   ] Safepoint "Cleanup", Time since last: 1000584734 ns, Reaching safepoint: 19429 ns, Cleanup: 14087 ns, At safepoint: 9392 ns, Total: 42908 ns
[2025-05-30T07:37:25.360+0000][69][info ][safepoint   ] Safepoint "Cleanup", Time since last: 4001085563 ns, Reaching safepoint: 111841 ns, Cleanup: 16025 ns, At safepoint: 11111 ns, Total: 138977 ns
[2025-05-30T07:37:27.100+0000][69][info ][safepoint   ] Safepoint "Cleanup", Time since last: 1740291830 ns, Reaching safepoint: 12509 ns, Cleanup: 26224 ns, At safepoint: 65635 ns, Total: 104368 ns
[2025-05-30T07:37:31.368+0000][69][info ][safepoint   ] Safepoint "Cleanup", Time since last: 4267222884 ns, Reaching safepoint: 23849 ns, Cleanup: 20020 ns, At safepoint: 12717 ns, Total: 56586 ns
[2025-05-30T07:37:35.369+0000][69][info ][safepoint   ] Safepoint "Cleanup", Time since last: 4001419814 ns, Reaching safepoint: 30529 ns, Cleanup: 15919 ns, At safepoint: 9452 ns, Total: 55900 ns
[2025-05-30T07:37:41.368+0000][69][info ][safepoint   ] Safepoint "Cleanup", Time since last: 6001629325 ns, Reaching safepoint: 118231 ns, Cleanup: 21746 ns, At safepoint: 11642 ns, Total: 151619 ns
[2025-05-30T07:37:44.370+0000][69][info ][safepoint   ] Safepoint "Cleanup", Time since last: 3001547410 ns, Reaching safepoint: 18583 ns, Cleanup: 13802 ns, At safepoint: 8410 ns, Total: 40795 ns
[2025-05-30T07:37:45.371+0000][69][info ][safepoint   ] Safepoint "Cleanup", Time since last: 1000694465 ns, Reaching safepoint: 18837 ns, Cleanup: 12732 ns, At safepoint: 8771 ns, Total: 40340 ns
[2025-05-30T07:38:05.374+0000][69][info ][safepoint   ] Safepoint "Cleanup", Time since last: 20003534963 ns, Reaching safepoint: 67471 ns, Cleanup: 20214 ns, At safepoint: 15016 ns, Total: 102701 ns
[2025-05-30T07:38:06.375+0000][69][info ][safepoint   ] Safepoint "Cleanup", Time since last: 1000732786 ns, Reaching safepoint: 19827 ns, Cleanup: 12232 ns, At safepoint: 8502 ns, Total: 40561 ns
[2025-05-30T07:38:09.373+0000][69][info ][safepoint   ] Safepoint "Cleanup", Time since last: 3001442506 ns, Reaching safepoint: 40955 ns, Cleanup: 12956 ns, At safepoint: 10022 ns, Total: 63933 ns
[2025-05-30T07:38:11.373+0000][69][info ][safepoint   ] Safepoint "Cleanup", Time since last: 2000796246 ns, Reaching safepoint: 30792 ns, Cleanup: 20522 ns, At safepoint: 11306 ns, Total: 62620 ns
[2025-05-30T07:38:13.374+0000][69][info ][safepoint   ] Safepoint "Cleanup", Time since last: 2000850742 ns, Reaching safepoint: 23621 ns, Cleanup: 11470 ns, At safepoint: 7748 ns, Total: 42839 ns
[2025-05-30T07:38:14.375+0000][69][info ][safepoint   ] Safepoint "Cleanup", Time since last: 1000651637 ns, Reaching safepoint: 34142 ns, Cleanup: 15937 ns, At safepoint: 16711 ns, Total: 66790 ns
[2025-05-30T07:38:15.376+0000][69][info ][safepoint   ] Safepoint "Cleanup", Time since last: 1000961268 ns, Reaching safepoint: 38392 ns, Cleanup: 16789 ns, At safepoint: 15527 ns, Total: 70708 ns
[2025-05-30T07:38:16.377+0000][69][info ][safepoint   ] Safepoint "Cleanup", Time since last: 1000876471 ns, Reaching safepoint: 37150 ns, Cleanup: 16101 ns, At safepoint: 10127 ns, Total: 63378 ns
[2025-05-30T07:38:23.379+0000][69][info ][safepoint   ] Safepoint "Cleanup", Time since last: 7001723723 ns, Reaching safepoint: 78656 ns, Cleanup: 83966 ns, At safepoint: 18610 ns, Total: 181232 ns
[2025-05-30T07:38:29.245+0000][69][info ][safepoint   ] Safepoint "Cleanup", Time since last: 5866385334 ns, Reaching safepoint: 14326 ns, Cleanup: 10431 ns, At safepoint: 24253 ns, Total: 49010 ns
[2025-05-30T07:38:30.398+0000][69][info ][safepoint   ] Safepoint "Cleanup", Time since last: 1153014477 ns, Reaching safepoint: 15161 ns, Cleanup: 26906 ns, At safepoint: 69589 ns, Total: 111656 ns
[2025-05-30T07:38:31.399+0000][69][info ][safepoint   ] Safepoint "Cleanup", Time since last: 1000814006 ns, Reaching safepoint: 35620 ns, Cleanup: 17848 ns, At safepoint: 11082 ns, Total: 64550 ns
[2025-05-30T07:38:33.406+0000][69][info ][safepoint   ] Safepoint "Cleanup", Time since last: 2006436271 ns, Reaching safepoint: 31366 ns, Cleanup: 15780 ns, At safepoint: 15844 ns, Total: 62990 ns
[2025-05-30T07:38:41.405+0000][69][info ][safepoint   ] Safepoint "Cleanup", Time since last: 8001494896 ns, Reaching safepoint: 58317 ns, Cleanup: 12930 ns, At safepoint: 9806 ns, Total: 81053 ns
[2025-05-30T07:38:44.408+0000][69][info ][safepoint   ] Safepoint "Cleanup", Time since last: 3003408041 ns, Reaching safepoint: 79730 ns, Cleanup: 29285 ns, At safepoint: 8903 ns, Total: 117918 ns
[2025-05-30T07:38:46.409+0000][69][info ][safepoint   ] Safepoint "Cleanup", Time since last: 2000764710 ns, Reaching safepoint: 34539 ns, Cleanup: 25922 ns, At safepoint: 11667 ns, Total: 72128 ns
[2025-05-30T07:38:48.430+0000][69][info ][safepoint   ] Safepoint "Cleanup", Time since last: 2020676234 ns, Reaching safepoint: 19214 ns, Cleanup: 12449 ns, At safepoint: 9483 ns, Total: 41146 ns
[2025-05-30T07:38:50.431+0000][69][info ][safepoint   ] Safepoint "Cleanup", Time since last: 2000839890 ns, Reaching safepoint: 33183 ns, Cleanup: 20182 ns, At safepoint: 9666 ns, Total: 63031 ns
[2025-05-30T07:38:56.432+0000][69][info ][safepoint   ] Safepoint "Cleanup", Time since last: 6001432105 ns, Reaching safepoint: 82435 ns, Cleanup: 18217 ns, At safepoint: 15858 ns, Total: 116510 ns
[2025-05-30T07:39:06.434+0000][69][info ][safepoint   ] Safepoint "Cleanup", Time since last: 10001872431 ns, Reaching safepoint: 34384 ns, Cleanup: 17702 ns, At safepoint: 46930 ns, Total: 99016 ns
[2025-05-30T07:39:11.432+0000][69][info ][safepoint   ] Safepoint "Cleanup", Time since last: 5001368834 ns, Reaching safepoint: 47704 ns, Cleanup: 17825 ns, At safepoint: 8266 ns, Total: 73795 ns
[2025-05-30T07:39:13.433+0000][69][info ][safepoint   ] Safepoint "Cleanup", Time since last: 2000783001 ns, Reaching safepoint: 23394 ns, Cleanup: 15039 ns, At safepoint: 7916 ns, Total: 46349 ns
[2025-05-30T07:39:14.434+0000][69][info ][safepoint   ] Safepoint "Cleanup", Time since last: 1000924877 ns, Reaching safepoint: 111444 ns, Cleanup: 18598 ns, At safepoint: 17187 ns, Total: 147229 ns
[2025-05-30T07:39:23.692+0000][69][info ][safepoint   ] Safepoint "Cleanup", Time since last: 9258105317 ns, Reaching safepoint: 315461 ns, Cleanup: 73949 ns, At safepoint: 23901 ns, Total: 413311 ns
[2025-05-30T07:39:26.694+0000][69][info ][safepoint   ] Safepoint "Cleanup", Time since last: 3001470322 ns, Reaching safepoint: 77482 ns, Cleanup: 23449 ns, At safepoint: 19598 ns, Total: 120529 ns
[2025-05-30T07:39:29.695+0000][69][info ][safepoint   ] Safepoint "Cleanup", Time since last: 3001232916 ns, Reaching safepoint: 29871 ns, Cleanup: 15450 ns, At safepoint: 46586 ns, Total: 91907 ns
[2025-05-30T07:39:32.505+0000][69][info ][safepoint   ] Safepoint "Cleanup", Time since last: 2809468971 ns, Reaching safepoint: 28637 ns, Cleanup: 23051 ns, At safepoint: 10749 ns, Total: 62437 ns
[2025-05-30T07:39:35.422+0000][69][info ][safepoint   ] Safepoint "Cleanup", Time since last: 2917500286 ns, Reaching safepoint: 14511 ns, Cleanup: 9828 ns, At safepoint: 20166 ns, Total: 44505 ns
[2025-05-30T07:39:36.612+0000][69][info ][safepoint   ] Safepoint "Cleanup", Time since last: 1189261118 ns, Reaching safepoint: 29000 ns, Cleanup: 19019 ns, At safepoint: 15647 ns, Total: 63666 ns
[2025-05-30T07:39:38.169+0000][69][info ][safepoint   ] Safepoint "Cleanup", Time since last: 1425170591 ns, Reaching safepoint: 134880632 ns, Cleanup: 28907 ns, At safepoint: 165609 ns, Total: 135075148 ns
[2025-05-30T07:39:39.190+0000][69][info ][safepoint   ] Safepoint "Cleanup", Time since last: 1020910310 ns, Reaching safepoint: 34389 ns, Cleanup: 20241 ns, At safepoint: 17953 ns, Total: 72583 ns
[2025-05-30T07:39:41.340+0000][69][info ][safepoint   ] Safepoint "Cleanup", Time since last: 2149989577 ns, Reaching safepoint: 44151 ns, Cleanup: 17734 ns, At safepoint: 9148 ns, Total: 71033 ns
[2025-05-30T07:39:44.341+0000][69][info ][safepoint   ] Safepoint "Cleanup", Time since last: 3000886143 ns, Reaching safepoint: 19370 ns, Cleanup: 11258 ns, At safepoint: 6735 ns, Total: 37363 ns
[2025-05-30T07:39:45.342+0000][69][info ][safepoint   ] Safepoint "Cleanup", Time since last: 1000809514 ns, Reaching safepoint: 29586 ns, Cleanup: 18712 ns, At safepoint: 16455 ns, Total: 64753 ns
[2025-05-30T07:39:56.344+0000][69][info ][safepoint   ] Safepoint "Cleanup", Time since last: 11002386346 ns, Reaching safepoint: 26833 ns, Cleanup: 15446 ns, At safepoint: 10904 ns, Total: 53183 ns
[2025-05-30T07:39:57.345+0000][69][info ][safepoint   ] Safepoint "Cleanup", Time since last: 1000638892 ns, Reaching safepoint: 79263 ns, Cleanup: 14303 ns, At safepoint: 13781 ns, Total: 107347 ns
[2025-05-30T07:39:59.346+0000][69][info ][safepoint   ] Safepoint "Cleanup", Time since last: 2000820577 ns, Reaching safepoint: 25454 ns, Cleanup: 13184 ns, At safepoint: 10039 ns, Total: 48677 ns
[2025-05-30T07:40:01.347+0000][69][info ][safepoint   ] Safepoint "Cleanup", Time since last: 2000954318 ns, Reaching safepoint: 34213 ns, Cleanup: 17669 ns, At safepoint: 15777 ns, Total: 67659 ns
[2025-05-30T07:40:05.348+0000][69][info ][safepoint   ] Safepoint "Cleanup", Time since last: 4001566367 ns, Reaching safepoint: 31702 ns, Cleanup: 20345 ns, At safepoint: 17133 ns, Total: 69180 ns
[2025-05-30T07:40:09.347+0000][69][info ][safepoint   ] Safepoint "Cleanup", Time since last: 4001823765 ns, Reaching safepoint: 19853 ns, Cleanup: 12760 ns, At safepoint: 8647 ns, Total: 41260 ns
[2025-05-30T07:40:12.348+0000][69][info ][safepoint   ] Safepoint "Cleanup", Time since last: 3001066350 ns, Reaching safepoint: 74703 ns, Cleanup: 17770 ns, At safepoint: 33476 ns, Total: 125949 ns
[2025-05-30T07:40:13.354+0000][69][info ][safepoint   ] Safepoint "Cleanup", Time since last: 1006079238 ns, Reaching safepoint: 35095 ns, Cleanup: 19729 ns, At safepoint: 18031 ns, Total: 72855 ns
[2025-05-30T07:40:14.356+0000][69][info ][safepoint   ] Safepoint "Cleanup", Time since last: 1001607509 ns, Reaching safepoint: 30922 ns, Cleanup: 28602 ns, At safepoint: 15279 ns, Total: 74803 ns
[2025-05-30T07:40:15.356+0000][69][info ][safepoint   ] Safepoint "Cleanup", Time since last: 1000720341 ns, Reaching safepoint: 17871 ns, Cleanup: 17319 ns, At safepoint: 7533 ns, Total: 42723 ns
[2025-05-30T07:40:24.359+0000][69][info ][safepoint   ] Safepoint "Cleanup", Time since last: 9002133622 ns, Reaching safepoint: 89212 ns, Cleanup: 15861 ns, At safepoint: 10613 ns, Total: 115686 ns
[2025-05-30T07:40:27.360+0000][69][info ][safepoint   ] Safepoint "Cleanup", Time since last: 3001077285 ns, Reaching safepoint: 46264 ns, Cleanup: 13274 ns, At safepoint: 10301 ns, Total: 69839 ns
[2025-05-30T07:40:30.361+0000][69][info ][safepoint   ] Safepoint "Cleanup", Time since last: 3001166591 ns, Reaching safepoint: 32101 ns, Cleanup: 17725 ns, At safepoint: 17378 ns, Total: 67204 ns
[2025-05-30T07:40:31.590+0000][69][info ][safepoint   ] Safepoint "Cleanup", Time since last: 1228969794 ns, Reaching safepoint: 29099 ns, Cleanup: 14584 ns, At safepoint: 14671 ns, Total: 58354 ns
[2025-05-30T07:40:32.591+0000][69][info ][safepoint   ] Safepoint "Cleanup", Time since last: 1000847581 ns, Reaching safepoint: 20128 ns, Cleanup: 12090 ns, At safepoint: 8769 ns, Total: 40987 ns
[2025-05-30T07:40:33.592+0000][69][info ][safepoint   ] Safepoint "Cleanup", Time since last: 1000782460 ns, Reaching safepoint: 32410 ns, Cleanup: 16377 ns, At safepoint: 14579 ns, Total: 63366 ns
[2025-05-30T07:40:35.593+0000][69][info ][safepoint   ] Safepoint "Cleanup", Time since last: 2000958557 ns, Reaching safepoint: 33533 ns, Cleanup: 21152 ns, At safepoint: 16950 ns, Total: 71635 ns
[2025-05-30T07:40:36.595+0000][69][info ][safepoint   ] Safepoint "Cleanup", Time since last: 1001944593 ns, Reaching safepoint: 17971 ns, Cleanup: 18621 ns, At safepoint: 8178 ns, Total: 44770 ns
[2025-05-30T07:40:38.502+0000][69][info ][safepoint   ] Safepoint "Cleanup", Time since last: 1910697994 ns, Reaching safepoint: 7888 ns, Cleanup: 9175 ns, At safepoint: 34717 ns, Total: 51780 ns
[2025-05-30T07:40:39.988+0000][69][info ][safepoint   ] Safepoint "Cleanup", Time since last: 1485305105 ns, Reaching safepoint: 28890 ns, Cleanup: 25066 ns, At safepoint: 15117 ns, Total: 69073 ns
[2025-05-30T07:40:40.988+0000][69][info ][safepoint   ] Safepoint "Cleanup", Time since last: 1000654281 ns, Reaching safepoint: 18193 ns, Cleanup: 24922 ns, At safepoint: 8033 ns, Total: 51148 ns
[2025-05-30T07:40:41.989+0000][69][info ][safepoint   ] Safepoint "Cleanup", Time since last: 1000565952 ns, Reaching safepoint: 20332 ns, Cleanup: 13583 ns, At safepoint: 14594 ns, Total: 48509 ns
[2025-05-30T07:40:43.990+0000][69][info ][safepoint   ] Safepoint "Cleanup", Time since last: 2000901853 ns, Reaching safepoint: 85584 ns, Cleanup: 27601 ns, At safepoint: 19925 ns, Total: 133110 ns
[2025-05-30T07:40:47.529+0000][69][info ][safepoint   ] Safepoint "Cleanup", Time since last: 3538033229 ns, Reaching safepoint: 343526 ns, Cleanup: 22726 ns, At safepoint: 158046 ns, Total: 524298 ns
[2025-05-30T07:40:49.011+0000][69][info ][safepoint   ] Safepoint "Cleanup", Time since last: 1482589308 ns, Reaching safepoint: 44584 ns, Cleanup: 41242 ns, At safepoint: 20281 ns, Total: 106107 ns
[2025-05-30T07:40:51.069+0000][69][info ][safepoint   ] Safepoint "Cleanup", Time since last: 2057219760 ns, Reaching safepoint: 32565 ns, Cleanup: 16848 ns, At safepoint: 19091 ns, Total: 68504 ns
[2025-05-30T07:40:55.070+0000][69][info ][safepoint   ] Safepoint "Cleanup", Time since last: 4001148386 ns, Reaching safepoint: 25210 ns, Cleanup: 13291 ns, At safepoint: 10193 ns, Total: 48694 ns
[2025-05-30T07:41:03.072+0000][69][info ][safepoint   ] Safepoint "Cleanup", Time since last: 8001912865 ns, Reaching safepoint: 86312 ns, Cleanup: 19340 ns, At safepoint: 18600 ns, Total: 124252 ns
[2025-05-30T07:41:14.072+0000][69][info ][safepoint   ] Safepoint "Cleanup", Time since last: 11003106138 ns, Reaching safepoint: 30531 ns, Cleanup: 15053 ns, At safepoint: 14742 ns, Total: 60326 ns
[2025-05-30T07:41:20.749+0000][69][info ][safepoint   ] Safepoint "Cleanup", Time since last: 6676634033 ns, Reaching safepoint: 11898 ns, Cleanup: 9657 ns, At safepoint: 4129 ns, Total: 25684 ns
[2025-05-30T07:41:21.770+0000][69][info ][safepoint   ] Safepoint "Cleanup", Time since last: 1021438846 ns, Reaching safepoint: 35985 ns, Cleanup: 17813 ns, At safepoint: 16628 ns, Total: 70426 ns
[2025-05-30T07:41:29.773+0000][69][info ][safepoint   ] Safepoint "Cleanup", Time since last: 8002389794 ns, Reaching safepoint: 71045 ns, Cleanup: 16845 ns, At safepoint: 30175 ns, Total: 118065 ns
[2025-05-30T07:41:36.623+0000][69][info ][safepoint   ] Safepoint "Cleanup", Time since last: 6849854818 ns, Reaching safepoint: 31482 ns, Cleanup: 16502 ns, At safepoint: 15782 ns, Total: 63766 ns
[2025-05-30T07:41:41.515+0000][69][info ][safepoint   ] Safepoint "Cleanup", Time since last: 4896412113 ns, Reaching safepoint: 20155 ns, Cleanup: 31338 ns, At safepoint: 81899 ns, Total: 133392 ns
[2025-05-30T07:41:43.122+0000][69][info ][safepoint   ] Safepoint "Cleanup", Time since last: 1606863401 ns, Reaching safepoint: 28816 ns, Cleanup: 56764 ns, At safepoint: 75322 ns, Total: 160902 ns
[2025-05-30T07:41:46.127+0000][69][info ][safepoint   ] Safepoint "Cleanup", Time since last: 3004852555 ns, Reaching safepoint: 53414 ns, Cleanup: 17070 ns, At safepoint: 7990 ns, Total: 78474 ns
[2025-05-30T07:41:51.129+0000][69][info ][safepoint   ] Safepoint "Cleanup", Time since last: 5001388103 ns, Reaching safepoint: 30380 ns, Cleanup: 14299 ns, At safepoint: 10516 ns, Total: 55195 ns
[2025-05-30T07:41:56.130+0000][69][info ][safepoint   ] Safepoint "Cleanup", Time since last: 5001330960 ns, Reaching safepoint: 33457 ns, Cleanup: 17549 ns, At safepoint: 17134 ns, Total: 68140 ns
[2025-05-30T07:42:15.131+0000][69][info ][safepoint   ] Safepoint "Cleanup", Time since last: 19003935824 ns, Reaching safepoint: 74716 ns, Cleanup: 21371 ns, At safepoint: 30033 ns, Total: 126120 ns
[2025-05-30T07:42:27.134+0000][69][info ][safepoint   ] Safepoint "Cleanup", Time since last: 12002647805 ns, Reaching safepoint: 51214 ns, Cleanup: 17400 ns, At safepoint: 10965 ns, Total: 79579 ns
[2025-05-30T07:42:30.135+0000][69][info ][safepoint   ] Safepoint "Cleanup", Time since last: 3001040522 ns, Reaching safepoint: 68834 ns, Cleanup: 16648 ns, At safepoint: 30639 ns, Total: 116121 ns
[2025-05-30T07:42:31.655+0000][69][info ][safepoint   ] Safepoint "Cleanup", Time since last: 1519681600 ns, Reaching safepoint: 21728 ns, Cleanup: 15865 ns, At safepoint: 9210 ns, Total: 46803 ns
[2025-05-30T07:42:40.654+0000][69][info ][safepoint   ] Safepoint "Cleanup", Time since last: 9002774406 ns, Reaching safepoint: 28277 ns, Cleanup: 18863 ns, At safepoint: 15039 ns, Total: 62179 ns
[2025-05-30T07:42:44.510+0000][69][info ][safepoint   ] Safepoint "Cleanup", Time since last: 3855097290 ns, Reaching safepoint: 34228 ns, Cleanup: 421850 ns, At safepoint: 55344 ns, Total: 511422 ns
[2025-05-30T07:42:46.158+0000][69][info ][safepoint   ] Safepoint "Cleanup", Time since last: 1647844283 ns, Reaching safepoint: 68803 ns, Cleanup: 41207 ns, At safepoint: 19714 ns, Total: 129724 ns
[2025-05-30T07:42:54.160+0000][69][info ][safepoint   ] Safepoint "Cleanup", Time since last: 8001881436 ns, Reaching safepoint: 31892 ns, Cleanup: 23522 ns, At safepoint: 16981 ns, Total: 72395 ns
[2025-05-30T07:42:56.161+0000][69][info ][safepoint   ] Safepoint "Cleanup", Time since last: 2000981701 ns, Reaching safepoint: 32847 ns, Cleanup: 15499 ns, At safepoint: 16975 ns, Total: 65321 ns
[2025-05-30T07:43:03.163+0000][69][info ][safepoint   ] Safepoint "Cleanup", Time since last: 7001938836 ns, Reaching safepoint: 68268 ns, Cleanup: 15460 ns, At safepoint: 11518 ns, Total: 95246 ns
[2025-05-30T07:43:05.167+0000][69][info ][safepoint   ] Safepoint "Cleanup", Time since last: 2003483551 ns, Reaching safepoint: 25660 ns, Cleanup: 12877 ns, At safepoint: 10448 ns, Total: 48985 ns
[2025-05-30T07:43:06.167+0000][69][info ][safepoint   ] Safepoint "Cleanup", Time since last: 1000617643 ns, Reaching safepoint: 32448 ns, Cleanup: 17510 ns, At safepoint: 17215 ns, Total: 67173 ns
[2025-05-30T07:43:11.165+0000][69][info ][safepoint   ] Safepoint "Cleanup", Time since last: 5001376120 ns, Reaching safepoint: 46258 ns, Cleanup: 14916 ns, At safepoint: 9105 ns, Total: 70279 ns
[2025-05-30T07:43:24.168+0000][69][info ][safepoint   ] Safepoint "Cleanup", Time since last: 13002470764 ns, Reaching safepoint: 51638 ns, Cleanup: 13789 ns, At safepoint: 8751 ns, Total: 74178 ns
[2025-05-30T07:43:34.690+0000][69][info ][safepoint   ] Safepoint "Cleanup", Time since last: 10521648553 ns, Reaching safepoint: 56452 ns, Cleanup: 12730 ns, At safepoint: 10029 ns, Total: 79211 ns
[2025-05-30T07:43:40.688+0000][69][info ][safepoint   ] Safepoint "Cleanup", Time since last: 6001403229 ns, Reaching safepoint: 247477 ns, Cleanup: 11809 ns, At safepoint: 30797 ns, Total: 290083 ns
[2025-05-30T07:43:41.689+0000][69][info ][safepoint   ] Safepoint "Cleanup", Time since last: 1000852260 ns, Reaching safepoint: 29130 ns, Cleanup: 17892 ns, At safepoint: 17137 ns, Total: 64159 ns
[2025-05-30T07:43:47.527+0000][69][info ][safepoint   ] Safepoint "Cleanup", Time since last: 5837346025 ns, Reaching safepoint: 5349 ns, Cleanup: 10424 ns, At safepoint: 13787 ns, Total: 29560 ns
[2025-05-30T07:43:49.211+0000][69][info ][safepoint   ] Safepoint "Cleanup", Time since last: 1684084929 ns, Reaching safepoint: 19645 ns, Cleanup: 14788 ns, At safepoint: 8538 ns, Total: 42971 ns
[2025-05-30T07:44:01.214+0000][69][info ][safepoint   ] Safepoint "Cleanup", Time since last: 12002982663 ns, Reaching safepoint: 33875 ns, Cleanup: 16997 ns, At safepoint: 16991 ns, Total: 67863 ns
[2025-05-30T07:44:09.213+0000][69][info ][safepoint   ] Safepoint "Cleanup", Time since last: 8002174418 ns, Reaching safepoint: 44953 ns, Cleanup: 13345 ns, At safepoint: 7146 ns, Total: 65444 ns
[2025-05-30T07:44:21.216+0000][69][info ][safepoint   ] Safepoint "Cleanup", Time since last: 12002835879 ns, Reaching safepoint: 66230 ns, Cleanup: 20966 ns, At safepoint: 14842 ns, Total: 102038 ns
[2025-05-30T07:44:30.725+0000][69][info ][safepoint   ] Safepoint "Cleanup", Time since last: 9508669021 ns, Reaching safepoint: 13455 ns, Cleanup: 16398 ns, At safepoint: 11682 ns, Total: 41535 ns
[2025-05-30T07:44:31.726+0000][69][info ][safepoint   ] Safepoint "Cleanup", Time since last: 1001073153 ns, Reaching safepoint: 20313 ns, Cleanup: 11480 ns, At safepoint: 8255 ns, Total: 40048 ns
[2025-05-30T07:44:38.725+0000][69][info ][safepoint   ] Safepoint "Cleanup", Time since last: 7001537466 ns, Reaching safepoint: 93373 ns, Cleanup: 17306 ns, At safepoint: 12061 ns, Total: 122740 ns
[2025-05-30T07:44:40.728+0000][69][info ][safepoint   ] Safepoint "Cleanup", Time since last: 2003466056 ns, Reaching safepoint: 32515 ns, Cleanup: 15425 ns, At safepoint: 15476 ns, Total: 63416 ns
[2025-05-30T07:44:41.729+0000][69][info ][safepoint   ] Safepoint "Cleanup", Time since last: 1000785506 ns, Reaching safepoint: 32673 ns, Cleanup: 27411 ns, At safepoint: 15700 ns, Total: 75784 ns
[2025-05-30T07:44:43.730+0000][69][info ][safepoint   ] Safepoint "Cleanup", Time since last: 2000932146 ns, Reaching safepoint: 30372 ns, Cleanup: 23478 ns, At safepoint: 14997 ns, Total: 68847 ns
[2025-05-30T07:44:44.731+0000][69][info ][safepoint   ] Safepoint "Cleanup", Time since last: 1000829140 ns, Reaching safepoint: 31593 ns, Cleanup: 17081 ns, At safepoint: 15932 ns, Total: 64606 ns
[2025-05-30T07:44:45.732+0000][69][info ][safepoint   ] Safepoint "Cleanup", Time since last: 1000842812 ns, Reaching safepoint: 20464 ns, Cleanup: 13287 ns, At safepoint: 9548 ns, Total: 43299 ns
[2025-05-30T07:44:47.733+0000][69][info ][safepoint   ] Safepoint "Cleanup", Time since last: 2000859836 ns, Reaching safepoint: 18220 ns, Cleanup: 12848 ns, At safepoint: 8224 ns, Total: 39292 ns
[2025-05-30T07:44:50.506+0000][69][info ][safepoint   ] Safepoint "Cleanup", Time since last: 2773129495 ns, Reaching safepoint: 9033 ns, Cleanup: 8722 ns, At safepoint: 15904 ns, Total: 33659 ns
[2025-05-30T07:44:52.256+0000][69][info ][safepoint   ] Safepoint "Cleanup", Time since last: 1750265715 ns, Reaching safepoint: 32276 ns, Cleanup: 123450 ns, At safepoint: 20328 ns, Total: 176054 ns
[2025-05-30T07:45:05.259+0000][69][info ][safepoint   ] Safepoint "Cleanup", Time since last: 13002568665 ns, Reaching safepoint: 68957 ns, Cleanup: 15290 ns, At safepoint: 15825 ns, Total: 100072 ns
[2025-05-30T07:45:09.257+0000][69][info ][safepoint   ] Safepoint "Cleanup", Time since last: 4001204025 ns, Reaching safepoint: 31438 ns, Cleanup: 15997 ns, At safepoint: 15388 ns, Total: 62823 ns
[2025-05-30T07:45:11.258+0000][69][info ][safepoint   ] Safepoint "Cleanup", Time since last: 2000970632 ns, Reaching safepoint: 29905 ns, Cleanup: 17625 ns, At safepoint: 14917 ns, Total: 62447 ns
[2025-05-30T07:45:14.259+0000][69][info ][safepoint   ] Safepoint "Cleanup", Time since last: 3001140884 ns, Reaching safepoint: 34171 ns, Cleanup: 22175 ns, At safepoint: 17273 ns, Total: 73619 ns
[2025-05-30T07:45:15.260+0000][69][info ][safepoint   ] Safepoint "Cleanup", Time since last: 1001130741 ns, Reaching safepoint: 18562 ns, Cleanup: 29761 ns, At safepoint: 8306 ns, Total: 56629 ns
[2025-05-30T07:45:16.262+0000][69][info ][safepoint   ] Safepoint "Cleanup", Time since last: 1001413174 ns, Reaching safepoint: 23383 ns, Cleanup: 15367 ns, At safepoint: 9155 ns, Total: 47905 ns
[2025-05-30T07:45:18.263+0000][69][info ][safepoint   ] Safepoint "Cleanup", Time since last: 2001131709 ns, Reaching safepoint: 29218 ns, Cleanup: 16584 ns, At safepoint: 14803 ns, Total: 60605 ns
[2025-05-30T07:45:21.264+0000][69][info ][safepoint   ] Safepoint "Cleanup", Time since last: 3001215224 ns, Reaching safepoint: 57956 ns, Cleanup: 16706 ns, At safepoint: 13176 ns, Total: 87838 ns
[2025-05-30T07:45:35.759+0000][69][info ][safepoint   ] Safepoint "Cleanup", Time since last: 14494840276 ns, Reaching safepoint: 46585 ns, Cleanup: 13680 ns, At safepoint: 8834 ns, Total: 69099 ns
[2025-05-30T07:45:40.757+0000][69][info ][safepoint   ] Safepoint "Cleanup", Time since last: 5001361316 ns, Reaching safepoint: 29744 ns, Cleanup: 22913 ns, At safepoint: 11876 ns, Total: 64533 ns
[2025-05-30T07:45:43.762+0000][69][info ][safepoint   ] Safepoint "Cleanup", Time since last: 3004547096 ns, Reaching safepoint: 40468 ns, Cleanup: 15364 ns, At safepoint: 10196 ns, Total: 66028 ns
[2025-05-30T07:45:50.482+0000][69][info ][safepoint   ] Safepoint "Cleanup", Time since last: 6720180358 ns, Reaching safepoint: 116342 ns, Cleanup: 12516 ns, At safepoint: 54064 ns, Total: 182922 ns
[2025-05-30T07:45:52.295+0000][69][info ][safepoint   ] Safepoint "Cleanup", Time since last: 1812144891 ns, Reaching safepoint: 32038 ns, Cleanup: 186273 ns, At safepoint: 27905 ns, Total: 246216 ns
[2025-05-30T07:45:53.511+0000][69][info ][safepoint   ] Safepoint "Cleanup", Time since last: 1215842283 ns, Reaching safepoint: 7931 ns, Cleanup: 10644 ns, At safepoint: 15531 ns, Total: 34106 ns
[2025-05-30T07:45:55.328+0000][69][info ][safepoint   ] Safepoint "Cleanup", Time since last: 1817096225 ns, Reaching safepoint: 34033 ns, Cleanup: 41375 ns, At safepoint: 30144 ns, Total: 105552 ns
[2025-05-30T07:45:57.329+0000][69][info ][safepoint   ] Safepoint "Cleanup", Time since last: 2000966354 ns, Reaching safepoint: 34606 ns, Cleanup: 16247 ns, At safepoint: 17479 ns, Total: 68332 ns
[2025-05-30T07:45:59.330+0000][69][info ][safepoint   ] Safepoint "Cleanup", Time since last: 2000786305 ns, Reaching safepoint: 31235 ns, Cleanup: 15278 ns, At safepoint: 16040 ns, Total: 62553 ns
[2025-05-30T07:46:00.331+0000][69][info ][safepoint   ] Safepoint "Cleanup", Time since last: 1000736163 ns, Reaching safepoint: 30723 ns, Cleanup: 16660 ns, At safepoint: 14992 ns, Total: 62375 ns
[2025-05-30T07:46:01.331+0000][69][info ][safepoint   ] Safepoint "Cleanup", Time since last: 1000814749 ns, Reaching safepoint: 30939 ns, Cleanup: 17371 ns, At safepoint: 16164 ns, Total: 64474 ns
[2025-05-30T07:46:15.331+0000][69][info ][safepoint   ] Safepoint "Cleanup", Time since last: 14002872538 ns, Reaching safepoint: 33933 ns, Cleanup: 15163 ns, At safepoint: 15527 ns, Total: 64623 ns
[2025-05-30T07:46:20.727+0000][69][info ][safepoint   ] Safepoint "Cleanup", Time since last: 5395094479 ns, Reaching safepoint: 14413 ns, Cleanup: 29531 ns, At safepoint: 84703 ns, Total: 128647 ns
[2025-05-30T07:46:22.443+0000][69][info ][safepoint   ] Safepoint "Cleanup", Time since last: 1716104749 ns, Reaching safepoint: 30510 ns, Cleanup: 13291 ns, At safepoint: 7978 ns, Total: 51779 ns
[2025-05-30T07:46:24.444+0000][69][info ][safepoint   ] Safepoint "Cleanup", Time since last: 2000770262 ns, Reaching safepoint: 90121 ns, Cleanup: 17024 ns, At safepoint: 16728 ns, Total: 123873 ns
[2025-05-30T07:46:26.445+0000][69][info ][safepoint   ] Safepoint "Cleanup", Time since last: 2000873948 ns, Reaching safepoint: 31250 ns, Cleanup: 222018 ns, At safepoint: 35714 ns, Total: 288982 ns
[2025-05-30T07:46:38.787+0000][69][info ][safepoint   ] Safepoint "Cleanup", Time since last: 12345284967 ns, Reaching safepoint: 45512 ns, Cleanup: 16121 ns, At safepoint: 8087 ns, Total: 69720 ns
[2025-05-30T07:46:41.789+0000][69][info ][safepoint   ] Safepoint "Cleanup", Time since last: 3001354791 ns, Reaching safepoint: 34254 ns, Cleanup: 26067 ns, At safepoint: 20517 ns, Total: 80838 ns
[2025-05-30T07:46:45.790+0000][69][info ][safepoint   ] Safepoint "Cleanup", Time since last: 4001418881 ns, Reaching safepoint: 19965 ns, Cleanup: 13387 ns, At safepoint: 9297 ns, Total: 42649 ns
[2025-05-30T07:46:50.792+0000][69][info ][safepoint   ] Safepoint "Cleanup", Time since last: 5001467402 ns, Reaching safepoint: 21354 ns, Cleanup: 12208 ns, At safepoint: 8060 ns, Total: 41622 ns
[2025-05-30T07:46:53.793+0000][69][info ][safepoint   ] Safepoint "Cleanup", Time since last: 3001037975 ns, Reaching safepoint: 67432 ns, Cleanup: 15346 ns, At safepoint: 29298 ns, Total: 112076 ns
[2025-05-30T07:46:55.794+0000][69][info ][safepoint   ] Safepoint "Cleanup", Time since last: 2000750506 ns, Reaching safepoint: 30669 ns, Cleanup: 20022 ns, At safepoint: 15352 ns, Total: 66043 ns
[2025-05-30T07:46:57.364+0000][69][info ][safepoint   ] Safepoint "Cleanup", Time since last: 1570430386 ns, Reaching safepoint: 14913 ns, Cleanup: 34074 ns, At safepoint: 123235 ns, Total: 172222 ns
[2025-05-30T07:47:01.401+0000][69][info ][safepoint   ] Safepoint "Cleanup", Time since last: 4036662790 ns, Reaching safepoint: 38290 ns, Cleanup: 25254 ns, At safepoint: 15998 ns, Total: 79542 ns
[2025-05-30T07:47:11.402+0000][69][info ][safepoint   ] Safepoint "Cleanup", Time since last: 10004505268 ns, Reaching safepoint: 64741 ns, Cleanup: 18822 ns, At safepoint: 8952 ns, Total: 92515 ns
[2025-05-30T07:47:17.404+0000][69][info ][safepoint   ] Safepoint "Cleanup", Time since last: 6002013347 ns, Reaching safepoint: 30777 ns, Cleanup: 18733 ns, At safepoint: 16389 ns, Total: 65899 ns
[2025-05-30T07:47:40.825+0000][69][info ][safepoint   ] Safepoint "Cleanup", Time since last: 23422250377 ns, Reaching safepoint: 68697 ns, Cleanup: 23281 ns, At safepoint: 18261 ns, Total: 110239 ns
[2025-05-30T07:47:45.826+0000][69][info ][safepoint   ] Safepoint "Cleanup", Time since last: 5001362738 ns, Reaching safepoint: 18387 ns, Cleanup: 13263 ns, At safepoint: 8322 ns, Total: 39972 ns
[2025-05-30T07:47:47.827+0000][69][info ][safepoint   ] Safepoint "Cleanup", Time since last: 2001026909 ns, Reaching safepoint: 29483 ns, Cleanup: 18541 ns, At safepoint: 14934 ns, Total: 62958 ns
[2025-05-30T07:47:53.829+0000][69][info ][safepoint   ] Safepoint "Cleanup", Time since last: 6001520983 ns, Reaching safepoint: 42871 ns, Cleanup: 12563 ns, At safepoint: 7614 ns, Total: 63048 ns
[2025-05-30T07:47:56.830+0000][69][info ][safepoint   ] Safepoint "Cleanup", Time since last: 3000871657 ns, Reaching safepoint: 35478 ns, Cleanup: 19440 ns, At safepoint: 16583 ns, Total: 71501 ns
[2025-05-30T07:47:59.505+0000][69][info ][safepoint   ] Safepoint "Cleanup", Time since last: 2675494127 ns, Reaching safepoint: 17069 ns, Cleanup: 31165 ns, At safepoint: 98515 ns, Total: 146749 ns
[2025-05-30T07:48:01.451+0000][69][info ][safepoint   ] Safepoint "Cleanup", Time since last: 1946206564 ns, Reaching safepoint: 29369 ns, Cleanup: 25230 ns, At safepoint: 15089 ns, Total: 69688 ns
[2025-05-30T07:48:08.450+0000][69][info ][safepoint   ] Safepoint "Cleanup", Time since last: 7001827427 ns, Reaching safepoint: 68154 ns, Cleanup: 14754 ns, At safepoint: 109064 ns, Total: 191972 ns
[2025-05-30T07:48:11.452+0000][69][info ][safepoint   ] Safepoint "Cleanup", Time since last: 3000999166 ns, Reaching safepoint: 161701 ns, Cleanup: 11833 ns, At safepoint: 54297 ns, Total: 227831 ns
[2025-05-30T07:48:17.453+0000][69][info ][safepoint   ] Safepoint "Cleanup", Time since last: 6001575365 ns, Reaching safepoint: 117559 ns, Cleanup: 14190 ns, At safepoint: 54418 ns, Total: 186167 ns
[2025-05-30T07:48:26.456+0000][69][info ][safepoint   ] Safepoint "Cleanup", Time since last: 9002107098 ns, Reaching safepoint: 127359 ns, Cleanup: 11270 ns, At safepoint: 26576 ns, Total: 165205 ns
[2025-05-30T07:48:27.456+0000][69][info ][safepoint   ] Safepoint "Cleanup", Time since last: 1000555354 ns, Reaching safepoint: 18095 ns, Cleanup: 12315 ns, At safepoint: 7648 ns, Total: 38058 ns
[2025-05-30T07:48:40.859+0000][69][info ][safepoint   ] Safepoint "Cleanup", Time since last: 13406029235 ns, Reaching safepoint: 75905 ns, Cleanup: 17120 ns, At safepoint: 17007 ns, Total: 110032 ns
[2025-05-30T07:48:41.860+0000][69][info ][safepoint   ] Safepoint "Cleanup", Time since last: 1000681963 ns, Reaching safepoint: 28632 ns, Cleanup: 21995 ns, At safepoint: 15064 ns, Total: 65691 ns
[2025-05-30T07:48:55.863+0000][69][info ][safepoint   ] Safepoint "Cleanup", Time since last: 14002992953 ns, Reaching safepoint: 43067 ns, Cleanup: 12776 ns, At safepoint: 9212 ns, Total: 65055 ns
[2025-05-30T07:49:02.498+0000][69][info ][safepoint   ] Safepoint "Cleanup", Time since last: 6632467597 ns, Reaching safepoint: 2223984 ns, Cleanup: 22865 ns, At safepoint: 250876 ns, Total: 2497725 ns
[2025-05-30T07:49:04.497+0000][69][info ][safepoint   ] Safepoint "Cleanup", Time since last: 1998955969 ns, Reaching safepoint: 30295 ns, Cleanup: 32668 ns, At safepoint: 17275 ns, Total: 80238 ns
[2025-05-30T07:49:11.495+0000][69][info ][safepoint   ] Safepoint "Cleanup", Time since last: 7001550833 ns, Reaching safepoint: 54102 ns, Cleanup: 13818 ns, At safepoint: 9556 ns, Total: 77476 ns
[2025-05-30T07:49:30.678+0000][69][info ][gc,start    ] GC(15) Pause Young (Normal) (G1 Evacuation Pause)
[2025-05-30T07:49:30.679+0000][69][info ][gc,task     ] GC(15) Using 10 workers of 10 for evacuation
[2025-05-30T07:49:30.680+0000][69][debug][gc,age      ] GC(15) Desired survivor size 41943040 bytes, new threshold 3 (max threshold 15)
[2025-05-30T07:49:30.939+0000][69][info ][gc,mmu      ] GC(15) MMU target violated: 201.0ms (200.0ms/201.0ms)
[2025-05-30T07:49:30.940+0000][69][info ][gc,phases   ] GC(15)   Pre Evacuate Collection Set: 5.12ms
[2025-05-30T07:49:30.940+0000][69][info ][gc,phases   ] GC(15)   Merge Heap Roots: 1.51ms
[2025-05-30T07:49:30.940+0000][69][info ][gc,phases   ] GC(15)   Evacuate Collection Set: 242.94ms
[2025-05-30T07:49:30.941+0000][69][info ][gc,phases   ] GC(15)   Post Evacuate Collection Set: 7.40ms
[2025-05-30T07:49:30.941+0000][69][info ][gc,phases   ] GC(15)   Other: 3.46ms
[2025-05-30T07:49:30.942+0000][69][trace][gc,age      ] GC(15) Age table with threshold 3 (max threshold 15)
[2025-05-30T07:49:30.942+0000][69][trace][gc,age      ] GC(15) - age   1:     867280 bytes,     867280 total
[2025-05-30T07:49:30.943+0000][69][trace][gc,age      ] GC(15) - age   2:    2159336 bytes,    3026616 total
[2025-05-30T07:49:30.943+0000][69][trace][gc,age      ] GC(15) - age   3:     928216 bytes,    3954832 total
[2025-05-30T07:49:30.943+0000][69][info ][gc,heap     ] GC(15) Eden regions: 142->0(380)
[2025-05-30T07:49:30.944+0000][69][info ][gc,heap     ] GC(15) Survivor regions: 13->2(20)
[2025-05-30T07:49:30.944+0000][69][info ][gc,heap     ] GC(15) Old regions: 16->27
[2025-05-30T07:49:30.945+0000][69][info ][gc,heap     ] GC(15) Humongous regions: 0->0
[2025-05-30T07:49:30.945+0000][69][info ][gc,metaspace] GC(15) Metaspace: 146138K(150272K)->146138K(150272K) NonClass: 126060K(128320K)->126060K(128320K) Class: 20078K(21952K)->20078K(21952K)
[2025-05-30T07:49:30.946+0000][69][info ][gc          ] GC(15) Pause Young (Normal) (G1 Evacuation Pause) 679M->113M(3880M) 268.293ms
[2025-05-30T07:49:30.947+0000][69][info ][gc,cpu      ] GC(15) User=1.13s Sys=0.37s Real=0.26s
[2025-05-30T07:49:30.947+0000][69][info ][safepoint   ] Safepoint "G1CollectForAllocation", Time since last: 19182273255 ns, Reaching safepoint: 67440 ns, Cleanup: 7420 ns, At safepoint: 269865760 ns, Total: 269940620 ns
[2025-05-30T07:49:31.950+0000][69][info ][safepoint   ] Safepoint "Cleanup", Time since last: 1002299403 ns, Reaching safepoint: 32820 ns, Cleanup: 16980 ns, At safepoint: 16551 ns, Total: 66351 ns
[2025-05-30T07:49:35.951+0000][69][info ][safepoint   ] Safepoint "Cleanup", Time since last: 4001096429 ns, Reaching safepoint: 22622 ns, Cleanup: 13851 ns, At safepoint: 9140 ns, Total: 45613 ns
[2025-05-30T07:49:40.950+0000][69][info ][safepoint   ] Safepoint "Cleanup", Time since last: 5001418826 ns, Reaching safepoint: 139196 ns, Cleanup: 16730 ns, At safepoint: 16249 ns, Total: 172175 ns
[2025-05-30T07:49:43.951+0000][69][info ][safepoint   ] Safepoint "Cleanup", Time since last: 3001357190 ns, Reaching safepoint: 29422 ns, Cleanup: 15659 ns, At safepoint: 15544 ns, Total: 60625 ns
[2025-05-30T07:49:47.952+0000][69][info ][safepoint   ] Safepoint "Cleanup", Time since last: 4001306843 ns, Reaching safepoint: 21625 ns, Cleanup: 14676 ns, At safepoint: 8773 ns, Total: 45074 ns
[2025-05-30T07:49:59.955+0000][69][info ][safepoint   ] Safepoint "Cleanup", Time since last: 12002576788 ns, Reaching safepoint: 45119 ns, Cleanup: 12899 ns, At safepoint: 37325 ns, Total: 95343 ns
[2025-05-30T07:50:05.508+0000][69][info ][safepoint   ] Safepoint "Cleanup", Time since last: 5552081492 ns, Reaching safepoint: 706869 ns, Cleanup: 15703 ns, At safepoint: 149875 ns, Total: 872447 ns
[2025-05-30T07:50:06.544+0000][69][info ][safepoint   ] Safepoint "Cleanup", Time since last: 1036024981 ns, Reaching safepoint: 34713 ns, Cleanup: 15212 ns, At safepoint: 73191 ns, Total: 123116 ns
[2025-05-30T07:50:11.543+0000][69][info ][safepoint   ] Safepoint "Cleanup", Time since last: 5001812138 ns, Reaching safepoint: 65952 ns, Cleanup: 16534 ns, At safepoint: 30325 ns, Total: 112811 ns
[2025-05-30T07:50:14.544+0000][69][info ][safepoint   ] Safepoint "Cleanup", Time since last: 3000870758 ns, Reaching safepoint: 17581 ns, Cleanup: 21467 ns, At safepoint: 9254 ns, Total: 48302 ns
[2025-05-30T07:50:41.495+0000][69][info ][safepoint   ] Safepoint "Cleanup", Time since last: 26955130939 ns, Reaching safepoint: 9097 ns, Cleanup: 7865 ns, At safepoint: 14270 ns, Total: 31232 ns
[2025-05-30T07:50:42.507+0000][69][info ][safepoint   ] Safepoint "Cleanup", Time since last: 1011270567 ns, Reaching safepoint: 50691 ns, Cleanup: 19743 ns, At safepoint: 8148 ns, Total: 78582 ns
[2025-05-30T07:50:45.564+0000][69][info ][safepoint   ] Safepoint "Cleanup", Time since last: 3057268160 ns, Reaching safepoint: 29766 ns, Cleanup: 14839 ns, At safepoint: 15105 ns, Total: 59710 ns
[2025-05-30T07:50:46.565+0000][69][info ][safepoint   ] Safepoint "Cleanup", Time since last: 1000935226 ns, Reaching safepoint: 29898 ns, Cleanup: 16308 ns, At safepoint: 15018 ns, Total: 61224 ns
[2025-05-30T07:50:53.499+0000][69][info ][safepoint   ] Safepoint "Cleanup", Time since last: 6933647112 ns, Reaching safepoint: 104615 ns, Cleanup: 20541 ns, At safepoint: 39999 ns, Total: 165155 ns
[2025-05-30T07:50:54.525+0000][69][info ][safepoint   ] Safepoint "Cleanup", Time since last: 1025557941 ns, Reaching safepoint: 19360 ns, Cleanup: 16841 ns, At safepoint: 7301 ns, Total: 43502 ns
[2025-05-30T07:50:55.615+0000][69][info ][safepoint   ] Safepoint "Cleanup", Time since last: 1090798633 ns, Reaching safepoint: 25181 ns, Cleanup: 19517 ns, At safepoint: 11693 ns, Total: 56391 ns
[2025-05-30T07:50:56.668+0000][69][info ][safepoint   ] Safepoint "Cleanup", Time since last: 1052787904 ns, Reaching safepoint: 30618 ns, Cleanup: 21727 ns, At safepoint: 14926 ns, Total: 67271 ns
[2025-05-30T07:51:02.670+0000][69][info ][safepoint   ] Safepoint "Cleanup", Time since last: 6001279751 ns, Reaching safepoint: 68947 ns, Cleanup: 18259 ns, At safepoint: 14351 ns, Total: 101557 ns
[2025-05-30T07:51:08.494+0000][69][info ][safepoint   ] Safepoint "Cleanup", Time since last: 5826414390 ns, Reaching safepoint: 12512 ns, Cleanup: 16827 ns, At safepoint: 120680 ns, Total: 150019 ns
[2025-05-30T07:51:09.698+0000][69][info ][safepoint   ] Safepoint "Cleanup", Time since last: 1203570162 ns, Reaching safepoint: 19112 ns, Cleanup: 16422 ns, At safepoint: 8693 ns, Total: 44227 ns
[2025-05-30T07:51:10.711+0000][69][info ][safepoint   ] Safepoint "Cleanup", Time since last: 1013347483 ns, Reaching safepoint: 22168 ns, Cleanup: 14186 ns, At safepoint: 8711 ns, Total: 45065 ns
[2025-05-30T07:51:11.712+0000][69][info ][safepoint   ] Safepoint "Cleanup", Time since last: 1000528946 ns, Reaching safepoint: 23766 ns, Cleanup: 20303 ns, At safepoint: 9123 ns, Total: 53192 ns
[2025-05-30T07:51:16.714+0000][69][info ][safepoint   ] Safepoint "Cleanup", Time since last: 5001935921 ns, Reaching safepoint: 29666 ns, Cleanup: 15367 ns, At safepoint: 15138 ns, Total: 60171 ns
[2025-05-30T07:51:20.716+0000][69][info ][safepoint   ] Safepoint "Cleanup", Time since last: 4001795617 ns, Reaching safepoint: 14773 ns, Cleanup: 17993 ns, At safepoint: 81079 ns, Total: 113845 ns
[2025-05-30T07:51:23.659+0000][69][info ][safepoint   ] Safepoint "Cleanup", Time since last: 2943146071 ns, Reaching safepoint: 17309 ns, Cleanup: 14134 ns, At safepoint: 7405 ns, Total: 38848 ns
[2025-05-30T07:51:31.019+0000][69][info ][safepoint   ] Safepoint "Cleanup", Time since last: 7359942768 ns, Reaching safepoint: 27990 ns, Cleanup: 13546 ns, At safepoint: 13319 ns, Total: 54855 ns
[2025-05-30T07:51:41.018+0000][69][info ][safepoint   ] Safepoint "Cleanup", Time since last: 10002136951 ns, Reaching safepoint: 20272 ns, Cleanup: 16894 ns, At safepoint: 9126 ns, Total: 46292 ns
[2025-05-30T07:51:42.018+0000][69][info ][safepoint   ] Safepoint "Cleanup", Time since last: 1000690098 ns, Reaching safepoint: 20322 ns, Cleanup: 13404 ns, At safepoint: 8591 ns, Total: 42317 ns
[2025-05-30T07:51:44.020+0000][69][info ][safepoint   ] Safepoint "Cleanup", Time since last: 2001060190 ns, Reaching safepoint: 71818 ns, Cleanup: 16016 ns, At safepoint: 17409 ns, Total: 105243 ns
[2025-05-30T07:51:49.021+0000][69][info ][safepoint   ] Safepoint "Cleanup", Time since last: 5001326973 ns, Reaching safepoint: 19945 ns, Cleanup: 13720 ns, At safepoint: 7155 ns, Total: 40820 ns
[2025-05-30T07:51:56.023+0000][69][info ][safepoint   ] Safepoint "Cleanup", Time since last: 7001772081 ns, Reaching safepoint: 84238 ns, Cleanup: 15713 ns, At safepoint: 9727 ns, Total: 109678 ns
[2025-05-30T07:52:11.504+0000][69][info ][safepoint   ] Safepoint "Cleanup", Time since last: 15483330319 ns, Reaching safepoint: 24817 ns, Cleanup: 32951 ns, At safepoint: 20840 ns, Total: 78608 ns
[2025-05-30T07:52:12.790+0000][69][info ][safepoint   ] Safepoint "Cleanup", Time since last: 1286063030 ns, Reaching safepoint: 28958 ns, Cleanup: 52587 ns, At safepoint: 15752 ns, Total: 97297 ns
[2025-05-30T07:52:14.791+0000][69][info ][safepoint   ] Safepoint "Cleanup", Time since last: 2000856702 ns, Reaching safepoint: 95364 ns, Cleanup: 11891 ns, At safepoint: 8721 ns, Total: 115976 ns
[2025-05-30T07:52:17.792+0000][69][info ][safepoint   ] Safepoint "Cleanup", Time since last: 3000965113 ns, Reaching safepoint: 31377 ns, Cleanup: 18904 ns, At safepoint: 16699 ns, Total: 66980 ns
[2025-05-30T07:52:19.793+0000][69][info ][safepoint   ] Safepoint "Cleanup", Time since last: 2001072753 ns, Reaching safepoint: 31216 ns, Cleanup: 16071 ns, At safepoint: 16535 ns, Total: 63822 ns
[2025-05-30T07:52:25.794+0000][69][info ][safepoint   ] Safepoint "Cleanup", Time since last: 6001424557 ns, Reaching safepoint: 19306 ns, Cleanup: 12009 ns, At safepoint: 7895 ns, Total: 39210 ns
[2025-05-30T07:52:36.058+0000][69][info ][safepoint   ] Safepoint "Cleanup", Time since last: 10264018375 ns, Reaching safepoint: 19903 ns, Cleanup: 13970 ns, At safepoint: 8166 ns, Total: 42039 ns
[2025-05-30T07:52:41.056+0000][69][info ][safepoint   ] Safepoint "Cleanup", Time since last: 5001187826 ns, Reaching safepoint: 30815 ns, Cleanup: 16539 ns, At safepoint: 15480 ns, Total: 62834 ns
[2025-05-30T07:52:48.059+0000][69][info ][safepoint   ] Safepoint "Cleanup", Time since last: 7002014920 ns, Reaching safepoint: 150995 ns, Cleanup: 22055 ns, At safepoint: 18470 ns, Total: 191520 ns
[2025-05-30T07:53:14.063+0000][69][info ][safepoint   ] Safepoint "Cleanup", Time since last: 26006875009 ns, Reaching safepoint: 49315 ns, Cleanup: 12461 ns, At safepoint: 8155 ns, Total: 69931 ns
[2025-05-30T07:53:15.831+0000][69][info ][safepoint   ] Safepoint "Cleanup", Time since last: 1768166671 ns, Reaching safepoint: 61868 ns, Cleanup: 32085 ns, At safepoint: 29115 ns, Total: 123068 ns
[2025-05-30T07:53:16.832+0000][69][info ][safepoint   ] Safepoint "Cleanup", Time since last: 1000985826 ns, Reaching safepoint: 29581 ns, Cleanup: 15232 ns, At safepoint: 77633 ns, Total: 122446 ns
[2025-05-30T07:53:25.834+0000][69][info ][safepoint   ] Safepoint "Cleanup", Time since last: 9002029930 ns, Reaching safepoint: 31401 ns, Cleanup: 15857 ns, At safepoint: 15181 ns, Total: 62439 ns
[2025-05-30T07:53:41.094+0000][69][info ][safepoint   ] Safepoint "Cleanup", Time since last: 15263000022 ns, Reaching safepoint: 22193 ns, Cleanup: 12600 ns, At safepoint: 8515 ns, Total: 43308 ns
[2025-05-30T07:53:42.095+0000][69][info ][safepoint   ] Safepoint "Cleanup", Time since last: 1001021159 ns, Reaching safepoint: 32891 ns, Cleanup: 17905 ns, At safepoint: 18191 ns, Total: 68987 ns
[2025-05-30T07:53:51.098+0000][69][info ][safepoint   ] Safepoint "Cleanup", Time since last: 9002202540 ns, Reaching safepoint: 49120 ns, Cleanup: 16041 ns, At safepoint: 8740 ns, Total: 73901 ns
[2025-05-30T07:54:09.099+0000][69][info ][safepoint   ] Safepoint "Cleanup", Time since last: 18004012247 ns, Reaching safepoint: 70727 ns, Cleanup: 15010 ns, At safepoint: 15826 ns, Total: 101563 ns
[2025-05-30T07:54:17.492+0000][69][info ][safepoint   ] Safepoint "Cleanup", Time since last: 8392470380 ns, Reaching safepoint: 90258 ns, Cleanup: 9880 ns, At safepoint: 43032 ns, Total: 143170 ns
[2025-05-30T07:54:18.874+0000][69][info ][safepoint   ] Safepoint "Cleanup", Time since last: 1382348876 ns, Reaching safepoint: 29709 ns, Cleanup: 24016 ns, At safepoint: 14571 ns, Total: 68296 ns
[2025-05-30T07:55:12.135+0000][69][info ][safepoint   ] Safepoint "Cleanup", Time since last: 53267049378 ns, Reaching safepoint: 41920 ns, Cleanup: 19012 ns, At safepoint: 12740 ns, Total: 73672 ns
[2025-05-30T07:55:14.136+0000][69][info ][safepoint   ] Safepoint "Cleanup", Time since last: 2001108167 ns, Reaching safepoint: 35469 ns, Cleanup: 16753 ns, At safepoint: 17873 ns, Total: 70095 ns
[2025-05-30T07:55:20.503+0000][69][info ][safepoint   ] Safepoint "Cleanup", Time since last: 6367515839 ns, Reaching safepoint: 11715 ns, Cleanup: 8520 ns, At safepoint: 17672 ns, Total: 37907 ns
[2025-05-30T07:55:21.912+0000][69][info ][safepoint   ] Safepoint "Cleanup", Time since last: 1408765730 ns, Reaching safepoint: 35561 ns, Cleanup: 31274 ns, At safepoint: 17946 ns, Total: 84781 ns
[2025-05-30T07:55:44.169+0000][69][info ][safepoint   ] Safepoint "Cleanup", Time since last: 22259376967 ns, Reaching safepoint: 100218 ns, Cleanup: 21212 ns, At safepoint: 15526 ns, Total: 136956 ns
[2025-05-30T07:55:45.170+0000][69][info ][safepoint   ] Safepoint "Cleanup", Time since last: 1000797192 ns, Reaching safepoint: 28408 ns, Cleanup: 18832 ns, At safepoint: 14502 ns, Total: 61742 ns
[2025-05-30T07:55:56.173+0000][69][info ][safepoint   ] Safepoint "Cleanup", Time since last: 11002344060 ns, Reaching safepoint: 78181 ns, Cleanup: 132855 ns, At safepoint: 22360 ns, Total: 233396 ns
[2025-05-30T07:55:57.947+0000][69][info ][safepoint   ] Safepoint "Cleanup", Time since last: 1774279790 ns, Reaching safepoint: 30529 ns, Cleanup: 27493 ns, At safepoint: 15720 ns, Total: 73742 ns
[2025-05-30T07:56:00.981+0000][69][info ][safepoint   ] Safepoint "Cleanup", Time since last: 3034511513 ns, Reaching safepoint: 33593 ns, Cleanup: 18731 ns, At safepoint: 15422 ns, Total: 67746 ns
[2025-05-30T07:56:07.980+0000][69][info ][safepoint   ] Safepoint "Cleanup", Time since last: 7001530029 ns, Reaching safepoint: 309887 ns, Cleanup: 18065 ns, At safepoint: 22190 ns, Total: 350142 ns
[2025-05-30T07:56:10.982+0000][69][info ][safepoint   ] Safepoint "Cleanup", Time since last: 3001089721 ns, Reaching safepoint: 30914 ns, Cleanup: 15829 ns, At safepoint: 15238 ns, Total: 61981 ns
[2025-05-30T07:56:13.983+0000][69][info ][safepoint   ] Safepoint "Cleanup", Time since last: 3001273838 ns, Reaching safepoint: 30894 ns, Cleanup: 18829 ns, At safepoint: 15483 ns, Total: 65206 ns
[2025-05-30T07:56:20.695+0000][69][info ][safepoint   ] Safepoint "Cleanup", Time since last: 6712442738 ns, Reaching safepoint: 8137 ns, Cleanup: 10993 ns, At safepoint: 16250 ns, Total: 35380 ns
[2025-05-30T07:56:21.844+0000][69][info ][safepoint   ] Safepoint "Cleanup", Time since last: 1148639922 ns, Reaching safepoint: 30020 ns, Cleanup: 15152 ns, At safepoint: 14232 ns, Total: 59404 ns
[2025-05-30T07:56:24.000+0000][69][info ][safepoint   ] Safepoint "Cleanup", Time since last: 2155684984 ns, Reaching safepoint: 16274 ns, Cleanup: 15897 ns, At safepoint: 69538 ns, Total: 101709 ns
[2025-05-30T07:56:25.027+0000][69][info ][safepoint   ] Safepoint "Cleanup", Time since last: 1027211398 ns, Reaching safepoint: 6528 ns, Cleanup: 18730 ns, At safepoint: 14208 ns, Total: 39466 ns
[2025-05-30T07:56:26.031+0000][69][info ][safepoint   ] Safepoint "Cleanup", Time since last: 1003423280 ns, Reaching safepoint: 30682 ns, Cleanup: 16131 ns, At safepoint: 15266 ns, Total: 62079 ns
[2025-05-30T07:56:33.208+0000][69][info ][safepoint   ] Safepoint "Cleanup", Time since last: 7176883089 ns, Reaching safepoint: 62514 ns, Cleanup: 18115 ns, At safepoint: 19320 ns, Total: 99949 ns
[2025-05-30T07:56:34.208+0000][69][info ][safepoint   ] Safepoint "Cleanup", Time since last: 1000739295 ns, Reaching safepoint: 29640 ns, Cleanup: 14839 ns, At safepoint: 16287 ns, Total: 60766 ns
[2025-05-30T07:56:36.209+0000][69][info ][safepoint   ] Safepoint "Cleanup", Time since last: 2000950052 ns, Reaching safepoint: 29829 ns, Cleanup: 16587 ns, At safepoint: 15224 ns, Total: 61640 ns
[2025-05-30T07:56:41.208+0000][69][info ][safepoint   ] Safepoint "Cleanup", Time since last: 5001563720 ns, Reaching safepoint: 18871 ns, Cleanup: 13350 ns, At safepoint: 9114 ns, Total: 41335 ns
[2025-05-30T07:56:44.209+0000][69][info ][safepoint   ] Safepoint "Cleanup", Time since last: 3001307472 ns, Reaching safepoint: 30468 ns, Cleanup: 16514 ns, At safepoint: 15517 ns, Total: 62499 ns
[2025-05-30T07:56:45.210+0000][69][info ][safepoint   ] Safepoint "Cleanup", Time since last: 1000778177 ns, Reaching safepoint: 34946 ns, Cleanup: 16493 ns, At safepoint: 11543 ns, Total: 62982 ns
[2025-05-30T07:56:56.213+0000][69][info ][safepoint   ] Safepoint "Cleanup", Time since last: 11002693328 ns, Reaching safepoint: 83549 ns, Cleanup: 16919 ns, At safepoint: 16520 ns, Total: 116988 ns
[2025-05-30T07:57:03.215+0000][69][info ][safepoint   ] Safepoint "Cleanup", Time since last: 7001741798 ns, Reaching safepoint: 32366 ns, Cleanup: 24696 ns, At safepoint: 17223 ns, Total: 74285 ns
[2025-05-30T07:57:21.215+0000][69][info ][safepoint   ] Safepoint "Cleanup", Time since last: 18004097837 ns, Reaching safepoint: 52143 ns, Cleanup: 13135 ns, At safepoint: 9057 ns, Total: 74335 ns
[2025-05-30T07:57:26.484+0000][69][info ][safepoint   ] Safepoint "Cleanup", Time since last: 5268788068 ns, Reaching safepoint: 6863 ns, Cleanup: 6073 ns, At safepoint: 13514 ns, Total: 26450 ns
[2025-05-30T07:57:28.065+0000][69][info ][safepoint   ] Safepoint "Cleanup", Time since last: 1580160818 ns, Reaching safepoint: 24180 ns, Cleanup: 27589 ns, At safepoint: 26038 ns, Total: 77807 ns
[2025-05-30T07:57:33.245+0000][69][info ][safepoint   ] Safepoint "Cleanup", Time since last: 5180525383 ns, Reaching safepoint: 31787 ns, Cleanup: 16360 ns, At safepoint: 15701 ns, Total: 63848 ns
[2025-05-30T07:57:39.245+0000][69][info ][safepoint   ] Safepoint "Cleanup", Time since last: 6001850370 ns, Reaching safepoint: 30512 ns, Cleanup: 15671 ns, At safepoint: 14677 ns, Total: 60860 ns
[2025-05-30T07:57:41.246+0000][69][info ][safepoint   ] Safepoint "Cleanup", Time since last: 2001012428 ns, Reaching safepoint: 29075 ns, Cleanup: 20771 ns, At safepoint: 14585 ns, Total: 64431 ns
[2025-05-30T07:57:42.247+0000][69][info ][safepoint   ] Safepoint "Cleanup", Time since last: 1000869752 ns, Reaching safepoint: 31593 ns, Cleanup: 16188 ns, At safepoint: 16273 ns, Total: 64054 ns
[2025-05-30T07:58:02.252+0000][69][info ][safepoint   ] Safepoint "Cleanup", Time since last: 20004591550 ns, Reaching safepoint: 73338 ns, Cleanup: 20311 ns, At safepoint: 17014 ns, Total: 110663 ns
[2025-05-30T07:58:06.253+0000][69][info ][safepoint   ] Safepoint "Cleanup", Time since last: 4001063551 ns, Reaching safepoint: 19735 ns, Cleanup: 12029 ns, At safepoint: 9407 ns, Total: 41171 ns
[2025-05-30T07:58:11.256+0000][69][info ][safepoint   ] Safepoint "Cleanup", Time since last: 5006540626 ns, Reaching safepoint: 15332 ns, Cleanup: 11667 ns, At safepoint: 7235 ns, Total: 34234 ns
[2025-05-30T07:58:12.257+0000][69][info ][safepoint   ] Safepoint "Cleanup", Time since last: 1000858205 ns, Reaching safepoint: 29355 ns, Cleanup: 16037 ns, At safepoint: 15454 ns, Total: 60846 ns
[2025-05-30T07:58:16.259+0000][69][info ][safepoint   ] Safepoint "Cleanup", Time since last: 4001397802 ns, Reaching safepoint: 30961 ns, Cleanup: 18554 ns, At safepoint: 14259 ns, Total: 63774 ns
[2025-05-30T07:58:29.485+0000][69][info ][safepoint   ] Safepoint "Cleanup", Time since last: 13225787494 ns, Reaching safepoint: 184589 ns, Cleanup: 13125 ns, At safepoint: 63762 ns, Total: 261476 ns
[2025-05-30T07:58:31.125+0000][69][info ][safepoint   ] Safepoint "Cleanup", Time since last: 1639993301 ns, Reaching safepoint: 30404 ns, Cleanup: 17434 ns, At safepoint: 14987 ns, Total: 62825 ns
[2025-05-30T07:58:36.282+0000][69][info ][safepoint   ] Safepoint "Cleanup", Time since last: 5157409797 ns, Reaching safepoint: 30891 ns, Cleanup: 17867 ns, At safepoint: 14246 ns, Total: 63004 ns
[2025-05-30T07:58:39.280+0000][69][info ][safepoint   ] Safepoint "Cleanup", Time since last: 3001145725 ns, Reaching safepoint: 19450 ns, Cleanup: 14667 ns, At safepoint: 9336 ns, Total: 43453 ns
[2025-05-30T07:58:45.282+0000][69][info ][safepoint   ] Safepoint "Cleanup", Time since last: 6001535404 ns, Reaching safepoint: 32527 ns, Cleanup: 16549 ns, At safepoint: 17193 ns, Total: 66269 ns
[2025-05-30T07:58:48.283+0000][69][info ][safepoint   ] Safepoint "Cleanup", Time since last: 3000974431 ns, Reaching safepoint: 18117 ns, Cleanup: 11994 ns, At safepoint: 7491 ns, Total: 37602 ns
[2025-05-30T07:58:52.284+0000][69][info ][safepoint   ] Safepoint "Cleanup", Time since last: 4001222719 ns, Reaching safepoint: 25010 ns, Cleanup: 14034 ns, At safepoint: 9236 ns, Total: 48280 ns
[2025-05-30T07:59:15.287+0000][69][info ][safepoint   ] Safepoint "Cleanup", Time since last: 23004640876 ns, Reaching safepoint: 31784 ns, Cleanup: 17886 ns, At safepoint: 17127 ns, Total: 66797 ns
[2025-05-30T07:59:16.287+0000][69][info ][safepoint   ] Safepoint "Cleanup", Time since last: 1000855249 ns, Reaching safepoint: 22341 ns, Cleanup: 14195 ns, At safepoint: 8219 ns, Total: 44755 ns
[2025-05-30T07:59:21.291+0000][69][info ][safepoint   ] Safepoint "Cleanup", Time since last: 5003331831 ns, Reaching safepoint: 29959 ns, Cleanup: 16832 ns, At safepoint: 15092 ns, Total: 61883 ns
[2025-05-30T07:59:24.292+0000][69][info ][safepoint   ] Safepoint "Cleanup", Time since last: 3001114138 ns, Reaching safepoint: 74569 ns, Cleanup: 22393 ns, At safepoint: 41302 ns, Total: 138264 ns
[2025-05-30T07:59:26.293+0000][69][info ][safepoint   ] Safepoint "Cleanup", Time since last: 2000927768 ns, Reaching safepoint: 29531 ns, Cleanup: 15930 ns, At safepoint: 14414 ns, Total: 59875 ns
[2025-05-30T07:59:33.146+0000][69][info ][safepoint   ] Safepoint "Cleanup", Time since last: 6853241208 ns, Reaching safepoint: 14192 ns, Cleanup: 13190 ns, At safepoint: 64536 ns, Total: 91918 ns
[2025-05-30T07:59:34.169+0000][69][info ][safepoint   ] Safepoint "Cleanup", Time since last: 1022080989 ns, Reaching safepoint: 39264 ns, Cleanup: 133200 ns, At safepoint: 23864 ns, Total: 196328 ns
[2025-05-30T07:59:36.170+0000][69][info ][safepoint   ] Safepoint "Cleanup", Time since last: 2000956714 ns, Reaching safepoint: 26829 ns, Cleanup: 15306 ns, At safepoint: 11239 ns, Total: 53374 ns
[2025-05-30T07:59:41.168+0000][69][info ][safepoint   ] Safepoint "Cleanup", Time since last: 5001589251 ns, Reaching safepoint: 34915 ns, Cleanup: 27594 ns, At safepoint: 88797 ns, Total: 151306 ns
[2025-05-30T07:59:42.169+0000][69][info ][safepoint   ] Safepoint "Cleanup", Time since last: 1000776194 ns, Reaching safepoint: 26017 ns, Cleanup: 15177 ns, At safepoint: 9647 ns, Total: 50841 ns
[2025-05-30T07:59:55.172+0000][69][info ][safepoint   ] Safepoint "Cleanup", Time since last: 13002477563 ns, Reaching safepoint: 70705 ns, Cleanup: 17868 ns, At safepoint: 12988 ns, Total: 101561 ns
[2025-05-30T07:59:56.172+0000][69][info ][safepoint   ] Safepoint "Cleanup", Time since last: 1000755234 ns, Reaching safepoint: 31230 ns, Cleanup: 15609 ns, At safepoint: 75977 ns, Total: 122816 ns
[2025-05-30T08:00:06.174+0000][69][info ][safepoint   ] Safepoint "Cleanup", Time since last: 10001753773 ns, Reaching safepoint: 39396 ns, Cleanup: 13599 ns, At safepoint: 10929 ns, Total: 63924 ns
[2025-05-30T08:00:14.172+0000][69][info ][safepoint   ] Safepoint "Cleanup", Time since last: 8001686099 ns, Reaching safepoint: 19963 ns, Cleanup: 13777 ns, At safepoint: 8189 ns, Total: 41929 ns
[2025-05-30T08:00:15.172+0000][69][info ][safepoint   ] Safepoint "Cleanup", Time since last: 1000678499 ns, Reaching safepoint: 20901 ns, Cleanup: 12000 ns, At safepoint: 7922 ns, Total: 40823 ns
[2025-05-30T08:00:21.174+0000][69][info ][safepoint   ] Safepoint "Cleanup", Time since last: 6001388507 ns, Reaching safepoint: 20079 ns, Cleanup: 13378 ns, At safepoint: 8150 ns, Total: 41607 ns
[2025-05-30T08:00:36.191+0000][69][info ][safepoint   ] Safepoint "Cleanup", Time since last: 15016951282 ns, Reaching safepoint: 21192 ns, Cleanup: 15474 ns, At safepoint: 22811 ns, Total: 59477 ns
[2025-05-30T08:00:41.279+0000][69][info ][safepoint   ] Safepoint "Cleanup", Time since last: 5090297648 ns, Reaching safepoint: 22648 ns, Cleanup: 14816 ns, At safepoint: 9127 ns, Total: 46591 ns
[2025-05-30T08:00:59.468+0000][69][info ][safepoint   ] Safepoint "Cleanup", Time since last: 18188777194 ns, Reaching safepoint: 19564 ns, Cleanup: 11590 ns, At safepoint: 15227 ns, Total: 46381 ns
[2025-05-30T08:01:01.307+0000][69][info ][safepoint   ] Safepoint "Cleanup", Time since last: 1839179555 ns, Reaching safepoint: 21110 ns, Cleanup: 15236 ns, At safepoint: 8322 ns, Total: 44668 ns
[2025-05-30T08:01:02.338+0000][69][info ][safepoint   ] Safepoint "Cleanup", Time since last: 1031015576 ns, Reaching safepoint: 31436 ns, Cleanup: 18311 ns, At safepoint: 15994 ns, Total: 65741 ns
[2025-05-30T08:01:16.339+0000][69][info ][safepoint   ] Safepoint "Cleanup", Time since last: 14002845077 ns, Reaching safepoint: 31674 ns, Cleanup: 11688 ns, At safepoint: 8214 ns, Total: 51576 ns
[2025-05-30T08:01:18.339+0000][69][info ][safepoint   ] Safepoint "Cleanup", Time since last: 2000784844 ns, Reaching safepoint: 26939 ns, Cleanup: 17383 ns, At safepoint: 13264 ns, Total: 57586 ns
[2025-05-30T08:01:20.678+0000][69][info ][safepoint   ] Safepoint "Cleanup", Time since last: 2338103745 ns, Reaching safepoint: 14418 ns, Cleanup: 28581 ns, At safepoint: 87537 ns, Total: 130536 ns
[2025-05-30T08:01:22.015+0000][69][info ][safepoint   ] Safepoint "Cleanup", Time since last: 1336748652 ns, Reaching safepoint: 34056 ns, Cleanup: 42384 ns, At safepoint: 15959 ns, Total: 92399 ns
[2025-05-30T08:01:30.017+0000][69][info ][safepoint   ] Safepoint "Cleanup", Time since last: 8001954339 ns, Reaching safepoint: 71588 ns, Cleanup: 18195 ns, At safepoint: 105328 ns, Total: 195111 ns
[2025-05-30T08:01:36.383+0000][69][info ][safepoint   ] Safepoint "Cleanup", Time since last: 6365777228 ns, Reaching safepoint: 41817 ns, Cleanup: 20119 ns, At safepoint: 18952 ns, Total: 80888 ns
[2025-05-30T08:01:38.465+0000][69][info ][safepoint   ] Safepoint "Cleanup", Time since last: 2084858244 ns, Reaching safepoint: 99016 ns, Cleanup: 21400 ns, At safepoint: 51092 ns, Total: 171508 ns
[2025-05-30T08:01:40.382+0000][69][info ][safepoint   ] Safepoint "Cleanup", Time since last: 1917173160 ns, Reaching safepoint: 36050 ns, Cleanup: 58047 ns, At safepoint: 22311 ns, Total: 116408 ns
[2025-05-30T08:01:41.383+0000][69][info ][safepoint   ] Safepoint "Cleanup", Time since last: 1000603086 ns, Reaching safepoint: 29650 ns, Cleanup: 16609 ns, At safepoint: 16009 ns, Total: 62268 ns
[2025-05-30T08:01:57.386+0000][69][info ][safepoint   ] Safepoint "Cleanup", Time since last: 16003218970 ns, Reaching safepoint: 52588 ns, Cleanup: 14291 ns, At safepoint: 10025 ns, Total: 76904 ns
[2025-05-30T08:02:00.387+0000][69][info ][safepoint   ] Safepoint "Cleanup", Time since last: 3000921798 ns, Reaching safepoint: 18593 ns, Cleanup: 12698 ns, At safepoint: 7061 ns, Total: 38352 ns
[2025-05-30T08:02:15.388+0000][69][info ][safepoint   ] Safepoint "Cleanup", Time since last: 15003353923 ns, Reaching safepoint: 45457 ns, Cleanup: 14370 ns, At safepoint: 10547 ns, Total: 70374 ns
[2025-05-30T08:02:36.416+0000][69][info ][safepoint   ] Safepoint "Cleanup", Time since last: 21028095851 ns, Reaching safepoint: 32065 ns, Cleanup: 15455 ns, At safepoint: 18271 ns, Total: 65791 ns
[2025-05-30T08:02:41.414+0000][69][info ][safepoint   ] Safepoint "Cleanup", Time since last: 5001195547 ns, Reaching safepoint: 25805 ns, Cleanup: 13847 ns, At safepoint: 10736 ns, Total: 50388 ns
[2025-05-30T08:02:42.421+0000][69][info ][safepoint   ] Safepoint "Cleanup", Time since last: 1007087301 ns, Reaching safepoint: 12638 ns, Cleanup: 21247 ns, At safepoint: 4594 ns, Total: 38479 ns
[2025-05-30T08:02:45.423+0000][69][info ][safepoint   ] Safepoint "Cleanup", Time since last: 3001555488 ns, Reaching safepoint: 21764 ns, Cleanup: 12251 ns, At safepoint: 8278 ns, Total: 42293 ns
[2025-05-30T08:02:48.424+0000][69][info ][safepoint   ] Safepoint "Cleanup", Time since last: 3001234120 ns, Reaching safepoint: 35195 ns, Cleanup: 16374 ns, At safepoint: 17138 ns, Total: 68707 ns
[2025-05-30T08:03:44.448+0000][69][info ][safepoint   ] Safepoint "Cleanup", Time since last: 56029403628 ns, Reaching safepoint: 49855 ns, Cleanup: 11750 ns, At safepoint: 38087 ns, Total: 99692 ns
[2025-05-30T08:03:45.488+0000][69][info ][safepoint   ] Safepoint "Cleanup", Time since last: 1039976917 ns, Reaching safepoint: 14778 ns, Cleanup: 27884 ns, At safepoint: 84724 ns, Total: 127386 ns
[2025-05-30T08:03:51.513+0000][69][info ][safepoint   ] Safepoint "Cleanup", Time since last: 6024046428 ns, Reaching safepoint: 40369 ns, Cleanup: 21221 ns, At safepoint: 13432 ns, Total: 75022 ns
[2025-05-30T08:04:02.515+0000][69][info ][safepoint   ] Safepoint "Cleanup", Time since last: 11002605205 ns, Reaching safepoint: 90736 ns, Cleanup: 14511 ns, At safepoint: 11926 ns, Total: 117173 ns
[2025-05-30T08:04:32.481+0000][69][info ][safepoint   ] Safepoint "Cleanup", Time since last: 29968640498 ns, Reaching safepoint: 30560 ns, Cleanup: 15035 ns, At safepoint: 15878 ns, Total: 61473 ns
[2025-05-30T08:04:38.480+0000][69][info ][safepoint   ] Safepoint "Cleanup", Time since last: 6001610135 ns, Reaching safepoint: 39538 ns, Cleanup: 21452 ns, At safepoint: 12243 ns, Total: 73233 ns
[2025-05-30T08:04:41.484+0000][69][info ][safepoint   ] Safepoint "Cleanup", Time since last: 3004042178 ns, Reaching safepoint: 35019 ns, Cleanup: 23001 ns, At safepoint: 18328 ns, Total: 76348 ns
[2025-05-30T08:04:44.485+0000][69][info ][safepoint   ] Safepoint "Cleanup", Time since last: 3001270044 ns, Reaching safepoint: 30459 ns, Cleanup: 17028 ns, At safepoint: 9650 ns, Total: 57137 ns
[2025-05-30T08:04:46.486+0000][69][info ][safepoint   ] Safepoint "Cleanup", Time since last: 2000759701 ns, Reaching safepoint: 69893 ns, Cleanup: 24275 ns, At safepoint: 29484 ns, Total: 123652 ns
[2025-05-30T08:04:48.514+0000][69][info ][safepoint   ] Safepoint "Cleanup", Time since last: 2027673789 ns, Reaching safepoint: 19068 ns, Cleanup: 20884 ns, At safepoint: 7934 ns, Total: 47886 ns
[2025-05-30T08:04:49.577+0000][69][info ][safepoint   ] Safepoint "Cleanup", Time since last: 1063147759 ns, Reaching safepoint: 22386 ns, Cleanup: 15908 ns, At safepoint: 9730 ns, Total: 48024 ns
[2025-05-30T08:04:51.578+0000][69][info ][safepoint   ] Safepoint "Cleanup", Time since last: 2000827758 ns, Reaching safepoint: 32638 ns, Cleanup: 22163 ns, At safepoint: 14854 ns, Total: 69655 ns
[2025-05-30T08:04:54.579+0000][69][info ][safepoint   ] Safepoint "Cleanup", Time since last: 3001155368 ns, Reaching safepoint: 26048 ns, Cleanup: 13114 ns, At safepoint: 34112 ns, Total: 73274 ns
[2025-05-30T08:05:11.598+0000][69][info ][safepoint   ] Safepoint "Cleanup", Time since last: 17022949875 ns, Reaching safepoint: 41670 ns, Cleanup: 19025 ns, At safepoint: 16949 ns, Total: 77644 ns
[2025-05-30T08:05:14.599+0000][69][info ][safepoint   ] Safepoint "Cleanup", Time since last: 3001258187 ns, Reaching safepoint: 28448 ns, Cleanup: 15823 ns, At safepoint: 11530 ns, Total: 55801 ns
[2025-05-30T08:05:38.510+0000][69][info ][safepoint   ] Safepoint "Cleanup", Time since last: 23911704837 ns, Reaching safepoint: 91575 ns, Cleanup: 20518 ns, At safepoint: 17920 ns, Total: 130013 ns
[2025-05-30T08:05:40.510+0000][69][info ][safepoint   ] Safepoint "Cleanup", Time since last: 2000734080 ns, Reaching safepoint: 31477 ns, Cleanup: 14815 ns, At safepoint: 9760 ns, Total: 56052 ns
[2025-05-30T08:05:41.593+0000][69][info ][safepoint   ] Safepoint "Cleanup", Time since last: 1082509630 ns, Reaching safepoint: 13584 ns, Cleanup: 15383 ns, At safepoint: 19796 ns, Total: 48763 ns
[2025-05-30T08:05:44.449+0000][69][info ][safepoint   ] Safepoint "Cleanup", Time since last: 2856135270 ns, Reaching safepoint: 14637 ns, Cleanup: 12474 ns, At safepoint: 22761 ns, Total: 49872 ns
[2025-05-30T08:05:45.629+0000][69][info ][safepoint   ] Safepoint "Cleanup", Time since last: 1179138216 ns, Reaching safepoint: 168187 ns, Cleanup: 20033 ns, At safepoint: 80902 ns, Total: 269122 ns
[2025-05-30T08:05:46.654+0000][69][info ][safepoint   ] Safepoint "Cleanup", Time since last: 1025350201 ns, Reaching safepoint: 26761 ns, Cleanup: 22100 ns, At safepoint: 11309 ns, Total: 60170 ns
[2025-05-30T08:05:50.671+0000][69][info ][safepoint   ] Safepoint "Cleanup", Time since last: 4016968666 ns, Reaching safepoint: 134674 ns, Cleanup: 16245 ns, At safepoint: 59854 ns, Total: 210773 ns
[2025-05-30T08:05:52.220+0000][69][info ][safepoint   ] Safepoint "Cleanup", Time since last: 1548391005 ns, Reaching safepoint: 29510 ns, Cleanup: 25030 ns, At safepoint: 15030 ns, Total: 69570 ns
[2025-05-30T08:06:02.458+0000][69][info ][safepoint   ] Safepoint "Cleanup", Time since last: 10238470251 ns, Reaching safepoint: 12209 ns, Cleanup: 10394 ns, At safepoint: 18640 ns, Total: 41243 ns
[2025-05-30T08:06:03.719+0000][69][info ][safepoint   ] Safepoint "Cleanup", Time since last: 1261172913 ns, Reaching safepoint: 29260 ns, Cleanup: 20484 ns, At safepoint: 15522 ns, Total: 65266 ns
[2025-05-30T08:06:04.720+0000][69][info ][safepoint   ] Safepoint "Cleanup", Time since last: 1000754249 ns, Reaching safepoint: 18318 ns, Cleanup: 52283 ns, At safepoint: 8822 ns, Total: 79423 ns
[2025-05-30T08:06:05.756+0000][69][info ][safepoint   ] Safepoint "Cleanup", Time since last: 1035862252 ns, Reaching safepoint: 18535 ns, Cleanup: 16799 ns, At safepoint: 8190 ns, Total: 43524 ns
[2025-05-30T08:06:08.755+0000][69][info ][safepoint   ] Safepoint "Cleanup", Time since last: 3001514725 ns, Reaching safepoint: 31919 ns, Cleanup: 15048 ns, At safepoint: 17369 ns, Total: 64336 ns
[2025-05-30T08:06:13.756+0000][69][info ][safepoint   ] Safepoint "Cleanup", Time since last: 5001332681 ns, Reaching safepoint: 34912 ns, Cleanup: 22684 ns, At safepoint: 18286 ns, Total: 75882 ns
[2025-05-30T08:06:14.757+0000][69][info ][safepoint   ] Safepoint "Cleanup", Time since last: 1001028844 ns, Reaching safepoint: 33811 ns, Cleanup: 12119 ns, At safepoint: 7868 ns, Total: 53798 ns
[2025-05-30T08:06:31.287+0000][69][info ][safepoint   ] Safepoint "Cleanup", Time since last: 16529822876 ns, Reaching safepoint: 33811 ns, Cleanup: 17026 ns, At safepoint: 15783 ns, Total: 66620 ns
[2025-05-30T08:06:40.543+0000][69][info ][safepoint   ] Safepoint "Cleanup", Time since last: 9259177823 ns, Reaching safepoint: 33863 ns, Cleanup: 16564 ns, At safepoint: 16638 ns, Total: 67065 ns
[2025-05-30T08:06:43.544+0000][69][info ][safepoint   ] Safepoint "Cleanup", Time since last: 3000973690 ns, Reaching safepoint: 21177 ns, Cleanup: 14071 ns, At safepoint: 8962 ns, Total: 44210 ns
[2025-05-30T08:06:53.491+0000][69][info ][safepoint   ] Safepoint "Cleanup", Time since last: 9946852468 ns, Reaching safepoint: 212523 ns, Cleanup: 10929 ns, At safepoint: 64959 ns, Total: 288411 ns
[2025-05-30T08:06:54.811+0000][69][info ][safepoint   ] Safepoint "Cleanup", Time since last: 1319987355 ns, Reaching safepoint: 6515 ns, Cleanup: 29589 ns, At safepoint: 28787 ns, Total: 64891 ns
[2025-05-30T08:06:55.816+0000][69][info ][safepoint   ] Safepoint "Cleanup", Time since last: 1004072296 ns, Reaching safepoint: 26945 ns, Cleanup: 15389 ns, At safepoint: 9272 ns, Total: 51606 ns
[2025-05-30T08:07:23.819+0000][69][info ][safepoint   ] Safepoint "Cleanup", Time since last: 28006017158 ns, Reaching safepoint: 113448 ns, Cleanup: 16907 ns, At safepoint: 12474 ns, Total: 142829 ns
[2025-05-30T08:07:24.820+0000][69][info ][safepoint   ] Safepoint "Cleanup", Time since last: 1000683989 ns, Reaching safepoint: 36754 ns, Cleanup: 18840 ns, At safepoint: 12701 ns, Total: 68295 ns
[2025-05-30T08:07:26.821+0000][69][info ][safepoint   ] Safepoint "Cleanup", Time since last: 2000853763 ns, Reaching safepoint: 23252 ns, Cleanup: 19448 ns, At safepoint: 9572 ns, Total: 52272 ns
[2025-05-30T08:07:30.822+0000][69][info ][safepoint   ] Safepoint "Cleanup", Time since last: 4001156437 ns, Reaching safepoint: 46697 ns, Cleanup: 23065 ns, At safepoint: 21519 ns, Total: 91281 ns
[2025-05-30T08:07:40.578+0000][69][info ][safepoint   ] Safepoint "Cleanup", Time since last: 9758330957 ns, Reaching safepoint: 24573 ns, Cleanup: 13771 ns, At safepoint: 8088 ns, Total: 46432 ns
[2025-05-30T08:07:56.460+0000][69][info ][safepoint   ] Safepoint "Cleanup", Time since last: 15882235310 ns, Reaching safepoint: 7443 ns, Cleanup: 6572 ns, At safepoint: 14410 ns, Total: 28425 ns
[2025-05-30T08:07:57.850+0000][69][info ][safepoint   ] Safepoint "Cleanup", Time since last: 1389443363 ns, Reaching safepoint: 20352 ns, Cleanup: 17842 ns, At safepoint: 7686 ns, Total: 45880 ns
[2025-05-30T08:08:05.852+0000][69][info ][safepoint   ] Safepoint "Cleanup", Time since last: 8002035738 ns, Reaching safepoint: 35610 ns, Cleanup: 16438 ns, At safepoint: 16434 ns, Total: 68482 ns
[2025-05-30T08:08:59.455+0000][69][info ][safepoint   ] Safepoint "Cleanup", Time since last: 53609600924 ns, Reaching safepoint: 122519 ns, Cleanup: 12511 ns, At safepoint: 56561 ns, Total: 191591 ns
[2025-05-30T08:09:01.033+0000][69][info ][safepoint   ] Safepoint "Cleanup", Time since last: 1578122795 ns, Reaching safepoint: 29725 ns, Cleanup: 24408 ns, At safepoint: 11585 ns, Total: 65718 ns
[2025-05-30T08:09:06.035+0000][69][info ][safepoint   ] Safepoint "Cleanup", Time since last: 5001368182 ns, Reaching safepoint: 86970 ns, Cleanup: 14816 ns, At safepoint: 12075 ns, Total: 113861 ns
[2025-05-30T08:09:11.034+0000][69][info ][safepoint   ] Safepoint "Cleanup", Time since last: 5001542514 ns, Reaching safepoint: 32021 ns, Cleanup: 12590 ns, At safepoint: 8285 ns, Total: 52896 ns
[2025-05-30T08:09:40.649+0000][69][info ][safepoint   ] Safepoint "Cleanup", Time since last: 29617509053 ns, Reaching safepoint: 30842 ns, Cleanup: 15819 ns, At safepoint: 9389 ns, Total: 56050 ns
[2025-05-30T08:10:00.653+0000][69][info ][safepoint   ] Safepoint "Cleanup", Time since last: 20003435181 ns, Reaching safepoint: 47242 ns, Cleanup: 13489 ns, At safepoint: 8226 ns, Total: 68957 ns
[2025-05-30T08:10:03.056+0000][69][info ][safepoint   ] Safepoint "Cleanup", Time since last: 2403020254 ns, Reaching safepoint: 16294 ns, Cleanup: 16625 ns, At safepoint: 75462 ns, Total: 108381 ns
[2025-05-30T08:10:14.093+0000][69][info ][safepoint   ] Safepoint "Cleanup", Time since last: 11040846001 ns, Reaching safepoint: 19164 ns, Cleanup: 14267 ns, At safepoint: 8017 ns, Total: 41448 ns
[2025-05-30T08:10:40.680+0000][69][info ][safepoint   ] Safepoint "Cleanup", Time since last: 26589278999 ns, Reaching safepoint: 69595 ns, Cleanup: 25572 ns, At safepoint: 17020 ns, Total: 112187 ns
[2025-05-30T08:10:45.682+0000][69][info ][safepoint   ] Safepoint "Cleanup", Time since last: 5001213406 ns, Reaching safepoint: 22610 ns, Cleanup: 14229 ns, At safepoint: 9738 ns, Total: 46577 ns
[2025-05-30T08:11:05.462+0000][69][info ][safepoint   ] Safepoint "Cleanup", Time since last: 19780505203 ns, Reaching safepoint: 6195 ns, Cleanup: 10834 ns, At safepoint: 14920 ns, Total: 31949 ns
[2025-05-30T08:11:07.144+0000][69][info ][safepoint   ] Safepoint "Cleanup", Time since last: 1681636893 ns, Reaching safepoint: 21820 ns, Cleanup: 17105 ns, At safepoint: 8842 ns, Total: 47767 ns
[2025-05-30T08:11:08.174+0000][69][info ][safepoint   ] Safepoint "Cleanup", Time since last: 1033617413 ns, Reaching safepoint: 26752 ns, Cleanup: 17701 ns, At safepoint: 11488 ns, Total: 55941 ns
[2025-05-30T08:11:21.679+0000][69][info ][safepoint   ] Safepoint "Cleanup", Time since last: 13504915868 ns, Reaching safepoint: 24944 ns, Cleanup: 13134 ns, At safepoint: 8335 ns, Total: 46413 ns
[2025-05-30T08:12:05.716+0000][69][info ][safepoint   ] Safepoint "Cleanup", Time since last: 44039795725 ns, Reaching safepoint: 72377 ns, Cleanup: 14464 ns, At safepoint: 14382 ns, Total: 101223 ns
[2025-05-30T08:12:06.717+0000][69][info ][safepoint   ] Safepoint "Cleanup", Time since last: 1000806700 ns, Reaching safepoint: 31531 ns, Cleanup: 17687 ns, At safepoint: 31536 ns, Total: 80754 ns
[2025-05-30T08:12:08.440+0000][69][info ][safepoint   ] Safepoint "Cleanup", Time since last: 1725282249 ns, Reaching safepoint: 91922 ns, Cleanup: 11820 ns, At safepoint: 55956 ns, Total: 159698 ns
[2025-05-30T08:12:10.228+0000][69][info ][safepoint   ] Safepoint "Cleanup", Time since last: 1788529625 ns, Reaching safepoint: 5944 ns, Cleanup: 17857 ns, At safepoint: 14831 ns, Total: 38632 ns
[2025-05-30T08:12:11.232+0000][69][info ][safepoint   ] Safepoint "Cleanup", Time since last: 1003200356 ns, Reaching safepoint: 19920 ns, Cleanup: 13448 ns, At safepoint: 8621 ns, Total: 41989 ns
[2025-05-30T08:13:11.448+0000][69][info ][safepoint   ] Safepoint "Cleanup", Time since last: 60221039184 ns, Reaching safepoint: 17072 ns, Cleanup: 13841 ns, At safepoint: 21106 ns, Total: 52019 ns
[2025-05-30T08:13:13.268+0000][69][info ][safepoint   ] Safepoint "Cleanup", Time since last: 1820844306 ns, Reaching safepoint: 63267 ns, Cleanup: 15518 ns, At safepoint: 13263 ns, Total: 92048 ns
[2025-05-30T08:13:14.269+0000][69][info ][safepoint   ] Safepoint "Cleanup", Time since last: 1000921951 ns, Reaching safepoint: 22240 ns, Cleanup: 12509 ns, At safepoint: 8363 ns, Total: 43112 ns
[2025-05-30T08:13:21.271+0000][69][info ][safepoint   ] Safepoint "Cleanup", Time since last: 7001302709 ns, Reaching safepoint: 31162 ns, Cleanup: 13064 ns, At safepoint: 8729 ns, Total: 52955 ns
[2025-05-30T08:13:34.778+0000][69][info ][safepoint   ] Safepoint "Cleanup", Time since last: 13507651253 ns, Reaching safepoint: 32766 ns, Cleanup: 20693 ns, At safepoint: 16653 ns, Total: 70112 ns
[2025-05-30T08:13:41.777+0000][69][info ][safepoint   ] Safepoint "Cleanup", Time since last: 7001368870 ns, Reaching safepoint: 33124 ns, Cleanup: 17508 ns, At safepoint: 16808 ns, Total: 67440 ns
[2025-05-30T08:14:02.781+0000][69][info ][safepoint   ] Safepoint "Cleanup", Time since last: 21003493958 ns, Reaching safepoint: 83024 ns, Cleanup: 19807 ns, At safepoint: 18662 ns, Total: 121493 ns
[2025-05-30T08:14:27.328+0000][69][info ][safepoint   ] Safepoint "Cleanup", Time since last: 24550372492 ns, Reaching safepoint: 46732 ns, Cleanup: 13627 ns, At safepoint: 8960 ns, Total: 69319 ns
[2025-05-30T08:14:40.810+0000][69][info ][safepoint   ] Safepoint "Cleanup", Time since last: 13484689923 ns, Reaching safepoint: 30118 ns, Cleanup: 20891 ns, At safepoint: 14680 ns, Total: 65689 ns
[2025-05-30T08:14:44.811+0000][69][info ][safepoint   ] Safepoint "Cleanup", Time since last: 4001603937 ns, Reaching safepoint: 25382 ns, Cleanup: 16712 ns, At safepoint: 10243 ns, Total: 52337 ns
[2025-05-30T08:15:05.816+0000][69][info ][safepoint   ] Safepoint "Cleanup", Time since last: 21004385036 ns, Reaching safepoint: 28576 ns, Cleanup: 18463 ns, At safepoint: 15076 ns, Total: 62115 ns
[2025-05-30T08:15:13.816+0000][69][info ][safepoint   ] Safepoint "Cleanup", Time since last: 8001858062 ns, Reaching safepoint: 30185 ns, Cleanup: 16808 ns, At safepoint: 15152 ns, Total: 62145 ns
[2025-05-30T08:15:14.816+0000][69][info ][safepoint   ] Safepoint "Cleanup", Time since last: 1000750674 ns, Reaching safepoint: 30323 ns, Cleanup: 24719 ns, At safepoint: 14509 ns, Total: 69551 ns
[2025-05-30T08:15:15.817+0000][69][info ][safepoint   ] Safepoint "Cleanup", Time since last: 1000659665 ns, Reaching safepoint: 17067 ns, Cleanup: 12020 ns, At safepoint: 5247 ns, Total: 34334 ns
[2025-05-30T08:15:17.438+0000][69][info ][safepoint   ] Safepoint "Cleanup", Time since last: 1619081505 ns, Reaching safepoint: 2166745 ns, Cleanup: 17902 ns, At safepoint: 172670 ns, Total: 2357317 ns
[2025-05-30T08:15:19.376+0000][69][info ][safepoint   ] Safepoint "Cleanup", Time since last: 1936987200 ns, Reaching safepoint: 32543 ns, Cleanup: 23079 ns, At safepoint: 15703 ns, Total: 71325 ns
[2025-05-30T08:15:40.846+0000][69][info ][safepoint   ] Safepoint "Cleanup", Time since last: 21473917469 ns, Reaching safepoint: 22832 ns, Cleanup: 12332 ns, At safepoint: 8347 ns, Total: 43511 ns
[2025-05-30T08:15:51.849+0000][69][info ][safepoint   ] Safepoint "Cleanup", Time since last: 11002454765 ns, Reaching safepoint: 87779 ns, Cleanup: 19831 ns, At safepoint: 18115 ns, Total: 125725 ns
[2025-05-30T08:16:02.852+0000][69][info ][safepoint   ] Safepoint "Cleanup", Time since last: 11002795453 ns, Reaching safepoint: 65371 ns, Cleanup: 13366 ns, At safepoint: 8923 ns, Total: 87660 ns
[2025-05-30T08:16:05.853+0000][69][info ][safepoint   ] Safepoint "Cleanup", Time since last: 3001202124 ns, Reaching safepoint: 38697 ns, Cleanup: 21751 ns, At safepoint: 20900 ns, Total: 81348 ns
[2025-05-30T08:16:08.412+0000][69][info ][safepoint   ] Safepoint "Cleanup", Time since last: 2561651921 ns, Reaching safepoint: 50169 ns, Cleanup: 9055 ns, At safepoint: 14688 ns, Total: 73912 ns
[2025-05-30T08:16:10.399+0000][69][info ][safepoint   ] Safepoint "Cleanup", Time since last: 1986605148 ns, Reaching safepoint: 30663 ns, Cleanup: 13677 ns, At safepoint: 9979 ns, Total: 54319 ns
[2025-05-30T08:16:11.490+0000][69][info ][safepoint   ] Safepoint "Cleanup", Time since last: 1090919090 ns, Reaching safepoint: 27141 ns, Cleanup: 20255 ns, At safepoint: 13752 ns, Total: 61148 ns
[2025-05-30T08:16:20.421+0000][69][info ][safepoint   ] Safepoint "Cleanup", Time since last: 8931217074 ns, Reaching safepoint: 20166 ns, Cleanup: 18086 ns, At safepoint: 20279 ns, Total: 58531 ns
[2025-05-30T08:16:21.500+0000][69][info ][safepoint   ] Safepoint "Cleanup", Time since last: 1078596073 ns, Reaching safepoint: 6748 ns, Cleanup: 16711 ns, At safepoint: 14412 ns, Total: 37871 ns
[2025-05-30T08:16:22.525+0000][69][info ][safepoint   ] Safepoint "Cleanup", Time since last: 1025032775 ns, Reaching safepoint: 14266 ns, Cleanup: 16880 ns, At safepoint: 67134 ns, Total: 98280 ns
[2025-05-30T08:16:38.878+0000][69][info ][safepoint   ] Safepoint "Cleanup", Time since last: 16355559365 ns, Reaching safepoint: 51231 ns, Cleanup: 15036 ns, At safepoint: 8140 ns, Total: 74407 ns
[2025-05-30T08:16:40.879+0000][69][info ][safepoint   ] Safepoint "Cleanup", Time since last: 2000938012 ns, Reaching safepoint: 35934 ns, Cleanup: 19346 ns, At safepoint: 17747 ns, Total: 73027 ns
[2025-05-30T08:16:48.881+0000][69][info ][safepoint   ] Safepoint "Cleanup", Time since last: 8001753840 ns, Reaching safepoint: 276414 ns, Cleanup: 14472 ns, At safepoint: 25234 ns, Total: 316120 ns
[2025-05-30T08:16:59.883+0000][69][info ][safepoint   ] Safepoint "Cleanup", Time since last: 11002633917 ns, Reaching safepoint: 59175 ns, Cleanup: 23482 ns, At safepoint: 11548 ns, Total: 94205 ns
[2025-05-30T08:17:05.885+0000][69][info ][safepoint   ] Safepoint "Cleanup", Time since last: 6001620722 ns, Reaching safepoint: 98983 ns, Cleanup: 21801 ns, At safepoint: 19448 ns, Total: 140232 ns
[2025-05-30T08:17:20.885+0000][69][info ][safepoint   ] Safepoint "Cleanup", Time since last: 15002885601 ns, Reaching safepoint: 117433 ns, Cleanup: 19074 ns, At safepoint: 13425 ns, Total: 149932 ns
[2025-05-30T08:17:23.646+0000][69][info ][safepoint   ] Safepoint "Cleanup", Time since last: 2761231043 ns, Reaching safepoint: 29508 ns, Cleanup: 23604 ns, At safepoint: 81442 ns, Total: 134554 ns
[2025-05-30T08:17:25.558+0000][69][info ][safepoint   ] Safepoint "Cleanup", Time since last: 1911213926 ns, Reaching safepoint: 33275 ns, Cleanup: 26407 ns, At safepoint: 18353 ns, Total: 78035 ns
[2025-05-30T08:17:26.559+0000][69][info ][safepoint   ] Safepoint "Cleanup", Time since last: 1000770056 ns, Reaching safepoint: 37272 ns, Cleanup: 18478 ns, At safepoint: 20645 ns, Total: 76395 ns
[2025-05-30T08:17:34.909+0000][69][info ][safepoint   ] Safepoint "Cleanup", Time since last: 8350042164 ns, Reaching safepoint: 62850 ns, Cleanup: 21877 ns, At safepoint: 14002 ns, Total: 98729 ns
[2025-05-30T08:17:40.910+0000][69][info ][safepoint   ] Safepoint "Cleanup", Time since last: 6003943987 ns, Reaching safepoint: 31602 ns, Cleanup: 18139 ns, At safepoint: 17879 ns, Total: 67620 ns
[2025-05-30T08:18:26.436+0000][69][info ][safepoint   ] Safepoint "Cleanup", Time since last: 45527933371 ns, Reaching safepoint: 16198 ns, Cleanup: 20621 ns, At safepoint: 142747 ns, Total: 179566 ns
[2025-05-30T08:18:27.610+0000][69][info ][safepoint   ] Safepoint "Cleanup", Time since last: 1173991239 ns, Reaching safepoint: 30831 ns, Cleanup: 14164 ns, At safepoint: 15576 ns, Total: 60571 ns
[2025-05-30T08:18:29.627+0000][69][info ][safepoint   ] Safepoint "Cleanup", Time since last: 2016869382 ns, Reaching safepoint: 103450 ns, Cleanup: 18273 ns, At safepoint: 20381 ns, Total: 142104 ns
[2025-05-30T08:18:40.940+0000][69][info ][safepoint   ] Safepoint "Cleanup", Time since last: 11316788901 ns, Reaching safepoint: 61700 ns, Cleanup: 15221 ns, At safepoint: 11446 ns, Total: 88367 ns
[2025-05-30T08:18:44.960+0000][69][info ][safepoint   ] Safepoint "Cleanup", Time since last: 4019870606 ns, Reaching safepoint: 35430 ns, Cleanup: 17003 ns, At safepoint: 18769 ns, Total: 71202 ns
[2025-05-30T08:19:18.966+0000][69][info ][safepoint   ] Safepoint "Cleanup", Time since last: 34008165360 ns, Reaching safepoint: 63509 ns, Cleanup: 19679 ns, At safepoint: 11714 ns, Total: 94902 ns
[2025-05-30T08:19:29.667+0000][69][info ][safepoint   ] Safepoint "Cleanup", Time since last: 10701007465 ns, Reaching safepoint: 13266 ns, Cleanup: 9886 ns, At safepoint: 35339 ns, Total: 58491 ns
[2025-05-30T08:19:50.978+0000][69][info ][safepoint   ] Safepoint "Cleanup", Time since last: 21312687434 ns, Reaching safepoint: 83704 ns, Cleanup: 17938 ns, At safepoint: 19818 ns, Total: 121460 ns
[2025-05-30T08:19:53.979+0000][69][info ][safepoint   ] Safepoint "Cleanup", Time since last: 3000956689 ns, Reaching safepoint: 33754 ns, Cleanup: 16794 ns, At safepoint: 16542 ns, Total: 67090 ns
[2025-05-30T08:20:13.980+0000][69][info ][safepoint   ] Safepoint "Cleanup", Time since last: 20003810286 ns, Reaching safepoint: 34830 ns, Cleanup: 18181 ns, At safepoint: 17367 ns, Total: 70378 ns
[2025-05-30T08:20:19.981+0000][69][info ][safepoint   ] Safepoint "Cleanup", Time since last: 6001610661 ns, Reaching safepoint: 30968 ns, Cleanup: 15257 ns, At safepoint: 14906 ns, Total: 61131 ns
[2025-05-30T08:20:32.421+0000][69][info ][safepoint   ] Safepoint "Cleanup", Time since last: 12440005977 ns, Reaching safepoint: 26097 ns, Cleanup: 15325 ns, At safepoint: 30834 ns, Total: 72256 ns
[2025-05-30T08:20:33.722+0000][69][info ][safepoint   ] Safepoint "Cleanup", Time since last: 1300783926 ns, Reaching safepoint: 58735 ns, Cleanup: 20675 ns, At safepoint: 16884 ns, Total: 96294 ns
[2025-05-30T08:20:34.723+0000][69][info ][safepoint   ] Safepoint "Cleanup", Time since last: 1000754267 ns, Reaching safepoint: 27925 ns, Cleanup: 16041 ns, At safepoint: 14520 ns, Total: 58486 ns
[2025-05-30T08:20:40.721+0000][69][info ][safepoint   ] Safepoint "Cleanup", Time since last: 6001700994 ns, Reaching safepoint: 85192 ns, Cleanup: 21564 ns, At safepoint: 96037 ns, Total: 202793 ns
[2025-05-30T08:20:41.725+0000][69][info ][safepoint   ] Safepoint "Cleanup", Time since last: 1003672891 ns, Reaching safepoint: 6970 ns, Cleanup: 75229 ns, At safepoint: 16677 ns, Total: 98876 ns
[2025-05-30T08:20:42.753+0000][69][info ][safepoint   ] Safepoint "Cleanup", Time since last: 1027283003 ns, Reaching safepoint: 30789 ns, Cleanup: 27601 ns, At safepoint: 9992 ns, Total: 68382 ns
[2025-05-30T08:20:43.784+0000][69][info ][safepoint   ] Safepoint "Cleanup", Time since last: 1031712177 ns, Reaching safepoint: 32986 ns, Cleanup: 14902 ns, At safepoint: 15281 ns, Total: 63169 ns
[2025-05-30T08:20:45.635+0000][69][info ][safepoint   ] Safepoint "Cleanup", Time since last: 1850901123 ns, Reaching safepoint: 7633 ns, Cleanup: 9524 ns, At safepoint: 3358 ns, Total: 20515 ns
[2025-05-30T08:20:46.912+0000][69][info ][safepoint   ] Safepoint "Cleanup", Time since last: 1276316995 ns, Reaching safepoint: 22224 ns, Cleanup: 11760 ns, At safepoint: 7959 ns, Total: 41943 ns
[2025-05-30T08:20:48.799+0000][69][info ][safepoint   ] Safepoint "Cleanup", Time since last: 1887062030 ns, Reaching safepoint: 35759 ns, Cleanup: 94621 ns, At safepoint: 25605 ns, Total: 155985 ns
[2025-05-30T08:20:50.405+0000][69][info ][safepoint   ] Safepoint "Cleanup", Time since last: 1606154727 ns, Reaching safepoint: 9999 ns, Cleanup: 11131 ns, At safepoint: 28889 ns, Total: 50019 ns
[2025-05-30T08:20:51.965+0000][69][info ][safepoint   ] Safepoint "Cleanup", Time since last: 1559920688 ns, Reaching safepoint: 34467 ns, Cleanup: 35424 ns, At safepoint: 19365 ns, Total: 89256 ns
[2025-05-30T08:21:08.966+0000][69][info ][safepoint   ] Safepoint "Cleanup", Time since last: 17002680847 ns, Reaching safepoint: 82509 ns, Cleanup: 20499 ns, At safepoint: 11864 ns, Total: 114872 ns
[2025-05-30T08:21:11.427+0000][69][info ][safepoint   ] Safepoint "Cleanup", Time since last: 2461675645 ns, Reaching safepoint: 168578 ns, Cleanup: 11977 ns, At safepoint: 58408 ns, Total: 238963 ns
[2025-05-30T08:21:12.944+0000][69][info ][safepoint   ] Safepoint "Cleanup", Time since last: 1516946639 ns, Reaching safepoint: 29794 ns, Cleanup: 39657 ns, At safepoint: 15117 ns, Total: 84568 ns
[2025-05-30T08:21:14.009+0000][69][info ][safepoint   ] Safepoint "Cleanup", Time since last: 1064370136 ns, Reaching safepoint: 5991 ns, Cleanup: 25856 ns, At safepoint: 13884 ns, Total: 45731 ns
[2025-05-30T08:21:20.983+0000][69][info ][safepoint   ] Safepoint "Cleanup", Time since last: 6973467620 ns, Reaching safepoint: 18066 ns, Cleanup: 21812 ns, At safepoint: 88886 ns, Total: 128764 ns
[2025-05-30T08:21:35.034+0000][69][info ][safepoint   ] Safepoint "Cleanup", Time since last: 14051438620 ns, Reaching safepoint: 12050 ns, Cleanup: 12425 ns, At safepoint: 18668 ns, Total: 43143 ns
[2025-05-30T08:21:36.047+0000][69][info ][safepoint   ] Safepoint "Cleanup", Time since last: 1012426754 ns, Reaching safepoint: 17059 ns, Cleanup: 22305 ns, At safepoint: 82407 ns, Total: 121771 ns
[2025-05-30T08:21:37.073+0000][69][info ][safepoint   ] Safepoint "Cleanup", Time since last: 1026507314 ns, Reaching safepoint: 13424 ns, Cleanup: 44150 ns, At safepoint: 63694 ns, Total: 121268 ns
[2025-05-30T08:21:41.073+0000][69][info ][safepoint   ] Safepoint "Cleanup", Time since last: 4002671385 ns, Reaching safepoint: 119897 ns, Cleanup: 19694 ns, At safepoint: 9554 ns, Total: 149145 ns
[2025-05-30T08:22:11.077+0000][69][info ][safepoint   ] Safepoint "Cleanup", Time since last: 30006031817 ns, Reaching safepoint: 112135 ns, Cleanup: 16731 ns, At safepoint: 15503 ns, Total: 144369 ns
[2025-05-30T08:22:38.408+0000][69][info ][safepoint   ] Safepoint "Cleanup", Time since last: 27333593812 ns, Reaching safepoint: 112177 ns, Cleanup: 12946 ns, At safepoint: 51368 ns, Total: 176491 ns
[2025-05-30T08:23:11.105+0000][69][info ][safepoint   ] Safepoint "Cleanup", Time since last: 32700169903 ns, Reaching safepoint: 100985 ns, Cleanup: 23364 ns, At safepoint: 27179 ns, Total: 151528 ns
[2025-05-30T08:23:16.107+0000][69][info ][safepoint   ] Safepoint "Cleanup", Time since last: 5001486894 ns, Reaching safepoint: 109728 ns, Cleanup: 16770 ns, At safepoint: 11941 ns, Total: 138439 ns
[2025-05-30T08:23:36.112+0000][69][info ][safepoint   ] Safepoint "Cleanup", Time since last: 20005005576 ns, Reaching safepoint: 42799 ns, Cleanup: 21549 ns, At safepoint: 11565 ns, Total: 75913 ns
[2025-05-30T08:23:41.108+0000][69][info ][safepoint   ] Safepoint "Cleanup", Time since last: 5001061906 ns, Reaching safepoint: 25784 ns, Cleanup: 14983 ns, At safepoint: 8342 ns, Total: 49109 ns
[2025-05-30T08:23:42.130+0000][69][info ][safepoint   ] Safepoint "Cleanup", Time since last: 1022520234 ns, Reaching safepoint: 97567 ns, Cleanup: 10132 ns, At safepoint: 55462 ns, Total: 163161 ns
[2025-05-30T08:23:44.149+0000][69][info ][safepoint   ] Safepoint "Cleanup", Time since last: 2018828745 ns, Reaching safepoint: 77432 ns, Cleanup: 17115 ns, At safepoint: 17015 ns, Total: 111562 ns
[2025-05-30T08:23:51.151+0000][69][info ][safepoint   ] Safepoint "Cleanup", Time since last: 7001523581 ns, Reaching safepoint: 67026 ns, Cleanup: 12744 ns, At safepoint: 9336 ns, Total: 89106 ns
[2025-05-30T08:23:56.153+0000][69][info ][safepoint   ] Safepoint "Cleanup", Time since last: 5001890583 ns, Reaching safepoint: 27310 ns, Cleanup: 14940 ns, At safepoint: 10153 ns, Total: 52403 ns
[2025-05-30T08:23:57.153+0000][69][info ][safepoint   ] Safepoint "Cleanup", Time since last: 1000618838 ns, Reaching safepoint: 61172 ns, Cleanup: 12053 ns, At safepoint: 7917 ns, Total: 81142 ns
[2025-05-30T08:24:01.155+0000][69][info ][safepoint   ] Safepoint "Cleanup", Time since last: 4001071882 ns, Reaching safepoint: 61480 ns, Cleanup: 17160 ns, At safepoint: 11445 ns, Total: 90085 ns
[2025-05-30T08:24:39.140+0000][69][info ][safepoint   ] Safepoint "Cleanup", Time since last: 37987170099 ns, Reaching safepoint: 53584 ns, Cleanup: 23891 ns, At safepoint: 17870 ns, Total: 95345 ns
[2025-05-30T08:24:41.143+0000][69][info ][safepoint   ] Safepoint "Cleanup", Time since last: 2003527855 ns, Reaching safepoint: 28062 ns, Cleanup: 15741 ns, At safepoint: 10745 ns, Total: 54548 ns
[2025-05-30T08:24:44.404+0000][69][info ][safepoint   ] Safepoint "Cleanup", Time since last: 3260531301 ns, Reaching safepoint: 16348 ns, Cleanup: 13545 ns, At safepoint: 21129 ns, Total: 51022 ns
[2025-05-30T08:24:46.193+0000][69][info ][safepoint   ] Safepoint "Cleanup", Time since last: 1789085594 ns, Reaching safepoint: 38812 ns, Cleanup: 24072 ns, At safepoint: 13778 ns, Total: 76662 ns
[2025-05-30T08:25:14.193+0000][69][info ][safepoint   ] Safepoint "Cleanup", Time since last: 28004592917 ns, Reaching safepoint: 73046 ns, Cleanup: 17760 ns, At safepoint: 10852 ns, Total: 101658 ns
[2025-05-30T08:25:35.173+0000][69][info ][safepoint   ] Safepoint "Cleanup", Time since last: 20979458943 ns, Reaching safepoint: 42853 ns, Cleanup: 18006 ns, At safepoint: 13162 ns, Total: 74021 ns
[2025-05-30T08:25:41.173+0000][69][info ][safepoint   ] Safepoint "Cleanup", Time since last: 6001892428 ns, Reaching safepoint: 75181 ns, Cleanup: 20343 ns, At safepoint: 9492 ns, Total: 105016 ns
[2025-05-30T08:25:48.213+0000][69][info ][safepoint   ] Safepoint "Cleanup", Time since last: 7040558351 ns, Reaching safepoint: 92071 ns, Cleanup: 8721 ns, At safepoint: 30076 ns, Total: 130868 ns
[2025-05-30T08:25:49.262+0000][69][info ][safepoint   ] Safepoint "Cleanup", Time since last: 1048667391 ns, Reaching safepoint: 37369 ns, Cleanup: 248158 ns, At safepoint: 24583 ns, Total: 310110 ns
[2025-05-30T08:25:51.263+0000][69][info ][safepoint   ] Safepoint "Cleanup", Time since last: 2000989552 ns, Reaching safepoint: 33569 ns, Cleanup: 15792 ns, At safepoint: 15041 ns, Total: 64402 ns
[2025-05-30T08:26:06.267+0000][69][info ][safepoint   ] Safepoint "Cleanup", Time since last: 15003074292 ns, Reaching safepoint: 85725 ns, Cleanup: 16038 ns, At safepoint: 8907 ns, Total: 110670 ns
[2025-05-30T08:26:14.265+0000][69][info ][safepoint   ] Safepoint "Cleanup", Time since last: 8001740927 ns, Reaching safepoint: 32445 ns, Cleanup: 16552 ns, At safepoint: 16989 ns, Total: 65986 ns
[2025-05-30T08:26:14.416+0000][69][info ][gc,start    ] GC(16) Pause Young (Concurrent Start) (CodeCache GC Threshold)
[2025-05-30T08:26:14.418+0000][69][info ][gc,task     ] GC(16) Using 10 workers of 10 for evacuation
[2025-05-30T08:26:14.418+0000][69][debug][gc,age      ] GC(16) Desired survivor size 115343360 bytes, new threshold 15 (max threshold 15)
[2025-05-30T08:26:14.532+0000][69][info ][gc,phases   ] GC(16)   Pre Evacuate Collection Set: 10.96ms
[2025-05-30T08:26:14.533+0000][69][info ][gc,phases   ] GC(16)   Merge Heap Roots: 1.35ms
[2025-05-30T08:26:14.533+0000][69][info ][gc,phases   ] GC(16)   Evacuate Collection Set: 86.82ms
[2025-05-30T08:26:14.533+0000][69][info ][gc,phases   ] GC(16)   Post Evacuate Collection Set: 11.83ms
[2025-05-30T08:26:14.534+0000][69][info ][gc,phases   ] GC(16)   Other: 3.84ms
[2025-05-30T08:26:14.534+0000][69][trace][gc,age      ] GC(16) Age table with threshold 15 (max threshold 15)
[2025-05-30T08:26:14.535+0000][69][trace][gc,age      ] GC(16) - age   1:    1522048 bytes,    1522048 total
[2025-05-30T08:26:14.535+0000][69][trace][gc,age      ] GC(16) - age   2:      90784 bytes,    1612832 total
[2025-05-30T08:26:14.535+0000][69][trace][gc,age      ] GC(16) - age   3:    2100536 bytes,    3713368 total
[2025-05-30T08:26:14.536+0000][69][trace][gc,age      ] GC(16) - age   4:     927936 bytes,    4641304 total
[2025-05-30T08:26:14.536+0000][69][info ][gc,heap     ] GC(16) Eden regions: 411->0(580)
[2025-05-30T08:26:14.537+0000][69][info ][gc,heap     ] GC(16) Survivor regions: 2->2(55)
[2025-05-30T08:26:14.537+0000][69][info ][gc,heap     ] GC(16) Old regions: 27->27
[2025-05-30T08:26:14.537+0000][69][info ][gc,heap     ] GC(16) Humongous regions: 0->0
[2025-05-30T08:26:14.538+0000][69][info ][gc,metaspace] GC(16) Metaspace: 147128K(151168K)->147128K(151168K) NonClass: 127045K(129216K)->127045K(129216K) Class: 20082K(21952K)->20082K(21952K)
[2025-05-30T08:26:14.539+0000][69][info ][gc          ] GC(16) Pause Young (Concurrent Start) (CodeCache GC Threshold) 1757M->111M(3880M) 122.625ms
[2025-05-30T08:26:14.539+0000][69][info ][gc,cpu      ] GC(16) User=0.54s Sys=0.04s Real=0.12s
[2025-05-30T08:26:14.540+0000][69][info ][gc          ] GC(17) Concurrent Mark Cycle
[2025-05-30T08:26:14.541+0000][69][info ][gc,marking  ] GC(17) Concurrent Scan Root Regions
[2025-05-30T08:26:14.540+0000][69][info ][safepoint   ] Safepoint "G1TryInitiateConcMark", Time since last: 148225558 ns, Reaching safepoint: 95038 ns, Cleanup: 18199 ns, At safepoint: 126325512 ns, Total: 126438749 ns
[2025-05-30T08:26:14.593+0000][69][info ][gc,marking  ] GC(17) Concurrent Scan Root Regions 52.663ms
[2025-05-30T08:26:14.594+0000][69][info ][gc,marking  ] GC(17) Concurrent Mark
[2025-05-30T08:26:14.594+0000][69][info ][gc,marking  ] GC(17) Concurrent Mark From Roots
[2025-05-30T08:26:14.595+0000][69][info ][gc,task     ] GC(17) Using 3 workers of 3 for marking
[2025-05-30T08:26:14.816+0000][69][info ][gc,marking  ] GC(17) Concurrent Mark From Roots 221.311ms
[2025-05-30T08:26:14.816+0000][69][info ][gc,marking  ] GC(17) Concurrent Preclean
[2025-05-30T08:26:14.818+0000][69][info ][gc,marking  ] GC(17) Concurrent Preclean 1.971ms
[2025-05-30T08:26:14.819+0000][69][info ][gc,start    ] GC(17) Pause Remark
[2025-05-30T08:26:15.419+0000][69][info ][gc,mmu      ] GC(17) MMU target violated: 201.0ms (200.0ms/201.0ms)
[2025-05-30T08:26:15.420+0000][69][info ][gc          ] GC(17) Pause Remark 133M->133M(3880M) 601.102ms
[2025-05-30T08:26:15.420+0000][69][info ][gc,cpu      ] GC(17) User=4.80s Sys=0.02s Real=0.60s
[2025-05-30T08:26:15.421+0000][69][info ][safepoint   ] Safepoint "G1PauseRemark", Time since last: 278716832 ns, Reaching safepoint: 23884 ns, Cleanup: 12357 ns, At safepoint: 602174780 ns, Total: 602211021 ns
[2025-05-30T08:26:15.421+0000][69][info ][gc,marking  ] GC(17) Concurrent Mark 827.607ms
[2025-05-30T08:26:15.422+0000][69][info ][gc,marking  ] GC(17) Concurrent Rebuild Remembered Sets and Scrub Regions
[2025-05-30T08:26:15.474+0000][69][info ][gc,marking  ] GC(17) Concurrent Rebuild Remembered Sets and Scrub Regions 51.661ms
[2025-05-30T08:26:15.478+0000][69][info ][gc,start    ] GC(17) Pause Cleanup
[2025-05-30T08:26:15.479+0000][69][info ][gc          ] GC(17) Pause Cleanup 138M->138M(3880M) 0.914ms
[2025-05-30T08:26:15.479+0000][69][info ][gc,cpu      ] GC(17) User=0.00s Sys=0.00s Real=0.00s
[2025-05-30T08:26:15.480+0000][69][info ][safepoint   ] Safepoint "G1PauseCleanup", Time since last: 53340700 ns, Reaching safepoint: 2240056 ns, Cleanup: 1484885 ns, At safepoint: 1961888 ns, Total: 5686829 ns
[2025-05-30T08:26:15.481+0000][69][info ][gc,marking  ] GC(17) Concurrent Clear Claimed Marks
[2025-05-30T08:26:15.482+0000][69][info ][gc,marking  ] GC(17) Concurrent Clear Claimed Marks 1.355ms
[2025-05-30T08:26:15.483+0000][69][info ][gc,marking  ] GC(17) Concurrent Cleanup for Next Mark
[2025-05-30T08:26:15.580+0000][69][info ][gc,marking  ] GC(17) Concurrent Cleanup for Next Mark 97.418ms
[2025-05-30T08:26:15.581+0000][69][info ][gc          ] GC(17) Concurrent Mark Cycle 1041.424ms
[2025-05-30T08:26:17.540+0000][69][info ][safepoint   ] Safepoint "Cleanup", Time since last: 2059566602 ns, Reaching safepoint: 187055 ns, Cleanup: 12827 ns, At safepoint: 50771 ns, Total: 250653 ns
[2025-05-30T08:26:40.446+0000][69][info ][safepoint   ] Safepoint "Cleanup", Time since last: 22908820790 ns, Reaching safepoint: 16878 ns, Cleanup: 14348 ns, At safepoint: 7604 ns, Total: 38830 ns
[2025-05-30T08:26:41.447+0000][69][info ][safepoint   ] Safepoint "Cleanup", Time since last: 1000648031 ns, Reaching safepoint: 15004 ns, Cleanup: 10600 ns, At safepoint: 7115 ns, Total: 32719 ns
[2025-05-30T08:26:44.448+0000][69][info ][safepoint   ] Safepoint "Cleanup", Time since last: 3001369298 ns, Reaching safepoint: 29068 ns, Cleanup: 14093 ns, At safepoint: 14835 ns, Total: 57996 ns
[2025-05-30T08:26:50.444+0000][69][info ][safepoint   ] Safepoint "Cleanup", Time since last: 5996065972 ns, Reaching safepoint: 13076 ns, Cleanup: 10706 ns, At safepoint: 21091 ns, Total: 44873 ns
[2025-05-30T08:26:51.457+0000][69][info ][safepoint   ] Safepoint "Cleanup", Time since last: 1012855947 ns, Reaching safepoint: 11244 ns, Cleanup: 20897 ns, At safepoint: 36387 ns, Total: 68528 ns
[2025-05-30T08:26:52.624+0000][69][info ][safepoint   ] Safepoint "Cleanup", Time since last: 1166690266 ns, Reaching safepoint: 25578 ns, Cleanup: 26857 ns, At safepoint: 10525 ns, Total: 62960 ns
[2025-05-30T08:26:53.625+0000][69][info ][safepoint   ] Safepoint "Cleanup", Time since last: 1000604113 ns, Reaching safepoint: 29908 ns, Cleanup: 18706 ns, At safepoint: 14842 ns, Total: 63456 ns
[2025-05-30T08:27:20.626+0000][69][info ][safepoint   ] Safepoint "Cleanup", Time since last: 27005333025 ns, Reaching safepoint: 175747 ns, Cleanup: 18197 ns, At safepoint: 14358 ns, Total: 208302 ns
[2025-05-30T08:27:41.239+0000][69][info ][safepoint   ] Safepoint "Cleanup", Time since last: 20615506223 ns, Reaching safepoint: 64953 ns, Cleanup: 23560 ns, At safepoint: 15385 ns, Total: 103898 ns
[2025-05-30T08:27:44.241+0000][69][info ][safepoint   ] Safepoint "Cleanup", Time since last: 3001399591 ns, Reaching safepoint: 29199 ns, Cleanup: 17557 ns, At safepoint: 16124 ns, Total: 62880 ns
[2025-05-30T08:27:51.243+0000][69][info ][safepoint   ] Safepoint "Cleanup", Time since last: 7001699847 ns, Reaching safepoint: 74122 ns, Cleanup: 16897 ns, At safepoint: 13231 ns, Total: 104250 ns
[2025-05-30T08:27:53.670+0000][69][info ][safepoint   ] Safepoint "Cleanup", Time since last: 2427354682 ns, Reaching safepoint: 15782 ns, Cleanup: 10569 ns, At safepoint: 17942 ns, Total: 44293 ns
[2025-05-30T08:27:56.704+0000][69][info ][safepoint   ] Safepoint "Cleanup", Time since last: 3033487890 ns, Reaching safepoint: 31058 ns, Cleanup: 15310 ns, At safepoint: 14331 ns, Total: 60699 ns
[2025-05-30T08:28:10.704+0000][69][info ][safepoint   ] Safepoint "Cleanup", Time since last: 14002993390 ns, Reaching safepoint: 70310 ns, Cleanup: 16737 ns, At safepoint: 10772 ns, Total: 97819 ns
[2025-05-30T08:28:14.706+0000][69][info ][safepoint   ] Safepoint "Cleanup", Time since last: 4001227762 ns, Reaching safepoint: 32451 ns, Cleanup: 16360 ns, At safepoint: 17281 ns, Total: 66092 ns
[2025-05-30T08:28:41.275+0000][69][info ][safepoint   ] Safepoint "Cleanup", Time since last: 26572447271 ns, Reaching safepoint: 34447 ns, Cleanup: 19433 ns, At safepoint: 16114 ns, Total: 69994 ns
[2025-05-30T08:28:51.278+0000][69][info ][safepoint   ] Safepoint "Cleanup", Time since last: 10002357491 ns, Reaching safepoint: 77889 ns, Cleanup: 19864 ns, At safepoint: 42622 ns, Total: 140375 ns
[2025-05-30T08:28:56.479+0000][69][info ][safepoint   ] Safepoint "Cleanup", Time since last: 5200727339 ns, Reaching safepoint: 99783 ns, Cleanup: 8732 ns, At safepoint: 54086 ns, Total: 162601 ns
[2025-05-30T08:28:57.761+0000][69][info ][safepoint   ] Safepoint "Cleanup", Time since last: 1282469865 ns, Reaching safepoint: 29386 ns, Cleanup: 18995 ns, At safepoint: 10501 ns, Total: 58882 ns
[2025-05-30T08:29:07.760+0000][69][info ][safepoint   ] Safepoint "Cleanup", Time since last: 10001939281 ns, Reaching safepoint: 152253 ns, Cleanup: 17113 ns, At safepoint: 18563 ns, Total: 187929 ns
[2025-05-30T08:29:23.778+0000][69][info ][safepoint   ] Safepoint "Cleanup", Time since last: 16017234718 ns, Reaching safepoint: 77371 ns, Cleanup: 17704 ns, At safepoint: 16991 ns, Total: 112066 ns
[2025-05-30T08:29:25.779+0000][69][info ][safepoint   ] Safepoint "Cleanup", Time since last: 2001075893 ns, Reaching safepoint: 34233 ns, Cleanup: 18190 ns, At safepoint: 18320 ns, Total: 70743 ns
[2025-05-30T08:29:30.781+0000][69][info ][safepoint   ] Safepoint "Cleanup", Time since last: 5001667323 ns, Reaching safepoint: 31412 ns, Cleanup: 15920 ns, At safepoint: 14987 ns, Total: 62319 ns
[2025-05-30T08:29:42.311+0000][69][info ][safepoint   ] Safepoint "Cleanup", Time since last: 11532918976 ns, Reaching safepoint: 97315 ns, Cleanup: 20232 ns, At safepoint: 14497 ns, Total: 132044 ns
[2025-05-30T08:29:46.324+0000][69][info ][safepoint   ] Safepoint "Cleanup", Time since last: 4012930752 ns, Reaching safepoint: 33691 ns, Cleanup: 18755 ns, At safepoint: 15444 ns, Total: 67890 ns
[2025-05-30T08:29:56.326+0000][69][info ][safepoint   ] Safepoint "Cleanup", Time since last: 10002109060 ns, Reaching safepoint: 78834 ns, Cleanup: 17953 ns, At safepoint: 34238 ns, Total: 131025 ns
[2025-05-30T08:29:59.487+0000][69][info ][safepoint   ] Safepoint "Cleanup", Time since last: 3157899163 ns, Reaching safepoint: 2167355 ns, Cleanup: 21765 ns, At safepoint: 187715 ns, Total: 2376835 ns
[2025-05-30T08:30:00.801+0000][69][info ][safepoint   ] Safepoint "Cleanup", Time since last: 1314192018 ns, Reaching safepoint: 18965 ns, Cleanup: 15828 ns, At safepoint: 8711 ns, Total: 43504 ns
[2025-05-30T08:30:05.802+0000][69][info ][safepoint   ] Safepoint "Cleanup", Time since last: 5001404733 ns, Reaching safepoint: 31368 ns, Cleanup: 14618 ns, At safepoint: 15427 ns, Total: 61413 ns
[2025-05-30T08:30:13.800+0000][69][info ][safepoint   ] Safepoint "Cleanup", Time since last: 8001950413 ns, Reaching safepoint: 26923 ns, Cleanup: 25905 ns, At safepoint: 11278 ns, Total: 64106 ns
[2025-05-30T08:30:33.348+0000][69][info ][safepoint   ] Safepoint "Cleanup", Time since last: 19547462308 ns, Reaching safepoint: 32615 ns, Cleanup: 15335 ns, At safepoint: 16126 ns, Total: 64076 ns
[2025-05-30T08:30:40.349+0000][69][info ][safepoint   ] Safepoint "Cleanup", Time since last: 7002212458 ns, Reaching safepoint: 48738 ns, Cleanup: 14460 ns, At safepoint: 8458 ns, Total: 71656 ns
[2025-05-30T08:30:41.349+0000][69][info ][safepoint   ] Safepoint "Cleanup", Time since last: 1000583292 ns, Reaching safepoint: 26608 ns, Cleanup: 15512 ns, At safepoint: 10149 ns, Total: 52269 ns
[2025-05-30T08:31:01.353+0000][69][info ][safepoint   ] Safepoint "Cleanup", Time since last: 20003394669 ns, Reaching safepoint: 138297 ns, Cleanup: 18577 ns, At safepoint: 16400 ns, Total: 173274 ns
[2025-05-30T08:31:02.829+0000][69][info ][safepoint   ] Safepoint "Cleanup", Time since last: 1476024820 ns, Reaching safepoint: 111770 ns, Cleanup: 14808 ns, At safepoint: 52468 ns, Total: 179046 ns
[2025-05-30T08:31:17.508+0000][69][info ][safepoint   ] Safepoint "Cleanup", Time since last: 14682172448 ns, Reaching safepoint: 14968 ns, Cleanup: 11031 ns, At safepoint: 4564 ns, Total: 30563 ns
[2025-05-30T08:31:18.901+0000][69][info ][safepoint   ] Safepoint "Cleanup", Time since last: 1392990971 ns, Reaching safepoint: 30200 ns, Cleanup: 20031 ns, At safepoint: 15545 ns, Total: 65776 ns
[2025-05-30T08:31:19.935+0000][69][info ][safepoint   ] Safepoint "Cleanup", Time since last: 1034043984 ns, Reaching safepoint: 29834 ns, Cleanup: 14804 ns, At safepoint: 14472 ns, Total: 59110 ns
[2025-05-30T08:31:20.936+0000][69][info ][safepoint   ] Safepoint "Cleanup", Time since last: 1000855172 ns, Reaching safepoint: 30122 ns, Cleanup: 14549 ns, At safepoint: 14989 ns, Total: 59660 ns
[2025-05-30T08:31:40.384+0000][69][info ][safepoint   ] Safepoint "Cleanup", Time since last: 19449840922 ns, Reaching safepoint: 49907 ns, Cleanup: 13913 ns, At safepoint: 7942 ns, Total: 71762 ns
[2025-05-30T08:31:44.385+0000][69][info ][safepoint   ] Safepoint "Cleanup", Time since last: 4001231256 ns, Reaching safepoint: 21626 ns, Cleanup: 12710 ns, At safepoint: 8623 ns, Total: 42959 ns
[2025-05-30T08:31:45.386+0000][69][info ][safepoint   ] Safepoint "Cleanup", Time since last: 1000958650 ns, Reaching safepoint: 20770 ns, Cleanup: 13294 ns, At safepoint: 9577 ns, Total: 43641 ns
[2025-05-30T08:31:46.387+0000][69][info ][safepoint   ] Safepoint "Cleanup", Time since last: 1000775338 ns, Reaching safepoint: 31040 ns, Cleanup: 17213 ns, At safepoint: 15073 ns, Total: 63326 ns
[2025-05-30T08:31:50.609+0000][69][info ][safepoint   ] Safepoint "Cleanup", Time since last: 4222163998 ns, Reaching safepoint: 14236 ns, Cleanup: 13599 ns, At safepoint: 22779 ns, Total: 50614 ns
[2025-05-30T08:32:04.642+0000][69][info ][safepoint   ] Safepoint "Cleanup", Time since last: 14033152282 ns, Reaching safepoint: 68346 ns, Cleanup: 14481 ns, At safepoint: 29279 ns, Total: 112106 ns
[2025-05-30T08:32:05.955+0000][69][info ][safepoint   ] Safepoint "Cleanup", Time since last: 1312225531 ns, Reaching safepoint: 6332 ns, Cleanup: 10133 ns, At safepoint: 3060 ns, Total: 19525 ns
[2025-05-30T08:32:40.421+0000][69][info ][safepoint   ] Safepoint "Cleanup", Time since last: 34472180179 ns, Reaching safepoint: 52781 ns, Cleanup: 22303 ns, At safepoint: 10451 ns, Total: 85535 ns
[2025-05-30T08:32:42.422+0000][69][info ][safepoint   ] Safepoint "Cleanup", Time since last: 2000818209 ns, Reaching safepoint: 38821 ns, Cleanup: 17576 ns, At safepoint: 11045 ns, Total: 67442 ns
[2025-05-30T08:33:04.426+0000][69][info ][safepoint   ] Safepoint "Cleanup", Time since last: 22003580808 ns, Reaching safepoint: 75045 ns, Cleanup: 13869 ns, At safepoint: 9635 ns, Total: 98549 ns
[2025-05-30T08:33:21.018+0000][69][info ][safepoint   ] Safepoint "Cleanup", Time since last: 16595542586 ns, Reaching safepoint: 81226 ns, Cleanup: 16832 ns, At safepoint: 17011 ns, Total: 115069 ns
[2025-05-30T08:33:40.455+0000][69][info ][safepoint   ] Safepoint "Cleanup", Time since last: 19439272360 ns, Reaching safepoint: 42715 ns, Cleanup: 25112 ns, At safepoint: 19239 ns, Total: 87066 ns
[2025-05-30T08:33:44.457+0000][69][info ][safepoint   ] Safepoint "Cleanup", Time since last: 4001424613 ns, Reaching safepoint: 137541 ns, Cleanup: 19787 ns, At safepoint: 12715 ns, Total: 170043 ns
[2025-05-30T08:34:11.461+0000][69][info ][safepoint   ] Safepoint "Cleanup", Time since last: 27006881925 ns, Reaching safepoint: 68292 ns, Cleanup: 14202 ns, At safepoint: 8830 ns, Total: 91324 ns
[2025-05-30T08:34:13.057+0000][69][info ][safepoint   ] Safepoint "Cleanup", Time since last: 1596515467 ns, Reaching safepoint: 56151 ns, Cleanup: 18943 ns, At safepoint: 12894 ns, Total: 87988 ns
[2025-05-30T08:34:24.060+0000][69][info ][safepoint   ] Safepoint "Cleanup", Time since last: 11002800702 ns, Reaching safepoint: 31605 ns, Cleanup: 16028 ns, At safepoint: 16294 ns, Total: 63927 ns
[2025-05-30T08:34:46.489+0000][69][info ][safepoint   ] Safepoint "Cleanup", Time since last: 22430541949 ns, Reaching safepoint: 65083 ns, Cleanup: 14753 ns, At safepoint: 15548 ns, Total: 95384 ns
[2025-05-30T08:35:06.493+0000][69][info ][safepoint   ] Safepoint "Cleanup", Time since last: 20004538411 ns, Reaching safepoint: 72853 ns, Cleanup: 18259 ns, At safepoint: 14997 ns, Total: 106109 ns
[2025-05-30T08:35:14.472+0000][69][info ][safepoint   ] Safepoint "Cleanup", Time since last: 7981137084 ns, Reaching safepoint: 201304 ns, Cleanup: 12291 ns, At safepoint: 135130 ns, Total: 348725 ns
[2025-05-30T08:35:16.109+0000][69][info ][safepoint   ] Safepoint "Cleanup", Time since last: 1637151337 ns, Reaching safepoint: 29275 ns, Cleanup: 17010 ns, At safepoint: 11564 ns, Total: 57849 ns
[2025-05-30T08:35:41.522+0000][69][info ][safepoint   ] Safepoint "Cleanup", Time since last: 25415934711 ns, Reaching safepoint: 29490 ns, Cleanup: 16339 ns, At safepoint: 15059 ns, Total: 60888 ns
[2025-05-30T08:35:50.469+0000][69][info ][safepoint   ] Safepoint "Cleanup", Time since last: 8946499671 ns, Reaching safepoint: 42354 ns, Cleanup: 11180 ns, At safepoint: 22152 ns, Total: 75686 ns
[2025-05-30T08:35:52.155+0000][69][info ][safepoint   ] Safepoint "Cleanup", Time since last: 1686377049 ns, Reaching safepoint: 32746 ns, Cleanup: 23598 ns, At safepoint: 18072 ns, Total: 74416 ns
[2025-05-30T08:35:54.156+0000][69][info ][safepoint   ] Safepoint "Cleanup", Time since last: 2000775368 ns, Reaching safepoint: 34048 ns, Cleanup: 16869 ns, At safepoint: 18293 ns, Total: 69210 ns
[2025-05-30T08:36:17.482+0000][69][info ][safepoint   ] Safepoint "Cleanup", Time since last: 23328253652 ns, Reaching safepoint: 7077 ns, Cleanup: 67593 ns, At safepoint: 15697 ns, Total: 90367 ns
[2025-05-30T08:36:19.178+0000][69][info ][safepoint   ] Safepoint "Cleanup", Time since last: 1696331556 ns, Reaching safepoint: 25815 ns, Cleanup: 14555 ns, At safepoint: 9292 ns, Total: 49662 ns
[2025-05-30T08:36:21.196+0000][69][info ][safepoint   ] Safepoint "Cleanup", Time since last: 2017887417 ns, Reaching safepoint: 12829 ns, Cleanup: 13677 ns, At safepoint: 65031 ns, Total: 91537 ns
[2025-05-30T08:36:23.206+0000][69][info ][safepoint   ] Safepoint "Cleanup", Time since last: 2010055248 ns, Reaching safepoint: 31942 ns, Cleanup: 23956 ns, At safepoint: 16869 ns, Total: 72767 ns
[2025-05-30T08:36:24.250+0000][69][info ][safepoint   ] Safepoint "Cleanup", Time since last: 1043516805 ns, Reaching safepoint: 32626 ns, Cleanup: 17794 ns, At safepoint: 16713 ns, Total: 67133 ns
[2025-05-30T08:36:40.556+0000][69][info ][safepoint   ] Safepoint "Cleanup", Time since last: 16308414006 ns, Reaching safepoint: 19576 ns, Cleanup: 13786 ns, At safepoint: 7263 ns, Total: 40625 ns
[2025-05-30T08:36:45.557+0000][69][info ][safepoint   ] Safepoint "Cleanup", Time since last: 5001402080 ns, Reaching safepoint: 39640 ns, Cleanup: 18386 ns, At safepoint: 18742 ns, Total: 76768 ns
[2025-05-30T08:36:50.594+0000][69][info ][safepoint   ] Safepoint "Cleanup", Time since last: 5036848575 ns, Reaching safepoint: 16152 ns, Cleanup: 16362 ns, At safepoint: 20365 ns, Total: 52879 ns
[2025-05-30T08:36:51.857+0000][69][info ][safepoint   ] Safepoint "Cleanup", Time since last: 1262934770 ns, Reaching safepoint: 30829 ns, Cleanup: 17581 ns, At safepoint: 11508 ns, Total: 59918 ns
[2025-05-30T08:36:54.858+0000][69][info ][safepoint   ] Safepoint "Cleanup", Time since last: 3000995177 ns, Reaching safepoint: 32798 ns, Cleanup: 22908 ns, At safepoint: 18893 ns, Total: 74599 ns
[2025-05-30T08:37:20.470+0000][69][info ][safepoint   ] Safepoint "Cleanup", Time since last: 25613522430 ns, Reaching safepoint: 1136782 ns, Cleanup: 18741 ns, At safepoint: 97665 ns, Total: 1253188 ns
[2025-05-30T08:37:22.313+0000][69][info ][safepoint   ] Safepoint "Cleanup", Time since last: 1843649127 ns, Reaching safepoint: 12974 ns, Cleanup: 25783 ns, At safepoint: 22734 ns, Total: 61491 ns
[2025-05-30T08:37:40.586+0000][69][info ][safepoint   ] Safepoint "Cleanup", Time since last: 18275641241 ns, Reaching safepoint: 34457 ns, Cleanup: 18689 ns, At safepoint: 15154 ns, Total: 68300 ns
[2025-05-30T08:38:24.342+0000][69][info ][safepoint   ] Safepoint "Cleanup", Time since last: 43758715035 ns, Reaching safepoint: 26865 ns, Cleanup: 14961 ns, At safepoint: 78858 ns, Total: 120684 ns
[2025-05-30T08:38:35.632+0000][69][info ][safepoint   ] Safepoint "Cleanup", Time since last: 11289281660 ns, Reaching safepoint: 76477 ns, Cleanup: 16433 ns, At safepoint: 16594 ns, Total: 109504 ns
[2025-05-30T08:39:26.459+0000][69][info ][safepoint   ] Safepoint "Cleanup", Time since last: 50831526201 ns, Reaching safepoint: 18844 ns, Cleanup: 13587 ns, At safepoint: 20767 ns, Total: 53198 ns
[2025-05-30T08:39:28.401+0000][69][info ][safepoint   ] Safepoint "Cleanup", Time since last: 1942034289 ns, Reaching safepoint: 30908 ns, Cleanup: 16508 ns, At safepoint: 15472 ns, Total: 62888 ns
[2025-05-30T08:39:45.663+0000][69][info ][safepoint   ] Safepoint "Cleanup", Time since last: 17265629790 ns, Reaching safepoint: 29520 ns, Cleanup: 14914 ns, At safepoint: 15090 ns, Total: 59524 ns
[2025-05-30T08:40:13.667+0000][69][info ][safepoint   ] Safepoint "Cleanup", Time since last: 28005686496 ns, Reaching safepoint: 30682 ns, Cleanup: 15513 ns, At safepoint: 59542 ns, Total: 105737 ns
[2025-05-30T08:40:29.476+0000][69][info ][safepoint   ] Safepoint "Cleanup", Time since last: 15807342799 ns, Reaching safepoint: 2146907 ns, Cleanup: 25451 ns, At safepoint: 176547 ns, Total: 2348905 ns
[2025-05-30T08:40:31.447+0000][69][info ][safepoint   ] Safepoint "Cleanup", Time since last: 1970519989 ns, Reaching safepoint: 33440 ns, Cleanup: 19628 ns, At safepoint: 14424 ns, Total: 67492 ns
[2025-05-30T08:41:01.701+0000][69][info ][safepoint   ] Safepoint "Cleanup", Time since last: 30257049821 ns, Reaching safepoint: 61253 ns, Cleanup: 13388 ns, At safepoint: 8154 ns, Total: 82795 ns
[2025-05-30T08:41:23.461+0000][69][info ][safepoint   ] Safepoint "Cleanup", Time since last: 21761483440 ns, Reaching safepoint: 59016 ns, Cleanup: 9679 ns, At safepoint: 22606 ns, Total: 91301 ns
[2025-05-30T08:41:24.466+0000][69][info ][safepoint   ] Safepoint "Cleanup", Time since last: 1005583074 ns, Reaching safepoint: 15401 ns, Cleanup: 10402 ns, At safepoint: 19850 ns, Total: 45653 ns
[2025-05-30T08:41:32.474+0000][69][info ][safepoint   ] Safepoint "Cleanup", Time since last: 8007383998 ns, Reaching safepoint: 374972 ns, Cleanup: 11589 ns, At safepoint: 90122 ns, Total: 476683 ns
[2025-05-30T08:42:35.497+0000][69][info ][safepoint   ] Safepoint "Cleanup", Time since last: 63028337989 ns, Reaching safepoint: 26686 ns, Cleanup: 12502 ns, At safepoint: 35432 ns, Total: 74620 ns
[2025-05-30T08:42:36.691+0000][69][info ][safepoint   ] Safepoint "Cleanup", Time since last: 1194102953 ns, Reaching safepoint: 19442 ns, Cleanup: 14585 ns, At safepoint: 8361 ns, Total: 42388 ns
[2025-05-30T08:42:57.694+0000][69][info ][safepoint   ] Safepoint "Cleanup", Time since last: 21005755084 ns, Reaching safepoint: 76974 ns, Cleanup: 17798 ns, At safepoint: 30617 ns, Total: 125389 ns
[2025-05-30T08:43:38.451+0000][69][info ][safepoint   ] Safepoint "Cleanup", Time since last: 40762574915 ns, Reaching safepoint: 18966 ns, Cleanup: 12548 ns, At safepoint: 15297 ns, Total: 46811 ns
[2025-05-30T08:43:45.734+0000][69][info ][safepoint   ] Safepoint "Cleanup", Time since last: 7282847892 ns, Reaching safepoint: 82199 ns, Cleanup: 12829 ns, At safepoint: 9390 ns, Total: 104418 ns
[2025-05-30T08:43:55.737+0000][69][info ][safepoint   ] Safepoint "Cleanup", Time since last: 10002398210 ns, Reaching safepoint: 38153 ns, Cleanup: 22240 ns, At safepoint: 16615 ns, Total: 77008 ns
[2025-05-30T08:44:40.823+0000][69][info ][safepoint   ] Safepoint "Cleanup", Time since last: 45092244112 ns, Reaching safepoint: 22356 ns, Cleanup: 15555 ns, At safepoint: 8448 ns, Total: 46359 ns
[2025-05-30T08:44:42.776+0000][69][info ][safepoint   ] Safepoint "Cleanup", Time since last: 1952538423 ns, Reaching safepoint: 70051 ns, Cleanup: 22038 ns, At safepoint: 31953 ns, Total: 124042 ns
[2025-05-30T08:45:44.800+0000][69][info ][safepoint   ] Safepoint "Cleanup", Time since last: 62029024942 ns, Reaching safepoint: 17845 ns, Cleanup: 20274 ns, At safepoint: 79013 ns, Total: 117132 ns
[2025-05-30T08:45:45.834+0000][69][info ][safepoint   ] Safepoint "Cleanup", Time since last: 1033748087 ns, Reaching safepoint: 34445 ns, Cleanup: 21682 ns, At safepoint: 18744 ns, Total: 74871 ns
[2025-05-30T08:46:00.837+0000][69][info ][safepoint   ] Safepoint "Cleanup", Time since last: 15003227971 ns, Reaching safepoint: 58620 ns, Cleanup: 17605 ns, At safepoint: 10219 ns, Total: 86444 ns
[2025-05-30T08:46:25.839+0000][69][info ][safepoint   ] Safepoint "Cleanup", Time since last: 25004466019 ns, Reaching safepoint: 104160 ns, Cleanup: 15993 ns, At safepoint: 9370 ns, Total: 129523 ns
[2025-05-30T08:46:29.925+0000][69][info ][safepoint   ] Safepoint "Cleanup", Time since last: 4085549998 ns, Reaching safepoint: 46349 ns, Cleanup: 13516 ns, At safepoint: 12285 ns, Total: 72150 ns
[2025-05-30T08:46:30.926+0000][69][info ][safepoint   ] Safepoint "Cleanup", Time since last: 1000788204 ns, Reaching safepoint: 29489 ns, Cleanup: 15360 ns, At safepoint: 15851 ns, Total: 60700 ns
[2025-05-30T08:46:40.891+0000][69][info ][safepoint   ] Safepoint "Cleanup", Time since last: 9968170285 ns, Reaching safepoint: 31663 ns, Cleanup: 12480 ns, At safepoint: 8465 ns, Total: 52608 ns
[2025-05-30T08:46:47.510+0000][69][info ][safepoint   ] Safepoint "Cleanup", Time since last: 6618872162 ns, Reaching safepoint: 9131 ns, Cleanup: 10632 ns, At safepoint: 27091 ns, Total: 46854 ns
[2025-05-30T08:46:48.965+0000][69][info ][safepoint   ] Safepoint "Cleanup", Time since last: 1454451745 ns, Reaching safepoint: 13809 ns, Cleanup: 13820 ns, At safepoint: 19631 ns, Total: 47260 ns
[2025-05-30T08:46:50.570+0000][69][info ][safepoint   ] Safepoint "Cleanup", Time since last: 1605417289 ns, Reaching safepoint: 10128 ns, Cleanup: 9488 ns, At safepoint: 16646 ns, Total: 36262 ns
[2025-05-30T08:46:52.293+0000][69][info ][safepoint   ] Safepoint "Cleanup", Time since last: 1722504324 ns, Reaching safepoint: 41931 ns, Cleanup: 82969 ns, At safepoint: 21248 ns, Total: 146148 ns
[2025-05-30T08:46:56.294+0000][69][info ][safepoint   ] Safepoint "Cleanup", Time since last: 4001202874 ns, Reaching safepoint: 35227 ns, Cleanup: 14762 ns, At safepoint: 15094 ns, Total: 65083 ns
[2025-05-30T08:47:12.294+0000][69][info ][safepoint   ] Safepoint "Cleanup", Time since last: 16002866073 ns, Reaching safepoint: 72161 ns, Cleanup: 16263 ns, At safepoint: 16528 ns, Total: 104952 ns
[2025-05-30T08:47:21.296+0000][69][info ][safepoint   ] Safepoint "Cleanup", Time since last: 9002088957 ns, Reaching safepoint: 165035 ns, Cleanup: 18021 ns, At safepoint: 20786 ns, Total: 203842 ns
[2025-05-30T08:47:40.923+0000][69][info ][safepoint   ] Safepoint "Cleanup", Time since last: 19630065357 ns, Reaching safepoint: 41149 ns, Cleanup: 12953 ns, At safepoint: 9142 ns, Total: 63244 ns
[2025-05-30T08:47:50.459+0000][69][info ][safepoint   ] Safepoint "Cleanup", Time since last: 9535959203 ns, Reaching safepoint: 17870 ns, Cleanup: 12152 ns, At safepoint: 5383 ns, Total: 35405 ns
[2025-05-30T08:47:52.004+0000][69][info ][safepoint   ] Safepoint "Cleanup", Time since last: 1545208692 ns, Reaching safepoint: 34595 ns, Cleanup: 21203 ns, At safepoint: 12622 ns, Total: 68420 ns
[2025-05-30T08:48:12.006+0000][69][info ][safepoint   ] Safepoint "Cleanup", Time since last: 20003625551 ns, Reaching safepoint: 67959 ns, Cleanup: 14928 ns, At safepoint: 15305 ns, Total: 98192 ns
[2025-05-30T08:48:53.492+0000][69][info ][safepoint   ] Safepoint "Cleanup", Time since last: 41488171063 ns, Reaching safepoint: 15583 ns, Cleanup: 17557 ns, At safepoint: 83061 ns, Total: 116201 ns
[2025-05-30T08:49:26.110+0000][69][info ][safepoint   ] Safepoint "Cleanup", Time since last: 32620611868 ns, Reaching safepoint: 89472 ns, Cleanup: 14914 ns, At safepoint: 10365 ns, Total: 114751 ns
[2025-05-30T08:49:36.109+0000][69][info ][safepoint   ] Safepoint "Cleanup", Time since last: 9999207468 ns, Reaching safepoint: 104503 ns, Cleanup: 15697 ns, At safepoint: 8674 ns, Total: 128874 ns
[2025-05-30T08:49:41.108+0000][69][info ][safepoint   ] Safepoint "Cleanup", Time since last: 5001319984 ns, Reaching safepoint: 27144 ns, Cleanup: 19061 ns, At safepoint: 11142 ns, Total: 57347 ns
[2025-05-30T08:49:42.109+0000][69][info ][safepoint   ] Safepoint "Cleanup", Time since last: 1000679334 ns, Reaching safepoint: 30564 ns, Cleanup: 18262 ns, At safepoint: 12367 ns, Total: 61193 ns
[2025-05-30T08:49:56.112+0000][69][info ][safepoint   ] Safepoint "Cleanup", Time since last: 14003013945 ns, Reaching safepoint: 160746 ns, Cleanup: 20181 ns, At safepoint: 17698 ns, Total: 198625 ns
[2025-05-30T08:49:57.133+0000][69][info ][safepoint   ] Safepoint "Cleanup", Time since last: 1020414814 ns, Reaching safepoint: 6091 ns, Cleanup: 14731 ns, At safepoint: 13696 ns, Total: 34518 ns
[2025-05-30T08:49:58.158+0000][69][info ][safepoint   ] Safepoint "Cleanup", Time since last: 1025493900 ns, Reaching safepoint: 43537 ns, Cleanup: 17967 ns, At safepoint: 16951 ns, Total: 78455 ns
[2025-05-30T08:50:13.158+0000][69][info ][safepoint   ] Safepoint "Cleanup", Time since last: 15002974860 ns, Reaching safepoint: 19979 ns, Cleanup: 11278 ns, At safepoint: 7926 ns, Total: 39183 ns
[2025-05-30T08:50:14.159+0000][69][info ][safepoint   ] Safepoint "Cleanup", Time since last: 1000573758 ns, Reaching safepoint: 30991 ns, Cleanup: 22863 ns, At safepoint: 17249 ns, Total: 71103 ns
[2025-05-30T08:50:36.143+0000][69][info ][safepoint   ] Safepoint "Cleanup", Time since last: 21984124874 ns, Reaching safepoint: 62947 ns, Cleanup: 16667 ns, At safepoint: 11351 ns, Total: 90965 ns
[2025-05-30T08:50:38.145+0000][69][info ][safepoint   ] Safepoint "Cleanup", Time since last: 2003990422 ns, Reaching safepoint: 25104 ns, Cleanup: 13392 ns, At safepoint: 11031 ns, Total: 49527 ns
[2025-05-30T08:50:41.148+0000][69][info ][safepoint   ] Safepoint "Cleanup", Time since last: 3003629328 ns, Reaching safepoint: 29873 ns, Cleanup: 20376 ns, At safepoint: 16560 ns, Total: 66809 ns
[2025-05-30T08:50:44.483+0000][69][info ][safepoint   ] Safepoint "Cleanup", Time since last: 3334267836 ns, Reaching safepoint: 146323 ns, Cleanup: 16724 ns, At safepoint: 59512 ns, Total: 222559 ns
[2025-05-30T08:50:46.181+0000][69][info ][safepoint   ] Safepoint "Cleanup", Time since last: 1698019804 ns, Reaching safepoint: 29586 ns, Cleanup: 15230 ns, At safepoint: 17827 ns, Total: 62643 ns
[2025-05-30T08:50:54.220+0000][69][info ][safepoint   ] Safepoint "Cleanup", Time since last: 8038553385 ns, Reaching safepoint: 46463 ns, Cleanup: 10251 ns, At safepoint: 38027 ns, Total: 94741 ns
[2025-05-30T08:50:59.524+0000][69][info ][safepoint   ] Safepoint "Cleanup", Time since last: 5303934829 ns, Reaching safepoint: 43310 ns, Cleanup: 20631 ns, At safepoint: 84065 ns, Total: 148006 ns
[2025-05-30T08:51:01.278+0000][69][info ][safepoint   ] Safepoint "Cleanup", Time since last: 1754293845 ns, Reaching safepoint: 33834 ns, Cleanup: 16450 ns, At safepoint: 16956 ns, Total: 67240 ns
[2025-05-30T08:51:20.554+0000][69][info ][safepoint   ] Safepoint "Cleanup", Time since last: 19279736899 ns, Reaching safepoint: 31608 ns, Cleanup: 17433 ns, At safepoint: 67728 ns, Total: 116769 ns
[2025-05-30T08:51:29.480+0000][69][info ][safepoint   ] Safepoint "Cleanup", Time since last: 8925617227 ns, Reaching safepoint: 27446 ns, Cleanup: 7932 ns, At safepoint: 26314 ns, Total: 61692 ns
[2025-05-30T08:51:31.322+0000][69][info ][safepoint   ] Safepoint "Cleanup", Time since last: 1841837512 ns, Reaching safepoint: 33655 ns, Cleanup: 259599 ns, At safepoint: 44619 ns, Total: 337873 ns
[2025-05-30T08:51:41.172+0000][69][info ][safepoint   ] Safepoint "Cleanup", Time since last: 9851876156 ns, Reaching safepoint: 133398 ns, Cleanup: 16631 ns, At safepoint: 13643 ns, Total: 163672 ns
[2025-05-30T08:51:50.675+0000][69][info ][safepoint   ] Safepoint "Cleanup", Time since last: 9502856622 ns, Reaching safepoint: 16230 ns, Cleanup: 20942 ns, At safepoint: 83984 ns, Total: 121156 ns
[2025-05-30T08:52:01.712+0000][69][info ][safepoint   ] Safepoint "Cleanup", Time since last: 11036274955 ns, Reaching safepoint: 78231 ns, Cleanup: 13726 ns, At safepoint: 10456 ns, Total: 102413 ns
[2025-05-30T08:52:41.202+0000][69][info ][safepoint   ] Safepoint "Cleanup", Time since last: 39494723400 ns, Reaching safepoint: 59109 ns, Cleanup: 87260 ns, At safepoint: 11386 ns, Total: 157755 ns
[2025-05-30T08:52:42.214+0000][69][info ][safepoint   ] Safepoint "Cleanup", Time since last: 1012752732 ns, Reaching safepoint: 26926 ns, Cleanup: 16470 ns, At safepoint: 10793 ns, Total: 54189 ns
[2025-05-30T08:52:46.220+0000][69][info ][safepoint   ] Safepoint "Cleanup", Time since last: 4005282070 ns, Reaching safepoint: 32647 ns, Cleanup: 16442 ns, At safepoint: 16776 ns, Total: 65865 ns
[2025-05-30T08:53:14.433+0000][69][info ][safepoint   ] Safepoint "Cleanup", Time since last: 28215695579 ns, Reaching safepoint: 49190 ns, Cleanup: 9985 ns, At safepoint: 6616 ns, Total: 65791 ns
[2025-05-30T08:53:36.237+0000][69][info ][safepoint   ] Safepoint "Cleanup", Time since last: 21804743114 ns, Reaching safepoint: 17417 ns, Cleanup: 12319 ns, At safepoint: 7363 ns, Total: 37099 ns
[2025-05-30T08:54:09.502+0000][69][info ][safepoint   ] Safepoint "Cleanup", Time since last: 33267025462 ns, Reaching safepoint: 2347708 ns, Cleanup: 20654 ns, At safepoint: 132215 ns, Total: 2500577 ns
[2025-05-30T08:54:10.532+0000][69][info ][safepoint   ] Safepoint "Cleanup", Time since last: 1030340197 ns, Reaching safepoint: 62421 ns, Cleanup: 15584 ns, At safepoint: 13232 ns, Total: 91237 ns
[2025-05-30T08:54:14.533+0000][69][info ][safepoint   ] Safepoint "Cleanup", Time since last: 4001176271 ns, Reaching safepoint: 29804 ns, Cleanup: 17902 ns, At safepoint: 10214 ns, Total: 57920 ns
[2025-05-30T08:54:44.271+0000][69][info ][safepoint   ] Safepoint "Cleanup", Time since last: 29739777158 ns, Reaching safepoint: 80334 ns, Cleanup: 14160 ns, At safepoint: 9994 ns, Total: 104488 ns
[2025-05-30T08:55:11.273+0000][69][info ][safepoint   ] Safepoint "Cleanup", Time since last: 27004688754 ns, Reaching safepoint: 44121 ns, Cleanup: 16181 ns, At safepoint: 16694 ns, Total: 76996 ns
[2025-05-30T08:55:12.499+0000][69][info ][safepoint   ] Safepoint "Cleanup", Time since last: 1225687024 ns, Reaching safepoint: 63891 ns, Cleanup: 123480 ns, At safepoint: 47440 ns, Total: 234811 ns
[2025-05-30T08:55:14.575+0000][69][info ][safepoint   ] Safepoint "Cleanup", Time since last: 2076487876 ns, Reaching safepoint: 32356 ns, Cleanup: 19954 ns, At safepoint: 16379 ns, Total: 68689 ns
[2025-05-30T08:56:14.456+0000][69][info ][safepoint   ] Safepoint "Cleanup", Time since last: 59885461824 ns, Reaching safepoint: 15103 ns, Cleanup: 12489 ns, At safepoint: 14271 ns, Total: 41863 ns
[2025-05-30T08:56:15.624+0000][69][info ][safepoint   ] Safepoint "Cleanup", Time since last: 1167428681 ns, Reaching safepoint: 29506 ns, Cleanup: 17411 ns, At safepoint: 16183 ns, Total: 63100 ns
[2025-05-30T08:56:32.454+0000][69][info ][safepoint   ] Safepoint "Cleanup", Time since last: 16830162454 ns, Reaching safepoint: 25262 ns, Cleanup: 12814 ns, At safepoint: 16005 ns, Total: 54081 ns
[2025-05-30T08:56:34.345+0000][69][info ][safepoint   ] Safepoint "Cleanup", Time since last: 1890675640 ns, Reaching safepoint: 30006 ns, Cleanup: 162401 ns, At safepoint: 33024 ns, Total: 225431 ns
[2025-05-30T08:56:35.726+0000][69][info ][safepoint   ] Safepoint "Cleanup", Time since last: 1381585314 ns, Reaching safepoint: 30228 ns, Cleanup: 22780 ns, At safepoint: 15824 ns, Total: 68832 ns
[2025-05-30T08:56:44.726+0000][69][info ][safepoint   ] Safepoint "Cleanup", Time since last: 9001977144 ns, Reaching safepoint: 18678 ns, Cleanup: 11845 ns, At safepoint: 6872 ns, Total: 37395 ns
[2025-05-30T08:56:50.549+0000][69][info ][safepoint   ] Safepoint "Cleanup", Time since last: 5823288845 ns, Reaching safepoint: 27648 ns, Cleanup: 14895 ns, At safepoint: 69187 ns, Total: 111730 ns
[2025-05-30T08:56:55.558+0000][69][info ][safepoint   ] Safepoint "Cleanup", Time since last: 5009244381 ns, Reaching safepoint: 34521 ns, Cleanup: 17667 ns, At safepoint: 19183 ns, Total: 71371 ns
[2025-05-30T08:57:12.559+0000][69][info ][safepoint   ] Safepoint "Cleanup", Time since last: 17003094528 ns, Reaching safepoint: 81342 ns, Cleanup: 17698 ns, At safepoint: 16900 ns, Total: 115940 ns
[2025-05-30T08:57:15.560+0000][69][info ][safepoint   ] Safepoint "Cleanup", Time since last: 3001107155 ns, Reaching safepoint: 32472 ns, Cleanup: 16903 ns, At safepoint: 15546 ns, Total: 64921 ns
[2025-05-30T08:57:17.486+0000][69][info ][safepoint   ] Safepoint "Cleanup", Time since last: 1925091343 ns, Reaching safepoint: 16254 ns, Cleanup: 21121 ns, At safepoint: 81663 ns, Total: 119038 ns
[2025-05-30T08:57:22.768+0000][69][info ][safepoint   ] Safepoint "Cleanup", Time since last: 5282067863 ns, Reaching safepoint: 42373 ns, Cleanup: 18639 ns, At safepoint: 17837 ns, Total: 78849 ns
[2025-05-30T08:57:25.769+0000][69][info ][safepoint   ] Safepoint "Cleanup", Time since last: 3001147279 ns, Reaching safepoint: 36364 ns, Cleanup: 18918 ns, At safepoint: 16096 ns, Total: 71378 ns
[2025-05-30T08:57:32.771+0000][69][info ][safepoint   ] Safepoint "Cleanup", Time since last: 7001823352 ns, Reaching safepoint: 84329 ns, Cleanup: 25677 ns, At safepoint: 19009 ns, Total: 129015 ns
[2025-05-30T08:57:39.376+0000][69][info ][safepoint   ] Safepoint "Cleanup", Time since last: 6608200878 ns, Reaching safepoint: 19127 ns, Cleanup: 12558 ns, At safepoint: 7868 ns, Total: 39553 ns
[2025-05-30T08:57:46.377+0000][69][info ][safepoint   ] Safepoint "Cleanup", Time since last: 7001694126 ns, Reaching safepoint: 34130 ns, Cleanup: 15325 ns, At safepoint: 16800 ns, Total: 66255 ns
[2025-05-30T08:57:51.379+0000][69][info ][safepoint   ] Safepoint "Cleanup", Time since last: 5001559021 ns, Reaching safepoint: 32332 ns, Cleanup: 15666 ns, At safepoint: 16222 ns, Total: 64220 ns
[2025-05-30T08:58:20.451+0000][69][info ][safepoint   ] Safepoint "Cleanup", Time since last: 29074012886 ns, Reaching safepoint: 16229 ns, Cleanup: 17394 ns, At safepoint: 78592 ns, Total: 112215 ns
[2025-05-30T08:58:39.409+0000][69][info ][safepoint   ] Safepoint "Cleanup", Time since last: 18960295098 ns, Reaching safepoint: 29545 ns, Cleanup: 15039 ns, At safepoint: 10441 ns, Total: 55025 ns
[2025-05-30T08:58:40.410+0000][69][info ][safepoint   ] Safepoint "Cleanup", Time since last: 1000670014 ns, Reaching safepoint: 32385 ns, Cleanup: 16399 ns, At safepoint: 17197 ns, Total: 65981 ns
[2025-05-30T08:59:14.414+0000][69][info ][safepoint   ] Safepoint "Cleanup", Time since last: 34006460600 ns, Reaching safepoint: 82038 ns, Cleanup: 10973 ns, At safepoint: 22967 ns, Total: 115978 ns
[2025-05-30T08:59:15.415+0000][69][info ][safepoint   ] Safepoint "Cleanup", Time since last: 1001384164 ns, Reaching safepoint: 19792 ns, Cleanup: 13284 ns, At safepoint: 8397 ns, Total: 41473 ns
[2025-05-30T08:59:46.448+0000][69][info ][safepoint   ] Safepoint "Cleanup", Time since last: 31034848432 ns, Reaching safepoint: 41610 ns, Cleanup: 21760 ns, At safepoint: 21724 ns, Total: 85094 ns
[2025-05-30T09:00:14.450+0000][69][info ][safepoint   ] Safepoint "Cleanup", Time since last: 28005874993 ns, Reaching safepoint: 29679 ns, Cleanup: 15247 ns, At safepoint: 15801 ns, Total: 60727 ns
[2025-05-30T09:00:26.891+0000][69][info ][safepoint   ] Safepoint "Cleanup", Time since last: 12440489842 ns, Reaching safepoint: 13862 ns, Cleanup: 16725 ns, At safepoint: 86838 ns, Total: 117425 ns
[2025-05-30T09:00:27.910+0000][69][info ][safepoint   ] Safepoint "Cleanup", Time since last: 1018817024 ns, Reaching safepoint: 28576 ns, Cleanup: 18783 ns, At safepoint: 15816 ns, Total: 63175 ns
[2025-05-30T09:01:20.488+0000][69][info ][safepoint   ] Safepoint "Cleanup", Time since last: 52583082443 ns, Reaching safepoint: 45303 ns, Cleanup: 17226 ns, At safepoint: 17204 ns, Total: 79733 ns
[2025-05-30T09:01:36.959+0000][69][info ][safepoint   ] Safepoint "Cleanup", Time since last: 16470285225 ns, Reaching safepoint: 252248 ns, Cleanup: 13533 ns, At safepoint: 30091 ns, Total: 295872 ns
[2025-05-30T09:01:37.989+0000][69][info ][safepoint   ] Safepoint "Cleanup", Time since last: 1032750422 ns, Reaching safepoint: 32464 ns, Cleanup: 15997 ns, At safepoint: 16639 ns, Total: 65100 ns
[2025-05-30T09:01:40.990+0000][69][info ][safepoint   ] Safepoint "Cleanup", Time since last: 3000807131 ns, Reaching safepoint: 27459 ns, Cleanup: 23265 ns, At safepoint: 9869 ns, Total: 60593 ns
[2025-05-30T09:01:50.538+0000][69][info ][safepoint   ] Safepoint "Cleanup", Time since last: 9547996915 ns, Reaching safepoint: 7254 ns, Cleanup: 18293 ns, At safepoint: 14814 ns, Total: 40361 ns
[2025-05-30T09:01:52.122+0000][69][info ][safepoint   ] Safepoint "Cleanup", Time since last: 1583806223 ns, Reaching safepoint: 88492 ns, Cleanup: 20249 ns, At safepoint: 42460 ns, Total: 151201 ns
[2025-05-30T09:01:54.123+0000][69][info ][safepoint   ] Safepoint "Cleanup", Time since last: 2000866792 ns, Reaching safepoint: 25209 ns, Cleanup: 13463 ns, At safepoint: 8269 ns, Total: 46941 ns
[2025-05-30T09:02:14.126+0000][69][info ][safepoint   ] Safepoint "Cleanup", Time since last: 20005786083 ns, Reaching safepoint: 75477 ns, Cleanup: 15080 ns, At safepoint: 17191 ns, Total: 107748 ns
[2025-05-30T09:02:32.437+0000][69][info ][safepoint   ] Safepoint "Cleanup", Time since last: 18310866434 ns, Reaching safepoint: 12376 ns, Cleanup: 7659 ns, At safepoint: 15886 ns, Total: 35921 ns
[2025-05-30T09:02:33.558+0000][69][info ][safepoint   ] Safepoint "Cleanup", Time since last: 1120278497 ns, Reaching safepoint: 10906 ns, Cleanup: 12849 ns, At safepoint: 3286 ns, Total: 27041 ns
[2025-05-30T09:02:40.574+0000][69][info ][safepoint   ] Safepoint "Cleanup", Time since last: 7018781201 ns, Reaching safepoint: 54894 ns, Cleanup: 12790 ns, At safepoint: 9191 ns, Total: 76875 ns
[2025-05-30T09:03:04.579+0000][69][info ][safepoint   ] Safepoint "Cleanup", Time since last: 24005202804 ns, Reaching safepoint: 68892 ns, Cleanup: 14531 ns, At safepoint: 8328 ns, Total: 91751 ns
[2025-05-30T09:03:35.451+0000][69][info ][safepoint   ] Safepoint "Cleanup", Time since last: 30874098862 ns, Reaching safepoint: 11087 ns, Cleanup: 7690 ns, At safepoint: 26038 ns, Total: 44815 ns
[2025-05-30T09:03:37.077+0000][69][info ][safepoint   ] Safepoint "Cleanup", Time since last: 1626532975 ns, Reaching safepoint: 41129 ns, Cleanup: 25901 ns, At safepoint: 17647 ns, Total: 84677 ns
[2025-05-30T09:03:59.079+0000][69][info ][safepoint   ] Safepoint "Cleanup", Time since last: 22004439558 ns, Reaching safepoint: 139952 ns, Cleanup: 18980 ns, At safepoint: 11238 ns, Total: 170170 ns
[2025-05-30T09:04:06.081+0000][69][info ][safepoint   ] Safepoint "Cleanup", Time since last: 7001879380 ns, Reaching safepoint: 20077 ns, Cleanup: 23779 ns, At safepoint: 9122 ns, Total: 52978 ns
[2025-05-30T09:04:21.082+0000][69][info ][safepoint   ] Safepoint "Cleanup", Time since last: 15003254723 ns, Reaching safepoint: 70004 ns, Cleanup: 16291 ns, At safepoint: 16199 ns, Total: 102494 ns
[2025-05-30T09:04:41.121+0000][69][info ][safepoint   ] Safepoint "Cleanup", Time since last: 20041749790 ns, Reaching safepoint: 27118 ns, Cleanup: 18785 ns, At safepoint: 10805 ns, Total: 56708 ns
[2025-05-30T09:05:13.124+0000][69][info ][safepoint   ] Safepoint "Cleanup", Time since last: 32005813260 ns, Reaching safepoint: 25495 ns, Cleanup: 13899 ns, At safepoint: 9966 ns, Total: 49360 ns
[2025-05-30T09:05:40.683+0000][69][info ][safepoint   ] Safepoint "Cleanup", Time since last: 27560912430 ns, Reaching safepoint: 26279 ns, Cleanup: 13667 ns, At safepoint: 9872 ns, Total: 49818 ns
[2025-05-30T09:05:42.139+0000][69][info ][safepoint   ] Safepoint "Cleanup", Time since last: 1456035291 ns, Reaching safepoint: 25172 ns, Cleanup: 19501 ns, At safepoint: 98507 ns, Total: 143180 ns
[2025-05-30T09:05:43.158+0000][69][info ][safepoint   ] Safepoint "Cleanup", Time since last: 1019005723 ns, Reaching safepoint: 31684 ns, Cleanup: 227885 ns, At safepoint: 43808 ns, Total: 303377 ns
[2025-05-30T09:05:56.161+0000][69][info ][safepoint   ] Safepoint "Cleanup", Time since last: 13002753876 ns, Reaching safepoint: 34236 ns, Cleanup: 20213 ns, At safepoint: 15699 ns, Total: 70148 ns
[2025-05-30T09:05:57.167+0000][69][info ][safepoint   ] Safepoint "Cleanup", Time since last: 1005685069 ns, Reaching safepoint: 53241 ns, Cleanup: 31342 ns, At safepoint: 71458 ns, Total: 156041 ns
[2025-05-30T09:05:58.189+0000][69][info ][safepoint   ] Safepoint "Cleanup", Time since last: 1022535743 ns, Reaching safepoint: 20499 ns, Cleanup: 12417 ns, At safepoint: 9016 ns, Total: 41932 ns
[2025-05-30T09:06:24.192+0000][69][info ][safepoint   ] Safepoint "Cleanup", Time since last: 26004521179 ns, Reaching safepoint: 33773 ns, Cleanup: 14526 ns, At safepoint: 10235 ns, Total: 58534 ns
[2025-05-30T09:06:39.211+0000][69][info ][safepoint   ] Safepoint "Cleanup", Time since last: 15021700178 ns, Reaching safepoint: 147457 ns, Cleanup: 12353 ns, At safepoint: 66019 ns, Total: 225829 ns
[2025-05-30T09:06:45.275+0000][69][info ][safepoint   ] Safepoint "Cleanup", Time since last: 6064668369 ns, Reaching safepoint: 12656 ns, Cleanup: 9958 ns, At safepoint: 21470 ns, Total: 44084 ns
[2025-05-30T09:06:46.280+0000][69][info ][safepoint   ] Safepoint "Cleanup", Time since last: 1004723472 ns, Reaching safepoint: 36664 ns, Cleanup: 20595 ns, At safepoint: 97512 ns, Total: 154771 ns
[2025-05-30T09:06:50.526+0000][69][info ][safepoint   ] Safepoint "Cleanup", Time since last: 4245594644 ns, Reaching safepoint: 12959 ns, Cleanup: 11647 ns, At safepoint: 62771 ns, Total: 87377 ns
[2025-05-30T09:06:52.298+0000][69][info ][safepoint   ] Safepoint "Cleanup", Time since last: 1771905167 ns, Reaching safepoint: 18955 ns, Cleanup: 14025 ns, At safepoint: 7768 ns, Total: 40748 ns
[2025-05-30T09:07:14.299+0000][69][info ][safepoint   ] Safepoint "Cleanup", Time since last: 22003689521 ns, Reaching safepoint: 123327 ns, Cleanup: 21499 ns, At safepoint: 15951 ns, Total: 160777 ns
[2025-05-30T09:07:15.300+0000][69][info ][safepoint   ] Safepoint "Cleanup", Time since last: 1000789160 ns, Reaching safepoint: 26135 ns, Cleanup: 16437 ns, At safepoint: 10264 ns, Total: 52836 ns
[2025-05-30T09:07:16.301+0000][69][info ][safepoint   ] Safepoint "Cleanup", Time since last: 1000840253 ns, Reaching safepoint: 29010 ns, Cleanup: 15556 ns, At safepoint: 11038 ns, Total: 55604 ns
[2025-05-30T09:07:40.747+0000][69][info ][safepoint   ] Safepoint "Cleanup", Time since last: 24448684277 ns, Reaching safepoint: 35859 ns, Cleanup: 15694 ns, At safepoint: 9228 ns, Total: 60781 ns
[2025-05-30T09:07:45.750+0000][69][info ][safepoint   ] Safepoint "Cleanup", Time since last: 5002096372 ns, Reaching safepoint: 58056 ns, Cleanup: 13389 ns, At safepoint: 10214 ns, Total: 81659 ns
[2025-05-30T09:07:47.434+0000][69][info ][safepoint   ] Safepoint "Cleanup", Time since last: 1684449201 ns, Reaching safepoint: 26912 ns, Cleanup: 22424 ns, At safepoint: 79120 ns, Total: 128456 ns
[2025-05-30T09:07:49.311+0000][69][info ][safepoint   ] Safepoint "Cleanup", Time since last: 1876249426 ns, Reaching safepoint: 34664 ns, Cleanup: 30370 ns, At safepoint: 19088 ns, Total: 84122 ns
[2025-05-30T09:07:51.312+0000][69][info ][safepoint   ] Safepoint "Cleanup", Time since last: 2001457348 ns, Reaching safepoint: 20034 ns, Cleanup: 15031 ns, At safepoint: 8010 ns, Total: 43075 ns
[2025-05-30T09:08:21.314+0000][69][info ][safepoint   ] Safepoint "Cleanup", Time since last: 30004444084 ns, Reaching safepoint: 96714 ns, Cleanup: 16699 ns, At safepoint: 11329 ns, Total: 124742 ns
[2025-05-30T09:08:31.318+0000][69][info ][safepoint   ] Safepoint "Cleanup", Time since last: 10004264407 ns, Reaching safepoint: 78880 ns, Cleanup: 23769 ns, At safepoint: 33985 ns, Total: 136634 ns
[2025-05-30T09:08:40.780+0000][69][info ][safepoint   ] Safepoint "Cleanup", Time since last: 9464682105 ns, Reaching safepoint: 20366 ns, Cleanup: 14919 ns, At safepoint: 7975 ns, Total: 43260 ns
[2025-05-30T09:08:50.414+0000][69][info ][safepoint   ] Safepoint "Cleanup", Time since last: 9633637413 ns, Reaching safepoint: 422672 ns, Cleanup: 13497 ns, At safepoint: 57366 ns, Total: 493535 ns
[2025-05-30T09:08:52.375+0000][69][info ][safepoint   ] Safepoint "Cleanup", Time since last: 1961071494 ns, Reaching safepoint: 32356 ns, Cleanup: 19596 ns, At safepoint: 16306 ns, Total: 68258 ns
[2025-05-30T09:09:24.379+0000][69][info ][safepoint   ] Safepoint "Cleanup", Time since last: 32006456254 ns, Reaching safepoint: 131391 ns, Cleanup: 17271 ns, At safepoint: 13280 ns, Total: 161942 ns
[2025-05-30T09:09:40.815+0000][69][info ][safepoint   ] Safepoint "Cleanup", Time since last: 16437638609 ns, Reaching safepoint: 36731 ns, Cleanup: 21469 ns, At safepoint: 15463 ns, Total: 73663 ns
[2025-05-30T09:10:26.412+0000][69][info ][safepoint   ] Safepoint "Cleanup", Time since last: 45599635756 ns, Reaching safepoint: 111651 ns, Cleanup: 13219 ns, At safepoint: 8544 ns, Total: 133414 ns
[2025-05-30T09:10:40.849+0000][69][info ][safepoint   ] Safepoint "Cleanup", Time since last: 14438673675 ns, Reaching safepoint: 31685 ns, Cleanup: 23850 ns, At safepoint: 14801 ns, Total: 70336 ns
[2025-05-30T09:10:55.851+0000][69][info ][safepoint   ] Safepoint "Cleanup", Time since last: 15002684714 ns, Reaching safepoint: 100782 ns, Cleanup: 21311 ns, At safepoint: 13072 ns, Total: 135165 ns
[2025-05-30T09:10:57.435+0000][69][info ][safepoint   ] Safepoint "Cleanup", Time since last: 1583170313 ns, Reaching safepoint: 17375 ns, Cleanup: 17541 ns, At safepoint: 11977 ns, Total: 46893 ns
[2025-05-30T09:11:34.882+0000][69][info ][safepoint   ] Safepoint "Cleanup", Time since last: 37450633967 ns, Reaching safepoint: 30717 ns, Cleanup: 14043 ns, At safepoint: 7793 ns, Total: 52553 ns
[2025-05-30T09:11:40.882+0000][69][info ][safepoint   ] Safepoint "Cleanup", Time since last: 6001487728 ns, Reaching safepoint: 25868 ns, Cleanup: 15345 ns, At safepoint: 11331 ns, Total: 52544 ns
[2025-05-30T09:11:42.449+0000][69][info ][safepoint   ] Safepoint "Cleanup", Time since last: 1566656632 ns, Reaching safepoint: 50016 ns, Cleanup: 22043 ns, At safepoint: 11266 ns, Total: 83325 ns
[2025-05-30T09:11:43.479+0000][69][info ][safepoint   ] Safepoint "Cleanup", Time since last: 1030572051 ns, Reaching safepoint: 34292 ns, Cleanup: 22379 ns, At safepoint: 15835 ns, Total: 72506 ns
[2025-05-30T09:11:44.509+0000][69][info ][safepoint   ] Safepoint "Cleanup", Time since last: 1029263615 ns, Reaching safepoint: 58456 ns, Cleanup: 21917 ns, At safepoint: 20096 ns, Total: 100469 ns
[2025-05-30T09:12:00.468+0000][69][info ][safepoint   ] Safepoint "Cleanup", Time since last: 15959544653 ns, Reaching safepoint: 34173 ns, Cleanup: 21919 ns, At safepoint: 17164 ns, Total: 73256 ns
[2025-05-30T09:12:01.541+0000][69][info ][safepoint   ] Safepoint "Cleanup", Time since last: 1072576150 ns, Reaching safepoint: 12757 ns, Cleanup: 19597 ns, At safepoint: 14783 ns, Total: 47137 ns
[2025-05-30T09:12:02.544+0000][69][info ][safepoint   ] Safepoint "Cleanup", Time since last: 1003535479 ns, Reaching safepoint: 30239 ns, Cleanup: 15335 ns, At safepoint: 13269 ns, Total: 58843 ns
[2025-05-30T09:12:14.544+0000][69][info ][safepoint   ] Safepoint "Cleanup", Time since last: 12002206807 ns, Reaching safepoint: 78524 ns, Cleanup: 19422 ns, At safepoint: 11177 ns, Total: 109123 ns
[2025-05-30T09:12:40.913+0000][69][info ][safepoint   ] Safepoint "Cleanup", Time since last: 26371689814 ns, Reaching safepoint: 60526 ns, Cleanup: 20617 ns, At safepoint: 9415 ns, Total: 90558 ns
[2025-05-30T09:13:02.564+0000][69][info ][safepoint   ] Safepoint "Cleanup", Time since last: 21651059529 ns, Reaching safepoint: 16862 ns, Cleanup: 19509 ns, At safepoint: 21908 ns, Total: 58279 ns
[2025-05-30T09:15:08.666+0000][69][info ][safepoint   ] Safepoint "Cleanup", Time since last: 126113863242 ns, Reaching safepoint: 13623 ns, Cleanup: 8640 ns, At safepoint: 15806 ns, Total: 38069 ns
[2025-05-30T09:15:18.680+0000][69][info ][safepoint   ] Safepoint "Cleanup", Time since last: 10014315669 ns, Reaching safepoint: 33241 ns, Cleanup: 19906 ns, At safepoint: 17816 ns, Total: 70963 ns
[2025-05-30T09:16:09.023+0000][69][info ][safepoint   ] Safepoint "Cleanup", Time since last: 50347916293 ns, Reaching safepoint: 94345 ns, Cleanup: 28674 ns, At safepoint: 20379 ns, Total: 143398 ns
[2025-05-30T09:16:39.052+0000][69][info ][safepoint   ] Safepoint "Cleanup", Time since last: 30031783644 ns, Reaching safepoint: 34988 ns, Cleanup: 14508 ns, At safepoint: 9748 ns, Total: 59244 ns
[2025-05-30T09:16:41.053+0000][69][info ][safepoint   ] Safepoint "Cleanup", Time since last: 2001102102 ns, Reaching safepoint: 26552 ns, Cleanup: 15395 ns, At safepoint: 7750 ns, Total: 49697 ns
[2025-05-30T09:16:44.401+0000][69][info ][safepoint   ] Safepoint "Cleanup", Time since last: 3347690100 ns, Reaching safepoint: 11413 ns, Cleanup: 14038 ns, At safepoint: 15321 ns, Total: 40772 ns
[2025-05-30T09:16:45.746+0000][69][info ][safepoint   ] Safepoint "Cleanup", Time since last: 1344973543 ns, Reaching safepoint: 30641 ns, Cleanup: 15405 ns, At safepoint: 15764 ns, Total: 61810 ns
[2025-05-30T09:16:50.410+0000][69][info ][gc,start    ] GC(18) Pause Young (Prepare Mixed) (G1 Evacuation Pause)
[2025-05-30T09:16:50.413+0000][69][info ][gc,task     ] GC(18) Using 10 workers of 10 for evacuation
[2025-05-30T09:16:50.415+0000][69][debug][gc,age      ] GC(18) Desired survivor size 153092096 bytes, new threshold 15 (max threshold 15)
[2025-05-30T09:16:50.536+0000][69][info ][gc,phases   ] GC(18)   Pre Evacuate Collection Set: 5.05ms
[2025-05-30T09:16:50.537+0000][69][info ][gc,phases   ] GC(18)   Merge Heap Roots: 3.87ms
[2025-05-30T09:16:50.537+0000][69][info ][gc,phases   ] GC(18)   Evacuate Collection Set: 75.36ms
[2025-05-30T09:16:50.538+0000][69][info ][gc,phases   ] GC(18)   Post Evacuate Collection Set: 9.42ms
[2025-05-30T09:16:50.538+0000][69][info ][gc,phases   ] GC(18)   Other: 30.26ms
[2025-05-30T09:16:50.539+0000][69][trace][gc,age      ] GC(18) Age table with threshold 15 (max threshold 15)
[2025-05-30T09:16:50.539+0000][69][trace][gc,age      ] GC(18) - age   1:    1227744 bytes,    1227744 total
[2025-05-30T09:16:50.540+0000][69][trace][gc,age      ] GC(18) - age   2:     509120 bytes,    1736864 total
[2025-05-30T09:16:50.543+0000][69][trace][gc,age      ] GC(18) - age   3:      89432 bytes,    1826296 total
[2025-05-30T09:16:50.545+0000][69][trace][gc,age      ] GC(18) - age   4:    2069816 bytes,    3896112 total
[2025-05-30T09:16:50.546+0000][69][trace][gc,age      ] GC(18) - age   5:     832952 bytes,    4729064 total
[2025-05-30T09:16:50.546+0000][69][info ][gc,heap     ] GC(18) Eden regions: 580->0(580)
[2025-05-30T09:16:50.547+0000][69][info ][gc,heap     ] GC(18) Survivor regions: 2->2(73)
[2025-05-30T09:16:50.547+0000][69][info ][gc,heap     ] GC(18) Old regions: 27->27
[2025-05-30T09:16:50.548+0000][69][info ][gc,heap     ] GC(18) Humongous regions: 0->0
[2025-05-30T09:16:50.549+0000][69][info ][gc,metaspace] GC(18) Metaspace: 145183K(151232K)->145183K(151232K) NonClass: 125752K(129280K)->125752K(129280K) Class: 19431K(21952K)->19431K(21952K)
[2025-05-30T09:16:50.550+0000][69][info ][gc          ] GC(18) Pause Young (Prepare Mixed) (G1 Evacuation Pause) 2431M->111M(3880M) 140.119ms
[2025-05-30T09:16:50.550+0000][69][info ][gc,cpu      ] GC(18) User=0.58s Sys=0.04s Real=0.14s
[2025-05-30T09:16:50.551+0000][69][info ][safepoint   ] Safepoint "G1CollectForAllocation", Time since last: 4661209456 ns, Reaching safepoint: 33421 ns, Cleanup: 20379 ns, At safepoint: 143501778 ns, Total: 143555578 ns
[2025-05-30T09:17:05.554+0000][69][info ][safepoint   ] Safepoint "Cleanup", Time since last: 15003077275 ns, Reaching safepoint: 32545 ns, Cleanup: 16315 ns, At safepoint: 14783 ns, Total: 63643 ns
[2025-05-30T09:17:14.594+0000][69][info ][safepoint   ] Safepoint "Cleanup", Time since last: 9042332014 ns, Reaching safepoint: 14619 ns, Cleanup: 26362 ns, At safepoint: 91814 ns, Total: 132795 ns
[2025-05-30T09:17:15.812+0000][69][info ][safepoint   ] Safepoint "Cleanup", Time since last: 1217887563 ns, Reaching safepoint: 31355 ns, Cleanup: 17427 ns, At safepoint: 15109 ns, Total: 63891 ns
[2025-05-30T09:17:17.813+0000][69][info ][safepoint   ] Safepoint "Cleanup", Time since last: 2001055414 ns, Reaching safepoint: 29399 ns, Cleanup: 14922 ns, At safepoint: 14658 ns, Total: 58979 ns
[2025-05-30T09:17:45.090+0000][69][info ][safepoint   ] Safepoint "Cleanup", Time since last: 27279319573 ns, Reaching safepoint: 33767 ns, Cleanup: 18637 ns, At safepoint: 18108 ns, Total: 70512 ns
[2025-05-30T09:18:17.844+0000][69][info ][safepoint   ] Safepoint "Cleanup", Time since last: 32756014229 ns, Reaching safepoint: 15950 ns, Cleanup: 23897 ns, At safepoint: 78781 ns, Total: 118628 ns
[2025-05-30T09:19:20.411+0000][69][info ][safepoint   ] Safepoint "Cleanup", Time since last: 62571831250 ns, Reaching safepoint: 172772 ns, Cleanup: 17977 ns, At safepoint: 176469 ns, Total: 367218 ns
[2025-05-30T09:19:41.162+0000][69][info ][safepoint   ] Safepoint "Cleanup", Time since last: 20752619359 ns, Reaching safepoint: 37248 ns, Cleanup: 18405 ns, At safepoint: 15591 ns, Total: 71244 ns
[2025-05-30T09:19:42.163+0000][69][info ][safepoint   ] Safepoint "Cleanup", Time since last: 1000836178 ns, Reaching safepoint: 21548 ns, Cleanup: 12568 ns, At safepoint: 9387 ns, Total: 43503 ns
[2025-05-30T09:19:56.165+0000][69][info ][safepoint   ] Safepoint "Cleanup", Time since last: 14002806332 ns, Reaching safepoint: 78709 ns, Cleanup: 17337 ns, At safepoint: 16765 ns, Total: 112811 ns
[2025-05-30T09:20:13.165+0000][69][info ][safepoint   ] Safepoint "Cleanup", Time since last: 17002668707 ns, Reaching safepoint: 19473 ns, Cleanup: 13752 ns, At safepoint: 8513 ns, Total: 41738 ns
[2025-05-30T09:20:14.182+0000][69][info ][safepoint   ] Safepoint "Cleanup", Time since last: 1017207188 ns, Reaching safepoint: 32981 ns, Cleanup: 16921 ns, At safepoint: 16541 ns, Total: 66443 ns
[2025-05-30T09:20:23.425+0000][69][info ][safepoint   ] Safepoint "Cleanup", Time since last: 9241459213 ns, Reaching safepoint: 868244 ns, Cleanup: 16137 ns, At safepoint: 161171 ns, Total: 1045552 ns
[2025-05-30T09:20:24.959+0000][69][info ][safepoint   ] Safepoint "Cleanup", Time since last: 1534170449 ns, Reaching safepoint: 32437 ns, Cleanup: 24301 ns, At safepoint: 16806 ns, Total: 73544 ns
[2025-05-30T09:20:44.422+0000][69][info ][safepoint   ] Safepoint "Cleanup", Time since last: 19465492888 ns, Reaching safepoint: 11778 ns, Cleanup: 13359 ns, At safepoint: 4070 ns, Total: 29207 ns
[2025-05-30T09:20:45.532+0000][69][info ][safepoint   ] Safepoint "Cleanup", Time since last: 1109933724 ns, Reaching safepoint: 33358 ns, Cleanup: 68293 ns, At safepoint: 32359 ns, Total: 134010 ns
[2025-05-30T09:20:47.042+0000][69][info ][safepoint   ] Safepoint "Cleanup", Time since last: 1509540497 ns, Reaching safepoint: 29951 ns, Cleanup: 26555 ns, At safepoint: 11232 ns, Total: 67738 ns
[2025-05-30T09:20:48.087+0000][69][info ][safepoint   ] Safepoint "Cleanup", Time since last: 1045103439 ns, Reaching safepoint: 199870 ns, Cleanup: 11500 ns, At safepoint: 56840 ns, Total: 268210 ns
[2025-05-30T09:20:50.798+0000][69][info ][safepoint   ] Safepoint "Cleanup", Time since last: 2710403150 ns, Reaching safepoint: 17475 ns, Cleanup: 28157 ns, At safepoint: 97261 ns, Total: 142893 ns
[2025-05-30T09:20:54.175+0000][69][info ][safepoint   ] Safepoint "Cleanup", Time since last: 3377361214 ns, Reaching safepoint: 9865 ns, Cleanup: 12263 ns, At safepoint: 15468 ns, Total: 37596 ns
[2025-05-30T09:20:56.212+0000][69][info ][safepoint   ] Safepoint "Cleanup", Time since last: 2036195485 ns, Reaching safepoint: 30825 ns, Cleanup: 25642 ns, At safepoint: 9034 ns, Total: 65501 ns
[2025-05-30T09:20:59.419+0000][69][info ][safepoint   ] Safepoint "Cleanup", Time since last: 3207720241 ns, Reaching safepoint: 10680 ns, Cleanup: 8227 ns, At safepoint: 15510 ns, Total: 34417 ns
[2025-05-30T09:21:01.266+0000][69][info ][safepoint   ] Safepoint "Cleanup", Time since last: 1846159981 ns, Reaching safepoint: 7797 ns, Cleanup: 10724 ns, At safepoint: 3349 ns, Total: 21870 ns
[2025-05-30T09:21:14.272+0000][69][info ][safepoint   ] Safepoint "Cleanup", Time since last: 13009208698 ns, Reaching safepoint: 33939 ns, Cleanup: 15417 ns, At safepoint: 15805 ns, Total: 65161 ns
[2025-05-30T09:21:22.602+0000][69][info ][safepoint   ] Safepoint "Cleanup", Time since last: 8330186212 ns, Reaching safepoint: 27837 ns, Cleanup: 29629 ns, At safepoint: 7835 ns, Total: 65301 ns
[2025-05-30T09:21:24.559+0000][69][info ][safepoint   ] Safepoint "Cleanup", Time since last: 1956235229 ns, Reaching safepoint: 30692 ns, Cleanup: 24978 ns, At safepoint: 15392 ns, Total: 71062 ns
[2025-05-30T09:21:26.511+0000][69][info ][safepoint   ] Safepoint "Cleanup", Time since last: 1952017276 ns, Reaching safepoint: 5577 ns, Cleanup: 7399 ns, At safepoint: 3126 ns, Total: 16102 ns
[2025-05-30T09:21:28.311+0000][69][info ][safepoint   ] Safepoint "Cleanup", Time since last: 1800079674 ns, Reaching safepoint: 11345 ns, Cleanup: 12053 ns, At safepoint: 29355 ns, Total: 52753 ns
[2025-05-30T09:22:01.369+0000][69][info ][safepoint   ] Safepoint "Cleanup", Time since last: 33060293401 ns, Reaching safepoint: 85688 ns, Cleanup: 16738 ns, At safepoint: 11130 ns, Total: 113556 ns
[2025-05-30T09:22:27.376+0000][69][info ][safepoint   ] Safepoint "Cleanup", Time since last: 26008636916 ns, Reaching safepoint: 69077 ns, Cleanup: 16050 ns, At safepoint: 11437 ns, Total: 96564 ns
[2025-05-30T09:22:29.426+0000][69][info ][safepoint   ] Safepoint "Cleanup", Time since last: 2050341348 ns, Reaching safepoint: 6373 ns, Cleanup: 8317 ns, At safepoint: 15861 ns, Total: 30551 ns
[2025-05-30T09:22:30.434+0000][69][info ][safepoint   ] Safepoint "Cleanup", Time since last: 1007306120 ns, Reaching safepoint: 15701 ns, Cleanup: 23949 ns, At safepoint: 84779 ns, Total: 124429 ns
[2025-05-30T09:22:44.326+0000][69][info ][safepoint   ] Safepoint "Cleanup", Time since last: 13895327933 ns, Reaching safepoint: 82933 ns, Cleanup: 16188 ns, At safepoint: 16509 ns, Total: 115630 ns
[2025-05-30T09:23:32.414+0000][69][info ][safepoint   ] Safepoint "Cleanup", Time since last: 48090694962 ns, Reaching safepoint: 18435 ns, Cleanup: 9694 ns, At safepoint: 36172 ns, Total: 64301 ns
[2025-05-30T09:25:13.524+0000][69][info ][safepoint   ] Safepoint "Cleanup", Time since last: 101119738795 ns, Reaching safepoint: 141202 ns, Cleanup: 14183 ns, At safepoint: 25426 ns, Total: 180811 ns
[2025-05-30T09:25:14.525+0000][69][info ][safepoint   ] Safepoint "Cleanup", Time since last: 1001116054 ns, Reaching safepoint: 20619 ns, Cleanup: 13929 ns, At safepoint: 9072 ns, Total: 43620 ns
[2025-05-30T09:25:17.526+0000][69][info ][safepoint   ] Safepoint "Cleanup", Time since last: 3001030869 ns, Reaching safepoint: 21188 ns, Cleanup: 12863 ns, At safepoint: 11898 ns, Total: 45949 ns
[2025-05-30T09:25:50.578+0000][69][info ][safepoint   ] Safepoint "Cleanup", Time since last: 33053580271 ns, Reaching safepoint: 37519 ns, Cleanup: 17440 ns, At safepoint: 89145 ns, Total: 144104 ns
[2025-05-30T09:26:40.464+0000][69][info ][safepoint   ] Safepoint "Cleanup", Time since last: 49891385660 ns, Reaching safepoint: 33778 ns, Cleanup: 18545 ns, At safepoint: 17905 ns, Total: 70228 ns
[2025-05-30T09:26:50.659+0000][69][info ][safepoint   ] Safepoint "Cleanup", Time since last: 10194743057 ns, Reaching safepoint: 9083 ns, Cleanup: 8373 ns, At safepoint: 15807 ns, Total: 33263 ns
[2025-05-30T09:27:20.691+0000][69][info ][safepoint   ] Safepoint "Cleanup", Time since last: 30034059091 ns, Reaching safepoint: 11785 ns, Cleanup: 8933 ns, At safepoint: 14818 ns, Total: 35536 ns
[2025-05-30T09:27:44.721+0000][69][info ][safepoint   ] Safepoint "Cleanup", Time since last: 24033470392 ns, Reaching safepoint: 15675 ns, Cleanup: 11288 ns, At safepoint: 16741 ns, Total: 43704 ns
[2025-05-30T09:27:45.760+0000][69][info ][safepoint   ] Safepoint "Cleanup", Time since last: 1038751283 ns, Reaching safepoint: 17311 ns, Cleanup: 24998 ns, At safepoint: 68546 ns, Total: 110855 ns
[2025-05-30T09:27:50.766+0000][69][info ][safepoint   ] Safepoint "Cleanup", Time since last: 5005581645 ns, Reaching safepoint: 30744 ns, Cleanup: 18477 ns, At safepoint: 16323 ns, Total: 65544 ns
[2025-05-30T09:28:05.768+0000][69][info ][safepoint   ] Safepoint "Cleanup", Time since last: 15002697737 ns, Reaching safepoint: 81108 ns, Cleanup: 15498 ns, At safepoint: 16333 ns, Total: 112939 ns
[2025-05-30T09:28:40.529+0000][69][info ][safepoint   ] Safepoint "Cleanup", Time since last: 34764827667 ns, Reaching safepoint: 44782 ns, Cleanup: 15682 ns, At safepoint: 9222 ns, Total: 69686 ns
[2025-05-30T09:28:42.530+0000][69][info ][safepoint   ] Safepoint "Cleanup", Time since last: 2000979626 ns, Reaching safepoint: 26408 ns, Cleanup: 14592 ns, At safepoint: 11109 ns, Total: 52109 ns
[2025-05-30T09:28:47.425+0000][69][info ][safepoint   ] Safepoint "Cleanup", Time since last: 4894722051 ns, Reaching safepoint: 162871 ns, Cleanup: 15960 ns, At safepoint: 54698 ns, Total: 233529 ns
[2025-05-30T09:28:50.797+0000][69][info ][safepoint   ] Safepoint "Cleanup", Time since last: 3371823864 ns, Reaching safepoint: 34579 ns, Cleanup: 22877 ns, At safepoint: 17504 ns, Total: 74960 ns
[2025-05-30T09:29:40.564+0000][69][info ][safepoint   ] Safepoint "Cleanup", Time since last: 49771615799 ns, Reaching safepoint: 33585 ns, Cleanup: 16073 ns, At safepoint: 15474 ns, Total: 65132 ns
[2025-05-30T09:30:26.862+0000][69][info ][safepoint   ] Safepoint "Cleanup", Time since last: 46300876355 ns, Reaching safepoint: 79737 ns, Cleanup: 16897 ns, At safepoint: 15996 ns, Total: 112630 ns
[2025-05-30T09:30:50.598+0000][69][info ][safepoint   ] Safepoint "Cleanup", Time since last: 23742283526 ns, Reaching safepoint: 89630 ns, Cleanup: 19219 ns, At safepoint: 20643 ns, Total: 129492 ns
[2025-05-30T09:31:40.636+0000][69][info ][safepoint   ] Safepoint "Cleanup", Time since last: 50038952636 ns, Reaching safepoint: 26579 ns, Cleanup: 12683 ns, At safepoint: 7746 ns, Total: 47008 ns
[2025-05-30T09:31:53.589+0000][69][info ][safepoint   ] Safepoint "Cleanup", Time since last: 12953328252 ns, Reaching safepoint: 95027 ns, Cleanup: 32548 ns, At safepoint: 49493 ns, Total: 177068 ns
[2025-05-30T09:31:54.674+0000][69][info ][safepoint   ] Safepoint "Cleanup", Time since last: 1084189423 ns, Reaching safepoint: 20063 ns, Cleanup: 12616 ns, At safepoint: 8990 ns, Total: 41669 ns
[2025-05-30T09:31:56.961+0000][69][info ][safepoint   ] Safepoint "Cleanup", Time since last: 2287438501 ns, Reaching safepoint: 13734 ns, Cleanup: 13390 ns, At safepoint: 64787 ns, Total: 91911 ns
[2025-05-30T09:31:57.973+0000][69][info ][safepoint   ] Safepoint "Cleanup", Time since last: 1011312691 ns, Reaching safepoint: 32272 ns, Cleanup: 19970 ns, At safepoint: 16285 ns, Total: 68527 ns
[2025-05-30T09:32:32.513+0000][69][info ][safepoint   ] Safepoint "Cleanup", Time since last: 34542886875 ns, Reaching safepoint: 34146 ns, Cleanup: 15625 ns, At safepoint: 14604 ns, Total: 64375 ns
[2025-05-30T09:32:59.486+0000][69][info ][safepoint   ] Safepoint "Cleanup", Time since last: 26973185793 ns, Reaching safepoint: 2212169 ns, Cleanup: 19429 ns, At safepoint: 285830 ns, Total: 2517428 ns
[2025-05-30T09:33:01.030+0000][69][info ][safepoint   ] Safepoint "Cleanup", Time since last: 1543927290 ns, Reaching safepoint: 31414 ns, Cleanup: 15168 ns, At safepoint: 16522 ns, Total: 63104 ns
[2025-05-30T09:34:00.710+0000][69][info ][safepoint   ] Safepoint "Cleanup", Time since last: 59684665311 ns, Reaching safepoint: 66284 ns, Cleanup: 15252 ns, At safepoint: 16232 ns, Total: 97768 ns
[2025-05-30T09:34:40.744+0000][69][info ][safepoint   ] Safepoint "Cleanup", Time since last: 40038093963 ns, Reaching safepoint: 68428 ns, Cleanup: 18696 ns, At safepoint: 15230 ns, Total: 102354 ns
[2025-05-30T09:35:05.432+0000][69][info ][safepoint   ] Safepoint "Cleanup", Time since last: 24688359371 ns, Reaching safepoint: 16726 ns, Cleanup: 24916 ns, At safepoint: 143242 ns, Total: 184884 ns
[2025-05-30T09:35:46.778+0000][69][info ][safepoint   ] Safepoint "Cleanup", Time since last: 41351323500 ns, Reaching safepoint: 35375 ns, Cleanup: 242921 ns, At safepoint: 34224 ns, Total: 312520 ns
[2025-05-30T09:35:48.143+0000][69][info ][safepoint   ] Safepoint "Cleanup", Time since last: 1364288476 ns, Reaching safepoint: 30195 ns, Cleanup: 17534 ns, At safepoint: 71950 ns, Total: 119679 ns
[2025-05-30T09:36:03.202+0000][69][info ][safepoint   ] Safepoint "Cleanup", Time since last: 15059488358 ns, Reaching safepoint: 190138 ns, Cleanup: 10916 ns, At safepoint: 57749 ns, Total: 258803 ns
[2025-05-30T09:36:09.307+0000][69][info ][safepoint   ] Safepoint "Cleanup", Time since last: 6106911092 ns, Reaching safepoint: 14550 ns, Cleanup: 18687 ns, At safepoint: 79838 ns, Total: 113075 ns
[2025-05-30T09:36:57.298+0000][69][info ][safepoint   ] Safepoint "Cleanup", Time since last: 47993494302 ns, Reaching safepoint: 147120 ns, Cleanup: 36883 ns, At safepoint: 37755 ns, Total: 221758 ns
[2025-05-30T09:37:12.394+0000][69][info ][safepoint   ] Safepoint "Cleanup", Time since last: 15098946785 ns, Reaching safepoint: 28753 ns, Cleanup: 14728 ns, At safepoint: 71504 ns, Total: 114985 ns
[2025-05-30T09:37:14.394+0000][69][info ][safepoint   ] Safepoint "Cleanup", Time since last: 1999881816 ns, Reaching safepoint: 30359 ns, Cleanup: 19889 ns, At safepoint: 9659 ns, Total: 59907 ns
[2025-05-30T09:37:15.395+0000][69][info ][safepoint   ] Safepoint "Cleanup", Time since last: 1000837941 ns, Reaching safepoint: 29170 ns, Cleanup: 15697 ns, At safepoint: 9405 ns, Total: 54272 ns
[2025-05-30T09:37:44.845+0000][69][info ][safepoint   ] Safepoint "Cleanup", Time since last: 29451801166 ns, Reaching safepoint: 83279 ns, Cleanup: 18777 ns, At safepoint: 32487 ns, Total: 134543 ns
[2025-05-30T09:38:40.874+0000][69][info ][safepoint   ] Safepoint "Cleanup", Time since last: 56033966784 ns, Reaching safepoint: 93099 ns, Cleanup: 16448 ns, At safepoint: 15779 ns, Total: 125326 ns
[2025-05-30T09:38:47.876+0000][69][info ][safepoint   ] Safepoint "Cleanup", Time since last: 7001664937 ns, Reaching safepoint: 80218 ns, Cleanup: 16798 ns, At safepoint: 33223 ns, Total: 130239 ns
[2025-05-30T09:39:18.426+0000][69][info ][safepoint   ] Safepoint "Cleanup", Time since last: 30552501798 ns, Reaching safepoint: 34029 ns, Cleanup: 17749 ns, At safepoint: 16536 ns, Total: 68314 ns
[2025-05-30T09:39:20.489+0000][69][info ][safepoint   ] Safepoint "Cleanup", Time since last: 2062303129 ns, Reaching safepoint: 34290 ns, Cleanup: 70362 ns, At safepoint: 21176 ns, Total: 125828 ns
[2025-05-30T09:39:40.905+0000][69][info ][safepoint   ] Safepoint "Cleanup", Time since last: 20418614693 ns, Reaching safepoint: 35115 ns, Cleanup: 16928 ns, At safepoint: 15650 ns, Total: 67693 ns
[2025-05-30T09:40:15.908+0000][69][info ][safepoint   ] Safepoint "Cleanup", Time since last: 35005484972 ns, Reaching safepoint: 37373 ns, Cleanup: 17301 ns, At safepoint: 18800 ns, Total: 73474 ns
[2025-05-30T09:40:40.938+0000][69][info ][safepoint   ] Safepoint "Cleanup", Time since last: 25031813932 ns, Reaching safepoint: 27174 ns, Cleanup: 17333 ns, At safepoint: 11162 ns, Total: 55669 ns
[2025-05-30T09:41:23.434+0000][69][info ][safepoint   ] Safepoint "Cleanup", Time since last: 42499527500 ns, Reaching safepoint: 31201 ns, Cleanup: 13875 ns, At safepoint: 69893 ns, Total: 114969 ns
[2025-05-30T09:41:24.632+0000][69][info ][safepoint   ] Safepoint "Cleanup", Time since last: 1197491091 ns, Reaching safepoint: 32956 ns, Cleanup: 16019 ns, At safepoint: 16085 ns, Total: 65060 ns
[2025-05-30T09:41:35.974+0000][69][info ][safepoint   ] Safepoint "Cleanup", Time since last: 11341446916 ns, Reaching safepoint: 21143 ns, Cleanup: 12496 ns, At safepoint: 8101 ns, Total: 41740 ns
[2025-05-30T09:41:44.973+0000][69][info ][safepoint   ] Safepoint "Cleanup", Time since last: 9002108405 ns, Reaching safepoint: 35049 ns, Cleanup: 17888 ns, At safepoint: 19740 ns, Total: 72677 ns
[2025-05-30T09:41:59.648+0000][69][info ][safepoint   ] Safepoint "Cleanup", Time since last: 14674283382 ns, Reaching safepoint: 17278 ns, Cleanup: 11082 ns, At safepoint: 13886 ns, Total: 42246 ns
[2025-05-30T09:42:16.697+0000][69][info ][safepoint   ] Safepoint "Cleanup", Time since last: 17051839871 ns, Reaching safepoint: 73323 ns, Cleanup: 14227 ns, At safepoint: 8094 ns, Total: 95644 ns
[2025-05-30T09:42:26.387+0000][69][info ][safepoint   ] Safepoint "Cleanup", Time since last: 9689114564 ns, Reaching safepoint: 24023 ns, Cleanup: 13302 ns, At safepoint: 66463 ns, Total: 103788 ns
[2025-05-30T09:42:27.751+0000][69][info ][safepoint   ] Safepoint "Cleanup", Time since last: 1364569573 ns, Reaching safepoint: 13526 ns, Cleanup: 23169 ns, At safepoint: 81629 ns, Total: 118324 ns
[2025-05-30T09:42:30.756+0000][69][info ][safepoint   ] Safepoint "Cleanup", Time since last: 3004490501 ns, Reaching safepoint: 30855 ns, Cleanup: 15502 ns, At safepoint: 16453 ns, Total: 62810 ns
[2025-05-30T09:43:29.408+0000][69][info ][safepoint   ] Safepoint "Cleanup", Time since last: 58657430646 ns, Reaching safepoint: 19215 ns, Cleanup: 9692 ns, At safepoint: 28026 ns, Total: 56933 ns
[2025-05-30T09:43:30.789+0000][69][info ][safepoint   ] Safepoint "Cleanup", Time since last: 1380454122 ns, Reaching safepoint: 19204 ns, Cleanup: 16189 ns, At safepoint: 7924 ns, Total: 43317 ns
[2025-05-30T09:46:23.891+0000][69][info ][safepoint   ] Safepoint "Cleanup", Time since last: 173116677497 ns, Reaching safepoint: 75743 ns, Cleanup: 15627 ns, At safepoint: 15589 ns, Total: 106959 ns
[2025-05-30T09:46:25.892+0000][69][info ][safepoint   ] Safepoint "Cleanup", Time since last: 2000928013 ns, Reaching safepoint: 35688 ns, Cleanup: 16192 ns, At safepoint: 9976 ns, Total: 61856 ns
[2025-05-30T09:46:33.894+0000][69][info ][safepoint   ] Safepoint "Cleanup", Time since last: 8002203851 ns, Reaching safepoint: 31487 ns, Cleanup: 31267 ns, At safepoint: 17632 ns, Total: 80386 ns
[2025-05-30T09:46:38.391+0000][69][info ][safepoint   ] Safepoint "Cleanup", Time since last: 4499436712 ns, Reaching safepoint: 23755 ns, Cleanup: 22511 ns, At safepoint: 75961 ns, Total: 122227 ns
[2025-05-30T09:46:39.929+0000][69][info ][safepoint   ] Safepoint "Cleanup", Time since last: 1537251787 ns, Reaching safepoint: 30027 ns, Cleanup: 16237 ns, At safepoint: 17058 ns, Total: 63322 ns
[2025-05-30T09:46:40.929+0000][69][info ][safepoint   ] Safepoint "Cleanup", Time since last: 1000799761 ns, Reaching safepoint: 28700 ns, Cleanup: 17235 ns, At safepoint: 8687 ns, Total: 54622 ns
[2025-05-30T09:46:42.930+0000][69][info ][safepoint   ] Safepoint "Cleanup", Time since last: 2000848758 ns, Reaching safepoint: 30466 ns, Cleanup: 23750 ns, At safepoint: 16795 ns, Total: 71011 ns
[2025-05-30T09:46:44.933+0000][69][info ][safepoint   ] Safepoint "Cleanup", Time since last: 2002230151 ns, Reaching safepoint: 29756 ns, Cleanup: 16013 ns, At safepoint: 16253 ns, Total: 62022 ns
[2025-05-30T09:47:02.943+0000][69][info ][safepoint   ] Safepoint "Cleanup", Time since last: 18010487065 ns, Reaching safepoint: 51130 ns, Cleanup: 17637 ns, At safepoint: 65289 ns, Total: 134056 ns
[2025-05-30T09:47:03.958+0000][69][info ][safepoint   ] Safepoint "Cleanup", Time since last: 1014452615 ns, Reaching safepoint: 31976 ns, Cleanup: 17511 ns, At safepoint: 17348 ns, Total: 66835 ns
[2025-05-30T09:47:04.958+0000][69][info ][safepoint   ] Safepoint "Cleanup", Time since last: 1000612665 ns, Reaching safepoint: 25122 ns, Cleanup: 14617 ns, At safepoint: 13703 ns, Total: 53442 ns
[2025-05-30T09:47:05.993+0000][69][info ][safepoint   ] Safepoint "Cleanup", Time since last: 1034863541 ns, Reaching safepoint: 34147 ns, Cleanup: 18769 ns, At safepoint: 16958 ns, Total: 69874 ns
[2025-05-30T09:47:11.992+0000][69][info ][safepoint   ] Safepoint "Cleanup", Time since last: 6001625991 ns, Reaching safepoint: 31308 ns, Cleanup: 15782 ns, At safepoint: 18169 ns, Total: 65259 ns
[2025-05-30T09:47:42.069+0000][69][info ][safepoint   ] Safepoint "Cleanup", Time since last: 30078775998 ns, Reaching safepoint: 13791 ns, Cleanup: 13514 ns, At safepoint: 12475 ns, Total: 39780 ns
[2025-05-30T09:47:45.038+0000][69][info ][safepoint   ] Safepoint "Cleanup", Time since last: 2968681911 ns, Reaching safepoint: 22753 ns, Cleanup: 14579 ns, At safepoint: 9357 ns, Total: 46689 ns
[2025-05-30T09:48:45.071+0000][69][info ][safepoint   ] Safepoint "Cleanup", Time since last: 60038532959 ns, Reaching safepoint: 19755 ns, Cleanup: 23270 ns, At safepoint: 24040 ns, Total: 67065 ns
[2025-05-30T09:49:14.084+0000][69][info ][safepoint   ] Safepoint "Cleanup", Time since last: 29014054325 ns, Reaching safepoint: 166538 ns, Cleanup: 16431 ns, At safepoint: 19286 ns, Total: 202255 ns
[2025-05-30T09:49:21.085+0000][69][info ][safepoint   ] Safepoint "Cleanup", Time since last: 7001434261 ns, Reaching safepoint: 25347 ns, Cleanup: 17062 ns, At safepoint: 9754 ns, Total: 52163 ns
[2025-05-30T09:50:13.136+0000][69][info ][safepoint   ] Safepoint "Cleanup", Time since last: 52055293464 ns, Reaching safepoint: 38778 ns, Cleanup: 17319 ns, At safepoint: 16221 ns, Total: 72318 ns
[2025-05-30T09:50:14.137+0000][69][info ][safepoint   ] Safepoint "Cleanup", Time since last: 1000692894 ns, Reaching safepoint: 95250 ns, Cleanup: 15802 ns, At safepoint: 33424 ns, Total: 144476 ns
[2025-05-30T09:50:36.276+0000][69][info ][safepoint   ] Safepoint "Cleanup", Time since last: 22139529787 ns, Reaching safepoint: 35869 ns, Cleanup: 17978 ns, At safepoint: 19272 ns, Total: 73119 ns
[2025-05-30T09:50:50.373+0000][69][info ][safepoint   ] Safepoint "Cleanup", Time since last: 14099425214 ns, Reaching safepoint: 151761 ns, Cleanup: 12536 ns, At safepoint: 60148 ns, Total: 224445 ns
[2025-05-30T09:51:05.381+0000][69][info ][safepoint   ] Safepoint "Cleanup", Time since last: 15008323050 ns, Reaching safepoint: 9465 ns, Cleanup: 8693 ns, At safepoint: 15415 ns, Total: 33573 ns
[2025-05-30T09:51:07.198+0000][69][info ][safepoint   ] Safepoint "Cleanup", Time since last: 1816714352 ns, Reaching safepoint: 32220 ns, Cleanup: 15487 ns, At safepoint: 11909 ns, Total: 59616 ns
[2025-05-30T09:51:41.307+0000][69][info ][safepoint   ] Safepoint "Cleanup", Time since last: 34113479371 ns, Reaching safepoint: 97706 ns, Cleanup: 16781 ns, At safepoint: 12554 ns, Total: 127041 ns
[2025-05-30T09:51:54.234+0000][69][info ][safepoint   ] Safepoint "Cleanup", Time since last: 12926367819 ns, Reaching safepoint: 157950 ns, Cleanup: 59386 ns, At safepoint: 36283 ns, Total: 253619 ns
[2025-05-30T09:52:05.414+0000][69][info ][safepoint   ] Safepoint "Cleanup", Time since last: 11179698457 ns, Reaching safepoint: 175366 ns, Cleanup: 12862 ns, At safepoint: 54842 ns, Total: 243070 ns
[2025-05-30T09:52:07.301+0000][69][info ][safepoint   ] Safepoint "Cleanup", Time since last: 1887632473 ns, Reaching safepoint: 39836 ns, Cleanup: 18732 ns, At safepoint: 17980 ns, Total: 76548 ns
[2025-05-30T09:52:20.458+0000][69][info ][safepoint   ] Safepoint "Cleanup", Time since last: 13159343062 ns, Reaching safepoint: 7036 ns, Cleanup: 8561 ns, At safepoint: 14164 ns, Total: 29761 ns
[2025-05-30T09:52:22.281+0000][69][info ][safepoint   ] Safepoint "Cleanup", Time since last: 1822804768 ns, Reaching safepoint: 28827 ns, Cleanup: 19998 ns, At safepoint: 11054 ns, Total: 59879 ns
[2025-05-30T09:52:40.339+0000][69][info ][safepoint   ] Safepoint "Cleanup", Time since last: 18060572197 ns, Reaching safepoint: 28277 ns, Cleanup: 14096 ns, At safepoint: 8008 ns, Total: 50381 ns
[2025-05-30T09:52:56.373+0000][69][info ][safepoint   ] Safepoint "Cleanup", Time since last: 16033581855 ns, Reaching safepoint: 20409 ns, Cleanup: 28909 ns, At safepoint: 78068 ns, Total: 127386 ns
[2025-05-30T09:52:57.398+0000][69][info ][safepoint   ] Safepoint "Cleanup", Time since last: 1024741667 ns, Reaching safepoint: 13106 ns, Cleanup: 11232 ns, At safepoint: 21965 ns, Total: 46303 ns
[2025-05-30T09:53:06.380+0000][69][info ][safepoint   ] Safepoint "Cleanup", Time since last: 8981691484 ns, Reaching safepoint: 36082 ns, Cleanup: 16069 ns, At safepoint: 17100 ns, Total: 69251 ns
[2025-05-30T09:54:00.472+0000][69][info ][safepoint   ] Safepoint "Cleanup", Time since last: 54097030708 ns, Reaching safepoint: 30848 ns, Cleanup: 15910 ns, At safepoint: 15508 ns, Total: 62266 ns
[2025-05-30T09:56:05.737+0000][69][info ][safepoint   ] Safepoint "Cleanup", Time since last: 125273772531 ns, Reaching safepoint: 19208 ns, Cleanup: 26195 ns, At safepoint: 84446 ns, Total: 129849 ns
[2025-05-30T09:57:08.379+0000][69][info ][safepoint   ] Safepoint "Cleanup", Time since last: 62649575864 ns, Reaching safepoint: 12389 ns, Cleanup: 40609 ns, At safepoint: 16194 ns, Total: 69192 ns
[2025-05-30T09:57:40.683+0000][69][info ][safepoint   ] Safepoint "Cleanup", Time since last: 32306650394 ns, Reaching safepoint: 53861 ns, Cleanup: 13390 ns, At safepoint: 9984 ns, Total: 77235 ns
[2025-05-30T09:58:14.877+0000][69][info ][safepoint   ] Safepoint "Cleanup", Time since last: 34196402868 ns, Reaching safepoint: 38147 ns, Cleanup: 14925 ns, At safepoint: 10972 ns, Total: 64044 ns
[2025-05-30T09:58:56.717+0000][69][info ][safepoint   ] Safepoint "Cleanup", Time since last: 41841732388 ns, Reaching safepoint: 67957 ns, Cleanup: 17016 ns, At safepoint: 15047 ns, Total: 100020 ns
[2025-05-30T09:59:41.744+0000][69][info ][safepoint   ] Safepoint "Cleanup", Time since last: 45032895766 ns, Reaching safepoint: 26758 ns, Cleanup: 15299 ns, At safepoint: 9667 ns, Total: 51724 ns
[2025-05-30T10:00:14.749+0000][69][info ][safepoint   ] Safepoint "Cleanup", Time since last: 33006299950 ns, Reaching safepoint: 35962 ns, Cleanup: 58380 ns, At safepoint: 8049 ns, Total: 102391 ns
[2025-05-30T10:01:40.805+0000][69][info ][safepoint   ] Safepoint "Cleanup", Time since last: 86065390148 ns, Reaching safepoint: 30305 ns, Cleanup: 18907 ns, At safepoint: 15950 ns, Total: 65162 ns
[2025-05-30T10:02:24.127+0000][69][info ][safepoint   ] Safepoint "Cleanup", Time since last: 43323541272 ns, Reaching safepoint: 326352 ns, Cleanup: 17647 ns, At safepoint: 209080 ns, Total: 553079 ns
[2025-05-30T10:03:15.843+0000][69][info ][safepoint   ] Safepoint "Cleanup", Time since last: 51719756968 ns, Reaching safepoint: 83713 ns, Cleanup: 15214 ns, At safepoint: 15806 ns, Total: 114733 ns
[2025-05-30T10:03:31.174+0000][69][info ][safepoint   ] Safepoint "Cleanup", Time since last: 15330875896 ns, Reaching safepoint: 27038 ns, Cleanup: 46980 ns, At safepoint: 11862 ns, Total: 85880 ns
[2025-05-30T10:03:55.878+0000][69][info ][safepoint   ] Safepoint "Cleanup", Time since last: 24706626039 ns, Reaching safepoint: 192514 ns, Cleanup: 16625 ns, At safepoint: 11097 ns, Total: 220236 ns
[2025-05-30T10:05:13.913+0000][69][info ][safepoint   ] Safepoint "Cleanup", Time since last: 78041037341 ns, Reaching safepoint: 58440 ns, Cleanup: 13098 ns, At safepoint: 9769 ns, Total: 81307 ns
[2025-05-30T10:06:14.309+0000][69][info ][safepoint   ] Safepoint "Cleanup", Time since last: 60401324804 ns, Reaching safepoint: 30898 ns, Cleanup: 15422 ns, At safepoint: 16138 ns, Total: 62458 ns
[2025-05-30T10:07:14.373+0000][69][info ][safepoint   ] Safepoint "Cleanup", Time since last: 60067907143 ns, Reaching safepoint: 587761 ns, Cleanup: 19037 ns, At safepoint: 196567 ns, Total: 803365 ns
[2025-05-30T10:08:14.318+0000][69][info ][safepoint   ] Safepoint "Cleanup", Time since last: 59949314332 ns, Reaching safepoint: 76612 ns, Cleanup: 17412 ns, At safepoint: 11463 ns, Total: 105487 ns
[2025-05-30T10:09:26.332+0000][69][info ][gc,start    ] GC(19) Pause Young (Mixed) (G1 Evacuation Pause)
[2025-05-30T10:09:26.333+0000][69][info ][gc,task     ] GC(19) Using 10 workers of 10 for evacuation
[2025-05-30T10:09:26.334+0000][69][debug][gc,age      ] GC(19) Desired survivor size 153092096 bytes, new threshold 15 (max threshold 15)
[2025-05-30T10:09:26.457+0000][69][info ][gc,phases   ] GC(19)   Pre Evacuate Collection Set: 6.93ms
[2025-05-30T10:09:26.457+0000][69][info ][gc,phases   ] GC(19)   Merge Heap Roots: 3.30ms
[2025-05-30T10:09:26.458+0000][69][info ][gc,phases   ] GC(19)   Evacuate Collection Set: 99.25ms
[2025-05-30T10:09:26.458+0000][69][info ][gc,phases   ] GC(19)   Post Evacuate Collection Set: 12.18ms
[2025-05-30T10:09:26.459+0000][69][info ][gc,phases   ] GC(19)   Other: 2.47ms
[2025-05-30T10:09:26.459+0000][69][trace][gc,age      ] GC(19) Age table with threshold 15 (max threshold 15)
[2025-05-30T10:09:26.460+0000][69][trace][gc,age      ] GC(19) - age   1:    1509392 bytes,    1509392 total
[2025-05-30T10:09:26.461+0000][69][trace][gc,age      ] GC(19) - age   2:     165976 bytes,    1675368 total
[2025-05-30T10:09:26.462+0000][69][trace][gc,age      ] GC(19) - age   3:     214504 bytes,    1889872 total
[2025-05-30T10:09:26.462+0000][69][trace][gc,age      ] GC(19) - age   4:      88792 bytes,    1978664 total
[2025-05-30T10:09:26.463+0000][69][trace][gc,age      ] GC(19) - age   5:    1990544 bytes,    3969208 total
[2025-05-30T10:09:26.463+0000][69][trace][gc,age      ] GC(19) - age   6:     742784 bytes,    4711992 total
[2025-05-30T10:09:26.463+0000][69][info ][gc,heap     ] GC(19) Eden regions: 580->0(580)
[2025-05-30T10:09:26.464+0000][69][info ][gc,heap     ] GC(19) Survivor regions: 2->2(73)
[2025-05-30T10:09:26.464+0000][69][info ][gc,heap     ] GC(19) Old regions: 27->27
[2025-05-30T10:09:26.464+0000][69][info ][gc,heap     ] GC(19) Humongous regions: 0->0
[2025-05-30T10:09:26.465+0000][69][info ][gc,metaspace] GC(19) Metaspace: 145676K(151296K)->145676K(151296K) NonClass: 126202K(129344K)->126202K(129344K) Class: 19473K(21952K)->19473K(21952K)
[2025-05-30T10:09:26.466+0000][69][info ][gc          ] GC(19) Pause Young (Mixed) (G1 Evacuation Pause) 2431M->109M(3880M) 134.438ms
[2025-05-30T10:09:26.466+0000][69][info ][gc,cpu      ] GC(19) User=0.74s Sys=0.21s Real=0.14s
[2025-05-30T10:09:26.467+0000][69][info ][safepoint   ] Safepoint "G1CollectForAllocation", Time since last: 72017357658 ns, Reaching safepoint: 84636 ns, Cleanup: 6621 ns, At safepoint: 136494134 ns, Total: 136585391 ns
[2025-05-30T10:09:46.568+0000][69][info ][safepoint   ] Safepoint "Cleanup", Time since last: 20102431714 ns, Reaching safepoint: 25858 ns, Cleanup: 15099 ns, At safepoint: 12169 ns, Total: 53126 ns
[2025-05-30T10:10:47.598+0000][69][info ][safepoint   ] Safepoint "Cleanup", Time since last: 61034835375 ns, Reaching safepoint: 6759 ns, Cleanup: 9868 ns, At safepoint: 3189 ns, Total: 19816 ns
[2025-05-30T10:11:50.370+0000][69][info ][safepoint   ] Safepoint "Cleanup", Time since last: 62777084800 ns, Reaching safepoint: 26568 ns, Cleanup: 13155 ns, At safepoint: 66291 ns, Total: 106014 ns
[2025-05-30T10:12:17.393+0000][69][info ][safepoint   ] Safepoint "Cleanup", Time since last: 27026947927 ns, Reaching safepoint: 46244 ns, Cleanup: 5877 ns, At safepoint: 12003 ns, Total: 64124 ns
[2025-05-30T10:12:18.697+0000][69][info ][safepoint   ] Safepoint "Cleanup", Time since last: 1303638562 ns, Reaching safepoint: 17345 ns, Cleanup: 11537 ns, At safepoint: 7777 ns, Total: 36659 ns
[2025-05-30T10:12:44.196+0000][69][info ][safepoint   ] Safepoint "Cleanup", Time since last: 25500114816 ns, Reaching safepoint: 81240 ns, Cleanup: 14724 ns, At safepoint: 9444 ns, Total: 105408 ns
[2025-05-30T10:13:14.777+0000][69][info ][safepoint   ] Safepoint "Cleanup", Time since last: 30583015330 ns, Reaching safepoint: 88280 ns, Cleanup: 14963 ns, At safepoint: 8561 ns, Total: 111804 ns
[2025-05-30T10:13:56.399+0000][69][info ][safepoint   ] Safepoint "Cleanup", Time since last: 41624648181 ns, Reaching safepoint: 32062 ns, Cleanup: 13266 ns, At safepoint: 22581 ns, Total: 67909 ns
[2025-05-30T10:14:59.434+0000][69][info ][safepoint   ] Safepoint "Cleanup", Time since last: 63039841847 ns, Reaching safepoint: 28137 ns, Cleanup: 18560 ns, At safepoint: 80494 ns, Total: 127191 ns
[2025-05-30T10:15:50.289+0000][69][info ][safepoint   ] Safepoint "Cleanup", Time since last: 50859441953 ns, Reaching safepoint: 29636 ns, Cleanup: 14871 ns, At safepoint: 8776 ns, Total: 53283 ns
[2025-05-30T10:16:02.386+0000][69][info ][safepoint   ] Safepoint "Cleanup", Time since last: 12097199548 ns, Reaching safepoint: 95788 ns, Cleanup: 8483 ns, At safepoint: 32525 ns, Total: 136796 ns
[2025-05-30T10:17:14.959+0000][69][info ][safepoint   ] Safepoint "Cleanup", Time since last: 72579092130 ns, Reaching safepoint: 27284 ns, Cleanup: 14586 ns, At safepoint: 8885 ns, Total: 50755 ns
[2025-05-30T10:20:20.223+0000][69][info ][safepoint   ] Safepoint "Cleanup", Time since last: 185278685530 ns, Reaching safepoint: 1000460 ns, Cleanup: 442905 ns, At safepoint: 267204 ns, Total: 1710569 ns
[2025-05-30T10:20:30.226+0000][69][info ][safepoint   ] Safepoint "Cleanup", Time since last: 10002895587 ns, Reaching safepoint: 91001 ns, Cleanup: 17056 ns, At safepoint: 49452 ns, Total: 157509 ns
[2025-05-30T10:20:45.472+0000][69][info ][safepoint   ] Safepoint "Cleanup", Time since last: 15245785555 ns, Reaching safepoint: 2362222 ns, Cleanup: 54050 ns, At safepoint: 121254 ns, Total: 2537526 ns
[2025-05-30T10:20:47.369+0000][69][info ][safepoint   ] Safepoint "Cleanup", Time since last: 1896378740 ns, Reaching safepoint: 26696 ns, Cleanup: 15308 ns, At safepoint: 135107 ns, Total: 177111 ns
[2025-05-30T10:20:49.272+0000][69][info ][safepoint   ] Safepoint "Cleanup", Time since last: 1903179753 ns, Reaching safepoint: 23858 ns, Cleanup: 20010 ns, At safepoint: 9937 ns, Total: 53805 ns
[2025-05-30T10:20:53.320+0000][69][info ][safepoint   ] Safepoint "Cleanup", Time since last: 4047588492 ns, Reaching safepoint: 28995 ns, Cleanup: 12437 ns, At safepoint: 39502 ns, Total: 80934 ns
[2025-05-30T10:20:56.344+0000][69][info ][safepoint   ] Safepoint "Cleanup", Time since last: 3023860902 ns, Reaching safepoint: 17865 ns, Cleanup: 31279 ns, At safepoint: 21564 ns, Total: 70708 ns
[2025-05-30T10:20:57.362+0000][69][info ][safepoint   ] Safepoint "Cleanup", Time since last: 1018654548 ns, Reaching safepoint: 14066 ns, Cleanup: 16221 ns, At safepoint: 44762 ns, Total: 75049 ns
[2025-05-30T10:21:17.469+0000][69][info ][safepoint   ] Safepoint "Cleanup", Time since last: 20109434135 ns, Reaching safepoint: 26883 ns, Cleanup: 16766 ns, At safepoint: 21955 ns, Total: 65604 ns
[2025-05-30T10:21:18.475+0000][69][info ][safepoint   ] Safepoint "Cleanup", Time since last: 1006332498 ns, Reaching safepoint: 13765 ns, Cleanup: 25200 ns, At safepoint: 59970 ns, Total: 98935 ns
[2025-05-30T10:21:20.522+0000][69][info ][safepoint   ] Safepoint "Cleanup", Time since last: 2047258425 ns, Reaching safepoint: 20358 ns, Cleanup: 15908 ns, At safepoint: 8401 ns, Total: 44667 ns
[2025-05-30T10:21:22.027+0000][69][info ][safepoint   ] Safepoint "Cleanup", Time since last: 1504441526 ns, Reaching safepoint: 31203 ns, Cleanup: 16655 ns, At safepoint: 17265 ns, Total: 65123 ns
[2025-05-30T10:21:35.035+0000][69][info ][safepoint   ] Safepoint "Cleanup", Time since last: 13008103584 ns, Reaching safepoint: 26758 ns, Cleanup: 10984 ns, At safepoint: 22125 ns, Total: 59867 ns
[2025-05-30T10:22:25.632+0000][69][info ][safepoint   ] Safepoint "Cleanup", Time since last: 50600914902 ns, Reaching safepoint: 27508 ns, Cleanup: 13968 ns, At safepoint: 8890 ns, Total: 50366 ns
[2025-05-30T10:22:51.412+0000][69][info ][safepoint   ] Safepoint "Cleanup", Time since last: 25782992191 ns, Reaching safepoint: 29486 ns, Cleanup: 16522 ns, At safepoint: 17640 ns, Total: 63648 ns
[2025-05-30T10:23:54.577+0000][69][info ][safepoint   ] Safepoint "Cleanup", Time since last: 63169760482 ns, Reaching safepoint: 91881 ns, Cleanup: 18230 ns, At safepoint: 29774 ns, Total: 139885 ns
[2025-05-30T10:25:12.613+0000][69][info ][safepoint   ] Safepoint "Cleanup", Time since last: 78043365367 ns, Reaching safepoint: 38252 ns, Cleanup: 14992 ns, At safepoint: 12387 ns, Total: 65631 ns
[2025-05-30T10:25:29.762+0000][69][info ][safepoint   ] Safepoint "Cleanup", Time since last: 17149193760 ns, Reaching safepoint: 18054 ns, Cleanup: 9601 ns, At safepoint: 3928 ns, Total: 31583 ns
[2025-05-30T10:26:35.826+0000][69][info ][safepoint   ] Safepoint "Cleanup", Time since last: 66068887909 ns, Reaching safepoint: 105348 ns, Cleanup: 37613 ns, At safepoint: 12881 ns, Total: 155842 ns
[2025-05-30T10:26:40.671+0000][69][info ][safepoint   ] Safepoint "Cleanup", Time since last: 4848711565 ns, Reaching safepoint: 28018 ns, Cleanup: 15208 ns, At safepoint: 12047 ns, Total: 55273 ns
[2025-05-30T10:27:50.441+0000][69][info ][safepoint   ] Safepoint "Cleanup", Time since last: 69774776007 ns, Reaching safepoint: 21853 ns, Cleanup: 21781 ns, At safepoint: 94365 ns, Total: 137999 ns
[2025-05-30T10:27:52.243+0000][69][info ][safepoint   ] Safepoint "Cleanup", Time since last: 1801183490 ns, Reaching safepoint: 45321 ns, Cleanup: 17321 ns, At safepoint: 10620 ns, Total: 73262 ns
[2025-05-30T10:29:41.989+0000][69][info ][safepoint   ] Safepoint "Cleanup", Time since last: 109757437764 ns, Reaching safepoint: 22447 ns, Cleanup: 13077 ns, At safepoint: 69706 ns, Total: 105230 ns
[2025-05-30T10:30:14.012+0000][69][info ][safepoint   ] Safepoint "Cleanup", Time since last: 32025180713 ns, Reaching safepoint: 18562 ns, Cleanup: 11916 ns, At safepoint: 8576 ns, Total: 39054 ns
[2025-05-30T10:32:39.876+0000][69][info ][safepoint   ] Safepoint "Cleanup", Time since last: 145877285542 ns, Reaching safepoint: 31529 ns, Cleanup: 131205 ns, At safepoint: 21434 ns, Total: 184168 ns
[2025-05-30T10:32:42.877+0000][69][info ][safepoint   ] Safepoint "Cleanup", Time since last: 3000846565 ns, Reaching safepoint: 23944 ns, Cleanup: 13833 ns, At safepoint: 11376 ns, Total: 49153 ns
[2025-05-30T10:32:47.880+0000][69][info ][safepoint   ] Safepoint "Cleanup", Time since last: 5001863663 ns, Reaching safepoint: 1180443 ns, Cleanup: 32265 ns, At safepoint: 34712 ns, Total: 1247420 ns
[2025-05-30T10:32:51.164+0000][69][info ][safepoint   ] Safepoint "Cleanup", Time since last: 3284367501 ns, Reaching safepoint: 18391 ns, Cleanup: 54498 ns, At safepoint: 17324 ns, Total: 90213 ns
[2025-05-30T10:34:56.359+0000][69][info ][safepoint   ] Safepoint "Cleanup", Time since last: 125205317909 ns, Reaching safepoint: 19711 ns, Cleanup: 14763 ns, At safepoint: 3796 ns, Total: 38270 ns
[2025-05-30T10:35:29.278+0000][69][info ][safepoint   ] Safepoint "Cleanup", Time since last: 32920812005 ns, Reaching safepoint: 1032707 ns, Cleanup: 19357 ns, At safepoint: 33703 ns, Total: 1085767 ns
[2025-05-30T10:36:00.296+0000][69][info ][safepoint   ] Safepoint "Cleanup", Time since last: 31019819556 ns, Reaching safepoint: 25657 ns, Cleanup: 16486 ns, At safepoint: 5839 ns, Total: 47982 ns
[2025-05-30T10:37:01.033+0000][69][info ][safepoint   ] Safepoint "Cleanup", Time since last: 60742447581 ns, Reaching safepoint: 149105 ns, Cleanup: 173523 ns, At safepoint: 32630 ns, Total: 355258 ns
[2025-05-30T10:37:03.414+0000][69][info ][safepoint   ] Safepoint "Cleanup", Time since last: 2380299032 ns, Reaching safepoint: 380747 ns, Cleanup: 18805 ns, At safepoint: 157659 ns, Total: 557211 ns
[2025-05-30T10:37:04.419+0000][69][info ][safepoint   ] Safepoint "Cleanup", Time since last: 1004903020 ns, Reaching safepoint: 16891 ns, Cleanup: 23423 ns, At safepoint: 14799 ns, Total: 55113 ns
[2025-05-30T10:37:40.064+0000][69][info ][safepoint   ] Safepoint "Cleanup", Time since last: 35650745497 ns, Reaching safepoint: 105707 ns, Cleanup: 70782 ns, At safepoint: 16423 ns, Total: 192912 ns
[2025-05-30T10:38:06.701+0000][69][info ][safepoint   ] Safepoint "Cleanup", Time since last: 26636181529 ns, Reaching safepoint: 142653 ns, Cleanup: 47734 ns, At safepoint: 54390 ns, Total: 244777 ns
[2025-05-30T10:38:25.678+0000][69][info ][safepoint   ] Safepoint "Cleanup", Time since last: 18979426836 ns, Reaching safepoint: 67467 ns, Cleanup: 15236 ns, At safepoint: 31041 ns, Total: 113744 ns
[2025-05-30T10:38:40.269+0000][69][info ][safepoint   ] Safepoint "Cleanup", Time since last: 14595322226 ns, Reaching safepoint: 28006 ns, Cleanup: 16918 ns, At safepoint: 15801 ns, Total: 60725 ns
[2025-05-30T10:39:08.698+0000][69][info ][safepoint   ] Safepoint "Cleanup", Time since last: 28430345330 ns, Reaching safepoint: 18524 ns, Cleanup: 9578 ns, At safepoint: 16146 ns, Total: 44248 ns
[2025-05-30T10:39:41.305+0000][69][info ][safepoint   ] Safepoint "Cleanup", Time since last: 32609215132 ns, Reaching safepoint: 96074 ns, Cleanup: 14065 ns, At safepoint: 11678 ns, Total: 121817 ns
[2025-05-30T10:40:02.309+0000][69][info ][safepoint   ] Safepoint "Cleanup", Time since last: 21003423555 ns, Reaching safepoint: 250134 ns, Cleanup: 14442 ns, At safepoint: 29463 ns, Total: 294039 ns
[2025-05-30T10:40:11.336+0000][69][info ][safepoint   ] Safepoint "Cleanup", Time since last: 9029962930 ns, Reaching safepoint: 27658 ns, Cleanup: 12541 ns, At safepoint: 68302 ns, Total: 108501 ns
[2025-05-30T10:40:12.771+0000][69][info ][safepoint   ] Safepoint "Cleanup", Time since last: 1435371102 ns, Reaching safepoint: 30037 ns, Cleanup: 19509 ns, At safepoint: 16362 ns, Total: 65908 ns
[2025-05-30T10:41:14.798+0000][69][info ][safepoint   ] Safepoint "Cleanup", Time since last: 62031959275 ns, Reaching safepoint: 19640 ns, Cleanup: 14259 ns, At safepoint: 67700 ns, Total: 101599 ns
[2025-05-30T10:41:40.372+0000][69][info ][safepoint   ] Safepoint "Cleanup", Time since last: 25577249765 ns, Reaching safepoint: 36576 ns, Cleanup: 14375 ns, At safepoint: 9342 ns, Total: 60293 ns
[2025-05-30T10:42:10.376+0000][69][info ][safepoint   ] Safepoint "Cleanup", Time since last: 30005125844 ns, Reaching safepoint: 88676 ns, Cleanup: 17867 ns, At safepoint: 15737 ns, Total: 122280 ns
[2025-05-30T10:42:14.377+0000][69][info ][safepoint   ] Safepoint "Cleanup", Time since last: 4001384846 ns, Reaching safepoint: 68917 ns, Cleanup: 16110 ns, At safepoint: 16196 ns, Total: 101223 ns
[2025-05-30T10:42:17.345+0000][69][info ][safepoint   ] Safepoint "Cleanup", Time since last: 2966755479 ns, Reaching safepoint: 939427 ns, Cleanup: 16753 ns, At safepoint: 201390 ns, Total: 1157570 ns
[2025-05-30T10:42:18.861+0000][69][info ][safepoint   ] Safepoint "Cleanup", Time since last: 1515817716 ns, Reaching safepoint: 18643 ns, Cleanup: 14818 ns, At safepoint: 8861 ns, Total: 42322 ns
[2025-05-30T10:42:35.335+0000][69][info ][safepoint   ] Safepoint "Cleanup", Time since last: 16473826779 ns, Reaching safepoint: 26716 ns, Cleanup: 16397 ns, At safepoint: 65197 ns, Total: 108310 ns
[2025-05-30T10:42:36.888+0000][69][info ][safepoint   ] Safepoint "Cleanup", Time since last: 1553175353 ns, Reaching safepoint: 30361 ns, Cleanup: 18380 ns, At safepoint: 19040 ns, Total: 67781 ns
[2025-05-30T10:42:44.920+0000][69][info ][safepoint   ] Safepoint "Cleanup", Time since last: 8034059436 ns, Reaching safepoint: 68625 ns, Cleanup: 16211 ns, At safepoint: 30155 ns, Total: 114991 ns
[2025-05-30T10:42:45.921+0000][69][info ][safepoint   ] Safepoint "Cleanup", Time since last: 1001007701 ns, Reaching safepoint: 30202 ns, Cleanup: 17721 ns, At safepoint: 16808 ns, Total: 64731 ns
[2025-05-30T10:42:50.538+0000][69][info ][safepoint   ] Safepoint "Cleanup", Time since last: 4616667921 ns, Reaching safepoint: 86236 ns, Cleanup: 9227 ns, At safepoint: 60887 ns, Total: 156350 ns
[2025-05-30T10:43:20.320+0000][69][info ][safepoint   ] Safepoint "Cleanup", Time since last: 29785076737 ns, Reaching safepoint: 18872 ns, Cleanup: 10004 ns, At safepoint: 29970 ns, Total: 58846 ns
[2025-05-30T10:44:23.997+0000][69][info ][safepoint   ] Safepoint "Cleanup", Time since last: 63682539178 ns, Reaching safepoint: 155248 ns, Cleanup: 11986 ns, At safepoint: 35007 ns, Total: 202241 ns
[2025-05-30T10:45:27.037+0000][69][info ][safepoint   ] Safepoint "Cleanup", Time since last: 63044297725 ns, Reaching safepoint: 24841 ns, Cleanup: 14564 ns, At safepoint: 74278 ns, Total: 113683 ns
[2025-05-30T10:45:40.504+0000][69][info ][safepoint   ] Safepoint "Cleanup", Time since last: 13469682131 ns, Reaching safepoint: 30092 ns, Cleanup: 17732 ns, At safepoint: 16642 ns, Total: 64466 ns
[2025-05-30T10:45:44.505+0000][69][info ][safepoint   ] Safepoint "Cleanup", Time since last: 4001190675 ns, Reaching safepoint: 13723 ns, Cleanup: 11900 ns, At safepoint: 7511 ns, Total: 33134 ns
[2025-05-30T10:45:50.507+0000][69][info ][safepoint   ] Safepoint "Cleanup", Time since last: 6001689919 ns, Reaching safepoint: 46913 ns, Cleanup: 10740 ns, At safepoint: 6270 ns, Total: 63923 ns
[2025-05-30T10:45:54.508+0000][69][info ][safepoint   ] Safepoint "Cleanup", Time since last: 4001056426 ns, Reaching safepoint: 15563 ns, Cleanup: 9640 ns, At safepoint: 6844 ns, Total: 32047 ns
[2025-05-30T10:46:40.538+0000][69][info ][safepoint   ] Safepoint "Cleanup", Time since last: 46035431671 ns, Reaching safepoint: 24468 ns, Cleanup: 16261 ns, At safepoint: 11246 ns, Total: 51975 ns
[2025-05-30T10:47:36.164+0000][69][info ][safepoint   ] Safepoint "Cleanup", Time since last: 55628507456 ns, Reaching safepoint: 52386 ns, Cleanup: 11989 ns, At safepoint: 26957 ns, Total: 91332 ns
[2025-05-30T10:48:33.282+0000][69][info ][safepoint   ] Safepoint "Cleanup", Time since last: 57122540291 ns, Reaching safepoint: 32860 ns, Cleanup: 23074 ns, At safepoint: 68555 ns, Total: 124489 ns
[2025-05-30T10:49:36.289+0000][69][info ][safepoint   ] Safepoint "Cleanup", Time since last: 63012418381 ns, Reaching safepoint: 15300 ns, Cleanup: 10246 ns, At safepoint: 14578 ns, Total: 40124 ns
[2025-05-30T10:50:14.632+0000][69][info ][safepoint   ] Safepoint "Cleanup", Time since last: 38348033591 ns, Reaching safepoint: 28418 ns, Cleanup: 14937 ns, At safepoint: 15709 ns, Total: 59064 ns
[2025-05-30T10:50:39.365+0000][69][info ][safepoint   ] Safepoint "Cleanup", Time since last: 24735830745 ns, Reaching safepoint: 44095 ns, Cleanup: 10058 ns, At safepoint: 9862 ns, Total: 64015 ns
[2025-05-30T10:51:14.564+0000][69][info ][safepoint   ] Safepoint "Cleanup", Time since last: 35201280985 ns, Reaching safepoint: 127534 ns, Cleanup: 15831 ns, At safepoint: 70652 ns, Total: 214017 ns
[2025-05-30T10:51:41.581+0000][69][info ][safepoint   ] Safepoint "Cleanup", Time since last: 27021230528 ns, Reaching safepoint: 148756 ns, Cleanup: 10095 ns, At safepoint: 46895 ns, Total: 205746 ns
[2025-05-30T10:51:43.436+0000][69][info ][safepoint   ] Safepoint "Cleanup", Time since last: 1855018454 ns, Reaching safepoint: 19226 ns, Cleanup: 15911 ns, At safepoint: 9143 ns, Total: 44280 ns
[2025-05-30T10:52:38.570+0000][69][info ][safepoint   ] Safepoint "Cleanup", Time since last: 55138202516 ns, Reaching safepoint: 38913 ns, Cleanup: 18722 ns, At safepoint: 85350 ns, Total: 142985 ns
[2025-05-30T10:52:40.484+0000][69][info ][safepoint   ] Safepoint "Cleanup", Time since last: 1913421793 ns, Reaching safepoint: 29291 ns, Cleanup: 16703 ns, At safepoint: 16512 ns, Total: 62506 ns
[2025-05-30T10:52:46.511+0000][69][info ][safepoint   ] Safepoint "Cleanup", Time since last: 6026942903 ns, Reaching safepoint: 61609 ns, Cleanup: 12649 ns, At safepoint: 9473 ns, Total: 83731 ns
[2025-05-30T10:53:39.767+0000][69][info ][safepoint   ] Safepoint "Cleanup", Time since last: 53260257442 ns, Reaching safepoint: 30543 ns, Cleanup: 18184 ns, At safepoint: 18141 ns, Total: 66868 ns
[2025-05-30T10:53:56.576+0000][69][info ][safepoint   ] Safepoint "Cleanup", Time since last: 16808529662 ns, Reaching safepoint: 174294 ns, Cleanup: 16780 ns, At safepoint: 61785 ns, Total: 252859 ns
[2025-05-30T10:54:39.833+0000][69][info ][safepoint   ] Safepoint "Cleanup", Time since last: 43263859455 ns, Reaching safepoint: 33499 ns, Cleanup: 19293 ns, At safepoint: 10307 ns, Total: 63099 ns
[2025-05-30T10:54:47.594+0000][69][info ][safepoint   ] Safepoint "Cleanup", Time since last: 7760518813 ns, Reaching safepoint: 36890 ns, Cleanup: 15207 ns, At safepoint: 78533 ns, Total: 130630 ns
[2025-05-30T10:55:40.867+0000][69][info ][safepoint   ] Safepoint "Cleanup", Time since last: 53277418184 ns, Reaching safepoint: 19442 ns, Cleanup: 12658 ns, At safepoint: 9196 ns, Total: 41296 ns
[2025-05-30T10:55:51.673+0000][69][info ][safepoint   ] Safepoint "Cleanup", Time since last: 10805795366 ns, Reaching safepoint: 7212 ns, Cleanup: 6546 ns, At safepoint: 4909 ns, Total: 18667 ns
[2025-05-30T10:56:13.698+0000][69][info ][safepoint   ] Safepoint "Cleanup", Time since last: 22028049075 ns, Reaching safepoint: 21170 ns, Cleanup: 11787 ns, At safepoint: 36295 ns, Total: 69252 ns
[2025-05-30T10:57:41.582+0000][69][info ][safepoint   ] Safepoint "Cleanup", Time since last: 87891726668 ns, Reaching safepoint: 32019 ns, Cleanup: 15792 ns, At safepoint: 73475 ns, Total: 121286 ns
[2025-05-30T10:57:42.810+0000][69][info ][safepoint   ] Safepoint "Cleanup", Time since last: 1227712924 ns, Reaching safepoint: 17094 ns, Cleanup: 12361 ns, At safepoint: 7575 ns, Total: 37030 ns
[2025-05-30T10:57:47.844+0000][69][info ][safepoint   ] Safepoint "Cleanup", Time since last: 5034401422 ns, Reaching safepoint: 34433 ns, Cleanup: 15781 ns, At safepoint: 18054 ns, Total: 68268 ns
[2025-05-30T10:58:10.100+0000][69][info ][gc,start    ] GC(20) Pause Young (Normal) (G1 Evacuation Pause)
[2025-05-30T10:58:10.105+0000][69][info ][gc,task     ] GC(20) Using 10 workers of 10 for evacuation
[2025-05-30T10:58:10.106+0000][69][debug][gc,age      ] GC(20) Desired survivor size 153092096 bytes, new threshold 15 (max threshold 15)
[2025-05-30T10:58:10.263+0000][69][info ][gc,phases   ] GC(20)   Pre Evacuate Collection Set: 12.26ms
[2025-05-30T10:58:10.263+0000][69][info ][gc,phases   ] GC(20)   Merge Heap Roots: 3.56ms
[2025-05-30T10:58:10.264+0000][69][info ][gc,phases   ] GC(20)   Evacuate Collection Set: 122.57ms
[2025-05-30T10:58:10.264+0000][69][info ][gc,phases   ] GC(20)   Post Evacuate Collection Set: 15.58ms
[2025-05-30T10:58:10.264+0000][69][info ][gc,phases   ] GC(20)   Other: 5.06ms
[2025-05-30T10:58:10.265+0000][69][trace][gc,age      ] GC(20) Age table with threshold 15 (max threshold 15)
[2025-05-30T10:58:10.266+0000][69][trace][gc,age      ] GC(20) - age   1:    1432568 bytes,    1432568 total
[2025-05-30T10:58:10.266+0000][69][trace][gc,age      ] GC(20) - age   2:     353136 bytes,    1785704 total
[2025-05-30T10:58:10.266+0000][69][trace][gc,age      ] GC(20) - age   3:     163904 bytes,    1949608 total
[2025-05-30T10:58:10.267+0000][69][trace][gc,age      ] GC(20) - age   4:     213120 bytes,    2162728 total
[2025-05-30T10:58:10.267+0000][69][trace][gc,age      ] GC(20) - age   5:      88752 bytes,    2251480 total
[2025-05-30T10:58:10.267+0000][69][trace][gc,age      ] GC(20) - age   6:    1986592 bytes,    4238072 total
[2025-05-30T10:58:10.268+0000][69][trace][gc,age      ] GC(20) - age   7:     742744 bytes,    4980816 total
[2025-05-30T10:58:10.268+0000][69][info ][gc,heap     ] GC(20) Eden regions: 580->0(580)
[2025-05-30T10:58:10.268+0000][69][info ][gc,heap     ] GC(20) Survivor regions: 2->2(73)
[2025-05-30T10:58:10.269+0000][69][info ][gc,heap     ] GC(20) Old regions: 27->27
[2025-05-30T10:58:10.269+0000][69][info ][gc,heap     ] GC(20) Humongous regions: 0->0
[2025-05-30T10:58:10.270+0000][69][info ][gc,metaspace] GC(20) Metaspace: 145913K(151360K)->145913K(151360K) NonClass: 126439K(129408K)->126439K(129408K) Class: 19474K(21952K)->19474K(21952K)
[2025-05-30T10:58:10.271+0000][69][info ][gc          ] GC(20) Pause Young (Normal) (G1 Evacuation Pause) 2429M->110M(3880M) 171.319ms
[2025-05-30T10:58:10.271+0000][69][info ][gc,cpu      ] GC(20) User=1.04s Sys=0.00s Real=0.18s
[2025-05-30T10:58:10.272+0000][69][info ][safepoint   ] Safepoint "G1CollectForAllocation", Time since last: 22252450840 ns, Reaching safepoint: 68047 ns, Cleanup: 6196 ns, At safepoint: 177204434 ns, Total: 177278677 ns
[2025-05-30T11:00:13.970+0000][69][info ][safepoint   ] Safepoint "Cleanup", Time since last: 123708394261 ns, Reaching safepoint: 32192 ns, Cleanup: 18913 ns, At safepoint: 17910 ns, Total: 69015 ns
[2025-05-30T11:01:40.054+0000][69][info ][safepoint   ] Safepoint "Cleanup", Time since last: 86112929845 ns, Reaching safepoint: 74798 ns, Cleanup: 20843 ns, At safepoint: 15086 ns, Total: 110727 ns
[2025-05-30T11:02:46.072+0000][69][info ][safepoint   ] Safepoint "Cleanup", Time since last: 66024056735 ns, Reaching safepoint: 72248 ns, Cleanup: 15841 ns, At safepoint: 17484 ns, Total: 105573 ns
[2025-05-30T11:03:12.125+0000][69][info ][safepoint   ] Safepoint "Cleanup", Time since last: 26055492758 ns, Reaching safepoint: 24255 ns, Cleanup: 12855 ns, At safepoint: 6094 ns, Total: 43204 ns
[2025-05-30T11:03:16.233+0000][69][info ][safepoint   ] Safepoint "Cleanup", Time since last: 4107596611 ns, Reaching safepoint: 30695 ns, Cleanup: 17905 ns, At safepoint: 16435 ns, Total: 65035 ns
[2025-05-30T11:03:21.055+0000][69][info ][safepoint   ] Safepoint "Cleanup", Time since last: 4821833959 ns, Reaching safepoint: 12243 ns, Cleanup: 17418 ns, At safepoint: 78749 ns, Total: 108410 ns
[2025-05-30T11:05:12.313+0000][69][info ][safepoint   ] Safepoint "Cleanup", Time since last: 111264337008 ns, Reaching safepoint: 31960 ns, Cleanup: 15959 ns, At safepoint: 67660 ns, Total: 115579 ns
[2025-05-30T11:05:40.344+0000][69][info ][safepoint   ] Safepoint "Cleanup", Time since last: 28033057444 ns, Reaching safepoint: 20461 ns, Cleanup: 15209 ns, At safepoint: 9293 ns, Total: 44963 ns
[2025-05-30T11:07:40.411+0000][69][info ][safepoint   ] Safepoint "Cleanup", Time since last: 120074782734 ns, Reaching safepoint: 25878 ns, Cleanup: 12137 ns, At safepoint: 9047 ns, Total: 47062 ns
[2025-05-30T11:07:49.633+0000][69][info ][safepoint   ] Safepoint "Cleanup", Time since last: 9221813313 ns, Reaching safepoint: 57607 ns, Cleanup: 17688 ns, At safepoint: 10616 ns, Total: 85911 ns
[2025-05-30T11:08:26.774+0000][69][info ][safepoint   ] Safepoint "Cleanup", Time since last: 37143311448 ns, Reaching safepoint: 32768 ns, Cleanup: 15985 ns, At safepoint: 72230 ns, Total: 120983 ns
[2025-05-30T11:08:27.775+0000][69][info ][safepoint   ] Safepoint "Cleanup", Time since last: 1000127775 ns, Reaching safepoint: 92824 ns, Cleanup: 9088 ns, At safepoint: 52640 ns, Total: 154552 ns
[2025-05-30T11:09:15.451+0000][69][info ][safepoint   ] Safepoint "Cleanup", Time since last: 47679462188 ns, Reaching safepoint: 122141 ns, Cleanup: 17945 ns, At safepoint: 14054 ns, Total: 154140 ns
[2025-05-30T11:09:55.481+0000][69][info ][safepoint   ] Safepoint "Cleanup", Time since last: 40032716516 ns, Reaching safepoint: 70621 ns, Cleanup: 17200 ns, At safepoint: 16638 ns, Total: 104459 ns
[2025-05-30T11:10:14.483+0000][69][info ][safepoint   ] Safepoint "Cleanup", Time since last: 19003177658 ns, Reaching safepoint: 68107 ns, Cleanup: 18692 ns, At safepoint: 13072 ns, Total: 99871 ns
[2025-05-30T11:10:32.879+0000][69][info ][safepoint   ] Safepoint "Cleanup", Time since last: 18396126979 ns, Reaching safepoint: 31260 ns, Cleanup: 14560 ns, At safepoint: 71116 ns, Total: 116936 ns
[2025-05-30T11:11:35.569+0000][69][info ][safepoint   ] Safepoint "Cleanup", Time since last: 62694129507 ns, Reaching safepoint: 34032 ns, Cleanup: 14306 ns, At safepoint: 69052 ns, Total: 117390 ns
[2025-05-30T11:12:43.982+0000][69][info ][safepoint   ] Safepoint "Cleanup", Time since last: 68418394934 ns, Reaching safepoint: 62094 ns, Cleanup: 14797 ns, At safepoint: 11645 ns, Total: 88536 ns
[2025-05-30T11:12:52.006+0000][69][info ][safepoint   ] Safepoint "Cleanup", Time since last: 8023672864 ns, Reaching safepoint: 29178 ns, Cleanup: 16543 ns, At safepoint: 17625 ns, Total: 63346 ns
[2025-05-30T11:13:20.532+0000][69][info ][safepoint   ] Safepoint "Cleanup", Time since last: 28528300229 ns, Reaching safepoint: 128525 ns, Cleanup: 14810 ns, At safepoint: 148722 ns, Total: 292057 ns
[2025-05-30T11:13:42.057+0000][69][info ][safepoint   ] Safepoint "Cleanup", Time since last: 21530174393 ns, Reaching safepoint: 14484 ns, Cleanup: 19929 ns, At safepoint: 88020 ns, Total: 122433 ns
[2025-05-30T11:14:44.617+0000][69][info ][safepoint   ] Safepoint "Cleanup", Time since last: 62560977071 ns, Reaching safepoint: 19092 ns, Cleanup: 23431 ns, At safepoint: 24109 ns, Total: 66632 ns
[2025-05-30T11:15:42.728+0000][69][info ][safepoint   ] Safepoint "Cleanup", Time since last: 58114850809 ns, Reaching safepoint: 31078 ns, Cleanup: 15478 ns, At safepoint: 16704 ns, Total: 63260 ns
[2025-05-30T11:16:51.216+0000][69][info ][safepoint   ] Safepoint "Cleanup", Time since last: 68492956892 ns, Reaching safepoint: 15205 ns, Cleanup: 10374 ns, At safepoint: 15587 ns, Total: 41166 ns
[2025-05-30T11:16:55.246+0000][69][info ][safepoint   ] Safepoint "Cleanup", Time since last: 4029316997 ns, Reaching safepoint: 33620 ns, Cleanup: 16322 ns, At safepoint: 17297 ns, Total: 67239 ns
[2025-05-30T11:17:53.616+0000][69][info ][safepoint   ] Safepoint "Cleanup", Time since last: 58374829408 ns, Reaching safepoint: 15997 ns, Cleanup: 8185 ns, At safepoint: 20149 ns, Total: 44331 ns
[2025-05-30T11:17:55.294+0000][69][info ][safepoint   ] Safepoint "Cleanup", Time since last: 1677614997 ns, Reaching safepoint: 19102 ns, Cleanup: 12100 ns, At safepoint: 8891 ns, Total: 40093 ns
[2025-05-30T11:18:39.829+0000][69][info ][safepoint   ] Safepoint "Cleanup", Time since last: 44539865210 ns, Reaching safepoint: 57432 ns, Cleanup: 95633 ns, At safepoint: 17480 ns, Total: 170545 ns
[2025-05-30T11:18:57.390+0000][69][info ][safepoint   ] Safepoint "Cleanup", Time since last: 17560733087 ns, Reaching safepoint: 25419 ns, Cleanup: 114498 ns, At safepoint: 51281 ns, Total: 191198 ns
[2025-05-30T11:18:59.387+0000][69][info ][safepoint   ] Safepoint "Cleanup", Time since last: 1996908363 ns, Reaching safepoint: 30114 ns, Cleanup: 40881 ns, At safepoint: 18413 ns, Total: 89408 ns
[2025-05-30T11:19:00.388+0000][69][info ][safepoint   ] Safepoint "Cleanup", Time since last: 1000688551 ns, Reaching safepoint: 31649 ns, Cleanup: 20230 ns, At safepoint: 13191 ns, Total: 65070 ns
[2025-05-30T11:20:47.570+0000][69][info ][safepoint   ] Safepoint "Cleanup", Time since last: 107190673448 ns, Reaching safepoint: 110223 ns, Cleanup: 23264 ns, At safepoint: 44413 ns, Total: 177900 ns
[2025-05-30T11:20:49.497+0000][69][info ][safepoint   ] Safepoint "Cleanup", Time since last: 1926483586 ns, Reaching safepoint: 33557 ns, Cleanup: 25296 ns, At safepoint: 18041 ns, Total: 76894 ns
[2025-05-30T11:20:50.507+0000][69][info ][safepoint   ] Safepoint "Cleanup", Time since last: 1010579906 ns, Reaching safepoint: 16441 ns, Cleanup: 25522 ns, At safepoint: 93045 ns, Total: 135008 ns
[2025-05-30T11:20:57.570+0000][69][info ][safepoint   ] Safepoint "Cleanup", Time since last: 7060857356 ns, Reaching safepoint: 63328 ns, Cleanup: 1649260 ns, At safepoint: 56502 ns, Total: 1769090 ns
[2025-05-30T11:21:03.728+0000][69][info ][safepoint   ] Safepoint "Cleanup", Time since last: 6157873136 ns, Reaching safepoint: 12265 ns, Cleanup: 17858 ns, At safepoint: 81682 ns, Total: 111805 ns
[2025-05-30T11:21:05.697+0000][69][info ][safepoint   ] Safepoint "Cleanup", Time since last: 1968651166 ns, Reaching safepoint: 32672 ns, Cleanup: 17236 ns, At safepoint: 17995 ns, Total: 67903 ns
[2025-05-30T11:21:20.541+0000][69][info ][safepoint   ] Safepoint "Cleanup", Time since last: 14845356027 ns, Reaching safepoint: 159946 ns, Cleanup: 12016 ns, At safepoint: 40233 ns, Total: 212195 ns
[2025-05-30T11:21:21.745+0000][69][info ][safepoint   ] Safepoint "Cleanup", Time since last: 1204079566 ns, Reaching safepoint: 13776 ns, Cleanup: 17241 ns, At safepoint: 26281 ns, Total: 57298 ns
[2025-05-30T11:21:34.984+0000][69][info ][safepoint   ] Safepoint "Cleanup", Time since last: 13239306860 ns, Reaching safepoint: 15706 ns, Cleanup: 9294 ns, At safepoint: 19539 ns, Total: 44539 ns
[2025-05-30T11:21:39.932+0000][69][info ][safepoint   ] Safepoint "Cleanup", Time since last: 4949978807 ns, Reaching safepoint: 24357 ns, Cleanup: 15577 ns, At safepoint: 10347 ns, Total: 50281 ns
[2025-05-30T11:22:05.600+0000][69][info ][safepoint   ] Safepoint "Cleanup", Time since last: 25667657358 ns, Reaching safepoint: 139832 ns, Cleanup: 12287 ns, At safepoint: 54694 ns, Total: 206813 ns
[2025-05-30T11:22:06.802+0000][69][info ][safepoint   ] Safepoint "Cleanup", Time since last: 1202686956 ns, Reaching safepoint: 18417 ns, Cleanup: 11851 ns, At safepoint: 8367 ns, Total: 38635 ns
[2025-05-30T11:22:56.822+0000][69][info ][safepoint   ] Safepoint "Cleanup", Time since last: 50024155667 ns, Reaching safepoint: 193824 ns, Cleanup: 9265 ns, At safepoint: 50409 ns, Total: 253498 ns
[2025-05-30T11:23:08.552+0000][69][info ][safepoint   ] Safepoint "Cleanup", Time since last: 11732406087 ns, Reaching safepoint: 15991 ns, Cleanup: 22440 ns, At safepoint: 86678 ns, Total: 125109 ns
[2025-05-30T11:23:09.928+0000][69][info ][safepoint   ] Safepoint "Cleanup", Time since last: 1375811126 ns, Reaching safepoint: 76870 ns, Cleanup: 16724 ns, At safepoint: 30743 ns, Total: 124337 ns
[2025-05-30T11:23:40.005+0000][69][info ][safepoint   ] Safepoint "Cleanup", Time since last: 30078840813 ns, Reaching safepoint: 34597 ns, Cleanup: 17569 ns, At safepoint: 16799 ns, Total: 68965 ns
[2025-05-30T11:24:11.649+0000][69][info ][safepoint   ] Safepoint "Cleanup", Time since last: 31646269763 ns, Reaching safepoint: 25349 ns, Cleanup: 132612 ns, At safepoint: 140545 ns, Total: 298506 ns
[2025-05-30T11:24:40.055+0000][69][info ][safepoint   ] Safepoint "Cleanup", Time since last: 28408054567 ns, Reaching safepoint: 31922 ns, Cleanup: 15628 ns, At safepoint: 15986 ns, Total: 63536 ns
[2025-05-30T11:25:14.546+0000][69][info ][safepoint   ] Safepoint "Cleanup", Time since last: 34492825112 ns, Reaching safepoint: 392556 ns, Cleanup: 20179 ns, At safepoint: 166255 ns, Total: 578990 ns
[2025-05-30T11:28:20.511+0000][69][info ][safepoint   ] Safepoint "Cleanup", Time since last: 185978190928 ns, Reaching safepoint: 154534 ns, Cleanup: 68716 ns, At safepoint: 47418 ns, Total: 270668 ns
[2025-05-30T11:29:25.381+0000][69][info ][safepoint   ] Safepoint "Cleanup", Time since last: 64875868278 ns, Reaching safepoint: 175210 ns, Cleanup: 38426 ns, At safepoint: 20688 ns, Total: 234324 ns
[2025-05-30T11:29:40.410+0000][69][info ][safepoint   ] Safepoint "Cleanup", Time since last: 15029810679 ns, Reaching safepoint: 25259 ns, Cleanup: 105518 ns, At safepoint: 22275 ns, Total: 153052 ns
[2025-05-30T11:30:29.568+0000][69][info ][safepoint   ] Safepoint "Cleanup", Time since last: 49161691407 ns, Reaching safepoint: 27696 ns, Cleanup: 11884 ns, At safepoint: 67318 ns, Total: 106898 ns
[2025-05-30T11:31:15.445+0000][69][info ][safepoint   ] Safepoint "Cleanup", Time since last: 45880798844 ns, Reaching safepoint: 38507 ns, Cleanup: 78624 ns, At safepoint: 13927 ns, Total: 131058 ns
[2025-05-30T11:32:36.569+0000][69][info ][safepoint   ] Safepoint "Cleanup", Time since last: 81128270005 ns, Reaching safepoint: 15409 ns, Cleanup: 23445 ns, At safepoint: 66283 ns, Total: 105137 ns
[2025-05-30T11:33:02.513+0000][69][info ][safepoint   ] Safepoint "Cleanup", Time since last: 25945940046 ns, Reaching safepoint: 214829 ns, Cleanup: 14363 ns, At safepoint: 60254 ns, Total: 289446 ns
[2025-05-30T11:33:04.650+0000][69][info ][safepoint   ] Safepoint "Cleanup", Time since last: 2136820156 ns, Reaching safepoint: 29204 ns, Cleanup: 16294 ns, At safepoint: 15914 ns, Total: 61412 ns
[2025-05-30T11:33:14.709+0000][69][info ][safepoint   ] Safepoint "Cleanup", Time since last: 10061307411 ns, Reaching safepoint: 27215 ns, Cleanup: 14766 ns, At safepoint: 10176 ns, Total: 52157 ns
[2025-05-30T11:33:20.510+0000][69][info ][safepoint   ] Safepoint "Cleanup", Time since last: 5801405889 ns, Reaching safepoint: 12561 ns, Cleanup: 11214 ns, At safepoint: 23112 ns, Total: 46887 ns
[2025-05-30T11:33:38.723+0000][69][info ][safepoint   ] Safepoint "Cleanup", Time since last: 18214601968 ns, Reaching safepoint: 629684 ns, Cleanup: 16670 ns, At safepoint: 157870 ns, Total: 804224 ns
[2025-05-30T11:34:10.800+0000][69][info ][safepoint   ] Safepoint "Cleanup", Time since last: 32078550462 ns, Reaching safepoint: 85040 ns, Cleanup: 17268 ns, At safepoint: 34445 ns, Total: 136753 ns
[2025-05-30T11:34:41.553+0000][69][info ][safepoint   ] Safepoint "Cleanup", Time since last: 30756136143 ns, Reaching safepoint: 17000 ns, Cleanup: 15332 ns, At safepoint: 69179 ns, Total: 101511 ns
[2025-05-30T11:35:06.856+0000][69][info ][safepoint   ] Safepoint "Cleanup", Time since last: 25303146611 ns, Reaching safepoint: 230116 ns, Cleanup: 17481 ns, At safepoint: 15565 ns, Total: 263162 ns
[2025-05-30T11:35:13.856+0000][69][info ][safepoint   ] Safepoint "Cleanup", Time since last: 7001683193 ns, Reaching safepoint: 34914 ns, Cleanup: 15447 ns, At safepoint: 18027 ns, Total: 68388 ns
[2025-05-30T11:35:25.859+0000][69][info ][safepoint   ] Safepoint "Cleanup", Time since last: 12002804420 ns, Reaching safepoint: 24001 ns, Cleanup: 14006 ns, At safepoint: 9505 ns, Total: 47512 ns
[2025-05-30T11:35:44.884+0000][69][info ][safepoint   ] Safepoint "Cleanup", Time since last: 19027273653 ns, Reaching safepoint: 11425 ns, Cleanup: 226880 ns, At safepoint: 51572 ns, Total: 289877 ns
[2025-05-30T11:36:14.917+0000][69][info ][safepoint   ] Safepoint "Cleanup", Time since last: 30034765386 ns, Reaching safepoint: 259368 ns, Cleanup: 19663 ns, At safepoint: 96064 ns, Total: 375095 ns
[2025-05-30T11:36:44.642+0000][69][info ][safepoint   ] Safepoint "Cleanup", Time since last: 29727830747 ns, Reaching safepoint: 85690 ns, Cleanup: 20972 ns, At safepoint: 14512 ns, Total: 121174 ns
[2025-05-30T11:37:51.004+0000][69][info ][safepoint   ] Safepoint "Cleanup", Time since last: 66366436046 ns, Reaching safepoint: 8503 ns, Cleanup: 8806 ns, At safepoint: 13725 ns, Total: 31034 ns
[2025-05-30T11:39:09.159+0000][69][info ][safepoint   ] Safepoint "Cleanup", Time since last: 78162009099 ns, Reaching safepoint: 74003 ns, Cleanup: 17952 ns, At safepoint: 17540 ns, Total: 109495 ns
[2025-05-30T11:44:08.549+0000][69][info ][safepoint   ] Safepoint "Cleanup", Time since last: 299413937678 ns, Reaching safepoint: 129081 ns, Cleanup: 11957 ns, At safepoint: 64905 ns, Total: 205943 ns
[2025-05-30T11:44:09.553+0000][69][info ][safepoint   ] Safepoint "Cleanup", Time since last: 1003538354 ns, Reaching safepoint: 127580 ns, Cleanup: 12914 ns, At safepoint: 74148 ns, Total: 214642 ns
[2025-05-30T11:45:11.533+0000][69][info ][safepoint   ] Safepoint "Cleanup", Time since last: 61984421819 ns, Reaching safepoint: 23418 ns, Cleanup: 69437 ns, At safepoint: 31045 ns, Total: 123900 ns
[2025-05-30T11:45:13.627+0000][69][info ][safepoint   ] Safepoint "Cleanup", Time since last: 2094464675 ns, Reaching safepoint: 38022 ns, Cleanup: 22155 ns, At safepoint: 21298 ns, Total: 81475 ns
[2025-05-30T11:46:14.524+0000][69][info ][safepoint   ] Safepoint "Cleanup", Time since last: 60901532847 ns, Reaching safepoint: 10031 ns, Cleanup: 11775 ns, At safepoint: 5684 ns, Total: 27490 ns
[2025-05-30T11:46:15.704+0000][69][info ][safepoint   ] Safepoint "Cleanup", Time since last: 1179189562 ns, Reaching safepoint: 32684 ns, Cleanup: 24904 ns, At safepoint: 19881 ns, Total: 77469 ns
[2025-05-30T11:48:11.018+0000][69][info ][safepoint   ] Safepoint "Cleanup", Time since last: 115324433264 ns, Reaching safepoint: 80846 ns, Cleanup: 20862 ns, At safepoint: 17045 ns, Total: 118753 ns
[2025-05-30T11:48:12.844+0000][69][info ][safepoint   ] Safepoint "Cleanup", Time since last: 1825809930 ns, Reaching safepoint: 22577 ns, Cleanup: 18019 ns, At safepoint: 10777 ns, Total: 51373 ns
[2025-05-30T11:48:21.029+0000][69][info ][safepoint   ] Safepoint "Cleanup", Time since last: 8183667469 ns, Reaching safepoint: 913285 ns, Cleanup: 26252 ns, At safepoint: 81741 ns, Total: 1021278 ns
[2025-05-30T11:49:11.488+0000][69][info ][gc,start    ] GC(21) Pause Young (Normal) (G1 Evacuation Pause)
[2025-05-30T11:49:11.493+0000][69][info ][gc,task     ] GC(21) Using 10 workers of 10 for evacuation
[2025-05-30T11:49:11.494+0000][69][debug][gc,age      ] GC(21) Desired survivor size 153092096 bytes, new threshold 15 (max threshold 15)
[2025-05-30T11:49:11.698+0000][69][info ][gc,mmu      ] GC(21) MMU target violated: 201.0ms (200.0ms/201.0ms)
[2025-05-30T11:49:11.698+0000][69][info ][gc,phases   ] GC(21)   Pre Evacuate Collection Set: 11.37ms
[2025-05-30T11:49:11.699+0000][69][info ][gc,phases   ] GC(21)   Merge Heap Roots: 6.39ms
[2025-05-30T11:49:11.699+0000][69][info ][gc,phases   ] GC(21)   Evacuate Collection Set: 160.51ms
[2025-05-30T11:49:11.700+0000][69][info ][gc,phases   ] GC(21)   Post Evacuate Collection Set: 22.16ms
[2025-05-30T11:49:11.700+0000][69][info ][gc,phases   ] GC(21)   Other: 6.44ms
[2025-05-30T11:49:11.701+0000][69][trace][gc,age      ] GC(21) Age table with threshold 15 (max threshold 15)
[2025-05-30T11:49:11.701+0000][69][trace][gc,age      ] GC(21) - age   1:    1062840 bytes,    1062840 total
[2025-05-30T11:49:11.702+0000][69][trace][gc,age      ] GC(21) - age   2:     285312 bytes,    1348152 total
[2025-05-30T11:49:11.702+0000][69][trace][gc,age      ] GC(21) - age   3:     300128 bytes,    1648280 total
[2025-05-30T11:49:11.702+0000][69][trace][gc,age      ] GC(21) - age   4:     163712 bytes,    1811992 total
[2025-05-30T11:49:11.703+0000][69][trace][gc,age      ] GC(21) - age   5:     212680 bytes,    2024672 total
[2025-05-30T11:49:11.703+0000][69][trace][gc,age      ] GC(21) - age   6:      88352 bytes,    2113024 total
[2025-05-30T11:49:11.704+0000][69][trace][gc,age      ] GC(21) - age   7:    1986360 bytes,    4099384 total
[2025-05-30T11:49:11.704+0000][69][trace][gc,age      ] GC(21) - age   8:     741224 bytes,    4840608 total
[2025-05-30T11:49:11.705+0000][69][info ][gc,heap     ] GC(21) Eden regions: 580->0(210)
[2025-05-30T11:49:11.705+0000][69][info ][gc,heap     ] GC(21) Survivor regions: 2->2(73)
[2025-05-30T11:49:11.706+0000][69][info ][gc,heap     ] GC(21) Old regions: 27->27
[2025-05-30T11:49:11.706+0000][69][info ][gc,heap     ] GC(21) Humongous regions: 0->0
[2025-05-30T11:49:11.708+0000][69][info ][gc,metaspace] GC(21) Metaspace: 146127K(151360K)->146127K(151360K) NonClass: 126652K(129408K)->126652K(129408K) Class: 19474K(21952K)->19474K(21952K)
[2025-05-30T11:49:11.709+0000][69][info ][gc          ] GC(21) Pause Young (Normal) (G1 Evacuation Pause) 2430M->109M(3880M) 221.104ms
[2025-05-30T11:49:11.709+0000][69][info ][gc,cpu      ] GC(21) User=1.38s Sys=0.03s Real=0.22s
[2025-05-30T11:49:11.710+0000][69][info ][safepoint   ] Safepoint "G1CollectForAllocation", Time since last: 50459540510 ns, Reaching safepoint: 32732 ns, Cleanup: 5390 ns, At safepoint: 226507448 ns, Total: 226545570 ns
[2025-05-30T11:49:23.528+0000][69][info ][safepoint   ] Safepoint "Cleanup", Time since last: 11817725502 ns, Reaching safepoint: 100462 ns, Cleanup: 11788 ns, At safepoint: 19872 ns, Total: 132122 ns
[2025-05-30T11:50:15.081+0000][69][info ][safepoint   ] Safepoint "Cleanup", Time since last: 51558411208 ns, Reaching safepoint: 35040 ns, Cleanup: 17050 ns, At safepoint: 12864 ns, Total: 64954 ns
[2025-05-30T11:50:24.085+0000][69][info ][safepoint   ] Safepoint "Cleanup", Time since last: 9003855190 ns, Reaching safepoint: 36421 ns, Cleanup: 14562 ns, At safepoint: 13583 ns, Total: 64566 ns
[2025-05-30T11:50:26.516+0000][69][info ][safepoint   ] Safepoint "Cleanup", Time since last: 2430658652 ns, Reaching safepoint: 28792 ns, Cleanup: 16206 ns, At safepoint: 88458 ns, Total: 133456 ns
[2025-05-30T11:50:28.077+0000][69][info ][safepoint   ] Safepoint "Cleanup", Time since last: 1560641577 ns, Reaching safepoint: 31936 ns, Cleanup: 16491 ns, At safepoint: 17352 ns, Total: 65779 ns
[2025-05-30T11:51:26.818+0000][69][info ][safepoint   ] Safepoint "Cleanup", Time since last: 58745109968 ns, Reaching safepoint: 412535 ns, Cleanup: 20584 ns, At safepoint: 75726 ns, Total: 508845 ns
[2025-05-30T11:51:28.437+0000][69][info ][safepoint   ] Safepoint "Cleanup", Time since last: 1619097566 ns, Reaching safepoint: 33192 ns, Cleanup: 27364 ns, At safepoint: 13758 ns, Total: 74314 ns
[2025-05-30T11:51:31.470+0000][69][info ][safepoint   ] Safepoint "Cleanup", Time since last: 3032601955 ns, Reaching safepoint: 34944 ns, Cleanup: 19573 ns, At safepoint: 13919 ns, Total: 68436 ns
[2025-05-30T11:52:32.510+0000][69][info ][safepoint   ] Safepoint "Cleanup", Time since last: 61044982682 ns, Reaching safepoint: 22357 ns, Cleanup: 18499 ns, At safepoint: 21663 ns, Total: 62519 ns
[2025-05-30T11:52:33.525+0000][69][info ][safepoint   ] Safepoint "Cleanup", Time since last: 1015633275 ns, Reaching safepoint: 16010 ns, Cleanup: 11348 ns, At safepoint: 23531 ns, Total: 50889 ns
[2025-05-30T11:53:14.502+0000][69][info ][safepoint   ] Safepoint "Cleanup", Time since last: 40981286443 ns, Reaching safepoint: 15450 ns, Cleanup: 18684 ns, At safepoint: 21134 ns, Total: 55268 ns
[2025-05-30T11:53:40.200+0000][69][info ][safepoint   ] Safepoint "Cleanup", Time since last: 25700279438 ns, Reaching safepoint: 148767 ns, Cleanup: 18473 ns, At safepoint: 30357 ns, Total: 197597 ns
[2025-05-30T11:54:17.980+0000][69][info ][safepoint   ] Safepoint "Cleanup", Time since last: 37782878804 ns, Reaching safepoint: 86479 ns, Cleanup: 18104 ns, At safepoint: 13188 ns, Total: 117771 ns
[2025-05-30T11:54:57.232+0000][69][info ][safepoint   ] Safepoint "Cleanup", Time since last: 39254618932 ns, Reaching safepoint: 57343 ns, Cleanup: 16058 ns, At safepoint: 12379 ns, Total: 85780 ns
[2025-05-30T11:57:15.916+0000][69][info ][safepoint   ] Safepoint "Cleanup", Time since last: 138696280676 ns, Reaching safepoint: 79461 ns, Cleanup: 17616 ns, At safepoint: 18925 ns, Total: 116002 ns
[2025-05-30T11:57:39.919+0000][69][info ][safepoint   ] Safepoint "Cleanup", Time since last: 24004575033 ns, Reaching safepoint: 120439 ns, Cleanup: 22980 ns, At safepoint: 21126 ns, Total: 164545 ns
[2025-05-30T11:57:45.321+0000][69][info ][safepoint   ] Safepoint "Cleanup", Time since last: 5401784624 ns, Reaching safepoint: 35384 ns, Cleanup: 22552 ns, At safepoint: 18257 ns, Total: 76193 ns
[2025-05-30T11:58:17.980+0000][69][info ][safepoint   ] Safepoint "Cleanup", Time since last: 32661836632 ns, Reaching safepoint: 234250 ns, Cleanup: 11861 ns, At safepoint: 44667 ns, Total: 290778 ns
[2025-05-30T11:58:51.116+0000][69][info ][safepoint   ] Safepoint "Cleanup", Time since last: 33138124860 ns, Reaching safepoint: 9717 ns, Cleanup: 9430 ns, At safepoint: 5922 ns, Total: 25069 ns
[2025-05-30T12:00:56.526+0000][69][info ][safepoint   ] Safepoint "Cleanup", Time since last: 125420075140 ns, Reaching safepoint: 27572 ns, Cleanup: 14873 ns, At safepoint: 65520 ns, Total: 107965 ns
[2025-05-30T12:00:58.183+0000][69][info ][safepoint   ] Safepoint "Cleanup", Time since last: 1656552911 ns, Reaching safepoint: 22005 ns, Cleanup: 15241 ns, At safepoint: 9929 ns, Total: 47175 ns
[2025-05-30T12:01:04.185+0000][69][info ][safepoint   ] Safepoint "Cleanup", Time since last: 6001576872 ns, Reaching safepoint: 95693 ns, Cleanup: 25873 ns, At safepoint: 18855 ns, Total: 140421 ns
[2025-05-30T12:05:12.092+0000][69][info ][safepoint   ] Safepoint "Cleanup", Time since last: 247930788957 ns, Reaching safepoint: 37221 ns, Cleanup: 17797 ns, At safepoint: 18326 ns, Total: 73344 ns
[2025-05-30T12:05:14.093+0000][69][info ][safepoint   ] Safepoint "Cleanup", Time since last: 2000917468 ns, Reaching safepoint: 31604 ns, Cleanup: 16615 ns, At safepoint: 17503 ns, Total: 65722 ns
[2025-05-30T12:05:16.094+0000][69][info ][safepoint   ] Safepoint "Cleanup", Time since last: 2000921514 ns, Reaching safepoint: 19333 ns, Cleanup: 12707 ns, At safepoint: 9319 ns, Total: 41359 ns
[2025-05-30T12:06:10.130+0000][69][info ][safepoint   ] Safepoint "Cleanup", Time since last: 54040761554 ns, Reaching safepoint: 197771 ns, Cleanup: 11505 ns, At safepoint: 54801 ns, Total: 264077 ns
[2025-05-30T12:06:11.164+0000][69][info ][safepoint   ] Safepoint "Cleanup", Time since last: 1033180424 ns, Reaching safepoint: 37795 ns, Cleanup: 11971 ns, At safepoint: 9723 ns, Total: 59489 ns
[2025-05-30T12:08:38.389+0000][69][info ][safepoint   ] Safepoint "Cleanup", Time since last: 147235407450 ns, Reaching safepoint: 184381 ns, Cleanup: 74844 ns, At safepoint: 18245 ns, Total: 277470 ns
[2025-05-30T12:08:47.879+0000][69][info ][safepoint   ] Safepoint "Cleanup", Time since last: 9492189892 ns, Reaching safepoint: 385691 ns, Cleanup: 11337 ns, At safepoint: 112008 ns, Total: 509036 ns
[2025-05-30T12:09:18.459+0000][69][info ][safepoint   ] Safepoint "Cleanup", Time since last: 30581609876 ns, Reaching safepoint: 30118 ns, Cleanup: 13087 ns, At safepoint: 67141 ns, Total: 110346 ns
[2025-05-30T12:09:20.446+0000][69][info ][safepoint   ] Safepoint "Cleanup", Time since last: 1987209621 ns, Reaching safepoint: 28849 ns, Cleanup: 15449 ns, At safepoint: 16884 ns, Total: 61182 ns
[2025-05-30T12:09:39.447+0000][69][info ][safepoint   ] Safepoint "Cleanup", Time since last: 19003486764 ns, Reaching safepoint: 71522 ns, Cleanup: 18365 ns, At safepoint: 20804 ns, Total: 110691 ns
[2025-05-30T12:10:13.913+0000][69][info ][safepoint   ] Safepoint "Cleanup", Time since last: 34468945294 ns, Reaching safepoint: 32967 ns, Cleanup: 16960 ns, At safepoint: 18991 ns, Total: 68918 ns
[2025-05-30T12:11:24.511+0000][69][info ][safepoint   ] Safepoint "Cleanup", Time since last: 70604082629 ns, Reaching safepoint: 18848 ns, Cleanup: 13291 ns, At safepoint: 27389 ns, Total: 59528 ns
[2025-05-30T12:11:25.541+0000][69][info ][safepoint   ] Safepoint "Cleanup", Time since last: 1030250035 ns, Reaching safepoint: 32968 ns, Cleanup: 17929 ns, At safepoint: 18795 ns, Total: 69692 ns
[2025-05-30T12:11:29.542+0000][69][info ][safepoint   ] Safepoint "Cleanup", Time since last: 4001228359 ns, Reaching safepoint: 32282 ns, Cleanup: 17032 ns, At safepoint: 17931 ns, Total: 67245 ns
[2025-05-30T12:12:27.561+0000][69][info ][safepoint   ] Safepoint "Cleanup", Time since last: 58023325485 ns, Reaching safepoint: 24036 ns, Cleanup: 14155 ns, At safepoint: 75488 ns, Total: 113679 ns
[2025-05-30T12:16:15.106+0000][69][info ][gc,start    ] GC(22) Pause Young (Normal) (G1 Evacuation Pause)
[2025-05-30T12:16:15.108+0000][69][info ][gc,task     ] GC(22) Using 10 workers of 10 for evacuation
[2025-05-30T12:16:15.109+0000][69][debug][gc,age      ] GC(22) Desired survivor size 81788928 bytes, new threshold 15 (max threshold 15)
[2025-05-30T12:16:15.188+0000][69][info ][gc,phases   ] GC(22)   Pre Evacuate Collection Set: 9.03ms
[2025-05-30T12:16:15.189+0000][69][info ][gc,phases   ] GC(22)   Merge Heap Roots: 1.60ms
[2025-05-30T12:16:15.190+0000][69][info ][gc,phases   ] GC(22)   Evacuate Collection Set: 54.83ms
[2025-05-30T12:16:15.190+0000][69][info ][gc,phases   ] GC(22)   Post Evacuate Collection Set: 12.11ms
[2025-05-30T12:16:15.191+0000][69][info ][gc,phases   ] GC(22)   Other: 3.23ms
[2025-05-30T12:16:15.192+0000][69][trace][gc,age      ] GC(22) Age table with threshold 15 (max threshold 15)
[2025-05-30T12:16:15.192+0000][69][trace][gc,age      ] GC(22) - age   1:     985632 bytes,     985632 total
[2025-05-30T12:16:15.193+0000][69][trace][gc,age      ] GC(22) - age   2:     500600 bytes,    1486232 total
[2025-05-30T12:16:15.193+0000][69][trace][gc,age      ] GC(22) - age   3:     201400 bytes,    1687632 total
[2025-05-30T12:16:15.193+0000][69][trace][gc,age      ] GC(22) - age   4:     299968 bytes,    1987600 total
[2025-05-30T12:16:15.194+0000][69][trace][gc,age      ] GC(22) - age   5:     163632 bytes,    2151232 total
[2025-05-30T12:16:15.194+0000][69][trace][gc,age      ] GC(22) - age   6:     212160 bytes,    2363392 total
[2025-05-30T12:16:15.195+0000][69][trace][gc,age      ] GC(22) - age   7:      88352 bytes,    2451744 total
[2025-05-30T12:16:15.196+0000][69][trace][gc,age      ] GC(22) - age   8:    1986248 bytes,    4437992 total
[2025-05-30T12:16:15.196+0000][69][trace][gc,age      ] GC(22) - age   9:     741224 bytes,    5179216 total
[2025-05-30T12:16:15.197+0000][69][info ][gc,heap     ] GC(22) Eden regions: 303->0(580)
[2025-05-30T12:16:15.197+0000][69][info ][gc,heap     ] GC(22) Survivor regions: 2->2(39)
[2025-05-30T12:16:15.199+0000][69][info ][gc,heap     ] GC(22) Old regions: 27->27
[2025-05-30T12:16:15.199+0000][69][info ][gc,heap     ] GC(22) Humongous regions: 0->0
[2025-05-30T12:16:15.200+0000][69][info ][gc,metaspace] GC(22) Metaspace: 146201K(151360K)->146201K(151360K) NonClass: 126724K(129408K)->126724K(129408K) Class: 19476K(21952K)->19476K(21952K)
[2025-05-30T12:16:15.201+0000][69][info ][gc          ] GC(22) Pause Young (Normal) (G1 Evacuation Pause) 1321M->110M(3880M) 95.358ms
[2025-05-30T12:16:15.202+0000][69][info ][gc,cpu      ] GC(22) User=0.48s Sys=0.03s Real=0.10s
[2025-05-30T12:16:15.203+0000][69][info ][safepoint   ] Safepoint "G1CollectForAllocation", Time since last: 227563178348 ns, Reaching safepoint: 74505 ns, Cleanup: 7866 ns, At safepoint: 97579492 ns, Total: 97661863 ns
[2025-05-30T12:18:44.154+0000][69][info ][safepoint   ] Safepoint "Cleanup", Time since last: 148963502129 ns, Reaching safepoint: 13495 ns, Cleanup: 8316 ns, At safepoint: 16461 ns, Total: 38272 ns
[2025-05-30T12:19:39.743+0000][69][info ][safepoint   ] Safepoint "Cleanup", Time since last: 55593561071 ns, Reaching safepoint: 83962 ns, Cleanup: 201528 ns, At safepoint: 39109 ns, Total: 324599 ns
[2025-05-30T12:20:49.778+0000][69][info ][safepoint   ] Safepoint "Cleanup", Time since last: 70040274961 ns, Reaching safepoint: 7009 ns, Cleanup: 7822 ns, At safepoint: 3057 ns, Total: 17888 ns
[2025-05-30T12:20:50.807+0000][69][info ][safepoint   ] Safepoint "Cleanup", Time since last: 1028971120 ns, Reaching safepoint: 6302 ns, Cleanup: 10794 ns, At safepoint: 14066 ns, Total: 31162 ns
[2025-05-30T12:20:52.578+0000][69][info ][safepoint   ] Safepoint "Cleanup", Time since last: 1770110929 ns, Reaching safepoint: 30761 ns, Cleanup: 19868 ns, At safepoint: 18168 ns, Total: 68797 ns
[2025-05-30T12:20:59.630+0000][69][info ][safepoint   ] Safepoint "Cleanup", Time since last: 7052347574 ns, Reaching safepoint: 24759 ns, Cleanup: 15229 ns, At safepoint: 65909 ns, Total: 105897 ns
[2025-05-30T12:21:28.754+0000][69][info ][safepoint   ] Safepoint "Cleanup", Time since last: 29125784471 ns, Reaching safepoint: 137645 ns, Cleanup: 10115 ns, At safepoint: 52511 ns, Total: 200271 ns
[2025-05-30T12:21:53.757+0000][69][info ][safepoint   ] Safepoint "Cleanup", Time since last: 25005998688 ns, Reaching safepoint: 20390 ns, Cleanup: 20648 ns, At safepoint: 82375 ns, Total: 123413 ns
[2025-05-30T12:22:39.737+0000][69][info ][safepoint   ] Safepoint "Cleanup", Time since last: 45985462990 ns, Reaching safepoint: 59533 ns, Cleanup: 15698 ns, At safepoint: 11651 ns, Total: 86882 ns
[2025-05-30T12:22:55.736+0000][69][info ][safepoint   ] Safepoint "Cleanup", Time since last: 15999014984 ns, Reaching safepoint: 7337 ns, Cleanup: 9063 ns, At safepoint: 3002 ns, Total: 19402 ns
[2025-05-30T12:22:56.748+0000][69][info ][safepoint   ] Safepoint "Cleanup", Time since last: 1011430893 ns, Reaching safepoint: 43971 ns, Cleanup: 28449 ns, At safepoint: 15234 ns, Total: 87654 ns
[2025-05-30T12:23:28.723+0000][69][info ][safepoint   ] Safepoint "Cleanup", Time since last: 31977610507 ns, Reaching safepoint: 70744 ns, Cleanup: 22809 ns, At safepoint: 29415 ns, Total: 122968 ns
[2025-05-30T12:23:58.936+0000][69][info ][safepoint   ] Safepoint "Cleanup", Time since last: 30215274504 ns, Reaching safepoint: 18092 ns, Cleanup: 12457 ns, At safepoint: 40145 ns, Total: 70694 ns
[2025-05-30T12:24:40.923+0000][69][info ][safepoint   ] Safepoint "Cleanup", Time since last: 41991708490 ns, Reaching safepoint: 50542 ns, Cleanup: 11910 ns, At safepoint: 9041 ns, Total: 71493 ns
[2025-05-30T12:25:01.737+0000][69][info ][safepoint   ] Safepoint "Cleanup", Time since last: 20813708510 ns, Reaching safepoint: 155201 ns, Cleanup: 15151 ns, At safepoint: 81104 ns, Total: 251456 ns
[2025-05-30T12:27:08.081+0000][69][info ][safepoint   ] Safepoint "Cleanup", Time since last: 126354335768 ns, Reaching safepoint: 148568 ns, Cleanup: 15214 ns, At safepoint: 41620 ns, Total: 205402 ns
[2025-05-30T12:29:39.229+0000][69][info ][safepoint   ] Safepoint "Cleanup", Time since last: 151162344196 ns, Reaching safepoint: 83646 ns, Cleanup: 63973 ns, At safepoint: 11207 ns, Total: 158826 ns
[2025-05-30T12:32:23.345+0000][69][info ][safepoint   ] Safepoint "Cleanup", Time since last: 164127845167 ns, Reaching safepoint: 19892 ns, Cleanup: 21300 ns, At safepoint: 88610 ns, Total: 129802 ns
[2025-05-30T12:32:24.368+0000][69][info ][safepoint   ] Safepoint "Cleanup", Time since last: 1022867160 ns, Reaching safepoint: 41686 ns, Cleanup: 20376 ns, At safepoint: 34169 ns, Total: 96231 ns
[2025-05-30T12:32:39.369+0000][69][info ][safepoint   ] Safepoint "Cleanup", Time since last: 15003390793 ns, Reaching safepoint: 79244 ns, Cleanup: 21266 ns, At safepoint: 36183 ns, Total: 136693 ns
[2025-05-30T12:33:25.747+0000][69][info ][safepoint   ] Safepoint "Cleanup", Time since last: 46380738335 ns, Reaching safepoint: 14087 ns, Cleanup: 12066 ns, At safepoint: 4983 ns, Total: 31136 ns
[2025-05-30T12:33:39.486+0000][69][info ][safepoint   ] Safepoint "Cleanup", Time since last: 13741082094 ns, Reaching safepoint: 68400 ns, Cleanup: 106124 ns, At safepoint: 25932 ns, Total: 200456 ns
[2025-05-30T12:34:29.510+0000][69][info ][safepoint   ] Safepoint "Cleanup", Time since last: 50026808953 ns, Reaching safepoint: 13404 ns, Cleanup: 10776 ns, At safepoint: 21068 ns, Total: 45248 ns
[2025-05-30T12:35:55.779+0000][69][info ][safepoint   ] Safepoint "Cleanup", Time since last: 86247539949 ns, Reaching safepoint: 27765094 ns, Cleanup: 15436 ns, At safepoint: 94246 ns, Total: 27874776 ns
[2025-05-30T12:35:57.621+0000][69][info ][safepoint   ] Safepoint "Cleanup", Time since last: 1842344939 ns, Reaching safepoint: 27228 ns, Cleanup: 19251 ns, At safepoint: 11675 ns, Total: 58154 ns
[2025-05-30T12:37:25.898+0000][69][info ][safepoint   ] Safepoint "Cleanup", Time since last: 88284310315 ns, Reaching safepoint: 60792 ns, Cleanup: 14814 ns, At safepoint: 10539 ns, Total: 86145 ns
[2025-05-30T12:38:38.850+0000][69][info ][safepoint   ] Safepoint "Cleanup", Time since last: 72959675367 ns, Reaching safepoint: 19521 ns, Cleanup: 20648 ns, At safepoint: 80171 ns, Total: 120340 ns
[2025-05-30T12:40:39.977+0000][69][info ][safepoint   ] Safepoint "Cleanup", Time since last: 121135891210 ns, Reaching safepoint: 104692 ns, Cleanup: 18014 ns, At safepoint: 20296 ns, Total: 143002 ns
[2025-05-30T12:41:40.023+0000][69][info ][safepoint   ] Safepoint "Cleanup", Time since last: 60051029238 ns, Reaching safepoint: 140117 ns, Cleanup: 17440 ns, At safepoint: 31568 ns, Total: 189125 ns
[2025-05-30T12:41:49.712+0000][69][info ][safepoint   ] Safepoint "Cleanup", Time since last: 9689206864 ns, Reaching safepoint: 17570 ns, Cleanup: 12125 ns, At safepoint: 21923 ns, Total: 51618 ns
[2025-05-30T12:43:55.217+0000][69][info ][safepoint   ] Safepoint "Cleanup", Time since last: 125514118939 ns, Reaching safepoint: 26155 ns, Cleanup: 85091 ns, At safepoint: 71330 ns, Total: 182576 ns
[2025-05-30T12:44:39.246+0000][69][info ][safepoint   ] Safepoint "Cleanup", Time since last: 44034059814 ns, Reaching safepoint: 163471 ns, Cleanup: 17250 ns, At safepoint: 36833 ns, Total: 217554 ns
[2025-05-30T12:44:58.267+0000][69][info ][safepoint   ] Safepoint "Cleanup", Time since last: 19020732639 ns, Reaching safepoint: 26562 ns, Cleanup: 13036 ns, At safepoint: 24685 ns, Total: 64283 ns
[2025-05-30T12:47:03.504+0000][69][info ][safepoint   ] Safepoint "Cleanup", Time since last: 125246611018 ns, Reaching safepoint: 45209 ns, Cleanup: 18343 ns, At safepoint: 139544 ns, Total: 203096 ns
[2025-05-30T12:50:14.640+0000][69][info ][safepoint   ] Safepoint "Cleanup", Time since last: 191153357661 ns, Reaching safepoint: 30648 ns, Cleanup: 16947 ns, At safepoint: 17198 ns, Total: 64793 ns
[2025-05-30T12:50:33.644+0000][69][info ][safepoint   ] Safepoint "Cleanup", Time since last: 19003784486 ns, Reaching safepoint: 75536 ns, Cleanup: 16151 ns, At safepoint: 31653 ns, Total: 123340 ns
[2025-05-30T12:51:15.680+0000][69][info ][safepoint   ] Safepoint "Cleanup", Time since last: 42041231323 ns, Reaching safepoint: 38655 ns, Cleanup: 155057 ns, At safepoint: 92771 ns, Total: 286483 ns
[2025-05-30T12:51:33.518+0000][69][info ][safepoint   ] Safepoint "Cleanup", Time since last: 17837185474 ns, Reaching safepoint: 324056 ns, Cleanup: 17844 ns, At safepoint: 59353 ns, Total: 401253 ns
[2025-05-30T12:52:00.569+0000][69][info ][safepoint   ] Safepoint "Cleanup", Time since last: 27054205318 ns, Reaching safepoint: 138479 ns, Cleanup: 15763 ns, At safepoint: 16023 ns, Total: 170265 ns
[2025-05-30T12:52:39.809+0000][69][info ][safepoint   ] Safepoint "Cleanup", Time since last: 39245928890 ns, Reaching safepoint: 74156 ns, Cleanup: 18620 ns, At safepoint: 10093 ns, Total: 102869 ns
[2025-05-30T12:52:50.603+0000][69][info ][safepoint   ] Safepoint "Cleanup", Time since last: 10793673607 ns, Reaching safepoint: 71250 ns, Cleanup: 17948 ns, At safepoint: 15620 ns, Total: 104818 ns
[2025-05-30T12:53:39.877+0000][69][info ][safepoint   ] Safepoint "Cleanup", Time since last: 49279228154 ns, Reaching safepoint: 69957 ns, Cleanup: 16932 ns, At safepoint: 15206 ns, Total: 102095 ns
[2025-05-30T12:53:45.533+0000][69][info ][safepoint   ] Safepoint "Cleanup", Time since last: 5654709026 ns, Reaching safepoint: 13430 ns, Cleanup: 350958 ns, At safepoint: 41587 ns, Total: 405975 ns
[2025-05-30T12:53:55.410+0000][69][info ][safepoint   ] Safepoint "Cleanup", Time since last: 9877655448 ns, Reaching safepoint: 68559 ns, Cleanup: 16162 ns, At safepoint: 17267 ns, Total: 101988 ns
[2025-05-30T12:54:25.437+0000][69][info ][safepoint   ] Safepoint "Cleanup", Time since last: 30029157259 ns, Reaching safepoint: 15194 ns, Cleanup: 18937 ns, At safepoint: 91351 ns, Total: 125482 ns
[2025-05-30T12:59:39.733+0000][69][info ][safepoint   ] Safepoint "Cleanup", Time since last: 314329695353 ns, Reaching safepoint: 17693 ns, Cleanup: 18814 ns, At safepoint: 85946 ns, Total: 122453 ns
[2025-05-30T13:00:11.830+0000][69][info ][safepoint   ] Safepoint "Cleanup", Time since last: 32098974618 ns, Reaching safepoint: 36942 ns, Cleanup: 17683 ns, At safepoint: 74477 ns, Total: 129102 ns
[2025-05-30T13:03:09.959+0000][69][info ][safepoint   ] Safepoint "Cleanup", Time since last: 178146381045 ns, Reaching safepoint: 52054 ns, Cleanup: 12142 ns, At safepoint: 9180 ns, Total: 73376 ns
[2025-05-30T13:03:20.962+0000][69][info ][safepoint   ] Safepoint "Cleanup", Time since last: 11002526748 ns, Reaching safepoint: 54410 ns, Cleanup: 15120 ns, At safepoint: 12517 ns, Total: 82047 ns
[2025-05-30T13:03:52.042+0000][69][info ][safepoint   ] Safepoint "Cleanup", Time since last: 31082948747 ns, Reaching safepoint: 14260 ns, Cleanup: 23073 ns, At safepoint: 79960 ns, Total: 117293 ns
[2025-05-30T13:03:58.074+0000][69][info ][safepoint   ] Safepoint "Cleanup", Time since last: 6031509922 ns, Reaching safepoint: 19336 ns, Cleanup: 14537 ns, At safepoint: 10801 ns, Total: 44674 ns
[2025-05-30T13:04:55.134+0000][69][info ][gc,start    ] GC(23) Pause Young (Normal) (G1 Evacuation Pause)
[2025-05-30T13:04:55.137+0000][69][info ][gc,task     ] GC(23) Using 10 workers of 10 for evacuation
[2025-05-30T13:04:55.138+0000][69][debug][gc,age      ] GC(23) Desired survivor size 153092096 bytes, new threshold 15 (max threshold 15)
[2025-05-30T13:04:55.336+0000][69][info ][gc,phases   ] GC(23)   Pre Evacuate Collection Set: 18.29ms
[2025-05-30T13:04:55.337+0000][69][info ][gc,phases   ] GC(23)   Merge Heap Roots: 5.45ms
[2025-05-30T13:04:55.338+0000][69][info ][gc,phases   ] GC(23)   Evacuate Collection Set: 143.82ms
[2025-05-30T13:04:55.338+0000][69][info ][gc,phases   ] GC(23)   Post Evacuate Collection Set: 25.47ms
[2025-05-30T13:04:55.339+0000][69][info ][gc,phases   ] GC(23)   Other: 5.68ms
[2025-05-30T13:04:55.339+0000][69][trace][gc,age      ] GC(23) Age table with threshold 15 (max threshold 15)
[2025-05-30T13:04:55.340+0000][69][trace][gc,age      ] GC(23) - age   1:    1539936 bytes,    1539936 total
[2025-05-30T13:04:55.340+0000][69][trace][gc,age      ] GC(23) - age   2:      67304 bytes,    1607240 total
[2025-05-30T13:04:55.341+0000][69][trace][gc,age      ] GC(23) - age   3:     152352 bytes,    1759592 total
[2025-05-30T13:04:55.341+0000][69][trace][gc,age      ] GC(23) - age   4:     200528 bytes,    1960120 total
[2025-05-30T13:04:55.342+0000][69][trace][gc,age      ] GC(23) - age   5:     283600 bytes,    2243720 total
[2025-05-30T13:04:55.342+0000][69][trace][gc,age      ] GC(23) - age   6:     163328 bytes,    2407048 total
[2025-05-30T13:04:55.343+0000][69][trace][gc,age      ] GC(23) - age   7:     211992 bytes,    2619040 total
[2025-05-30T13:04:55.343+0000][69][trace][gc,age      ] GC(23) - age   8:      88192 bytes,    2707232 total
[2025-05-30T13:04:55.344+0000][69][trace][gc,age      ] GC(23) - age   9:    1985944 bytes,    4693176 total
[2025-05-30T13:04:55.344+0000][69][trace][gc,age      ] GC(23) - age  10:     740952 bytes,    5434128 total
[2025-05-30T13:04:55.344+0000][69][info ][gc,heap     ] GC(23) Eden regions: 580->0(429)
[2025-05-30T13:04:55.345+0000][69][info ][gc,heap     ] GC(23) Survivor regions: 2->2(73)
[2025-05-30T13:04:55.345+0000][69][info ][gc,heap     ] GC(23) Old regions: 27->27
[2025-05-30T13:04:55.346+0000][69][info ][gc,heap     ] GC(23) Humongous regions: 0->0
[2025-05-30T13:04:55.346+0000][69][info ][gc,metaspace] GC(23) Metaspace: 146288K(151360K)->146288K(151360K) NonClass: 126811K(129408K)->126811K(129408K) Class: 19477K(21952K)->19477K(21952K)
[2025-05-30T13:04:55.349+0000][69][info ][gc          ] GC(23) Pause Young (Normal) (G1 Evacuation Pause) 2430M->110M(3880M) 213.682ms
[2025-05-30T13:04:55.349+0000][69][info ][gc,cpu      ] GC(23) User=1.30s Sys=0.03s Real=0.21s
[2025-05-30T13:04:55.350+0000][69][info ][safepoint   ] Safepoint "G1CollectForAllocation", Time since last: 57060827664 ns, Reaching safepoint: 41083 ns, Cleanup: 5185 ns, At safepoint: 220106404 ns, Total: 220152672 ns
[2025-05-30T13:04:57.121+0000][69][info ][safepoint   ] Safepoint "Cleanup", Time since last: 1771117755 ns, Reaching safepoint: 64474 ns, Cleanup: 21353 ns, At safepoint: 17572 ns, Total: 103399 ns
[2025-05-30T13:05:00.122+0000][69][info ][safepoint   ] Safepoint "Cleanup", Time since last: 3001117171 ns, Reaching safepoint: 34036 ns, Cleanup: 22543 ns, At safepoint: 18523 ns, Total: 75102 ns
[2025-05-30T13:05:39.124+0000][69][info ][safepoint   ] Safepoint "Cleanup", Time since last: 39007071883 ns, Reaching safepoint: 68793 ns, Cleanup: 20696 ns, At safepoint: 30098 ns, Total: 119587 ns
[2025-05-30T13:08:03.457+0000][69][info ][safepoint   ] Safepoint "Cleanup", Time since last: 144343474646 ns, Reaching safepoint: 905731 ns, Cleanup: 19989 ns, At safepoint: 133679 ns, Total: 1059399 ns
[2025-05-30T13:09:04.349+0000][69][info ][safepoint   ] Safepoint "Cleanup", Time since last: 60897598112 ns, Reaching safepoint: 29953 ns, Cleanup: 15053 ns, At safepoint: 12259 ns, Total: 57265 ns
[2025-05-30T13:09:06.428+0000][69][info ][safepoint   ] Safepoint "Cleanup", Time since last: 2078563377 ns, Reaching safepoint: 19220 ns, Cleanup: 15398 ns, At safepoint: 18984 ns, Total: 53602 ns
[2025-05-30T13:12:15.443+0000][69][info ][safepoint   ] Safepoint "Cleanup", Time since last: 189033190760 ns, Reaching safepoint: 26665 ns, Cleanup: 127461 ns, At safepoint: 76419 ns, Total: 230545 ns
[2025-05-30T13:13:57.421+0000][69][info ][safepoint   ] Safepoint "Cleanup", Time since last: 101986342119 ns, Reaching safepoint: 240254 ns, Cleanup: 19882 ns, At safepoint: 98204 ns, Total: 358340 ns
[2025-05-30T13:15:24.420+0000][69][info ][safepoint   ] Safepoint "Cleanup", Time since last: 87005830880 ns, Reaching safepoint: 86455 ns, Cleanup: 8266 ns, At safepoint: 14323 ns, Total: 109044 ns
[2025-05-30T13:16:05.371+0000][69][info ][safepoint   ] Safepoint "Cleanup", Time since last: 40953429101 ns, Reaching safepoint: 64180 ns, Cleanup: 14901 ns, At safepoint: 29071 ns, Total: 108152 ns
[2025-05-30T13:16:39.800+0000][69][info ][safepoint   ] Safepoint "Cleanup", Time since last: 34433733274 ns, Reaching safepoint: 659483 ns, Cleanup: 17698 ns, At safepoint: 28918 ns, Total: 706099 ns
[2025-05-30T13:17:30.824+0000][69][info ][safepoint   ] Safepoint "Cleanup", Time since last: 51025559701 ns, Reaching safepoint: 19569 ns, Cleanup: 22497 ns, At safepoint: 87841 ns, Total: 129907 ns
[2025-05-30T13:18:39.902+0000][69][info ][safepoint   ] Safepoint "Cleanup", Time since last: 69085364830 ns, Reaching safepoint: 107426 ns, Cleanup: 14642 ns, At safepoint: 12258 ns, Total: 134326 ns
[2025-05-30T13:20:52.071+0000][69][info ][safepoint   ] Safepoint "Cleanup", Time since last: 132180283488 ns, Reaching safepoint: 21463 ns, Cleanup: 12860 ns, At safepoint: 22324 ns, Total: 56647 ns
[2025-05-30T13:20:53.101+0000][69][info ][safepoint   ] Safepoint "Cleanup", Time since last: 1029459262 ns, Reaching safepoint: 27557 ns, Cleanup: 15269 ns, At safepoint: 11019 ns, Total: 53845 ns
[2025-05-30T13:20:55.814+0000][69][info ][safepoint   ] Safepoint "Cleanup", Time since last: 2713590223 ns, Reaching safepoint: 5967 ns, Cleanup: 9623 ns, At safepoint: 13598 ns, Total: 29188 ns
[2025-05-30T13:20:58.203+0000][69][info ][safepoint   ] Safepoint "Cleanup", Time since last: 2388272829 ns, Reaching safepoint: 206134 ns, Cleanup: 14712 ns, At safepoint: 144599 ns, Total: 365445 ns
[2025-05-30T13:20:59.215+0000][69][info ][safepoint   ] Safepoint "Cleanup", Time since last: 1011908374 ns, Reaching safepoint: 24760 ns, Cleanup: 14983 ns, At safepoint: 10948 ns, Total: 50691 ns
[2025-05-30T13:21:00.409+0000][69][info ][safepoint   ] Safepoint "Cleanup", Time since last: 1193980494 ns, Reaching safepoint: 13996 ns, Cleanup: 19816 ns, At safepoint: 107264 ns, Total: 141076 ns
[2025-05-30T13:21:02.274+0000][69][info ][safepoint   ] Safepoint "Cleanup", Time since last: 1864727972 ns, Reaching safepoint: 6097 ns, Cleanup: 10743 ns, At safepoint: 13384 ns, Total: 30224 ns
[2025-05-30T13:21:40.334+0000][69][info ][safepoint   ] Safepoint "Cleanup", Time since last: 38065404935 ns, Reaching safepoint: 16649 ns, Cleanup: 19832 ns, At safepoint: 74250 ns, Total: 110731 ns
[2025-05-30T13:21:43.341+0000][69][info ][safepoint   ] Safepoint "Cleanup", Time since last: 3006831038 ns, Reaching safepoint: 88327 ns, Cleanup: 17390 ns, At safepoint: 55013 ns, Total: 160730 ns
[2025-05-30T13:23:39.406+0000][69][info ][safepoint   ] Safepoint "Cleanup", Time since last: 116077526823 ns, Reaching safepoint: 79626 ns, Cleanup: 17388 ns, At safepoint: 18759 ns, Total: 115773 ns
[2025-05-30T13:25:54.604+0000][69][info ][safepoint   ] Safepoint "Cleanup", Time since last: 135201492548 ns, Reaching safepoint: 4497042 ns, Cleanup: 131286 ns, At safepoint: 126698 ns, Total: 4755026 ns
[2025-05-30T13:26:57.434+0000][69][info ][safepoint   ] Safepoint "Cleanup", Time since last: 62841137385 ns, Reaching safepoint: 15806 ns, Cleanup: 10197 ns, At safepoint: 33776 ns, Total: 59779 ns
[2025-05-30T13:27:03.708+0000][69][info ][safepoint   ] Safepoint "Cleanup", Time since last: 6274586235 ns, Reaching safepoint: 61866 ns, Cleanup: 15629 ns, At safepoint: 13127 ns, Total: 90622 ns
[2025-05-30T13:29:03.781+0000][69][info ][safepoint   ] Safepoint "Cleanup", Time since last: 120079653907 ns, Reaching safepoint: 13239 ns, Cleanup: 271662 ns, At safepoint: 34559 ns, Total: 319460 ns
[2025-05-30T13:29:06.812+0000][69][info ][safepoint   ] Safepoint "Cleanup", Time since last: 3030608627 ns, Reaching safepoint: 182321 ns, Cleanup: 11992 ns, At safepoint: 53749 ns, Total: 248062 ns
[2025-05-30T13:30:38.936+0000][69][info ][safepoint   ] Safepoint "Cleanup", Time since last: 92132028147 ns, Reaching safepoint: 78915 ns, Cleanup: 17886 ns, At safepoint: 32218 ns, Total: 129019 ns
[2025-05-30T13:31:43.858+0000][69][info ][safepoint   ] Safepoint "Cleanup", Time since last: 64926005835 ns, Reaching safepoint: 12110 ns, Cleanup: 10912 ns, At safepoint: 4502 ns, Total: 27524 ns
[2025-05-30T13:38:09.057+0000][69][info ][safepoint   ] Safepoint "Cleanup", Time since last: 385226714005 ns, Reaching safepoint: 94747 ns, Cleanup: 105520 ns, At safepoint: 35832 ns, Total: 236099 ns
[2025-05-30T13:38:14.066+0000][69][info ][safepoint   ] Safepoint "Cleanup", Time since last: 5008673140 ns, Reaching safepoint: 18718 ns, Cleanup: 15860 ns, At safepoint: 7498 ns, Total: 42076 ns
[2025-05-30T13:39:12.435+0000][69][info ][safepoint   ] Safepoint "Cleanup", Time since last: 58372829786 ns, Reaching safepoint: 16078 ns, Cleanup: 13673 ns, At safepoint: 5592 ns, Total: 35343 ns
[2025-05-30T13:42:40.193+0000][69][info ][safepoint   ] Safepoint "Cleanup", Time since last: 207773390826 ns, Reaching safepoint: 66548 ns, Cleanup: 15517 ns, At safepoint: 15129 ns, Total: 97194 ns
[2025-05-30T13:44:39.797+0000][69][info ][safepoint   ] Safepoint "Cleanup", Time since last: 119612220065 ns, Reaching safepoint: 74410 ns, Cleanup: 16009 ns, At safepoint: 17874 ns, Total: 108293 ns
[2025-05-30T13:47:45.390+0000][69][info ][safepoint   ] Safepoint "Cleanup", Time since last: 185607528051 ns, Reaching safepoint: 37767 ns, Cleanup: 17576 ns, At safepoint: 11569 ns, Total: 66912 ns
[2025-05-30T13:48:16.978+0000][69][info ][safepoint   ] Safepoint "Cleanup", Time since last: 31589957118 ns, Reaching safepoint: 48189 ns, Cleanup: 14008 ns, At safepoint: 7310 ns, Total: 69507 ns
[2025-05-30T13:49:19.034+0000][69][info ][safepoint   ] Safepoint "Cleanup", Time since last: 62060502054 ns, Reaching safepoint: 24616 ns, Cleanup: 15476 ns, At safepoint: 74266 ns, Total: 114358 ns
[2025-05-30T13:49:38.091+0000][69][info ][safepoint   ] Safepoint "Cleanup", Time since last: 19056684707 ns, Reaching safepoint: 98104 ns, Cleanup: 17847 ns, At safepoint: 21452 ns, Total: 137403 ns
[2025-05-30T13:51:07.161+0000][69][info ][safepoint   ] Safepoint "Cleanup", Time since last: 89077107969 ns, Reaching safepoint: 13990 ns, Cleanup: 22269 ns, At safepoint: 18671 ns, Total: 54930 ns
[2025-05-30T13:51:14.180+0000][69][info ][safepoint   ] Safepoint "Cleanup", Time since last: 7022351219 ns, Reaching safepoint: 27971 ns, Cleanup: 15595 ns, At safepoint: 16292 ns, Total: 59858 ns
[2025-05-30T13:54:22.347+0000][69][info ][safepoint   ] Safepoint "Cleanup", Time since last: 188181359930 ns, Reaching safepoint: 21812 ns, Cleanup: 23563 ns, At safepoint: 20231 ns, Total: 65606 ns
[2025-05-30T13:55:03.332+0000][69][info ][gc,start    ] GC(24) Pause Young (Normal) (G1 Evacuation Pause)
[2025-05-30T13:55:03.335+0000][69][info ][gc,task     ] GC(24) Using 10 workers of 10 for evacuation
[2025-05-30T13:55:03.336+0000][69][debug][gc,age      ] GC(24) Desired survivor size 153092096 bytes, new threshold 15 (max threshold 15)
[2025-05-30T13:55:03.444+0000][69][info ][gc,phases   ] GC(24)   Pre Evacuate Collection Set: 9.66ms
[2025-05-30T13:55:03.445+0000][69][info ][gc,phases   ] GC(24)   Merge Heap Roots: 1.71ms
[2025-05-30T13:55:03.445+0000][69][info ][gc,phases   ] GC(24)   Evacuate Collection Set: 84.90ms
[2025-05-30T13:55:03.446+0000][69][info ][gc,phases   ] GC(24)   Post Evacuate Collection Set: 10.13ms
[2025-05-30T13:55:03.446+0000][69][info ][gc,phases   ] GC(24)   Other: 3.61ms
[2025-05-30T13:55:03.447+0000][69][trace][gc,age      ] GC(24) Age table with threshold 15 (max threshold 15)
[2025-05-30T13:55:03.448+0000][69][trace][gc,age      ] GC(24) - age   1:    1732112 bytes,    1732112 total
[2025-05-30T13:55:03.448+0000][69][trace][gc,age      ] GC(24) - age   2:     209792 bytes,    1941904 total
[2025-05-30T13:55:03.448+0000][69][trace][gc,age      ] GC(24) - age   3:      65216 bytes,    2007120 total
[2025-05-30T13:55:03.449+0000][69][trace][gc,age      ] GC(24) - age   4:     150984 bytes,    2158104 total
[2025-05-30T13:55:03.449+0000][69][trace][gc,age      ] GC(24) - age   5:     199824 bytes,    2357928 total
[2025-05-30T13:55:03.449+0000][69][trace][gc,age      ] GC(24) - age   6:     283560 bytes,    2641488 total
[2025-05-30T13:55:03.449+0000][69][trace][gc,age      ] GC(24) - age   7:     163328 bytes,    2804816 total
[2025-05-30T13:55:03.450+0000][69][trace][gc,age      ] GC(24) - age   8:     211840 bytes,    3016656 total
[2025-05-30T13:55:03.450+0000][69][trace][gc,age      ] GC(24) - age   9:      88192 bytes,    3104848 total
[2025-05-30T13:55:03.450+0000][69][trace][gc,age      ] GC(24) - age  10:    1985888 bytes,    5090736 total
[2025-05-30T13:55:03.450+0000][69][trace][gc,age      ] GC(24) - age  11:     740112 bytes,    5830848 total
[2025-05-30T13:55:03.451+0000][69][info ][gc,heap     ] GC(24) Eden regions: 580->0(580)
[2025-05-30T13:55:03.451+0000][69][info ][gc,heap     ] GC(24) Survivor regions: 2->2(73)
[2025-05-30T13:55:03.451+0000][69][info ][gc,heap     ] GC(24) Old regions: 27->27
[2025-05-30T13:55:03.451+0000][69][info ][gc,heap     ] GC(24) Humongous regions: 0->0
[2025-05-30T13:55:03.452+0000][69][info ][gc,metaspace] GC(24) Metaspace: 146339K(151360K)->146339K(151360K) NonClass: 126862K(129408K)->126862K(129408K) Class: 19477K(21952K)->19477K(21952K)
[2025-05-30T13:55:03.452+0000][69][info ][gc          ] GC(24) Pause Young (Normal) (G1 Evacuation Pause) 2430M->111M(3880M) 119.874ms
[2025-05-30T13:55:03.452+0000][69][info ][gc,cpu      ] GC(24) User=0.76s Sys=0.01s Real=0.12s
[2025-05-30T13:55:03.453+0000][69][info ][safepoint   ] Safepoint "G1CollectForAllocation", Time since last: 40985466031 ns, Reaching safepoint: 83660 ns, Cleanup: 6340 ns, At safepoint: 122335459 ns, Total: 122425459 ns
[2025-05-30T13:57:24.597+0000][69][info ][safepoint   ] Safepoint "Cleanup", Time since last: 141156415476 ns, Reaching safepoint: 7721 ns, Cleanup: 6832 ns, At safepoint: 12383 ns, Total: 26936 ns
[2025-05-30T14:00:33.780+0000][69][info ][safepoint   ] Safepoint "Cleanup", Time since last: 189198464923 ns, Reaching safepoint: 24927 ns, Cleanup: 15597 ns, At safepoint: 79431 ns, Total: 119955 ns
[2025-05-30T14:01:38.855+0000][69][info ][safepoint   ] Safepoint "Cleanup", Time since last: 65080277350 ns, Reaching safepoint: 29366 ns, Cleanup: 15324 ns, At safepoint: 11688 ns, Total: 56378 ns
[2025-05-30T14:03:42.938+0000][69][info ][safepoint   ] Safepoint "Cleanup", Time since last: 124095321924 ns, Reaching safepoint: 126139 ns, Cleanup: 36667 ns, At safepoint: 97230 ns, Total: 260036 ns
[2025-05-30T14:04:40.026+0000][69][info ][safepoint   ] Safepoint "Cleanup", Time since last: 57093747503 ns, Reaching safepoint: 47447 ns, Cleanup: 14299 ns, At safepoint: 9471 ns, Total: 71217 ns
[2025-05-30T14:04:45.350+0000][69][info ][safepoint   ] Safepoint "Cleanup", Time since last: 5323346468 ns, Reaching safepoint: 18878 ns, Cleanup: 16596 ns, At safepoint: 72708 ns, Total: 108182 ns
[2025-05-30T14:04:47.068+0000][69][info ][safepoint   ] Safepoint "Cleanup", Time since last: 1717508962 ns, Reaching safepoint: 15215 ns, Cleanup: 97777 ns, At safepoint: 120110 ns, Total: 233102 ns
[2025-05-30T14:06:01.125+0000][69][info ][safepoint   ] Safepoint "Cleanup", Time since last: 74062126927 ns, Reaching safepoint: 135184 ns, Cleanup: 15744 ns, At safepoint: 74151 ns, Total: 225079 ns
[2025-05-30T14:06:48.332+0000][69][info ][safepoint   ] Safepoint "Cleanup", Time since last: 47211590336 ns, Reaching safepoint: 18847 ns, Cleanup: 21728 ns, At safepoint: 94109 ns, Total: 134684 ns
[2025-05-30T14:06:50.206+0000][69][info ][safepoint   ] Safepoint "Cleanup", Time since last: 1873651900 ns, Reaching safepoint: 109997 ns, Cleanup: 28019 ns, At safepoint: 23998 ns, Total: 162014 ns
[2025-05-30T14:08:43.298+0000][69][info ][safepoint   ] Safepoint "Cleanup", Time since last: 113102029134 ns, Reaching safepoint: 79853 ns, Cleanup: 108012 ns, At safepoint: 25919 ns, Total: 213784 ns
[2025-05-30T14:08:54.125+0000][69][info ][safepoint   ] Safepoint "Cleanup", Time since last: 10827093960 ns, Reaching safepoint: 58026 ns, Cleanup: 27915 ns, At safepoint: 10713 ns, Total: 96654 ns
[2025-05-30T14:08:58.317+0000][69][info ][safepoint   ] Safepoint "Cleanup", Time since last: 4191622544 ns, Reaching safepoint: 7570 ns, Cleanup: 8569 ns, At safepoint: 3611 ns, Total: 19750 ns
[2025-05-30T14:09:39.428+0000][69][info ][safepoint   ] Safepoint "Cleanup", Time since last: 41117313405 ns, Reaching safepoint: 78166 ns, Cleanup: 19067 ns, At safepoint: 38443 ns, Total: 135676 ns
[2025-05-30T14:10:00.446+0000][69][info ][safepoint   ] Safepoint "Cleanup", Time since last: 21017497556 ns, Reaching safepoint: 85237 ns, Cleanup: 8949 ns, At safepoint: 26406 ns, Total: 120592 ns
[2025-05-30T14:10:01.483+0000][69][info ][safepoint   ] Safepoint "Cleanup", Time since last: 1036566256 ns, Reaching safepoint: 28928 ns, Cleanup: 14194 ns, At safepoint: 70837 ns, Total: 113959 ns
[2025-05-30T14:10:14.502+0000][69][info ][safepoint   ] Safepoint "Cleanup", Time since last: 13021419069 ns, Reaching safepoint: 29257 ns, Cleanup: 15945 ns, At safepoint: 17143 ns, Total: 62345 ns
[2025-05-30T14:10:43.504+0000][69][info ][safepoint   ] Safepoint "Cleanup", Time since last: 29004455849 ns, Reaching safepoint: 44592 ns, Cleanup: 13044 ns, At safepoint: 9738 ns, Total: 67374 ns
[2025-05-30T14:11:13.541+0000][69][info ][safepoint   ] Safepoint "Cleanup", Time since last: 30039776580 ns, Reaching safepoint: 66256 ns, Cleanup: 14079 ns, At safepoint: 28062 ns, Total: 108397 ns
[2025-05-30T14:13:03.271+0000][69][info ][safepoint   ] Safepoint "Cleanup", Time since last: 109738032393 ns, Reaching safepoint: 112984 ns, Cleanup: 13113 ns, At safepoint: 10470 ns, Total: 136567 ns
[2025-05-30T14:13:09.335+0000][69][info ][safepoint   ] Safepoint "Cleanup", Time since last: 6065749776 ns, Reaching safepoint: 7293 ns, Cleanup: 8227 ns, At safepoint: 15283 ns, Total: 30803 ns
[2025-05-30T14:15:38.767+0000][69][info ][safepoint   ] Safepoint "Cleanup", Time since last: 149442301925 ns, Reaching safepoint: 96511 ns, Cleanup: 16245 ns, At safepoint: 10363 ns, Total: 123119 ns
[2025-05-30T14:16:44.819+0000][69][info ][safepoint   ] Safepoint "Cleanup", Time since last: 66059970730 ns, Reaching safepoint: 74232 ns, Cleanup: 19538 ns, At safepoint: 32750 ns, Total: 126520 ns
[2025-05-30T14:18:44.908+0000][69][info ][safepoint   ] Safepoint "Cleanup", Time since last: 120099710534 ns, Reaching safepoint: 70948 ns, Cleanup: 18074 ns, At safepoint: 13542 ns, Total: 102564 ns
[2025-05-30T14:19:27.323+0000][69][info ][safepoint   ] Safepoint "Cleanup", Time since last: 42417329069 ns, Reaching safepoint: 8637 ns, Cleanup: 33771 ns, At safepoint: 13576 ns, Total: 55984 ns
[2025-05-30T14:19:36.970+0000][69][info ][safepoint   ] Safepoint "Cleanup", Time since last: 9646293795 ns, Reaching safepoint: 212251 ns, Cleanup: 12777 ns, At safepoint: 43112 ns, Total: 268140 ns
[2025-05-30T14:19:39.017+0000][69][info ][safepoint   ] Safepoint "Cleanup", Time since last: 2047360747 ns, Reaching safepoint: 29088 ns, Cleanup: 19887 ns, At safepoint: 15867 ns, Total: 64842 ns
[2025-05-30T14:20:54.328+0000][69][info ][safepoint   ] Safepoint "Cleanup", Time since last: 75318846592 ns, Reaching safepoint: 87551 ns, Cleanup: 9423 ns, At safepoint: 27917 ns, Total: 124891 ns
[2025-05-30T14:20:55.329+0000][69][info ][safepoint   ] Safepoint "Cleanup", Time since last: 1000803326 ns, Reaching safepoint: 11442 ns, Cleanup: 14829 ns, At safepoint: 5342 ns, Total: 31613 ns
[2025-05-30T14:21:04.230+0000][69][info ][safepoint   ] Safepoint "Cleanup", Time since last: 8901013069 ns, Reaching safepoint: 10378 ns, Cleanup: 11398 ns, At safepoint: 15608 ns, Total: 37384 ns
[2025-05-30T14:21:33.315+0000][69][info ][safepoint   ] Safepoint "Cleanup", Time since last: 29087310371 ns, Reaching safepoint: 25193 ns, Cleanup: 11671 ns, At safepoint: 67171 ns, Total: 104035 ns
[2025-05-30T14:21:34.362+0000][69][info ][safepoint   ] Safepoint "Cleanup", Time since last: 1047094938 ns, Reaching safepoint: 17517 ns, Cleanup: 13998 ns, At safepoint: 115056 ns, Total: 146571 ns
[2025-05-30T14:24:39.342+0000][69][info ][safepoint   ] Safepoint "Cleanup", Time since last: 184998834584 ns, Reaching safepoint: 11961 ns, Cleanup: 9107 ns, At safepoint: 14482 ns, Total: 35550 ns
[2025-05-30T14:24:50.311+0000][69][info ][safepoint   ] Safepoint "Cleanup", Time since last: 10968556585 ns, Reaching safepoint: 172250 ns, Cleanup: 16700 ns, At safepoint: 113201 ns, Total: 302151 ns
[2025-05-30T14:26:38.720+0000][69][info ][safepoint   ] Safepoint "Cleanup", Time since last: 108416284659 ns, Reaching safepoint: 159443 ns, Cleanup: 17922 ns, At safepoint: 36592 ns, Total: 213957 ns
[2025-05-30T14:26:48.617+0000][69][info ][safepoint   ] Safepoint "Cleanup", Time since last: 9899488543 ns, Reaching safepoint: 27436 ns, Cleanup: 12613 ns, At safepoint: 67612 ns, Total: 107661 ns
[2025-05-30T14:26:49.641+0000][69][info ][safepoint   ] Safepoint "Cleanup", Time since last: 1023906608 ns, Reaching safepoint: 29638 ns, Cleanup: 16016 ns, At safepoint: 17322 ns, Total: 62976 ns
[2025-05-30T14:27:51.427+0000][69][info ][safepoint   ] Safepoint "Cleanup", Time since last: 61790811821 ns, Reaching safepoint: 20967 ns, Cleanup: 24187 ns, At safepoint: 71355 ns, Total: 116509 ns
[2025-05-30T14:28:25.705+0000][69][info ][safepoint   ] Safepoint "Cleanup", Time since last: 34280592283 ns, Reaching safepoint: 200286 ns, Cleanup: 17417 ns, At safepoint: 18484 ns, Total: 236187 ns
[2025-05-30T14:28:54.332+0000][69][info ][safepoint   ] Safepoint "Cleanup", Time since last: 28630094128 ns, Reaching safepoint: 145191 ns, Cleanup: 9995 ns, At safepoint: 41989 ns, Total: 197175 ns
[2025-05-30T14:34:51.481+0000][69][info ][safepoint   ] Safepoint "Cleanup", Time since last: 357179210240 ns, Reaching safepoint: 49117 ns, Cleanup: 365792 ns, At safepoint: 66157 ns, Total: 481066 ns
[2025-05-30T14:36:51.593+0000][69][info ][safepoint   ] Safepoint "Cleanup", Time since last: 120121418013 ns, Reaching safepoint: 544819 ns, Cleanup: 245323 ns, At safepoint: 212442 ns, Total: 1002584 ns
[2025-05-30T14:37:38.879+0000][69][info ][safepoint   ] Safepoint "Cleanup", Time since last: 47289194924 ns, Reaching safepoint: 66703 ns, Cleanup: 19415 ns, At safepoint: 15721 ns, Total: 101839 ns
[2025-05-30T14:37:42.877+0000][69][info ][safepoint   ] Safepoint "Cleanup", Time since last: 4001219135 ns, Reaching safepoint: 44774 ns, Cleanup: 12392 ns, At safepoint: 10977 ns, Total: 68143 ns
[2025-05-30T14:38:21.903+0000][69][info ][safepoint   ] Safepoint "Cleanup", Time since last: 39027155302 ns, Reaching safepoint: 15507 ns, Cleanup: 100723 ns, At safepoint: 93483 ns, Total: 209713 ns
[2025-05-30T14:39:43.988+0000][69][info ][safepoint   ] Safepoint "Cleanup", Time since last: 82093916020 ns, Reaching safepoint: 82728 ns, Cleanup: 18403 ns, At safepoint: 32018 ns, Total: 133149 ns
[2025-05-30T14:40:14.091+0000][69][info ][safepoint   ] Safepoint "Cleanup", Time since last: 30105303154 ns, Reaching safepoint: 28161 ns, Cleanup: 16868 ns, At safepoint: 15797 ns, Total: 60826 ns
[2025-05-30T14:45:03.316+0000][69][info ][gc,start    ] GC(25) Pause Young (Normal) (G1 Evacuation Pause)
[2025-05-30T14:45:03.321+0000][69][info ][gc,task     ] GC(25) Using 10 workers of 10 for evacuation
[2025-05-30T14:45:03.323+0000][69][debug][gc,age      ] GC(25) Desired survivor size 153092096 bytes, new threshold 15 (max threshold 15)
[2025-05-30T14:45:03.584+0000][69][info ][gc,mmu      ] GC(25) MMU target violated: 201.0ms (200.0ms/201.0ms)
[2025-05-30T14:45:03.585+0000][69][info ][gc,phases   ] GC(25)   Pre Evacuate Collection Set: 21.52ms
[2025-05-30T14:45:03.585+0000][69][info ][gc,phases   ] GC(25)   Merge Heap Roots: 4.44ms
[2025-05-30T14:45:03.586+0000][69][info ][gc,phases   ] GC(25)   Evacuate Collection Set: 204.94ms
[2025-05-30T14:45:03.586+0000][69][info ][gc,phases   ] GC(25)   Post Evacuate Collection Set: 27.15ms
[2025-05-30T14:45:03.587+0000][69][info ][gc,phases   ] GC(25)   Other: 7.97ms
[2025-05-30T14:45:03.588+0000][69][trace][gc,age      ] GC(25) Age table with threshold 15 (max threshold 15)
[2025-05-30T14:45:03.588+0000][69][trace][gc,age      ] GC(25) - age   1:    1402824 bytes,    1402824 total
[2025-05-30T14:45:03.589+0000][69][trace][gc,age      ] GC(25) - age   2:     199896 bytes,    1602720 total
[2025-05-30T14:45:03.589+0000][69][trace][gc,age      ] GC(25) - age   3:     142160 bytes,    1744880 total
[2025-05-30T14:45:03.589+0000][69][trace][gc,age      ] GC(25) - age   4:      65176 bytes,    1810056 total
[2025-05-30T14:45:03.590+0000][69][trace][gc,age      ] GC(25) - age   5:     150224 bytes,    1960280 total
[2025-05-30T14:45:03.590+0000][69][trace][gc,age      ] GC(25) - age   6:     199376 bytes,    2159656 total
[2025-05-30T14:45:03.591+0000][69][trace][gc,age      ] GC(25) - age   7:     283200 bytes,    2442856 total
[2025-05-30T14:45:03.591+0000][69][trace][gc,age      ] GC(25) - age   8:     163328 bytes,    2606184 total
[2025-05-30T14:45:03.592+0000][69][trace][gc,age      ] GC(25) - age   9:     211760 bytes,    2817944 total
[2025-05-30T14:45:03.592+0000][69][trace][gc,age      ] GC(25) - age  10:      88136 bytes,    2906080 total
[2025-05-30T14:45:03.593+0000][69][trace][gc,age      ] GC(25) - age  11:    1985768 bytes,    4891848 total
[2025-05-30T14:45:03.593+0000][69][trace][gc,age      ] GC(25) - age  12:     740112 bytes,    5631960 total
[2025-05-30T14:45:03.594+0000][69][info ][gc,heap     ] GC(25) Eden regions: 580->0(433)
[2025-05-30T14:45:03.594+0000][69][info ][gc,heap     ] GC(25) Survivor regions: 2->2(73)
[2025-05-30T14:45:03.595+0000][69][info ][gc,heap     ] GC(25) Old regions: 27->27
[2025-05-30T14:45:03.595+0000][69][info ][gc,heap     ] GC(25) Humongous regions: 0->0
[2025-05-30T14:45:03.596+0000][69][info ][gc,metaspace] GC(25) Metaspace: 146430K(151360K)->146430K(151360K) NonClass: 126953K(129408K)->126953K(129408K) Class: 19477K(21952K)->19477K(21952K)
[2025-05-30T14:45:03.598+0000][69][info ][gc          ] GC(25) Pause Young (Normal) (G1 Evacuation Pause) 2431M->110M(3880M) 281.613ms
[2025-05-30T14:45:03.598+0000][69][info ][gc,cpu      ] GC(25) User=1.74s Sys=0.00s Real=0.29s
[2025-05-30T14:45:03.599+0000][69][info ][safepoint   ] Safepoint "G1CollectForAllocation", Time since last: 289244314322 ns, Reaching safepoint: 212383 ns, Cleanup: 5967 ns, At safepoint: 286741846 ns, Total: 286960196 ns
[2025-05-30T14:45:21.353+0000][69][info ][safepoint   ] Safepoint "Cleanup", Time since last: 17756487765 ns, Reaching safepoint: 22438 ns, Cleanup: 14739 ns, At safepoint: 10223 ns, Total: 47400 ns
[2025-05-30T14:45:39.354+0000][69][info ][safepoint   ] Safepoint "Cleanup", Time since last: 18003280459 ns, Reaching safepoint: 148925 ns, Cleanup: 16196 ns, At safepoint: 34485 ns, Total: 199606 ns
[2025-05-30T14:45:50.582+0000][69][info ][safepoint   ] Safepoint "Cleanup", Time since last: 11228612325 ns, Reaching safepoint: 31285 ns, Cleanup: 15810 ns, At safepoint: 16476 ns, Total: 63571 ns
[2025-05-30T14:46:59.684+0000][69][info ][safepoint   ] Safepoint "Cleanup", Time since last: 69106692474 ns, Reaching safepoint: 83560 ns, Cleanup: 19680 ns, At safepoint: 35128 ns, Total: 138368 ns
[2025-05-30T14:47:55.759+0000][69][info ][safepoint   ] Safepoint "Cleanup", Time since last: 56080667168 ns, Reaching safepoint: 29528 ns, Cleanup: 19049 ns, At safepoint: 11118 ns, Total: 59695 ns
[2025-05-30T14:48:00.760+0000][69][info ][safepoint   ] Safepoint "Cleanup", Time since last: 5001209927 ns, Reaching safepoint: 30909 ns, Cleanup: 17334 ns, At safepoint: 16983 ns, Total: 65226 ns
[2025-05-30T14:48:13.760+0000][69][info ][safepoint   ] Safepoint "Cleanup", Time since last: 13002772161 ns, Reaching safepoint: 85243 ns, Cleanup: 20822 ns, At safepoint: 32665 ns, Total: 138730 ns
[2025-05-30T14:48:14.761+0000][69][info ][safepoint   ] Safepoint "Cleanup", Time since last: 1000843874 ns, Reaching safepoint: 22519 ns, Cleanup: 12844 ns, At safepoint: 10153 ns, Total: 45516 ns
[2025-05-30T14:48:15.762+0000][69][info ][safepoint   ] Safepoint "Cleanup", Time since last: 1000597209 ns, Reaching safepoint: 29590 ns, Cleanup: 19669 ns, At safepoint: 19903 ns, Total: 69162 ns
[2025-05-30T14:48:44.765+0000][69][info ][safepoint   ] Safepoint "Cleanup", Time since last: 29004846592 ns, Reaching safepoint: 72101 ns, Cleanup: 21805 ns, At safepoint: 19752 ns, Total: 113658 ns
[2025-05-30T14:49:24.832+0000][69][info ][safepoint   ] Safepoint "Cleanup", Time since last: 40070075029 ns, Reaching safepoint: 102533 ns, Cleanup: 14622 ns, At safepoint: 12388 ns, Total: 129543 ns
[2025-05-30T14:50:57.398+0000][69][info ][safepoint   ] Safepoint "Cleanup", Time since last: 92574509800 ns, Reaching safepoint: 2301013 ns, Cleanup: 17928 ns, At safepoint: 178974 ns, Total: 2497915 ns
[2025-05-30T14:51:03.378+0000][69][info ][safepoint   ] Safepoint "Cleanup", Time since last: 5979178386 ns, Reaching safepoint: 61460 ns, Cleanup: 18720 ns, At safepoint: 86238 ns, Total: 166418 ns
[2025-05-30T14:52:23.211+0000][69][info ][safepoint   ] Safepoint "Cleanup", Time since last: 79841801605 ns, Reaching safepoint: 146068 ns, Cleanup: 17488 ns, At safepoint: 32219 ns, Total: 195775 ns
[2025-05-30T14:54:54.448+0000][69][info ][safepoint   ] Safepoint "Cleanup", Time since last: 151251241375 ns, Reaching safepoint: 26713 ns, Cleanup: 18085 ns, At safepoint: 22461 ns, Total: 67259 ns
[2025-05-30T14:56:38.604+0000][69][info ][safepoint   ] Safepoint "Cleanup", Time since last: 104162584048 ns, Reaching safepoint: 73637 ns, Cleanup: 18850 ns, At safepoint: 31732 ns, Total: 124219 ns
[2025-05-30T14:58:18.677+0000][69][info ][safepoint   ] Safepoint "Cleanup", Time since last: 100083887268 ns, Reaching safepoint: 13992 ns, Cleanup: 20882 ns, At safepoint: 79714 ns, Total: 114588 ns
[2025-05-30T14:58:35.710+0000][69][info ][safepoint   ] Safepoint "Cleanup", Time since last: 17033652455 ns, Reaching safepoint: 75821 ns, Cleanup: 17315 ns, At safepoint: 16525 ns, Total: 109661 ns
[2025-05-30T15:05:00.402+0000][69][info ][safepoint   ] Safepoint "Cleanup", Time since last: 384726047050 ns, Reaching safepoint: 31915 ns, Cleanup: 14914 ns, At safepoint: 29133 ns, Total: 75962 ns
[2025-05-30T15:05:40.229+0000][69][info ][safepoint   ] Safepoint "Cleanup", Time since last: 39832170439 ns, Reaching safepoint: 8013 ns, Cleanup: 10499 ns, At safepoint: 15440 ns, Total: 33952 ns
[2025-05-30T15:06:31.141+0000][69][info ][safepoint   ] Safepoint "Cleanup", Time since last: 50912735639 ns, Reaching safepoint: 2188634 ns, Cleanup: 39654 ns, At safepoint: 61379 ns, Total: 2289667 ns
[2025-05-30T15:06:32.436+0000][69][info ][safepoint   ] Safepoint "Cleanup", Time since last: 1071530575 ns, Reaching safepoint: 223618118 ns, Cleanup: 42867 ns, At safepoint: 102905 ns, Total: 223763890 ns
[2025-05-30T15:06:33.439+0000][69][info ][safepoint   ] Safepoint "Cleanup", Time since last: 1001642187 ns, Reaching safepoint: 582311 ns, Cleanup: 36000 ns, At safepoint: 195340 ns, Total: 813651 ns
[2025-05-30T15:06:35.413+0000][69][info ][safepoint   ] Safepoint "Cleanup", Time since last: 1974083265 ns, Reaching safepoint: 42865 ns, Cleanup: 93659 ns, At safepoint: 16538 ns, Total: 153062 ns
[2025-05-30T15:06:35.555+0000][69][info ][gc,heap,exit] Heap
[2025-05-30T15:06:35.556+0000][69][info ][gc,heap,exit]  garbage-first heap   total reserved 3973120K, committed 3973120K, used 1187461K [0x000000070d800000, 0x0000000800000000)
[2025-05-30T15:06:35.556+0000][69][info ][gc,heap,exit]   region size 4096K, 265 young (1085440K), 2 survivors (8192K)
[2025-05-30T15:06:35.557+0000][69][info ][gc,heap,exit]  Metaspace       used 146777K, committed 151552K, reserved 1179648K
[2025-05-30T15:06:35.557+0000][69][info ][gc,heap,exit]   class space    used 19554K, committed 22016K, reserved 1048576K
