[2025-05-27T02:29:28.805+0000][69][info][gc,init] CardTable entry size: 512
[2025-05-27T02:29:28.806+0000][69][info][gc     ] Using G1
[2025-05-27T02:29:30.280+0000][69][info][gc,init] Version: 22+36-2370 (release)
[2025-05-27T02:29:30.287+0000][69][info][gc,init] CPUs: 12 total, 12 available
[2025-05-27T02:29:30.293+0000][69][info][gc,init] Memory: 7757M
[2025-05-27T02:29:30.309+0000][69][info][gc,init] Large Page Support: Disabled
[2025-05-27T02:29:30.325+0000][69][info][gc,init] NUMA Support: Disabled
[2025-05-27T02:29:30.357+0000][69][info][gc,init] Compressed Oops: Enabled (Zero based)
[2025-05-27T02:29:30.373+0000][69][info][gc,init] Heap Region Size: 4M
[2025-05-27T02:29:30.393+0000][69][info][gc,init] Heap Min Capacity: 3880M
[2025-05-27T02:29:30.405+0000][69][info][gc,init] Heap Initial Capacity: 3880M
[2025-05-27T02:29:30.412+0000][69][info][gc,init] Heap Max Capacity: 3880M
[2025-05-27T02:29:30.418+0000][69][info][gc,init] Pre-touch: Enabled
[2025-05-27T02:29:30.424+0000][69][info][gc,init] Parallel Workers: 10
[2025-05-27T02:29:30.427+0000][69][info][gc,init] Concurrent Workers: 3
[2025-05-27T02:29:30.429+0000][69][info][gc,init] Concurrent Refinement Workers: 10
[2025-05-27T02:29:30.433+0000][69][info][gc,init] Periodic GC: Disabled
[2025-05-27T02:29:30.448+0000][69][info][gc,metaspace] CDS archive(s) mapped at: [0x00007fb5ce000000-0x00007fb5cec74000-0x00007fb5cec74000), size 13058048, SharedBaseAddress: 0x00007fb5ce000000, ArchiveRelocationMode: 1.
[2025-05-27T02:29:30.448+0000][69][info][gc,metaspace] Compressed class space mapped at: 0x00007fb5cf000000-0x00007fb60f000000, reserved size: 1073741824
[2025-05-27T02:29:30.448+0000][69][info][gc,metaspace] Narrow klass base: 0x00007fb5ce000000, Narrow klass shift: 0, Narrow klass range: 0x100000000
[2025-05-27T02:29:30.945+0000][69][info][safepoint   ] Safepoint "ICBufferFull", Time since last: 490691485 ns, Reaching safepoint: 143676 ns, Cleanup: 112690 ns, At safepoint: 103392 ns, Total: 359758 ns
[2025-05-27T02:29:31.510+0000][69][info][safepoint   ] Safepoint "ICBufferFull", Time since last: 564471753 ns, Reaching safepoint: 5406 ns, Cleanup: 274252 ns, At safepoint: 127245 ns, Total: 406903 ns
[2025-05-27T02:29:32.275+0000][69][info][safepoint   ] Safepoint "ICBufferFull", Time since last: 764449571 ns, Reaching safepoint: 6744 ns, Cleanup: 267888 ns, At safepoint: 64336 ns, Total: 338968 ns
[2025-05-27T02:29:32.786+0000][69][info][safepoint   ] Safepoint "ICBufferFull", Time since last: 510819377 ns, Reaching safepoint: 5442 ns, Cleanup: 206826 ns, At safepoint: 115401 ns, Total: 327669 ns
[2025-05-27T02:29:33.809+0000][69][info][safepoint   ] Safepoint "ICBufferFull", Time since last: 1023429057 ns, Reaching safepoint: 6048 ns, Cleanup: 143256 ns, At safepoint: 130639 ns, Total: 279943 ns
[2025-05-27T02:29:34.084+0000][69][info][gc,start    ] GC(0) Pause Young (Concurrent Start) (Metadata GC Threshold)
[2025-05-27T02:29:34.086+0000][69][info][gc,task     ] GC(0) Using 10 workers of 10 for evacuation
[2025-05-27T02:29:34.087+0000][69][debug][gc,age      ] GC(0) Desired survivor size 12582912 bytes, new threshold 15 (max threshold 15)
[2025-05-27T02:29:34.101+0000][69][info ][gc,phases   ] GC(0)   Pre Evacuate Collection Set: 1.06ms
[2025-05-27T02:29:34.102+0000][69][info ][gc,phases   ] GC(0)   Merge Heap Roots: 0.44ms
[2025-05-27T02:29:34.103+0000][69][info ][gc,phases   ] GC(0)   Evacuate Collection Set: 7.48ms
[2025-05-27T02:29:34.104+0000][69][info ][gc,phases   ] GC(0)   Post Evacuate Collection Set: 4.02ms
[2025-05-27T02:29:34.104+0000][69][info ][gc,phases   ] GC(0)   Other: 1.64ms
[2025-05-27T02:29:34.105+0000][69][trace][gc,age      ] GC(0) Age table with threshold 15 (max threshold 15)
[2025-05-27T02:29:34.105+0000][69][trace][gc,age      ] GC(0) - age   1:   10196824 bytes,   10196824 total
[2025-05-27T02:29:34.106+0000][69][info ][gc,heap     ] GC(0) Eden regions: 44->0(45)
[2025-05-27T02:29:34.106+0000][69][info ][gc,heap     ] GC(0) Survivor regions: 0->3(6)
[2025-05-27T02:29:34.107+0000][69][info ][gc,heap     ] GC(0) Old regions: 1->1
[2025-05-27T02:29:34.107+0000][69][info ][gc,heap     ] GC(0) Humongous regions: 0->0
[2025-05-27T02:29:34.107+0000][69][info ][gc,metaspace] GC(0) Metaspace: 20963K(21504K)->20963K(21504K) NonClass: 18584K(18880K)->18584K(18880K) Class: 2378K(2624K)->2378K(2624K)
[2025-05-27T02:29:34.108+0000][69][info ][gc          ] GC(0) Pause Young (Concurrent Start) (Metadata GC Threshold) 175M->11M(3880M) 23.566ms
[2025-05-27T02:29:34.108+0000][69][info ][gc,cpu      ] GC(0) User=0.02s Sys=0.04s Real=0.02s
[2025-05-27T02:29:34.108+0000][69][info ][gc          ] GC(1) Concurrent Mark Cycle
[2025-05-27T02:29:34.109+0000][69][info ][safepoint   ] Safepoint "CollectForMetadataAllocation", Time since last: 274775257 ns, Reaching safepoint: 6002 ns, Cleanup: 88285 ns, At safepoint: 24961878 ns, Total: 25056165 ns
[2025-05-27T02:29:34.109+0000][69][info ][gc,marking  ] GC(1) Concurrent Scan Root Regions
[2025-05-27T02:29:34.115+0000][69][info ][gc,marking  ] GC(1) Concurrent Scan Root Regions 5.889ms
[2025-05-27T02:29:34.117+0000][69][info ][gc,marking  ] GC(1) Concurrent Mark
[2025-05-27T02:29:34.118+0000][69][info ][gc,marking  ] GC(1) Concurrent Mark From Roots
[2025-05-27T02:29:34.118+0000][69][info ][gc,task     ] GC(1) Using 3 workers of 3 for marking
[2025-05-27T02:29:34.121+0000][69][info ][gc,marking  ] GC(1) Concurrent Mark From Roots 3.527ms
[2025-05-27T02:29:34.125+0000][69][info ][gc,marking  ] GC(1) Concurrent Preclean
[2025-05-27T02:29:34.125+0000][69][info ][gc,marking  ] GC(1) Concurrent Preclean 0.528ms
[2025-05-27T02:29:34.127+0000][69][info ][gc,start    ] GC(1) Pause Remark
[2025-05-27T02:29:34.134+0000][69][info ][gc          ] GC(1) Pause Remark 15M->15M(3880M) 6.891ms
[2025-05-27T02:29:34.134+0000][69][info ][gc,cpu      ] GC(1) User=0.02s Sys=0.00s Real=0.01s
[2025-05-27T02:29:34.135+0000][69][info ][safepoint   ] Safepoint "G1PauseRemark", Time since last: 17747238 ns, Reaching safepoint: 5168 ns, Cleanup: 10278 ns, At safepoint: 7863055 ns, Total: 7878501 ns
[2025-05-27T02:29:34.135+0000][69][info ][gc,marking  ] GC(1) Concurrent Mark 18.280ms
[2025-05-27T02:29:34.136+0000][69][info ][gc,marking  ] GC(1) Concurrent Rebuild Remembered Sets and Scrub Regions
[2025-05-27T02:29:34.137+0000][69][info ][gc,marking  ] GC(1) Concurrent Rebuild Remembered Sets and Scrub Regions 1.409ms
[2025-05-27T02:29:34.138+0000][69][info ][gc,start    ] GC(1) Pause Cleanup
[2025-05-27T02:29:34.139+0000][69][info ][gc          ] GC(1) Pause Cleanup 15M->15M(3880M) 1.150ms
[2025-05-27T02:29:34.139+0000][69][info ][gc,cpu      ] GC(1) User=0.00s Sys=0.01s Real=0.01s
[2025-05-27T02:29:34.140+0000][69][info ][safepoint   ] Safepoint "G1PauseCleanup", Time since last: 3052272 ns, Reaching safepoint: 6312 ns, Cleanup: 5054 ns, At safepoint: 2380851 ns, Total: 2392217 ns
[2025-05-27T02:29:34.141+0000][69][info ][gc,marking  ] GC(1) Concurrent Clear Claimed Marks
[2025-05-27T02:29:34.141+0000][69][info ][gc,marking  ] GC(1) Concurrent Clear Claimed Marks 0.665ms
[2025-05-27T02:29:34.142+0000][69][info ][gc,marking  ] GC(1) Concurrent Cleanup for Next Mark
[2025-05-27T02:29:34.147+0000][69][info ][gc,marking  ] GC(1) Concurrent Cleanup for Next Mark 5.157ms
[2025-05-27T02:29:34.147+0000][69][info ][gc          ] GC(1) Concurrent Mark Cycle 39.092ms
[2025-05-27T02:29:35.062+0000][69][info ][safepoint   ] Safepoint "ICBufferFull", Time since last: 921158591 ns, Reaching safepoint: 5730 ns, Cleanup: 203443 ns, At safepoint: 12325 ns, Total: 221498 ns
[2025-05-27T02:29:35.289+0000][69][info ][gc,start    ] GC(2) Pause Young (Prepare Mixed) (G1 Evacuation Pause)
[2025-05-27T02:29:35.290+0000][69][info ][gc,task     ] GC(2) Using 10 workers of 10 for evacuation
[2025-05-27T02:29:35.290+0000][69][debug][gc,age      ] GC(2) Desired survivor size 12582912 bytes, new threshold 15 (max threshold 15)
[2025-05-27T02:29:35.306+0000][69][info ][gc,phases   ] GC(2)   Pre Evacuate Collection Set: 0.42ms
[2025-05-27T02:29:35.307+0000][69][info ][gc,phases   ] GC(2)   Merge Heap Roots: 0.56ms
[2025-05-27T02:29:35.307+0000][69][info ][gc,phases   ] GC(2)   Evacuate Collection Set: 12.15ms
[2025-05-27T02:29:35.308+0000][69][info ][gc,phases   ] GC(2)   Post Evacuate Collection Set: 2.21ms
[2025-05-27T02:29:35.308+0000][69][info ][gc,phases   ] GC(2)   Other: 1.14ms
[2025-05-27T02:29:35.309+0000][69][trace][gc,age      ] GC(2) Age table with threshold 15 (max threshold 15)
[2025-05-27T02:29:35.309+0000][69][trace][gc,age      ] GC(2) - age   1:    6859032 bytes,    6859032 total
[2025-05-27T02:29:35.309+0000][69][trace][gc,age      ] GC(2) - age   2:    9293824 bytes,   16152856 total
[2025-05-27T02:29:35.310+0000][69][info ][gc,heap     ] GC(2) Eden regions: 45->0(43)
[2025-05-27T02:29:35.310+0000][69][info ][gc,heap     ] GC(2) Survivor regions: 3->5(6)
[2025-05-27T02:29:35.310+0000][69][info ][gc,heap     ] GC(2) Old regions: 1->1
[2025-05-27T02:29:35.310+0000][69][info ][gc,heap     ] GC(2) Humongous regions: 0->0
[2025-05-27T02:29:35.311+0000][69][info ][gc,metaspace] GC(2) Metaspace: 27570K(28224K)->27570K(28224K) NonClass: 24454K(24832K)->24454K(24832K) Class: 3115K(3392K)->3115K(3392K)
[2025-05-27T02:29:35.311+0000][69][info ][gc          ] GC(2) Pause Young (Prepare Mixed) (G1 Evacuation Pause) 191M->17M(3880M) 21.723ms
[2025-05-27T02:29:35.311+0000][69][info ][gc,cpu      ] GC(2) User=0.07s Sys=0.01s Real=0.02s
[2025-05-27T02:29:35.312+0000][69][info ][safepoint   ] Safepoint "G1CollectForAllocation", Time since last: 227341366 ns, Reaching safepoint: 6466 ns, Cleanup: 161595 ns, At safepoint: 22400048 ns, Total: 22568109 ns
[2025-05-27T02:29:36.209+0000][69][info ][safepoint   ] Safepoint "ICBufferFull", Time since last: 896424051 ns, Reaching safepoint: 218629 ns, Cleanup: 212846 ns, At safepoint: 69585 ns, Total: 501060 ns
[2025-05-27T02:29:36.333+0000][69][info ][gc,start    ] GC(3) Pause Young (Mixed) (G1 Evacuation Pause)
[2025-05-27T02:29:36.334+0000][69][info ][gc,task     ] GC(3) Using 10 workers of 10 for evacuation
[2025-05-27T02:29:36.334+0000][69][debug][gc,age      ] GC(3) Desired survivor size 12582912 bytes, new threshold 2 (max threshold 15)
[2025-05-27T02:29:36.347+0000][69][info ][gc,phases   ] GC(3)   Pre Evacuate Collection Set: 0.58ms
[2025-05-27T02:29:36.348+0000][69][info ][gc,phases   ] GC(3)   Merge Heap Roots: 0.54ms
[2025-05-27T02:29:36.348+0000][69][info ][gc,phases   ] GC(3)   Evacuate Collection Set: 9.12ms
[2025-05-27T02:29:36.349+0000][69][info ][gc,phases   ] GC(3)   Post Evacuate Collection Set: 1.80ms
[2025-05-27T02:29:36.350+0000][69][info ][gc,phases   ] GC(3)   Other: 0.87ms
[2025-05-27T02:29:36.350+0000][69][trace][gc,age      ] GC(3) Age table with threshold 2 (max threshold 15)
[2025-05-27T02:29:36.350+0000][69][trace][gc,age      ] GC(3) - age   1:    5520144 bytes,    5520144 total
[2025-05-27T02:29:36.351+0000][69][trace][gc,age      ] GC(3) - age   2:    4253888 bytes,    9774032 total
[2025-05-27T02:29:36.351+0000][69][info ][gc,heap     ] GC(3) Eden regions: 43->0(90)
[2025-05-27T02:29:36.352+0000][69][info ][gc,heap     ] GC(3) Survivor regions: 5->3(6)
[2025-05-27T02:29:36.352+0000][69][info ][gc,heap     ] GC(3) Old regions: 1->3
[2025-05-27T02:29:36.352+0000][69][info ][gc,heap     ] GC(3) Humongous regions: 0->0
[2025-05-27T02:29:36.353+0000][69][info ][gc,metaspace] GC(3) Metaspace: 29271K(29952K)->29271K(29952K) NonClass: 25853K(26240K)->25853K(26240K) Class: 3417K(3712K)->3417K(3712K)
[2025-05-27T02:29:36.353+0000][69][info ][gc          ] GC(3) Pause Young (Mixed) (G1 Evacuation Pause) 189M->21M(3880M) 20.195ms
[2025-05-27T02:29:36.354+0000][69][info ][gc,cpu      ] GC(3) User=0.08s Sys=0.00s Real=0.02s
[2025-05-27T02:29:36.355+0000][69][info ][safepoint   ] Safepoint "G1CollectForAllocation", Time since last: 124376112 ns, Reaching safepoint: 6712 ns, Cleanup: 31222 ns, At safepoint: 22365779 ns, Total: 22403713 ns
[2025-05-27T02:29:37.139+0000][69][info ][safepoint   ] Safepoint "ICBufferFull", Time since last: 783200559 ns, Reaching safepoint: 6629 ns, Cleanup: 215891 ns, At safepoint: 63476 ns, Total: 285996 ns
[2025-05-27T02:29:37.727+0000][69][info ][gc,start    ] GC(4) Pause Young (Normal) (G1 Evacuation Pause)
[2025-05-27T02:29:37.728+0000][69][info ][gc,task     ] GC(4) Using 10 workers of 10 for evacuation
[2025-05-27T02:29:37.728+0000][69][debug][gc,age      ] GC(4) Desired survivor size 25165824 bytes, new threshold 15 (max threshold 15)
[2025-05-27T02:29:37.734+0000][69][info ][gc,phases   ] GC(4)   Pre Evacuate Collection Set: 0.74ms
[2025-05-27T02:29:37.735+0000][69][info ][gc,phases   ] GC(4)   Merge Heap Roots: 0.52ms
[2025-05-27T02:29:37.735+0000][69][info ][gc,phases   ] GC(4)   Evacuate Collection Set: 3.18ms
[2025-05-27T02:29:37.736+0000][69][info ][gc,phases   ] GC(4)   Post Evacuate Collection Set: 0.85ms
[2025-05-27T02:29:37.736+0000][69][info ][gc,phases   ] GC(4)   Other: 1.14ms
[2025-05-27T02:29:37.736+0000][69][trace][gc,age      ] GC(4) Age table with threshold 15 (max threshold 15)
[2025-05-27T02:29:37.737+0000][69][trace][gc,age      ] GC(4) - age   1:    3515200 bytes,    3515200 total
[2025-05-27T02:29:37.737+0000][69][trace][gc,age      ] GC(4) - age   2:    4192208 bytes,    7707408 total
[2025-05-27T02:29:37.737+0000][69][trace][gc,age      ] GC(4) - age   3:    4251904 bytes,   11959312 total
[2025-05-27T02:29:37.738+0000][69][info ][gc,heap     ] GC(4) Eden regions: 90->0(578)
[2025-05-27T02:29:37.738+0000][69][info ][gc,heap     ] GC(4) Survivor regions: 3->4(12)
[2025-05-27T02:29:37.739+0000][69][info ][gc,heap     ] GC(4) Old regions: 3->3
[2025-05-27T02:29:37.739+0000][69][info ][gc,heap     ] GC(4) Humongous regions: 0->0
[2025-05-27T02:29:37.739+0000][69][info ][gc,metaspace] GC(4) Metaspace: 31228K(32000K)->31228K(32000K) NonClass: 27589K(28032K)->27589K(28032K) Class: 3639K(3968K)->3639K(3968K)
[2025-05-27T02:29:37.739+0000][69][info ][gc          ] GC(4) Pause Young (Normal) (G1 Evacuation Pause) 381M->23M(3880M) 12.168ms
[2025-05-27T02:29:37.740+0000][69][info ][gc,cpu      ] GC(4) User=0.02s Sys=0.01s Real=0.02s
[2025-05-27T02:29:37.740+0000][69][info ][safepoint   ] Safepoint "G1CollectForAllocation", Time since last: 588408461 ns, Reaching safepoint: 3904 ns, Cleanup: 58857 ns, At safepoint: 13194120 ns, Total: 13256881 ns
[2025-05-27T02:29:38.445+0000][69][info ][gc,start    ] GC(5) Pause Young (Concurrent Start) (Metadata GC Threshold)
[2025-05-27T02:29:38.452+0000][69][info ][gc,task     ] GC(5) Using 10 workers of 10 for evacuation
[2025-05-27T02:29:38.459+0000][69][debug][gc,age      ] GC(5) Desired survivor size 153092096 bytes, new threshold 15 (max threshold 15)
[2025-05-27T02:29:38.468+0000][69][info ][gc,phases   ] GC(5)   Pre Evacuate Collection Set: 0.37ms
[2025-05-27T02:29:38.469+0000][69][info ][gc,phases   ] GC(5)   Merge Heap Roots: 0.13ms
[2025-05-27T02:29:38.473+0000][69][info ][gc,phases   ] GC(5)   Evacuate Collection Set: 3.59ms
[2025-05-27T02:29:38.475+0000][69][info ][gc,phases   ] GC(5)   Post Evacuate Collection Set: 0.73ms
[2025-05-27T02:29:38.477+0000][69][info ][gc,phases   ] GC(5)   Other: 10.82ms
[2025-05-27T02:29:38.482+0000][69][trace][gc,age      ] GC(5) Age table with threshold 15 (max threshold 15)
[2025-05-27T02:29:38.488+0000][69][trace][gc,age      ] GC(5) - age   1:    3275424 bytes,    3275424 total
[2025-05-27T02:29:38.491+0000][69][trace][gc,age      ] GC(5) - age   2:    3477248 bytes,    6752672 total
[2025-05-27T02:29:38.496+0000][69][trace][gc,age      ] GC(5) - age   3:    4191136 bytes,   10943808 total
[2025-05-27T02:29:38.504+0000][69][trace][gc,age      ] GC(5) - age   4:    4251904 bytes,   15195712 total
[2025-05-27T02:29:38.513+0000][69][info ][gc,heap     ] GC(5) Eden regions: 14->0(577)
[2025-05-27T02:29:38.518+0000][69][info ][gc,heap     ] GC(5) Survivor regions: 4->5(73)
[2025-05-27T02:29:38.519+0000][69][info ][gc,heap     ] GC(5) Old regions: 3->3
[2025-05-27T02:29:38.519+0000][69][info ][gc,heap     ] GC(5) Humongous regions: 0->0
[2025-05-27T02:29:38.520+0000][69][info ][gc,metaspace] GC(5) Metaspace: 35308K(36096K)->35308K(36096K) NonClass: 31205K(31680K)->31205K(31680K) Class: 4102K(4416K)->4102K(4416K)
[2025-05-27T02:29:38.520+0000][69][info ][gc          ] GC(5) Pause Young (Concurrent Start) (Metadata GC Threshold) 77M->27M(3880M) 75.218ms
[2025-05-27T02:29:38.521+0000][69][info ][gc,cpu      ] GC(5) User=0.10s Sys=0.01s Real=0.08s
[2025-05-27T02:29:38.521+0000][69][info ][gc          ] GC(6) Concurrent Mark Cycle
[2025-05-27T02:29:38.521+0000][69][info ][gc,marking  ] GC(6) Concurrent Scan Root Regions
[2025-05-27T02:29:38.521+0000][69][info ][safepoint   ] Safepoint "CollectForMetadataAllocation", Time since last: 704415565 ns, Reaching safepoint: 5757 ns, Cleanup: 113542 ns, At safepoint: 76419789 ns, Total: 76539088 ns
[2025-05-27T02:29:38.526+0000][69][info ][gc,marking  ] GC(6) Concurrent Scan Root Regions 4.216ms
[2025-05-27T02:29:38.527+0000][69][info ][gc,marking  ] GC(6) Concurrent Mark
[2025-05-27T02:29:38.531+0000][69][info ][gc,marking  ] GC(6) Concurrent Mark From Roots
[2025-05-27T02:29:38.534+0000][69][info ][gc,task     ] GC(6) Using 3 workers of 3 for marking
[2025-05-27T02:29:38.550+0000][69][info ][gc,marking  ] GC(6) Concurrent Mark From Roots 19.291ms
[2025-05-27T02:29:38.552+0000][69][info ][gc,marking  ] GC(6) Concurrent Preclean
[2025-05-27T02:29:38.555+0000][69][info ][gc,marking  ] GC(6) Concurrent Preclean 3.228ms
[2025-05-27T02:29:38.558+0000][69][info ][gc,start    ] GC(6) Pause Remark
[2025-05-27T02:29:38.569+0000][69][info ][gc          ] GC(6) Pause Remark 35M->35M(3880M) 10.713ms
[2025-05-27T02:29:38.569+0000][69][info ][gc,cpu      ] GC(6) User=0.03s Sys=0.02s Real=0.02s
[2025-05-27T02:29:38.572+0000][69][info ][safepoint   ] Safepoint "G1PauseRemark", Time since last: 36509967 ns, Reaching safepoint: 4610 ns, Cleanup: 9255 ns, At safepoint: 14056816 ns, Total: 14070681 ns
[2025-05-27T02:29:38.576+0000][69][info ][gc,marking  ] GC(6) Concurrent Mark 49.031ms
[2025-05-27T02:29:38.584+0000][69][info ][gc,marking  ] GC(6) Concurrent Rebuild Remembered Sets and Scrub Regions
[2025-05-27T02:29:38.592+0000][69][info ][gc,marking  ] GC(6) Concurrent Rebuild Remembered Sets and Scrub Regions 8.320ms
[2025-05-27T02:29:38.594+0000][69][info ][gc,start    ] GC(6) Pause Cleanup
[2025-05-27T02:29:38.596+0000][69][info ][gc          ] GC(6) Pause Cleanup 37M->37M(3880M) 2.679ms
[2025-05-27T02:29:38.598+0000][69][info ][gc,cpu      ] GC(6) User=0.00s Sys=0.00s Real=0.00s
[2025-05-27T02:29:38.598+0000][69][info ][safepoint   ] Safepoint "G1PauseCleanup", Time since last: 21454690 ns, Reaching safepoint: 101595 ns, Cleanup: 13015 ns, At safepoint: 4511256 ns, Total: 4625866 ns
[2025-05-27T02:29:38.599+0000][69][info ][gc,marking  ] GC(6) Concurrent Clear Claimed Marks
[2025-05-27T02:29:38.599+0000][69][info ][gc,marking  ] GC(6) Concurrent Clear Claimed Marks 0.373ms
[2025-05-27T02:29:38.600+0000][69][info ][gc,marking  ] GC(6) Concurrent Cleanup for Next Mark
[2025-05-27T02:29:38.612+0000][69][info ][gc,marking  ] GC(6) Concurrent Cleanup for Next Mark 11.875ms
[2025-05-27T02:29:38.621+0000][69][info ][gc          ] GC(6) Concurrent Mark Cycle 100.537ms
[2025-05-27T02:29:39.599+0000][69][info ][safepoint   ] Safepoint "Cleanup", Time since last: 1000584101 ns, Reaching safepoint: 94374 ns, Cleanup: 104769 ns, At safepoint: 21213 ns, Total: 220356 ns
[2025-05-27T02:29:40.600+0000][69][info ][safepoint   ] Safepoint "Cleanup", Time since last: 1000615906 ns, Reaching safepoint: 7591 ns, Cleanup: 268237 ns, At safepoint: 44204 ns, Total: 320032 ns
[2025-05-27T02:29:41.602+0000][69][info ][safepoint   ] Safepoint "Cleanup", Time since last: 1001580726 ns, Reaching safepoint: 9023 ns, Cleanup: 204929 ns, At safepoint: 13442 ns, Total: 227394 ns
[2025-05-27T02:29:42.608+0000][69][info ][safepoint   ] Safepoint "Cleanup", Time since last: 1000823574 ns, Reaching safepoint: 5816817 ns, Cleanup: 139544 ns, At safepoint: 82174 ns, Total: 6038535 ns
[2025-05-27T02:29:43.751+0000][69][info ][safepoint   ] Safepoint "ICBufferFull", Time since last: 1142496518 ns, Reaching safepoint: 93279 ns, Cleanup: 84238 ns, At safepoint: 28661 ns, Total: 206178 ns
[2025-05-27T02:29:43.996+0000][69][info ][gc,start    ] GC(7) Pause Young (Prepare Mixed) (Metadata GC Threshold)
[2025-05-27T02:29:43.996+0000][69][info ][gc,task     ] GC(7) Using 10 workers of 10 for evacuation
[2025-05-27T02:29:43.997+0000][69][debug][gc,age      ] GC(7) Desired survivor size 153092096 bytes, new threshold 15 (max threshold 15)
[2025-05-27T02:29:44.008+0000][69][info ][gc,phases   ] GC(7)   Pre Evacuate Collection Set: 0.51ms
[2025-05-27T02:29:44.010+0000][69][info ][gc,phases   ] GC(7)   Merge Heap Roots: 0.16ms
[2025-05-27T02:29:44.012+0000][69][info ][gc,phases   ] GC(7)   Evacuate Collection Set: 8.24ms
[2025-05-27T02:29:44.013+0000][69][info ][gc,phases   ] GC(7)   Post Evacuate Collection Set: 1.94ms
[2025-05-27T02:29:44.015+0000][69][info ][gc,phases   ] GC(7)   Other: 0.83ms
[2025-05-27T02:29:44.015+0000][69][trace][gc,age      ] GC(7) Age table with threshold 15 (max threshold 15)
[2025-05-27T02:29:44.017+0000][69][trace][gc,age      ] GC(7) - age   1:   14942184 bytes,   14942184 total
[2025-05-27T02:29:44.018+0000][69][trace][gc,age      ] GC(7) - age   2:    3254224 bytes,   18196408 total
[2025-05-27T02:29:44.020+0000][69][trace][gc,age      ] GC(7) - age   3:    3464280 bytes,   21660688 total
[2025-05-27T02:29:44.022+0000][69][trace][gc,age      ] GC(7) - age   4:    4174872 bytes,   25835560 total
[2025-05-27T02:29:44.026+0000][69][trace][gc,age      ] GC(7) - age   5:    4236744 bytes,   30072304 total
[2025-05-27T02:29:44.028+0000][69][info ][gc,heap     ] GC(7) Eden regions: 225->0(300)
[2025-05-27T02:29:44.031+0000][69][info ][gc,heap     ] GC(7) Survivor regions: 5->8(73)
[2025-05-27T02:29:44.033+0000][69][info ][gc,heap     ] GC(7) Old regions: 3->3
[2025-05-27T02:29:44.035+0000][69][info ][gc,heap     ] GC(7) Humongous regions: 0->0
[2025-05-27T02:29:44.040+0000][69][info ][gc,metaspace] GC(7) Metaspace: 59105K(60416K)->59105K(60416K) NonClass: 51638K(52416K)->51638K(52416K) Class: 7466K(8000K)->7466K(8000K)
[2025-05-27T02:29:44.044+0000][69][info ][gc          ] GC(7) Pause Young (Prepare Mixed) (Metadata GC Threshold) 927M->41M(3880M) 48.291ms
[2025-05-27T02:29:44.050+0000][69][info ][gc,cpu      ] GC(7) User=0.13s Sys=0.01s Real=0.06s
[2025-05-27T02:29:44.056+0000][69][info ][safepoint   ] Safepoint "CollectForMetadataAllocation", Time since last: 244670826 ns, Reaching safepoint: 4245 ns, Cleanup: 37790 ns, At safepoint: 59989615 ns, Total: 60031650 ns
[2025-05-27T02:29:44.089+0000][69][info ][gc,start    ] GC(8) Pause Young (Mixed) (Metadata GC Threshold)
[2025-05-27T02:29:44.097+0000][69][info ][gc,task     ] GC(8) Using 10 workers of 10 for evacuation
[2025-05-27T02:29:44.105+0000][69][debug][gc,age      ] GC(8) Desired survivor size 81788928 bytes, new threshold 15 (max threshold 15)
[2025-05-27T02:29:44.121+0000][69][info ][gc,phases   ] GC(8)   Pre Evacuate Collection Set: 0.31ms
[2025-05-27T02:29:44.126+0000][69][info ][gc,phases   ] GC(8)   Merge Heap Roots: 0.20ms
[2025-05-27T02:29:44.133+0000][69][info ][gc,phases   ] GC(8)   Evacuate Collection Set: 8.55ms
[2025-05-27T02:29:44.144+0000][69][info ][gc,phases   ] GC(8)   Post Evacuate Collection Set: 1.62ms
[2025-05-27T02:29:44.147+0000][69][info ][gc,phases   ] GC(8)   Other: 13.14ms
[2025-05-27T02:29:44.151+0000][69][trace][gc,age      ] GC(8) Age table with threshold 15 (max threshold 15)
[2025-05-27T02:29:44.158+0000][69][trace][gc,age      ] GC(8) - age   1:      53392 bytes,      53392 total
[2025-05-27T02:29:44.164+0000][69][trace][gc,age      ] GC(8) - age   2:   14635200 bytes,   14688592 total
[2025-05-27T02:29:44.170+0000][69][trace][gc,age      ] GC(8) - age   3:    3248144 bytes,   17936736 total
[2025-05-27T02:29:44.173+0000][69][trace][gc,age      ] GC(8) - age   4:    3448656 bytes,   21385392 total
[2025-05-27T02:29:44.175+0000][69][trace][gc,age      ] GC(8) - age   5:    4168192 bytes,   25553584 total
[2025-05-27T02:29:44.179+0000][69][trace][gc,age      ] GC(8) - age   6:    4230208 bytes,   29783792 total
[2025-05-27T02:29:44.183+0000][69][info ][gc,heap     ] GC(8) Eden regions: 2->0(196)
[2025-05-27T02:29:44.189+0000][69][info ][gc,heap     ] GC(8) Survivor regions: 8->8(39)
[2025-05-27T02:29:44.196+0000][69][info ][gc,heap     ] GC(8) Old regions: 3->3
[2025-05-27T02:29:44.204+0000][69][info ][gc,heap     ] GC(8) Humongous regions: 0->0
[2025-05-27T02:29:44.212+0000][69][info ][gc,metaspace] GC(8) Metaspace: 59420K(60736K)->59420K(60736K) NonClass: 51901K(52672K)->51901K(52672K) Class: 7519K(8064K)->7519K(8064K)
[2025-05-27T02:29:44.221+0000][69][info ][gc          ] GC(8) Pause Young (Mixed) (Metadata GC Threshold) 47M->42M(3880M) 132.535ms
[2025-05-27T02:29:44.227+0000][69][info ][gc,cpu      ] GC(8) User=0.07s Sys=0.01s Real=0.14s
[2025-05-27T02:29:44.234+0000][69][info ][safepoint   ] Safepoint "CollectForMetadataAllocation", Time since last: 32852013 ns, Reaching safepoint: 4427 ns, Cleanup: 12867 ns, At safepoint: 145728843 ns, Total: 145746137 ns
[2025-05-27T02:29:44.268+0000][69][info ][gc,start    ] GC(9) Pause Young (Concurrent Start) (Metadata GC Threshold)
[2025-05-27T02:29:44.280+0000][69][info ][gc,task     ] GC(9) Using 10 workers of 10 for evacuation
[2025-05-27T02:29:44.292+0000][69][debug][gc,age      ] GC(9) Desired survivor size 54525952 bytes, new threshold 15 (max threshold 15)
[2025-05-27T02:29:44.316+0000][69][info ][gc,phases   ] GC(9)   Pre Evacuate Collection Set: 0.89ms
[2025-05-27T02:29:44.326+0000][69][info ][gc,phases   ] GC(9)   Merge Heap Roots: 0.16ms
[2025-05-27T02:29:44.345+0000][69][info ][gc,phases   ] GC(9)   Evacuate Collection Set: 7.04ms
[2025-05-27T02:29:44.359+0000][69][info ][gc,phases   ] GC(9)   Post Evacuate Collection Set: 1.25ms
[2025-05-27T02:29:44.369+0000][69][info ][gc,phases   ] GC(9)   Other: 26.84ms
[2025-05-27T02:29:44.383+0000][69][trace][gc,age      ] GC(9) Age table with threshold 15 (max threshold 15)
[2025-05-27T02:29:44.397+0000][69][trace][gc,age      ] GC(9) - age   1:      56512 bytes,      56512 total
[2025-05-27T02:29:44.408+0000][69][trace][gc,age      ] GC(9) - age   2:      48056 bytes,     104568 total
[2025-05-27T02:29:44.421+0000][69][trace][gc,age      ] GC(9) - age   3:   14635120 bytes,   14739688 total
[2025-05-27T02:29:44.434+0000][69][trace][gc,age      ] GC(9) - age   4:    3248144 bytes,   17987832 total
[2025-05-27T02:29:44.450+0000][69][trace][gc,age      ] GC(9) - age   5:    3448656 bytes,   21436488 total
[2025-05-27T02:29:44.460+0000][69][trace][gc,age      ] GC(9) - age   6:    4168192 bytes,   25604680 total
[2025-05-27T02:29:44.473+0000][69][trace][gc,age      ] GC(9) - age   7:    4230208 bytes,   29834888 total
[2025-05-27T02:29:44.504+0000][69][info ][gc,heap     ] GC(9) Eden regions: 1->0(509)
[2025-05-27T02:29:44.517+0000][69][info ][gc,heap     ] GC(9) Survivor regions: 8->8(26)
[2025-05-27T02:29:44.524+0000][69][info ][gc,heap     ] GC(9) Old regions: 3->3
[2025-05-27T02:29:44.530+0000][69][info ][gc,heap     ] GC(9) Humongous regions: 0->0
[2025-05-27T02:29:44.537+0000][69][info ][gc,metaspace] GC(9) Metaspace: 59729K(61056K)->59729K(61056K) NonClass: 52157K(52928K)->52157K(52928K) Class: 7571K(8128K)->7571K(8128K)
[2025-05-27T02:29:44.538+0000][69][info ][gc          ] GC(9) Pause Young (Concurrent Start) (Metadata GC Threshold) 45M->41M(3880M) 270.025ms
[2025-05-27T02:29:44.539+0000][69][info ][gc,cpu      ] GC(9) User=0.05s Sys=0.00s Real=0.27s
[2025-05-27T02:29:44.539+0000][69][info ][gc          ] GC(10) Concurrent Mark Cycle
[2025-05-27T02:29:44.545+0000][69][info ][gc,marking  ] GC(10) Concurrent Scan Root Regions
[2025-05-27T02:29:44.541+0000][69][info ][safepoint   ] Safepoint "CollectForMetadataAllocation", Time since last: 33748665 ns, Reaching safepoint: 3874 ns, Cleanup: 11641 ns, At safepoint: 272872037 ns, Total: 272887552 ns
[2025-05-27T02:29:44.552+0000][69][info ][gc,marking  ] GC(10) Concurrent Scan Root Regions 7.244ms
[2025-05-27T02:29:44.553+0000][69][info ][gc,marking  ] GC(10) Concurrent Mark
[2025-05-27T02:29:44.553+0000][69][info ][gc,marking  ] GC(10) Concurrent Mark From Roots
[2025-05-27T02:29:44.554+0000][69][info ][gc,task     ] GC(10) Using 3 workers of 3 for marking
[2025-05-27T02:29:44.560+0000][69][info ][gc,marking  ] GC(10) Concurrent Mark From Roots 6.933ms
[2025-05-27T02:29:44.561+0000][69][info ][gc,marking  ] GC(10) Concurrent Preclean
[2025-05-27T02:29:44.561+0000][69][info ][gc,marking  ] GC(10) Concurrent Preclean 0.601ms
[2025-05-27T02:29:44.562+0000][69][info ][gc,start    ] GC(10) Pause Remark
[2025-05-27T02:29:44.565+0000][69][info ][gc          ] GC(10) Pause Remark 44M->44M(3880M) 3.854ms
[2025-05-27T02:29:44.566+0000][69][info ][gc,cpu      ] GC(10) User=0.01s Sys=0.00s Real=0.00s
[2025-05-27T02:29:44.567+0000][69][info ][safepoint   ] Safepoint "G1PauseRemark", Time since last: 20427731 ns, Reaching safepoint: 4724 ns, Cleanup: 3746 ns, At safepoint: 5070573 ns, Total: 5079043 ns
[2025-05-27T02:29:44.567+0000][69][info ][gc,marking  ] GC(10) Concurrent Mark 13.994ms
[2025-05-27T02:29:44.568+0000][69][info ][gc,marking  ] GC(10) Concurrent Rebuild Remembered Sets and Scrub Regions
[2025-05-27T02:29:44.570+0000][69][info ][gc,marking  ] GC(10) Concurrent Rebuild Remembered Sets and Scrub Regions 2.797ms
[2025-05-27T02:29:44.571+0000][69][info ][gc,start    ] GC(10) Pause Cleanup
[2025-05-27T02:29:44.572+0000][69][info ][gc          ] GC(10) Pause Cleanup 44M->44M(3880M) 0.677ms
[2025-05-27T02:29:44.573+0000][69][info ][gc,cpu      ] GC(10) User=0.00s Sys=0.00s Real=0.00s
[2025-05-27T02:29:44.573+0000][69][info ][safepoint   ] Safepoint "G1PauseCleanup", Time since last: 4731912 ns, Reaching safepoint: 5598 ns, Cleanup: 19406 ns, At safepoint: 1564407 ns, Total: 1589411 ns
[2025-05-27T02:29:44.573+0000][69][info ][gc,marking  ] GC(10) Concurrent Clear Claimed Marks
[2025-05-27T02:29:44.574+0000][69][info ][gc,marking  ] GC(10) Concurrent Clear Claimed Marks 0.371ms
[2025-05-27T02:29:44.574+0000][69][info ][gc,marking  ] GC(10) Concurrent Cleanup for Next Mark
[2025-05-27T02:29:44.579+0000][69][info ][gc,marking  ] GC(10) Concurrent Cleanup for Next Mark 4.649ms
[2025-05-27T02:29:44.580+0000][69][info ][gc          ] GC(10) Concurrent Mark Cycle 41.199ms
[2025-05-27T02:29:46.198+0000][69][info ][safepoint   ] Safepoint "Cleanup", Time since last: 1624985896 ns, Reaching safepoint: 104407 ns, Cleanup: 87939 ns, At safepoint: 29320 ns, Total: 221666 ns
[2025-05-27T02:29:47.199+0000][69][info ][safepoint   ] Safepoint "Cleanup", Time since last: 1000999405 ns, Reaching safepoint: 105693 ns, Cleanup: 51179 ns, At safepoint: 34570 ns, Total: 191442 ns
[2025-05-27T02:29:48.279+0000][69][info ][safepoint   ] Safepoint "Cleanup", Time since last: 1080047888 ns, Reaching safepoint: 3295 ns, Cleanup: 96147 ns, At safepoint: 17263 ns, Total: 116705 ns
[2025-05-27T02:29:49.133+0000][69][info ][safepoint   ] Safepoint "ICBufferFull", Time since last: 853467237 ns, Reaching safepoint: 3741 ns, Cleanup: 120213 ns, At safepoint: 5773 ns, Total: 129727 ns
[2025-05-27T02:29:50.463+0000][69][info ][safepoint   ] Safepoint "Cleanup", Time since last: 1329716359 ns, Reaching safepoint: 153016 ns, Cleanup: 109799 ns, At safepoint: 23366 ns, Total: 286181 ns
[2025-05-27T02:29:51.122+0000][69][info ][gc,start    ] GC(11) Pause Young (Concurrent Start) (Metadata GC Threshold)
[2025-05-27T02:29:51.123+0000][69][info ][gc,task     ] GC(11) Using 10 workers of 10 for evacuation
[2025-05-27T02:29:51.123+0000][69][debug][gc,age      ] GC(11) Desired survivor size 136314880 bytes, new threshold 15 (max threshold 15)
[2025-05-27T02:29:51.142+0000][69][info ][gc,phases   ] GC(11)   Pre Evacuate Collection Set: 0.93ms
[2025-05-27T02:29:51.148+0000][69][info ][gc,phases   ] GC(11)   Merge Heap Roots: 0.17ms
[2025-05-27T02:29:51.157+0000][69][info ][gc,phases   ] GC(11)   Evacuate Collection Set: 15.43ms
[2025-05-27T02:29:51.169+0000][69][info ][gc,phases   ] GC(11)   Post Evacuate Collection Set: 2.38ms
[2025-05-27T02:29:51.181+0000][69][info ][gc,phases   ] GC(11)   Other: 1.04ms
[2025-05-27T02:29:51.187+0000][69][trace][gc,age      ] GC(11) Age table with threshold 15 (max threshold 15)
[2025-05-27T02:29:51.199+0000][69][trace][gc,age      ] GC(11) - age   1:   21555376 bytes,   21555376 total
[2025-05-27T02:29:51.212+0000][69][trace][gc,age      ] GC(11) - age   2:      42216 bytes,   21597592 total
[2025-05-27T02:29:51.224+0000][69][trace][gc,age      ] GC(11) - age   3:      47800 bytes,   21645392 total
[2025-05-27T02:29:51.238+0000][69][trace][gc,age      ] GC(11) - age   4:   14308560 bytes,   35953952 total
[2025-05-27T02:29:51.248+0000][69][trace][gc,age      ] GC(11) - age   5:    3235608 bytes,   39189560 total
[2025-05-27T02:29:51.266+0000][69][trace][gc,age      ] GC(11) - age   6:    3430640 bytes,   42620200 total
[2025-05-27T02:29:51.284+0000][69][trace][gc,age      ] GC(11) - age   7:    4154448 bytes,   46774648 total
[2025-05-27T02:29:51.300+0000][69][trace][gc,age      ] GC(11) - age   8:    4201160 bytes,   50975808 total
[2025-05-27T02:29:51.312+0000][69][info ][gc,heap     ] GC(11) Eden regions: 204->0(568)
[2025-05-27T02:29:51.327+0000][69][info ][gc,heap     ] GC(11) Survivor regions: 8->13(65)
[2025-05-27T02:29:51.336+0000][69][info ][gc,heap     ] GC(11) Old regions: 3->3
[2025-05-27T02:29:51.349+0000][69][info ][gc,heap     ] GC(11) Humongous regions: 0->0
[2025-05-27T02:29:51.364+0000][69][info ][gc,metaspace] GC(11) Metaspace: 99998K(101888K)->99998K(101888K) NonClass: 86727K(87808K)->86727K(87808K) Class: 13270K(14080K)->13270K(14080K)
[2025-05-27T02:29:51.375+0000][69][info ][gc          ] GC(11) Pause Young (Concurrent Start) (Metadata GC Threshold) 857M->62M(3880M) 252.959ms
[2025-05-27T02:29:51.387+0000][69][info ][gc,cpu      ] GC(11) User=0.13s Sys=0.01s Real=0.27s
[2025-05-27T02:29:51.387+0000][69][info ][gc          ] GC(12) Concurrent Mark Cycle
[2025-05-27T02:29:51.396+0000][69][info ][safepoint   ] Safepoint "CollectForMetadataAllocation", Time since last: 662020531 ns, Reaching safepoint: 151342 ns, Cleanup: 90629 ns, At safepoint: 273630951 ns, Total: 273872922 ns
[2025-05-27T02:29:51.409+0000][69][info ][gc,marking  ] GC(12) Concurrent Scan Root Regions
[2025-05-27T02:29:51.440+0000][69][info ][gc,marking  ] GC(12) Concurrent Scan Root Regions 30.949ms
[2025-05-27T02:29:51.440+0000][69][info ][gc,marking  ] GC(12) Concurrent Mark
[2025-05-27T02:29:51.441+0000][69][info ][gc,marking  ] GC(12) Concurrent Mark From Roots
[2025-05-27T02:29:51.441+0000][69][info ][gc,task     ] GC(12) Using 3 workers of 3 for marking
[2025-05-27T02:29:51.448+0000][69][info ][gc,marking  ] GC(12) Concurrent Mark From Roots 7.421ms
[2025-05-27T02:29:51.448+0000][69][info ][gc,marking  ] GC(12) Concurrent Preclean
[2025-05-27T02:29:51.449+0000][69][info ][gc,marking  ] GC(12) Concurrent Preclean 0.394ms
[2025-05-27T02:29:51.449+0000][69][info ][gc,start    ] GC(12) Pause Remark
[2025-05-27T02:29:51.455+0000][69][info ][gc          ] GC(12) Pause Remark 70M->70M(3880M) 5.191ms
[2025-05-27T02:29:51.455+0000][69][info ][gc,cpu      ] GC(12) User=0.02s Sys=0.01s Real=0.00s
[2025-05-27T02:29:51.455+0000][69][info ][safepoint   ] Safepoint "G1PauseRemark", Time since last: 53662531 ns, Reaching safepoint: 96635 ns, Cleanup: 3543 ns, At safepoint: 5944578 ns, Total: 6044756 ns
[2025-05-27T02:29:51.456+0000][69][info ][gc,marking  ] GC(12) Concurrent Mark 15.475ms
[2025-05-27T02:29:51.456+0000][69][info ][gc,marking  ] GC(12) Concurrent Rebuild Remembered Sets and Scrub Regions
[2025-05-27T02:29:51.460+0000][69][info ][gc,marking  ] GC(12) Concurrent Rebuild Remembered Sets and Scrub Regions 3.710ms
[2025-05-27T02:29:51.461+0000][69][info ][gc,start    ] GC(12) Pause Cleanup
[2025-05-27T02:29:51.462+0000][69][info ][gc          ] GC(12) Pause Cleanup 70M->70M(3880M) 0.795ms
[2025-05-27T02:29:51.462+0000][69][info ][gc,cpu      ] GC(12) User=0.00s Sys=0.00s Real=0.00s
[2025-05-27T02:29:51.463+0000][69][info ][safepoint   ] Safepoint "G1PauseCleanup", Time since last: 5271202 ns, Reaching safepoint: 100925 ns, Cleanup: 17979 ns, At safepoint: 2139881 ns, Total: 2258785 ns
[2025-05-27T02:29:51.463+0000][69][info ][gc,marking  ] GC(12) Concurrent Clear Claimed Marks
[2025-05-27T02:29:51.464+0000][69][info ][gc,marking  ] GC(12) Concurrent Clear Claimed Marks 0.612ms
[2025-05-27T02:29:51.464+0000][69][info ][gc,marking  ] GC(12) Concurrent Cleanup for Next Mark
[2025-05-27T02:29:51.469+0000][69][info ][gc,marking  ] GC(12) Concurrent Cleanup for Next Mark 5.276ms
[2025-05-27T02:29:51.470+0000][69][info ][gc          ] GC(12) Concurrent Mark Cycle 83.106ms
[2025-05-27T02:29:52.656+0000][69][info ][safepoint   ] Safepoint "Cleanup", Time since last: 1193375198 ns, Reaching safepoint: 5154 ns, Cleanup: 160210 ns, At safepoint: 17295 ns, Total: 182659 ns
[2025-05-27T02:29:52.982+0000][69][info ][safepoint   ] Safepoint "ICBufferFull", Time since last: 325509034 ns, Reaching safepoint: 4436 ns, Cleanup: 87062 ns, At safepoint: 21793 ns, Total: 113291 ns
[2025-05-27T02:29:53.036+0000][69][info ][safepoint   ] Safepoint "ICBufferFull", Time since last: 54267486 ns, Reaching safepoint: 5856 ns, Cleanup: 73185 ns, At safepoint: 24121 ns, Total: 103162 ns
[2025-05-27T02:29:53.151+0000][69][info ][safepoint   ] Safepoint "ICBufferFull", Time since last: 114993440 ns, Reaching safepoint: 6381 ns, Cleanup: 66918 ns, At safepoint: 6435 ns, Total: 79734 ns
[2025-05-27T02:29:53.246+0000][69][info ][safepoint   ] Safepoint "ICBufferFull", Time since last: 94843029 ns, Reaching safepoint: 6008 ns, Cleanup: 82356 ns, At safepoint: 37196 ns, Total: 125560 ns
[2025-05-27T02:29:53.585+0000][69][info ][safepoint   ] Safepoint "ICBufferFull", Time since last: 338553285 ns, Reaching safepoint: 6097 ns, Cleanup: 99116 ns, At safepoint: 6073 ns, Total: 111286 ns
[2025-05-27T02:29:53.892+0000][69][info ][safepoint   ] Safepoint "ICBufferFull", Time since last: 306461459 ns, Reaching safepoint: 103591 ns, Cleanup: 72171 ns, At safepoint: 50552 ns, Total: 226314 ns
[2025-05-27T02:29:54.469+0000][69][info ][safepoint   ] Safepoint "ICBufferFull", Time since last: 576515493 ns, Reaching safepoint: 193919 ns, Cleanup: 100735 ns, At safepoint: 64696 ns, Total: 359350 ns
[2025-05-27T02:29:54.687+0000][69][info ][safepoint   ] Safepoint "ICBufferFull", Time since last: 217804786 ns, Reaching safepoint: 98758 ns, Cleanup: 108626 ns, At safepoint: 70378 ns, Total: 277762 ns
[2025-05-27T02:29:55.264+0000][69][info ][safepoint   ] Safepoint "ICBufferFull", Time since last: 577064898 ns, Reaching safepoint: 13087 ns, Cleanup: 106014 ns, At safepoint: 39073 ns, Total: 158174 ns
[2025-05-27T02:29:55.823+0000][69][info ][safepoint   ] Safepoint "ICBufferFull", Time since last: 558741271 ns, Reaching safepoint: 12319 ns, Cleanup: 125374 ns, At safepoint: 34162 ns, Total: 171855 ns
[2025-05-27T02:29:57.769+0000][69][info ][safepoint   ] Safepoint "Cleanup", Time since last: 1946392147 ns, Reaching safepoint: 12043 ns, Cleanup: 122286 ns, At safepoint: 9224 ns, Total: 143553 ns
[2025-05-27T02:29:58.775+0000][69][info ][safepoint   ] Safepoint "Cleanup", Time since last: 1005146789 ns, Reaching safepoint: 11106 ns, Cleanup: 13004 ns, At safepoint: 6721 ns, Total: 30831 ns
[2025-05-27T02:29:59.779+0000][69][info ][safepoint   ] Safepoint "Cleanup", Time since last: 1004348313 ns, Reaching safepoint: 18649 ns, Cleanup: 19423 ns, At safepoint: 13332 ns, Total: 51404 ns
[2025-05-27T02:30:00.794+0000][69][info ][safepoint   ] Safepoint "Cleanup", Time since last: 1015316636 ns, Reaching safepoint: 11866 ns, Cleanup: 14500 ns, At safepoint: 7543 ns, Total: 33909 ns
[2025-05-27T02:30:01.802+0000][69][info ][safepoint   ] Safepoint "Cleanup", Time since last: 1007728925 ns, Reaching safepoint: 18797 ns, Cleanup: 16943 ns, At safepoint: 14719 ns, Total: 50459 ns
[2025-05-27T02:30:02.803+0000][69][info ][safepoint   ] Safepoint "Cleanup", Time since last: 1000629385 ns, Reaching safepoint: 10287 ns, Cleanup: 20378 ns, At safepoint: 7063 ns, Total: 37728 ns
[2025-05-27T02:30:03.811+0000][69][info ][safepoint   ] Safepoint "Cleanup", Time since last: 1007668697 ns, Reaching safepoint: 115866 ns, Cleanup: 8604 ns, At safepoint: 13573 ns, Total: 138043 ns
[2025-05-27T02:30:06.826+0000][69][info ][safepoint   ] Safepoint "Cleanup", Time since last: 3015375724 ns, Reaching safepoint: 142779 ns, Cleanup: 16351 ns, At safepoint: 61732 ns, Total: 220862 ns
[2025-05-27T02:30:10.077+0000][69][info ][safepoint   ] Safepoint "Cleanup", Time since last: 3250390846 ns, Reaching safepoint: 6812 ns, Cleanup: 11121 ns, At safepoint: 3384 ns, Total: 21317 ns
[2025-05-27T02:30:10.316+0000][69][info ][safepoint   ] Safepoint "ICBufferFull", Time since last: 238804258 ns, Reaching safepoint: 206106 ns, Cleanup: 89291 ns, At safepoint: 78527 ns, Total: 373924 ns
[2025-05-27T02:30:10.476+0000][69][info ][safepoint   ] Safepoint "ICBufferFull", Time since last: 159468035 ns, Reaching safepoint: 554582 ns, Cleanup: 81060 ns, At safepoint: 73928 ns, Total: 709570 ns
[2025-05-27T02:30:11.256+0000][69][info ][safepoint   ] Safepoint "ICBufferFull", Time since last: 779508968 ns, Reaching safepoint: 9159 ns, Cleanup: 102639 ns, At safepoint: 33190 ns, Total: 144988 ns
[2025-05-27T02:30:11.441+0000][69][info ][safepoint   ] Safepoint "ICBufferFull", Time since last: 185544151 ns, Reaching safepoint: 11566 ns, Cleanup: 99500 ns, At safepoint: 38206 ns, Total: 149272 ns
[2025-05-27T02:30:12.541+0000][69][info ][safepoint   ] Safepoint "Cleanup", Time since last: 1010702982 ns, Reaching safepoint: 88555702 ns, Cleanup: 509394 ns, At safepoint: 123273 ns, Total: 89188369 ns
[2025-05-27T02:30:13.582+0000][69][info ][safepoint   ] Safepoint "Cleanup", Time since last: 1002671004 ns, Reaching safepoint: 38243216 ns, Cleanup: 125226 ns, At safepoint: 208480 ns, Total: 38576922 ns
[2025-05-27T02:30:13.759+0000][69][info ][safepoint   ] Safepoint "ICBufferFull", Time since last: 175930434 ns, Reaching safepoint: 324105 ns, Cleanup: 111055 ns, At safepoint: 152516 ns, Total: 587676 ns
[2025-05-27T02:30:13.974+0000][69][info ][safepoint   ] Safepoint "ICBufferFull", Time since last: 214903940 ns, Reaching safepoint: 25442 ns, Cleanup: 160449 ns, At safepoint: 182685 ns, Total: 368576 ns
[2025-05-27T02:30:14.190+0000][69][info ][safepoint   ] Safepoint "ICBufferFull", Time since last: 215013173 ns, Reaching safepoint: 131457 ns, Cleanup: 130694 ns, At safepoint: 103302 ns, Total: 365453 ns
[2025-05-27T02:30:14.483+0000][69][info ][safepoint   ] Safepoint "ICBufferFull", Time since last: 293578309 ns, Reaching safepoint: 17466 ns, Cleanup: 106891 ns, At safepoint: 46812 ns, Total: 171169 ns
[2025-05-27T02:30:15.559+0000][69][info ][safepoint   ] Safepoint "ICBufferFull", Time since last: 1075630743 ns, Reaching safepoint: 180870 ns, Cleanup: 122151 ns, At safepoint: 153746 ns, Total: 456767 ns
[2025-05-27T02:30:15.743+0000][69][info ][safepoint   ] Safepoint "ICBufferFull", Time since last: 183482117 ns, Reaching safepoint: 21046 ns, Cleanup: 108695 ns, At safepoint: 69381 ns, Total: 199122 ns
[2025-05-27T02:30:15.744+0000][69][info ][safepoint   ] Safepoint "ICBufferFull", Time since last: 875435 ns, Reaching safepoint: 18158 ns, Cleanup: 6501 ns, At safepoint: 32867 ns, Total: 57526 ns
[2025-05-27T02:30:15.745+0000][69][info ][safepoint   ] Safepoint "ICBufferFull", Time since last: 505294 ns, Reaching safepoint: 87713 ns, Cleanup: 5904 ns, At safepoint: 59459 ns, Total: 153076 ns
[2025-05-27T02:30:15.746+0000][69][info ][safepoint   ] Safepoint "ICBufferFull", Time since last: 1241658 ns, Reaching safepoint: 13456 ns, Cleanup: 3058 ns, At safepoint: 15748 ns, Total: 32262 ns
[2025-05-27T02:30:15.746+0000][69][info ][safepoint   ] Safepoint "ICBufferFull", Time since last: 359746 ns, Reaching safepoint: 8605 ns, Cleanup: 1336 ns, At safepoint: 14015 ns, Total: 23956 ns
[2025-05-27T02:30:17.088+0000][69][info ][safepoint   ] Safepoint "Cleanup", Time since last: 1341509147 ns, Reaching safepoint: 6318 ns, Cleanup: 98623 ns, At safepoint: 38914 ns, Total: 143855 ns
[2025-05-27T02:30:18.649+0000][69][info ][safepoint   ] Safepoint "Cleanup", Time since last: 1560468930 ns, Reaching safepoint: 36752 ns, Cleanup: 189903 ns, At safepoint: 17855 ns, Total: 244510 ns
[2025-05-27T02:30:19.651+0000][69][info ][safepoint   ] Safepoint "Cleanup", Time since last: 1001760315 ns, Reaching safepoint: 26608 ns, Cleanup: 44904 ns, At safepoint: 13636 ns, Total: 85148 ns
[2025-05-27T02:30:20.708+0000][69][info ][safepoint   ] Safepoint "Cleanup", Time since last: 1056903556 ns, Reaching safepoint: 15792 ns, Cleanup: 83514 ns, At safepoint: 7883 ns, Total: 107189 ns
[2025-05-27T02:30:21.848+0000][69][info ][safepoint   ] Safepoint "Cleanup", Time since last: 1143751288 ns, Reaching safepoint: 5773 ns, Cleanup: 92955 ns, At safepoint: 24828 ns, Total: 123556 ns
[2025-05-27T02:30:22.853+0000][69][info ][safepoint   ] Safepoint "Cleanup", Time since last: 1005023331 ns, Reaching safepoint: 50766 ns, Cleanup: 36616 ns, At safepoint: 9591 ns, Total: 96973 ns
[2025-05-27T02:30:23.854+0000][69][info ][safepoint   ] Safepoint "Cleanup", Time since last: 1000573763 ns, Reaching safepoint: 17297 ns, Cleanup: 38942 ns, At safepoint: 7342 ns, Total: 63581 ns
[2025-05-27T02:30:24.879+0000][69][info ][safepoint   ] Safepoint "Cleanup", Time since last: 1025211405 ns, Reaching safepoint: 19655 ns, Cleanup: 24261 ns, At safepoint: 9536 ns, Total: 53452 ns
[2025-05-27T02:30:25.880+0000][69][info ][safepoint   ] Safepoint "Cleanup", Time since last: 1000536769 ns, Reaching safepoint: 18701 ns, Cleanup: 27399 ns, At safepoint: 8941 ns, Total: 55041 ns
[2025-05-27T02:30:26.881+0000][69][info ][safepoint   ] Safepoint "Cleanup", Time since last: 1000667500 ns, Reaching safepoint: 43348 ns, Cleanup: 73368 ns, At safepoint: 18828 ns, Total: 135544 ns
[2025-05-27T02:30:27.887+0000][69][info ][safepoint   ] Safepoint "Cleanup", Time since last: 1006457341 ns, Reaching safepoint: 71731 ns, Cleanup: 31499 ns, At safepoint: 19312 ns, Total: 122542 ns
[2025-05-27T02:30:28.898+0000][69][info ][safepoint   ] Safepoint "Cleanup", Time since last: 1010892712 ns, Reaching safepoint: 17188 ns, Cleanup: 20433 ns, At safepoint: 8792 ns, Total: 46413 ns
[2025-05-27T02:30:29.994+0000][69][info ][safepoint   ] Safepoint "Cleanup", Time since last: 1095708052 ns, Reaching safepoint: 17558 ns, Cleanup: 62131 ns, At safepoint: 13879 ns, Total: 93568 ns
[2025-05-27T02:30:30.996+0000][69][info ][safepoint   ] Safepoint "Cleanup", Time since last: 1001373044 ns, Reaching safepoint: 28310 ns, Cleanup: 42692 ns, At safepoint: 16653 ns, Total: 87655 ns
[2025-05-27T02:30:33.002+0000][69][info ][safepoint   ] Safepoint "Cleanup", Time since last: 2005925319 ns, Reaching safepoint: 41734 ns, Cleanup: 44181 ns, At safepoint: 15721 ns, Total: 101636 ns
[2025-05-27T02:30:34.003+0000][69][info ][safepoint   ] Safepoint "Cleanup", Time since last: 1001333191 ns, Reaching safepoint: 68877 ns, Cleanup: 35013 ns, At safepoint: 15827 ns, Total: 119717 ns
[2025-05-27T02:30:36.004+0000][69][info ][safepoint   ] Safepoint "Cleanup", Time since last: 2001262046 ns, Reaching safepoint: 53932 ns, Cleanup: 45645 ns, At safepoint: 14997 ns, Total: 114574 ns
[2025-05-27T02:30:38.006+0000][69][info ][safepoint   ] Safepoint "Cleanup", Time since last: 2001499994 ns, Reaching safepoint: 57073 ns, Cleanup: 25236 ns, At safepoint: 66218 ns, Total: 148527 ns
[2025-05-27T02:30:39.007+0000][69][info ][safepoint   ] Safepoint "Cleanup", Time since last: 1001146616 ns, Reaching safepoint: 86652 ns, Cleanup: 46969 ns, At safepoint: 14797 ns, Total: 148418 ns
[2025-05-27T02:30:41.009+0000][69][info ][safepoint   ] Safepoint "Cleanup", Time since last: 2001452895 ns, Reaching safepoint: 38514 ns, Cleanup: 45633 ns, At safepoint: 19075 ns, Total: 103222 ns
[2025-05-27T02:30:42.010+0000][69][info ][safepoint   ] Safepoint "Cleanup", Time since last: 1001032035 ns, Reaching safepoint: 38304 ns, Cleanup: 188274 ns, At safepoint: 115221 ns, Total: 341799 ns
[2025-05-27T02:30:44.012+0000][69][info ][safepoint   ] Safepoint "Cleanup", Time since last: 2001297288 ns, Reaching safepoint: 65129 ns, Cleanup: 41689 ns, At safepoint: 15427 ns, Total: 122245 ns
[2025-05-27T02:30:45.013+0000][69][info ][safepoint   ] Safepoint "Cleanup", Time since last: 1000970512 ns, Reaching safepoint: 19117 ns, Cleanup: 22561 ns, At safepoint: 8378 ns, Total: 50056 ns
[2025-05-27T02:30:46.013+0000][69][info ][safepoint   ] Safepoint "Cleanup", Time since last: 1000728872 ns, Reaching safepoint: 18175 ns, Cleanup: 17586 ns, At safepoint: 7289 ns, Total: 43050 ns
[2025-05-27T02:30:48.014+0000][69][info ][safepoint   ] Safepoint "Cleanup", Time since last: 2000921414 ns, Reaching safepoint: 23428 ns, Cleanup: 30348 ns, At safepoint: 9909 ns, Total: 63685 ns
[2025-05-27T02:30:49.015+0000][69][info ][safepoint   ] Safepoint "Cleanup", Time since last: 1000834491 ns, Reaching safepoint: 26329 ns, Cleanup: 25779 ns, At safepoint: 14148 ns, Total: 66256 ns
[2025-05-27T02:30:50.873+0000][69][info ][safepoint   ] Safepoint "Cleanup", Time since last: 1857336944 ns, Reaching safepoint: 12105 ns, Cleanup: 84466 ns, At safepoint: 8056 ns, Total: 104627 ns
[2025-05-27T02:30:51.902+0000][69][info ][safepoint   ] Safepoint "Cleanup", Time since last: 1032330872 ns, Reaching safepoint: 27468 ns, Cleanup: 67147 ns, At safepoint: 16393 ns, Total: 111008 ns
[2025-05-27T02:30:53.903+0000][69][info ][safepoint   ] Safepoint "Cleanup", Time since last: 2001172812 ns, Reaching safepoint: 97771 ns, Cleanup: 42082 ns, At safepoint: 14780 ns, Total: 154633 ns
[2025-05-27T02:30:54.904+0000][69][info ][safepoint   ] Safepoint "Cleanup", Time since last: 1001353082 ns, Reaching safepoint: 23523 ns, Cleanup: 25065 ns, At safepoint: 12441 ns, Total: 61029 ns
[2025-05-27T02:30:55.906+0000][69][info ][safepoint   ] Safepoint "Cleanup", Time since last: 1001374730 ns, Reaching safepoint: 25848 ns, Cleanup: 28312 ns, At safepoint: 15106 ns, Total: 69266 ns
[2025-05-27T02:30:56.907+0000][69][info ][safepoint   ] Safepoint "Cleanup", Time since last: 1001062102 ns, Reaching safepoint: 25384 ns, Cleanup: 36792 ns, At safepoint: 14833 ns, Total: 77009 ns
[2025-05-27T02:30:58.908+0000][69][info ][safepoint   ] Safepoint "Cleanup", Time since last: 2001207672 ns, Reaching safepoint: 39535 ns, Cleanup: 12048 ns, At safepoint: 7545 ns, Total: 59128 ns
[2025-05-27T02:30:59.909+0000][69][info ][safepoint   ] Safepoint "Cleanup", Time since last: 1000661612 ns, Reaching safepoint: 24335 ns, Cleanup: 19281 ns, At safepoint: 10515 ns, Total: 54131 ns
[2025-05-27T02:31:00.910+0000][69][info ][safepoint   ] Safepoint "Cleanup", Time since last: 1000654932 ns, Reaching safepoint: 39753 ns, Cleanup: 29955 ns, At safepoint: 21478 ns, Total: 91186 ns
[2025-05-27T02:31:02.911+0000][69][info ][safepoint   ] Safepoint "Cleanup", Time since last: 2001256150 ns, Reaching safepoint: 20530 ns, Cleanup: 20969 ns, At safepoint: 10850 ns, Total: 52349 ns
[2025-05-27T02:31:03.912+0000][69][info ][safepoint   ] Safepoint "Cleanup", Time since last: 1001045673 ns, Reaching safepoint: 20844 ns, Cleanup: 24146 ns, At safepoint: 10929 ns, Total: 55919 ns
[2025-05-27T02:31:05.914+0000][69][info ][safepoint   ] Safepoint "Cleanup", Time since last: 2001426530 ns, Reaching safepoint: 31499 ns, Cleanup: 40293 ns, At safepoint: 16745 ns, Total: 88537 ns
[2025-05-27T02:31:06.915+0000][69][info ][safepoint   ] Safepoint "Cleanup", Time since last: 1000910845 ns, Reaching safepoint: 18133 ns, Cleanup: 16549 ns, At safepoint: 9397 ns, Total: 44079 ns
[2025-05-27T02:31:08.916+0000][69][info ][safepoint   ] Safepoint "Cleanup", Time since last: 2001131627 ns, Reaching safepoint: 148238 ns, Cleanup: 44567 ns, At safepoint: 22831 ns, Total: 215636 ns
[2025-05-27T02:31:09.917+0000][69][info ][safepoint   ] Safepoint "Cleanup", Time since last: 1001055566 ns, Reaching safepoint: 22170 ns, Cleanup: 18522 ns, At safepoint: 11364 ns, Total: 52056 ns
[2025-05-27T02:31:11.566+0000][69][info ][safepoint   ] Safepoint "Cleanup", Time since last: 1648486101 ns, Reaching safepoint: 25430 ns, Cleanup: 138077 ns, At safepoint: 16223 ns, Total: 179730 ns
[2025-05-27T02:31:13.567+0000][69][info ][safepoint   ] Safepoint "Cleanup", Time since last: 2001488600 ns, Reaching safepoint: 24957 ns, Cleanup: 72123 ns, At safepoint: 15793 ns, Total: 112873 ns
[2025-05-27T02:31:14.737+0000][69][info ][safepoint   ] Safepoint "Cleanup", Time since last: 1169177912 ns, Reaching safepoint: 9026 ns, Cleanup: 154052 ns, At safepoint: 26660 ns, Total: 189738 ns
[2025-05-27T02:31:15.762+0000][69][info ][safepoint   ] Safepoint "Cleanup", Time since last: 1024842408 ns, Reaching safepoint: 10505 ns, Cleanup: 95081 ns, At safepoint: 8200 ns, Total: 113786 ns
[2025-05-27T02:31:16.772+0000][69][info ][safepoint   ] Safepoint "Cleanup", Time since last: 1010532779 ns, Reaching safepoint: 27889 ns, Cleanup: 24617 ns, At safepoint: 15815 ns, Total: 68321 ns
[2025-05-27T02:31:17.773+0000][69][info ][safepoint   ] Safepoint "Cleanup", Time since last: 1001081403 ns, Reaching safepoint: 17431 ns, Cleanup: 15575 ns, At safepoint: 22227 ns, Total: 55233 ns
[2025-05-27T02:31:18.774+0000][69][info ][safepoint   ] Safepoint "Cleanup", Time since last: 1000457181 ns, Reaching safepoint: 25976 ns, Cleanup: 29391 ns, At safepoint: 60196 ns, Total: 115563 ns
[2025-05-27T02:31:20.775+0000][69][info ][safepoint   ] Safepoint "Cleanup", Time since last: 2000919900 ns, Reaching safepoint: 46429 ns, Cleanup: 110250 ns, At safepoint: 24546 ns, Total: 181225 ns
[2025-05-27T02:31:22.774+0000][69][info ][safepoint   ] Safepoint "Cleanup", Time since last: 2001560315 ns, Reaching safepoint: 30497 ns, Cleanup: 20756 ns, At safepoint: 15297 ns, Total: 66550 ns
[2025-05-27T02:31:23.775+0000][69][info ][safepoint   ] Safepoint "Cleanup", Time since last: 1001142798 ns, Reaching safepoint: 19892 ns, Cleanup: 14369 ns, At safepoint: 11435 ns, Total: 45696 ns
[2025-05-27T02:31:24.776+0000][69][info ][safepoint   ] Safepoint "Cleanup", Time since last: 1001298794 ns, Reaching safepoint: 46024 ns, Cleanup: 35240 ns, At safepoint: 24738 ns, Total: 106002 ns
[2025-05-27T02:31:25.778+0000][69][info ][safepoint   ] Safepoint "Cleanup", Time since last: 1001948785 ns, Reaching safepoint: 44229 ns, Cleanup: 44041 ns, At safepoint: 88335 ns, Total: 176605 ns
[2025-05-27T02:31:26.779+0000][69][info ][safepoint   ] Safepoint "Cleanup", Time since last: 1000996267 ns, Reaching safepoint: 25844 ns, Cleanup: 27957 ns, At safepoint: 11886 ns, Total: 65687 ns
[2025-05-27T02:31:27.781+0000][69][info ][safepoint   ] Safepoint "Cleanup", Time since last: 1000989912 ns, Reaching safepoint: 138562 ns, Cleanup: 25976 ns, At safepoint: 35000 ns, Total: 199538 ns
[2025-05-27T02:31:28.782+0000][69][info ][safepoint   ] Safepoint "Cleanup", Time since last: 1000907078 ns, Reaching safepoint: 28120 ns, Cleanup: 27334 ns, At safepoint: 17120 ns, Total: 72574 ns
[2025-05-27T02:31:30.043+0000][69][info ][safepoint   ] Safepoint "Cleanup", Time since last: 1260866870 ns, Reaching safepoint: 47456 ns, Cleanup: 128121 ns, At safepoint: 30368 ns, Total: 205945 ns
[2025-05-27T02:31:31.045+0000][69][info ][safepoint   ] Safepoint "Cleanup", Time since last: 1002021975 ns, Reaching safepoint: 46626 ns, Cleanup: 73927 ns, At safepoint: 25285 ns, Total: 145838 ns
[2025-05-27T02:31:32.046+0000][69][info ][safepoint   ] Safepoint "Cleanup", Time since last: 1001511634 ns, Reaching safepoint: 12775 ns, Cleanup: 9594 ns, At safepoint: 6133 ns, Total: 28502 ns
[2025-05-27T02:31:34.047+0000][69][info ][safepoint   ] Safepoint "Cleanup", Time since last: 2001003606 ns, Reaching safepoint: 21624 ns, Cleanup: 17407 ns, At safepoint: 12837 ns, Total: 51868 ns
[2025-05-27T02:31:35.049+0000][69][info ][safepoint   ] Safepoint "Cleanup", Time since last: 1001424548 ns, Reaching safepoint: 14456 ns, Cleanup: 9880 ns, At safepoint: 6716 ns, Total: 31052 ns
[2025-05-27T02:31:36.049+0000][69][info ][safepoint   ] Safepoint "Cleanup", Time since last: 1000394974 ns, Reaching safepoint: 16075 ns, Cleanup: 13157 ns, At safepoint: 7145 ns, Total: 36377 ns
[2025-05-27T02:31:38.052+0000][69][info ][safepoint   ] Safepoint "Cleanup", Time since last: 2002308140 ns, Reaching safepoint: 13606 ns, Cleanup: 9952 ns, At safepoint: 6423 ns, Total: 29981 ns
[2025-05-27T02:31:39.053+0000][69][info ][safepoint   ] Safepoint "Cleanup", Time since last: 1000842803 ns, Reaching safepoint: 39642 ns, Cleanup: 34664 ns, At safepoint: 22046 ns, Total: 96352 ns
[2025-05-27T02:31:40.054+0000][69][info ][safepoint   ] Safepoint "Cleanup", Time since last: 1001585390 ns, Reaching safepoint: 24503 ns, Cleanup: 19080 ns, At safepoint: 12827 ns, Total: 56410 ns
[2025-05-27T02:31:41.055+0000][69][info ][safepoint   ] Safepoint "Cleanup", Time since last: 1000573645 ns, Reaching safepoint: 29043 ns, Cleanup: 34164 ns, At safepoint: 16915 ns, Total: 80122 ns
[2025-05-27T02:31:44.056+0000][69][info ][safepoint   ] Safepoint "Cleanup", Time since last: 3001234189 ns, Reaching safepoint: 20349 ns, Cleanup: 29298 ns, At safepoint: 10606 ns, Total: 60253 ns
[2025-05-27T02:31:46.057+0000][69][info ][safepoint   ] Safepoint "Cleanup", Time since last: 2000959075 ns, Reaching safepoint: 135390 ns, Cleanup: 40808 ns, At safepoint: 19864 ns, Total: 196062 ns
[2025-05-27T02:31:47.058+0000][69][info ][safepoint   ] Safepoint "Cleanup", Time since last: 1000836086 ns, Reaching safepoint: 16223 ns, Cleanup: 32834 ns, At safepoint: 7042 ns, Total: 56099 ns
[2025-05-27T02:31:48.059+0000][69][info ][safepoint   ] Safepoint "Cleanup", Time since last: 1000824422 ns, Reaching safepoint: 37333 ns, Cleanup: 32851 ns, At safepoint: 17021 ns, Total: 87205 ns
[2025-05-27T02:31:49.060+0000][69][info ][safepoint   ] Safepoint "Cleanup", Time since last: 1000980320 ns, Reaching safepoint: 27119 ns, Cleanup: 20283 ns, At safepoint: 15059 ns, Total: 62461 ns
[2025-05-27T02:31:50.061+0000][69][info ][safepoint   ] Safepoint "Cleanup", Time since last: 1000954570 ns, Reaching safepoint: 15062 ns, Cleanup: 14226 ns, At safepoint: 7755 ns, Total: 37043 ns
[2025-05-27T02:31:51.059+0000][69][info ][safepoint   ] Safepoint "Cleanup", Time since last: 1000961282 ns, Reaching safepoint: 35184 ns, Cleanup: 45461 ns, At safepoint: 18676 ns, Total: 99321 ns
[2025-05-27T02:31:53.061+0000][69][info ][safepoint   ] Safepoint "Cleanup", Time since last: 2001915919 ns, Reaching safepoint: 14145 ns, Cleanup: 10150 ns, At safepoint: 6923 ns, Total: 31218 ns
[2025-05-27T02:31:54.063+0000][69][info ][safepoint   ] Safepoint "Cleanup", Time since last: 1001329852 ns, Reaching safepoint: 45975 ns, Cleanup: 37241 ns, At safepoint: 26163 ns, Total: 109379 ns
[2025-05-27T02:31:55.065+0000][69][info ][safepoint   ] Safepoint "Cleanup", Time since last: 1002091209 ns, Reaching safepoint: 34466 ns, Cleanup: 22910 ns, At safepoint: 99650 ns, Total: 157026 ns
[2025-05-27T02:31:56.066+0000][69][info ][safepoint   ] Safepoint "Cleanup", Time since last: 1001204039 ns, Reaching safepoint: 28949 ns, Cleanup: 38079 ns, At safepoint: 13586 ns, Total: 80614 ns
[2025-05-27T02:31:58.069+0000][69][info ][safepoint   ] Safepoint "Cleanup", Time since last: 2003071766 ns, Reaching safepoint: 25121 ns, Cleanup: 20569 ns, At safepoint: 14587 ns, Total: 60277 ns
[2025-05-27T02:31:59.071+0000][69][info ][safepoint   ] Safepoint "Cleanup", Time since last: 1001187356 ns, Reaching safepoint: 36410 ns, Cleanup: 34615 ns, At safepoint: 17369 ns, Total: 88394 ns
[2025-05-27T02:32:00.072+0000][69][info ][safepoint   ] Safepoint "Cleanup", Time since last: 1001412041 ns, Reaching safepoint: 53172 ns, Cleanup: 14433 ns, At safepoint: 11145 ns, Total: 78750 ns
[2025-05-27T02:32:01.073+0000][69][info ][safepoint   ] Safepoint "Cleanup", Time since last: 1001137989 ns, Reaching safepoint: 14151 ns, Cleanup: 25976 ns, At safepoint: 15285 ns, Total: 55412 ns
[2025-05-27T02:32:02.074+0000][69][info ][safepoint   ] Safepoint "Cleanup", Time since last: 1000559312 ns, Reaching safepoint: 26721 ns, Cleanup: 32574 ns, At safepoint: 16043 ns, Total: 75338 ns
[2025-05-27T02:32:05.080+0000][69][info ][safepoint   ] Safepoint "Cleanup", Time since last: 3005537173 ns, Reaching safepoint: 33051 ns, Cleanup: 26394 ns, At safepoint: 18646 ns, Total: 78091 ns
[2025-05-27T02:32:06.081+0000][69][info ][safepoint   ] Safepoint "Cleanup", Time since last: 1001359442 ns, Reaching safepoint: 18045 ns, Cleanup: 21770 ns, At safepoint: 8799 ns, Total: 48614 ns
[2025-05-27T02:32:08.082+0000][69][info ][safepoint   ] Safepoint "Cleanup", Time since last: 2000942540 ns, Reaching safepoint: 35655 ns, Cleanup: 25993 ns, At safepoint: 19633 ns, Total: 81281 ns
[2025-05-27T02:32:09.084+0000][69][info ][safepoint   ] Safepoint "Cleanup", Time since last: 1001583591 ns, Reaching safepoint: 45380 ns, Cleanup: 32125 ns, At safepoint: 25591 ns, Total: 103096 ns
[2025-05-27T02:32:10.086+0000][69][info ][safepoint   ] Safepoint "Cleanup", Time since last: 1002081183 ns, Reaching safepoint: 16353 ns, Cleanup: 11362 ns, At safepoint: 7925 ns, Total: 35640 ns
[2025-05-27T02:32:11.087+0000][69][info ][safepoint   ] Safepoint "Cleanup", Time since last: 1001212099 ns, Reaching safepoint: 38349 ns, Cleanup: 42494 ns, At safepoint: 21207 ns, Total: 102050 ns
[2025-05-27T02:32:14.089+0000][69][info ][safepoint   ] Safepoint "Cleanup", Time since last: 3001981154 ns, Reaching safepoint: 29067 ns, Cleanup: 62334 ns, At safepoint: 17245 ns, Total: 108646 ns
[2025-05-27T02:32:16.091+0000][69][info ][safepoint   ] Safepoint "Cleanup", Time since last: 2001723916 ns, Reaching safepoint: 52086 ns, Cleanup: 12524 ns, At safepoint: 6816 ns, Total: 71426 ns
[2025-05-27T02:32:17.814+0000][69][info ][safepoint   ] Safepoint "Cleanup", Time since last: 1722403124 ns, Reaching safepoint: 8317 ns, Cleanup: 81394 ns, At safepoint: 24141 ns, Total: 113852 ns
[2025-05-27T02:32:18.822+0000][69][info ][safepoint   ] Safepoint "Cleanup", Time since last: 1008331895 ns, Reaching safepoint: 47243 ns, Cleanup: 61494 ns, At safepoint: 23556 ns, Total: 132293 ns
[2025-05-27T02:32:20.824+0000][69][info ][safepoint   ] Safepoint "Cleanup", Time since last: 2001657321 ns, Reaching safepoint: 29657 ns, Cleanup: 67257 ns, At safepoint: 16398 ns, Total: 113312 ns
[2025-05-27T02:32:23.823+0000][69][info ][safepoint   ] Safepoint "Cleanup", Time since last: 3002196977 ns, Reaching safepoint: 35386 ns, Cleanup: 45867 ns, At safepoint: 18813 ns, Total: 100066 ns
[2025-05-27T02:32:24.825+0000][69][info ][safepoint   ] Safepoint "Cleanup", Time since last: 1001568804 ns, Reaching safepoint: 40022 ns, Cleanup: 33929 ns, At safepoint: 21585 ns, Total: 95536 ns
[2025-05-27T02:32:25.826+0000][69][info ][safepoint   ] Safepoint "Cleanup", Time since last: 1001036944 ns, Reaching safepoint: 20885 ns, Cleanup: 17049 ns, At safepoint: 61746 ns, Total: 99680 ns
[2025-05-27T02:32:26.827+0000][69][info ][safepoint   ] Safepoint "Cleanup", Time since last: 1000937958 ns, Reaching safepoint: 29054 ns, Cleanup: 47330 ns, At safepoint: 16350 ns, Total: 92734 ns
[2025-05-27T02:32:27.828+0000][69][info ][safepoint   ] Safepoint "Cleanup", Time since last: 1001373610 ns, Reaching safepoint: 39804 ns, Cleanup: 29842 ns, At safepoint: 20992 ns, Total: 90638 ns
[2025-05-27T02:32:28.830+0000][69][info ][safepoint   ] Safepoint "Cleanup", Time since last: 1001694489 ns, Reaching safepoint: 28343 ns, Cleanup: 22312 ns, At safepoint: 15527 ns, Total: 66182 ns
[2025-05-27T02:32:30.100+0000][69][info ][safepoint   ] Safepoint "Cleanup", Time since last: 1270137484 ns, Reaching safepoint: 28159 ns, Cleanup: 22481 ns, At safepoint: 15952 ns, Total: 66592 ns
[2025-05-27T02:32:31.101+0000][69][info ][safepoint   ] Safepoint "Cleanup", Time since last: 1001051716 ns, Reaching safepoint: 65606 ns, Cleanup: 19746 ns, At safepoint: 13934 ns, Total: 99286 ns
[2025-05-27T02:32:32.102+0000][69][info ][safepoint   ] Safepoint "Cleanup", Time since last: 1000656348 ns, Reaching safepoint: 31113 ns, Cleanup: 24160 ns, At safepoint: 17013 ns, Total: 72286 ns
[2025-05-27T02:32:35.104+0000][69][info ][safepoint   ] Safepoint "Cleanup", Time since last: 3001353486 ns, Reaching safepoint: 46704 ns, Cleanup: 30856 ns, At safepoint: 24969 ns, Total: 102529 ns
[2025-05-27T02:32:36.106+0000][69][info ][safepoint   ] Safepoint "Cleanup", Time since last: 1001972002 ns, Reaching safepoint: 45318 ns, Cleanup: 58736 ns, At safepoint: 26328 ns, Total: 130382 ns
[2025-05-27T02:32:40.108+0000][69][info ][safepoint   ] Safepoint "Cleanup", Time since last: 4002383546 ns, Reaching safepoint: 17181 ns, Cleanup: 11541 ns, At safepoint: 6987 ns, Total: 35709 ns
[2025-05-27T02:32:41.110+0000][69][info ][safepoint   ] Safepoint "Cleanup", Time since last: 1001991727 ns, Reaching safepoint: 26433 ns, Cleanup: 26896 ns, At safepoint: 20230 ns, Total: 73559 ns
[2025-05-27T02:32:44.112+0000][69][info ][safepoint   ] Safepoint "Cleanup", Time since last: 3001540691 ns, Reaching safepoint: 17239 ns, Cleanup: 9924 ns, At safepoint: 7029 ns, Total: 34192 ns
[2025-05-27T02:32:46.113+0000][69][info ][safepoint   ] Safepoint "Cleanup", Time since last: 2001346371 ns, Reaching safepoint: 82287 ns, Cleanup: 43910 ns, At safepoint: 20813 ns, Total: 147010 ns
[2025-05-27T02:32:47.117+0000][69][info ][safepoint   ] Safepoint "Cleanup", Time since last: 1003305827 ns, Reaching safepoint: 23666 ns, Cleanup: 21076 ns, At safepoint: 11771 ns, Total: 56513 ns
[2025-05-27T02:32:48.118+0000][69][info ][safepoint   ] Safepoint "Cleanup", Time since last: 1001021769 ns, Reaching safepoint: 34125 ns, Cleanup: 18444 ns, At safepoint: 17855 ns, Total: 70424 ns
[2025-05-27T02:32:49.129+0000][69][info ][safepoint   ] Safepoint "Cleanup", Time since last: 1011176493 ns, Reaching safepoint: 22531 ns, Cleanup: 17755 ns, At safepoint: 11358 ns, Total: 51644 ns
[2025-05-27T02:32:50.130+0000][69][info ][safepoint   ] Safepoint "Cleanup", Time since last: 1000655148 ns, Reaching safepoint: 25649 ns, Cleanup: 74241 ns, At safepoint: 17195 ns, Total: 117085 ns
[2025-05-27T02:32:51.127+0000][69][info ][safepoint   ] Safepoint "Cleanup", Time since last: 1001273593 ns, Reaching safepoint: 26821 ns, Cleanup: 26743 ns, At safepoint: 13586 ns, Total: 67150 ns
[2025-05-27T02:32:53.130+0000][69][info ][safepoint   ] Safepoint "Cleanup", Time since last: 2003018975 ns, Reaching safepoint: 49658 ns, Cleanup: 42990 ns, At safepoint: 28041 ns, Total: 120689 ns
[2025-05-27T02:32:54.132+0000][69][info ][safepoint   ] Safepoint "Cleanup", Time since last: 1001476122 ns, Reaching safepoint: 35361 ns, Cleanup: 34589 ns, At safepoint: 22936 ns, Total: 92886 ns
[2025-05-27T02:32:55.133+0000][69][info ][safepoint   ] Safepoint "Cleanup", Time since last: 1001238080 ns, Reaching safepoint: 50506 ns, Cleanup: 26381 ns, At safepoint: 15399 ns, Total: 92286 ns
[2025-05-27T02:32:56.134+0000][69][info ][safepoint   ] Safepoint "Cleanup", Time since last: 1001175532 ns, Reaching safepoint: 30217 ns, Cleanup: 37109 ns, At safepoint: 13529 ns, Total: 80855 ns
[2025-05-27T02:32:58.137+0000][69][info ][safepoint   ] Safepoint "Cleanup", Time since last: 2003151584 ns, Reaching safepoint: 24542 ns, Cleanup: 22898 ns, At safepoint: 11080 ns, Total: 58520 ns
[2025-05-27T02:32:59.139+0000][69][info ][safepoint   ] Safepoint "Cleanup", Time since last: 1001166419 ns, Reaching safepoint: 16023 ns, Cleanup: 18340 ns, At safepoint: 7507 ns, Total: 41870 ns
[2025-05-27T02:33:01.140+0000][69][info ][safepoint   ] Safepoint "Cleanup", Time since last: 2000992113 ns, Reaching safepoint: 31281 ns, Cleanup: 30146 ns, At safepoint: 15451 ns, Total: 76878 ns
[2025-05-27T02:33:02.141+0000][69][info ][safepoint   ] Safepoint "Cleanup", Time since last: 1000906000 ns, Reaching safepoint: 153755 ns, Cleanup: 20734 ns, At safepoint: 42164 ns, Total: 216653 ns
[2025-05-27T02:33:04.142+0000][69][info ][safepoint   ] Safepoint "Cleanup", Time since last: 2001169244 ns, Reaching safepoint: 32332 ns, Cleanup: 30669 ns, At safepoint: 63116 ns, Total: 126117 ns
[2025-05-27T02:33:05.143+0000][69][info ][safepoint   ] Safepoint "Cleanup", Time since last: 1001116632 ns, Reaching safepoint: 14479 ns, Cleanup: 12035 ns, At safepoint: 6866 ns, Total: 33380 ns
[2025-05-27T02:33:06.144+0000][69][info ][safepoint   ] Safepoint "Cleanup", Time since last: 1000813339 ns, Reaching safepoint: 47611 ns, Cleanup: 23941 ns, At safepoint: 22676 ns, Total: 94228 ns
[2025-05-27T02:33:08.146+0000][69][info ][safepoint   ] Safepoint "Cleanup", Time since last: 2001822783 ns, Reaching safepoint: 18593 ns, Cleanup: 10318 ns, At safepoint: 7806 ns, Total: 36717 ns
[2025-05-27T02:33:10.147+0000][69][info ][safepoint   ] Safepoint "Cleanup", Time since last: 2000952014 ns, Reaching safepoint: 27392 ns, Cleanup: 21250 ns, At safepoint: 12293 ns, Total: 60935 ns
[2025-05-27T02:33:11.148+0000][69][info ][safepoint   ] Safepoint "Cleanup", Time since last: 1000671151 ns, Reaching safepoint: 31525 ns, Cleanup: 49607 ns, At safepoint: 19895 ns, Total: 101027 ns
[2025-05-27T02:33:14.149+0000][69][info ][safepoint   ] Safepoint "Cleanup", Time since last: 3001310432 ns, Reaching safepoint: 34958 ns, Cleanup: 79651 ns, At safepoint: 15934 ns, Total: 130543 ns
[2025-05-27T02:33:16.151+0000][69][info ][safepoint   ] Safepoint "Cleanup", Time since last: 2001436158 ns, Reaching safepoint: 102170 ns, Cleanup: 25606 ns, At safepoint: 10267 ns, Total: 138043 ns
[2025-05-27T02:33:17.152+0000][69][info ][safepoint   ] Safepoint "Cleanup", Time since last: 1000909565 ns, Reaching safepoint: 237638 ns, Cleanup: 22649 ns, At safepoint: 31698 ns, Total: 291985 ns
[2025-05-27T02:33:18.153+0000][69][info ][safepoint   ] Safepoint "Cleanup", Time since last: 1001116781 ns, Reaching safepoint: 236536 ns, Cleanup: 21958 ns, At safepoint: 21003 ns, Total: 279497 ns
[2025-05-27T02:33:20.067+0000][69][info ][safepoint   ] Safepoint "Cleanup", Time since last: 1913190163 ns, Reaching safepoint: 18314 ns, Cleanup: 18329 ns, At safepoint: 6659 ns, Total: 43302 ns
[2025-05-27T02:33:21.903+0000][69][info ][safepoint   ] Safepoint "Cleanup", Time since last: 1838675700 ns, Reaching safepoint: 16139 ns, Cleanup: 34540 ns, At safepoint: 31359 ns, Total: 82038 ns
[2025-05-27T02:33:23.904+0000][69][info ][safepoint   ] Safepoint "Cleanup", Time since last: 2001302447 ns, Reaching safepoint: 30358 ns, Cleanup: 34623 ns, At safepoint: 15968 ns, Total: 80949 ns
[2025-05-27T02:33:24.906+0000][69][info ][safepoint   ] Safepoint "Cleanup", Time since last: 1001330266 ns, Reaching safepoint: 129448 ns, Cleanup: 19102 ns, At safepoint: 43167 ns, Total: 191717 ns
[2025-05-27T02:33:25.907+0000][69][info ][safepoint   ] Safepoint "Cleanup", Time since last: 1000784457 ns, Reaching safepoint: 32576 ns, Cleanup: 32404 ns, At safepoint: 50952 ns, Total: 115932 ns
[2025-05-27T02:33:26.908+0000][69][info ][safepoint   ] Safepoint "Cleanup", Time since last: 1000913820 ns, Reaching safepoint: 14139 ns, Cleanup: 15664 ns, At safepoint: 6311 ns, Total: 36114 ns
[2025-05-27T02:33:28.909+0000][69][info ][safepoint   ] Safepoint "Cleanup", Time since last: 2001045752 ns, Reaching safepoint: 39597 ns, Cleanup: 31321 ns, At safepoint: 23058 ns, Total: 93976 ns
[2025-05-27T02:33:30.153+0000][69][info ][safepoint   ] Safepoint "Cleanup", Time since last: 1243587582 ns, Reaching safepoint: 43782 ns, Cleanup: 38494 ns, At safepoint: 23990 ns, Total: 106266 ns
[2025-05-27T02:33:31.155+0000][69][info ][safepoint   ] Safepoint "Cleanup", Time since last: 1001896537 ns, Reaching safepoint: 34119 ns, Cleanup: 36493 ns, At safepoint: 19276 ns, Total: 89888 ns
[2025-05-27T02:33:32.157+0000][69][info ][safepoint   ] Safepoint "Cleanup", Time since last: 1001908634 ns, Reaching safepoint: 92541 ns, Cleanup: 33157 ns, At safepoint: 21176 ns, Total: 146874 ns
[2025-05-27T02:33:35.159+0000][69][info ][safepoint   ] Safepoint "Cleanup", Time since last: 3001912977 ns, Reaching safepoint: 21989 ns, Cleanup: 42932 ns, At safepoint: 12001 ns, Total: 76922 ns
[2025-05-27T02:33:36.159+0000][69][info ][safepoint   ] Safepoint "Cleanup", Time since last: 1000593503 ns, Reaching safepoint: 21079 ns, Cleanup: 20087 ns, At safepoint: 11131 ns, Total: 52297 ns
[2025-05-27T02:33:38.160+0000][69][info ][safepoint   ] Safepoint "Cleanup", Time since last: 2000794498 ns, Reaching safepoint: 23269 ns, Cleanup: 20275 ns, At safepoint: 10523 ns, Total: 54067 ns
[2025-05-27T02:33:40.161+0000][69][info ][safepoint   ] Safepoint "Cleanup", Time since last: 2000671324 ns, Reaching safepoint: 15338 ns, Cleanup: 10287 ns, At safepoint: 6809 ns, Total: 32434 ns
[2025-05-27T02:33:41.162+0000][69][info ][safepoint   ] Safepoint "Cleanup", Time since last: 1000801699 ns, Reaching safepoint: 33046 ns, Cleanup: 33681 ns, At safepoint: 18471 ns, Total: 85198 ns
[2025-05-27T02:33:44.163+0000][69][info ][safepoint   ] Safepoint "Cleanup", Time since last: 3001393100 ns, Reaching safepoint: 28111 ns, Cleanup: 32083 ns, At safepoint: 16239 ns, Total: 76433 ns
[2025-05-27T02:33:46.165+0000][69][info ][safepoint   ] Safepoint "Cleanup", Time since last: 2001369928 ns, Reaching safepoint: 20427 ns, Cleanup: 16394 ns, At safepoint: 10827 ns, Total: 47648 ns
[2025-05-27T02:33:49.186+0000][69][info ][safepoint   ] Safepoint "Cleanup", Time since last: 3021363946 ns, Reaching safepoint: 132373 ns, Cleanup: 32479 ns, At safepoint: 23689 ns, Total: 188541 ns
[2025-05-27T02:33:50.188+0000][69][info ][safepoint   ] Safepoint "Cleanup", Time since last: 1001748191 ns, Reaching safepoint: 41407 ns, Cleanup: 35035 ns, At safepoint: 23856 ns, Total: 100298 ns
[2025-05-27T02:33:53.186+0000][69][info ][safepoint   ] Safepoint "Cleanup", Time since last: 3001656097 ns, Reaching safepoint: 28625 ns, Cleanup: 20110 ns, At safepoint: 15732 ns, Total: 64467 ns
[2025-05-27T02:33:54.187+0000][69][info ][safepoint   ] Safepoint "Cleanup", Time since last: 1000689063 ns, Reaching safepoint: 18074 ns, Cleanup: 17293 ns, At safepoint: 8189 ns, Total: 43556 ns
[2025-05-27T02:33:55.188+0000][69][info ][safepoint   ] Safepoint "Cleanup", Time since last: 1000935729 ns, Reaching safepoint: 18850 ns, Cleanup: 12552 ns, At safepoint: 8844 ns, Total: 40246 ns
[2025-05-27T02:33:56.189+0000][69][info ][safepoint   ] Safepoint "Cleanup", Time since last: 1001398211 ns, Reaching safepoint: 32177 ns, Cleanup: 18863 ns, At safepoint: 14934 ns, Total: 65974 ns
[2025-05-27T02:33:59.191+0000][69][info ][safepoint   ] Safepoint "Cleanup", Time since last: 3001463785 ns, Reaching safepoint: 33053 ns, Cleanup: 51508 ns, At safepoint: 15533 ns, Total: 100094 ns
[2025-05-27T02:34:01.202+0000][69][info ][safepoint   ] Safepoint "Cleanup", Time since last: 2011136329 ns, Reaching safepoint: 46943 ns, Cleanup: 30317 ns, At safepoint: 16066 ns, Total: 93326 ns
[2025-05-27T02:34:02.203+0000][69][info ][safepoint   ] Safepoint "Cleanup", Time since last: 1000935831 ns, Reaching safepoint: 17387 ns, Cleanup: 18646 ns, At safepoint: 8072 ns, Total: 44105 ns
[2025-05-27T02:34:03.204+0000][69][info ][safepoint   ] Safepoint "Cleanup", Time since last: 1001130085 ns, Reaching safepoint: 120553 ns, Cleanup: 35502 ns, At safepoint: 24730 ns, Total: 180785 ns
[2025-05-27T02:34:04.212+0000][69][info ][safepoint   ] Safepoint "Cleanup", Time since last: 1007529653 ns, Reaching safepoint: 29024 ns, Cleanup: 25888 ns, At safepoint: 15919 ns, Total: 70831 ns
[2025-05-27T02:34:06.213+0000][69][info ][safepoint   ] Safepoint "Cleanup", Time since last: 2001299672 ns, Reaching safepoint: 16045 ns, Cleanup: 20475 ns, At safepoint: 7441 ns, Total: 43961 ns
[2025-05-27T02:34:10.214+0000][69][info ][safepoint   ] Safepoint "Cleanup", Time since last: 4001350165 ns, Reaching safepoint: 35241 ns, Cleanup: 15057 ns, At safepoint: 17947 ns, Total: 68245 ns
[2025-05-27T02:34:11.215+0000][69][info ][safepoint   ] Safepoint "Cleanup", Time since last: 1000718222 ns, Reaching safepoint: 36839 ns, Cleanup: 38930 ns, At safepoint: 15423 ns, Total: 91192 ns
[2025-05-27T02:34:14.217+0000][69][info ][safepoint   ] Safepoint "Cleanup", Time since last: 3001637573 ns, Reaching safepoint: 63239 ns, Cleanup: 55094 ns, At safepoint: 18042 ns, Total: 136375 ns
[2025-05-27T02:34:16.218+0000][69][info ][safepoint   ] Safepoint "Cleanup", Time since last: 2001258435 ns, Reaching safepoint: 48453 ns, Cleanup: 16687 ns, At safepoint: 8785 ns, Total: 73925 ns
[2025-05-27T02:34:17.219+0000][69][info ][safepoint   ] Safepoint "Cleanup", Time since last: 1000685035 ns, Reaching safepoint: 47373 ns, Cleanup: 24981 ns, At safepoint: 16211 ns, Total: 88565 ns
[2025-05-27T02:34:19.221+0000][69][info ][safepoint   ] Safepoint "Cleanup", Time since last: 2001400998 ns, Reaching safepoint: 71351 ns, Cleanup: 28399 ns, At safepoint: 15908 ns, Total: 115658 ns
[2025-05-27T02:34:20.222+0000][69][info ][safepoint   ] Safepoint "Cleanup", Time since last: 1001174079 ns, Reaching safepoint: 26936 ns, Cleanup: 23330 ns, At safepoint: 16002 ns, Total: 66268 ns
[2025-05-27T02:34:21.220+0000][69][info ][safepoint   ] Safepoint "Cleanup", Time since last: 1001139890 ns, Reaching safepoint: 28236 ns, Cleanup: 33504 ns, At safepoint: 15996 ns, Total: 77736 ns
[2025-05-27T02:34:23.075+0000][69][info ][safepoint   ] Safepoint "Cleanup", Time since last: 1854358574 ns, Reaching safepoint: 85132 ns, Cleanup: 15342 ns, At safepoint: 37258 ns, Total: 137732 ns
[2025-05-27T02:34:24.951+0000][69][info ][safepoint   ] Safepoint "Cleanup", Time since last: 1876106981 ns, Reaching safepoint: 24562 ns, Cleanup: 43722 ns, At safepoint: 11855 ns, Total: 80139 ns
[2025-05-27T02:34:25.952+0000][69][info ][safepoint   ] Safepoint "Cleanup", Time since last: 1001181363 ns, Reaching safepoint: 16736 ns, Cleanup: 11426 ns, At safepoint: 8331 ns, Total: 36493 ns
[2025-05-27T02:34:26.954+0000][69][info ][safepoint   ] Safepoint "Cleanup", Time since last: 1002032379 ns, Reaching safepoint: 17239 ns, Cleanup: 11799 ns, At safepoint: 8317 ns, Total: 37355 ns
[2025-05-27T02:34:28.955+0000][69][info ][safepoint   ] Safepoint "Cleanup", Time since last: 2000966499 ns, Reaching safepoint: 17961 ns, Cleanup: 11595 ns, At safepoint: 7891 ns, Total: 37447 ns
[2025-05-27T02:34:30.198+0000][69][info ][safepoint   ] Safepoint "Cleanup", Time since last: 1242837778 ns, Reaching safepoint: 19202 ns, Cleanup: 13830 ns, At safepoint: 8410 ns, Total: 41442 ns
[2025-05-27T02:34:34.199+0000][69][info ][safepoint   ] Safepoint "Cleanup", Time since last: 4001146446 ns, Reaching safepoint: 124670 ns, Cleanup: 15253 ns, At safepoint: 17965 ns, Total: 157888 ns
[2025-05-27T02:34:35.200+0000][69][info ][safepoint   ] Safepoint "Cleanup", Time since last: 1000885751 ns, Reaching safepoint: 29380 ns, Cleanup: 14553 ns, At safepoint: 15922 ns, Total: 59855 ns
[2025-05-27T02:34:36.201+0000][69][info ][safepoint   ] Safepoint "Cleanup", Time since last: 1000724839 ns, Reaching safepoint: 28918 ns, Cleanup: 18755 ns, At safepoint: 15724 ns, Total: 63397 ns
[2025-05-27T02:34:38.202+0000][69][info ][safepoint   ] Safepoint "Cleanup", Time since last: 2000997401 ns, Reaching safepoint: 23286 ns, Cleanup: 16579 ns, At safepoint: 9637 ns, Total: 49502 ns
[2025-05-27T02:34:39.203+0000][69][info ][safepoint   ] Safepoint "Cleanup", Time since last: 1000669404 ns, Reaching safepoint: 29478 ns, Cleanup: 14203 ns, At safepoint: 16017 ns, Total: 59698 ns
[2025-05-27T02:34:44.204+0000][69][info ][safepoint   ] Safepoint "Cleanup", Time since last: 5001547340 ns, Reaching safepoint: 27251 ns, Cleanup: 16501 ns, At safepoint: 10874 ns, Total: 54626 ns
[2025-05-27T02:34:46.205+0000][69][info ][safepoint   ] Safepoint "Cleanup", Time since last: 2000846616 ns, Reaching safepoint: 29053 ns, Cleanup: 22447 ns, At safepoint: 16033 ns, Total: 67533 ns
[2025-05-27T02:34:47.206+0000][69][info ][safepoint   ] Safepoint "Cleanup", Time since last: 1000570262 ns, Reaching safepoint: 17554 ns, Cleanup: 12336 ns, At safepoint: 7605 ns, Total: 37495 ns
[2025-05-27T02:34:51.205+0000][69][info ][safepoint   ] Safepoint "Cleanup", Time since last: 4001071370 ns, Reaching safepoint: 20076 ns, Cleanup: 14122 ns, At safepoint: 8250 ns, Total: 42448 ns
[2025-05-27T02:34:54.206+0000][69][info ][safepoint   ] Safepoint "Cleanup", Time since last: 3000857861 ns, Reaching safepoint: 32425 ns, Cleanup: 34619 ns, At safepoint: 18631 ns, Total: 85675 ns
[2025-05-27T02:34:55.206+0000][69][info ][safepoint   ] Safepoint "Cleanup", Time since last: 1000735891 ns, Reaching safepoint: 27185 ns, Cleanup: 15239 ns, At safepoint: 15159 ns, Total: 57583 ns
[2025-05-27T02:34:56.207+0000][69][info ][safepoint   ] Safepoint "Cleanup", Time since last: 1000719864 ns, Reaching safepoint: 27899 ns, Cleanup: 76118 ns, At safepoint: 17249 ns, Total: 121266 ns
[2025-05-27T02:34:59.208+0000][69][info ][safepoint   ] Safepoint "Cleanup", Time since last: 3001012922 ns, Reaching safepoint: 16716 ns, Cleanup: 28026 ns, At safepoint: 8129 ns, Total: 52871 ns
[2025-05-27T02:35:00.209+0000][69][info ][safepoint   ] Safepoint "Cleanup", Time since last: 1000671354 ns, Reaching safepoint: 25818 ns, Cleanup: 21781 ns, At safepoint: 14562 ns, Total: 62161 ns
[2025-05-27T02:35:01.210+0000][69][info ][safepoint   ] Safepoint "Cleanup", Time since last: 1000860709 ns, Reaching safepoint: 28096 ns, Cleanup: 28724 ns, At safepoint: 15535 ns, Total: 72355 ns
[2025-05-27T02:35:02.211+0000][69][info ][safepoint   ] Safepoint "Cleanup", Time since last: 1000585064 ns, Reaching safepoint: 26166 ns, Cleanup: 36250 ns, At safepoint: 10634 ns, Total: 73050 ns
[2025-05-27T02:35:04.212+0000][69][info ][safepoint   ] Safepoint "Cleanup", Time since last: 2000849207 ns, Reaching safepoint: 60087 ns, Cleanup: 15958 ns, At safepoint: 28224 ns, Total: 104269 ns
[2025-05-27T02:35:05.042+0000][69][info ][gc,start    ] GC(13) Pause Young (Concurrent Start) (CodeCache GC Threshold)
[2025-05-27T02:35:05.043+0000][69][info ][gc,task     ] GC(13) Using 10 workers of 10 for evacuation
[2025-05-27T02:35:05.043+0000][69][debug][gc,age      ] GC(13) Desired survivor size 153092096 bytes, new threshold 15 (max threshold 15)
[2025-05-27T02:35:05.172+0000][69][info ][gc,phases   ] GC(13)   Pre Evacuate Collection Set: 2.34ms
[2025-05-27T02:35:05.173+0000][69][info ][gc,phases   ] GC(13)   Merge Heap Roots: 2.24ms
[2025-05-27T02:35:05.173+0000][69][info ][gc,phases   ] GC(13)   Evacuate Collection Set: 114.28ms
[2025-05-27T02:35:05.174+0000][69][info ][gc,phases   ] GC(13)   Post Evacuate Collection Set: 7.62ms
[2025-05-27T02:35:05.174+0000][69][info ][gc,phases   ] GC(13)   Other: 2.88ms
[2025-05-27T02:35:05.175+0000][69][trace][gc,age      ] GC(13) Age table with threshold 15 (max threshold 15)
[2025-05-27T02:35:05.175+0000][69][trace][gc,age      ] GC(13) - age   1:   43424472 bytes,   43424472 total
[2025-05-27T02:35:05.175+0000][69][trace][gc,age      ] GC(13) - age   2:   20511744 bytes,   63936216 total
[2025-05-27T02:35:05.176+0000][69][trace][gc,age      ] GC(13) - age   3:      41856 bytes,   63978072 total
[2025-05-27T02:35:05.176+0000][69][trace][gc,age      ] GC(13) - age   4:      47760 bytes,   64025832 total
[2025-05-27T02:35:05.177+0000][69][trace][gc,age      ] GC(13) - age   5:   14276944 bytes,   78302776 total
[2025-05-27T02:35:05.177+0000][69][trace][gc,age      ] GC(13) - age   6:    3235408 bytes,   81538184 total
[2025-05-27T02:35:05.178+0000][69][trace][gc,age      ] GC(13) - age   7:    3428000 bytes,   84966184 total
[2025-05-27T02:35:05.178+0000][69][trace][gc,age      ] GC(13) - age   8:    4153136 bytes,   89119320 total
[2025-05-27T02:35:05.179+0000][69][trace][gc,age      ] GC(13) - age   9:    4197736 bytes,   93317056 total
[2025-05-27T02:35:05.179+0000][69][info ][gc,heap     ] GC(13) Eden regions: 333->0(247)
[2025-05-27T02:35:05.180+0000][69][info ][gc,heap     ] GC(13) Survivor regions: 13->25(73)
[2025-05-27T02:35:05.181+0000][69][info ][gc,heap     ] GC(13) Old regions: 3->3
[2025-05-27T02:35:05.181+0000][69][info ][gc,heap     ] GC(13) Humongous regions: 0->0
[2025-05-27T02:35:05.182+0000][69][info ][gc,metaspace] GC(13) Metaspace: 141087K(145152K)->141087K(145152K) NonClass: 121463K(123648K)->121463K(123648K) Class: 19623K(21504K)->19623K(21504K)
[2025-05-27T02:35:05.182+0000][69][info ][gc          ] GC(13) Pause Young (Concurrent Start) (CodeCache GC Threshold) 1394M->108M(3880M) 140.569ms
[2025-05-27T02:35:05.183+0000][69][info ][gc          ] GC(14) Concurrent Mark Cycle
[2025-05-27T02:35:05.183+0000][69][info ][gc,marking  ] GC(14) Concurrent Scan Root Regions
[2025-05-27T02:35:05.183+0000][69][info ][gc,cpu      ] GC(13) User=1.08s Sys=0.04s Real=0.14s
[2025-05-27T02:35:05.184+0000][69][info ][safepoint   ] Safepoint "G1TryInitiateConcMark", Time since last: 829687403 ns, Reaching safepoint: 26074 ns, Cleanup: 14698 ns, At safepoint: 142981607 ns, Total: 143022379 ns
[2025-05-27T02:35:05.203+0000][69][info ][gc,marking  ] GC(14) Concurrent Scan Root Regions 19.475ms
[2025-05-27T02:35:05.203+0000][69][info ][gc,marking  ] GC(14) Concurrent Mark
[2025-05-27T02:35:05.204+0000][69][info ][gc,marking  ] GC(14) Concurrent Mark From Roots
[2025-05-27T02:35:05.204+0000][69][info ][gc,task     ] GC(14) Using 3 workers of 3 for marking
[2025-05-27T02:35:05.212+0000][69][info ][gc,marking  ] GC(14) Concurrent Mark From Roots 8.436ms
[2025-05-27T02:35:05.213+0000][69][info ][gc,marking  ] GC(14) Concurrent Preclean
[2025-05-27T02:35:05.213+0000][69][info ][gc,marking  ] GC(14) Concurrent Preclean 0.522ms
[2025-05-27T02:35:05.214+0000][69][info ][gc,start    ] GC(14) Pause Remark
[2025-05-27T02:35:05.226+0000][69][info ][gc          ] GC(14) Pause Remark 119M->119M(3880M) 12.403ms
[2025-05-27T02:35:05.227+0000][69][info ][gc,cpu      ] GC(14) User=0.08s Sys=0.02s Real=0.02s
[2025-05-27T02:35:05.227+0000][69][info ][safepoint   ] Safepoint "G1PauseRemark", Time since last: 29260693 ns, Reaching safepoint: 217744 ns, Cleanup: 6647 ns, At safepoint: 13376699 ns, Total: 13601090 ns
[2025-05-27T02:35:05.228+0000][69][info ][gc,marking  ] GC(14) Concurrent Mark 24.276ms
[2025-05-27T02:35:05.228+0000][69][info ][gc,marking  ] GC(14) Concurrent Rebuild Remembered Sets and Scrub Regions
[2025-05-27T02:35:05.232+0000][69][info ][gc,marking  ] GC(14) Concurrent Rebuild Remembered Sets and Scrub Regions 3.739ms
[2025-05-27T02:35:05.232+0000][69][info ][gc,start    ] GC(14) Pause Cleanup
[2025-05-27T02:35:05.234+0000][69][info ][gc          ] GC(14) Pause Cleanup 119M->119M(3880M) 1.430ms
[2025-05-27T02:35:05.234+0000][69][info ][gc,cpu      ] GC(14) User=0.00s Sys=0.00s Real=0.01s
[2025-05-27T02:35:05.235+0000][69][info ][safepoint   ] Safepoint "G1PauseCleanup", Time since last: 4947317 ns, Reaching safepoint: 135571 ns, Cleanup: 28604 ns, At safepoint: 2534241 ns, Total: 2698416 ns
[2025-05-27T02:35:05.235+0000][69][info ][gc,marking  ] GC(14) Concurrent Clear Claimed Marks
[2025-05-27T02:35:05.236+0000][69][info ][gc,marking  ] GC(14) Concurrent Clear Claimed Marks 0.849ms
[2025-05-27T02:35:05.237+0000][69][info ][gc,marking  ] GC(14) Concurrent Cleanup for Next Mark
[2025-05-27T02:35:05.304+0000][69][info ][gc,marking  ] GC(14) Concurrent Cleanup for Next Mark 67.606ms
[2025-05-27T02:35:05.305+0000][69][info ][gc          ] GC(14) Concurrent Mark Cycle 121.919ms
[2025-05-27T02:35:06.235+0000][69][info ][safepoint   ] Safepoint "Cleanup", Time since last: 1000576799 ns, Reaching safepoint: 25544 ns, Cleanup: 22786 ns, At safepoint: 14691 ns, Total: 63021 ns
[2025-05-27T02:35:08.236+0000][69][info ][safepoint   ] Safepoint "Cleanup", Time since last: 2000833722 ns, Reaching safepoint: 19811 ns, Cleanup: 13398 ns, At safepoint: 9383 ns, Total: 42592 ns
[2025-05-27T02:35:10.237+0000][69][info ][safepoint   ] Safepoint "Cleanup", Time since last: 2000935072 ns, Reaching safepoint: 27056 ns, Cleanup: 15951 ns, At safepoint: 14469 ns, Total: 57476 ns
[2025-05-27T02:35:11.238+0000][69][info ][safepoint   ] Safepoint "Cleanup", Time since last: 1000669776 ns, Reaching safepoint: 30855 ns, Cleanup: 22409 ns, At safepoint: 18003 ns, Total: 71267 ns
[2025-05-27T02:35:14.039+0000][69][info ][safepoint   ] Safepoint "Cleanup", Time since last: 2800980373 ns, Reaching safepoint: 133713 ns, Cleanup: 34277 ns, At safepoint: 53072 ns, Total: 221062 ns
[2025-05-27T02:35:15.976+0000][69][info ][safepoint   ] Safepoint "Cleanup", Time since last: 1936553776 ns, Reaching safepoint: 37219 ns, Cleanup: 82085 ns, At safepoint: 19464 ns, Total: 138768 ns
[2025-05-27T02:35:18.977+0000][69][info ][safepoint   ] Safepoint "Cleanup", Time since last: 3001212340 ns, Reaching safepoint: 33874 ns, Cleanup: 23946 ns, At safepoint: 17352 ns, Total: 75172 ns
[2025-05-27T02:35:20.578+0000][69][info ][safepoint   ] Safepoint "Cleanup", Time since last: 1600392459 ns, Reaching safepoint: 140919 ns, Cleanup: 25977 ns, At safepoint: 46704 ns, Total: 213600 ns
[2025-05-27T02:35:22.036+0000][69][info ][safepoint   ] Safepoint "Cleanup", Time since last: 1462340916 ns, Reaching safepoint: 17643 ns, Cleanup: 19401 ns, At safepoint: 8537 ns, Total: 45581 ns
[2025-05-27T02:35:23.037+0000][69][info ][safepoint   ] Safepoint "Cleanup", Time since last: 1000759752 ns, Reaching safepoint: 28864 ns, Cleanup: 18807 ns, At safepoint: 16481 ns, Total: 64152 ns
[2025-05-27T02:35:25.038+0000][69][info ][safepoint   ] Safepoint "Cleanup", Time since last: 2000757621 ns, Reaching safepoint: 15784 ns, Cleanup: 12122 ns, At safepoint: 7685 ns, Total: 35591 ns
[2025-05-27T02:35:26.041+0000][69][info ][safepoint   ] Safepoint "Cleanup", Time since last: 1003158836 ns, Reaching safepoint: 13725 ns, Cleanup: 22464 ns, At safepoint: 19977 ns, Total: 56166 ns
[2025-05-27T02:35:27.043+0000][69][info ][safepoint   ] Safepoint "Cleanup", Time since last: 1001481185 ns, Reaching safepoint: 16843 ns, Cleanup: 48102 ns, At safepoint: 66524 ns, Total: 131469 ns
[2025-05-27T02:35:28.043+0000][69][info ][safepoint   ] Safepoint "Cleanup", Time since last: 1000211177 ns, Reaching safepoint: 5653 ns, Cleanup: 30894 ns, At safepoint: 12551 ns, Total: 49098 ns
[2025-05-27T02:35:29.044+0000][69][info ][safepoint   ] Safepoint "Cleanup", Time since last: 1000636637 ns, Reaching safepoint: 32195 ns, Cleanup: 30353 ns, At safepoint: 90100 ns, Total: 152648 ns
[2025-05-27T02:35:31.234+0000][69][info ][safepoint   ] Safepoint "Cleanup", Time since last: 2190459967 ns, Reaching safepoint: 29258 ns, Cleanup: 24269 ns, At safepoint: 18419 ns, Total: 71946 ns
[2025-05-27T02:35:32.235+0000][69][info ][safepoint   ] Safepoint "Cleanup", Time since last: 1000972001 ns, Reaching safepoint: 24752 ns, Cleanup: 14800 ns, At safepoint: 10617 ns, Total: 50169 ns
[2025-05-27T02:35:37.237+0000][69][info ][safepoint   ] Safepoint "Cleanup", Time since last: 5001356764 ns, Reaching safepoint: 65502 ns, Cleanup: 15267 ns, At safepoint: 15245 ns, Total: 96014 ns
[2025-05-27T02:35:39.237+0000][69][info ][safepoint   ] Safepoint "Cleanup", Time since last: 2000737904 ns, Reaching safepoint: 17949 ns, Cleanup: 13853 ns, At safepoint: 8267 ns, Total: 40069 ns
[2025-05-27T02:35:41.238+0000][69][info ][safepoint   ] Safepoint "Cleanup", Time since last: 2000760838 ns, Reaching safepoint: 23522 ns, Cleanup: 22082 ns, At safepoint: 10518 ns, Total: 56122 ns
[2025-05-27T02:35:44.240+0000][69][info ][safepoint   ] Safepoint "Cleanup", Time since last: 3001185250 ns, Reaching safepoint: 29588 ns, Cleanup: 27755 ns, At safepoint: 17894 ns, Total: 75237 ns
[2025-05-27T02:35:46.241+0000][69][info ][safepoint   ] Safepoint "Cleanup", Time since last: 2000906348 ns, Reaching safepoint: 30157 ns, Cleanup: 22568 ns, At safepoint: 16466 ns, Total: 69191 ns
[2025-05-27T02:35:50.242+0000][69][info ][safepoint   ] Safepoint "Cleanup", Time since last: 4001073222 ns, Reaching safepoint: 37412 ns, Cleanup: 16007 ns, At safepoint: 9202 ns, Total: 62621 ns
[2025-05-27T02:35:53.240+0000][69][info ][safepoint   ] Safepoint "Cleanup", Time since last: 3001035217 ns, Reaching safepoint: 29150 ns, Cleanup: 23412 ns, At safepoint: 15233 ns, Total: 67795 ns
[2025-05-27T02:35:56.242+0000][69][info ][safepoint   ] Safepoint "Cleanup", Time since last: 3001058981 ns, Reaching safepoint: 40970 ns, Cleanup: 26314 ns, At safepoint: 15668 ns, Total: 82952 ns
[2025-05-27T02:35:59.243+0000][69][info ][safepoint   ] Safepoint "Cleanup", Time since last: 3001313051 ns, Reaching safepoint: 28426 ns, Cleanup: 21553 ns, At safepoint: 15835 ns, Total: 65814 ns
[2025-05-27T02:36:01.244+0000][69][info ][safepoint   ] Safepoint "Cleanup", Time since last: 2000876176 ns, Reaching safepoint: 29564 ns, Cleanup: 18515 ns, At safepoint: 15855 ns, Total: 63934 ns
[2025-05-27T02:36:06.246+0000][69][info ][safepoint   ] Safepoint "Cleanup", Time since last: 5001502698 ns, Reaching safepoint: 61710 ns, Cleanup: 21058 ns, At safepoint: 83846 ns, Total: 166614 ns
[2025-05-27T02:36:08.247+0000][69][info ][safepoint   ] Safepoint "Cleanup", Time since last: 2001048063 ns, Reaching safepoint: 33060 ns, Cleanup: 21414 ns, At safepoint: 16442 ns, Total: 70916 ns
[2025-05-27T02:36:10.248+0000][69][info ][safepoint   ] Safepoint "Cleanup", Time since last: 2000833048 ns, Reaching safepoint: 27785 ns, Cleanup: 16394 ns, At safepoint: 15277 ns, Total: 59456 ns
[2025-05-27T02:36:11.249+0000][69][info ][safepoint   ] Safepoint "Cleanup", Time since last: 1000861426 ns, Reaching safepoint: 32238 ns, Cleanup: 28454 ns, At safepoint: 19223 ns, Total: 79915 ns
[2025-05-27T02:36:14.250+0000][69][info ][safepoint   ] Safepoint "Cleanup", Time since last: 3001062889 ns, Reaching safepoint: 30378 ns, Cleanup: 33713 ns, At safepoint: 16131 ns, Total: 80222 ns
[2025-05-27T02:36:16.251+0000][69][info ][safepoint   ] Safepoint "Cleanup", Time since last: 2001171026 ns, Reaching safepoint: 26986 ns, Cleanup: 26309 ns, At safepoint: 15542 ns, Total: 68837 ns
[2025-05-27T02:36:17.252+0000][69][info ][safepoint   ] Safepoint "Cleanup", Time since last: 1000680433 ns, Reaching safepoint: 31645 ns, Cleanup: 19860 ns, At safepoint: 19210 ns, Total: 70715 ns
[2025-05-27T02:36:20.253+0000][69][info ][safepoint   ] Safepoint "Cleanup", Time since last: 3001166415 ns, Reaching safepoint: 16998 ns, Cleanup: 20271 ns, At safepoint: 8112 ns, Total: 45381 ns
[2025-05-27T02:36:21.251+0000][69][info ][safepoint   ] Safepoint "Cleanup", Time since last: 1000877405 ns, Reaching safepoint: 64179 ns, Cleanup: 19402 ns, At safepoint: 16755 ns, Total: 100336 ns
[2025-05-27T02:36:23.252+0000][69][info ][safepoint   ] Safepoint "Cleanup", Time since last: 2001021500 ns, Reaching safepoint: 30827 ns, Cleanup: 20384 ns, At safepoint: 16445 ns, Total: 67656 ns
[2025-05-27T02:36:24.253+0000][69][info ][safepoint   ] Safepoint "Cleanup", Time since last: 1000780605 ns, Reaching safepoint: 26929 ns, Cleanup: 18734 ns, At safepoint: 14587 ns, Total: 60250 ns
[2025-05-27T02:36:25.254+0000][69][info ][safepoint   ] Safepoint "Cleanup", Time since last: 1000631176 ns, Reaching safepoint: 26418 ns, Cleanup: 19119 ns, At safepoint: 13900 ns, Total: 59437 ns
[2025-05-27T02:36:26.254+0000][69][info ][safepoint   ] Safepoint "Cleanup", Time since last: 1000712972 ns, Reaching safepoint: 18229 ns, Cleanup: 14746 ns, At safepoint: 8355 ns, Total: 41330 ns
[2025-05-27T02:36:29.057+0000][69][info ][safepoint   ] Safepoint "Cleanup", Time since last: 2802452527 ns, Reaching safepoint: 6474 ns, Cleanup: 31844 ns, At safepoint: 15661 ns, Total: 53979 ns
[2025-05-27T02:36:30.063+0000][69][info ][safepoint   ] Safepoint "Cleanup", Time since last: 1005861119 ns, Reaching safepoint: 12533 ns, Cleanup: 29059 ns, At safepoint: 77810 ns, Total: 119402 ns
[2025-05-27T02:36:31.071+0000][69][info ][safepoint   ] Safepoint "Cleanup", Time since last: 1008053302 ns, Reaching safepoint: 28063 ns, Cleanup: 23076 ns, At safepoint: 14988 ns, Total: 66127 ns
[2025-05-27T02:36:33.072+0000][69][info ][safepoint   ] Safepoint "Cleanup", Time since last: 2000956499 ns, Reaching safepoint: 28054 ns, Cleanup: 15117 ns, At safepoint: 15298 ns, Total: 58469 ns
[2025-05-27T02:36:34.073+0000][69][info ][safepoint   ] Safepoint "Cleanup", Time since last: 1000852033 ns, Reaching safepoint: 113992 ns, Cleanup: 23160 ns, At safepoint: 17229 ns, Total: 154381 ns
[2025-05-27T02:36:36.074+0000][69][info ][safepoint   ] Safepoint "Cleanup", Time since last: 2000869033 ns, Reaching safepoint: 16505 ns, Cleanup: 13484 ns, At safepoint: 7721 ns, Total: 37710 ns
[2025-05-27T02:36:38.075+0000][69][info ][safepoint   ] Safepoint "Cleanup", Time since last: 2000797117 ns, Reaching safepoint: 301959 ns, Cleanup: 26902 ns, At safepoint: 17964 ns, Total: 346825 ns
[2025-05-27T02:36:39.076+0000][69][info ][safepoint   ] Safepoint "Cleanup", Time since last: 1000854561 ns, Reaching safepoint: 27401 ns, Cleanup: 15587 ns, At safepoint: 15298 ns, Total: 58286 ns
[2025-05-27T02:36:41.077+0000][69][info ][safepoint   ] Safepoint "Cleanup", Time since last: 2000967632 ns, Reaching safepoint: 28229 ns, Cleanup: 18698 ns, At safepoint: 15134 ns, Total: 62061 ns
[2025-05-27T02:36:44.078+0000][69][info ][safepoint   ] Safepoint "Cleanup", Time since last: 3001016679 ns, Reaching safepoint: 28086 ns, Cleanup: 21248 ns, At safepoint: 15414 ns, Total: 64748 ns
[2025-05-27T02:36:46.079+0000][69][info ][safepoint   ] Safepoint "Cleanup", Time since last: 2000983786 ns, Reaching safepoint: 28491 ns, Cleanup: 15752 ns, At safepoint: 17158 ns, Total: 61401 ns
[2025-05-27T02:36:47.080+0000][69][info ][safepoint   ] Safepoint "Cleanup", Time since last: 1000847382 ns, Reaching safepoint: 31494 ns, Cleanup: 19054 ns, At safepoint: 16993 ns, Total: 67541 ns
[2025-05-27T02:36:51.078+0000][69][info ][safepoint   ] Safepoint "Cleanup", Time since last: 4001284474 ns, Reaching safepoint: 30587 ns, Cleanup: 23958 ns, At safepoint: 16786 ns, Total: 71331 ns
[2025-05-27T02:36:54.079+0000][69][info ][safepoint   ] Safepoint "Cleanup", Time since last: 3000806702 ns, Reaching safepoint: 209363 ns, Cleanup: 15200 ns, At safepoint: 16299 ns, Total: 240862 ns
[2025-05-27T02:36:56.080+0000][69][info ][safepoint   ] Safepoint "Cleanup", Time since last: 2000747012 ns, Reaching safepoint: 19124 ns, Cleanup: 14584 ns, At safepoint: 8798 ns, Total: 42506 ns
[2025-05-27T02:36:59.081+0000][69][info ][safepoint   ] Safepoint "Cleanup", Time since last: 3000976607 ns, Reaching safepoint: 29647 ns, Cleanup: 87021 ns, At safepoint: 20669 ns, Total: 137337 ns
[2025-05-27T02:37:00.082+0000][69][info ][safepoint   ] Safepoint "Cleanup", Time since last: 1000575174 ns, Reaching safepoint: 16595 ns, Cleanup: 12639 ns, At safepoint: 7887 ns, Total: 37121 ns
[2025-05-27T02:37:11.084+0000][69][info ][safepoint   ] Safepoint "Cleanup", Time since last: 11002315885 ns, Reaching safepoint: 28637 ns, Cleanup: 19845 ns, At safepoint: 18934 ns, Total: 67416 ns
[2025-05-27T02:37:14.086+0000][69][info ][safepoint   ] Safepoint "Cleanup", Time since last: 3001245078 ns, Reaching safepoint: 26517 ns, Cleanup: 24039 ns, At safepoint: 15035 ns, Total: 65591 ns
[2025-05-27T02:37:16.087+0000][69][info ][safepoint   ] Safepoint "Cleanup", Time since last: 2001044716 ns, Reaching safepoint: 30053 ns, Cleanup: 23042 ns, At safepoint: 16828 ns, Total: 69923 ns
[2025-05-27T02:37:20.088+0000][69][info ][safepoint   ] Safepoint "Cleanup", Time since last: 4001495920 ns, Reaching safepoint: 28130 ns, Cleanup: 13712 ns, At safepoint: 15228 ns, Total: 57070 ns
[2025-05-27T02:37:21.086+0000][69][info ][safepoint   ] Safepoint "Cleanup", Time since last: 1000814075 ns, Reaching safepoint: 26735 ns, Cleanup: 17635 ns, At safepoint: 14885 ns, Total: 59255 ns
[2025-05-27T02:37:24.088+0000][69][info ][safepoint   ] Safepoint "Cleanup", Time since last: 3001047784 ns, Reaching safepoint: 66297 ns, Cleanup: 17773 ns, At safepoint: 15629 ns, Total: 99699 ns
[2025-05-27T02:37:26.089+0000][69][info ][safepoint   ] Safepoint "Cleanup", Time since last: 2001145519 ns, Reaching safepoint: 27859 ns, Cleanup: 20510 ns, At safepoint: 15938 ns, Total: 64307 ns
[2025-05-27T02:37:29.090+0000][69][info ][safepoint   ] Safepoint "Cleanup", Time since last: 3001190431 ns, Reaching safepoint: 29062 ns, Cleanup: 34650 ns, At safepoint: 15683 ns, Total: 79395 ns
[2025-05-27T02:37:30.091+0000][69][info ][safepoint   ] Safepoint "Cleanup", Time since last: 1000921138 ns, Reaching safepoint: 26635 ns, Cleanup: 19116 ns, At safepoint: 15468 ns, Total: 61219 ns
[2025-05-27T02:37:31.092+0000][69][info ][safepoint   ] Safepoint "Cleanup", Time since last: 1000735501 ns, Reaching safepoint: 26069 ns, Cleanup: 15520 ns, At safepoint: 14997 ns, Total: 56586 ns
[2025-05-27T02:37:33.078+0000][69][info ][safepoint   ] Safepoint "Cleanup", Time since last: 1985573210 ns, Reaching safepoint: 92445 ns, Cleanup: 149143 ns, At safepoint: 83165 ns, Total: 324753 ns
[2025-05-27T02:37:34.121+0000][69][info ][safepoint   ] Safepoint "Cleanup", Time since last: 1042992259 ns, Reaching safepoint: 27016 ns, Cleanup: 20464 ns, At safepoint: 15290 ns, Total: 62770 ns
[2025-05-27T02:37:35.121+0000][69][info ][safepoint   ] Safepoint "Cleanup", Time since last: 1000489603 ns, Reaching safepoint: 19368 ns, Cleanup: 12932 ns, At safepoint: 24495 ns, Total: 56795 ns
[2025-05-27T02:37:36.122+0000][69][info ][safepoint   ] Safepoint "Cleanup", Time since last: 1000600297 ns, Reaching safepoint: 96813 ns, Cleanup: 14922 ns, At safepoint: 33034 ns, Total: 144769 ns
[2025-05-27T02:37:41.123+0000][69][info ][safepoint   ] Safepoint "Cleanup", Time since last: 5001196982 ns, Reaching safepoint: 15000 ns, Cleanup: 13190 ns, At safepoint: 6857 ns, Total: 35047 ns
[2025-05-27T02:37:44.124+0000][69][info ][safepoint   ] Safepoint "Cleanup", Time since last: 3000828457 ns, Reaching safepoint: 26896 ns, Cleanup: 17892 ns, At safepoint: 16075 ns, Total: 60863 ns
[2025-05-27T02:37:51.122+0000][69][info ][safepoint   ] Safepoint "Cleanup", Time since last: 7001636239 ns, Reaching safepoint: 27801 ns, Cleanup: 26836 ns, At safepoint: 14896 ns, Total: 69533 ns
[2025-05-27T02:37:54.123+0000][69][info ][safepoint   ] Safepoint "Cleanup", Time since last: 3000957563 ns, Reaching safepoint: 64763 ns, Cleanup: 17236 ns, At safepoint: 16438 ns, Total: 98437 ns
[2025-05-27T02:37:55.124+0000][69][info ][safepoint   ] Safepoint "Cleanup", Time since last: 1000636515 ns, Reaching safepoint: 26894 ns, Cleanup: 16033 ns, At safepoint: 16179 ns, Total: 59106 ns
[2025-05-27T02:37:56.125+0000][69][info ][safepoint   ] Safepoint "Cleanup", Time since last: 1000581115 ns, Reaching safepoint: 17570 ns, Cleanup: 16666 ns, At safepoint: 43206 ns, Total: 77442 ns
[2025-05-27T02:38:01.126+0000][69][info ][safepoint   ] Safepoint "Cleanup", Time since last: 5001257716 ns, Reaching safepoint: 27574 ns, Cleanup: 16094 ns, At safepoint: 15236 ns, Total: 58904 ns
[2025-05-27T02:38:11.128+0000][69][info ][safepoint   ] Safepoint "Cleanup", Time since last: 10002143444 ns, Reaching safepoint: 74471 ns, Cleanup: 25259 ns, At safepoint: 19199 ns, Total: 118929 ns
[2025-05-27T02:38:14.129+0000][69][info ][safepoint   ] Safepoint "Cleanup", Time since last: 3000901892 ns, Reaching safepoint: 25191 ns, Cleanup: 35330 ns, At safepoint: 11808 ns, Total: 72329 ns
[2025-05-27T02:38:16.130+0000][69][info ][safepoint   ] Safepoint "Cleanup", Time since last: 2000783762 ns, Reaching safepoint: 23910 ns, Cleanup: 16373 ns, At safepoint: 10435 ns, Total: 50718 ns
[2025-05-27T02:38:19.131+0000][69][info ][safepoint   ] Safepoint "Cleanup", Time since last: 3000961452 ns, Reaching safepoint: 23123 ns, Cleanup: 16466 ns, At safepoint: 7945 ns, Total: 47534 ns
[2025-05-27T02:38:20.132+0000][69][info ][safepoint   ] Safepoint "Cleanup", Time since last: 1000540289 ns, Reaching safepoint: 27791 ns, Cleanup: 13972 ns, At safepoint: 8375 ns, Total: 50138 ns
[2025-05-27T02:38:23.130+0000][69][info ][safepoint   ] Safepoint "Cleanup", Time since last: 3000948761 ns, Reaching safepoint: 27819 ns, Cleanup: 21259 ns, At safepoint: 15409 ns, Total: 64487 ns
[2025-05-27T02:38:24.131+0000][69][info ][safepoint   ] Safepoint "Cleanup", Time since last: 1000756453 ns, Reaching safepoint: 61937 ns, Cleanup: 15118 ns, At safepoint: 29527 ns, Total: 106582 ns
[2025-05-27T02:38:25.132+0000][69][info ][safepoint   ] Safepoint "Cleanup", Time since last: 1000652955 ns, Reaching safepoint: 28406 ns, Cleanup: 17740 ns, At safepoint: 79960 ns, Total: 126106 ns
[2025-05-27T02:38:26.133+0000][69][info ][safepoint   ] Safepoint "Cleanup", Time since last: 1000644490 ns, Reaching safepoint: 22354 ns, Cleanup: 25301 ns, At safepoint: 9368 ns, Total: 57023 ns
[2025-05-27T02:38:31.335+0000][69][info ][safepoint   ] Safepoint "Cleanup", Time since last: 5202657900 ns, Reaching safepoint: 28397 ns, Cleanup: 20839 ns, At safepoint: 15933 ns, Total: 65169 ns
[2025-05-27T02:38:32.336+0000][69][info ][safepoint   ] Safepoint "Cleanup", Time since last: 1000868567 ns, Reaching safepoint: 29081 ns, Cleanup: 17521 ns, At safepoint: 15819 ns, Total: 62421 ns
[2025-05-27T02:38:34.337+0000][69][info ][safepoint   ] Safepoint "Cleanup", Time since last: 2000937110 ns, Reaching safepoint: 27860 ns, Cleanup: 24040 ns, At safepoint: 15960 ns, Total: 67860 ns
[2025-05-27T02:38:36.086+0000][69][info ][safepoint   ] Safepoint "Cleanup", Time since last: 1748813646 ns, Reaching safepoint: 28530 ns, Cleanup: 55222 ns, At safepoint: 16075 ns, Total: 99827 ns
[2025-05-27T02:38:37.177+0000][69][info ][safepoint   ] Safepoint "Cleanup", Time since last: 1090651396 ns, Reaching safepoint: 31569 ns, Cleanup: 25303 ns, At safepoint: 18817 ns, Total: 75689 ns
[2025-05-27T02:38:38.178+0000][69][info ][safepoint   ] Safepoint "Cleanup", Time since last: 1000811837 ns, Reaching safepoint: 202030 ns, Cleanup: 15951 ns, At safepoint: 146780 ns, Total: 364761 ns
[2025-05-27T02:38:41.179+0000][69][info ][safepoint   ] Safepoint "Cleanup", Time since last: 3000842097 ns, Reaching safepoint: 298092 ns, Cleanup: 13781 ns, At safepoint: 43196 ns, Total: 355069 ns
[2025-05-27T02:38:44.180+0000][69][info ][safepoint   ] Safepoint "Cleanup", Time since last: 3000868288 ns, Reaching safepoint: 30870 ns, Cleanup: 22301 ns, At safepoint: 17679 ns, Total: 70850 ns
[2025-05-27T02:38:47.182+0000][69][info ][safepoint   ] Safepoint "Cleanup", Time since last: 3001338266 ns, Reaching safepoint: 19623 ns, Cleanup: 15757 ns, At safepoint: 8008 ns, Total: 43388 ns
[2025-05-27T02:38:50.183+0000][69][info ][safepoint   ] Safepoint "Cleanup", Time since last: 3000902445 ns, Reaching safepoint: 92215 ns, Cleanup: 15761 ns, At safepoint: 28790 ns, Total: 136766 ns
[2025-05-27T02:38:51.180+0000][69][info ][safepoint   ] Safepoint "Cleanup", Time since last: 1000575099 ns, Reaching safepoint: 15973 ns, Cleanup: 12057 ns, At safepoint: 7470 ns, Total: 35500 ns
[2025-05-27T02:38:53.181+0000][69][info ][safepoint   ] Safepoint "Cleanup", Time since last: 2000930937 ns, Reaching safepoint: 26794 ns, Cleanup: 15488 ns, At safepoint: 14794 ns, Total: 57076 ns
[2025-05-27T02:38:54.182+0000][69][info ][safepoint   ] Safepoint "Cleanup", Time since last: 1000880498 ns, Reaching safepoint: 16472 ns, Cleanup: 13946 ns, At safepoint: 6958 ns, Total: 37376 ns
[2025-05-27T02:38:55.183+0000][69][info ][safepoint   ] Safepoint "Cleanup", Time since last: 1000646396 ns, Reaching safepoint: 59056 ns, Cleanup: 15953 ns, At safepoint: 29237 ns, Total: 104246 ns
[2025-05-27T02:38:56.183+0000][69][info ][safepoint   ] Safepoint "Cleanup", Time since last: 1000769985 ns, Reaching safepoint: 24248 ns, Cleanup: 20342 ns, At safepoint: 10394 ns, Total: 54984 ns
[2025-05-27T02:38:59.185+0000][69][info ][safepoint   ] Safepoint "Cleanup", Time since last: 3001152894 ns, Reaching safepoint: 18120 ns, Cleanup: 12381 ns, At safepoint: 6555 ns, Total: 37056 ns
[2025-05-27T02:39:00.185+0000][69][info ][safepoint   ] Safepoint "Cleanup", Time since last: 1000634952 ns, Reaching safepoint: 27281 ns, Cleanup: 15131 ns, At safepoint: 15054 ns, Total: 57466 ns
[2025-05-27T02:39:01.186+0000][69][info ][safepoint   ] Safepoint "Cleanup", Time since last: 1000889576 ns, Reaching safepoint: 28739 ns, Cleanup: 15326 ns, At safepoint: 16149 ns, Total: 60214 ns
[2025-05-27T02:39:08.188+0000][69][info ][safepoint   ] Safepoint "Cleanup", Time since last: 7001860695 ns, Reaching safepoint: 17062 ns, Cleanup: 11681 ns, At safepoint: 8176 ns, Total: 36919 ns
[2025-05-27T02:39:09.189+0000][69][info ][safepoint   ] Safepoint "Cleanup", Time since last: 1000625864 ns, Reaching safepoint: 29279 ns, Cleanup: 14578 ns, At safepoint: 15890 ns, Total: 59747 ns
[2025-05-27T02:39:11.190+0000][69][info ][safepoint   ] Safepoint "Cleanup", Time since last: 2001091730 ns, Reaching safepoint: 38975 ns, Cleanup: 13531 ns, At safepoint: 47710 ns, Total: 100216 ns
[2025-05-27T02:39:14.191+0000][69][info ][safepoint   ] Safepoint "Cleanup", Time since last: 3001412184 ns, Reaching safepoint: 75900 ns, Cleanup: 30839 ns, At safepoint: 12723 ns, Total: 119462 ns
[2025-05-27T02:39:16.192+0000][69][info ][safepoint   ] Safepoint "Cleanup", Time since last: 2000835323 ns, Reaching safepoint: 20501 ns, Cleanup: 16782 ns, At safepoint: 9240 ns, Total: 46523 ns
[2025-05-27T02:39:17.193+0000][69][info ][safepoint   ] Safepoint "Cleanup", Time since last: 1000916663 ns, Reaching safepoint: 19424 ns, Cleanup: 18651 ns, At safepoint: 8278 ns, Total: 46353 ns
[2025-05-27T02:39:19.194+0000][69][info ][safepoint   ] Safepoint "Cleanup", Time since last: 2000862308 ns, Reaching safepoint: 28291 ns, Cleanup: 15621 ns, At safepoint: 15043 ns, Total: 58955 ns
[2025-05-27T02:39:20.195+0000][69][info ][safepoint   ] Safepoint "Cleanup", Time since last: 1000823125 ns, Reaching safepoint: 17440 ns, Cleanup: 13306 ns, At safepoint: 7333 ns, Total: 38079 ns
[2025-05-27T02:39:21.193+0000][69][info ][safepoint   ] Safepoint "Cleanup", Time since last: 1000745306 ns, Reaching safepoint: 26004 ns, Cleanup: 19332 ns, At safepoint: 10491 ns, Total: 55827 ns
[2025-05-27T02:39:24.194+0000][69][info ][safepoint   ] Safepoint "Cleanup", Time since last: 3000886763 ns, Reaching safepoint: 45233 ns, Cleanup: 13727 ns, At safepoint: 8514 ns, Total: 67474 ns
[2025-05-27T02:39:29.196+0000][69][info ][safepoint   ] Safepoint "Cleanup", Time since last: 5002220143 ns, Reaching safepoint: 38075 ns, Cleanup: 13911 ns, At safepoint: 7300 ns, Total: 59286 ns
[2025-05-27T02:39:31.368+0000][69][info ][safepoint   ] Safepoint "Cleanup", Time since last: 2172476553 ns, Reaching safepoint: 33774 ns, Cleanup: 19239 ns, At safepoint: 22235 ns, Total: 75248 ns
[2025-05-27T02:39:34.370+0000][69][info ][safepoint   ] Safepoint "Cleanup", Time since last: 3001099552 ns, Reaching safepoint: 27752 ns, Cleanup: 21180 ns, At safepoint: 14852 ns, Total: 63784 ns
[2025-05-27T02:39:36.371+0000][69][info ][safepoint   ] Safepoint "Cleanup", Time since last: 2000881984 ns, Reaching safepoint: 29593 ns, Cleanup: 15778 ns, At safepoint: 16807 ns, Total: 62178 ns
[2025-05-27T02:39:38.077+0000][69][info ][safepoint   ] Safepoint "Cleanup", Time since last: 1706544391 ns, Reaching safepoint: 163313 ns, Cleanup: 18239 ns, At safepoint: 28933 ns, Total: 210485 ns
[2025-05-27T02:39:39.218+0000][69][info ][safepoint   ] Safepoint "Cleanup", Time since last: 1140230279 ns, Reaching safepoint: 27770 ns, Cleanup: 27544 ns, At safepoint: 15519 ns, Total: 70833 ns
[2025-05-27T02:39:40.233+0000][69][info ][safepoint   ] Safepoint "Cleanup", Time since last: 1015182717 ns, Reaching safepoint: 27285 ns, Cleanup: 17126 ns, At safepoint: 15104 ns, Total: 59515 ns
[2025-05-27T02:39:41.234+0000][69][info ][safepoint   ] Safepoint "Cleanup", Time since last: 1000752660 ns, Reaching safepoint: 41918 ns, Cleanup: 20448 ns, At safepoint: 7965 ns, Total: 70331 ns
[2025-05-27T02:39:47.235+0000][69][info ][safepoint   ] Safepoint "Cleanup", Time since last: 6001695950 ns, Reaching safepoint: 27614 ns, Cleanup: 14480 ns, At safepoint: 15416 ns, Total: 57510 ns
[2025-05-27T02:39:50.237+0000][69][info ][safepoint   ] Safepoint "Cleanup", Time since last: 3001104143 ns, Reaching safepoint: 16464 ns, Cleanup: 27681 ns, At safepoint: 8033 ns, Total: 52178 ns
[2025-05-27T02:39:54.235+0000][69][info ][safepoint   ] Safepoint "Cleanup", Time since last: 4001178317 ns, Reaching safepoint: 29991 ns, Cleanup: 43785 ns, At safepoint: 15612 ns, Total: 89388 ns
[2025-05-27T02:39:55.236+0000][69][info ][safepoint   ] Safepoint "Cleanup", Time since last: 1000544766 ns, Reaching safepoint: 15589 ns, Cleanup: 12103 ns, At safepoint: 7425 ns, Total: 35117 ns
[2025-05-27T02:39:56.236+0000][69][info ][safepoint   ] Safepoint "Cleanup", Time since last: 1000566678 ns, Reaching safepoint: 16860 ns, Cleanup: 13048 ns, At safepoint: 7424 ns, Total: 37332 ns
[2025-05-27T02:39:59.237+0000][69][info ][safepoint   ] Safepoint "Cleanup", Time since last: 3000987191 ns, Reaching safepoint: 28150 ns, Cleanup: 15514 ns, At safepoint: 16958 ns, Total: 60622 ns
[2025-05-27T02:40:06.239+0000][69][info ][safepoint   ] Safepoint "Cleanup", Time since last: 7001767840 ns, Reaching safepoint: 28647 ns, Cleanup: 18001 ns, At safepoint: 15074 ns, Total: 61722 ns
[2025-05-27T02:40:14.241+0000][69][info ][safepoint   ] Safepoint "Cleanup", Time since last: 8002206857 ns, Reaching safepoint: 134065 ns, Cleanup: 28853 ns, At safepoint: 16288 ns, Total: 179206 ns
[2025-05-27T02:40:16.242+0000][69][info ][safepoint   ] Safepoint "Cleanup", Time since last: 2000854883 ns, Reaching safepoint: 19550 ns, Cleanup: 19115 ns, At safepoint: 9083 ns, Total: 47748 ns
[2025-05-27T02:40:17.257+0000][69][info ][safepoint   ] Safepoint "Cleanup", Time since last: 1015015255 ns, Reaching safepoint: 6421 ns, Cleanup: 26395 ns, At safepoint: 14069 ns, Total: 46885 ns
[2025-05-27T02:40:18.265+0000][69][info ][safepoint   ] Safepoint "Cleanup", Time since last: 1007103041 ns, Reaching safepoint: 167071 ns, Cleanup: 108405 ns, At safepoint: 21109 ns, Total: 296585 ns
[2025-05-27T02:40:19.292+0000][69][info ][safepoint   ] Safepoint "Cleanup", Time since last: 1026888711 ns, Reaching safepoint: 27890 ns, Cleanup: 24826 ns, At safepoint: 15628 ns, Total: 68344 ns
[2025-05-27T02:40:20.573+0000][69][info ][safepoint   ] Safepoint "Cleanup", Time since last: 1281572311 ns, Reaching safepoint: 6369 ns, Cleanup: 17659 ns, At safepoint: 14147 ns, Total: 38175 ns
[2025-05-27T02:40:22.117+0000][69][info ][safepoint   ] Safepoint "Cleanup", Time since last: 1546559068 ns, Reaching safepoint: 30464 ns, Cleanup: 20897 ns, At safepoint: 15237 ns, Total: 66598 ns
[2025-05-27T02:40:23.117+0000][69][info ][safepoint   ] Safepoint "Cleanup", Time since last: 1000744104 ns, Reaching safepoint: 27779 ns, Cleanup: 14776 ns, At safepoint: 14192 ns, Total: 56747 ns
[2025-05-27T02:40:24.118+0000][69][info ][safepoint   ] Safepoint "Cleanup", Time since last: 1001003775 ns, Reaching safepoint: 28855 ns, Cleanup: 22110 ns, At safepoint: 16349 ns, Total: 67314 ns
[2025-05-27T02:40:25.119+0000][69][info ][safepoint   ] Safepoint "Cleanup", Time since last: 1000854943 ns, Reaching safepoint: 16601 ns, Cleanup: 14525 ns, At safepoint: 7609 ns, Total: 38735 ns
[2025-05-27T02:40:26.121+0000][69][info ][safepoint   ] Safepoint "Cleanup", Time since last: 1001566390 ns, Reaching safepoint: 23526 ns, Cleanup: 18510 ns, At safepoint: 9472 ns, Total: 51508 ns
[2025-05-27T02:40:30.405+0000][69][info ][safepoint   ] Safepoint "Cleanup", Time since last: 4284125799 ns, Reaching safepoint: 27516 ns, Cleanup: 15170 ns, At safepoint: 15487 ns, Total: 58173 ns
[2025-05-27T02:40:31.406+0000][69][info ][safepoint   ] Safepoint "Cleanup", Time since last: 1000729146 ns, Reaching safepoint: 25369 ns, Cleanup: 15295 ns, At safepoint: 10467 ns, Total: 51131 ns
[2025-05-27T02:40:32.407+0000][69][info ][safepoint   ] Safepoint "Cleanup", Time since last: 1000897022 ns, Reaching safepoint: 17070 ns, Cleanup: 15542 ns, At safepoint: 7347 ns, Total: 39959 ns
[2025-05-27T02:40:34.408+0000][69][info ][safepoint   ] Safepoint "Cleanup", Time since last: 2000793526 ns, Reaching safepoint: 18667 ns, Cleanup: 12710 ns, At safepoint: 8592 ns, Total: 39969 ns
[2025-05-27T02:40:36.408+0000][69][info ][safepoint   ] Safepoint "Cleanup", Time since last: 2000670639 ns, Reaching safepoint: 27020 ns, Cleanup: 24042 ns, At safepoint: 15523 ns, Total: 66585 ns
[2025-05-27T02:40:41.044+0000][69][info ][safepoint   ] Safepoint "Cleanup", Time since last: 4635503607 ns, Reaching safepoint: 17056 ns, Cleanup: 24587 ns, At safepoint: 47658 ns, Total: 89301 ns
[2025-05-27T02:40:42.324+0000][69][info ][safepoint   ] Safepoint "Cleanup", Time since last: 1279582012 ns, Reaching safepoint: 14562 ns, Cleanup: 98401 ns, At safepoint: 24625 ns, Total: 137588 ns
[2025-05-27T02:40:44.327+0000][69][info ][safepoint   ] Safepoint "Cleanup", Time since last: 2003004706 ns, Reaching safepoint: 27141 ns, Cleanup: 16641 ns, At safepoint: 14929 ns, Total: 58711 ns
[2025-05-27T02:40:50.328+0000][69][info ][safepoint   ] Safepoint "Cleanup", Time since last: 6001450069 ns, Reaching safepoint: 19715 ns, Cleanup: 12854 ns, At safepoint: 9339 ns, Total: 41908 ns
[2025-05-27T02:40:51.327+0000][69][info ][safepoint   ] Safepoint "Cleanup", Time since last: 1000700658 ns, Reaching safepoint: 31897 ns, Cleanup: 24908 ns, At safepoint: 18306 ns, Total: 75111 ns
[2025-05-27T02:40:55.328+0000][69][info ][safepoint   ] Safepoint "Cleanup", Time since last: 4001248204 ns, Reaching safepoint: 16679 ns, Cleanup: 11684 ns, At safepoint: 7156 ns, Total: 35519 ns
[2025-05-27T02:40:56.329+0000][69][info ][safepoint   ] Safepoint "Cleanup", Time since last: 1000747371 ns, Reaching safepoint: 25840 ns, Cleanup: 16239 ns, At safepoint: 10865 ns, Total: 52944 ns
[2025-05-27T02:41:01.330+0000][69][info ][safepoint   ] Safepoint "Cleanup", Time since last: 5001304887 ns, Reaching safepoint: 66795 ns, Cleanup: 14749 ns, At safepoint: 15817 ns, Total: 97361 ns
[2025-05-27T02:41:06.332+0000][69][info ][safepoint   ] Safepoint "Cleanup", Time since last: 5001304588 ns, Reaching safepoint: 17817 ns, Cleanup: 13048 ns, At safepoint: 8651 ns, Total: 39516 ns
[2025-05-27T02:41:08.332+0000][69][info ][safepoint   ] Safepoint "Cleanup", Time since last: 2000821917 ns, Reaching safepoint: 28101 ns, Cleanup: 15307 ns, At safepoint: 14949 ns, Total: 58357 ns
[2025-05-27T02:41:11.334+0000][69][info ][safepoint   ] Safepoint "Cleanup", Time since last: 3001066759 ns, Reaching safepoint: 28711 ns, Cleanup: 20394 ns, At safepoint: 80789 ns, Total: 129894 ns
[2025-05-27T02:41:14.335+0000][69][info ][safepoint   ] Safepoint "Cleanup", Time since last: 3001160954 ns, Reaching safepoint: 42631 ns, Cleanup: 14453 ns, At safepoint: 8502 ns, Total: 65586 ns
[2025-05-27T02:41:16.336+0000][69][info ][safepoint   ] Safepoint "Cleanup", Time since last: 2000803142 ns, Reaching safepoint: 17665 ns, Cleanup: 14169 ns, At safepoint: 7919 ns, Total: 39753 ns
[2025-05-27T02:41:20.337+0000][69][info ][safepoint   ] Safepoint "Cleanup", Time since last: 4001243754 ns, Reaching safepoint: 28753 ns, Cleanup: 16705 ns, At safepoint: 16253 ns, Total: 61711 ns
[2025-05-27T02:41:23.334+0000][69][info ][safepoint   ] Safepoint "Cleanup", Time since last: 3000935580 ns, Reaching safepoint: 30553 ns, Cleanup: 16903 ns, At safepoint: 16352 ns, Total: 63808 ns
[2025-05-27T02:41:24.335+0000][69][info ][safepoint   ] Safepoint "Cleanup", Time since last: 1000671315 ns, Reaching safepoint: 26959 ns, Cleanup: 21092 ns, At safepoint: 16187 ns, Total: 64238 ns
[2025-05-27T02:41:26.336+0000][69][info ][safepoint   ] Safepoint "Cleanup", Time since last: 2000939424 ns, Reaching safepoint: 26065 ns, Cleanup: 14530 ns, At safepoint: 14885 ns, Total: 55480 ns
[2025-05-27T02:41:32.439+0000][69][info ][safepoint   ] Safepoint "Cleanup", Time since last: 6102800937 ns, Reaching safepoint: 26569 ns, Cleanup: 14987 ns, At safepoint: 17332 ns, Total: 58888 ns
[2025-05-27T02:41:40.441+0000][69][info ][safepoint   ] Safepoint "Cleanup", Time since last: 8001773066 ns, Reaching safepoint: 17777 ns, Cleanup: 11866 ns, At safepoint: 7274 ns, Total: 36917 ns
[2025-05-27T02:41:41.442+0000][69][info ][safepoint   ] Safepoint "Cleanup", Time since last: 1000838734 ns, Reaching safepoint: 32768 ns, Cleanup: 20175 ns, At safepoint: 8795 ns, Total: 61738 ns
[2025-05-27T02:41:43.443+0000][69][info ][safepoint   ] Safepoint "Cleanup", Time since last: 2000895035 ns, Reaching safepoint: 67927 ns, Cleanup: 17809 ns, At safepoint: 31424 ns, Total: 117160 ns
[2025-05-27T02:41:45.353+0000][69][info ][safepoint   ] Safepoint "Cleanup", Time since last: 1910500577 ns, Reaching safepoint: 27097 ns, Cleanup: 32776 ns, At safepoint: 14453 ns, Total: 74326 ns
[2025-05-27T02:41:47.354+0000][69][info ][safepoint   ] Safepoint "Cleanup", Time since last: 2001042371 ns, Reaching safepoint: 26730 ns, Cleanup: 15137 ns, At safepoint: 14950 ns, Total: 56817 ns
[2025-05-27T02:41:52.353+0000][69][info ][safepoint   ] Safepoint "Cleanup", Time since last: 5001590812 ns, Reaching safepoint: 25417 ns, Cleanup: 13729 ns, At safepoint: 9704 ns, Total: 48850 ns
[2025-05-27T02:41:56.355+0000][69][info ][safepoint   ] Safepoint "Cleanup", Time since last: 4002156951 ns, Reaching safepoint: 25084 ns, Cleanup: 18593 ns, At safepoint: 9622 ns, Total: 53299 ns
[2025-05-27T02:42:01.357+0000][69][info ][safepoint   ] Safepoint "Cleanup", Time since last: 5001360138 ns, Reaching safepoint: 67624 ns, Cleanup: 24183 ns, At safepoint: 16709 ns, Total: 108516 ns
[2025-05-27T02:42:02.358+0000][69][info ][safepoint   ] Safepoint "Cleanup", Time since last: 1000844482 ns, Reaching safepoint: 28512 ns, Cleanup: 25580 ns, At safepoint: 15427 ns, Total: 69519 ns
[2025-05-27T02:42:06.359+0000][69][info ][safepoint   ] Safepoint "Cleanup", Time since last: 4001450528 ns, Reaching safepoint: 30696 ns, Cleanup: 14560 ns, At safepoint: 16451 ns, Total: 61707 ns
[2025-05-27T02:42:11.361+0000][69][info ][safepoint   ] Safepoint "Cleanup", Time since last: 5001291261 ns, Reaching safepoint: 35012 ns, Cleanup: 22214 ns, At safepoint: 18736 ns, Total: 75962 ns
[2025-05-27T02:42:12.361+0000][69][info ][safepoint   ] Safepoint "Cleanup", Time since last: 1000718167 ns, Reaching safepoint: 16705 ns, Cleanup: 14916 ns, At safepoint: 7937 ns, Total: 39558 ns
[2025-05-27T02:42:14.363+0000][69][info ][safepoint   ] Safepoint "Cleanup", Time since last: 2000978204 ns, Reaching safepoint: 65444 ns, Cleanup: 27494 ns, At safepoint: 8959 ns, Total: 101897 ns
[2025-05-27T02:42:16.364+0000][69][info ][safepoint   ] Safepoint "Cleanup", Time since last: 2000943214 ns, Reaching safepoint: 29046 ns, Cleanup: 21082 ns, At safepoint: 15642 ns, Total: 65770 ns
[2025-05-27T02:42:17.364+0000][69][info ][safepoint   ] Safepoint "Cleanup", Time since last: 1000782529 ns, Reaching safepoint: 27716 ns, Cleanup: 15896 ns, At safepoint: 15415 ns, Total: 59027 ns
[2025-05-27T02:42:21.363+0000][69][info ][safepoint   ] Safepoint "Cleanup", Time since last: 4001363454 ns, Reaching safepoint: 27238 ns, Cleanup: 13968 ns, At safepoint: 16735 ns, Total: 57941 ns
[2025-05-27T02:42:23.364+0000][69][info ][safepoint   ] Safepoint "Cleanup", Time since last: 2001168088 ns, Reaching safepoint: 30576 ns, Cleanup: 22535 ns, At safepoint: 11556 ns, Total: 64667 ns
[2025-05-27T02:42:26.365+0000][69][info ][safepoint   ] Safepoint "Cleanup", Time since last: 3001167332 ns, Reaching safepoint: 28269 ns, Cleanup: 16372 ns, At safepoint: 15367 ns, Total: 60008 ns
[2025-05-27T02:42:31.473+0000][69][info ][safepoint   ] Safepoint "Cleanup", Time since last: 5107479003 ns, Reaching safepoint: 27226 ns, Cleanup: 20409 ns, At safepoint: 15731 ns, Total: 63366 ns
[2025-05-27T02:42:32.474+0000][69][info ][safepoint   ] Safepoint "Cleanup", Time since last: 1000623176 ns, Reaching safepoint: 17357 ns, Cleanup: 16637 ns, At safepoint: 7762 ns, Total: 41756 ns
[2025-05-27T02:42:34.474+0000][69][info ][safepoint   ] Safepoint "Cleanup", Time since last: 2000828393 ns, Reaching safepoint: 16835 ns, Cleanup: 12216 ns, At safepoint: 7312 ns, Total: 36363 ns
[2025-05-27T02:42:38.476+0000][69][info ][safepoint   ] Safepoint "Cleanup", Time since last: 4001136476 ns, Reaching safepoint: 35466 ns, Cleanup: 34756 ns, At safepoint: 20937 ns, Total: 91159 ns
[2025-05-27T02:42:40.476+0000][69][info ][safepoint   ] Safepoint "Cleanup", Time since last: 2000821590 ns, Reaching safepoint: 17194 ns, Cleanup: 12158 ns, At safepoint: 8807 ns, Total: 38159 ns
[2025-05-27T02:42:41.477+0000][69][info ][safepoint   ] Safepoint "Cleanup", Time since last: 1000561211 ns, Reaching safepoint: 17475 ns, Cleanup: 13368 ns, At safepoint: 7836 ns, Total: 38679 ns
[2025-05-27T02:42:44.478+0000][69][info ][safepoint   ] Safepoint "Cleanup", Time since last: 3000878007 ns, Reaching safepoint: 18542 ns, Cleanup: 13391 ns, At safepoint: 9059 ns, Total: 40992 ns
[2025-05-27T02:42:46.479+0000][69][info ][safepoint   ] Safepoint "Cleanup", Time since last: 2000774047 ns, Reaching safepoint: 66042 ns, Cleanup: 15050 ns, At safepoint: 15653 ns, Total: 96745 ns
[2025-05-27T02:42:48.407+0000][69][info ][safepoint   ] Safepoint "Cleanup", Time since last: 1927776549 ns, Reaching safepoint: 27859 ns, Cleanup: 41792 ns, At safepoint: 12785 ns, Total: 82436 ns
[2025-05-27T02:42:50.408+0000][69][info ][safepoint   ] Safepoint "Cleanup", Time since last: 2000844718 ns, Reaching safepoint: 95541 ns, Cleanup: 20463 ns, At safepoint: 86748 ns, Total: 202752 ns
[2025-05-27T02:42:53.406+0000][69][info ][safepoint   ] Safepoint "Cleanup", Time since last: 3000909954 ns, Reaching safepoint: 28611 ns, Cleanup: 15324 ns, At safepoint: 16092 ns, Total: 60027 ns
[2025-05-27T02:42:54.406+0000][69][info ][safepoint   ] Safepoint "Cleanup", Time since last: 1000666691 ns, Reaching safepoint: 30728 ns, Cleanup: 21769 ns, At safepoint: 15965 ns, Total: 68462 ns
[2025-05-27T02:42:56.408+0000][69][info ][safepoint   ] Safepoint "Cleanup", Time since last: 2001066224 ns, Reaching safepoint: 77054 ns, Cleanup: 22048 ns, At safepoint: 11583 ns, Total: 110685 ns
[2025-05-27T02:43:01.409+0000][69][info ][safepoint   ] Safepoint "Cleanup", Time since last: 5001150599 ns, Reaching safepoint: 76334 ns, Cleanup: 14663 ns, At safepoint: 32763 ns, Total: 123760 ns
[2025-05-27T02:43:02.410+0000][69][info ][safepoint   ] Safepoint "Cleanup", Time since last: 1000525139 ns, Reaching safepoint: 16013 ns, Cleanup: 13685 ns, At safepoint: 28987 ns, Total: 58685 ns
[2025-05-27T02:43:13.412+0000][69][info ][safepoint   ] Safepoint "Cleanup", Time since last: 11002334084 ns, Reaching safepoint: 19688 ns, Cleanup: 15907 ns, At safepoint: 8632 ns, Total: 44227 ns
[2025-05-27T02:43:20.414+0000][69][info ][safepoint   ] Safepoint "Cleanup", Time since last: 7001682530 ns, Reaching safepoint: 77694 ns, Cleanup: 17171 ns, At safepoint: 16993 ns, Total: 111858 ns
[2025-05-27T02:43:21.412+0000][69][info ][safepoint   ] Safepoint "Cleanup", Time since last: 1000791498 ns, Reaching safepoint: 27797 ns, Cleanup: 18064 ns, At safepoint: 14561 ns, Total: 60422 ns
[2025-05-27T02:43:26.414+0000][69][info ][safepoint   ] Safepoint "Cleanup", Time since last: 5002032008 ns, Reaching safepoint: 30411 ns, Cleanup: 19581 ns, At safepoint: 15709 ns, Total: 65701 ns
[2025-05-27T02:43:31.506+0000][69][info ][safepoint   ] Safepoint "Cleanup", Time since last: 5091650711 ns, Reaching safepoint: 64227 ns, Cleanup: 12934 ns, At safepoint: 8909 ns, Total: 86070 ns
[2025-05-27T02:43:44.508+0000][69][info ][safepoint   ] Safepoint "Cleanup", Time since last: 13002685617 ns, Reaching safepoint: 28795 ns, Cleanup: 16654 ns, At safepoint: 15599 ns, Total: 61048 ns
[2025-05-27T02:43:46.510+0000][69][info ][safepoint   ] Safepoint "Cleanup", Time since last: 2000929480 ns, Reaching safepoint: 40568 ns, Cleanup: 13779 ns, At safepoint: 32523 ns, Total: 86870 ns
[2025-05-27T02:43:48.511+0000][69][info ][safepoint   ] Safepoint "Cleanup", Time since last: 2000938614 ns, Reaching safepoint: 27744 ns, Cleanup: 14607 ns, At safepoint: 16646 ns, Total: 58997 ns
[2025-05-27T02:43:50.041+0000][69][info ][safepoint   ] Safepoint "Cleanup", Time since last: 1529982483 ns, Reaching safepoint: 14871 ns, Cleanup: 27374 ns, At safepoint: 11997 ns, Total: 54242 ns
[2025-05-27T02:43:51.443+0000][69][info ][safepoint   ] Safepoint "Cleanup", Time since last: 1405798720 ns, Reaching safepoint: 30208 ns, Cleanup: 48184 ns, At safepoint: 17905 ns, Total: 96297 ns
[2025-05-27T02:43:54.444+0000][69][info ][safepoint   ] Safepoint "Cleanup", Time since last: 3000815703 ns, Reaching safepoint: 119859 ns, Cleanup: 87363 ns, At safepoint: 23364 ns, Total: 230586 ns
[2025-05-27T02:43:56.445+0000][69][info ][safepoint   ] Safepoint "Cleanup", Time since last: 2000838485 ns, Reaching safepoint: 16675 ns, Cleanup: 11743 ns, At safepoint: 7859 ns, Total: 36277 ns
[2025-05-27T02:44:13.448+0000][69][info ][safepoint   ] Safepoint "Cleanup", Time since last: 17002901561 ns, Reaching safepoint: 42499 ns, Cleanup: 19309 ns, At safepoint: 6445 ns, Total: 68253 ns
[2025-05-27T02:44:16.449+0000][69][info ][safepoint   ] Safepoint "Cleanup", Time since last: 3000982584 ns, Reaching safepoint: 16720 ns, Cleanup: 18217 ns, At safepoint: 7860 ns, Total: 42797 ns
[2025-05-27T02:44:17.450+0000][69][info ][safepoint   ] Safepoint "Cleanup", Time since last: 1000877611 ns, Reaching safepoint: 66777 ns, Cleanup: 16796 ns, At safepoint: 31196 ns, Total: 114769 ns
[2025-05-27T02:44:20.451+0000][69][info ][safepoint   ] Safepoint "Cleanup", Time since last: 3001094325 ns, Reaching safepoint: 28254 ns, Cleanup: 22405 ns, At safepoint: 17935 ns, Total: 68594 ns
[2025-05-27T02:44:25.450+0000][69][info ][safepoint   ] Safepoint "Cleanup", Time since last: 5001160601 ns, Reaching safepoint: 20663 ns, Cleanup: 14373 ns, At safepoint: 8295 ns, Total: 43331 ns
[2025-05-27T02:44:26.450+0000][69][info ][safepoint   ] Safepoint "Cleanup", Time since last: 1000669701 ns, Reaching safepoint: 32570 ns, Cleanup: 16955 ns, At safepoint: 16810 ns, Total: 66335 ns
[2025-05-27T02:44:32.537+0000][69][info ][safepoint   ] Safepoint "Cleanup", Time since last: 6086413717 ns, Reaching safepoint: 76475 ns, Cleanup: 17775 ns, At safepoint: 36262 ns, Total: 130512 ns
[2025-05-27T02:44:41.539+0000][69][info ][safepoint   ] Safepoint "Cleanup", Time since last: 9001827864 ns, Reaching safepoint: 23249 ns, Cleanup: 17748 ns, At safepoint: 11149 ns, Total: 52146 ns
[2025-05-27T02:44:45.540+0000][69][info ][safepoint   ] Safepoint "Cleanup", Time since last: 4001273474 ns, Reaching safepoint: 26695 ns, Cleanup: 15335 ns, At safepoint: 11690 ns, Total: 53720 ns
[2025-05-27T02:44:47.541+0000][69][info ][safepoint   ] Safepoint "Cleanup", Time since last: 2000801584 ns, Reaching safepoint: 24450 ns, Cleanup: 51461 ns, At safepoint: 11596 ns, Total: 87507 ns
[2025-05-27T02:44:50.542+0000][69][info ][safepoint   ] Safepoint "Cleanup", Time since last: 3001291734 ns, Reaching safepoint: 18390 ns, Cleanup: 16517 ns, At safepoint: 7212 ns, Total: 42119 ns
[2025-05-27T02:44:53.041+0000][69][info ][safepoint   ] Safepoint "Cleanup", Time since last: 2501276151 ns, Reaching safepoint: 146240 ns, Cleanup: 9204 ns, At safepoint: 47239 ns, Total: 202683 ns
[2025-05-27T02:44:54.470+0000][69][info ][safepoint   ] Safepoint "Cleanup", Time since last: 1429135635 ns, Reaching safepoint: 27495 ns, Cleanup: 39531 ns, At safepoint: 16019 ns, Total: 83045 ns
[2025-05-27T02:44:56.471+0000][69][info ][safepoint   ] Safepoint "Cleanup", Time since last: 2000880588 ns, Reaching safepoint: 30418 ns, Cleanup: 14712 ns, At safepoint: 9460 ns, Total: 54590 ns
[2025-05-27T02:44:57.471+0000][69][info ][safepoint   ] Safepoint "Cleanup", Time since last: 1000537582 ns, Reaching safepoint: 26309 ns, Cleanup: 13903 ns, At safepoint: 14547 ns, Total: 54759 ns
[2025-05-27T02:45:01.472+0000][69][info ][safepoint   ] Safepoint "Cleanup", Time since last: 4000979122 ns, Reaching safepoint: 18469 ns, Cleanup: 12254 ns, At safepoint: 26251 ns, Total: 56974 ns
[2025-05-27T02:45:02.473+0000][69][info ][safepoint   ] Safepoint "Cleanup", Time since last: 1000694364 ns, Reaching safepoint: 22170 ns, Cleanup: 15156 ns, At safepoint: 9607 ns, Total: 46933 ns
[2025-05-27T02:45:05.474+0000][69][info ][safepoint   ] Safepoint "Cleanup", Time since last: 3000769889 ns, Reaching safepoint: 45853 ns, Cleanup: 12064 ns, At safepoint: 7884 ns, Total: 65801 ns
[2025-05-27T02:45:08.475+0000][69][info ][safepoint   ] Safepoint "Cleanup", Time since last: 3001048770 ns, Reaching safepoint: 27029 ns, Cleanup: 14450 ns, At safepoint: 73196 ns, Total: 114675 ns
[2025-05-27T02:45:11.476+0000][69][info ][safepoint   ] Safepoint "Cleanup", Time since last: 3000917696 ns, Reaching safepoint: 17492 ns, Cleanup: 13081 ns, At safepoint: 7636 ns, Total: 38209 ns
[2025-05-27T02:45:13.477+0000][69][info ][safepoint   ] Safepoint "Cleanup", Time since last: 2000858306 ns, Reaching safepoint: 27662 ns, Cleanup: 20902 ns, At safepoint: 75531 ns, Total: 124095 ns
[2025-05-27T02:45:14.487+0000][69][info ][safepoint   ] Safepoint "Cleanup", Time since last: 1009622413 ns, Reaching safepoint: 12940 ns, Cleanup: 58102 ns, At safepoint: 75492 ns, Total: 146534 ns
[2025-05-27T02:45:15.502+0000][69][info ][safepoint   ] Safepoint "Cleanup", Time since last: 1015116584 ns, Reaching safepoint: 16591 ns, Cleanup: 11561 ns, At safepoint: 7377 ns, Total: 35529 ns
[2025-05-27T02:45:16.503+0000][69][info ][safepoint   ] Safepoint "Cleanup", Time since last: 1000757846 ns, Reaching safepoint: 27583 ns, Cleanup: 25327 ns, At safepoint: 14857 ns, Total: 67767 ns
[2025-05-27T02:45:20.020+0000][69][info ][safepoint   ] Safepoint "Cleanup", Time since last: 3517291139 ns, Reaching safepoint: 5790 ns, Cleanup: 8026 ns, At safepoint: 12622 ns, Total: 26438 ns
[2025-05-27T02:45:21.531+0000][69][info ][safepoint   ] Safepoint "Cleanup", Time since last: 1513433529 ns, Reaching safepoint: 29271 ns, Cleanup: 28460 ns, At safepoint: 15195 ns, Total: 72926 ns
[2025-05-27T02:45:23.550+0000][69][info ][safepoint   ] Safepoint "Cleanup", Time since last: 2018915543 ns, Reaching safepoint: 16509 ns, Cleanup: 12942 ns, At safepoint: 7966 ns, Total: 37417 ns
[2025-05-27T02:45:24.551+0000][69][info ][safepoint   ] Safepoint "Cleanup", Time since last: 1000703322 ns, Reaching safepoint: 26116 ns, Cleanup: 20199 ns, At safepoint: 14204 ns, Total: 60519 ns
[2025-05-27T02:45:30.571+0000][69][info ][safepoint   ] Safepoint "Cleanup", Time since last: 6020621009 ns, Reaching safepoint: 15476 ns, Cleanup: 13657 ns, At safepoint: 6986 ns, Total: 36119 ns
[2025-05-27T02:45:32.572+0000][69][info ][safepoint   ] Safepoint "Cleanup", Time since last: 2000741303 ns, Reaching safepoint: 16563 ns, Cleanup: 14157 ns, At safepoint: 8436 ns, Total: 39156 ns
[2025-05-27T02:45:35.574+0000][69][info ][safepoint   ] Safepoint "Cleanup", Time since last: 3001186146 ns, Reaching safepoint: 51226 ns, Cleanup: 35449 ns, At safepoint: 10503 ns, Total: 97178 ns
[2025-05-27T02:45:50.578+0000][69][info ][safepoint   ] Safepoint "Cleanup", Time since last: 15004089667 ns, Reaching safepoint: 82313 ns, Cleanup: 11259 ns, At safepoint: 7132 ns, Total: 100704 ns
[2025-05-27T02:45:52.223+0000][69][info ][safepoint   ] Safepoint "Cleanup", Time since last: 1647780178 ns, Reaching safepoint: 28698 ns, Cleanup: 15987 ns, At safepoint: 15241 ns, Total: 59926 ns
[2025-05-27T02:45:53.224+0000][69][info ][safepoint   ] Safepoint "Cleanup", Time since last: 1000665507 ns, Reaching safepoint: 17754 ns, Cleanup: 17960 ns, At safepoint: 7727 ns, Total: 43441 ns
[2025-05-27T02:45:54.225+0000][69][info ][safepoint   ] Safepoint "Cleanup", Time since last: 1000802833 ns, Reaching safepoint: 27481 ns, Cleanup: 34786 ns, At safepoint: 15720 ns, Total: 77987 ns
[2025-05-27T02:45:55.226+0000][69][info ][safepoint   ] Safepoint "Cleanup", Time since last: 1000799918 ns, Reaching safepoint: 16899 ns, Cleanup: 11102 ns, At safepoint: 7019 ns, Total: 35020 ns
[2025-05-27T02:45:56.562+0000][69][info ][safepoint   ] Safepoint "Cleanup", Time since last: 1336467174 ns, Reaching safepoint: 22293 ns, Cleanup: 33716 ns, At safepoint: 64938 ns, Total: 120947 ns
[2025-05-27T02:45:57.579+0000][69][info ][safepoint   ] Safepoint "Cleanup", Time since last: 1017060390 ns, Reaching safepoint: 21038 ns, Cleanup: 87636 ns, At safepoint: 69287 ns, Total: 177961 ns
[2025-05-27T02:46:05.586+0000][69][info ][safepoint   ] Safepoint "Cleanup", Time since last: 8006951822 ns, Reaching safepoint: 39987 ns, Cleanup: 11597 ns, At safepoint: 8058 ns, Total: 59642 ns
[2025-05-27T02:46:10.588+0000][69][info ][safepoint   ] Safepoint "Cleanup", Time since last: 5001364275 ns, Reaching safepoint: 18758 ns, Cleanup: 20357 ns, At safepoint: 8898 ns, Total: 48013 ns
[2025-05-27T02:46:11.589+0000][69][info ][safepoint   ] Safepoint "Cleanup", Time since last: 1000728966 ns, Reaching safepoint: 17876 ns, Cleanup: 12852 ns, At safepoint: 7870 ns, Total: 38598 ns
[2025-05-27T02:46:13.590+0000][69][info ][safepoint   ] Safepoint "Cleanup", Time since last: 2001084221 ns, Reaching safepoint: 17047 ns, Cleanup: 19017 ns, At safepoint: 8177 ns, Total: 44241 ns
[2025-05-27T02:46:15.591+0000][69][info ][safepoint   ] Safepoint "Cleanup", Time since last: 2000976720 ns, Reaching safepoint: 32282 ns, Cleanup: 23226 ns, At safepoint: 97295 ns, Total: 152803 ns
[2025-05-27T02:46:20.592+0000][69][info ][safepoint   ] Safepoint "Cleanup", Time since last: 5001269943 ns, Reaching safepoint: 93642 ns, Cleanup: 20780 ns, At safepoint: 7407 ns, Total: 121829 ns
[2025-05-27T02:46:21.590+0000][69][info ][safepoint   ] Safepoint "Cleanup", Time since last: 1000530697 ns, Reaching safepoint: 17553 ns, Cleanup: 11549 ns, At safepoint: 26859 ns, Total: 55961 ns
[2025-05-27T02:46:23.591+0000][69][info ][safepoint   ] Safepoint "Cleanup", Time since last: 2000694046 ns, Reaching safepoint: 19560 ns, Cleanup: 15641 ns, At safepoint: 8546 ns, Total: 43747 ns
[2025-05-27T02:46:30.609+0000][69][info ][safepoint   ] Safepoint "Cleanup", Time since last: 7017361169 ns, Reaching safepoint: 276324 ns, Cleanup: 20108 ns, At safepoint: 147285 ns, Total: 443717 ns
[2025-05-27T02:46:44.612+0000][69][info ][safepoint   ] Safepoint "Cleanup", Time since last: 14002805600 ns, Reaching safepoint: 72013 ns, Cleanup: 15659 ns, At safepoint: 17168 ns, Total: 104840 ns
[2025-05-27T02:46:45.613+0000][69][info ][safepoint   ] Safepoint "Cleanup", Time since last: 1000709254 ns, Reaching safepoint: 15887 ns, Cleanup: 11511 ns, At safepoint: 8426 ns, Total: 35824 ns
[2025-05-27T02:46:48.614+0000][69][info ][safepoint   ] Safepoint "Cleanup", Time since last: 3001238076 ns, Reaching safepoint: 29461 ns, Cleanup: 15442 ns, At safepoint: 16089 ns, Total: 60992 ns
[2025-05-27T02:46:55.612+0000][69][info ][safepoint   ] Safepoint "Cleanup", Time since last: 7001579813 ns, Reaching safepoint: 176175 ns, Cleanup: 16737 ns, At safepoint: 17751 ns, Total: 210663 ns
[2025-05-27T02:46:59.034+0000][69][info ][safepoint   ] Safepoint "Cleanup", Time since last: 3421256494 ns, Reaching safepoint: 16031 ns, Cleanup: 12315 ns, At safepoint: 114078 ns, Total: 142424 ns
[2025-05-27T02:47:00.613+0000][69][info ][safepoint   ] Safepoint "Cleanup", Time since last: 1579295753 ns, Reaching safepoint: 27930 ns, Cleanup: 35228 ns, At safepoint: 15115 ns, Total: 78273 ns
[2025-05-27T02:47:02.614+0000][69][info ][safepoint   ] Safepoint "Cleanup", Time since last: 2000912510 ns, Reaching safepoint: 29268 ns, Cleanup: 14923 ns, At safepoint: 16771 ns, Total: 60962 ns
[2025-05-27T02:47:13.617+0000][69][info ][safepoint   ] Safepoint "Cleanup", Time since last: 11002660941 ns, Reaching safepoint: 77661 ns, Cleanup: 33719 ns, At safepoint: 17325 ns, Total: 128705 ns
[2025-05-27T02:47:14.618+0000][69][info ][safepoint   ] Safepoint "Cleanup", Time since last: 1000670721 ns, Reaching safepoint: 28352 ns, Cleanup: 15449 ns, At safepoint: 16104 ns, Total: 59905 ns
[2025-05-27T02:47:24.617+0000][69][info ][safepoint   ] Safepoint "Cleanup", Time since last: 10002302295 ns, Reaching safepoint: 65308 ns, Cleanup: 14488 ns, At safepoint: 16188 ns, Total: 95984 ns
[2025-05-27T02:47:26.618+0000][69][info ][safepoint   ] Safepoint "Cleanup", Time since last: 2001028942 ns, Reaching safepoint: 28763 ns, Cleanup: 19097 ns, At safepoint: 15415 ns, Total: 63275 ns
[2025-05-27T02:47:33.642+0000][69][info ][safepoint   ] Safepoint "Cleanup", Time since last: 7023881373 ns, Reaching safepoint: 80015 ns, Cleanup: 17198 ns, At safepoint: 17243 ns, Total: 114456 ns
[2025-05-27T02:47:35.643+0000][69][info ][safepoint   ] Safepoint "Cleanup", Time since last: 2000880599 ns, Reaching safepoint: 31582 ns, Cleanup: 18683 ns, At safepoint: 17886 ns, Total: 68151 ns
[2025-05-27T02:47:43.645+0000][69][info ][safepoint   ] Safepoint "Cleanup", Time since last: 8001783613 ns, Reaching safepoint: 59560 ns, Cleanup: 14291 ns, At safepoint: 14045 ns, Total: 87896 ns
[2025-05-27T02:47:44.645+0000][69][info ][safepoint   ] Safepoint "Cleanup", Time since last: 1000778518 ns, Reaching safepoint: 28523 ns, Cleanup: 14657 ns, At safepoint: 15033 ns, Total: 58213 ns
[2025-05-27T02:47:50.647+0000][69][info ][safepoint   ] Safepoint "Cleanup", Time since last: 6001755379 ns, Reaching safepoint: 30250 ns, Cleanup: 17133 ns, At safepoint: 15019 ns, Total: 62402 ns
[2025-05-27T02:47:55.646+0000][69][info ][safepoint   ] Safepoint "Cleanup", Time since last: 5001406658 ns, Reaching safepoint: 63002 ns, Cleanup: 21784 ns, At safepoint: 15391 ns, Total: 100177 ns
[2025-05-27T02:47:58.648+0000][69][info ][safepoint   ] Safepoint "Cleanup", Time since last: 3001007046 ns, Reaching safepoint: 16072 ns, Cleanup: 13057 ns, At safepoint: 7482 ns, Total: 36611 ns
[2025-05-27T02:48:02.025+0000][69][info ][safepoint   ] Safepoint "Cleanup", Time since last: 3377361932 ns, Reaching safepoint: 29160 ns, Cleanup: 13631 ns, At safepoint: 66835 ns, Total: 109626 ns
[2025-05-27T02:48:03.676+0000][69][info ][safepoint   ] Safepoint "Cleanup", Time since last: 1651403695 ns, Reaching safepoint: 23702 ns, Cleanup: 18377 ns, At safepoint: 9963 ns, Total: 52042 ns
[2025-05-27T02:48:04.677+0000][69][info ][safepoint   ] Safepoint "Cleanup", Time since last: 1000720256 ns, Reaching safepoint: 93845 ns, Cleanup: 13566 ns, At safepoint: 30453 ns, Total: 137864 ns
[2025-05-27T02:48:05.678+0000][69][info ][safepoint   ] Safepoint "Cleanup", Time since last: 1000660336 ns, Reaching safepoint: 29870 ns, Cleanup: 18459 ns, At safepoint: 16047 ns, Total: 64376 ns
[2025-05-27T02:48:13.680+0000][69][info ][safepoint   ] Safepoint "Cleanup", Time since last: 8001680313 ns, Reaching safepoint: 72072 ns, Cleanup: 15931 ns, At safepoint: 121663 ns, Total: 209666 ns
[2025-05-27T02:48:15.681+0000][69][info ][safepoint   ] Safepoint "Cleanup", Time since last: 2000956230 ns, Reaching safepoint: 41878 ns, Cleanup: 16269 ns, At safepoint: 21702 ns, Total: 79849 ns
[2025-05-27T02:48:20.682+0000][69][info ][safepoint   ] Safepoint "Cleanup", Time since last: 5001295912 ns, Reaching safepoint: 27400 ns, Cleanup: 16092 ns, At safepoint: 152487 ns, Total: 195979 ns
[2025-05-27T02:48:25.681+0000][69][info ][safepoint   ] Safepoint "Cleanup", Time since last: 5001247731 ns, Reaching safepoint: 69426 ns, Cleanup: 14852 ns, At safepoint: 16743 ns, Total: 101021 ns
[2025-05-27T02:48:47.678+0000][69][info ][safepoint   ] Safepoint "Cleanup", Time since last: 21996887348 ns, Reaching safepoint: 152087 ns, Cleanup: 18946 ns, At safepoint: 17460 ns, Total: 188493 ns
[2025-05-27T02:48:48.679+0000][69][info ][safepoint   ] Safepoint "Cleanup", Time since last: 1000706847 ns, Reaching safepoint: 28411 ns, Cleanup: 15615 ns, At safepoint: 15588 ns, Total: 59614 ns
[2025-05-27T02:48:50.680+0000][69][info ][safepoint   ] Safepoint "Cleanup", Time since last: 2000891747 ns, Reaching safepoint: 18282 ns, Cleanup: 12769 ns, At safepoint: 8711 ns, Total: 39762 ns
[2025-05-27T02:48:54.678+0000][69][info ][safepoint   ] Safepoint "Cleanup", Time since last: 4001364202 ns, Reaching safepoint: 73307 ns, Cleanup: 17996 ns, At safepoint: 18545 ns, Total: 109848 ns
[2025-05-27T02:49:00.679+0000][69][info ][safepoint   ] Safepoint "Cleanup", Time since last: 6001467237 ns, Reaching safepoint: 117422 ns, Cleanup: 25104 ns, At safepoint: 18016 ns, Total: 160542 ns
[2025-05-27T02:49:01.680+0000][69][info ][safepoint   ] Safepoint "Cleanup", Time since last: 1000777192 ns, Reaching safepoint: 28120 ns, Cleanup: 13955 ns, At safepoint: 15677 ns, Total: 57752 ns
[2025-05-27T02:49:03.681+0000][69][info ][safepoint   ] Safepoint "Cleanup", Time since last: 2000958627 ns, Reaching safepoint: 29168 ns, Cleanup: 15876 ns, At safepoint: 15479 ns, Total: 60523 ns
[2025-05-27T02:49:05.037+0000][69][info ][safepoint   ] Safepoint "Cleanup", Time since last: 1355137566 ns, Reaching safepoint: 138762 ns, Cleanup: 11032 ns, At safepoint: 48845 ns, Total: 198639 ns
[2025-05-27T02:49:06.732+0000][69][info ][safepoint   ] Safepoint "Cleanup", Time since last: 1695025269 ns, Reaching safepoint: 16856 ns, Cleanup: 16586 ns, At safepoint: 7093 ns, Total: 40535 ns
[2025-05-27T02:49:08.732+0000][69][info ][safepoint   ] Safepoint "Cleanup", Time since last: 2000659391 ns, Reaching safepoint: 17793 ns, Cleanup: 11878 ns, At safepoint: 8425 ns, Total: 38096 ns
[2025-05-27T02:49:13.734+0000][69][info ][safepoint   ] Safepoint "Cleanup", Time since last: 5001385312 ns, Reaching safepoint: 29132 ns, Cleanup: 23904 ns, At safepoint: 16551 ns, Total: 69587 ns
[2025-05-27T02:49:14.735+0000][69][info ][safepoint   ] Safepoint "Cleanup", Time since last: 1000900226 ns, Reaching safepoint: 166384 ns, Cleanup: 13990 ns, At safepoint: 74904 ns, Total: 255278 ns
[2025-05-27T02:49:20.737+0000][69][info ][safepoint   ] Safepoint "Cleanup", Time since last: 6001483880 ns, Reaching safepoint: 28388 ns, Cleanup: 16424 ns, At safepoint: 16744 ns, Total: 61556 ns
[2025-05-27T02:49:23.735+0000][69][info ][safepoint   ] Safepoint "Cleanup", Time since last: 3000924574 ns, Reaching safepoint: 28733 ns, Cleanup: 23084 ns, At safepoint: 15338 ns, Total: 67155 ns
[2025-05-27T02:49:24.736+0000][69][info ][safepoint   ] Safepoint "Cleanup", Time since last: 1000658701 ns, Reaching safepoint: 250982 ns, Cleanup: 20258 ns, At safepoint: 130258 ns, Total: 401498 ns
[2025-05-27T02:49:25.737+0000][69][info ][safepoint   ] Safepoint "Cleanup", Time since last: 1000709983 ns, Reaching safepoint: 27647 ns, Cleanup: 17340 ns, At safepoint: 14481 ns, Total: 59468 ns
[2025-05-27T02:49:26.738+0000][69][info ][safepoint   ] Safepoint "Cleanup", Time since last: 1000826376 ns, Reaching safepoint: 27466 ns, Cleanup: 17568 ns, At safepoint: 15657 ns, Total: 60691 ns
[2025-05-27T02:49:35.712+0000][69][info ][safepoint   ] Safepoint "Cleanup", Time since last: 8973785825 ns, Reaching safepoint: 29624 ns, Cleanup: 26280 ns, At safepoint: 16303 ns, Total: 72207 ns
[2025-05-27T02:49:40.713+0000][69][info ][safepoint   ] Safepoint "Cleanup", Time since last: 5001668177 ns, Reaching safepoint: 61789 ns, Cleanup: 15336 ns, At safepoint: 16803 ns, Total: 93928 ns
[2025-05-27T02:49:41.714+0000][69][info ][safepoint   ] Safepoint "Cleanup", Time since last: 1000757270 ns, Reaching safepoint: 28319 ns, Cleanup: 14246 ns, At safepoint: 15604 ns, Total: 58169 ns
[2025-05-27T02:49:43.715+0000][69][info ][safepoint   ] Safepoint "Cleanup", Time since last: 2000816582 ns, Reaching safepoint: 28816 ns, Cleanup: 14998 ns, At safepoint: 16343 ns, Total: 60157 ns
[2025-05-27T02:49:44.716+0000][69][info ][safepoint   ] Safepoint "Cleanup", Time since last: 1000977527 ns, Reaching safepoint: 28460 ns, Cleanup: 15132 ns, At safepoint: 16872 ns, Total: 60464 ns
[2025-05-27T02:49:48.718+0000][69][info ][safepoint   ] Safepoint "Cleanup", Time since last: 4001354533 ns, Reaching safepoint: 29721 ns, Cleanup: 16415 ns, At safepoint: 16477 ns, Total: 62613 ns
[2025-05-27T02:49:49.719+0000][69][info ][safepoint   ] Safepoint "Cleanup", Time since last: 1000790925 ns, Reaching safepoint: 113684 ns, Cleanup: 18605 ns, At safepoint: 15152 ns, Total: 147441 ns
[2025-05-27T02:49:50.720+0000][69][info ][safepoint   ] Safepoint "Cleanup", Time since last: 1000912362 ns, Reaching safepoint: 29426 ns, Cleanup: 20071 ns, At safepoint: 16568 ns, Total: 66065 ns
[2025-05-27T02:49:53.718+0000][69][info ][safepoint   ] Safepoint "Cleanup", Time since last: 3001164023 ns, Reaching safepoint: 17807 ns, Cleanup: 12360 ns, At safepoint: 8250 ns, Total: 38417 ns
[2025-05-27T02:49:54.719+0000][69][info ][safepoint   ] Safepoint "Cleanup", Time since last: 1000790573 ns, Reaching safepoint: 17731 ns, Cleanup: 16310 ns, At safepoint: 8199 ns, Total: 42240 ns
[2025-05-27T02:49:55.720+0000][69][info ][safepoint   ] Safepoint "Cleanup", Time since last: 1000565374 ns, Reaching safepoint: 16730 ns, Cleanup: 13687 ns, At safepoint: 7486 ns, Total: 37903 ns
[2025-05-27T02:50:04.722+0000][69][info ][safepoint   ] Safepoint "Cleanup", Time since last: 9002327566 ns, Reaching safepoint: 124650 ns, Cleanup: 18487 ns, At safepoint: 21532 ns, Total: 164669 ns
[2025-05-27T02:50:05.723+0000][69][info ][safepoint   ] Safepoint "Cleanup", Time since last: 1000922887 ns, Reaching safepoint: 27305 ns, Cleanup: 14486 ns, At safepoint: 15618 ns, Total: 57409 ns
[2025-05-27T02:50:08.029+0000][69][info ][safepoint   ] Safepoint "Cleanup", Time since last: 2305268217 ns, Reaching safepoint: 112759 ns, Cleanup: 9315 ns, At safepoint: 49554 ns, Total: 171628 ns
[2025-05-27T02:50:09.773+0000][69][info ][safepoint   ] Safepoint "Cleanup", Time since last: 1744611175 ns, Reaching safepoint: 25386 ns, Cleanup: 20421 ns, At safepoint: 10464 ns, Total: 56271 ns
[2025-05-27T02:50:10.774+0000][69][info ][safepoint   ] Safepoint "Cleanup", Time since last: 1000632051 ns, Reaching safepoint: 69575 ns, Cleanup: 15262 ns, At safepoint: 32850 ns, Total: 117687 ns
[2025-05-27T02:50:13.775+0000][69][info ][safepoint   ] Safepoint "Cleanup", Time since last: 3001044415 ns, Reaching safepoint: 27432 ns, Cleanup: 27557 ns, At safepoint: 17381 ns, Total: 72370 ns
[2025-05-27T02:50:14.776+0000][69][info ][safepoint   ] Safepoint "Cleanup", Time since last: 1000696298 ns, Reaching safepoint: 16691 ns, Cleanup: 11390 ns, At safepoint: 8150 ns, Total: 36231 ns
[2025-05-27T02:50:20.778+0000][69][info ][safepoint   ] Safepoint "Cleanup", Time since last: 6001515669 ns, Reaching safepoint: 28232 ns, Cleanup: 15157 ns, At safepoint: 9429 ns, Total: 52818 ns
[2025-05-27T02:50:23.032+0000][69][info ][safepoint   ] Safepoint "Cleanup", Time since last: 2257939614 ns, Reaching safepoint: 6121 ns, Cleanup: 15425 ns, At safepoint: 14272 ns, Total: 35818 ns
[2025-05-27T02:50:24.804+0000][69][info ][safepoint   ] Safepoint "Cleanup", Time since last: 1771355743 ns, Reaching safepoint: 25201 ns, Cleanup: 44772 ns, At safepoint: 10567 ns, Total: 80540 ns
[2025-05-27T02:50:25.850+0000][69][info ][safepoint   ] Safepoint "Cleanup", Time since last: 1046451677 ns, Reaching safepoint: 33597 ns, Cleanup: 16602 ns, At safepoint: 21785 ns, Total: 71984 ns
[2025-05-27T02:50:29.743+0000][69][info ][safepoint   ] Safepoint "Cleanup", Time since last: 3892993868 ns, Reaching safepoint: 11994 ns, Cleanup: 14384 ns, At safepoint: 11093 ns, Total: 37471 ns
[2025-05-27T02:50:35.745+0000][69][info ][safepoint   ] Safepoint "Cleanup", Time since last: 6001697672 ns, Reaching safepoint: 28912 ns, Cleanup: 20339 ns, At safepoint: 17131 ns, Total: 66382 ns
[2025-05-27T02:50:40.747+0000][69][info ][safepoint   ] Safepoint "Cleanup", Time since last: 5001671165 ns, Reaching safepoint: 19623 ns, Cleanup: 14072 ns, At safepoint: 9219 ns, Total: 42914 ns
[2025-05-27T02:50:43.748+0000][69][info ][safepoint   ] Safepoint "Cleanup", Time since last: 3001136777 ns, Reaching safepoint: 68877 ns, Cleanup: 17157 ns, At safepoint: 17101 ns, Total: 103135 ns
[2025-05-27T02:50:44.749+0000][69][info ][safepoint   ] Safepoint "Cleanup", Time since last: 1000799995 ns, Reaching safepoint: 31294 ns, Cleanup: 17433 ns, At safepoint: 18263 ns, Total: 66990 ns
[2025-05-27T02:50:50.539+0000][69][info ][safepoint   ] Safepoint "Cleanup", Time since last: 5790310135 ns, Reaching safepoint: 5487 ns, Cleanup: 10131 ns, At safepoint: 13185 ns, Total: 28803 ns
[2025-05-27T02:50:51.552+0000][69][info ][safepoint   ] Safepoint "Cleanup", Time since last: 1015218613 ns, Reaching safepoint: 28193 ns, Cleanup: 15519 ns, At safepoint: 15226 ns, Total: 58938 ns
[2025-05-27T02:50:53.553+0000][69][info ][safepoint   ] Safepoint "Cleanup", Time since last: 2000901166 ns, Reaching safepoint: 19835 ns, Cleanup: 14802 ns, At safepoint: 8783 ns, Total: 43420 ns
[2025-05-27T02:50:54.553+0000][69][info ][safepoint   ] Safepoint "Cleanup", Time since last: 1000517473 ns, Reaching safepoint: 19051 ns, Cleanup: 15920 ns, At safepoint: 9022 ns, Total: 43993 ns
[2025-05-27T02:50:55.554+0000][69][info ][safepoint   ] Safepoint "Cleanup", Time since last: 1000837217 ns, Reaching safepoint: 30749 ns, Cleanup: 15632 ns, At safepoint: 16363 ns, Total: 62744 ns
[2025-05-27T02:50:59.555+0000][69][info ][safepoint   ] Safepoint "Cleanup", Time since last: 4001069395 ns, Reaching safepoint: 18152 ns, Cleanup: 16034 ns, At safepoint: 8709 ns, Total: 42895 ns
[2025-05-27T02:51:04.557+0000][69][info ][safepoint   ] Safepoint "Cleanup", Time since last: 5001472528 ns, Reaching safepoint: 29217 ns, Cleanup: 14473 ns, At safepoint: 15476 ns, Total: 59166 ns
[2025-05-27T02:51:11.043+0000][69][info ][safepoint   ] Safepoint "Cleanup", Time since last: 6486232871 ns, Reaching safepoint: 14013 ns, Cleanup: 18859 ns, At safepoint: 67784 ns, Total: 100656 ns
[2025-05-27T02:51:12.898+0000][69][info ][safepoint   ] Safepoint "Cleanup", Time since last: 1854178764 ns, Reaching safepoint: 12147 ns, Cleanup: 62693 ns, At safepoint: 68968 ns, Total: 143808 ns
[2025-05-27T02:51:13.901+0000][69][info ][safepoint   ] Safepoint "Cleanup", Time since last: 1003352019 ns, Reaching safepoint: 27483 ns, Cleanup: 28338 ns, At safepoint: 15874 ns, Total: 71695 ns
[2025-05-27T02:51:14.902+0000][69][info ][safepoint   ] Safepoint "Cleanup", Time since last: 1000647488 ns, Reaching safepoint: 16685 ns, Cleanup: 13479 ns, At safepoint: 6697 ns, Total: 36861 ns
[2025-05-27T02:51:23.901+0000][69][info ][safepoint   ] Safepoint "Cleanup", Time since last: 9001976885 ns, Reaching safepoint: 27696 ns, Cleanup: 16620 ns, At safepoint: 10143 ns, Total: 54459 ns
[2025-05-27T02:51:26.902+0000][69][info ][safepoint   ] Safepoint "Cleanup", Time since last: 3000942056 ns, Reaching safepoint: 17902 ns, Cleanup: 14046 ns, At safepoint: 8205 ns, Total: 40153 ns
[2025-05-27T02:51:30.777+0000][69][info ][safepoint   ] Safepoint "Cleanup", Time since last: 3875867561 ns, Reaching safepoint: 17077 ns, Cleanup: 14730 ns, At safepoint: 7871 ns, Total: 39678 ns
[2025-05-27T02:51:32.778+0000][69][info ][safepoint   ] Safepoint "Cleanup", Time since last: 2000970519 ns, Reaching safepoint: 33639 ns, Cleanup: 17319 ns, At safepoint: 18433 ns, Total: 69391 ns
[2025-05-27T02:51:35.779+0000][69][info ][safepoint   ] Safepoint "Cleanup", Time since last: 3000913831 ns, Reaching safepoint: 18786 ns, Cleanup: 12980 ns, At safepoint: 8789 ns, Total: 40555 ns
[2025-05-27T02:51:40.781+0000][69][info ][safepoint   ] Safepoint "Cleanup", Time since last: 5001424601 ns, Reaching safepoint: 20153 ns, Cleanup: 11047 ns, At safepoint: 7181 ns, Total: 38381 ns
[2025-05-27T02:51:53.782+0000][69][info ][safepoint   ] Safepoint "Cleanup", Time since last: 13002839609 ns, Reaching safepoint: 56937 ns, Cleanup: 16706 ns, At safepoint: 10228 ns, Total: 83871 ns
[2025-05-27T02:51:54.782+0000][69][info ][safepoint   ] Safepoint "Cleanup", Time since last: 1000537744 ns, Reaching safepoint: 68918 ns, Cleanup: 27844 ns, At safepoint: 10403 ns, Total: 107165 ns
[2025-05-27T02:52:08.785+0000][69][info ][safepoint   ] Safepoint "Cleanup", Time since last: 14002727452 ns, Reaching safepoint: 24798 ns, Cleanup: 15422 ns, At safepoint: 22712 ns, Total: 62932 ns
[2025-05-27T02:52:14.002+0000][69][info ][safepoint   ] Safepoint "Cleanup", Time since last: 5216620848 ns, Reaching safepoint: 21194 ns, Cleanup: 12631 ns, At safepoint: 69403 ns, Total: 103228 ns
[2025-05-27T02:52:15.927+0000][69][info ][safepoint   ] Safepoint "Cleanup", Time since last: 1925265647 ns, Reaching safepoint: 30074 ns, Cleanup: 21353 ns, At safepoint: 16057 ns, Total: 67484 ns
[2025-05-27T02:52:23.927+0000][69][info ][safepoint   ] Safepoint "Cleanup", Time since last: 8001887082 ns, Reaching safepoint: 537477 ns, Cleanup: 16249 ns, At safepoint: 17759 ns, Total: 571485 ns
[2025-05-27T02:52:43.816+0000][69][info ][safepoint   ] Safepoint "Cleanup", Time since last: 19888289728 ns, Reaching safepoint: 242012 ns, Cleanup: 17416 ns, At safepoint: 28480 ns, Total: 287908 ns
[2025-05-27T02:52:50.818+0000][69][info ][safepoint   ] Safepoint "Cleanup", Time since last: 7001982256 ns, Reaching safepoint: 27543 ns, Cleanup: 16243 ns, At safepoint: 13135 ns, Total: 56921 ns
[2025-05-27T02:52:55.847+0000][69][info ][safepoint   ] Safepoint "Cleanup", Time since last: 5031707728 ns, Reaching safepoint: 18177 ns, Cleanup: 12985 ns, At safepoint: 8496 ns, Total: 39658 ns
[2025-05-27T02:53:05.850+0000][69][info ][safepoint   ] Safepoint "Cleanup", Time since last: 10002708890 ns, Reaching safepoint: 347985 ns, Cleanup: 19980 ns, At safepoint: 32106 ns, Total: 400071 ns
[2025-05-27T02:53:11.852+0000][69][info ][safepoint   ] Safepoint "Cleanup", Time since last: 6001627740 ns, Reaching safepoint: 57847 ns, Cleanup: 13736 ns, At safepoint: 8408 ns, Total: 79991 ns
[2025-05-27T02:53:13.853+0000][69][info ][safepoint   ] Safepoint "Cleanup", Time since last: 2000949116 ns, Reaching safepoint: 17618 ns, Cleanup: 14595 ns, At safepoint: 8332 ns, Total: 40545 ns
[2025-05-27T02:53:14.854+0000][69][info ][safepoint   ] Safepoint "Cleanup", Time since last: 1001006578 ns, Reaching safepoint: 61522 ns, Cleanup: 14989 ns, At safepoint: 30179 ns, Total: 106690 ns
[2025-05-27T02:53:17.040+0000][69][info ][safepoint   ] Safepoint "Cleanup", Time since last: 2186286480 ns, Reaching safepoint: 91980 ns, Cleanup: 8118 ns, At safepoint: 45865 ns, Total: 145963 ns
[2025-05-27T02:53:18.984+0000][69][info ][safepoint   ] Safepoint "Cleanup", Time since last: 1943825255 ns, Reaching safepoint: 31947 ns, Cleanup: 128830 ns, At safepoint: 21492 ns, Total: 182269 ns
[2025-05-27T02:53:20.985+0000][69][info ][safepoint   ] Safepoint "Cleanup", Time since last: 2000766653 ns, Reaching safepoint: 115605 ns, Cleanup: 18374 ns, At safepoint: 56792 ns, Total: 190771 ns
[2025-05-27T02:53:23.983+0000][69][info ][safepoint   ] Safepoint "Cleanup", Time since last: 3000896832 ns, Reaching safepoint: 28492 ns, Cleanup: 16672 ns, At safepoint: 75704 ns, Total: 120868 ns
[2025-05-27T02:53:25.984+0000][69][info ][safepoint   ] Safepoint "Cleanup", Time since last: 2000894232 ns, Reaching safepoint: 159892 ns, Cleanup: 12097 ns, At safepoint: 33393 ns, Total: 205382 ns
[2025-05-27T02:53:28.985+0000][69][info ][safepoint   ] Safepoint "Cleanup", Time since last: 3000805484 ns, Reaching safepoint: 116001 ns, Cleanup: 15139 ns, At safepoint: 51245 ns, Total: 182385 ns
[2025-05-27T02:53:30.848+0000][69][info ][safepoint   ] Safepoint "Cleanup", Time since last: 1862672760 ns, Reaching safepoint: 28364 ns, Cleanup: 18077 ns, At safepoint: 16146 ns, Total: 62587 ns
[2025-05-27T02:53:47.852+0000][69][info ][safepoint   ] Safepoint "Cleanup", Time since last: 17003487692 ns, Reaching safepoint: 67259 ns, Cleanup: 15443 ns, At safepoint: 15587 ns, Total: 98289 ns
[2025-05-27T02:53:50.853+0000][69][info ][safepoint   ] Safepoint "Cleanup", Time since last: 3000983797 ns, Reaching safepoint: 27604 ns, Cleanup: 15388 ns, At safepoint: 15058 ns, Total: 58050 ns
[2025-05-27T02:53:53.851+0000][69][info ][safepoint   ] Safepoint "Cleanup", Time since last: 3000931767 ns, Reaching safepoint: 83651 ns, Cleanup: 18040 ns, At safepoint: 17836 ns, Total: 119527 ns
[2025-05-27T02:53:55.852+0000][69][info ][safepoint   ] Safepoint "Cleanup", Time since last: 2001002433 ns, Reaching safepoint: 17614 ns, Cleanup: 13005 ns, At safepoint: 8536 ns, Total: 39155 ns
[2025-05-27T02:53:59.854+0000][69][info ][safepoint   ] Safepoint "Cleanup", Time since last: 4001159456 ns, Reaching safepoint: 266870 ns, Cleanup: 67341 ns, At safepoint: 20320 ns, Total: 354531 ns
[2025-05-27T02:54:10.856+0000][69][info ][safepoint   ] Safepoint "Cleanup", Time since last: 11002103404 ns, Reaching safepoint: 17271 ns, Cleanup: 58208 ns, At safepoint: 8397 ns, Total: 83876 ns
[2025-05-27T02:54:13.857+0000][69][info ][safepoint   ] Safepoint "Cleanup", Time since last: 3001030880 ns, Reaching safepoint: 27792 ns, Cleanup: 17739 ns, At safepoint: 15262 ns, Total: 60793 ns
[2025-05-27T02:54:20.013+0000][69][info ][safepoint   ] Safepoint "Cleanup", Time since last: 6156213705 ns, Reaching safepoint: 6373 ns, Cleanup: 7531 ns, At safepoint: 3084 ns, Total: 16988 ns
[2025-05-27T02:54:21.047+0000][69][info ][safepoint   ] Safepoint "Cleanup", Time since last: 1033471172 ns, Reaching safepoint: 90810 ns, Cleanup: 9296 ns, At safepoint: 54294 ns, Total: 154400 ns
[2025-05-27T02:54:22.067+0000][69][info ][safepoint   ] Safepoint "Cleanup", Time since last: 1023569100 ns, Reaching safepoint: 28332 ns, Cleanup: 20338 ns, At safepoint: 67654 ns, Total: 116324 ns
[2025-05-27T02:54:25.069+0000][69][info ][safepoint   ] Safepoint "Cleanup", Time since last: 3001158539 ns, Reaching safepoint: 29131 ns, Cleanup: 15506 ns, At safepoint: 15399 ns, Total: 60036 ns
[2025-05-27T02:54:30.883+0000][69][info ][safepoint   ] Safepoint "Cleanup", Time since last: 5813950940 ns, Reaching safepoint: 18061 ns, Cleanup: 12708 ns, At safepoint: 7901 ns, Total: 38670 ns
[2025-05-27T02:54:53.885+0000][69][info ][safepoint   ] Safepoint "Cleanup", Time since last: 23004486152 ns, Reaching safepoint: 27580 ns, Cleanup: 18847 ns, At safepoint: 16905 ns, Total: 63332 ns
[2025-05-27T02:54:55.886+0000][69][info ][safepoint   ] Safepoint "Cleanup", Time since last: 2000975306 ns, Reaching safepoint: 27900 ns, Cleanup: 18295 ns, At safepoint: 15428 ns, Total: 61623 ns
[2025-05-27T02:55:13.889+0000][69][info ][safepoint   ] Safepoint "Cleanup", Time since last: 18003559528 ns, Reaching safepoint: 98451 ns, Cleanup: 15014 ns, At safepoint: 9790 ns, Total: 123255 ns
[2025-05-27T02:55:14.890+0000][69][info ][safepoint   ] Safepoint "Cleanup", Time since last: 1000658811 ns, Reaching safepoint: 17121 ns, Cleanup: 12985 ns, At safepoint: 8584 ns, Total: 38690 ns
[2025-05-27T02:55:18.892+0000][69][info ][safepoint   ] Safepoint "Cleanup", Time since last: 4001366654 ns, Reaching safepoint: 69197 ns, Cleanup: 16126 ns, At safepoint: 17583 ns, Total: 102906 ns
[2025-05-27T02:55:20.893+0000][69][info ][safepoint   ] Safepoint "Cleanup", Time since last: 2000932603 ns, Reaching safepoint: 28481 ns, Cleanup: 24385 ns, At safepoint: 16485 ns, Total: 69351 ns
[2025-05-27T02:55:21.891+0000][69][info ][safepoint   ] Safepoint "Cleanup", Time since last: 1000760295 ns, Reaching safepoint: 30112 ns, Cleanup: 15075 ns, At safepoint: 15353 ns, Total: 60540 ns
[2025-05-27T02:55:23.025+0000][69][info ][safepoint   ] Safepoint "Cleanup", Time since last: 1134547487 ns, Reaching safepoint: 6201 ns, Cleanup: 12611 ns, At safepoint: 13634 ns, Total: 32446 ns
[2025-05-27T02:55:24.066+0000][69][info ][safepoint   ] Safepoint "Cleanup", Time since last: 1040845582 ns, Reaching safepoint: 32394 ns, Cleanup: 38768 ns, At safepoint: 18653 ns, Total: 89815 ns
[2025-05-27T02:55:25.099+0000][69][info ][safepoint   ] Safepoint "Cleanup", Time since last: 1033259597 ns, Reaching safepoint: 17322 ns, Cleanup: 14517 ns, At safepoint: 7874 ns, Total: 39713 ns
[2025-05-27T02:55:26.102+0000][69][info ][safepoint   ] Safepoint "Cleanup", Time since last: 1002586510 ns, Reaching safepoint: 19362 ns, Cleanup: 31331 ns, At safepoint: 38588 ns, Total: 89281 ns
[2025-05-27T02:55:27.109+0000][69][info ][safepoint   ] Safepoint "Cleanup", Time since last: 1006840276 ns, Reaching safepoint: 28897 ns, Cleanup: 30020 ns, At safepoint: 15803 ns, Total: 74720 ns
[2025-05-27T02:55:28.140+0000][69][info ][safepoint   ] Safepoint "Cleanup", Time since last: 1031307816 ns, Reaching safepoint: 30291 ns, Cleanup: 18895 ns, At safepoint: 16924 ns, Total: 66110 ns
[2025-05-27T02:55:47.919+0000][69][info ][safepoint   ] Safepoint "Cleanup", Time since last: 19778866577 ns, Reaching safepoint: 157015 ns, Cleanup: 16495 ns, At safepoint: 17518 ns, Total: 191028 ns
[2025-05-27T02:55:50.543+0000][69][info ][safepoint   ] Safepoint "Cleanup", Time since last: 2623493866 ns, Reaching safepoint: 24662 ns, Cleanup: 28311 ns, At safepoint: 20266 ns, Total: 73239 ns
[2025-05-27T02:55:52.490+0000][69][info ][safepoint   ] Safepoint "Cleanup", Time since last: 1949547302 ns, Reaching safepoint: 15524 ns, Cleanup: 10782 ns, At safepoint: 8211 ns, Total: 34517 ns
[2025-05-27T02:56:13.494+0000][69][info ][safepoint   ] Safepoint "Cleanup", Time since last: 21003956526 ns, Reaching safepoint: 73169 ns, Cleanup: 15053 ns, At safepoint: 16039 ns, Total: 104261 ns
[2025-05-27T02:56:26.008+0000][69][info ][safepoint   ] Safepoint "Cleanup", Time since last: 12517246573 ns, Reaching safepoint: 7341 ns, Cleanup: 8774 ns, At safepoint: 14121 ns, Total: 30236 ns
[2025-05-27T02:56:27.187+0000][69][info ][safepoint   ] Safepoint "Cleanup", Time since last: 1178067377 ns, Reaching safepoint: 28905 ns, Cleanup: 33192 ns, At safepoint: 16840 ns, Total: 78937 ns
[2025-05-27T02:56:30.951+0000][69][info ][safepoint   ] Safepoint "Cleanup", Time since last: 3764255935 ns, Reaching safepoint: 27833 ns, Cleanup: 14995 ns, At safepoint: 15592 ns, Total: 58420 ns
[2025-05-27T02:56:34.983+0000][69][info ][gc,start    ] GC(15) Pause Young (Normal) (G1 Evacuation Pause)
[2025-05-27T02:56:34.984+0000][69][info ][gc,task     ] GC(15) Using 10 workers of 10 for evacuation
[2025-05-27T02:56:34.984+0000][69][debug][gc,age      ] GC(15) Desired survivor size 71303168 bytes, new threshold 5 (max threshold 15)
[2025-05-27T02:56:35.129+0000][69][info ][gc,phases   ] GC(15)   Pre Evacuate Collection Set: 0.89ms
[2025-05-27T02:56:35.130+0000][69][info ][gc,phases   ] GC(15)   Merge Heap Roots: 0.31ms
[2025-05-27T02:56:35.130+0000][69][info ][gc,phases   ] GC(15)   Evacuate Collection Set: 137.27ms
[2025-05-27T02:56:35.130+0000][69][info ][gc,phases   ] GC(15)   Post Evacuate Collection Set: 5.91ms
[2025-05-27T02:56:35.131+0000][69][info ][gc,phases   ] GC(15)   Other: 1.10ms
[2025-05-27T02:56:35.131+0000][69][trace][gc,age      ] GC(15) Age table with threshold 5 (max threshold 15)
[2025-05-27T02:56:35.131+0000][69][trace][gc,age      ] GC(15) - age   1:    1553440 bytes,    1553440 total
[2025-05-27T02:56:35.132+0000][69][trace][gc,age      ] GC(15) - age   2:   41726384 bytes,   43279824 total
[2025-05-27T02:56:35.132+0000][69][trace][gc,age      ] GC(15) - age   3:   20492912 bytes,   63772736 total
[2025-05-27T02:56:35.132+0000][69][trace][gc,age      ] GC(15) - age   4:      41856 bytes,   63814592 total
[2025-05-27T02:56:35.133+0000][69][trace][gc,age      ] GC(15) - age   5:      47760 bytes,   63862352 total
[2025-05-27T02:56:35.133+0000][69][info ][gc,heap     ] GC(15) Eden regions: 247->0(231)
[2025-05-27T02:56:35.133+0000][69][info ][gc,heap     ] GC(15) Survivor regions: 25->18(34)
[2025-05-27T02:56:35.134+0000][69][info ][gc,heap     ] GC(15) Old regions: 3->10
[2025-05-27T02:56:35.134+0000][69][info ][gc,heap     ] GC(15) Humongous regions: 0->0
[2025-05-27T02:56:35.134+0000][69][info ][gc,metaspace] GC(15) Metaspace: 143362K(147456K)->143362K(147456K) NonClass: 123713K(125888K)->123713K(125888K) Class: 19648K(21568K)->19648K(21568K)
[2025-05-27T02:56:35.135+0000][69][info ][gc          ] GC(15) Pause Young (Normal) (G1 Evacuation Pause) 1096M->108M(3880M) 151.926ms
[2025-05-27T02:56:35.135+0000][69][info ][gc,cpu      ] GC(15) User=0.73s Sys=0.22s Real=0.15s
[2025-05-27T02:56:35.136+0000][69][info ][safepoint   ] Safepoint "G1CollectForAllocation", Time since last: 4032002142 ns, Reaching safepoint: 18254 ns, Cleanup: 5123 ns, At safepoint: 153057786 ns, Total: 153081163 ns
[2025-05-27T02:56:36.137+0000][69][info ][safepoint   ] Safepoint "Cleanup", Time since last: 1000516054 ns, Reaching safepoint: 28301 ns, Cleanup: 13828 ns, At safepoint: 15211 ns, Total: 57340 ns
[2025-05-27T02:56:41.138+0000][69][info ][safepoint   ] Safepoint "Cleanup", Time since last: 5001227300 ns, Reaching safepoint: 19989 ns, Cleanup: 12923 ns, At safepoint: 26677 ns, Total: 59589 ns
[2025-05-27T02:56:54.138+0000][69][info ][safepoint   ] Safepoint "Cleanup", Time since last: 13002845319 ns, Reaching safepoint: 66469 ns, Cleanup: 16343 ns, At safepoint: 89150 ns, Total: 171962 ns
[2025-05-27T02:57:06.140+0000][69][info ][safepoint   ] Safepoint "Cleanup", Time since last: 12002232110 ns, Reaching safepoint: 18987 ns, Cleanup: 13031 ns, At safepoint: 7425 ns, Total: 39443 ns
[2025-05-27T02:57:08.141+0000][69][info ][safepoint   ] Safepoint "Cleanup", Time since last: 2000891518 ns, Reaching safepoint: 29902 ns, Cleanup: 23011 ns, At safepoint: 18129 ns, Total: 71042 ns
[2025-05-27T02:57:09.142+0000][69][info ][safepoint   ] Safepoint "Cleanup", Time since last: 1000636066 ns, Reaching safepoint: 29047 ns, Cleanup: 18617 ns, At safepoint: 16140 ns, Total: 63804 ns
[2025-05-27T02:57:14.143+0000][69][info ][safepoint   ] Safepoint "Cleanup", Time since last: 5001355147 ns, Reaching safepoint: 30430 ns, Cleanup: 26751 ns, At safepoint: 19098 ns, Total: 76279 ns
[2025-05-27T02:57:20.145+0000][69][info ][safepoint   ] Safepoint "Cleanup", Time since last: 6001419003 ns, Reaching safepoint: 30945 ns, Cleanup: 16116 ns, At safepoint: 17482 ns, Total: 64543 ns
[2025-05-27T02:57:21.143+0000][69][info ][safepoint   ] Safepoint "Cleanup", Time since last: 1000702922 ns, Reaching safepoint: 66905 ns, Cleanup: 18964 ns, At safepoint: 17441 ns, Total: 103310 ns
[2025-05-27T02:57:23.144+0000][69][info ][safepoint   ] Safepoint "Cleanup", Time since last: 2000694502 ns, Reaching safepoint: 17146 ns, Cleanup: 13071 ns, At safepoint: 8558 ns, Total: 38775 ns
[2025-05-27T02:57:26.145+0000][69][info ][safepoint   ] Safepoint "Cleanup", Time since last: 3000702911 ns, Reaching safepoint: 17056 ns, Cleanup: 12849 ns, At safepoint: 8461 ns, Total: 38366 ns
[2025-05-27T02:57:29.001+0000][69][info ][safepoint   ] Safepoint "Cleanup", Time since last: 2855917031 ns, Reaching safepoint: 9129 ns, Cleanup: 8776 ns, At safepoint: 35093 ns, Total: 52998 ns
[2025-05-27T02:57:30.985+0000][69][info ][safepoint   ] Safepoint "Cleanup", Time since last: 1984749238 ns, Reaching safepoint: 17247 ns, Cleanup: 20160 ns, At safepoint: 8203 ns, Total: 45610 ns
[2025-05-27T02:57:33.987+0000][69][info ][safepoint   ] Safepoint "Cleanup", Time since last: 3001012936 ns, Reaching safepoint: 29210 ns, Cleanup: 15439 ns, At safepoint: 16673 ns, Total: 61322 ns
[2025-05-27T02:57:34.987+0000][69][info ][safepoint   ] Safepoint "Cleanup", Time since last: 1000801770 ns, Reaching safepoint: 27813 ns, Cleanup: 15476 ns, At safepoint: 15765 ns, Total: 59054 ns
[2025-05-27T02:57:52.988+0000][69][info ][safepoint   ] Safepoint "Cleanup", Time since last: 18003542166 ns, Reaching safepoint: 87837 ns, Cleanup: 13872 ns, At safepoint: 9331 ns, Total: 111040 ns
[2025-05-27T02:57:55.990+0000][69][info ][safepoint   ] Safepoint "Cleanup", Time since last: 3001064677 ns, Reaching safepoint: 28742 ns, Cleanup: 14705 ns, At safepoint: 15931 ns, Total: 59378 ns
[2025-05-27T02:58:04.992+0000][69][info ][safepoint   ] Safepoint "Cleanup", Time since last: 9001917282 ns, Reaching safepoint: 17270 ns, Cleanup: 12432 ns, At safepoint: 8647 ns, Total: 38349 ns
[2025-05-27T02:58:10.993+0000][69][info ][safepoint   ] Safepoint "Cleanup", Time since last: 6001488026 ns, Reaching safepoint: 52797 ns, Cleanup: 17881 ns, At safepoint: 10795 ns, Total: 81473 ns
[2025-05-27T02:58:13.994+0000][69][info ][safepoint   ] Safepoint "Cleanup", Time since last: 3000850060 ns, Reaching safepoint: 25814 ns, Cleanup: 18480 ns, At safepoint: 10729 ns, Total: 55023 ns
[2025-05-27T02:58:16.009+0000][69][info ][safepoint   ] Safepoint "Cleanup", Time since last: 2014521601 ns, Reaching safepoint: 26091 ns, Cleanup: 17180 ns, At safepoint: 17608 ns, Total: 60879 ns
[2025-05-27T02:58:20.010+0000][69][info ][safepoint   ] Safepoint "Cleanup", Time since last: 4001280652 ns, Reaching safepoint: 75353 ns, Cleanup: 17612 ns, At safepoint: 10611 ns, Total: 103576 ns
[2025-05-27T02:58:31.984+0000][69][info ][safepoint   ] Safepoint "Cleanup", Time since last: 11976366502 ns, Reaching safepoint: 102993 ns, Cleanup: 10793 ns, At safepoint: 47788 ns, Total: 161574 ns
[2025-05-27T02:58:33.293+0000][69][info ][safepoint   ] Safepoint "Cleanup", Time since last: 1309030074 ns, Reaching safepoint: 24850 ns, Cleanup: 22799 ns, At safepoint: 9823 ns, Total: 57472 ns
[2025-05-27T02:58:44.295+0000][69][info ][safepoint   ] Safepoint "Cleanup", Time since last: 11002180659 ns, Reaching safepoint: 49055 ns, Cleanup: 18821 ns, At safepoint: 9986 ns, Total: 77862 ns
[2025-05-27T02:58:51.294+0000][69][info ][safepoint   ] Safepoint "Cleanup", Time since last: 7001442468 ns, Reaching safepoint: 17406 ns, Cleanup: 13091 ns, At safepoint: 7912 ns, Total: 38409 ns
[2025-05-27T02:58:53.295+0000][69][info ][safepoint   ] Safepoint "Cleanup", Time since last: 2000850147 ns, Reaching safepoint: 64955 ns, Cleanup: 15536 ns, At safepoint: 28583 ns, Total: 109074 ns
[2025-05-27T02:58:54.296+0000][69][info ][safepoint   ] Safepoint "Cleanup", Time since last: 1000728329 ns, Reaching safepoint: 28677 ns, Cleanup: 15276 ns, At safepoint: 120961 ns, Total: 164914 ns
[2025-05-27T02:58:55.297+0000][69][info ][safepoint   ] Safepoint "Cleanup", Time since last: 1000713731 ns, Reaching safepoint: 28729 ns, Cleanup: 14988 ns, At safepoint: 16567 ns, Total: 60284 ns
[2025-05-27T02:59:01.298+0000][69][info ][safepoint   ] Safepoint "Cleanup", Time since last: 6001241752 ns, Reaching safepoint: 18196 ns, Cleanup: 14182 ns, At safepoint: 7608 ns, Total: 39986 ns
[2025-05-27T02:59:14.301+0000][69][info ][safepoint   ] Safepoint "Cleanup", Time since last: 13002788376 ns, Reaching safepoint: 74769 ns, Cleanup: 17705 ns, At safepoint: 18656 ns, Total: 111130 ns
[2025-05-27T02:59:16.302+0000][69][info ][safepoint   ] Safepoint "Cleanup", Time since last: 2000776606 ns, Reaching safepoint: 17579 ns, Cleanup: 14141 ns, At safepoint: 8713 ns, Total: 40433 ns
[2025-05-27T02:59:21.301+0000][69][info ][safepoint   ] Safepoint "Cleanup", Time since last: 5001510012 ns, Reaching safepoint: 29488 ns, Cleanup: 17261 ns, At safepoint: 16147 ns, Total: 62896 ns
[2025-05-27T02:59:26.302+0000][69][info ][safepoint   ] Safepoint "Cleanup", Time since last: 5001181591 ns, Reaching safepoint: 68045 ns, Cleanup: 110093 ns, At safepoint: 25985 ns, Total: 204123 ns
[2025-05-27T02:59:34.993+0000][69][info ][safepoint   ] Safepoint "Cleanup", Time since last: 8690502535 ns, Reaching safepoint: 90235 ns, Cleanup: 7296 ns, At safepoint: 57359 ns, Total: 154890 ns
[2025-05-27T02:59:36.324+0000][69][info ][safepoint   ] Safepoint "Cleanup", Time since last: 1330991146 ns, Reaching safepoint: 28806 ns, Cleanup: 27050 ns, At safepoint: 17860 ns, Total: 73716 ns
[2025-05-27T02:59:38.325+0000][69][info ][safepoint   ] Safepoint "Cleanup", Time since last: 2000784336 ns, Reaching safepoint: 17027 ns, Cleanup: 40013 ns, At safepoint: 7714 ns, Total: 64754 ns
[2025-05-27T02:59:42.326+0000][69][info ][safepoint   ] Safepoint "Cleanup", Time since last: 4000906071 ns, Reaching safepoint: 117936 ns, Cleanup: 14383 ns, At safepoint: 34018 ns, Total: 166337 ns
[2025-05-27T02:59:47.327+0000][69][info ][safepoint   ] Safepoint "Cleanup", Time since last: 5001537828 ns, Reaching safepoint: 29337 ns, Cleanup: 17043 ns, At safepoint: 83011 ns, Total: 129391 ns
[2025-05-27T02:59:48.328+0000][69][info ][safepoint   ] Safepoint "Cleanup", Time since last: 1000675256 ns, Reaching safepoint: 28265 ns, Cleanup: 13807 ns, At safepoint: 15141 ns, Total: 57213 ns
[2025-05-27T02:59:54.327+0000][69][info ][safepoint   ] Safepoint "Cleanup", Time since last: 6001602087 ns, Reaching safepoint: 28321 ns, Cleanup: 24359 ns, At safepoint: 10738 ns, Total: 63418 ns
[2025-05-27T02:59:56.334+0000][69][info ][safepoint   ] Safepoint "Cleanup", Time since last: 2007047970 ns, Reaching safepoint: 28238 ns, Cleanup: 17175 ns, At safepoint: 16024 ns, Total: 61437 ns
[2025-05-27T03:00:00.336+0000][69][info ][safepoint   ] Safepoint "Cleanup", Time since last: 4001244157 ns, Reaching safepoint: 25053 ns, Cleanup: 15286 ns, At safepoint: 9749 ns, Total: 50088 ns
[2025-05-27T03:00:13.340+0000][69][info ][safepoint   ] Safepoint "Cleanup", Time since last: 13004359079 ns, Reaching safepoint: 59760 ns, Cleanup: 14683 ns, At safepoint: 8246 ns, Total: 82689 ns
[2025-05-27T03:00:14.341+0000][69][info ][safepoint   ] Safepoint "Cleanup", Time since last: 1000823976 ns, Reaching safepoint: 30720 ns, Cleanup: 16101 ns, At safepoint: 16925 ns, Total: 63746 ns
[2025-05-27T03:00:17.000+0000][69][info ][safepoint   ] Safepoint "Cleanup", Time since last: 2658485105 ns, Reaching safepoint: 13244 ns, Cleanup: 13579 ns, At safepoint: 12840 ns, Total: 39663 ns
[2025-05-27T03:00:18.343+0000][69][info ][safepoint   ] Safepoint "Cleanup", Time since last: 1343013023 ns, Reaching safepoint: 28587 ns, Cleanup: 31956 ns, At safepoint: 16021 ns, Total: 76564 ns
[2025-05-27T03:00:19.343+0000][69][info ][safepoint   ] Safepoint "Cleanup", Time since last: 1000723428 ns, Reaching safepoint: 26950 ns, Cleanup: 16628 ns, At safepoint: 15210 ns, Total: 58788 ns
[2025-05-27T03:00:20.344+0000][69][info ][safepoint   ] Safepoint "Cleanup", Time since last: 1000758055 ns, Reaching safepoint: 27760 ns, Cleanup: 15547 ns, At safepoint: 14920 ns, Total: 58227 ns
[2025-05-27T03:00:21.342+0000][69][info ][safepoint   ] Safepoint "Cleanup", Time since last: 1000688018 ns, Reaching safepoint: 28446 ns, Cleanup: 17856 ns, At safepoint: 14835 ns, Total: 61137 ns
[2025-05-27T03:00:26.344+0000][69][info ][safepoint   ] Safepoint "Cleanup", Time since last: 5001513920 ns, Reaching safepoint: 45230 ns, Cleanup: 15532 ns, At safepoint: 8749 ns, Total: 69511 ns
[2025-05-27T03:00:28.981+0000][69][info ][safepoint   ] Safepoint "Cleanup", Time since last: 2636932634 ns, Reaching safepoint: 5935 ns, Cleanup: 7633 ns, At safepoint: 13152 ns, Total: 26720 ns
[2025-05-27T03:00:30.090+0000][69][info ][safepoint   ] Safepoint "Cleanup", Time since last: 1108878641 ns, Reaching safepoint: 5314 ns, Cleanup: 14519 ns, At safepoint: 2926 ns, Total: 22759 ns
[2025-05-27T03:00:31.408+0000][69][info ][safepoint   ] Safepoint "Cleanup", Time since last: 1317962846 ns, Reaching safepoint: 26902 ns, Cleanup: 24307 ns, At safepoint: 15482 ns, Total: 66691 ns
[2025-05-27T03:00:34.409+0000][69][info ][safepoint   ] Safepoint "Cleanup", Time since last: 3001099502 ns, Reaching safepoint: 27233 ns, Cleanup: 15474 ns, At safepoint: 15073 ns, Total: 57780 ns
[2025-05-27T03:00:36.410+0000][69][info ][safepoint   ] Safepoint "Cleanup", Time since last: 2000912075 ns, Reaching safepoint: 26450 ns, Cleanup: 18191 ns, At safepoint: 14879 ns, Total: 59520 ns
[2025-05-27T03:00:37.979+0000][69][info ][safepoint   ] Safepoint "Cleanup", Time since last: 1569173025 ns, Reaching safepoint: 82128 ns, Cleanup: 11110 ns, At safepoint: 14513 ns, Total: 107751 ns
[2025-05-27T03:00:39.426+0000][69][info ][safepoint   ] Safepoint "Cleanup", Time since last: 1446343196 ns, Reaching safepoint: 27749 ns, Cleanup: 28909 ns, At safepoint: 15450 ns, Total: 72108 ns
[2025-05-27T03:00:41.427+0000][69][info ][safepoint   ] Safepoint "Cleanup", Time since last: 2001158162 ns, Reaching safepoint: 173628 ns, Cleanup: 17631 ns, At safepoint: 118343 ns, Total: 309602 ns
[2025-05-27T03:00:44.428+0000][69][info ][safepoint   ] Safepoint "Cleanup", Time since last: 3000860229 ns, Reaching safepoint: 174576 ns, Cleanup: 16361 ns, At safepoint: 127758 ns, Total: 318695 ns
[2025-05-27T03:00:45.429+0000][69][info ][safepoint   ] Safepoint "Cleanup", Time since last: 1000682387 ns, Reaching safepoint: 29818 ns, Cleanup: 15073 ns, At safepoint: 17372 ns, Total: 62263 ns
[2025-05-27T03:00:46.430+0000][69][info ][safepoint   ] Safepoint "Cleanup", Time since last: 1000828811 ns, Reaching safepoint: 27267 ns, Cleanup: 13917 ns, At safepoint: 14730 ns, Total: 55914 ns
[2025-05-27T03:00:50.510+0000][69][info ][safepoint   ] Safepoint "Cleanup", Time since last: 4080083787 ns, Reaching safepoint: 17862 ns, Cleanup: 13203 ns, At safepoint: 119235 ns, Total: 150300 ns
[2025-05-27T03:00:51.619+0000][69][info ][safepoint   ] Safepoint "Cleanup", Time since last: 1111457670 ns, Reaching safepoint: 29403 ns, Cleanup: 16952 ns, At safepoint: 16416 ns, Total: 62771 ns
[2025-05-27T03:00:54.620+0000][69][info ][safepoint   ] Safepoint "Cleanup", Time since last: 3001006098 ns, Reaching safepoint: 25958 ns, Cleanup: 17057 ns, At safepoint: 15760 ns, Total: 58775 ns
[2025-05-27T03:00:59.622+0000][69][info ][safepoint   ] Safepoint "Cleanup", Time since last: 5001518972 ns, Reaching safepoint: 131450 ns, Cleanup: 15586 ns, At safepoint: 16824 ns, Total: 163860 ns
[2025-05-27T03:01:10.624+0000][69][info ][safepoint   ] Safepoint "Cleanup", Time since last: 11002476194 ns, Reaching safepoint: 77090 ns, Cleanup: 15426 ns, At safepoint: 95337 ns, Total: 187853 ns
[2025-05-27T03:01:11.625+0000][69][info ][safepoint   ] Safepoint "Cleanup", Time since last: 1000874947 ns, Reaching safepoint: 32646 ns, Cleanup: 16234 ns, At safepoint: 89033 ns, Total: 137913 ns
[2025-05-27T03:01:13.626+0000][69][info ][safepoint   ] Safepoint "Cleanup", Time since last: 2000842646 ns, Reaching safepoint: 114098 ns, Cleanup: 13161 ns, At safepoint: 74715 ns, Total: 201974 ns
[2025-05-27T03:01:14.627+0000][69][info ][safepoint   ] Safepoint "Cleanup", Time since last: 1000634298 ns, Reaching safepoint: 230067 ns, Cleanup: 13447 ns, At safepoint: 84011 ns, Total: 327525 ns
[2025-05-27T03:01:20.629+0000][69][info ][safepoint   ] Safepoint "Cleanup", Time since last: 6001756009 ns, Reaching safepoint: 28670 ns, Cleanup: 16383 ns, At safepoint: 15598 ns, Total: 60651 ns
[2025-05-27T03:01:23.627+0000][69][info ][safepoint   ] Safepoint "Cleanup", Time since last: 3000881918 ns, Reaching safepoint: 18864 ns, Cleanup: 12675 ns, At safepoint: 7848 ns, Total: 39387 ns
[2025-05-27T03:01:31.125+0000][69][info ][safepoint   ] Safepoint "Cleanup", Time since last: 7497716604 ns, Reaching safepoint: 30834 ns, Cleanup: 23381 ns, At safepoint: 17007 ns, Total: 71222 ns
[2025-05-27T03:01:32.126+0000][69][info ][safepoint   ] Safepoint "Cleanup", Time since last: 1000666940 ns, Reaching safepoint: 31038 ns, Cleanup: 16680 ns, At safepoint: 17702 ns, Total: 65420 ns
[2025-05-27T03:01:41.007+0000][69][info ][safepoint   ] Safepoint "Cleanup", Time since last: 8880885223 ns, Reaching safepoint: 23752 ns, Cleanup: 14341 ns, At safepoint: 72317 ns, Total: 110410 ns
[2025-05-27T03:01:42.460+0000][69][info ][safepoint   ] Safepoint "Cleanup", Time since last: 1453234429 ns, Reaching safepoint: 43862 ns, Cleanup: 65289 ns, At safepoint: 7588 ns, Total: 116739 ns
[2025-05-27T03:01:44.461+0000][69][info ][safepoint   ] Safepoint "Cleanup", Time since last: 2000647486 ns, Reaching safepoint: 16916 ns, Cleanup: 33122 ns, At safepoint: 8340 ns, Total: 58378 ns
[2025-05-27T03:01:54.461+0000][69][info ][safepoint   ] Safepoint "Cleanup", Time since last: 10002482605 ns, Reaching safepoint: 31373 ns, Cleanup: 17177 ns, At safepoint: 17297 ns, Total: 65847 ns
[2025-05-27T03:02:10.464+0000][69][info ][safepoint   ] Safepoint "Cleanup", Time since last: 16003396104 ns, Reaching safepoint: 115707 ns, Cleanup: 25744 ns, At safepoint: 19304 ns, Total: 160755 ns
[2025-05-27T03:02:13.465+0000][69][info ][safepoint   ] Safepoint "Cleanup", Time since last: 3000944565 ns, Reaching safepoint: 44662 ns, Cleanup: 17976 ns, At safepoint: 8243 ns, Total: 70881 ns
[2025-05-27T03:02:17.467+0000][69][info ][safepoint   ] Safepoint "Cleanup", Time since last: 4001191008 ns, Reaching safepoint: 58297 ns, Cleanup: 15981 ns, At safepoint: 8421 ns, Total: 82699 ns
[2025-05-27T03:02:43.987+0000][69][info ][safepoint   ] Safepoint "Cleanup", Time since last: 26523392456 ns, Reaching safepoint: 15978 ns, Cleanup: 20574 ns, At safepoint: 80280 ns, Total: 116832 ns
[2025-05-27T03:02:45.488+0000][69][info ][safepoint   ] Safepoint "Cleanup", Time since last: 1500963371 ns, Reaching safepoint: 16016 ns, Cleanup: 17174 ns, At safepoint: 8239 ns, Total: 41429 ns
[2025-05-27T03:02:54.488+0000][69][info ][safepoint   ] Safepoint "Cleanup", Time since last: 9002196756 ns, Reaching safepoint: 28882 ns, Cleanup: 15500 ns, At safepoint: 14752 ns, Total: 59134 ns
[2025-05-27T03:03:05.491+0000][69][info ][safepoint   ] Safepoint "Cleanup", Time since last: 11002563084 ns, Reaching safepoint: 29700 ns, Cleanup: 20986 ns, At safepoint: 17070 ns, Total: 67756 ns
[2025-05-27T03:03:08.492+0000][69][info ][safepoint   ] Safepoint "Cleanup", Time since last: 3001146334 ns, Reaching safepoint: 27031 ns, Cleanup: 14786 ns, At safepoint: 16262 ns, Total: 58079 ns
[2025-05-27T03:03:10.493+0000][69][info ][safepoint   ] Safepoint "Cleanup", Time since last: 2000867646 ns, Reaching safepoint: 28687 ns, Cleanup: 15898 ns, At safepoint: 16717 ns, Total: 61302 ns
[2025-05-27T03:03:14.494+0000][69][info ][safepoint   ] Safepoint "Cleanup", Time since last: 4001332477 ns, Reaching safepoint: 63969 ns, Cleanup: 16844 ns, At safepoint: 15679 ns, Total: 96492 ns
[2025-05-27T03:03:20.496+0000][69][info ][safepoint   ] Safepoint "Cleanup", Time since last: 6001426202 ns, Reaching safepoint: 28879 ns, Cleanup: 16367 ns, At safepoint: 17016 ns, Total: 62262 ns
[2025-05-27T03:03:26.495+0000][69][info ][safepoint   ] Safepoint "Cleanup", Time since last: 6001595075 ns, Reaching safepoint: 29970 ns, Cleanup: 16579 ns, At safepoint: 15650 ns, Total: 62199 ns
[2025-05-27T03:03:31.194+0000][69][info ][safepoint   ] Safepoint "Cleanup", Time since last: 4699316043 ns, Reaching safepoint: 27721 ns, Cleanup: 14894 ns, At safepoint: 15062 ns, Total: 57677 ns
[2025-05-27T03:03:41.197+0000][69][info ][safepoint   ] Safepoint "Cleanup", Time since last: 10002252452 ns, Reaching safepoint: 29618 ns, Cleanup: 16048 ns, At safepoint: 16398 ns, Total: 62064 ns
[2025-05-27T03:03:47.506+0000][69][info ][safepoint   ] Safepoint "Cleanup", Time since last: 6309146788 ns, Reaching safepoint: 12356 ns, Cleanup: 20476 ns, At safepoint: 71114 ns, Total: 103946 ns
[2025-05-27T03:03:50.530+0000][69][info ][safepoint   ] Safepoint "Cleanup", Time since last: 3024308199 ns, Reaching safepoint: 27186 ns, Cleanup: 14136 ns, At safepoint: 15136 ns, Total: 56458 ns
[2025-05-27T03:03:54.529+0000][69][info ][safepoint   ] Safepoint "Cleanup", Time since last: 4001092866 ns, Reaching safepoint: 30692 ns, Cleanup: 15452 ns, At safepoint: 17786 ns, Total: 63930 ns
[2025-05-27T03:03:56.530+0000][69][info ][safepoint   ] Safepoint "Cleanup", Time since last: 2000896989 ns, Reaching safepoint: 34928 ns, Cleanup: 15443 ns, At safepoint: 81917 ns, Total: 132288 ns
[2025-05-27T03:04:32.228+0000][69][info ][safepoint   ] Safepoint "Cleanup", Time since last: 35700613087 ns, Reaching safepoint: 31757 ns, Cleanup: 18005 ns, At safepoint: 17346 ns, Total: 67108 ns
[2025-05-27T03:04:38.230+0000][69][info ][safepoint   ] Safepoint "Cleanup", Time since last: 6001496761 ns, Reaching safepoint: 118379 ns, Cleanup: 16242 ns, At safepoint: 18875 ns, Total: 153496 ns
[2025-05-27T03:04:49.988+0000][69][info ][safepoint   ] Safepoint "Cleanup", Time since last: 11758188573 ns, Reaching safepoint: 25478 ns, Cleanup: 11992 ns, At safepoint: 69848 ns, Total: 107318 ns
[2025-05-27T03:04:51.573+0000][69][info ][safepoint   ] Safepoint "Cleanup", Time since last: 1588020264 ns, Reaching safepoint: 29949 ns, Cleanup: 36397 ns, At safepoint: 16056 ns, Total: 82402 ns
[2025-05-27T03:05:00.576+0000][69][info ][safepoint   ] Safepoint "Cleanup", Time since last: 9002511619 ns, Reaching safepoint: 29405 ns, Cleanup: 15092 ns, At safepoint: 15794 ns, Total: 60291 ns
[2025-05-27T03:05:13.579+0000][69][info ][safepoint   ] Safepoint "Cleanup", Time since last: 13002973349 ns, Reaching safepoint: 65656 ns, Cleanup: 15853 ns, At safepoint: 16320 ns, Total: 97829 ns
[2025-05-27T03:05:31.263+0000][69][info ][safepoint   ] Safepoint "Cleanup", Time since last: 17686378080 ns, Reaching safepoint: 29064 ns, Cleanup: 18884 ns, At safepoint: 16580 ns, Total: 64528 ns
[2025-05-27T03:05:32.589+0000][69][info ][safepoint   ] Safepoint "Cleanup", Time since last: 1326315351 ns, Reaching safepoint: 22233 ns, Cleanup: 19980 ns, At safepoint: 73158 ns, Total: 115371 ns
[2025-05-27T03:05:35.615+0000][69][info ][safepoint   ] Safepoint "Cleanup", Time since last: 3025813899 ns, Reaching safepoint: 118841 ns, Cleanup: 17825 ns, At safepoint: 24337 ns, Total: 161003 ns
[2025-05-27T03:05:51.520+0000][69][info ][safepoint   ] Safepoint "Cleanup", Time since last: 15907582357 ns, Reaching safepoint: 28205 ns, Cleanup: 23826 ns, At safepoint: 15825 ns, Total: 67856 ns
[2025-05-27T03:05:52.993+0000][69][info ][safepoint   ] Safepoint "Cleanup", Time since last: 1473039012 ns, Reaching safepoint: 13588 ns, Cleanup: 9905 ns, At safepoint: 64420 ns, Total: 87913 ns
[2025-05-27T03:05:54.639+0000][69][info ][safepoint   ] Safepoint "Cleanup", Time since last: 1646415874 ns, Reaching safepoint: 17396 ns, Cleanup: 15507 ns, At safepoint: 7287 ns, Total: 40190 ns
[2025-05-27T03:06:02.641+0000][69][info ][safepoint   ] Safepoint "Cleanup", Time since last: 8002006597 ns, Reaching safepoint: 27721 ns, Cleanup: 14972 ns, At safepoint: 14789 ns, Total: 57482 ns
[2025-05-27T03:06:05.643+0000][69][info ][safepoint   ] Safepoint "Cleanup", Time since last: 3001432485 ns, Reaching safepoint: 29760 ns, Cleanup: 17676 ns, At safepoint: 119407 ns, Total: 166843 ns
[2025-05-27T03:06:07.644+0000][69][info ][safepoint   ] Safepoint "Cleanup", Time since last: 2001014990 ns, Reaching safepoint: 27838 ns, Cleanup: 14004 ns, At safepoint: 15966 ns, Total: 57808 ns
[2025-05-27T03:06:10.645+0000][69][info ][safepoint   ] Safepoint "Cleanup", Time since last: 3001029236 ns, Reaching safepoint: 18610 ns, Cleanup: 12865 ns, At safepoint: 7056 ns, Total: 38531 ns
[2025-05-27T03:06:17.647+0000][69][info ][safepoint   ] Safepoint "Cleanup", Time since last: 7001729263 ns, Reaching safepoint: 181710 ns, Cleanup: 18491 ns, At safepoint: 126954 ns, Total: 327155 ns
[2025-05-27T03:06:23.647+0000][69][info ][safepoint   ] Safepoint "Cleanup", Time since last: 6001641119 ns, Reaching safepoint: 73066 ns, Cleanup: 92554 ns, At safepoint: 21001 ns, Total: 186621 ns
[2025-05-27T03:06:26.648+0000][69][info ][safepoint   ] Safepoint "Cleanup", Time since last: 3001240744 ns, Reaching safepoint: 164917 ns, Cleanup: 13313 ns, At safepoint: 71357 ns, Total: 249587 ns
[2025-05-27T03:06:55.988+0000][69][info ][safepoint   ] Safepoint "Cleanup", Time since last: 29342281110 ns, Reaching safepoint: 30101 ns, Cleanup: 23522 ns, At safepoint: 136691 ns, Total: 190314 ns
[2025-05-27T03:06:57.682+0000][69][info ][safepoint   ] Safepoint "Cleanup", Time since last: 1693506642 ns, Reaching safepoint: 34532 ns, Cleanup: 47605 ns, At safepoint: 97202 ns, Total: 179339 ns
[2025-05-27T03:07:02.684+0000][69][info ][safepoint   ] Safepoint "Cleanup", Time since last: 5001742764 ns, Reaching safepoint: 34718 ns, Cleanup: 20471 ns, At safepoint: 80175 ns, Total: 135364 ns
[2025-05-27T03:07:13.687+0000][69][info ][safepoint   ] Safepoint "Cleanup", Time since last: 11003097998 ns, Reaching safepoint: 31169 ns, Cleanup: 17998 ns, At safepoint: 16530 ns, Total: 65697 ns
[2025-05-27T03:07:14.688+0000][69][info ][safepoint   ] Safepoint "Cleanup", Time since last: 1000738218 ns, Reaching safepoint: 27246 ns, Cleanup: 13489 ns, At safepoint: 14626 ns, Total: 55361 ns
[2025-05-27T03:07:31.335+0000][69][info ][safepoint   ] Safepoint "Cleanup", Time since last: 16650575588 ns, Reaching safepoint: 32814 ns, Cleanup: 17359 ns, At safepoint: 16568 ns, Total: 66741 ns
[2025-05-27T03:07:38.337+0000][69][info ][safepoint   ] Safepoint "Cleanup", Time since last: 7002026987 ns, Reaching safepoint: 62610 ns, Cleanup: 15191 ns, At safepoint: 144832 ns, Total: 222633 ns
[2025-05-27T03:07:41.339+0000][69][info ][safepoint   ] Safepoint "Cleanup", Time since last: 3001143987 ns, Reaching safepoint: 24987 ns, Cleanup: 16544 ns, At safepoint: 10983 ns, Total: 52514 ns
[2025-05-27T03:07:44.340+0000][69][info ][safepoint   ] Safepoint "Cleanup", Time since last: 3001239992 ns, Reaching safepoint: 28802 ns, Cleanup: 15279 ns, At safepoint: 15733 ns, Total: 59814 ns
[2025-05-27T03:07:51.340+0000][69][info ][safepoint   ] Safepoint "Cleanup", Time since last: 7001946096 ns, Reaching safepoint: 34059 ns, Cleanup: 16265 ns, At safepoint: 16300 ns, Total: 66624 ns
[2025-05-27T03:07:58.997+0000][69][info ][safepoint   ] Safepoint "Cleanup", Time since last: 7657562905 ns, Reaching safepoint: 7285 ns, Cleanup: 8234 ns, At safepoint: 25834 ns, Total: 41353 ns
[2025-05-27T03:08:00.718+0000][69][info ][safepoint   ] Safepoint "Cleanup", Time since last: 1720702208 ns, Reaching safepoint: 28600 ns, Cleanup: 22007 ns, At safepoint: 15940 ns, Total: 66547 ns
[2025-05-27T03:08:02.719+0000][69][info ][safepoint   ] Safepoint "Cleanup", Time since last: 2000937451 ns, Reaching safepoint: 29616 ns, Cleanup: 22740 ns, At safepoint: 15670 ns, Total: 68026 ns
[2025-05-27T03:08:03.720+0000][69][info ][safepoint   ] Safepoint "Cleanup", Time since last: 1000714791 ns, Reaching safepoint: 28000 ns, Cleanup: 15592 ns, At safepoint: 71542 ns, Total: 115134 ns
[2025-05-27T03:08:13.722+0000][69][info ][safepoint   ] Safepoint "Cleanup", Time since last: 10002375638 ns, Reaching safepoint: 68699 ns, Cleanup: 14786 ns, At safepoint: 29966 ns, Total: 113451 ns
[2025-05-27T03:08:20.725+0000][69][info ][safepoint   ] Safepoint "Cleanup", Time since last: 7002417417 ns, Reaching safepoint: 29271 ns, Cleanup: 14309 ns, At safepoint: 76611 ns, Total: 120191 ns
[2025-05-27T03:08:32.370+0000][69][info ][safepoint   ] Safepoint "Cleanup", Time since last: 11648091828 ns, Reaching safepoint: 29774 ns, Cleanup: 15686 ns, At safepoint: 15649 ns, Total: 61109 ns
[2025-05-27T03:08:41.372+0000][69][info ][safepoint   ] Safepoint "Cleanup", Time since last: 9002241138 ns, Reaching safepoint: 67059 ns, Cleanup: 16611 ns, At safepoint: 16476 ns, Total: 100146 ns
[2025-05-27T03:08:51.373+0000][69][info ][safepoint   ] Safepoint "Cleanup", Time since last: 10002572542 ns, Reaching safepoint: 71758 ns, Cleanup: 16235 ns, At safepoint: 31642 ns, Total: 119635 ns
[2025-05-27T03:08:54.374+0000][69][info ][safepoint   ] Safepoint "Cleanup", Time since last: 3001046539 ns, Reaching safepoint: 31120 ns, Cleanup: 20424 ns, At safepoint: 17209 ns, Total: 68753 ns
[2025-05-27T03:09:01.997+0000][69][info ][safepoint   ] Safepoint "Cleanup", Time since last: 7622677885 ns, Reaching safepoint: 151442 ns, Cleanup: 17571 ns, At safepoint: 46038 ns, Total: 215051 ns
[2025-05-27T03:09:03.760+0000][69][info ][safepoint   ] Safepoint "Cleanup", Time since last: 1762476660 ns, Reaching safepoint: 29833 ns, Cleanup: 15853 ns, At safepoint: 14636 ns, Total: 60322 ns
[2025-05-27T03:09:13.762+0000][69][info ][safepoint   ] Safepoint "Cleanup", Time since last: 10002203745 ns, Reaching safepoint: 28176 ns, Cleanup: 11520 ns, At safepoint: 8647 ns, Total: 48343 ns
[2025-05-27T03:09:17.763+0000][69][info ][safepoint   ] Safepoint "Cleanup", Time since last: 4001368086 ns, Reaching safepoint: 30890 ns, Cleanup: 16369 ns, At safepoint: 16475 ns, Total: 63734 ns
[2025-05-27T03:09:35.409+0000][69][info ][safepoint   ] Safepoint "Cleanup", Time since last: 17648321910 ns, Reaching safepoint: 27931 ns, Cleanup: 14729 ns, At safepoint: 14979 ns, Total: 57639 ns
[2025-05-27T03:09:53.411+0000][69][info ][safepoint   ] Safepoint "Cleanup", Time since last: 18003805648 ns, Reaching safepoint: 30622 ns, Cleanup: 15460 ns, At safepoint: 87168 ns, Total: 133250 ns
[2025-05-27T03:09:54.411+0000][69][info ][safepoint   ] Safepoint "Cleanup", Time since last: 1000654000 ns, Reaching safepoint: 29534 ns, Cleanup: 18543 ns, At safepoint: 16015 ns, Total: 64092 ns
[2025-05-27T03:09:56.412+0000][69][info ][safepoint   ] Safepoint "Cleanup", Time since last: 2000854148 ns, Reaching safepoint: 29579 ns, Cleanup: 17931 ns, At safepoint: 16377 ns, Total: 63887 ns
[2025-05-27T03:10:04.995+0000][69][info ][safepoint   ] Safepoint "Cleanup", Time since last: 8582313949 ns, Reaching safepoint: 21370 ns, Cleanup: 17832 ns, At safepoint: 72690 ns, Total: 111892 ns
[2025-05-27T03:10:06.821+0000][69][info ][safepoint   ] Safepoint "Cleanup", Time since last: 1826135839 ns, Reaching safepoint: 26640 ns, Cleanup: 17453 ns, At safepoint: 15260 ns, Total: 59353 ns
[2025-05-27T03:10:10.822+0000][69][info ][safepoint   ] Safepoint "Cleanup", Time since last: 4001221183 ns, Reaching safepoint: 27390 ns, Cleanup: 47092 ns, At safepoint: 14680 ns, Total: 89162 ns
[2025-05-27T03:10:13.848+0000][69][info ][safepoint   ] Safepoint "Cleanup", Time since last: 3025502108 ns, Reaching safepoint: 28388 ns, Cleanup: 23892 ns, At safepoint: 15292 ns, Total: 67572 ns
[2025-05-27T03:10:22.847+0000][69][info ][safepoint   ] Safepoint "Cleanup", Time since last: 9002091778 ns, Reaching safepoint: 30190 ns, Cleanup: 15377 ns, At safepoint: 15698 ns, Total: 61265 ns
[2025-05-27T03:10:32.448+0000][69][info ][safepoint   ] Safepoint "Cleanup", Time since last: 9600518114 ns, Reaching safepoint: 29611 ns, Cleanup: 16263 ns, At safepoint: 16582 ns, Total: 62456 ns
[2025-05-27T03:10:34.997+0000][69][info ][safepoint   ] Safepoint "Cleanup", Time since last: 2549178883 ns, Reaching safepoint: 51755 ns, Cleanup: 8317 ns, At safepoint: 45114 ns, Total: 105186 ns
[2025-05-27T03:10:36.843+0000][69][info ][safepoint   ] Safepoint "Cleanup", Time since last: 1845648247 ns, Reaching safepoint: 30841 ns, Cleanup: 22045 ns, At safepoint: 17448 ns, Total: 70334 ns
[2025-05-27T03:10:48.888+0000][69][info ][safepoint   ] Safepoint "Cleanup", Time since last: 12045448323 ns, Reaching safepoint: 28599 ns, Cleanup: 17742 ns, At safepoint: 16377 ns, Total: 62718 ns
[2025-05-27T03:10:50.488+0000][69][info ][safepoint   ] Safepoint "Cleanup", Time since last: 1599563761 ns, Reaching safepoint: 24532 ns, Cleanup: 12269 ns, At safepoint: 68323 ns, Total: 105124 ns
[2025-05-27T03:10:51.838+0000][69][info ][safepoint   ] Safepoint "Cleanup", Time since last: 1353205423 ns, Reaching safepoint: 30004 ns, Cleanup: 81050 ns, At safepoint: 20545 ns, Total: 131599 ns
[2025-05-27T03:10:54.839+0000][69][info ][safepoint   ] Safepoint "Cleanup", Time since last: 3001021508 ns, Reaching safepoint: 40091 ns, Cleanup: 12323 ns, At safepoint: 7459 ns, Total: 59873 ns
[2025-05-27T03:11:08.133+0000][69][info ][safepoint   ] Safepoint "Cleanup", Time since last: 13293647866 ns, Reaching safepoint: 16077 ns, Cleanup: 29864 ns, At safepoint: 84972 ns, Total: 130913 ns
[2025-05-27T03:11:09.919+0000][69][info ][safepoint   ] Safepoint "Cleanup", Time since last: 1786426183 ns, Reaching safepoint: 30175 ns, Cleanup: 16028 ns, At safepoint: 16400 ns, Total: 62603 ns
[2025-05-27T03:11:10.920+0000][69][info ][safepoint   ] Safepoint "Cleanup", Time since last: 1000849791 ns, Reaching safepoint: 28682 ns, Cleanup: 17235 ns, At safepoint: 15633 ns, Total: 61550 ns
[2025-05-27T03:11:13.921+0000][69][info ][safepoint   ] Safepoint "Cleanup", Time since last: 3001003908 ns, Reaching safepoint: 28617 ns, Cleanup: 18226 ns, At safepoint: 75725 ns, Total: 122568 ns
[2025-05-27T03:11:15.922+0000][69][info ][safepoint   ] Safepoint "Cleanup", Time since last: 2000981729 ns, Reaching safepoint: 27507 ns, Cleanup: 18090 ns, At safepoint: 15370 ns, Total: 60967 ns
[2025-05-27T03:11:25.922+0000][69][info ][safepoint   ] Safepoint "Cleanup", Time since last: 10002060787 ns, Reaching safepoint: 41681 ns, Cleanup: 12718 ns, At safepoint: 7632 ns, Total: 62031 ns
[2025-05-27T03:11:38.484+0000][69][info ][safepoint   ] Safepoint "Cleanup", Time since last: 12562362385 ns, Reaching safepoint: 34627 ns, Cleanup: 19794 ns, At safepoint: 17900 ns, Total: 72321 ns
[2025-05-27T03:11:45.486+0000][69][info ][safepoint   ] Safepoint "Cleanup", Time since last: 7001911939 ns, Reaching safepoint: 31466 ns, Cleanup: 16169 ns, At safepoint: 18040 ns, Total: 65675 ns
[2025-05-27T03:12:03.488+0000][69][info ][safepoint   ] Safepoint "Cleanup", Time since last: 18003537363 ns, Reaching safepoint: 170080 ns, Cleanup: 18488 ns, At safepoint: 22685 ns, Total: 211253 ns
[2025-05-27T03:12:10.490+0000][69][info ][safepoint   ] Safepoint "Cleanup", Time since last: 7001806825 ns, Reaching safepoint: 30579 ns, Cleanup: 17959 ns, At safepoint: 17111 ns, Total: 65649 ns
[2025-05-27T03:12:11.944+0000][69][info ][safepoint   ] Safepoint "Cleanup", Time since last: 1453883011 ns, Reaching safepoint: 16356 ns, Cleanup: 33098 ns, At safepoint: 102450 ns, Total: 151904 ns
[2025-05-27T03:12:13.966+0000][69][info ][safepoint   ] Safepoint "Cleanup", Time since last: 2021920797 ns, Reaching safepoint: 186724 ns, Cleanup: 19461 ns, At safepoint: 135787 ns, Total: 341972 ns
[2025-05-27T03:12:16.967+0000][69][info ][safepoint   ] Safepoint "Cleanup", Time since last: 3001107969 ns, Reaching safepoint: 32396 ns, Cleanup: 15754 ns, At safepoint: 201348 ns, Total: 249498 ns
[2025-05-27T03:12:24.966+0000][69][info ][safepoint   ] Safepoint "Cleanup", Time since last: 8001719920 ns, Reaching safepoint: 27763 ns, Cleanup: 15862 ns, At safepoint: 10260 ns, Total: 53885 ns
[2025-05-27T03:12:50.521+0000][69][info ][safepoint   ] Safepoint "Cleanup", Time since last: 25554508262 ns, Reaching safepoint: 130396 ns, Cleanup: 21906 ns, At safepoint: 19419 ns, Total: 171721 ns
[2025-05-27T03:12:54.520+0000][69][info ][safepoint   ] Safepoint "Cleanup", Time since last: 4001430851 ns, Reaching safepoint: 26269 ns, Cleanup: 18026 ns, At safepoint: 10720 ns, Total: 55015 ns
[2025-05-27T03:12:56.521+0000][69][info ][safepoint   ] Safepoint "Cleanup", Time since last: 2000780743 ns, Reaching safepoint: 29335 ns, Cleanup: 15059 ns, At safepoint: 15540 ns, Total: 59934 ns
[2025-05-27T03:13:13.984+0000][69][info ][safepoint   ] Safepoint "Cleanup", Time since last: 17462558353 ns, Reaching safepoint: 87398 ns, Cleanup: 20433 ns, At safepoint: 38392 ns, Total: 146223 ns
[2025-05-27T03:13:15.008+0000][69][info ][safepoint   ] Safepoint "Cleanup", Time since last: 1024270569 ns, Reaching safepoint: 7417 ns, Cleanup: 11907 ns, At safepoint: 13752 ns, Total: 33076 ns
[2025-05-27T03:13:16.023+0000][69][info ][safepoint   ] Safepoint "Cleanup", Time since last: 1015407784 ns, Reaching safepoint: 19845 ns, Cleanup: 13922 ns, At safepoint: 8539 ns, Total: 42306 ns
[2025-05-27T03:13:20.025+0000][69][info ][safepoint   ] Safepoint "Cleanup", Time since last: 4001137136 ns, Reaching safepoint: 131338 ns, Cleanup: 19886 ns, At safepoint: 19268 ns, Total: 170492 ns
[2025-05-27T03:13:24.023+0000][69][info ][safepoint   ] Safepoint "Cleanup", Time since last: 4001215733 ns, Reaching safepoint: 30296 ns, Cleanup: 14895 ns, At safepoint: 15388 ns, Total: 60579 ns
[2025-05-27T03:13:40.556+0000][69][info ][safepoint   ] Safepoint "Cleanup", Time since last: 16532452067 ns, Reaching safepoint: 33723 ns, Cleanup: 15528 ns, At safepoint: 16383 ns, Total: 65634 ns
[2025-05-27T03:13:43.557+0000][69][info ][safepoint   ] Safepoint "Cleanup", Time since last: 3001351728 ns, Reaching safepoint: 64493 ns, Cleanup: 16614 ns, At safepoint: 44297 ns, Total: 125404 ns
[2025-05-27T03:14:06.560+0000][69][info ][safepoint   ] Safepoint "Cleanup", Time since last: 23004962743 ns, Reaching safepoint: 266030 ns, Cleanup: 15811 ns, At safepoint: 19435 ns, Total: 301276 ns
[2025-05-27T03:14:13.562+0000][69][info ][safepoint   ] Safepoint "Cleanup", Time since last: 7001878492 ns, Reaching safepoint: 31209 ns, Cleanup: 22045 ns, At safepoint: 15819 ns, Total: 69073 ns
[2025-05-27T03:14:17.028+0000][69][info ][safepoint   ] Safepoint "Cleanup", Time since last: 3466209151 ns, Reaching safepoint: 12892 ns, Cleanup: 11601 ns, At safepoint: 23680 ns, Total: 48173 ns
[2025-05-27T03:14:18.031+0000][69][info ][safepoint   ] Safepoint "Cleanup", Time since last: 1002763452 ns, Reaching safepoint: 115047 ns, Cleanup: 174170 ns, At safepoint: 22939 ns, Total: 312156 ns
[2025-05-27T03:14:20.066+0000][69][info ][safepoint   ] Safepoint "Cleanup", Time since last: 2034180642 ns, Reaching safepoint: 28419 ns, Cleanup: 14924 ns, At safepoint: 14491 ns, Total: 57834 ns
[2025-05-27T03:14:47.593+0000][69][info ][safepoint   ] Safepoint "Cleanup", Time since last: 27529822633 ns, Reaching safepoint: 61879 ns, Cleanup: 13082 ns, At safepoint: 8002 ns, Total: 82963 ns
[2025-05-27T03:14:50.594+0000][69][info ][safepoint   ] Safepoint "Cleanup", Time since last: 3001024462 ns, Reaching safepoint: 68726 ns, Cleanup: 16336 ns, At safepoint: 16498 ns, Total: 101560 ns
[2025-05-27T03:14:53.593+0000][69][info ][safepoint   ] Safepoint "Cleanup", Time since last: 3001128925 ns, Reaching safepoint: 30324 ns, Cleanup: 20571 ns, At safepoint: 17067 ns, Total: 67962 ns
[2025-05-27T03:14:54.593+0000][69][info ][safepoint   ] Safepoint "Cleanup", Time since last: 1000828475 ns, Reaching safepoint: 28195 ns, Cleanup: 14143 ns, At safepoint: 14684 ns, Total: 57022 ns
[2025-05-27T03:15:03.596+0000][69][info ][safepoint   ] Safepoint "Cleanup", Time since last: 9002546835 ns, Reaching safepoint: 61370 ns, Cleanup: 15148 ns, At safepoint: 29097 ns, Total: 105615 ns
[2025-05-27T03:15:13.599+0000][69][info ][safepoint   ] Safepoint "Cleanup", Time since last: 10002488090 ns, Reaching safepoint: 32388 ns, Cleanup: 16256 ns, At safepoint: 18230 ns, Total: 66874 ns
[2025-05-27T03:15:20.006+0000][69][info ][safepoint   ] Safepoint "Cleanup", Time since last: 6407523341 ns, Reaching safepoint: 160538 ns, Cleanup: 13317 ns, At safepoint: 47289 ns, Total: 221144 ns
[2025-05-27T03:15:21.032+0000][69][info ][safepoint   ] Safepoint "Cleanup", Time since last: 1025628636 ns, Reaching safepoint: 27975 ns, Cleanup: 14968 ns, At safepoint: 15192 ns, Total: 58135 ns
[2025-05-27T03:15:22.110+0000][69][info ][safepoint   ] Safepoint "Cleanup", Time since last: 1080659224 ns, Reaching safepoint: 27166 ns, Cleanup: 17952 ns, At safepoint: 15178 ns, Total: 60296 ns
[2025-05-27T03:15:23.111+0000][69][info ][safepoint   ] Safepoint "Cleanup", Time since last: 1000699748 ns, Reaching safepoint: 147342 ns, Cleanup: 18022 ns, At safepoint: 133021 ns, Total: 298385 ns
[2025-05-27T03:15:25.157+0000][69][info ][safepoint   ] Safepoint "Cleanup", Time since last: 2045884505 ns, Reaching safepoint: 33381 ns, Cleanup: 19648 ns, At safepoint: 18128 ns, Total: 71157 ns
[2025-05-27T03:15:30.159+0000][69][info ][safepoint   ] Safepoint "Cleanup", Time since last: 5001612950 ns, Reaching safepoint: 28460 ns, Cleanup: 15669 ns, At safepoint: 15519 ns, Total: 59648 ns
[2025-05-27T03:15:35.626+0000][69][info ][safepoint   ] Safepoint "Cleanup", Time since last: 5467380058 ns, Reaching safepoint: 60441 ns, Cleanup: 17698 ns, At safepoint: 16566 ns, Total: 94705 ns
[2025-05-27T03:15:38.011+0000][69][info ][safepoint   ] Safepoint "Cleanup", Time since last: 2384641953 ns, Reaching safepoint: 6474 ns, Cleanup: 10202 ns, At safepoint: 2886 ns, Total: 19562 ns
[2025-05-27T03:15:39.177+0000][69][info ][safepoint   ] Safepoint "Cleanup", Time since last: 1165681485 ns, Reaching safepoint: 31979 ns, Cleanup: 22501 ns, At safepoint: 15280 ns, Total: 69760 ns
[2025-05-27T03:15:44.202+0000][69][info ][safepoint   ] Safepoint "Cleanup", Time since last: 5024992543 ns, Reaching safepoint: 28958 ns, Cleanup: 17560 ns, At safepoint: 14856 ns, Total: 61374 ns
[2025-05-27T03:15:50.474+0000][69][info ][safepoint   ] Safepoint "Cleanup", Time since last: 6272129194 ns, Reaching safepoint: 6927 ns, Cleanup: 16422 ns, At safepoint: 12960 ns, Total: 36309 ns
[2025-05-27T03:15:51.986+0000][69][info ][safepoint   ] Safepoint "Cleanup", Time since last: 1514327975 ns, Reaching safepoint: 20763 ns, Cleanup: 22691 ns, At safepoint: 8099 ns, Total: 51553 ns
[2025-05-27T03:15:52.987+0000][69][info ][safepoint   ] Safepoint "Cleanup", Time since last: 1000838254 ns, Reaching safepoint: 31675 ns, Cleanup: 17235 ns, At safepoint: 94590 ns, Total: 143500 ns
[2025-05-27T03:15:53.988+0000][69][info ][safepoint   ] Safepoint "Cleanup", Time since last: 1000770757 ns, Reaching safepoint: 30537 ns, Cleanup: 18040 ns, At safepoint: 17233 ns, Total: 65810 ns
[2025-05-27T03:16:03.990+0000][69][info ][safepoint   ] Safepoint "Cleanup", Time since last: 10002375899 ns, Reaching safepoint: 31722 ns, Cleanup: 16099 ns, At safepoint: 17276 ns, Total: 65097 ns
[2025-05-27T03:16:04.991+0000][69][info ][safepoint   ] Safepoint "Cleanup", Time since last: 1000624010 ns, Reaching safepoint: 28698 ns, Cleanup: 14629 ns, At safepoint: 14861 ns, Total: 58188 ns
[2025-05-27T03:16:07.992+0000][69][info ][safepoint   ] Safepoint "Cleanup", Time since last: 3001118547 ns, Reaching safepoint: 26846 ns, Cleanup: 13468 ns, At safepoint: 13868 ns, Total: 54182 ns
[2025-05-27T03:16:13.994+0000][69][info ][safepoint   ] Safepoint "Cleanup", Time since last: 6001519258 ns, Reaching safepoint: 213358 ns, Cleanup: 18063 ns, At safepoint: 129450 ns, Total: 360871 ns
[2025-05-27T03:16:22.993+0000][69][info ][safepoint   ] Safepoint "Cleanup", Time since last: 9001883203 ns, Reaching safepoint: 26775 ns, Cleanup: 33209 ns, At safepoint: 10227 ns, Total: 70211 ns
[2025-05-27T03:16:24.240+0000][69][info ][safepoint   ] Safepoint "Cleanup", Time since last: 1246602633 ns, Reaching safepoint: 23296 ns, Cleanup: 31168 ns, At safepoint: 68084 ns, Total: 122548 ns
[2025-05-27T03:16:26.246+0000][69][info ][safepoint   ] Safepoint "Cleanup", Time since last: 2006272623 ns, Reaching safepoint: 28997 ns, Cleanup: 15413 ns, At safepoint: 17096 ns, Total: 61506 ns
[2025-05-27T03:16:35.663+0000][69][info ][safepoint   ] Safepoint "Cleanup", Time since last: 9416571830 ns, Reaching safepoint: 44549 ns, Cleanup: 13221 ns, At safepoint: 8181 ns, Total: 65951 ns
[2025-05-27T03:16:40.664+0000][69][info ][safepoint   ] Safepoint "Cleanup", Time since last: 5001226089 ns, Reaching safepoint: 19117 ns, Cleanup: 11910 ns, At safepoint: 8369 ns, Total: 39396 ns
[2025-05-27T03:16:41.665+0000][69][info ][safepoint   ] Safepoint "Cleanup", Time since last: 1000802482 ns, Reaching safepoint: 28321 ns, Cleanup: 14875 ns, At safepoint: 15743 ns, Total: 58939 ns
[2025-05-27T03:16:53.665+0000][69][info ][safepoint   ] Safepoint "Cleanup", Time since last: 12002648401 ns, Reaching safepoint: 43113 ns, Cleanup: 12768 ns, At safepoint: 8570 ns, Total: 64451 ns
[2025-05-27T03:16:54.666+0000][69][info ][safepoint   ] Safepoint "Cleanup", Time since last: 1000601180 ns, Reaching safepoint: 24818 ns, Cleanup: 22869 ns, At safepoint: 9944 ns, Total: 57631 ns
[2025-05-27T03:17:01.973+0000][69][info ][gc,start    ] GC(16) Pause Young (Normal) (G1 Evacuation Pause)
[2025-05-27T03:17:01.974+0000][69][info ][gc,task     ] GC(16) Using 10 workers of 10 for evacuation
[2025-05-27T03:17:01.974+0000][69][debug][gc,age      ] GC(16) Desired survivor size 67108864 bytes, new threshold 15 (max threshold 15)
[2025-05-27T03:17:02.053+0000][69][info ][gc,phases   ] GC(16)   Pre Evacuate Collection Set: 0.81ms
[2025-05-27T03:17:02.054+0000][69][info ][gc,phases   ] GC(16)   Merge Heap Roots: 0.40ms
[2025-05-27T03:17:02.054+0000][69][info ][gc,phases   ] GC(16)   Evacuate Collection Set: 73.13ms
[2025-05-27T03:17:02.055+0000][69][info ][gc,phases   ] GC(16)   Post Evacuate Collection Set: 3.89ms
[2025-05-27T03:17:02.055+0000][69][info ][gc,phases   ] GC(16)   Other: 0.94ms
[2025-05-27T03:17:02.056+0000][69][trace][gc,age      ] GC(16) Age table with threshold 15 (max threshold 15)
[2025-05-27T03:17:02.057+0000][69][trace][gc,age      ] GC(16) - age   1:     657304 bytes,     657304 total
[2025-05-27T03:17:02.057+0000][69][trace][gc,age      ] GC(16) - age   2:     563344 bytes,    1220648 total
[2025-05-27T03:17:02.058+0000][69][trace][gc,age      ] GC(16) - age   3:   41719944 bytes,   42940592 total
[2025-05-27T03:17:02.059+0000][69][trace][gc,age      ] GC(16) - age   4:   20492912 bytes,   63433504 total
[2025-05-27T03:17:02.059+0000][69][trace][gc,age      ] GC(16) - age   5:      41856 bytes,   63475360 total
[2025-05-27T03:17:02.060+0000][69][trace][gc,age      ] GC(16) - age   6:      47760 bytes,   63523120 total
[2025-05-27T03:17:02.060+0000][69][info ][gc,heap     ] GC(16) Eden regions: 231->0(321)
[2025-05-27T03:17:02.060+0000][69][info ][gc,heap     ] GC(16) Survivor regions: 18->18(32)
[2025-05-27T03:17:02.061+0000][69][info ][gc,heap     ] GC(16) Old regions: 10->10
[2025-05-27T03:17:02.061+0000][69][info ][gc,heap     ] GC(16) Humongous regions: 0->0
[2025-05-27T03:17:02.062+0000][69][info ][gc,metaspace] GC(16) Metaspace: 144014K(148096K)->144014K(148096K) NonClass: 124362K(126528K)->124362K(126528K) Class: 19652K(21568K)->19652K(21568K)
[2025-05-27T03:17:02.062+0000][69][info ][gc          ] GC(16) Pause Young (Normal) (G1 Evacuation Pause) 1032M->109M(3880M) 89.340ms
[2025-05-27T03:17:02.063+0000][69][info ][gc,cpu      ] GC(16) User=0.68s Sys=0.01s Real=0.09s
[2025-05-27T03:17:02.064+0000][69][info ][safepoint   ] Safepoint "G1CollectForAllocation", Time since last: 7307165800 ns, Reaching safepoint: 17082 ns, Cleanup: 4470 ns, At safepoint: 90546584 ns, Total: 90568136 ns
[2025-05-27T03:17:11.066+0000][69][info ][safepoint   ] Safepoint "Cleanup", Time since last: 9001899228 ns, Reaching safepoint: 28078 ns, Cleanup: 15577 ns, At safepoint: 10971 ns, Total: 54626 ns
[2025-05-27T03:17:24.067+0000][69][info ][safepoint   ] Safepoint "Cleanup", Time since last: 13003841399 ns, Reaching safepoint: 69423 ns, Cleanup: 21529 ns, At safepoint: 17102 ns, Total: 108054 ns
[2025-05-27T03:17:25.989+0000][69][info ][safepoint   ] Safepoint "Cleanup", Time since last: 1922011332 ns, Reaching safepoint: 13539 ns, Cleanup: 8732 ns, At safepoint: 41851 ns, Total: 64122 ns
[2025-05-27T03:17:27.270+0000][69][info ][safepoint   ] Safepoint "Cleanup", Time since last: 1280630948 ns, Reaching safepoint: 34474 ns, Cleanup: 300932 ns, At safepoint: 36404 ns, Total: 371810 ns
[2025-05-27T03:17:53.698+0000][69][info ][safepoint   ] Safepoint "Cleanup", Time since last: 26430247151 ns, Reaching safepoint: 256515 ns, Cleanup: 79870 ns, At safepoint: 26553 ns, Total: 362938 ns
[2025-05-27T03:18:03.701+0000][69][info ][safepoint   ] Safepoint "Cleanup", Time since last: 10002827487 ns, Reaching safepoint: 32130 ns, Cleanup: 16932 ns, At safepoint: 17239 ns, Total: 66301 ns
[2025-05-27T03:18:05.702+0000][69][info ][safepoint   ] Safepoint "Cleanup", Time since last: 2000919138 ns, Reaching safepoint: 69383 ns, Cleanup: 18470 ns, At safepoint: 17887 ns, Total: 105740 ns
[2025-05-27T03:18:13.704+0000][69][info ][safepoint   ] Safepoint "Cleanup", Time since last: 8002019161 ns, Reaching safepoint: 28925 ns, Cleanup: 14702 ns, At safepoint: 16166 ns, Total: 59793 ns
[2025-05-27T03:18:20.706+0000][69][info ][safepoint   ] Safepoint "Cleanup", Time since last: 7001731976 ns, Reaching safepoint: 73994 ns, Cleanup: 16261 ns, At safepoint: 32552 ns, Total: 122807 ns
[2025-05-27T03:18:29.002+0000][69][info ][safepoint   ] Safepoint "Cleanup", Time since last: 8298708891 ns, Reaching safepoint: 15536 ns, Cleanup: 22569 ns, At safepoint: 84262 ns, Total: 122367 ns
[2025-05-27T03:18:30.309+0000][69][info ][safepoint   ] Safepoint "Cleanup", Time since last: 1307056921 ns, Reaching safepoint: 30865 ns, Cleanup: 18433 ns, At safepoint: 16897 ns, Total: 66195 ns
[2025-05-27T03:18:33.733+0000][69][info ][safepoint   ] Safepoint "Cleanup", Time since last: 3423138233 ns, Reaching safepoint: 28270 ns, Cleanup: 21163 ns, At safepoint: 15134 ns, Total: 64567 ns
[2025-05-27T03:18:44.735+0000][69][info ][safepoint   ] Safepoint "Cleanup", Time since last: 11002704193 ns, Reaching safepoint: 125924 ns, Cleanup: 19026 ns, At safepoint: 16862 ns, Total: 161812 ns
[2025-05-27T03:18:50.737+0000][69][info ][safepoint   ] Safepoint "Cleanup", Time since last: 6001596434 ns, Reaching safepoint: 59755 ns, Cleanup: 16957 ns, At safepoint: 15903 ns, Total: 92615 ns
[2025-05-27T03:18:53.736+0000][69][info ][safepoint   ] Safepoint "Cleanup", Time since last: 3001046432 ns, Reaching safepoint: 28709 ns, Cleanup: 16412 ns, At safepoint: 15359 ns, Total: 60480 ns
[2025-05-27T03:18:54.737+0000][69][info ][safepoint   ] Safepoint "Cleanup", Time since last: 1000782263 ns, Reaching safepoint: 28405 ns, Cleanup: 16836 ns, At safepoint: 16062 ns, Total: 61303 ns
[2025-05-27T03:18:55.738+0000][69][info ][safepoint   ] Safepoint "Cleanup", Time since last: 1000803442 ns, Reaching safepoint: 28859 ns, Cleanup: 18361 ns, At safepoint: 16276 ns, Total: 63496 ns
[2025-05-27T03:18:56.738+0000][69][info ][safepoint   ] Safepoint "Cleanup", Time since last: 1000572616 ns, Reaching safepoint: 57283 ns, Cleanup: 22584 ns, At safepoint: 8522 ns, Total: 88389 ns
[2025-05-27T03:19:05.741+0000][69][info ][safepoint   ] Safepoint "Cleanup", Time since last: 9002352539 ns, Reaching safepoint: 65382 ns, Cleanup: 15933 ns, At safepoint: 32210 ns, Total: 113525 ns
[2025-05-27T03:19:13.743+0000][69][info ][safepoint   ] Safepoint "Cleanup", Time since last: 8002253646 ns, Reaching safepoint: 151020 ns, Cleanup: 15839 ns, At safepoint: 21776 ns, Total: 188635 ns
[2025-05-27T03:19:15.744+0000][69][info ][safepoint   ] Safepoint "Cleanup", Time since last: 2000816062 ns, Reaching safepoint: 30788 ns, Cleanup: 17127 ns, At safepoint: 15507 ns, Total: 63422 ns
[2025-05-27T03:19:24.744+0000][69][info ][safepoint   ] Safepoint "Cleanup", Time since last: 9002095504 ns, Reaching safepoint: 294976 ns, Cleanup: 17438 ns, At safepoint: 21480 ns, Total: 333894 ns
[2025-05-27T03:19:32.019+0000][69][info ][safepoint   ] Safepoint "Cleanup", Time since last: 7275629793 ns, Reaching safepoint: 94883 ns, Cleanup: 10696 ns, At safepoint: 52908 ns, Total: 158487 ns
[2025-05-27T03:19:33.367+0000][69][info ][safepoint   ] Safepoint "Cleanup", Time since last: 1347632262 ns, Reaching safepoint: 29874 ns, Cleanup: 16412 ns, At safepoint: 17625 ns, Total: 63911 ns
[2025-05-27T03:19:49.370+0000][69][info ][safepoint   ] Safepoint "Cleanup", Time since last: 16003298825 ns, Reaching safepoint: 18355 ns, Cleanup: 11800 ns, At safepoint: 8270 ns, Total: 38425 ns
[2025-05-27T03:20:06.371+0000][69][info ][safepoint   ] Safepoint "Cleanup", Time since last: 17003422006 ns, Reaching safepoint: 29389 ns, Cleanup: 15638 ns, At safepoint: 16892 ns, Total: 61919 ns
[2025-05-27T03:20:10.373+0000][69][info ][safepoint   ] Safepoint "Cleanup", Time since last: 4001455471 ns, Reaching safepoint: 75423 ns, Cleanup: 17854 ns, At safepoint: 20780 ns, Total: 114057 ns
[2025-05-27T03:20:13.374+0000][69][info ][safepoint   ] Safepoint "Cleanup", Time since last: 3001193178 ns, Reaching safepoint: 29397 ns, Cleanup: 19830 ns, At safepoint: 18317 ns, Total: 67544 ns
[2025-05-27T03:20:34.995+0000][69][info ][safepoint   ] Safepoint "Cleanup", Time since last: 21623024863 ns, Reaching safepoint: 12700 ns, Cleanup: 18005 ns, At safepoint: 18237 ns, Total: 48942 ns
[2025-05-27T03:20:36.405+0000][69][info ][safepoint   ] Safepoint "Cleanup", Time since last: 1409147271 ns, Reaching safepoint: 31588 ns, Cleanup: 19847 ns, At safepoint: 18470 ns, Total: 69905 ns
[2025-05-27T03:20:40.983+0000][69][info ][safepoint   ] Safepoint "Cleanup", Time since last: 4578213988 ns, Reaching safepoint: 38930 ns, Cleanup: 13634 ns, At safepoint: 27744 ns, Total: 80308 ns
[2025-05-27T03:20:42.414+0000][69][info ][safepoint   ] Safepoint "Cleanup", Time since last: 1430894179 ns, Reaching safepoint: 29861 ns, Cleanup: 14181 ns, At safepoint: 16045 ns, Total: 60087 ns
[2025-05-27T03:20:43.437+0000][69][info ][safepoint   ] Safepoint "Cleanup", Time since last: 1023099327 ns, Reaching safepoint: 29495 ns, Cleanup: 27884 ns, At safepoint: 17032 ns, Total: 74411 ns
[2025-05-27T03:20:44.438+0000][69][info ][safepoint   ] Safepoint "Cleanup", Time since last: 1000701643 ns, Reaching safepoint: 26809 ns, Cleanup: 14883 ns, At safepoint: 14839 ns, Total: 56531 ns
[2025-05-27T03:20:46.439+0000][69][info ][safepoint   ] Safepoint "Cleanup", Time since last: 2000793992 ns, Reaching safepoint: 17571 ns, Cleanup: 13055 ns, At safepoint: 7525 ns, Total: 38151 ns
[2025-05-27T03:20:50.471+0000][69][info ][safepoint   ] Safepoint "Cleanup", Time since last: 4032192804 ns, Reaching safepoint: 27783 ns, Cleanup: 12068 ns, At safepoint: 159726 ns, Total: 199577 ns
[2025-05-27T03:20:52.157+0000][69][info ][safepoint   ] Safepoint "Cleanup", Time since last: 1688316542 ns, Reaching safepoint: 15031 ns, Cleanup: 10803 ns, At safepoint: 7356 ns, Total: 33190 ns
[2025-05-27T03:21:01.159+0000][69][info ][safepoint   ] Safepoint "Cleanup", Time since last: 9001616457 ns, Reaching safepoint: 58012 ns, Cleanup: 11878 ns, At safepoint: 29328 ns, Total: 99218 ns
[2025-05-27T03:21:06.160+0000][69][info ][safepoint   ] Safepoint "Cleanup", Time since last: 5001645350 ns, Reaching safepoint: 30107 ns, Cleanup: 14541 ns, At safepoint: 15864 ns, Total: 60512 ns
[2025-05-27T03:21:30.844+0000][69][info ][safepoint   ] Safepoint "Cleanup", Time since last: 24686365123 ns, Reaching safepoint: 30009 ns, Cleanup: 9570 ns, At safepoint: 3024 ns, Total: 42603 ns
[2025-05-27T03:21:35.846+0000][69][info ][safepoint   ] Safepoint "Cleanup", Time since last: 5001571077 ns, Reaching safepoint: 119963 ns, Cleanup: 16571 ns, At safepoint: 22279 ns, Total: 158813 ns
[2025-05-27T03:21:37.982+0000][69][info ][safepoint   ] Safepoint "Cleanup", Time since last: 2136017026 ns, Reaching safepoint: 5542 ns, Cleanup: 8102 ns, At safepoint: 13709 ns, Total: 27353 ns
[2025-05-27T03:21:39.467+0000][69][info ][safepoint   ] Safepoint "Cleanup", Time since last: 1484694691 ns, Reaching safepoint: 6754 ns, Cleanup: 19595 ns, At safepoint: 13464 ns, Total: 39813 ns
[2025-05-27T03:22:08.472+0000][69][info ][safepoint   ] Safepoint "Cleanup", Time since last: 29008661862 ns, Reaching safepoint: 116698 ns, Cleanup: 14568 ns, At safepoint: 9671 ns, Total: 140937 ns
[2025-05-27T03:22:13.475+0000][69][info ][safepoint   ] Safepoint "Cleanup", Time since last: 5002245681 ns, Reaching safepoint: 64071 ns, Cleanup: 17788 ns, At safepoint: 16630 ns, Total: 98489 ns
[2025-05-27T03:22:40.994+0000][69][info ][safepoint   ] Safepoint "Cleanup", Time since last: 27520922647 ns, Reaching safepoint: 8309 ns, Cleanup: 8335 ns, At safepoint: 14539 ns, Total: 31183 ns
[2025-05-27T03:22:42.497+0000][69][info ][safepoint   ] Safepoint "Cleanup", Time since last: 1503276789 ns, Reaching safepoint: 29716 ns, Cleanup: 16003 ns, At safepoint: 17009 ns, Total: 62728 ns
[2025-05-27T03:23:10.500+0000][69][info ][safepoint   ] Safepoint "Cleanup", Time since last: 28005254791 ns, Reaching safepoint: 46265 ns, Cleanup: 14865 ns, At safepoint: 7501 ns, Total: 68631 ns
[2025-05-27T03:23:13.501+0000][69][info ][safepoint   ] Safepoint "Cleanup", Time since last: 3000945398 ns, Reaching safepoint: 65490 ns, Cleanup: 16848 ns, At safepoint: 32044 ns, Total: 114382 ns
[2025-05-27T03:23:30.502+0000][69][info ][safepoint   ] Safepoint "Cleanup", Time since last: 17003477651 ns, Reaching safepoint: 42052 ns, Cleanup: 12478 ns, At safepoint: 8175 ns, Total: 62705 ns
[2025-05-27T03:23:43.983+0000][69][info ][safepoint   ] Safepoint "Cleanup", Time since last: 13481338474 ns, Reaching safepoint: 280127 ns, Cleanup: 13328 ns, At safepoint: 143898 ns, Total: 437353 ns
[2025-05-27T03:23:45.533+0000][69][info ][safepoint   ] Safepoint "Cleanup", Time since last: 1549147820 ns, Reaching safepoint: 29128 ns, Cleanup: 19169 ns, At safepoint: 73405 ns, Total: 121702 ns
[2025-05-27T03:24:13.536+0000][69][info ][safepoint   ] Safepoint "Cleanup", Time since last: 28005369650 ns, Reaching safepoint: 71448 ns, Cleanup: 17711 ns, At safepoint: 17059 ns, Total: 106218 ns
[2025-05-27T03:24:15.537+0000][69][info ][safepoint   ] Safepoint "Cleanup", Time since last: 2000880675 ns, Reaching safepoint: 31068 ns, Cleanup: 15496 ns, At safepoint: 16538 ns, Total: 63102 ns
[2025-05-27T03:24:30.538+0000][69][info ][safepoint   ] Safepoint "Cleanup", Time since last: 15003029357 ns, Reaching safepoint: 286934 ns, Cleanup: 18277 ns, At safepoint: 40367 ns, Total: 345578 ns
[2025-05-27T03:24:46.993+0000][69][info ][safepoint   ] Safepoint "Cleanup", Time since last: 16454634184 ns, Reaching safepoint: 29089 ns, Cleanup: 11553 ns, At safepoint: 117626 ns, Total: 158268 ns
[2025-05-27T03:24:53.555+0000][69][info ][safepoint   ] Safepoint "Cleanup", Time since last: 6565089437 ns, Reaching safepoint: 29637 ns, Cleanup: 16403 ns, At safepoint: 16152 ns, Total: 62192 ns
[2025-05-27T03:24:55.556+0000][69][info ][safepoint   ] Safepoint "Cleanup", Time since last: 2000753435 ns, Reaching safepoint: 32118 ns, Cleanup: 18985 ns, At safepoint: 17869 ns, Total: 68972 ns
[2025-05-27T03:25:14.559+0000][69][info ][safepoint   ] Safepoint "Cleanup", Time since last: 19003105250 ns, Reaching safepoint: 70631 ns, Cleanup: 16688 ns, At safepoint: 36631 ns, Total: 123950 ns
[2025-05-27T03:25:30.560+0000][69][info ][safepoint   ] Safepoint "Cleanup", Time since last: 16002689403 ns, Reaching safepoint: 162662 ns, Cleanup: 73220 ns, At safepoint: 34290 ns, Total: 270172 ns
[2025-05-27T03:25:43.974+0000][69][info ][safepoint   ] Safepoint "Cleanup", Time since last: 13413387881 ns, Reaching safepoint: 17127 ns, Cleanup: 21872 ns, At safepoint: 141911 ns, Total: 180910 ns
[2025-05-27T03:25:45.582+0000][69][info ][safepoint   ] Safepoint "Cleanup", Time since last: 1608512501 ns, Reaching safepoint: 60150 ns, Cleanup: 18567 ns, At safepoint: 30293 ns, Total: 109010 ns
[2025-05-27T03:25:49.982+0000][69][info ][safepoint   ] Safepoint "Cleanup", Time since last: 4400080217 ns, Reaching safepoint: 5397 ns, Cleanup: 6832 ns, At safepoint: 3055 ns, Total: 15284 ns
[2025-05-27T03:25:51.261+0000][69][info ][safepoint   ] Safepoint "Cleanup", Time since last: 1281780505 ns, Reaching safepoint: 21101 ns, Cleanup: 16427 ns, At safepoint: 12547 ns, Total: 50075 ns
[2025-05-27T03:25:58.263+0000][69][info ][safepoint   ] Safepoint "Cleanup", Time since last: 7001543641 ns, Reaching safepoint: 167363 ns, Cleanup: 16788 ns, At safepoint: 146095 ns, Total: 330246 ns
[2025-05-27T03:25:59.264+0000][69][info ][safepoint   ] Safepoint "Cleanup", Time since last: 1000595673 ns, Reaching safepoint: 26480 ns, Cleanup: 13567 ns, At safepoint: 13993 ns, Total: 54040 ns
[2025-05-27T03:26:00.265+0000][69][info ][safepoint   ] Safepoint "Cleanup", Time since last: 1000810144 ns, Reaching safepoint: 27114 ns, Cleanup: 15825 ns, At safepoint: 16003 ns, Total: 58942 ns
[2025-05-27T03:26:13.267+0000][69][info ][safepoint   ] Safepoint "Cleanup", Time since last: 13002377643 ns, Reaching safepoint: 32165 ns, Cleanup: 19577 ns, At safepoint: 17731 ns, Total: 69473 ns
[2025-05-27T03:26:20.269+0000][69][info ][safepoint   ] Safepoint "Cleanup", Time since last: 7001615893 ns, Reaching safepoint: 45387 ns, Cleanup: 13644 ns, At safepoint: 8752 ns, Total: 67783 ns
[2025-05-27T03:26:34.028+0000][69][info ][safepoint   ] Safepoint "Cleanup", Time since last: 13761800764 ns, Reaching safepoint: 30514 ns, Cleanup: 19385 ns, At safepoint: 15961 ns, Total: 65860 ns
[2025-05-27T03:26:47.032+0000][69][info ][safepoint   ] Safepoint "Cleanup", Time since last: 13003148707 ns, Reaching safepoint: 18361 ns, Cleanup: 12090 ns, At safepoint: 8222 ns, Total: 38673 ns
[2025-05-27T03:26:52.994+0000][69][info ][safepoint   ] Safepoint "Cleanup", Time since last: 5964081591 ns, Reaching safepoint: 95818 ns, Cleanup: 9518 ns, At safepoint: 40388 ns, Total: 145724 ns
[2025-05-27T03:26:54.642+0000][69][info ][safepoint   ] Safepoint "Cleanup", Time since last: 1647998433 ns, Reaching safepoint: 28522 ns, Cleanup: 35753 ns, At safepoint: 16372 ns, Total: 80647 ns
[2025-05-27T03:27:00.643+0000][69][info ][safepoint   ] Safepoint "Cleanup", Time since last: 6001612342 ns, Reaching safepoint: 30279 ns, Cleanup: 18318 ns, At safepoint: 10597 ns, Total: 59194 ns
[2025-05-27T03:27:40.064+0000][69][info ][safepoint   ] Safepoint "Cleanup", Time since last: 39423848958 ns, Reaching safepoint: 62168 ns, Cleanup: 15288 ns, At safepoint: 15655 ns, Total: 93111 ns
[2025-05-27T03:27:55.982+0000][69][info ][safepoint   ] Safepoint "Cleanup", Time since last: 15919455471 ns, Reaching safepoint: 7396 ns, Cleanup: 7950 ns, At safepoint: 14153 ns, Total: 29499 ns
[2025-05-27T03:27:57.673+0000][69][info ][safepoint   ] Safepoint "Cleanup", Time since last: 1691524681 ns, Reaching safepoint: 17289 ns, Cleanup: 12861 ns, At safepoint: 9074 ns, Total: 39224 ns
[2025-05-27T03:27:59.674+0000][69][info ][safepoint   ] Safepoint "Cleanup", Time since last: 2000961110 ns, Reaching safepoint: 16685 ns, Cleanup: 12000 ns, At safepoint: 7650 ns, Total: 36335 ns
[2025-05-27T03:28:02.675+0000][69][info ][safepoint   ] Safepoint "Cleanup", Time since last: 3001139158 ns, Reaching safepoint: 32377 ns, Cleanup: 15768 ns, At safepoint: 15394 ns, Total: 63539 ns
[2025-05-27T03:28:05.676+0000][69][info ][safepoint   ] Safepoint "Cleanup", Time since last: 3000953089 ns, Reaching safepoint: 69470 ns, Cleanup: 15816 ns, At safepoint: 16386 ns, Total: 101672 ns
[2025-05-27T03:28:13.678+0000][69][info ][safepoint   ] Safepoint "Cleanup", Time since last: 8001854532 ns, Reaching safepoint: 31094 ns, Cleanup: 21316 ns, At safepoint: 62128 ns, Total: 114538 ns
[2025-05-27T03:28:18.680+0000][69][info ][safepoint   ] Safepoint "Cleanup", Time since last: 5001448302 ns, Reaching safepoint: 127581 ns, Cleanup: 16150 ns, At safepoint: 34696 ns, Total: 178427 ns
[2025-05-27T03:28:21.678+0000][69][info ][safepoint   ] Safepoint "Cleanup", Time since last: 3001103696 ns, Reaching safepoint: 30889 ns, Cleanup: 18130 ns, At safepoint: 75046 ns, Total: 124065 ns
[2025-05-27T03:28:23.679+0000][69][info ][safepoint   ] Safepoint "Cleanup", Time since last: 2000860055 ns, Reaching safepoint: 16692 ns, Cleanup: 13035 ns, At safepoint: 5996 ns, Total: 35723 ns
[2025-05-27T03:28:26.680+0000][69][info ][safepoint   ] Safepoint "Cleanup", Time since last: 3000889982 ns, Reaching safepoint: 16318 ns, Cleanup: 12415 ns, At safepoint: 7403 ns, Total: 36136 ns
[2025-05-27T03:28:29.681+0000][69][info ][safepoint   ] Safepoint "Cleanup", Time since last: 3001030945 ns, Reaching safepoint: 31653 ns, Cleanup: 17379 ns, At safepoint: 16239 ns, Total: 65271 ns
[2025-05-27T03:28:51.103+0000][69][info ][safepoint   ] Safepoint "Cleanup", Time since last: 21422034322 ns, Reaching safepoint: 63811 ns, Cleanup: 14923 ns, At safepoint: 30577 ns, Total: 109311 ns
[2025-05-27T03:28:54.103+0000][69][info ][safepoint   ] Safepoint "Cleanup", Time since last: 3001092198 ns, Reaching safepoint: 31954 ns, Cleanup: 20820 ns, At safepoint: 18168 ns, Total: 70942 ns
[2025-05-27T03:28:59.693+0000][69][info ][safepoint   ] Safepoint "Cleanup", Time since last: 5590599753 ns, Reaching safepoint: 8089 ns, Cleanup: 20610 ns, At safepoint: 13077 ns, Total: 41776 ns
[2025-05-27T03:29:00.703+0000][69][info ][safepoint   ] Safepoint "Cleanup", Time since last: 1009151069 ns, Reaching safepoint: 18240 ns, Cleanup: 12163 ns, At safepoint: 9059 ns, Total: 39462 ns
[2025-05-27T03:29:05.704+0000][69][info ][safepoint   ] Safepoint "Cleanup", Time since last: 5001214013 ns, Reaching safepoint: 18620 ns, Cleanup: 21944 ns, At safepoint: 8134 ns, Total: 48698 ns
[2025-05-27T03:29:06.704+0000][69][info ][safepoint   ] Safepoint "Cleanup", Time since last: 1000581523 ns, Reaching safepoint: 21103 ns, Cleanup: 15573 ns, At safepoint: 8764 ns, Total: 45440 ns
[2025-05-27T03:29:08.705+0000][69][info ][safepoint   ] Safepoint "Cleanup", Time since last: 2000615123 ns, Reaching safepoint: 19285 ns, Cleanup: 17243 ns, At safepoint: 8970 ns, Total: 45498 ns
[2025-05-27T03:29:13.706+0000][69][info ][safepoint   ] Safepoint "Cleanup", Time since last: 5001349729 ns, Reaching safepoint: 18827 ns, Cleanup: 11574 ns, At safepoint: 7470 ns, Total: 37871 ns
[2025-05-27T03:29:20.708+0000][69][info ][safepoint   ] Safepoint "Cleanup", Time since last: 7001842883 ns, Reaching safepoint: 62137 ns, Cleanup: 12614 ns, At safepoint: 8284 ns, Total: 83035 ns
[2025-05-27T03:29:21.707+0000][69][info ][safepoint   ] Safepoint "Cleanup", Time since last: 1000691300 ns, Reaching safepoint: 17829 ns, Cleanup: 11655 ns, At safepoint: 7103 ns, Total: 36587 ns
[2025-05-27T03:29:28.709+0000][69][info ][safepoint   ] Safepoint "Cleanup", Time since last: 7001819643 ns, Reaching safepoint: 32075 ns, Cleanup: 15333 ns, At safepoint: 15926 ns, Total: 63334 ns
[2025-05-27T03:29:54.139+0000][69][info ][safepoint   ] Safepoint "Cleanup", Time since last: 25432733936 ns, Reaching safepoint: 29411 ns, Cleanup: 15278 ns, At safepoint: 14514 ns, Total: 59203 ns
[2025-05-27T03:30:01.140+0000][69][info ][safepoint   ] Safepoint "Cleanup", Time since last: 7001726887 ns, Reaching safepoint: 30111 ns, Cleanup: 15959 ns, At safepoint: 15772 ns, Total: 61842 ns
[2025-05-27T03:30:02.721+0000][69][info ][safepoint   ] Safepoint "Cleanup", Time since last: 1580510978 ns, Reaching safepoint: 33764 ns, Cleanup: 18349 ns, At safepoint: 81449 ns, Total: 133562 ns
[2025-05-27T03:30:03.738+0000][69][info ][safepoint   ] Safepoint "Cleanup", Time since last: 1017097586 ns, Reaching safepoint: 28092 ns, Cleanup: 14643 ns, At safepoint: 15352 ns, Total: 58087 ns
[2025-05-27T03:30:13.741+0000][69][info ][safepoint   ] Safepoint "Cleanup", Time since last: 10002367557 ns, Reaching safepoint: 134176 ns, Cleanup: 17480 ns, At safepoint: 17469 ns, Total: 169125 ns
[2025-05-27T03:30:14.750+0000][69][info ][safepoint   ] Safepoint "Cleanup", Time since last: 1009130855 ns, Reaching safepoint: 7068 ns, Cleanup: 89919 ns, At safepoint: 15537 ns, Total: 112524 ns
[2025-05-27T03:30:15.768+0000][69][info ][safepoint   ] Safepoint "Cleanup", Time since last: 1018322089 ns, Reaching safepoint: 12409 ns, Cleanup: 21871 ns, At safepoint: 157506 ns, Total: 191786 ns
[2025-05-27T03:30:17.385+0000][69][info ][safepoint   ] Safepoint "Cleanup", Time since last: 1616538645 ns, Reaching safepoint: 26762 ns, Cleanup: 24256 ns, At safepoint: 14733 ns, Total: 65751 ns
[2025-05-27T03:30:19.972+0000][69][info ][safepoint   ] Safepoint "Cleanup", Time since last: 2587177398 ns, Reaching safepoint: 5541 ns, Cleanup: 13303 ns, At safepoint: 12604 ns, Total: 31448 ns
[2025-05-27T03:30:21.388+0000][69][info ][safepoint   ] Safepoint "Cleanup", Time since last: 1418421697 ns, Reaching safepoint: 5762 ns, Cleanup: 22085 ns, At safepoint: 2838 ns, Total: 30685 ns
[2025-05-27T03:30:22.422+0000][69][info ][safepoint   ] Safepoint "Cleanup", Time since last: 1033971568 ns, Reaching safepoint: 67610 ns, Cleanup: 23557 ns, At safepoint: 29952 ns, Total: 121119 ns
[2025-05-27T03:30:23.810+0000][69][info ][safepoint   ] Safepoint "Cleanup", Time since last: 1387669397 ns, Reaching safepoint: 12147 ns, Cleanup: 10930 ns, At safepoint: 30734 ns, Total: 53811 ns
[2025-05-27T03:30:30.820+0000][69][info ][safepoint   ] Safepoint "Cleanup", Time since last: 7009994667 ns, Reaching safepoint: 28662 ns, Cleanup: 14906 ns, At safepoint: 15626 ns, Total: 59194 ns
[2025-05-27T03:30:36.174+0000][69][info ][safepoint   ] Safepoint "Cleanup", Time since last: 5354294736 ns, Reaching safepoint: 30382 ns, Cleanup: 17652 ns, At safepoint: 16323 ns, Total: 64357 ns
[2025-05-27T03:30:38.175+0000][69][info ][safepoint   ] Safepoint "Cleanup", Time since last: 2000888824 ns, Reaching safepoint: 69227 ns, Cleanup: 18725 ns, At safepoint: 16271 ns, Total: 104223 ns
[2025-05-27T03:30:41.177+0000][69][info ][safepoint   ] Safepoint "Cleanup", Time since last: 3001438326 ns, Reaching safepoint: 33605 ns, Cleanup: 18557 ns, At safepoint: 20192 ns, Total: 72354 ns
[2025-05-27T03:30:44.178+0000][69][info ][safepoint   ] Safepoint "Cleanup", Time since last: 3001046989 ns, Reaching safepoint: 30400 ns, Cleanup: 15560 ns, At safepoint: 15386 ns, Total: 61346 ns
[2025-05-27T03:30:46.179+0000][69][info ][safepoint   ] Safepoint "Cleanup", Time since last: 2000990754 ns, Reaching safepoint: 31274 ns, Cleanup: 18203 ns, At safepoint: 16616 ns, Total: 66093 ns
[2025-05-27T03:30:47.850+0000][69][info ][safepoint   ] Safepoint "Cleanup", Time since last: 1670433295 ns, Reaching safepoint: 13268 ns, Cleanup: 60727 ns, At safepoint: 64776 ns, Total: 138771 ns
[2025-05-27T03:30:48.860+0000][69][info ][safepoint   ] Safepoint "Cleanup", Time since last: 1010627073 ns, Reaching safepoint: 35195 ns, Cleanup: 26068 ns, At safepoint: 19335 ns, Total: 80598 ns
[2025-05-27T03:30:49.881+0000][69][info ][safepoint   ] Safepoint "Cleanup", Time since last: 1020663504 ns, Reaching safepoint: 143899 ns, Cleanup: 20010 ns, At safepoint: 49453 ns, Total: 213362 ns
[2025-05-27T03:30:51.451+0000][69][info ][safepoint   ] Safepoint "Cleanup", Time since last: 1571482198 ns, Reaching safepoint: 13369 ns, Cleanup: 49008 ns, At safepoint: 63574 ns, Total: 125951 ns
[2025-05-27T03:31:00.461+0000][69][info ][safepoint   ] Safepoint "Cleanup", Time since last: 9010252189 ns, Reaching safepoint: 19949 ns, Cleanup: 12225 ns, At safepoint: 9098 ns, Total: 41272 ns
[2025-05-27T03:31:04.991+0000][69][info ][safepoint   ] Safepoint "Cleanup", Time since last: 4530220099 ns, Reaching safepoint: 5962 ns, Cleanup: 10881 ns, At safepoint: 12675 ns, Total: 29518 ns
[2025-05-27T03:31:06.914+0000][69][info ][safepoint   ] Safepoint "Cleanup", Time since last: 1922581804 ns, Reaching safepoint: 30931 ns, Cleanup: 23265 ns, At safepoint: 69055 ns, Total: 123251 ns
[2025-05-27T03:31:10.470+0000][69][info ][safepoint   ] Safepoint "Cleanup", Time since last: 3555910556 ns, Reaching safepoint: 19880 ns, Cleanup: 8594 ns, At safepoint: 15090 ns, Total: 43564 ns
[2025-05-27T03:31:11.477+0000][69][info ][safepoint   ] Safepoint "Cleanup", Time since last: 1007229782 ns, Reaching safepoint: 18164 ns, Cleanup: 13038 ns, At safepoint: 8668 ns, Total: 39870 ns
[2025-05-27T03:31:13.478+0000][69][info ][safepoint   ] Safepoint "Cleanup", Time since last: 2000750310 ns, Reaching safepoint: 17232 ns, Cleanup: 15057 ns, At safepoint: 7420 ns, Total: 39709 ns
[2025-05-27T03:31:15.479+0000][69][info ][safepoint   ] Safepoint "Cleanup", Time since last: 2000889577 ns, Reaching safepoint: 29758 ns, Cleanup: 15300 ns, At safepoint: 16707 ns, Total: 61765 ns
[2025-05-27T03:31:21.478+0000][69][info ][safepoint   ] Safepoint "Cleanup", Time since last: 6001644296 ns, Reaching safepoint: 29279 ns, Cleanup: 14927 ns, At safepoint: 16145 ns, Total: 60351 ns
[2025-05-27T03:31:54.212+0000][69][info ][safepoint   ] Safepoint "Cleanup", Time since last: 32736646003 ns, Reaching safepoint: 58033 ns, Cleanup: 14807 ns, At safepoint: 10608 ns, Total: 83448 ns
[2025-05-27T03:32:01.215+0000][69][info ][safepoint   ] Safepoint "Cleanup", Time since last: 7002090974 ns, Reaching safepoint: 115384 ns, Cleanup: 17359 ns, At safepoint: 17942 ns, Total: 150685 ns
[2025-05-27T03:32:02.216+0000][69][info ][safepoint   ] Safepoint "Cleanup", Time since last: 1000725145 ns, Reaching safepoint: 33280 ns, Cleanup: 26180 ns, At safepoint: 19012 ns, Total: 78472 ns
[2025-05-27T03:32:04.217+0000][69][info ][safepoint   ] Safepoint "Cleanup", Time since last: 2001011044 ns, Reaching safepoint: 32398 ns, Cleanup: 17664 ns, At safepoint: 19763 ns, Total: 69825 ns
[2025-05-27T03:32:06.218+0000][69][info ][safepoint   ] Safepoint "Cleanup", Time since last: 2000924643 ns, Reaching safepoint: 30092 ns, Cleanup: 16806 ns, At safepoint: 16000 ns, Total: 62898 ns
[2025-05-27T03:32:08.937+0000][69][info ][safepoint   ] Safepoint "Cleanup", Time since last: 2719622250 ns, Reaching safepoint: 6494 ns, Cleanup: 12532 ns, At safepoint: 14229 ns, Total: 33255 ns
[2025-05-27T03:32:09.945+0000][69][info ][safepoint   ] Safepoint "Cleanup", Time since last: 1007358565 ns, Reaching safepoint: 128834 ns, Cleanup: 20891 ns, At safepoint: 39905 ns, Total: 189630 ns
[2025-05-27T03:32:10.946+0000][69][info ][safepoint   ] Safepoint "Cleanup", Time since last: 1000656883 ns, Reaching safepoint: 76764 ns, Cleanup: 19144 ns, At safepoint: 23131 ns, Total: 119039 ns
[2025-05-27T03:32:13.947+0000][69][info ][safepoint   ] Safepoint "Cleanup", Time since last: 3001481211 ns, Reaching safepoint: 32914 ns, Cleanup: 16573 ns, At safepoint: 16458 ns, Total: 65945 ns
[2025-05-27T03:32:50.252+0000][69][info ][safepoint   ] Safepoint "Cleanup", Time since last: 36306656967 ns, Reaching safepoint: 155871 ns, Cleanup: 71421 ns, At safepoint: 19660 ns, Total: 246952 ns
[2025-05-27T03:32:51.250+0000][69][info ][safepoint   ] Safepoint "Cleanup", Time since last: 1000647711 ns, Reaching safepoint: 33170 ns, Cleanup: 16871 ns, At safepoint: 18480 ns, Total: 68521 ns
[2025-05-27T03:33:10.258+0000][69][info ][safepoint   ] Safepoint "Cleanup", Time since last: 19007087606 ns, Reaching safepoint: 166341 ns, Cleanup: 20717 ns, At safepoint: 18929 ns, Total: 205987 ns
[2025-05-27T03:33:11.999+0000][69][info ][safepoint   ] Safepoint "Cleanup", Time since last: 1740768235 ns, Reaching safepoint: 434993 ns, Cleanup: 30796 ns, At safepoint: 150016 ns, Total: 615805 ns
[2025-05-27T03:33:13.024+0000][69][info ][safepoint   ] Safepoint "Cleanup", Time since last: 1025474020 ns, Reaching safepoint: 31631 ns, Cleanup: 17225 ns, At safepoint: 17917 ns, Total: 66773 ns
[2025-05-27T03:33:14.025+0000][69][info ][safepoint   ] Safepoint "Cleanup", Time since last: 1000744601 ns, Reaching safepoint: 29740 ns, Cleanup: 14857 ns, At safepoint: 75546 ns, Total: 120143 ns
[2025-05-27T03:33:16.026+0000][69][info ][safepoint   ] Safepoint "Cleanup", Time since last: 2000941223 ns, Reaching safepoint: 30976 ns, Cleanup: 18262 ns, At safepoint: 15538 ns, Total: 64776 ns
[2025-05-27T03:33:24.026+0000][69][info ][safepoint   ] Safepoint "Cleanup", Time since last: 8002037165 ns, Reaching safepoint: 32773 ns, Cleanup: 16897 ns, At safepoint: 132115 ns, Total: 181785 ns
[2025-05-27T03:33:32.284+0000][69][info ][safepoint   ] Safepoint "Cleanup", Time since last: 8257986567 ns, Reaching safepoint: 29286 ns, Cleanup: 18196 ns, At safepoint: 15375 ns, Total: 62857 ns
[2025-05-27T03:33:46.288+0000][69][info ][safepoint   ] Safepoint "Cleanup", Time since last: 14003367020 ns, Reaching safepoint: 68489 ns, Cleanup: 14364 ns, At safepoint: 14512 ns, Total: 97365 ns
[2025-05-27T03:33:59.288+0000][69][info ][safepoint   ] Safepoint "Cleanup", Time since last: 13002729560 ns, Reaching safepoint: 66473 ns, Cleanup: 42902 ns, At safepoint: 35037 ns, Total: 144412 ns
[2025-05-27T03:34:13.291+0000][69][info ][safepoint   ] Safepoint "Cleanup", Time since last: 14003031459 ns, Reaching safepoint: 64451 ns, Cleanup: 22059 ns, At safepoint: 16992 ns, Total: 103502 ns
[2025-05-27T03:34:15.004+0000][69][info ][safepoint   ] Safepoint "Cleanup", Time since last: 1713155490 ns, Reaching safepoint: 28113 ns, Cleanup: 25472 ns, At safepoint: 17469 ns, Total: 71054 ns
[2025-05-27T03:34:16.056+0000][69][info ][safepoint   ] Safepoint "Cleanup", Time since last: 1051775532 ns, Reaching safepoint: 30657 ns, Cleanup: 15845 ns, At safepoint: 17185 ns, Total: 63687 ns
[2025-05-27T03:34:35.322+0000][69][info ][safepoint   ] Safepoint "Cleanup", Time since last: 19268216466 ns, Reaching safepoint: 28756 ns, Cleanup: 15093 ns, At safepoint: 14839 ns, Total: 58688 ns
[2025-05-27T03:34:54.323+0000][69][info ][safepoint   ] Safepoint "Cleanup", Time since last: 19003837197 ns, Reaching safepoint: 31491 ns, Cleanup: 15920 ns, At safepoint: 17267 ns, Total: 64678 ns
[2025-05-27T03:35:11.327+0000][69][info ][safepoint   ] Safepoint "Cleanup", Time since last: 17003769369 ns, Reaching safepoint: 39459 ns, Cleanup: 18417 ns, At safepoint: 19755 ns, Total: 77631 ns
[2025-05-27T03:35:13.328+0000][69][info ][safepoint   ] Safepoint "Cleanup", Time since last: 2000781853 ns, Reaching safepoint: 70974 ns, Cleanup: 16007 ns, At safepoint: 29835 ns, Total: 116816 ns
[2025-05-27T03:35:16.329+0000][69][info ][safepoint   ] Safepoint "Cleanup", Time since last: 3001232296 ns, Reaching safepoint: 30412 ns, Cleanup: 15804 ns, At safepoint: 15943 ns, Total: 62159 ns
[2025-05-27T03:35:18.001+0000][69][info ][safepoint   ] Safepoint "Cleanup", Time since last: 1671901941 ns, Reaching safepoint: 32882 ns, Cleanup: 20293 ns, At safepoint: 19800 ns, Total: 72975 ns
[2025-05-27T03:35:25.087+0000][69][info ][safepoint   ] Safepoint "Cleanup", Time since last: 7087329453 ns, Reaching safepoint: 33032 ns, Cleanup: 16971 ns, At safepoint: 19569 ns, Total: 69572 ns
[2025-05-27T03:35:49.966+0000][69][info ][safepoint   ] Safepoint "Cleanup", Time since last: 24879365770 ns, Reaching safepoint: 31953 ns, Cleanup: 10388 ns, At safepoint: 14577 ns, Total: 56918 ns
[2025-05-27T03:35:51.104+0000][69][info ][safepoint   ] Safepoint "Cleanup", Time since last: 1137871351 ns, Reaching safepoint: 29387 ns, Cleanup: 15071 ns, At safepoint: 16523 ns, Total: 60981 ns
[2025-05-27T03:35:52.125+0000][69][info ][safepoint   ] Safepoint "Cleanup", Time since last: 1023321053 ns, Reaching safepoint: 33942 ns, Cleanup: 26258 ns, At safepoint: 21108 ns, Total: 81308 ns
[2025-05-27T03:36:13.130+0000][69][info ][safepoint   ] Safepoint "Cleanup", Time since last: 21004401452 ns, Reaching safepoint: 20097 ns, Cleanup: 15089 ns, At safepoint: 8912 ns, Total: 44098 ns
[2025-05-27T03:36:19.979+0000][69][info ][safepoint   ] Safepoint "Cleanup", Time since last: 6849199295 ns, Reaching safepoint: 9775 ns, Cleanup: 10773 ns, At safepoint: 15603 ns, Total: 36151 ns
[2025-05-27T03:36:21.561+0000][69][info ][safepoint   ] Safepoint "Cleanup", Time since last: 1584965255 ns, Reaching safepoint: 32272 ns, Cleanup: 26793 ns, At safepoint: 17774 ns, Total: 76839 ns
[2025-05-27T03:36:23.562+0000][69][info ][safepoint   ] Safepoint "Cleanup", Time since last: 2000691982 ns, Reaching safepoint: 31857 ns, Cleanup: 20212 ns, At safepoint: 16821 ns, Total: 68890 ns
[2025-05-27T03:36:32.397+0000][69][info ][safepoint   ] Safepoint "Cleanup", Time since last: 8835681359 ns, Reaching safepoint: 33835 ns, Cleanup: 18653 ns, At safepoint: 17233 ns, Total: 69721 ns
[2025-05-27T03:36:38.399+0000][69][info ][safepoint   ] Safepoint "Cleanup", Time since last: 6001325366 ns, Reaching safepoint: 21716 ns, Cleanup: 9483 ns, At safepoint: 42537 ns, Total: 73736 ns
[2025-05-27T03:36:40.404+0000][69][info ][safepoint   ] Safepoint "Cleanup", Time since last: 2005494266 ns, Reaching safepoint: 28540 ns, Cleanup: 15349 ns, At safepoint: 15784 ns, Total: 59673 ns
[2025-05-27T03:36:45.406+0000][69][info ][safepoint   ] Safepoint "Cleanup", Time since last: 5001547930 ns, Reaching safepoint: 28844 ns, Cleanup: 20586 ns, At safepoint: 17288 ns, Total: 66718 ns
[2025-05-27T03:37:13.410+0000][69][info ][safepoint   ] Safepoint "Cleanup", Time since last: 28005410380 ns, Reaching safepoint: 43514 ns, Cleanup: 15307 ns, At safepoint: 8520 ns, Total: 67341 ns
[2025-05-27T03:37:23.015+0000][69][info ][safepoint   ] Safepoint "Cleanup", Time since last: 9608488967 ns, Reaching safepoint: 12786 ns, Cleanup: 9485 ns, At safepoint: 4501 ns, Total: 26772 ns
[2025-05-27T03:37:24.194+0000][69][info ][safepoint   ] Safepoint "Cleanup", Time since last: 1178217679 ns, Reaching safepoint: 18855 ns, Cleanup: 16983 ns, At safepoint: 8515 ns, Total: 44353 ns
[2025-05-27T03:37:26.194+0000][69][info ][safepoint   ] Safepoint "Cleanup", Time since last: 2000628994 ns, Reaching safepoint: 20257 ns, Cleanup: 16546 ns, At safepoint: 8539 ns, Total: 45342 ns
[2025-05-27T03:37:44.435+0000][69][info ][safepoint   ] Safepoint "Cleanup", Time since last: 18240048161 ns, Reaching safepoint: 218049 ns, Cleanup: 16649 ns, At safepoint: 32835 ns, Total: 267533 ns
[2025-05-27T03:38:25.969+0000][69][info ][safepoint   ] Safepoint "Cleanup", Time since last: 41538868216 ns, Reaching safepoint: 8359 ns, Cleanup: 6912 ns, At safepoint: 23802 ns, Total: 39073 ns
[2025-05-27T03:38:27.225+0000][69][info ][safepoint   ] Safepoint "Cleanup", Time since last: 1256325518 ns, Reaching safepoint: 29493 ns, Cleanup: 15518 ns, At safepoint: 16588 ns, Total: 61599 ns
[2025-05-27T03:39:13.476+0000][69][info ][safepoint   ] Safepoint "Cleanup", Time since last: 46252708074 ns, Reaching safepoint: 44476 ns, Cleanup: 14364 ns, At safepoint: 8049 ns, Total: 66889 ns
[2025-05-27T03:39:28.997+0000][69][info ][safepoint   ] Safepoint "Cleanup", Time since last: 15524300049 ns, Reaching safepoint: 8728 ns, Cleanup: 9167 ns, At safepoint: 13872 ns, Total: 31767 ns
[2025-05-27T03:39:30.275+0000][69][info ][safepoint   ] Safepoint "Cleanup", Time since last: 1277741189 ns, Reaching safepoint: 28532 ns, Cleanup: 21703 ns, At safepoint: 15689 ns, Total: 65924 ns
[2025-05-27T03:39:31.276+0000][69][info ][safepoint   ] Safepoint "Cleanup", Time since last: 1000789454 ns, Reaching safepoint: 16379 ns, Cleanup: 12713 ns, At safepoint: 7375 ns, Total: 36467 ns
[2025-05-27T03:39:33.509+0000][69][info ][safepoint   ] Safepoint "Cleanup", Time since last: 2232958889 ns, Reaching safepoint: 30972 ns, Cleanup: 16889 ns, At safepoint: 15725 ns, Total: 63586 ns
[2025-05-27T03:39:54.511+0000][69][info ][safepoint   ] Safepoint "Cleanup", Time since last: 21004400153 ns, Reaching safepoint: 20413 ns, Cleanup: 13167 ns, At safepoint: 7467 ns, Total: 41047 ns
[2025-05-27T03:40:10.514+0000][69][info ][safepoint   ] Safepoint "Cleanup", Time since last: 16003421924 ns, Reaching safepoint: 167170 ns, Cleanup: 16863 ns, At safepoint: 17864 ns, Total: 201897 ns
[2025-05-27T03:40:13.515+0000][69][info ][safepoint   ] Safepoint "Cleanup", Time since last: 3001058922 ns, Reaching safepoint: 85549 ns, Cleanup: 17700 ns, At safepoint: 17094 ns, Total: 120343 ns
[2025-05-27T03:40:15.516+0000][69][info ][safepoint   ] Safepoint "Cleanup", Time since last: 2000883576 ns, Reaching safepoint: 18867 ns, Cleanup: 15018 ns, At safepoint: 7980 ns, Total: 41865 ns
[2025-05-27T03:40:30.518+0000][69][info ][safepoint   ] Safepoint "Cleanup", Time since last: 15002782483 ns, Reaching safepoint: 172563 ns, Cleanup: 28874 ns, At safepoint: 19026 ns, Total: 220463 ns
[2025-05-27T03:40:32.306+0000][69][info ][safepoint   ] Safepoint "Cleanup", Time since last: 1787894580 ns, Reaching safepoint: 32945 ns, Cleanup: 23352 ns, At safepoint: 70131 ns, Total: 126428 ns
[2025-05-27T03:40:52.992+0000][69][info ][safepoint   ] Safepoint "Cleanup", Time since last: 20688210758 ns, Reaching safepoint: 51777 ns, Cleanup: 13759 ns, At safepoint: 23883 ns, Total: 89419 ns
[2025-05-27T03:40:54.348+0000][69][info ][safepoint   ] Safepoint "Cleanup", Time since last: 1356647142 ns, Reaching safepoint: 24835 ns, Cleanup: 21165 ns, At safepoint: 10164 ns, Total: 56164 ns
[2025-05-27T03:40:55.386+0000][69][info ][safepoint   ] Safepoint "Cleanup", Time since last: 1037228171 ns, Reaching safepoint: 31756 ns, Cleanup: 14985 ns, At safepoint: 17027 ns, Total: 63768 ns
[2025-05-27T03:41:00.387+0000][69][info ][safepoint   ] Safepoint "Cleanup", Time since last: 5001451262 ns, Reaching safepoint: 30766 ns, Cleanup: 17024 ns, At safepoint: 16438 ns, Total: 64228 ns
[2025-05-27T03:41:13.390+0000][69][info ][safepoint   ] Safepoint "Cleanup", Time since last: 13002890291 ns, Reaching safepoint: 45461 ns, Cleanup: 31428 ns, At safepoint: 7874 ns, Total: 84763 ns
[2025-05-27T03:41:15.391+0000][69][info ][safepoint   ] Safepoint "Cleanup", Time since last: 2000833679 ns, Reaching safepoint: 32697 ns, Cleanup: 17131 ns, At safepoint: 19027 ns, Total: 68855 ns
[2025-05-27T03:41:20.392+0000][69][info ][safepoint   ] Safepoint "Cleanup", Time since last: 5001209257 ns, Reaching safepoint: 29174 ns, Cleanup: 19994 ns, At safepoint: 15269 ns, Total: 64437 ns
[2025-05-27T03:41:35.004+0000][69][info ][safepoint   ] Safepoint "Cleanup", Time since last: 14613470810 ns, Reaching safepoint: 425974 ns, Cleanup: 14757 ns, At safepoint: 153886 ns, Total: 594617 ns
[2025-05-27T03:41:36.424+0000][69][info ][safepoint   ] Safepoint "Cleanup", Time since last: 1420387548 ns, Reaching safepoint: 7077 ns, Cleanup: 31117 ns, At safepoint: 3171 ns, Total: 41365 ns
[2025-05-27T03:42:13.431+0000][69][info ][safepoint   ] Safepoint "Cleanup", Time since last: 37009762506 ns, Reaching safepoint: 19053 ns, Cleanup: 15038 ns, At safepoint: 58871 ns, Total: 92962 ns
[2025-05-27T03:42:20.433+0000][69][info ][safepoint   ] Safepoint "Cleanup", Time since last: 7001599816 ns, Reaching safepoint: 31110 ns, Cleanup: 16216 ns, At safepoint: 16270 ns, Total: 63596 ns
[2025-05-27T03:42:24.432+0000][69][info ][safepoint   ] Safepoint "Cleanup", Time since last: 4001294759 ns, Reaching safepoint: 68882 ns, Cleanup: 18095 ns, At safepoint: 16998 ns, Total: 103975 ns
[2025-05-27T03:42:37.990+0000][69][info ][safepoint   ] Safepoint "Cleanup", Time since last: 13557242600 ns, Reaching safepoint: 6080 ns, Cleanup: 13758 ns, At safepoint: 13206 ns, Total: 33044 ns
[2025-05-27T03:42:39.463+0000][69][info ][safepoint   ] Safepoint "Cleanup", Time since last: 1472837632 ns, Reaching safepoint: 63409 ns, Cleanup: 25657 ns, At safepoint: 29432 ns, Total: 118498 ns
[2025-05-27T03:42:40.463+0000][69][info ][safepoint   ] Safepoint "Cleanup", Time since last: 1000776284 ns, Reaching safepoint: 28720 ns, Cleanup: 15356 ns, At safepoint: 15664 ns, Total: 59740 ns
[2025-05-27T03:42:50.466+0000][69][info ][safepoint   ] Safepoint "Cleanup", Time since last: 10002630734 ns, Reaching safepoint: 17220 ns, Cleanup: 11460 ns, At safepoint: 7719 ns, Total: 36399 ns
[2025-05-27T03:42:54.466+0000][69][info ][safepoint   ] Safepoint "Cleanup", Time since last: 4001333963 ns, Reaching safepoint: 68010 ns, Cleanup: 15545 ns, At safepoint: 32913 ns, Total: 116468 ns
[2025-05-27T03:43:13.470+0000][69][info ][safepoint   ] Safepoint "Cleanup", Time since last: 19004164120 ns, Reaching safepoint: 65817 ns, Cleanup: 16345 ns, At safepoint: 112119 ns, Total: 194281 ns
[2025-05-27T03:43:41.498+0000][69][info ][safepoint   ] Safepoint "Cleanup", Time since last: 28030166697 ns, Reaching safepoint: 15602 ns, Cleanup: 19439 ns, At safepoint: 89776 ns, Total: 124817 ns
[2025-05-27T03:44:13.520+0000][69][info ][safepoint   ] Safepoint "Cleanup", Time since last: 32025103423 ns, Reaching safepoint: 74863 ns, Cleanup: 22181 ns, At safepoint: 18044 ns, Total: 115088 ns
[2025-05-27T03:44:44.558+0000][69][info ][safepoint   ] Safepoint "Cleanup", Time since last: 31039595382 ns, Reaching safepoint: 24897 ns, Cleanup: 14074 ns, At safepoint: 19948 ns, Total: 58919 ns
[2025-05-27T03:44:45.584+0000][69][info ][safepoint   ] Safepoint "Cleanup", Time since last: 1025909680 ns, Reaching safepoint: 18580 ns, Cleanup: 12908 ns, At safepoint: 9032 ns, Total: 40520 ns
[2025-05-27T03:44:54.582+0000][69][info ][safepoint   ] Safepoint "Cleanup", Time since last: 9001710784 ns, Reaching safepoint: 21278 ns, Cleanup: 12099 ns, At safepoint: 9300 ns, Total: 42677 ns
[2025-05-27T03:45:13.586+0000][69][info ][safepoint   ] Safepoint "Cleanup", Time since last: 19003444396 ns, Reaching safepoint: 51898 ns, Cleanup: 12518 ns, At safepoint: 9077 ns, Total: 73493 ns
[2025-05-27T03:45:25.587+0000][69][info ][safepoint   ] Safepoint "Cleanup", Time since last: 12002379364 ns, Reaching safepoint: 32651 ns, Cleanup: 18626 ns, At safepoint: 16968 ns, Total: 68245 ns
[2025-05-27T03:45:26.610+0000][69][info ][safepoint   ] Safepoint "Cleanup", Time since last: 1023430195 ns, Reaching safepoint: 15633 ns, Cleanup: 24975 ns, At safepoint: 111943 ns, Total: 152551 ns
[2025-05-27T03:45:47.648+0000][69][info ][safepoint   ] Safepoint "Cleanup", Time since last: 21037642358 ns, Reaching safepoint: 6826 ns, Cleanup: 10157 ns, At safepoint: 13904 ns, Total: 30887 ns
[2025-05-27T03:45:47.652+0000][69][info ][gc,start    ] GC(17) Pause Young (Normal) (G1 Evacuation Pause)
[2025-05-27T03:45:47.654+0000][69][info ][gc,task     ] GC(17) Using 10 workers of 10 for evacuation
[2025-05-27T03:45:47.654+0000][69][debug][gc,age      ] GC(17) Desired survivor size 88080384 bytes, new threshold 15 (max threshold 15)
[2025-05-27T03:45:47.801+0000][69][info ][gc,phases   ] GC(17)   Pre Evacuate Collection Set: 2.00ms
[2025-05-27T03:45:47.801+0000][69][info ][gc,phases   ] GC(17)   Merge Heap Roots: 1.05ms
[2025-05-27T03:45:47.802+0000][69][info ][gc,phases   ] GC(17)   Evacuate Collection Set: 133.45ms
[2025-05-27T03:45:47.802+0000][69][info ][gc,phases   ] GC(17)   Post Evacuate Collection Set: 8.89ms
[2025-05-27T03:45:47.803+0000][69][info ][gc,phases   ] GC(17)   Other: 1.76ms
[2025-05-27T03:45:47.803+0000][69][trace][gc,age      ] GC(17) Age table with threshold 15 (max threshold 15)
[2025-05-27T03:45:47.803+0000][69][trace][gc,age      ] GC(17) - age   1:    1603936 bytes,    1603936 total
[2025-05-27T03:45:47.804+0000][69][trace][gc,age      ] GC(17) - age   2:     144376 bytes,    1748312 total
[2025-05-27T03:45:47.804+0000][69][trace][gc,age      ] GC(17) - age   3:     559648 bytes,    2307960 total
[2025-05-27T03:45:47.804+0000][69][trace][gc,age      ] GC(17) - age   4:   41309400 bytes,   43617360 total
[2025-05-27T03:45:47.805+0000][69][trace][gc,age      ] GC(17) - age   5:   20492736 bytes,   64110096 total
[2025-05-27T03:45:47.805+0000][69][trace][gc,age      ] GC(17) - age   6:      41856 bytes,   64151952 total
[2025-05-27T03:45:47.806+0000][69][trace][gc,age      ] GC(17) - age   7:      47760 bytes,   64199712 total
[2025-05-27T03:45:47.806+0000][69][info ][gc,heap     ] GC(17) Eden regions: 316->0(349)
[2025-05-27T03:45:47.806+0000][69][info ][gc,heap     ] GC(17) Survivor regions: 18->18(42)
[2025-05-27T03:45:47.807+0000][69][info ][gc,heap     ] GC(17) Old regions: 10->10
[2025-05-27T03:45:47.807+0000][69][info ][gc,heap     ] GC(17) Humongous regions: 0->0
[2025-05-27T03:45:47.808+0000][69][info ][gc,metaspace] GC(17) Metaspace: 144672K(148736K)->144672K(148736K) NonClass: 125016K(127168K)->125016K(127168K) Class: 19655K(21568K)->19655K(21568K)
[2025-05-27T03:45:47.808+0000][69][info ][gc          ] GC(17) Pause Young (Normal) (G1 Evacuation Pause) 1373M->109M(3880M) 156.449ms
[2025-05-27T03:45:47.809+0000][69][info ][gc,cpu      ] GC(17) User=1.20s Sys=0.04s Real=0.16s
[2025-05-27T03:45:47.809+0000][69][info ][safepoint   ] Safepoint "G1CollectForAllocation", Time since last: 2326226 ns, Reaching safepoint: 26089 ns, Cleanup: 5968 ns, At safepoint: 158773916 ns, Total: 158805973 ns
[2025-05-27T03:45:55.991+0000][69][info ][safepoint   ] Safepoint "Cleanup", Time since last: 8183354911 ns, Reaching safepoint: 6247 ns, Cleanup: 10736 ns, At safepoint: 22985 ns, Total: 39968 ns
[2025-05-27T03:45:57.887+0000][69][info ][safepoint   ] Safepoint "Cleanup", Time since last: 1896493184 ns, Reaching safepoint: 19105 ns, Cleanup: 25223 ns, At safepoint: 8494 ns, Total: 52822 ns
[2025-05-27T03:45:59.888+0000][69][info ][safepoint   ] Safepoint "Cleanup", Time since last: 2000881380 ns, Reaching safepoint: 69006 ns, Cleanup: 15156 ns, At safepoint: 98398 ns, Total: 182560 ns
[2025-05-27T03:46:35.770+0000][69][info ][safepoint   ] Safepoint "Cleanup", Time since last: 35884238331 ns, Reaching safepoint: 17274 ns, Cleanup: 11870 ns, At safepoint: 7584 ns, Total: 36728 ns
[2025-05-27T03:46:41.771+0000][69][info ][safepoint   ] Safepoint "Cleanup", Time since last: 6001634931 ns, Reaching safepoint: 27967 ns, Cleanup: 15755 ns, At safepoint: 15498 ns, Total: 59220 ns
[2025-05-27T03:46:50.914+0000][69][info ][safepoint   ] Safepoint "Cleanup", Time since last: 9142954376 ns, Reaching safepoint: 8525 ns, Cleanup: 7903 ns, At safepoint: 15002 ns, Total: 31430 ns
[2025-05-27T03:47:13.920+0000][69][info ][safepoint   ] Safepoint "Cleanup", Time since last: 23007995598 ns, Reaching safepoint: 69661 ns, Cleanup: 21319 ns, At safepoint: 17434 ns, Total: 108414 ns
[2025-05-27T03:47:23.920+0000][69][info ][safepoint   ] Safepoint "Cleanup", Time since last: 10002431177 ns, Reaching safepoint: 68687 ns, Cleanup: 16549 ns, At safepoint: 18987 ns, Total: 104223 ns
[2025-05-27T03:47:25.921+0000][69][info ][safepoint   ] Safepoint "Cleanup", Time since last: 2000923170 ns, Reaching safepoint: 34112 ns, Cleanup: 16665 ns, At safepoint: 18160 ns, Total: 68937 ns
[2025-05-27T03:47:53.006+0000][69][info ][safepoint   ] Safepoint "Cleanup", Time since last: 27087444440 ns, Reaching safepoint: 13119 ns, Cleanup: 17319 ns, At safepoint: 77276 ns, Total: 107714 ns
[2025-05-27T03:47:54.957+0000][69][info ][safepoint   ] Safepoint "Cleanup", Time since last: 1950650020 ns, Reaching safepoint: 17974 ns, Cleanup: 14257 ns, At safepoint: 7754 ns, Total: 39985 ns
[2025-05-27T03:48:09.960+0000][69][info ][safepoint   ] Safepoint "Cleanup", Time since last: 15003124886 ns, Reaching safepoint: 153595 ns, Cleanup: 16175 ns, At safepoint: 18471 ns, Total: 188241 ns
[2025-05-27T03:48:55.974+0000][69][info ][safepoint   ] Safepoint "Cleanup", Time since last: 46018258901 ns, Reaching safepoint: 7261 ns, Cleanup: 19761 ns, At safepoint: 28378 ns, Total: 55400 ns
[2025-05-27T03:49:14.024+0000][69][info ][safepoint   ] Safepoint "Cleanup", Time since last: 18049519323 ns, Reaching safepoint: 133880 ns, Cleanup: 16698 ns, At safepoint: 17148 ns, Total: 167726 ns
[2025-05-27T03:49:24.023+0000][69][info ][safepoint   ] Safepoint "Cleanup", Time since last: 10002236167 ns, Reaching safepoint: 45386 ns, Cleanup: 12958 ns, At safepoint: 8524 ns, Total: 66868 ns
[2025-05-27T03:49:25.024+0000][69][info ][safepoint   ] Safepoint "Cleanup", Time since last: 1000561148 ns, Reaching safepoint: 18292 ns, Cleanup: 12305 ns, At safepoint: 8503 ns, Total: 39100 ns
[2025-05-27T03:49:40.878+0000][69][info ][safepoint   ] Safepoint "Cleanup", Time since last: 15854615453 ns, Reaching safepoint: 54857 ns, Cleanup: 15455 ns, At safepoint: 13625 ns, Total: 83937 ns
[2025-05-27T03:49:59.003+0000][69][info ][safepoint   ] Safepoint "Cleanup", Time since last: 18126135360 ns, Reaching safepoint: 25698 ns, Cleanup: 66486 ns, At safepoint: 130585 ns, Total: 222769 ns
[2025-05-27T03:50:00.049+0000][69][info ][safepoint   ] Safepoint "Cleanup", Time since last: 1045466775 ns, Reaching safepoint: 13404 ns, Cleanup: 21683 ns, At safepoint: 78493 ns, Total: 113580 ns
[2025-05-27T03:50:13.084+0000][69][info ][safepoint   ] Safepoint "Cleanup", Time since last: 13034876060 ns, Reaching safepoint: 46197 ns, Cleanup: 12296 ns, At safepoint: 7672 ns, Total: 66165 ns
[2025-05-27T03:50:25.084+0000][69][info ][safepoint   ] Safepoint "Cleanup", Time since last: 12002317608 ns, Reaching safepoint: 63215 ns, Cleanup: 15215 ns, At safepoint: 16903 ns, Total: 95333 ns
[2025-05-27T03:50:26.084+0000][69][info ][safepoint   ] Safepoint "Cleanup", Time since last: 1000531289 ns, Reaching safepoint: 39867 ns, Cleanup: 19498 ns, At safepoint: 11414 ns, Total: 70779 ns
[2025-05-27T03:50:31.086+0000][69][info ][safepoint   ] Safepoint "Cleanup", Time since last: 5001137582 ns, Reaching safepoint: 29457 ns, Cleanup: 18343 ns, At safepoint: 15955 ns, Total: 63755 ns
[2025-05-27T03:50:58.985+0000][69][info ][safepoint   ] Safepoint "Cleanup", Time since last: 27901829304 ns, Reaching safepoint: 23854 ns, Cleanup: 18166 ns, At safepoint: 68464 ns, Total: 110484 ns
[2025-05-27T03:51:00.121+0000][69][info ][safepoint   ] Safepoint "Cleanup", Time since last: 1135799966 ns, Reaching safepoint: 27584 ns, Cleanup: 16003 ns, At safepoint: 15005 ns, Total: 58592 ns
[2025-05-27T03:51:01.157+0000][69][info ][safepoint   ] Safepoint "Cleanup", Time since last: 1035535301 ns, Reaching safepoint: 33320 ns, Cleanup: 19241 ns, At safepoint: 18577 ns, Total: 71138 ns
[2025-05-27T03:51:02.209+0000][69][info ][safepoint   ] Safepoint "Cleanup", Time since last: 1051979280 ns, Reaching safepoint: 13943 ns, Cleanup: 17581 ns, At safepoint: 80880 ns, Total: 112404 ns
[2025-05-27T03:51:21.194+0000][69][info ][safepoint   ] Safepoint "Cleanup", Time since last: 18984746206 ns, Reaching safepoint: 7797 ns, Cleanup: 7183 ns, At safepoint: 13535 ns, Total: 28515 ns
[2025-05-27T03:51:35.956+0000][69][info ][safepoint   ] Safepoint "Cleanup", Time since last: 14765717796 ns, Reaching safepoint: 30955 ns, Cleanup: 16008 ns, At safepoint: 16256 ns, Total: 63219 ns
[2025-05-27T03:52:04.998+0000][69][info ][safepoint   ] Safepoint "Cleanup", Time since last: 29043902112 ns, Reaching safepoint: 6055 ns, Cleanup: 7555 ns, At safepoint: 13887 ns, Total: 27497 ns
[2025-05-27T03:52:06.267+0000][69][info ][safepoint   ] Safepoint "Cleanup", Time since last: 1268592464 ns, Reaching safepoint: 27861 ns, Cleanup: 16925 ns, At safepoint: 15492 ns, Total: 60278 ns
[2025-05-27T03:52:10.269+0000][69][info ][safepoint   ] Safepoint "Cleanup", Time since last: 4001344219 ns, Reaching safepoint: 239036 ns, Cleanup: 18800 ns, At safepoint: 160868 ns, Total: 418704 ns
[2025-05-27T03:52:47.998+0000][69][info ][safepoint   ] Safepoint "Cleanup", Time since last: 37731860815 ns, Reaching safepoint: 69428 ns, Cleanup: 15575 ns, At safepoint: 15886 ns, Total: 100889 ns
[2025-05-27T03:53:07.981+0000][69][info ][safepoint   ] Safepoint "Cleanup", Time since last: 19985212055 ns, Reaching safepoint: 27667 ns, Cleanup: 12749 ns, At safepoint: 65699 ns, Total: 106115 ns
[2025-05-27T03:53:09.323+0000][69][info ][safepoint   ] Safepoint "Cleanup", Time since last: 1340957588 ns, Reaching safepoint: 72603 ns, Cleanup: 21981 ns, At safepoint: 36259 ns, Total: 130843 ns
[2025-05-27T03:54:10.986+0000][69][info ][safepoint   ] Safepoint "Cleanup", Time since last: 61668208811 ns, Reaching safepoint: 88277 ns, Cleanup: 9792 ns, At safepoint: 27013 ns, Total: 125082 ns
[2025-05-27T03:54:12.378+0000][69][info ][safepoint   ] Safepoint "Cleanup", Time since last: 1391597280 ns, Reaching safepoint: 18507 ns, Cleanup: 14381 ns, At safepoint: 8291 ns, Total: 41179 ns
[2025-05-27T03:54:24.383+0000][69][info ][safepoint   ] Safepoint "Cleanup", Time since last: 12007519878 ns, Reaching safepoint: 20730 ns, Cleanup: 12352 ns, At safepoint: 7622 ns, Total: 40704 ns
[2025-05-27T03:54:49.074+0000][69][info ][safepoint   ] Safepoint "Cleanup", Time since last: 24691313345 ns, Reaching safepoint: 68476 ns, Cleanup: 15121 ns, At safepoint: 16793 ns, Total: 100390 ns
[2025-05-27T03:54:53.073+0000][69][info ][safepoint   ] Safepoint "Cleanup", Time since last: 4001230929 ns, Reaching safepoint: 30046 ns, Cleanup: 16626 ns, At safepoint: 16218 ns, Total: 62890 ns
[2025-05-27T03:55:13.077+0000][69][info ][safepoint   ] Safepoint "Cleanup", Time since last: 20004113667 ns, Reaching safepoint: 68586 ns, Cleanup: 21804 ns, At safepoint: 17417 ns, Total: 107807 ns
[2025-05-27T03:55:14.401+0000][69][info ][safepoint   ] Safepoint "Cleanup", Time since last: 1323978055 ns, Reaching safepoint: 12877 ns, Cleanup: 14749 ns, At safepoint: 66449 ns, Total: 94075 ns
[2025-05-27T03:56:13.490+0000][69][info ][safepoint   ] Safepoint "Cleanup", Time since last: 59093631773 ns, Reaching safepoint: 37019 ns, Cleanup: 23446 ns, At safepoint: 20016 ns, Total: 80481 ns
[2025-05-27T03:56:17.016+0000][69][info ][safepoint   ] Safepoint "Cleanup", Time since last: 3525947945 ns, Reaching safepoint: 12623 ns, Cleanup: 17167 ns, At safepoint: 76059 ns, Total: 105849 ns
[2025-05-27T03:56:18.560+0000][69][info ][safepoint   ] Safepoint "Cleanup", Time since last: 1543394614 ns, Reaching safepoint: 30304 ns, Cleanup: 28361 ns, At safepoint: 16722 ns, Total: 75387 ns
[2025-05-27T03:56:20.377+0000][69][info ][safepoint   ] Safepoint "Cleanup", Time since last: 1817089927 ns, Reaching safepoint: 89154 ns, Cleanup: 14420 ns, At safepoint: 37833 ns, Total: 141407 ns
[2025-05-27T03:56:21.397+0000][69][info ][safepoint   ] Safepoint "Cleanup", Time since last: 1022004353 ns, Reaching safepoint: 20291 ns, Cleanup: 12534 ns, At safepoint: 9006 ns, Total: 41831 ns
[2025-05-27T03:57:20.586+0000][69][info ][safepoint   ] Safepoint "Cleanup", Time since last: 59191745121 ns, Reaching safepoint: 231574 ns, Cleanup: 11942 ns, At safepoint: 37926 ns, Total: 281442 ns
[2025-05-27T03:57:21.602+0000][69][info ][safepoint   ] Safepoint "Cleanup", Time since last: 1018522167 ns, Reaching safepoint: 18669 ns, Cleanup: 16116 ns, At safepoint: 9139 ns, Total: 43924 ns
[2025-05-27T03:57:23.604+0000][69][info ][safepoint   ] Safepoint "Cleanup", Time since last: 2001039515 ns, Reaching safepoint: 28776 ns, Cleanup: 17269 ns, At safepoint: 11343 ns, Total: 57388 ns
[2025-05-27T03:57:34.183+0000][69][info ][safepoint   ] Safepoint "Cleanup", Time since last: 10579701903 ns, Reaching safepoint: 28938 ns, Cleanup: 18687 ns, At safepoint: 14769 ns, Total: 62394 ns
[2025-05-27T03:57:41.185+0000][69][info ][safepoint   ] Safepoint "Cleanup", Time since last: 7001758610 ns, Reaching safepoint: 29783 ns, Cleanup: 16514 ns, At safepoint: 16270 ns, Total: 62567 ns
[2025-05-27T03:57:56.187+0000][69][info ][safepoint   ] Safepoint "Cleanup", Time since last: 15003427340 ns, Reaching safepoint: 76378 ns, Cleanup: 19615 ns, At safepoint: 11213 ns, Total: 107206 ns
[2025-05-27T03:58:02.188+0000][69][info ][safepoint   ] Safepoint "Cleanup", Time since last: 6001663539 ns, Reaching safepoint: 28325 ns, Cleanup: 19287 ns, At safepoint: 15227 ns, Total: 62839 ns
[2025-05-27T03:58:13.191+0000][69][info ][safepoint   ] Safepoint "Cleanup", Time since last: 11002630048 ns, Reaching safepoint: 28630 ns, Cleanup: 19870 ns, At safepoint: 15611 ns, Total: 64111 ns
[2025-05-27T03:58:16.192+0000][69][info ][safepoint   ] Safepoint "Cleanup", Time since last: 3001160197 ns, Reaching safepoint: 139562 ns, Cleanup: 21363 ns, At safepoint: 38001 ns, Total: 198926 ns
[2025-05-27T03:58:22.993+0000][69][info ][safepoint   ] Safepoint "Cleanup", Time since last: 6803562296 ns, Reaching safepoint: 27525 ns, Cleanup: 14984 ns, At safepoint: 106798 ns, Total: 149307 ns
[2025-05-27T03:58:23.928+0000][69][info ][gc,start    ] GC(18) Pause Young (Concurrent Start) (CodeCache GC Threshold)
[2025-05-27T03:58:23.928+0000][69][info ][gc,task     ] GC(18) Using 10 workers of 10 for evacuation
[2025-05-27T03:58:23.929+0000][69][debug][gc,age      ] GC(18) Desired survivor size 96468992 bytes, new threshold 15 (max threshold 15)
[2025-05-27T03:58:24.018+0000][69][info ][gc,phases   ] GC(18)   Pre Evacuate Collection Set: 3.97ms
[2025-05-27T03:58:24.019+0000][69][info ][gc,phases   ] GC(18)   Merge Heap Roots: 1.11ms
[2025-05-27T03:58:24.019+0000][69][info ][gc,phases   ] GC(18)   Evacuate Collection Set: 77.85ms
[2025-05-27T03:58:24.019+0000][69][info ][gc,phases   ] GC(18)   Post Evacuate Collection Set: 5.81ms
[2025-05-27T03:58:24.020+0000][69][info ][gc,phases   ] GC(18)   Other: 1.07ms
[2025-05-27T03:58:24.020+0000][69][trace][gc,age      ] GC(18) Age table with threshold 15 (max threshold 15)
[2025-05-27T03:58:24.021+0000][69][trace][gc,age      ] GC(18) - age   1:     870368 bytes,     870368 total
[2025-05-27T03:58:24.021+0000][69][trace][gc,age      ] GC(18) - age   2:     421680 bytes,    1292048 total
[2025-05-27T03:58:24.022+0000][69][trace][gc,age      ] GC(18) - age   3:     143712 bytes,    1435760 total
[2025-05-27T03:58:24.022+0000][69][trace][gc,age      ] GC(18) - age   4:     558720 bytes,    1994480 total
[2025-05-27T03:58:24.023+0000][69][trace][gc,age      ] GC(18) - age   5:   40825376 bytes,   42819856 total
[2025-05-27T03:58:24.023+0000][69][trace][gc,age      ] GC(18) - age   6:   19334536 bytes,   62154392 total
[2025-05-27T03:58:24.023+0000][69][trace][gc,age      ] GC(18) - age   7:      41480 bytes,   62195872 total
[2025-05-27T03:58:24.024+0000][69][trace][gc,age      ] GC(18) - age   8:      47696 bytes,   62243568 total
[2025-05-27T03:58:24.024+0000][69][info ][gc,heap     ] GC(18) Eden regions: 152->0(521)
[2025-05-27T03:58:24.025+0000][69][info ][gc,heap     ] GC(18) Survivor regions: 18->16(46)
[2025-05-27T03:58:24.025+0000][69][info ][gc,heap     ] GC(18) Old regions: 10->10
[2025-05-27T03:58:24.026+0000][69][info ][gc,heap     ] GC(18) Humongous regions: 0->0
[2025-05-27T03:58:24.026+0000][69][info ][gc,metaspace] GC(18) Metaspace: 144845K(148928K)->144845K(148928K) NonClass: 125189K(127360K)->125189K(127360K) Class: 19655K(21568K)->19655K(21568K)
[2025-05-27T03:58:24.027+0000][69][info ][gc          ] GC(18) Pause Young (Concurrent Start) (CodeCache GC Threshold) 713M->103M(3880M) 98.996ms
[2025-05-27T03:58:24.027+0000][69][info ][gc,cpu      ] GC(18) User=0.61s Sys=0.07s Real=0.10s
[2025-05-27T03:58:24.028+0000][69][info ][safepoint   ] Safepoint "G1TryInitiateConcMark", Time since last: 934016560 ns, Reaching safepoint: 16397 ns, Cleanup: 11628 ns, At safepoint: 100106127 ns, Total: 100134152 ns
[2025-05-27T03:58:24.028+0000][69][info ][gc          ] GC(19) Concurrent Mark Cycle
[2025-05-27T03:58:24.029+0000][69][info ][gc,marking  ] GC(19) Concurrent Scan Root Regions
[2025-05-27T03:58:24.065+0000][69][info ][gc,marking  ] GC(19) Concurrent Scan Root Regions 36.256ms
[2025-05-27T03:58:24.066+0000][69][info ][gc,marking  ] GC(19) Concurrent Mark
[2025-05-27T03:58:24.066+0000][69][info ][gc,marking  ] GC(19) Concurrent Mark From Roots
[2025-05-27T03:58:24.067+0000][69][info ][gc,task     ] GC(19) Using 3 workers of 3 for marking
[2025-05-27T03:58:24.119+0000][69][info ][gc,marking  ] GC(19) Concurrent Mark From Roots 52.973ms
[2025-05-27T03:58:24.120+0000][69][info ][gc,marking  ] GC(19) Concurrent Preclean
[2025-05-27T03:58:24.121+0000][69][info ][gc,marking  ] GC(19) Concurrent Preclean 1.235ms
[2025-05-27T03:58:24.122+0000][69][info ][gc,start    ] GC(19) Pause Remark
[2025-05-27T03:58:24.499+0000][69][info ][gc,mmu      ] GC(19) MMU target violated: 201.0ms (200.0ms/201.0ms)
[2025-05-27T03:58:24.499+0000][69][info ][gc          ] GC(19) Pause Remark 107M->107M(3880M) 377.179ms
[2025-05-27T03:58:24.500+0000][69][info ][gc,cpu      ] GC(19) User=3.07s Sys=0.00s Real=0.38s
[2025-05-27T03:58:24.500+0000][69][info ][safepoint   ] Safepoint "G1PauseRemark", Time since last: 94190502 ns, Reaching safepoint: 17530 ns, Cleanup: 4371 ns, At safepoint: 378220788 ns, Total: 378242689 ns
[2025-05-27T03:58:24.501+0000][69][info ][gc,marking  ] GC(19) Concurrent Mark 434.753ms
[2025-05-27T03:58:24.501+0000][69][info ][gc,marking  ] GC(19) Concurrent Rebuild Remembered Sets and Scrub Regions
[2025-05-27T03:58:24.513+0000][69][info ][gc,marking  ] GC(19) Concurrent Rebuild Remembered Sets and Scrub Regions 12.424ms
[2025-05-27T03:58:24.515+0000][69][info ][gc,start    ] GC(19) Pause Cleanup
[2025-05-27T03:58:24.516+0000][69][info ][gc          ] GC(19) Pause Cleanup 111M->111M(3880M) 0.691ms
[2025-05-27T03:58:24.516+0000][69][info ][gc,cpu      ] GC(19) User=0.00s Sys=0.00s Real=0.00s
[2025-05-27T03:58:24.517+0000][69][info ][safepoint   ] Safepoint "G1PauseCleanup", Time since last: 13921991 ns, Reaching safepoint: 463354 ns, Cleanup: 704279 ns, At safepoint: 1535568 ns, Total: 2703201 ns
[2025-05-27T03:58:24.517+0000][69][info ][gc,marking  ] GC(19) Concurrent Clear Claimed Marks
[2025-05-27T03:58:24.518+0000][69][info ][gc,marking  ] GC(19) Concurrent Clear Claimed Marks 0.956ms
[2025-05-27T03:58:24.518+0000][69][info ][gc,marking  ] GC(19) Concurrent Cleanup for Next Mark
[2025-05-27T03:58:24.580+0000][69][info ][gc,marking  ] GC(19) Concurrent Cleanup for Next Mark 61.979ms
[2025-05-27T03:58:24.581+0000][69][info ][gc          ] GC(19) Concurrent Mark Cycle 553.175ms
[2025-05-27T03:58:47.230+0000][69][info ][safepoint   ] Safepoint "Cleanup", Time since last: 22712869260 ns, Reaching safepoint: 66197 ns, Cleanup: 16993 ns, At safepoint: 29135 ns, Total: 112325 ns
[2025-05-27T03:58:51.231+0000][69][info ][safepoint   ] Safepoint "Cleanup", Time since last: 4001398937 ns, Reaching safepoint: 33611 ns, Cleanup: 19525 ns, At safepoint: 18566 ns, Total: 71702 ns
[2025-05-27T03:59:00.266+0000][69][info ][safepoint   ] Safepoint "Cleanup", Time since last: 9037530210 ns, Reaching safepoint: 32267 ns, Cleanup: 17726 ns, At safepoint: 20476 ns, Total: 70469 ns
[2025-05-27T03:59:10.269+0000][69][info ][safepoint   ] Safepoint "Cleanup", Time since last: 10002532336 ns, Reaching safepoint: 206338 ns, Cleanup: 22602 ns, At safepoint: 18595 ns, Total: 247535 ns
[2025-05-27T03:59:13.270+0000][69][info ][safepoint   ] Safepoint "Cleanup", Time since last: 3000969116 ns, Reaching safepoint: 30715 ns, Cleanup: 26450 ns, At safepoint: 15644 ns, Total: 72809 ns
[2025-05-27T03:59:25.957+0000][69][info ][safepoint   ] Safepoint "Cleanup", Time since last: 12688879765 ns, Reaching safepoint: 13570 ns, Cleanup: 9662 ns, At safepoint: 43860 ns, Total: 67092 ns
[2025-05-27T03:59:27.692+0000][69][info ][safepoint   ] Safepoint "Cleanup", Time since last: 1734928198 ns, Reaching safepoint: 44027 ns, Cleanup: 27939 ns, At safepoint: 21186 ns, Total: 93152 ns
[2025-05-27T03:59:30.694+0000][69][info ][safepoint   ] Safepoint "Cleanup", Time since last: 3001157998 ns, Reaching safepoint: 18327 ns, Cleanup: 13038 ns, At safepoint: 28136 ns, Total: 59501 ns
[2025-05-27T03:59:36.266+0000][69][info ][safepoint   ] Safepoint "Cleanup", Time since last: 5572427557 ns, Reaching safepoint: 61996 ns, Cleanup: 16408 ns, At safepoint: 29084 ns, Total: 107488 ns
[2025-05-27T03:59:53.267+0000][69][info ][safepoint   ] Safepoint "Cleanup", Time since last: 17003814900 ns, Reaching safepoint: 45729 ns, Cleanup: 18517 ns, At safepoint: 21293 ns, Total: 85539 ns
[2025-05-27T03:59:54.268+0000][69][info ][safepoint   ] Safepoint "Cleanup", Time since last: 1000749961 ns, Reaching safepoint: 31775 ns, Cleanup: 19671 ns, At safepoint: 17198 ns, Total: 68644 ns
[2025-05-27T04:00:13.272+0000][69][info ][safepoint   ] Safepoint "Cleanup", Time since last: 19003952214 ns, Reaching safepoint: 29553 ns, Cleanup: 19723 ns, At safepoint: 16453 ns, Total: 65729 ns
[2025-05-27T04:00:22.970+0000][69][info ][safepoint   ] Safepoint "Cleanup", Time since last: 9700662336 ns, Reaching safepoint: 91850 ns, Cleanup: 7075 ns, At safepoint: 43811 ns, Total: 142736 ns
[2025-05-27T04:00:24.731+0000][69][info ][safepoint   ] Safepoint "Cleanup", Time since last: 1760990747 ns, Reaching safepoint: 18615 ns, Cleanup: 35456 ns, At safepoint: 9150 ns, Total: 63221 ns
[2025-05-27T04:00:29.766+0000][69][info ][safepoint   ] Safepoint "Cleanup", Time since last: 5034571180 ns, Reaching safepoint: 28644 ns, Cleanup: 15394 ns, At safepoint: 67947 ns, Total: 111985 ns
[2025-05-27T04:00:30.803+0000][69][info ][safepoint   ] Safepoint "Cleanup", Time since last: 1036872071 ns, Reaching safepoint: 30315 ns, Cleanup: 21715 ns, At safepoint: 17592 ns, Total: 69622 ns
[2025-05-27T04:00:35.301+0000][69][info ][safepoint   ] Safepoint "Cleanup", Time since last: 4497609230 ns, Reaching safepoint: 71596 ns, Cleanup: 16849 ns, At safepoint: 30518 ns, Total: 118963 ns
[2025-05-27T04:00:45.303+0000][69][info ][safepoint   ] Safepoint "Cleanup", Time since last: 10002429696 ns, Reaching safepoint: 113725 ns, Cleanup: 16280 ns, At safepoint: 19663 ns, Total: 149668 ns
[2025-05-27T04:00:50.396+0000][69][info ][safepoint   ] Safepoint "Cleanup", Time since last: 5092336441 ns, Reaching safepoint: 17540 ns, Cleanup: 14815 ns, At safepoint: 121333 ns, Total: 153688 ns
[2025-05-27T04:00:51.574+0000][69][info ][safepoint   ] Safepoint "Cleanup", Time since last: 1179982012 ns, Reaching safepoint: 16389 ns, Cleanup: 13985 ns, At safepoint: 34177 ns, Total: 64551 ns
[2025-05-27T04:01:02.576+0000][69][info ][safepoint   ] Safepoint "Cleanup", Time since last: 11002296038 ns, Reaching safepoint: 31184 ns, Cleanup: 15814 ns, At safepoint: 78839 ns, Total: 125837 ns
[2025-05-27T04:01:04.973+0000][69][info ][safepoint   ] Safepoint "Cleanup", Time since last: 2396367102 ns, Reaching safepoint: 447130 ns, Cleanup: 261766 ns, At safepoint: 110602 ns, Total: 819498 ns
[2025-05-27T04:01:06.827+0000][69][info ][safepoint   ] Safepoint "Cleanup", Time since last: 1853576143 ns, Reaching safepoint: 24081 ns, Cleanup: 18324 ns, At safepoint: 8890 ns, Total: 51295 ns
[2025-05-27T04:01:13.829+0000][69][info ][safepoint   ] Safepoint "Cleanup", Time since last: 7001558691 ns, Reaching safepoint: 29320 ns, Cleanup: 19669 ns, At safepoint: 15459 ns, Total: 64448 ns
[2025-05-27T04:01:30.628+0000][69][info ][safepoint   ] Safepoint "Cleanup", Time since last: 16801425342 ns, Reaching safepoint: 68904 ns, Cleanup: 16120 ns, At safepoint: 16628 ns, Total: 101652 ns
[2025-05-27T04:01:31.966+0000][69][info ][safepoint   ] Safepoint "Cleanup", Time since last: 1337756968 ns, Reaching safepoint: 88807 ns, Cleanup: 8673 ns, At safepoint: 56110 ns, Total: 153590 ns
[2025-05-27T04:01:33.870+0000][69][info ][safepoint   ] Safepoint "Cleanup", Time since last: 1904809075 ns, Reaching safepoint: 12008 ns, Cleanup: 17119 ns, At safepoint: 11455 ns, Total: 40582 ns
[2025-05-27T04:01:40.877+0000][69][info ][safepoint   ] Safepoint "Cleanup", Time since last: 7006593517 ns, Reaching safepoint: 44567 ns, Cleanup: 13120 ns, At safepoint: 7981 ns, Total: 65668 ns
[2025-05-27T04:02:13.883+0000][69][info ][safepoint   ] Safepoint "Cleanup", Time since last: 33007768271 ns, Reaching safepoint: 71294 ns, Cleanup: 18804 ns, At safepoint: 30415 ns, Total: 120513 ns
[2025-05-27T04:02:34.965+0000][69][info ][safepoint   ] Safepoint "Cleanup", Time since last: 21084451818 ns, Reaching safepoint: 15998 ns, Cleanup: 24804 ns, At safepoint: 86718 ns, Total: 127520 ns
[2025-05-27T04:02:36.904+0000][69][info ][safepoint   ] Safepoint "Cleanup", Time since last: 1938677903 ns, Reaching safepoint: 70376 ns, Cleanup: 29483 ns, At safepoint: 31204 ns, Total: 131063 ns
[2025-05-27T04:03:15.909+0000][69][info ][safepoint   ] Safepoint "Cleanup", Time since last: 39007080736 ns, Reaching safepoint: 77524 ns, Cleanup: 17621 ns, At safepoint: 17990 ns, Total: 113135 ns
[2025-05-27T04:03:26.909+0000][69][info ][safepoint   ] Safepoint "Cleanup", Time since last: 11002310764 ns, Reaching safepoint: 19073 ns, Cleanup: 33863 ns, At safepoint: 9172 ns, Total: 62108 ns
[2025-05-27T04:03:38.931+0000][69][info ][safepoint   ] Safepoint "Cleanup", Time since last: 12022633456 ns, Reaching safepoint: 20054 ns, Cleanup: 7432 ns, At safepoint: 11805 ns, Total: 39291 ns
[2025-05-27T04:03:44.948+0000][69][info ][safepoint   ] Safepoint "Cleanup", Time since last: 6016202932 ns, Reaching safepoint: 137154 ns, Cleanup: 85919 ns, At safepoint: 25503 ns, Total: 248576 ns
[2025-05-27T04:04:10.950+0000][69][info ][safepoint   ] Safepoint "Cleanup", Time since last: 26004730997 ns, Reaching safepoint: 77416 ns, Cleanup: 18159 ns, At safepoint: 12133 ns, Total: 107708 ns
[2025-05-27T04:04:13.953+0000][69][info ][safepoint   ] Safepoint "Cleanup", Time since last: 3003069093 ns, Reaching safepoint: 19942 ns, Cleanup: 14187 ns, At safepoint: 8650 ns, Total: 42779 ns
[2025-05-27T04:04:24.954+0000][69][info ][safepoint   ] Safepoint "Cleanup", Time since last: 11002423643 ns, Reaching safepoint: 127318 ns, Cleanup: 16642 ns, At safepoint: 32434 ns, Total: 176394 ns
[2025-05-27T04:04:32.445+0000][69][info ][safepoint   ] Safepoint "Cleanup", Time since last: 7491549823 ns, Reaching safepoint: 13622 ns, Cleanup: 15786 ns, At safepoint: 11870 ns, Total: 41278 ns
[2025-05-27T04:04:40.448+0000][69][info ][safepoint   ] Safepoint "Cleanup", Time since last: 8002431393 ns, Reaching safepoint: 75622 ns, Cleanup: 17723 ns, At safepoint: 31684 ns, Total: 125029 ns
[2025-05-27T04:04:54.985+0000][69][info ][safepoint   ] Safepoint "Cleanup", Time since last: 14539834376 ns, Reaching safepoint: 56463 ns, Cleanup: 15544 ns, At safepoint: 13452 ns, Total: 85459 ns
[2025-05-27T04:05:12.992+0000][69][info ][safepoint   ] Safepoint "Cleanup", Time since last: 18007106344 ns, Reaching safepoint: 39547 ns, Cleanup: 18825 ns, At safepoint: 12342 ns, Total: 70714 ns
[2025-05-27T04:05:55.014+0000][69][info ][safepoint   ] Safepoint "Cleanup", Time since last: 42026604339 ns, Reaching safepoint: 43230 ns, Cleanup: 32063 ns, At safepoint: 38796 ns, Total: 114089 ns
[2025-05-27T04:06:06.016+0000][69][info ][safepoint   ] Safepoint "Cleanup", Time since last: 11002331375 ns, Reaching safepoint: 47403 ns, Cleanup: 16751 ns, At safepoint: 8848 ns, Total: 73002 ns
[2025-05-27T04:06:08.962+0000][69][info ][safepoint   ] Safepoint "Cleanup", Time since last: 2945941733 ns, Reaching safepoint: 31016 ns, Cleanup: 15477 ns, At safepoint: 17028 ns, Total: 63521 ns
[2025-05-27T04:06:15.033+0000][69][info ][safepoint   ] Safepoint "Cleanup", Time since last: 6070392590 ns, Reaching safepoint: 69394 ns, Cleanup: 15321 ns, At safepoint: 16245 ns, Total: 100960 ns
[2025-05-27T04:06:25.394+0000][69][info ][safepoint   ] Safepoint "Cleanup", Time since last: 10363013758 ns, Reaching safepoint: 20562 ns, Cleanup: 12995 ns, At safepoint: 8036 ns, Total: 41593 ns
[2025-05-27T04:06:38.521+0000][69][info ][safepoint   ] Safepoint "Cleanup", Time since last: 13126973480 ns, Reaching safepoint: 19981 ns, Cleanup: 13360 ns, At safepoint: 9522 ns, Total: 42863 ns
[2025-05-27T04:06:40.522+0000][69][info ][safepoint   ] Safepoint "Cleanup", Time since last: 2000941608 ns, Reaching safepoint: 33668 ns, Cleanup: 18057 ns, At safepoint: 19073 ns, Total: 70798 ns
[2025-05-27T04:06:48.003+0000][69][info ][safepoint   ] Safepoint "Cleanup", Time since last: 7480915939 ns, Reaching safepoint: 33708 ns, Cleanup: 18682 ns, At safepoint: 19498 ns, Total: 71888 ns
[2025-05-27T04:06:49.078+0000][69][info ][safepoint   ] Safepoint "Cleanup", Time since last: 1074418654 ns, Reaching safepoint: 29188 ns, Cleanup: 15325 ns, At safepoint: 65816 ns, Total: 110329 ns
[2025-05-27T04:06:54.079+0000][69][info ][safepoint   ] Safepoint "Cleanup", Time since last: 5003577618 ns, Reaching safepoint: 32923 ns, Cleanup: 19723 ns, At safepoint: 17584 ns, Total: 70230 ns
[2025-05-27T04:07:13.083+0000][69][info ][safepoint   ] Safepoint "Cleanup", Time since last: 19003569504 ns, Reaching safepoint: 46731 ns, Cleanup: 13462 ns, At safepoint: 20873 ns, Total: 81066 ns
[2025-05-27T04:07:30.084+0000][69][info ][safepoint   ] Safepoint "Cleanup", Time since last: 17003457923 ns, Reaching safepoint: 67619 ns, Cleanup: 17583 ns, At safepoint: 30259 ns, Total: 115461 ns
[2025-05-27T04:07:51.107+0000][69][info ][safepoint   ] Safepoint "Cleanup", Time since last: 21023001401 ns, Reaching safepoint: 32695 ns, Cleanup: 21206 ns, At safepoint: 17416 ns, Total: 71317 ns
[2025-05-27T04:07:52.139+0000][69][info ][safepoint   ] Safepoint "Cleanup", Time since last: 1034445940 ns, Reaching safepoint: 29957 ns, Cleanup: 19428 ns, At safepoint: 16732 ns, Total: 66117 ns
[2025-05-27T04:08:26.143+0000][69][info ][safepoint   ] Safepoint "Cleanup", Time since last: 34006568364 ns, Reaching safepoint: 69136 ns, Cleanup: 15833 ns, At safepoint: 16612 ns, Total: 101581 ns
[2025-05-27T04:08:44.599+0000][69][info ][safepoint   ] Safepoint "Cleanup", Time since last: 18456207546 ns, Reaching safepoint: 32639 ns, Cleanup: 18061 ns, At safepoint: 16591 ns, Total: 67291 ns
[2025-05-27T04:08:52.957+0000][69][info ][safepoint   ] Safepoint "Cleanup", Time since last: 8359276093 ns, Reaching safepoint: 5544 ns, Cleanup: 9933 ns, At safepoint: 13175 ns, Total: 28652 ns
[2025-05-27T04:08:54.192+0000][69][info ][safepoint   ] Safepoint "Cleanup", Time since last: 1234756404 ns, Reaching safepoint: 28317 ns, Cleanup: 18264 ns, At safepoint: 15888 ns, Total: 62469 ns
[2025-05-27T04:09:45.640+0000][69][info ][safepoint   ] Safepoint "Cleanup", Time since last: 51450919674 ns, Reaching safepoint: 22279 ns, Cleanup: 15472 ns, At safepoint: 8390 ns, Total: 46141 ns
[2025-05-27T04:09:54.640+0000][69][info ][safepoint   ] Safepoint "Cleanup", Time since last: 9002100034 ns, Reaching safepoint: 92784 ns, Cleanup: 12378 ns, At safepoint: 33300 ns, Total: 138462 ns
[2025-05-27T04:09:55.641+0000][69][info ][safepoint   ] Safepoint "Cleanup", Time since last: 1000734229 ns, Reaching safepoint: 28783 ns, Cleanup: 17672 ns, At safepoint: 15425 ns, Total: 61880 ns
[2025-05-27T04:09:57.239+0000][69][info ][safepoint   ] Safepoint "Cleanup", Time since last: 1597911128 ns, Reaching safepoint: 31128 ns, Cleanup: 17311 ns, At safepoint: 15868 ns, Total: 64307 ns
[2025-05-27T04:10:06.241+0000][69][info ][safepoint   ] Safepoint "Cleanup", Time since last: 9002403424 ns, Reaching safepoint: 29963 ns, Cleanup: 18448 ns, At safepoint: 16266 ns, Total: 64677 ns
[2025-05-27T04:10:25.243+0000][69][info ][safepoint   ] Safepoint "Cleanup", Time since last: 19003765484 ns, Reaching safepoint: 59092 ns, Cleanup: 18003 ns, At safepoint: 11286 ns, Total: 88381 ns
[2025-05-27T04:10:26.243+0000][69][info ][safepoint   ] Safepoint "Cleanup", Time since last: 1000624301 ns, Reaching safepoint: 25059 ns, Cleanup: 15905 ns, At safepoint: 11054 ns, Total: 52018 ns
[2025-05-27T04:10:58.950+0000][69][info ][safepoint   ] Safepoint "Cleanup", Time since last: 32709333651 ns, Reaching safepoint: 7107 ns, Cleanup: 9355 ns, At safepoint: 4992 ns, Total: 21454 ns
[2025-05-27T04:11:00.286+0000][69][info ][safepoint   ] Safepoint "Cleanup", Time since last: 1335297148 ns, Reaching safepoint: 17365 ns, Cleanup: 14603 ns, At safepoint: 7847 ns, Total: 39815 ns
[2025-05-27T04:11:10.934+0000][69][info ][safepoint   ] Safepoint "Cleanup", Time since last: 10648732235 ns, Reaching safepoint: 9157 ns, Cleanup: 8858 ns, At safepoint: 13590 ns, Total: 31605 ns
[2025-05-27T04:11:25.859+0000][69][info ][safepoint   ] Safepoint "Cleanup", Time since last: 14926788336 ns, Reaching safepoint: 26355 ns, Cleanup: 15013 ns, At safepoint: 10704 ns, Total: 52072 ns
[2025-05-27T04:11:47.719+0000][69][info ][safepoint   ] Safepoint "Cleanup", Time since last: 21859498030 ns, Reaching safepoint: 69686 ns, Cleanup: 16596 ns, At safepoint: 17986 ns, Total: 104268 ns
[2025-05-27T04:12:02.380+0000][69][info ][safepoint   ] Safepoint "Cleanup", Time since last: 14663702423 ns, Reaching safepoint: 16741 ns, Cleanup: 10425 ns, At safepoint: 118256 ns, Total: 145422 ns
[2025-05-27T04:12:03.384+0000][69][info ][safepoint   ] Safepoint "Cleanup", Time since last: 1003944939 ns, Reaching safepoint: 12218 ns, Cleanup: 24065 ns, At safepoint: 72604 ns, Total: 108887 ns
[2025-05-27T04:13:04.965+0000][69][info ][safepoint   ] Safepoint "Cleanup", Time since last: 61585695473 ns, Reaching safepoint: 28370 ns, Cleanup: 14821 ns, At safepoint: 68282 ns, Total: 111473 ns
[2025-05-27T04:13:06.428+0000][69][info ][safepoint   ] Safepoint "Cleanup", Time since last: 1462240605 ns, Reaching safepoint: 50713 ns, Cleanup: 19649 ns, At safepoint: 31460 ns, Total: 101822 ns
[2025-05-27T04:13:10.429+0000][69][info ][safepoint   ] Safepoint "Cleanup", Time since last: 4001374673 ns, Reaching safepoint: 27677 ns, Cleanup: 15636 ns, At safepoint: 15005 ns, Total: 58318 ns
[2025-05-27T04:14:05.797+0000][69][info ][safepoint   ] Safepoint "Cleanup", Time since last: 55372879405 ns, Reaching safepoint: 63925 ns, Cleanup: 18146 ns, At safepoint: 15681 ns, Total: 97752 ns
[2025-05-27T04:14:07.965+0000][69][info ][safepoint   ] Safepoint "Cleanup", Time since last: 2167993406 ns, Reaching safepoint: 26708 ns, Cleanup: 17651 ns, At safepoint: 135360 ns, Total: 179719 ns
[2025-05-27T04:14:09.507+0000][69][info ][safepoint   ] Safepoint "Cleanup", Time since last: 1541305163 ns, Reaching safepoint: 28613 ns, Cleanup: 24466 ns, At safepoint: 15706 ns, Total: 68785 ns
[2025-05-27T04:14:13.508+0000][69][info ][safepoint   ] Safepoint "Cleanup", Time since last: 4001363372 ns, Reaching safepoint: 27438 ns, Cleanup: 16975 ns, At safepoint: 15334 ns, Total: 59747 ns
[2025-05-27T04:14:30.510+0000][69][info ][safepoint   ] Safepoint "Cleanup", Time since last: 17003598215 ns, Reaching safepoint: 66321 ns, Cleanup: 15884 ns, At safepoint: 16215 ns, Total: 98420 ns
[2025-05-27T04:14:41.832+0000][69][info ][safepoint   ] Safepoint "Cleanup", Time since last: 11321958835 ns, Reaching safepoint: 65746 ns, Cleanup: 47502 ns, At safepoint: 35276 ns, Total: 148524 ns
[2025-05-27T04:14:53.832+0000][69][info ][safepoint   ] Safepoint "Cleanup", Time since last: 12002717831 ns, Reaching safepoint: 27329 ns, Cleanup: 14317 ns, At safepoint: 15731 ns, Total: 57377 ns
[2025-05-27T04:15:47.874+0000][69][info ][safepoint   ] Safepoint "Cleanup", Time since last: 54044199150 ns, Reaching safepoint: 28397 ns, Cleanup: 20426 ns, At safepoint: 15978 ns, Total: 64801 ns
[2025-05-27T04:16:14.616+0000][69][info ][safepoint   ] Safepoint "Cleanup", Time since last: 26744086572 ns, Reaching safepoint: 18752 ns, Cleanup: 21515 ns, At safepoint: 95008 ns, Total: 135275 ns
[2025-05-27T04:16:15.635+0000][69][info ][safepoint   ] Safepoint "Cleanup", Time since last: 1019154932 ns, Reaching safepoint: 31105 ns, Cleanup: 20067 ns, At safepoint: 17960 ns, Total: 69132 ns
[2025-05-27T04:16:43.914+0000][69][info ][safepoint   ] Safepoint "Cleanup", Time since last: 28281135118 ns, Reaching safepoint: 217420 ns, Cleanup: 14546 ns, At safepoint: 70280 ns, Total: 302246 ns
[2025-05-27T04:16:44.915+0000][69][info ][safepoint   ] Safepoint "Cleanup", Time since last: 1000729048 ns, Reaching safepoint: 29708 ns, Cleanup: 15637 ns, At safepoint: 16741 ns, Total: 62086 ns
[2025-05-27T04:16:58.917+0000][69][info ][safepoint   ] Safepoint "Cleanup", Time since last: 14003687063 ns, Reaching safepoint: 230033 ns, Cleanup: 15689 ns, At safepoint: 94858 ns, Total: 340580 ns
[2025-05-27T04:17:00.918+0000][69][info ][safepoint   ] Safepoint "Cleanup", Time since last: 2000947865 ns, Reaching safepoint: 29656 ns, Cleanup: 15715 ns, At safepoint: 16496 ns, Total: 61867 ns
[2025-05-27T04:17:13.921+0000][69][info ][safepoint   ] Safepoint "Cleanup", Time since last: 13002870697 ns, Reaching safepoint: 120660 ns, Cleanup: 17105 ns, At safepoint: 21538 ns, Total: 159303 ns
[2025-05-27T04:17:15.922+0000][69][info ][safepoint   ] Safepoint "Cleanup", Time since last: 2000783180 ns, Reaching safepoint: 19137 ns, Cleanup: 14987 ns, At safepoint: 8891 ns, Total: 43015 ns
[2025-05-27T04:17:16.982+0000][69][info ][safepoint   ] Safepoint "Cleanup", Time since last: 1060573981 ns, Reaching safepoint: 5728 ns, Cleanup: 11331 ns, At safepoint: 13122 ns, Total: 30181 ns
[2025-05-27T04:17:18.715+0000][69][info ][safepoint   ] Safepoint "Cleanup", Time since last: 1732873805 ns, Reaching safepoint: 6042 ns, Cleanup: 15921 ns, At safepoint: 13329 ns, Total: 35292 ns
[2025-05-27T04:17:45.957+0000][69][info ][safepoint   ] Safepoint "Cleanup", Time since last: 27244048586 ns, Reaching safepoint: 45465 ns, Cleanup: 12958 ns, At safepoint: 9116 ns, Total: 67539 ns
[2025-05-27T04:18:07.959+0000][69][info ][safepoint   ] Safepoint "Cleanup", Time since last: 22004161667 ns, Reaching safepoint: 68391 ns, Cleanup: 18748 ns, At safepoint: 17132 ns, Total: 104271 ns
[2025-05-27T04:18:19.941+0000][69][info ][safepoint   ] Safepoint "Cleanup", Time since last: 11981954651 ns, Reaching safepoint: 5920 ns, Cleanup: 7710 ns, At safepoint: 2830 ns, Total: 16460 ns
[2025-05-27T04:18:21.747+0000][69][info ][safepoint   ] Safepoint "Cleanup", Time since last: 1808551021 ns, Reaching safepoint: 31753 ns, Cleanup: 27671 ns, At safepoint: 17200 ns, Total: 76624 ns
[2025-05-27T04:18:37.996+0000][69][info ][safepoint   ] Safepoint "Cleanup", Time since last: 16248826477 ns, Reaching safepoint: 29802 ns, Cleanup: 18414 ns, At safepoint: 15177 ns, Total: 63393 ns
[2025-05-27T04:18:57.998+0000][69][info ][safepoint   ] Safepoint "Cleanup", Time since last: 20003705898 ns, Reaching safepoint: 30039 ns, Cleanup: 22937 ns, At safepoint: 17150 ns, Total: 70126 ns
[2025-05-27T04:19:13.001+0000][69][info ][safepoint   ] Safepoint "Cleanup", Time since last: 15003402104 ns, Reaching safepoint: 29340 ns, Cleanup: 19182 ns, At safepoint: 16123 ns, Total: 64645 ns
[2025-05-27T04:19:53.039+0000][69][info ][safepoint   ] Safepoint "Cleanup", Time since last: 40043138897 ns, Reaching safepoint: 28916 ns, Cleanup: 15668 ns, At safepoint: 60312 ns, Total: 104896 ns
[2025-05-27T04:19:54.040+0000][69][info ][safepoint   ] Safepoint "Cleanup", Time since last: 1000752351 ns, Reaching safepoint: 24514 ns, Cleanup: 19487 ns, At safepoint: 11763 ns, Total: 55764 ns
[2025-05-27T04:20:06.050+0000][69][info ][safepoint   ] Safepoint "Cleanup", Time since last: 12010018754 ns, Reaching safepoint: 36908 ns, Cleanup: 21438 ns, At safepoint: 19906 ns, Total: 78252 ns
[2025-05-27T04:20:13.052+0000][69][info ][safepoint   ] Safepoint "Cleanup", Time since last: 7001940449 ns, Reaching safepoint: 27289 ns, Cleanup: 16998 ns, At safepoint: 17471 ns, Total: 61758 ns
[2025-05-27T04:20:51.082+0000][69][info ][safepoint   ] Safepoint "Cleanup", Time since last: 38031812072 ns, Reaching safepoint: 71615 ns, Cleanup: 16279 ns, At safepoint: 19312 ns, Total: 107206 ns
[2025-05-27T04:20:54.081+0000][69][info ][safepoint   ] Safepoint "Cleanup", Time since last: 3001113008 ns, Reaching safepoint: 28631 ns, Cleanup: 17060 ns, At safepoint: 16367 ns, Total: 62058 ns
[2025-05-27T04:21:11.084+0000][69][info ][safepoint   ] Safepoint "Cleanup", Time since last: 17003771358 ns, Reaching safepoint: 29604 ns, Cleanup: 15467 ns, At safepoint: 16103 ns, Total: 61174 ns
[2025-05-27T04:21:13.085+0000][69][info ][safepoint   ] Safepoint "Cleanup", Time since last: 2000971090 ns, Reaching safepoint: 17078 ns, Cleanup: 16348 ns, At safepoint: 7765 ns, Total: 41191 ns
[2025-05-27T04:21:14.086+0000][69][info ][safepoint   ] Safepoint "Cleanup", Time since last: 1000766399 ns, Reaching safepoint: 17437 ns, Cleanup: 12682 ns, At safepoint: 7605 ns, Total: 37724 ns
[2025-05-27T04:21:16.955+0000][69][info ][safepoint   ] Safepoint "Cleanup", Time since last: 2869160639 ns, Reaching safepoint: 23269 ns, Cleanup: 15324 ns, At safepoint: 64017 ns, Total: 102610 ns
[2025-05-27T04:21:18.872+0000][69][info ][safepoint   ] Safepoint "Cleanup", Time since last: 1916723857 ns, Reaching safepoint: 67153 ns, Cleanup: 28236 ns, At safepoint: 30205 ns, Total: 125594 ns
[2025-05-27T04:21:29.937+0000][69][info ][safepoint   ] Safepoint "Cleanup", Time since last: 11066438609 ns, Reaching safepoint: 6098 ns, Cleanup: 7018 ns, At safepoint: 3174 ns, Total: 16290 ns
[2025-05-27T04:21:30.940+0000][69][info ][safepoint   ] Safepoint "Cleanup", Time since last: 1003176945 ns, Reaching safepoint: 6589 ns, Cleanup: 13525 ns, At safepoint: 3070 ns, Total: 23184 ns
[2025-05-27T04:21:36.122+0000][69][info ][safepoint   ] Safepoint "Cleanup", Time since last: 5181822041 ns, Reaching safepoint: 30536 ns, Cleanup: 19481 ns, At safepoint: 16600 ns, Total: 66617 ns
[2025-05-27T04:21:50.370+0000][69][info ][safepoint   ] Safepoint "Cleanup", Time since last: 14248144302 ns, Reaching safepoint: 62741 ns, Cleanup: 16553 ns, At safepoint: 120738 ns, Total: 200032 ns
[2025-05-27T04:22:00.370+0000][69][info ][safepoint   ] Safepoint "Cleanup", Time since last: 10002422619 ns, Reaching safepoint: 32065 ns, Cleanup: 17271 ns, At safepoint: 20518 ns, Total: 69854 ns
[2025-05-27T04:22:10.373+0000][69][info ][safepoint   ] Safepoint "Cleanup", Time since last: 10002145861 ns, Reaching safepoint: 67528 ns, Cleanup: 16246 ns, At safepoint: 16684 ns, Total: 100458 ns
[2025-05-27T04:22:13.374+0000][69][info ][safepoint   ] Safepoint "Cleanup", Time since last: 3001129057 ns, Reaching safepoint: 28104 ns, Cleanup: 17285 ns, At safepoint: 16060 ns, Total: 61449 ns
[2025-05-27T04:22:15.375+0000][69][info ][safepoint   ] Safepoint "Cleanup", Time since last: 2001135085 ns, Reaching safepoint: 18418 ns, Cleanup: 12532 ns, At safepoint: 7546 ns, Total: 38496 ns
[2025-05-27T04:22:32.935+0000][69][info ][safepoint   ] Safepoint "Cleanup", Time since last: 17562306997 ns, Reaching safepoint: 32484 ns, Cleanup: 15732 ns, At safepoint: 17180 ns, Total: 65396 ns
[2025-05-27T04:23:13.165+0000][69][info ][safepoint   ] Safepoint "Cleanup", Time since last: 40231602523 ns, Reaching safepoint: 74545 ns, Cleanup: 14730 ns, At safepoint: 9021 ns, Total: 98296 ns
[2025-05-27T04:23:14.165+0000][69][info ][safepoint   ] Safepoint "Cleanup", Time since last: 1000695885 ns, Reaching safepoint: 29517 ns, Cleanup: 14832 ns, At safepoint: 16387 ns, Total: 60736 ns
[2025-05-27T04:24:38.064+0000][69][info ][safepoint   ] Safepoint "Cleanup", Time since last: 83906116348 ns, Reaching safepoint: 7861 ns, Cleanup: 13835 ns, At safepoint: 13689 ns, Total: 35385 ns
[2025-05-27T04:24:39.081+0000][69][info ][safepoint   ] Safepoint "Cleanup", Time since last: 1017330020 ns, Reaching safepoint: 31252 ns, Cleanup: 22783 ns, At safepoint: 17691 ns, Total: 71726 ns
[2025-05-27T04:24:51.099+0000][69][info ][safepoint   ] Safepoint "Cleanup", Time since last: 12017386549 ns, Reaching safepoint: 17363 ns, Cleanup: 13872 ns, At safepoint: 7869 ns, Total: 39104 ns
[2025-05-27T04:25:13.102+0000][69][info ][safepoint   ] Safepoint "Cleanup", Time since last: 22005249950 ns, Reaching safepoint: 72231 ns, Cleanup: 18241 ns, At safepoint: 18613 ns, Total: 109085 ns
[2025-05-27T04:25:41.127+0000][69][info ][safepoint   ] Safepoint "Cleanup", Time since last: 28027164645 ns, Reaching safepoint: 6130 ns, Cleanup: 9022 ns, At safepoint: 21930 ns, Total: 37082 ns
[2025-05-27T04:26:13.153+0000][69][info ][safepoint   ] Safepoint "Cleanup", Time since last: 32028483488 ns, Reaching safepoint: 74054 ns, Cleanup: 20751 ns, At safepoint: 20109 ns, Total: 114914 ns
[2025-05-27T04:26:19.939+0000][69][info ][safepoint   ] Safepoint "Cleanup", Time since last: 6785825614 ns, Reaching safepoint: 5439 ns, Cleanup: 10955 ns, At safepoint: 13069 ns, Total: 29463 ns
[2025-05-27T04:26:21.181+0000][69][info ][safepoint   ] Safepoint "Cleanup", Time since last: 1241775314 ns, Reaching safepoint: 29716 ns, Cleanup: 117766 ns, At safepoint: 26900 ns, Total: 174382 ns
[2025-05-27T04:26:43.933+0000][69][info ][safepoint   ] Safepoint "Cleanup", Time since last: 22753803268 ns, Reaching safepoint: 26704 ns, Cleanup: 14568 ns, At safepoint: 71465 ns, Total: 112737 ns
[2025-05-27T04:26:45.267+0000][69][info ][safepoint   ] Safepoint "Cleanup", Time since last: 1334283217 ns, Reaching safepoint: 15695 ns, Cleanup: 23373 ns, At safepoint: 73731 ns, Total: 112799 ns
[2025-05-27T04:26:46.273+0000][69][info ][safepoint   ] Safepoint "Cleanup", Time since last: 1005662760 ns, Reaching safepoint: 32387 ns, Cleanup: 20185 ns, At safepoint: 18095 ns, Total: 70667 ns
[2025-05-27T04:26:47.274+0000][69][info ][safepoint   ] Safepoint "Cleanup", Time since last: 1000790259 ns, Reaching safepoint: 29830 ns, Cleanup: 18370 ns, At safepoint: 16352 ns, Total: 64552 ns
[2025-05-27T04:26:50.276+0000][69][info ][safepoint   ] Safepoint "Cleanup", Time since last: 3001370878 ns, Reaching safepoint: 29645 ns, Cleanup: 14771 ns, At safepoint: 107541 ns, Total: 151957 ns
[2025-05-27T04:26:51.366+0000][69][info ][safepoint   ] Safepoint "Cleanup", Time since last: 1090399044 ns, Reaching safepoint: 29716 ns, Cleanup: 17161 ns, At safepoint: 16903 ns, Total: 63780 ns
[2025-05-27T04:26:54.364+0000][69][info ][safepoint   ] Safepoint "Cleanup", Time since last: 3001044437 ns, Reaching safepoint: 29299 ns, Cleanup: 16327 ns, At safepoint: 15745 ns, Total: 61371 ns
[2025-05-27T04:27:13.368+0000][69][info ][safepoint   ] Safepoint "Cleanup", Time since last: 19003824336 ns, Reaching safepoint: 66700 ns, Cleanup: 15640 ns, At safepoint: 29888 ns, Total: 112228 ns
[2025-05-27T04:27:14.369+0000][69][info ][safepoint   ] Safepoint "Cleanup", Time since last: 1000904593 ns, Reaching safepoint: 32501 ns, Cleanup: 19295 ns, At safepoint: 18688 ns, Total: 70484 ns
[2025-05-27T04:27:45.358+0000][69][info ][safepoint   ] Safepoint "Cleanup", Time since last: 30990740450 ns, Reaching safepoint: 63697 ns, Cleanup: 16768 ns, At safepoint: 17328 ns, Total: 97793 ns
[2025-05-27T04:28:13.313+0000][69][info ][safepoint   ] Safepoint "Cleanup", Time since last: 27956813225 ns, Reaching safepoint: 120626 ns, Cleanup: 14784 ns, At safepoint: 17157 ns, Total: 152567 ns
[2025-05-27T04:28:54.352+0000][69][info ][safepoint   ] Safepoint "Cleanup", Time since last: 41043951710 ns, Reaching safepoint: 30448 ns, Cleanup: 17777 ns, At safepoint: 19655 ns, Total: 67880 ns
[2025-05-27T04:29:15.357+0000][69][info ][safepoint   ] Safepoint "Cleanup", Time since last: 21004914104 ns, Reaching safepoint: 66032 ns, Cleanup: 47012 ns, At safepoint: 34635 ns, Total: 147679 ns
[2025-05-27T04:29:30.358+0000][69][info ][safepoint   ] Safepoint "Cleanup", Time since last: 15003460510 ns, Reaching safepoint: 28597 ns, Cleanup: 18197 ns, At safepoint: 17573 ns, Total: 64367 ns
[2025-05-27T04:29:52.954+0000][69][info ][safepoint   ] Safepoint "Cleanup", Time since last: 22598343307 ns, Reaching safepoint: 12112 ns, Cleanup: 12587 ns, At safepoint: 5324 ns, Total: 30023 ns
[2025-05-27T04:29:55.380+0000][69][info ][safepoint   ] Safepoint "Cleanup", Time since last: 2425822207 ns, Reaching safepoint: 116367 ns, Cleanup: 18685 ns, At safepoint: 74507 ns, Total: 209559 ns
[2025-05-27T04:30:16.934+0000][69][info ][safepoint   ] Safepoint "Cleanup", Time since last: 21553551180 ns, Reaching safepoint: 28339 ns, Cleanup: 24862 ns, At safepoint: 16718 ns, Total: 69919 ns
[2025-05-27T04:30:18.414+0000][69][info ][safepoint   ] Safepoint "Cleanup", Time since last: 1479497947 ns, Reaching safepoint: 30577 ns, Cleanup: 63960 ns, At safepoint: 9032 ns, Total: 103569 ns
[2025-05-27T04:30:20.352+0000][69][info ][safepoint   ] Safepoint "Cleanup", Time since last: 1938307206 ns, Reaching safepoint: 12651 ns, Cleanup: 12142 ns, At safepoint: 18788 ns, Total: 43581 ns
[2025-05-27T04:30:22.934+0000][69][info ][safepoint   ] Safepoint "Cleanup", Time since last: 2584663209 ns, Reaching safepoint: 6016 ns, Cleanup: 9448 ns, At safepoint: 15108 ns, Total: 30572 ns
[2025-05-27T04:30:24.458+0000][69][info ][safepoint   ] Safepoint "Cleanup", Time since last: 1524120015 ns, Reaching safepoint: 18030 ns, Cleanup: 17347 ns, At safepoint: 8174 ns, Total: 43551 ns
[2025-05-27T04:30:28.501+0000][69][info ][safepoint   ] Safepoint "Cleanup", Time since last: 4042200141 ns, Reaching safepoint: 17564 ns, Cleanup: 12449 ns, At safepoint: 7635 ns, Total: 37648 ns
[2025-05-27T04:30:35.518+0000][69][info ][safepoint   ] Safepoint "Cleanup", Time since last: 7017200797 ns, Reaching safepoint: 14848 ns, Cleanup: 17937 ns, At safepoint: 84702 ns, Total: 117487 ns
[2025-05-27T04:30:50.759+0000][69][info ][safepoint   ] Safepoint "Cleanup", Time since last: 15240432618 ns, Reaching safepoint: 54738 ns, Cleanup: 11643 ns, At safepoint: 64117 ns, Total: 130498 ns
[2025-05-27T04:30:56.098+0000][69][info ][safepoint   ] Safepoint "Cleanup", Time since last: 5341232927 ns, Reaching safepoint: 13630 ns, Cleanup: 10070 ns, At safepoint: 30821 ns, Total: 54521 ns
[2025-05-27T04:30:57.576+0000][69][info ][safepoint   ] Safepoint "Cleanup", Time since last: 1478256187 ns, Reaching safepoint: 17517 ns, Cleanup: 18234 ns, At safepoint: 8064 ns, Total: 43815 ns
[2025-05-27T04:31:05.578+0000][69][info ][safepoint   ] Safepoint "Cleanup", Time since last: 8002012350 ns, Reaching safepoint: 29412 ns, Cleanup: 18803 ns, At safepoint: 18088 ns, Total: 66303 ns
[2025-05-27T04:31:38.518+0000][69][info ][safepoint   ] Safepoint "Cleanup", Time since last: 32944311167 ns, Reaching safepoint: 33059 ns, Cleanup: 19868 ns, At safepoint: 15292 ns, Total: 68219 ns
[2025-05-27T04:31:52.366+0000][69][info ][safepoint   ] Safepoint "Cleanup", Time since last: 13850590551 ns, Reaching safepoint: 26797 ns, Cleanup: 16213 ns, At safepoint: 9849 ns, Total: 52859 ns
[2025-05-27T04:32:15.693+0000][69][info ][safepoint   ] Safepoint "Cleanup", Time since last: 23327231961 ns, Reaching safepoint: 68270 ns, Cleanup: 17233 ns, At safepoint: 16864 ns, Total: 102367 ns
[2025-05-27T04:32:17.694+0000][69][info ][safepoint   ] Safepoint "Cleanup", Time since last: 2000929220 ns, Reaching safepoint: 29368 ns, Cleanup: 16095 ns, At safepoint: 15510 ns, Total: 60973 ns
[2025-05-27T04:32:24.693+0000][69][info ][safepoint   ] Safepoint "Cleanup", Time since last: 7001727239 ns, Reaching safepoint: 72910 ns, Cleanup: 23428 ns, At safepoint: 16925 ns, Total: 113263 ns
[2025-05-27T04:33:00.557+0000][69][info ][safepoint   ] Safepoint "Cleanup", Time since last: 35866694422 ns, Reaching safepoint: 66225 ns, Cleanup: 19915 ns, At safepoint: 15853 ns, Total: 101993 ns
[2025-05-27T04:33:54.596+0000][69][info ][safepoint   ] Safepoint "Cleanup", Time since last: 54045302119 ns, Reaching safepoint: 62556 ns, Cleanup: 16354 ns, At safepoint: 15524 ns, Total: 94434 ns
[2025-05-27T04:34:13.789+0000][69][info ][safepoint   ] Safepoint "Cleanup", Time since last: 19192092515 ns, Reaching safepoint: 29418 ns, Cleanup: 16303 ns, At safepoint: 16192 ns, Total: 61913 ns
[2025-05-27T04:34:53.635+0000][69][info ][safepoint   ] Safepoint "Cleanup", Time since last: 39852460700 ns, Reaching safepoint: 29953 ns, Cleanup: 69786 ns, At safepoint: 48773 ns, Total: 148512 ns
[2025-05-27T04:34:54.636+0000][69][info ][safepoint   ] Safepoint "Cleanup", Time since last: 1000792490 ns, Reaching safepoint: 25309 ns, Cleanup: 15670 ns, At safepoint: 10946 ns, Total: 51925 ns
[2025-05-27T04:35:00.638+0000][69][info ][safepoint   ] Safepoint "Cleanup", Time since last: 6001429842 ns, Reaching safepoint: 32026 ns, Cleanup: 19717 ns, At safepoint: 17403 ns, Total: 69146 ns
[2025-05-27T04:35:02.638+0000][69][info ][safepoint   ] Safepoint "Cleanup", Time since last: 2000844903 ns, Reaching safepoint: 27210 ns, Cleanup: 17710 ns, At safepoint: 11376 ns, Total: 56296 ns
[2025-05-27T04:35:10.831+0000][69][info ][safepoint   ] Safepoint "Cleanup", Time since last: 8192303511 ns, Reaching safepoint: 18588 ns, Cleanup: 12455 ns, At safepoint: 8037 ns, Total: 39080 ns
[2025-05-27T04:36:10.955+0000][69][info ][safepoint   ] Safepoint "Cleanup", Time since last: 60129927081 ns, Reaching safepoint: 14603 ns, Cleanup: 10191 ns, At safepoint: 19076 ns, Total: 43870 ns
[2025-05-27T04:36:12.878+0000][69][info ][safepoint   ] Safepoint "Cleanup", Time since last: 1922909195 ns, Reaching safepoint: 34234 ns, Cleanup: 23455 ns, At safepoint: 18460 ns, Total: 76149 ns
[2025-05-27T04:36:24.878+0000][69][info ][safepoint   ] Safepoint "Cleanup", Time since last: 12002626414 ns, Reaching safepoint: 173011 ns, Cleanup: 20663 ns, At safepoint: 20608 ns, Total: 214282 ns
[2025-05-27T04:37:12.932+0000][69][info ][safepoint   ] Safepoint "Cleanup", Time since last: 48056299878 ns, Reaching safepoint: 208639 ns, Cleanup: 22097 ns, At safepoint: 18658 ns, Total: 249394 ns
[2025-05-27T04:37:34.752+0000][69][info ][safepoint   ] Safepoint "Cleanup", Time since last: 21823541741 ns, Reaching safepoint: 30640 ns, Cleanup: 19618 ns, At safepoint: 16496 ns, Total: 66754 ns
[2025-05-27T04:37:54.754+0000][69][info ][safepoint   ] Safepoint "Cleanup", Time since last: 20004345183 ns, Reaching safepoint: 65850 ns, Cleanup: 18671 ns, At safepoint: 18007 ns, Total: 102528 ns
[2025-05-27T04:38:08.757+0000][69][info ][safepoint   ] Safepoint "Cleanup", Time since last: 14003155153 ns, Reaching safepoint: 28709 ns, Cleanup: 16119 ns, At safepoint: 16011 ns, Total: 60839 ns
[2025-05-27T04:38:13.758+0000][69][info ][safepoint   ] Safepoint "Cleanup", Time since last: 5001498083 ns, Reaching safepoint: 29454 ns, Cleanup: 15446 ns, At safepoint: 15660 ns, Total: 60560 ns
[2025-05-27T04:39:13.797+0000][69][info ][safepoint   ] Safepoint "Cleanup", Time since last: 60043716335 ns, Reaching safepoint: 134460 ns, Cleanup: 16660 ns, At safepoint: 17778 ns, Total: 168898 ns
[2025-05-27T04:39:19.905+0000][69][info ][safepoint   ] Safepoint "Cleanup", Time since last: 6107588502 ns, Reaching safepoint: 9329 ns, Cleanup: 9965 ns, At safepoint: 14304 ns, Total: 33598 ns
[2025-05-27T04:39:54.835+0000][69][info ][safepoint   ] Safepoint "Cleanup", Time since last: 34936055894 ns, Reaching safepoint: 30132 ns, Cleanup: 16921 ns, At safepoint: 16221 ns, Total: 63274 ns
[2025-05-27T04:40:12.839+0000][69][info ][safepoint   ] Safepoint "Cleanup", Time since last: 18003925386 ns, Reaching safepoint: 128562 ns, Cleanup: 16046 ns, At safepoint: 9780 ns, Total: 154388 ns
[2025-05-27T04:40:20.842+0000][69][info ][safepoint   ] Safepoint "Cleanup", Time since last: 8002100811 ns, Reaching safepoint: 171353 ns, Cleanup: 19828 ns, At safepoint: 19847 ns, Total: 211028 ns
[2025-05-27T04:40:22.935+0000][69][info ][safepoint   ] Safepoint "Cleanup", Time since last: 2096397320 ns, Reaching safepoint: 34847 ns, Cleanup: 15974 ns, At safepoint: 73213 ns, Total: 124034 ns
[2025-05-27T04:40:35.872+0000][69][info ][safepoint   ] Safepoint "Cleanup", Time since last: 12937431826 ns, Reaching safepoint: 26783 ns, Cleanup: 15642 ns, At safepoint: 11052 ns, Total: 53477 ns
[2025-05-27T04:41:16.876+0000][69][info ][safepoint   ] Safepoint "Cleanup", Time since last: 41007005486 ns, Reaching safepoint: 45798 ns, Cleanup: 9819 ns, At safepoint: 10594 ns, Total: 66211 ns
[2025-05-27T04:41:25.902+0000][69][info ][safepoint   ] Safepoint "Cleanup", Time since last: 9027658420 ns, Reaching safepoint: 13171 ns, Cleanup: 10041 ns, At safepoint: 21038 ns, Total: 44250 ns
[2025-05-27T04:41:27.200+0000][69][info ][safepoint   ] Safepoint "Cleanup", Time since last: 1297606247 ns, Reaching safepoint: 27734 ns, Cleanup: 19078 ns, At safepoint: 12068 ns, Total: 58880 ns
[2025-05-27T04:41:29.206+0000][69][info ][safepoint   ] Safepoint "Cleanup", Time since last: 2006044016 ns, Reaching safepoint: 6816 ns, Cleanup: 9611 ns, At safepoint: 3081 ns, Total: 19508 ns
[2025-05-27T04:41:31.212+0000][69][info ][safepoint   ] Safepoint "Cleanup", Time since last: 2006479086 ns, Reaching safepoint: 30521 ns, Cleanup: 15892 ns, At safepoint: 17757 ns, Total: 64170 ns
[2025-05-27T04:41:32.253+0000][69][info ][safepoint   ] Safepoint "Cleanup", Time since last: 1040697384 ns, Reaching safepoint: 44204 ns, Cleanup: 15356 ns, At safepoint: 9013 ns, Total: 68573 ns
[2025-05-27T04:41:43.912+0000][69][info ][safepoint   ] Safepoint "Cleanup", Time since last: 11658876159 ns, Reaching safepoint: 19994 ns, Cleanup: 12478 ns, At safepoint: 7912 ns, Total: 40384 ns
[2025-05-27T04:42:14.123+0000][69][info ][safepoint   ] Safepoint "Cleanup", Time since last: 30214458261 ns, Reaching safepoint: 54576 ns, Cleanup: 13864 ns, At safepoint: 7837 ns, Total: 76277 ns
[2025-05-27T04:42:52.951+0000][69][info ][safepoint   ] Safepoint "Cleanup", Time since last: 38832564659 ns, Reaching safepoint: 115888 ns, Cleanup: 18658 ns, At safepoint: 13149 ns, Total: 147695 ns
[2025-05-27T04:43:15.955+0000][69][info ][safepoint   ] Safepoint "Cleanup", Time since last: 23004362532 ns, Reaching safepoint: 211682 ns, Cleanup: 20034 ns, At safepoint: 17824 ns, Total: 249540 ns
[2025-05-27T04:44:07.884+0000][69][info ][gc,start    ] GC(20) Pause Young (Normal) (G1 Evacuation Pause)
[2025-05-27T04:44:07.889+0000][69][info ][gc,task     ] GC(20) Using 10 workers of 10 for evacuation
[2025-05-27T04:44:07.891+0000][69][debug][gc,age      ] GC(20) Desired survivor size 138412032 bytes, new threshold 15 (max threshold 15)
[2025-05-27T04:44:08.111+0000][69][info ][gc,mmu      ] GC(20) MMU target violated: 201.0ms (200.0ms/201.0ms)
[2025-05-27T04:44:08.111+0000][69][info ][gc,phases   ] GC(20)   Pre Evacuate Collection Set: 5.53ms
[2025-05-27T04:44:08.111+0000][69][info ][gc,phases   ] GC(20)   Merge Heap Roots: 2.18ms
[2025-05-27T04:44:08.112+0000][69][info ][gc,phases   ] GC(20)   Evacuate Collection Set: 173.68ms
[2025-05-27T04:44:08.112+0000][69][info ][gc,phases   ] GC(20)   Post Evacuate Collection Set: 10.79ms
[2025-05-27T04:44:08.113+0000][69][info ][gc,phases   ] GC(20)   Other: 31.29ms
[2025-05-27T04:44:08.113+0000][69][trace][gc,age      ] GC(20) Age table with threshold 15 (max threshold 15)
[2025-05-27T04:44:08.114+0000][69][trace][gc,age      ] GC(20) - age   1:    1738712 bytes,    1738712 total
[2025-05-27T04:44:08.114+0000][69][trace][gc,age      ] GC(20) - age   2:      39792 bytes,    1778504 total
[2025-05-27T04:44:08.114+0000][69][trace][gc,age      ] GC(20) - age   3:     325344 bytes,    2103848 total
[2025-05-27T04:44:08.115+0000][69][trace][gc,age      ] GC(20) - age   4:     142112 bytes,    2245960 total
[2025-05-27T04:44:08.115+0000][69][trace][gc,age      ] GC(20) - age   5:     555056 bytes,    2801016 total
[2025-05-27T04:44:08.116+0000][69][trace][gc,age      ] GC(20) - age   6:   40808136 bytes,   43609152 total
[2025-05-27T04:44:08.116+0000][69][trace][gc,age      ] GC(20) - age   7:   19118576 bytes,   62727728 total
[2025-05-27T04:44:08.116+0000][69][trace][gc,age      ] GC(20) - age   8:      41416 bytes,   62769144 total
[2025-05-27T04:44:08.117+0000][69][trace][gc,age      ] GC(20) - age   9:      47696 bytes,   62816840 total
[2025-05-27T04:44:08.117+0000][69][info ][gc,heap     ] GC(20) Eden regions: 508->0(297)
[2025-05-27T04:44:08.118+0000][69][info ][gc,heap     ] GC(20) Survivor regions: 16->18(66)
[2025-05-27T04:44:08.118+0000][69][info ][gc,heap     ] GC(20) Old regions: 10->10
[2025-05-27T04:44:08.118+0000][69][info ][gc,heap     ] GC(20) Humongous regions: 0->0
[2025-05-27T04:44:08.119+0000][69][info ][gc,metaspace] GC(20) Metaspace: 145371K(149376K)->145371K(149376K) NonClass: 125716K(127808K)->125716K(127808K) Class: 19655K(21568K)->19655K(21568K)
[2025-05-27T04:44:08.119+0000][69][info ][gc          ] GC(20) Pause Young (Normal) (G1 Evacuation Pause) 2135M->108M(3880M) 235.622ms
[2025-05-27T04:44:08.120+0000][69][info ][gc,cpu      ] GC(20) User=1.67s Sys=0.01s Real=0.24s
[2025-05-27T04:44:08.120+0000][69][info ][safepoint   ] Safepoint "G1CollectForAllocation", Time since last: 51932227673 ns, Reaching safepoint: 43293 ns, Cleanup: 4812 ns, At safepoint: 238202802 ns, Total: 238250907 ns
[2025-05-27T04:44:13.121+0000][69][info ][safepoint   ] Safepoint "Cleanup", Time since last: 5001197610 ns, Reaching safepoint: 20929 ns, Cleanup: 17220 ns, At safepoint: 10301 ns, Total: 48450 ns
[2025-05-27T04:44:53.381+0000][69][info ][safepoint   ] Safepoint "Cleanup", Time since last: 40264943232 ns, Reaching safepoint: 16970 ns, Cleanup: 12869 ns, At safepoint: 36160 ns, Total: 65999 ns
[2025-05-27T04:45:13.385+0000][69][info ][safepoint   ] Safepoint "Cleanup", Time since last: 20003824019 ns, Reaching safepoint: 157364 ns, Cleanup: 23234 ns, At safepoint: 25780 ns, Total: 206378 ns
[2025-05-27T04:45:15.386+0000][69][info ][safepoint   ] Safepoint "Cleanup", Time since last: 2001010239 ns, Reaching safepoint: 28386 ns, Cleanup: 17370 ns, At safepoint: 16088 ns, Total: 61844 ns
[2025-05-27T04:45:25.886+0000][69][info ][safepoint   ] Safepoint "Cleanup", Time since last: 10502929505 ns, Reaching safepoint: 29725 ns, Cleanup: 11490 ns, At safepoint: 32251 ns, Total: 73466 ns
[2025-05-27T04:45:27.414+0000][69][info ][safepoint   ] Safepoint "Cleanup", Time since last: 1527620860 ns, Reaching safepoint: 25341 ns, Cleanup: 23156 ns, At safepoint: 11669 ns, Total: 60166 ns
[2025-05-27T04:45:30.425+0000][69][info ][safepoint   ] Safepoint "Cleanup", Time since last: 3011245191 ns, Reaching safepoint: 17555 ns, Cleanup: 13480 ns, At safepoint: 8539 ns, Total: 39574 ns
[2025-05-27T04:45:35.070+0000][69][info ][safepoint   ] Safepoint "Cleanup", Time since last: 4645254247 ns, Reaching safepoint: 28094 ns, Cleanup: 17326 ns, At safepoint: 16344 ns, Total: 61764 ns
[2025-05-27T04:45:37.895+0000][69][info ][safepoint   ] Safepoint "Cleanup", Time since last: 2824335746 ns, Reaching safepoint: 6113 ns, Cleanup: 8249 ns, At safepoint: 14477 ns, Total: 28839 ns
[2025-05-27T04:45:39.447+0000][69][info ][safepoint   ] Safepoint "Cleanup", Time since last: 1552112613 ns, Reaching safepoint: 17656 ns, Cleanup: 20781 ns, At safepoint: 8649 ns, Total: 47086 ns
[2025-05-27T04:46:13.243+0000][69][info ][safepoint   ] Safepoint "Cleanup", Time since last: 33798918669 ns, Reaching safepoint: 199866 ns, Cleanup: 16942 ns, At safepoint: 34935 ns, Total: 251743 ns
[2025-05-27T04:46:31.905+0000][69][info ][safepoint   ] Safepoint "Cleanup", Time since last: 18664381883 ns, Reaching safepoint: 73088 ns, Cleanup: 21172 ns, At safepoint: 26667 ns, Total: 120927 ns
[2025-05-27T04:46:33.499+0000][69][info ][safepoint   ] Safepoint "Cleanup", Time since last: 1593818333 ns, Reaching safepoint: 27929 ns, Cleanup: 16553 ns, At safepoint: 16094 ns, Total: 60576 ns
[2025-05-27T04:46:41.554+0000][69][info ][safepoint   ] Safepoint "Cleanup", Time since last: 8054860548 ns, Reaching safepoint: 7577 ns, Cleanup: 10243 ns, At safepoint: 12949 ns, Total: 30769 ns
[2025-05-27T04:46:42.577+0000][69][info ][safepoint   ] Safepoint "Cleanup", Time since last: 1023256182 ns, Reaching safepoint: 5579 ns, Cleanup: 8634 ns, At safepoint: 12932 ns, Total: 27145 ns
[2025-05-27T04:46:44.583+0000][69][info ][safepoint   ] Safepoint "Cleanup", Time since last: 2006163169 ns, Reaching safepoint: 32898 ns, Cleanup: 20315 ns, At safepoint: 17931 ns, Total: 71144 ns
[2025-05-27T04:46:45.584+0000][69][info ][safepoint   ] Safepoint "Cleanup", Time since last: 1000578925 ns, Reaching safepoint: 17911 ns, Cleanup: 12538 ns, At safepoint: 8271 ns, Total: 38720 ns
[2025-05-27T04:47:02.317+0000][69][info ][safepoint   ] Safepoint "Cleanup", Time since last: 16735972150 ns, Reaching safepoint: 63670 ns, Cleanup: 16089 ns, At safepoint: 28599 ns, Total: 108358 ns
[2025-05-27T04:47:13.320+0000][69][info ][safepoint   ] Safepoint "Cleanup", Time since last: 11002553369 ns, Reaching safepoint: 69087 ns, Cleanup: 18216 ns, At safepoint: 35261 ns, Total: 122564 ns
[2025-05-27T04:47:44.646+0000][69][info ][safepoint   ] Safepoint "Cleanup", Time since last: 31328670660 ns, Reaching safepoint: 56735 ns, Cleanup: 13946 ns, At safepoint: 68694 ns, Total: 139375 ns
[2025-05-27T04:48:05.630+0000][69][info ][safepoint   ] Safepoint "Cleanup", Time since last: 20986677601 ns, Reaching safepoint: 37385 ns, Cleanup: 19659 ns, At safepoint: 13671 ns, Total: 70715 ns
[2025-05-27T04:49:13.663+0000][69][info ][safepoint   ] Safepoint "Cleanup", Time since last: 68038014225 ns, Reaching safepoint: 41967 ns, Cleanup: 14863 ns, At safepoint: 8864 ns, Total: 65694 ns
[2025-05-27T04:49:49.897+0000][69][info ][safepoint   ] Safepoint "Cleanup", Time since last: 36236864842 ns, Reaching safepoint: 6270 ns, Cleanup: 7515 ns, At safepoint: 14001 ns, Total: 27786 ns
[2025-05-27T04:49:55.711+0000][69][info ][safepoint   ] Safepoint "Cleanup", Time since last: 5816825325 ns, Reaching safepoint: 28334 ns, Cleanup: 16718 ns, At safepoint: 17420 ns, Total: 62472 ns
[2025-05-27T04:51:35.766+0000][69][info ][safepoint   ] Safepoint "Cleanup", Time since last: 100062718838 ns, Reaching safepoint: 7438 ns, Cleanup: 8317 ns, At safepoint: 3361 ns, Total: 19116 ns
[2025-05-27T04:51:55.891+0000][69][info ][safepoint   ] Safepoint "Cleanup", Time since last: 20127098558 ns, Reaching safepoint: 14807 ns, Cleanup: 11915 ns, At safepoint: 18970 ns, Total: 45692 ns
[2025-05-27T04:51:57.823+0000][69][info ][safepoint   ] Safepoint "Cleanup", Time since last: 1932444639 ns, Reaching safepoint: 13088 ns, Cleanup: 18403 ns, At safepoint: 12132 ns, Total: 43623 ns
[2025-05-27T04:52:15.831+0000][69][info ][safepoint   ] Safepoint "Cleanup", Time since last: 18007248399 ns, Reaching safepoint: 78182 ns, Cleanup: 19449 ns, At safepoint: 18085 ns, Total: 115716 ns
[2025-05-27T04:52:43.344+0000][69][info ][safepoint   ] Safepoint "Cleanup", Time since last: 27516585727 ns, Reaching safepoint: 29004 ns, Cleanup: 26402 ns, At safepoint: 15365 ns, Total: 70771 ns
[2025-05-27T04:53:10.861+0000][69][info ][safepoint   ] Safepoint "Cleanup", Time since last: 27519075146 ns, Reaching safepoint: 62386 ns, Cleanup: 16411 ns, At safepoint: 11797 ns, Total: 90594 ns
[2025-05-27T04:53:12.862+0000][69][info ][safepoint   ] Safepoint "Cleanup", Time since last: 2000959778 ns, Reaching safepoint: 37822 ns, Cleanup: 16664 ns, At safepoint: 20052 ns, Total: 74538 ns
[2025-05-27T04:53:54.380+0000][69][info ][safepoint   ] Safepoint "Cleanup", Time since last: 41523551621 ns, Reaching safepoint: 66330 ns, Cleanup: 17639 ns, At safepoint: 16563 ns, Total: 100532 ns
[2025-05-27T04:54:24.917+0000][69][info ][safepoint   ] Safepoint "Cleanup", Time since last: 30540003144 ns, Reaching safepoint: 255304 ns, Cleanup: 17515 ns, At safepoint: 18976 ns, Total: 291795 ns
[2025-05-27T04:56:13.007+0000][69][info ][safepoint   ] Safepoint "Cleanup", Time since last: 108097326018 ns, Reaching safepoint: 31515 ns, Cleanup: 15914 ns, At safepoint: 15922 ns, Total: 63351 ns
[2025-05-27T04:56:54.724+0000][69][info ][safepoint   ] Safepoint "Cleanup", Time since last: 41721978173 ns, Reaching safepoint: 69249 ns, Cleanup: 18994 ns, At safepoint: 32075 ns, Total: 120318 ns
[2025-05-27T04:57:25.116+0000][69][info ][safepoint   ] Safepoint "Cleanup", Time since last: 30395120501 ns, Reaching safepoint: 71108 ns, Cleanup: 19198 ns, At safepoint: 17265 ns, Total: 107571 ns
[2025-05-27T04:57:52.526+0000][69][info ][safepoint   ] Safepoint "Cleanup", Time since last: 27411988562 ns, Reaching safepoint: 76169 ns, Cleanup: 23315 ns, At safepoint: 17851 ns, Total: 117335 ns
[2025-05-27T04:58:13.868+0000][69][info ][safepoint   ] Safepoint "Cleanup", Time since last: 21341175726 ns, Reaching safepoint: 21831 ns, Cleanup: 14809 ns, At safepoint: 72279 ns, Total: 108919 ns
[2025-05-27T04:58:54.565+0000][69][info ][safepoint   ] Safepoint "Cleanup", Time since last: 40702915503 ns, Reaching safepoint: 90542 ns, Cleanup: 16133 ns, At safepoint: 11732 ns, Total: 118407 ns
[2025-05-27T04:59:03.567+0000][69][info ][safepoint   ] Safepoint "Cleanup", Time since last: 9002113546 ns, Reaching safepoint: 43791 ns, Cleanup: 14793 ns, At safepoint: 10401 ns, Total: 68985 ns
[2025-05-27T04:59:30.198+0000][69][info ][safepoint   ] Safepoint "Cleanup", Time since last: 26633302735 ns, Reaching safepoint: 79558 ns, Cleanup: 21149 ns, At safepoint: 33277 ns, Total: 133984 ns
[2025-05-27T05:00:40.862+0000][69][info ][safepoint   ] Safepoint "Cleanup", Time since last: 70669117563 ns, Reaching safepoint: 94875 ns, Cleanup: 9581 ns, At safepoint: 36653 ns, Total: 141109 ns
[2025-05-27T05:00:55.261+0000][69][info ][safepoint   ] Safepoint "Cleanup", Time since last: 14401971524 ns, Reaching safepoint: 29033 ns, Cleanup: 16197 ns, At safepoint: 45769 ns, Total: 90999 ns
[2025-05-27T05:01:13.265+0000][69][info ][safepoint   ] Safepoint "Cleanup", Time since last: 18003150980 ns, Reaching safepoint: 70769 ns, Cleanup: 18344 ns, At safepoint: 19523 ns, Total: 108636 ns
[2025-05-27T05:01:22.908+0000][69][info ][safepoint   ] Safepoint "Cleanup", Time since last: 9645868703 ns, Reaching safepoint: 22012 ns, Cleanup: 14607 ns, At safepoint: 79173 ns, Total: 115792 ns
[2025-05-27T05:01:24.307+0000][69][info ][safepoint   ] Safepoint "Cleanup", Time since last: 1398449013 ns, Reaching safepoint: 23402 ns, Cleanup: 17025 ns, At safepoint: 68276 ns, Total: 108703 ns
[2025-05-27T05:01:40.855+0000][69][info ][safepoint   ] Safepoint "Cleanup", Time since last: 16548339486 ns, Reaching safepoint: 17265 ns, Cleanup: 10986 ns, At safepoint: 24112 ns, Total: 52363 ns
[2025-05-27T05:01:43.373+0000][69][info ][safepoint   ] Safepoint "Cleanup", Time since last: 2517168204 ns, Reaching safepoint: 25111 ns, Cleanup: 13119 ns, At safepoint: 66851 ns, Total: 105081 ns
[2025-05-27T05:01:50.935+0000][69][info ][safepoint   ] Safepoint "Cleanup", Time since last: 7562760489 ns, Reaching safepoint: 7090 ns, Cleanup: 10100 ns, At safepoint: 3538 ns, Total: 20728 ns
[2025-05-27T05:01:54.934+0000][69][info ][safepoint   ] Safepoint "Cleanup", Time since last: 4001296462 ns, Reaching safepoint: 27941 ns, Cleanup: 17140 ns, At safepoint: 130936 ns, Total: 176017 ns
[2025-05-27T05:02:12.938+0000][69][info ][safepoint   ] Safepoint "Cleanup", Time since last: 18003712628 ns, Reaching safepoint: 71299 ns, Cleanup: 15699 ns, At safepoint: 28925 ns, Total: 115923 ns
[2025-05-27T05:02:25.880+0000][69][info ][safepoint   ] Safepoint "Cleanup", Time since last: 12944128347 ns, Reaching safepoint: 20353 ns, Cleanup: 21014 ns, At safepoint: 89612 ns, Total: 130979 ns
[2025-05-27T05:02:27.427+0000][69][info ][safepoint   ] Safepoint "Cleanup", Time since last: 1546715594 ns, Reaching safepoint: 13552 ns, Cleanup: 23657 ns, At safepoint: 155146 ns, Total: 192355 ns
[2025-05-27T05:04:53.789+0000][69][info ][safepoint   ] Safepoint "Cleanup", Time since last: 146375979696 ns, Reaching safepoint: 29292 ns, Cleanup: 15854 ns, At safepoint: 17275 ns, Total: 62421 ns
[2025-05-27T05:04:54.790+0000][69][info ][safepoint   ] Safepoint "Cleanup", Time since last: 1000930413 ns, Reaching safepoint: 28984 ns, Cleanup: 17576 ns, At safepoint: 18331 ns, Total: 64891 ns
[2025-05-27T05:06:08.557+0000][69][info ][safepoint   ] Safepoint "Cleanup", Time since last: 73772432615 ns, Reaching safepoint: 67899 ns, Cleanup: 15962 ns, At safepoint: 31069 ns, Total: 114930 ns
[2025-05-27T05:06:13.559+0000][69][info ][safepoint   ] Safepoint "Cleanup", Time since last: 5001522623 ns, Reaching safepoint: 34902 ns, Cleanup: 17519 ns, At safepoint: 17703 ns, Total: 70124 ns
[2025-05-27T05:06:34.861+0000][69][info ][safepoint   ] Safepoint "Cleanup", Time since last: 21304399739 ns, Reaching safepoint: 52769 ns, Cleanup: 14816 ns, At safepoint: 65491 ns, Total: 133076 ns
[2025-05-27T05:06:44.623+0000][69][info ][safepoint   ] Safepoint "Cleanup", Time since last: 9762417402 ns, Reaching safepoint: 15643 ns, Cleanup: 9989 ns, At safepoint: 20853 ns, Total: 46485 ns
[2025-05-27T05:07:13.194+0000][69][info ][safepoint   ] Safepoint "Cleanup", Time since last: 28573137929 ns, Reaching safepoint: 44137 ns, Cleanup: 13508 ns, At safepoint: 7845 ns, Total: 65490 ns
[2025-05-27T05:07:41.668+0000][69][info ][safepoint   ] Safepoint "Cleanup", Time since last: 28476819931 ns, Reaching safepoint: 6172 ns, Cleanup: 8551 ns, At safepoint: 13306 ns, Total: 28029 ns
[2025-05-27T05:07:42.689+0000][69][info ][safepoint   ] Safepoint "Cleanup", Time since last: 1020888488 ns, Reaching safepoint: 5929 ns, Cleanup: 8231 ns, At safepoint: 13623 ns, Total: 27783 ns
[2025-05-27T05:07:44.693+0000][69][info ][safepoint   ] Safepoint "Cleanup", Time since last: 2003228412 ns, Reaching safepoint: 15398 ns, Cleanup: 12138 ns, At safepoint: 8277 ns, Total: 35813 ns
[2025-05-27T05:07:46.846+0000][69][info ][safepoint   ] Safepoint "Cleanup", Time since last: 2153190511 ns, Reaching safepoint: 6320 ns, Cleanup: 14593 ns, At safepoint: 14013 ns, Total: 34926 ns
[2025-05-27T05:07:48.709+0000][69][info ][safepoint   ] Safepoint "Cleanup", Time since last: 1862936692 ns, Reaching safepoint: 26950 ns, Cleanup: 126883 ns, At safepoint: 15709 ns, Total: 169542 ns
[2025-05-27T05:07:49.833+0000][69][info ][safepoint   ] Safepoint "Cleanup", Time since last: 1124097031 ns, Reaching safepoint: 15781 ns, Cleanup: 15739 ns, At safepoint: 68108 ns, Total: 99628 ns
[2025-05-27T05:07:51.747+0000][69][info ][safepoint   ] Safepoint "Cleanup", Time since last: 1916005138 ns, Reaching safepoint: 26649 ns, Cleanup: 91374 ns, At safepoint: 16193 ns, Total: 134216 ns
[2025-05-27T05:07:52.844+0000][69][info ][safepoint   ] Safepoint "Cleanup", Time since last: 1097535443 ns, Reaching safepoint: 14325 ns, Cleanup: 30669 ns, At safepoint: 134053 ns, Total: 179047 ns
[2025-05-27T05:07:53.311+0000][69][info ][safepoint   ] Safepoint "ICBufferFull", Time since last: 466829621 ns, Reaching safepoint: 25696 ns, Cleanup: 185032 ns, At safepoint: 17344 ns, Total: 228072 ns
[2025-05-27T05:07:54.827+0000][69][info ][safepoint   ] Safepoint "Cleanup", Time since last: 1515451281 ns, Reaching safepoint: 13477 ns, Cleanup: 287652 ns, At safepoint: 77478 ns, Total: 378607 ns
[2025-05-27T05:07:55.849+0000][69][info ][safepoint   ] Safepoint "Cleanup", Time since last: 1021936391 ns, Reaching safepoint: 155719 ns, Cleanup: 30894 ns, At safepoint: 73074 ns, Total: 259687 ns
[2025-05-27T05:07:57.310+0000][69][info ][safepoint   ] Safepoint "Cleanup", Time since last: 1460006398 ns, Reaching safepoint: 13197 ns, Cleanup: 50650 ns, At safepoint: 66525 ns, Total: 130372 ns
[2025-05-27T05:07:59.326+0000][69][info ][safepoint   ] Safepoint "Cleanup", Time since last: 2016064643 ns, Reaching safepoint: 26741 ns, Cleanup: 17187 ns, At safepoint: 16057 ns, Total: 59985 ns
[2025-05-27T05:08:00.327+0000][69][info ][safepoint   ] Safepoint "Cleanup", Time since last: 1000881280 ns, Reaching safepoint: 27944 ns, Cleanup: 18982 ns, At safepoint: 16203 ns, Total: 63129 ns
[2025-05-27T05:08:02.328+0000][69][info ][safepoint   ] Safepoint "Cleanup", Time since last: 2001186428 ns, Reaching safepoint: 167382 ns, Cleanup: 20147 ns, At safepoint: 123736 ns, Total: 311265 ns
[2025-05-27T05:08:03.329+0000][69][info ][safepoint   ] Safepoint "Cleanup", Time since last: 1000811732 ns, Reaching safepoint: 27669 ns, Cleanup: 16248 ns, At safepoint: 15159 ns, Total: 59076 ns
[2025-05-27T05:08:05.330+0000][69][info ][safepoint   ] Safepoint "Cleanup", Time since last: 2000945426 ns, Reaching safepoint: 24686 ns, Cleanup: 15556 ns, At safepoint: 10415 ns, Total: 50657 ns
[2025-05-27T05:08:06.333+0000][69][info ][safepoint   ] Safepoint "Cleanup", Time since last: 1003086336 ns, Reaching safepoint: 15884 ns, Cleanup: 47692 ns, At safepoint: 8130 ns, Total: 71706 ns
[2025-05-27T05:08:10.335+0000][69][info ][safepoint   ] Safepoint "Cleanup", Time since last: 4001375696 ns, Reaching safepoint: 73525 ns, Cleanup: 17536 ns, At safepoint: 33856 ns, Total: 124917 ns
[2025-05-27T05:08:13.336+0000][69][info ][safepoint   ] Safepoint "Cleanup", Time since last: 3001001005 ns, Reaching safepoint: 28579 ns, Cleanup: 47480 ns, At safepoint: 24636 ns, Total: 100695 ns
[2025-05-27T05:08:15.337+0000][69][info ][safepoint   ] Safepoint "Cleanup", Time since last: 2000884266 ns, Reaching safepoint: 28839 ns, Cleanup: 18186 ns, At safepoint: 18764 ns, Total: 65789 ns
[2025-05-27T05:08:20.339+0000][69][info ][safepoint   ] Safepoint "Cleanup", Time since last: 5001657855 ns, Reaching safepoint: 176345 ns, Cleanup: 19056 ns, At safepoint: 79100 ns, Total: 274501 ns
[2025-05-27T05:08:21.362+0000][69][info ][safepoint   ] Safepoint "Cleanup", Time since last: 1022857457 ns, Reaching safepoint: 27446 ns, Cleanup: 17928 ns, At safepoint: 16367 ns, Total: 61741 ns
[2025-05-27T05:08:24.361+0000][69][info ][safepoint   ] Safepoint "Cleanup", Time since last: 3001263740 ns, Reaching safepoint: 70151 ns, Cleanup: 19402 ns, At safepoint: 30664 ns, Total: 120217 ns
[2025-05-27T05:08:30.362+0000][69][info ][safepoint   ] Safepoint "Cleanup", Time since last: 6001546582 ns, Reaching safepoint: 32651 ns, Cleanup: 20299 ns, At safepoint: 18470 ns, Total: 71420 ns
[2025-05-27T05:08:33.364+0000][69][info ][safepoint   ] Safepoint "Cleanup", Time since last: 3001341148 ns, Reaching safepoint: 27506 ns, Cleanup: 76288 ns, At safepoint: 18479 ns, Total: 122273 ns
[2025-05-27T05:08:35.932+0000][69][info ][safepoint   ] Safepoint "Cleanup", Time since last: 2568615026 ns, Reaching safepoint: 31047 ns, Cleanup: 17889 ns, At safepoint: 18112 ns, Total: 67048 ns
[2025-05-27T05:08:40.934+0000][69][info ][safepoint   ] Safepoint "Cleanup", Time since last: 5001419500 ns, Reaching safepoint: 126817 ns, Cleanup: 26815 ns, At safepoint: 21512 ns, Total: 175144 ns
[2025-05-27T05:08:43.833+0000][69][info ][safepoint   ] Safepoint "Cleanup", Time since last: 2898830715 ns, Reaching safepoint: 12654 ns, Cleanup: 20878 ns, At safepoint: 121321 ns, Total: 154853 ns
[2025-05-27T05:08:44.844+0000][69][info ][safepoint   ] Safepoint "Cleanup", Time since last: 1011221195 ns, Reaching safepoint: 26523 ns, Cleanup: 33489 ns, At safepoint: 15480 ns, Total: 75492 ns
[2025-05-27T05:08:45.889+0000][69][info ][safepoint   ] Safepoint "Cleanup", Time since last: 1044409520 ns, Reaching safepoint: 105890 ns, Cleanup: 25007 ns, At safepoint: 33330 ns, Total: 164227 ns
[2025-05-27T05:08:46.898+0000][69][info ][safepoint   ] Safepoint "Cleanup", Time since last: 1009436813 ns, Reaching safepoint: 27669 ns, Cleanup: 19949 ns, At safepoint: 18215 ns, Total: 65833 ns
[2025-05-27T05:08:50.900+0000][69][info ][safepoint   ] Safepoint "Cleanup", Time since last: 4001393087 ns, Reaching safepoint: 28119 ns, Cleanup: 18046 ns, At safepoint: 16731 ns, Total: 62896 ns
[2025-05-27T05:08:53.898+0000][69][info ][safepoint   ] Safepoint "Cleanup", Time since last: 3001249254 ns, Reaching safepoint: 26802 ns, Cleanup: 50259 ns, At safepoint: 16944 ns, Total: 94005 ns
[2025-05-27T05:09:10.902+0000][69][info ][safepoint   ] Safepoint "Cleanup", Time since last: 17003732062 ns, Reaching safepoint: 54205 ns, Cleanup: 14811 ns, At safepoint: 10220 ns, Total: 79236 ns
[2025-05-27T05:09:12.903+0000][69][info ][safepoint   ] Safepoint "Cleanup", Time since last: 2000886231 ns, Reaching safepoint: 28524 ns, Cleanup: 28476 ns, At safepoint: 16444 ns, Total: 73444 ns
[2025-05-27T05:09:15.904+0000][69][info ][safepoint   ] Safepoint "Cleanup", Time since last: 3001294870 ns, Reaching safepoint: 28134 ns, Cleanup: 16634 ns, At safepoint: 16114 ns, Total: 60882 ns
[2025-05-27T05:09:22.904+0000][69][info ][safepoint   ] Safepoint "Cleanup", Time since last: 7001991315 ns, Reaching safepoint: 28100 ns, Cleanup: 15568 ns, At safepoint: 16705 ns, Total: 60373 ns
[2025-05-27T05:09:30.906+0000][69][info ][safepoint   ] Safepoint "Cleanup", Time since last: 8002156236 ns, Reaching safepoint: 71480 ns, Cleanup: 21269 ns, At safepoint: 18939 ns, Total: 111688 ns
[2025-05-27T05:09:43.969+0000][69][info ][safepoint   ] Safepoint "Cleanup", Time since last: 13062370440 ns, Reaching safepoint: 135066 ns, Cleanup: 16985 ns, At safepoint: 17070 ns, Total: 169121 ns
[2025-05-27T05:09:45.970+0000][69][info ][safepoint   ] Safepoint "Cleanup", Time since last: 2000920729 ns, Reaching safepoint: 25830 ns, Cleanup: 16764 ns, At safepoint: 15739 ns, Total: 58333 ns
[2025-05-27T05:09:46.862+0000][69][info ][gc,start    ] GC(21) Pause Young (Normal) (G1 Evacuation Pause)
[2025-05-27T05:09:46.863+0000][69][info ][gc,task     ] GC(21) Using 10 workers of 10 for evacuation
[2025-05-27T05:09:46.863+0000][69][debug][gc,age      ] GC(21) Desired survivor size 85983232 bytes, new threshold 15 (max threshold 15)
[2025-05-27T05:09:46.949+0000][69][info ][gc,phases   ] GC(21)   Pre Evacuate Collection Set: 1.43ms
[2025-05-27T05:09:46.949+0000][69][info ][gc,phases   ] GC(21)   Merge Heap Roots: 2.34ms
[2025-05-27T05:09:46.950+0000][69][info ][gc,phases   ] GC(21)   Evacuate Collection Set: 75.35ms
[2025-05-27T05:09:46.950+0000][69][info ][gc,phases   ] GC(21)   Post Evacuate Collection Set: 5.80ms
[2025-05-27T05:09:46.951+0000][69][info ][gc,phases   ] GC(21)   Other: 1.33ms
[2025-05-27T05:09:46.951+0000][69][trace][gc,age      ] GC(21) Age table with threshold 15 (max threshold 15)
[2025-05-27T05:09:46.952+0000][69][trace][gc,age      ] GC(21) - age   1:    2278568 bytes,    2278568 total
[2025-05-27T05:09:46.952+0000][69][trace][gc,age      ] GC(21) - age   2:     353376 bytes,    2631944 total
[2025-05-27T05:09:46.953+0000][69][trace][gc,age      ] GC(21) - age   3:      38872 bytes,    2670816 total
[2025-05-27T05:09:46.953+0000][69][trace][gc,age      ] GC(21) - age   4:     201176 bytes,    2871992 total
[2025-05-27T05:09:46.954+0000][69][trace][gc,age      ] GC(21) - age   5:     142032 bytes,    3014024 total
[2025-05-27T05:09:46.955+0000][69][trace][gc,age      ] GC(21) - age   6:     356784 bytes,    3370808 total
[2025-05-27T05:09:46.955+0000][69][trace][gc,age      ] GC(21) - age   7:   40613112 bytes,   43983920 total
[2025-05-27T05:09:46.956+0000][69][trace][gc,age      ] GC(21) - age   8:   19118016 bytes,   63101936 total
[2025-05-27T05:09:46.956+0000][69][trace][gc,age      ] GC(21) - age   9:      41416 bytes,   63143352 total
[2025-05-27T05:09:46.957+0000][69][trace][gc,age      ] GC(21) - age  10:      47696 bytes,   63191048 total
[2025-05-27T05:09:46.957+0000][69][info ][gc,heap     ] GC(21) Eden regions: 304->0(565)
[2025-05-27T05:09:46.958+0000][69][info ][gc,heap     ] GC(21) Survivor regions: 18->17(41)
[2025-05-27T05:09:46.958+0000][69][info ][gc,heap     ] GC(21) Old regions: 10->10
[2025-05-27T05:09:46.958+0000][69][info ][gc,heap     ] GC(21) Humongous regions: 0->0
[2025-05-27T05:09:46.959+0000][69][info ][gc,metaspace] GC(21) Metaspace: 146654K(150720K)->146654K(150720K) NonClass: 126772K(128960K)->126772K(128960K) Class: 19882K(21760K)->19882K(21760K)
[2025-05-27T05:09:46.960+0000][69][info ][gc          ] GC(21) Pause Young (Normal) (G1 Evacuation Pause) 1324M->106M(3880M) 97.953ms
[2025-05-27T05:09:46.960+0000][69][info ][gc,cpu      ] GC(21) User=0.67s Sys=0.04s Real=0.10s
[2025-05-27T05:09:46.961+0000][69][info ][safepoint   ] Safepoint "G1CollectForAllocation", Time since last: 891379296 ns, Reaching safepoint: 28396 ns, Cleanup: 26552 ns, At safepoint: 99779847 ns, Total: 99834795 ns
[2025-05-27T05:09:47.962+0000][69][info ][safepoint   ] Safepoint "Cleanup", Time since last: 1000686918 ns, Reaching safepoint: 29187 ns, Cleanup: 29939 ns, At safepoint: 17612 ns, Total: 76738 ns
[2025-05-27T05:09:48.983+0000][69][info ][safepoint   ] Safepoint "Cleanup", Time since last: 1021666752 ns, Reaching safepoint: 27602 ns, Cleanup: 18066 ns, At safepoint: 16652 ns, Total: 62320 ns
[2025-05-27T05:09:49.984+0000][69][info ][safepoint   ] Safepoint "Cleanup", Time since last: 1000995777 ns, Reaching safepoint: 26040 ns, Cleanup: 17261 ns, At safepoint: 15504 ns, Total: 58805 ns
[2025-05-27T05:09:50.985+0000][69][info ][safepoint   ] Safepoint "Cleanup", Time since last: 1000798945 ns, Reaching safepoint: 25512 ns, Cleanup: 14869 ns, At safepoint: 16061 ns, Total: 56442 ns
[2025-05-27T05:09:53.984+0000][69][info ][safepoint   ] Safepoint "Cleanup", Time since last: 3001050438 ns, Reaching safepoint: 15505 ns, Cleanup: 13195 ns, At safepoint: 8276 ns, Total: 36976 ns
[2025-05-27T05:10:04.988+0000][69][info ][safepoint   ] Safepoint "Cleanup", Time since last: 11003222695 ns, Reaching safepoint: 319497 ns, Cleanup: 20492 ns, At safepoint: 19136 ns, Total: 359125 ns
[2025-05-27T05:10:05.989+0000][69][info ][safepoint   ] Safepoint "Cleanup", Time since last: 1000808577 ns, Reaching safepoint: 31501 ns, Cleanup: 16874 ns, At safepoint: 15294 ns, Total: 63669 ns
[2025-05-27T05:10:12.991+0000][69][info ][safepoint   ] Safepoint "Cleanup", Time since last: 7001982306 ns, Reaching safepoint: 109401 ns, Cleanup: 37604 ns, At safepoint: 17559 ns, Total: 164564 ns
[2025-05-27T05:10:15.992+0000][69][info ][safepoint   ] Safepoint "Cleanup", Time since last: 3001090355 ns, Reaching safepoint: 24909 ns, Cleanup: 25074 ns, At safepoint: 11358 ns, Total: 61341 ns
[2025-05-27T05:10:30.993+0000][69][info ][safepoint   ] Safepoint "Cleanup", Time since last: 15003166005 ns, Reaching safepoint: 82903 ns, Cleanup: 13692 ns, At safepoint: 10621 ns, Total: 107216 ns
[2025-05-27T05:10:49.861+0000][69][info ][safepoint   ] Safepoint "Cleanup", Time since last: 18868120460 ns, Reaching safepoint: 15696 ns, Cleanup: 21773 ns, At safepoint: 83181 ns, Total: 120650 ns
[2025-05-27T05:10:50.960+0000][69][info ][safepoint   ] Safepoint "Cleanup", Time since last: 1099132945 ns, Reaching safepoint: 26134 ns, Cleanup: 15062 ns, At safepoint: 16039 ns, Total: 57235 ns
[2025-05-27T05:10:55.038+0000][69][info ][safepoint   ] Safepoint "Cleanup", Time since last: 4081140878 ns, Reaching safepoint: 55171 ns, Cleanup: 26350 ns, At safepoint: 95352 ns, Total: 176873 ns
[2025-05-27T05:11:01.040+0000][69][info ][safepoint   ] Safepoint "Cleanup", Time since last: 6001620333 ns, Reaching safepoint: 62513 ns, Cleanup: 15803 ns, At safepoint: 17530 ns, Total: 95846 ns
[2025-05-27T05:11:15.044+0000][69][info ][safepoint   ] Safepoint "Cleanup", Time since last: 14003328762 ns, Reaching safepoint: 712426 ns, Cleanup: 15524 ns, At safepoint: 86363 ns, Total: 814313 ns
[2025-05-27T05:11:16.045+0000][69][info ][safepoint   ] Safepoint "Cleanup", Time since last: 1000712692 ns, Reaching safepoint: 27617 ns, Cleanup: 15595 ns, At safepoint: 15440 ns, Total: 58652 ns
[2025-05-27T05:11:23.045+0000][69][info ][safepoint   ] Safepoint "Cleanup", Time since last: 7002084166 ns, Reaching safepoint: 26884 ns, Cleanup: 15401 ns, At safepoint: 98221 ns, Total: 140506 ns
[2025-05-27T05:11:46.856+0000][69][info ][safepoint   ] Safepoint "Cleanup", Time since last: 23811074733 ns, Reaching safepoint: 7156 ns, Cleanup: 9299 ns, At safepoint: 3169 ns, Total: 19624 ns
[2025-05-27T05:11:48.065+0000][69][info ][safepoint   ] Safepoint "Cleanup", Time since last: 1209071677 ns, Reaching safepoint: 26385 ns, Cleanup: 21647 ns, At safepoint: 15632 ns, Total: 63664 ns
[2025-05-27T05:11:54.106+0000][69][info ][safepoint   ] Safepoint "Cleanup", Time since last: 6043616005 ns, Reaching safepoint: 29720 ns, Cleanup: 17828 ns, At safepoint: 19270 ns, Total: 66818 ns
[2025-05-27T05:11:55.107+0000][69][info ][safepoint   ] Safepoint "Cleanup", Time since last: 1000755353 ns, Reaching safepoint: 73073 ns, Cleanup: 16839 ns, At safepoint: 7400 ns, Total: 97312 ns
[2025-05-27T05:12:13.111+0000][69][info ][safepoint   ] Safepoint "Cleanup", Time since last: 18004143071 ns, Reaching safepoint: 137366 ns, Cleanup: 19456 ns, At safepoint: 18662 ns, Total: 175484 ns
[2025-05-27T05:12:24.377+0000][69][info ][safepoint   ] Safepoint "Cleanup", Time since last: 11267014833 ns, Reaching safepoint: 270026 ns, Cleanup: 235978 ns, At safepoint: 206463 ns, Total: 712467 ns
[2025-05-27T05:12:24.462+0000][69][info ][safepoint   ] Safepoint "ICBufferFull", Time since last: 85088659 ns, Reaching safepoint: 132675 ns, Cleanup: 117344 ns, At safepoint: 445282 ns, Total: 695301 ns
[2025-05-27T05:12:24.562+0000][69][info ][safepoint   ] Safepoint "ICBufferFull", Time since last: 99054230 ns, Reaching safepoint: 26584 ns, Cleanup: 287873 ns, At safepoint: 135333 ns, Total: 449790 ns
[2025-05-27T05:12:26.449+0000][69][info ][safepoint   ] Safepoint "Cleanup", Time since last: 1887044018 ns, Reaching safepoint: 28251 ns, Cleanup: 183859 ns, At safepoint: 19078 ns, Total: 231188 ns
[2025-05-27T05:12:27.450+0000][69][info ][safepoint   ] Safepoint "Cleanup", Time since last: 1000800457 ns, Reaching safepoint: 28155 ns, Cleanup: 17621 ns, At safepoint: 15286 ns, Total: 61062 ns
[2025-05-27T05:12:28.473+0000][69][info ][safepoint   ] Safepoint "Cleanup", Time since last: 1022880103 ns, Reaching safepoint: 26061 ns, Cleanup: 24512 ns, At safepoint: 16175 ns, Total: 66748 ns
[2025-05-27T05:12:30.474+0000][69][info ][safepoint   ] Safepoint "Cleanup", Time since last: 2000993307 ns, Reaching safepoint: 62657 ns, Cleanup: 26298 ns, At safepoint: 16764 ns, Total: 105719 ns
[2025-05-27T05:12:31.475+0000][69][info ][safepoint   ] Safepoint "Cleanup", Time since last: 1000780957 ns, Reaching safepoint: 17776 ns, Cleanup: 13852 ns, At safepoint: 13929 ns, Total: 45557 ns
[2025-05-27T05:12:33.476+0000][69][info ][safepoint   ] Safepoint "Cleanup", Time since last: 2000784552 ns, Reaching safepoint: 26551 ns, Cleanup: 19385 ns, At safepoint: 14704 ns, Total: 60640 ns
[2025-05-27T05:12:35.080+0000][69][info ][safepoint   ] Safepoint "Cleanup", Time since last: 1604437900 ns, Reaching safepoint: 14906 ns, Cleanup: 17716 ns, At safepoint: 12423 ns, Total: 45045 ns
[2025-05-27T05:12:41.082+0000][69][info ][safepoint   ] Safepoint "Cleanup", Time since last: 6001750015 ns, Reaching safepoint: 16017 ns, Cleanup: 12435 ns, At safepoint: 8997 ns, Total: 37449 ns
[2025-05-27T05:12:45.083+0000][69][info ][safepoint   ] Safepoint "Cleanup", Time since last: 4001176100 ns, Reaching safepoint: 39230 ns, Cleanup: 15690 ns, At safepoint: 9564 ns, Total: 64484 ns
[2025-05-27T05:12:49.085+0000][69][info ][safepoint   ] Safepoint "Cleanup", Time since last: 4001316077 ns, Reaching safepoint: 27316 ns, Cleanup: 15362 ns, At safepoint: 16077 ns, Total: 58755 ns
[2025-05-27T05:12:53.083+0000][69][info ][safepoint   ] Safepoint "Cleanup", Time since last: 4001132374 ns, Reaching safepoint: 27230 ns, Cleanup: 15952 ns, At safepoint: 15561 ns, Total: 58743 ns
[2025-05-27T05:12:55.084+0000][69][info ][safepoint   ] Safepoint "Cleanup", Time since last: 2000869033 ns, Reaching safepoint: 16973 ns, Cleanup: 13078 ns, At safepoint: 8059 ns, Total: 38110 ns
[2025-05-27T05:12:56.134+0000][69][info ][safepoint   ] Safepoint "Cleanup", Time since last: 1050260085 ns, Reaching safepoint: 13127 ns, Cleanup: 51551 ns, At safepoint: 78967 ns, Total: 143645 ns
[2025-05-27T05:12:59.149+0000][69][info ][safepoint   ] Safepoint "Cleanup", Time since last: 3015012458 ns, Reaching safepoint: 16030 ns, Cleanup: 12360 ns, At safepoint: 8069 ns, Total: 36459 ns
[2025-05-27T05:13:00.150+0000][69][info ][safepoint   ] Safepoint "Cleanup", Time since last: 1000859843 ns, Reaching safepoint: 15813 ns, Cleanup: 15194 ns, At safepoint: 7558 ns, Total: 38565 ns
[2025-05-27T05:13:02.152+0000][69][info ][safepoint   ] Safepoint "Cleanup", Time since last: 2000935671 ns, Reaching safepoint: 211051 ns, Cleanup: 14695 ns, At safepoint: 92064 ns, Total: 317810 ns
[2025-05-27T05:13:03.152+0000][69][info ][safepoint   ] Safepoint "Cleanup", Time since last: 1000778684 ns, Reaching safepoint: 55335 ns, Cleanup: 15112 ns, At safepoint: 17078 ns, Total: 87525 ns
[2025-05-27T05:13:05.153+0000][69][info ][safepoint   ] Safepoint "Cleanup", Time since last: 2000956238 ns, Reaching safepoint: 17022 ns, Cleanup: 12063 ns, At safepoint: 8133 ns, Total: 37218 ns
[2025-05-27T05:13:11.155+0000][69][info ][safepoint   ] Safepoint "Cleanup", Time since last: 6001797015 ns, Reaching safepoint: 28799 ns, Cleanup: 16045 ns, At safepoint: 16554 ns, Total: 61398 ns
[2025-05-27T05:13:13.156+0000][69][info ][safepoint   ] Safepoint "Cleanup", Time since last: 2001014481 ns, Reaching safepoint: 27830 ns, Cleanup: 33850 ns, At safepoint: 18086 ns, Total: 79766 ns
[2025-05-27T05:13:17.158+0000][69][info ][safepoint   ] Safepoint "Cleanup", Time since last: 4001494291 ns, Reaching safepoint: 62020 ns, Cleanup: 23583 ns, At safepoint: 29629 ns, Total: 115232 ns
[2025-05-27T05:13:20.159+0000][69][info ][safepoint   ] Safepoint "Cleanup", Time since last: 3001311077 ns, Reaching safepoint: 25924 ns, Cleanup: 22955 ns, At safepoint: 15191 ns, Total: 64070 ns
[2025-05-27T05:13:23.158+0000][69][info ][safepoint   ] Safepoint "Cleanup", Time since last: 3001189097 ns, Reaching safepoint: 26562 ns, Cleanup: 14075 ns, At safepoint: 15516 ns, Total: 56153 ns
[2025-05-27T05:13:29.160+0000][69][info ][safepoint   ] Safepoint "Cleanup", Time since last: 6001563668 ns, Reaching safepoint: 29264 ns, Cleanup: 18677 ns, At safepoint: 16256 ns, Total: 64197 ns
[2025-05-27T05:13:32.161+0000][69][info ][safepoint   ] Safepoint "Cleanup", Time since last: 3001149382 ns, Reaching safepoint: 64603 ns, Cleanup: 17498 ns, At safepoint: 16579 ns, Total: 98680 ns
[2025-05-27T05:13:35.119+0000][69][info ][safepoint   ] Safepoint "Cleanup", Time since last: 2957651333 ns, Reaching safepoint: 6065 ns, Cleanup: 10427 ns, At safepoint: 3032 ns, Total: 19524 ns
[2025-05-27T05:13:40.120+0000][69][info ][safepoint   ] Safepoint "Cleanup", Time since last: 5001657612 ns, Reaching safepoint: 29660 ns, Cleanup: 17091 ns, At safepoint: 17792 ns, Total: 64543 ns
[2025-05-27T05:13:45.122+0000][69][info ][safepoint   ] Safepoint "Cleanup", Time since last: 5001351589 ns, Reaching safepoint: 30703 ns, Cleanup: 13103 ns, At safepoint: 8709 ns, Total: 52515 ns
[2025-05-27T05:13:54.122+0000][69][info ][safepoint   ] Safepoint "Cleanup", Time since last: 9002340257 ns, Reaching safepoint: 64944 ns, Cleanup: 26134 ns, At safepoint: 16202 ns, Total: 107280 ns
[2025-05-27T05:13:58.825+0000][69][info ][safepoint   ] Safepoint "Cleanup", Time since last: 4703305886 ns, Reaching safepoint: 6213 ns, Cleanup: 10170 ns, At safepoint: 14310 ns, Total: 30693 ns
[2025-05-27T05:14:00.185+0000][69][info ][safepoint   ] Safepoint "Cleanup", Time since last: 1359899239 ns, Reaching safepoint: 27031 ns, Cleanup: 31197 ns, At safepoint: 78299 ns, Total: 136527 ns
[2025-05-27T05:14:13.188+0000][69][info ][safepoint   ] Safepoint "Cleanup", Time since last: 13002917469 ns, Reaching safepoint: 42734 ns, Cleanup: 21475 ns, At safepoint: 7843 ns, Total: 72052 ns
[2025-05-27T05:14:15.189+0000][69][info ][safepoint   ] Safepoint "Cleanup", Time since last: 2000852234 ns, Reaching safepoint: 28600 ns, Cleanup: 16409 ns, At safepoint: 16537 ns, Total: 61546 ns
[2025-05-27T05:14:24.189+0000][69][info ][safepoint   ] Safepoint "Cleanup", Time since last: 9002353583 ns, Reaching safepoint: 66649 ns, Cleanup: 16559 ns, At safepoint: 16910 ns, Total: 100118 ns
[2025-05-27T05:14:25.190+0000][69][info ][safepoint   ] Safepoint "Cleanup", Time since last: 1000862746 ns, Reaching safepoint: 27388 ns, Cleanup: 96807 ns, At safepoint: 19663 ns, Total: 143858 ns
[2025-05-27T05:14:30.191+0000][69][info ][safepoint   ] Safepoint "Cleanup", Time since last: 5001473615 ns, Reaching safepoint: 28186 ns, Cleanup: 17884 ns, At safepoint: 16582 ns, Total: 62652 ns
[2025-05-27T05:14:40.159+0000][69][info ][safepoint   ] Safepoint "Cleanup", Time since last: 9967010621 ns, Reaching safepoint: 26346 ns, Cleanup: 14545 ns, At safepoint: 15068 ns, Total: 55959 ns
[2025-05-27T05:14:50.162+0000][69][info ][safepoint   ] Safepoint "Cleanup", Time since last: 10002875425 ns, Reaching safepoint: 64240 ns, Cleanup: 20226 ns, At safepoint: 16311 ns, Total: 100777 ns
[2025-05-27T05:14:53.160+0000][69][info ][safepoint   ] Safepoint "Cleanup", Time since last: 3001177815 ns, Reaching safepoint: 28215 ns, Cleanup: 16446 ns, At safepoint: 17140 ns, Total: 61801 ns
[2025-05-27T05:14:55.161+0000][69][info ][safepoint   ] Safepoint "Cleanup", Time since last: 2000879524 ns, Reaching safepoint: 27893 ns, Cleanup: 19070 ns, At safepoint: 16486 ns, Total: 63449 ns
[2025-05-27T05:15:00.163+0000][69][info ][safepoint   ] Safepoint "Cleanup", Time since last: 5001623555 ns, Reaching safepoint: 26868 ns, Cleanup: 23089 ns, At safepoint: 16882 ns, Total: 66839 ns
[2025-05-27T05:15:01.823+0000][69][info ][safepoint   ] Safepoint "Cleanup", Time since last: 1659899212 ns, Reaching safepoint: 27845 ns, Cleanup: 15790 ns, At safepoint: 68857 ns, Total: 112492 ns
[2025-05-27T05:15:03.224+0000][69][info ][safepoint   ] Safepoint "Cleanup", Time since last: 1401181821 ns, Reaching safepoint: 70411 ns, Cleanup: 17044 ns, At safepoint: 29559 ns, Total: 117014 ns
[2025-05-27T05:15:05.225+0000][69][info ][safepoint   ] Safepoint "Cleanup", Time since last: 2001015140 ns, Reaching safepoint: 29061 ns, Cleanup: 16481 ns, At safepoint: 80227 ns, Total: 125769 ns
[2025-05-27T05:15:13.227+0000][69][info ][safepoint   ] Safepoint "Cleanup", Time since last: 8002042733 ns, Reaching safepoint: 28252 ns, Cleanup: 18841 ns, At safepoint: 15516 ns, Total: 62609 ns
[2025-05-27T05:15:15.228+0000][69][info ][safepoint   ] Safepoint "Cleanup", Time since last: 2001074447 ns, Reaching safepoint: 31912 ns, Cleanup: 17322 ns, At safepoint: 20713 ns, Total: 69947 ns
[2025-05-27T05:15:24.228+0000][69][info ][safepoint   ] Safepoint "Cleanup", Time since last: 9002355610 ns, Reaching safepoint: 65074 ns, Cleanup: 16067 ns, At safepoint: 16229 ns, Total: 97370 ns
[2025-05-27T05:15:38.198+0000][69][info ][safepoint   ] Safepoint "Cleanup", Time since last: 13969580478 ns, Reaching safepoint: 29087 ns, Cleanup: 17461 ns, At safepoint: 16158 ns, Total: 62706 ns
[2025-05-27T05:15:43.815+0000][69][info ][safepoint   ] Safepoint "Cleanup", Time since last: 5617432543 ns, Reaching safepoint: 6389 ns, Cleanup: 9021 ns, At safepoint: 14598 ns, Total: 30008 ns
[2025-05-27T05:15:45.250+0000][69][info ][safepoint   ] Safepoint "Cleanup", Time since last: 1434842775 ns, Reaching safepoint: 26712 ns, Cleanup: 16134 ns, At safepoint: 16891 ns, Total: 59737 ns
[2025-05-27T05:15:53.250+0000][69][info ][safepoint   ] Safepoint "Cleanup", Time since last: 8001844699 ns, Reaching safepoint: 30038 ns, Cleanup: 17135 ns, At safepoint: 16915 ns, Total: 64088 ns
[2025-05-27T05:16:13.282+0000][69][info ][safepoint   ] Safepoint "Cleanup", Time since last: 20032503919 ns, Reaching safepoint: 27967 ns, Cleanup: 20545 ns, At safepoint: 16756 ns, Total: 65268 ns
[2025-05-27T05:16:17.284+0000][69][info ][safepoint   ] Safepoint "Cleanup", Time since last: 4001383186 ns, Reaching safepoint: 27240 ns, Cleanup: 19200 ns, At safepoint: 16218 ns, Total: 62658 ns
[2025-05-27T05:16:25.283+0000][69][info ][safepoint   ] Safepoint "Cleanup", Time since last: 8001638534 ns, Reaching safepoint: 85114 ns, Cleanup: 11818 ns, At safepoint: 8473 ns, Total: 105405 ns
[2025-05-27T05:16:45.236+0000][69][info ][safepoint   ] Safepoint "Cleanup", Time since last: 19952879118 ns, Reaching safepoint: 64081 ns, Cleanup: 16191 ns, At safepoint: 15853 ns, Total: 96125 ns
[2025-05-27T05:16:49.843+0000][69][info ][safepoint   ] Safepoint "Cleanup", Time since last: 4606504424 ns, Reaching safepoint: 89158 ns, Cleanup: 9352 ns, At safepoint: 48592 ns, Total: 147102 ns
[2025-05-27T05:16:51.318+0000][69][info ][safepoint   ] Safepoint "Cleanup", Time since last: 1475160927 ns, Reaching safepoint: 60872 ns, Cleanup: 28391 ns, At safepoint: 17238 ns, Total: 106501 ns
[2025-05-27T05:17:07.824+0000][69][info ][safepoint   ] Safepoint "Cleanup", Time since last: 16508462179 ns, Reaching safepoint: 17560 ns, Cleanup: 14549 ns, At safepoint: 72255 ns, Total: 104364 ns
[2025-05-27T05:17:13.359+0000][69][info ][safepoint   ] Safepoint "Cleanup", Time since last: 5534926534 ns, Reaching safepoint: 26141 ns, Cleanup: 92588 ns, At safepoint: 16486 ns, Total: 135215 ns
[2025-05-27T05:17:15.361+0000][69][info ][safepoint   ] Safepoint "Cleanup", Time since last: 2001056540 ns, Reaching safepoint: 31227 ns, Cleanup: 19958 ns, At safepoint: 18214 ns, Total: 69399 ns
[2025-05-27T05:17:20.262+0000][69][info ][safepoint   ] Safepoint "Cleanup", Time since last: 4901485932 ns, Reaching safepoint: 27565 ns, Cleanup: 16312 ns, At safepoint: 70483 ns, Total: 114360 ns
[2025-05-27T05:17:35.274+0000][69][info ][safepoint   ] Safepoint "Cleanup", Time since last: 15014146108 ns, Reaching safepoint: 56333 ns, Cleanup: 16779 ns, At safepoint: 14613 ns, Total: 87725 ns
[2025-05-27T05:18:10.280+0000][69][info ][safepoint   ] Safepoint "Cleanup", Time since last: 35008379927 ns, Reaching safepoint: 261185 ns, Cleanup: 20777 ns, At safepoint: 33008 ns, Total: 314970 ns
[2025-05-27T05:18:11.402+0000][69][info ][safepoint   ] Safepoint "Cleanup", Time since last: 1122188415 ns, Reaching safepoint: 6857 ns, Cleanup: 11871 ns, At safepoint: 13654 ns, Total: 32382 ns
[2025-05-27T05:18:12.423+0000][69][info ][safepoint   ] Safepoint "Cleanup", Time since last: 1020911030 ns, Reaching safepoint: 20085 ns, Cleanup: 14423 ns, At safepoint: 9338 ns, Total: 43846 ns
[2025-05-27T05:18:13.424+0000][69][info ][safepoint   ] Safepoint "Cleanup", Time since last: 1000542389 ns, Reaching safepoint: 18286 ns, Cleanup: 17165 ns, At safepoint: 30243 ns, Total: 65694 ns
[2025-05-27T05:18:26.423+0000][69][info ][safepoint   ] Safepoint "Cleanup", Time since last: 13002026137 ns, Reaching safepoint: 69506 ns, Cleanup: 16927 ns, At safepoint: 13186 ns, Total: 99619 ns
[2025-05-27T05:19:15.452+0000][69][info ][safepoint   ] Safepoint "Cleanup", Time since last: 49030552904 ns, Reaching safepoint: 21146 ns, Cleanup: 19715 ns, At safepoint: 9960 ns, Total: 50821 ns
[2025-05-27T05:19:49.335+0000][69][info ][safepoint   ] Safepoint "Cleanup", Time since last: 33886009958 ns, Reaching safepoint: 62523 ns, Cleanup: 15856 ns, At safepoint: 11675 ns, Total: 90054 ns
[2025-05-27T05:19:54.334+0000][69][info ][safepoint   ] Safepoint "Cleanup", Time since last: 5001167731 ns, Reaching safepoint: 25179 ns, Cleanup: 15254 ns, At safepoint: 11288 ns, Total: 51721 ns
[2025-05-27T05:20:01.335+0000][69][info ][safepoint   ] Safepoint "Cleanup", Time since last: 7001271858 ns, Reaching safepoint: 44612 ns, Cleanup: 13518 ns, At safepoint: 8933 ns, Total: 67063 ns
[2025-05-27T05:20:10.337+0000][69][info ][safepoint   ] Safepoint "Cleanup", Time since last: 9001543265 ns, Reaching safepoint: 25891 ns, Cleanup: 15954 ns, At safepoint: 11812 ns, Total: 53657 ns
[2025-05-27T05:20:16.829+0000][69][info ][safepoint   ] Safepoint "Cleanup", Time since last: 6492387990 ns, Reaching safepoint: 109103 ns, Cleanup: 13893 ns, At safepoint: 55281 ns, Total: 178277 ns
[2025-05-27T05:20:18.489+0000][69][info ][safepoint   ] Safepoint "Cleanup", Time since last: 1659157978 ns, Reaching safepoint: 18871 ns, Cleanup: 14329 ns, At safepoint: 8943 ns, Total: 42143 ns
[2025-05-27T05:20:20.489+0000][69][info ][safepoint   ] Safepoint "Cleanup", Time since last: 2000663240 ns, Reaching safepoint: 86125 ns, Cleanup: 17078 ns, At safepoint: 13834 ns, Total: 117037 ns
[2025-05-27T05:20:53.358+0000][69][info ][safepoint   ] Safepoint "Cleanup", Time since last: 32872653497 ns, Reaching safepoint: 59080 ns, Cleanup: 14823 ns, At safepoint: 14633 ns, Total: 88536 ns
[2025-05-27T05:20:55.359+0000][69][info ][safepoint   ] Safepoint "Cleanup", Time since last: 2001186163 ns, Reaching safepoint: 35354 ns, Cleanup: 21063 ns, At safepoint: 21323 ns, Total: 77740 ns
[2025-05-27T05:21:13.362+0000][69][info ][safepoint   ] Safepoint "Cleanup", Time since last: 18003046178 ns, Reaching safepoint: 55184 ns, Cleanup: 28394 ns, At safepoint: 10500 ns, Total: 94078 ns
[2025-05-27T05:21:20.505+0000][69][info ][safepoint   ] Safepoint "Cleanup", Time since last: 7142552447 ns, Reaching safepoint: 17511 ns, Cleanup: 15739 ns, At safepoint: 18191 ns, Total: 51441 ns
[2025-05-27T05:21:53.526+0000][69][info ][safepoint   ] Safepoint "Cleanup", Time since last: 33026385932 ns, Reaching safepoint: 49448 ns, Cleanup: 18719 ns, At safepoint: 21896 ns, Total: 90063 ns
[2025-05-27T05:22:23.552+0000][69][info ][safepoint   ] Safepoint "Cleanup", Time since last: 30028390187 ns, Reaching safepoint: 17758 ns, Cleanup: 13477 ns, At safepoint: 18259 ns, Total: 49494 ns
[2025-05-27T05:23:28.608+0000][69][info ][safepoint   ] Safepoint "Cleanup", Time since last: 65060684693 ns, Reaching safepoint: 28096 ns, Cleanup: 16686 ns, At safepoint: 16329 ns, Total: 61111 ns
[2025-05-27T05:23:29.609+0000][69][info ][safepoint   ] Safepoint "Cleanup", Time since last: 1000692849 ns, Reaching safepoint: 28501 ns, Cleanup: 18938 ns, At safepoint: 14758 ns, Total: 62197 ns
[2025-05-27T05:23:31.610+0000][69][info ][safepoint   ] Safepoint "Cleanup", Time since last: 2000770363 ns, Reaching safepoint: 26580 ns, Cleanup: 15386 ns, At safepoint: 16246 ns, Total: 58212 ns
[2025-05-27T05:23:56.445+0000][69][info ][safepoint   ] Safepoint "Cleanup", Time since last: 24837148640 ns, Reaching safepoint: 44360 ns, Cleanup: 12569 ns, At safepoint: 8201 ns, Total: 65130 ns
[2025-05-27T05:24:28.826+0000][69][info ][safepoint   ] Safepoint "Cleanup", Time since last: 32383346254 ns, Reaching safepoint: 14263 ns, Cleanup: 16791 ns, At safepoint: 72666 ns, Total: 103720 ns
[2025-05-27T05:24:30.651+0000][69][info ][safepoint   ] Safepoint "Cleanup", Time since last: 1824960942 ns, Reaching safepoint: 15888 ns, Cleanup: 13347 ns, At safepoint: 7725 ns, Total: 36960 ns
[2025-05-27T05:24:45.483+0000][69][info ][safepoint   ] Safepoint "Cleanup", Time since last: 14832247779 ns, Reaching safepoint: 15841 ns, Cleanup: 12496 ns, At safepoint: 8171 ns, Total: 36508 ns
[2025-05-27T05:24:50.484+0000][69][info ][safepoint   ] Safepoint "Cleanup", Time since last: 5001152302 ns, Reaching safepoint: 41126 ns, Cleanup: 12706 ns, At safepoint: 8369 ns, Total: 62201 ns
[2025-05-27T05:27:21.869+0000][69][info ][safepoint   ] Safepoint "Cleanup", Time since last: 151398641813 ns, Reaching safepoint: 58800 ns, Cleanup: 21625 ns, At safepoint: 17044 ns, Total: 97469 ns
[2025-05-27T05:28:00.875+0000][69][info ][safepoint   ] Safepoint "Cleanup", Time since last: 39008008723 ns, Reaching safepoint: 46852 ns, Cleanup: 12744 ns, At safepoint: 8606 ns, Total: 68202 ns
[2025-05-27T05:28:41.892+0000][69][info ][safepoint   ] Safepoint "Cleanup", Time since last: 41019590470 ns, Reaching safepoint: 21272 ns, Cleanup: 11761 ns, At safepoint: 64007 ns, Total: 97040 ns
[2025-05-27T05:28:50.906+0000][69][info ][safepoint   ] Safepoint "Cleanup", Time since last: 9014634054 ns, Reaching safepoint: 26776 ns, Cleanup: 16885 ns, At safepoint: 16333 ns, Total: 59994 ns
[2025-05-27T05:29:19.911+0000][69][info ][safepoint   ] Safepoint "Cleanup", Time since last: 29005963133 ns, Reaching safepoint: 28783 ns, Cleanup: 15795 ns, At safepoint: 15297 ns, Total: 59875 ns
[2025-05-27T05:29:20.911+0000][69][info ][safepoint   ] Safepoint "Cleanup", Time since last: 1000731750 ns, Reaching safepoint: 27074 ns, Cleanup: 19048 ns, At safepoint: 16193 ns, Total: 62315 ns
[2025-05-27T05:29:43.808+0000][69][info ][safepoint   ] Safepoint "Cleanup", Time since last: 22899014187 ns, Reaching safepoint: 144363 ns, Cleanup: 11225 ns, At safepoint: 51166 ns, Total: 206754 ns
[2025-05-27T05:29:50.958+0000][69][info ][safepoint   ] Safepoint "Cleanup", Time since last: 7150250586 ns, Reaching safepoint: 32036 ns, Cleanup: 18856 ns, At safepoint: 17412 ns, Total: 68304 ns
[2025-05-27T05:29:52.956+0000][69][info ][safepoint   ] Safepoint "Cleanup", Time since last: 2000737452 ns, Reaching safepoint: 17346 ns, Cleanup: 12359 ns, At safepoint: 8152 ns, Total: 37857 ns
[2025-05-27T05:29:54.958+0000][69][info ][safepoint   ] Safepoint "Cleanup", Time since last: 2001017808 ns, Reaching safepoint: 39961 ns, Cleanup: 11900 ns, At safepoint: 7763 ns, Total: 59624 ns
[2025-05-27T05:30:12.961+0000][69][info ][safepoint   ] Safepoint "Cleanup", Time since last: 18003248841 ns, Reaching safepoint: 190178 ns, Cleanup: 15860 ns, At safepoint: 125992 ns, Total: 332030 ns
[2025-05-27T05:30:19.811+0000][69][info ][safepoint   ] Safepoint "Cleanup", Time since last: 6849445180 ns, Reaching safepoint: 6716 ns, Cleanup: 13420 ns, At safepoint: 2868 ns, Total: 23004 ns
[2025-05-27T05:30:20.967+0000][69][info ][safepoint   ] Safepoint "Cleanup", Time since last: 1156796790 ns, Reaching safepoint: 5311 ns, Cleanup: 35355 ns, At safepoint: 3469 ns, Total: 44135 ns
[2025-05-27T05:30:21.992+0000][69][info ][safepoint   ] Safepoint "Cleanup", Time since last: 1026147278 ns, Reaching safepoint: 27045 ns, Cleanup: 15549 ns, At safepoint: 16135 ns, Total: 58729 ns
[2025-05-27T05:30:23.027+0000][69][info ][safepoint   ] Safepoint "Cleanup", Time since last: 1034851924 ns, Reaching safepoint: 122187 ns, Cleanup: 76282 ns, At safepoint: 22866 ns, Total: 221335 ns
[2025-05-27T05:30:25.028+0000][69][info ][safepoint   ] Safepoint "Cleanup", Time since last: 2000859588 ns, Reaching safepoint: 43662 ns, Cleanup: 13816 ns, At safepoint: 29612 ns, Total: 87090 ns
[2025-05-27T05:30:26.032+0000][69][info ][safepoint   ] Safepoint "Cleanup", Time since last: 1004599776 ns, Reaching safepoint: 26352 ns, Cleanup: 15781 ns, At safepoint: 94121 ns, Total: 136254 ns
[2025-05-27T05:30:30.094+0000][69][info ][safepoint   ] Safepoint "Cleanup", Time since last: 4061260076 ns, Reaching safepoint: 27527 ns, Cleanup: 20921 ns, At safepoint: 16073 ns, Total: 64521 ns
[2025-05-27T05:30:33.133+0000][69][info ][safepoint   ] Safepoint "Cleanup", Time since last: 3039233277 ns, Reaching safepoint: 30490 ns, Cleanup: 18208 ns, At safepoint: 17583 ns, Total: 66281 ns
[2025-05-27T05:30:43.705+0000][69][info ][safepoint   ] Safepoint "Cleanup", Time since last: 10571703130 ns, Reaching safepoint: 38907 ns, Cleanup: 11297 ns, At safepoint: 9116 ns, Total: 59320 ns
[2025-05-27T05:30:46.816+0000][69][info ][safepoint   ] Safepoint "Cleanup", Time since last: 3111713748 ns, Reaching safepoint: 6174 ns, Cleanup: 8840 ns, At safepoint: 12568 ns, Total: 27582 ns
[2025-05-27T05:30:48.181+0000][69][info ][safepoint   ] Safepoint "Cleanup", Time since last: 1364373027 ns, Reaching safepoint: 5770 ns, Cleanup: 9249 ns, At safepoint: 3197 ns, Total: 18216 ns
[2025-05-27T05:30:50.184+0000][69][info ][safepoint   ] Safepoint "Cleanup", Time since last: 2003114612 ns, Reaching safepoint: 27770 ns, Cleanup: 20187 ns, At safepoint: 16379 ns, Total: 64336 ns
[2025-05-27T05:30:53.028+0000][69][info ][safepoint   ] Safepoint "Cleanup", Time since last: 2846395020 ns, Reaching safepoint: 26935 ns, Cleanup: 15600 ns, At safepoint: 15942 ns, Total: 58477 ns
[2025-05-27T05:30:56.029+0000][69][info ][safepoint   ] Safepoint "Cleanup", Time since last: 3000920014 ns, Reaching safepoint: 29023 ns, Cleanup: 15838 ns, At safepoint: 16964 ns, Total: 61825 ns
[2025-05-27T05:31:05.031+0000][69][info ][safepoint   ] Safepoint "Cleanup", Time since last: 9001972647 ns, Reaching safepoint: 20939 ns, Cleanup: 14422 ns, At safepoint: 9557 ns, Total: 44918 ns
[2025-05-27T05:31:10.032+0000][69][info ][safepoint   ] Safepoint "Cleanup", Time since last: 5001138183 ns, Reaching safepoint: 18287 ns, Cleanup: 12849 ns, At safepoint: 8659 ns, Total: 39795 ns
[2025-05-27T05:31:15.050+0000][69][info ][safepoint   ] Safepoint "Cleanup", Time since last: 5018161727 ns, Reaching safepoint: 65386 ns, Cleanup: 13386 ns, At safepoint: 8454 ns, Total: 87226 ns
[2025-05-27T05:31:19.052+0000][69][info ][safepoint   ] Safepoint "Cleanup", Time since last: 4001220442 ns, Reaching safepoint: 29398 ns, Cleanup: 18618 ns, At safepoint: 10543 ns, Total: 58559 ns
[2025-05-27T05:31:35.053+0000][69][info ][safepoint   ] Safepoint "Cleanup", Time since last: 16003356339 ns, Reaching safepoint: 70202 ns, Cleanup: 13140 ns, At safepoint: 8419 ns, Total: 91761 ns
[2025-05-27T05:31:50.208+0000][69][info ][safepoint   ] Safepoint "Cleanup", Time since last: 15154841018 ns, Reaching safepoint: 18760 ns, Cleanup: 15362 ns, At safepoint: 72034 ns, Total: 106156 ns
[2025-05-27T05:32:03.270+0000][69][info ][safepoint   ] Safepoint "Cleanup", Time since last: 13064572240 ns, Reaching safepoint: 27221 ns, Cleanup: 16378 ns, At safepoint: 15964 ns, Total: 59563 ns
[2025-05-27T05:32:05.271+0000][69][info ][safepoint   ] Safepoint "Cleanup", Time since last: 2000842938 ns, Reaching safepoint: 28091 ns, Cleanup: 15745 ns, At safepoint: 15942 ns, Total: 59778 ns
[2025-05-27T05:32:10.272+0000][69][info ][safepoint   ] Safepoint "Cleanup", Time since last: 5001344009 ns, Reaching safepoint: 19477 ns, Cleanup: 16695 ns, At safepoint: 7711 ns, Total: 43883 ns
[2025-05-27T05:32:11.273+0000][69][info ][safepoint   ] Safepoint "Cleanup", Time since last: 1000612901 ns, Reaching safepoint: 27730 ns, Cleanup: 16808 ns, At safepoint: 15923 ns, Total: 60461 ns
[2025-05-27T05:32:13.274+0000][69][info ][safepoint   ] Safepoint "Cleanup", Time since last: 2001227018 ns, Reaching safepoint: 61408 ns, Cleanup: 24393 ns, At safepoint: 16944 ns, Total: 102745 ns
[2025-05-27T05:32:20.325+0000][69][info ][safepoint   ] Safepoint "Cleanup", Time since last: 7050859708 ns, Reaching safepoint: 5856 ns, Cleanup: 6737 ns, At safepoint: 3050 ns, Total: 15643 ns
[2025-05-27T05:32:22.076+0000][69][info ][safepoint   ] Safepoint "Cleanup", Time since last: 1753065359 ns, Reaching safepoint: 18866 ns, Cleanup: 24341 ns, At safepoint: 8667 ns, Total: 51874 ns
[2025-05-27T05:32:25.077+0000][69][info ][safepoint   ] Safepoint "Cleanup", Time since last: 3000939414 ns, Reaching safepoint: 29834 ns, Cleanup: 16505 ns, At safepoint: 18383 ns, Total: 64722 ns
[2025-05-27T05:32:33.079+0000][69][info ][safepoint   ] Safepoint "Cleanup", Time since last: 8001840162 ns, Reaching safepoint: 328621 ns, Cleanup: 22369 ns, At safepoint: 40547 ns, Total: 391537 ns
[2025-05-27T05:32:53.305+0000][69][info ][safepoint   ] Safepoint "Cleanup", Time since last: 20228632873 ns, Reaching safepoint: 15763 ns, Cleanup: 12476 ns, At safepoint: 52258 ns, Total: 80497 ns
[2025-05-27T05:34:45.856+0000][69][info ][safepoint   ] Safepoint "Cleanup", Time since last: 112557416286 ns, Reaching safepoint: 49040 ns, Cleanup: 103864 ns, At safepoint: 35852 ns, Total: 188756 ns
[2025-05-27T05:34:52.855+0000][69][info ][safepoint   ] Safepoint "Cleanup", Time since last: 7001721450 ns, Reaching safepoint: 179376 ns, Cleanup: 17663 ns, At safepoint: 21979 ns, Total: 219018 ns
[2025-05-27T05:35:13.402+0000][69][info ][safepoint   ] Safepoint "Cleanup", Time since last: 20546045727 ns, Reaching safepoint: 161668 ns, Cleanup: 19932 ns, At safepoint: 41121 ns, Total: 222721 ns
[2025-05-27T05:36:15.449+0000][69][info ][safepoint   ] Safepoint "Cleanup", Time since last: 62051515358 ns, Reaching safepoint: 65014 ns, Cleanup: 18561 ns, At safepoint: 16415 ns, Total: 99990 ns
[2025-05-27T05:36:40.926+0000][69][info ][safepoint   ] Safepoint "Cleanup", Time since last: 25479427696 ns, Reaching safepoint: 30640 ns, Cleanup: 16792 ns, At safepoint: 17511 ns, Total: 64943 ns
[2025-05-27T05:36:44.927+0000][69][info ][safepoint   ] Safepoint "Cleanup", Time since last: 4001381693 ns, Reaching safepoint: 30707 ns, Cleanup: 19465 ns, At safepoint: 16664 ns, Total: 66836 ns
[2025-05-27T05:39:10.806+0000][69][info ][safepoint   ] Safepoint "Cleanup", Time since last: 145889897092 ns, Reaching safepoint: 27615 ns, Cleanup: 14511 ns, At safepoint: 72236 ns, Total: 114362 ns
[2025-05-27T05:39:12.672+0000][69][info ][safepoint   ] Safepoint "Cleanup", Time since last: 1865839380 ns, Reaching safepoint: 29888 ns, Cleanup: 23854 ns, At safepoint: 16259 ns, Total: 70001 ns
[2025-05-27T05:39:54.042+0000][69][info ][safepoint   ] Safepoint "Cleanup", Time since last: 41374453906 ns, Reaching safepoint: 28768 ns, Cleanup: 16155 ns, At safepoint: 17216 ns, Total: 62139 ns
[2025-05-27T05:39:55.043+0000][69][info ][safepoint   ] Safepoint "Cleanup", Time since last: 1001101230 ns, Reaching safepoint: 29737 ns, Cleanup: 23804 ns, At safepoint: 112557 ns, Total: 166098 ns
[2025-05-27T05:40:14.699+0000][69][info ][safepoint   ] Safepoint "Cleanup", Time since last: 19655445518 ns, Reaching safepoint: 13122 ns, Cleanup: 16996 ns, At safepoint: 74921 ns, Total: 105039 ns
[2025-05-27T05:40:24.718+0000][69][info ][safepoint   ] Safepoint "Cleanup", Time since last: 10021580614 ns, Reaching safepoint: 74276 ns, Cleanup: 18447 ns, At safepoint: 17456 ns, Total: 110179 ns
[2025-05-27T05:41:17.742+0000][69][info ][safepoint   ] Safepoint "Cleanup", Time since last: 53026625451 ns, Reaching safepoint: 13845 ns, Cleanup: 17159 ns, At safepoint: 5983 ns, Total: 36987 ns
[2025-05-27T05:41:33.763+0000][69][info ][safepoint   ] Safepoint "Cleanup", Time since last: 16022563385 ns, Reaching safepoint: 29872 ns, Cleanup: 16558 ns, At safepoint: 16846 ns, Total: 63276 ns
[2025-05-27T05:42:04.836+0000][69][info ][safepoint   ] Safepoint "Cleanup", Time since last: 31075385244 ns, Reaching safepoint: 197202 ns, Cleanup: 9939 ns, At safepoint: 34682 ns, Total: 241823 ns
[2025-05-27T05:42:06.791+0000][69][info ][safepoint   ] Safepoint "Cleanup", Time since last: 1954734530 ns, Reaching safepoint: 27795 ns, Cleanup: 15530 ns, At safepoint: 16958 ns, Total: 60283 ns
[2025-05-27T05:42:09.792+0000][69][info ][safepoint   ] Safepoint "Cleanup", Time since last: 3001066647 ns, Reaching safepoint: 28216 ns, Cleanup: 16411 ns, At safepoint: 16653 ns, Total: 61280 ns
[2025-05-27T05:42:12.793+0000][69][info ][safepoint   ] Safepoint "Cleanup", Time since last: 3001201576 ns, Reaching safepoint: 73564 ns, Cleanup: 21093 ns, At safepoint: 31364 ns, Total: 126021 ns
[2025-05-27T05:42:24.835+0000][69][info ][safepoint   ] Safepoint "Cleanup", Time since last: 12043634451 ns, Reaching safepoint: 28801 ns, Cleanup: 15551 ns, At safepoint: 17455 ns, Total: 61807 ns
[2025-05-27T05:42:47.156+0000][69][info ][safepoint   ] Safepoint "Cleanup", Time since last: 22321777015 ns, Reaching safepoint: 71515 ns, Cleanup: 15291 ns, At safepoint: 16512 ns, Total: 103318 ns
[2025-05-27T05:43:22.839+0000][69][info ][safepoint   ] Safepoint "Cleanup", Time since last: 35687129479 ns, Reaching safepoint: 16653 ns, Cleanup: 133759 ns, At safepoint: 36816 ns, Total: 187228 ns
[2025-05-27T05:43:23.857+0000][69][info ][safepoint   ] Safepoint "Cleanup", Time since last: 1017733548 ns, Reaching safepoint: 29783 ns, Cleanup: 17210 ns, At safepoint: 17168 ns, Total: 64161 ns
[2025-05-27T05:44:25.195+0000][69][info ][safepoint   ] Safepoint "Cleanup", Time since last: 61342193901 ns, Reaching safepoint: 408330 ns, Cleanup: 17099 ns, At safepoint: 22844 ns, Total: 448273 ns
[2025-05-27T05:44:26.915+0000][69][info ][safepoint   ] Safepoint "Cleanup", Time since last: 1720191736 ns, Reaching safepoint: 27370 ns, Cleanup: 18247 ns, At safepoint: 16407 ns, Total: 62024 ns
[2025-05-27T05:45:50.022+0000][69][info ][safepoint   ] Safepoint "Cleanup", Time since last: 83111778334 ns, Reaching safepoint: 28250 ns, Cleanup: 17246 ns, At safepoint: 25932 ns, Total: 71428 ns
[2025-05-27T05:45:55.033+0000][69][info ][safepoint   ] Safepoint "Cleanup", Time since last: 5012892592 ns, Reaching safepoint: 56491 ns, Cleanup: 16665 ns, At safepoint: 18733 ns, Total: 91889 ns
[2025-05-27T05:46:31.782+0000][69][info ][safepoint   ] Safepoint "Cleanup", Time since last: 36750927284 ns, Reaching safepoint: 16848 ns, Cleanup: 8988 ns, At safepoint: 12201 ns, Total: 38037 ns
[2025-05-27T05:46:40.296+0000][69][info ][safepoint   ] Safepoint "Cleanup", Time since last: 8513879863 ns, Reaching safepoint: 32027 ns, Cleanup: 17677 ns, At safepoint: 19589 ns, Total: 69293 ns
[2025-05-27T05:47:13.150+0000][69][info ][safepoint   ] Safepoint "Cleanup", Time since last: 32856744343 ns, Reaching safepoint: 27195 ns, Cleanup: 15417 ns, At safepoint: 15034 ns, Total: 57646 ns
[2025-05-27T05:47:23.809+0000][69][info ][safepoint   ] Safepoint "Cleanup", Time since last: 10660652075 ns, Reaching safepoint: 26516 ns, Cleanup: 14603 ns, At safepoint: 16065 ns, Total: 57184 ns
[2025-05-27T05:47:35.161+0000][69][info ][safepoint   ] Safepoint "Cleanup", Time since last: 11352341507 ns, Reaching safepoint: 12925 ns, Cleanup: 12120 ns, At safepoint: 64329 ns, Total: 89374 ns
[2025-05-27T05:49:10.236+0000][69][info ][safepoint   ] Safepoint "Cleanup", Time since last: 95081383220 ns, Reaching safepoint: 162706 ns, Cleanup: 16367 ns, At safepoint: 21417 ns, Total: 200490 ns
[2025-05-27T05:49:25.237+0000][69][info ][safepoint   ] Safepoint "Cleanup", Time since last: 15003317365 ns, Reaching safepoint: 132237 ns, Cleanup: 17089 ns, At safepoint: 18681 ns, Total: 168007 ns
[2025-05-27T05:49:32.239+0000][69][info ][safepoint   ] Safepoint "Cleanup", Time since last: 7001641102 ns, Reaching safepoint: 33846 ns, Cleanup: 18142 ns, At safepoint: 18509 ns, Total: 70497 ns
[2025-05-27T05:49:41.252+0000][69][info ][safepoint   ] Safepoint "Cleanup", Time since last: 9012891144 ns, Reaching safepoint: 27075 ns, Cleanup: 16559 ns, At safepoint: 70581 ns, Total: 114215 ns
[2025-05-27T05:49:54.271+0000][69][info ][safepoint   ] Safepoint "Cleanup", Time since last: 13021369968 ns, Reaching safepoint: 25340 ns, Cleanup: 18238 ns, At safepoint: 11269 ns, Total: 54847 ns
[2025-05-27T05:49:55.275+0000][69][info ][safepoint   ] Safepoint "Cleanup", Time since last: 1003129913 ns, Reaching safepoint: 32126 ns, Cleanup: 18047 ns, At safepoint: 147994 ns, Total: 198167 ns
[2025-05-27T05:50:13.278+0000][69][info ][safepoint   ] Safepoint "Cleanup", Time since last: 18003332087 ns, Reaching safepoint: 65849 ns, Cleanup: 16475 ns, At safepoint: 16428 ns, Total: 98752 ns
[2025-05-27T05:51:13.319+0000][69][info ][safepoint   ] Safepoint "Cleanup", Time since last: 60045665283 ns, Reaching safepoint: 129430 ns, Cleanup: 14426 ns, At safepoint: 14782 ns, Total: 158638 ns
[2025-05-27T05:51:25.320+0000][69][info ][safepoint   ] Safepoint "Cleanup", Time since last: 12002350682 ns, Reaching safepoint: 123622 ns, Cleanup: 27826 ns, At safepoint: 20281 ns, Total: 171729 ns
[2025-05-27T05:51:43.487+0000][69][info ][safepoint   ] Safepoint "Cleanup", Time since last: 18166626849 ns, Reaching safepoint: 153366 ns, Cleanup: 18340 ns, At safepoint: 36196 ns, Total: 207902 ns
[2025-05-27T05:51:46.779+0000][69][info ][safepoint   ] Safepoint "Cleanup", Time since last: 3292663087 ns, Reaching safepoint: 15226 ns, Cleanup: 11703 ns, At safepoint: 17251 ns, Total: 44180 ns
[2025-05-27T05:52:16.450+0000][69][info ][safepoint   ] Safepoint "Cleanup", Time since last: 29672360726 ns, Reaching safepoint: 61242 ns, Cleanup: 22548 ns, At safepoint: 16494 ns, Total: 100284 ns
[2025-05-27T05:52:17.450+0000][69][info ][safepoint   ] Safepoint "Cleanup", Time since last: 1000657283 ns, Reaching safepoint: 27626 ns, Cleanup: 15979 ns, At safepoint: 15923 ns, Total: 59528 ns
[2025-05-27T05:52:18.451+0000][69][info ][safepoint   ] Safepoint "Cleanup", Time since last: 1000691333 ns, Reaching safepoint: 157748 ns, Cleanup: 18187 ns, At safepoint: 124180 ns, Total: 300115 ns
[2025-05-27T05:53:12.485+0000][69][info ][safepoint   ] Safepoint "Cleanup", Time since last: 54037756149 ns, Reaching safepoint: 718391 ns, Cleanup: 17489 ns, At safepoint: 130186 ns, Total: 866066 ns
[2025-05-27T05:53:53.503+0000][69][info ][safepoint   ] Safepoint "Cleanup", Time since last: 41021361264 ns, Reaching safepoint: 20731 ns, Cleanup: 12403 ns, At safepoint: 64304 ns, Total: 97438 ns
[2025-05-27T05:54:55.602+0000][69][info ][safepoint   ] Safepoint "Cleanup", Time since last: 62104425967 ns, Reaching safepoint: 28294 ns, Cleanup: 15844 ns, At safepoint: 12101 ns, Total: 56239 ns
[2025-05-27T05:55:12.556+0000][69][info ][safepoint   ] Safepoint "Cleanup", Time since last: 16953773618 ns, Reaching safepoint: 28578 ns, Cleanup: 17302 ns, At safepoint: 15881 ns, Total: 61761 ns
[2025-05-27T05:55:24.556+0000][69][info ][safepoint   ] Safepoint "Cleanup", Time since last: 12003156694 ns, Reaching safepoint: 43806 ns, Cleanup: 12112 ns, At safepoint: 8443 ns, Total: 64361 ns
[2025-05-27T05:55:25.557+0000][69][info ][safepoint   ] Safepoint "Cleanup", Time since last: 1000756326 ns, Reaching safepoint: 28250 ns, Cleanup: 15524 ns, At safepoint: 17557 ns, Total: 61331 ns
[2025-05-27T05:56:12.610+0000][69][info ][safepoint   ] Safepoint "Cleanup", Time since last: 47054943622 ns, Reaching safepoint: 166350 ns, Cleanup: 18159 ns, At safepoint: 21243 ns, Total: 205752 ns
[2025-05-27T05:56:55.742+0000][69][info ][gc,start    ] GC(22) Pause Young (Normal) (G1 Evacuation Pause)
[2025-05-27T05:56:55.746+0000][69][info ][gc,task     ] GC(22) Using 10 workers of 10 for evacuation
[2025-05-27T05:56:55.747+0000][69][debug][gc,age      ] GC(22) Desired survivor size 153092096 bytes, new threshold 15 (max threshold 15)
[2025-05-27T05:56:55.946+0000][69][info ][gc,phases   ] GC(22)   Pre Evacuate Collection Set: 5.55ms
[2025-05-27T05:56:55.949+0000][69][info ][gc,phases   ] GC(22)   Merge Heap Roots: 1.15ms
[2025-05-27T05:56:55.949+0000][69][info ][gc,phases   ] GC(22)   Evacuate Collection Set: 171.67ms
[2025-05-27T05:56:55.949+0000][69][info ][gc,phases   ] GC(22)   Post Evacuate Collection Set: 18.64ms
[2025-05-27T05:56:55.950+0000][69][info ][gc,phases   ] GC(22)   Other: 3.90ms
[2025-05-27T05:56:55.950+0000][69][trace][gc,age      ] GC(22) Age table with threshold 15 (max threshold 15)
[2025-05-27T05:56:55.950+0000][69][trace][gc,age      ] GC(22) - age   1:    4030544 bytes,    4030544 total
[2025-05-27T05:56:55.950+0000][69][trace][gc,age      ] GC(22) - age   2:    1264256 bytes,    5294800 total
[2025-05-27T05:56:55.951+0000][69][trace][gc,age      ] GC(22) - age   3:     343072 bytes,    5637872 total
[2025-05-27T05:56:55.951+0000][69][trace][gc,age      ] GC(22) - age   4:      38872 bytes,    5676744 total
[2025-05-27T05:56:55.951+0000][69][trace][gc,age      ] GC(22) - age   5:     199456 bytes,    5876200 total
[2025-05-27T05:56:55.952+0000][69][trace][gc,age      ] GC(22) - age   6:     138456 bytes,    6014656 total
[2025-05-27T05:56:55.952+0000][69][trace][gc,age      ] GC(22) - age   7:     339504 bytes,    6354160 total
[2025-05-27T05:56:55.952+0000][69][trace][gc,age      ] GC(22) - age   8:   40518792 bytes,   46872952 total
[2025-05-27T05:56:55.953+0000][69][trace][gc,age      ] GC(22) - age   9:   19116704 bytes,   65989656 total
[2025-05-27T05:56:55.953+0000][69][trace][gc,age      ] GC(22) - age  10:      41416 bytes,   66031072 total
[2025-05-27T05:56:55.953+0000][69][trace][gc,age      ] GC(22) - age  11:      47696 bytes,   66078768 total
[2025-05-27T05:56:55.954+0000][69][info ][gc,heap     ] GC(22) Eden regions: 565->0(527)
[2025-05-27T05:56:55.954+0000][69][info ][gc,heap     ] GC(22) Survivor regions: 17->18(73)
[2025-05-27T05:56:55.955+0000][69][info ][gc,heap     ] GC(22) Old regions: 10->10
[2025-05-27T05:56:55.955+0000][69][info ][gc,heap     ] GC(22) Humongous regions: 0->0
[2025-05-27T05:56:55.955+0000][69][info ][gc,metaspace] GC(22) Metaspace: 148694K(152768K)->148694K(152768K) NonClass: 128457K(130688K)->128457K(130688K) Class: 20237K(22080K)->20237K(22080K)
[2025-05-27T05:56:55.956+0000][69][info ][gc          ] GC(22) Pause Young (Normal) (G1 Evacuation Pause) 2366M->109M(3880M) 213.494ms
[2025-05-27T05:56:55.956+0000][69][info ][gc,cpu      ] GC(22) User=1.73s Sys=0.02s Real=0.22s
[2025-05-27T05:56:55.957+0000][69][info ][safepoint   ] Safepoint "G1CollectForAllocation", Time since last: 43134186688 ns, Reaching safepoint: 132113 ns, Cleanup: 7961 ns, At safepoint: 216353195 ns, Total: 216493269 ns
[2025-05-27T05:57:01.779+0000][69][info ][safepoint   ] Safepoint "Cleanup", Time since last: 5822151281 ns, Reaching safepoint: 25201 ns, Cleanup: 12385 ns, At safepoint: 67572 ns, Total: 105158 ns
[2025-05-27T05:57:03.643+0000][69][info ][safepoint   ] Safepoint "Cleanup", Time since last: 1863875770 ns, Reaching safepoint: 26909 ns, Cleanup: 14929 ns, At safepoint: 15888 ns, Total: 57726 ns
[2025-05-27T05:57:14.652+0000][69][info ][safepoint   ] Safepoint "Cleanup", Time since last: 11009036357 ns, Reaching safepoint: 14099 ns, Cleanup: 17756 ns, At safepoint: 78523 ns, Total: 110378 ns
[2025-05-27T05:57:20.200+0000][69][info ][safepoint   ] Safepoint "Cleanup", Time since last: 5547752486 ns, Reaching safepoint: 6588 ns, Cleanup: 8366 ns, At safepoint: 13190 ns, Total: 28144 ns
[2025-05-27T05:57:21.235+0000][69][info ][safepoint   ] Safepoint "Cleanup", Time since last: 1034787772 ns, Reaching safepoint: 27763 ns, Cleanup: 19014 ns, At safepoint: 12710 ns, Total: 59487 ns
[2025-05-27T05:59:08.758+0000][69][info ][safepoint   ] Safepoint "Cleanup", Time since last: 107532183738 ns, Reaching safepoint: 17363 ns, Cleanup: 17182 ns, At safepoint: 25688 ns, Total: 60233 ns
[2025-05-27T05:59:12.759+0000][69][info ][safepoint   ] Safepoint "Cleanup", Time since last: 4001494806 ns, Reaching safepoint: 27641 ns, Cleanup: 17640 ns, At safepoint: 16719 ns, Total: 62000 ns
[2025-05-27T05:59:55.798+0000][69][info ][safepoint   ] Safepoint "Cleanup", Time since last: 43043251445 ns, Reaching safepoint: 28113 ns, Cleanup: 16684 ns, At safepoint: 16961 ns, Total: 61758 ns
[2025-05-27T06:00:11.781+0000][69][info ][safepoint   ] Safepoint "Cleanup", Time since last: 15982974414 ns, Reaching safepoint: 23759 ns, Cleanup: 13769 ns, At safepoint: 71750 ns, Total: 109278 ns
[2025-05-27T06:00:12.800+0000][69][info ][safepoint   ] Safepoint "Cleanup", Time since last: 1018609041 ns, Reaching safepoint: 24638 ns, Cleanup: 18146 ns, At safepoint: 13011 ns, Total: 55795 ns
[2025-05-27T06:00:15.801+0000][69][info ][safepoint   ] Safepoint "Cleanup", Time since last: 3000979953 ns, Reaching safepoint: 27656 ns, Cleanup: 16861 ns, At safepoint: 15893 ns, Total: 60410 ns
[2025-05-27T06:00:24.800+0000][69][info ][safepoint   ] Safepoint "Cleanup", Time since last: 9001870932 ns, Reaching safepoint: 78148 ns, Cleanup: 20609 ns, At safepoint: 32727 ns, Total: 131484 ns
[2025-05-27T06:00:45.836+0000][69][info ][safepoint   ] Safepoint "Cleanup", Time since last: 21035233948 ns, Reaching safepoint: 30274 ns, Cleanup: 16398 ns, At safepoint: 16550 ns, Total: 63222 ns
[2025-05-27T06:00:52.815+0000][69][info ][safepoint   ] Safepoint "Cleanup", Time since last: 6982110551 ns, Reaching safepoint: 6476 ns, Cleanup: 13470 ns, At safepoint: 13931 ns, Total: 33877 ns
[2025-05-27T06:01:15.908+0000][69][info ][safepoint   ] Safepoint "Cleanup", Time since last: 23092256688 ns, Reaching safepoint: 32042 ns, Cleanup: 17347 ns, At safepoint: 17292 ns, Total: 66681 ns
[2025-05-27T06:03:19.760+0000][69][info ][safepoint   ] Safepoint "Cleanup", Time since last: 123861637700 ns, Reaching safepoint: 91596 ns, Cleanup: 12913 ns, At safepoint: 37866 ns, Total: 142375 ns
[2025-05-27T06:03:21.069+0000][69][info ][safepoint   ] Safepoint "Cleanup", Time since last: 1309023217 ns, Reaching safepoint: 16349 ns, Cleanup: 24892 ns, At safepoint: 82876 ns, Total: 124117 ns
[2025-05-27T06:03:25.072+0000][69][info ][safepoint   ] Safepoint "Cleanup", Time since last: 4005344468 ns, Reaching safepoint: 28061 ns, Cleanup: 18631 ns, At safepoint: 16723 ns, Total: 63415 ns
[2025-05-27T06:03:56.946+0000][69][info ][safepoint   ] Safepoint "Cleanup", Time since last: 31876738536 ns, Reaching safepoint: 62527 ns, Cleanup: 18187 ns, At safepoint: 16674 ns, Total: 97388 ns
[2025-05-27T06:04:19.951+0000][69][info ][safepoint   ] Safepoint "Cleanup", Time since last: 23004258560 ns, Reaching safepoint: 45575 ns, Cleanup: 14734 ns, At safepoint: 8882 ns, Total: 69191 ns
[2025-05-27T06:04:22.749+0000][69][info ][safepoint   ] Safepoint "Cleanup", Time since last: 2800130247 ns, Reaching safepoint: 947141 ns, Cleanup: 16674 ns, At safepoint: 73650 ns, Total: 1037465 ns
[2025-05-27T06:04:24.106+0000][69][info ][safepoint   ] Safepoint "Cleanup", Time since last: 1356340034 ns, Reaching safepoint: 32177 ns, Cleanup: 31470 ns, At safepoint: 19561 ns, Total: 83208 ns
[2025-05-27T06:05:14.988+0000][69][info ][safepoint   ] Safepoint "Cleanup", Time since last: 50884880712 ns, Reaching safepoint: 53905 ns, Cleanup: 13891 ns, At safepoint: 10724 ns, Total: 78520 ns
[2025-05-27T06:05:16.004+0000][69][info ][safepoint   ] Safepoint "Cleanup", Time since last: 1015691652 ns, Reaching safepoint: 22500 ns, Cleanup: 14071 ns, At safepoint: 10721 ns, Total: 47292 ns
[2025-05-27T06:05:25.008+0000][69][info ][safepoint   ] Safepoint "Cleanup", Time since last: 9005808531 ns, Reaching safepoint: 29629 ns, Cleanup: 17563 ns, At safepoint: 18957 ns, Total: 66149 ns
[2025-05-27T06:05:55.017+0000][69][info ][safepoint   ] Safepoint "Cleanup", Time since last: 30011566170 ns, Reaching safepoint: 30292 ns, Cleanup: 16169 ns, At safepoint: 120442 ns, Total: 166903 ns
[2025-05-27T06:07:24.248+0000][69][info ][safepoint   ] Safepoint "Cleanup", Time since last: 89237774250 ns, Reaching safepoint: 125247 ns, Cleanup: 15337 ns, At safepoint: 48594 ns, Total: 189178 ns
[2025-05-27T06:07:32.303+0000][69][info ][safepoint   ] Safepoint "Cleanup", Time since last: 8054710127 ns, Reaching safepoint: 7070 ns, Cleanup: 12197 ns, At safepoint: 12565 ns, Total: 31832 ns
[2025-05-27T06:07:48.091+0000][69][info ][safepoint   ] Safepoint "Cleanup", Time since last: 15788347370 ns, Reaching safepoint: 149990 ns, Cleanup: 17293 ns, At safepoint: 36397 ns, Total: 203680 ns
[2025-05-27T06:07:50.092+0000][69][info ][safepoint   ] Safepoint "Cleanup", Time since last: 2001032160 ns, Reaching safepoint: 22622 ns, Cleanup: 16291 ns, At safepoint: 11729 ns, Total: 50642 ns
[2025-05-27T06:09:45.387+0000][69][info ][safepoint   ] Safepoint "Cleanup", Time since last: 115304526489 ns, Reaching safepoint: 33897 ns, Cleanup: 17559 ns, At safepoint: 17566 ns, Total: 69022 ns
[2025-05-27T06:10:41.417+0000][69][info ][safepoint   ] Safepoint "Cleanup", Time since last: 56035207237 ns, Reaching safepoint: 22310 ns, Cleanup: 13260 ns, At safepoint: 77895 ns, Total: 113465 ns
[2025-05-27T06:11:20.438+0000][69][info ][safepoint   ] Safepoint "Cleanup", Time since last: 39022731727 ns, Reaching safepoint: 39142 ns, Cleanup: 16191 ns, At safepoint: 16113 ns, Total: 71446 ns
[2025-05-27T06:12:23.490+0000][69][info ][safepoint   ] Safepoint "Cleanup", Time since last: 63059087687 ns, Reaching safepoint: 22477 ns, Cleanup: 11274 ns, At safepoint: 10709 ns, Total: 44460 ns
[2025-05-27T06:12:47.564+0000][69][info ][safepoint   ] Safepoint "Cleanup", Time since last: 24074127269 ns, Reaching safepoint: 26951 ns, Cleanup: 16048 ns, At safepoint: 57167 ns, Total: 100166 ns
[2025-05-27T06:12:48.596+0000][69][info ][safepoint   ] Safepoint "Cleanup", Time since last: 1031912456 ns, Reaching safepoint: 15100 ns, Cleanup: 13340 ns, At safepoint: 19452 ns, Total: 47892 ns
[2025-05-27T06:13:03.197+0000][69][info ][safepoint   ] Safepoint "Cleanup", Time since last: 14602827074 ns, Reaching safepoint: 47115 ns, Cleanup: 13848 ns, At safepoint: 10727 ns, Total: 71690 ns
[2025-05-27T06:13:53.632+0000][69][info ][safepoint   ] Safepoint "Cleanup", Time since last: 50442550929 ns, Reaching safepoint: 33630 ns, Cleanup: 57730 ns, At safepoint: 16882 ns, Total: 108242 ns
[2025-05-27T06:15:56.758+0000][69][info ][safepoint   ] Safepoint "Cleanup", Time since last: 123138018175 ns, Reaching safepoint: 28683 ns, Cleanup: 17275 ns, At safepoint: 11721 ns, Total: 57679 ns
[2025-05-27T06:16:12.795+0000][69][info ][safepoint   ] Safepoint "Cleanup", Time since last: 16037596019 ns, Reaching safepoint: 67926 ns, Cleanup: 16230 ns, At safepoint: 16949 ns, Total: 101105 ns
[2025-05-27T06:17:26.874+0000][69][info ][safepoint   ] Safepoint "Cleanup", Time since last: 74086076186 ns, Reaching safepoint: 68894 ns, Cleanup: 19616 ns, At safepoint: 17272 ns, Total: 105782 ns
[2025-05-27T06:17:40.468+0000][69][info ][safepoint   ] Safepoint "Cleanup", Time since last: 13594317135 ns, Reaching safepoint: 27415 ns, Cleanup: 18893 ns, At safepoint: 12056 ns, Total: 58364 ns
[2025-05-27T06:18:50.509+0000][69][info ][safepoint   ] Safepoint "Cleanup", Time since last: 70046824731 ns, Reaching safepoint: 28161 ns, Cleanup: 16990 ns, At safepoint: 59804 ns, Total: 104955 ns
[2025-05-27T06:19:30.014+0000][69][info ][safepoint   ] Safepoint "Cleanup", Time since last: 39510156303 ns, Reaching safepoint: 29924 ns, Cleanup: 15066 ns, At safepoint: 15991 ns, Total: 60981 ns
[2025-05-27T06:22:12.624+0000][69][info ][safepoint   ] Safepoint "Cleanup", Time since last: 162624004069 ns, Reaching safepoint: 69743 ns, Cleanup: 17800 ns, At safepoint: 17149 ns, Total: 104692 ns
[2025-05-27T06:22:14.117+0000][69][info ][safepoint   ] Safepoint "Cleanup", Time since last: 1493324374 ns, Reaching safepoint: 119345 ns, Cleanup: 15611 ns, At safepoint: 49361 ns, Total: 184317 ns
[2025-05-27T06:22:28.756+0000][69][info ][safepoint   ] Safepoint "Cleanup", Time since last: 14640726941 ns, Reaching safepoint: 139089 ns, Cleanup: 9913 ns, At safepoint: 30413 ns, Total: 179415 ns
[2025-05-27T06:22:35.203+0000][69][info ][safepoint   ] Safepoint "Cleanup", Time since last: 6447507517 ns, Reaching safepoint: 31118 ns, Cleanup: 18645 ns, At safepoint: 20172 ns, Total: 69935 ns
[2025-05-27T06:22:51.454+0000][69][info ][safepoint   ] Safepoint "Cleanup", Time since last: 16250974864 ns, Reaching safepoint: 30684 ns, Cleanup: 19774 ns, At safepoint: 18180 ns, Total: 68638 ns
[2025-05-27T06:23:17.243+0000][69][info ][safepoint   ] Safepoint "Cleanup", Time since last: 25791314014 ns, Reaching safepoint: 316656 ns, Cleanup: 11881 ns, At safepoint: 65408 ns, Total: 393945 ns
[2025-05-27T06:23:18.256+0000][69][info ][safepoint   ] Safepoint "Cleanup", Time since last: 1012338708 ns, Reaching safepoint: 15749 ns, Cleanup: 22461 ns, At safepoint: 85447 ns, Total: 123657 ns
[2025-05-27T06:24:54.741+0000][69][info ][safepoint   ] Safepoint "Cleanup", Time since last: 96496070219 ns, Reaching safepoint: 30886 ns, Cleanup: 16154 ns, At safepoint: 16118 ns, Total: 63158 ns
[2025-05-27T06:25:12.745+0000][69][info ][safepoint   ] Safepoint "Cleanup", Time since last: 18003688425 ns, Reaching safepoint: 42522 ns, Cleanup: 11346 ns, At safepoint: 10114 ns, Total: 63982 ns
[2025-05-27T06:26:15.791+0000][69][info ][safepoint   ] Safepoint "Cleanup", Time since last: 63050788250 ns, Reaching safepoint: 591985 ns, Cleanup: 23446 ns, At safepoint: 111499 ns, Total: 726930 ns
[2025-05-27T06:27:32.437+0000][69][info ][safepoint   ] Safepoint "Cleanup", Time since last: 76654385304 ns, Reaching safepoint: 77328 ns, Cleanup: 12968 ns, At safepoint: 66963 ns, Total: 157259 ns
[2025-05-27T06:27:50.690+0000][69][info ][safepoint   ] Safepoint "Cleanup", Time since last: 18252402185 ns, Reaching safepoint: 15265 ns, Cleanup: 22378 ns, At safepoint: 80969 ns, Total: 118612 ns
[2025-05-27T06:28:32.500+0000][69][info ][safepoint   ] Safepoint "Cleanup", Time since last: 41815982540 ns, Reaching safepoint: 20353 ns, Cleanup: 12736 ns, At safepoint: 69439 ns, Total: 102528 ns
[2025-05-27T06:28:33.534+0000][69][info ][safepoint   ] Safepoint "Cleanup", Time since last: 1033967699 ns, Reaching safepoint: 13248 ns, Cleanup: 18355 ns, At safepoint: 5998 ns, Total: 37601 ns
[2025-05-27T06:29:35.564+0000][69][info ][safepoint   ] Safepoint "Cleanup", Time since last: 62034711380 ns, Reaching safepoint: 25438 ns, Cleanup: 14049 ns, At safepoint: 73539 ns, Total: 113026 ns
[2025-05-27T06:29:52.931+0000][69][info ][safepoint   ] Safepoint "Cleanup", Time since last: 17369330249 ns, Reaching safepoint: 175524 ns, Cleanup: 17874 ns, At safepoint: 63503 ns, Total: 256901 ns
[2025-05-27T06:30:22.744+0000][69][info ][safepoint   ] Safepoint "Cleanup", Time since last: 29815543887 ns, Reaching safepoint: 29320 ns, Cleanup: 24520 ns, At safepoint: 27558 ns, Total: 81398 ns
[2025-05-27T06:30:24.682+0000][69][info ][safepoint   ] Safepoint "Cleanup", Time since last: 1937920644 ns, Reaching safepoint: 108060 ns, Cleanup: 39740 ns, At safepoint: 14982 ns, Total: 162782 ns
[2025-05-27T06:30:29.717+0000][69][info ][safepoint   ] Safepoint "Cleanup", Time since last: 5034440330 ns, Reaching safepoint: 23160 ns, Cleanup: 15914 ns, At safepoint: 66662 ns, Total: 105736 ns
[2025-05-27T06:30:37.850+0000][69][info ][safepoint   ] Safepoint "Cleanup", Time since last: 8133336518 ns, Reaching safepoint: 136105 ns, Cleanup: 10294 ns, At safepoint: 41084 ns, Total: 187483 ns
[2025-05-27T06:30:54.846+0000][69][info ][safepoint   ] Safepoint "Cleanup", Time since last: 16998880570 ns, Reaching safepoint: 18601 ns, Cleanup: 14633 ns, At safepoint: 9662 ns, Total: 42896 ns
[2025-05-27T06:30:58.729+0000][69][info ][safepoint   ] Safepoint "Cleanup", Time since last: 3882622496 ns, Reaching safepoint: 15186 ns, Cleanup: 21524 ns, At safepoint: 82553 ns, Total: 119263 ns
[2025-05-27T06:31:09.857+0000][69][info ][safepoint   ] Safepoint "Cleanup", Time since last: 11128090787 ns, Reaching safepoint: 8968 ns, Cleanup: 8996 ns, At safepoint: 14167 ns, Total: 32131 ns
[2025-05-27T06:31:40.894+0000][69][info ][safepoint   ] Safepoint "Cleanup", Time since last: 31039922096 ns, Reaching safepoint: 17113 ns, Cleanup: 17183 ns, At safepoint: 76709 ns, Total: 111005 ns
[2025-05-27T06:31:41.925+0000][69][info ][safepoint   ] Safepoint "Cleanup", Time since last: 1030717056 ns, Reaching safepoint: 9485 ns, Cleanup: 8770 ns, At safepoint: 15603 ns, Total: 33858 ns
[2025-05-27T06:32:34.726+0000][69][info ][safepoint   ] Safepoint "Cleanup", Time since last: 52805826037 ns, Reaching safepoint: 21823 ns, Cleanup: 8089 ns, At safepoint: 11565 ns, Total: 41477 ns
[2025-05-27T06:32:50.257+0000][69][info ][safepoint   ] Safepoint "Cleanup", Time since last: 15531224858 ns, Reaching safepoint: 23932 ns, Cleanup: 13639 ns, At safepoint: 74235 ns, Total: 111806 ns
[2025-05-27T06:33:12.955+0000][69][info ][safepoint   ] Safepoint "Cleanup", Time since last: 22699483673 ns, Reaching safepoint: 349296 ns, Cleanup: 21255 ns, At safepoint: 27244 ns, Total: 397795 ns
[2025-05-27T06:33:46.753+0000][69][info ][safepoint   ] Safepoint "Cleanup", Time since last: 33802002214 ns, Reaching safepoint: 27438 ns, Cleanup: 17214 ns, At safepoint: 83808 ns, Total: 128460 ns
[2025-05-27T06:34:49.703+0000][69][info ][safepoint   ] Safepoint "Cleanup", Time since last: 62953939603 ns, Reaching safepoint: 11684 ns, Cleanup: 7552 ns, At safepoint: 13537 ns, Total: 32773 ns
[2025-05-27T06:35:52.719+0000][69][info ][safepoint   ] Safepoint "Cleanup", Time since last: 63023087278 ns, Reaching safepoint: 21036 ns, Cleanup: 14885 ns, At safepoint: 72313 ns, Total: 108234 ns
[2025-05-27T06:35:54.199+0000][69][info ][safepoint   ] Safepoint "Cleanup", Time since last: 1480456452 ns, Reaching safepoint: 25341 ns, Cleanup: 15965 ns, At safepoint: 16702 ns, Total: 58008 ns
[2025-05-27T06:36:13.203+0000][69][info ][safepoint   ] Safepoint "Cleanup", Time since last: 19003829289 ns, Reaching safepoint: 138763 ns, Cleanup: 17836 ns, At safepoint: 30922 ns, Total: 187521 ns
[2025-05-27T06:36:43.181+0000][69][info ][safepoint   ] Safepoint "Cleanup", Time since last: 29981229044 ns, Reaching safepoint: 59842 ns, Cleanup: 16328 ns, At safepoint: 28489 ns, Total: 104659 ns
[2025-05-27T06:37:38.212+0000][69][info ][safepoint   ] Safepoint "Cleanup", Time since last: 55035588548 ns, Reaching safepoint: 41102 ns, Cleanup: 17157 ns, At safepoint: 5402 ns, Total: 63661 ns
[2025-05-27T06:37:59.346+0000][69][info ][safepoint   ] Safepoint "Cleanup", Time since last: 21136229190 ns, Reaching safepoint: 15185 ns, Cleanup: 28792 ns, At safepoint: 83370 ns, Total: 127347 ns
[2025-05-27T06:38:15.351+0000][69][info ][safepoint   ] Safepoint "Cleanup", Time since last: 16004572346 ns, Reaching safepoint: 56924 ns, Cleanup: 17689 ns, At safepoint: 13511 ns, Total: 88124 ns
[2025-05-27T06:39:12.388+0000][69][info ][safepoint   ] Safepoint "Cleanup", Time since last: 57042071975 ns, Reaching safepoint: 28511 ns, Cleanup: 16040 ns, At safepoint: 16410 ns, Total: 60961 ns
[2025-05-27T06:39:20.390+0000][69][info ][safepoint   ] Safepoint "Cleanup", Time since last: 8002233997 ns, Reaching safepoint: 62942 ns, Cleanup: 18657 ns, At safepoint: 17155 ns, Total: 98754 ns
[2025-05-27T06:39:44.288+0000][69][info ][safepoint   ] Safepoint "Cleanup", Time since last: 23900523227 ns, Reaching safepoint: 26571 ns, Cleanup: 14781 ns, At safepoint: 15890 ns, Total: 57242 ns
[2025-05-27T06:39:45.289+0000][69][info ][safepoint   ] Safepoint "Cleanup", Time since last: 1000556549 ns, Reaching safepoint: 15982 ns, Cleanup: 12295 ns, At safepoint: 8915 ns, Total: 37192 ns
[2025-05-27T06:39:54.288+0000][69][info ][safepoint   ] Safepoint "Cleanup", Time since last: 9001834322 ns, Reaching safepoint: 15709 ns, Cleanup: 11804 ns, At safepoint: 7973 ns, Total: 35486 ns
[2025-05-27T06:40:04.713+0000][69][info ][safepoint   ] Safepoint "Cleanup", Time since last: 10425557272 ns, Reaching safepoint: 18317 ns, Cleanup: 26102 ns, At safepoint: 77377 ns, Total: 121796 ns
[2025-05-27T06:41:17.487+0000][69][info ][safepoint   ] Safepoint "Cleanup", Time since last: 72778717016 ns, Reaching safepoint: 28721 ns, Cleanup: 16543 ns, At safepoint: 15883 ns, Total: 61147 ns
[2025-05-27T06:41:35.500+0000][69][info ][safepoint   ] Safepoint "Cleanup", Time since last: 18015234470 ns, Reaching safepoint: 62370 ns, Cleanup: 15244 ns, At safepoint: 15326 ns, Total: 92940 ns
[2025-05-27T06:41:45.364+0000][69][info ][safepoint   ] Safepoint "Cleanup", Time since last: 9864641979 ns, Reaching safepoint: 26368 ns, Cleanup: 15420 ns, At safepoint: 15892 ns, Total: 57680 ns
[2025-05-27T06:42:10.712+0000][69][info ][safepoint   ] Safepoint "Cleanup", Time since last: 25349675852 ns, Reaching safepoint: 151475 ns, Cleanup: 15119 ns, At safepoint: 44399 ns, Total: 210993 ns
[2025-05-27T06:42:41.545+0000][69][info ][safepoint   ] Safepoint "Cleanup", Time since last: 30835952545 ns, Reaching safepoint: 24851 ns, Cleanup: 16475 ns, At safepoint: 75706 ns, Total: 117032 ns
[2025-05-27T06:43:14.603+0000][69][info ][safepoint   ] Safepoint "Cleanup", Time since last: 33060084564 ns, Reaching safepoint: 20267 ns, Cleanup: 17214 ns, At safepoint: 65394 ns, Total: 102875 ns
[2025-05-27T06:43:25.622+0000][69][info ][safepoint   ] Safepoint "Cleanup", Time since last: 11020909246 ns, Reaching safepoint: 154504 ns, Cleanup: 19340 ns, At safepoint: 14624 ns, Total: 188468 ns
[2025-05-27T06:43:34.779+0000][69][info ][gc,start    ] GC(23) Pause Young (Normal) (G1 Evacuation Pause)
[2025-05-27T06:43:34.783+0000][69][info ][gc,task     ] GC(23) Using 10 workers of 10 for evacuation
[2025-05-27T06:43:34.784+0000][69][debug][gc,age      ] GC(23) Desired survivor size 144703488 bytes, new threshold 15 (max threshold 15)
[2025-05-27T06:43:35.039+0000][69][info ][gc,mmu      ] GC(23) MMU target violated: 201.0ms (200.0ms/201.0ms)
[2025-05-27T06:43:35.040+0000][69][info ][gc,phases   ] GC(23)   Pre Evacuate Collection Set: 6.91ms
[2025-05-27T06:43:35.040+0000][69][info ][gc,phases   ] GC(23)   Merge Heap Roots: 1.90ms
[2025-05-27T06:43:35.040+0000][69][info ][gc,phases   ] GC(23)   Evacuate Collection Set: 217.78ms
[2025-05-27T06:43:35.040+0000][69][info ][gc,phases   ] GC(23)   Post Evacuate Collection Set: 26.59ms
[2025-05-27T06:43:35.041+0000][69][info ][gc,phases   ] GC(23)   Other: 5.29ms
[2025-05-27T06:43:35.041+0000][69][trace][gc,age      ] GC(23) Age table with threshold 15 (max threshold 15)
[2025-05-27T06:43:35.041+0000][69][trace][gc,age      ] GC(23) - age   1:    1267048 bytes,    1267048 total
[2025-05-27T06:43:35.042+0000][69][trace][gc,age      ] GC(23) - age   2:    2800752 bytes,    4067800 total
[2025-05-27T06:43:35.042+0000][69][trace][gc,age      ] GC(23) - age   3:    1114664 bytes,    5182464 total
[2025-05-27T06:43:35.042+0000][69][trace][gc,age      ] GC(23) - age   4:     341800 bytes,    5524264 total
[2025-05-27T06:43:35.042+0000][69][trace][gc,age      ] GC(23) - age   5:      38872 bytes,    5563136 total
[2025-05-27T06:43:35.043+0000][69][trace][gc,age      ] GC(23) - age   6:     182944 bytes,    5746080 total
[2025-05-27T06:43:35.043+0000][69][trace][gc,age      ] GC(23) - age   7:     138416 bytes,    5884496 total
[2025-05-27T06:43:35.043+0000][69][trace][gc,age      ] GC(23) - age   8:     339448 bytes,    6223944 total
[2025-05-27T06:43:35.043+0000][69][trace][gc,age      ] GC(23) - age   9:   40424008 bytes,   46647952 total
[2025-05-27T06:43:35.044+0000][69][trace][gc,age      ] GC(23) - age  10:   19116704 bytes,   65764656 total
[2025-05-27T06:43:35.044+0000][69][trace][gc,age      ] GC(23) - age  11:      41416 bytes,   65806072 total
[2025-05-27T06:43:35.044+0000][69][trace][gc,age      ] GC(23) - age  12:      47696 bytes,   65853768 total
[2025-05-27T06:43:35.045+0000][69][info ][gc,heap     ] GC(23) Eden regions: 527->0(29)
[2025-05-27T06:43:35.045+0000][69][info ][gc,heap     ] GC(23) Survivor regions: 18->19(69)
[2025-05-27T06:43:35.045+0000][69][info ][gc,heap     ] GC(23) Old regions: 10->10
[2025-05-27T06:43:35.046+0000][69][info ][gc,heap     ] GC(23) Humongous regions: 0->0
[2025-05-27T06:43:35.046+0000][69][info ][gc,metaspace] GC(23) Metaspace: 148822K(152896K)->148822K(152896K) NonClass: 128584K(130816K)->128584K(130816K) Class: 20237K(22080K)->20237K(22080K)
[2025-05-27T06:43:35.047+0000][69][info ][gc          ] GC(23) Pause Young (Normal) (G1 Evacuation Pause) 2217M->112M(3880M) 267.746ms
[2025-05-27T06:43:35.047+0000][69][info ][gc,cpu      ] GC(23) User=2.09s Sys=0.02s Real=0.27s
[2025-05-27T06:43:35.047+0000][69][info ][safepoint   ] Safepoint "G1CollectForAllocation", Time since last: 9153379558 ns, Reaching safepoint: 144315 ns, Cleanup: 85592 ns, At safepoint: 271953877 ns, Total: 272183784 ns
[2025-05-27T06:43:45.437+0000][69][info ][safepoint   ] Safepoint "Cleanup", Time since last: 10389933955 ns, Reaching safepoint: 30048 ns, Cleanup: 15660 ns, At safepoint: 15108 ns, Total: 60816 ns
[2025-05-27T06:44:17.644+0000][69][info ][safepoint   ] Safepoint "Cleanup", Time since last: 32208918646 ns, Reaching safepoint: 14032 ns, Cleanup: 13721 ns, At safepoint: 24749 ns, Total: 52502 ns
[2025-05-27T06:44:52.474+0000][69][info ][safepoint   ] Safepoint "Cleanup", Time since last: 34835040747 ns, Reaching safepoint: 38713 ns, Cleanup: 17698 ns, At safepoint: 21182 ns, Total: 77593 ns
[2025-05-27T06:45:19.722+0000][69][info ][safepoint   ] Safepoint "Cleanup", Time since last: 27247501660 ns, Reaching safepoint: 29673 ns, Cleanup: 12473 ns, At safepoint: 69845 ns, Total: 111991 ns
[2025-05-27T06:45:20.725+0000][69][info ][safepoint   ] Safepoint "Cleanup", Time since last: 1002758751 ns, Reaching safepoint: 26590 ns, Cleanup: 14747 ns, At safepoint: 17225 ns, Total: 58562 ns
[2025-05-27T06:45:25.745+0000][69][info ][safepoint   ] Safepoint "Cleanup", Time since last: 5023264727 ns, Reaching safepoint: 26190 ns, Cleanup: 21324 ns, At safepoint: 15462 ns, Total: 62976 ns
[2025-05-27T06:45:39.763+0000][69][info ][gc,start    ] GC(24) Pause Young (Normal) (G1 Evacuation Pause)
[2025-05-27T06:45:39.764+0000][69][info ][gc,task     ] GC(24) Using 10 workers of 10 for evacuation
[2025-05-27T06:45:39.764+0000][69][debug][gc,age      ] GC(24) Desired survivor size 12582912 bytes, new threshold 9 (max threshold 15)
[2025-05-27T06:45:40.021+0000][69][info ][gc,mmu      ] GC(24) MMU target violated: 201.0ms (200.0ms/201.0ms)
[2025-05-27T06:45:40.022+0000][69][info ][gc,phases   ] GC(24)   Pre Evacuate Collection Set: 0.91ms
[2025-05-27T06:45:40.022+0000][69][info ][gc,phases   ] GC(24)   Merge Heap Roots: 0.28ms
[2025-05-27T06:45:40.023+0000][69][info ][gc,phases   ] GC(24)   Evacuate Collection Set: 250.62ms
[2025-05-27T06:45:40.023+0000][69][info ][gc,phases   ] GC(24)   Post Evacuate Collection Set: 4.43ms
[2025-05-27T06:45:40.023+0000][69][info ][gc,phases   ] GC(24)   Other: 1.80ms
[2025-05-27T06:45:40.023+0000][69][trace][gc,age      ] GC(24) Age table with threshold 9 (max threshold 15)
[2025-05-27T06:45:40.024+0000][69][trace][gc,age      ] GC(24) - age   1:     430048 bytes,     430048 total
[2025-05-27T06:45:40.024+0000][69][trace][gc,age      ] GC(24) - age   2:     855872 bytes,    1285920 total
[2025-05-27T06:45:40.024+0000][69][trace][gc,age      ] GC(24) - age   3:    2748568 bytes,    4034488 total
[2025-05-27T06:45:40.025+0000][69][trace][gc,age      ] GC(24) - age   4:    1112760 bytes,    5147248 total
[2025-05-27T06:45:40.025+0000][69][trace][gc,age      ] GC(24) - age   5:     276320 bytes,    5423568 total
[2025-05-27T06:45:40.026+0000][69][trace][gc,age      ] GC(24) - age   6:      38872 bytes,    5462440 total
[2025-05-27T06:45:40.026+0000][69][trace][gc,age      ] GC(24) - age   7:     182944 bytes,    5645384 total
[2025-05-27T06:45:40.026+0000][69][trace][gc,age      ] GC(24) - age   8:     138416 bytes,    5783800 total
[2025-05-27T06:45:40.027+0000][69][trace][gc,age      ] GC(24) - age   9:     339448 bytes,    6123248 total
[2025-05-27T06:45:40.027+0000][69][info ][gc,heap     ] GC(24) Eden regions: 29->0(579)
[2025-05-27T06:45:40.027+0000][69][info ][gc,heap     ] GC(24) Survivor regions: 19->3(6)
[2025-05-27T06:45:40.028+0000][69][info ][gc,heap     ] GC(24) Old regions: 10->26
[2025-05-27T06:45:40.028+0000][69][info ][gc,heap     ] GC(24) Humongous regions: 0->0
[2025-05-27T06:45:40.028+0000][69][info ][gc,metaspace] GC(24) Metaspace: 148870K(152960K)->148870K(152960K) NonClass: 128632K(130880K)->128632K(130880K) Class: 20237K(22080K)->20237K(22080K)
[2025-05-27T06:45:40.029+0000][69][info ][gc          ] GC(24) Pause Young (Normal) (G1 Evacuation Pause) 228M->111M(3880M) 265.705ms
[2025-05-27T06:45:40.029+0000][69][info ][gc,cpu      ] GC(24) User=0.67s Sys=0.31s Real=0.27s
[2025-05-27T06:45:40.030+0000][69][info ][safepoint   ] Safepoint "G1CollectForAllocation", Time since last: 14017103061 ns, Reaching safepoint: 25128 ns, Cleanup: 6553 ns, At safepoint: 267457619 ns, Total: 267489300 ns
[2025-05-27T06:46:01.678+0000][69][info ][safepoint   ] Safepoint "Cleanup", Time since last: 21650752542 ns, Reaching safepoint: 37014 ns, Cleanup: 7749 ns, At safepoint: 19661 ns, Total: 64424 ns
[2025-05-27T06:46:02.759+0000][69][info ][safepoint   ] Safepoint "Cleanup", Time since last: 1080974421 ns, Reaching safepoint: 26141 ns, Cleanup: 31426 ns, At safepoint: 15927 ns, Total: 73494 ns
[2025-05-27T06:46:22.695+0000][69][info ][safepoint   ] Safepoint "Cleanup", Time since last: 19938495898 ns, Reaching safepoint: 18884 ns, Cleanup: 21107 ns, At safepoint: 78957 ns, Total: 118948 ns
[2025-05-27T06:47:44.866+0000][69][info ][safepoint   ] Safepoint "Cleanup", Time since last: 82176654753 ns, Reaching safepoint: 28444 ns, Cleanup: 17565 ns, At safepoint: 16556 ns, Total: 62565 ns
[2025-05-27T06:48:28.745+0000][69][info ][safepoint   ] Safepoint "Cleanup", Time since last: 43883306645 ns, Reaching safepoint: 6315 ns, Cleanup: 9728 ns, At safepoint: 3320 ns, Total: 19363 ns
[2025-05-27T06:48:31.937+0000][69][info ][safepoint   ] Safepoint "Cleanup", Time since last: 3192312136 ns, Reaching safepoint: 25638 ns, Cleanup: 17794 ns, At safepoint: 16317 ns, Total: 59749 ns
[2025-05-27T06:48:59.618+0000][69][info ][safepoint   ] Safepoint "Cleanup", Time since last: 27683502369 ns, Reaching safepoint: 64275 ns, Cleanup: 17163 ns, At safepoint: 29477 ns, Total: 110915 ns
[2025-05-27T06:53:44.262+0000][69][info ][safepoint   ] Safepoint "Cleanup", Time since last: 284666768568 ns, Reaching safepoint: 18624 ns, Cleanup: 11076 ns, At safepoint: 19258 ns, Total: 48958 ns
[2025-05-27T06:54:46.691+0000][69][info ][safepoint   ] Safepoint "Cleanup", Time since last: 62434457146 ns, Reaching safepoint: 26610 ns, Cleanup: 13952 ns, At safepoint: 71988 ns, Total: 112550 ns
[2025-05-27T06:54:48.274+0000][69][info ][safepoint   ] Safepoint "Cleanup", Time since last: 1582931147 ns, Reaching safepoint: 28036 ns, Cleanup: 17557 ns, At safepoint: 17115 ns, Total: 62708 ns
[2025-05-27T06:56:53.357+0000][69][info ][safepoint   ] Safepoint "Cleanup", Time since last: 125095224127 ns, Reaching safepoint: 9765 ns, Cleanup: 8316 ns, At safepoint: 14041 ns, Total: 32122 ns
[2025-05-27T06:57:56.545+0000][69][info ][safepoint   ] Safepoint "Cleanup", Time since last: 63192811119 ns, Reaching safepoint: 10514 ns, Cleanup: 12155 ns, At safepoint: 13605 ns, Total: 36274 ns
[2025-05-27T06:58:12.527+0000][69][info ][safepoint   ] Safepoint "Cleanup", Time since last: 15981952227 ns, Reaching safepoint: 249977 ns, Cleanup: 15146 ns, At safepoint: 51604 ns, Total: 316727 ns
[2025-05-27T06:58:13.528+0000][69][info ][safepoint   ] Safepoint "Cleanup", Time since last: 1000583191 ns, Reaching safepoint: 68756 ns, Cleanup: 16564 ns, At safepoint: 30007 ns, Total: 115327 ns
[2025-05-27T06:58:35.205+0000][69][info ][safepoint   ] Safepoint "Cleanup", Time since last: 21679309964 ns, Reaching safepoint: 67923 ns, Cleanup: 16578 ns, At safepoint: 17791 ns, Total: 102292 ns
[2025-05-27T07:00:05.611+0000][69][info ][safepoint   ] Safepoint "Cleanup", Time since last: 90413978046 ns, Reaching safepoint: 26636 ns, Cleanup: 16121 ns, At safepoint: 15963 ns, Total: 58720 ns
[2025-05-27T07:01:04.695+0000][69][info ][safepoint   ] Safepoint "Cleanup", Time since last: 59088975590 ns, Reaching safepoint: 14381 ns, Cleanup: 10639 ns, At safepoint: 13287 ns, Total: 38307 ns
[2025-05-27T07:01:05.702+0000][69][info ][safepoint   ] Safepoint "Cleanup", Time since last: 1006332973 ns, Reaching safepoint: 15644 ns, Cleanup: 38753 ns, At safepoint: 86999 ns, Total: 141396 ns
[2025-05-27T07:01:12.719+0000][69][info ][safepoint   ] Safepoint "Cleanup", Time since last: 7017549016 ns, Reaching safepoint: 29762 ns, Cleanup: 22182 ns, At safepoint: 18405 ns, Total: 70349 ns
[2025-05-27T07:01:55.104+0000][69][info ][safepoint   ] Safepoint "Cleanup", Time since last: 42389620292 ns, Reaching safepoint: 42487 ns, Cleanup: 12623 ns, At safepoint: 8781 ns, Total: 63891 ns
[2025-05-27T07:02:07.669+0000][69][info ][safepoint   ] Safepoint "Cleanup", Time since last: 12564429057 ns, Reaching safepoint: 29193 ns, Cleanup: 14230 ns, At safepoint: 83701 ns, Total: 127124 ns
[2025-05-27T07:02:52.722+0000][69][info ][safepoint   ] Safepoint "Cleanup", Time since last: 45057693649 ns, Reaching safepoint: 11166 ns, Cleanup: 10735 ns, At safepoint: 14439 ns, Total: 36340 ns
[2025-05-27T07:03:56.181+0000][69][info ][safepoint   ] Safepoint "Cleanup", Time since last: 63464586641 ns, Reaching safepoint: 88775 ns, Cleanup: 19621 ns, At safepoint: 21718 ns, Total: 130114 ns
[2025-05-27T07:04:13.898+0000][69][info ][safepoint   ] Safepoint "Cleanup", Time since last: 17716239827 ns, Reaching safepoint: 29185 ns, Cleanup: 13166 ns, At safepoint: 75148 ns, Total: 117499 ns
[2025-05-27T07:04:49.214+0000][69][info ][safepoint   ] Safepoint "Cleanup", Time since last: 35318843034 ns, Reaching safepoint: 31161 ns, Cleanup: 17452 ns, At safepoint: 17182 ns, Total: 65795 ns
[2025-05-27T07:05:16.670+0000][69][info ][safepoint   ] Safepoint "Cleanup", Time since last: 27458885183 ns, Reaching safepoint: 17807 ns, Cleanup: 14370 ns, At safepoint: 64344 ns, Total: 96521 ns
[2025-05-27T07:05:17.998+0000][69][info ][safepoint   ] Safepoint "Cleanup", Time since last: 1327673428 ns, Reaching safepoint: 17347 ns, Cleanup: 13096 ns, At safepoint: 9002 ns, Total: 39445 ns
[2025-05-27T07:05:40.250+0000][69][info ][safepoint   ] Safepoint "Cleanup", Time since last: 22254391339 ns, Reaching safepoint: 22916 ns, Cleanup: 20654 ns, At safepoint: 10958 ns, Total: 54528 ns
[2025-05-27T07:07:12.292+0000][69][info ][safepoint   ] Safepoint "Cleanup", Time since last: 92049604844 ns, Reaching safepoint: 54874 ns, Cleanup: 14243 ns, At safepoint: 10258 ns, Total: 79375 ns
[2025-05-27T07:07:22.661+0000][69][info ][safepoint   ] Safepoint "Cleanup", Time since last: 10371113293 ns, Reaching safepoint: 216391 ns, Cleanup: 13353 ns, At safepoint: 61182 ns, Total: 290926 ns
[2025-05-27T07:07:24.079+0000][69][info ][safepoint   ] Safepoint "Cleanup", Time since last: 1417966595 ns, Reaching safepoint: 30037 ns, Cleanup: 17039 ns, At safepoint: 18491 ns, Total: 65567 ns
[2025-05-27T07:07:30.081+0000][69][info ][safepoint   ] Safepoint "Cleanup", Time since last: 6001618042 ns, Reaching safepoint: 15271 ns, Cleanup: 11483 ns, At safepoint: 8247 ns, Total: 35001 ns
[2025-05-27T07:07:55.637+0000][69][info ][safepoint   ] Safepoint "Cleanup", Time since last: 25558975579 ns, Reaching safepoint: 60845 ns, Cleanup: 17373 ns, At safepoint: 24636 ns, Total: 102854 ns
[2025-05-27T07:07:57.125+0000][69][info ][safepoint   ] Safepoint "Cleanup", Time since last: 1487063707 ns, Reaching safepoint: 17087 ns, Cleanup: 22117 ns, At safepoint: 94475 ns, Total: 133679 ns
[2025-05-27T07:07:58.142+0000][69][info ][safepoint   ] Safepoint "Cleanup", Time since last: 1017337447 ns, Reaching safepoint: 18679 ns, Cleanup: 14841 ns, At safepoint: 8864 ns, Total: 42384 ns
[2025-05-27T07:08:20.083+0000][69][info ][safepoint   ] Safepoint "Cleanup", Time since last: 21941052681 ns, Reaching safepoint: 5864 ns, Cleanup: 8531 ns, At safepoint: 4450 ns, Total: 18845 ns
[2025-05-27T07:08:25.621+0000][69][info ][safepoint   ] Safepoint "Cleanup", Time since last: 5539517085 ns, Reaching safepoint: 373189 ns, Cleanup: 17545 ns, At safepoint: 69762 ns, Total: 460496 ns
[2025-05-27T07:08:27.178+0000][69][info ][safepoint   ] Safepoint "Cleanup", Time since last: 1557051452 ns, Reaching safepoint: 15874 ns, Cleanup: 13161 ns, At safepoint: 8675 ns, Total: 37710 ns
[2025-05-27T07:08:32.179+0000][69][info ][safepoint   ] Safepoint "Cleanup", Time since last: 5001085065 ns, Reaching safepoint: 32274 ns, Cleanup: 16742 ns, At safepoint: 17247 ns, Total: 66263 ns
[2025-05-27T07:09:28.689+0000][69][info ][safepoint   ] Safepoint "Cleanup", Time since last: 56515512174 ns, Reaching safepoint: 18405 ns, Cleanup: 18928 ns, At safepoint: 128846 ns, Total: 166179 ns
[2025-05-27T07:09:52.402+0000][69][info ][safepoint   ] Safepoint "Cleanup", Time since last: 23714970688 ns, Reaching safepoint: 27175 ns, Cleanup: 17305 ns, At safepoint: 58477 ns, Total: 102957 ns
[2025-05-27T07:09:53.403+0000][69][info ][safepoint   ] Safepoint "Cleanup", Time since last: 1000979913 ns, Reaching safepoint: 26637 ns, Cleanup: 15554 ns, At safepoint: 15895 ns, Total: 58086 ns
[2025-05-27T07:10:05.406+0000][69][info ][safepoint   ] Safepoint "Cleanup", Time since last: 12003061389 ns, Reaching safepoint: 68299 ns, Cleanup: 18822 ns, At safepoint: 16665 ns, Total: 103786 ns
[2025-05-27T07:10:12.409+0000][69][info ][safepoint   ] Safepoint "Cleanup", Time since last: 7002572489 ns, Reaching safepoint: 26353 ns, Cleanup: 16443 ns, At safepoint: 15725 ns, Total: 58521 ns
[2025-05-27T07:11:35.286+0000][69][info ][safepoint   ] Safepoint "Cleanup", Time since last: 82884992238 ns, Reaching safepoint: 25985 ns, Cleanup: 13838 ns, At safepoint: 71610 ns, Total: 111433 ns
[2025-05-27T07:13:41.411+0000][69][info ][safepoint   ] Safepoint "Cleanup", Time since last: 126135074391 ns, Reaching safepoint: 20845 ns, Cleanup: 18343 ns, At safepoint: 74044 ns, Total: 113232 ns
[2025-05-27T07:13:45.431+0000][69][info ][safepoint   ] Safepoint "Cleanup", Time since last: 4019413937 ns, Reaching safepoint: 28274 ns, Cleanup: 14165 ns, At safepoint: 10034 ns, Total: 52473 ns
[2025-05-27T07:14:44.452+0000][69][info ][safepoint   ] Safepoint "Cleanup", Time since last: 59025173305 ns, Reaching safepoint: 15169 ns, Cleanup: 10842 ns, At safepoint: 64339 ns, Total: 90350 ns
[2025-05-27T07:15:46.652+0000][69][info ][safepoint   ] Safepoint "Cleanup", Time since last: 62205677835 ns, Reaching safepoint: 9409 ns, Cleanup: 8299 ns, At safepoint: 12786 ns, Total: 30494 ns
[2025-05-27T07:16:07.636+0000][69][info ][safepoint   ] Safepoint "Cleanup", Time since last: 20986643258 ns, Reaching safepoint: 47961 ns, Cleanup: 71595 ns, At safepoint: 79307 ns, Total: 198863 ns
[2025-05-27T07:18:02.644+0000][69][info ][safepoint   ] Safepoint "Cleanup", Time since last: 115017169448 ns, Reaching safepoint: 64842 ns, Cleanup: 22384 ns, At safepoint: 16329 ns, Total: 103555 ns
[2025-05-27T07:18:12.707+0000][69][info ][safepoint   ] Safepoint "Cleanup", Time since last: 10062461265 ns, Reaching safepoint: 724043 ns, Cleanup: 12492 ns, At safepoint: 49623 ns, Total: 786158 ns
[2025-05-27T07:21:12.859+0000][69][info ][safepoint   ] Safepoint "Cleanup", Time since last: 180166936775 ns, Reaching safepoint: 22405 ns, Cleanup: 13009 ns, At safepoint: 8677 ns, Total: 44091 ns
[2025-05-27T07:22:26.901+0000][69][info ][safepoint   ] Safepoint "Cleanup", Time since last: 74049659611 ns, Reaching safepoint: 26568 ns, Cleanup: 15026 ns, At safepoint: 62021 ns, Total: 103615 ns
[2025-05-27T07:24:13.030+0000][69][info ][safepoint   ] Safepoint "Cleanup", Time since last: 106136626939 ns, Reaching safepoint: 27859 ns, Cleanup: 17271 ns, At safepoint: 18061 ns, Total: 63191 ns
[2025-05-27T07:28:12.223+0000][69][info ][safepoint   ] Safepoint "Cleanup", Time since last: 239212021121 ns, Reaching safepoint: 73079 ns, Cleanup: 22938 ns, At safepoint: 19162 ns, Total: 115179 ns
[2025-05-27T07:29:12.118+0000][69][info ][safepoint   ] Safepoint "Cleanup", Time since last: 59899737585 ns, Reaching safepoint: 61588 ns, Cleanup: 17769 ns, At safepoint: 17205 ns, Total: 96562 ns
[2025-05-27T07:29:54.290+0000][69][info ][safepoint   ] Safepoint "Cleanup", Time since last: 42176853388 ns, Reaching safepoint: 31228 ns, Cleanup: 673824 ns, At safepoint: 29386 ns, Total: 734438 ns
[2025-05-27T07:30:12.294+0000][69][info ][safepoint   ] Safepoint "Cleanup", Time since last: 18003850038 ns, Reaching safepoint: 27091 ns, Cleanup: 15605 ns, At safepoint: 15846 ns, Total: 58542 ns
[2025-05-27T07:30:26.343+0000][69][info ][safepoint   ] Safepoint "Cleanup", Time since last: 14049868731 ns, Reaching safepoint: 23211 ns, Cleanup: 20247 ns, At safepoint: 68357 ns, Total: 111815 ns
[2025-05-27T07:30:31.612+0000][69][info ][safepoint   ] Safepoint "Cleanup", Time since last: 5269424181 ns, Reaching safepoint: 16139 ns, Cleanup: 13144 ns, At safepoint: 13305 ns, Total: 42588 ns
[2025-05-27T07:30:33.464+0000][69][info ][safepoint   ] Safepoint "Cleanup", Time since last: 1851608000 ns, Reaching safepoint: 29677 ns, Cleanup: 20229 ns, At safepoint: 18914 ns, Total: 68820 ns
[2025-05-27T07:30:50.666+0000][69][info ][safepoint   ] Safepoint "Cleanup", Time since last: 17201882349 ns, Reaching safepoint: 36979 ns, Cleanup: 6442 ns, At safepoint: 15612 ns, Total: 59033 ns
[2025-05-27T07:31:10.654+0000][69][info ][safepoint   ] Safepoint "Cleanup", Time since last: 19988662859 ns, Reaching safepoint: 2237778 ns, Cleanup: 16631 ns, At safepoint: 171126 ns, Total: 2425535 ns
[2025-05-27T07:31:12.547+0000][69][info ][safepoint   ] Safepoint "Cleanup", Time since last: 1893368569 ns, Reaching safepoint: 26670 ns, Cleanup: 16218 ns, At safepoint: 15399 ns, Total: 58287 ns
[2025-05-27T07:31:32.591+0000][69][info ][safepoint   ] Safepoint "Cleanup", Time since last: 20043552344 ns, Reaching safepoint: 2227242 ns, Cleanup: 493777 ns, At safepoint: 173489 ns, Total: 2894508 ns
[2025-05-27T07:31:34.587+0000][69][info ][safepoint   ] Safepoint "Cleanup", Time since last: 1995738528 ns, Reaching safepoint: 15702 ns, Cleanup: 9890 ns, At safepoint: 8835 ns, Total: 34427 ns
[2025-05-27T07:32:34.615+0000][69][info ][safepoint   ] Safepoint "Cleanup", Time since last: 60032401081 ns, Reaching safepoint: 752947 ns, Cleanup: 14511 ns, At safepoint: 159612 ns, Total: 927070 ns
[2025-05-27T07:32:51.426+0000][69][info ][safepoint   ] Safepoint "Cleanup", Time since last: 16810799669 ns, Reaching safepoint: 52565 ns, Cleanup: 14922 ns, At safepoint: 9565 ns, Total: 77052 ns
[2025-05-27T07:33:38.647+0000][69][info ][safepoint   ] Safepoint "Cleanup", Time since last: 47225984913 ns, Reaching safepoint: 31678 ns, Cleanup: 18302 ns, At safepoint: 18456 ns, Total: 68436 ns
[2025-05-27T07:33:39.743+0000][69][info ][safepoint   ] Safepoint "Cleanup", Time since last: 1095410327 ns, Reaching safepoint: 28981 ns, Cleanup: 18307 ns, At safepoint: 73758 ns, Total: 121046 ns
[2025-05-27T07:34:15.468+0000][69][info ][safepoint   ] Safepoint "Cleanup", Time since last: 35727890513 ns, Reaching safepoint: 95685 ns, Cleanup: 13608 ns, At safepoint: 8626 ns, Total: 117919 ns
[2025-05-27T07:34:52.801+0000][69][info ][safepoint   ] Safepoint "Cleanup", Time since last: 37337271092 ns, Reaching safepoint: 26174 ns, Cleanup: 73345 ns, At safepoint: 18912 ns, Total: 118431 ns
[2025-05-27T07:35:43.618+0000][69][info ][safepoint   ] Safepoint "Cleanup", Time since last: 50819681973 ns, Reaching safepoint: 25923 ns, Cleanup: 23527 ns, At safepoint: 20019 ns, Total: 69469 ns
[2025-05-27T07:37:19.628+0000][69][info ][gc,start    ] GC(25) Pause Young (Normal) (G1 Evacuation Pause)
[2025-05-27T07:37:19.633+0000][69][info ][gc,task     ] GC(25) Using 10 workers of 10 for evacuation
[2025-05-27T07:37:19.634+0000][69][debug][gc,age      ] GC(25) Desired survivor size 153092096 bytes, new threshold 15 (max threshold 15)
[2025-05-27T07:37:19.762+0000][69][info ][gc,phases   ] GC(25)   Pre Evacuate Collection Set: 10.43ms
[2025-05-27T07:37:19.763+0000][69][info ][gc,phases   ] GC(25)   Merge Heap Roots: 3.68ms
[2025-05-27T07:37:19.763+0000][69][info ][gc,phases   ] GC(25)   Evacuate Collection Set: 101.19ms
[2025-05-27T07:37:19.763+0000][69][info ][gc,phases   ] GC(25)   Post Evacuate Collection Set: 9.82ms
[2025-05-27T07:37:19.764+0000][69][info ][gc,phases   ] GC(25)   Other: 6.95ms
[2025-05-27T07:37:19.764+0000][69][trace][gc,age      ] GC(25) Age table with threshold 15 (max threshold 15)
[2025-05-27T07:37:19.765+0000][69][trace][gc,age      ] GC(25) - age   1:    1479768 bytes,    1479768 total
[2025-05-27T07:37:19.765+0000][69][trace][gc,age      ] GC(25) - age   2:       4360 bytes,    1484128 total
[2025-05-27T07:37:19.766+0000][69][trace][gc,age      ] GC(25) - age   3:     263016 bytes,    1747144 total
[2025-05-27T07:37:19.766+0000][69][trace][gc,age      ] GC(25) - age   4:    2744920 bytes,    4492064 total
[2025-05-27T07:37:19.766+0000][69][trace][gc,age      ] GC(25) - age   5:    1111952 bytes,    5604016 total
[2025-05-27T07:37:19.767+0000][69][trace][gc,age      ] GC(25) - age   6:     275544 bytes,    5879560 total
[2025-05-27T07:37:19.767+0000][69][trace][gc,age      ] GC(25) - age   7:      38872 bytes,    5918432 total
[2025-05-27T07:37:19.767+0000][69][trace][gc,age      ] GC(25) - age   8:     182248 bytes,    6100680 total
[2025-05-27T07:37:19.768+0000][69][trace][gc,age      ] GC(25) - age   9:     138416 bytes,    6239096 total
[2025-05-27T07:37:19.768+0000][69][trace][gc,age      ] GC(25) - age  10:     339136 bytes,    6578232 total
[2025-05-27T07:37:19.769+0000][69][info ][gc,heap     ] GC(25) Eden regions: 579->0(579)
[2025-05-27T07:37:19.769+0000][69][info ][gc,heap     ] GC(25) Survivor regions: 3->3(73)
[2025-05-27T07:37:19.770+0000][69][info ][gc,heap     ] GC(25) Old regions: 26->26
[2025-05-27T07:37:19.770+0000][69][info ][gc,heap     ] GC(25) Humongous regions: 0->0
[2025-05-27T07:37:19.770+0000][69][info ][gc,metaspace] GC(25) Metaspace: 149025K(153088K)->149025K(153088K) NonClass: 128787K(131008K)->128787K(131008K) Class: 20237K(22080K)->20237K(22080K)
[2025-05-27T07:37:19.771+0000][69][info ][gc          ] GC(25) Pause Young (Normal) (G1 Evacuation Pause) 2427M->109M(3880M) 143.543ms
[2025-05-27T07:37:19.771+0000][69][info ][gc,cpu      ] GC(25) User=0.82s Sys=0.02s Real=0.14s
[2025-05-27T07:37:19.772+0000][69][info ][safepoint   ] Safepoint "G1CollectForAllocation", Time since last: 96013938052 ns, Reaching safepoint: 41803 ns, Cleanup: 5590 ns, At safepoint: 147017744 ns, Total: 147065137 ns
[2025-05-27T07:37:49.612+0000][69][info ][safepoint   ] Safepoint "Cleanup", Time since last: 29843141482 ns, Reaching safepoint: 7403 ns, Cleanup: 8269 ns, At safepoint: 12879 ns, Total: 28551 ns
[2025-05-27T07:37:54.934+0000][69][info ][safepoint   ] Safepoint "Cleanup", Time since last: 5323319926 ns, Reaching safepoint: 81388 ns, Cleanup: 20194 ns, At safepoint: 38362 ns, Total: 139944 ns
[2025-05-27T07:38:12.937+0000][69][info ][safepoint   ] Safepoint "Cleanup", Time since last: 18003699115 ns, Reaching safepoint: 51366 ns, Cleanup: 14959 ns, At safepoint: 12667 ns, Total: 78992 ns
[2025-05-27T07:38:44.658+0000][69][info ][safepoint   ] Safepoint "Cleanup", Time since last: 31722869207 ns, Reaching safepoint: 27180 ns, Cleanup: 18379 ns, At safepoint: 17474 ns, Total: 63033 ns
[2025-05-27T07:38:53.063+0000][69][info ][safepoint   ] Safepoint "Cleanup", Time since last: 8407259163 ns, Reaching safepoint: 6563 ns, Cleanup: 8099 ns, At safepoint: 13212 ns, Total: 27874 ns
[2025-05-27T07:39:12.051+0000][69][info ][safepoint   ] Safepoint "Cleanup", Time since last: 18988082115 ns, Reaching safepoint: 67401 ns, Cleanup: 15849 ns, At safepoint: 27831 ns, Total: 111081 ns
[2025-05-27T07:39:54.696+0000][69][info ][safepoint   ] Safepoint "Cleanup", Time since last: 42650128146 ns, Reaching safepoint: 28241 ns, Cleanup: 19046 ns, At safepoint: 18712 ns, Total: 65999 ns
[2025-05-27T07:41:12.128+0000][69][info ][safepoint   ] Safepoint "Cleanup", Time since last: 77437750156 ns, Reaching safepoint: 26635 ns, Cleanup: 16263 ns, At safepoint: 13847 ns, Total: 56745 ns
[2025-05-27T07:42:05.184+0000][69][info ][safepoint   ] Safepoint "Cleanup", Time since last: 53060304840 ns, Reaching safepoint: 30147 ns, Cleanup: 18587 ns, At safepoint: 20006 ns, Total: 68740 ns
[2025-05-27T07:43:04.648+0000][69][info ][safepoint   ] Safepoint "Cleanup", Time since last: 59469224211 ns, Reaching safepoint: 5643 ns, Cleanup: 8379 ns, At safepoint: 12888 ns, Total: 26910 ns
[2025-05-27T07:44:08.335+0000][69][info ][safepoint   ] Safepoint "Cleanup", Time since last: 63691514170 ns, Reaching safepoint: 13493 ns, Cleanup: 6674 ns, At safepoint: 24722 ns, Total: 44889 ns
[2025-05-27T07:44:09.341+0000][69][info ][safepoint   ] Safepoint "Cleanup", Time since last: 1006253493 ns, Reaching safepoint: 5792 ns, Cleanup: 8163 ns, At safepoint: 3130 ns, Total: 17085 ns
[2025-05-27T07:44:52.899+0000][69][info ][safepoint   ] Safepoint "Cleanup", Time since last: 43562722987 ns, Reaching safepoint: 33048 ns, Cleanup: 16572 ns, At safepoint: 17471 ns, Total: 67091 ns
[2025-05-27T07:47:14.978+0000][69][info ][safepoint   ] Safepoint "Cleanup", Time since last: 142088531006 ns, Reaching safepoint: 72015 ns, Cleanup: 17459 ns, At safepoint: 31981 ns, Total: 121455 ns
[2025-05-27T07:47:20.520+0000][69][info ][safepoint   ] Safepoint "Cleanup", Time since last: 5541913139 ns, Reaching safepoint: 26579 ns, Cleanup: 15824 ns, At safepoint: 16328 ns, Total: 58731 ns
[2025-05-27T07:47:46.014+0000][69][info ][safepoint   ] Safepoint "Cleanup", Time since last: 25496679029 ns, Reaching safepoint: 26682 ns, Cleanup: 15615 ns, At safepoint: 16329 ns, Total: 58626 ns
[2025-05-27T07:48:05.015+0000][69][info ][safepoint   ] Safepoint "Cleanup", Time since last: 19003965447 ns, Reaching safepoint: 17373 ns, Cleanup: 13442 ns, At safepoint: 8393 ns, Total: 39208 ns
[2025-05-27T07:48:16.018+0000][69][info ][safepoint   ] Safepoint "Cleanup", Time since last: 11002372803 ns, Reaching safepoint: 73615 ns, Cleanup: 18557 ns, At safepoint: 19407 ns, Total: 111579 ns
[2025-05-27T07:48:19.664+0000][69][info ][safepoint   ] Safepoint "Cleanup", Time since last: 3645240926 ns, Reaching safepoint: 246312 ns, Cleanup: 15213 ns, At safepoint: 204348 ns, Total: 465873 ns
[2025-05-27T07:48:38.603+0000][69][info ][safepoint   ] Safepoint "Cleanup", Time since last: 18941883133 ns, Reaching safepoint: 60136 ns, Cleanup: 16518 ns, At safepoint: 28232 ns, Total: 104886 ns
[2025-05-27T07:49:12.507+0000][69][info ][safepoint   ] Safepoint "Cleanup", Time since last: 33905624985 ns, Reaching safepoint: 63293 ns, Cleanup: 19178 ns, At safepoint: 16117 ns, Total: 98588 ns
[2025-05-27T07:49:23.639+0000][69][info ][safepoint   ] Safepoint "Cleanup", Time since last: 11135981158 ns, Reaching safepoint: 82888 ns, Cleanup: 8728 ns, At safepoint: 25298 ns, Total: 116914 ns
[2025-05-27T07:50:25.582+0000][69][info ][safepoint   ] Safepoint "Cleanup", Time since last: 61946491487 ns, Reaching safepoint: 483762 ns, Cleanup: 9084 ns, At safepoint: 126645 ns, Total: 619491 ns
[2025-05-27T07:50:26.590+0000][69][info ][safepoint   ] Safepoint "Cleanup", Time since last: 1007803394 ns, Reaching safepoint: 49688 ns, Cleanup: 16700 ns, At safepoint: 11312 ns, Total: 77700 ns
[2025-05-27T07:51:30.739+0000][69][info ][safepoint   ] Safepoint "Cleanup", Time since last: 64153484996 ns, Reaching safepoint: 28642 ns, Cleanup: 18527 ns, At safepoint: 16433 ns, Total: 63602 ns
[2025-05-27T07:53:12.203+0000][69][info ][safepoint   ] Safepoint "Cleanup", Time since last: 101472377909 ns, Reaching safepoint: 68932 ns, Cleanup: 13425 ns, At safepoint: 10517 ns, Total: 92874 ns
[2025-05-27T07:53:22.585+0000][69][info ][safepoint   ] Safepoint "Cleanup", Time since last: 10383578317 ns, Reaching safepoint: 16296 ns, Cleanup: 22840 ns, At safepoint: 92040 ns, Total: 131176 ns
[2025-05-27T07:53:23.820+0000][69][info ][safepoint   ] Safepoint "Cleanup", Time since last: 1235396569 ns, Reaching safepoint: 26083 ns, Cleanup: 16808 ns, At safepoint: 10838 ns, Total: 53729 ns
[2025-05-27T07:54:54.273+0000][69][info ][safepoint   ] Safepoint "Cleanup", Time since last: 90460730627 ns, Reaching safepoint: 24946 ns, Cleanup: 16103 ns, At safepoint: 11061 ns, Total: 52110 ns
[2025-05-27T07:55:12.279+0000][69][info ][safepoint   ] Safepoint "Cleanup", Time since last: 18005219504 ns, Reaching safepoint: 63741 ns, Cleanup: 15268 ns, At safepoint: 28565 ns, Total: 107574 ns
[2025-05-27T07:56:44.000+0000][69][info ][safepoint   ] Safepoint "Cleanup", Time since last: 91729594176 ns, Reaching safepoint: 16539 ns, Cleanup: 11784 ns, At safepoint: 65594 ns, Total: 93917 ns
[2025-05-27T07:57:12.020+0000][69][info ][safepoint   ] Safepoint "Cleanup", Time since last: 28021832450 ns, Reaching safepoint: 27604 ns, Cleanup: 16598 ns, At safepoint: 62171 ns, Total: 106373 ns
[2025-05-27T07:57:47.043+0000][69][info ][safepoint   ] Safepoint "Cleanup", Time since last: 35025659660 ns, Reaching safepoint: 24921 ns, Cleanup: 105294 ns, At safepoint: 72560 ns, Total: 202775 ns
[2025-05-27T07:57:55.067+0000][69][info ][safepoint   ] Safepoint "Cleanup", Time since last: 8026047160 ns, Reaching safepoint: 79648 ns, Cleanup: 18543 ns, At safepoint: 39317 ns, Total: 137508 ns
[2025-05-27T07:58:49.581+0000][69][info ][safepoint   ] Safepoint "Cleanup", Time since last: 54516403445 ns, Reaching safepoint: 7336 ns, Cleanup: 7621 ns, At safepoint: 12860 ns, Total: 27817 ns
[2025-05-27T08:00:15.222+0000][69][info ][safepoint   ] Safepoint "Cleanup", Time since last: 85648677052 ns, Reaching safepoint: 69626 ns, Cleanup: 16055 ns, At safepoint: 17364 ns, Total: 103045 ns
[2025-05-27T08:01:16.594+0000][69][info ][safepoint   ] Safepoint "Cleanup", Time since last: 61373316649 ns, Reaching safepoint: 3185252 ns, Cleanup: 12258 ns, At safepoint: 70313 ns, Total: 3267823 ns
[2025-05-27T08:01:18.299+0000][69][info ][safepoint   ] Safepoint "Cleanup", Time since last: 1705418903 ns, Reaching safepoint: 21920 ns, Cleanup: 17433 ns, At safepoint: 11569 ns, Total: 50922 ns
[2025-05-27T08:02:12.331+0000][69][info ][safepoint   ] Safepoint "Cleanup", Time since last: 54036969767 ns, Reaching safepoint: 27226 ns, Cleanup: 18516 ns, At safepoint: 15736 ns, Total: 61478 ns
[2025-05-27T08:03:28.625+0000][69][info ][safepoint   ] Safepoint "Cleanup", Time since last: 76300123324 ns, Reaching safepoint: 25820 ns, Cleanup: 17567 ns, At safepoint: 72195 ns, Total: 115582 ns
[2025-05-27T08:07:14.581+0000][69][info ][safepoint   ] Safepoint "Cleanup", Time since last: 225973881245 ns, Reaching safepoint: 30413 ns, Cleanup: 19734 ns, At safepoint: 17291 ns, Total: 67438 ns
[2025-05-27T08:09:19.567+0000][69][info ][safepoint   ] Safepoint "Cleanup", Time since last: 124995860029 ns, Reaching safepoint: 19240 ns, Cleanup: 15280 ns, At safepoint: 69389 ns, Total: 103909 ns
[2025-05-27T08:10:11.838+0000][69][info ][safepoint   ] Safepoint "Cleanup", Time since last: 52275456917 ns, Reaching safepoint: 63763 ns, Cleanup: 16707 ns, At safepoint: 29340 ns, Total: 109810 ns
[2025-05-27T08:10:22.573+0000][69][info ][safepoint   ] Safepoint "Cleanup", Time since last: 10737671817 ns, Reaching safepoint: 172960 ns, Cleanup: 9714 ns, At safepoint: 173901 ns, Total: 356575 ns
[2025-05-27T08:11:11.876+0000][69][info ][safepoint   ] Safepoint "Cleanup", Time since last: 49304745479 ns, Reaching safepoint: 68557 ns, Cleanup: 15775 ns, At safepoint: 33438 ns, Total: 117770 ns
[2025-05-27T08:11:25.834+0000][69][info ][safepoint   ] Safepoint "Cleanup", Time since last: 13960685354 ns, Reaching safepoint: 6747 ns, Cleanup: 10122 ns, At safepoint: 13963 ns, Total: 30832 ns
[2025-05-27T08:13:31.917+0000][69][info ][safepoint   ] Safepoint "Cleanup", Time since last: 126092892183 ns, Reaching safepoint: 27714 ns, Cleanup: 12866 ns, At safepoint: 66348 ns, Total: 106928 ns
[2025-05-27T08:13:34.556+0000][69][info ][safepoint   ] Safepoint "Cleanup", Time since last: 2638810261 ns, Reaching safepoint: 14861 ns, Cleanup: 19078 ns, At safepoint: 76863 ns, Total: 110802 ns
[2025-05-27T08:13:35.948+0000][69][info ][safepoint   ] Safepoint "Cleanup", Time since last: 1391590740 ns, Reaching safepoint: 24782 ns, Cleanup: 19592 ns, At safepoint: 11983 ns, Total: 56357 ns
[2025-05-27T08:15:37.548+0000][69][info ][safepoint   ] Safepoint "Cleanup", Time since last: 121610169442 ns, Reaching safepoint: 205893 ns, Cleanup: 10514 ns, At safepoint: 41460 ns, Total: 257867 ns
[2025-05-27T08:16:19.603+0000][69][info ][safepoint   ] Safepoint "Cleanup", Time since last: 42056872931 ns, Reaching safepoint: 22199 ns, Cleanup: 13748 ns, At safepoint: 78493 ns, Total: 114440 ns
[2025-05-27T08:17:40.095+0000][69][info ][safepoint   ] Safepoint "Cleanup", Time since last: 80498539191 ns, Reaching safepoint: 158163 ns, Cleanup: 16851 ns, At safepoint: 19527 ns, Total: 194541 ns
[2025-05-27T08:18:12.204+0000][69][info ][safepoint   ] Safepoint "Cleanup", Time since last: 32111883017 ns, Reaching safepoint: 49303 ns, Cleanup: 13179 ns, At safepoint: 8973 ns, Total: 71455 ns
[2025-05-27T08:19:49.587+0000][69][info ][safepoint   ] Safepoint "Cleanup", Time since last: 97389723706 ns, Reaching safepoint: 222431 ns, Cleanup: 16710 ns, At safepoint: 194903 ns, Total: 434044 ns
[2025-05-27T08:22:25.467+0000][69][info ][safepoint   ] Safepoint "Cleanup", Time since last: 155894591256 ns, Reaching safepoint: 85563 ns, Cleanup: 21284 ns, At safepoint: 18348 ns, Total: 125195 ns
[2025-05-27T08:22:58.587+0000][69][info ][safepoint   ] Safepoint "Cleanup", Time since last: 33122580002 ns, Reaching safepoint: 84406 ns, Cleanup: 10052 ns, At safepoint: 14178 ns, Total: 108636 ns
[2025-05-27T08:24:12.605+0000][69][info ][safepoint   ] Safepoint "Cleanup", Time since last: 74021601687 ns, Reaching safepoint: 121136 ns, Cleanup: 18913 ns, At safepoint: 20236 ns, Total: 160285 ns
[2025-05-27T08:25:40.241+0000][69][info ][safepoint   ] Safepoint "Cleanup", Time since last: 87643571205 ns, Reaching safepoint: 65794 ns, Cleanup: 17021 ns, At safepoint: 10762 ns, Total: 93577 ns
[2025-05-27T08:26:12.455+0000][69][info ][safepoint   ] Safepoint "Cleanup", Time since last: 32216058954 ns, Reaching safepoint: 18125 ns, Cleanup: 13206 ns, At safepoint: 8849 ns, Total: 40180 ns
[2025-05-27T08:27:08.761+0000][69][info ][safepoint   ] Safepoint "Cleanup", Time since last: 56310831215 ns, Reaching safepoint: 71890 ns, Cleanup: 16943 ns, At safepoint: 31511 ns, Total: 120344 ns
[2025-05-27T08:27:10.557+0000][69][info ][safepoint   ] Safepoint "Cleanup", Time since last: 1794280104 ns, Reaching safepoint: 1172035 ns, Cleanup: 21052 ns, At safepoint: 200366 ns, Total: 1393453 ns
[2025-05-27T08:28:11.791+0000][69][info ][safepoint   ] Safepoint "Cleanup", Time since last: 61246174226 ns, Reaching safepoint: 54122 ns, Cleanup: 18043 ns, At safepoint: 12763 ns, Total: 84928 ns
[2025-05-27T08:29:01.485+0000][69][info ][gc,start    ] GC(26) Pause Young (Normal) (G1 Evacuation Pause)
[2025-05-27T08:29:01.492+0000][69][info ][gc,task     ] GC(26) Using 10 workers of 10 for evacuation
[2025-05-27T08:29:01.493+0000][69][debug][gc,age      ] GC(26) Desired survivor size 153092096 bytes, new threshold 15 (max threshold 15)
[2025-05-27T08:29:01.924+0000][69][info ][gc,mmu      ] GC(26) MMU target violated: 201.0ms (200.0ms/201.0ms)
[2025-05-27T08:29:01.925+0000][69][info ][gc,phases   ] GC(26)   Pre Evacuate Collection Set: 39.50ms
[2025-05-27T08:29:01.925+0000][69][info ][gc,phases   ] GC(26)   Merge Heap Roots: 8.22ms
[2025-05-27T08:29:01.925+0000][69][info ][gc,phases   ] GC(26)   Evacuate Collection Set: 333.70ms
[2025-05-27T08:29:01.926+0000][69][info ][gc,phases   ] GC(26)   Post Evacuate Collection Set: 45.11ms
[2025-05-27T08:29:01.927+0000][69][info ][gc,phases   ] GC(26)   Other: 9.34ms
[2025-05-27T08:29:01.928+0000][69][trace][gc,age      ] GC(26) Age table with threshold 15 (max threshold 15)
[2025-05-27T08:29:01.928+0000][69][trace][gc,age      ] GC(26) - age   1:    1127688 bytes,    1127688 total
[2025-05-27T08:29:01.929+0000][69][trace][gc,age      ] GC(26) - age   2:     541160 bytes,    1668848 total
[2025-05-27T08:29:01.929+0000][69][trace][gc,age      ] GC(26) - age   3:       4264 bytes,    1673112 total
[2025-05-27T08:29:01.929+0000][69][trace][gc,age      ] GC(26) - age   4:     212360 bytes,    1885472 total
[2025-05-27T08:29:01.930+0000][69][trace][gc,age      ] GC(26) - age   5:    2728128 bytes,    4613600 total
[2025-05-27T08:29:01.930+0000][69][trace][gc,age      ] GC(26) - age   6:    1111840 bytes,    5725440 total
[2025-05-27T08:29:01.930+0000][69][trace][gc,age      ] GC(26) - age   7:     258816 bytes,    5984256 total
[2025-05-27T08:29:01.931+0000][69][trace][gc,age      ] GC(26) - age   8:      38872 bytes,    6023128 total
[2025-05-27T08:29:01.931+0000][69][trace][gc,age      ] GC(26) - age   9:     182248 bytes,    6205376 total
[2025-05-27T08:29:01.931+0000][69][trace][gc,age      ] GC(26) - age  10:     138416 bytes,    6343792 total
[2025-05-27T08:29:01.932+0000][69][trace][gc,age      ] GC(26) - age  11:     339136 bytes,    6682928 total
[2025-05-27T08:29:01.932+0000][69][info ][gc,heap     ] GC(26) Eden regions: 579->0(46)
[2025-05-27T08:29:01.933+0000][69][info ][gc,heap     ] GC(26) Survivor regions: 3->2(73)
[2025-05-27T08:29:01.933+0000][69][info ][gc,heap     ] GC(26) Old regions: 26->26
[2025-05-27T08:29:01.934+0000][69][info ][gc,heap     ] GC(26) Humongous regions: 0->0
[2025-05-27T08:29:01.935+0000][69][info ][gc,metaspace] GC(26) Metaspace: 149091K(153152K)->149091K(153152K) NonClass: 128854K(131072K)->128854K(131072K) Class: 20237K(22080K)->20237K(22080K)
[2025-05-27T08:29:01.937+0000][69][info ][gc          ] GC(26) Pause Young (Normal) (G1 Evacuation Pause) 2425M->107M(3880M) 453.613ms
[2025-05-27T08:29:01.938+0000][69][info ][gc,cpu      ] GC(26) User=2.54s Sys=0.04s Real=0.45s
[2025-05-27T08:29:01.938+0000][69][info ][safepoint   ] Safepoint "G1CollectForAllocation", Time since last: 49694581818 ns, Reaching safepoint: 28124 ns, Cleanup: 6300 ns, At safepoint: 460000920 ns, Total: 460035344 ns
[2025-05-27T08:30:28.521+0000][69][info ][safepoint   ] Safepoint "Cleanup", Time since last: 86589177615 ns, Reaching safepoint: 26081 ns, Cleanup: 16367 ns, At safepoint: 67002 ns, Total: 109450 ns
[2025-05-27T08:30:29.952+0000][69][info ][safepoint   ] Safepoint "Cleanup", Time since last: 1430885932 ns, Reaching safepoint: 21079 ns, Cleanup: 29457 ns, At safepoint: 70192 ns, Total: 120728 ns
[2025-05-27T08:30:35.134+0000][69][info ][safepoint   ] Safepoint "Cleanup", Time since last: 5181762166 ns, Reaching safepoint: 27760 ns, Cleanup: 16032 ns, At safepoint: 67765 ns, Total: 111557 ns
[2025-05-27T08:31:23.223+0000][69][info ][safepoint   ] Safepoint "Cleanup", Time since last: 48093586390 ns, Reaching safepoint: 16441 ns, Cleanup: 12974 ns, At safepoint: 20200 ns, Total: 49615 ns
[2025-05-27T08:32:25.493+0000][69][info ][safepoint   ] Safepoint "Cleanup", Time since last: 62273376963 ns, Reaching safepoint: 859396 ns, Cleanup: 16610 ns, At safepoint: 133059 ns, Total: 1009065 ns
[2025-05-27T08:33:51.943+0000][69][info ][safepoint   ] Safepoint "Cleanup", Time since last: 86453465538 ns, Reaching safepoint: 29431 ns, Cleanup: 16819 ns, At safepoint: 19595 ns, Total: 65845 ns
[2025-05-27T08:34:25.944+0000][69][info ][safepoint   ] Safepoint "Cleanup", Time since last: 34006153609 ns, Reaching safepoint: 78628 ns, Cleanup: 23250 ns, At safepoint: 21208 ns, Total: 123086 ns
[2025-05-27T08:34:35.430+0000][69][info ][safepoint   ] Safepoint "Cleanup", Time since last: 9485915339 ns, Reaching safepoint: 17810 ns, Cleanup: 16377 ns, At safepoint: 8290 ns, Total: 42477 ns
[2025-05-27T08:36:30.250+0000][69][info ][safepoint   ] Safepoint "Cleanup", Time since last: 114828700304 ns, Reaching safepoint: 157165 ns, Cleanup: 21346 ns, At safepoint: 66415 ns, Total: 244926 ns
[2025-05-27T08:37:40.864+0000][69][info ][safepoint   ] Safepoint "Cleanup", Time since last: 70618763144 ns, Reaching safepoint: 20201 ns, Cleanup: 11414 ns, At safepoint: 22661 ns, Total: 54276 ns
[2025-05-27T08:39:47.062+0000][69][info ][safepoint   ] Safepoint "Cleanup", Time since last: 126204746255 ns, Reaching safepoint: 849935 ns, Cleanup: 22232 ns, At safepoint: 107071 ns, Total: 979238 ns
[2025-05-27T08:39:48.074+0000][69][info ][safepoint   ] Safepoint "Cleanup", Time since last: 1012228380 ns, Reaching safepoint: 7246 ns, Cleanup: 10667 ns, At safepoint: 3980 ns, Total: 21893 ns
[2025-05-27T08:40:49.524+0000][69][info ][safepoint   ] Safepoint "Cleanup", Time since last: 61454203710 ns, Reaching safepoint: 267223 ns, Cleanup: 12728 ns, At safepoint: 55042 ns, Total: 334993 ns
[2025-05-27T08:42:56.180+0000][69][info ][safepoint   ] Safepoint "Cleanup", Time since last: 126666953583 ns, Reaching safepoint: 21173 ns, Cleanup: 75361 ns, At safepoint: 24033 ns, Total: 120567 ns
[2025-05-27T08:47:46.508+0000][69][info ][safepoint   ] Safepoint "Cleanup", Time since last: 290347930126 ns, Reaching safepoint: 65894 ns, Cleanup: 36055 ns, At safepoint: 12061 ns, Total: 114010 ns
[2025-05-27T08:48:38.521+0000][69][info ][safepoint   ] Safepoint "Cleanup", Time since last: 52017794061 ns, Reaching safepoint: 60065 ns, Cleanup: 16540 ns, At safepoint: 13339 ns, Total: 89944 ns
[2025-05-27T08:48:57.563+0000][69][info ][safepoint   ] Safepoint "Cleanup", Time since last: 19043810497 ns, Reaching safepoint: 24932 ns, Cleanup: 17361 ns, At safepoint: 12885 ns, Total: 55178 ns
[2025-05-27T08:48:58.596+0000][69][info ][safepoint   ] Safepoint "Cleanup", Time since last: 1032886664 ns, Reaching safepoint: 17585 ns, Cleanup: 15462 ns, At safepoint: 21956 ns, Total: 55003 ns
[2025-05-27T08:48:59.597+0000][69][info ][safepoint   ] Safepoint "Cleanup", Time since last: 1000750687 ns, Reaching safepoint: 26506 ns, Cleanup: 18353 ns, At safepoint: 13091 ns, Total: 57950 ns
[2025-05-27T08:49:13.515+0000][69][info ][safepoint   ] Safepoint "Cleanup", Time since last: 13918537811 ns, Reaching safepoint: 8428 ns, Cleanup: 10114 ns, At safepoint: 4007 ns, Total: 22549 ns
[2025-05-27T08:49:14.537+0000][69][info ][safepoint   ] Safepoint "Cleanup", Time since last: 1021867981 ns, Reaching safepoint: 18351 ns, Cleanup: 13547 ns, At safepoint: 10501 ns, Total: 42399 ns
[2025-05-27T08:52:14.623+0000][69][info ][safepoint   ] Safepoint "Cleanup", Time since last: 180099222977 ns, Reaching safepoint: 93530 ns, Cleanup: 16266 ns, At safepoint: 11807 ns, Total: 121603 ns
[2025-05-27T08:53:55.674+0000][69][info ][safepoint   ] Safepoint "Cleanup", Time since last: 101060597009 ns, Reaching safepoint: 42792 ns, Cleanup: 15216 ns, At safepoint: 10384 ns, Total: 68392 ns
[2025-05-27T08:54:11.896+0000][69][info ][safepoint   ] Safepoint "Cleanup", Time since last: 16222489950 ns, Reaching safepoint: 56546 ns, Cleanup: 15373 ns, At safepoint: 12436 ns, Total: 84355 ns
[2025-05-27T08:56:19.927+0000][69][info ][safepoint   ] Safepoint "Cleanup", Time since last: 128039133866 ns, Reaching safepoint: 83753 ns, Cleanup: 20627 ns, At safepoint: 17320 ns, Total: 121700 ns
[2025-05-27T08:56:39.935+0000][69][info ][safepoint   ] Safepoint "Cleanup", Time since last: 20010725911 ns, Reaching safepoint: 6237 ns, Cleanup: 39032 ns, At safepoint: 16921 ns, Total: 62190 ns
[2025-05-27T08:59:01.039+0000][69][info ][safepoint   ] Safepoint "Cleanup", Time since last: 141115662619 ns, Reaching safepoint: 59340 ns, Cleanup: 12186 ns, At safepoint: 27884 ns, Total: 99410 ns
[2025-05-27T08:59:12.080+0000][69][info ][safepoint   ] Safepoint "Cleanup", Time since last: 11040363008 ns, Reaching safepoint: 76890 ns, Cleanup: 16639 ns, At safepoint: 12979 ns, Total: 106508 ns
[2025-05-27T09:01:56.271+0000][69][info ][safepoint   ] Safepoint "Cleanup", Time since last: 164207309925 ns, Reaching safepoint: 36672 ns, Cleanup: 44513 ns, At safepoint: 15987 ns, Total: 97172 ns
[2025-05-27T09:04:03.426+0000][69][info ][safepoint   ] Safepoint "Cleanup", Time since last: 127170317891 ns, Reaching safepoint: 24543 ns, Cleanup: 19965 ns, At safepoint: 13210 ns, Total: 57718 ns
[2025-05-27T09:04:04.448+0000][69][info ][safepoint   ] Safepoint "Cleanup", Time since last: 1021971987 ns, Reaching safepoint: 21908 ns, Cleanup: 21767 ns, At safepoint: 14424 ns, Total: 58099 ns
[2025-05-27T09:05:14.786+0000][69][info ][safepoint   ] Safepoint "Cleanup", Time since last: 70348451028 ns, Reaching safepoint: 24106 ns, Cleanup: 13847 ns, At safepoint: 7738 ns, Total: 45691 ns
[2025-05-27T09:05:49.562+0000][69][info ][safepoint   ] Safepoint "Cleanup", Time since last: 34778630489 ns, Reaching safepoint: 18000 ns, Cleanup: 14536 ns, At safepoint: 8573 ns, Total: 41109 ns
[2025-05-27T09:07:29.913+0000][69][info ][safepoint   ] Safepoint "Cleanup", Time since last: 100367916747 ns, Reaching safepoint: 76106 ns, Cleanup: 294294 ns, At safepoint: 76220 ns, Total: 446620 ns
[2025-05-27T09:07:59.667+0000][69][info ][safepoint   ] Safepoint "Cleanup", Time since last: 29757811522 ns, Reaching safepoint: 80605 ns, Cleanup: 22547 ns, At safepoint: 19787 ns, Total: 122939 ns
[2025-05-27T09:09:18.093+0000][69][info ][safepoint   ] Safepoint "Cleanup", Time since last: 78434398725 ns, Reaching safepoint: 11146 ns, Cleanup: 20848 ns, At safepoint: 20008 ns, Total: 52002 ns
[2025-05-27T09:10:21.035+0000][69][info ][safepoint   ] Safepoint "Cleanup", Time since last: 62949626316 ns, Reaching safepoint: 285108 ns, Cleanup: 11316 ns, At safepoint: 44034 ns, Total: 340458 ns
[2025-05-27T09:10:22.206+0000][69][info ][safepoint   ] Safepoint "Cleanup", Time since last: 1171130568 ns, Reaching safepoint: 15868 ns, Cleanup: 14981 ns, At safepoint: 7690 ns, Total: 38539 ns
[2025-05-27T09:11:23.979+0000][69][info ][safepoint   ] Safepoint "Cleanup", Time since last: 61781455231 ns, Reaching safepoint: 3467957 ns, Cleanup: 21693 ns, At safepoint: 194428 ns, Total: 3684078 ns
[2025-05-27T09:12:23.137+0000][69][info ][gc,start    ] GC(27) Pause Young (Normal) (G1 Evacuation Pause)
[2025-05-27T09:12:23.140+0000][69][info ][gc,task     ] GC(27) Using 10 workers of 10 for evacuation
[2025-05-27T09:12:23.141+0000][69][debug][gc,age      ] GC(27) Desired survivor size 134217728 bytes, new threshold 15 (max threshold 15)
[2025-05-27T09:12:23.249+0000][69][info ][gc,phases   ] GC(27)   Pre Evacuate Collection Set: 9.24ms
[2025-05-27T09:12:23.249+0000][69][info ][gc,phases   ] GC(27)   Merge Heap Roots: 1.73ms
[2025-05-27T09:12:23.249+0000][69][info ][gc,phases   ] GC(27)   Evacuate Collection Set: 84.43ms
[2025-05-27T09:12:23.250+0000][69][info ][gc,phases   ] GC(27)   Post Evacuate Collection Set: 10.32ms
[2025-05-27T09:12:23.250+0000][69][info ][gc,phases   ] GC(27)   Other: 3.87ms
[2025-05-27T09:12:23.251+0000][69][trace][gc,age      ] GC(27) Age table with threshold 15 (max threshold 15)
[2025-05-27T09:12:23.251+0000][69][trace][gc,age      ] GC(27) - age   1:    1304168 bytes,    1304168 total
[2025-05-27T09:12:23.252+0000][69][trace][gc,age      ] GC(27) - age   2:     122344 bytes,    1426512 total
[2025-05-27T09:12:23.252+0000][69][trace][gc,age      ] GC(27) - age   3:     148984 bytes,    1575496 total
[2025-05-27T09:12:23.253+0000][69][trace][gc,age      ] GC(27) - age   4:       4264 bytes,    1579760 total
[2025-05-27T09:12:23.253+0000][69][trace][gc,age      ] GC(27) - age   5:     210952 bytes,    1790712 total
[2025-05-27T09:12:23.254+0000][69][trace][gc,age      ] GC(27) - age   6:    2697496 bytes,    4488208 total
[2025-05-27T09:12:23.254+0000][69][trace][gc,age      ] GC(27) - age   7:    1111168 bytes,    5599376 total
[2025-05-27T09:12:23.255+0000][69][trace][gc,age      ] GC(27) - age   8:     258448 bytes,    5857824 total
[2025-05-27T09:12:23.255+0000][69][trace][gc,age      ] GC(27) - age   9:      38872 bytes,    5896696 total
[2025-05-27T09:12:23.256+0000][69][trace][gc,age      ] GC(27) - age  10:     182192 bytes,    6078888 total
[2025-05-27T09:12:23.256+0000][69][trace][gc,age      ] GC(27) - age  11:     138280 bytes,    6217168 total
[2025-05-27T09:12:23.257+0000][69][trace][gc,age      ] GC(27) - age  12:     339136 bytes,    6556304 total
[2025-05-27T09:12:23.257+0000][69][info ][gc,heap     ] GC(27) Eden regions: 503->0(46)
[2025-05-27T09:12:23.258+0000][69][info ][gc,heap     ] GC(27) Survivor regions: 2->2(64)
[2025-05-27T09:12:23.258+0000][69][info ][gc,heap     ] GC(27) Old regions: 26->26
[2025-05-27T09:12:23.259+0000][69][info ][gc,heap     ] GC(27) Humongous regions: 0->0
[2025-05-27T09:12:23.259+0000][69][info ][gc,metaspace] GC(27) Metaspace: 149158K(153216K)->149158K(153216K) NonClass: 128917K(131136K)->128917K(131136K) Class: 20240K(22080K)->20240K(22080K)
[2025-05-27T09:12:23.260+0000][69][info ][gc          ] GC(27) Pause Young (Normal) (G1 Evacuation Pause) 2119M->108M(3880M) 122.899ms
[2025-05-27T09:12:23.260+0000][69][info ][gc,cpu      ] GC(27) User=0.67s Sys=0.03s Real=0.12s
[2025-05-27T09:12:23.261+0000][69][info ][safepoint   ] Safepoint "G1CollectForAllocation", Time since last: 59163313579 ns, Reaching safepoint: 64643 ns, Cleanup: 6550 ns, At safepoint: 126418771 ns, Total: 126489964 ns
[2025-05-27T09:14:32.956+0000][69][info ][safepoint   ] Safepoint "Cleanup", Time since last: 129710940403 ns, Reaching safepoint: 11864 ns, Cleanup: 8044 ns, At safepoint: 13993 ns, Total: 33901 ns
[2025-05-27T09:14:53.950+0000][69][info ][safepoint   ] Safepoint "Cleanup", Time since last: 20996487665 ns, Reaching safepoint: 26202 ns, Cleanup: 16867 ns, At safepoint: 15935 ns, Total: 59004 ns
[2025-05-27T09:18:30.068+0000][69][info ][safepoint   ] Safepoint "Cleanup", Time since last: 216144853867 ns, Reaching safepoint: 58302 ns, Cleanup: 15701 ns, At safepoint: 28461 ns, Total: 102464 ns
[2025-05-27T09:19:19.762+0000][69][info ][safepoint   ] Safepoint "Cleanup", Time since last: 49697385776 ns, Reaching safepoint: 63230 ns, Cleanup: 18152 ns, At safepoint: 16506 ns, Total: 97888 ns
[2025-05-27T09:20:50.926+0000][69][info ][safepoint   ] Safepoint "Cleanup", Time since last: 91175059681 ns, Reaching safepoint: 99923 ns, Cleanup: 11967 ns, At safepoint: 41624 ns, Total: 153514 ns
[2025-05-27T09:20:52.838+0000][69][info ][safepoint   ] Safepoint "Cleanup", Time since last: 1915256925 ns, Reaching safepoint: 27099 ns, Cleanup: 21941 ns, At safepoint: 16226 ns, Total: 65266 ns
[2025-05-27T09:21:50.216+0000][69][info ][safepoint   ] Safepoint "Cleanup", Time since last: 57382625644 ns, Reaching safepoint: 62807 ns, Cleanup: 16829 ns, At safepoint: 29364 ns, Total: 109000 ns
[2025-05-27T09:21:59.880+0000][69][info ][safepoint   ] Safepoint "Cleanup", Time since last: 9666334234 ns, Reaching safepoint: 25073 ns, Cleanup: 16064 ns, At safepoint: 15539 ns, Total: 56676 ns
[2025-05-27T09:22:57.900+0000][69][info ][safepoint   ] Safepoint "Cleanup", Time since last: 58025840038 ns, Reaching safepoint: 26089 ns, Cleanup: 12581 ns, At safepoint: 69529 ns, Total: 108199 ns
[2025-05-27T09:23:18.920+0000][69][info ][safepoint   ] Safepoint "Cleanup", Time since last: 21020578362 ns, Reaching safepoint: 63282 ns, Cleanup: 15898 ns, At safepoint: 16420 ns, Total: 95600 ns
[2025-05-27T09:23:59.939+0000][69][info ][safepoint   ] Safepoint "Cleanup", Time since last: 41025670560 ns, Reaching safepoint: 23759 ns, Cleanup: 13025 ns, At safepoint: 67276 ns, Total: 104060 ns
[2025-05-27T09:24:25.715+0000][69][info ][safepoint   ] Safepoint "Cleanup", Time since last: 25777837148 ns, Reaching safepoint: 211380 ns, Cleanup: 16446 ns, At safepoint: 205469 ns, Total: 433295 ns
[2025-05-27T09:27:09.158+0000][69][info ][safepoint   ] Safepoint "Cleanup", Time since last: 163458190847 ns, Reaching safepoint: 20677 ns, Cleanup: 29741 ns, At safepoint: 103076 ns, Total: 153494 ns
[2025-05-27T09:28:12.195+0000][69][info ][safepoint   ] Safepoint "Cleanup", Time since last: 63043666492 ns, Reaching safepoint: 7693 ns, Cleanup: 8616 ns, At safepoint: 13260 ns, Total: 29569 ns
[2025-05-27T09:28:20.210+0000][69][info ][safepoint   ] Safepoint "Cleanup", Time since last: 8014859681 ns, Reaching safepoint: 76666 ns, Cleanup: 19573 ns, At safepoint: 21022 ns, Total: 117261 ns
[2025-05-27T09:29:48.526+0000][69][info ][safepoint   ] Safepoint "Cleanup", Time since last: 88325095204 ns, Reaching safepoint: 30277 ns, Cleanup: 18931 ns, At safepoint: 18856 ns, Total: 68064 ns
[2025-05-27T09:30:17.913+0000][69][info ][safepoint   ] Safepoint "Cleanup", Time since last: 29389987903 ns, Reaching safepoint: 23300 ns, Cleanup: 17357 ns, At safepoint: 70728 ns, Total: 111385 ns
[2025-05-27T09:30:29.907+0000][69][info ][safepoint   ] Safepoint "Cleanup", Time since last: 11996461515 ns, Reaching safepoint: 6607 ns, Cleanup: 8193 ns, At safepoint: 3148 ns, Total: 17948 ns
[2025-05-27T09:30:31.367+0000][69][info ][safepoint   ] Safepoint "Cleanup", Time since last: 1459613881 ns, Reaching safepoint: 63811 ns, Cleanup: 16655 ns, At safepoint: 28735 ns, Total: 109201 ns
[2025-05-27T09:30:34.992+0000][69][info ][safepoint   ] Safepoint "Cleanup", Time since last: 3625150232 ns, Reaching safepoint: 15465 ns, Cleanup: 12512 ns, At safepoint: 8765 ns, Total: 36742 ns
[2025-05-27T09:30:36.425+0000][69][info ][safepoint   ] Safepoint "Cleanup", Time since last: 1432670233 ns, Reaching safepoint: 13112 ns, Cleanup: 21974 ns, At safepoint: 75462 ns, Total: 110548 ns
[2025-05-27T09:31:09.056+0000][69][info ][safepoint   ] Safepoint "Cleanup", Time since last: 32634700739 ns, Reaching safepoint: 75981 ns, Cleanup: 17381 ns, At safepoint: 32417 ns, Total: 125779 ns
[2025-05-27T09:31:10.083+0000][69][info ][safepoint   ] Safepoint "Cleanup", Time since last: 1026237841 ns, Reaching safepoint: 27671 ns, Cleanup: 15380 ns, At safepoint: 16115 ns, Total: 59166 ns
[2025-05-27T09:31:21.493+0000][69][info ][safepoint   ] Safepoint "Cleanup", Time since last: 11410059135 ns, Reaching safepoint: 23379 ns, Cleanup: 16538 ns, At safepoint: 84922 ns, Total: 124839 ns
[2025-05-27T09:34:20.930+0000][69][info ][safepoint   ] Safepoint "Cleanup", Time since last: 179453178667 ns, Reaching safepoint: 17063 ns, Cleanup: 19474 ns, At safepoint: 85571 ns, Total: 122108 ns
[2025-05-27T09:34:30.732+0000][69][info ][safepoint   ] Safepoint "Cleanup", Time since last: 9804625653 ns, Reaching safepoint: 18237 ns, Cleanup: 12751 ns, At safepoint: 76785 ns, Total: 107773 ns
[2025-05-27T09:34:48.420+0000][69][info ][safepoint   ] Safepoint "Cleanup", Time since last: 17688744011 ns, Reaching safepoint: 21855 ns, Cleanup: 13855 ns, At safepoint: 66290 ns, Total: 102000 ns
[2025-05-27T09:35:32.871+0000][69][info ][safepoint   ] Safepoint "Cleanup", Time since last: 44456220386 ns, Reaching safepoint: 13315 ns, Cleanup: 12386 ns, At safepoint: 19771 ns, Total: 45472 ns
[2025-05-27T09:36:36.814+0000][69][info ][safepoint   ] Safepoint "Cleanup", Time since last: 63948603073 ns, Reaching safepoint: 19770 ns, Cleanup: 12291 ns, At safepoint: 19831 ns, Total: 51892 ns
[2025-05-27T09:39:47.044+0000][69][info ][safepoint   ] Safepoint "Cleanup", Time since last: 190247260686 ns, Reaching safepoint: 25924 ns, Cleanup: 15496 ns, At safepoint: 16557 ns, Total: 57977 ns
[2025-05-27T09:39:54.366+0000][69][info ][safepoint   ] Safepoint "Cleanup", Time since last: 7324061185 ns, Reaching safepoint: 146885 ns, Cleanup: 12002 ns, At safepoint: 62499 ns, Total: 221386 ns
[2025-05-27T09:40:47.925+0000][69][info ][safepoint   ] Safepoint "Cleanup", Time since last: 53561567762 ns, Reaching safepoint: 23447 ns, Cleanup: 22250 ns, At safepoint: 73945 ns, Total: 119642 ns
[2025-05-27T09:43:56.871+0000][69][info ][safepoint   ] Safepoint "Cleanup", Time since last: 188965797855 ns, Reaching safepoint: 18020 ns, Cleanup: 101610 ns, At safepoint: 68195 ns, Total: 187825 ns
[2025-05-27T09:44:49.594+0000][69][info ][safepoint   ] Safepoint "Cleanup", Time since last: 52725412411 ns, Reaching safepoint: 16250 ns, Cleanup: 10683 ns, At safepoint: 8727 ns, Total: 35660 ns
[2025-05-27T09:50:15.053+0000][69][info ][safepoint   ] Safepoint "Cleanup", Time since last: 325489345007 ns, Reaching safepoint: 19454 ns, Cleanup: 17119 ns, At safepoint: 73158 ns, Total: 109731 ns
[2025-05-27T09:54:50.072+0000][69][info ][safepoint   ] Safepoint "Cleanup", Time since last: 275043239021 ns, Reaching safepoint: 22500 ns, Cleanup: 12763 ns, At safepoint: 9807 ns, Total: 45070 ns
[2025-05-27T09:54:59.071+0000][69][info ][safepoint   ] Safepoint "Cleanup", Time since last: 9001911512 ns, Reaching safepoint: 27899 ns, Cleanup: 15767 ns, At safepoint: 15382 ns, Total: 59048 ns
[2025-05-27T09:55:12.075+0000][69][info ][safepoint   ] Safepoint "Cleanup", Time since last: 13003075829 ns, Reaching safepoint: 135655 ns, Cleanup: 18153 ns, At safepoint: 31724 ns, Total: 185532 ns
[2025-05-27T09:55:53.561+0000][69][info ][safepoint   ] Safepoint "Cleanup", Time since last: 41491678843 ns, Reaching safepoint: 45867 ns, Cleanup: 13366 ns, At safepoint: 10553 ns, Total: 69786 ns
[2025-05-27T09:56:34.029+0000][69][info ][safepoint   ] Safepoint "Cleanup", Time since last: 40470675859 ns, Reaching safepoint: 25533 ns, Cleanup: 16098 ns, At safepoint: 17069 ns, Total: 58700 ns
[2025-05-27T09:57:29.604+0000][69][info ][safepoint   ] Safepoint "Cleanup", Time since last: 55580744113 ns, Reaching safepoint: 61780 ns, Cleanup: 15341 ns, At safepoint: 16986 ns, Total: 94107 ns
[2025-05-27T09:58:11.645+0000][69][info ][safepoint   ] Safepoint "Cleanup", Time since last: 42043609942 ns, Reaching safepoint: 67514 ns, Cleanup: 15428 ns, At safepoint: 16935 ns, Total: 99877 ns
[2025-05-27T10:00:09.263+0000][69][info ][gc,start    ] GC(28) Pause Young (Normal) (G1 Evacuation Pause)
[2025-05-27T10:00:09.264+0000][69][info ][gc,task     ] GC(28) Using 10 workers of 10 for evacuation
[2025-05-27T10:00:09.265+0000][69][debug][gc,age      ] GC(28) Desired survivor size 153092096 bytes, new threshold 15 (max threshold 15)
[2025-05-27T10:00:09.320+0000][69][info ][gc,phases   ] GC(28)   Pre Evacuate Collection Set: 3.59ms
[2025-05-27T10:00:09.320+0000][69][info ][gc,phases   ] GC(28)   Merge Heap Roots: 1.37ms
[2025-05-27T10:00:09.321+0000][69][info ][gc,phases   ] GC(28)   Evacuate Collection Set: 40.66ms
[2025-05-27T10:00:09.321+0000][69][info ][gc,phases   ] GC(28)   Post Evacuate Collection Set: 8.45ms
[2025-05-27T10:00:09.321+0000][69][info ][gc,phases   ] GC(28)   Other: 1.83ms
[2025-05-27T10:00:09.322+0000][69][trace][gc,age      ] GC(28) Age table with threshold 15 (max threshold 15)
[2025-05-27T10:00:09.323+0000][69][trace][gc,age      ] GC(28) - age   1:    1588168 bytes,    1588168 total
[2025-05-27T10:00:09.323+0000][69][trace][gc,age      ] GC(28) - age   2:     198608 bytes,    1786776 total
[2025-05-27T10:00:09.324+0000][69][trace][gc,age      ] GC(28) - age   3:     120448 bytes,    1907224 total
[2025-05-27T10:00:09.324+0000][69][trace][gc,age      ] GC(28) - age   4:     147448 bytes,    2054672 total
[2025-05-27T10:00:09.325+0000][69][trace][gc,age      ] GC(28) - age   5:       4264 bytes,    2058936 total
[2025-05-27T10:00:09.325+0000][69][trace][gc,age      ] GC(28) - age   6:     210872 bytes,    2269808 total
[2025-05-27T10:00:09.326+0000][69][trace][gc,age      ] GC(28) - age   7:    2697152 bytes,    4966960 total
[2025-05-27T10:00:09.326+0000][69][trace][gc,age      ] GC(28) - age   8:    1111088 bytes,    6078048 total
[2025-05-27T10:00:09.327+0000][69][trace][gc,age      ] GC(28) - age   9:     258408 bytes,    6336456 total
[2025-05-27T10:00:09.327+0000][69][trace][gc,age      ] GC(28) - age  10:      38736 bytes,    6375192 total
[2025-05-27T10:00:09.328+0000][69][trace][gc,age      ] GC(28) - age  11:     182192 bytes,    6557384 total
[2025-05-27T10:00:09.328+0000][69][trace][gc,age      ] GC(28) - age  12:     138168 bytes,    6695552 total
[2025-05-27T10:00:09.329+0000][69][trace][gc,age      ] GC(28) - age  13:     339040 bytes,    7034592 total
[2025-05-27T10:00:09.329+0000][69][info ][gc,heap     ] GC(28) Eden regions: 580->0(72)
[2025-05-27T10:00:09.329+0000][69][info ][gc,heap     ] GC(28) Survivor regions: 2->2(73)
[2025-05-27T10:00:09.330+0000][69][info ][gc,heap     ] GC(28) Old regions: 26->26
[2025-05-27T10:00:09.331+0000][69][info ][gc,heap     ] GC(28) Humongous regions: 0->0
[2025-05-27T10:00:09.331+0000][69][info ][gc,metaspace] GC(28) Metaspace: 149221K(153280K)->149221K(153280K) NonClass: 128981K(131200K)->128981K(131200K) Class: 20240K(22080K)->20240K(22080K)
[2025-05-27T10:00:09.332+0000][69][info ][gc          ] GC(28) Pause Young (Normal) (G1 Evacuation Pause) 2428M->108M(3880M) 69.377ms
[2025-05-27T10:00:09.332+0000][69][info ][gc,cpu      ] GC(28) User=0.37s Sys=0.01s Real=0.07s
[2025-05-27T10:00:09.333+0000][69][info ][safepoint   ] Safepoint "G1CollectForAllocation", Time since last: 117627386813 ns, Reaching safepoint: 27779 ns, Cleanup: 6553 ns, At safepoint: 70976404 ns, Total: 71010736 ns
[2025-05-27T10:00:44.829+0000][69][info ][safepoint   ] Safepoint "Cleanup", Time since last: 35497831525 ns, Reaching safepoint: 340095 ns, Cleanup: 18539 ns, At safepoint: 284863 ns, Total: 643497 ns
[2025-05-27T10:00:46.254+0000][69][info ][safepoint   ] Safepoint "Cleanup", Time since last: 1424870279 ns, Reaching safepoint: 31656 ns, Cleanup: 15455 ns, At safepoint: 16422 ns, Total: 63533 ns
[2025-05-27T10:04:48.345+0000][69][info ][safepoint   ] Safepoint "Cleanup", Time since last: 242111885179 ns, Reaching safepoint: 17951 ns, Cleanup: 20692 ns, At safepoint: 104837 ns, Total: 143480 ns
[2025-05-27T10:05:46.512+0000][69][info ][safepoint   ] Safepoint "Cleanup", Time since last: 58172728699 ns, Reaching safepoint: 57569 ns, Cleanup: 12952 ns, At safepoint: 11105 ns, Total: 81626 ns
[2025-05-27T10:06:11.559+0000][69][info ][safepoint   ] Safepoint "Cleanup", Time since last: 25049331077 ns, Reaching safepoint: 72287 ns, Cleanup: 17500 ns, At safepoint: 10450 ns, Total: 100237 ns
[2025-05-27T10:10:12.754+0000][69][info ][safepoint   ] Safepoint "Cleanup", Time since last: 241216191726 ns, Reaching safepoint: 11582 ns, Cleanup: 10324 ns, At safepoint: 21238 ns, Total: 43144 ns
[2025-05-27T10:12:18.830+0000][69][info ][safepoint   ] Safepoint "Cleanup", Time since last: 126085262762 ns, Reaching safepoint: 29327 ns, Cleanup: 18872 ns, At safepoint: 17018 ns, Total: 65217 ns
[2025-05-27T10:13:19.242+0000][69][info ][safepoint   ] Safepoint "Cleanup", Time since last: 60417397744 ns, Reaching safepoint: 44964 ns, Cleanup: 14356 ns, At safepoint: 11404 ns, Total: 70724 ns
[2025-05-27T10:13:59.278+0000][69][info ][safepoint   ] Safepoint "Cleanup", Time since last: 40041192545 ns, Reaching safepoint: 26091 ns, Cleanup: 15745 ns, At safepoint: 16505 ns, Total: 58341 ns
[2025-05-27T10:14:23.966+0000][69][info ][safepoint   ] Safepoint "Cleanup", Time since last: 24690907527 ns, Reaching safepoint: 16367 ns, Cleanup: 19692 ns, At safepoint: 89186 ns, Total: 125245 ns
[2025-05-27T10:14:48.966+0000][69][info ][safepoint   ] Safepoint "Cleanup", Time since last: 24999816043 ns, Reaching safepoint: 22704 ns, Cleanup: 16067 ns, At safepoint: 69731 ns, Total: 108502 ns
[2025-05-27T10:15:26.779+0000][69][info ][safepoint   ] Safepoint "Cleanup", Time since last: 37817881304 ns, Reaching safepoint: 148762 ns, Cleanup: 11199 ns, At safepoint: 55210 ns, Total: 215171 ns
[2025-05-27T10:16:41.822+0000][69][info ][safepoint   ] Safepoint "Cleanup", Time since last: 75048273077 ns, Reaching safepoint: 10545 ns, Cleanup: 9557 ns, At safepoint: 22433 ns, Total: 42535 ns
[2025-05-27T10:18:49.474+0000][69][info ][safepoint   ] Safepoint "Cleanup", Time since last: 127662494044 ns, Reaching safepoint: 20900 ns, Cleanup: 13598 ns, At safepoint: 9484 ns, Total: 43982 ns
[2025-05-27T10:19:11.477+0000][69][info ][safepoint   ] Safepoint "Cleanup", Time since last: 22004813058 ns, Reaching safepoint: 65969 ns, Cleanup: 15462 ns, At safepoint: 10361 ns, Total: 91792 ns
[2025-05-27T10:19:54.337+0000][69][info ][safepoint   ] Safepoint "Cleanup", Time since last: 42864898843 ns, Reaching safepoint: 80133 ns, Cleanup: 17893 ns, At safepoint: 18339 ns, Total: 116365 ns
[2025-05-27T10:20:20.221+0000][69][info ][safepoint   ] Safepoint "Cleanup", Time since last: 25884699942 ns, Reaching safepoint: 14844 ns, Cleanup: 12695 ns, At safepoint: 8801 ns, Total: 36340 ns
[2025-05-27T10:20:41.786+0000][69][info ][safepoint   ] Safepoint "Cleanup", Time since last: 21567471672 ns, Reaching safepoint: 7891 ns, Cleanup: 8528 ns, At safepoint: 14231 ns, Total: 30650 ns
[2025-05-27T10:21:11.559+0000][69][info ][safepoint   ] Safepoint "Cleanup", Time since last: 29774736134 ns, Reaching safepoint: 79461 ns, Cleanup: 19421 ns, At safepoint: 20617 ns, Total: 119499 ns
[2025-05-27T10:21:44.564+0000][69][info ][safepoint   ] Safepoint "Cleanup", Time since last: 33007690065 ns, Reaching safepoint: 69002 ns, Cleanup: 17252 ns, At safepoint: 32728 ns, Total: 118982 ns
[2025-05-27T10:24:50.951+0000][69][info ][safepoint   ] Safepoint "Cleanup", Time since last: 186401832072 ns, Reaching safepoint: 15889 ns, Cleanup: 22645 ns, At safepoint: 74628 ns, Total: 113162 ns
[2025-05-27T10:25:18.292+0000][69][info ][safepoint   ] Safepoint "Cleanup", Time since last: 27343808769 ns, Reaching safepoint: 12334 ns, Cleanup: 10578 ns, At safepoint: 19743 ns, Total: 42655 ns
[2025-05-27T10:28:02.769+0000][69][info ][safepoint   ] Safepoint "Cleanup", Time since last: 164492794115 ns, Reaching safepoint: 25704 ns, Cleanup: 14712 ns, At safepoint: 73006 ns, Total: 113422 ns
[2025-05-27T10:29:59.771+0000][69][info ][safepoint   ] Safepoint "Cleanup", Time since last: 117011583862 ns, Reaching safepoint: 41738 ns, Cleanup: 87422 ns, At safepoint: 10622 ns, Total: 139782 ns
[2025-05-27T10:30:11.795+0000][69][info ][safepoint   ] Safepoint "Cleanup", Time since last: 12024332140 ns, Reaching safepoint: 28298 ns, Cleanup: 18481 ns, At safepoint: 18892 ns, Total: 65671 ns
[2025-05-27T10:30:18.282+0000][69][info ][safepoint   ] Safepoint "Cleanup", Time since last: 6486936687 ns, Reaching safepoint: 148215 ns, Cleanup: 10925 ns, At safepoint: 36542 ns, Total: 195682 ns
[2025-05-27T10:30:32.754+0000][69][info ][safepoint   ] Safepoint "Cleanup", Time since last: 14474201651 ns, Reaching safepoint: 6251 ns, Cleanup: 7998 ns, At safepoint: 3032 ns, Total: 17281 ns
[2025-05-27T10:30:33.807+0000][69][info ][safepoint   ] Safepoint "Cleanup", Time since last: 1053049675 ns, Reaching safepoint: 30104 ns, Cleanup: 25579 ns, At safepoint: 70393 ns, Total: 126076 ns
[2025-05-27T10:31:09.782+0000][69][info ][safepoint   ] Safepoint "Cleanup", Time since last: 35978114082 ns, Reaching safepoint: 60795 ns, Cleanup: 24126 ns, At safepoint: 17469 ns, Total: 102390 ns
[2025-05-27T10:34:36.076+0000][69][info ][safepoint   ] Safepoint "Cleanup", Time since last: 206312314693 ns, Reaching safepoint: 31837 ns, Cleanup: 24684 ns, At safepoint: 20530 ns, Total: 77051 ns
[2025-05-27T10:36:11.162+0000][69][info ][safepoint   ] Safepoint "Cleanup", Time since last: 95094277133 ns, Reaching safepoint: 25938 ns, Cleanup: 19240 ns, At safepoint: 15829 ns, Total: 61007 ns
[2025-05-27T10:36:49.201+0000][69][info ][safepoint   ] Safepoint "Cleanup", Time since last: 38040903496 ns, Reaching safepoint: 64101 ns, Cleanup: 12291 ns, At safepoint: 9759 ns, Total: 86151 ns
[2025-05-27T10:37:25.204+0000][69][info ][safepoint   ] Safepoint "Cleanup", Time since last: 36008377768 ns, Reaching safepoint: 69261 ns, Cleanup: 17987 ns, At safepoint: 34926 ns, Total: 122174 ns
[2025-05-27T10:37:28.205+0000][69][info ][safepoint   ] Safepoint "Cleanup", Time since last: 3001194657 ns, Reaching safepoint: 17315 ns, Cleanup: 12238 ns, At safepoint: 9568 ns, Total: 39121 ns
[2025-05-27T10:37:30.249+0000][69][info ][safepoint   ] Safepoint "Cleanup", Time since last: 2043634244 ns, Reaching safepoint: 24302 ns, Cleanup: 14915 ns, At safepoint: 66758 ns, Total: 105975 ns
[2025-05-27T10:39:54.324+0000][69][info ][safepoint   ] Safepoint "Cleanup", Time since last: 144088252952 ns, Reaching safepoint: 24733 ns, Cleanup: 18890 ns, At safepoint: 34107 ns, Total: 77730 ns
[2025-05-27T10:39:59.767+0000][69][info ][safepoint   ] Safepoint "Cleanup", Time since last: 5442958384 ns, Reaching safepoint: 6330 ns, Cleanup: 10644 ns, At safepoint: 13495 ns, Total: 30469 ns
[2025-05-27T10:40:38.764+0000][69][info ][safepoint   ] Safepoint "Cleanup", Time since last: 38999605095 ns, Reaching safepoint: 13233 ns, Cleanup: 12844 ns, At safepoint: 18389 ns, Total: 44466 ns
[2025-05-27T10:43:48.487+0000][69][info ][safepoint   ] Safepoint "Cleanup", Time since last: 189739346992 ns, Reaching safepoint: 15211 ns, Cleanup: 14533 ns, At safepoint: 11955 ns, Total: 41699 ns
[2025-05-27T10:45:09.150+0000][69][info ][gc,start    ] GC(29) Pause Young (Concurrent Start) (CodeCache GC Threshold)
[2025-05-27T10:45:09.151+0000][69][info ][gc,task     ] GC(29) Using 10 workers of 10 for evacuation
[2025-05-27T10:45:09.151+0000][69][debug][gc,age      ] GC(29) Desired survivor size 153092096 bytes, new threshold 15 (max threshold 15)
[2025-05-27T10:45:09.254+0000][69][info ][gc,phases   ] GC(29)   Pre Evacuate Collection Set: 6.70ms
[2025-05-27T10:45:09.254+0000][69][info ][gc,phases   ] GC(29)   Merge Heap Roots: 0.88ms
[2025-05-27T10:45:09.255+0000][69][info ][gc,phases   ] GC(29)   Evacuate Collection Set: 76.40ms
[2025-05-27T10:45:09.255+0000][69][info ][gc,phases   ] GC(29)   Post Evacuate Collection Set: 15.41ms
[2025-05-27T10:45:09.256+0000][69][info ][gc,phases   ] GC(29)   Other: 3.86ms
[2025-05-27T10:45:09.257+0000][69][trace][gc,age      ] GC(29) Age table with threshold 15 (max threshold 15)
[2025-05-27T10:45:09.257+0000][69][trace][gc,age      ] GC(29) - age   1:    1498288 bytes,    1498288 total
[2025-05-27T10:45:09.258+0000][69][trace][gc,age      ] GC(29) - age   2:     209824 bytes,    1708112 total
[2025-05-27T10:45:09.258+0000][69][trace][gc,age      ] GC(29) - age   3:     130896 bytes,    1839008 total
[2025-05-27T10:45:09.259+0000][69][trace][gc,age      ] GC(29) - age   4:     118944 bytes,    1957952 total
[2025-05-27T10:45:09.259+0000][69][trace][gc,age      ] GC(29) - age   5:     147328 bytes,    2105280 total
[2025-05-27T10:45:09.260+0000][69][trace][gc,age      ] GC(29) - age   6:       4264 bytes,    2109544 total
[2025-05-27T10:45:09.260+0000][69][trace][gc,age      ] GC(29) - age   7:     210592 bytes,    2320136 total
[2025-05-27T10:45:09.261+0000][69][trace][gc,age      ] GC(29) - age   8:    2697072 bytes,    5017208 total
[2025-05-27T10:45:09.261+0000][69][trace][gc,age      ] GC(29) - age   9:    1111048 bytes,    6128256 total
[2025-05-27T10:45:09.262+0000][69][trace][gc,age      ] GC(29) - age  10:     258368 bytes,    6386624 total
[2025-05-27T10:45:09.262+0000][69][trace][gc,age      ] GC(29) - age  11:      38736 bytes,    6425360 total
[2025-05-27T10:45:09.263+0000][69][trace][gc,age      ] GC(29) - age  12:     182192 bytes,    6607552 total
[2025-05-27T10:45:09.263+0000][69][trace][gc,age      ] GC(29) - age  13:     138168 bytes,    6745720 total
[2025-05-27T10:45:09.263+0000][69][trace][gc,age      ] GC(29) - age  14:     339040 bytes,    7084760 total
[2025-05-27T10:45:09.264+0000][69][info ][gc,heap     ] GC(29) Eden regions: 534->0(580)
[2025-05-27T10:45:09.264+0000][69][info ][gc,heap     ] GC(29) Survivor regions: 2->2(73)
[2025-05-27T10:45:09.265+0000][69][info ][gc,heap     ] GC(29) Old regions: 26->26
[2025-05-27T10:45:09.265+0000][69][info ][gc,heap     ] GC(29) Humongous regions: 0->0
[2025-05-27T10:45:09.266+0000][69][info ][gc,metaspace] GC(29) Metaspace: 149305K(153344K)->149305K(153344K) NonClass: 129065K(131264K)->129065K(131264K) Class: 20240K(22080K)->20240K(22080K)
[2025-05-27T10:45:09.266+0000][69][info ][gc          ] GC(29) Pause Young (Concurrent Start) (CodeCache GC Threshold) 2244M->108M(3880M) 116.368ms
[2025-05-27T10:45:09.267+0000][69][info ][gc,cpu      ] GC(29) User=0.41s Sys=0.03s Real=0.12s
[2025-05-27T10:45:09.267+0000][69][info ][safepoint   ] Safepoint "G1TryInitiateConcMark", Time since last: 80667964990 ns, Reaching safepoint: 26847 ns, Cleanup: 6548 ns, At safepoint: 119028495 ns, Total: 119061890 ns
[2025-05-27T10:45:09.268+0000][69][info ][gc          ] GC(30) Concurrent Mark Cycle
[2025-05-27T10:45:09.270+0000][69][info ][gc,marking  ] GC(30) Concurrent Scan Root Regions
[2025-05-27T10:45:09.333+0000][69][info ][gc,marking  ] GC(30) Concurrent Scan Root Regions 63.314ms
[2025-05-27T10:45:09.334+0000][69][info ][gc,marking  ] GC(30) Concurrent Mark
[2025-05-27T10:45:09.334+0000][69][info ][gc,marking  ] GC(30) Concurrent Mark From Roots
[2025-05-27T10:45:09.334+0000][69][info ][gc,task     ] GC(30) Using 3 workers of 3 for marking
[2025-05-27T10:45:09.524+0000][69][info ][gc,marking  ] GC(30) Concurrent Mark From Roots 190.352ms
[2025-05-27T10:45:09.525+0000][69][info ][gc,marking  ] GC(30) Concurrent Preclean
[2025-05-27T10:45:09.526+0000][69][info ][gc,marking  ] GC(30) Concurrent Preclean 1.310ms
[2025-05-27T10:45:09.527+0000][69][info ][gc,start    ] GC(30) Pause Remark
[2025-05-27T10:45:10.051+0000][69][info ][gc,mmu      ] GC(30) MMU target violated: 201.0ms (200.0ms/201.0ms)
[2025-05-27T10:45:10.052+0000][69][info ][gc          ] GC(30) Pause Remark 113M->113M(3880M) 524.705ms
[2025-05-27T10:45:10.052+0000][69][info ][gc,cpu      ] GC(30) User=3.94s Sys=0.00s Real=0.52s
[2025-05-27T10:45:10.053+0000][69][info ][safepoint   ] Safepoint "G1PauseRemark", Time since last: 259767539 ns, Reaching safepoint: 25887 ns, Cleanup: 5750 ns, At safepoint: 525676549 ns, Total: 525708186 ns
[2025-05-27T10:45:10.053+0000][69][info ][gc,marking  ] GC(30) Concurrent Mark 719.417ms
[2025-05-27T10:45:10.053+0000][69][info ][gc,marking  ] GC(30) Concurrent Rebuild Remembered Sets and Scrub Regions
[2025-05-27T10:45:10.096+0000][69][info ][gc,marking  ] GC(30) Concurrent Rebuild Remembered Sets and Scrub Regions 42.228ms
[2025-05-27T10:45:10.097+0000][69][info ][gc,start    ] GC(30) Pause Cleanup
[2025-05-27T10:45:10.098+0000][69][info ][gc          ] GC(30) Pause Cleanup 113M->113M(3880M) 0.809ms
[2025-05-27T10:45:10.099+0000][69][info ][gc,cpu      ] GC(30) User=0.00s Sys=0.00s Real=0.00s
[2025-05-27T10:45:10.099+0000][69][info ][safepoint   ] Safepoint "G1PauseCleanup", Time since last: 43670398 ns, Reaching safepoint: 377708 ns, Cleanup: 630045 ns, At safepoint: 1852022 ns, Total: 2859775 ns
[2025-05-27T10:45:10.100+0000][69][info ][gc,marking  ] GC(30) Concurrent Clear Claimed Marks
[2025-05-27T10:45:10.100+0000][69][info ][gc,marking  ] GC(30) Concurrent Clear Claimed Marks 0.723ms
[2025-05-27T10:45:10.101+0000][69][info ][gc,marking  ] GC(30) Concurrent Cleanup for Next Mark
[2025-05-27T10:45:10.163+0000][69][info ][gc,marking  ] GC(30) Concurrent Cleanup for Next Mark 62.361ms
[2025-05-27T10:45:10.164+0000][69][info ][gc          ] GC(30) Concurrent Mark Cycle 895.494ms
[2025-05-27T10:45:53.886+0000][69][info ][safepoint   ] Safepoint "Cleanup", Time since last: 43791694949 ns, Reaching safepoint: 19610 ns, Cleanup: 20839 ns, At safepoint: 64202 ns, Total: 104651 ns
[2025-05-27T10:50:05.732+0000][69][info ][safepoint   ] Safepoint "Cleanup", Time since last: 251866535325 ns, Reaching safepoint: 32197 ns, Cleanup: 18356 ns, At safepoint: 20075 ns, Total: 70628 ns
[2025-05-27T10:50:07.327+0000][69][info ][safepoint   ] Safepoint "Cleanup", Time since last: 1595278811 ns, Reaching safepoint: 25757 ns, Cleanup: 17728 ns, At safepoint: 15518 ns, Total: 59003 ns
[2025-05-27T10:51:09.414+0000][69][info ][safepoint   ] Safepoint "Cleanup", Time since last: 62092371179 ns, Reaching safepoint: 26255 ns, Cleanup: 13023 ns, At safepoint: 66375 ns, Total: 105653 ns
[2025-05-27T10:54:51.927+0000][69][info ][safepoint   ] Safepoint "Cleanup", Time since last: 222531705713 ns, Reaching safepoint: 21926 ns, Cleanup: 11455 ns, At safepoint: 8474 ns, Total: 41855 ns
[2025-05-27T10:59:32.736+0000][69][info ][safepoint   ] Safepoint "Cleanup", Time since last: 280834306765 ns, Reaching safepoint: 9061 ns, Cleanup: 9398 ns, At safepoint: 14202 ns, Total: 32661 ns
[2025-05-27T11:02:11.022+0000][69][info ][safepoint   ] Safepoint "Cleanup", Time since last: 158299501632 ns, Reaching safepoint: 46306 ns, Cleanup: 14412 ns, At safepoint: 9298 ns, Total: 70016 ns
[2025-05-27T11:02:41.718+0000][69][info ][safepoint   ] Safepoint "Cleanup", Time since last: 30697799923 ns, Reaching safepoint: 5976 ns, Cleanup: 8100 ns, At safepoint: 13214 ns, Total: 27290 ns
[2025-05-27T11:02:43.070+0000][69][info ][safepoint   ] Safepoint "Cleanup", Time since last: 1352415652 ns, Reaching safepoint: 13848 ns, Cleanup: 13178 ns, At safepoint: 12067 ns, Total: 39093 ns
[2025-05-27T11:10:17.703+0000][69][info ][safepoint   ] Safepoint "Cleanup", Time since last: 454674245314 ns, Reaching safepoint: 19677 ns, Cleanup: 15226 ns, At safepoint: 70236 ns, Total: 105139 ns
[2025-05-27T11:13:11.603+0000][69][info ][safepoint   ] Safepoint "Cleanup", Time since last: 173917830916 ns, Reaching safepoint: 45873 ns, Cleanup: 94282 ns, At safepoint: 15534 ns, Total: 155689 ns
[2025-05-27T11:16:20.666+0000][69][info ][safepoint   ] Safepoint "Cleanup", Time since last: 189080208449 ns, Reaching safepoint: 15367 ns, Cleanup: 9592 ns, At safepoint: 16271 ns, Total: 41230 ns
[2025-05-27T11:18:28.061+0000][69][info ][safepoint   ] Safepoint "Cleanup", Time since last: 127409501124 ns, Reaching safepoint: 18794 ns, Cleanup: 14363 ns, At safepoint: 9668 ns, Total: 42825 ns
[2025-05-27T11:20:23.688+0000][69][info ][safepoint   ] Safepoint "Cleanup", Time since last: 115638209938 ns, Reaching safepoint: 142212 ns, Cleanup: 11285 ns, At safepoint: 49132 ns, Total: 202629 ns
[2025-05-27T11:20:54.894+0000][69][info ][safepoint   ] Safepoint "Cleanup", Time since last: 31208340333 ns, Reaching safepoint: 23721 ns, Cleanup: 17515 ns, At safepoint: 45704 ns, Total: 86940 ns
[2025-05-27T11:22:49.349+0000][69][info ][safepoint   ] Safepoint "Cleanup", Time since last: 114463933916 ns, Reaching safepoint: 46607 ns, Cleanup: 22521 ns, At safepoint: 14085 ns, Total: 83213 ns
[2025-05-27T11:23:02.963+0000][69][info ][safepoint   ] Safepoint "Cleanup", Time since last: 13615583854 ns, Reaching safepoint: 177361 ns, Cleanup: 23234 ns, At safepoint: 36925 ns, Total: 237520 ns
[2025-05-27T11:30:04.864+0000][69][info ][safepoint   ] Safepoint "Cleanup", Time since last: 421940524894 ns, Reaching safepoint: 45172 ns, Cleanup: 28690 ns, At safepoint: 20776 ns, Total: 94638 ns
[2025-05-27T11:30:10.866+0000][69][info ][safepoint   ] Safepoint "Cleanup", Time since last: 6001775587 ns, Reaching safepoint: 31748 ns, Cleanup: 23581 ns, At safepoint: 16379 ns, Total: 71708 ns
[2025-05-27T11:30:29.701+0000][69][info ][safepoint   ] Safepoint "Cleanup", Time since last: 18838121486 ns, Reaching safepoint: 232284 ns, Cleanup: 20178 ns, At safepoint: 66566 ns, Total: 319028 ns
[2025-05-27T11:30:35.765+0000][69][info ][safepoint   ] Safepoint "Cleanup", Time since last: 6060825050 ns, Reaching safepoint: 3341542 ns, Cleanup: 44577 ns, At safepoint: 122507 ns, Total: 3508626 ns
[2025-05-27T11:30:37.097+0000][69][info ][safepoint   ] Safepoint "Cleanup", Time since last: 1331434155 ns, Reaching safepoint: 28987 ns, Cleanup: 18234 ns, At safepoint: 17048 ns, Total: 64269 ns
[2025-05-27T11:30:38.604+0000][69][info ][safepoint   ] Safepoint "Cleanup", Time since last: 1506097745 ns, Reaching safepoint: 304255 ns, Cleanup: 16348 ns, At safepoint: 140293 ns, Total: 460896 ns
[2025-05-27T11:30:41.631+0000][69][info ][safepoint   ] Safepoint "Cleanup", Time since last: 3027390542 ns, Reaching safepoint: 15528 ns, Cleanup: 22017 ns, At safepoint: 86907 ns, Total: 124452 ns
[2025-05-27T11:31:02.668+0000][69][info ][safepoint   ] Safepoint "Cleanup", Time since last: 21039099824 ns, Reaching safepoint: 361213 ns, Cleanup: 73374 ns, At safepoint: 115496 ns, Total: 550083 ns
[2025-05-27T11:31:04.389+0000][69][info ][safepoint   ] Safepoint "Cleanup", Time since last: 1720765489 ns, Reaching safepoint: 21091 ns, Cleanup: 25997 ns, At safepoint: 11046 ns, Total: 58134 ns
[2025-05-27T11:31:10.783+0000][69][info ][safepoint   ] Safepoint "Cleanup", Time since last: 6394069823 ns, Reaching safepoint: 20271 ns, Cleanup: 19465 ns, At safepoint: 9960 ns, Total: 49696 ns
[2025-05-27T11:35:32.723+0000][69][info ][gc,start    ] GC(31) Pause Young (Prepare Mixed) (G1 Evacuation Pause)
[2025-05-27T11:35:32.726+0000][69][info ][gc,task     ] GC(31) Using 10 workers of 10 for evacuation
[2025-05-27T11:35:32.727+0000][69][debug][gc,age      ] GC(31) Desired survivor size 153092096 bytes, new threshold 15 (max threshold 15)
[2025-05-27T11:35:32.920+0000][69][info ][gc,phases   ] GC(31)   Pre Evacuate Collection Set: 11.99ms
[2025-05-27T11:35:32.920+0000][69][info ][gc,phases   ] GC(31)   Merge Heap Roots: 2.95ms
[2025-05-27T11:35:32.921+0000][69][info ][gc,phases   ] GC(31)   Evacuate Collection Set: 156.79ms
[2025-05-27T11:35:32.921+0000][69][info ][gc,phases   ] GC(31)   Post Evacuate Collection Set: 19.15ms
[2025-05-27T11:35:32.922+0000][69][info ][gc,phases   ] GC(31)   Other: 3.46ms
[2025-05-27T11:35:32.922+0000][69][trace][gc,age      ] GC(31) Age table with threshold 15 (max threshold 15)
[2025-05-27T11:35:32.922+0000][69][trace][gc,age      ] GC(31) - age   1:    1599296 bytes,    1599296 total
[2025-05-27T11:35:32.923+0000][69][trace][gc,age      ] GC(31) - age   2:     183928 bytes,    1783224 total
[2025-05-27T11:35:32.923+0000][69][trace][gc,age      ] GC(31) - age   3:     142480 bytes,    1925704 total
[2025-05-27T11:35:32.924+0000][69][trace][gc,age      ] GC(31) - age   4:     130328 bytes,    2056032 total
[2025-05-27T11:35:32.924+0000][69][trace][gc,age      ] GC(31) - age   5:     118720 bytes,    2174752 total
[2025-05-27T11:35:32.925+0000][69][trace][gc,age      ] GC(31) - age   6:     146368 bytes,    2321120 total
[2025-05-27T11:35:32.925+0000][69][trace][gc,age      ] GC(31) - age   7:       4264 bytes,    2325384 total
[2025-05-27T11:35:32.925+0000][69][trace][gc,age      ] GC(31) - age   8:     210512 bytes,    2535896 total
[2025-05-27T11:35:32.926+0000][69][trace][gc,age      ] GC(31) - age   9:    2697072 bytes,    5232968 total
[2025-05-27T11:35:32.926+0000][69][trace][gc,age      ] GC(31) - age  10:    1110720 bytes,    6343688 total
[2025-05-27T11:35:32.927+0000][69][trace][gc,age      ] GC(31) - age  11:     258136 bytes,    6601824 total
[2025-05-27T11:35:32.927+0000][69][trace][gc,age      ] GC(31) - age  12:      38736 bytes,    6640560 total
[2025-05-27T11:35:32.927+0000][69][trace][gc,age      ] GC(31) - age  13:     182168 bytes,    6822728 total
[2025-05-27T11:35:32.928+0000][69][trace][gc,age      ] GC(31) - age  14:     137160 bytes,    6959888 total
[2025-05-27T11:35:32.929+0000][69][trace][gc,age      ] GC(31) - age  15:     338864 bytes,    7298752 total
[2025-05-27T11:35:32.929+0000][69][info ][gc,heap     ] GC(31) Eden regions: 580->0(580)
[2025-05-27T11:35:32.930+0000][69][info ][gc,heap     ] GC(31) Survivor regions: 2->2(73)
[2025-05-27T11:35:32.930+0000][69][info ][gc,heap     ] GC(31) Old regions: 26->26
[2025-05-27T11:35:32.931+0000][69][info ][gc,heap     ] GC(31) Humongous regions: 0->0
[2025-05-27T11:35:32.931+0000][69][info ][gc,metaspace] GC(31) Metaspace: 146845K(153344K)->146845K(153344K) NonClass: 127257K(131264K)->127257K(131264K) Class: 19587K(22080K)->19587K(22080K)
[2025-05-27T11:35:32.932+0000][69][info ][gc          ] GC(31) Pause Young (Prepare Mixed) (G1 Evacuation Pause) 2428M->108M(3880M) 209.223ms
[2025-05-27T11:35:32.933+0000][69][info ][gc,cpu      ] GC(31) User=1.21s Sys=0.03s Real=0.21s
[2025-05-27T11:35:32.933+0000][69][info ][safepoint   ] Safepoint "G1CollectForAllocation", Time since last: 261962476039 ns, Reaching safepoint: 75505 ns, Cleanup: 9477 ns, At safepoint: 211875088 ns, Total: 211960070 ns
[2025-05-27T11:35:53.268+0000][69][info ][safepoint   ] Safepoint "Cleanup", Time since last: 20337743219 ns, Reaching safepoint: 217710 ns, Cleanup: 11520 ns, At safepoint: 53417 ns, Total: 282647 ns
[2025-05-27T11:36:17.846+0000][69][info ][safepoint   ] Safepoint "Cleanup", Time since last: 24578279004 ns, Reaching safepoint: 8334 ns, Cleanup: 13144 ns, At safepoint: 4774 ns, Total: 26252 ns
[2025-05-27T11:37:11.434+0000][69][info ][safepoint   ] Safepoint "Cleanup", Time since last: 53592211439 ns, Reaching safepoint: 72142 ns, Cleanup: 15142 ns, At safepoint: 10882 ns, Total: 98166 ns
[2025-05-27T11:37:20.866+0000][69][info ][safepoint   ] Safepoint "Cleanup", Time since last: 9431744060 ns, Reaching safepoint: 7481 ns, Cleanup: 10094 ns, At safepoint: 3653 ns, Total: 21228 ns
[2025-05-27T11:39:54.531+0000][69][info ][safepoint   ] Safepoint "Cleanup", Time since last: 153681730922 ns, Reaching safepoint: 68003 ns, Cleanup: 24131 ns, At safepoint: 16318 ns, Total: 108452 ns
[2025-05-27T11:40:38.110+0000][69][info ][safepoint   ] Safepoint "Cleanup", Time since last: 43581393223 ns, Reaching safepoint: 17300 ns, Cleanup: 22142 ns, At safepoint: 92945 ns, Total: 132387 ns
[2025-05-27T11:40:48.112+0000][69][info ][safepoint   ] Safepoint "Cleanup", Time since last: 10002249265 ns, Reaching safepoint: 36293 ns, Cleanup: 26587 ns, At safepoint: 15409 ns, Total: 78289 ns
[2025-05-27T11:44:54.691+0000][69][info ][safepoint   ] Safepoint "Cleanup", Time since last: 246603339893 ns, Reaching safepoint: 31438 ns, Cleanup: 17519 ns, At safepoint: 17445 ns, Total: 66402 ns
[2025-05-27T11:45:10.694+0000][69][info ][safepoint   ] Safepoint "Cleanup", Time since last: 16003332756 ns, Reaching safepoint: 79913 ns, Cleanup: 21615 ns, At safepoint: 35007 ns, Total: 136535 ns
[2025-05-27T11:46:52.753+0000][69][info ][safepoint   ] Safepoint "Cleanup", Time since last: 102069794030 ns, Reaching safepoint: 42203 ns, Cleanup: 15908 ns, At safepoint: 10756 ns, Total: 68867 ns
[2025-05-27T11:46:59.673+0000][69][info ][safepoint   ] Safepoint "Cleanup", Time since last: 6919062326 ns, Reaching safepoint: 15822 ns, Cleanup: 14615 ns, At safepoint: 43306 ns, Total: 73743 ns
[2025-05-27T11:50:42.756+0000][69][info ][safepoint   ] Safepoint "Cleanup", Time since last: 223102139327 ns, Reaching safepoint: 39696 ns, Cleanup: 7907 ns, At safepoint: 19380 ns, Total: 66983 ns
[2025-05-27T11:55:50.968+0000][69][info ][safepoint   ] Safepoint "Cleanup", Time since last: 308245931766 ns, Reaching safepoint: 30757 ns, Cleanup: 16735 ns, At safepoint: 16272 ns, Total: 63764 ns
[2025-05-27T11:56:15.180+0000][69][info ][safepoint   ] Safepoint "Cleanup", Time since last: 24214317456 ns, Reaching safepoint: 12882 ns, Cleanup: 12803 ns, At safepoint: 36730 ns, Total: 62415 ns
[2025-05-27T11:59:24.254+0000][69][info ][safepoint   ] Safepoint "Cleanup", Time since last: 189097256833 ns, Reaching safepoint: 23833 ns, Cleanup: 15977 ns, At safepoint: 73723 ns, Total: 113533 ns
[2025-05-27T11:59:54.177+0000][69][info ][safepoint   ] Safepoint "Cleanup", Time since last: 29926343680 ns, Reaching safepoint: 45422 ns, Cleanup: 19748 ns, At safepoint: 16150 ns, Total: 81320 ns
[2025-05-27T12:00:47.580+0000][69][info ][safepoint   ] Safepoint "Cleanup", Time since last: 53406602299 ns, Reaching safepoint: 110506 ns, Cleanup: 14603 ns, At safepoint: 42630 ns, Total: 167739 ns
[2025-05-27T12:01:30.118+0000][69][info ][safepoint   ] Safepoint "Cleanup", Time since last: 42543345838 ns, Reaching safepoint: 17177 ns, Cleanup: 14667 ns, At safepoint: 67880 ns, Total: 99724 ns
[2025-05-27T12:01:31.151+0000][69][info ][safepoint   ] Safepoint "Cleanup", Time since last: 1033421047 ns, Reaching safepoint: 17608 ns, Cleanup: 19788 ns, At safepoint: 82928 ns, Total: 120324 ns
[2025-05-27T12:01:52.407+0000][69][info ][safepoint   ] Safepoint "Cleanup", Time since last: 21255911395 ns, Reaching safepoint: 27699 ns, Cleanup: 14310 ns, At safepoint: 7797 ns, Total: 49806 ns
[2025-05-27T12:03:33.234+0000][69][info ][safepoint   ] Safepoint "Cleanup", Time since last: 100839430905 ns, Reaching safepoint: 8639 ns, Cleanup: 8542 ns, At safepoint: 13319 ns, Total: 30500 ns
[2025-05-27T12:04:51.403+0000][69][info ][safepoint   ] Safepoint "Cleanup", Time since last: 78175485916 ns, Reaching safepoint: 11165 ns, Cleanup: 12658 ns, At safepoint: 3254 ns, Total: 27077 ns
[2025-05-27T12:05:48.310+0000][69][info ][safepoint   ] Safepoint "Cleanup", Time since last: 56913712550 ns, Reaching safepoint: 22795 ns, Cleanup: 16426 ns, At safepoint: 21355 ns, Total: 60576 ns
[2025-05-27T12:06:42.272+0000][69][info ][safepoint   ] Safepoint "Cleanup", Time since last: 53967034645 ns, Reaching safepoint: 29320 ns, Cleanup: 16647 ns, At safepoint: 134305 ns, Total: 180272 ns
[2025-05-27T12:06:43.619+0000][69][info ][safepoint   ] Safepoint "Cleanup", Time since last: 1346727954 ns, Reaching safepoint: 15476 ns, Cleanup: 17720 ns, At safepoint: 13107 ns, Total: 46303 ns
[2025-05-27T12:07:45.227+0000][69][info ][safepoint   ] Safepoint "Cleanup", Time since last: 61614804807 ns, Reaching safepoint: 19028 ns, Cleanup: 10803 ns, At safepoint: 24068 ns, Total: 53899 ns
[2025-05-27T12:10:51.403+0000][69][info ][safepoint   ] Safepoint "Cleanup", Time since last: 186195273212 ns, Reaching safepoint: 22801 ns, Cleanup: 15234 ns, At safepoint: 76778 ns, Total: 114813 ns
[2025-05-27T12:15:54.206+0000][69][info ][safepoint   ] Safepoint "Cleanup", Time since last: 302835866443 ns, Reaching safepoint: 80003 ns, Cleanup: 17096 ns, At safepoint: 16352 ns, Total: 113451 ns
[2025-05-27T12:16:11.109+0000][69][info ][safepoint   ] Safepoint "Cleanup", Time since last: 16902457565 ns, Reaching safepoint: 29393 ns, Cleanup: 17765 ns, At safepoint: 20731 ns, Total: 67889 ns
[2025-05-27T12:21:11.422+0000][69][info ][safepoint   ] Safepoint "Cleanup", Time since last: 300341899238 ns, Reaching safepoint: 57990 ns, Cleanup: 15895 ns, At safepoint: 13141 ns, Total: 87026 ns
[2025-05-27T12:26:00.648+0000][69][info ][safepoint   ] Safepoint "Cleanup", Time since last: 289253983706 ns, Reaching safepoint: 14224 ns, Cleanup: 10669 ns, At safepoint: 14582 ns, Total: 39475 ns
[2025-05-27T12:26:28.768+0000][69][info ][gc,start    ] GC(32) Pause Young (Mixed) (G1 Evacuation Pause)
[2025-05-27T12:26:28.770+0000][69][info ][gc,task     ] GC(32) Using 10 workers of 10 for evacuation
[2025-05-27T12:26:28.771+0000][69][debug][gc,age      ] GC(32) Desired survivor size 153092096 bytes, new threshold 15 (max threshold 15)
[2025-05-27T12:26:28.966+0000][69][info ][gc,phases   ] GC(32)   Pre Evacuate Collection Set: 9.27ms
[2025-05-27T12:26:28.966+0000][69][info ][gc,phases   ] GC(32)   Merge Heap Roots: 2.18ms
[2025-05-27T12:26:28.967+0000][69][info ][gc,phases   ] GC(32)   Evacuate Collection Set: 168.33ms
[2025-05-27T12:26:28.967+0000][69][info ][gc,phases   ] GC(32)   Post Evacuate Collection Set: 12.23ms
[2025-05-27T12:26:28.968+0000][69][info ][gc,phases   ] GC(32)   Other: 4.76ms
[2025-05-27T12:26:28.968+0000][69][trace][gc,age      ] GC(32) Age table with threshold 15 (max threshold 15)
[2025-05-27T12:26:28.968+0000][69][trace][gc,age      ] GC(32) - age   1:    1180768 bytes,    1180768 total
[2025-05-27T12:26:28.969+0000][69][trace][gc,age      ] GC(32) - age   2:     261848 bytes,    1442616 total
[2025-05-27T12:26:28.969+0000][69][trace][gc,age      ] GC(32) - age   3:     116824 bytes,    1559440 total
[2025-05-27T12:26:28.970+0000][69][trace][gc,age      ] GC(32) - age   4:     141816 bytes,    1701256 total
[2025-05-27T12:26:28.970+0000][69][trace][gc,age      ] GC(32) - age   5:     113504 bytes,    1814760 total
[2025-05-27T12:26:28.971+0000][69][trace][gc,age      ] GC(32) - age   6:     118456 bytes,    1933216 total
[2025-05-27T12:26:28.971+0000][69][trace][gc,age      ] GC(32) - age   7:     134216 bytes,    2067432 total
[2025-05-27T12:26:28.971+0000][69][trace][gc,age      ] GC(32) - age   8:       4264 bytes,    2071696 total
[2025-05-27T12:26:28.972+0000][69][trace][gc,age      ] GC(32) - age   9:     121184 bytes,    2192880 total
[2025-05-27T12:26:28.972+0000][69][trace][gc,age      ] GC(32) - age  10:    2697072 bytes,    4889952 total
[2025-05-27T12:26:28.973+0000][69][trace][gc,age      ] GC(32) - age  11:    1110720 bytes,    6000672 total
[2025-05-27T12:26:28.973+0000][69][trace][gc,age      ] GC(32) - age  12:     258136 bytes,    6258808 total
[2025-05-27T12:26:28.973+0000][69][trace][gc,age      ] GC(32) - age  13:      38736 bytes,    6297544 total
[2025-05-27T12:26:28.974+0000][69][trace][gc,age      ] GC(32) - age  14:     182168 bytes,    6479712 total
[2025-05-27T12:26:28.974+0000][69][trace][gc,age      ] GC(32) - age  15:     137160 bytes,    6616872 total
[2025-05-27T12:26:28.975+0000][69][info ][gc,heap     ] GC(32) Eden regions: 580->0(580)
[2025-05-27T12:26:28.975+0000][69][info ][gc,heap     ] GC(32) Survivor regions: 2->2(73)
[2025-05-27T12:26:28.975+0000][69][info ][gc,heap     ] GC(32) Old regions: 26->25
[2025-05-27T12:26:28.976+0000][69][info ][gc,heap     ] GC(32) Humongous regions: 0->0
[2025-05-27T12:26:28.976+0000][69][info ][gc,metaspace] GC(32) Metaspace: 146866K(153344K)->146866K(153344K) NonClass: 127279K(131264K)->127279K(131264K) Class: 19587K(22080K)->19587K(22080K)
[2025-05-27T12:26:28.977+0000][69][info ][gc          ] GC(32) Pause Young (Mixed) (G1 Evacuation Pause) 2428M->106M(3880M) 209.008ms
[2025-05-27T12:26:28.977+0000][69][info ][gc,cpu      ] GC(32) User=1.03s Sys=0.08s Real=0.21s
[2025-05-27T12:26:28.978+0000][69][info ][safepoint   ] Safepoint "G1CollectForAllocation", Time since last: 28120535294 ns, Reaching safepoint: 41983 ns, Cleanup: 5148 ns, At safepoint: 211614273 ns, Total: 211661404 ns
[2025-05-27T12:30:36.899+0000][69][info ][safepoint   ] Safepoint "Cleanup", Time since last: 247942358938 ns, Reaching safepoint: 417747 ns, Cleanup: 19824 ns, At safepoint: 133118 ns, Total: 570689 ns
[2025-05-27T12:30:52.056+0000][69][info ][safepoint   ] Safepoint "Cleanup", Time since last: 15156578860 ns, Reaching safepoint: 15254 ns, Cleanup: 20657 ns, At safepoint: 84042 ns, Total: 119953 ns
[2025-05-27T12:32:06.226+0000][69][info ][safepoint   ] Safepoint "Cleanup", Time since last: 74178548983 ns, Reaching safepoint: 17548 ns, Cleanup: 21003 ns, At safepoint: 132835 ns, Total: 171386 ns
[2025-05-27T12:36:06.203+0000][69][info ][safepoint   ] Safepoint "Cleanup", Time since last: 239998201952 ns, Reaching safepoint: 142663 ns, Cleanup: 12769 ns, At safepoint: 88308 ns, Total: 243740 ns
[2025-05-27T12:36:08.334+0000][69][info ][safepoint   ] Safepoint "Cleanup", Time since last: 2130943183 ns, Reaching safepoint: 23008 ns, Cleanup: 17202 ns, At safepoint: 11765 ns, Total: 51975 ns
[2025-05-27T12:36:18.274+0000][69][info ][safepoint   ] Safepoint "Cleanup", Time since last: 9940858927 ns, Reaching safepoint: 14665 ns, Cleanup: 11771 ns, At safepoint: 21314 ns, Total: 47750 ns
[2025-05-27T12:36:19.829+0000][69][info ][safepoint   ] Safepoint "Cleanup", Time since last: 1554994633 ns, Reaching safepoint: 20828 ns, Cleanup: 15807 ns, At safepoint: 9072 ns, Total: 45707 ns
[2025-05-27T12:38:12.459+0000][69][info ][safepoint   ] Safepoint "Cleanup", Time since last: 112640558008 ns, Reaching safepoint: 32304 ns, Cleanup: 15875 ns, At safepoint: 115193 ns, Total: 163372 ns
[2025-05-27T12:39:51.509+0000][69][info ][safepoint   ] Safepoint "Cleanup", Time since last: 99058101909 ns, Reaching safepoint: 41934 ns, Cleanup: 18179 ns, At safepoint: 67343 ns, Total: 127456 ns
[2025-05-27T12:40:18.528+0000][69][info ][safepoint   ] Safepoint "Cleanup", Time since last: 27024146244 ns, Reaching safepoint: 19949 ns, Cleanup: 12647 ns, At safepoint: 64656 ns, Total: 97252 ns
[2025-05-27T12:41:10.582+0000][69][info ][safepoint   ] Safepoint "Cleanup", Time since last: 52060066273 ns, Reaching safepoint: 30406 ns, Cleanup: 20368 ns, At safepoint: 18925 ns, Total: 69699 ns
[2025-05-27T12:46:36.135+0000][69][info ][safepoint   ] Safepoint "Cleanup", Time since last: 325589313246 ns, Reaching safepoint: 28460 ns, Cleanup: 14032 ns, At safepoint: 70079 ns, Total: 112571 ns
[2025-05-27T12:49:11.124+0000][69][info ][safepoint   ] Safepoint "Cleanup", Time since last: 155005261619 ns, Reaching safepoint: 56138 ns, Cleanup: 13045 ns, At safepoint: 9927 ns, Total: 79110 ns
[2025-05-27T12:56:03.071+0000][69][info ][safepoint   ] Safepoint "Cleanup", Time since last: 411990073215 ns, Reaching safepoint: 24840 ns, Cleanup: 13445 ns, At safepoint: 22176 ns, Total: 60461 ns
[2025-05-27T13:00:06.533+0000][69][info ][safepoint   ] Safepoint "Cleanup", Time since last: 243485981462 ns, Reaching safepoint: 32154 ns, Cleanup: 15558 ns, At safepoint: 11412 ns, Total: 59124 ns
[2025-05-27T13:04:50.852+0000][69][info ][safepoint   ] Safepoint "Cleanup", Time since last: 284345043969 ns, Reaching safepoint: 30166 ns, Cleanup: 18128 ns, At safepoint: 63008 ns, Total: 111302 ns
[2025-05-27T13:09:53.893+0000][69][info ][safepoint   ] Safepoint "Cleanup", Time since last: 303068115893 ns, Reaching safepoint: 2262203 ns, Cleanup: 144699 ns, At safepoint: 182618 ns, Total: 2589520 ns
[2025-05-27T13:17:15.070+0000][69][info ][gc,start    ] GC(33) Pause Young (Normal) (G1 Evacuation Pause)
[2025-05-27T13:17:15.071+0000][69][info ][gc,task     ] GC(33) Using 10 workers of 10 for evacuation
[2025-05-27T13:17:15.072+0000][69][debug][gc,age      ] GC(33) Desired survivor size 153092096 bytes, new threshold 15 (max threshold 15)
[2025-05-27T13:17:15.151+0000][69][info ][gc,phases   ] GC(33)   Pre Evacuate Collection Set: 5.38ms
[2025-05-27T13:17:15.151+0000][69][info ][gc,phases   ] GC(33)   Merge Heap Roots: 1.82ms
[2025-05-27T13:17:15.151+0000][69][info ][gc,phases   ] GC(33)   Evacuate Collection Set: 60.60ms
[2025-05-27T13:17:15.152+0000][69][info ][gc,phases   ] GC(33)   Post Evacuate Collection Set: 9.63ms
[2025-05-27T13:17:15.152+0000][69][info ][gc,phases   ] GC(33)   Other: 2.43ms
[2025-05-27T13:17:15.153+0000][69][trace][gc,age      ] GC(33) Age table with threshold 15 (max threshold 15)
[2025-05-27T13:17:15.153+0000][69][trace][gc,age      ] GC(33) - age   1:    1678136 bytes,    1678136 total
[2025-05-27T13:17:15.154+0000][69][trace][gc,age      ] GC(33) - age   2:     119240 bytes,    1797376 total
[2025-05-27T13:17:15.154+0000][69][trace][gc,age      ] GC(33) - age   3:     117376 bytes,    1914752 total
[2025-05-27T13:17:15.155+0000][69][trace][gc,age      ] GC(33) - age   4:     114976 bytes,    2029728 total
[2025-05-27T13:17:15.155+0000][69][trace][gc,age      ] GC(33) - age   5:     125344 bytes,    2155072 total
[2025-05-27T13:17:15.155+0000][69][trace][gc,age      ] GC(33) - age   6:     113200 bytes,    2268272 total
[2025-05-27T13:17:15.156+0000][69][trace][gc,age      ] GC(33) - age   7:     118320 bytes,    2386592 total
[2025-05-27T13:17:15.156+0000][69][trace][gc,age      ] GC(33) - age   8:     134176 bytes,    2520768 total
[2025-05-27T13:17:15.156+0000][69][trace][gc,age      ] GC(33) - age   9:       4264 bytes,    2525032 total
[2025-05-27T13:17:15.157+0000][69][trace][gc,age      ] GC(33) - age  10:     121184 bytes,    2646216 total
[2025-05-27T13:17:15.157+0000][69][trace][gc,age      ] GC(33) - age  11:    2697072 bytes,    5343288 total
[2025-05-27T13:17:15.157+0000][69][trace][gc,age      ] GC(33) - age  12:    1110720 bytes,    6454008 total
[2025-05-27T13:17:15.158+0000][69][trace][gc,age      ] GC(33) - age  13:     258136 bytes,    6712144 total
[2025-05-27T13:17:15.160+0000][69][trace][gc,age      ] GC(33) - age  14:      38736 bytes,    6750880 total
[2025-05-27T13:17:15.161+0000][69][trace][gc,age      ] GC(33) - age  15:     182168 bytes,    6933048 total
[2025-05-27T13:17:15.161+0000][69][info ][gc,heap     ] GC(33) Eden regions: 580->0(580)
[2025-05-27T13:17:15.161+0000][69][info ][gc,heap     ] GC(33) Survivor regions: 2->2(73)
[2025-05-27T13:17:15.162+0000][69][info ][gc,heap     ] GC(33) Old regions: 25->26
[2025-05-27T13:17:15.163+0000][69][info ][gc,heap     ] GC(33) Humongous regions: 0->0
[2025-05-27T13:17:15.164+0000][69][info ][gc,metaspace] GC(33) Metaspace: 146912K(153344K)->146912K(153344K) NonClass: 127324K(131264K)->127324K(131264K) Class: 19587K(22080K)->19587K(22080K)
[2025-05-27T13:17:15.165+0000][69][info ][gc          ] GC(33) Pause Young (Normal) (G1 Evacuation Pause) 2426M->107M(3880M) 94.509ms
[2025-05-27T13:17:15.165+0000][69][info ][gc,cpu      ] GC(33) User=0.46s Sys=0.01s Real=0.09s
[2025-05-27T13:17:15.165+0000][69][info ][safepoint   ] Safepoint "G1CollectForAllocation", Time since last: 441215200968 ns, Reaching safepoint: 22335 ns, Cleanup: 5499 ns, At safepoint: 95704304 ns, Total: 95732138 ns
[2025-05-27T13:30:27.590+0000][69][info ][safepoint   ] Safepoint "Cleanup", Time since last: 792498830907 ns, Reaching safepoint: 66512 ns, Cleanup: 41255 ns, At safepoint: 12798 ns, Total: 120565 ns
[2025-05-27T13:30:39.037+0000][69][info ][safepoint   ] Safepoint "Cleanup", Time since last: 11446800824 ns, Reaching safepoint: 17875 ns, Cleanup: 18661 ns, At safepoint: 83949 ns, Total: 120485 ns
[2025-05-27T13:30:40.123+0000][69][info ][safepoint   ] Safepoint "Cleanup", Time since last: 1085858835 ns, Reaching safepoint: 29714 ns, Cleanup: 17542 ns, At safepoint: 18982 ns, Total: 66238 ns
[2025-05-27T13:30:42.023+0000][69][info ][safepoint   ] Safepoint "Cleanup", Time since last: 1900363359 ns, Reaching safepoint: 6416 ns, Cleanup: 7861 ns, At safepoint: 2927 ns, Total: 17204 ns
[2025-05-27T13:30:45.180+0000][69][info ][safepoint   ] Safepoint "Cleanup", Time since last: 3156943196 ns, Reaching safepoint: 6390 ns, Cleanup: 9987 ns, At safepoint: 3284 ns, Total: 19661 ns
[2025-05-27T13:31:39.043+0000][69][info ][safepoint   ] Safepoint "Cleanup", Time since last: 53868367999 ns, Reaching safepoint: 13917 ns, Cleanup: 9858 ns, At safepoint: 33422 ns, Total: 57197 ns
[2025-05-27T13:31:40.257+0000][69][info ][safepoint   ] Safepoint "Cleanup", Time since last: 1213485883 ns, Reaching safepoint: 29648 ns, Cleanup: 27136 ns, At safepoint: 17480 ns, Total: 74264 ns
[2025-05-27T13:31:48.138+0000][69][info ][safepoint   ] Safepoint "Cleanup", Time since last: 7881455050 ns, Reaching safepoint: 22917 ns, Cleanup: 15804 ns, At safepoint: 66288 ns, Total: 105009 ns
[2025-05-27T13:33:52.420+0000][69][info ][safepoint   ] Safepoint "Cleanup", Time since last: 124291817854 ns, Reaching safepoint: 47772 ns, Cleanup: 19068 ns, At safepoint: 16804 ns, Total: 83644 ns
[2025-05-27T13:37:00.041+0000][69][info ][safepoint   ] Safepoint "Cleanup", Time since last: 187640497479 ns, Reaching safepoint: 22283 ns, Cleanup: 12924 ns, At safepoint: 22087 ns, Total: 57294 ns
[2025-05-27T13:37:01.620+0000][69][info ][safepoint   ] Safepoint "Cleanup", Time since last: 1578892564 ns, Reaching safepoint: 20142 ns, Cleanup: 18773 ns, At safepoint: 5528 ns, Total: 44443 ns
[2025-05-27T13:43:10.029+0000][69][info ][safepoint   ] Safepoint "Cleanup", Time since last: 368441643567 ns, Reaching safepoint: 30010 ns, Cleanup: 16118 ns, At safepoint: 16498 ns, Total: 62626 ns
[2025-05-27T13:46:48.121+0000][69][info ][safepoint   ] Safepoint "Cleanup", Time since last: 218111113186 ns, Reaching safepoint: 63302 ns, Cleanup: 15004 ns, At safepoint: 74812 ns, Total: 153118 ns
[2025-05-27T13:46:49.142+0000][69][info ][safepoint   ] Safepoint "Cleanup", Time since last: 1020829382 ns, Reaching safepoint: 16261 ns, Cleanup: 21468 ns, At safepoint: 84764 ns, Total: 122493 ns
[2025-05-27T13:46:50.152+0000][69][info ][safepoint   ] Safepoint "Cleanup", Time since last: 1010260732 ns, Reaching safepoint: 15947 ns, Cleanup: 12839 ns, At safepoint: 8736 ns, Total: 37522 ns
[2025-05-27T13:47:30.187+0000][69][info ][safepoint   ] Safepoint "Cleanup", Time since last: 40039556247 ns, Reaching safepoint: 14564 ns, Cleanup: 21484 ns, At safepoint: 126769 ns, Total: 162817 ns
[2025-05-27T13:48:33.269+0000][69][info ][safepoint   ] Safepoint "Cleanup", Time since last: 63087430905 ns, Reaching safepoint: 7896 ns, Cleanup: 9610 ns, At safepoint: 3418 ns, Total: 20924 ns
[2025-05-27T13:52:19.025+0000][69][info ][safepoint   ] Safepoint "Cleanup", Time since last: 225773932003 ns, Reaching safepoint: 108279 ns, Cleanup: 18043 ns, At safepoint: 18102 ns, Total: 144424 ns
[2025-05-27T13:54:50.979+0000][69][info ][safepoint   ] Safepoint "Cleanup", Time since last: 151967098190 ns, Reaching safepoint: 10918 ns, Cleanup: 5527 ns, At safepoint: 12505 ns, Total: 28950 ns
[2025-05-27T14:02:24.004+0000][69][info ][safepoint   ] Safepoint "Cleanup", Time since last: 453067856090 ns, Reaching safepoint: 147889 ns, Cleanup: 11857 ns, At safepoint: 49651 ns, Total: 209397 ns
[2025-05-27T14:07:52.033+0000][69][info ][gc,start    ] GC(34) Pause Young (Normal) (G1 Evacuation Pause)
[2025-05-27T14:07:52.035+0000][69][info ][gc,task     ] GC(34) Using 10 workers of 10 for evacuation
[2025-05-27T14:07:52.036+0000][69][debug][gc,age      ] GC(34) Desired survivor size 153092096 bytes, new threshold 15 (max threshold 15)
[2025-05-27T14:07:52.112+0000][69][info ][gc,phases   ] GC(34)   Pre Evacuate Collection Set: 6.42ms
[2025-05-27T14:07:52.112+0000][69][info ][gc,phases   ] GC(34)   Merge Heap Roots: 1.25ms
[2025-05-27T14:07:52.113+0000][69][info ][gc,phases   ] GC(34)   Evacuate Collection Set: 55.15ms
[2025-05-27T14:07:52.113+0000][69][info ][gc,phases   ] GC(34)   Post Evacuate Collection Set: 11.88ms
[2025-05-27T14:07:52.114+0000][69][info ][gc,phases   ] GC(34)   Other: 2.50ms
[2025-05-27T14:07:52.114+0000][69][trace][gc,age      ] GC(34) Age table with threshold 15 (max threshold 15)
[2025-05-27T14:07:52.114+0000][69][trace][gc,age      ] GC(34) - age   1:     892368 bytes,     892368 total
[2025-05-27T14:07:52.115+0000][69][trace][gc,age      ] GC(34) - age   2:     203904 bytes,    1096272 total
[2025-05-27T14:07:52.115+0000][69][trace][gc,age      ] GC(34) - age   3:     117456 bytes,    1213728 total
[2025-05-27T14:07:52.116+0000][69][trace][gc,age      ] GC(34) - age   4:     116416 bytes,    1330144 total
[2025-05-27T14:07:52.116+0000][69][trace][gc,age      ] GC(34) - age   5:     114592 bytes,    1444736 total
[2025-05-27T14:07:52.116+0000][69][trace][gc,age      ] GC(34) - age   6:     125096 bytes,    1569832 total
[2025-05-27T14:07:52.117+0000][69][trace][gc,age      ] GC(34) - age   7:     113128 bytes,    1682960 total
[2025-05-27T14:07:52.117+0000][69][trace][gc,age      ] GC(34) - age   8:     118208 bytes,    1801168 total
[2025-05-27T14:07:52.118+0000][69][trace][gc,age      ] GC(34) - age   9:     134024 bytes,    1935192 total
[2025-05-27T14:07:52.118+0000][69][trace][gc,age      ] GC(34) - age  10:       4264 bytes,    1939456 total
[2025-05-27T14:07:52.118+0000][69][trace][gc,age      ] GC(34) - age  11:     121184 bytes,    2060640 total
[2025-05-27T14:07:52.119+0000][69][trace][gc,age      ] GC(34) - age  12:    2697072 bytes,    4757712 total
[2025-05-27T14:07:52.119+0000][69][trace][gc,age      ] GC(34) - age  13:    1110720 bytes,    5868432 total
[2025-05-27T14:07:52.120+0000][69][trace][gc,age      ] GC(34) - age  14:     258136 bytes,    6126568 total
[2025-05-27T14:07:52.120+0000][69][trace][gc,age      ] GC(34) - age  15:      38736 bytes,    6165304 total
[2025-05-27T14:07:52.120+0000][69][info ][gc,heap     ] GC(34) Eden regions: 580->0(580)
[2025-05-27T14:07:52.121+0000][69][info ][gc,heap     ] GC(34) Survivor regions: 2->2(73)
[2025-05-27T14:07:52.121+0000][69][info ][gc,heap     ] GC(34) Old regions: 26->26
[2025-05-27T14:07:52.122+0000][69][info ][gc,heap     ] GC(34) Humongous regions: 0->0
[2025-05-27T14:07:52.122+0000][69][info ][gc,metaspace] GC(34) Metaspace: 146919K(153344K)->146919K(153344K) NonClass: 127331K(131264K)->127331K(131264K) Class: 19587K(22080K)->19587K(22080K)
[2025-05-27T14:07:52.123+0000][69][info ][gc          ] GC(34) Pause Young (Normal) (G1 Evacuation Pause) 2427M->106M(3880M) 89.835ms
[2025-05-27T14:07:52.123+0000][69][info ][gc,cpu      ] GC(34) User=0.40s Sys=0.04s Real=0.09s
[2025-05-27T14:07:52.124+0000][69][info ][safepoint   ] Safepoint "G1CollectForAllocation", Time since last: 328050724281 ns, Reaching safepoint: 66016 ns, Cleanup: 6962 ns, At safepoint: 92769228 ns, Total: 92842206 ns
[2025-05-27T14:14:49.642+0000][69][info ][safepoint   ] Safepoint "Cleanup", Time since last: 417551154422 ns, Reaching safepoint: 32804 ns, Cleanup: 20518 ns, At safepoint: 11794 ns, Total: 65116 ns
[2025-05-27T14:17:18.553+0000][69][info ][safepoint   ] Safepoint "Cleanup", Time since last: 148923256815 ns, Reaching safepoint: 13038 ns, Cleanup: 9320 ns, At safepoint: 13140 ns, Total: 35498 ns
[2025-05-27T14:20:04.928+0000][69][info ][safepoint   ] Safepoint "Cleanup", Time since last: 166389811076 ns, Reaching safepoint: 24741 ns, Cleanup: 14530 ns, At safepoint: 8852 ns, Total: 48123 ns
[2025-05-27T14:22:09.946+0000][69][info ][safepoint   ] Safepoint "Cleanup", Time since last: 125028840085 ns, Reaching safepoint: 18219 ns, Cleanup: 14477 ns, At safepoint: 8681 ns, Total: 41377 ns
[2025-05-27T14:24:14.904+0000][69][info ][safepoint   ] Safepoint "Cleanup", Time since last: 124968434193 ns, Reaching safepoint: 7605 ns, Cleanup: 8396 ns, At safepoint: 13689 ns, Total: 29690 ns
[2025-05-27T14:27:24.048+0000][69][info ][safepoint   ] Safepoint "Cleanup", Time since last: 189161947359 ns, Reaching safepoint: 26697 ns, Cleanup: 15534 ns, At safepoint: 86930 ns, Total: 129161 ns
[2025-05-27T14:27:28.259+0000][69][info ][safepoint   ] Safepoint "Cleanup", Time since last: 4211466788 ns, Reaching safepoint: 24969 ns, Cleanup: 15758 ns, At safepoint: 10599 ns, Total: 51326 ns
[2025-05-27T14:30:33.358+0000][69][info ][safepoint   ] Safepoint "Cleanup", Time since last: 185114309480 ns, Reaching safepoint: 23666 ns, Cleanup: 14213 ns, At safepoint: 78230 ns, Total: 116109 ns
[2025-05-27T14:30:41.913+0000][69][info ][safepoint   ] Safepoint "Cleanup", Time since last: 8554592038 ns, Reaching safepoint: 7461 ns, Cleanup: 8949 ns, At safepoint: 26324 ns, Total: 42734 ns
[2025-05-27T14:30:42.934+0000][69][info ][safepoint   ] Safepoint "Cleanup", Time since last: 1020401486 ns, Reaching safepoint: 25778 ns, Cleanup: 13564 ns, At safepoint: 68945 ns, Total: 108287 ns
[2025-05-27T14:32:48.041+0000][69][info ][safepoint   ] Safepoint "Cleanup", Time since last: 125116817753 ns, Reaching safepoint: 28574 ns, Cleanup: 14498 ns, At safepoint: 71029 ns, Total: 114101 ns
[2025-05-27T14:43:09.214+0000][69][info ][safepoint   ] Safepoint "Cleanup", Time since last: 621226449563 ns, Reaching safepoint: 11525 ns, Cleanup: 7466 ns, At safepoint: 13534 ns, Total: 32525 ns
[2025-05-27T14:43:10.234+0000][69][info ][safepoint   ] Safepoint "Cleanup", Time since last: 1020356482 ns, Reaching safepoint: 28506 ns, Cleanup: 15865 ns, At safepoint: 11932 ns, Total: 56303 ns
[2025-05-27T14:47:48.659+0000][69][info ][safepoint   ] Safepoint "Cleanup", Time since last: 278447119904 ns, Reaching safepoint: 7358 ns, Cleanup: 8966 ns, At safepoint: 15120 ns, Total: 31444 ns
[2025-05-27T14:47:51.661+0000][69][info ][safepoint   ] Safepoint "Cleanup", Time since last: 3001872464 ns, Reaching safepoint: 27782 ns, Cleanup: 22017 ns, At safepoint: 13939 ns, Total: 63738 ns
[2025-05-27T14:49:48.559+0000][69][info ][safepoint   ] Safepoint "Cleanup", Time since last: 116908064493 ns, Reaching safepoint: 78745 ns, Cleanup: 20084 ns, At safepoint: 20315 ns, Total: 119144 ns
[2025-05-27T14:53:25.457+0000][69][info ][safepoint   ] Safepoint "Cleanup", Time since last: 216916895885 ns, Reaching safepoint: 45983 ns, Cleanup: 13342 ns, At safepoint: 10784 ns, Total: 70109 ns
[2025-05-27T14:53:28.458+0000][69][info ][safepoint   ] Safepoint "Cleanup", Time since last: 3001005458 ns, Reaching safepoint: 24584 ns, Cleanup: 15876 ns, At safepoint: 12727 ns, Total: 53187 ns
[2025-05-27T14:57:51.893+0000][69][info ][safepoint   ] Safepoint "Cleanup", Time since last: 263454449156 ns, Reaching safepoint: 26547 ns, Cleanup: 20138 ns, At safepoint: 12943 ns, Total: 59628 ns
[2025-05-27T15:01:00.048+0000][69][info ][gc,start    ] GC(35) Pause Young (Normal) (G1 Evacuation Pause)
[2025-05-27T15:01:00.049+0000][69][info ][gc,task     ] GC(35) Using 10 workers of 10 for evacuation
[2025-05-27T15:01:00.051+0000][69][debug][gc,age      ] GC(35) Desired survivor size 153092096 bytes, new threshold 15 (max threshold 15)
[2025-05-27T15:01:00.111+0000][69][info ][gc,phases   ] GC(35)   Pre Evacuate Collection Set: 4.91ms
[2025-05-27T15:01:00.112+0000][69][info ][gc,phases   ] GC(35)   Merge Heap Roots: 1.53ms
[2025-05-27T15:01:00.112+0000][69][info ][gc,phases   ] GC(35)   Evacuate Collection Set: 44.72ms
[2025-05-27T15:01:00.113+0000][69][info ][gc,phases   ] GC(35)   Post Evacuate Collection Set: 7.41ms
[2025-05-27T15:01:00.113+0000][69][info ][gc,phases   ] GC(35)   Other: 2.89ms
[2025-05-27T15:01:00.114+0000][69][trace][gc,age      ] GC(35) Age table with threshold 15 (max threshold 15)
[2025-05-27T15:01:00.114+0000][69][trace][gc,age      ] GC(35) - age   1:    1278280 bytes,    1278280 total
[2025-05-27T15:01:00.115+0000][69][trace][gc,age      ] GC(35) - age   2:     202736 bytes,    1481016 total
[2025-05-27T15:01:00.115+0000][69][trace][gc,age      ] GC(35) - age   3:     136232 bytes,    1617248 total
[2025-05-27T15:01:00.115+0000][69][trace][gc,age      ] GC(35) - age   4:     116488 bytes,    1733736 total
[2025-05-27T15:01:00.115+0000][69][trace][gc,age      ] GC(35) - age   5:     115816 bytes,    1849552 total
[2025-05-27T15:01:00.116+0000][69][trace][gc,age      ] GC(35) - age   6:     114496 bytes,    1964048 total
[2025-05-27T15:01:00.116+0000][69][trace][gc,age      ] GC(35) - age   7:     124904 bytes,    2088952 total
[2025-05-27T15:01:00.117+0000][69][trace][gc,age      ] GC(35) - age   8:     107976 bytes,    2196928 total
[2025-05-27T15:01:00.117+0000][69][trace][gc,age      ] GC(35) - age   9:     118208 bytes,    2315136 total
[2025-05-27T15:01:00.117+0000][69][trace][gc,age      ] GC(35) - age  10:     134024 bytes,    2449160 total
[2025-05-27T15:01:00.118+0000][69][trace][gc,age      ] GC(35) - age  11:       4264 bytes,    2453424 total
[2025-05-27T15:01:00.118+0000][69][trace][gc,age      ] GC(35) - age  12:     121184 bytes,    2574608 total
[2025-05-27T15:01:00.118+0000][69][trace][gc,age      ] GC(35) - age  13:    2697072 bytes,    5271680 total
[2025-05-27T15:01:00.119+0000][69][trace][gc,age      ] GC(35) - age  14:    1110720 bytes,    6382400 total
[2025-05-27T15:01:00.119+0000][69][trace][gc,age      ] GC(35) - age  15:     258136 bytes,    6640536 total
[2025-05-27T15:01:00.119+0000][69][info ][gc,heap     ] GC(35) Eden regions: 580->0(580)
[2025-05-27T15:01:00.120+0000][69][info ][gc,heap     ] GC(35) Survivor regions: 2->2(73)
[2025-05-27T15:01:00.120+0000][69][info ][gc,heap     ] GC(35) Old regions: 26->26
[2025-05-27T15:01:00.121+0000][69][info ][gc,heap     ] GC(35) Humongous regions: 0->0
[2025-05-27T15:01:00.121+0000][69][info ][gc,metaspace] GC(35) Metaspace: 146947K(153344K)->146947K(153344K) NonClass: 127359K(131264K)->127359K(131264K) Class: 19587K(22080K)->19587K(22080K)
[2025-05-27T15:01:00.122+0000][69][info ][gc          ] GC(35) Pause Young (Normal) (G1 Evacuation Pause) 2426M->107M(3880M) 73.469ms
[2025-05-27T15:01:00.122+0000][69][info ][gc,cpu      ] GC(35) User=0.35s Sys=0.01s Real=0.08s
[2025-05-27T15:01:00.122+0000][69][info ][safepoint   ] Safepoint "G1CollectForAllocation", Time since last: 188171560071 ns, Reaching safepoint: 16667 ns, Cleanup: 5452 ns, At safepoint: 74527171 ns, Total: 74549290 ns
[2025-05-27T15:05:12.326+0000][69][info ][safepoint   ] Safepoint "Cleanup", Time since last: 252222900168 ns, Reaching safepoint: 15196 ns, Cleanup: 11482 ns, At safepoint: 6507 ns, Total: 33185 ns
[2025-05-27T15:06:14.851+0000][69][info ][safepoint   ] Safepoint "Cleanup", Time since last: 62529648452 ns, Reaching safepoint: 7146 ns, Cleanup: 9718 ns, At safepoint: 3483 ns, Total: 20347 ns
[2025-05-27T15:08:02.845+0000][69][info ][safepoint   ] Safepoint "Cleanup", Time since last: 108003510129 ns, Reaching safepoint: 18958 ns, Cleanup: 14793 ns, At safepoint: 10015 ns, Total: 43766 ns
[2025-05-27T15:09:23.859+0000][69][info ][safepoint   ] Safepoint "Cleanup", Time since last: 81021665275 ns, Reaching safepoint: 6840 ns, Cleanup: 11669 ns, At safepoint: 3413 ns, Total: 21922 ns
[2025-05-27T15:12:39.629+0000][69][info ][safepoint   ] Safepoint "Cleanup", Time since last: 195784548485 ns, Reaching safepoint: 12930 ns, Cleanup: 11548 ns, At safepoint: 18921 ns, Total: 43399 ns
[2025-05-27T15:13:36.667+0000][69][info ][safepoint   ] Safepoint "Cleanup", Time since last: 57042493980 ns, Reaching safepoint: 14267 ns, Cleanup: 11950 ns, At safepoint: 21423 ns, Total: 47640 ns
[2025-05-27T15:16:02.881+0000][69][info ][safepoint   ] Safepoint "Cleanup", Time since last: 146226487946 ns, Reaching safepoint: 6469 ns, Cleanup: 10262 ns, At safepoint: 13808 ns, Total: 30539 ns
[2025-05-27T15:16:44.855+0000][69][info ][safepoint   ] Safepoint "Cleanup", Time since last: 41976721075 ns, Reaching safepoint: 7976 ns, Cleanup: 9089 ns, At safepoint: 14439 ns, Total: 31504 ns
[2025-05-27T15:18:10.105+0000][69][info ][safepoint   ] Safepoint "Cleanup", Time since last: 85257090706 ns, Reaching safepoint: 59277 ns, Cleanup: 15107 ns, At safepoint: 14082 ns, Total: 88466 ns
[2025-05-27T15:18:50.944+0000][69][info ][safepoint   ] Safepoint "Cleanup", Time since last: 40841177453 ns, Reaching safepoint: 5935 ns, Cleanup: 6490 ns, At safepoint: 2992 ns, Total: 15417 ns
[2025-05-27T15:30:45.461+0000][69][info ][safepoint   ] Safepoint "Cleanup", Time since last: 714572895669 ns, Reaching safepoint: 7296 ns, Cleanup: 325940 ns, At safepoint: 53545 ns, Total: 386781 ns
[2025-05-27T15:33:17.840+0000][69][info ][safepoint   ] Safepoint "Cleanup", Time since last: 152391286273 ns, Reaching safepoint: 6817 ns, Cleanup: 8763 ns, At safepoint: 13065 ns, Total: 28645 ns
[2025-05-27T15:38:47.844+0000][69][info ][safepoint   ] Safepoint "Cleanup", Time since last: 330028988820 ns, Reaching safepoint: 12906 ns, Cleanup: 10117 ns, At safepoint: 18365 ns, Total: 41388 ns
[2025-05-27T15:42:00.743+0000][69][info ][safepoint   ] Safepoint "Cleanup", Time since last: 192916055813 ns, Reaching safepoint: 24684 ns, Cleanup: 14433 ns, At safepoint: 11177 ns, Total: 50294 ns
[2025-05-27T15:44:03.906+0000][69][info ][safepoint   ] Safepoint "Cleanup", Time since last: 123173660883 ns, Reaching safepoint: 13496 ns, Cleanup: 10729 ns, At safepoint: 18731 ns, Total: 42956 ns
[2025-05-27T15:47:46.016+0000][69][info ][safepoint   ] Safepoint "Cleanup", Time since last: 222125797419 ns, Reaching safepoint: 55703 ns, Cleanup: 16323 ns, At safepoint: 10310 ns, Total: 82336 ns
[2025-05-27T15:47:59.820+0000][69][info ][safepoint   ] Safepoint "Cleanup", Time since last: 13806853719 ns, Reaching safepoint: 6097 ns, Cleanup: 9558 ns, At safepoint: 13747 ns, Total: 29402 ns
[2025-05-27T15:49:17.856+0000][69][info ][safepoint   ] Safepoint "Cleanup", Time since last: 78040024457 ns, Reaching safepoint: 95248 ns, Cleanup: 13348 ns, At safepoint: 32408 ns, Total: 141004 ns
[2025-05-27T15:53:10.220+0000][69][info ][safepoint   ] Safepoint "Cleanup", Time since last: 232383097745 ns, Reaching safepoint: 30511 ns, Cleanup: 16370 ns, At safepoint: 12867 ns, Total: 59748 ns
[2025-05-27T15:54:32.827+0000][69][info ][gc,start    ] GC(36) Pause Young (Normal) (G1 Evacuation Pause)
[2025-05-27T15:54:32.827+0000][69][info ][gc,task     ] GC(36) Using 10 workers of 10 for evacuation
[2025-05-27T15:54:32.828+0000][69][debug][gc,age      ] GC(36) Desired survivor size 153092096 bytes, new threshold 15 (max threshold 15)
[2025-05-27T15:54:32.843+0000][69][info ][gc,phases   ] GC(36)   Pre Evacuate Collection Set: 0.74ms
[2025-05-27T15:54:32.843+0000][69][info ][gc,phases   ] GC(36)   Merge Heap Roots: 0.72ms
[2025-05-27T15:54:32.843+0000][69][info ][gc,phases   ] GC(36)   Evacuate Collection Set: 11.28ms
[2025-05-27T15:54:32.844+0000][69][info ][gc,phases   ] GC(36)   Post Evacuate Collection Set: 1.71ms
[2025-05-27T15:54:32.845+0000][69][info ][gc,phases   ] GC(36)   Other: 0.74ms
[2025-05-27T15:54:32.845+0000][69][trace][gc,age      ] GC(36) Age table with threshold 15 (max threshold 15)
[2025-05-27T15:54:32.846+0000][69][trace][gc,age      ] GC(36) - age   1:    1228360 bytes,    1228360 total
[2025-05-27T15:54:32.846+0000][69][trace][gc,age      ] GC(36) - age   2:     286928 bytes,    1515288 total
[2025-05-27T15:54:32.847+0000][69][trace][gc,age      ] GC(36) - age   3:     135784 bytes,    1651072 total
[2025-05-27T15:54:32.847+0000][69][trace][gc,age      ] GC(36) - age   4:     135952 bytes,    1787024 total
[2025-05-27T15:54:32.847+0000][69][trace][gc,age      ] GC(36) - age   5:     116008 bytes,    1903032 total
[2025-05-27T15:54:32.848+0000][69][trace][gc,age      ] GC(36) - age   6:     115664 bytes,    2018696 total
[2025-05-27T15:54:32.848+0000][69][trace][gc,age      ] GC(36) - age   7:     114192 bytes,    2132888 total
[2025-05-27T15:54:32.848+0000][69][trace][gc,age      ] GC(36) - age   8:     124864 bytes,    2257752 total
[2025-05-27T15:54:32.848+0000][69][trace][gc,age      ] GC(36) - age   9:     107976 bytes,    2365728 total
[2025-05-27T15:54:32.849+0000][69][trace][gc,age      ] GC(36) - age  10:     118208 bytes,    2483936 total
[2025-05-27T15:54:32.850+0000][69][trace][gc,age      ] GC(36) - age  11:     134024 bytes,    2617960 total
[2025-05-27T15:54:32.850+0000][69][trace][gc,age      ] GC(36) - age  12:       4264 bytes,    2622224 total
[2025-05-27T15:54:32.850+0000][69][trace][gc,age      ] GC(36) - age  13:     121184 bytes,    2743408 total
[2025-05-27T15:54:32.851+0000][69][trace][gc,age      ] GC(36) - age  14:    2697072 bytes,    5440480 total
[2025-05-27T15:54:32.852+0000][69][trace][gc,age      ] GC(36) - age  15:    1110720 bytes,    6551200 total
[2025-05-27T15:54:32.852+0000][69][info ][gc,heap     ] GC(36) Eden regions: 580->0(580)
[2025-05-27T15:54:32.853+0000][69][info ][gc,heap     ] GC(36) Survivor regions: 2->2(73)
[2025-05-27T15:54:32.854+0000][69][info ][gc,heap     ] GC(36) Old regions: 26->26
[2025-05-27T15:54:32.855+0000][69][info ][gc,heap     ] GC(36) Humongous regions: 0->0
[2025-05-27T15:54:32.855+0000][69][info ][gc,metaspace] GC(36) Metaspace: 146957K(153344K)->146957K(153344K) NonClass: 127370K(131264K)->127370K(131264K) Class: 19587K(22080K)->19587K(22080K)
[2025-05-27T15:54:32.855+0000][69][info ][gc          ] GC(36) Pause Young (Normal) (G1 Evacuation Pause) 2427M->107M(3880M) 28.243ms
[2025-05-27T15:54:32.855+0000][69][info ][gc,cpu      ] GC(36) User=0.09s Sys=0.00s Real=0.03s
[2025-05-27T15:54:32.856+0000][69][info ][safepoint   ] Safepoint "G1CollectForAllocation", Time since last: 82613478603 ns, Reaching safepoint: 30053 ns, Cleanup: 6050 ns, At safepoint: 29422301 ns, Total: 29458404 ns
[2025-05-27T15:56:10.137+0000][69][info ][safepoint   ] Safepoint "Cleanup", Time since last: 97287893303 ns, Reaching safepoint: 52552 ns, Cleanup: 19401 ns, At safepoint: 11351 ns, Total: 83304 ns
[2025-05-27T16:01:09.480+0000][69][info ][safepoint   ] Safepoint "Cleanup", Time since last: 299366825864 ns, Reaching safepoint: 61034 ns, Cleanup: 22473 ns, At safepoint: 13698 ns, Total: 97205 ns
[2025-05-27T16:03:18.225+0000][69][info ][safepoint   ] Safepoint "Cleanup", Time since last: 128755098176 ns, Reaching safepoint: 13211 ns, Cleanup: 9585 ns, At safepoint: 13727 ns, Total: 36523 ns
[2025-05-27T16:03:59.787+0000][69][info ][safepoint   ] Safepoint "Cleanup", Time since last: 41565428809 ns, Reaching safepoint: 17178 ns, Cleanup: 10447 ns, At safepoint: 5973 ns, Total: 33598 ns
[2025-05-27T16:09:09.503+0000][69][info ][safepoint   ] Safepoint "Cleanup", Time since last: 309740045098 ns, Reaching safepoint: 73273 ns, Cleanup: 25567 ns, At safepoint: 16840 ns, Total: 115680 ns
[2025-05-27T16:16:09.689+0000][69][info ][safepoint   ] Safepoint "Cleanup", Time since last: 420217857228 ns, Reaching safepoint: 20464 ns, Cleanup: 12799 ns, At safepoint: 9352 ns, Total: 42615 ns
[2025-05-27T16:18:18.058+0000][69][info ][safepoint   ] Safepoint "Cleanup", Time since last: 128377868459 ns, Reaching safepoint: 49001 ns, Cleanup: 14860 ns, At safepoint: 25079 ns, Total: 88940 ns
[2025-05-27T16:19:09.768+0000][69][info ][safepoint   ] Safepoint "Cleanup", Time since last: 51714298823 ns, Reaching safepoint: 57857 ns, Cleanup: 15724 ns, At safepoint: 14141 ns, Total: 87722 ns
[2025-05-27T16:20:52.167+0000][69][info ][safepoint   ] Safepoint "Cleanup", Time since last: 102405845394 ns, Reaching safepoint: 63196 ns, Cleanup: 18166 ns, At safepoint: 11715 ns, Total: 93077 ns
[2025-05-27T16:22:54.210+0000][69][info ][safepoint   ] Safepoint "Cleanup", Time since last: 122053936678 ns, Reaching safepoint: 26892 ns, Cleanup: 14414 ns, At safepoint: 25316 ns, Total: 66622 ns
[2025-05-27T16:23:21.219+0000][69][info ][safepoint   ] Safepoint "Cleanup", Time since last: 27009187607 ns, Reaching safepoint: 21740 ns, Cleanup: 9269 ns, At safepoint: 6904 ns, Total: 37913 ns
[2025-05-27T16:23:22.229+0000][69][info ][safepoint   ] Safepoint "Cleanup", Time since last: 1010142695 ns, Reaching safepoint: 23909 ns, Cleanup: 15814 ns, At safepoint: 12444 ns, Total: 52167 ns
[2025-05-27T16:29:54.404+0000][69][info ][safepoint   ] Safepoint "Cleanup", Time since last: 392207913123 ns, Reaching safepoint: 26968 ns, Cleanup: 17741 ns, At safepoint: 45574 ns, Total: 90283 ns
[2025-05-27T16:30:47.762+0000][69][info ][safepoint   ] Safepoint "Cleanup", Time since last: 53359578356 ns, Reaching safepoint: 252655 ns, Cleanup: 12344 ns, At safepoint: 46526 ns, Total: 311525 ns
[2025-05-27T16:39:54.737+0000][69][info ][safepoint   ] Safepoint "Cleanup", Time since last: 547019374092 ns, Reaching safepoint: 25378 ns, Cleanup: 19433 ns, At safepoint: 12669 ns, Total: 57480 ns
[2025-05-27T16:45:09.476+0000][69][info ][safepoint   ] Safepoint "Cleanup", Time since last: 314762351463 ns, Reaching safepoint: 76593 ns, Cleanup: 19886 ns, At safepoint: 21161 ns, Total: 117640 ns
[2025-05-27T16:48:17.721+0000][69][info ][gc,start    ] GC(37) Pause Young (Normal) (G1 Evacuation Pause)
[2025-05-27T16:48:17.722+0000][69][info ][gc,task     ] GC(37) Using 10 workers of 10 for evacuation
[2025-05-27T16:48:17.722+0000][69][debug][gc,age      ] GC(37) Desired survivor size 153092096 bytes, new threshold 15 (max threshold 15)
[2025-05-27T16:48:17.748+0000][69][info ][gc,phases   ] GC(37)   Pre Evacuate Collection Set: 0.54ms
[2025-05-27T16:48:17.748+0000][69][info ][gc,phases   ] GC(37)   Merge Heap Roots: 0.72ms
[2025-05-27T16:48:17.748+0000][69][info ][gc,phases   ] GC(37)   Evacuate Collection Set: 21.87ms
[2025-05-27T16:48:17.749+0000][69][info ][gc,phases   ] GC(37)   Post Evacuate Collection Set: 1.70ms
[2025-05-27T16:48:17.749+0000][69][info ][gc,phases   ] GC(37)   Other: 0.83ms
[2025-05-27T16:48:17.749+0000][69][trace][gc,age      ] GC(37) Age table with threshold 15 (max threshold 15)
[2025-05-27T16:48:17.750+0000][69][trace][gc,age      ] GC(37) - age   1:    1281216 bytes,    1281216 total
[2025-05-27T16:48:17.750+0000][69][trace][gc,age      ] GC(37) - age   2:     208096 bytes,    1489312 total
[2025-05-27T16:48:17.750+0000][69][trace][gc,age      ] GC(37) - age   3:     237056 bytes,    1726368 total
[2025-05-27T16:48:17.751+0000][69][trace][gc,age      ] GC(37) - age   4:     134792 bytes,    1861160 total
[2025-05-27T16:48:17.751+0000][69][trace][gc,age      ] GC(37) - age   5:     119800 bytes,    1980960 total
[2025-05-27T16:48:17.751+0000][69][trace][gc,age      ] GC(37) - age   6:     115712 bytes,    2096672 total
[2025-05-27T16:48:17.752+0000][69][trace][gc,age      ] GC(37) - age   7:     115664 bytes,    2212336 total
[2025-05-27T16:48:17.752+0000][69][trace][gc,age      ] GC(37) - age   8:     114136 bytes,    2326472 total
[2025-05-27T16:48:17.752+0000][69][trace][gc,age      ] GC(37) - age   9:     124864 bytes,    2451336 total
[2025-05-27T16:48:17.752+0000][69][trace][gc,age      ] GC(37) - age  10:     107936 bytes,    2559272 total
[2025-05-27T16:48:17.753+0000][69][trace][gc,age      ] GC(37) - age  11:     118152 bytes,    2677424 total
[2025-05-27T16:48:17.753+0000][69][trace][gc,age      ] GC(37) - age  12:     134024 bytes,    2811448 total
[2025-05-27T16:48:17.754+0000][69][trace][gc,age      ] GC(37) - age  13:       4264 bytes,    2815712 total
[2025-05-27T16:48:17.755+0000][69][trace][gc,age      ] GC(37) - age  14:     121048 bytes,    2936760 total
[2025-05-27T16:48:17.756+0000][69][trace][gc,age      ] GC(37) - age  15:    2697072 bytes,    5633832 total
[2025-05-27T16:48:17.757+0000][69][info ][gc,heap     ] GC(37) Eden regions: 580->0(580)
[2025-05-27T16:48:17.758+0000][69][info ][gc,heap     ] GC(37) Survivor regions: 2->2(73)
[2025-05-27T16:48:17.759+0000][69][info ][gc,heap     ] GC(37) Old regions: 26->26
[2025-05-27T16:48:17.759+0000][69][info ][gc,heap     ] GC(37) Humongous regions: 0->0
[2025-05-27T16:48:17.760+0000][69][info ][gc,metaspace] GC(37) Metaspace: 146975K(153344K)->146975K(153344K) NonClass: 127386K(131264K)->127386K(131264K) Class: 19588K(22080K)->19588K(22080K)
[2025-05-27T16:48:17.761+0000][69][info ][gc          ] GC(37) Pause Young (Normal) (G1 Evacuation Pause) 2427M->107M(3880M) 39.511ms
[2025-05-27T16:48:17.762+0000][69][info ][gc,cpu      ] GC(37) User=0.09s Sys=0.02s Real=0.04s
[2025-05-27T16:48:17.762+0000][69][info ][safepoint   ] Safepoint "G1CollectForAllocation", Time since last: 188258869501 ns, Reaching safepoint: 50776 ns, Cleanup: 5746 ns, At safepoint: 40648280 ns, Total: 40704802 ns
[2025-05-27T16:49:54.081+0000][69][info ][safepoint   ] Safepoint "Cleanup", Time since last: 96328003869 ns, Reaching safepoint: 24727 ns, Cleanup: 16035 ns, At safepoint: 48803 ns, Total: 89565 ns
[2025-05-27T16:54:14.733+0000][69][info ][safepoint   ] Safepoint "Cleanup", Time since last: 260670265979 ns, Reaching safepoint: 79053 ns, Cleanup: 13502 ns, At safepoint: 11743 ns, Total: 104298 ns
[2025-05-27T16:57:26.818+0000][69][info ][safepoint   ] Safepoint "Cleanup", Time since last: 192100642106 ns, Reaching safepoint: 60454 ns, Cleanup: 15767 ns, At safepoint: 11860 ns, Total: 88081 ns
[2025-05-27T16:59:54.396+0000][69][info ][safepoint   ] Safepoint "Cleanup", Time since last: 147589506351 ns, Reaching safepoint: 23853 ns, Cleanup: 15006 ns, At safepoint: 10469 ns, Total: 49328 ns
[2025-05-27T17:02:59.722+0000][69][info ][safepoint   ] Safepoint "Cleanup", Time since last: 185339052644 ns, Reaching safepoint: 18567 ns, Cleanup: 12944 ns, At safepoint: 5357 ns, Total: 36868 ns
[2025-05-27T17:07:47.882+0000][69][info ][safepoint   ] Safepoint "Cleanup", Time since last: 288180934622 ns, Reaching safepoint: 7777 ns, Cleanup: 51221 ns, At safepoint: 14441 ns, Total: 73439 ns
[2025-05-27T17:07:49.632+0000][69][info ][safepoint   ] Safepoint "Cleanup", Time since last: 1749490562 ns, Reaching safepoint: 28086 ns, Cleanup: 22038 ns, At safepoint: 20387 ns, Total: 70511 ns
[2025-05-27T17:07:54.054+0000][69][info ][safepoint   ] Safepoint "Cleanup", Time since last: 4424719778 ns, Reaching safepoint: 31058 ns, Cleanup: 45855 ns, At safepoint: 73491 ns, Total: 150404 ns
[2025-05-27T17:11:09.204+0000][69][info ][safepoint   ] Safepoint "Cleanup", Time since last: 195162713524 ns, Reaching safepoint: 52226 ns, Cleanup: 15504 ns, At safepoint: 11079 ns, Total: 78809 ns
[2025-05-27T17:26:09.633+0000][69][info ][safepoint   ] Safepoint "Cleanup", Time since last: 900500545179 ns, Reaching safepoint: 61926 ns, Cleanup: 17408 ns, At safepoint: 16029 ns, Total: 95363 ns
[2025-05-27T17:30:05.685+0000][69][info ][safepoint   ] Safepoint "Cleanup", Time since last: 236070741168 ns, Reaching safepoint: 11635 ns, Cleanup: 11350 ns, At safepoint: 20388 ns, Total: 43373 ns
[2025-05-27T17:30:57.345+0000][69][info ][safepoint   ] Safepoint "Cleanup", Time since last: 51664222241 ns, Reaching safepoint: 14569 ns, Cleanup: 10457 ns, At safepoint: 19942 ns, Total: 44968 ns
[2025-05-27T17:31:06.549+0000][69][info ][safepoint   ] Safepoint "Cleanup", Time since last: 9203955324 ns, Reaching safepoint: 13032 ns, Cleanup: 8375 ns, At safepoint: 19966 ns, Total: 41373 ns
[2025-05-27T17:31:09.374+0000][69][info ][safepoint   ] Safepoint "Cleanup", Time since last: 2825107127 ns, Reaching safepoint: 11714 ns, Cleanup: 10658 ns, At safepoint: 18009 ns, Total: 40381 ns
[2025-05-27T17:31:10.387+0000][69][info ][safepoint   ] Safepoint "Cleanup", Time since last: 1012767697 ns, Reaching safepoint: 16806 ns, Cleanup: 15360 ns, At safepoint: 20794 ns, Total: 52960 ns
[2025-05-27T17:32:11.709+0000][69][info ][safepoint   ] Safepoint "Cleanup", Time since last: 61326660011 ns, Reaching safepoint: 19287 ns, Cleanup: 22331 ns, At safepoint: 14464 ns, Total: 56082 ns
[2025-05-27T17:34:02.677+0000][69][info ][safepoint   ] Safepoint "Cleanup", Time since last: 110977448271 ns, Reaching safepoint: 12458 ns, Cleanup: 9943 ns, At safepoint: 37794 ns, Total: 60195 ns
[2025-05-27T17:34:04.495+0000][69][info ][safepoint   ] Safepoint "Cleanup", Time since last: 1818000129 ns, Reaching safepoint: 55494 ns, Cleanup: 16378 ns, At safepoint: 15471 ns, Total: 87343 ns
[2025-05-27T17:34:17.679+0000][69][info ][safepoint   ] Safepoint "Cleanup", Time since last: 13183180829 ns, Reaching safepoint: 41620 ns, Cleanup: 16735 ns, At safepoint: 182289 ns, Total: 240644 ns
[2025-05-27T17:34:19.607+0000][69][info ][safepoint   ] Safepoint "Cleanup", Time since last: 1927970373 ns, Reaching safepoint: 19233 ns, Cleanup: 30043 ns, At safepoint: 10912 ns, Total: 60188 ns
[2025-05-27T17:39:06.623+0000][69][info ][safepoint   ] Safepoint "Cleanup", Time since last: 287039673140 ns, Reaching safepoint: 12635 ns, Cleanup: 9972 ns, At safepoint: 19598 ns, Total: 42205 ns
[2025-05-27T17:39:41.654+0000][69][info ][gc,start    ] GC(38) Pause Young (Normal) (G1 Evacuation Pause)
[2025-05-27T17:39:41.655+0000][69][info ][gc,task     ] GC(38) Using 10 workers of 10 for evacuation
[2025-05-27T17:39:41.656+0000][69][debug][gc,age      ] GC(38) Desired survivor size 153092096 bytes, new threshold 15 (max threshold 15)
[2025-05-27T17:39:41.685+0000][69][info ][gc,phases   ] GC(38)   Pre Evacuate Collection Set: 0.78ms
[2025-05-27T17:39:41.686+0000][69][info ][gc,phases   ] GC(38)   Merge Heap Roots: 0.80ms
[2025-05-27T17:39:41.686+0000][69][info ][gc,phases   ] GC(38)   Evacuate Collection Set: 24.89ms
[2025-05-27T17:39:41.686+0000][69][info ][gc,phases   ] GC(38)   Post Evacuate Collection Set: 1.59ms
[2025-05-27T17:39:41.687+0000][69][info ][gc,phases   ] GC(38)   Other: 1.92ms
[2025-05-27T17:39:41.687+0000][69][trace][gc,age      ] GC(38) Age table with threshold 15 (max threshold 15)
[2025-05-27T17:39:41.687+0000][69][trace][gc,age      ] GC(38) - age   1:    1637920 bytes,    1637920 total
[2025-05-27T17:39:41.688+0000][69][trace][gc,age      ] GC(38) - age   2:     178392 bytes,    1816312 total
[2025-05-27T17:39:41.688+0000][69][trace][gc,age      ] GC(38) - age   3:     160912 bytes,    1977224 total
[2025-05-27T17:39:41.688+0000][69][trace][gc,age      ] GC(38) - age   4:     147512 bytes,    2124736 total
[2025-05-27T17:39:41.688+0000][69][trace][gc,age      ] GC(38) - age   5:     118488 bytes,    2243224 total
[2025-05-27T17:39:41.689+0000][69][trace][gc,age      ] GC(38) - age   6:     119800 bytes,    2363024 total
[2025-05-27T17:39:41.689+0000][69][trace][gc,age      ] GC(38) - age   7:     115392 bytes,    2478416 total
[2025-05-27T17:39:41.689+0000][69][trace][gc,age      ] GC(38) - age   8:     115424 bytes,    2593840 total
[2025-05-27T17:39:41.689+0000][69][trace][gc,age      ] GC(38) - age   9:     114136 bytes,    2707976 total
[2025-05-27T17:39:41.690+0000][69][trace][gc,age      ] GC(38) - age  10:     124776 bytes,    2832752 total
[2025-05-27T17:39:41.690+0000][69][trace][gc,age      ] GC(38) - age  11:     107936 bytes,    2940688 total
[2025-05-27T17:39:41.690+0000][69][trace][gc,age      ] GC(38) - age  12:     118152 bytes,    3058840 total
[2025-05-27T17:39:41.690+0000][69][trace][gc,age      ] GC(38) - age  13:     134024 bytes,    3192864 total
[2025-05-27T17:39:41.691+0000][69][trace][gc,age      ] GC(38) - age  14:       4264 bytes,    3197128 total
[2025-05-27T17:39:41.691+0000][69][trace][gc,age      ] GC(38) - age  15:     121048 bytes,    3318176 total
[2025-05-27T17:39:41.691+0000][69][info ][gc,heap     ] GC(38) Eden regions: 580->0(581)
[2025-05-27T17:39:41.691+0000][69][info ][gc,heap     ] GC(38) Survivor regions: 2->1(73)
[2025-05-27T17:39:41.692+0000][69][info ][gc,heap     ] GC(38) Old regions: 26->27
[2025-05-27T17:39:41.692+0000][69][info ][gc,heap     ] GC(38) Humongous regions: 0->0
[2025-05-27T17:39:41.692+0000][69][info ][gc,metaspace] GC(38) Metaspace: 147008K(153344K)->147008K(153344K) NonClass: 127420K(131264K)->127420K(131264K) Class: 19588K(22080K)->19588K(22080K)
[2025-05-27T17:39:41.693+0000][69][info ][gc          ] GC(38) Pause Young (Normal) (G1 Evacuation Pause) 2427M->108M(3880M) 38.325ms
[2025-05-27T17:39:41.693+0000][69][info ][gc,cpu      ] GC(38) User=0.10s Sys=0.07s Real=0.04s
[2025-05-27T17:39:41.693+0000][69][info ][safepoint   ] Safepoint "G1CollectForAllocation", Time since last: 35033019087 ns, Reaching safepoint: 74931 ns, Cleanup: 8186 ns, At safepoint: 39310385 ns, Total: 39393502 ns
[2025-05-27T17:48:08.664+0000][69][info ][safepoint   ] Safepoint "Cleanup", Time since last: 504756573849 ns, Reaching safepoint: 98192 ns, Cleanup: 10495 ns, At safepoint: 44443 ns, Total: 153130 ns
[2025-05-27T17:48:10.189+0000][69][info ][safepoint   ] Safepoint "Cleanup", Time since last: 1524802599 ns, Reaching safepoint: 25405 ns, Cleanup: 23932 ns, At safepoint: 12175 ns, Total: 61512 ns
[2025-05-27T17:59:20.515+0000][69][info ][safepoint   ] Safepoint "Cleanup", Time since last: 670374600447 ns, Reaching safepoint: 52923 ns, Cleanup: 13401 ns, At safepoint: 9589 ns, Total: 75913 ns
[2025-05-27T17:59:21.515+0000][69][info ][safepoint   ] Safepoint "Cleanup", Time since last: 1000584351 ns, Reaching safepoint: 17876 ns, Cleanup: 11548 ns, At safepoint: 27058 ns, Total: 56482 ns
[2025-05-27T17:59:23.516+0000][69][info ][safepoint   ] Safepoint "Cleanup", Time since last: 2000792283 ns, Reaching safepoint: 19256 ns, Cleanup: 14217 ns, At safepoint: 8790 ns, Total: 42263 ns
[2025-05-27T17:59:29.653+0000][69][info ][safepoint   ] Safepoint "Cleanup", Time since last: 6138263689 ns, Reaching safepoint: 445720 ns, Cleanup: 13946 ns, At safepoint: 70311 ns, Total: 529977 ns
[2025-05-27T17:59:31.534+0000][69][info ][safepoint   ] Safepoint "Cleanup", Time since last: 1880601107 ns, Reaching safepoint: 12758 ns, Cleanup: 12220 ns, At safepoint: 18787 ns, Total: 43765 ns
[2025-05-27T18:04:20.670+0000][69][info ][safepoint   ] Safepoint "Cleanup", Time since last: 289157672543 ns, Reaching safepoint: 12760 ns, Cleanup: 11942 ns, At safepoint: 20536 ns, Total: 45238 ns
[2025-05-27T18:12:27.938+0000][69][info ][safepoint   ] Safepoint "Cleanup", Time since last: 487304670140 ns, Reaching safepoint: 89876 ns, Cleanup: 16453 ns, At safepoint: 13077 ns, Total: 119406 ns
[2025-05-27T18:19:27.166+0000][69][info ][safepoint   ] Safepoint "Cleanup", Time since last: 419259552523 ns, Reaching safepoint: 15396 ns, Cleanup: 17164 ns, At safepoint: 24330 ns, Total: 56890 ns
[2025-05-27T18:19:29.623+0000][69][info ][safepoint   ] Safepoint "Cleanup", Time since last: 2457233048 ns, Reaching safepoint: 15373 ns, Cleanup: 10137 ns, At safepoint: 19870 ns, Total: 45380 ns
[2025-05-27T18:19:31.181+0000][69][info ][safepoint   ] Safepoint "Cleanup", Time since last: 1557342306 ns, Reaching safepoint: 24789 ns, Cleanup: 23821 ns, At safepoint: 11047 ns, Total: 59657 ns
[2025-05-27T18:29:23.610+0000][69][info ][safepoint   ] Safepoint "Cleanup", Time since last: 592472715820 ns, Reaching safepoint: 45605 ns, Cleanup: 14546 ns, At safepoint: 11370 ns, Total: 71521 ns
[2025-05-27T18:30:23.638+0000][69][info ][safepoint   ] Safepoint "Cleanup", Time since last: 60031928379 ns, Reaching safepoint: 49616 ns, Cleanup: 14046 ns, At safepoint: 10279 ns, Total: 73941 ns
[2025-05-27T18:30:53.603+0000][69][info ][safepoint   ] Safepoint "Cleanup", Time since last: 29967098097 ns, Reaching safepoint: 446787 ns, Cleanup: 13108 ns, At safepoint: 64548 ns, Total: 524443 ns
[2025-05-27T18:30:54.875+0000][69][info ][safepoint   ] Safepoint "Cleanup", Time since last: 1272045867 ns, Reaching safepoint: 7496 ns, Cleanup: 12407 ns, At safepoint: 17127 ns, Total: 37030 ns
[2025-05-27T18:31:59.583+0000][69][info ][gc,start    ] GC(39) Pause Young (Normal) (G1 Evacuation Pause)
[2025-05-27T18:31:59.584+0000][69][info ][gc,task     ] GC(39) Using 10 workers of 10 for evacuation
[2025-05-27T18:31:59.584+0000][69][debug][gc,age      ] GC(39) Desired survivor size 153092096 bytes, new threshold 15 (max threshold 15)
[2025-05-27T18:31:59.596+0000][69][info ][gc,phases   ] GC(39)   Pre Evacuate Collection Set: 0.75ms
[2025-05-27T18:31:59.597+0000][69][info ][gc,phases   ] GC(39)   Merge Heap Roots: 0.84ms
[2025-05-27T18:31:59.597+0000][69][info ][gc,phases   ] GC(39)   Evacuate Collection Set: 7.87ms
[2025-05-27T18:31:59.597+0000][69][info ][gc,phases   ] GC(39)   Post Evacuate Collection Set: 2.08ms
[2025-05-27T18:31:59.598+0000][69][info ][gc,phases   ] GC(39)   Other: 0.93ms
[2025-05-27T18:31:59.598+0000][69][trace][gc,age      ] GC(39) Age table with threshold 15 (max threshold 15)
[2025-05-27T18:31:59.598+0000][69][trace][gc,age      ] GC(39) - age   1:    1572096 bytes,    1572096 total
[2025-05-27T18:31:59.598+0000][69][trace][gc,age      ] GC(39) - age   2:     650472 bytes,    2222568 total
[2025-05-27T18:31:59.599+0000][69][trace][gc,age      ] GC(39) - age   3:     126984 bytes,    2349552 total
[2025-05-27T18:31:59.599+0000][69][trace][gc,age      ] GC(39) - age   4:     160208 bytes,    2509760 total
[2025-05-27T18:31:59.599+0000][69][trace][gc,age      ] GC(39) - age   5:     130792 bytes,    2640552 total
[2025-05-27T18:31:59.600+0000][69][trace][gc,age      ] GC(39) - age   6:     118336 bytes,    2758888 total
[2025-05-27T18:31:59.600+0000][69][trace][gc,age      ] GC(39) - age   7:     119760 bytes,    2878648 total
[2025-05-27T18:31:59.600+0000][69][trace][gc,age      ] GC(39) - age   8:     115392 bytes,    2994040 total
[2025-05-27T18:31:59.600+0000][69][trace][gc,age      ] GC(39) - age   9:     115424 bytes,    3109464 total
[2025-05-27T18:31:59.601+0000][69][trace][gc,age      ] GC(39) - age  10:     114000 bytes,    3223464 total
[2025-05-27T18:31:59.601+0000][69][trace][gc,age      ] GC(39) - age  11:     124776 bytes,    3348240 total
[2025-05-27T18:31:59.602+0000][69][trace][gc,age      ] GC(39) - age  12:     107936 bytes,    3456176 total
[2025-05-27T18:31:59.602+0000][69][trace][gc,age      ] GC(39) - age  13:     118152 bytes,    3574328 total
[2025-05-27T18:31:59.602+0000][69][trace][gc,age      ] GC(39) - age  14:     134024 bytes,    3708352 total
[2025-05-27T18:31:59.602+0000][69][trace][gc,age      ] GC(39) - age  15:       4264 bytes,    3712616 total
[2025-05-27T18:31:59.603+0000][69][info ][gc,heap     ] GC(39) Eden regions: 581->0(581)
[2025-05-27T18:31:59.603+0000][69][info ][gc,heap     ] GC(39) Survivor regions: 1->1(73)
[2025-05-27T18:31:59.603+0000][69][info ][gc,heap     ] GC(39) Old regions: 27->27
[2025-05-27T18:31:59.604+0000][69][info ][gc,heap     ] GC(39) Humongous regions: 0->0
[2025-05-27T18:31:59.604+0000][69][info ][gc,metaspace] GC(39) Metaspace: 147032K(153344K)->147032K(153344K) NonClass: 127444K(131264K)->127444K(131264K) Class: 19588K(22080K)->19588K(22080K)
[2025-05-27T18:31:59.604+0000][69][info ][gc          ] GC(39) Pause Young (Normal) (G1 Evacuation Pause) 2432M->108M(3880M) 21.193ms
[2025-05-27T18:31:59.604+0000][69][info ][gc,cpu      ] GC(39) User=0.03s Sys=0.02s Real=0.03s
[2025-05-27T18:31:59.605+0000][69][info ][safepoint   ] Safepoint "G1CollectForAllocation", Time since last: 64714382017 ns, Reaching safepoint: 76956 ns, Cleanup: 5669 ns, At safepoint: 21902474 ns, Total: 21985099 ns
[2025-05-27T18:34:53.878+0000][69][info ][safepoint   ] Safepoint "Cleanup", Time since last: 174284182301 ns, Reaching safepoint: 24213 ns, Cleanup: 15686 ns, At safepoint: 11319 ns, Total: 51218 ns
[2025-05-27T18:39:41.602+0000][69][info ][safepoint   ] Safepoint "Cleanup", Time since last: 287748986912 ns, Reaching safepoint: 50865 ns, Cleanup: 11270 ns, At safepoint: 14857 ns, Total: 76992 ns
[2025-05-27T18:46:59.991+0000][69][info ][safepoint   ] Safepoint "Cleanup", Time since last: 438420517014 ns, Reaching safepoint: 58934 ns, Cleanup: 15304 ns, At safepoint: 15116 ns, Total: 89354 ns
[2025-05-27T18:50:19.172+0000][69][info ][safepoint   ] Safepoint "Cleanup", Time since last: 199194230429 ns, Reaching safepoint: 66091 ns, Cleanup: 17039 ns, At safepoint: 13213 ns, Total: 96343 ns
[2025-05-27T18:50:59.130+0000][69][info ][safepoint   ] Safepoint "Cleanup", Time since last: 39962605504 ns, Reaching safepoint: 156425 ns, Cleanup: 17444 ns, At safepoint: 73534 ns, Total: 247403 ns
[2025-05-27T18:51:09.200+0000][69][info ][safepoint   ] Safepoint "Cleanup", Time since last: 10069938263 ns, Reaching safepoint: 58097 ns, Cleanup: 18176 ns, At safepoint: 15315 ns, Total: 91588 ns
[2025-05-27T19:04:36.486+0000][69][info ][safepoint   ] Safepoint "Cleanup", Time since last: 807347889286 ns, Reaching safepoint: 7682 ns, Cleanup: 9944 ns, At safepoint: 4227 ns, Total: 21853 ns
[2025-05-27T19:09:55.631+0000][69][info ][safepoint   ] Safepoint "Cleanup", Time since last: 319168052231 ns, Reaching safepoint: 26719 ns, Cleanup: 19640 ns, At safepoint: 11990 ns, Total: 58349 ns
[2025-05-27T19:10:00.636+0000][69][info ][safepoint   ] Safepoint "Cleanup", Time since last: 5007814218 ns, Reaching safepoint: 18662 ns, Cleanup: 14257 ns, At safepoint: 9741 ns, Total: 42660 ns
[2025-05-27T19:10:20.830+0000][69][info ][safepoint   ] Safepoint "Cleanup", Time since last: 20193580322 ns, Reaching safepoint: 32053 ns, Cleanup: 20223 ns, At safepoint: 14467 ns, Total: 66743 ns
[2025-05-27T19:20:05.918+0000][69][info ][safepoint   ] Safepoint "Cleanup", Time since last: 585132721834 ns, Reaching safepoint: 15489 ns, Cleanup: 11531 ns, At safepoint: 21103 ns, Total: 48123 ns
[2025-05-27T19:21:23.587+0000][69][info ][safepoint   ] Safepoint "Cleanup", Time since last: 77674139266 ns, Reaching safepoint: 10583 ns, Cleanup: 8940 ns, At safepoint: 20381 ns, Total: 39904 ns
[2025-05-27T19:23:08.721+0000][69][info ][gc,start    ] GC(40) Pause Young (Normal) (G1 Evacuation Pause)
[2025-05-27T19:23:08.721+0000][69][info ][gc,task     ] GC(40) Using 10 workers of 10 for evacuation
[2025-05-27T19:23:08.722+0000][69][debug][gc,age      ] GC(40) Desired survivor size 153092096 bytes, new threshold 15 (max threshold 15)
[2025-05-27T19:23:08.732+0000][69][info ][gc,phases   ] GC(40)   Pre Evacuate Collection Set: 0.47ms
[2025-05-27T19:23:08.732+0000][69][info ][gc,phases   ] GC(40)   Merge Heap Roots: 0.75ms
[2025-05-27T19:23:08.732+0000][69][info ][gc,phases   ] GC(40)   Evacuate Collection Set: 7.11ms
[2025-05-27T19:23:08.733+0000][69][info ][gc,phases   ] GC(40)   Post Evacuate Collection Set: 1.34ms
[2025-05-27T19:23:08.733+0000][69][info ][gc,phases   ] GC(40)   Other: 0.76ms
[2025-05-27T19:23:08.733+0000][69][trace][gc,age      ] GC(40) Age table with threshold 15 (max threshold 15)
[2025-05-27T19:23:08.734+0000][69][trace][gc,age      ] GC(40) - age   1:     816008 bytes,     816008 total
[2025-05-27T19:23:08.736+0000][69][trace][gc,age      ] GC(40) - age   2:     510120 bytes,    1326128 total
[2025-05-27T19:23:08.736+0000][69][trace][gc,age      ] GC(40) - age   3:     567040 bytes,    1893168 total
[2025-05-27T19:23:08.737+0000][69][trace][gc,age      ] GC(40) - age   4:     126232 bytes,    2019400 total
[2025-05-27T19:23:08.737+0000][69][trace][gc,age      ] GC(40) - age   5:     144016 bytes,    2163416 total
[2025-05-27T19:23:08.737+0000][69][trace][gc,age      ] GC(40) - age   6:     130680 bytes,    2294096 total
[2025-05-27T19:23:08.737+0000][69][trace][gc,age      ] GC(40) - age   7:     118336 bytes,    2412432 total
[2025-05-27T19:23:08.738+0000][69][trace][gc,age      ] GC(40) - age   8:     119760 bytes,    2532192 total
[2025-05-27T19:23:08.738+0000][69][trace][gc,age      ] GC(40) - age   9:     115392 bytes,    2647584 total
[2025-05-27T19:23:08.738+0000][69][trace][gc,age      ] GC(40) - age  10:     115424 bytes,    2763008 total
[2025-05-27T19:23:08.738+0000][69][trace][gc,age      ] GC(40) - age  11:     114000 bytes,    2877008 total
[2025-05-27T19:23:08.739+0000][69][trace][gc,age      ] GC(40) - age  12:     124776 bytes,    3001784 total
[2025-05-27T19:23:08.739+0000][69][trace][gc,age      ] GC(40) - age  13:     107936 bytes,    3109720 total
[2025-05-27T19:23:08.739+0000][69][trace][gc,age      ] GC(40) - age  14:     118016 bytes,    3227736 total
[2025-05-27T19:23:08.739+0000][69][trace][gc,age      ] GC(40) - age  15:     134024 bytes,    3361760 total
[2025-05-27T19:23:08.740+0000][69][info ][gc,heap     ] GC(40) Eden regions: 581->0(581)
[2025-05-27T19:23:08.740+0000][69][info ][gc,heap     ] GC(40) Survivor regions: 1->1(73)
[2025-05-27T19:23:08.740+0000][69][info ][gc,heap     ] GC(40) Old regions: 27->27
[2025-05-27T19:23:08.740+0000][69][info ][gc,heap     ] GC(40) Humongous regions: 0->0
[2025-05-27T19:23:08.741+0000][69][info ][gc,metaspace] GC(40) Metaspace: 147038K(153344K)->147038K(153344K) NonClass: 127449K(131264K)->127449K(131264K) Class: 19588K(22080K)->19588K(22080K)
[2025-05-27T19:23:08.741+0000][69][info ][gc          ] GC(40) Pause Young (Normal) (G1 Evacuation Pause) 2432M->108M(3880M) 20.236ms
[2025-05-27T19:23:08.741+0000][69][info ][gc,cpu      ] GC(40) User=0.04s Sys=0.02s Real=0.02s
[2025-05-27T19:23:08.742+0000][69][info ][safepoint   ] Safepoint "G1CollectForAllocation", Time since last: 105142845959 ns, Reaching safepoint: 19722 ns, Cleanup: 5008 ns, At safepoint: 20942966 ns, Total: 20967696 ns
[2025-05-27T19:30:56.554+0000][69][info ][safepoint   ] Safepoint "Cleanup", Time since last: 467848803546 ns, Reaching safepoint: 6208 ns, Cleanup: 9511 ns, At safepoint: 14580 ns, Total: 30299 ns
[2025-05-27T19:35:15.391+0000][69][info ][safepoint   ] Safepoint "Cleanup", Time since last: 258855171556 ns, Reaching safepoint: 14931 ns, Cleanup: 14379 ns, At safepoint: 5542 ns, Total: 34852 ns
[2025-05-27T19:35:19.786+0000][69][info ][safepoint   ] Safepoint "Cleanup", Time since last: 4394714272 ns, Reaching safepoint: 14901 ns, Cleanup: 11723 ns, At safepoint: 22725 ns, Total: 49349 ns
[2025-05-27T19:36:05.535+0000][69][info ][safepoint   ] Safepoint "Cleanup", Time since last: 45753605211 ns, Reaching safepoint: 12950 ns, Cleanup: 10538 ns, At safepoint: 23036 ns, Total: 46524 ns
[2025-05-27T19:36:07.427+0000][69][info ][safepoint   ] Safepoint "Cleanup", Time since last: 1892034093 ns, Reaching safepoint: 14857 ns, Cleanup: 10988 ns, At safepoint: 21950 ns, Total: 47795 ns
[2025-05-27T19:40:17.541+0000][69][info ][safepoint   ] Safepoint "Cleanup", Time since last: 250131596462 ns, Reaching safepoint: 15957 ns, Cleanup: 20568 ns, At safepoint: 90910 ns, Total: 127435 ns
[2025-05-27T19:42:24.528+0000][69][info ][safepoint   ] Safepoint "Cleanup", Time since last: 126995537535 ns, Reaching safepoint: 27587 ns, Cleanup: 19224 ns, At safepoint: 13768 ns, Total: 60579 ns
[2025-05-27T19:53:10.932+0000][69][info ][safepoint   ] Safepoint "Cleanup", Time since last: 646452626319 ns, Reaching safepoint: 25758 ns, Cleanup: 16303 ns, At safepoint: 12401 ns, Total: 54462 ns
[2025-05-27T20:01:17.532+0000][69][info ][safepoint   ] Safepoint "Cleanup", Time since last: 486635175189 ns, Reaching safepoint: 15945 ns, Cleanup: 16404 ns, At safepoint: 5839 ns, Total: 38188 ns
[2025-05-27T20:02:20.526+0000][69][info ][safepoint   ] Safepoint "Cleanup", Time since last: 62998155702 ns, Reaching safepoint: 16344 ns, Cleanup: 12847 ns, At safepoint: 6202 ns, Total: 35393 ns
[2025-05-27T20:02:22.141+0000][69][info ][safepoint   ] Safepoint "Cleanup", Time since last: 1615317925 ns, Reaching safepoint: 25539 ns, Cleanup: 16431 ns, At safepoint: 12584 ns, Total: 54554 ns
[2025-05-27T20:03:23.524+0000][69][info ][safepoint   ] Safepoint "Cleanup", Time since last: 61388029200 ns, Reaching safepoint: 7708 ns, Cleanup: 8322 ns, At safepoint: 3862 ns, Total: 19892 ns
[2025-05-27T20:05:33.229+0000][69][info ][safepoint   ] Safepoint "Cleanup", Time since last: 129715788751 ns, Reaching safepoint: 17970 ns, Cleanup: 11418 ns, At safepoint: 23929 ns, Total: 53317 ns
[2025-05-27T20:08:11.355+0000][69][info ][safepoint   ] Safepoint "Cleanup", Time since last: 158141476755 ns, Reaching safepoint: 26847 ns, Cleanup: 17007 ns, At safepoint: 12137 ns, Total: 55991 ns
[2025-05-27T20:17:09.120+0000][69][info ][gc,start    ] GC(41) Pause Young (Normal) (G1 Evacuation Pause)
[2025-05-27T20:17:09.123+0000][69][info ][gc,task     ] GC(41) Using 10 workers of 10 for evacuation
[2025-05-27T20:17:09.123+0000][69][debug][gc,age      ] GC(41) Desired survivor size 153092096 bytes, new threshold 15 (max threshold 15)
[2025-05-27T20:17:09.144+0000][69][info ][gc,phases   ] GC(41)   Pre Evacuate Collection Set: 1.07ms
[2025-05-27T20:17:09.144+0000][69][info ][gc,phases   ] GC(41)   Merge Heap Roots: 1.24ms
[2025-05-27T20:17:09.144+0000][69][info ][gc,phases   ] GC(41)   Evacuate Collection Set: 15.47ms
[2025-05-27T20:17:09.145+0000][69][info ][gc,phases   ] GC(41)   Post Evacuate Collection Set: 2.03ms
[2025-05-27T20:17:09.145+0000][69][info ][gc,phases   ] GC(41)   Other: 1.13ms
[2025-05-27T20:17:09.145+0000][69][trace][gc,age      ] GC(41) Age table with threshold 15 (max threshold 15)
[2025-05-27T20:17:09.146+0000][69][trace][gc,age      ] GC(41) - age   1:    1265752 bytes,    1265752 total
[2025-05-27T20:17:09.146+0000][69][trace][gc,age      ] GC(41) - age   2:     123080 bytes,    1388832 total
[2025-05-27T20:17:09.146+0000][69][trace][gc,age      ] GC(41) - age   3:     134504 bytes,    1523336 total
[2025-05-27T20:17:09.147+0000][69][trace][gc,age      ] GC(41) - age   4:     566256 bytes,    2089592 total
[2025-05-27T20:17:09.147+0000][69][trace][gc,age      ] GC(41) - age   5:     125880 bytes,    2215472 total
[2025-05-27T20:17:09.147+0000][69][trace][gc,age      ] GC(41) - age   6:     127824 bytes,    2343296 total
[2025-05-27T20:17:09.148+0000][69][trace][gc,age      ] GC(41) - age   7:     130680 bytes,    2473976 total
[2025-05-27T20:17:09.148+0000][69][trace][gc,age      ] GC(41) - age   8:     118264 bytes,    2592240 total
[2025-05-27T20:17:09.148+0000][69][trace][gc,age      ] GC(41) - age   9:     119648 bytes,    2711888 total
[2025-05-27T20:17:09.148+0000][69][trace][gc,age      ] GC(41) - age  10:     115392 bytes,    2827280 total
[2025-05-27T20:17:09.149+0000][69][trace][gc,age      ] GC(41) - age  11:     115384 bytes,    2942664 total
[2025-05-27T20:17:09.149+0000][69][trace][gc,age      ] GC(41) - age  12:     114000 bytes,    3056664 total
[2025-05-27T20:17:09.149+0000][69][trace][gc,age      ] GC(41) - age  13:     124776 bytes,    3181440 total
[2025-05-27T20:17:09.149+0000][69][trace][gc,age      ] GC(41) - age  14:     107936 bytes,    3289376 total
[2025-05-27T20:17:09.150+0000][69][trace][gc,age      ] GC(41) - age  15:     118016 bytes,    3407392 total
[2025-05-27T20:17:09.150+0000][69][info ][gc,heap     ] GC(41) Eden regions: 581->0(581)
[2025-05-27T20:17:09.150+0000][69][info ][gc,heap     ] GC(41) Survivor regions: 1->1(73)
[2025-05-27T20:17:09.151+0000][69][info ][gc,heap     ] GC(41) Old regions: 27->27
[2025-05-27T20:17:09.151+0000][69][info ][gc,heap     ] GC(41) Humongous regions: 0->0
[2025-05-27T20:17:09.151+0000][69][info ][gc,metaspace] GC(41) Metaspace: 147057K(153408K)->147057K(153408K) NonClass: 127469K(131328K)->127469K(131328K) Class: 19588K(22080K)->19588K(22080K)
[2025-05-27T20:17:09.151+0000][69][info ][gc          ] GC(41) Pause Young (Normal) (G1 Evacuation Pause) 2432M->108M(3880M) 31.585ms
[2025-05-27T20:17:09.152+0000][69][info ][gc,cpu      ] GC(41) User=0.04s Sys=0.02s Real=0.04s
[2025-05-27T20:17:09.153+0000][69][info ][safepoint   ] Safepoint "G1CollectForAllocation", Time since last: 537819111460 ns, Reaching safepoint: 31834 ns, Cleanup: 7745 ns, At safepoint: 32761503 ns, Total: 32801082 ns
[2025-05-27T20:20:11.465+0000][69][info ][safepoint   ] Safepoint "Cleanup", Time since last: 182330361750 ns, Reaching safepoint: 17641 ns, Cleanup: 10165 ns, At safepoint: 4046 ns, Total: 31852 ns
[2025-05-27T20:26:10.855+0000][69][info ][safepoint   ] Safepoint "Cleanup", Time since last: 359422614914 ns, Reaching safepoint: 28090 ns, Cleanup: 21507 ns, At safepoint: 14316 ns, Total: 63913 ns
[2025-05-27T20:31:05.412+0000][69][info ][safepoint   ] Safepoint "Cleanup", Time since last: 294584970629 ns, Reaching safepoint: 17762 ns, Cleanup: 11067 ns, At safepoint: 26311 ns, Total: 55140 ns
[2025-05-27T20:31:09.991+0000][69][info ][safepoint   ] Safepoint "Cleanup", Time since last: 4578939580 ns, Reaching safepoint: 26120 ns, Cleanup: 18441 ns, At safepoint: 12933 ns, Total: 57494 ns
[2025-05-27T20:31:11.992+0000][69][info ][safepoint   ] Safepoint "Cleanup", Time since last: 2000934932 ns, Reaching safepoint: 18834 ns, Cleanup: 13969 ns, At safepoint: 9499 ns, Total: 42302 ns
[2025-05-27T20:31:14.993+0000][69][info ][safepoint   ] Safepoint "Cleanup", Time since last: 3000843015 ns, Reaching safepoint: 59380 ns, Cleanup: 16755 ns, At safepoint: 16310 ns, Total: 92445 ns
[2025-05-27T20:31:24.988+0000][69][info ][safepoint   ] Safepoint "Cleanup", Time since last: 9994713621 ns, Reaching safepoint: 19244 ns, Cleanup: 13971 ns, At safepoint: 9517 ns, Total: 42732 ns
[2025-05-27T20:33:11.043+0000][69][info ][safepoint   ] Safepoint "Cleanup", Time since last: 106065369249 ns, Reaching safepoint: 25753 ns, Cleanup: 17595 ns, At safepoint: 12151 ns, Total: 55499 ns
[2025-05-27T20:36:19.735+0000][69][info ][safepoint   ] Safepoint "Cleanup", Time since last: 188707988331 ns, Reaching safepoint: 11669 ns, Cleanup: 10962 ns, At safepoint: 22209 ns, Total: 44840 ns
[2025-05-27T20:40:15.240+0000][69][info ][safepoint   ] Safepoint "Cleanup", Time since last: 235525457731 ns, Reaching safepoint: 61326 ns, Cleanup: 19053 ns, At safepoint: 13697 ns, Total: 94076 ns
[2025-05-27T20:40:55.254+0000][69][info ][safepoint   ] Safepoint "Cleanup", Time since last: 40017068327 ns, Reaching safepoint: 24202 ns, Cleanup: 15712 ns, At safepoint: 12826 ns, Total: 52740 ns
[2025-05-27T21:06:24.011+0000][69][info ][safepoint   ] Safepoint "Cleanup", Time since last: 1528882392590 ns, Reaching safepoint: 143381 ns, Cleanup: 11893 ns, At safepoint: 64995 ns, Total: 220269 ns
[2025-05-27T21:10:35.433+0000][69][info ][safepoint   ] Safepoint "Cleanup", Time since last: 251442782133 ns, Reaching safepoint: 14747 ns, Cleanup: 13002 ns, At safepoint: 5948 ns, Total: 33697 ns
[2025-05-27T21:10:40.963+0000][69][info ][gc,start    ] GC(42) Pause Young (Normal) (G1 Evacuation Pause)
[2025-05-27T21:10:40.964+0000][69][info ][gc,task     ] GC(42) Using 10 workers of 10 for evacuation
[2025-05-27T21:10:40.964+0000][69][debug][gc,age      ] GC(42) Desired survivor size 153092096 bytes, new threshold 15 (max threshold 15)
[2025-05-27T21:10:40.998+0000][69][info ][gc,phases   ] GC(42)   Pre Evacuate Collection Set: 0.73ms
[2025-05-27T21:10:40.998+0000][69][info ][gc,phases   ] GC(42)   Merge Heap Roots: 0.68ms
[2025-05-27T21:10:40.999+0000][69][info ][gc,phases   ] GC(42)   Evacuate Collection Set: 30.55ms
[2025-05-27T21:10:40.999+0000][69][info ][gc,phases   ] GC(42)   Post Evacuate Collection Set: 1.50ms
[2025-05-27T21:10:41.000+0000][69][info ][gc,phases   ] GC(42)   Other: 1.00ms
[2025-05-27T21:10:41.000+0000][69][trace][gc,age      ] GC(42) Age table with threshold 15 (max threshold 15)
[2025-05-27T21:10:41.000+0000][69][trace][gc,age      ] GC(42) - age   1:     966264 bytes,     966264 total
[2025-05-27T21:10:41.000+0000][69][trace][gc,age      ] GC(42) - age   2:     213616 bytes,    1179880 total
[2025-05-27T21:10:41.001+0000][69][trace][gc,age      ] GC(42) - age   3:     120008 bytes,    1299888 total
[2025-05-27T21:10:41.001+0000][69][trace][gc,age      ] GC(42) - age   4:     121664 bytes,    1421552 total
[2025-05-27T21:10:41.001+0000][69][trace][gc,age      ] GC(42) - age   5:     476472 bytes,    1898024 total
[2025-05-27T21:10:41.001+0000][69][trace][gc,age      ] GC(42) - age   6:     125880 bytes,    2023904 total
[2025-05-27T21:10:41.002+0000][69][trace][gc,age      ] GC(42) - age   7:     127568 bytes,    2151472 total
[2025-05-27T21:10:41.002+0000][69][trace][gc,age      ] GC(42) - age   8:     125568 bytes,    2277040 total
[2025-05-27T21:10:41.002+0000][69][trace][gc,age      ] GC(42) - age   9:     118152 bytes,    2395192 total
[2025-05-27T21:10:41.003+0000][69][trace][gc,age      ] GC(42) - age  10:     119608 bytes,    2514800 total
[2025-05-27T21:10:41.003+0000][69][trace][gc,age      ] GC(42) - age  11:     115392 bytes,    2630192 total
[2025-05-27T21:10:41.003+0000][69][trace][gc,age      ] GC(42) - age  12:     115384 bytes,    2745576 total
[2025-05-27T21:10:41.003+0000][69][trace][gc,age      ] GC(42) - age  13:     114000 bytes,    2859576 total
[2025-05-27T21:10:41.004+0000][69][trace][gc,age      ] GC(42) - age  14:     124776 bytes,    2984352 total
[2025-05-27T21:10:41.004+0000][69][trace][gc,age      ] GC(42) - age  15:     107936 bytes,    3092288 total
[2025-05-27T21:10:41.004+0000][69][info ][gc,heap     ] GC(42) Eden regions: 581->0(581)
[2025-05-27T21:10:41.005+0000][69][info ][gc,heap     ] GC(42) Survivor regions: 1->1(73)
[2025-05-27T21:10:41.006+0000][69][info ][gc,heap     ] GC(42) Old regions: 27->27
[2025-05-27T21:10:41.006+0000][69][info ][gc,heap     ] GC(42) Humongous regions: 0->0
[2025-05-27T21:10:41.006+0000][69][info ][gc,metaspace] GC(42) Metaspace: 147066K(153408K)->147066K(153408K) NonClass: 127477K(131328K)->127477K(131328K) Class: 19588K(22080K)->19588K(22080K)
[2025-05-27T21:10:41.007+0000][69][info ][gc          ] GC(42) Pause Young (Normal) (G1 Evacuation Pause) 2432M->108M(3880M) 43.497ms
[2025-05-27T21:10:41.007+0000][69][info ][gc,cpu      ] GC(42) User=0.05s Sys=0.02s Real=0.05s
[2025-05-27T21:10:41.007+0000][69][info ][safepoint   ] Safepoint "G1CollectForAllocation", Time since last: 5529938024 ns, Reaching safepoint: 81015 ns, Cleanup: 5724 ns, At safepoint: 44470557 ns, Total: 44557296 ns
[2025-05-27T21:13:44.415+0000][69][info ][safepoint   ] Safepoint "Cleanup", Time since last: 183421006980 ns, Reaching safepoint: 187823 ns, Cleanup: 18236 ns, At safepoint: 101841 ns, Total: 307900 ns
[2025-05-27T21:14:54.247+0000][69][info ][safepoint   ] Safepoint "Cleanup", Time since last: 69836919001 ns, Reaching safepoint: 24828 ns, Cleanup: 16271 ns, At safepoint: 13465 ns, Total: 54564 ns
[2025-05-27T21:21:18.462+0000][69][info ][safepoint   ] Safepoint "Cleanup", Time since last: 384244334668 ns, Reaching safepoint: 28470 ns, Cleanup: 17490 ns, At safepoint: 17976 ns, Total: 63936 ns
[2025-05-27T21:24:54.557+0000][69][info ][safepoint   ] Safepoint "Cleanup", Time since last: 216111349212 ns, Reaching safepoint: 17024 ns, Cleanup: 12864 ns, At safepoint: 66045 ns, Total: 95933 ns
[2025-05-27T21:26:05.592+0000][69][info ][safepoint   ] Safepoint "Cleanup", Time since last: 71042021692 ns, Reaching safepoint: 104338 ns, Cleanup: 17549 ns, At safepoint: 37831 ns, Total: 159718 ns
[2025-05-27T21:26:20.605+0000][69][info ][safepoint   ] Safepoint "Cleanup", Time since last: 15013157071 ns, Reaching safepoint: 26398 ns, Cleanup: 17792 ns, At safepoint: 121519 ns, Total: 165709 ns
[2025-05-27T21:27:56.650+0000][69][info ][safepoint   ] Safepoint "Cleanup", Time since last: 96053709889 ns, Reaching safepoint: 63478 ns, Cleanup: 15749 ns, At safepoint: 15969 ns, Total: 95196 ns
[2025-05-27T21:31:02.723+0000][69][info ][safepoint   ] Safepoint "Cleanup", Time since last: 186087214752 ns, Reaching safepoint: 15303 ns, Cleanup: 14949 ns, At safepoint: 20155 ns, Total: 50407 ns
[2025-05-27T21:36:49.639+0000][69][info ][safepoint   ] Safepoint "Cleanup", Time since last: 346941587843 ns, Reaching safepoint: 196371 ns, Cleanup: 19070 ns, At safepoint: 47635 ns, Total: 263076 ns
[2025-05-27T21:48:47.511+0000][69][info ][safepoint   ] Safepoint "Cleanup", Time since last: 717928278180 ns, Reaching safepoint: 112300 ns, Cleanup: 13020 ns, At safepoint: 76602 ns, Total: 201922 ns
[2025-05-27T21:51:36.387+0000][69][info ][safepoint   ] Safepoint "Cleanup", Time since last: 168890431435 ns, Reaching safepoint: 13614 ns, Cleanup: 11466 ns, At safepoint: 21831 ns, Total: 46911 ns
[2025-05-27T21:55:50.497+0000][69][info ][safepoint   ] Safepoint "Cleanup", Time since last: 254127816446 ns, Reaching safepoint: 25686 ns, Cleanup: 16450 ns, At safepoint: 11431 ns, Total: 53567 ns
[2025-05-27T22:01:00.652+0000][69][info ][safepoint   ] Safepoint "Cleanup", Time since last: 310180743842 ns, Reaching safepoint: 8688 ns, Cleanup: 25005 ns, At safepoint: 4351 ns, Total: 38044 ns
[2025-05-27T22:01:59.757+0000][69][info ][safepoint   ] Safepoint "Cleanup", Time since last: 59109507798 ns, Reaching safepoint: 28306 ns, Cleanup: 15767 ns, At safepoint: 51194 ns, Total: 95267 ns
[2025-05-27T22:02:26.938+0000][69][info ][gc,start    ] GC(43) Pause Young (Normal) (G1 Evacuation Pause)
[2025-05-27T22:02:26.939+0000][69][info ][gc,task     ] GC(43) Using 10 workers of 10 for evacuation
[2025-05-27T22:02:26.939+0000][69][debug][gc,age      ] GC(43) Desired survivor size 153092096 bytes, new threshold 15 (max threshold 15)
[2025-05-27T22:02:26.965+0000][69][info ][gc,phases   ] GC(43)   Pre Evacuate Collection Set: 0.90ms
[2025-05-27T22:02:26.966+0000][69][info ][gc,phases   ] GC(43)   Merge Heap Roots: 2.30ms
[2025-05-27T22:02:26.967+0000][69][info ][gc,phases   ] GC(43)   Evacuate Collection Set: 20.64ms
[2025-05-27T22:02:26.967+0000][69][info ][gc,phases   ] GC(43)   Post Evacuate Collection Set: 1.56ms
[2025-05-27T22:02:26.968+0000][69][info ][gc,phases   ] GC(43)   Other: 0.97ms
[2025-05-27T22:02:26.968+0000][69][trace][gc,age      ] GC(43) Age table with threshold 15 (max threshold 15)
[2025-05-27T22:02:26.969+0000][69][trace][gc,age      ] GC(43) - age   1:     794304 bytes,     794304 total
[2025-05-27T22:02:26.969+0000][69][trace][gc,age      ] GC(43) - age   2:     209648 bytes,    1003952 total
[2025-05-27T22:02:26.969+0000][69][trace][gc,age      ] GC(43) - age   3:     145192 bytes,    1149144 total
[2025-05-27T22:02:26.970+0000][69][trace][gc,age      ] GC(43) - age   4:     119976 bytes,    1269120 total
[2025-05-27T22:02:26.972+0000][69][trace][gc,age      ] GC(43) - age   5:     120872 bytes,    1389992 total
[2025-05-27T22:02:26.973+0000][69][trace][gc,age      ] GC(43) - age   6:     476432 bytes,    1866424 total
[2025-05-27T22:02:26.973+0000][69][trace][gc,age      ] GC(43) - age   7:     125800 bytes,    1992224 total
[2025-05-27T22:02:26.973+0000][69][trace][gc,age      ] GC(43) - age   8:     127568 bytes,    2119792 total
[2025-05-27T22:02:26.974+0000][69][trace][gc,age      ] GC(43) - age   9:     125568 bytes,    2245360 total
[2025-05-27T22:02:26.975+0000][69][trace][gc,age      ] GC(43) - age  10:     118112 bytes,    2363472 total
[2025-05-27T22:02:26.978+0000][69][trace][gc,age      ] GC(43) - age  11:     119608 bytes,    2483080 total
[2025-05-27T22:02:26.979+0000][69][trace][gc,age      ] GC(43) - age  12:     115392 bytes,    2598472 total
[2025-05-27T22:02:26.979+0000][69][trace][gc,age      ] GC(43) - age  13:     115384 bytes,    2713856 total
[2025-05-27T22:02:26.980+0000][69][trace][gc,age      ] GC(43) - age  14:     114000 bytes,    2827856 total
[2025-05-27T22:02:26.980+0000][69][trace][gc,age      ] GC(43) - age  15:     124776 bytes,    2952632 total
[2025-05-27T22:02:26.980+0000][69][info ][gc,heap     ] GC(43) Eden regions: 581->0(581)
[2025-05-27T22:02:26.981+0000][69][info ][gc,heap     ] GC(43) Survivor regions: 1->1(73)
[2025-05-27T22:02:26.982+0000][69][info ][gc,heap     ] GC(43) Old regions: 27->27
[2025-05-27T22:02:26.983+0000][69][info ][gc,heap     ] GC(43) Humongous regions: 0->0
[2025-05-27T22:02:26.984+0000][69][info ][gc,metaspace] GC(43) Metaspace: 147094K(153408K)->147094K(153408K) NonClass: 127506K(131328K)->127506K(131328K) Class: 19588K(22080K)->19588K(22080K)
[2025-05-27T22:02:26.984+0000][69][info ][gc          ] GC(43) Pause Young (Normal) (G1 Evacuation Pause) 2432M->108M(3880M) 46.106ms
[2025-05-27T22:02:26.985+0000][69][info ][gc,cpu      ] GC(43) User=0.05s Sys=0.01s Real=0.05s
[2025-05-27T22:02:26.985+0000][69][info ][safepoint   ] Safepoint "G1CollectForAllocation", Time since last: 27183509985 ns, Reaching safepoint: 152860 ns, Cleanup: 8108 ns, At safepoint: 47171911 ns, Total: 47332879 ns
[2025-05-27T22:24:10.412+0000][69][info ][safepoint   ] Safepoint "Cleanup", Time since last: 1303524993841 ns, Reaching safepoint: 57171 ns, Cleanup: 20006 ns, At safepoint: 15590 ns, Total: 92767 ns
[2025-05-27T22:40:29.653+0000][69][info ][safepoint   ] Safepoint "Cleanup", Time since last: 979316890282 ns, Reaching safepoint: 61496 ns, Cleanup: 17296 ns, At safepoint: 15849 ns, Total: 94641 ns
[2025-05-27T22:42:59.991+0000][69][info ][safepoint   ] Safepoint "Cleanup", Time since last: 150349517864 ns, Reaching safepoint: 11740 ns, Cleanup: 7128 ns, At safepoint: 34965 ns, Total: 53833 ns
[2025-05-27T22:47:08.954+0000][69][info ][safepoint   ] Safepoint "Cleanup", Time since last: 248981702228 ns, Reaching safepoint: 13512 ns, Cleanup: 10356 ns, At safepoint: 4818 ns, Total: 28686 ns
[2025-05-27T22:47:10.110+0000][69][info ][safepoint   ] Safepoint "Cleanup", Time since last: 1156119907 ns, Reaching safepoint: 23380 ns, Cleanup: 18283 ns, At safepoint: 13542 ns, Total: 55205 ns
[2025-05-27T22:49:18.190+0000][69][info ][safepoint   ] Safepoint "Cleanup", Time since last: 128088606080 ns, Reaching safepoint: 15051 ns, Cleanup: 13541 ns, At safepoint: 21641 ns, Total: 50233 ns
[2025-05-27T22:49:19.202+0000][69][info ][safepoint   ] Safepoint "Cleanup", Time since last: 1012153257 ns, Reaching safepoint: 23840 ns, Cleanup: 14676 ns, At safepoint: 12128 ns, Total: 50644 ns
[2025-05-27T22:50:20.431+0000][69][info ][safepoint   ] Safepoint "Cleanup", Time since last: 61233511028 ns, Reaching safepoint: 88128 ns, Cleanup: 8565 ns, At safepoint: 18761 ns, Total: 115454 ns
[2025-05-27T22:54:08.410+0000][69][info ][gc,start    ] GC(44) Pause Young (Normal) (G1 Evacuation Pause)
[2025-05-27T22:54:08.411+0000][69][info ][gc,task     ] GC(44) Using 10 workers of 10 for evacuation
[2025-05-27T22:54:08.411+0000][69][debug][gc,age      ] GC(44) Desired survivor size 153092096 bytes, new threshold 15 (max threshold 15)
[2025-05-27T22:54:08.422+0000][69][info ][gc,phases   ] GC(44)   Pre Evacuate Collection Set: 0.51ms
[2025-05-27T22:54:08.422+0000][69][info ][gc,phases   ] GC(44)   Merge Heap Roots: 0.71ms
[2025-05-27T22:54:08.422+0000][69][info ][gc,phases   ] GC(44)   Evacuate Collection Set: 7.15ms
[2025-05-27T22:54:08.423+0000][69][info ][gc,phases   ] GC(44)   Post Evacuate Collection Set: 1.47ms
[2025-05-27T22:54:08.423+0000][69][info ][gc,phases   ] GC(44)   Other: 0.78ms
[2025-05-27T22:54:08.424+0000][69][trace][gc,age      ] GC(44) Age table with threshold 15 (max threshold 15)
[2025-05-27T22:54:08.424+0000][69][trace][gc,age      ] GC(44) - age   1:    1551504 bytes,    1551504 total
[2025-05-27T22:54:08.424+0000][69][trace][gc,age      ] GC(44) - age   2:     274704 bytes,    1826208 total
[2025-05-27T22:54:08.425+0000][69][trace][gc,age      ] GC(44) - age   3:     158736 bytes,    1984944 total
[2025-05-27T22:54:08.425+0000][69][trace][gc,age      ] GC(44) - age   4:     144776 bytes,    2129720 total
[2025-05-27T22:54:08.425+0000][69][trace][gc,age      ] GC(44) - age   5:     119936 bytes,    2249656 total
[2025-05-27T22:54:08.426+0000][69][trace][gc,age      ] GC(44) - age   6:     120608 bytes,    2370264 total
[2025-05-27T22:54:08.426+0000][69][trace][gc,age      ] GC(44) - age   7:     476056 bytes,    2846320 total
[2025-05-27T22:54:08.427+0000][69][trace][gc,age      ] GC(44) - age   8:     125800 bytes,    2972120 total
[2025-05-27T22:54:08.427+0000][69][trace][gc,age      ] GC(44) - age   9:     127568 bytes,    3099688 total
[2025-05-27T22:54:08.428+0000][69][trace][gc,age      ] GC(44) - age  10:     125528 bytes,    3225216 total
[2025-05-27T22:54:08.428+0000][69][trace][gc,age      ] GC(44) - age  11:     118112 bytes,    3343328 total
[2025-05-27T22:54:08.428+0000][69][trace][gc,age      ] GC(44) - age  12:     119608 bytes,    3462936 total
[2025-05-27T22:54:08.429+0000][69][trace][gc,age      ] GC(44) - age  13:     115392 bytes,    3578328 total
[2025-05-27T22:54:08.430+0000][69][trace][gc,age      ] GC(44) - age  14:     115384 bytes,    3693712 total
[2025-05-27T22:54:08.430+0000][69][trace][gc,age      ] GC(44) - age  15:     114000 bytes,    3807712 total
[2025-05-27T22:54:08.430+0000][69][info ][gc,heap     ] GC(44) Eden regions: 581->0(580)
[2025-05-27T22:54:08.431+0000][69][info ][gc,heap     ] GC(44) Survivor regions: 1->2(73)
[2025-05-27T22:54:08.432+0000][69][info ][gc,heap     ] GC(44) Old regions: 27->27
[2025-05-27T22:54:08.433+0000][69][info ][gc,heap     ] GC(44) Humongous regions: 0->0
[2025-05-27T22:54:08.433+0000][69][info ][gc,metaspace] GC(44) Metaspace: 147107K(153408K)->147107K(153408K) NonClass: 127516K(131328K)->127516K(131328K) Class: 19590K(22080K)->19590K(22080K)
[2025-05-27T22:54:08.435+0000][69][info ][gc          ] GC(44) Pause Young (Normal) (G1 Evacuation Pause) 2432M->109M(3880M) 24.499ms
[2025-05-27T22:54:08.435+0000][69][info ][gc,cpu      ] GC(44) User=0.05s Sys=0.01s Real=0.02s
[2025-05-27T22:54:08.438+0000][69][info ][safepoint   ] Safepoint "G1CollectForAllocation", Time since last: 227997304123 ns, Reaching safepoint: 54480 ns, Cleanup: 5419 ns, At safepoint: 27177591 ns, Total: 27237490 ns
[2025-05-27T23:05:02.404+0000][69][info ][safepoint   ] Safepoint "Cleanup", Time since last: 654017820814 ns, Reaching safepoint: 111435 ns, Cleanup: 16190 ns, At safepoint: 44036 ns, Total: 171661 ns
[2025-05-27T23:07:21.748+0000][69][info ][safepoint   ] Safepoint "Cleanup", Time since last: 139352864917 ns, Reaching safepoint: 12793 ns, Cleanup: 11373 ns, At safepoint: 20964 ns, Total: 45130 ns
[2025-05-27T23:12:49.463+0000][69][info ][safepoint   ] Safepoint "Cleanup", Time since last: 327739967338 ns, Reaching safepoint: 7431 ns, Cleanup: 10229 ns, At safepoint: 14845 ns, Total: 32505 ns
[2025-05-27T23:14:22.615+0000][69][info ][safepoint   ] Safepoint "Cleanup", Time since last: 93157903038 ns, Reaching safepoint: 57728 ns, Cleanup: 17605 ns, At safepoint: 16356 ns, Total: 91689 ns
[2025-05-27T23:17:49.452+0000][69][info ][safepoint   ] Safepoint "Cleanup", Time since last: 206853191979 ns, Reaching safepoint: 6152 ns, Cleanup: 8899 ns, At safepoint: 15185 ns, Total: 30236 ns
[2025-05-27T23:31:09.391+0000][69][info ][safepoint   ] Safepoint "Cleanup", Time since last: 799997669607 ns, Reaching safepoint: 6620 ns, Cleanup: 15903 ns, At safepoint: 14974 ns, Total: 37497 ns
[2025-05-27T23:31:32.402+0000][69][info ][safepoint   ] Safepoint "Cleanup", Time since last: 23012863904 ns, Reaching safepoint: 7600 ns, Cleanup: 14802 ns, At safepoint: 19436 ns, Total: 41838 ns
[2025-05-27T23:46:35.351+0000][69][info ][gc,start    ] GC(45) Pause Young (Normal) (G1 Evacuation Pause)
[2025-05-27T23:46:35.351+0000][69][info ][gc,task     ] GC(45) Using 10 workers of 10 for evacuation
[2025-05-27T23:46:35.352+0000][69][debug][gc,age      ] GC(45) Desired survivor size 153092096 bytes, new threshold 15 (max threshold 15)
[2025-05-27T23:46:35.361+0000][69][info ][gc,phases   ] GC(45)   Pre Evacuate Collection Set: 0.55ms
[2025-05-27T23:46:35.362+0000][69][info ][gc,phases   ] GC(45)   Merge Heap Roots: 0.80ms
[2025-05-27T23:46:35.362+0000][69][info ][gc,phases   ] GC(45)   Evacuate Collection Set: 5.72ms
[2025-05-27T23:46:35.362+0000][69][info ][gc,phases   ] GC(45)   Post Evacuate Collection Set: 1.82ms
[2025-05-27T23:46:35.363+0000][69][info ][gc,phases   ] GC(45)   Other: 0.98ms
[2025-05-27T23:46:35.363+0000][69][trace][gc,age      ] GC(45) Age table with threshold 15 (max threshold 15)
[2025-05-27T23:46:35.363+0000][69][trace][gc,age      ] GC(45) - age   1:     952288 bytes,     952288 total
[2025-05-27T23:46:35.364+0000][69][trace][gc,age      ] GC(45) - age   2:     168616 bytes,    1120904 total
[2025-05-27T23:46:35.364+0000][69][trace][gc,age      ] GC(45) - age   3:     134184 bytes,    1255088 total
[2025-05-27T23:46:35.364+0000][69][trace][gc,age      ] GC(45) - age   4:     157776 bytes,    1412864 total
[2025-05-27T23:46:35.365+0000][69][trace][gc,age      ] GC(45) - age   5:     128360 bytes,    1541224 total
[2025-05-27T23:46:35.365+0000][69][trace][gc,age      ] GC(45) - age   6:     119672 bytes,    1660896 total
[2025-05-27T23:46:35.365+0000][69][trace][gc,age      ] GC(45) - age   7:     120488 bytes,    1781384 total
[2025-05-27T23:46:35.366+0000][69][trace][gc,age      ] GC(45) - age   8:     475824 bytes,    2257208 total
[2025-05-27T23:46:35.366+0000][69][trace][gc,age      ] GC(45) - age   9:     125800 bytes,    2383008 total
[2025-05-27T23:46:35.366+0000][69][trace][gc,age      ] GC(45) - age  10:     127568 bytes,    2510576 total
[2025-05-27T23:46:35.366+0000][69][trace][gc,age      ] GC(45) - age  11:     125528 bytes,    2636104 total
[2025-05-27T23:46:35.367+0000][69][trace][gc,age      ] GC(45) - age  12:     118112 bytes,    2754216 total
[2025-05-27T23:46:35.367+0000][69][trace][gc,age      ] GC(45) - age  13:     119568 bytes,    2873784 total
[2025-05-27T23:46:35.367+0000][69][trace][gc,age      ] GC(45) - age  14:     115256 bytes,    2989040 total
[2025-05-27T23:46:35.368+0000][69][trace][gc,age      ] GC(45) - age  15:     115384 bytes,    3104424 total
[2025-05-27T23:46:35.368+0000][69][info ][gc,heap     ] GC(45) Eden regions: 580->0(581)
[2025-05-27T23:46:35.368+0000][69][info ][gc,heap     ] GC(45) Survivor regions: 2->1(73)
[2025-05-27T23:46:35.368+0000][69][info ][gc,heap     ] GC(45) Old regions: 27->27
[2025-05-27T23:46:35.369+0000][69][info ][gc,heap     ] GC(45) Humongous regions: 0->0
[2025-05-27T23:46:35.369+0000][69][info ][gc,metaspace] GC(45) Metaspace: 147115K(153408K)->147115K(153408K) NonClass: 127524K(131328K)->127524K(131328K) Class: 19590K(22080K)->19590K(22080K)
[2025-05-27T23:46:35.369+0000][69][info ][gc          ] GC(45) Pause Young (Normal) (G1 Evacuation Pause) 2429M->108M(3880M) 18.556ms
[2025-05-27T23:46:35.370+0000][69][info ][gc,cpu      ] GC(45) User=0.05s Sys=0.00s Real=0.02s
[2025-05-27T23:46:35.370+0000][69][info ][safepoint   ] Safepoint "G1CollectForAllocation", Time since last: 903019015173 ns, Reaching safepoint: 53769 ns, Cleanup: 5690 ns, At safepoint: 19372488 ns, Total: 19431947 ns
[2025-05-27T23:54:54.158+0000][69][info ][safepoint   ] Safepoint "Cleanup", Time since last: 498825919150 ns, Reaching safepoint: 33285 ns, Cleanup: 26320 ns, At safepoint: 20783 ns, Total: 80388 ns
[2025-05-27T23:58:10.236+0000][69][info ][safepoint   ] Safepoint "Cleanup", Time since last: 196094467589 ns, Reaching safepoint: 101489 ns, Cleanup: 18507 ns, At safepoint: 12963 ns, Total: 132959 ns
[2025-05-27T23:59:10.260+0000][69][info ][safepoint   ] Safepoint "Cleanup", Time since last: 60028185129 ns, Reaching safepoint: 95033 ns, Cleanup: 17123 ns, At safepoint: 11082 ns, Total: 123238 ns
[2025-05-27T23:59:54.282+0000][69][info ][safepoint   ] Safepoint "Cleanup", Time since last: 44024723984 ns, Reaching safepoint: 25038 ns, Cleanup: 15941 ns, At safepoint: 11887 ns, Total: 52866 ns
[2025-05-28T00:00:03.285+0000][69][info ][safepoint   ] Safepoint "Cleanup", Time since last: 9005635875 ns, Reaching safepoint: 14938 ns, Cleanup: 22063 ns, At safepoint: 6522 ns, Total: 43523 ns
[2025-05-28T00:00:10.303+0000][69][info ][safepoint   ] Safepoint "Cleanup", Time since last: 7017769148 ns, Reaching safepoint: 26280 ns, Cleanup: 17580 ns, At safepoint: 14791 ns, Total: 58651 ns
[2025-05-28T00:01:10.320+0000][69][info ][safepoint   ] Safepoint "Cleanup", Time since last: 60021489931 ns, Reaching safepoint: 24331 ns, Cleanup: 16232 ns, At safepoint: 86615 ns, Total: 127178 ns
[2025-05-28T00:03:20.570+0000][69][info ][safepoint   ] Safepoint "Cleanup", Time since last: 130258344745 ns, Reaching safepoint: 25210 ns, Cleanup: 15503 ns, At safepoint: 13293 ns, Total: 54006 ns
[2025-05-28T00:04:14.332+0000][69][info ][safepoint   ] Safepoint "Cleanup", Time since last: 53766514995 ns, Reaching safepoint: 69469 ns, Cleanup: 13766 ns, At safepoint: 30085 ns, Total: 113320 ns
[2025-05-28T00:04:15.429+0000][69][info ][safepoint   ] Safepoint "Cleanup", Time since last: 1096857662 ns, Reaching safepoint: 16495 ns, Cleanup: 11180 ns, At safepoint: 22916 ns, Total: 50591 ns
[2025-05-28T00:04:52.439+0000][69][info ][safepoint   ] Safepoint "Cleanup", Time since last: 37012527406 ns, Reaching safepoint: 24947 ns, Cleanup: 14432 ns, At safepoint: 12284 ns, Total: 51663 ns
[2025-05-28T00:10:08.332+0000][69][info ][safepoint   ] Safepoint "Cleanup", Time since last: 315922497354 ns, Reaching safepoint: 21779 ns, Cleanup: 12338 ns, At safepoint: 20567 ns, Total: 54684 ns
[2025-05-28T00:18:33.033+0000][69][info ][safepoint   ] Safepoint "Cleanup", Time since last: 504753894839 ns, Reaching safepoint: 26177 ns, Cleanup: 20461 ns, At safepoint: 42344 ns, Total: 88982 ns
[2025-05-28T00:31:11.505+0000][69][info ][safepoint   ] Safepoint "Cleanup", Time since last: 758539476832 ns, Reaching safepoint: 548294 ns, Cleanup: 17785 ns, At safepoint: 85685 ns, Total: 651764 ns
[2025-05-28T00:31:12.526+0000][69][info ][safepoint   ] Safepoint "Cleanup", Time since last: 1021554692 ns, Reaching safepoint: 25483 ns, Cleanup: 18174 ns, At safepoint: 12543 ns, Total: 56200 ns
[2025-05-28T00:34:09.325+0000][69][info ][safepoint   ] Safepoint "Cleanup", Time since last: 176813697429 ns, Reaching safepoint: 94114 ns, Cleanup: 15862 ns, At safepoint: 14050 ns, Total: 124026 ns
[2025-05-28T00:37:05.259+0000][69][info ][gc,start    ] GC(46) Pause Young (Normal) (G1 Evacuation Pause)
[2025-05-28T00:37:05.260+0000][69][info ][gc,task     ] GC(46) Using 10 workers of 10 for evacuation
[2025-05-28T00:37:05.261+0000][69][debug][gc,age      ] GC(46) Desired survivor size 153092096 bytes, new threshold 15 (max threshold 15)
[2025-05-28T00:37:05.316+0000][69][info ][gc,phases   ] GC(46)   Pre Evacuate Collection Set: 5.29ms
[2025-05-28T00:37:05.317+0000][69][info ][gc,phases   ] GC(46)   Merge Heap Roots: 1.26ms
[2025-05-28T00:37:05.317+0000][69][info ][gc,phases   ] GC(46)   Evacuate Collection Set: 40.24ms
[2025-05-28T00:37:05.317+0000][69][info ][gc,phases   ] GC(46)   Post Evacuate Collection Set: 7.73ms
[2025-05-28T00:37:05.318+0000][69][info ][gc,phases   ] GC(46)   Other: 2.10ms
[2025-05-28T00:37:05.318+0000][69][trace][gc,age      ] GC(46) Age table with threshold 15 (max threshold 15)
[2025-05-28T00:37:05.318+0000][69][trace][gc,age      ] GC(46) - age   1:    1530944 bytes,    1530944 total
[2025-05-28T00:37:05.319+0000][69][trace][gc,age      ] GC(46) - age   2:     284368 bytes,    1815312 total
[2025-05-28T00:37:05.319+0000][69][trace][gc,age      ] GC(46) - age   3:     134176 bytes,    1949488 total
[2025-05-28T00:37:05.319+0000][69][trace][gc,age      ] GC(46) - age   4:     132448 bytes,    2081936 total
[2025-05-28T00:37:05.319+0000][69][trace][gc,age      ] GC(46) - age   5:     125272 bytes,    2207208 total
[2025-05-28T00:37:05.320+0000][69][trace][gc,age      ] GC(46) - age   6:     128136 bytes,    2335344 total
[2025-05-28T00:37:05.320+0000][69][trace][gc,age      ] GC(46) - age   7:     119672 bytes,    2455016 total
[2025-05-28T00:37:05.321+0000][69][trace][gc,age      ] GC(46) - age   8:     120488 bytes,    2575504 total
[2025-05-28T00:37:05.321+0000][69][trace][gc,age      ] GC(46) - age   9:     475824 bytes,    3051328 total
[2025-05-28T00:37:05.321+0000][69][trace][gc,age      ] GC(46) - age  10:     125512 bytes,    3176840 total
[2025-05-28T00:37:05.322+0000][69][trace][gc,age      ] GC(46) - age  11:     127528 bytes,    3304368 total
[2025-05-28T00:37:05.322+0000][69][trace][gc,age      ] GC(46) - age  12:     125528 bytes,    3429896 total
[2025-05-28T00:37:05.322+0000][69][trace][gc,age      ] GC(46) - age  13:     118112 bytes,    3548008 total
[2025-05-28T00:37:05.322+0000][69][trace][gc,age      ] GC(46) - age  14:     119568 bytes,    3667576 total
[2025-05-28T00:37:05.323+0000][69][trace][gc,age      ] GC(46) - age  15:     115256 bytes,    3782832 total
[2025-05-28T00:37:05.323+0000][69][info ][gc,heap     ] GC(46) Eden regions: 581->0(580)
[2025-05-28T00:37:05.323+0000][69][info ][gc,heap     ] GC(46) Survivor regions: 1->2(73)
[2025-05-28T00:37:05.323+0000][69][info ][gc,heap     ] GC(46) Old regions: 27->27
[2025-05-28T00:37:05.324+0000][69][info ][gc,heap     ] GC(46) Humongous regions: 0->0
[2025-05-28T00:37:05.324+0000][69][info ][gc,metaspace] GC(46) Metaspace: 147153K(153408K)->147153K(153408K) NonClass: 127562K(131328K)->127562K(131328K) Class: 19590K(22080K)->19590K(22080K)
[2025-05-28T00:37:05.325+0000][69][info ][gc          ] GC(46) Pause Young (Normal) (G1 Evacuation Pause) 2432M->109M(3880M) 66.283ms
[2025-05-28T00:37:05.325+0000][69][info ][gc,cpu      ] GC(46) User=0.26s Sys=0.03s Real=0.07s
[2025-05-28T00:37:05.325+0000][69][info ][safepoint   ] Safepoint "G1CollectForAllocation", Time since last: 175946794205 ns, Reaching safepoint: 78727 ns, Cleanup: 9379 ns, At safepoint: 68926441 ns, Total: 69014547 ns
[2025-05-28T00:45:09.191+0000][69][info ][safepoint   ] Safepoint "Cleanup", Time since last: 483905314681 ns, Reaching safepoint: 17862 ns, Cleanup: 17175 ns, At safepoint: 9269 ns, Total: 44306 ns
[2025-05-28T00:58:26.943+0000][69][info ][safepoint   ] Safepoint "Cleanup", Time since last: 797816535009 ns, Reaching safepoint: 918967 ns, Cleanup: 318609 ns, At safepoint: 194503 ns, Total: 1432079 ns
[2025-05-28T01:01:34.714+0000][69][info ][safepoint   ] Safepoint "Cleanup", Time since last: 187786142286 ns, Reaching safepoint: 50349 ns, Cleanup: 59778 ns, At safepoint: 14288 ns, Total: 124415 ns
[2025-05-28T01:09:55.977+0000][69][info ][safepoint   ] Safepoint "Cleanup", Time since last: 501305860575 ns, Reaching safepoint: 175691 ns, Cleanup: 16171 ns, At safepoint: 20374 ns, Total: 212236 ns
[2025-05-28T01:18:38.235+0000][69][info ][safepoint   ] Safepoint "Cleanup", Time since last: 522306482078 ns, Reaching safepoint: 15983 ns, Cleanup: 69698 ns, At safepoint: 16953 ns, Total: 102634 ns
[2025-05-28T01:19:09.220+0000][69][info ][safepoint   ] Safepoint "Cleanup", Time since last: 30985801716 ns, Reaching safepoint: 26241 ns, Cleanup: 18789 ns, At safepoint: 98674 ns, Total: 143704 ns
[2025-05-28T01:21:32.237+0000][69][info ][safepoint   ] Safepoint "Cleanup", Time since last: 143029854808 ns, Reaching safepoint: 9395 ns, Cleanup: 9102 ns, At safepoint: 13695 ns, Total: 32192 ns
[2025-05-28T01:29:55.737+0000][69][info ][safepoint   ] Safepoint "Cleanup", Time since last: 503544918125 ns, Reaching safepoint: 167967 ns, Cleanup: 19026 ns, At safepoint: 252512 ns, Total: 439505 ns
[2025-05-28T01:31:15.074+0000][69][info ][safepoint   ] Safepoint "Cleanup", Time since last: 79345375293 ns, Reaching safepoint: 6476 ns, Cleanup: 9019 ns, At safepoint: 14034 ns, Total: 29529 ns
[2025-05-28T01:31:15.095+0000][69][info ][gc,start    ] GC(47) Pause Young (Normal) (G1 Evacuation Pause)
[2025-05-28T01:31:15.096+0000][69][info ][gc,task     ] GC(47) Using 10 workers of 10 for evacuation
[2025-05-28T01:31:15.096+0000][69][debug][gc,age      ] GC(47) Desired survivor size 153092096 bytes, new threshold 15 (max threshold 15)
[2025-05-28T01:31:15.192+0000][69][info ][gc,phases   ] GC(47)   Pre Evacuate Collection Set: 7.38ms
[2025-05-28T01:31:15.192+0000][69][info ][gc,phases   ] GC(47)   Merge Heap Roots: 1.31ms
[2025-05-28T01:31:15.193+0000][69][info ][gc,phases   ] GC(47)   Evacuate Collection Set: 75.42ms
[2025-05-28T01:31:15.193+0000][69][info ][gc,phases   ] GC(47)   Post Evacuate Collection Set: 10.25ms
[2025-05-28T01:31:15.194+0000][69][info ][gc,phases   ] GC(47)   Other: 2.19ms
[2025-05-28T01:31:15.194+0000][69][trace][gc,age      ] GC(47) Age table with threshold 15 (max threshold 15)
[2025-05-28T01:31:15.195+0000][69][trace][gc,age      ] GC(47) - age   1:    1093336 bytes,    1093336 total
[2025-05-28T01:31:15.195+0000][69][trace][gc,age      ] GC(47) - age   2:     410880 bytes,    1504216 total
[2025-05-28T01:31:15.195+0000][69][trace][gc,age      ] GC(47) - age   3:     232400 bytes,    1736616 total
[2025-05-28T01:31:15.196+0000][69][trace][gc,age      ] GC(47) - age   4:     133904 bytes,    1870520 total
[2025-05-28T01:31:15.196+0000][69][trace][gc,age      ] GC(47) - age   5:     115736 bytes,    1986256 total
[2025-05-28T01:31:15.197+0000][69][trace][gc,age      ] GC(47) - age   6:     124696 bytes,    2110952 total
[2025-05-28T01:31:15.197+0000][69][trace][gc,age      ] GC(47) - age   7:     128136 bytes,    2239088 total
[2025-05-28T01:31:15.198+0000][69][trace][gc,age      ] GC(47) - age   8:     119672 bytes,    2358760 total
[2025-05-28T01:31:15.198+0000][69][trace][gc,age      ] GC(47) - age   9:     120256 bytes,    2479016 total
[2025-05-28T01:31:15.199+0000][69][trace][gc,age      ] GC(47) - age  10:     475712 bytes,    2954728 total
[2025-05-28T01:31:15.199+0000][69][trace][gc,age      ] GC(47) - age  11:     125416 bytes,    3080144 total
[2025-05-28T01:31:15.199+0000][69][trace][gc,age      ] GC(47) - age  12:     127472 bytes,    3207616 total
[2025-05-28T01:31:15.200+0000][69][trace][gc,age      ] GC(47) - age  13:     125528 bytes,    3333144 total
[2025-05-28T01:31:15.200+0000][69][trace][gc,age      ] GC(47) - age  14:     118112 bytes,    3451256 total
[2025-05-28T01:31:15.201+0000][69][trace][gc,age      ] GC(47) - age  15:     119568 bytes,    3570824 total
[2025-05-28T01:31:15.201+0000][69][info ][gc,heap     ] GC(47) Eden regions: 580->0(581)
[2025-05-28T01:31:15.201+0000][69][info ][gc,heap     ] GC(47) Survivor regions: 2->1(73)
[2025-05-28T01:31:15.202+0000][69][info ][gc,heap     ] GC(47) Old regions: 27->27
[2025-05-28T01:31:15.202+0000][69][info ][gc,heap     ] GC(47) Humongous regions: 0->0
[2025-05-28T01:31:15.203+0000][69][info ][gc,metaspace] GC(47) Metaspace: 147198K(153408K)->147198K(153408K) NonClass: 127602K(131328K)->127602K(131328K) Class: 19595K(22080K)->19595K(22080K)
[2025-05-28T01:31:15.203+0000][69][info ][gc          ] GC(47) Pause Young (Normal) (G1 Evacuation Pause) 2429M->109M(3880M) 108.894ms
[2025-05-28T01:31:15.204+0000][69][info ][gc,cpu      ] GC(47) User=0.42s Sys=0.00s Real=0.11s
[2025-05-28T01:31:15.204+0000][69][info ][safepoint   ] Safepoint "G1CollectForAllocation", Time since last: 19499569 ns, Reaching safepoint: 15262 ns, Cleanup: 4655 ns, At safepoint: 110347237 ns, Total: 110367154 ns
[2025-05-28T01:31:50.034+0000][69][info ][safepoint   ] Safepoint "Cleanup", Time since last: 34832816337 ns, Reaching safepoint: 6828 ns, Cleanup: 325295 ns, At safepoint: 55914 ns, Total: 388037 ns
[2025-05-28T01:32:02.219+0000][69][info ][safepoint   ] Safepoint "Cleanup", Time since last: 12187348930 ns, Reaching safepoint: 14078 ns, Cleanup: 12540 ns, At safepoint: 20692 ns, Total: 47310 ns
[2025-05-28T01:35:09.517+0000][69][info ][safepoint   ] Safepoint "Cleanup", Time since last: 187313686351 ns, Reaching safepoint: 490825 ns, Cleanup: 52937 ns, At safepoint: 53860 ns, Total: 597622 ns
[2025-05-28T01:37:55.664+0000][69][info ][safepoint   ] Safepoint "Cleanup", Time since last: 166160465131 ns, Reaching safepoint: 131344 ns, Cleanup: 11599 ns, At safepoint: 43351 ns, Total: 186294 ns
[2025-05-28T01:37:56.741+0000][69][info ][safepoint   ] Safepoint "Cleanup", Time since last: 1077049390 ns, Reaching safepoint: 27628 ns, Cleanup: 25336 ns, At safepoint: 16807 ns, Total: 69771 ns
[2025-05-28T01:38:20.202+0000][69][info ][safepoint   ] Safepoint "Cleanup", Time since last: 23462844559 ns, Reaching safepoint: 15863 ns, Cleanup: 22716 ns, At safepoint: 73097 ns, Total: 111676 ns
[2025-05-28T01:38:21.731+0000][69][info ][safepoint   ] Safepoint "Cleanup", Time since last: 1528754914 ns, Reaching safepoint: 27115 ns, Cleanup: 26720 ns, At safepoint: 16365 ns, Total: 70200 ns
[2025-05-28T01:38:22.731+0000][69][info ][safepoint   ] Safepoint "Cleanup", Time since last: 1000691475 ns, Reaching safepoint: 18457 ns, Cleanup: 27838 ns, At safepoint: 32723 ns, Total: 79018 ns
[2025-05-28T01:38:50.205+0000][69][info ][safepoint   ] Safepoint "Cleanup", Time since last: 27476203242 ns, Reaching safepoint: 188568 ns, Cleanup: 12846 ns, At safepoint: 45702 ns, Total: 247116 ns
[2025-05-28T01:40:26.181+0000][69][info ][safepoint   ] Safepoint "Cleanup", Time since last: 95984061373 ns, Reaching safepoint: 309991 ns, Cleanup: 24231 ns, At safepoint: 103853 ns, Total: 438075 ns
[2025-05-28T01:40:27.862+0000][69][info ][safepoint   ] Safepoint "Cleanup", Time since last: 1683241530 ns, Reaching safepoint: 28313 ns, Cleanup: 16690 ns, At safepoint: 16854 ns, Total: 61857 ns
[2025-05-28T01:40:29.863+0000][69][info ][safepoint   ] Safepoint "Cleanup", Time since last: 2000850757 ns, Reaching safepoint: 26541 ns, Cleanup: 15574 ns, At safepoint: 16731 ns, Total: 58846 ns
[2025-05-28T01:40:59.866+0000][69][info ][safepoint   ] Safepoint "Cleanup", Time since last: 30006110306 ns, Reaching safepoint: 26376 ns, Cleanup: 162756 ns, At safepoint: 26425 ns, Total: 215557 ns
[2025-05-28T01:41:05.868+0000][69][info ][safepoint   ] Safepoint "Cleanup", Time since last: 6001948391 ns, Reaching safepoint: 29696 ns, Cleanup: 17581 ns, At safepoint: 18117 ns, Total: 65394 ns
[2025-05-28T01:43:55.032+0000][69][info ][safepoint   ] Safepoint "Cleanup", Time since last: 169177265591 ns, Reaching safepoint: 64529 ns, Cleanup: 17140 ns, At safepoint: 16775 ns, Total: 98444 ns
[2025-05-28T01:44:38.238+0000][69][info ][safepoint   ] Safepoint "Cleanup", Time since last: 43211006475 ns, Reaching safepoint: 29707 ns, Cleanup: 16555 ns, At safepoint: 134238 ns, Total: 180500 ns
[2025-05-28T01:44:40.112+0000][69][info ][safepoint   ] Safepoint "Cleanup", Time since last: 1874511208 ns, Reaching safepoint: 30845 ns, Cleanup: 19084 ns, At safepoint: 20129 ns, Total: 70058 ns
[2025-05-28T01:46:41.233+0000][69][info ][safepoint   ] Safepoint "Cleanup", Time since last: 121132242037 ns, Reaching safepoint: 18775 ns, Cleanup: 18463 ns, At safepoint: 77602 ns, Total: 114840 ns
[2025-05-28T01:55:09.721+0000][69][info ][safepoint   ] Safepoint "Cleanup", Time since last: 508531567014 ns, Reaching safepoint: 30669 ns, Cleanup: 18641 ns, At safepoint: 12547 ns, Total: 61857 ns
[2025-05-28T01:57:39.821+0000][69][info ][safepoint   ] Safepoint "Cleanup", Time since last: 150113278819 ns, Reaching safepoint: 137178 ns, Cleanup: 17620 ns, At safepoint: 17240 ns, Total: 172038 ns
[2025-05-28T01:59:20.952+0000][69][info ][safepoint   ] Safepoint "Cleanup", Time since last: 101137562533 ns, Reaching safepoint: 350002 ns, Cleanup: 15711 ns, At safepoint: 156737 ns, Total: 522450 ns
[2025-05-28T01:59:21.961+0000][69][info ][safepoint   ] Safepoint "Cleanup", Time since last: 1008604521 ns, Reaching safepoint: 15000 ns, Cleanup: 16178 ns, At safepoint: 71948 ns, Total: 103126 ns
[2025-05-28T02:02:52.085+0000][69][info ][safepoint   ] Safepoint "Cleanup", Time since last: 210142349080 ns, Reaching safepoint: 63689 ns, Cleanup: 21540 ns, At safepoint: 16215 ns, Total: 101444 ns
[2025-05-28T02:03:32.154+0000][69][info ][safepoint   ] Safepoint "Cleanup", Time since last: 40073734765 ns, Reaching safepoint: 91737 ns, Cleanup: 12882 ns, At safepoint: 36290 ns, Total: 140909 ns
[2025-05-28T02:03:34.122+0000][69][info ][safepoint   ] Safepoint "Cleanup", Time since last: 1967955489 ns, Reaching safepoint: 29841 ns, Cleanup: 17556 ns, At safepoint: 17978 ns, Total: 65375 ns
[2025-05-28T02:03:51.125+0000][69][info ][safepoint   ] Safepoint "Cleanup", Time since last: 17003414689 ns, Reaching safepoint: 43567 ns, Cleanup: 13711 ns, At safepoint: 9903 ns, Total: 67181 ns
[2025-05-28T02:11:08.558+0000][69][info ][safepoint   ] Safepoint "Cleanup", Time since last: 437472823209 ns, Reaching safepoint: 47095 ns, Cleanup: 13415 ns, At safepoint: 8571 ns, Total: 69081 ns
[2025-05-28T02:11:56.607+0000][69][info ][safepoint   ] Safepoint "Cleanup", Time since last: 48051363131 ns, Reaching safepoint: 6864 ns, Cleanup: 9049 ns, At safepoint: 13089 ns, Total: 29002 ns
[2025-05-28T02:12:59.148+0000][69][info ][safepoint   ] Safepoint "Cleanup", Time since last: 62548998596 ns, Reaching safepoint: 7412 ns, Cleanup: 8005 ns, At safepoint: 13981 ns, Total: 29398 ns
[2025-05-28T02:19:14.906+0000][69][info ][safepoint   ] Safepoint "Cleanup", Time since last: 375787795344 ns, Reaching safepoint: 20528 ns, Cleanup: 11334 ns, At safepoint: 21636 ns, Total: 53498 ns
[2025-05-28T02:20:42.000+0000][69][info ][safepoint   ] Safepoint "Cleanup", Time since last: 87103022798 ns, Reaching safepoint: 152240 ns, Cleanup: 15234 ns, At safepoint: 12549 ns, Total: 180023 ns
[2025-05-28T02:21:47.949+0000][69][info ][gc,start    ] GC(48) Pause Young (Normal) (G1 Evacuation Pause)
[2025-05-28T02:21:47.953+0000][69][info ][gc,task     ] GC(48) Using 10 workers of 10 for evacuation
[2025-05-28T02:21:47.953+0000][69][debug][gc,age      ] GC(48) Desired survivor size 153092096 bytes, new threshold 15 (max threshold 15)
[2025-05-28T02:21:48.045+0000][69][info ][gc,phases   ] GC(48)   Pre Evacuate Collection Set: 5.38ms
[2025-05-28T02:21:48.045+0000][69][info ][gc,phases   ] GC(48)   Merge Heap Roots: 1.24ms
[2025-05-28T02:21:48.046+0000][69][info ][gc,phases   ] GC(48)   Evacuate Collection Set: 63.80ms
[2025-05-28T02:21:48.046+0000][69][info ][gc,phases   ] GC(48)   Post Evacuate Collection Set: 19.58ms
[2025-05-28T02:21:48.047+0000][69][info ][gc,phases   ] GC(48)   Other: 4.57ms
[2025-05-28T02:21:48.047+0000][69][trace][gc,age      ] GC(48) Age table with threshold 15 (max threshold 15)
[2025-05-28T02:21:48.048+0000][69][trace][gc,age      ] GC(48) - age   1:    1357416 bytes,    1357416 total
[2025-05-28T02:21:48.048+0000][69][trace][gc,age      ] GC(48) - age   2:     200456 bytes,    1557872 total
[2025-05-28T02:21:48.049+0000][69][trace][gc,age      ] GC(48) - age   3:     113064 bytes,    1670936 total
[2025-05-28T02:21:48.049+0000][69][trace][gc,age      ] GC(48) - age   4:     130944 bytes,    1801880 total
[2025-05-28T02:21:48.050+0000][69][trace][gc,age      ] GC(48) - age   5:     116888 bytes,    1918768 total
[2025-05-28T02:21:48.050+0000][69][trace][gc,age      ] GC(48) - age   6:     115736 bytes,    2034504 total
[2025-05-28T02:21:48.051+0000][69][trace][gc,age      ] GC(48) - age   7:     124696 bytes,    2159200 total
[2025-05-28T02:21:48.051+0000][69][trace][gc,age      ] GC(48) - age   8:     128096 bytes,    2287296 total
[2025-05-28T02:21:48.052+0000][69][trace][gc,age      ] GC(48) - age   9:     119672 bytes,    2406968 total
[2025-05-28T02:21:48.052+0000][69][trace][gc,age      ] GC(48) - age  10:     120256 bytes,    2527224 total
[2025-05-28T02:21:48.052+0000][69][trace][gc,age      ] GC(48) - age  11:     475600 bytes,    3002824 total
[2025-05-28T02:21:48.053+0000][69][trace][gc,age      ] GC(48) - age  12:     125416 bytes,    3128240 total
[2025-05-28T02:21:48.053+0000][69][trace][gc,age      ] GC(48) - age  13:     127472 bytes,    3255712 total
[2025-05-28T02:21:48.054+0000][69][trace][gc,age      ] GC(48) - age  14:     125528 bytes,    3381240 total
[2025-05-28T02:21:48.054+0000][69][trace][gc,age      ] GC(48) - age  15:     118112 bytes,    3499352 total
[2025-05-28T02:21:48.055+0000][69][info ][gc,heap     ] GC(48) Eden regions: 581->0(581)
[2025-05-28T02:21:48.055+0000][69][info ][gc,heap     ] GC(48) Survivor regions: 1->1(73)
[2025-05-28T02:21:48.056+0000][69][info ][gc,heap     ] GC(48) Old regions: 27->27
[2025-05-28T02:21:48.056+0000][69][info ][gc,heap     ] GC(48) Humongous regions: 0->0
[2025-05-28T02:21:48.057+0000][69][info ][gc,metaspace] GC(48) Metaspace: 147463K(153408K)->147463K(153408K) NonClass: 127811K(131328K)->127811K(131328K) Class: 19651K(22080K)->19651K(22080K)
[2025-05-28T02:21:48.058+0000][69][info ][gc          ] GC(48) Pause Young (Normal) (G1 Evacuation Pause) 2433M->109M(3880M) 108.519ms
[2025-05-28T02:21:48.058+0000][69][info ][gc,cpu      ] GC(48) User=0.36s Sys=0.07s Real=0.11s
[2025-05-28T02:21:48.059+0000][69][info ][safepoint   ] Safepoint "G1CollectForAllocation", Time since last: 65952025138 ns, Reaching safepoint: 69595 ns, Cleanup: 8282 ns, At safepoint: 111712143 ns, Total: 111790020 ns
[2025-05-28T02:24:33.273+0000][69][info ][safepoint   ] Safepoint "Cleanup", Time since last: 165229489396 ns, Reaching safepoint: 29121 ns, Cleanup: 14440 ns, At safepoint: 72503 ns, Total: 116064 ns
[2025-05-28T02:31:15.896+0000][69][info ][safepoint   ] Safepoint "Cleanup", Time since last: 402654178007 ns, Reaching safepoint: 70012 ns, Cleanup: 1324903 ns, At safepoint: 187192 ns, Total: 1582107 ns
[2025-05-28T02:31:20.166+0000][69][info ][safepoint   ] Safepoint "Cleanup", Time since last: 4270145933 ns, Reaching safepoint: 94647 ns, Cleanup: 59760 ns, At safepoint: 24753 ns, Total: 179160 ns
[2025-05-28T02:31:41.724+0000][69][info ][safepoint   ] Safepoint "Cleanup", Time since last: 21561470478 ns, Reaching safepoint: 45803 ns, Cleanup: 13150 ns, At safepoint: 69700 ns, Total: 128653 ns
[2025-05-28T02:31:51.144+0000][69][info ][safepoint   ] Safepoint "Cleanup", Time since last: 9418694439 ns, Reaching safepoint: 470390 ns, Cleanup: 15825 ns, At safepoint: 202201 ns, Total: 688416 ns
[2025-05-28T02:34:51.403+0000][69][info ][safepoint   ] Safepoint "Cleanup", Time since last: 180273798435 ns, Reaching safepoint: 164159 ns, Cleanup: 438358 ns, At safepoint: 196077 ns, Total: 798594 ns
[2025-05-28T02:58:21.195+0000][69][info ][safepoint   ] Safepoint "Cleanup", Time since last: 1409914444683 ns, Reaching safepoint: 84269 ns, Cleanup: 345502 ns, At safepoint: 119424 ns, Total: 549195 ns
[2025-05-28T03:15:02.674+0000][69][info ][gc,start    ] GC(49) Pause Young (Normal) (G1 Evacuation Pause)
[2025-05-28T03:15:02.678+0000][69][info ][gc,task     ] GC(49) Using 10 workers of 10 for evacuation
[2025-05-28T03:15:02.678+0000][69][debug][gc,age      ] GC(49) Desired survivor size 153092096 bytes, new threshold 15 (max threshold 15)
[2025-05-28T03:15:02.841+0000][69][info ][gc,phases   ] GC(49)   Pre Evacuate Collection Set: 14.07ms
[2025-05-28T03:15:02.841+0000][69][info ][gc,phases   ] GC(49)   Merge Heap Roots: 1.66ms
[2025-05-28T03:15:02.842+0000][69][info ][gc,phases   ] GC(49)   Evacuate Collection Set: 126.51ms
[2025-05-28T03:15:02.842+0000][69][info ][gc,phases   ] GC(49)   Post Evacuate Collection Set: 17.77ms
[2025-05-28T03:15:02.843+0000][69][info ][gc,phases   ] GC(49)   Other: 3.82ms
[2025-05-28T03:15:02.843+0000][69][trace][gc,age      ] GC(49) Age table with threshold 15 (max threshold 15)
[2025-05-28T03:15:02.844+0000][69][trace][gc,age      ] GC(49) - age   1:    1238160 bytes,    1238160 total
[2025-05-28T03:15:02.844+0000][69][trace][gc,age      ] GC(49) - age   2:     298464 bytes,    1536624 total
[2025-05-28T03:15:02.845+0000][69][trace][gc,age      ] GC(49) - age   3:     157808 bytes,    1694432 total
[2025-05-28T03:15:02.845+0000][69][trace][gc,age      ] GC(49) - age   4:     112960 bytes,    1807392 total
[2025-05-28T03:15:02.846+0000][69][trace][gc,age      ] GC(49) - age   5:     114376 bytes,    1921768 total
[2025-05-28T03:15:02.846+0000][69][trace][gc,age      ] GC(49) - age   6:     116888 bytes,    2038656 total
[2025-05-28T03:15:02.847+0000][69][trace][gc,age      ] GC(49) - age   7:     115640 bytes,    2154296 total
[2025-05-28T03:15:02.847+0000][69][trace][gc,age      ] GC(49) - age   8:     119600 bytes,    2273896 total
[2025-05-28T03:15:02.847+0000][69][trace][gc,age      ] GC(49) - age   9:     128056 bytes,    2401952 total
[2025-05-28T03:15:02.848+0000][69][trace][gc,age      ] GC(49) - age  10:     119672 bytes,    2521624 total
[2025-05-28T03:15:02.849+0000][69][trace][gc,age      ] GC(49) - age  11:     120256 bytes,    2641880 total
[2025-05-28T03:15:02.849+0000][69][trace][gc,age      ] GC(49) - age  12:     475600 bytes,    3117480 total
[2025-05-28T03:15:02.850+0000][69][trace][gc,age      ] GC(49) - age  13:     125416 bytes,    3242896 total
[2025-05-28T03:15:02.850+0000][69][trace][gc,age      ] GC(49) - age  14:     127472 bytes,    3370368 total
[2025-05-28T03:15:02.851+0000][69][trace][gc,age      ] GC(49) - age  15:     125528 bytes,    3495896 total
[2025-05-28T03:15:02.851+0000][69][info ][gc,heap     ] GC(49) Eden regions: 581->0(581)
[2025-05-28T03:15:02.852+0000][69][info ][gc,heap     ] GC(49) Survivor regions: 1->1(73)
[2025-05-28T03:15:02.852+0000][69][info ][gc,heap     ] GC(49) Old regions: 27->27
[2025-05-28T03:15:02.853+0000][69][info ][gc,heap     ] GC(49) Humongous regions: 0->0
[2025-05-28T03:15:02.853+0000][69][info ][gc,metaspace] GC(49) Metaspace: 147468K(153408K)->147468K(153408K) NonClass: 127816K(131328K)->127816K(131328K) Class: 19651K(22080K)->19651K(22080K)
[2025-05-28T03:15:02.854+0000][69][info ][gc          ] GC(49) Pause Young (Normal) (G1 Evacuation Pause) 2433M->109M(3880M) 179.913ms
[2025-05-28T03:15:02.854+0000][69][info ][gc,cpu      ] GC(49) User=0.88s Sys=0.05s Real=0.18s
[2025-05-28T03:15:02.855+0000][69][info ][safepoint   ] Safepoint "G1CollectForAllocation", Time since last: 1001570792778 ns, Reaching safepoint: 45719 ns, Cleanup: 51832 ns, At safepoint: 182223797 ns, Total: 182321348 ns
[2025-05-28T03:23:09.185+0000][69][info ][safepoint   ] Safepoint "Cleanup", Time since last: 486387762004 ns, Reaching safepoint: 125252 ns, Cleanup: 282573 ns, At safepoint: 72613 ns, Total: 480438 ns
[2025-05-28T03:25:24.316+0000][69][info ][safepoint   ] Safepoint "Cleanup", Time since last: 135143356559 ns, Reaching safepoint: 18568 ns, Cleanup: 15362 ns, At safepoint: 87269 ns, Total: 121199 ns
[2025-05-28T03:31:17.680+0000][69][info ][safepoint   ] Safepoint "Cleanup", Time since last: 353405980776 ns, Reaching safepoint: 458038 ns, Cleanup: 19228 ns, At safepoint: 138973 ns, Total: 616239 ns
[2025-05-28T03:31:18.691+0000][69][info ][safepoint   ] Safepoint "Cleanup", Time since last: 1010737517 ns, Reaching safepoint: 49083 ns, Cleanup: 13961 ns, At safepoint: 5957 ns, Total: 69001 ns
[2025-05-28T03:52:42.786+0000][69][info ][safepoint   ] Safepoint "Cleanup", Time since last: 1284227272112 ns, Reaching safepoint: 27152 ns, Cleanup: 67670 ns, At safepoint: 29760 ns, Total: 124582 ns
[2025-05-28T03:55:52.485+0000][69][info ][safepoint   ] Safepoint "Cleanup", Time since last: 189715283458 ns, Reaching safepoint: 15431 ns, Cleanup: 17671 ns, At safepoint: 77879 ns, Total: 110981 ns
[2025-05-28T04:00:20.684+0000][69][info ][safepoint   ] Safepoint "Cleanup", Time since last: 268222174786 ns, Reaching safepoint: 2281745 ns, Cleanup: 23538 ns, At safepoint: 138877 ns, Total: 2444160 ns
[2025-05-28T04:01:07.766+0000][69][info ][safepoint   ] Safepoint "Cleanup", Time since last: 47088113277 ns, Reaching safepoint: 14789 ns, Cleanup: 195131 ns, At safepoint: 40959 ns, Total: 250879 ns
[2025-05-28T04:01:08.766+0000][69][info ][safepoint   ] Safepoint "Cleanup", Time since last: 1000310149 ns, Reaching safepoint: 16829 ns, Cleanup: 30282 ns, At safepoint: 92109 ns, Total: 139220 ns
[2025-05-28T04:03:12.770+0000][69][info ][safepoint   ] Safepoint "Cleanup", Time since last: 124014367389 ns, Reaching safepoint: 11040 ns, Cleanup: 33063 ns, At safepoint: 16161 ns, Total: 60264 ns
[2025-05-28T04:04:57.977+0000][69][info ][safepoint   ] Safepoint "Cleanup", Time since last: 105218584392 ns, Reaching safepoint: 113439 ns, Cleanup: 94900 ns, At safepoint: 77720 ns, Total: 286059 ns
[2025-05-28T04:05:21.795+0000][69][info ][safepoint   ] Safepoint "Cleanup", Time since last: 23817329002 ns, Reaching safepoint: 26458 ns, Cleanup: 18768 ns, At safepoint: 96711 ns, Total: 141937 ns
[2025-05-28T04:07:24.875+0000][69][info ][gc,start    ] GC(50) Pause Young (Normal) (G1 Evacuation Pause)
[2025-05-28T04:07:24.880+0000][69][info ][gc,task     ] GC(50) Using 10 workers of 10 for evacuation
[2025-05-28T04:07:24.883+0000][69][debug][gc,age      ] GC(50) Desired survivor size 153092096 bytes, new threshold 15 (max threshold 15)
[2025-05-28T04:07:25.022+0000][69][info ][gc,phases   ] GC(50)   Pre Evacuate Collection Set: 14.33ms
[2025-05-28T04:07:25.029+0000][69][info ][gc,phases   ] GC(50)   Merge Heap Roots: 2.15ms
[2025-05-28T04:07:25.034+0000][69][info ][gc,phases   ] GC(50)   Evacuate Collection Set: 103.36ms
[2025-05-28T04:07:25.047+0000][69][info ][gc,phases   ] GC(50)   Post Evacuate Collection Set: 13.00ms
[2025-05-28T04:07:25.064+0000][69][info ][gc,phases   ] GC(50)   Other: 9.72ms
[2025-05-28T04:07:25.073+0000][69][trace][gc,age      ] GC(50) Age table with threshold 15 (max threshold 15)
[2025-05-28T04:07:25.083+0000][69][trace][gc,age      ] GC(50) - age   1:    1482504 bytes,    1482504 total
[2025-05-28T04:07:25.099+0000][69][trace][gc,age      ] GC(50) - age   2:     294440 bytes,    1776944 total
[2025-05-28T04:07:25.113+0000][69][trace][gc,age      ] GC(50) - age   3:     274872 bytes,    2051816 total
[2025-05-28T04:07:25.128+0000][69][trace][gc,age      ] GC(50) - age   4:     155944 bytes,    2207760 total
[2025-05-28T04:07:25.136+0000][69][trace][gc,age      ] GC(50) - age   5:     112656 bytes,    2320416 total
[2025-05-28T04:07:25.148+0000][69][trace][gc,age      ] GC(50) - age   6:     114376 bytes,    2434792 total
[2025-05-28T04:07:25.158+0000][69][trace][gc,age      ] GC(50) - age   7:     116808 bytes,    2551600 total
[2025-05-28T04:07:25.170+0000][69][trace][gc,age      ] GC(50) - age   8:     115600 bytes,    2667200 total
[2025-05-28T04:07:25.185+0000][69][trace][gc,age      ] GC(50) - age   9:     119600 bytes,    2786800 total
[2025-05-28T04:07:25.201+0000][69][trace][gc,age      ] GC(50) - age  10:     128056 bytes,    2914856 total
[2025-05-28T04:07:25.206+0000][69][trace][gc,age      ] GC(50) - age  11:     119672 bytes,    3034528 total
[2025-05-28T04:07:25.210+0000][69][trace][gc,age      ] GC(50) - age  12:     120256 bytes,    3154784 total
[2025-05-28T04:07:25.214+0000][69][trace][gc,age      ] GC(50) - age  13:     475600 bytes,    3630384 total
[2025-05-28T04:07:25.218+0000][69][trace][gc,age      ] GC(50) - age  14:     125416 bytes,    3755800 total
[2025-05-28T04:07:25.222+0000][69][trace][gc,age      ] GC(50) - age  15:     127472 bytes,    3883272 total
[2025-05-28T04:07:25.228+0000][69][info ][gc,heap     ] GC(50) Eden regions: 581->0(580)
[2025-05-28T04:07:25.233+0000][69][info ][gc,heap     ] GC(50) Survivor regions: 1->2(73)
[2025-05-28T04:07:25.239+0000][69][info ][gc,heap     ] GC(50) Old regions: 27->27
[2025-05-28T04:07:25.243+0000][69][info ][gc,heap     ] GC(50) Humongous regions: 0->0
[2025-05-28T04:07:25.246+0000][69][info ][gc,metaspace] GC(50) Metaspace: 147470K(153408K)->147470K(153408K) NonClass: 127818K(131328K)->127818K(131328K) Class: 19651K(22080K)->19651K(22080K)
[2025-05-28T04:07:25.249+0000][69][info ][gc          ] GC(50) Pause Young (Normal) (G1 Evacuation Pause) 2433M->110M(3880M) 374.107ms
[2025-05-28T04:07:25.253+0000][69][info ][gc,cpu      ] GC(50) User=0.70s Sys=0.08s Real=0.38s
[2025-05-28T04:07:25.257+0000][69][info ][safepoint   ] Safepoint "G1CollectForAllocation", Time since last: 123087900914 ns, Reaching safepoint: 77489 ns, Cleanup: 55424 ns, At safepoint: 384180034 ns, Total: 384312947 ns
[2025-05-28T04:09:30.761+0000][69][info ][safepoint   ] Safepoint "Cleanup", Time since last: 125519032161 ns, Reaching safepoint: 28715 ns, Cleanup: 96082 ns, At safepoint: 37401 ns, Total: 162198 ns
[2025-05-28T04:11:30.867+0000][69][info ][safepoint   ] Safepoint "Cleanup", Time since last: 120116621590 ns, Reaching safepoint: 33065 ns, Cleanup: 17535 ns, At safepoint: 12720 ns, Total: 63320 ns
[2025-05-28T04:24:30.339+0000][69][info ][safepoint   ] Safepoint "Cleanup", Time since last: 779544443116 ns, Reaching safepoint: 174146 ns, Cleanup: 397157 ns, At safepoint: 155920 ns, Total: 727223 ns
[2025-05-28T04:26:19.427+0000][69][info ][safepoint   ] Safepoint "Cleanup", Time since last: 109094541648 ns, Reaching safepoint: 543615 ns, Cleanup: 230157 ns, At safepoint: 268286 ns, Total: 1042058 ns
[2025-05-28T04:32:37.874+0000][69][info ][safepoint   ] Safepoint "Cleanup", Time since last: 378483075062 ns, Reaching safepoint: 72863 ns, Cleanup: 300469 ns, At safepoint: 167559 ns, Total: 540891 ns
[2025-05-28T04:35:03.790+0000][69][info ][safepoint   ] Safepoint "Cleanup", Time since last: 145929530513 ns, Reaching safepoint: 202008 ns, Cleanup: 221158 ns, At safepoint: 36587 ns, Total: 459753 ns
[2025-05-28T04:36:48.977+0000][69][info ][safepoint   ] Safepoint "Cleanup", Time since last: 105194133564 ns, Reaching safepoint: 469190 ns, Cleanup: 38493 ns, At safepoint: 50217 ns, Total: 557900 ns
[2025-05-28T04:36:50.193+0000][69][info ][safepoint   ] Safepoint "Cleanup", Time since last: 1216201268 ns, Reaching safepoint: 17749 ns, Cleanup: 14747 ns, At safepoint: 9027 ns, Total: 41523 ns
[2025-05-28T04:48:51.142+0000][69][info ][safepoint   ] Safepoint "Cleanup", Time since last: 721017798668 ns, Reaching safepoint: 64646 ns, Cleanup: 16277 ns, At safepoint: 11028 ns, Total: 91951 ns
[2025-05-28T04:59:54.900+0000][69][info ][gc,start    ] GC(51) Pause Young (Normal) (G1 Evacuation Pause)
[2025-05-28T04:59:54.902+0000][69][info ][gc,task     ] GC(51) Using 10 workers of 10 for evacuation
[2025-05-28T04:59:54.903+0000][69][debug][gc,age      ] GC(51) Desired survivor size 153092096 bytes, new threshold 15 (max threshold 15)
[2025-05-28T04:59:55.014+0000][69][info ][gc,phases   ] GC(51)   Pre Evacuate Collection Set: 8.42ms
[2025-05-28T04:59:55.015+0000][69][info ][gc,phases   ] GC(51)   Merge Heap Roots: 2.05ms
[2025-05-28T04:59:55.015+0000][69][info ][gc,phases   ] GC(51)   Evacuate Collection Set: 87.22ms
[2025-05-28T04:59:55.015+0000][69][info ][gc,phases   ] GC(51)   Post Evacuate Collection Set: 11.87ms
[2025-05-28T04:59:55.016+0000][69][info ][gc,phases   ] GC(51)   Other: 2.22ms
[2025-05-28T04:59:55.016+0000][69][trace][gc,age      ] GC(51) Age table with threshold 15 (max threshold 15)
[2025-05-28T04:59:55.017+0000][69][trace][gc,age      ] GC(51) - age   1:    1403072 bytes,    1403072 total
[2025-05-28T04:59:55.018+0000][69][trace][gc,age      ] GC(51) - age   2:     190696 bytes,    1593768 total
[2025-05-28T04:59:55.018+0000][69][trace][gc,age      ] GC(51) - age   3:     226976 bytes,    1820744 total
[2025-05-28T04:59:55.018+0000][69][trace][gc,age      ] GC(51) - age   4:     274536 bytes,    2095280 total
[2025-05-28T04:59:55.019+0000][69][trace][gc,age      ] GC(51) - age   5:     154720 bytes,    2250000 total
[2025-05-28T04:59:55.019+0000][69][trace][gc,age      ] GC(51) - age   6:     112616 bytes,    2362616 total
[2025-05-28T04:59:55.020+0000][69][trace][gc,age      ] GC(51) - age   7:     114336 bytes,    2476952 total
[2025-05-28T04:59:55.021+0000][69][trace][gc,age      ] GC(51) - age   8:     116808 bytes,    2593760 total
[2025-05-28T04:59:55.021+0000][69][trace][gc,age      ] GC(51) - age   9:     115600 bytes,    2709360 total
[2025-05-28T04:59:55.022+0000][69][trace][gc,age      ] GC(51) - age  10:     119600 bytes,    2828960 total
[2025-05-28T04:59:55.023+0000][69][trace][gc,age      ] GC(51) - age  11:     128056 bytes,    2957016 total
[2025-05-28T04:59:55.023+0000][69][trace][gc,age      ] GC(51) - age  12:     119672 bytes,    3076688 total
[2025-05-28T04:59:55.024+0000][69][trace][gc,age      ] GC(51) - age  13:     120256 bytes,    3196944 total
[2025-05-28T04:59:55.024+0000][69][trace][gc,age      ] GC(51) - age  14:     475600 bytes,    3672544 total
[2025-05-28T04:59:55.024+0000][69][trace][gc,age      ] GC(51) - age  15:     125416 bytes,    3797960 total
[2025-05-28T04:59:55.025+0000][69][info ][gc,heap     ] GC(51) Eden regions: 580->0(581)
[2025-05-28T04:59:55.025+0000][69][info ][gc,heap     ] GC(51) Survivor regions: 2->1(73)
[2025-05-28T04:59:55.026+0000][69][info ][gc,heap     ] GC(51) Old regions: 27->27
[2025-05-28T04:59:55.026+0000][69][info ][gc,heap     ] GC(51) Humongous regions: 0->0
[2025-05-28T04:59:55.027+0000][69][info ][gc,metaspace] GC(51) Metaspace: 147474K(153408K)->147474K(153408K) NonClass: 127822K(131328K)->127822K(131328K) Class: 19651K(22080K)->19651K(22080K)
[2025-05-28T04:59:55.028+0000][69][info ][gc          ] GC(51) Pause Young (Normal) (G1 Evacuation Pause) 2430M->110M(3880M) 127.361ms
[2025-05-28T04:59:55.028+0000][69][info ][gc,cpu      ] GC(51) User=0.55s Sys=0.04s Real=0.13s
[2025-05-28T04:59:55.029+0000][69][info ][safepoint   ] Safepoint "G1CollectForAllocation", Time since last: 663820122176 ns, Reaching safepoint: 30063 ns, Cleanup: 7869 ns, At safepoint: 130337415 ns, Total: 130375347 ns
[2025-05-28T05:07:49.092+0000][69][info ][safepoint   ] Safepoint "Cleanup", Time since last: 474108795724 ns, Reaching safepoint: 101871 ns, Cleanup: 233537 ns, At safepoint: 45420 ns, Total: 380828 ns
[2025-05-28T05:07:50.154+0000][69][info ][safepoint   ] Safepoint "Cleanup", Time since last: 1061434538 ns, Reaching safepoint: 22805 ns, Cleanup: 145409 ns, At safepoint: 36445 ns, Total: 204659 ns
[2025-05-28T05:07:53.194+0000][69][info ][safepoint   ] Safepoint "Cleanup", Time since last: 3039472688 ns, Reaching safepoint: 27866 ns, Cleanup: 427500 ns, At safepoint: 51290 ns, Total: 506656 ns
[2025-05-28T05:07:54.876+0000][69][info ][safepoint   ] Safepoint "Cleanup", Time since last: 1682291459 ns, Reaching safepoint: 10424 ns, Cleanup: 11934 ns, At safepoint: 19210 ns, Total: 41568 ns
[2025-05-28T05:07:56.034+0000][69][info ][safepoint   ] Safepoint "Cleanup", Time since last: 1157230413 ns, Reaching safepoint: 8805 ns, Cleanup: 100329 ns, At safepoint: 20211 ns, Total: 129345 ns
[2025-05-28T05:08:08.400+0000][69][info ][safepoint   ] Safepoint "Cleanup", Time since last: 12368521709 ns, Reaching safepoint: 58521 ns, Cleanup: 16483 ns, At safepoint: 13686 ns, Total: 88690 ns
[2025-05-28T05:08:18.403+0000][69][info ][safepoint   ] Safepoint "Cleanup", Time since last: 10003145617 ns, Reaching safepoint: 101172 ns, Cleanup: 21223 ns, At safepoint: 15290 ns, Total: 137685 ns
[2025-05-28T05:09:23.582+0000][69][info ][safepoint   ] Safepoint "Cleanup", Time since last: 65184034738 ns, Reaching safepoint: 37847 ns, Cleanup: 80497 ns, At safepoint: 19104 ns, Total: 137448 ns
[2025-05-28T05:09:25.583+0000][69][info ][safepoint   ] Safepoint "Cleanup", Time since last: 2000898883 ns, Reaching safepoint: 16543 ns, Cleanup: 13210 ns, At safepoint: 8707 ns, Total: 38460 ns
[2025-05-28T05:11:03.688+0000][69][info ][safepoint   ] Safepoint "Cleanup", Time since last: 98116732162 ns, Reaching safepoint: 33086 ns, Cleanup: 33143 ns, At safepoint: 14109 ns, Total: 80338 ns
[2025-05-28T05:11:31.728+0000][69][info ][safepoint   ] Safepoint "Cleanup", Time since last: 28040851903 ns, Reaching safepoint: 22296 ns, Cleanup: 15123 ns, At safepoint: 11340 ns, Total: 48759 ns
[2025-05-28T05:12:13.735+0000][69][info ][safepoint   ] Safepoint "Cleanup", Time since last: 42009852930 ns, Reaching safepoint: 70347 ns, Cleanup: 16013 ns, At safepoint: 16429 ns, Total: 102789 ns
[2025-05-28T05:13:07.760+0000][69][info ][safepoint   ] Safepoint "Cleanup", Time since last: 54031256362 ns, Reaching safepoint: 73458 ns, Cleanup: 20472 ns, At safepoint: 19656 ns, Total: 113586 ns
[2025-05-28T05:13:33.834+0000][69][info ][safepoint   ] Safepoint "Cleanup", Time since last: 26076668796 ns, Reaching safepoint: 23017 ns, Cleanup: 12138 ns, At safepoint: 21576 ns, Total: 56731 ns
[2025-05-28T05:13:57.810+0000][69][info ][safepoint   ] Safepoint "Cleanup", Time since last: 23974622598 ns, Reaching safepoint: 372792 ns, Cleanup: 125555 ns, At safepoint: 187363 ns, Total: 685710 ns
[2025-05-28T05:13:59.368+0000][69][info ][safepoint   ] Safepoint "Cleanup", Time since last: 1560438603 ns, Reaching safepoint: 17528 ns, Cleanup: 198232 ns, At safepoint: 12479 ns, Total: 228239 ns
[2025-05-28T05:14:01.391+0000][69][info ][safepoint   ] Safepoint "Cleanup", Time since last: 2023510345 ns, Reaching safepoint: 16647 ns, Cleanup: 13188 ns, At safepoint: 8520 ns, Total: 38355 ns
[2025-05-28T05:14:31.006+0000][69][info ][safepoint   ] Safepoint "Cleanup", Time since last: 29617544361 ns, Reaching safepoint: 49838 ns, Cleanup: 14437 ns, At safepoint: 10733 ns, Total: 75008 ns
[2025-05-28T05:14:36.847+0000][69][info ][safepoint   ] Safepoint "Cleanup", Time since last: 5841418394 ns, Reaching safepoint: 7253 ns, Cleanup: 11436 ns, At safepoint: 3669 ns, Total: 22358 ns
[2025-05-28T05:15:12.901+0000][69][info ][safepoint   ] Safepoint "Cleanup", Time since last: 36055953796 ns, Reaching safepoint: 30484 ns, Cleanup: 13309 ns, At safepoint: 9094 ns, Total: 52887 ns
[2025-05-28T05:20:22.178+0000][69][info ][safepoint   ] Safepoint "Cleanup", Time since last: 309304156701 ns, Reaching safepoint: 51383 ns, Cleanup: 16155 ns, At safepoint: 9020 ns, Total: 76558 ns
[2025-05-28T05:20:55.234+0000][69][info ][safepoint   ] Safepoint "Cleanup", Time since last: 33058709817 ns, Reaching safepoint: 15232 ns, Cleanup: 13274 ns, At safepoint: 20477 ns, Total: 48983 ns
[2025-05-28T05:25:43.485+0000][69][info ][safepoint   ] Safepoint "Cleanup", Time since last: 288277081986 ns, Reaching safepoint: 116881 ns, Cleanup: 49021 ns, At safepoint: 19108 ns, Total: 185010 ns
[2025-05-28T05:26:11.534+0000][69][info ][safepoint   ] Safepoint "Cleanup", Time since last: 28052764447 ns, Reaching safepoint: 18668 ns, Cleanup: 9985 ns, At safepoint: 15811 ns, Total: 44464 ns
[2025-05-28T05:31:22.828+0000][69][info ][safepoint   ] Safepoint "Cleanup", Time since last: 311321149715 ns, Reaching safepoint: 12207 ns, Cleanup: 17305 ns, At safepoint: 14555 ns, Total: 44067 ns
[2025-05-28T05:32:27.809+0000][69][info ][safepoint   ] Safepoint "Cleanup", Time since last: 64984786702 ns, Reaching safepoint: 27281 ns, Cleanup: 21524 ns, At safepoint: 88210 ns, Total: 137015 ns
[2025-05-28T05:35:16.146+0000][69][info ][safepoint   ] Safepoint "Cleanup", Time since last: 168354199593 ns, Reaching safepoint: 57489 ns, Cleanup: 14863 ns, At safepoint: 69117 ns, Total: 141469 ns
[2025-05-28T05:41:56.595+0000][69][info ][safepoint   ] Safepoint "Cleanup", Time since last: 400482270045 ns, Reaching safepoint: 30096 ns, Cleanup: 178534 ns, At safepoint: 34675 ns, Total: 243305 ns
[2025-05-28T05:43:20.636+0000][69][info ][safepoint   ] Safepoint "Cleanup", Time since last: 84048851242 ns, Reaching safepoint: 84589 ns, Cleanup: 17324 ns, At safepoint: 11765 ns, Total: 113678 ns
[2025-05-28T05:44:20.682+0000][69][info ][safepoint   ] Safepoint "Cleanup", Time since last: 60052012199 ns, Reaching safepoint: 78343 ns, Cleanup: 18704 ns, At safepoint: 33656 ns, Total: 130703 ns
[2025-05-28T05:46:06.805+0000][69][info ][safepoint   ] Safepoint "Cleanup", Time since last: 106133210740 ns, Reaching safepoint: 19370 ns, Cleanup: 21036 ns, At safepoint: 76338 ns, Total: 116744 ns
[2025-05-28T05:46:08.763+0000][69][info ][safepoint   ] Safepoint "Cleanup", Time since last: 1958210180 ns, Reaching safepoint: 29780 ns, Cleanup: 132655 ns, At safepoint: 37681 ns, Total: 200116 ns
[2025-05-28T05:49:16.016+0000][69][info ][gc,start    ] GC(52) Pause Young (Normal) (G1 Evacuation Pause)
[2025-05-28T05:49:16.027+0000][69][info ][gc,task     ] GC(52) Using 10 workers of 10 for evacuation
[2025-05-28T05:49:16.038+0000][69][debug][gc,age      ] GC(52) Desired survivor size 153092096 bytes, new threshold 15 (max threshold 15)
[2025-05-28T05:49:16.234+0000][69][info ][gc,phases   ] GC(52)   Pre Evacuate Collection Set: 11.41ms
[2025-05-28T05:49:16.248+0000][69][info ][gc,phases   ] GC(52)   Merge Heap Roots: 2.34ms
[2025-05-28T05:49:16.269+0000][69][info ][gc,phases   ] GC(52)   Evacuate Collection Set: 138.30ms
[2025-05-28T05:49:16.280+0000][69][info ][gc,phases   ] GC(52)   Post Evacuate Collection Set: 16.52ms
[2025-05-28T05:49:16.297+0000][69][info ][gc,phases   ] GC(52)   Other: 39.86ms
[2025-05-28T05:49:16.304+0000][69][trace][gc,age      ] GC(52) Age table with threshold 15 (max threshold 15)
[2025-05-28T05:49:16.318+0000][69][trace][gc,age      ] GC(52) - age   1:    2368088 bytes,    2368088 total
[2025-05-28T05:49:16.337+0000][69][trace][gc,age      ] GC(52) - age   2:     183480 bytes,    2551568 total
[2025-05-28T05:49:16.352+0000][69][trace][gc,age      ] GC(52) - age   3:     160280 bytes,    2711848 total
[2025-05-28T05:49:16.367+0000][69][trace][gc,age      ] GC(52) - age   4:     137032 bytes,    2848880 total
[2025-05-28T05:49:16.387+0000][69][trace][gc,age      ] GC(52) - age   5:     252032 bytes,    3100912 total
[2025-05-28T05:49:16.408+0000][69][trace][gc,age      ] GC(52) - age   6:     154368 bytes,    3255280 total
[2025-05-28T05:49:16.433+0000][69][trace][gc,age      ] GC(52) - age   7:     112304 bytes,    3367584 total
[2025-05-28T05:49:16.451+0000][69][trace][gc,age      ] GC(52) - age   8:     114096 bytes,    3481680 total
[2025-05-28T05:49:16.469+0000][69][trace][gc,age      ] GC(52) - age   9:     116656 bytes,    3598336 total
[2025-05-28T05:49:16.486+0000][69][trace][gc,age      ] GC(52) - age  10:     115600 bytes,    3713936 total
[2025-05-28T05:49:16.499+0000][69][trace][gc,age      ] GC(52) - age  11:     119560 bytes,    3833496 total
[2025-05-28T05:49:16.511+0000][69][trace][gc,age      ] GC(52) - age  12:     127768 bytes,    3961264 total
[2025-05-28T05:49:16.526+0000][69][trace][gc,age      ] GC(52) - age  13:     119672 bytes,    4080936 total
[2025-05-28T05:49:16.534+0000][69][trace][gc,age      ] GC(52) - age  14:     119984 bytes,    4200920 total
[2025-05-28T05:49:16.539+0000][69][trace][gc,age      ] GC(52) - age  15:     158160 bytes,    4359080 total
[2025-05-28T05:49:16.542+0000][69][info ][gc,heap     ] GC(52) Eden regions: 581->0(580)
[2025-05-28T05:49:16.547+0000][69][info ][gc,heap     ] GC(52) Survivor regions: 1->2(73)
[2025-05-28T05:49:16.547+0000][69][info ][gc,heap     ] GC(52) Old regions: 27->27
[2025-05-28T05:49:16.548+0000][69][info ][gc,heap     ] GC(52) Humongous regions: 0->0
[2025-05-28T05:49:16.551+0000][69][info ][gc,metaspace] GC(52) Metaspace: 147616K(153408K)->147616K(153408K) NonClass: 127948K(131328K)->127948K(131328K) Class: 19668K(22080K)->19668K(22080K)
[2025-05-28T05:49:16.560+0000][69][info ][gc          ] GC(52) Pause Young (Normal) (G1 Evacuation Pause) 2434M->111M(3880M) 544.283ms
[2025-05-28T05:49:16.572+0000][69][info ][gc,cpu      ] GC(52) User=1.11s Sys=0.00s Real=0.56s
[2025-05-28T05:49:16.584+0000][69][info ][safepoint   ] Safepoint "G1CollectForAllocation", Time since last: 187267574278 ns, Reaching safepoint: 25606 ns, Cleanup: 7124 ns, At safepoint: 569451876 ns, Total: 569484606 ns
[2025-05-28T05:49:17.596+0000][69][info ][safepoint   ] Safepoint "Cleanup", Time since last: 1012356510 ns, Reaching safepoint: 57811 ns, Cleanup: 16335 ns, At safepoint: 14172 ns, Total: 88318 ns
[2025-05-28T05:50:18.785+0000][69][info ][safepoint   ] Safepoint "Cleanup", Time since last: 61197010857 ns, Reaching safepoint: 12091 ns, Cleanup: 11193 ns, At safepoint: 18132 ns, Total: 41416 ns
[2025-05-28T06:31:16.183+0000][69][info ][safepoint   ] Safepoint "Cleanup", Time since last: 2457681888035 ns, Reaching safepoint: 77979 ns, Cleanup: 484377 ns, At safepoint: 364989 ns, Total: 927345 ns
[2025-05-28T06:31:25.224+0000][69][info ][safepoint   ] Safepoint "Cleanup", Time since last: 9039248566 ns, Reaching safepoint: 2212880 ns, Cleanup: 20780 ns, At safepoint: 158008 ns, Total: 2391668 ns
[2025-05-28T06:40:57.588+0000][69][info ][gc,start    ] GC(53) Pause Young (Normal) (G1 Evacuation Pause)
[2025-05-28T06:40:57.592+0000][69][info ][gc,task     ] GC(53) Using 10 workers of 10 for evacuation
[2025-05-28T06:40:57.593+0000][69][debug][gc,age      ] GC(53) Desired survivor size 153092096 bytes, new threshold 15 (max threshold 15)
[2025-05-28T06:40:57.723+0000][69][info ][gc,phases   ] GC(53)   Pre Evacuate Collection Set: 9.84ms
[2025-05-28T06:40:57.723+0000][69][info ][gc,phases   ] GC(53)   Merge Heap Roots: 1.26ms
[2025-05-28T06:40:57.723+0000][69][info ][gc,phases   ] GC(53)   Evacuate Collection Set: 94.66ms
[2025-05-28T06:40:57.724+0000][69][info ][gc,phases   ] GC(53)   Post Evacuate Collection Set: 21.66ms
[2025-05-28T06:40:57.724+0000][69][info ][gc,phases   ] GC(53)   Other: 4.79ms
[2025-05-28T06:40:57.724+0000][69][trace][gc,age      ] GC(53) Age table with threshold 15 (max threshold 15)
[2025-05-28T06:40:57.725+0000][69][trace][gc,age      ] GC(53) - age   1:    1441560 bytes,    1441560 total
[2025-05-28T06:40:57.725+0000][69][trace][gc,age      ] GC(53) - age   2:    1229544 bytes,    2671104 total
[2025-05-28T06:40:57.726+0000][69][trace][gc,age      ] GC(53) - age   3:     165128 bytes,    2836232 total
[2025-05-28T06:40:57.726+0000][69][trace][gc,age      ] GC(53) - age   4:     159864 bytes,    2996096 total
[2025-05-28T06:40:57.726+0000][69][trace][gc,age      ] GC(53) - age   5:     136848 bytes,    3132944 total
[2025-05-28T06:40:57.727+0000][69][trace][gc,age      ] GC(53) - age   6:     251800 bytes,    3384744 total
[2025-05-28T06:40:57.727+0000][69][trace][gc,age      ] GC(53) - age   7:     154168 bytes,    3538912 total
[2025-05-28T06:40:57.728+0000][69][trace][gc,age      ] GC(53) - age   8:     112264 bytes,    3651176 total
[2025-05-28T06:40:57.728+0000][69][trace][gc,age      ] GC(53) - age   9:     114096 bytes,    3765272 total
[2025-05-28T06:40:57.728+0000][69][trace][gc,age      ] GC(53) - age  10:     116656 bytes,    3881928 total
[2025-05-28T06:40:57.728+0000][69][trace][gc,age      ] GC(53) - age  11:     115544 bytes,    3997472 total
[2025-05-28T06:40:57.729+0000][69][trace][gc,age      ] GC(53) - age  12:     119560 bytes,    4117032 total
[2025-05-28T06:40:57.729+0000][69][trace][gc,age      ] GC(53) - age  13:     127632 bytes,    4244664 total
[2025-05-28T06:40:57.730+0000][69][trace][gc,age      ] GC(53) - age  14:     119616 bytes,    4364280 total
[2025-05-28T06:40:57.730+0000][69][trace][gc,age      ] GC(53) - age  15:     119984 bytes,    4484264 total
[2025-05-28T06:40:57.730+0000][69][info ][gc,heap     ] GC(53) Eden regions: 580->0(580)
[2025-05-28T06:40:57.731+0000][69][info ][gc,heap     ] GC(53) Survivor regions: 2->2(73)
[2025-05-28T06:40:57.731+0000][69][info ][gc,heap     ] GC(53) Old regions: 27->27
[2025-05-28T06:40:57.732+0000][69][info ][gc,heap     ] GC(53) Humongous regions: 0->0
[2025-05-28T06:40:57.732+0000][69][info ][gc,metaspace] GC(53) Metaspace: 147618K(153408K)->147618K(153408K) NonClass: 127950K(131328K)->127950K(131328K) Class: 19668K(22080K)->19668K(22080K)
[2025-05-28T06:40:57.733+0000][69][info ][gc          ] GC(53) Pause Young (Normal) (G1 Evacuation Pause) 2431M->111M(3880M) 145.262ms
[2025-05-28T06:40:57.734+0000][69][info ][gc,cpu      ] GC(53) User=0.64s Sys=0.02s Real=0.14s
[2025-05-28T06:40:57.734+0000][69][info ][safepoint   ] Safepoint "G1CollectForAllocation", Time since last: 572422624427 ns, Reaching safepoint: 30543 ns, Cleanup: 21131 ns, At safepoint: 147485630 ns, Total: 147537304 ns
[2025-05-28T06:44:08.062+0000][69][info ][safepoint   ] Safepoint "Cleanup", Time since last: 190350090835 ns, Reaching safepoint: 78562 ns, Cleanup: 128464 ns, At safepoint: 35560 ns, Total: 242586 ns
[2025-05-28T06:59:54.370+0000][69][info ][safepoint   ] Safepoint "Cleanup", Time since last: 946398905895 ns, Reaching safepoint: 179888 ns, Cleanup: 285845 ns, At safepoint: 454399 ns, Total: 920132 ns
[2025-05-28T07:02:43.645+0000][69][info ][safepoint   ] Safepoint "Cleanup", Time since last: 169292147403 ns, Reaching safepoint: 1070074 ns, Cleanup: 101354 ns, At safepoint: 95798 ns, Total: 1267226 ns
[2025-05-28T07:02:44.657+0000][69][info ][safepoint   ] Safepoint "Cleanup", Time since last: 1011405021 ns, Reaching safepoint: 86307 ns, Cleanup: 55339 ns, At safepoint: 22576 ns, Total: 164222 ns
[2025-05-28T07:07:58.012+0000][69][info ][safepoint   ] Safepoint "Cleanup", Time since last: 313383777068 ns, Reaching safepoint: 105594 ns, Cleanup: 36087 ns, At safepoint: 48434 ns, Total: 190115 ns
[2025-05-28T07:17:25.551+0000][69][info ][safepoint   ] Safepoint "Cleanup", Time since last: 567590750051 ns, Reaching safepoint: 91408 ns, Cleanup: 967372 ns, At safepoint: 70311 ns, Total: 1129091 ns
[2025-05-28T07:22:18.608+0000][69][info ][safepoint   ] Safepoint "Cleanup", Time since last: 293083153282 ns, Reaching safepoint: 108315 ns, Cleanup: 29287 ns, At safepoint: 20740 ns, Total: 158342 ns
[2025-05-28T07:24:53.968+0000][69][info ][safepoint   ] Safepoint "Cleanup", Time since last: 155374156185 ns, Reaching safepoint: 28237 ns, Cleanup: 15826 ns, At safepoint: 12574 ns, Total: 56637 ns
[2025-05-28T07:31:28.302+0000][69][info ][safepoint   ] Safepoint "Cleanup", Time since last: 394366709927 ns, Reaching safepoint: 380879 ns, Cleanup: 18941 ns, At safepoint: 215147 ns, Total: 614967 ns
[2025-05-28T07:32:48.756+0000][69][info ][gc,start    ] GC(54) Pause Young (Normal) (G1 Evacuation Pause)
[2025-05-28T07:32:48.759+0000][69][info ][gc,task     ] GC(54) Using 10 workers of 10 for evacuation
[2025-05-28T07:32:48.760+0000][69][debug][gc,age      ] GC(54) Desired survivor size 153092096 bytes, new threshold 15 (max threshold 15)
[2025-05-28T07:32:48.901+0000][69][info ][gc,phases   ] GC(54)   Pre Evacuate Collection Set: 12.58ms
[2025-05-28T07:32:48.902+0000][69][info ][gc,phases   ] GC(54)   Merge Heap Roots: 2.51ms
[2025-05-28T07:32:48.903+0000][69][info ][gc,phases   ] GC(54)   Evacuate Collection Set: 109.02ms
[2025-05-28T07:32:48.904+0000][69][info ][gc,phases   ] GC(54)   Post Evacuate Collection Set: 14.50ms
[2025-05-28T07:32:48.906+0000][69][info ][gc,phases   ] GC(54)   Other: 4.65ms
[2025-05-28T07:32:48.906+0000][69][trace][gc,age      ] GC(54) Age table with threshold 15 (max threshold 15)
[2025-05-28T07:32:48.906+0000][69][trace][gc,age      ] GC(54) - age   1:    1412960 bytes,    1412960 total
[2025-05-28T07:32:48.907+0000][69][trace][gc,age      ] GC(54) - age   2:     185424 bytes,    1598384 total
[2025-05-28T07:32:48.907+0000][69][trace][gc,age      ] GC(54) - age   3:    1177256 bytes,    2775640 total
[2025-05-28T07:32:48.907+0000][69][trace][gc,age      ] GC(54) - age   4:     132560 bytes,    2908200 total
[2025-05-28T07:32:48.908+0000][69][trace][gc,age      ] GC(54) - age   5:     143672 bytes,    3051872 total
[2025-05-28T07:32:48.908+0000][69][trace][gc,age      ] GC(54) - age   6:     136848 bytes,    3188720 total
[2025-05-28T07:32:48.909+0000][69][trace][gc,age      ] GC(54) - age   7:     251800 bytes,    3440520 total
[2025-05-28T07:32:48.909+0000][69][trace][gc,age      ] GC(54) - age   8:     154168 bytes,    3594688 total
[2025-05-28T07:32:48.910+0000][69][trace][gc,age      ] GC(54) - age   9:     112112 bytes,    3706800 total
[2025-05-28T07:32:48.910+0000][69][trace][gc,age      ] GC(54) - age  10:     114096 bytes,    3820896 total
[2025-05-28T07:32:48.911+0000][69][trace][gc,age      ] GC(54) - age  11:     116656 bytes,    3937552 total
[2025-05-28T07:32:48.911+0000][69][trace][gc,age      ] GC(54) - age  12:     115544 bytes,    4053096 total
[2025-05-28T07:32:48.911+0000][69][trace][gc,age      ] GC(54) - age  13:     119560 bytes,    4172656 total
[2025-05-28T07:32:48.912+0000][69][trace][gc,age      ] GC(54) - age  14:     127632 bytes,    4300288 total
[2025-05-28T07:32:48.912+0000][69][trace][gc,age      ] GC(54) - age  15:     119616 bytes,    4419904 total
[2025-05-28T07:32:48.913+0000][69][info ][gc,heap     ] GC(54) Eden regions: 580->0(580)
[2025-05-28T07:32:48.913+0000][69][info ][gc,heap     ] GC(54) Survivor regions: 2->2(73)
[2025-05-28T07:32:48.913+0000][69][info ][gc,heap     ] GC(54) Old regions: 27->27
[2025-05-28T07:32:48.914+0000][69][info ][gc,heap     ] GC(54) Humongous regions: 0->0
[2025-05-28T07:32:48.914+0000][69][info ][gc,metaspace] GC(54) Metaspace: 147635K(153408K)->147635K(153408K) NonClass: 127967K(131328K)->127967K(131328K) Class: 19668K(22080K)->19668K(22080K)
[2025-05-28T07:32:48.915+0000][69][info ][gc          ] GC(54) Pause Young (Normal) (G1 Evacuation Pause) 2431M->111M(3880M) 159.973ms
[2025-05-28T07:32:48.915+0000][69][info ][gc,cpu      ] GC(54) User=0.71s Sys=0.05s Real=0.16s
[2025-05-28T07:32:48.916+0000][69][info ][safepoint   ] Safepoint "G1CollectForAllocation", Time since last: 80458125602 ns, Reaching safepoint: 67672 ns, Cleanup: 6453 ns, At safepoint: 163585610 ns, Total: 163659735 ns
[2025-05-28T07:38:07.169+0000][69][info ][safepoint   ] Safepoint "Cleanup", Time since last: 318283343567 ns, Reaching safepoint: 118916 ns, Cleanup: 181168 ns, At safepoint: 20552 ns, Total: 320636 ns
[2025-05-28T07:38:49.403+0000][69][info ][safepoint   ] Safepoint "Cleanup", Time since last: 42236433127 ns, Reaching safepoint: 61355 ns, Cleanup: 17558 ns, At safepoint: 14220 ns, Total: 93133 ns
[2025-05-28T07:42:07.018+0000][69][info ][safepoint   ] Safepoint "Cleanup", Time since last: 197633051102 ns, Reaching safepoint: 133969 ns, Cleanup: 22208 ns, At safepoint: 78002 ns, Total: 234179 ns
[2025-05-28T07:42:44.119+0000][69][info ][safepoint   ] Safepoint "Cleanup", Time since last: 37103788911 ns, Reaching safepoint: 56769 ns, Cleanup: 77495 ns, At safepoint: 23220 ns, Total: 157484 ns
[2025-05-28T07:43:39.580+0000][69][info ][safepoint   ] Safepoint "Cleanup", Time since last: 55465927435 ns, Reaching safepoint: 275588 ns, Cleanup: 11803 ns, At safepoint: 75862 ns, Total: 363253 ns
[2025-05-28T08:03:37.415+0000][69][info ][safepoint   ] Safepoint "Cleanup", Time since last: 1197943867549 ns, Reaching safepoint: 50184 ns, Cleanup: 322464 ns, At safepoint: 44312 ns, Total: 416960 ns
[2025-05-28T08:18:19.293+0000][69][info ][safepoint   ] Safepoint "Cleanup", Time since last: 881971246453 ns, Reaching safepoint: 145091 ns, Cleanup: 176476 ns, At safepoint: 39230 ns, Total: 360797 ns
[2025-05-28T08:21:24.372+0000][69][info ][safepoint   ] Safepoint "Cleanup", Time since last: 185096826268 ns, Reaching safepoint: 726658 ns, Cleanup: 275174 ns, At safepoint: 134046 ns, Total: 1135878 ns
[2025-05-28T08:22:07.436+0000][69][info ][safepoint   ] Safepoint "Cleanup", Time since last: 43173121990 ns, Reaching safepoint: 103039 ns, Cleanup: 16357 ns, At safepoint: 12003 ns, Total: 131399 ns
[2025-05-28T08:23:18.512+0000][69][info ][gc,start    ] GC(55) Pause Young (Normal) (G1 Evacuation Pause)
[2025-05-28T08:23:18.517+0000][69][info ][gc,task     ] GC(55) Using 10 workers of 10 for evacuation
[2025-05-28T08:23:18.518+0000][69][debug][gc,age      ] GC(55) Desired survivor size 153092096 bytes, new threshold 15 (max threshold 15)
[2025-05-28T08:23:18.734+0000][69][info ][gc,mmu      ] GC(55) MMU target violated: 201.0ms (200.0ms/201.0ms)
[2025-05-28T08:23:18.735+0000][69][info ][gc,phases   ] GC(55)   Pre Evacuate Collection Set: 24.75ms
[2025-05-28T08:23:18.736+0000][69][info ][gc,phases   ] GC(55)   Merge Heap Roots: 2.80ms
[2025-05-28T08:23:18.736+0000][69][info ][gc,phases   ] GC(55)   Evacuate Collection Set: 165.37ms
[2025-05-28T08:23:18.736+0000][69][info ][gc,phases   ] GC(55)   Post Evacuate Collection Set: 18.74ms
[2025-05-28T08:23:18.737+0000][69][info ][gc,phases   ] GC(55)   Other: 8.77ms
[2025-05-28T08:23:18.738+0000][69][trace][gc,age      ] GC(55) Age table with threshold 15 (max threshold 15)
[2025-05-28T08:23:18.738+0000][69][trace][gc,age      ] GC(55) - age   1:     961024 bytes,     961024 total
[2025-05-28T08:23:18.738+0000][69][trace][gc,age      ] GC(55) - age   2:     465960 bytes,    1426984 total
[2025-05-28T08:23:18.739+0000][69][trace][gc,age      ] GC(55) - age   3:     130360 bytes,    1557344 total
[2025-05-28T08:23:18.740+0000][69][trace][gc,age      ] GC(55) - age   4:    1176672 bytes,    2734016 total
[2025-05-28T08:23:18.741+0000][69][trace][gc,age      ] GC(55) - age   5:     116352 bytes,    2850368 total
[2025-05-28T08:23:18.742+0000][69][trace][gc,age      ] GC(55) - age   6:     143408 bytes,    2993776 total
[2025-05-28T08:23:18.742+0000][69][trace][gc,age      ] GC(55) - age   7:     120696 bytes,    3114472 total
[2025-05-28T08:23:18.743+0000][69][trace][gc,age      ] GC(55) - age   8:     251800 bytes,    3366272 total
[2025-05-28T08:23:18.743+0000][69][trace][gc,age      ] GC(55) - age   9:     154168 bytes,    3520440 total
[2025-05-28T08:23:18.744+0000][69][trace][gc,age      ] GC(55) - age  10:     112056 bytes,    3632496 total
[2025-05-28T08:23:18.744+0000][69][trace][gc,age      ] GC(55) - age  11:     114096 bytes,    3746592 total
[2025-05-28T08:23:18.745+0000][69][trace][gc,age      ] GC(55) - age  12:     116656 bytes,    3863248 total
[2025-05-28T08:23:18.746+0000][69][trace][gc,age      ] GC(55) - age  13:     115544 bytes,    3978792 total
[2025-05-28T08:23:18.746+0000][69][trace][gc,age      ] GC(55) - age  14:     119560 bytes,    4098352 total
[2025-05-28T08:23:18.747+0000][69][trace][gc,age      ] GC(55) - age  15:     127632 bytes,    4225984 total
[2025-05-28T08:23:18.748+0000][69][info ][gc,heap     ] GC(55) Eden regions: 580->0(580)
[2025-05-28T08:23:18.748+0000][69][info ][gc,heap     ] GC(55) Survivor regions: 2->2(73)
[2025-05-28T08:23:18.749+0000][69][info ][gc,heap     ] GC(55) Old regions: 27->27
[2025-05-28T08:23:18.750+0000][69][info ][gc,heap     ] GC(55) Humongous regions: 0->0
[2025-05-28T08:23:18.751+0000][69][info ][gc,metaspace] GC(55) Metaspace: 147637K(153408K)->147637K(153408K) NonClass: 127969K(131328K)->127969K(131328K) Class: 19668K(22080K)->19668K(22080K)
[2025-05-28T08:23:18.752+0000][69][info ][gc          ] GC(55) Pause Young (Normal) (G1 Evacuation Pause) 2431M->111M(3880M) 241.515ms
[2025-05-28T08:23:18.753+0000][69][info ][gc,cpu      ] GC(55) User=1.22s Sys=0.08s Real=0.24s
[2025-05-28T08:23:18.754+0000][69][info ][safepoint   ] Safepoint "G1CollectForAllocation", Time since last: 70975238451 ns, Reaching safepoint: 26943 ns, Cleanup: 7432 ns, At safepoint: 246539649 ns, Total: 246574024 ns
[2025-05-28T08:31:31.418+0000][69][info ][safepoint   ] Safepoint "Cleanup", Time since last: 492718876017 ns, Reaching safepoint: 205867 ns, Cleanup: 94487 ns, At safepoint: 43728 ns, Total: 344082 ns
[2025-05-28T08:32:13.574+0000][69][info ][safepoint   ] Safepoint "Cleanup", Time since last: 42159304994 ns, Reaching safepoint: 47402 ns, Cleanup: 12475 ns, At safepoint: 10601 ns, Total: 70478 ns
[2025-05-28T08:38:18.806+0000][69][info ][safepoint   ] Safepoint "Cleanup", Time since last: 365271875436 ns, Reaching safepoint: 13806 ns, Cleanup: 9899 ns, At safepoint: 14159 ns, Total: 37864 ns
[2025-05-28T08:43:13.763+0000][69][info ][safepoint   ] Safepoint "Cleanup", Time since last: 294989483439 ns, Reaching safepoint: 12474 ns, Cleanup: 8684 ns, At safepoint: 13966 ns, Total: 35124 ns
[2025-05-28T08:50:22.416+0000][69][info ][safepoint   ] Safepoint "Cleanup", Time since last: 428696068301 ns, Reaching safepoint: 77728 ns, Cleanup: 15467 ns, At safepoint: 22516 ns, Total: 115711 ns
[2025-05-28T08:50:24.417+0000][69][info ][safepoint   ] Safepoint "Cleanup", Time since last: 2000905339 ns, Reaching safepoint: 17292 ns, Cleanup: 13415 ns, At safepoint: 9570 ns, Total: 40277 ns
[2025-05-28T08:50:51.536+0000][69][info ][safepoint   ] Safepoint "Cleanup", Time since last: 27121846521 ns, Reaching safepoint: 16645 ns, Cleanup: 35464 ns, At safepoint: 89257 ns, Total: 141366 ns
[2025-05-28T08:52:40.531+0000][69][info ][safepoint   ] Safepoint "Cleanup", Time since last: 109006948132 ns, Reaching safepoint: 29430 ns, Cleanup: 17443 ns, At safepoint: 17855 ns, Total: 64728 ns
[2025-05-28T09:03:24.602+0000][69][info ][safepoint   ] Safepoint "Cleanup", Time since last: 644131763938 ns, Reaching safepoint: 178436 ns, Cleanup: 93141 ns, At safepoint: 64406 ns, Total: 335983 ns
[2025-05-28T09:08:06.666+0000][69][info ][safepoint   ] Safepoint "Cleanup", Time since last: 282092073840 ns, Reaching safepoint: 40830 ns, Cleanup: 120322 ns, At safepoint: 52313 ns, Total: 213465 ns
[2025-05-28T09:12:26.520+0000][69][info ][gc,start    ] GC(56) Pause Young (Normal) (G1 Evacuation Pause)
[2025-05-28T09:12:26.526+0000][69][info ][gc,task     ] GC(56) Using 10 workers of 10 for evacuation
[2025-05-28T09:12:26.527+0000][69][debug][gc,age      ] GC(56) Desired survivor size 153092096 bytes, new threshold 15 (max threshold 15)
[2025-05-28T09:12:26.688+0000][69][info ][gc,phases   ] GC(56)   Pre Evacuate Collection Set: 17.84ms
[2025-05-28T09:12:26.688+0000][69][info ][gc,phases   ] GC(56)   Merge Heap Roots: 3.01ms
[2025-05-28T09:12:26.689+0000][69][info ][gc,phases   ] GC(56)   Evacuate Collection Set: 121.49ms
[2025-05-28T09:12:26.689+0000][69][info ][gc,phases   ] GC(56)   Post Evacuate Collection Set: 13.96ms
[2025-05-28T09:12:26.690+0000][69][info ][gc,phases   ] GC(56)   Other: 8.16ms
[2025-05-28T09:12:26.690+0000][69][trace][gc,age      ] GC(56) Age table with threshold 15 (max threshold 15)
[2025-05-28T09:12:26.691+0000][69][trace][gc,age      ] GC(56) - age   1:    1347784 bytes,    1347784 total
[2025-05-28T09:12:26.691+0000][69][trace][gc,age      ] GC(56) - age   2:     115320 bytes,    1463104 total
[2025-05-28T09:12:26.691+0000][69][trace][gc,age      ] GC(56) - age   3:     122272 bytes,    1585376 total
[2025-05-28T09:12:26.692+0000][69][trace][gc,age      ] GC(56) - age   4:     129928 bytes,    1715304 total
[2025-05-28T09:12:26.692+0000][69][trace][gc,age      ] GC(56) - age   5:    1159712 bytes,    2875016 total
[2025-05-28T09:12:26.692+0000][69][trace][gc,age      ] GC(56) - age   6:     115824 bytes,    2990840 total
[2025-05-28T09:12:26.693+0000][69][trace][gc,age      ] GC(56) - age   7:     110760 bytes,    3101600 total
[2025-05-28T09:12:26.693+0000][69][trace][gc,age      ] GC(56) - age   8:     115616 bytes,    3217216 total
[2025-05-28T09:12:26.693+0000][69][trace][gc,age      ] GC(56) - age   9:     251688 bytes,    3468904 total
[2025-05-28T09:12:26.694+0000][69][trace][gc,age      ] GC(56) - age  10:     154168 bytes,    3623072 total
[2025-05-28T09:12:26.694+0000][69][trace][gc,age      ] GC(56) - age  11:     112056 bytes,    3735128 total
[2025-05-28T09:12:26.694+0000][69][trace][gc,age      ] GC(56) - age  12:     114056 bytes,    3849184 total
[2025-05-28T09:12:26.695+0000][69][trace][gc,age      ] GC(56) - age  13:     116656 bytes,    3965840 total
[2025-05-28T09:12:26.695+0000][69][trace][gc,age      ] GC(56) - age  14:     115544 bytes,    4081384 total
[2025-05-28T09:12:26.696+0000][69][trace][gc,age      ] GC(56) - age  15:     119560 bytes,    4200944 total
[2025-05-28T09:12:26.696+0000][69][info ][gc,heap     ] GC(56) Eden regions: 580->0(580)
[2025-05-28T09:12:26.696+0000][69][info ][gc,heap     ] GC(56) Survivor regions: 2->2(73)
[2025-05-28T09:12:26.697+0000][69][info ][gc,heap     ] GC(56) Old regions: 27->27
[2025-05-28T09:12:26.697+0000][69][info ][gc,heap     ] GC(56) Humongous regions: 0->0
[2025-05-28T09:12:26.698+0000][69][info ][gc,metaspace] GC(56) Metaspace: 147640K(153408K)->147640K(153408K) NonClass: 127972K(131328K)->127972K(131328K) Class: 19668K(22080K)->19668K(22080K)
[2025-05-28T09:12:26.699+0000][69][info ][gc          ] GC(56) Pause Young (Normal) (G1 Evacuation Pause) 2431M->111M(3880M) 179.104ms
[2025-05-28T09:12:26.700+0000][69][info ][gc,cpu      ] GC(56) User=0.93s Sys=0.00s Real=0.18s
[2025-05-28T09:12:26.700+0000][69][info ][safepoint   ] Safepoint "G1CollectForAllocation", Time since last: 259879026049 ns, Reaching safepoint: 108413 ns, Cleanup: 8269 ns, At safepoint: 184823586 ns, Total: 184940268 ns
[2025-05-28T09:13:48.773+0000][69][info ][safepoint   ] Safepoint "Cleanup", Time since last: 82080019877 ns, Reaching safepoint: 26299 ns, Cleanup: 13215 ns, At safepoint: 21873 ns, Total: 61387 ns
[2025-05-28T09:18:43.642+0000][69][info ][safepoint   ] Safepoint "Cleanup", Time since last: 294894740162 ns, Reaching safepoint: 15686 ns, Cleanup: 12233 ns, At safepoint: 15561 ns, Total: 43480 ns
[2025-05-28T09:23:42.890+0000][69][info ][safepoint   ] Safepoint "Cleanup", Time since last: 299273496978 ns, Reaching safepoint: 116393 ns, Cleanup: 300640 ns, At safepoint: 118778 ns, Total: 535811 ns
[2025-05-28T09:24:53.931+0000][69][info ][safepoint   ] Safepoint "Cleanup", Time since last: 71045935342 ns, Reaching safepoint: 122311 ns, Cleanup: 52882 ns, At safepoint: 35595 ns, Total: 210788 ns
[2025-05-28T10:03:03.414+0000][69][info ][gc,start    ] GC(57) Pause Young (Normal) (G1 Evacuation Pause)
[2025-05-28T10:03:03.429+0000][69][info ][gc,task     ] GC(57) Using 10 workers of 10 for evacuation
[2025-05-28T10:03:03.430+0000][69][debug][gc,age      ] GC(57) Desired survivor size 153092096 bytes, new threshold 15 (max threshold 15)
[2025-05-28T10:03:03.664+0000][69][info ][gc,mmu      ] GC(57) MMU target violated: 201.0ms (200.0ms/201.0ms)
[2025-05-28T10:03:03.665+0000][69][info ][gc,phases   ] GC(57)   Pre Evacuate Collection Set: 18.38ms
[2025-05-28T10:03:03.665+0000][69][info ][gc,phases   ] GC(57)   Merge Heap Roots: 2.46ms
[2025-05-28T10:03:03.666+0000][69][info ][gc,phases   ] GC(57)   Evacuate Collection Set: 184.35ms
[2025-05-28T10:03:03.667+0000][69][info ][gc,phases   ] GC(57)   Post Evacuate Collection Set: 23.56ms
[2025-05-28T10:03:03.668+0000][69][info ][gc,phases   ] GC(57)   Other: 12.50ms
[2025-05-28T10:03:03.669+0000][69][trace][gc,age      ] GC(57) Age table with threshold 15 (max threshold 15)
[2025-05-28T10:03:03.669+0000][69][trace][gc,age      ] GC(57) - age   1:    1404088 bytes,    1404088 total
[2025-05-28T10:03:03.670+0000][69][trace][gc,age      ] GC(57) - age   2:     226432 bytes,    1630520 total
[2025-05-28T10:03:03.670+0000][69][trace][gc,age      ] GC(57) - age   3:     112272 bytes,    1742792 total
[2025-05-28T10:03:03.670+0000][69][trace][gc,age      ] GC(57) - age   4:     121728 bytes,    1864520 total
[2025-05-28T10:03:03.671+0000][69][trace][gc,age      ] GC(57) - age   5:     129424 bytes,    1993944 total
[2025-05-28T10:03:03.671+0000][69][trace][gc,age      ] GC(57) - age   6:    1159616 bytes,    3153560 total
[2025-05-28T10:03:03.672+0000][69][trace][gc,age      ] GC(57) - age   7:     115784 bytes,    3269344 total
[2025-05-28T10:03:03.672+0000][69][trace][gc,age      ] GC(57) - age   8:     110704 bytes,    3380048 total
[2025-05-28T10:03:03.672+0000][69][trace][gc,age      ] GC(57) - age   9:     115416 bytes,    3495464 total
[2025-05-28T10:03:03.673+0000][69][trace][gc,age      ] GC(57) - age  10:     251688 bytes,    3747152 total
[2025-05-28T10:03:03.673+0000][69][trace][gc,age      ] GC(57) - age  11:     154016 bytes,    3901168 total
[2025-05-28T10:03:03.673+0000][69][trace][gc,age      ] GC(57) - age  12:     112056 bytes,    4013224 total
[2025-05-28T10:03:03.674+0000][69][trace][gc,age      ] GC(57) - age  13:     114056 bytes,    4127280 total
[2025-05-28T10:03:03.674+0000][69][trace][gc,age      ] GC(57) - age  14:     116656 bytes,    4243936 total
[2025-05-28T10:03:03.676+0000][69][trace][gc,age      ] GC(57) - age  15:     115544 bytes,    4359480 total
[2025-05-28T10:03:03.677+0000][69][info ][gc,heap     ] GC(57) Eden regions: 580->0(580)
[2025-05-28T10:03:03.678+0000][69][info ][gc,heap     ] GC(57) Survivor regions: 2->2(73)
[2025-05-28T10:03:03.678+0000][69][info ][gc,heap     ] GC(57) Old regions: 27->27
[2025-05-28T10:03:03.679+0000][69][info ][gc,heap     ] GC(57) Humongous regions: 0->0
[2025-05-28T10:03:03.679+0000][69][info ][gc,metaspace] GC(57) Metaspace: 147641K(153408K)->147641K(153408K) NonClass: 127972K(131328K)->127972K(131328K) Class: 19668K(22080K)->19668K(22080K)
[2025-05-28T10:03:03.681+0000][69][info ][gc          ] GC(57) Pause Young (Normal) (G1 Evacuation Pause) 2431M->111M(3880M) 267.772ms
[2025-05-28T10:03:03.683+0000][69][info ][gc,cpu      ] GC(57) User=1.20s Sys=0.06s Real=0.27s
[2025-05-28T10:03:03.686+0000][69][info ][safepoint   ] Safepoint "G1CollectForAllocation", Time since last: 2289681510474 ns, Reaching safepoint: 89103 ns, Cleanup: 76087 ns, At safepoint: 275565197 ns, Total: 275730387 ns
[2025-05-28T10:04:12.151+0000][69][info ][safepoint   ] Safepoint "Cleanup", Time since last: 68470338418 ns, Reaching safepoint: 128066 ns, Cleanup: 55107 ns, At safepoint: 46944 ns, Total: 230117 ns
[2025-05-28T10:29:54.465+0000][69][info ][safepoint   ] Safepoint "Cleanup", Time since last: 1542462410876 ns, Reaching safepoint: 124074 ns, Cleanup: 2096976 ns, At safepoint: 284091 ns, Total: 2505141 ns
[2025-05-28T10:39:54.270+0000][69][info ][safepoint   ] Safepoint "Cleanup", Time since last: 599863430450 ns, Reaching safepoint: 357777 ns, Cleanup: 188961 ns, At safepoint: 86304 ns, Total: 633042 ns
[2025-05-28T10:53:58.332+0000][69][info ][gc,start    ] GC(58) Pause Young (Normal) (G1 Evacuation Pause)
[2025-05-28T10:53:58.339+0000][69][info ][gc,task     ] GC(58) Using 10 workers of 10 for evacuation
[2025-05-28T10:53:58.342+0000][69][debug][gc,age      ] GC(58) Desired survivor size 153092096 bytes, new threshold 15 (max threshold 15)
[2025-05-28T10:53:58.491+0000][69][info ][gc,phases   ] GC(58)   Pre Evacuate Collection Set: 28.87ms
[2025-05-28T10:53:58.491+0000][69][info ][gc,phases   ] GC(58)   Merge Heap Roots: 4.95ms
[2025-05-28T10:53:58.492+0000][69][info ][gc,phases   ] GC(58)   Evacuate Collection Set: 99.75ms
[2025-05-28T10:53:58.492+0000][69][info ][gc,phases   ] GC(58)   Post Evacuate Collection Set: 11.93ms
[2025-05-28T10:53:58.492+0000][69][info ][gc,phases   ] GC(58)   Other: 8.36ms
[2025-05-28T10:53:58.493+0000][69][trace][gc,age      ] GC(58) Age table with threshold 15 (max threshold 15)
[2025-05-28T10:53:58.493+0000][69][trace][gc,age      ] GC(58) - age   1:    1395272 bytes,    1395272 total
[2025-05-28T10:53:58.494+0000][69][trace][gc,age      ] GC(58) - age   2:     199288 bytes,    1594560 total
[2025-05-28T10:53:58.494+0000][69][trace][gc,age      ] GC(58) - age   3:     160112 bytes,    1754672 total
[2025-05-28T10:53:58.495+0000][69][trace][gc,age      ] GC(58) - age   4:     111512 bytes,    1866184 total
[2025-05-28T10:53:58.495+0000][69][trace][gc,age      ] GC(58) - age   5:     121384 bytes,    1987568 total
[2025-05-28T10:53:58.495+0000][69][trace][gc,age      ] GC(58) - age   6:     129344 bytes,    2116912 total
[2025-05-28T10:53:58.495+0000][69][trace][gc,age      ] GC(58) - age   7:    1159576 bytes,    3276488 total
[2025-05-28T10:53:58.495+0000][69][trace][gc,age      ] GC(58) - age   8:     115744 bytes,    3392232 total
[2025-05-28T10:53:58.496+0000][69][trace][gc,age      ] GC(58) - age   9:     110664 bytes,    3502896 total
[2025-05-28T10:53:58.496+0000][69][trace][gc,age      ] GC(58) - age  10:     115384 bytes,    3618280 total
[2025-05-28T10:53:58.496+0000][69][trace][gc,age      ] GC(58) - age  11:     251648 bytes,    3869928 total
[2025-05-28T10:53:58.496+0000][69][trace][gc,age      ] GC(58) - age  12:     154016 bytes,    4023944 total
[2025-05-28T10:53:58.496+0000][69][trace][gc,age      ] GC(58) - age  13:     112056 bytes,    4136000 total
[2025-05-28T10:53:58.496+0000][69][trace][gc,age      ] GC(58) - age  14:     114056 bytes,    4250056 total
[2025-05-28T10:53:58.497+0000][69][trace][gc,age      ] GC(58) - age  15:     116656 bytes,    4366712 total
[2025-05-28T10:53:58.497+0000][69][info ][gc,heap     ] GC(58) Eden regions: 580->0(580)
[2025-05-28T10:53:58.497+0000][69][info ][gc,heap     ] GC(58) Survivor regions: 2->2(73)
[2025-05-28T10:53:58.497+0000][69][info ][gc,heap     ] GC(58) Old regions: 27->27
[2025-05-28T10:53:58.498+0000][69][info ][gc,heap     ] GC(58) Humongous regions: 0->0
[2025-05-28T10:53:58.498+0000][69][info ][gc,metaspace] GC(58) Metaspace: 147653K(153408K)->147653K(153408K) NonClass: 127984K(131328K)->127984K(131328K) Class: 19668K(22080K)->19668K(22080K)
[2025-05-28T10:53:58.498+0000][69][info ][gc          ] GC(58) Pause Young (Normal) (G1 Evacuation Pause) 2431M->111M(3880M) 167.365ms
[2025-05-28T10:53:58.499+0000][69][info ][gc,cpu      ] GC(58) User=0.85s Sys=0.03s Real=0.17s
[2025-05-28T10:53:58.499+0000][69][info ][safepoint   ] Safepoint "G1CollectForAllocation", Time since last: 844129870260 ns, Reaching safepoint: 1142102 ns, Cleanup: 214915 ns, At safepoint: 172449648 ns, Total: 173806665 ns
[2025-05-28T10:54:18.359+0000][69][info ][safepoint   ] Safepoint "Cleanup", Time since last: 19861361905 ns, Reaching safepoint: 133068 ns, Cleanup: 394060 ns, At safepoint: 67452 ns, Total: 594580 ns
[2025-05-28T11:31:06.215+0000][69][info ][safepoint   ] Safepoint "Cleanup", Time since last: 2208045058701 ns, Reaching safepoint: 42868 ns, Cleanup: 375751 ns, At safepoint: 55539 ns, Total: 474158 ns
[2025-05-28T11:31:36.174+0000][69][info ][safepoint   ] Safepoint "Cleanup", Time since last: 29962526031 ns, Reaching safepoint: 19925 ns, Cleanup: 101170 ns, At safepoint: 28714 ns, Total: 149809 ns
[2025-05-28T11:31:37.504+0000][69][info ][safepoint   ] Safepoint "Cleanup", Time since last: 1329085277 ns, Reaching safepoint: 18916 ns, Cleanup: 27131 ns, At safepoint: 10422 ns, Total: 56469 ns
[2025-05-28T11:43:12.772+0000][69][info ][gc,start    ] GC(59) Pause Young (Normal) (G1 Evacuation Pause)
[2025-05-28T11:43:12.775+0000][69][info ][gc,task     ] GC(59) Using 10 workers of 10 for evacuation
[2025-05-28T11:43:12.776+0000][69][debug][gc,age      ] GC(59) Desired survivor size 153092096 bytes, new threshold 15 (max threshold 15)
[2025-05-28T11:43:12.865+0000][69][info ][gc,phases   ] GC(59)   Pre Evacuate Collection Set: 8.79ms
[2025-05-28T11:43:12.866+0000][69][info ][gc,phases   ] GC(59)   Merge Heap Roots: 2.51ms
[2025-05-28T11:43:12.866+0000][69][info ][gc,phases   ] GC(59)   Evacuate Collection Set: 65.09ms
[2025-05-28T11:43:12.866+0000][69][info ][gc,phases   ] GC(59)   Post Evacuate Collection Set: 10.87ms
[2025-05-28T11:43:12.867+0000][69][info ][gc,phases   ] GC(59)   Other: 3.50ms
[2025-05-28T11:43:12.868+0000][69][trace][gc,age      ] GC(59) Age table with threshold 15 (max threshold 15)
[2025-05-28T11:43:12.868+0000][69][trace][gc,age      ] GC(59) - age   1:    1370120 bytes,    1370120 total
[2025-05-28T11:43:12.869+0000][69][trace][gc,age      ] GC(59) - age   2:     185400 bytes,    1555520 total
[2025-05-28T11:43:12.870+0000][69][trace][gc,age      ] GC(59) - age   3:     132816 bytes,    1688336 total
[2025-05-28T11:43:12.871+0000][69][trace][gc,age      ] GC(59) - age   4:     159608 bytes,    1847944 total
[2025-05-28T11:43:12.871+0000][69][trace][gc,age      ] GC(59) - age   5:     111168 bytes,    1959112 total
[2025-05-28T11:43:12.872+0000][69][trace][gc,age      ] GC(59) - age   6:     121120 bytes,    2080232 total
[2025-05-28T11:43:12.872+0000][69][trace][gc,age      ] GC(59) - age   7:     129344 bytes,    2209576 total
[2025-05-28T11:43:12.872+0000][69][trace][gc,age      ] GC(59) - age   8:    1159336 bytes,    3368912 total
[2025-05-28T11:43:12.872+0000][69][trace][gc,age      ] GC(59) - age   9:     115704 bytes,    3484616 total
[2025-05-28T11:43:12.873+0000][69][trace][gc,age      ] GC(59) - age  10:     110664 bytes,    3595280 total
[2025-05-28T11:43:12.873+0000][69][trace][gc,age      ] GC(59) - age  11:     115384 bytes,    3710664 total
[2025-05-28T11:43:12.873+0000][69][trace][gc,age      ] GC(59) - age  12:     251648 bytes,    3962312 total
[2025-05-28T11:43:12.873+0000][69][trace][gc,age      ] GC(59) - age  13:     154016 bytes,    4116328 total
[2025-05-28T11:43:12.874+0000][69][trace][gc,age      ] GC(59) - age  14:     112056 bytes,    4228384 total
[2025-05-28T11:43:12.874+0000][69][trace][gc,age      ] GC(59) - age  15:     114056 bytes,    4342440 total
[2025-05-28T11:43:12.874+0000][69][info ][gc,heap     ] GC(59) Eden regions: 580->0(580)
[2025-05-28T11:43:12.875+0000][69][info ][gc,heap     ] GC(59) Survivor regions: 2->2(73)
[2025-05-28T11:43:12.875+0000][69][info ][gc,heap     ] GC(59) Old regions: 27->27
[2025-05-28T11:43:12.875+0000][69][info ][gc,heap     ] GC(59) Humongous regions: 0->0
[2025-05-28T11:43:12.875+0000][69][info ][gc,metaspace] GC(59) Metaspace: 147664K(153408K)->147664K(153408K) NonClass: 127995K(131328K)->127995K(131328K) Class: 19668K(22080K)->19668K(22080K)
[2025-05-28T11:43:12.876+0000][69][info ][gc          ] GC(59) Pause Young (Normal) (G1 Evacuation Pause) 2431M->112M(3880M) 104.797ms
[2025-05-28T11:43:12.877+0000][69][info ][gc,cpu      ] GC(59) User=0.46s Sys=0.00s Real=0.10s
[2025-05-28T11:43:12.878+0000][69][info ][safepoint   ] Safepoint "G1CollectForAllocation", Time since last: 695335291995 ns, Reaching safepoint: 61286 ns, Cleanup: 5282 ns, At safepoint: 106838585 ns, Total: 106905153 ns
[2025-05-28T11:59:49.113+0000][69][info ][safepoint   ] Safepoint "Cleanup", Time since last: 996330268914 ns, Reaching safepoint: 59503 ns, Cleanup: 123967 ns, At safepoint: 51270 ns, Total: 234740 ns
[2025-05-28T12:31:39.111+0000][69][info ][safepoint   ] Safepoint "Cleanup", Time since last: 1910180287205 ns, Reaching safepoint: 111487 ns, Cleanup: 190012 ns, At safepoint: 61449 ns, Total: 362948 ns
[2025-05-28T12:31:41.064+0000][69][info ][safepoint   ] Safepoint "Cleanup", Time since last: 1953576055 ns, Reaching safepoint: 24351 ns, Cleanup: 18866 ns, At safepoint: 12993 ns, Total: 56210 ns
[2025-05-28T12:34:18.281+0000][69][info ][gc,start    ] GC(60) Pause Young (Normal) (G1 Evacuation Pause)
[2025-05-28T12:34:18.284+0000][69][info ][gc,task     ] GC(60) Using 10 workers of 10 for evacuation
[2025-05-28T12:34:18.285+0000][69][debug][gc,age      ] GC(60) Desired survivor size 153092096 bytes, new threshold 15 (max threshold 15)
[2025-05-28T12:34:18.409+0000][69][info ][gc,phases   ] GC(60)   Pre Evacuate Collection Set: 6.78ms
[2025-05-28T12:34:18.411+0000][69][info ][gc,phases   ] GC(60)   Merge Heap Roots: 3.57ms
[2025-05-28T12:34:18.411+0000][69][info ][gc,phases   ] GC(60)   Evacuate Collection Set: 102.64ms
[2025-05-28T12:34:18.411+0000][69][info ][gc,phases   ] GC(60)   Post Evacuate Collection Set: 8.32ms
[2025-05-28T12:34:18.412+0000][69][info ][gc,phases   ] GC(60)   Other: 3.78ms
[2025-05-28T12:34:18.412+0000][69][trace][gc,age      ] GC(60) Age table with threshold 15 (max threshold 15)
[2025-05-28T12:34:18.415+0000][69][trace][gc,age      ] GC(60) - age   1:    1628272 bytes,    1628272 total
[2025-05-28T12:34:18.415+0000][69][trace][gc,age      ] GC(60) - age   2:     175048 bytes,    1803320 total
[2025-05-28T12:34:18.417+0000][69][trace][gc,age      ] GC(60) - age   3:     135040 bytes,    1938360 total
[2025-05-28T12:34:18.417+0000][69][trace][gc,age      ] GC(60) - age   4:     132096 bytes,    2070456 total
[2025-05-28T12:34:18.418+0000][69][trace][gc,age      ] GC(60) - age   5:     142808 bytes,    2213264 total
[2025-05-28T12:34:18.419+0000][69][trace][gc,age      ] GC(60) - age   6:     111088 bytes,    2324352 total
[2025-05-28T12:34:18.420+0000][69][trace][gc,age      ] GC(60) - age   7:     121080 bytes,    2445432 total
[2025-05-28T12:34:18.420+0000][69][trace][gc,age      ] GC(60) - age   8:     128984 bytes,    2574416 total
[2025-05-28T12:34:18.421+0000][69][trace][gc,age      ] GC(60) - age   9:    1159280 bytes,    3733696 total
[2025-05-28T12:34:18.421+0000][69][trace][gc,age      ] GC(60) - age  10:     115704 bytes,    3849400 total
[2025-05-28T12:34:18.421+0000][69][trace][gc,age      ] GC(60) - age  11:     110624 bytes,    3960024 total
[2025-05-28T12:34:18.422+0000][69][trace][gc,age      ] GC(60) - age  12:     115384 bytes,    4075408 total
[2025-05-28T12:34:18.423+0000][69][trace][gc,age      ] GC(60) - age  13:     251648 bytes,    4327056 total
[2025-05-28T12:34:18.424+0000][69][trace][gc,age      ] GC(60) - age  14:     154016 bytes,    4481072 total
[2025-05-28T12:34:18.424+0000][69][trace][gc,age      ] GC(60) - age  15:     112056 bytes,    4593128 total
[2025-05-28T12:34:18.425+0000][69][info ][gc,heap     ] GC(60) Eden regions: 580->0(580)
[2025-05-28T12:34:18.426+0000][69][info ][gc,heap     ] GC(60) Survivor regions: 2->2(73)
[2025-05-28T12:34:18.426+0000][69][info ][gc,heap     ] GC(60) Old regions: 27->27
[2025-05-28T12:34:18.427+0000][69][info ][gc,heap     ] GC(60) Humongous regions: 0->0
[2025-05-28T12:34:18.427+0000][69][info ][gc,metaspace] GC(60) Metaspace: 147671K(153408K)->147671K(153408K) NonClass: 128002K(131328K)->128002K(131328K) Class: 19668K(22080K)->19668K(22080K)
[2025-05-28T12:34:18.428+0000][69][info ][gc          ] GC(60) Pause Young (Normal) (G1 Evacuation Pause) 2432M->112M(3880M) 146.290ms
[2025-05-28T12:34:18.428+0000][69][info ][gc,cpu      ] GC(60) User=0.42s Sys=0.09s Real=0.15s
[2025-05-28T12:34:18.429+0000][69][info ][safepoint   ] Safepoint "G1CollectForAllocation", Time since last: 157232013293 ns, Reaching safepoint: 16497 ns, Cleanup: 5047 ns, At safepoint: 147590030 ns, Total: 147611574 ns
[2025-05-28T12:41:47.686+0000][69][info ][safepoint   ] Safepoint "Cleanup", Time since last: 449881139139 ns, Reaching safepoint: 1037100 ns, Cleanup: 38395 ns, At safepoint: 247745 ns, Total: 1323240 ns
[2025-05-28T12:41:50.908+0000][69][info ][safepoint   ] Safepoint "Cleanup", Time since last: 1133028268 ns, Reaching safepoint: 2066646250 ns, Cleanup: 147836 ns, At safepoint: 22994911 ns, Total: 2089788997 ns
[2025-05-28T12:41:51.932+0000][69][info ][safepoint   ] Safepoint "Cleanup", Time since last: 1021185275 ns, Reaching safepoint: 2541448 ns, Cleanup: 24584 ns, At safepoint: 89087 ns, Total: 2655119 ns
[2025-05-28T12:41:52.939+0000][69][info ][safepoint   ] Safepoint "Cleanup", Time since last: 1006346552 ns, Reaching safepoint: 22780 ns, Cleanup: 22008 ns, At safepoint: 11328 ns, Total: 56116 ns
[2025-05-28T12:41:54.945+0000][69][info ][safepoint   ] Safepoint "Cleanup", Time since last: 2003230709 ns, Reaching safepoint: 3318310 ns, Cleanup: 24652 ns, At safepoint: 206063 ns, Total: 3549025 ns
[2025-05-28T12:41:55.948+0000][69][info ][safepoint   ] Safepoint "Cleanup", Time since last: 1002505995 ns, Reaching safepoint: 227509 ns, Cleanup: 23682 ns, At safepoint: 48869 ns, Total: 300060 ns
[2025-05-28T12:41:57.440+0000][69][info ][safepoint   ] Safepoint "Cleanup", Time since last: 1485639748 ns, Reaching safepoint: 5575506 ns, Cleanup: 40722 ns, At safepoint: 118060 ns, Total: 5734288 ns
[2025-05-28T12:41:57.876+0000][69][info ][gc,heap,exit] Heap
[2025-05-28T12:41:57.881+0000][69][info ][gc,heap,exit]  garbage-first heap   total reserved 3973120K, committed 3973120K, used 571798K [0x000000070d800000, 0x0000000800000000)
[2025-05-28T12:41:57.883+0000][69][info ][gc,heap,exit]   region size 4096K, 114 young (466944K), 2 survivors (8192K)
[2025-05-28T12:41:57.886+0000][69][info ][gc,heap,exit]  Metaspace       used 148017K, committed 153472K, reserved 1245184K
[2025-05-28T12:41:57.887+0000][69][info ][gc,heap,exit]   class space    used 19746K, committed 22144K, reserved 1048576K
