[2025-05-29T03:06:04.685+0000][52][info][gc,init] CardTable entry size: 512
[2025-05-29T03:06:04.686+0000][52][info][gc     ] Using G1
[2025-05-29T03:06:04.711+0000][52][info][gc,init] Version: 22+36-2370 (release)
[2025-05-29T03:06:04.711+0000][52][info][gc,init] CPUs: 12 total, 12 available
[2025-05-29T03:06:04.712+0000][52][info][gc,init] Memory: 7757M
[2025-05-29T03:06:04.714+0000][52][info][gc,init] Large Page Support: Disabled
[2025-05-29T03:06:04.716+0000][52][info][gc,init] NUMA Support: Disabled
[2025-05-29T03:06:04.718+0000][52][info][gc,init] Compressed Oops: Enabled (Zero based)
[2025-05-29T03:06:04.719+0000][52][info][gc,init] Heap Region Size: 2M
[2025-05-29T03:06:04.720+0000][52][info][gc,init] Heap Min Capacity: 3878M
[2025-05-29T03:06:04.720+0000][52][info][gc,init] Heap Initial Capacity: 3878M
[2025-05-29T03:06:04.720+0000][52][info][gc,init] Heap Max Capacity: 3878M
[2025-05-29T03:06:04.721+0000][52][info][gc,init] Pre-touch: Disabled
[2025-05-29T03:06:04.721+0000][52][info][gc,init] Parallel Workers: 10
[2025-05-29T03:06:04.722+0000][52][info][gc,init] Concurrent Workers: 3
[2025-05-29T03:06:04.722+0000][52][info][gc,init] Concurrent Refinement Workers: 10
[2025-05-29T03:06:04.724+0000][52][info][gc,init] Periodic GC: Disabled
[2025-05-29T03:06:04.738+0000][52][info][gc,metaspace] CDS archive(s) mapped at: [0x00007f0d2a000000-0x00007f0d2ac74000-0x00007f0d2ac74000), size 13058048, SharedBaseAddress: 0x00007f0d2a000000, ArchiveRelocationMode: 1.
[2025-05-29T03:06:04.738+0000][52][info][gc,metaspace] Compressed class space mapped at: 0x00007f0d2b000000-0x00007f0d6b000000, reserved size: 1073741824
[2025-05-29T03:06:04.739+0000][52][info][gc,metaspace] Narrow klass base: 0x00007f0d2a000000, Narrow klass shift: 0, Narrow klass range: 0x100000000
[2025-05-29T03:06:04.830+0000][52][info][gc,heap,exit] Heap
[2025-05-29T03:06:04.831+0000][52][info][gc,heap,exit]  garbage-first heap   total reserved 3971072K, committed 3971072K, used 6177K [0x000000070da00000, 0x0000000800000000)
[2025-05-29T03:06:04.831+0000][52][info][gc,heap,exit]   region size 2048K, 3 young (6144K), 0 survivors (0K)
[2025-05-29T03:06:04.832+0000][52][info][gc,heap,exit]  Metaspace       used 211K, committed 448K, reserved 1114112K
[2025-05-29T03:06:04.832+0000][52][info][gc,heap,exit]   class space    used 5K, committed 128K, reserved 1048576K
