[2025-06-11T23:12:18.858+0000][73][info][gc,init] CardTable entry size: 512
[2025-06-11T23:12:18.859+0000][73][info][gc     ] Using G1
[2025-06-11T23:12:20.124+0000][73][info][gc,init] Version: 22+36-2370 (release)
[2025-06-11T23:12:20.126+0000][73][info][gc,init] CPUs: 12 total, 12 available
[2025-06-11T23:12:20.127+0000][73][info][gc,init] Memory: 7757M
[2025-06-11T23:12:20.133+0000][73][info][gc,init] Large Page Support: Disabled
[2025-06-11T23:12:20.135+0000][73][info][gc,init] NUMA Support: Disabled
[2025-06-11T23:12:20.137+0000][73][info][gc,init] Compressed Oops: Enabled (Zero based)
[2025-06-11T23:12:20.137+0000][73][info][gc,init] Heap Region Size: 4M
[2025-06-11T23:12:20.138+0000][73][info][gc,init] Heap Min Capacity: 3880M
[2025-06-11T23:12:20.139+0000][73][info][gc,init] Heap Initial Capacity: 3880M
[2025-06-11T23:12:20.140+0000][73][info][gc,init] Heap Max Capacity: 3880M
[2025-06-11T23:12:20.142+0000][73][info][gc,init] Pre-touch: Enabled
[2025-06-11T23:12:20.143+0000][73][info][gc,init] Parallel Workers: 10
[2025-06-11T23:12:20.143+0000][73][info][gc,init] Concurrent Workers: 3
[2025-06-11T23:12:20.144+0000][73][info][gc,init] Concurrent Refinement Workers: 10
[2025-06-11T23:12:20.144+0000][73][info][gc,init] Periodic GC: Disabled
[2025-06-11T23:12:20.185+0000][73][info][gc,metaspace] CDS archive(s) mapped at: [0x00007f758e000000-0x00007f758ec74000-0x00007f758ec74000), size 13058048, SharedBaseAddress: 0x00007f758e000000, ArchiveRelocationMode: 1.
[2025-06-11T23:12:20.188+0000][73][info][gc,metaspace] Compressed class space mapped at: 0x00007f758f000000-0x00007f75cf000000, reserved size: 1073741824
[2025-06-11T23:12:20.194+0000][73][info][gc,metaspace] Narrow klass base: 0x00007f758e000000, Narrow klass shift: 0, Narrow klass range: 0x100000000
[2025-06-11T23:12:20.810+0000][73][info][safepoint   ] Safepoint "ICBufferFull", Time since last: 606320522 ns, Reaching safepoint: 281778 ns, Cleanup: 103238 ns, At safepoint: 12482 ns, Total: 397498 ns
[2025-06-11T23:12:21.903+0000][73][info][safepoint   ] Safepoint "ICBufferFull", Time since last: 1093462398 ns, Reaching safepoint: 5225 ns, Cleanup: 94139 ns, At safepoint: 6012 ns, Total: 105376 ns
[2025-06-11T23:12:23.032+0000][73][info][safepoint   ] Safepoint "ICBufferFull", Time since last: 1128200586 ns, Reaching safepoint: 5182 ns, Cleanup: 93481 ns, At safepoint: 6721 ns, Total: 105384 ns
[2025-06-11T23:12:24.247+0000][73][info][safepoint   ] Safepoint "ICBufferFull", Time since last: 1215120444 ns, Reaching safepoint: 5255 ns, Cleanup: 97932 ns, At safepoint: 8666 ns, Total: 111853 ns
[2025-06-11T23:12:25.256+0000][73][info][safepoint   ] Safepoint "Cleanup", Time since last: 1002526814 ns, Reaching safepoint: 6017038 ns, Cleanup: 86602 ns, At safepoint: 56895 ns, Total: 6160535 ns
[2025-06-11T23:12:26.320+0000][73][info][gc,start    ] GC(0) Pause Young (Concurrent Start) (Metadata GC Threshold)
[2025-06-11T23:12:26.321+0000][73][info][gc,task     ] GC(0) Using 10 workers of 10 for evacuation
[2025-06-11T23:12:26.322+0000][73][debug][gc,age      ] GC(0) Desired survivor size 12582912 bytes, new threshold 15 (max threshold 15)
[2025-06-11T23:12:26.352+0000][73][info ][gc,phases   ] GC(0)   Pre Evacuate Collection Set: 0.36ms
[2025-06-11T23:12:26.352+0000][73][info ][gc,phases   ] GC(0)   Merge Heap Roots: 0.24ms
[2025-06-11T23:12:26.353+0000][73][info ][gc,phases   ] GC(0)   Evacuate Collection Set: 17.09ms
[2025-06-11T23:12:26.353+0000][73][info ][gc,phases   ] GC(0)   Post Evacuate Collection Set: 11.37ms
[2025-06-11T23:12:26.353+0000][73][info ][gc,phases   ] GC(0)   Other: 1.08ms
[2025-06-11T23:12:26.354+0000][73][trace][gc,age      ] GC(0) Age table with threshold 15 (max threshold 15)
[2025-06-11T23:12:26.354+0000][73][trace][gc,age      ] GC(0) - age   1:   10229600 bytes,   10229600 total
[2025-06-11T23:12:26.354+0000][73][info ][gc,heap     ] GC(0) Eden regions: 45->0(45)
[2025-06-11T23:12:26.354+0000][73][info ][gc,heap     ] GC(0) Survivor regions: 0->3(6)
[2025-06-11T23:12:26.355+0000][73][info ][gc,heap     ] GC(0) Old regions: 1->1
[2025-06-11T23:12:26.355+0000][73][info ][gc,heap     ] GC(0) Humongous regions: 0->0
[2025-06-11T23:12:26.355+0000][73][info ][gc,metaspace] GC(0) Metaspace: 20999K(21504K)->20999K(21504K) NonClass: 18615K(18880K)->18615K(18880K) Class: 2383K(2624K)->2383K(2624K)
[2025-06-11T23:12:26.356+0000][73][info ][gc          ] GC(0) Pause Young (Concurrent Start) (Metadata GC Threshold) 179M->11M(3880M) 35.584ms
[2025-06-11T23:12:26.356+0000][73][info ][gc,cpu      ] GC(0) User=0.11s Sys=0.04s Real=0.03s
[2025-06-11T23:12:26.356+0000][73][info ][gc          ] GC(1) Concurrent Mark Cycle
[2025-06-11T23:12:26.357+0000][73][info ][safepoint   ] Safepoint "CollectForMetadataAllocation", Time since last: 1064236029 ns, Reaching safepoint: 94154 ns, Cleanup: 109793 ns, At safepoint: 36442132 ns, Total: 36646079 ns
[2025-06-11T23:12:26.357+0000][73][info ][gc,marking  ] GC(1) Concurrent Scan Root Regions
[2025-06-11T23:12:26.374+0000][73][info ][gc,marking  ] GC(1) Concurrent Scan Root Regions 17.066ms
[2025-06-11T23:12:26.374+0000][73][info ][gc,marking  ] GC(1) Concurrent Mark
[2025-06-11T23:12:26.376+0000][73][info ][gc,marking  ] GC(1) Concurrent Mark From Roots
[2025-06-11T23:12:26.376+0000][73][info ][gc,task     ] GC(1) Using 3 workers of 3 for marking
[2025-06-11T23:12:26.392+0000][73][info ][gc,marking  ] GC(1) Concurrent Mark From Roots 16.776ms
[2025-06-11T23:12:26.393+0000][73][info ][gc,marking  ] GC(1) Concurrent Preclean
[2025-06-11T23:12:26.395+0000][73][info ][gc,marking  ] GC(1) Concurrent Preclean 1.407ms
[2025-06-11T23:12:26.397+0000][73][info ][gc,start    ] GC(1) Pause Remark
[2025-06-11T23:12:26.406+0000][73][info ][gc          ] GC(1) Pause Remark 15M->15M(3880M) 9.922ms
[2025-06-11T23:12:26.407+0000][73][info ][gc,cpu      ] GC(1) User=0.03s Sys=0.01s Real=0.01s
[2025-06-11T23:12:26.407+0000][73][info ][safepoint   ] Safepoint "G1PauseRemark", Time since last: 39872578 ns, Reaching safepoint: 115227 ns, Cleanup: 16411 ns, At safepoint: 10831672 ns, Total: 10963310 ns
[2025-06-11T23:12:26.409+0000][73][info ][gc,marking  ] GC(1) Concurrent Mark 34.284ms
[2025-06-11T23:12:26.409+0000][73][info ][gc,marking  ] GC(1) Concurrent Rebuild Remembered Sets and Scrub Regions
[2025-06-11T23:12:26.410+0000][73][info ][gc,marking  ] GC(1) Concurrent Rebuild Remembered Sets and Scrub Regions 1.034ms
[2025-06-11T23:12:26.410+0000][73][info ][gc,start    ] GC(1) Pause Cleanup
[2025-06-11T23:12:26.412+0000][73][info ][gc          ] GC(1) Pause Cleanup 15M->15M(3880M) 1.142ms
[2025-06-11T23:12:26.412+0000][73][info ][gc,cpu      ] GC(1) User=0.01s Sys=0.00s Real=0.00s
[2025-06-11T23:12:26.413+0000][73][info ][safepoint   ] Safepoint "G1PauseCleanup", Time since last: 3076745 ns, Reaching safepoint: 5093 ns, Cleanup: 10418 ns, At safepoint: 2048043 ns, Total: 2063554 ns
[2025-06-11T23:12:26.413+0000][73][info ][gc,marking  ] GC(1) Concurrent Clear Claimed Marks
[2025-06-11T23:12:26.416+0000][73][info ][gc,marking  ] GC(1) Concurrent Clear Claimed Marks 3.065ms
[2025-06-11T23:12:26.419+0000][73][info ][gc,marking  ] GC(1) Concurrent Cleanup for Next Mark
[2025-06-11T23:12:26.428+0000][73][info ][gc,marking  ] GC(1) Concurrent Cleanup for Next Mark 8.709ms
[2025-06-11T23:12:26.428+0000][73][info ][gc          ] GC(1) Concurrent Mark Cycle 72.258ms
[2025-06-11T23:12:27.665+0000][73][info ][safepoint   ] Safepoint "ICBufferFull", Time since last: 1251989896 ns, Reaching safepoint: 102208 ns, Cleanup: 176109 ns, At safepoint: 32326 ns, Total: 310643 ns
[2025-06-11T23:12:28.285+0000][73][info ][gc,start    ] GC(2) Pause Young (Prepare Mixed) (G1 Evacuation Pause)
[2025-06-11T23:12:28.287+0000][73][info ][gc,task     ] GC(2) Using 10 workers of 10 for evacuation
[2025-06-11T23:12:28.288+0000][73][debug][gc,age      ] GC(2) Desired survivor size 12582912 bytes, new threshold 15 (max threshold 15)
[2025-06-11T23:12:28.314+0000][73][info ][gc,phases   ] GC(2)   Pre Evacuate Collection Set: 1.71ms
[2025-06-11T23:12:28.315+0000][73][info ][gc,phases   ] GC(2)   Merge Heap Roots: 0.08ms
[2025-06-11T23:12:28.315+0000][73][info ][gc,phases   ] GC(2)   Evacuate Collection Set: 18.58ms
[2025-06-11T23:12:28.316+0000][73][info ][gc,phases   ] GC(2)   Post Evacuate Collection Set: 4.63ms
[2025-06-11T23:12:28.316+0000][73][info ][gc,phases   ] GC(2)   Other: 2.05ms
[2025-06-11T23:12:28.317+0000][73][trace][gc,age      ] GC(2) Age table with threshold 15 (max threshold 15)
[2025-06-11T23:12:28.317+0000][73][trace][gc,age      ] GC(2) - age   1:    5044280 bytes,    5044280 total
[2025-06-11T23:12:28.317+0000][73][trace][gc,age      ] GC(2) - age   2:    9298144 bytes,   14342424 total
[2025-06-11T23:12:28.318+0000][73][info ][gc,heap     ] GC(2) Eden regions: 45->0(44)
[2025-06-11T23:12:28.318+0000][73][info ][gc,heap     ] GC(2) Survivor regions: 3->4(6)
[2025-06-11T23:12:28.318+0000][73][info ][gc,heap     ] GC(2) Old regions: 1->1
[2025-06-11T23:12:28.319+0000][73][info ][gc,heap     ] GC(2) Humongous regions: 0->0
[2025-06-11T23:12:28.320+0000][73][info ][gc,metaspace] GC(2) Metaspace: 27822K(28480K)->27822K(28480K) NonClass: 24657K(25024K)->24657K(25024K) Class: 3164K(3456K)->3164K(3456K)
[2025-06-11T23:12:28.320+0000][73][info ][gc          ] GC(2) Pause Young (Prepare Mixed) (G1 Evacuation Pause) 191M->15M(3880M) 34.699ms
[2025-06-11T23:12:28.320+0000][73][info ][gc,cpu      ] GC(2) User=0.10s Sys=0.02s Real=0.04s
[2025-06-11T23:12:28.321+0000][73][info ][safepoint   ] Safepoint "G1CollectForAllocation", Time since last: 620373397 ns, Reaching safepoint: 4560 ns, Cleanup: 74877 ns, At safepoint: 35866128 ns, Total: 35945565 ns
[2025-06-11T23:12:29.393+0000][73][info ][safepoint   ] Safepoint "ICBufferFull", Time since last: 1071566627 ns, Reaching safepoint: 6496 ns, Cleanup: 151578 ns, At safepoint: 12350 ns, Total: 170424 ns
[2025-06-11T23:12:29.430+0000][73][info ][gc,start    ] GC(3) Pause Young (Mixed) (G1 Evacuation Pause)
[2025-06-11T23:12:29.431+0000][73][info ][gc,task     ] GC(3) Using 10 workers of 10 for evacuation
[2025-06-11T23:12:29.431+0000][73][debug][gc,age      ] GC(3) Desired survivor size 12582912 bytes, new threshold 2 (max threshold 15)
[2025-06-11T23:12:29.450+0000][73][info ][gc,phases   ] GC(3)   Pre Evacuate Collection Set: 0.82ms
[2025-06-11T23:12:29.452+0000][73][info ][gc,phases   ] GC(3)   Merge Heap Roots: 0.59ms
[2025-06-11T23:12:29.452+0000][73][info ][gc,phases   ] GC(3)   Evacuate Collection Set: 11.88ms
[2025-06-11T23:12:29.452+0000][73][info ][gc,phases   ] GC(3)   Post Evacuate Collection Set: 5.29ms
[2025-06-11T23:12:29.453+0000][73][info ][gc,phases   ] GC(3)   Other: 1.10ms
[2025-06-11T23:12:29.453+0000][73][trace][gc,age      ] GC(3) Age table with threshold 2 (max threshold 15)
[2025-06-11T23:12:29.454+0000][73][trace][gc,age      ] GC(3) - age   1:    5297400 bytes,    5297400 total
[2025-06-11T23:12:29.454+0000][73][trace][gc,age      ] GC(3) - age   2:    4845120 bytes,   10142520 total
[2025-06-11T23:12:29.454+0000][73][info ][gc,heap     ] GC(3) Eden regions: 44->0(51)
[2025-06-11T23:12:29.455+0000][73][info ][gc,heap     ] GC(3) Survivor regions: 4->3(6)
[2025-06-11T23:12:29.455+0000][73][info ][gc,heap     ] GC(3) Old regions: 1->3
[2025-06-11T23:12:29.456+0000][73][info ][gc,heap     ] GC(3) Humongous regions: 0->0
[2025-06-11T23:12:29.456+0000][73][info ][gc,metaspace] GC(3) Metaspace: 29266K(29952K)->29266K(29952K) NonClass: 25848K(26240K)->25848K(26240K) Class: 3417K(3712K)->3417K(3712K)
[2025-06-11T23:12:29.456+0000][73][info ][gc          ] GC(3) Pause Young (Mixed) (G1 Evacuation Pause) 191M->21M(3880M) 26.104ms
[2025-06-11T23:12:29.457+0000][73][info ][gc,cpu      ] GC(3) User=0.07s Sys=0.00s Real=0.02s
[2025-06-11T23:12:29.457+0000][73][info ][safepoint   ] Safepoint "G1CollectForAllocation", Time since last: 37148583 ns, Reaching safepoint: 6993 ns, Cleanup: 25078 ns, At safepoint: 26903913 ns, Total: 26935984 ns
[2025-06-11T23:12:30.060+0000][73][info ][gc,start    ] GC(4) Pause Young (Normal) (G1 Evacuation Pause)
[2025-06-11T23:12:30.060+0000][73][info ][gc,task     ] GC(4) Using 10 workers of 10 for evacuation
[2025-06-11T23:12:30.061+0000][73][debug][gc,age      ] GC(4) Desired survivor size 14680064 bytes, new threshold 15 (max threshold 15)
[2025-06-11T23:12:30.067+0000][73][info ][gc,phases   ] GC(4)   Pre Evacuate Collection Set: 0.40ms
[2025-06-11T23:12:30.068+0000][73][info ][gc,phases   ] GC(4)   Merge Heap Roots: 0.13ms
[2025-06-11T23:12:30.068+0000][73][info ][gc,phases   ] GC(4)   Evacuate Collection Set: 3.96ms
[2025-06-11T23:12:30.069+0000][73][info ][gc,phases   ] GC(4)   Post Evacuate Collection Set: 1.07ms
[2025-06-11T23:12:30.069+0000][73][info ][gc,phases   ] GC(4)   Other: 0.73ms
[2025-06-11T23:12:30.070+0000][73][trace][gc,age      ] GC(4) Age table with threshold 15 (max threshold 15)
[2025-06-11T23:12:30.070+0000][73][trace][gc,age      ] GC(4) - age   1:    3305296 bytes,    3305296 total
[2025-06-11T23:12:30.071+0000][73][trace][gc,age      ] GC(4) - age   2:    3633760 bytes,    6939056 total
[2025-06-11T23:12:30.071+0000][73][trace][gc,age      ] GC(4) - age   3:    4844224 bytes,   11783280 total
[2025-06-11T23:12:30.071+0000][73][info ][gc,heap     ] GC(4) Eden regions: 51->0(578)
[2025-06-11T23:12:30.071+0000][73][info ][gc,heap     ] GC(4) Survivor regions: 3->4(7)
[2025-06-11T23:12:30.072+0000][73][info ][gc,heap     ] GC(4) Old regions: 3->3
[2025-06-11T23:12:30.072+0000][73][info ][gc,heap     ] GC(4) Humongous regions: 0->0
[2025-06-11T23:12:30.072+0000][73][info ][gc,metaspace] GC(4) Metaspace: 29679K(30400K)->29679K(30400K) NonClass: 26215K(26624K)->26215K(26624K) Class: 3464K(3776K)->3464K(3776K)
[2025-06-11T23:12:30.073+0000][73][info ][gc          ] GC(4) Pause Young (Normal) (G1 Evacuation Pause) 225M->22M(3880M) 12.831ms
[2025-06-11T23:12:30.073+0000][73][info ][gc,cpu      ] GC(4) User=0.01s Sys=0.01s Real=0.01s
[2025-06-11T23:12:30.074+0000][73][info ][safepoint   ] Safepoint "G1CollectForAllocation", Time since last: 602902944 ns, Reaching safepoint: 6246 ns, Cleanup: 99574 ns, At safepoint: 13805847 ns, Total: 13911667 ns
[2025-06-11T23:12:31.184+0000][73][info ][safepoint   ] Safepoint "Cleanup", Time since last: 1110259627 ns, Reaching safepoint: 3186 ns, Cleanup: 73363 ns, At safepoint: 44435 ns, Total: 120984 ns
[2025-06-11T23:12:31.989+0000][73][info ][gc,start    ] GC(5) Pause Young (Concurrent Start) (Metadata GC Threshold)
[2025-06-11T23:12:31.990+0000][73][info ][gc,task     ] GC(5) Using 10 workers of 10 for evacuation
[2025-06-11T23:12:31.990+0000][73][debug][gc,age      ] GC(5) Desired survivor size 153092096 bytes, new threshold 15 (max threshold 15)
[2025-06-11T23:12:32.000+0000][73][info ][gc,phases   ] GC(5)   Pre Evacuate Collection Set: 0.76ms
[2025-06-11T23:12:32.000+0000][73][info ][gc,phases   ] GC(5)   Merge Heap Roots: 0.66ms
[2025-06-11T23:12:32.001+0000][73][info ][gc,phases   ] GC(5)   Evacuate Collection Set: 4.20ms
[2025-06-11T23:12:32.001+0000][73][info ][gc,phases   ] GC(5)   Post Evacuate Collection Set: 3.48ms
[2025-06-11T23:12:32.001+0000][73][info ][gc,phases   ] GC(5)   Other: 1.27ms
[2025-06-11T23:12:32.002+0000][73][trace][gc,age      ] GC(5) Age table with threshold 15 (max threshold 15)
[2025-06-11T23:12:32.002+0000][73][trace][gc,age      ] GC(5) - age   1:    4290696 bytes,    4290696 total
[2025-06-11T23:12:32.002+0000][73][trace][gc,age      ] GC(5) - age   2:    2431936 bytes,    6722632 total
[2025-06-11T23:12:32.003+0000][73][trace][gc,age      ] GC(5) - age   3:    3632208 bytes,   10354840 total
[2025-06-11T23:12:32.003+0000][73][trace][gc,age      ] GC(5) - age   4:    4840528 bytes,   15195368 total
[2025-06-11T23:12:32.003+0000][73][info ][gc,heap     ] GC(5) Eden regions: 50->0(578)
[2025-06-11T23:12:32.004+0000][73][info ][gc,heap     ] GC(5) Survivor regions: 4->4(73)
[2025-06-11T23:12:32.004+0000][73][info ][gc,heap     ] GC(5) Old regions: 3->3
[2025-06-11T23:12:32.004+0000][73][info ][gc,heap     ] GC(5) Humongous regions: 0->0
[2025-06-11T23:12:32.005+0000][73][info ][gc,metaspace] GC(5) Metaspace: 35293K(36096K)->35293K(36096K) NonClass: 31190K(31616K)->31190K(31616K) Class: 4103K(4480K)->4103K(4480K)
[2025-06-11T23:12:32.005+0000][73][info ][gc          ] GC(5) Pause Young (Concurrent Start) (Metadata GC Threshold) 222M->25M(3880M) 16.295ms
[2025-06-11T23:12:32.006+0000][73][info ][gc          ] GC(6) Concurrent Mark Cycle
[2025-06-11T23:12:32.006+0000][73][info ][gc,marking  ] GC(6) Concurrent Scan Root Regions
[2025-06-11T23:12:32.006+0000][73][info ][gc,cpu      ] GC(5) User=0.02s Sys=0.01s Real=0.01s
[2025-06-11T23:12:32.007+0000][73][info ][safepoint   ] Safepoint "CollectForMetadataAllocation", Time since last: 804556945 ns, Reaching safepoint: 158349 ns, Cleanup: 36662 ns, At safepoint: 18476733 ns, Total: 18671744 ns
[2025-06-11T23:12:32.011+0000][73][info ][gc,marking  ] GC(6) Concurrent Scan Root Regions 4.275ms
[2025-06-11T23:12:32.011+0000][73][info ][gc,marking  ] GC(6) Concurrent Mark
[2025-06-11T23:12:32.011+0000][73][info ][gc,marking  ] GC(6) Concurrent Mark From Roots
[2025-06-11T23:12:32.012+0000][73][info ][gc,task     ] GC(6) Using 3 workers of 3 for marking
[2025-06-11T23:12:32.024+0000][73][info ][gc,marking  ] GC(6) Concurrent Mark From Roots 12.673ms
[2025-06-11T23:12:32.025+0000][73][info ][gc,marking  ] GC(6) Concurrent Preclean
[2025-06-11T23:12:32.025+0000][73][info ][gc,marking  ] GC(6) Concurrent Preclean 0.608ms
[2025-06-11T23:12:32.027+0000][73][info ][gc,start    ] GC(6) Pause Remark
[2025-06-11T23:12:32.041+0000][73][info ][gc          ] GC(6) Pause Remark 33M->33M(3880M) 14.352ms
[2025-06-11T23:12:32.045+0000][73][info ][gc,cpu      ] GC(6) User=0.04s Sys=0.00s Real=0.02s
[2025-06-11T23:12:32.046+0000][73][info ][safepoint   ] Safepoint "G1PauseRemark", Time since last: 19271970 ns, Reaching safepoint: 6955 ns, Cleanup: 105730 ns, At safepoint: 19319294 ns, Total: 19431979 ns
[2025-06-11T23:12:32.050+0000][73][info ][gc,marking  ] GC(6) Concurrent Mark 38.903ms
[2025-06-11T23:12:32.050+0000][73][info ][gc,marking  ] GC(6) Concurrent Rebuild Remembered Sets and Scrub Regions
[2025-06-11T23:12:32.053+0000][73][info ][gc,marking  ] GC(6) Concurrent Rebuild Remembered Sets and Scrub Regions 3.097ms
[2025-06-11T23:12:32.054+0000][73][info ][gc,start    ] GC(6) Pause Cleanup
[2025-06-11T23:12:32.055+0000][73][info ][gc          ] GC(6) Pause Cleanup 33M->33M(3880M) 0.773ms
[2025-06-11T23:12:32.057+0000][73][info ][gc,cpu      ] GC(6) User=0.00s Sys=0.00s Real=0.00s
[2025-06-11T23:12:32.057+0000][73][info ][safepoint   ] Safepoint "G1PauseCleanup", Time since last: 8182717 ns, Reaching safepoint: 154386 ns, Cleanup: 17326 ns, At safepoint: 2951423 ns, Total: 3123135 ns
[2025-06-11T23:12:32.058+0000][73][info ][gc,marking  ] GC(6) Concurrent Clear Claimed Marks
[2025-06-11T23:12:32.059+0000][73][info ][gc,marking  ] GC(6) Concurrent Clear Claimed Marks 1.134ms
[2025-06-11T23:12:32.060+0000][73][info ][gc,marking  ] GC(6) Concurrent Cleanup for Next Mark
[2025-06-11T23:12:32.080+0000][73][info ][gc,marking  ] GC(6) Concurrent Cleanup for Next Mark 20.071ms
[2025-06-11T23:12:32.087+0000][73][info ][gc          ] GC(6) Concurrent Mark Cycle 81.151ms
[2025-06-11T23:12:33.059+0000][73][info ][safepoint   ] Safepoint "Cleanup", Time since last: 1001011330 ns, Reaching safepoint: 99096 ns, Cleanup: 63138 ns, At safepoint: 59646 ns, Total: 221880 ns
[2025-06-11T23:12:34.057+0000][73][info ][safepoint   ] Safepoint "Cleanup", Time since last: 1000571233 ns, Reaching safepoint: 9840 ns, Cleanup: 58901 ns, At safepoint: 49151 ns, Total: 117892 ns
[2025-06-11T23:12:35.063+0000][73][info ][safepoint   ] Safepoint "Cleanup", Time since last: 1003925051 ns, Reaching safepoint: 2174788 ns, Cleanup: 98192 ns, At safepoint: 48714 ns, Total: 2321694 ns
[2025-06-11T23:12:36.064+0000][73][info ][safepoint   ] Safepoint "Cleanup", Time since last: 1000602734 ns, Reaching safepoint: 140728 ns, Cleanup: 78473 ns, At safepoint: 22958 ns, Total: 242159 ns
[2025-06-11T23:12:37.065+0000][73][info ][safepoint   ] Safepoint "Cleanup", Time since last: 1000666235 ns, Reaching safepoint: 285201 ns, Cleanup: 207578 ns, At safepoint: 65937 ns, Total: 558716 ns
[2025-06-11T23:12:38.664+0000][73][info ][safepoint   ] Safepoint "Cleanup", Time since last: 1597987657 ns, Reaching safepoint: 171376 ns, Cleanup: 180874 ns, At safepoint: 106013 ns, Total: 458263 ns
[2025-06-11T23:12:38.895+0000][73][info ][gc,start    ] GC(7) Pause Young (Concurrent Start) (Metadata GC Threshold)
[2025-06-11T23:12:38.895+0000][73][info ][gc,task     ] GC(7) Using 10 workers of 10 for evacuation
[2025-06-11T23:12:38.896+0000][73][debug][gc,age      ] GC(7) Desired survivor size 153092096 bytes, new threshold 15 (max threshold 15)
[2025-06-11T23:12:38.920+0000][73][info ][gc,phases   ] GC(7)   Pre Evacuate Collection Set: 0.89ms
[2025-06-11T23:12:38.923+0000][73][info ][gc,phases   ] GC(7)   Merge Heap Roots: 0.58ms
[2025-06-11T23:12:38.925+0000][73][info ][gc,phases   ] GC(7)   Evacuate Collection Set: 15.02ms
[2025-06-11T23:12:38.926+0000][73][info ][gc,phases   ] GC(7)   Post Evacuate Collection Set: 6.87ms
[2025-06-11T23:12:38.926+0000][73][info ][gc,phases   ] GC(7)   Other: 1.20ms
[2025-06-11T23:12:38.927+0000][73][trace][gc,age      ] GC(7) Age table with threshold 15 (max threshold 15)
[2025-06-11T23:12:38.927+0000][73][trace][gc,age      ] GC(7) - age   1:   14938456 bytes,   14938456 total
[2025-06-11T23:12:38.928+0000][73][trace][gc,age      ] GC(7) - age   2:    4259352 bytes,   19197808 total
[2025-06-11T23:12:38.928+0000][73][trace][gc,age      ] GC(7) - age   3:    2426408 bytes,   21624216 total
[2025-06-11T23:12:38.929+0000][73][trace][gc,age      ] GC(7) - age   4:    3622920 bytes,   25247136 total
[2025-06-11T23:12:38.929+0000][73][trace][gc,age      ] GC(7) - age   5:    4818104 bytes,   30065240 total
[2025-06-11T23:12:38.929+0000][73][info ][gc,heap     ] GC(7) Eden regions: 226->0(574)
[2025-06-11T23:12:38.930+0000][73][info ][gc,heap     ] GC(7) Survivor regions: 4->8(73)
[2025-06-11T23:12:38.930+0000][73][info ][gc,heap     ] GC(7) Old regions: 3->3
[2025-06-11T23:12:38.931+0000][73][info ][gc,heap     ] GC(7) Humongous regions: 0->0
[2025-06-11T23:12:38.931+0000][73][info ][gc,metaspace] GC(7) Metaspace: 59068K(60288K)->59068K(60288K) NonClass: 51606K(52352K)->51606K(52352K) Class: 7462K(7936K)->7462K(7936K)
[2025-06-11T23:12:38.932+0000][73][info ][gc          ] GC(7) Pause Young (Concurrent Start) (Metadata GC Threshold) 927M->41M(3880M) 36.787ms
[2025-06-11T23:12:38.932+0000][73][info ][gc,cpu      ] GC(7) User=0.08s Sys=0.01s Real=0.04s
[2025-06-11T23:12:38.932+0000][73][info ][gc          ] GC(8) Concurrent Mark Cycle
[2025-06-11T23:12:38.933+0000][73][info ][gc,marking  ] GC(8) Concurrent Scan Root Regions
[2025-06-11T23:12:38.932+0000][73][info ][safepoint   ] Safepoint "CollectForMetadataAllocation", Time since last: 230862620 ns, Reaching safepoint: 7437 ns, Cleanup: 15111 ns, At safepoint: 37749149 ns, Total: 37771697 ns
[2025-06-11T23:12:38.938+0000][73][info ][gc,marking  ] GC(8) Concurrent Scan Root Regions 5.683ms
[2025-06-11T23:12:38.939+0000][73][info ][gc,marking  ] GC(8) Concurrent Mark
[2025-06-11T23:12:38.939+0000][73][info ][gc,marking  ] GC(8) Concurrent Mark From Roots
[2025-06-11T23:12:38.944+0000][73][info ][gc,task     ] GC(8) Using 3 workers of 3 for marking
[2025-06-11T23:12:38.962+0000][73][info ][gc,marking  ] GC(8) Concurrent Mark From Roots 22.879ms
[2025-06-11T23:12:38.964+0000][73][info ][gc,marking  ] GC(8) Concurrent Preclean
[2025-06-11T23:12:38.965+0000][73][info ][gc,marking  ] GC(8) Concurrent Preclean 0.531ms
[2025-06-11T23:12:38.965+0000][73][info ][gc,start    ] GC(8) Pause Remark
[2025-06-11T23:12:38.976+0000][73][info ][gc          ] GC(8) Pause Remark 45M->45M(3880M) 10.082ms
[2025-06-11T23:12:38.976+0000][73][info ][gc,cpu      ] GC(8) User=0.04s Sys=0.00s Real=0.01s
[2025-06-11T23:12:38.976+0000][73][info ][safepoint   ] Safepoint "G1PauseRemark", Time since last: 33011399 ns, Reaching safepoint: 6114 ns, Cleanup: 4909 ns, At safepoint: 10943748 ns, Total: 10954771 ns
[2025-06-11T23:12:38.978+0000][73][info ][gc,marking  ] GC(8) Concurrent Mark 39.625ms
[2025-06-11T23:12:38.979+0000][73][info ][gc,marking  ] GC(8) Concurrent Rebuild Remembered Sets and Scrub Regions
[2025-06-11T23:12:38.985+0000][73][info ][gc,marking  ] GC(8) Concurrent Rebuild Remembered Sets and Scrub Regions 6.240ms
[2025-06-11T23:12:38.986+0000][73][info ][gc,start    ] GC(8) Pause Cleanup
[2025-06-11T23:12:38.987+0000][73][info ][gc          ] GC(8) Pause Cleanup 45M->45M(3880M) 0.684ms
[2025-06-11T23:12:38.987+0000][73][info ][gc,cpu      ] GC(8) User=0.00s Sys=0.00s Real=0.01s
[2025-06-11T23:12:38.987+0000][73][info ][safepoint   ] Safepoint "G1PauseCleanup", Time since last: 9460336 ns, Reaching safepoint: 95350 ns, Cleanup: 16348 ns, At safepoint: 1517420 ns, Total: 1629118 ns
[2025-06-11T23:12:38.988+0000][73][info ][gc,marking  ] GC(8) Concurrent Clear Claimed Marks
[2025-06-11T23:12:38.988+0000][73][info ][gc,marking  ] GC(8) Concurrent Clear Claimed Marks 0.454ms
[2025-06-11T23:12:38.989+0000][73][info ][gc,marking  ] GC(8) Concurrent Cleanup for Next Mark
[2025-06-11T23:12:38.997+0000][73][info ][gc,marking  ] GC(8) Concurrent Cleanup for Next Mark 8.295ms
[2025-06-11T23:12:39.000+0000][73][info ][gc          ] GC(8) Concurrent Mark Cycle 68.347ms
[2025-06-11T23:12:39.994+0000][73][info ][safepoint   ] Safepoint "Cleanup", Time since last: 1000575212 ns, Reaching safepoint: 5492058 ns, Cleanup: 42298 ns, At safepoint: 68349 ns, Total: 5602705 ns
[2025-06-11T23:12:41.008+0000][73][info ][safepoint   ] Safepoint "Cleanup", Time since last: 1013705535 ns, Reaching safepoint: 8063 ns, Cleanup: 123370 ns, At safepoint: 76489 ns, Total: 207922 ns
[2025-06-11T23:12:42.010+0000][73][info ][safepoint   ] Safepoint "Cleanup", Time since last: 1002437989 ns, Reaching safepoint: 114393 ns, Cleanup: 54355 ns, At safepoint: 36879 ns, Total: 205627 ns
[2025-06-11T23:12:43.011+0000][73][info ][safepoint   ] Safepoint "Cleanup", Time since last: 1000974490 ns, Reaching safepoint: 117072 ns, Cleanup: 20340 ns, At safepoint: 34272 ns, Total: 171684 ns
[2025-06-11T23:12:44.337+0000][73][info ][safepoint   ] Safepoint "ICBufferFull", Time since last: 1325772328 ns, Reaching safepoint: 10689 ns, Cleanup: 191668 ns, At safepoint: 39253 ns, Total: 241610 ns
[2025-06-11T23:12:45.341+0000][73][info ][safepoint   ] Safepoint "Cleanup", Time since last: 1002988836 ns, Reaching safepoint: 106475 ns, Cleanup: 77429 ns, At safepoint: 38678 ns, Total: 222582 ns
[2025-06-11T23:12:46.426+0000][73][info ][safepoint   ] Safepoint "Cleanup", Time since last: 1085603793 ns, Reaching safepoint: 3970 ns, Cleanup: 82118 ns, At safepoint: 5499 ns, Total: 91587 ns
[2025-06-11T23:12:47.616+0000][73][info ][safepoint   ] Safepoint "ICBufferFull", Time since last: 1189958021 ns, Reaching safepoint: 98588 ns, Cleanup: 99816 ns, At safepoint: 25439 ns, Total: 223843 ns
[2025-06-11T23:12:48.619+0000][73][info ][safepoint   ] Safepoint "Cleanup", Time since last: 1001763225 ns, Reaching safepoint: 280107 ns, Cleanup: 57964 ns, At safepoint: 55265 ns, Total: 393336 ns
[2025-06-11T23:12:49.637+0000][73][info ][safepoint   ] Safepoint "Cleanup", Time since last: 1018011004 ns, Reaching safepoint: 4022 ns, Cleanup: 38062 ns, At safepoint: 18439 ns, Total: 60523 ns
[2025-06-11T23:12:50.097+0000][73][info ][gc,start    ] GC(9) Pause Young (Concurrent Start) (Metadata GC Threshold)
[2025-06-11T23:12:50.098+0000][73][info ][gc,task     ] GC(9) Using 10 workers of 10 for evacuation
[2025-06-11T23:12:50.099+0000][73][debug][gc,age      ] GC(9) Desired survivor size 153092096 bytes, new threshold 15 (max threshold 15)
[2025-06-11T23:12:50.157+0000][73][info ][gc,phases   ] GC(9)   Pre Evacuate Collection Set: 0.72ms
[2025-06-11T23:12:50.158+0000][73][info ][gc,phases   ] GC(9)   Merge Heap Roots: 0.31ms
[2025-06-11T23:12:50.165+0000][73][info ][gc,phases   ] GC(9)   Evacuate Collection Set: 32.54ms
[2025-06-11T23:12:50.167+0000][73][info ][gc,phases   ] GC(9)   Post Evacuate Collection Set: 24.35ms
[2025-06-11T23:12:50.169+0000][73][info ][gc,phases   ] GC(9)   Other: 1.24ms
[2025-06-11T23:12:50.169+0000][73][trace][gc,age      ] GC(9) Age table with threshold 15 (max threshold 15)
[2025-06-11T23:12:50.170+0000][73][trace][gc,age      ] GC(9) - age   1:   21126288 bytes,   21126288 total
[2025-06-11T23:12:50.170+0000][73][trace][gc,age      ] GC(9) - age   2:   14311400 bytes,   35437688 total
[2025-06-11T23:12:50.170+0000][73][trace][gc,age      ] GC(9) - age   3:    4223648 bytes,   39661336 total
[2025-06-11T23:12:50.171+0000][73][trace][gc,age      ] GC(9) - age   4:    2413472 bytes,   42074808 total
[2025-06-11T23:12:50.171+0000][73][trace][gc,age      ] GC(9) - age   5:    3605760 bytes,   45680568 total
[2025-06-11T23:12:50.172+0000][73][trace][gc,age      ] GC(9) - age   6:    4785496 bytes,   50466064 total
[2025-06-11T23:12:50.172+0000][73][info ][gc,heap     ] GC(9) Eden regions: 208->0(319)
[2025-06-11T23:12:50.173+0000][73][info ][gc,heap     ] GC(9) Survivor regions: 8->13(73)
[2025-06-11T23:12:50.173+0000][73][info ][gc,heap     ] GC(9) Old regions: 3->3
[2025-06-11T23:12:50.173+0000][73][info ][gc,heap     ] GC(9) Humongous regions: 0->0
[2025-06-11T23:12:50.174+0000][73][info ][gc,metaspace] GC(9) Metaspace: 98924K(100800K)->98924K(100800K) NonClass: 85808K(86976K)->85808K(86976K) Class: 13115K(13824K)->13115K(13824K)
[2025-06-11T23:12:50.174+0000][73][info ][gc          ] GC(9) Pause Young (Concurrent Start) (Metadata GC Threshold) 871M->62M(3880M) 76.644ms
[2025-06-11T23:12:50.174+0000][73][info ][gc,cpu      ] GC(9) User=0.22s Sys=0.03s Real=0.07s
[2025-06-11T23:12:50.174+0000][73][info ][gc          ] GC(10) Concurrent Mark Cycle
[2025-06-11T23:12:50.175+0000][73][info ][safepoint   ] Safepoint "CollectForMetadataAllocation", Time since last: 460528568 ns, Reaching safepoint: 6535 ns, Cleanup: 57801 ns, At safepoint: 77714058 ns, Total: 77778394 ns
[2025-06-11T23:12:50.176+0000][73][info ][gc,marking  ] GC(10) Concurrent Scan Root Regions
[2025-06-11T23:12:50.206+0000][73][info ][gc,marking  ] GC(10) Concurrent Scan Root Regions 30.195ms
[2025-06-11T23:12:50.210+0000][73][info ][gc,marking  ] GC(10) Concurrent Mark
[2025-06-11T23:12:50.211+0000][73][info ][gc,marking  ] GC(10) Concurrent Mark From Roots
[2025-06-11T23:12:50.213+0000][73][info ][gc,task     ] GC(10) Using 3 workers of 3 for marking
[2025-06-11T23:12:50.234+0000][73][info ][gc,marking  ] GC(10) Concurrent Mark From Roots 22.743ms
[2025-06-11T23:12:50.234+0000][73][info ][gc,marking  ] GC(10) Concurrent Preclean
[2025-06-11T23:12:50.236+0000][73][info ][gc,marking  ] GC(10) Concurrent Preclean 1.653ms
[2025-06-11T23:12:50.243+0000][73][info ][gc,start    ] GC(10) Pause Remark
[2025-06-11T23:12:50.264+0000][73][info ][gc          ] GC(10) Pause Remark 68M->68M(3880M) 20.759ms
[2025-06-11T23:12:50.269+0000][73][info ][gc,cpu      ] GC(10) User=0.11s Sys=0.00s Real=0.03s
[2025-06-11T23:12:50.272+0000][73][info ][safepoint   ] Safepoint "G1PauseRemark", Time since last: 61828786 ns, Reaching safepoint: 6588278 ns, Cleanup: 21776 ns, At safepoint: 28617201 ns, Total: 35227255 ns
[2025-06-11T23:12:50.273+0000][73][info ][gc,marking  ] GC(10) Concurrent Mark 62.555ms
[2025-06-11T23:12:50.273+0000][73][info ][gc,marking  ] GC(10) Concurrent Rebuild Remembered Sets and Scrub Regions
[2025-06-11T23:12:50.281+0000][73][info ][gc,marking  ] GC(10) Concurrent Rebuild Remembered Sets and Scrub Regions 7.793ms
[2025-06-11T23:12:50.282+0000][73][info ][gc,start    ] GC(10) Pause Cleanup
[2025-06-11T23:12:50.300+0000][73][info ][gc          ] GC(10) Pause Cleanup 68M->68M(3880M) 18.490ms
[2025-06-11T23:12:50.302+0000][73][info ][gc,cpu      ] GC(10) User=0.02s Sys=0.00s Real=0.02s
[2025-06-11T23:12:50.302+0000][73][info ][safepoint   ] Safepoint "G1PauseCleanup", Time since last: 9694570 ns, Reaching safepoint: 110084 ns, Cleanup: 38878 ns, At safepoint: 20182266 ns, Total: 20331228 ns
[2025-06-11T23:12:50.302+0000][73][info ][gc,marking  ] GC(10) Concurrent Clear Claimed Marks
[2025-06-11T23:12:50.303+0000][73][info ][gc,marking  ] GC(10) Concurrent Clear Claimed Marks 0.559ms
[2025-06-11T23:12:50.305+0000][73][info ][gc,marking  ] GC(10) Concurrent Cleanup for Next Mark
[2025-06-11T23:12:50.320+0000][73][info ][gc,marking  ] GC(10) Concurrent Cleanup for Next Mark 14.815ms
[2025-06-11T23:12:50.321+0000][73][info ][gc          ] GC(10) Concurrent Mark Cycle 146.634ms
[2025-06-11T23:12:52.062+0000][73][info ][safepoint   ] Safepoint "Cleanup", Time since last: 1759783344 ns, Reaching safepoint: 110308 ns, Cleanup: 74576 ns, At safepoint: 40021 ns, Total: 224905 ns
[2025-06-11T23:12:53.064+0000][73][info ][safepoint   ] Safepoint "Cleanup", Time since last: 1001812995 ns, Reaching safepoint: 186029 ns, Cleanup: 50797 ns, At safepoint: 30390 ns, Total: 267216 ns
[2025-06-11T23:12:54.190+0000][73][info ][safepoint   ] Safepoint "Cleanup", Time since last: 1125982918 ns, Reaching safepoint: 4472 ns, Cleanup: 64172 ns, At safepoint: 29845 ns, Total: 98489 ns
[2025-06-11T23:12:54.745+0000][73][info ][safepoint   ] Safepoint "ICBufferFull", Time since last: 554607082 ns, Reaching safepoint: 109962 ns, Cleanup: 114038 ns, At safepoint: 33273 ns, Total: 257273 ns
[2025-06-11T23:12:55.197+0000][73][info ][safepoint   ] Safepoint "ICBufferFull", Time since last: 451695838 ns, Reaching safepoint: 107860 ns, Cleanup: 111297 ns, At safepoint: 49764 ns, Total: 268921 ns
[2025-06-11T23:12:55.936+0000][73][info ][safepoint   ] Safepoint "ICBufferFull", Time since last: 737863294 ns, Reaching safepoint: 466643 ns, Cleanup: 120433 ns, At safepoint: 63135 ns, Total: 650211 ns
[2025-06-11T23:12:56.407+0000][73][info ][safepoint   ] Safepoint "ICBufferFull", Time since last: 470750985 ns, Reaching safepoint: 8981 ns, Cleanup: 111143 ns, At safepoint: 32917 ns, Total: 153041 ns
[2025-06-11T23:12:56.987+0000][73][info ][safepoint   ] Safepoint "ICBufferFull", Time since last: 579984063 ns, Reaching safepoint: 14073 ns, Cleanup: 134471 ns, At safepoint: 56648 ns, Total: 205192 ns
[2025-06-11T23:12:57.324+0000][73][info ][safepoint   ] Safepoint "ICBufferFull", Time since last: 337133158 ns, Reaching safepoint: 14869 ns, Cleanup: 109819 ns, At safepoint: 44122 ns, Total: 168810 ns
[2025-06-11T23:12:57.996+0000][73][info ][safepoint   ] Safepoint "ICBufferFull", Time since last: 671465276 ns, Reaching safepoint: 15497 ns, Cleanup: 138895 ns, At safepoint: 28861 ns, Total: 183253 ns
[2025-06-11T23:12:58.570+0000][73][info ][safepoint   ] Safepoint "ICBufferFull", Time since last: 574212364 ns, Reaching safepoint: 20947 ns, Cleanup: 152851 ns, At safepoint: 49689 ns, Total: 223487 ns
[2025-06-11T23:12:59.582+0000][73][info ][safepoint   ] Safepoint "Cleanup", Time since last: 1011410116 ns, Reaching safepoint: 19261 ns, Cleanup: 75103 ns, At safepoint: 11233 ns, Total: 105597 ns
[2025-06-11T23:13:01.584+0000][73][info ][safepoint   ] Safepoint "Cleanup", Time since last: 2002523147 ns, Reaching safepoint: 51229 ns, Cleanup: 20962 ns, At safepoint: 9494 ns, Total: 81685 ns
[2025-06-11T23:13:02.585+0000][73][info ][safepoint   ] Safepoint "Cleanup", Time since last: 1000663473 ns, Reaching safepoint: 17745 ns, Cleanup: 18462 ns, At safepoint: 9651 ns, Total: 45858 ns
[2025-06-11T23:13:03.586+0000][73][info ][safepoint   ] Safepoint "Cleanup", Time since last: 1000586639 ns, Reaching safepoint: 19714 ns, Cleanup: 15529 ns, At safepoint: 8427 ns, Total: 43670 ns
[2025-06-11T23:13:04.592+0000][73][info ][safepoint   ] Safepoint "Cleanup", Time since last: 1008816991 ns, Reaching safepoint: 17677 ns, Cleanup: 21050 ns, At safepoint: 8035 ns, Total: 46762 ns
[2025-06-11T23:13:05.593+0000][73][info ][safepoint   ] Safepoint "Cleanup", Time since last: 1000560472 ns, Reaching safepoint: 16408 ns, Cleanup: 16552 ns, At safepoint: 8993 ns, Total: 41953 ns
[2025-06-11T23:13:06.593+0000][73][info ][safepoint   ] Safepoint "Cleanup", Time since last: 1000577764 ns, Reaching safepoint: 18815 ns, Cleanup: 31506 ns, At safepoint: 11560 ns, Total: 61881 ns
[2025-06-11T23:13:09.595+0000][73][info ][safepoint   ] Safepoint "Cleanup", Time since last: 3002016083 ns, Reaching safepoint: 24377 ns, Cleanup: 24228 ns, At safepoint: 12329 ns, Total: 60934 ns
[2025-06-11T23:13:10.597+0000][73][info ][safepoint   ] Safepoint "Cleanup", Time since last: 1001060920 ns, Reaching safepoint: 20901 ns, Cleanup: 23491 ns, At safepoint: 13835 ns, Total: 58227 ns
[2025-06-11T23:13:12.597+0000][73][info ][safepoint   ] Safepoint "Cleanup", Time since last: 2000817485 ns, Reaching safepoint: 20445 ns, Cleanup: 19154 ns, At safepoint: 14491 ns, Total: 54090 ns
[2025-06-11T23:13:13.598+0000][73][info ][safepoint   ] Safepoint "Cleanup", Time since last: 1000642580 ns, Reaching safepoint: 20120 ns, Cleanup: 17233 ns, At safepoint: 12059 ns, Total: 49412 ns
[2025-06-11T23:13:16.599+0000][73][info ][safepoint   ] Safepoint "Cleanup", Time since last: 3000857405 ns, Reaching safepoint: 13272 ns, Cleanup: 20975 ns, At safepoint: 7920 ns, Total: 42167 ns
[2025-06-11T23:13:18.029+0000][73][info ][safepoint   ] Safepoint "Cleanup", Time since last: 1430330923 ns, Reaching safepoint: 7850 ns, Cleanup: 15126 ns, At safepoint: 19147 ns, Total: 42123 ns
[2025-06-11T23:13:18.347+0000][73][info ][safepoint   ] Safepoint "ICBufferFull", Time since last: 316964660 ns, Reaching safepoint: 120170 ns, Cleanup: 112740 ns, At safepoint: 70790 ns, Total: 303700 ns
[2025-06-11T23:13:18.348+0000][73][info ][safepoint   ] Safepoint "ICBufferFull", Time since last: 557080 ns, Reaching safepoint: 145404 ns, Cleanup: 14255 ns, At safepoint: 295343 ns, Total: 455002 ns
[2025-06-11T23:13:18.349+0000][73][info ][safepoint   ] Safepoint "ICBufferFull", Time since last: 1081571 ns, Reaching safepoint: 102874 ns, Cleanup: 6941 ns, At safepoint: 96319 ns, Total: 206134 ns
[2025-06-11T23:13:18.555+0000][73][info ][safepoint   ] Safepoint "ICBufferFull", Time since last: 205560091 ns, Reaching safepoint: 193761 ns, Cleanup: 101859 ns, At safepoint: 97277 ns, Total: 392897 ns
[2025-06-11T23:13:19.742+0000][73][info ][safepoint   ] Safepoint "ICBufferFull", Time since last: 1186857915 ns, Reaching safepoint: 111923 ns, Cleanup: 126884 ns, At safepoint: 46390 ns, Total: 285197 ns
[2025-06-11T23:13:20.036+0000][73][info ][safepoint   ] Safepoint "ICBufferFull", Time since last: 293949705 ns, Reaching safepoint: 18412 ns, Cleanup: 122047 ns, At safepoint: 38457 ns, Total: 178916 ns
[2025-06-11T23:13:21.062+0000][73][info ][safepoint   ] Safepoint "Cleanup", Time since last: 1025405661 ns, Reaching safepoint: 5673 ns, Cleanup: 80254 ns, At safepoint: 25225 ns, Total: 111152 ns
[2025-06-11T23:13:23.496+0000][73][info ][safepoint   ] Safepoint "Cleanup", Time since last: 2386278404 ns, Reaching safepoint: 47523338 ns, Cleanup: 109965 ns, At safepoint: 155772 ns, Total: 47789075 ns
[2025-06-11T23:13:23.498+0000][73][info ][safepoint   ] Safepoint "ICBufferFull", Time since last: 1846474 ns, Reaching safepoint: 19360 ns, Cleanup: 12747 ns, At safepoint: 85075 ns, Total: 117182 ns
[2025-06-11T23:13:23.502+0000][73][info ][safepoint   ] Safepoint "ICBufferFull", Time since last: 3628095 ns, Reaching safepoint: 132912 ns, Cleanup: 32766 ns, At safepoint: 118848 ns, Total: 284526 ns
[2025-06-11T23:13:23.507+0000][73][info ][safepoint   ] Safepoint "ICBufferFull", Time since last: 5222171 ns, Reaching safepoint: 275159 ns, Cleanup: 20754 ns, At safepoint: 117531 ns, Total: 413444 ns
[2025-06-11T23:13:23.509+0000][73][info ][safepoint   ] Safepoint "ICBufferFull", Time since last: 1334556 ns, Reaching safepoint: 123004 ns, Cleanup: 11486 ns, At safepoint: 62263 ns, Total: 196753 ns
[2025-06-11T23:13:23.513+0000][73][info ][safepoint   ] Safepoint "ICBufferFull", Time since last: 3818827 ns, Reaching safepoint: 123754 ns, Cleanup: 10579 ns, At safepoint: 92068 ns, Total: 226401 ns
[2025-06-11T23:13:23.514+0000][73][info ][safepoint   ] Safepoint "ICBufferFull", Time since last: 588838 ns, Reaching safepoint: 106021 ns, Cleanup: 9880 ns, At safepoint: 120095 ns, Total: 235996 ns
[2025-06-11T23:13:23.521+0000][73][info ][safepoint   ] Safepoint "ICBufferFull", Time since last: 7033372 ns, Reaching safepoint: 18546 ns, Cleanup: 80908 ns, At safepoint: 71015 ns, Total: 170469 ns
[2025-06-11T23:13:23.522+0000][73][info ][safepoint   ] Safepoint "ICBufferFull", Time since last: 698133 ns, Reaching safepoint: 461684 ns, Cleanup: 12428 ns, At safepoint: 113020 ns, Total: 587132 ns
[2025-06-11T23:13:23.656+0000][73][info ][safepoint   ] Safepoint "ICBufferFull", Time since last: 133082653 ns, Reaching safepoint: 20501 ns, Cleanup: 112875 ns, At safepoint: 83085 ns, Total: 216461 ns
[2025-06-11T23:13:23.805+0000][73][info ][safepoint   ] Safepoint "ICBufferFull", Time since last: 148852897 ns, Reaching safepoint: 121329 ns, Cleanup: 107049 ns, At safepoint: 90152 ns, Total: 318530 ns
[2025-06-11T23:13:24.050+0000][73][info ][safepoint   ] Safepoint "ICBufferFull", Time since last: 244936418 ns, Reaching safepoint: 109593 ns, Cleanup: 140322 ns, At safepoint: 67862 ns, Total: 317777 ns
[2025-06-11T23:13:24.191+0000][73][info ][safepoint   ] Safepoint "ICBufferFull", Time since last: 141148823 ns, Reaching safepoint: 22445 ns, Cleanup: 155520 ns, At safepoint: 129996 ns, Total: 307961 ns
[2025-06-11T23:13:24.194+0000][73][info ][safepoint   ] Safepoint "ICBufferFull", Time since last: 586412 ns, Reaching safepoint: 17365 ns, Cleanup: 11861 ns, At safepoint: 1857654 ns, Total: 1886880 ns
[2025-06-11T23:13:24.477+0000][73][info ][safepoint   ] Safepoint "ICBufferFull", Time since last: 283201259 ns, Reaching safepoint: 28974 ns, Cleanup: 162142 ns, At safepoint: 142032 ns, Total: 333148 ns
[2025-06-11T23:13:25.354+0000][73][info ][safepoint   ] Safepoint "ICBufferFull", Time since last: 876142167 ns, Reaching safepoint: 30830 ns, Cleanup: 227569 ns, At safepoint: 124676 ns, Total: 383075 ns
[2025-06-11T23:13:26.980+0000][73][info ][safepoint   ] Safepoint "ICBufferFull", Time since last: 1625380857 ns, Reaching safepoint: 67725 ns, Cleanup: 148303 ns, At safepoint: 41157 ns, Total: 257185 ns
[2025-06-11T23:13:27.271+0000][73][info ][safepoint   ] Safepoint "ICBufferFull", Time since last: 291082190 ns, Reaching safepoint: 125792 ns, Cleanup: 118963 ns, At safepoint: 175834 ns, Total: 420589 ns
[2025-06-11T23:13:27.278+0000][73][info ][safepoint   ] Safepoint "ICBufferFull", Time since last: 6961088 ns, Reaching safepoint: 122323 ns, Cleanup: 8449 ns, At safepoint: 53044 ns, Total: 183816 ns
[2025-06-11T23:13:27.516+0000][73][info ][safepoint   ] Safepoint "ICBufferFull", Time since last: 237215026 ns, Reaching safepoint: 61609 ns, Cleanup: 127879 ns, At safepoint: 45624 ns, Total: 235112 ns
[2025-06-11T23:13:27.960+0000][73][info ][safepoint   ] Safepoint "ICBufferFull", Time since last: 443854005 ns, Reaching safepoint: 45022 ns, Cleanup: 193147 ns, At safepoint: 18794 ns, Total: 256963 ns
[2025-06-11T23:13:28.566+0000][73][info ][safepoint   ] Safepoint "ICBufferFull", Time since last: 606122434 ns, Reaching safepoint: 124791 ns, Cleanup: 137375 ns, At safepoint: 52124 ns, Total: 314290 ns
[2025-06-11T23:13:29.567+0000][73][info ][safepoint   ] Safepoint "Cleanup", Time since last: 1000253105 ns, Reaching safepoint: 6169 ns, Cleanup: 100563 ns, At safepoint: 24914 ns, Total: 131646 ns
[2025-06-11T23:13:30.118+0000][73][info ][safepoint   ] Safepoint "ICBufferFull", Time since last: 551686476 ns, Reaching safepoint: 17455 ns, Cleanup: 95859 ns, At safepoint: 7388 ns, Total: 120702 ns
[2025-06-11T23:13:30.538+0000][73][info ][safepoint   ] Safepoint "ICBufferFull", Time since last: 419169602 ns, Reaching safepoint: 30525 ns, Cleanup: 115703 ns, At safepoint: 9051 ns, Total: 155279 ns
[2025-06-11T23:13:30.538+0000][73][info ][safepoint   ] Safepoint "ICBufferFull", Time since last: 469588 ns, Reaching safepoint: 12736 ns, Cleanup: 5312 ns, At safepoint: 17961 ns, Total: 36009 ns
[2025-06-11T23:13:32.448+0000][73][info ][safepoint   ] Safepoint "Cleanup", Time since last: 1909609370 ns, Reaching safepoint: 12388 ns, Cleanup: 100090 ns, At safepoint: 30094 ns, Total: 142572 ns
[2025-06-11T23:13:33.454+0000][73][info ][safepoint   ] Safepoint "Cleanup", Time since last: 1005895429 ns, Reaching safepoint: 32314 ns, Cleanup: 41262 ns, At safepoint: 17237 ns, Total: 90813 ns
[2025-06-11T23:13:34.446+0000][73][info ][safepoint   ] Safepoint "Cleanup", Time since last: 1000749827 ns, Reaching safepoint: 36967 ns, Cleanup: 111169 ns, At safepoint: 25935 ns, Total: 174071 ns
[2025-06-11T23:13:35.639+0000][73][info ][safepoint   ] Safepoint "Cleanup", Time since last: 1192348392 ns, Reaching safepoint: 59868 ns, Cleanup: 16833 ns, At safepoint: 8449 ns, Total: 85150 ns
[2025-06-11T23:13:36.640+0000][73][info ][safepoint   ] Safepoint "Cleanup", Time since last: 1000686235 ns, Reaching safepoint: 34585 ns, Cleanup: 76590 ns, At safepoint: 19338 ns, Total: 130513 ns
[2025-06-11T23:13:38.641+0000][73][info ][safepoint   ] Safepoint "Cleanup", Time since last: 2000824273 ns, Reaching safepoint: 31792 ns, Cleanup: 42493 ns, At safepoint: 15642 ns, Total: 89927 ns
[2025-06-11T23:13:39.641+0000][73][info ][safepoint   ] Safepoint "Cleanup", Time since last: 1000713543 ns, Reaching safepoint: 20755 ns, Cleanup: 68406 ns, At safepoint: 9690 ns, Total: 98851 ns
[2025-06-11T23:13:40.665+0000][73][info ][safepoint   ] Safepoint "Cleanup", Time since last: 1023924883 ns, Reaching safepoint: 35669 ns, Cleanup: 30227 ns, At safepoint: 19420 ns, Total: 85316 ns
[2025-06-11T23:13:41.666+0000][73][info ][safepoint   ] Safepoint "Cleanup", Time since last: 1000710198 ns, Reaching safepoint: 20035 ns, Cleanup: 16841 ns, At safepoint: 6906 ns, Total: 43782 ns
[2025-06-11T23:13:42.667+0000][73][info ][safepoint   ] Safepoint "Cleanup", Time since last: 1000634801 ns, Reaching safepoint: 19504 ns, Cleanup: 69707 ns, At safepoint: 12671 ns, Total: 101882 ns
[2025-06-11T23:13:43.668+0000][73][info ][safepoint   ] Safepoint "Cleanup", Time since last: 1000621917 ns, Reaching safepoint: 36164 ns, Cleanup: 20347 ns, At safepoint: 16117 ns, Total: 72628 ns
[2025-06-11T23:13:44.668+0000][73][info ][safepoint   ] Safepoint "Cleanup", Time since last: 1000702883 ns, Reaching safepoint: 34167 ns, Cleanup: 28989 ns, At safepoint: 16912 ns, Total: 80068 ns
[2025-06-11T23:13:45.669+0000][73][info ][safepoint   ] Safepoint "Cleanup", Time since last: 1000578857 ns, Reaching safepoint: 20253 ns, Cleanup: 23995 ns, At safepoint: 7608 ns, Total: 51856 ns
[2025-06-11T23:13:48.670+0000][73][info ][safepoint   ] Safepoint "Cleanup", Time since last: 3000946413 ns, Reaching safepoint: 44415 ns, Cleanup: 27575 ns, At safepoint: 7556 ns, Total: 79546 ns
[2025-06-11T23:13:49.671+0000][73][info ][safepoint   ] Safepoint "Cleanup", Time since last: 1000714984 ns, Reaching safepoint: 33730 ns, Cleanup: 34143 ns, At safepoint: 16945 ns, Total: 84818 ns
[2025-06-11T23:13:50.672+0000][73][info ][safepoint   ] Safepoint "Cleanup", Time since last: 1000706323 ns, Reaching safepoint: 32965 ns, Cleanup: 17080 ns, At safepoint: 18919 ns, Total: 68964 ns
[2025-06-11T23:13:51.672+0000][73][info ][safepoint   ] Safepoint "Cleanup", Time since last: 1000686024 ns, Reaching safepoint: 36282 ns, Cleanup: 30055 ns, At safepoint: 17384 ns, Total: 83721 ns
[2025-06-11T23:13:53.673+0000][73][info ][safepoint   ] Safepoint "Cleanup", Time since last: 2000939770 ns, Reaching safepoint: 34189 ns, Cleanup: 25411 ns, At safepoint: 17335 ns, Total: 76935 ns
[2025-06-11T23:13:54.674+0000][73][info ][safepoint   ] Safepoint "Cleanup", Time since last: 1000783344 ns, Reaching safepoint: 39907 ns, Cleanup: 59234 ns, At safepoint: 20760 ns, Total: 119901 ns
[2025-06-11T23:13:56.676+0000][73][info ][safepoint   ] Safepoint "Cleanup", Time since last: 2001479450 ns, Reaching safepoint: 22491 ns, Cleanup: 24698 ns, At safepoint: 7637 ns, Total: 54826 ns
[2025-06-11T23:13:57.677+0000][73][info ][safepoint   ] Safepoint "Cleanup", Time since last: 1000646047 ns, Reaching safepoint: 31725 ns, Cleanup: 31473 ns, At safepoint: 16696 ns, Total: 79894 ns
[2025-06-11T23:13:58.677+0000][73][info ][safepoint   ] Safepoint "Cleanup", Time since last: 1000642875 ns, Reaching safepoint: 19730 ns, Cleanup: 18285 ns, At safepoint: 7588 ns, Total: 45603 ns
[2025-06-11T23:13:59.678+0000][73][info ][safepoint   ] Safepoint "Cleanup", Time since last: 1000686201 ns, Reaching safepoint: 29432 ns, Cleanup: 21515 ns, At safepoint: 10682 ns, Total: 61629 ns
[2025-06-11T23:14:00.679+0000][73][info ][safepoint   ] Safepoint "Cleanup", Time since last: 1000626338 ns, Reaching safepoint: 36109 ns, Cleanup: 29810 ns, At safepoint: 13197 ns, Total: 79116 ns
[2025-06-11T23:14:03.685+0000][73][info ][safepoint   ] Safepoint "Cleanup", Time since last: 3005970145 ns, Reaching safepoint: 73381 ns, Cleanup: 20087 ns, At safepoint: 16817 ns, Total: 110285 ns
[2025-06-11T23:14:04.788+0000][73][info ][safepoint   ] Safepoint "Cleanup", Time since last: 1107151446 ns, Reaching safepoint: 34568 ns, Cleanup: 63854 ns, At safepoint: 14879 ns, Total: 113301 ns
[2025-06-11T23:14:06.789+0000][73][info ][safepoint   ] Safepoint "Cleanup", Time since last: 2000830261 ns, Reaching safepoint: 22114 ns, Cleanup: 26747 ns, At safepoint: 10456 ns, Total: 59317 ns
[2025-06-11T23:14:08.790+0000][73][info ][safepoint   ] Safepoint "Cleanup", Time since last: 2000914330 ns, Reaching safepoint: 33688 ns, Cleanup: 25420 ns, At safepoint: 16405 ns, Total: 75513 ns
[2025-06-11T23:14:09.790+0000][73][info ][safepoint   ] Safepoint "Cleanup", Time since last: 1000574517 ns, Reaching safepoint: 19534 ns, Cleanup: 18641 ns, At safepoint: 7198 ns, Total: 45373 ns
[2025-06-11T23:14:11.792+0000][73][info ][safepoint   ] Safepoint "Cleanup", Time since last: 2000967603 ns, Reaching safepoint: 34302 ns, Cleanup: 26383 ns, At safepoint: 15614 ns, Total: 76299 ns
[2025-06-11T23:14:13.793+0000][73][info ][safepoint   ] Safepoint "Cleanup", Time since last: 2001134859 ns, Reaching safepoint: 18386 ns, Cleanup: 18070 ns, At safepoint: 6766 ns, Total: 43222 ns
[2025-06-11T23:14:15.794+0000][73][info ][safepoint   ] Safepoint "Cleanup", Time since last: 2000980275 ns, Reaching safepoint: 31411 ns, Cleanup: 32322 ns, At safepoint: 15371 ns, Total: 79104 ns
[2025-06-11T23:14:17.795+0000][73][info ][safepoint   ] Safepoint "Cleanup", Time since last: 2000942178 ns, Reaching safepoint: 61435 ns, Cleanup: 15849 ns, At safepoint: 12737 ns, Total: 90021 ns
[2025-06-11T23:14:18.896+0000][73][info ][safepoint   ] Safepoint "Cleanup", Time since last: 1100741160 ns, Reaching safepoint: 9822 ns, Cleanup: 70570 ns, At safepoint: 17991 ns, Total: 98383 ns
[2025-06-11T23:14:20.719+0000][73][info ][safepoint   ] Safepoint "Cleanup", Time since last: 1822797160 ns, Reaching safepoint: 261326 ns, Cleanup: 60473 ns, At safepoint: 14167 ns, Total: 335966 ns
[2025-06-11T23:14:21.720+0000][73][info ][safepoint   ] Safepoint "Cleanup", Time since last: 1000902253 ns, Reaching safepoint: 71418 ns, Cleanup: 15497 ns, At safepoint: 10094 ns, Total: 97009 ns
[2025-06-11T23:14:23.721+0000][73][info ][safepoint   ] Safepoint "Cleanup", Time since last: 2000708329 ns, Reaching safepoint: 28746 ns, Cleanup: 39128 ns, At safepoint: 7563 ns, Total: 75437 ns
[2025-06-11T23:14:25.496+0000][73][info ][safepoint   ] Safepoint "Cleanup", Time since last: 1774975218 ns, Reaching safepoint: 15965 ns, Cleanup: 110923 ns, At safepoint: 31120 ns, Total: 158008 ns
[2025-06-11T23:14:26.499+0000][73][info ][safepoint   ] Safepoint "Cleanup", Time since last: 1002699157 ns, Reaching safepoint: 132172 ns, Cleanup: 18867 ns, At safepoint: 12368 ns, Total: 163407 ns
[2025-06-11T23:14:27.500+0000][73][info ][safepoint   ] Safepoint "Cleanup", Time since last: 1001327077 ns, Reaching safepoint: 33351 ns, Cleanup: 28965 ns, At safepoint: 85537 ns, Total: 147853 ns
[2025-06-11T23:14:28.501+0000][73][info ][safepoint   ] Safepoint "Cleanup", Time since last: 1000672816 ns, Reaching safepoint: 16815 ns, Cleanup: 16761 ns, At safepoint: 7240 ns, Total: 40816 ns
[2025-06-11T23:14:29.501+0000][73][info ][safepoint   ] Safepoint "Cleanup", Time since last: 1000586295 ns, Reaching safepoint: 30692 ns, Cleanup: 22087 ns, At safepoint: 16093 ns, Total: 68872 ns
[2025-06-11T23:14:30.502+0000][73][info ][safepoint   ] Safepoint "Cleanup", Time since last: 1000730803 ns, Reaching safepoint: 30807 ns, Cleanup: 23691 ns, At safepoint: 15865 ns, Total: 70363 ns
[2025-06-11T23:14:31.503+0000][73][info ][safepoint   ] Safepoint "Cleanup", Time since last: 1000595022 ns, Reaching safepoint: 18294 ns, Cleanup: 12552 ns, At safepoint: 8209 ns, Total: 39055 ns
[2025-06-11T23:14:33.504+0000][73][info ][safepoint   ] Safepoint "Cleanup", Time since last: 2000751790 ns, Reaching safepoint: 37872 ns, Cleanup: 27654 ns, At safepoint: 19764 ns, Total: 85290 ns
[2025-06-11T23:14:34.502+0000][73][info ][safepoint   ] Safepoint "Cleanup", Time since last: 1000628651 ns, Reaching safepoint: 30437 ns, Cleanup: 20078 ns, At safepoint: 11072 ns, Total: 61587 ns
[2025-06-11T23:14:36.503+0000][73][info ][safepoint   ] Safepoint "Cleanup", Time since last: 2000817304 ns, Reaching safepoint: 94184 ns, Cleanup: 23930 ns, At safepoint: 22418 ns, Total: 140532 ns
[2025-06-11T23:14:37.504+0000][73][info ][safepoint   ] Safepoint "Cleanup", Time since last: 1000674532 ns, Reaching safepoint: 26797 ns, Cleanup: 15947 ns, At safepoint: 10478 ns, Total: 53222 ns
[2025-06-11T23:14:39.505+0000][73][info ][safepoint   ] Safepoint "Cleanup", Time since last: 2000751926 ns, Reaching safepoint: 21908 ns, Cleanup: 17025 ns, At safepoint: 9055 ns, Total: 47988 ns
[2025-06-11T23:14:41.506+0000][73][info ][safepoint   ] Safepoint "Cleanup", Time since last: 2000983189 ns, Reaching safepoint: 27293 ns, Cleanup: 19718 ns, At safepoint: 11494 ns, Total: 58505 ns
[2025-06-11T23:14:42.506+0000][73][info ][safepoint   ] Safepoint "Cleanup", Time since last: 1000582238 ns, Reaching safepoint: 31003 ns, Cleanup: 17010 ns, At safepoint: 8308 ns, Total: 56321 ns
[2025-06-11T23:14:43.507+0000][73][info ][safepoint   ] Safepoint "Cleanup", Time since last: 1000524843 ns, Reaching safepoint: 47541 ns, Cleanup: 14222 ns, At safepoint: 11259 ns, Total: 73022 ns
[2025-06-11T23:14:45.508+0000][73][info ][safepoint   ] Safepoint "Cleanup", Time since last: 2000677183 ns, Reaching safepoint: 27452 ns, Cleanup: 16291 ns, At safepoint: 10043 ns, Total: 53786 ns
[2025-06-11T23:14:46.510+0000][73][info ][safepoint   ] Safepoint "Cleanup", Time since last: 1002455468 ns, Reaching safepoint: 22131 ns, Cleanup: 16176 ns, At safepoint: 7507 ns, Total: 45814 ns
[2025-06-11T23:14:47.511+0000][73][info ][safepoint   ] Safepoint "Cleanup", Time since last: 1000552000 ns, Reaching safepoint: 21041 ns, Cleanup: 13906 ns, At safepoint: 7527 ns, Total: 42474 ns
[2025-06-11T23:14:48.511+0000][73][info ][safepoint   ] Safepoint "Cleanup", Time since last: 1000552400 ns, Reaching safepoint: 55363 ns, Cleanup: 35434 ns, At safepoint: 11625 ns, Total: 102422 ns
[2025-06-11T23:14:49.512+0000][73][info ][safepoint   ] Safepoint "Cleanup", Time since last: 1000596218 ns, Reaching safepoint: 25521 ns, Cleanup: 14058 ns, At safepoint: 9958 ns, Total: 49537 ns
[2025-06-11T23:14:51.513+0000][73][info ][safepoint   ] Safepoint "Cleanup", Time since last: 2000802328 ns, Reaching safepoint: 19224 ns, Cleanup: 19560 ns, At safepoint: 8206 ns, Total: 46990 ns
[2025-06-11T23:14:53.514+0000][73][info ][safepoint   ] Safepoint "Cleanup", Time since last: 2000655492 ns, Reaching safepoint: 26071 ns, Cleanup: 14804 ns, At safepoint: 11011 ns, Total: 51886 ns
[2025-06-11T23:14:54.514+0000][73][info ][safepoint   ] Safepoint "Cleanup", Time since last: 1000635531 ns, Reaching safepoint: 34776 ns, Cleanup: 40747 ns, At safepoint: 18841 ns, Total: 94364 ns
[2025-06-11T23:14:56.515+0000][73][info ][safepoint   ] Safepoint "Cleanup", Time since last: 2000841008 ns, Reaching safepoint: 25748 ns, Cleanup: 20787 ns, At safepoint: 13531 ns, Total: 60066 ns
[2025-06-11T23:14:57.516+0000][73][info ][safepoint   ] Safepoint "Cleanup", Time since last: 1000548035 ns, Reaching safepoint: 24316 ns, Cleanup: 12125 ns, At safepoint: 8079 ns, Total: 44520 ns
[2025-06-11T23:14:58.516+0000][73][info ][safepoint   ] Safepoint "Cleanup", Time since last: 1000575140 ns, Reaching safepoint: 28098 ns, Cleanup: 24202 ns, At safepoint: 10499 ns, Total: 62799 ns
[2025-06-11T23:14:59.517+0000][73][info ][safepoint   ] Safepoint "Cleanup", Time since last: 1000598580 ns, Reaching safepoint: 29746 ns, Cleanup: 21879 ns, At safepoint: 11601 ns, Total: 63226 ns
[2025-06-11T23:15:00.518+0000][73][info ][safepoint   ] Safepoint "Cleanup", Time since last: 1000636137 ns, Reaching safepoint: 31046 ns, Cleanup: 20729 ns, At safepoint: 13025 ns, Total: 64800 ns
[2025-06-11T23:15:01.518+0000][73][info ][safepoint   ] Safepoint "Cleanup", Time since last: 1000584057 ns, Reaching safepoint: 27339 ns, Cleanup: 21427 ns, At safepoint: 10382 ns, Total: 59148 ns
[2025-06-11T23:15:03.519+0000][73][info ][safepoint   ] Safepoint "Cleanup", Time since last: 2000704633 ns, Reaching safepoint: 28171 ns, Cleanup: 22803 ns, At safepoint: 11207 ns, Total: 62181 ns
[2025-06-11T23:15:04.518+0000][73][info ][safepoint   ] Safepoint "Cleanup", Time since last: 1000586222 ns, Reaching safepoint: 31264 ns, Cleanup: 24131 ns, At safepoint: 12779 ns, Total: 68174 ns
[2025-06-11T23:15:09.519+0000][73][info ][safepoint   ] Safepoint "Cleanup", Time since last: 5001090050 ns, Reaching safepoint: 27411 ns, Cleanup: 16558 ns, At safepoint: 10132 ns, Total: 54101 ns
[2025-06-11T23:15:11.520+0000][73][info ][safepoint   ] Safepoint "Cleanup", Time since last: 2000794076 ns, Reaching safepoint: 25015 ns, Cleanup: 14187 ns, At safepoint: 9198 ns, Total: 48400 ns
[2025-06-11T23:15:13.521+0000][73][info ][safepoint   ] Safepoint "Cleanup", Time since last: 2000652139 ns, Reaching safepoint: 27779 ns, Cleanup: 16624 ns, At safepoint: 11145 ns, Total: 55548 ns
[2025-06-11T23:15:14.521+0000][73][info ][safepoint   ] Safepoint "Cleanup", Time since last: 1000635098 ns, Reaching safepoint: 34940 ns, Cleanup: 20804 ns, At safepoint: 18155 ns, Total: 73899 ns
[2025-06-11T23:15:15.522+0000][73][info ][safepoint   ] Safepoint "Cleanup", Time since last: 1000564704 ns, Reaching safepoint: 21482 ns, Cleanup: 13142 ns, At safepoint: 8172 ns, Total: 42796 ns
[2025-06-11T23:15:18.523+0000][73][info ][safepoint   ] Safepoint "Cleanup", Time since last: 3000833177 ns, Reaching safepoint: 65349 ns, Cleanup: 20590 ns, At safepoint: 9904 ns, Total: 95843 ns
[2025-06-11T23:15:21.923+0000][73][info ][safepoint   ] Safepoint "Cleanup", Time since last: 3400131129 ns, Reaching safepoint: 29505 ns, Cleanup: 32788 ns, At safepoint: 12938 ns, Total: 75231 ns
[2025-06-11T23:15:23.924+0000][73][info ][safepoint   ] Safepoint "Cleanup", Time since last: 2000761291 ns, Reaching safepoint: 20183 ns, Cleanup: 29536 ns, At safepoint: 8308 ns, Total: 58027 ns
[2025-06-11T23:15:23.946+0000][73][info ][gc,start    ] GC(11) Pause Young (Normal) (G1 Evacuation Pause)
[2025-06-11T23:15:23.947+0000][73][info ][gc,task     ] GC(11) Using 10 workers of 10 for evacuation
[2025-06-11T23:15:23.948+0000][73][debug][gc,age      ] GC(11) Desired survivor size 88080384 bytes, new threshold 15 (max threshold 15)
[2025-06-11T23:15:24.119+0000][73][info ][gc,phases   ] GC(11)   Pre Evacuate Collection Set: 3.31ms
[2025-06-11T23:15:24.119+0000][73][info ][gc,phases   ] GC(11)   Merge Heap Roots: 24.97ms
[2025-06-11T23:15:24.120+0000][73][info ][gc,phases   ] GC(11)   Evacuate Collection Set: 93.61ms
[2025-06-11T23:15:24.120+0000][73][info ][gc,phases   ] GC(11)   Post Evacuate Collection Set: 46.95ms
[2025-06-11T23:15:24.120+0000][73][info ][gc,phases   ] GC(11)   Other: 2.44ms
[2025-06-11T23:15:24.121+0000][73][trace][gc,age      ] GC(11) Age table with threshold 15 (max threshold 15)
[2025-06-11T23:15:24.121+0000][73][trace][gc,age      ] GC(11) - age   1:   44957992 bytes,   44957992 total
[2025-06-11T23:15:24.121+0000][73][trace][gc,age      ] GC(11) - age   2:   20062328 bytes,   65020320 total
[2025-06-11T23:15:24.122+0000][73][trace][gc,age      ] GC(11) - age   3:   14275768 bytes,   79296088 total
[2025-06-11T23:15:24.122+0000][73][trace][gc,age      ] GC(11) - age   4:    4221112 bytes,   83517200 total
[2025-06-11T23:15:24.123+0000][73][trace][gc,age      ] GC(11) - age   5:    2410896 bytes,   85928096 total
[2025-06-11T23:15:24.123+0000][73][trace][gc,age      ] GC(11) - age   6:    3604616 bytes,   89532712 total
[2025-06-11T23:15:24.124+0000][73][trace][gc,age      ] GC(11) - age   7:    4776176 bytes,   94308888 total
[2025-06-11T23:15:24.124+0000][73][info ][gc,heap     ] GC(11) Eden regions: 319->0(134)
[2025-06-11T23:15:24.124+0000][73][info ][gc,heap     ] GC(11) Survivor regions: 13->25(42)
[2025-06-11T23:15:24.125+0000][73][info ][gc,heap     ] GC(11) Old regions: 3->3
[2025-06-11T23:15:24.125+0000][73][info ][gc,heap     ] GC(11) Humongous regions: 0->0
[2025-06-11T23:15:24.126+0000][73][info ][gc,metaspace] GC(11) Metaspace: 141403K(145472K)->141403K(145472K) NonClass: 121737K(123904K)->121737K(123904K) Class: 19666K(21568K)->19666K(21568K)
[2025-06-11T23:15:24.126+0000][73][info ][gc          ] GC(11) Pause Young (Normal) (G1 Evacuation Pause) 1338M->110M(3880M) 180.047ms
[2025-06-11T23:15:24.127+0000][73][info ][gc,cpu      ] GC(11) User=0.87s Sys=0.05s Real=0.18s
[2025-06-11T23:15:24.127+0000][73][info ][safepoint   ] Safepoint "G1CollectForAllocation", Time since last: 22118178 ns, Reaching safepoint: 16911 ns, Cleanup: 9048 ns, At safepoint: 181291387 ns, Total: 181317346 ns
[2025-06-11T23:15:25.128+0000][73][info ][safepoint   ] Safepoint "Cleanup", Time since last: 1000684623 ns, Reaching safepoint: 32367 ns, Cleanup: 16143 ns, At safepoint: 17186 ns, Total: 65696 ns
[2025-06-11T23:15:26.129+0000][73][info ][safepoint   ] Safepoint "Cleanup", Time since last: 1000616713 ns, Reaching safepoint: 29991 ns, Cleanup: 15211 ns, At safepoint: 15823 ns, Total: 61025 ns
[2025-06-11T23:15:27.522+0000][73][info ][safepoint   ] Safepoint "Cleanup", Time since last: 1393190458 ns, Reaching safepoint: 27924 ns, Cleanup: 86772 ns, At safepoint: 105823 ns, Total: 220519 ns
[2025-06-11T23:15:28.534+0000][73][info ][safepoint   ] Safepoint "Cleanup", Time since last: 1011580176 ns, Reaching safepoint: 32571 ns, Cleanup: 23691 ns, At safepoint: 17019 ns, Total: 73281 ns
[2025-06-11T23:15:29.535+0000][73][info ][safepoint   ] Safepoint "Cleanup", Time since last: 1000798856 ns, Reaching safepoint: 30705 ns, Cleanup: 30101 ns, At safepoint: 16125 ns, Total: 76931 ns
[2025-06-11T23:15:30.536+0000][73][info ][safepoint   ] Safepoint "Cleanup", Time since last: 1000712679 ns, Reaching safepoint: 27058 ns, Cleanup: 19069 ns, At safepoint: 10492 ns, Total: 56619 ns
[2025-06-11T23:15:31.540+0000][73][info ][safepoint   ] Safepoint "Cleanup", Time since last: 1004652722 ns, Reaching safepoint: 29570 ns, Cleanup: 17444 ns, At safepoint: 12220 ns, Total: 59234 ns
[2025-06-11T23:15:33.546+0000][73][info ][safepoint   ] Safepoint "Cleanup", Time since last: 2005883077 ns, Reaching safepoint: 20294 ns, Cleanup: 16280 ns, At safepoint: 32144 ns, Total: 68718 ns
[2025-06-11T23:15:36.554+0000][73][info ][safepoint   ] Safepoint "Cleanup", Time since last: 3010449276 ns, Reaching safepoint: 27546 ns, Cleanup: 16238 ns, At safepoint: 10862 ns, Total: 54646 ns
[2025-06-11T23:15:38.558+0000][73][info ][safepoint   ] Safepoint "Cleanup", Time since last: 2003126456 ns, Reaching safepoint: 80448 ns, Cleanup: 13396 ns, At safepoint: 8946 ns, Total: 102790 ns
[2025-06-11T23:15:39.948+0000][73][info ][safepoint   ] Safepoint "Cleanup", Time since last: 1390880873 ns, Reaching safepoint: 27059 ns, Cleanup: 18276 ns, At safepoint: 11142 ns, Total: 56477 ns
[2025-06-11T23:15:41.950+0000][73][info ][safepoint   ] Safepoint "Cleanup", Time since last: 2001851763 ns, Reaching safepoint: 18691 ns, Cleanup: 19292 ns, At safepoint: 7733 ns, Total: 45716 ns
[2025-06-11T23:15:42.951+0000][73][info ][safepoint   ] Safepoint "Cleanup", Time since last: 1000555432 ns, Reaching safepoint: 20494 ns, Cleanup: 14467 ns, At safepoint: 9547 ns, Total: 44508 ns
[2025-06-11T23:15:43.952+0000][73][info ][safepoint   ] Safepoint "Cleanup", Time since last: 1000706704 ns, Reaching safepoint: 30968 ns, Cleanup: 20821 ns, At safepoint: 15840 ns, Total: 67629 ns
[2025-06-11T23:15:47.953+0000][73][info ][safepoint   ] Safepoint "Cleanup", Time since last: 4001245478 ns, Reaching safepoint: 17281 ns, Cleanup: 15712 ns, At safepoint: 7550 ns, Total: 40543 ns
[2025-06-11T23:15:48.954+0000][73][info ][safepoint   ] Safepoint "Cleanup", Time since last: 1000919500 ns, Reaching safepoint: 19185 ns, Cleanup: 20576 ns, At safepoint: 7517 ns, Total: 47278 ns
[2025-06-11T23:15:49.955+0000][73][info ][safepoint   ] Safepoint "Cleanup", Time since last: 1000793352 ns, Reaching safepoint: 49037 ns, Cleanup: 15997 ns, At safepoint: 8153 ns, Total: 73187 ns
[2025-06-11T23:15:52.330+0000][73][info ][safepoint   ] Safepoint "Cleanup", Time since last: 2374725108 ns, Reaching safepoint: 28376 ns, Cleanup: 18985 ns, At safepoint: 9229 ns, Total: 56590 ns
[2025-06-11T23:15:54.362+0000][73][info ][safepoint   ] Safepoint "Cleanup", Time since last: 2032099473 ns, Reaching safepoint: 37992 ns, Cleanup: 32448 ns, At safepoint: 19743 ns, Total: 90183 ns
[2025-06-11T23:15:55.883+0000][73][info ][safepoint   ] Safepoint "Cleanup", Time since last: 1521349898 ns, Reaching safepoint: 21223 ns, Cleanup: 12965 ns, At safepoint: 8054 ns, Total: 42242 ns
[2025-06-11T23:15:56.885+0000][73][info ][safepoint   ] Safepoint "Cleanup", Time since last: 1001564069 ns, Reaching safepoint: 35350 ns, Cleanup: 23281 ns, At safepoint: 18284 ns, Total: 76915 ns
[2025-06-11T23:15:57.886+0000][73][info ][safepoint   ] Safepoint "Cleanup", Time since last: 1000789844 ns, Reaching safepoint: 32250 ns, Cleanup: 21692 ns, At safepoint: 16405 ns, Total: 70347 ns
[2025-06-11T23:15:58.887+0000][73][info ][safepoint   ] Safepoint "Cleanup", Time since last: 1000819080 ns, Reaching safepoint: 18463 ns, Cleanup: 13170 ns, At safepoint: 8050 ns, Total: 39683 ns
[2025-06-11T23:16:00.887+0000][73][info ][safepoint   ] Safepoint "Cleanup", Time since last: 2000842558 ns, Reaching safepoint: 20086 ns, Cleanup: 25216 ns, At safepoint: 8206 ns, Total: 53508 ns
[2025-06-11T23:16:03.899+0000][73][info ][safepoint   ] Safepoint "Cleanup", Time since last: 3011046515 ns, Reaching safepoint: 229521 ns, Cleanup: 31247 ns, At safepoint: 21167 ns, Total: 281935 ns
[2025-06-11T23:16:05.897+0000][73][info ][safepoint   ] Safepoint "Cleanup", Time since last: 2000690602 ns, Reaching safepoint: 22513 ns, Cleanup: 15233 ns, At safepoint: 9576 ns, Total: 47322 ns
[2025-06-11T23:16:06.900+0000][73][info ][safepoint   ] Safepoint "Cleanup", Time since last: 1003608760 ns, Reaching safepoint: 20345 ns, Cleanup: 17330 ns, At safepoint: 7962 ns, Total: 45637 ns
[2025-06-11T23:16:08.905+0000][73][info ][safepoint   ] Safepoint "Cleanup", Time since last: 2003996226 ns, Reaching safepoint: 28238 ns, Cleanup: 19164 ns, At safepoint: 10529 ns, Total: 57931 ns
[2025-06-11T23:16:13.908+0000][73][info ][safepoint   ] Safepoint "Cleanup", Time since last: 5003083695 ns, Reaching safepoint: 26336 ns, Cleanup: 24929 ns, At safepoint: 10351 ns, Total: 61616 ns
[2025-06-11T23:16:15.913+0000][73][info ][safepoint   ] Safepoint "Cleanup", Time since last: 2005661945 ns, Reaching safepoint: 35248 ns, Cleanup: 28275 ns, At safepoint: 12962 ns, Total: 76485 ns
[2025-06-11T23:16:18.927+0000][73][info ][safepoint   ] Safepoint "Cleanup", Time since last: 3013386409 ns, Reaching safepoint: 27082 ns, Cleanup: 29873 ns, At safepoint: 12352 ns, Total: 69307 ns
[2025-06-11T23:16:21.022+0000][73][info ][safepoint   ] Safepoint "Cleanup", Time since last: 2095226537 ns, Reaching safepoint: 58532 ns, Cleanup: 32013 ns, At safepoint: 10300 ns, Total: 100845 ns
[2025-06-11T23:16:24.036+0000][73][info ][safepoint   ] Safepoint "Cleanup", Time since last: 3013896471 ns, Reaching safepoint: 44488 ns, Cleanup: 47602 ns, At safepoint: 9759 ns, Total: 101849 ns
[2025-06-11T23:16:27.050+0000][73][info ][safepoint   ] Safepoint "Cleanup", Time since last: 3013507668 ns, Reaching safepoint: 51077 ns, Cleanup: 24755 ns, At safepoint: 10929 ns, Total: 86761 ns
[2025-06-11T23:16:28.318+0000][73][info ][safepoint   ] Safepoint "Cleanup", Time since last: 1268528095 ns, Reaching safepoint: 31947 ns, Cleanup: 15261 ns, At safepoint: 15925 ns, Total: 63133 ns
[2025-06-11T23:16:29.319+0000][73][info ][safepoint   ] Safepoint "Cleanup", Time since last: 1000886636 ns, Reaching safepoint: 34158 ns, Cleanup: 39137 ns, At safepoint: 16989 ns, Total: 90284 ns
[2025-06-11T23:16:30.444+0000][73][info ][safepoint   ] Safepoint "Cleanup", Time since last: 1124069150 ns, Reaching safepoint: 34413 ns, Cleanup: 105292 ns, At safepoint: 29495 ns, Total: 169200 ns
[2025-06-11T23:16:31.869+0000][73][info ][safepoint   ] Safepoint "Cleanup", Time since last: 1424949074 ns, Reaching safepoint: 35277 ns, Cleanup: 26420 ns, At safepoint: 17858 ns, Total: 79555 ns
[2025-06-11T23:16:33.869+0000][73][info ][safepoint   ] Safepoint "Cleanup", Time since last: 2000779748 ns, Reaching safepoint: 18936 ns, Cleanup: 18271 ns, At safepoint: 7652 ns, Total: 44859 ns
[2025-06-11T23:16:34.868+0000][73][info ][safepoint   ] Safepoint "Cleanup", Time since last: 1000702803 ns, Reaching safepoint: 20976 ns, Cleanup: 15931 ns, At safepoint: 8796 ns, Total: 45703 ns
[2025-06-11T23:16:36.330+0000][73][info ][safepoint   ] Safepoint "Cleanup", Time since last: 1461111079 ns, Reaching safepoint: 35571 ns, Cleanup: 26725 ns, At safepoint: 27843 ns, Total: 90139 ns
[2025-06-11T23:16:36.801+0000][73][info ][gc,start    ] GC(12) Pause Young (Concurrent Start) (CodeCache GC Threshold)
[2025-06-11T23:16:36.801+0000][73][info ][gc,task     ] GC(12) Using 10 workers of 10 for evacuation
[2025-06-11T23:16:36.802+0000][73][debug][gc,age      ] GC(12) Desired survivor size 41943040 bytes, new threshold 1 (max threshold 15)
[2025-06-11T23:16:38.049+0000][73][info ][gc,mmu      ] GC(12) MMU target violated: 201.0ms (200.0ms/201.0ms)
[2025-06-11T23:16:38.050+0000][73][info ][gc,phases   ] GC(12)   Pre Evacuate Collection Set: 202.61ms
[2025-06-11T23:16:38.050+0000][73][info ][gc,phases   ] GC(12)   Merge Heap Roots: 0.17ms
[2025-06-11T23:16:38.050+0000][73][info ][gc,phases   ] GC(12)   Evacuate Collection Set: 1032.49ms
[2025-06-11T23:16:38.051+0000][73][info ][gc,phases   ] GC(12)   Post Evacuate Collection Set: 2.37ms
[2025-06-11T23:16:38.051+0000][73][info ][gc,phases   ] GC(12)   Other: 10.65ms
[2025-06-11T23:16:38.052+0000][73][trace][gc,age      ] GC(12) Age table with threshold 1 (max threshold 15)
[2025-06-11T23:16:38.052+0000][73][trace][gc,age      ] GC(12) - age   1:     833176 bytes,     833176 total
[2025-06-11T23:16:38.053+0000][73][info ][gc,heap     ] GC(12) Eden regions: 25->0(45)
[2025-06-11T23:16:38.053+0000][73][info ][gc,heap     ] GC(12) Survivor regions: 25->3(20)
[2025-06-11T23:16:38.054+0000][73][info ][gc,heap     ] GC(12) Old regions: 3->29
[2025-06-11T23:16:38.054+0000][73][info ][gc,heap     ] GC(12) Humongous regions: 0->0
[2025-06-11T23:16:38.054+0000][73][info ][gc,metaspace] GC(12) Metaspace: 141743K(145792K)->141743K(145792K) NonClass: 122076K(124224K)->122076K(124224K) Class: 19667K(21568K)->19667K(21568K)
[2025-06-11T23:16:38.055+0000][73][info ][gc          ] GC(12) Pause Young (Concurrent Start) (CodeCache GC Threshold) 209M->122M(3880M) 1254.370ms
[2025-06-11T23:16:38.055+0000][73][info ][gc,cpu      ] GC(12) User=0.50s Sys=0.38s Real=1.25s
[2025-06-11T23:16:38.056+0000][73][info ][safepoint   ] Safepoint "G1TryInitiateConcMark", Time since last: 470805083 ns, Reaching safepoint: 20090 ns, Cleanup: 20869 ns, At safepoint: 1255586292 ns, Total: 1255627251 ns
[2025-06-11T23:16:38.058+0000][73][info ][gc          ] GC(13) Concurrent Mark Cycle
[2025-06-11T23:16:38.065+0000][73][info ][gc,marking  ] GC(13) Concurrent Scan Root Regions
[2025-06-11T23:16:38.090+0000][73][info ][gc,marking  ] GC(13) Concurrent Scan Root Regions 25.327ms
[2025-06-11T23:16:38.096+0000][73][info ][gc,marking  ] GC(13) Concurrent Mark
[2025-06-11T23:16:38.097+0000][73][info ][gc,marking  ] GC(13) Concurrent Mark From Roots
[2025-06-11T23:16:38.097+0000][73][info ][gc,task     ] GC(13) Using 3 workers of 3 for marking
[2025-06-11T23:16:38.103+0000][73][info ][gc,marking  ] GC(13) Concurrent Mark From Roots 5.993ms
[2025-06-11T23:16:38.103+0000][73][info ][gc,marking  ] GC(13) Concurrent Preclean
[2025-06-11T23:16:38.104+0000][73][info ][gc,marking  ] GC(13) Concurrent Preclean 0.507ms
[2025-06-11T23:16:38.105+0000][73][info ][gc,start    ] GC(13) Pause Remark
[2025-06-11T23:16:38.136+0000][73][info ][gc          ] GC(13) Pause Remark 132M->132M(3880M) 31.131ms
[2025-06-11T23:16:38.136+0000][73][info ][gc,cpu      ] GC(13) User=0.06s Sys=0.01s Real=0.03s
[2025-06-11T23:16:38.137+0000][73][info ][safepoint   ] Safepoint "G1PauseRemark", Time since last: 48427295 ns, Reaching safepoint: 31653 ns, Cleanup: 26588 ns, At safepoint: 32173455 ns, Total: 32231696 ns
[2025-06-11T23:16:38.137+0000][73][info ][gc,marking  ] GC(13) Concurrent Mark 40.852ms
[2025-06-11T23:16:38.138+0000][73][info ][gc,marking  ] GC(13) Concurrent Rebuild Remembered Sets and Scrub Regions
[2025-06-11T23:16:38.153+0000][73][info ][gc,marking  ] GC(13) Concurrent Rebuild Remembered Sets and Scrub Regions 14.898ms
[2025-06-11T23:16:38.154+0000][73][info ][gc,start    ] GC(13) Pause Cleanup
[2025-06-11T23:16:38.155+0000][73][info ][gc          ] GC(13) Pause Cleanup 132M->132M(3880M) 1.434ms
[2025-06-11T23:16:38.155+0000][73][info ][gc,cpu      ] GC(13) User=0.00s Sys=0.00s Real=0.00s
[2025-06-11T23:16:38.156+0000][73][info ][safepoint   ] Safepoint "G1PauseCleanup", Time since last: 16763472 ns, Reaching safepoint: 36443 ns, Cleanup: 30060 ns, At safepoint: 2552764 ns, Total: 2619267 ns
[2025-06-11T23:16:38.157+0000][73][info ][gc,marking  ] GC(13) Concurrent Clear Claimed Marks
[2025-06-11T23:16:38.158+0000][73][info ][gc,marking  ] GC(13) Concurrent Clear Claimed Marks 0.999ms
[2025-06-11T23:16:38.158+0000][73][info ][gc,marking  ] GC(13) Concurrent Cleanup for Next Mark
[2025-06-11T23:16:38.171+0000][73][info ][gc,marking  ] GC(13) Concurrent Cleanup for Next Mark 12.544ms
[2025-06-11T23:16:38.172+0000][73][info ][gc          ] GC(13) Concurrent Mark Cycle 113.738ms
[2025-06-11T23:16:39.157+0000][73][info ][safepoint   ] Safepoint "Cleanup", Time since last: 1000788989 ns, Reaching safepoint: 19642 ns, Cleanup: 22414 ns, At safepoint: 8738 ns, Total: 50794 ns
[2025-06-11T23:16:40.160+0000][73][info ][safepoint   ] Safepoint "Cleanup", Time since last: 1003222860 ns, Reaching safepoint: 29543 ns, Cleanup: 29773 ns, At safepoint: 12905 ns, Total: 72221 ns
[2025-06-11T23:16:43.177+0000][73][info ][safepoint   ] Safepoint "Cleanup", Time since last: 3016531549 ns, Reaching safepoint: 22828 ns, Cleanup: 19722 ns, At safepoint: 8869 ns, Total: 51419 ns
[2025-06-11T23:16:44.178+0000][73][info ][safepoint   ] Safepoint "Cleanup", Time since last: 1001208706 ns, Reaching safepoint: 32026 ns, Cleanup: 19030 ns, At safepoint: 16069 ns, Total: 67125 ns
[2025-06-11T23:16:46.179+0000][73][info ][safepoint   ] Safepoint "Cleanup", Time since last: 2000954501 ns, Reaching safepoint: 19387 ns, Cleanup: 15936 ns, At safepoint: 7885 ns, Total: 43208 ns
[2025-06-11T23:16:48.180+0000][73][info ][safepoint   ] Safepoint "Cleanup", Time since last: 2000733222 ns, Reaching safepoint: 19775 ns, Cleanup: 13396 ns, At safepoint: 8999 ns, Total: 42170 ns
[2025-06-11T23:16:49.181+0000][73][info ][safepoint   ] Safepoint "Cleanup", Time since last: 1000692687 ns, Reaching safepoint: 18919 ns, Cleanup: 16427 ns, At safepoint: 6474 ns, Total: 41820 ns
[2025-06-11T23:16:54.182+0000][73][info ][safepoint   ] Safepoint "Cleanup", Time since last: 5001246285 ns, Reaching safepoint: 31440 ns, Cleanup: 21218 ns, At safepoint: 16105 ns, Total: 68763 ns
[2025-06-11T23:16:55.183+0000][73][info ][safepoint   ] Safepoint "Cleanup", Time since last: 1000837269 ns, Reaching safepoint: 20050 ns, Cleanup: 13582 ns, At safepoint: 8553 ns, Total: 42185 ns
[2025-06-11T23:16:56.713+0000][73][info ][safepoint   ] Safepoint "Cleanup", Time since last: 1000696340 ns, Reaching safepoint: 528982724 ns, Cleanup: 23095 ns, At safepoint: 314315 ns, Total: 529320134 ns
[2025-06-11T23:16:57.714+0000][73][info ][safepoint   ] Safepoint "Cleanup", Time since last: 1000663485 ns, Reaching safepoint: 33249 ns, Cleanup: 20511 ns, At safepoint: 90377 ns, Total: 144137 ns
[2025-06-11T23:16:58.714+0000][73][info ][safepoint   ] Safepoint "Cleanup", Time since last: 1000815575 ns, Reaching safepoint: 33440 ns, Cleanup: 16141 ns, At safepoint: 15695 ns, Total: 65276 ns
[2025-06-11T23:16:59.715+0000][73][info ][safepoint   ] Safepoint "Cleanup", Time since last: 1000678089 ns, Reaching safepoint: 32008 ns, Cleanup: 16114 ns, At safepoint: 16134 ns, Total: 64256 ns
[2025-06-11T23:17:03.717+0000][73][info ][safepoint   ] Safepoint "Cleanup", Time since last: 4001386657 ns, Reaching safepoint: 39036 ns, Cleanup: 38861 ns, At safepoint: 17492 ns, Total: 95389 ns
[2025-06-11T23:17:04.715+0000][73][info ][safepoint   ] Safepoint "Cleanup", Time since last: 1000698620 ns, Reaching safepoint: 35248 ns, Cleanup: 16200 ns, At safepoint: 15865 ns, Total: 67313 ns
[2025-06-11T23:17:06.716+0000][73][info ][safepoint   ] Safepoint "Cleanup", Time since last: 2000988657 ns, Reaching safepoint: 74920 ns, Cleanup: 19208 ns, At safepoint: 16852 ns, Total: 110980 ns
[2025-06-11T23:17:09.717+0000][73][info ][safepoint   ] Safepoint "Cleanup", Time since last: 3001004749 ns, Reaching safepoint: 29533 ns, Cleanup: 17772 ns, At safepoint: 10913 ns, Total: 58218 ns
[2025-06-11T23:17:12.730+0000][73][info ][safepoint   ] Safepoint "Cleanup", Time since last: 3013389847 ns, Reaching safepoint: 29086 ns, Cleanup: 15600 ns, At safepoint: 10006 ns, Total: 54692 ns
[2025-06-11T23:17:13.744+0000][73][info ][safepoint   ] Safepoint "Cleanup", Time since last: 1013388667 ns, Reaching safepoint: 22664 ns, Cleanup: 18774 ns, At safepoint: 8606 ns, Total: 50044 ns
[2025-06-11T23:17:18.758+0000][73][info ][safepoint   ] Safepoint "Cleanup", Time since last: 5014444919 ns, Reaching safepoint: 20911 ns, Cleanup: 19706 ns, At safepoint: 8126 ns, Total: 48743 ns
[2025-06-11T23:17:21.175+0000][73][info ][safepoint   ] Safepoint "Cleanup", Time since last: 2416467492 ns, Reaching safepoint: 20269 ns, Cleanup: 15654 ns, At safepoint: 8508 ns, Total: 44431 ns
[2025-06-11T23:17:22.189+0000][73][info ][safepoint   ] Safepoint "Cleanup", Time since last: 1014509662 ns, Reaching safepoint: 43879 ns, Cleanup: 13086 ns, At safepoint: 7308 ns, Total: 64273 ns
[2025-06-11T23:17:24.200+0000][73][info ][safepoint   ] Safepoint "Cleanup", Time since last: 2010652605 ns, Reaching safepoint: 20665 ns, Cleanup: 25270 ns, At safepoint: 8732 ns, Total: 54667 ns
[2025-06-11T23:17:25.211+0000][73][info ][safepoint   ] Safepoint "Cleanup", Time since last: 1010997650 ns, Reaching safepoint: 30381 ns, Cleanup: 17557 ns, At safepoint: 11145 ns, Total: 59083 ns
[2025-06-11T23:17:27.224+0000][73][info ][safepoint   ] Safepoint "Cleanup", Time since last: 2012390567 ns, Reaching safepoint: 28773 ns, Cleanup: 15372 ns, At safepoint: 11710 ns, Total: 55855 ns
[2025-06-11T23:17:28.234+0000][73][info ][safepoint   ] Safepoint "Cleanup", Time since last: 1010372144 ns, Reaching safepoint: 19493 ns, Cleanup: 21005 ns, At safepoint: 7698 ns, Total: 48196 ns
[2025-06-11T23:17:29.248+0000][73][info ][safepoint   ] Safepoint "Cleanup", Time since last: 1013536436 ns, Reaching safepoint: 27523 ns, Cleanup: 26968 ns, At safepoint: 20878 ns, Total: 75369 ns
[2025-06-11T23:17:31.259+0000][73][info ][safepoint   ] Safepoint "Cleanup", Time since last: 2011401727 ns, Reaching safepoint: 34020 ns, Cleanup: 16879 ns, At safepoint: 12225 ns, Total: 63124 ns
[2025-06-11T23:17:34.269+0000][73][info ][safepoint   ] Safepoint "Cleanup", Time since last: 3011993958 ns, Reaching safepoint: 22742 ns, Cleanup: 23568 ns, At safepoint: 8701 ns, Total: 55011 ns
[2025-06-11T23:17:36.706+0000][73][info ][safepoint   ] Safepoint "Cleanup", Time since last: 2436933543 ns, Reaching safepoint: 17613 ns, Cleanup: 44988 ns, At safepoint: 90224 ns, Total: 152825 ns
[2025-06-11T23:17:38.145+0000][73][info ][safepoint   ] Safepoint "Cleanup", Time since last: 1438313001 ns, Reaching safepoint: 53545 ns, Cleanup: 49307 ns, At safepoint: 9179 ns, Total: 112031 ns
[2025-06-11T23:17:39.146+0000][73][info ][safepoint   ] Safepoint "Cleanup", Time since last: 1000843508 ns, Reaching safepoint: 26710 ns, Cleanup: 17513 ns, At safepoint: 12052 ns, Total: 56275 ns
[2025-06-11T23:17:40.146+0000][73][info ][safepoint   ] Safepoint "Cleanup", Time since last: 1000634184 ns, Reaching safepoint: 20033 ns, Cleanup: 16146 ns, At safepoint: 8673 ns, Total: 44852 ns
[2025-06-11T23:17:41.147+0000][73][info ][safepoint   ] Safepoint "Cleanup", Time since last: 1000522072 ns, Reaching safepoint: 20692 ns, Cleanup: 15531 ns, At safepoint: 7950 ns, Total: 44173 ns
[2025-06-11T23:17:43.148+0000][73][info ][safepoint   ] Safepoint "Cleanup", Time since last: 2000742097 ns, Reaching safepoint: 20490 ns, Cleanup: 13106 ns, At safepoint: 8070 ns, Total: 41666 ns
[2025-06-11T23:17:46.149+0000][73][info ][safepoint   ] Safepoint "Cleanup", Time since last: 3001275036 ns, Reaching safepoint: 33170 ns, Cleanup: 17540 ns, At safepoint: 17095 ns, Total: 67805 ns
[2025-06-11T23:17:47.150+0000][73][info ][safepoint   ] Safepoint "Cleanup", Time since last: 1000853236 ns, Reaching safepoint: 36485 ns, Cleanup: 15710 ns, At safepoint: 17721 ns, Total: 69916 ns
[2025-06-11T23:17:49.151+0000][73][info ][safepoint   ] Safepoint "Cleanup", Time since last: 2000768302 ns, Reaching safepoint: 31396 ns, Cleanup: 51660 ns, At safepoint: 12376 ns, Total: 95432 ns
[2025-06-11T23:17:52.152+0000][73][info ][safepoint   ] Safepoint "Cleanup", Time since last: 3001159601 ns, Reaching safepoint: 33718 ns, Cleanup: 19053 ns, At safepoint: 16307 ns, Total: 69078 ns
[2025-06-11T23:17:55.153+0000][73][info ][safepoint   ] Safepoint "Cleanup", Time since last: 3001007242 ns, Reaching safepoint: 50677 ns, Cleanup: 11767 ns, At safepoint: 24752 ns, Total: 87196 ns
[2025-06-11T23:17:56.154+0000][73][info ][safepoint   ] Safepoint "Cleanup", Time since last: 1000670601 ns, Reaching safepoint: 20604 ns, Cleanup: 10849 ns, At safepoint: 26246 ns, Total: 57699 ns
[2025-06-11T23:17:56.712+0000][73][info ][safepoint   ] Safepoint "ICBufferFull", Time since last: 557681007 ns, Reaching safepoint: 29021 ns, Cleanup: 187404 ns, At safepoint: 131759 ns, Total: 348184 ns
[2025-06-11T23:17:57.713+0000][73][info ][safepoint   ] Safepoint "Cleanup", Time since last: 1001121434 ns, Reaching safepoint: 17789 ns, Cleanup: 76185 ns, At safepoint: 8319 ns, Total: 102293 ns
[2025-06-11T23:17:58.714+0000][73][info ][safepoint   ] Safepoint "Cleanup", Time since last: 1000865553 ns, Reaching safepoint: 31352 ns, Cleanup: 16943 ns, At safepoint: 15490 ns, Total: 63785 ns
[2025-06-11T23:17:59.715+0000][73][info ][safepoint   ] Safepoint "Cleanup", Time since last: 1000752321 ns, Reaching safepoint: 31195 ns, Cleanup: 23397 ns, At safepoint: 15759 ns, Total: 70351 ns
[2025-06-11T23:18:00.716+0000][73][info ][safepoint   ] Safepoint "Cleanup", Time since last: 1000723446 ns, Reaching safepoint: 30613 ns, Cleanup: 22836 ns, At safepoint: 79913 ns, Total: 133362 ns
[2025-06-11T23:18:01.717+0000][73][info ][safepoint   ] Safepoint "Cleanup", Time since last: 1000795941 ns, Reaching safepoint: 802165 ns, Cleanup: 17561 ns, At safepoint: 126919 ns, Total: 946645 ns
[2025-06-11T23:18:02.718+0000][73][info ][safepoint   ] Safepoint "Cleanup", Time since last: 1000598010 ns, Reaching safepoint: 29454 ns, Cleanup: 21287 ns, At safepoint: 15792 ns, Total: 66533 ns
[2025-06-11T23:18:03.502+0000][73][info ][safepoint   ] Safepoint "ICBufferFull", Time since last: 783483658 ns, Reaching safepoint: 30630 ns, Cleanup: 289358 ns, At safepoint: 215984 ns, Total: 535972 ns
[2025-06-11T23:18:05.500+0000][73][info ][safepoint   ] Safepoint "Cleanup", Time since last: 1999908190 ns, Reaching safepoint: 30860 ns, Cleanup: 135370 ns, At safepoint: 17371 ns, Total: 183601 ns
[2025-06-11T23:18:06.501+0000][73][info ][safepoint   ] Safepoint "Cleanup", Time since last: 1000756955 ns, Reaching safepoint: 19321 ns, Cleanup: 14390 ns, At safepoint: 7200 ns, Total: 40911 ns
[2025-06-11T23:18:07.502+0000][73][info ][safepoint   ] Safepoint "Cleanup", Time since last: 1000667817 ns, Reaching safepoint: 29605 ns, Cleanup: 23505 ns, At safepoint: 14515 ns, Total: 67625 ns
[2025-06-11T23:18:08.503+0000][73][info ][safepoint   ] Safepoint "Cleanup", Time since last: 1000523732 ns, Reaching safepoint: 72884 ns, Cleanup: 17925 ns, At safepoint: 8086 ns, Total: 98895 ns
[2025-06-11T23:18:09.503+0000][73][info ][safepoint   ] Safepoint "Cleanup", Time since last: 1000565993 ns, Reaching safepoint: 18803 ns, Cleanup: 15350 ns, At safepoint: 7097 ns, Total: 41250 ns
[2025-06-11T23:18:10.504+0000][73][info ][safepoint   ] Safepoint "Cleanup", Time since last: 1000560024 ns, Reaching safepoint: 33959 ns, Cleanup: 18870 ns, At safepoint: 14884 ns, Total: 67713 ns
[2025-06-11T23:18:13.505+0000][73][info ][safepoint   ] Safepoint "Cleanup", Time since last: 3001345520 ns, Reaching safepoint: 17485 ns, Cleanup: 39837 ns, At safepoint: 7463 ns, Total: 64785 ns
[2025-06-11T23:18:16.506+0000][73][info ][safepoint   ] Safepoint "Cleanup", Time since last: 3001141521 ns, Reaching safepoint: 30621 ns, Cleanup: 27196 ns, At safepoint: 15011 ns, Total: 72828 ns
[2025-06-11T23:18:19.217+0000][73][info ][safepoint   ] Safepoint "Cleanup", Time since last: 2710095258 ns, Reaching safepoint: 5981 ns, Cleanup: 9550 ns, At safepoint: 2623 ns, Total: 18154 ns
[2025-06-11T23:18:19.825+0000][73][info ][safepoint   ] Safepoint "ICBufferFull", Time since last: 607742811 ns, Reaching safepoint: 129193 ns, Cleanup: 152026 ns, At safepoint: 132016 ns, Total: 413235 ns
[2025-06-11T23:18:19.830+0000][73][info ][safepoint   ] Safepoint "ICBufferFull", Time since last: 4620988 ns, Reaching safepoint: 142074 ns, Cleanup: 16773 ns, At safepoint: 119455 ns, Total: 278302 ns
[2025-06-11T23:18:19.832+0000][73][info ][safepoint   ] Safepoint "ICBufferFull", Time since last: 1971582 ns, Reaching safepoint: 121209 ns, Cleanup: 12546 ns, At safepoint: 170548 ns, Total: 304303 ns
[2025-06-11T23:18:19.870+0000][73][info ][gc,start    ] GC(14) Pause Young (Normal) (G1 Evacuation Pause)
[2025-06-11T23:18:19.871+0000][73][info ][gc,task     ] GC(14) Using 10 workers of 10 for evacuation
[2025-06-11T23:18:19.871+0000][73][debug][gc,age      ] GC(14) Desired survivor size 12582912 bytes, new threshold 15 (max threshold 15)
[2025-06-11T23:18:19.877+0000][73][info ][gc,phases   ] GC(14)   Pre Evacuate Collection Set: 0.98ms
[2025-06-11T23:18:19.878+0000][73][info ][gc,phases   ] GC(14)   Merge Heap Roots: 0.23ms
[2025-06-11T23:18:19.878+0000][73][info ][gc,phases   ] GC(14)   Evacuate Collection Set: 2.62ms
[2025-06-11T23:18:19.879+0000][73][info ][gc,phases   ] GC(14)   Post Evacuate Collection Set: 1.89ms
[2025-06-11T23:18:19.879+0000][73][info ][gc,phases   ] GC(14)   Other: 0.88ms
[2025-06-11T23:18:19.880+0000][73][trace][gc,age      ] GC(14) Age table with threshold 15 (max threshold 15)
[2025-06-11T23:18:19.880+0000][73][trace][gc,age      ] GC(14) - age   1:    2989016 bytes,    2989016 total
[2025-06-11T23:18:19.880+0000][73][trace][gc,age      ] GC(14) - age   2:      98808 bytes,    3087824 total
[2025-06-11T23:18:19.881+0000][73][info ][gc,heap     ] GC(14) Eden regions: 45->0(193)
[2025-06-11T23:18:19.881+0000][73][info ][gc,heap     ] GC(14) Survivor regions: 3->2(6)
[2025-06-11T23:18:19.882+0000][73][info ][gc,heap     ] GC(14) Old regions: 29->29
[2025-06-11T23:18:19.882+0000][73][info ][gc,heap     ] GC(14) Humongous regions: 0->0
[2025-06-11T23:18:19.882+0000][73][info ][gc,metaspace] GC(14) Metaspace: 143494K(147456K)->143494K(147456K) NonClass: 123588K(125696K)->123588K(125696K) Class: 19905K(21760K)->19905K(21760K)
[2025-06-11T23:18:19.883+0000][73][info ][gc          ] GC(14) Pause Young (Normal) (G1 Evacuation Pause) 302M->116M(3880M) 12.588ms
[2025-06-11T23:18:19.883+0000][73][info ][gc,cpu      ] GC(14) User=0.04s Sys=0.00s Real=0.01s
[2025-06-11T23:18:19.887+0000][73][info ][safepoint   ] Safepoint "G1CollectForAllocation", Time since last: 38233941 ns, Reaching safepoint: 159002 ns, Cleanup: 38196 ns, At safepoint: 17134611 ns, Total: 17331809 ns
[2025-06-11T23:18:21.526+0000][73][info ][safepoint   ] Safepoint "Cleanup", Time since last: 1637885536 ns, Reaching safepoint: 30645 ns, Cleanup: 211323 ns, At safepoint: 16870 ns, Total: 258838 ns
[2025-06-11T23:18:22.526+0000][73][info ][safepoint   ] Safepoint "Cleanup", Time since last: 1000642492 ns, Reaching safepoint: 17843 ns, Cleanup: 28728 ns, At safepoint: 7522 ns, Total: 54093 ns
[2025-06-11T23:18:23.551+0000][73][info ][safepoint   ] Safepoint "Cleanup", Time since last: 1024364084 ns, Reaching safepoint: 66538 ns, Cleanup: 62048 ns, At safepoint: 14613 ns, Total: 143199 ns
[2025-06-11T23:18:24.552+0000][73][info ][safepoint   ] Safepoint "Cleanup", Time since last: 1000628041 ns, Reaching safepoint: 32354 ns, Cleanup: 37942 ns, At safepoint: 50825 ns, Total: 121121 ns
[2025-06-11T23:18:26.167+0000][73][info ][safepoint   ] Safepoint "Cleanup", Time since last: 1615719633 ns, Reaching safepoint: 29639 ns, Cleanup: 60276 ns, At safepoint: 14799 ns, Total: 104714 ns
[2025-06-11T23:18:27.168+0000][73][info ][safepoint   ] Safepoint "Cleanup", Time since last: 1000866130 ns, Reaching safepoint: 33848 ns, Cleanup: 32294 ns, At safepoint: 16794 ns, Total: 82936 ns
[2025-06-11T23:18:28.169+0000][73][info ][safepoint   ] Safepoint "Cleanup", Time since last: 1000821862 ns, Reaching safepoint: 18899 ns, Cleanup: 14601 ns, At safepoint: 6917 ns, Total: 40417 ns
[2025-06-11T23:18:29.170+0000][73][info ][safepoint   ] Safepoint "Cleanup", Time since last: 1000749797 ns, Reaching safepoint: 20007 ns, Cleanup: 14616 ns, At safepoint: 7608 ns, Total: 42231 ns
[2025-06-11T23:18:31.568+0000][73][info ][safepoint   ] Safepoint "Cleanup", Time since last: 2397795347 ns, Reaching safepoint: 30180 ns, Cleanup: 17716 ns, At safepoint: 15131 ns, Total: 63027 ns
[2025-06-11T23:18:32.569+0000][73][info ][safepoint   ] Safepoint "Cleanup", Time since last: 1000736684 ns, Reaching safepoint: 32546 ns, Cleanup: 20744 ns, At safepoint: 15549 ns, Total: 68839 ns
[2025-06-11T23:18:34.567+0000][73][info ][safepoint   ] Safepoint "Cleanup", Time since last: 2000846987 ns, Reaching safepoint: 18368 ns, Cleanup: 15961 ns, At safepoint: 7565 ns, Total: 41894 ns
[2025-06-11T23:18:37.568+0000][73][info ][safepoint   ] Safepoint "Cleanup", Time since last: 3001125317 ns, Reaching safepoint: 29580 ns, Cleanup: 16092 ns, At safepoint: 13560 ns, Total: 59232 ns
[2025-06-11T23:18:38.569+0000][73][info ][safepoint   ] Safepoint "Cleanup", Time since last: 1000768974 ns, Reaching safepoint: 69525 ns, Cleanup: 25825 ns, At safepoint: 14246 ns, Total: 109596 ns
[2025-06-11T23:18:39.570+0000][73][info ][safepoint   ] Safepoint "Cleanup", Time since last: 1000785977 ns, Reaching safepoint: 29768 ns, Cleanup: 15882 ns, At safepoint: 14589 ns, Total: 60239 ns
[2025-06-11T23:18:41.216+0000][73][info ][safepoint   ] Safepoint "Cleanup", Time since last: 1645757764 ns, Reaching safepoint: 30541 ns, Cleanup: 93904 ns, At safepoint: 15289 ns, Total: 139734 ns
[2025-06-11T23:18:43.217+0000][73][info ][safepoint   ] Safepoint "Cleanup", Time since last: 2000832584 ns, Reaching safepoint: 32006 ns, Cleanup: 14682 ns, At safepoint: 74693 ns, Total: 121381 ns
[2025-06-11T23:18:44.217+0000][73][info ][safepoint   ] Safepoint "Cleanup", Time since last: 1000659779 ns, Reaching safepoint: 31954 ns, Cleanup: 21196 ns, At safepoint: 14484 ns, Total: 67634 ns
[2025-06-11T23:18:46.218+0000][73][info ][safepoint   ] Safepoint "Cleanup", Time since last: 2000951357 ns, Reaching safepoint: 32328 ns, Cleanup: 29409 ns, At safepoint: 16560 ns, Total: 78297 ns
[2025-06-11T23:18:49.220+0000][73][info ][safepoint   ] Safepoint "Cleanup", Time since last: 3001303583 ns, Reaching safepoint: 30159 ns, Cleanup: 24656 ns, At safepoint: 14327 ns, Total: 69142 ns
[2025-06-11T23:18:52.221+0000][73][info ][safepoint   ] Safepoint "Cleanup", Time since last: 3001060708 ns, Reaching safepoint: 36764 ns, Cleanup: 30407 ns, At safepoint: 17098 ns, Total: 84269 ns
[2025-06-11T23:18:54.222+0000][73][info ][safepoint   ] Safepoint "Cleanup", Time since last: 2000829741 ns, Reaching safepoint: 66265 ns, Cleanup: 29667 ns, At safepoint: 14460 ns, Total: 110392 ns
[2025-06-11T23:18:57.223+0000][73][info ][safepoint   ] Safepoint "Cleanup", Time since last: 3001022204 ns, Reaching safepoint: 31452 ns, Cleanup: 17734 ns, At safepoint: 15450 ns, Total: 64636 ns
[2025-06-11T23:18:58.224+0000][73][info ][safepoint   ] Safepoint "Cleanup", Time since last: 1000677089 ns, Reaching safepoint: 28754 ns, Cleanup: 15303 ns, At safepoint: 15501 ns, Total: 59558 ns
[2025-06-11T23:18:59.224+0000][73][info ][safepoint   ] Safepoint "Cleanup", Time since last: 1000773752 ns, Reaching safepoint: 25348 ns, Cleanup: 23844 ns, At safepoint: 8710 ns, Total: 57902 ns
[2025-06-11T23:19:04.224+0000][73][info ][safepoint   ] Safepoint "Cleanup", Time since last: 5001571951 ns, Reaching safepoint: 28067 ns, Cleanup: 30519 ns, At safepoint: 14088 ns, Total: 72674 ns
[2025-06-11T23:19:06.225+0000][73][info ][safepoint   ] Safepoint "Cleanup", Time since last: 2001075324 ns, Reaching safepoint: 30553 ns, Cleanup: 15356 ns, At safepoint: 14693 ns, Total: 60602 ns
[2025-06-11T23:19:09.227+0000][73][info ][safepoint   ] Safepoint "Cleanup", Time since last: 3001282773 ns, Reaching safepoint: 62750 ns, Cleanup: 15178 ns, At safepoint: 29036 ns, Total: 106964 ns
[2025-06-11T23:19:10.227+0000][73][info ][safepoint   ] Safepoint "Cleanup", Time since last: 1000874554 ns, Reaching safepoint: 29651 ns, Cleanup: 17502 ns, At safepoint: 14356 ns, Total: 61509 ns
[2025-06-11T23:19:18.230+0000][73][info ][safepoint   ] Safepoint "Cleanup", Time since last: 8002107740 ns, Reaching safepoint: 35908 ns, Cleanup: 19442 ns, At safepoint: 15943 ns, Total: 71293 ns
[2025-06-11T23:19:19.231+0000][73][info ][safepoint   ] Safepoint "Cleanup", Time since last: 1000833350 ns, Reaching safepoint: 30131 ns, Cleanup: 15197 ns, At safepoint: 14266 ns, Total: 59594 ns
[2025-06-11T23:19:20.261+0000][73][info ][safepoint   ] Safepoint "Cleanup", Time since last: 1030243429 ns, Reaching safepoint: 18443 ns, Cleanup: 15187 ns, At safepoint: 6842 ns, Total: 40472 ns
[2025-06-11T23:19:21.262+0000][73][info ][safepoint   ] Safepoint "Cleanup", Time since last: 1000647371 ns, Reaching safepoint: 34484 ns, Cleanup: 20753 ns, At safepoint: 16466 ns, Total: 71703 ns
[2025-06-11T23:19:22.262+0000][73][info ][safepoint   ] Safepoint "Cleanup", Time since last: 1000805450 ns, Reaching safepoint: 29574 ns, Cleanup: 15615 ns, At safepoint: 14230 ns, Total: 59419 ns
[2025-06-11T23:19:24.263+0000][73][info ][safepoint   ] Safepoint "Cleanup", Time since last: 2000890065 ns, Reaching safepoint: 32581 ns, Cleanup: 47511 ns, At safepoint: 14745 ns, Total: 94837 ns
[2025-06-11T23:19:25.264+0000][73][info ][safepoint   ] Safepoint "Cleanup", Time since last: 1000817616 ns, Reaching safepoint: 67987 ns, Cleanup: 26568 ns, At safepoint: 16067 ns, Total: 110622 ns
[2025-06-11T23:19:27.265+0000][73][info ][safepoint   ] Safepoint "Cleanup", Time since last: 2001032271 ns, Reaching safepoint: 29480 ns, Cleanup: 22982 ns, At safepoint: 13619 ns, Total: 66081 ns
[2025-06-11T23:19:28.266+0000][73][info ][safepoint   ] Safepoint "Cleanup", Time since last: 1000738880 ns, Reaching safepoint: 34913 ns, Cleanup: 33381 ns, At safepoint: 16476 ns, Total: 84770 ns
[2025-06-11T23:19:29.267+0000][73][info ][safepoint   ] Safepoint "Cleanup", Time since last: 1000648583 ns, Reaching safepoint: 31975 ns, Cleanup: 18178 ns, At safepoint: 16121 ns, Total: 66274 ns
[2025-06-11T23:19:31.268+0000][73][info ][safepoint   ] Safepoint "Cleanup", Time since last: 2000963358 ns, Reaching safepoint: 31646 ns, Cleanup: 18404 ns, At safepoint: 15448 ns, Total: 65498 ns
[2025-06-11T23:19:34.266+0000][73][info ][safepoint   ] Safepoint "Cleanup", Time since last: 3001054753 ns, Reaching safepoint: 20842 ns, Cleanup: 21779 ns, At safepoint: 18813 ns, Total: 61434 ns
[2025-06-11T23:19:35.267+0000][73][info ][safepoint   ] Safepoint "Cleanup", Time since last: 1000713439 ns, Reaching safepoint: 18515 ns, Cleanup: 13041 ns, At safepoint: 8161 ns, Total: 39717 ns
[2025-06-11T23:19:36.268+0000][73][info ][safepoint   ] Safepoint "Cleanup", Time since last: 1000718322 ns, Reaching safepoint: 30745 ns, Cleanup: 16737 ns, At safepoint: 14525 ns, Total: 62007 ns
[2025-06-11T23:19:37.269+0000][73][info ][safepoint   ] Safepoint "Cleanup", Time since last: 1000691977 ns, Reaching safepoint: 32179 ns, Cleanup: 20043 ns, At safepoint: 15052 ns, Total: 67274 ns
[2025-06-11T23:19:39.270+0000][73][info ][safepoint   ] Safepoint "Cleanup", Time since last: 2001034219 ns, Reaching safepoint: 30008 ns, Cleanup: 16049 ns, At safepoint: 14663 ns, Total: 60720 ns
[2025-06-11T23:19:42.692+0000][73][info ][safepoint   ] Safepoint "Cleanup", Time since last: 3422597746 ns, Reaching safepoint: 5930 ns, Cleanup: 19255 ns, At safepoint: 30055 ns, Total: 55240 ns
[2025-06-11T23:19:44.248+0000][73][info ][safepoint   ] Safepoint "Cleanup", Time since last: 1555832995 ns, Reaching safepoint: 18803 ns, Cleanup: 35608 ns, At safepoint: 7882 ns, Total: 62293 ns
[2025-06-11T23:19:46.249+0000][73][info ][safepoint   ] Safepoint "Cleanup", Time since last: 2000794113 ns, Reaching safepoint: 30606 ns, Cleanup: 18671 ns, At safepoint: 14200 ns, Total: 63477 ns
[2025-06-11T23:19:49.250+0000][73][info ][safepoint   ] Safepoint "Cleanup", Time since last: 3001179050 ns, Reaching safepoint: 35608 ns, Cleanup: 18690 ns, At safepoint: 79573 ns, Total: 133871 ns
[2025-06-11T23:19:52.252+0000][73][info ][safepoint   ] Safepoint "Cleanup", Time since last: 3001061918 ns, Reaching safepoint: 29929 ns, Cleanup: 24256 ns, At safepoint: 124625 ns, Total: 178810 ns
[2025-06-11T23:19:54.253+0000][73][info ][safepoint   ] Safepoint "Cleanup", Time since last: 2000839211 ns, Reaching safepoint: 17912 ns, Cleanup: 16157 ns, At safepoint: 8677 ns, Total: 42746 ns
[2025-06-11T23:19:55.254+0000][73][info ][safepoint   ] Safepoint "Cleanup", Time since last: 1000860302 ns, Reaching safepoint: 70286 ns, Cleanup: 26072 ns, At safepoint: 33544 ns, Total: 129902 ns
[2025-06-11T23:19:57.255+0000][73][info ][safepoint   ] Safepoint "Cleanup", Time since last: 2001063499 ns, Reaching safepoint: 29550 ns, Cleanup: 22493 ns, At safepoint: 14023 ns, Total: 66066 ns
[2025-06-11T23:19:58.256+0000][73][info ][safepoint   ] Safepoint "Cleanup", Time since last: 1000946250 ns, Reaching safepoint: 28688 ns, Cleanup: 19769 ns, At safepoint: 15137 ns, Total: 63594 ns
[2025-06-11T23:19:59.257+0000][73][info ][safepoint   ] Safepoint "Cleanup", Time since last: 1000807571 ns, Reaching safepoint: 111262 ns, Cleanup: 20660 ns, At safepoint: 15250 ns, Total: 147172 ns
[2025-06-11T23:20:01.258+0000][73][info ][safepoint   ] Safepoint "Cleanup", Time since last: 2000884043 ns, Reaching safepoint: 29706 ns, Cleanup: 14781 ns, At safepoint: 14481 ns, Total: 58968 ns
[2025-06-11T23:20:02.259+0000][73][info ][safepoint   ] Safepoint "Cleanup", Time since last: 1000843238 ns, Reaching safepoint: 33490 ns, Cleanup: 17842 ns, At safepoint: 16100 ns, Total: 67432 ns
[2025-06-11T23:20:06.257+0000][73][info ][safepoint   ] Safepoint "Cleanup", Time since last: 4001174784 ns, Reaching safepoint: 29594 ns, Cleanup: 33598 ns, At safepoint: 14037 ns, Total: 77229 ns
[2025-06-11T23:20:07.258+0000][73][info ][safepoint   ] Safepoint "Cleanup", Time since last: 1000650583 ns, Reaching safepoint: 17224 ns, Cleanup: 12005 ns, At safepoint: 7239 ns, Total: 36468 ns
[2025-06-11T23:20:08.258+0000][73][info ][safepoint   ] Safepoint "Cleanup", Time since last: 1000643964 ns, Reaching safepoint: 18732 ns, Cleanup: 12542 ns, At safepoint: 7319 ns, Total: 38593 ns
[2025-06-11T23:20:09.260+0000][73][info ][safepoint   ] Safepoint "Cleanup", Time since last: 1001141189 ns, Reaching safepoint: 32513 ns, Cleanup: 20074 ns, At safepoint: 15783 ns, Total: 68370 ns
[2025-06-11T23:20:13.261+0000][73][info ][safepoint   ] Safepoint "Cleanup", Time since last: 4001490430 ns, Reaching safepoint: 67999 ns, Cleanup: 16132 ns, At safepoint: 15347 ns, Total: 99478 ns
[2025-06-11T23:20:14.262+0000][73][info ][safepoint   ] Safepoint "Cleanup", Time since last: 1000800091 ns, Reaching safepoint: 31009 ns, Cleanup: 16309 ns, At safepoint: 14575 ns, Total: 61893 ns
[2025-06-11T23:20:16.263+0000][73][info ][safepoint   ] Safepoint "Cleanup", Time since last: 2000891094 ns, Reaching safepoint: 19736 ns, Cleanup: 13361 ns, At safepoint: 7728 ns, Total: 40825 ns
[2025-06-11T23:20:18.264+0000][73][info ][safepoint   ] Safepoint "Cleanup", Time since last: 2000909804 ns, Reaching safepoint: 29126 ns, Cleanup: 16057 ns, At safepoint: 14012 ns, Total: 59195 ns
[2025-06-11T23:20:22.296+0000][73][info ][safepoint   ] Safepoint "Cleanup", Time since last: 4032017440 ns, Reaching safepoint: 29789 ns, Cleanup: 15582 ns, At safepoint: 14797 ns, Total: 60168 ns
[2025-06-11T23:20:24.297+0000][73][info ][safepoint   ] Safepoint "Cleanup", Time since last: 2000959562 ns, Reaching safepoint: 30894 ns, Cleanup: 47887 ns, At safepoint: 16147 ns, Total: 94928 ns
[2025-06-11T23:20:27.298+0000][73][info ][safepoint   ] Safepoint "Cleanup", Time since last: 3001099975 ns, Reaching safepoint: 30553 ns, Cleanup: 18972 ns, At safepoint: 15480 ns, Total: 65005 ns
[2025-06-11T23:20:28.299+0000][73][info ][safepoint   ] Safepoint "Cleanup", Time since last: 1000657483 ns, Reaching safepoint: 28938 ns, Cleanup: 23044 ns, At safepoint: 14294 ns, Total: 66276 ns
[2025-06-11T23:20:34.299+0000][73][info ][safepoint   ] Safepoint "Cleanup", Time since last: 6001830080 ns, Reaching safepoint: 35509 ns, Cleanup: 89072 ns, At safepoint: 21149 ns, Total: 145730 ns
[2025-06-11T23:20:35.300+0000][73][info ][safepoint   ] Safepoint "Cleanup", Time since last: 1000793621 ns, Reaching safepoint: 33410 ns, Cleanup: 17576 ns, At safepoint: 16106 ns, Total: 67092 ns
[2025-06-11T23:20:43.302+0000][73][info ][safepoint   ] Safepoint "Cleanup", Time since last: 8002061359 ns, Reaching safepoint: 128135 ns, Cleanup: 16443 ns, At safepoint: 15295 ns, Total: 159873 ns
[2025-06-11T23:20:44.303+0000][73][info ][safepoint   ] Safepoint "Cleanup", Time since last: 1000849844 ns, Reaching safepoint: 32152 ns, Cleanup: 22912 ns, At safepoint: 16409 ns, Total: 71473 ns
[2025-06-11T23:20:45.680+0000][73][info ][safepoint   ] Safepoint "Cleanup", Time since last: 1376134563 ns, Reaching safepoint: 13334 ns, Cleanup: 31844 ns, At safepoint: 69063 ns, Total: 114241 ns
[2025-06-11T23:20:47.291+0000][73][info ][safepoint   ] Safepoint "Cleanup", Time since last: 1611198809 ns, Reaching safepoint: 28752 ns, Cleanup: 40564 ns, At safepoint: 13677 ns, Total: 82993 ns
[2025-06-11T23:20:49.292+0000][73][info ][safepoint   ] Safepoint "Cleanup", Time since last: 2000857657 ns, Reaching safepoint: 28279 ns, Cleanup: 14510 ns, At safepoint: 13343 ns, Total: 56132 ns
[2025-06-11T23:20:51.293+0000][73][info ][safepoint   ] Safepoint "Cleanup", Time since last: 2000897798 ns, Reaching safepoint: 27973 ns, Cleanup: 14448 ns, At safepoint: 12739 ns, Total: 55160 ns
[2025-06-11T23:20:55.294+0000][73][info ][safepoint   ] Safepoint "Cleanup", Time since last: 4001502974 ns, Reaching safepoint: 28482 ns, Cleanup: 23154 ns, At safepoint: 13961 ns, Total: 65597 ns
[2025-06-11T23:20:57.295+0000][73][info ][safepoint   ] Safepoint "Cleanup", Time since last: 2000980028 ns, Reaching safepoint: 29970 ns, Cleanup: 14969 ns, At safepoint: 14326 ns, Total: 59265 ns
[2025-06-11T23:20:58.296+0000][73][info ][safepoint   ] Safepoint "Cleanup", Time since last: 1000793433 ns, Reaching safepoint: 31158 ns, Cleanup: 18676 ns, At safepoint: 15247 ns, Total: 65081 ns
[2025-06-11T23:21:01.297+0000][73][info ][safepoint   ] Safepoint "Cleanup", Time since last: 3001218608 ns, Reaching safepoint: 31677 ns, Cleanup: 16667 ns, At safepoint: 16112 ns, Total: 64456 ns
[2025-06-11T23:21:04.296+0000][73][info ][safepoint   ] Safepoint "Cleanup", Time since last: 3001121939 ns, Reaching safepoint: 33945 ns, Cleanup: 19360 ns, At safepoint: 16500 ns, Total: 69805 ns
[2025-06-11T23:21:09.298+0000][73][info ][safepoint   ] Safepoint "Cleanup", Time since last: 5001506966 ns, Reaching safepoint: 30583 ns, Cleanup: 19918 ns, At safepoint: 15202 ns, Total: 65703 ns
[2025-06-11T23:21:13.299+0000][73][info ][safepoint   ] Safepoint "Cleanup", Time since last: 4001061590 ns, Reaching safepoint: 65300 ns, Cleanup: 16033 ns, At safepoint: 14089 ns, Total: 95422 ns
[2025-06-11T23:21:14.300+0000][73][info ][safepoint   ] Safepoint "Cleanup", Time since last: 1000765010 ns, Reaching safepoint: 125841 ns, Cleanup: 15807 ns, At safepoint: 66781 ns, Total: 208429 ns
[2025-06-11T23:21:16.301+0000][73][info ][safepoint   ] Safepoint "Cleanup", Time since last: 2000870097 ns, Reaching safepoint: 18236 ns, Cleanup: 13894 ns, At safepoint: 24564 ns, Total: 56694 ns
[2025-06-11T23:21:22.334+0000][73][info ][safepoint   ] Safepoint "Cleanup", Time since last: 6033555956 ns, Reaching safepoint: 30861 ns, Cleanup: 16304 ns, At safepoint: 14142 ns, Total: 61307 ns
[2025-06-11T23:21:24.336+0000][73][info ][safepoint   ] Safepoint "Cleanup", Time since last: 2001087748 ns, Reaching safepoint: 31851 ns, Cleanup: 34095 ns, At safepoint: 15033 ns, Total: 80979 ns
[2025-06-11T23:21:27.337+0000][73][info ][safepoint   ] Safepoint "Cleanup", Time since last: 3001199854 ns, Reaching safepoint: 47076 ns, Cleanup: 17379 ns, At safepoint: 30176 ns, Total: 94631 ns
[2025-06-11T23:21:29.338+0000][73][info ][safepoint   ] Safepoint "Cleanup", Time since last: 2000955088 ns, Reaching safepoint: 29551 ns, Cleanup: 19054 ns, At safepoint: 14645 ns, Total: 63250 ns
[2025-06-11T23:21:31.339+0000][73][info ][safepoint   ] Safepoint "Cleanup", Time since last: 2000995825 ns, Reaching safepoint: 31559 ns, Cleanup: 16111 ns, At safepoint: 14808 ns, Total: 62478 ns
[2025-06-11T23:21:32.340+0000][73][info ][safepoint   ] Safepoint "Cleanup", Time since last: 1000783129 ns, Reaching safepoint: 29627 ns, Cleanup: 16494 ns, At safepoint: 13938 ns, Total: 60059 ns
[2025-06-11T23:21:34.338+0000][73][info ][safepoint   ] Safepoint "Cleanup", Time since last: 2000808234 ns, Reaching safepoint: 18803 ns, Cleanup: 13496 ns, At safepoint: 8448 ns, Total: 40747 ns
[2025-06-11T23:21:39.340+0000][73][info ][safepoint   ] Safepoint "Cleanup", Time since last: 5001243099 ns, Reaching safepoint: 33141 ns, Cleanup: 107244 ns, At safepoint: 19600 ns, Total: 159985 ns
[2025-06-11T23:21:41.341+0000][73][info ][safepoint   ] Safepoint "Cleanup", Time since last: 2000747264 ns, Reaching safepoint: 21838 ns, Cleanup: 12779 ns, At safepoint: 8006 ns, Total: 42623 ns
[2025-06-11T23:21:43.341+0000][73][info ][safepoint   ] Safepoint "Cleanup", Time since last: 2000671131 ns, Reaching safepoint: 65387 ns, Cleanup: 16271 ns, At safepoint: 8568 ns, Total: 90226 ns
[2025-06-11T23:21:48.692+0000][73][info ][safepoint   ] Safepoint "Cleanup", Time since last: 5351062544 ns, Reaching safepoint: 12754 ns, Cleanup: 47578 ns, At safepoint: 80851 ns, Total: 141183 ns
[2025-06-11T23:21:50.331+0000][73][info ][safepoint   ] Safepoint "Cleanup", Time since last: 1638068590 ns, Reaching safepoint: 18533 ns, Cleanup: 31929 ns, At safepoint: 7152 ns, Total: 57614 ns
[2025-06-11T23:21:52.331+0000][73][info ][safepoint   ] Safepoint "Cleanup", Time since last: 2000768736 ns, Reaching safepoint: 18051 ns, Cleanup: 17561 ns, At safepoint: 7790 ns, Total: 43402 ns
[2025-06-11T23:21:54.332+0000][73][info ][safepoint   ] Safepoint "Cleanup", Time since last: 2000888144 ns, Reaching safepoint: 17472 ns, Cleanup: 13911 ns, At safepoint: 7442 ns, Total: 38825 ns
[2025-06-11T23:21:55.333+0000][73][info ][safepoint   ] Safepoint "Cleanup", Time since last: 1000694199 ns, Reaching safepoint: 28238 ns, Cleanup: 14442 ns, At safepoint: 13763 ns, Total: 56443 ns
[2025-06-11T23:21:57.334+0000][73][info ][safepoint   ] Safepoint "Cleanup", Time since last: 2001080500 ns, Reaching safepoint: 32404 ns, Cleanup: 22423 ns, At safepoint: 17416 ns, Total: 72243 ns
[2025-06-11T23:21:59.335+0000][73][info ][safepoint   ] Safepoint "Cleanup", Time since last: 2000952446 ns, Reaching safepoint: 30375 ns, Cleanup: 17333 ns, At safepoint: 14069 ns, Total: 61777 ns
[2025-06-11T23:22:01.336+0000][73][info ][safepoint   ] Safepoint "Cleanup", Time since last: 2000976602 ns, Reaching safepoint: 29262 ns, Cleanup: 16425 ns, At safepoint: 14208 ns, Total: 59895 ns
[2025-06-11T23:22:04.335+0000][73][info ][safepoint   ] Safepoint "Cleanup", Time since last: 3001021550 ns, Reaching safepoint: 116114 ns, Cleanup: 17576 ns, At safepoint: 14631 ns, Total: 148321 ns
[2025-06-11T23:22:06.336+0000][73][info ][safepoint   ] Safepoint "Cleanup", Time since last: 2000912632 ns, Reaching safepoint: 29140 ns, Cleanup: 17689 ns, At safepoint: 13483 ns, Total: 60312 ns
[2025-06-11T23:22:07.337+0000][73][info ][safepoint   ] Safepoint "Cleanup", Time since last: 1000712588 ns, Reaching safepoint: 18540 ns, Cleanup: 17774 ns, At safepoint: 6977 ns, Total: 43291 ns
[2025-06-11T23:22:08.338+0000][73][info ][safepoint   ] Safepoint "Cleanup", Time since last: 1000820237 ns, Reaching safepoint: 23989 ns, Cleanup: 29963 ns, At safepoint: 9433 ns, Total: 63385 ns
[2025-06-11T23:22:09.339+0000][73][info ][safepoint   ] Safepoint "Cleanup", Time since last: 1000633632 ns, Reaching safepoint: 21861 ns, Cleanup: 21223 ns, At safepoint: 9517 ns, Total: 52601 ns
[2025-06-11T23:22:10.339+0000][73][info ][safepoint   ] Safepoint "Cleanup", Time since last: 1000560092 ns, Reaching safepoint: 17808 ns, Cleanup: 14044 ns, At safepoint: 7348 ns, Total: 39200 ns
[2025-06-11T23:22:13.341+0000][73][info ][safepoint   ] Safepoint "Cleanup", Time since last: 3001774307 ns, Reaching safepoint: 32557 ns, Cleanup: 20560 ns, At safepoint: 14566 ns, Total: 67683 ns
[2025-06-11T23:22:14.342+0000][73][info ][safepoint   ] Safepoint "Cleanup", Time since last: 1000754376 ns, Reaching safepoint: 65719 ns, Cleanup: 18650 ns, At safepoint: 14726 ns, Total: 99095 ns
[2025-06-11T23:22:22.375+0000][73][info ][safepoint   ] Safepoint "Cleanup", Time since last: 8032525632 ns, Reaching safepoint: 29354 ns, Cleanup: 15455 ns, At safepoint: 14638 ns, Total: 59447 ns
[2025-06-11T23:22:23.375+0000][73][info ][safepoint   ] Safepoint "Cleanup", Time since last: 1000762270 ns, Reaching safepoint: 31476 ns, Cleanup: 26992 ns, At safepoint: 14504 ns, Total: 72972 ns
[2025-06-11T23:22:24.376+0000][73][info ][safepoint   ] Safepoint "Cleanup", Time since last: 1000785437 ns, Reaching safepoint: 31143 ns, Cleanup: 18437 ns, At safepoint: 14146 ns, Total: 63726 ns
[2025-06-11T23:22:26.377+0000][73][info ][safepoint   ] Safepoint "Cleanup", Time since last: 2001064236 ns, Reaching safepoint: 30495 ns, Cleanup: 16707 ns, At safepoint: 14175 ns, Total: 61377 ns
[2025-06-11T23:22:27.378+0000][73][info ][safepoint   ] Safepoint "Cleanup", Time since last: 1000895806 ns, Reaching safepoint: 17992 ns, Cleanup: 13939 ns, At safepoint: 8049 ns, Total: 39980 ns
[2025-06-11T23:22:31.379+0000][73][info ][safepoint   ] Safepoint "Cleanup", Time since last: 4001087342 ns, Reaching safepoint: 45873 ns, Cleanup: 14844 ns, At safepoint: 7105 ns, Total: 67822 ns
[2025-06-11T23:22:34.378+0000][73][info ][safepoint   ] Safepoint "Cleanup", Time since last: 3001097151 ns, Reaching safepoint: 31631 ns, Cleanup: 21438 ns, At safepoint: 14975 ns, Total: 68044 ns
[2025-06-11T23:22:40.380+0000][73][info ][safepoint   ] Safepoint "Cleanup", Time since last: 6001638207 ns, Reaching safepoint: 22585 ns, Cleanup: 12721 ns, At safepoint: 8266 ns, Total: 43572 ns
[2025-06-11T23:22:43.381+0000][73][info ][safepoint   ] Safepoint "Cleanup", Time since last: 3000932150 ns, Reaching safepoint: 26896 ns, Cleanup: 15690 ns, At safepoint: 11336 ns, Total: 53922 ns
[2025-06-11T23:22:46.382+0000][73][info ][safepoint   ] Safepoint "Cleanup", Time since last: 3000982520 ns, Reaching safepoint: 155232 ns, Cleanup: 18815 ns, At safepoint: 16045 ns, Total: 190092 ns
[2025-06-11T23:22:51.689+0000][73][info ][safepoint   ] Safepoint "Cleanup", Time since last: 5306347847 ns, Reaching safepoint: 6502 ns, Cleanup: 14722 ns, At safepoint: 3131 ns, Total: 24355 ns
[2025-06-11T23:22:53.409+0000][73][info ][safepoint   ] Safepoint "Cleanup", Time since last: 1720273963 ns, Reaching safepoint: 16387 ns, Cleanup: 19269 ns, At safepoint: 6658 ns, Total: 42314 ns
[2025-06-11T23:22:54.410+0000][73][info ][safepoint   ] Safepoint "Cleanup", Time since last: 1001116681 ns, Reaching safepoint: 18824 ns, Cleanup: 17149 ns, At safepoint: 10711 ns, Total: 46684 ns
[2025-06-11T23:22:55.411+0000][73][info ][safepoint   ] Safepoint "Cleanup", Time since last: 1000618247 ns, Reaching safepoint: 31959 ns, Cleanup: 15662 ns, At safepoint: 13501 ns, Total: 61122 ns
[2025-06-11T23:22:56.412+0000][73][info ][safepoint   ] Safepoint "Cleanup", Time since last: 1000635033 ns, Reaching safepoint: 34032 ns, Cleanup: 21624 ns, At safepoint: 15996 ns, Total: 71652 ns
[2025-06-11T23:22:57.412+0000][73][info ][safepoint   ] Safepoint "Cleanup", Time since last: 1000669867 ns, Reaching safepoint: 30198 ns, Cleanup: 194925 ns, At safepoint: 17076 ns, Total: 242199 ns
[2025-06-11T23:22:58.413+0000][73][info ][safepoint   ] Safepoint "Cleanup", Time since last: 1000618464 ns, Reaching safepoint: 17691 ns, Cleanup: 47779 ns, At safepoint: 8907 ns, Total: 74377 ns
[2025-06-11T23:22:59.414+0000][73][info ][safepoint   ] Safepoint "Cleanup", Time since last: 1001090145 ns, Reaching safepoint: 30513 ns, Cleanup: 16497 ns, At safepoint: 14980 ns, Total: 61990 ns
[2025-06-11T23:23:01.415+0000][73][info ][safepoint   ] Safepoint "Cleanup", Time since last: 2000812028 ns, Reaching safepoint: 31188 ns, Cleanup: 17379 ns, At safepoint: 15132 ns, Total: 63699 ns
[2025-06-11T23:23:02.416+0000][73][info ][safepoint   ] Safepoint "Cleanup", Time since last: 1000957994 ns, Reaching safepoint: 32625 ns, Cleanup: 23122 ns, At safepoint: 15962 ns, Total: 71709 ns
[2025-06-11T23:23:04.415+0000][73][info ][safepoint   ] Safepoint "Cleanup", Time since last: 2000927985 ns, Reaching safepoint: 30746 ns, Cleanup: 24975 ns, At safepoint: 13986 ns, Total: 69707 ns
[2025-06-11T23:23:06.416+0000][73][info ][safepoint   ] Safepoint "Cleanup", Time since last: 2000943870 ns, Reaching safepoint: 30127 ns, Cleanup: 20958 ns, At safepoint: 14456 ns, Total: 65541 ns
[2025-06-11T23:23:07.417+0000][73][info ][safepoint   ] Safepoint "Cleanup", Time since last: 1000748625 ns, Reaching safepoint: 32395 ns, Cleanup: 20773 ns, At safepoint: 15740 ns, Total: 68908 ns
[2025-06-11T23:23:08.417+0000][73][info ][safepoint   ] Safepoint "Cleanup", Time since last: 1000582525 ns, Reaching safepoint: 17402 ns, Cleanup: 12497 ns, At safepoint: 7057 ns, Total: 36956 ns
[2025-06-11T23:23:14.419+0000][73][info ][safepoint   ] Safepoint "Cleanup", Time since last: 6001457905 ns, Reaching safepoint: 33052 ns, Cleanup: 21613 ns, At safepoint: 15351 ns, Total: 70016 ns
[2025-06-11T23:23:18.420+0000][73][info ][safepoint   ] Safepoint "Cleanup", Time since last: 4001137995 ns, Reaching safepoint: 81021 ns, Cleanup: 18437 ns, At safepoint: 16787 ns, Total: 116245 ns
[2025-06-11T23:23:20.409+0000][73][info ][safepoint   ] Safepoint "Cleanup", Time since last: 1989155419 ns, Reaching safepoint: 18431 ns, Cleanup: 12842 ns, At safepoint: 7281 ns, Total: 38554 ns
[2025-06-11T23:23:22.410+0000][73][info ][safepoint   ] Safepoint "Cleanup", Time since last: 2001019754 ns, Reaching safepoint: 28962 ns, Cleanup: 17539 ns, At safepoint: 14587 ns, Total: 61088 ns
[2025-06-11T23:23:23.411+0000][73][info ][safepoint   ] Safepoint "Cleanup", Time since last: 1000852974 ns, Reaching safepoint: 17720 ns, Cleanup: 14728 ns, At safepoint: 6991 ns, Total: 39439 ns
[2025-06-11T23:23:24.412+0000][73][info ][safepoint   ] Safepoint "Cleanup", Time since last: 1000621698 ns, Reaching safepoint: 30125 ns, Cleanup: 19025 ns, At safepoint: 14064 ns, Total: 63214 ns
[2025-06-11T23:23:27.413+0000][73][info ][safepoint   ] Safepoint "Cleanup", Time since last: 3000907261 ns, Reaching safepoint: 31432 ns, Cleanup: 18159 ns, At safepoint: 14071 ns, Total: 63662 ns
[2025-06-11T23:23:28.424+0000][73][info ][safepoint   ] Safepoint "Cleanup", Time since last: 1011558520 ns, Reaching safepoint: 15154 ns, Cleanup: 47526 ns, At safepoint: 12625 ns, Total: 75305 ns
[2025-06-11T23:23:29.433+0000][73][info ][safepoint   ] Safepoint "Cleanup", Time since last: 1008072232 ns, Reaching safepoint: 18860 ns, Cleanup: 26539 ns, At safepoint: 7325 ns, Total: 52724 ns
[2025-06-11T23:23:30.488+0000][73][info ][safepoint   ] Safepoint "Cleanup", Time since last: 1055302397 ns, Reaching safepoint: 32542 ns, Cleanup: 25952 ns, At safepoint: 16968 ns, Total: 75462 ns
[2025-06-11T23:23:32.489+0000][73][info ][safepoint   ] Safepoint "Cleanup", Time since last: 2000832313 ns, Reaching safepoint: 29262 ns, Cleanup: 15684 ns, At safepoint: 14062 ns, Total: 59008 ns
[2025-06-11T23:23:34.487+0000][73][info ][safepoint   ] Safepoint "Cleanup", Time since last: 2000958204 ns, Reaching safepoint: 31744 ns, Cleanup: 18312 ns, At safepoint: 14874 ns, Total: 64930 ns
[2025-06-11T23:23:36.488+0000][73][info ][safepoint   ] Safepoint "Cleanup", Time since last: 2000948686 ns, Reaching safepoint: 36425 ns, Cleanup: 14476 ns, At safepoint: 8388 ns, Total: 59289 ns
[2025-06-11T23:23:39.489+0000][73][info ][safepoint   ] Safepoint "Cleanup", Time since last: 3000967561 ns, Reaching safepoint: 25145 ns, Cleanup: 16608 ns, At safepoint: 8681 ns, Total: 50434 ns
[2025-06-11T23:23:43.491+0000][73][info ][safepoint   ] Safepoint "Cleanup", Time since last: 4001404513 ns, Reaching safepoint: 22469 ns, Cleanup: 14726 ns, At safepoint: 26945 ns, Total: 64140 ns
[2025-06-11T23:23:46.492+0000][73][info ][safepoint   ] Safepoint "Cleanup", Time since last: 3001045405 ns, Reaching safepoint: 82482 ns, Cleanup: 20475 ns, At safepoint: 91334 ns, Total: 194291 ns
[2025-06-11T23:23:48.493+0000][73][info ][safepoint   ] Safepoint "Cleanup", Time since last: 2000745186 ns, Reaching safepoint: 32365 ns, Cleanup: 18859 ns, At safepoint: 136466 ns, Total: 187690 ns
[2025-06-11T23:23:49.494+0000][73][info ][safepoint   ] Safepoint "Cleanup", Time since last: 1000665396 ns, Reaching safepoint: 29914 ns, Cleanup: 22493 ns, At safepoint: 14984 ns, Total: 67391 ns
[2025-06-11T23:23:51.495+0000][73][info ][safepoint   ] Safepoint "Cleanup", Time since last: 2000912596 ns, Reaching safepoint: 29768 ns, Cleanup: 15744 ns, At safepoint: 14208 ns, Total: 59720 ns
[2025-06-11T23:23:54.496+0000][73][info ][safepoint   ] Safepoint "Cleanup", Time since last: 3001340126 ns, Reaching safepoint: 31091 ns, Cleanup: 34137 ns, At safepoint: 15838 ns, Total: 81066 ns
[2025-06-11T23:23:55.501+0000][73][info ][safepoint   ] Safepoint "Cleanup", Time since last: 1004390310 ns, Reaching safepoint: 13786 ns, Cleanup: 32269 ns, At safepoint: 67267 ns, Total: 113322 ns
[2025-06-11T23:23:56.513+0000][73][info ][safepoint   ] Safepoint "Cleanup", Time since last: 1012007702 ns, Reaching safepoint: 18869 ns, Cleanup: 13256 ns, At safepoint: 7699 ns, Total: 39824 ns
[2025-06-11T23:23:57.513+0000][73][info ][safepoint   ] Safepoint "Cleanup", Time since last: 1000714308 ns, Reaching safepoint: 29764 ns, Cleanup: 16444 ns, At safepoint: 13956 ns, Total: 60164 ns
[2025-06-11T23:23:58.514+0000][73][info ][safepoint   ] Safepoint "Cleanup", Time since last: 1000808775 ns, Reaching safepoint: 19124 ns, Cleanup: 14001 ns, At safepoint: 9084 ns, Total: 42209 ns
[2025-06-11T23:23:59.515+0000][73][info ][safepoint   ] Safepoint "Cleanup", Time since last: 1000730623 ns, Reaching safepoint: 17686 ns, Cleanup: 28152 ns, At safepoint: 7842 ns, Total: 53680 ns
[2025-06-11T23:24:00.694+0000][73][info ][safepoint   ] Safepoint "Cleanup", Time since last: 1178636989 ns, Reaching safepoint: 10972 ns, Cleanup: 59519 ns, At safepoint: 22587 ns, Total: 93078 ns
[2025-06-11T23:24:01.700+0000][73][info ][safepoint   ] Safepoint "Cleanup", Time since last: 1006628063 ns, Reaching safepoint: 30952 ns, Cleanup: 17632 ns, At safepoint: 14442 ns, Total: 63026 ns
[2025-06-11T23:24:04.699+0000][73][info ][safepoint   ] Safepoint "Cleanup", Time since last: 3001002977 ns, Reaching safepoint: 33492 ns, Cleanup: 30981 ns, At safepoint: 17089 ns, Total: 81562 ns
[2025-06-11T23:24:06.700+0000][73][info ][safepoint   ] Safepoint "Cleanup", Time since last: 2000922341 ns, Reaching safepoint: 35403 ns, Cleanup: 21520 ns, At safepoint: 88691 ns, Total: 145614 ns
[2025-06-11T23:24:09.701+0000][73][info ][safepoint   ] Safepoint "Cleanup", Time since last: 3000924099 ns, Reaching safepoint: 31167 ns, Cleanup: 19641 ns, At safepoint: 13901 ns, Total: 64709 ns
[2025-06-11T23:24:22.448+0000][73][info ][safepoint   ] Safepoint "Cleanup", Time since last: 12746659578 ns, Reaching safepoint: 29670 ns, Cleanup: 16975 ns, At safepoint: 13452 ns, Total: 60097 ns
[2025-06-11T23:24:23.449+0000][73][info ][safepoint   ] Safepoint "Cleanup", Time since last: 1000938918 ns, Reaching safepoint: 30827 ns, Cleanup: 30015 ns, At safepoint: 15015 ns, Total: 75857 ns
[2025-06-11T23:24:24.450+0000][73][info ][safepoint   ] Safepoint "Cleanup", Time since last: 1000788086 ns, Reaching safepoint: 18788 ns, Cleanup: 16152 ns, At safepoint: 7350 ns, Total: 42290 ns
[2025-06-11T23:24:25.451+0000][73][info ][safepoint   ] Safepoint "Cleanup", Time since last: 1000916708 ns, Reaching safepoint: 30268 ns, Cleanup: 29447 ns, At safepoint: 15730 ns, Total: 75445 ns
[2025-06-11T23:24:27.452+0000][73][info ][safepoint   ] Safepoint "Cleanup", Time since last: 2001076437 ns, Reaching safepoint: 29670 ns, Cleanup: 20797 ns, At safepoint: 14117 ns, Total: 64584 ns
[2025-06-11T23:24:29.453+0000][73][info ][safepoint   ] Safepoint "Cleanup", Time since last: 2001009862 ns, Reaching safepoint: 96019 ns, Cleanup: 19988 ns, At safepoint: 18723 ns, Total: 134730 ns
[2025-06-11T23:24:31.454+0000][73][info ][safepoint   ] Safepoint "Cleanup", Time since last: 2000823809 ns, Reaching safepoint: 31307 ns, Cleanup: 22019 ns, At safepoint: 15951 ns, Total: 69277 ns
[2025-06-11T23:24:34.452+0000][73][info ][safepoint   ] Safepoint "Cleanup", Time since last: 3000944764 ns, Reaching safepoint: 120131 ns, Cleanup: 21004 ns, At safepoint: 19077 ns, Total: 160212 ns
[2025-06-11T23:24:36.453+0000][73][info ][safepoint   ] Safepoint "Cleanup", Time since last: 2001011039 ns, Reaching safepoint: 32905 ns, Cleanup: 17603 ns, At safepoint: 16135 ns, Total: 66643 ns
[2025-06-11T23:24:37.454+0000][73][info ][safepoint   ] Safepoint "Cleanup", Time since last: 1000715280 ns, Reaching safepoint: 19317 ns, Cleanup: 19223 ns, At safepoint: 8348 ns, Total: 46888 ns
[2025-06-11T23:24:39.455+0000][73][info ][safepoint   ] Safepoint "Cleanup", Time since last: 2000825309 ns, Reaching safepoint: 29775 ns, Cleanup: 19375 ns, At safepoint: 14513 ns, Total: 63663 ns
[2025-06-11T23:24:47.458+0000][73][info ][safepoint   ] Safepoint "Cleanup", Time since last: 8002410823 ns, Reaching safepoint: 43867 ns, Cleanup: 13827 ns, At safepoint: 6828 ns, Total: 64522 ns
[2025-06-11T23:24:53.459+0000][73][info ][safepoint   ] Safepoint "Cleanup", Time since last: 6001738106 ns, Reaching safepoint: 32942 ns, Cleanup: 17174 ns, At safepoint: 15298 ns, Total: 65414 ns
[2025-06-11T23:24:54.460+0000][73][info ][safepoint   ] Safepoint "Cleanup", Time since last: 1000950900 ns, Reaching safepoint: 29651 ns, Cleanup: 19676 ns, At safepoint: 14781 ns, Total: 64108 ns
[2025-06-11T23:24:55.461+0000][73][info ][safepoint   ] Safepoint "Cleanup", Time since last: 1000775828 ns, Reaching safepoint: 30816 ns, Cleanup: 16017 ns, At safepoint: 15421 ns, Total: 62254 ns
[2025-06-11T23:24:57.462+0000][73][info ][safepoint   ] Safepoint "Cleanup", Time since last: 2000951367 ns, Reaching safepoint: 29847 ns, Cleanup: 16770 ns, At safepoint: 13883 ns, Total: 60500 ns
[2025-06-11T23:24:58.536+0000][73][info ][safepoint   ] Safepoint "Cleanup", Time since last: 1074001808 ns, Reaching safepoint: 14167 ns, Cleanup: 47264 ns, At safepoint: 95811 ns, Total: 157242 ns
[2025-06-11T23:24:59.567+0000][73][info ][safepoint   ] Safepoint "Cleanup", Time since last: 1030526890 ns, Reaching safepoint: 30308 ns, Cleanup: 27674 ns, At safepoint: 15381 ns, Total: 73363 ns
[2025-06-11T23:25:01.569+0000][73][info ][safepoint   ] Safepoint "Cleanup", Time since last: 2001918152 ns, Reaching safepoint: 30910 ns, Cleanup: 28019 ns, At safepoint: 74413 ns, Total: 133342 ns
[2025-06-11T23:25:04.568+0000][73][info ][safepoint   ] Safepoint "Cleanup", Time since last: 3001086136 ns, Reaching safepoint: 17413 ns, Cleanup: 18233 ns, At safepoint: 6792 ns, Total: 42438 ns
[2025-06-11T23:25:08.570+0000][73][info ][safepoint   ] Safepoint "Cleanup", Time since last: 4001255129 ns, Reaching safepoint: 217481 ns, Cleanup: 15308 ns, At safepoint: 82002 ns, Total: 314791 ns
[2025-06-11T23:25:09.571+0000][73][info ][safepoint   ] Safepoint "Cleanup", Time since last: 1000819571 ns, Reaching safepoint: 28155 ns, Cleanup: 30988 ns, At safepoint: 14316 ns, Total: 73459 ns
[2025-06-11T23:25:10.572+0000][73][info ][safepoint   ] Safepoint "Cleanup", Time since last: 1000787941 ns, Reaching safepoint: 31743 ns, Cleanup: 15624 ns, At safepoint: 14659 ns, Total: 62026 ns
[2025-06-11T23:25:14.574+0000][73][info ][safepoint   ] Safepoint "Cleanup", Time since last: 4001857671 ns, Reaching safepoint: 29987 ns, Cleanup: 17772 ns, At safepoint: 15687 ns, Total: 63446 ns
[2025-06-11T23:25:16.575+0000][73][info ][safepoint   ] Safepoint "Cleanup", Time since last: 2000962555 ns, Reaching safepoint: 33871 ns, Cleanup: 16934 ns, At safepoint: 15056 ns, Total: 65861 ns
[2025-06-11T23:25:18.576+0000][73][info ][safepoint   ] Safepoint "Cleanup", Time since last: 2001021041 ns, Reaching safepoint: 65892 ns, Cleanup: 17045 ns, At safepoint: 14305 ns, Total: 97242 ns
[2025-06-11T23:25:20.484+0000][73][info ][safepoint   ] Safepoint "Cleanup", Time since last: 1908308143 ns, Reaching safepoint: 26698 ns, Cleanup: 17723 ns, At safepoint: 11383 ns, Total: 55804 ns
[2025-06-11T23:25:22.485+0000][73][info ][safepoint   ] Safepoint "Cleanup", Time since last: 2001095612 ns, Reaching safepoint: 30162 ns, Cleanup: 17047 ns, At safepoint: 13985 ns, Total: 61194 ns
[2025-06-11T23:25:23.486+0000][73][info ][safepoint   ] Safepoint "Cleanup", Time since last: 1000623387 ns, Reaching safepoint: 20709 ns, Cleanup: 26803 ns, At safepoint: 8717 ns, Total: 56229 ns
[2025-06-11T23:25:24.487+0000][73][info ][safepoint   ] Safepoint "Cleanup", Time since last: 1000798319 ns, Reaching safepoint: 32216 ns, Cleanup: 19502 ns, At safepoint: 16685 ns, Total: 68403 ns
[2025-06-11T23:25:25.488+0000][73][info ][safepoint   ] Safepoint "Cleanup", Time since last: 1000663701 ns, Reaching safepoint: 33280 ns, Cleanup: 17283 ns, At safepoint: 15289 ns, Total: 65852 ns
[2025-06-11T23:25:28.489+0000][73][info ][safepoint   ] Safepoint "Cleanup", Time since last: 3001096962 ns, Reaching safepoint: 29519 ns, Cleanup: 95543 ns, At safepoint: 16078 ns, Total: 141140 ns
[2025-06-11T23:25:29.490+0000][73][info ][safepoint   ] Safepoint "Cleanup", Time since last: 1000816106 ns, Reaching safepoint: 29956 ns, Cleanup: 19847 ns, At safepoint: 14388 ns, Total: 64191 ns
[2025-06-11T23:25:31.491+0000][73][info ][safepoint   ] Safepoint "Cleanup", Time since last: 2000925868 ns, Reaching safepoint: 18382 ns, Cleanup: 12362 ns, At safepoint: 7524 ns, Total: 38268 ns
[2025-06-11T23:25:34.489+0000][73][info ][safepoint   ] Safepoint "Cleanup", Time since last: 3001243920 ns, Reaching safepoint: 65469 ns, Cleanup: 76438 ns, At safepoint: 18066 ns, Total: 159973 ns
[2025-06-11T23:25:37.490+0000][73][info ][safepoint   ] Safepoint "Cleanup", Time since last: 3001135136 ns, Reaching safepoint: 34409 ns, Cleanup: 20529 ns, At safepoint: 17320 ns, Total: 72258 ns
[2025-06-11T23:25:46.493+0000][73][info ][safepoint   ] Safepoint "Cleanup", Time since last: 9002178303 ns, Reaching safepoint: 18164 ns, Cleanup: 15869 ns, At safepoint: 7354 ns, Total: 41387 ns
[2025-06-11T23:25:48.494+0000][73][info ][safepoint   ] Safepoint "Cleanup", Time since last: 2000896438 ns, Reaching safepoint: 66561 ns, Cleanup: 18827 ns, At safepoint: 29631 ns, Total: 115019 ns
[2025-06-11T23:25:49.495+0000][73][info ][safepoint   ] Safepoint "Cleanup", Time since last: 1000775493 ns, Reaching safepoint: 29393 ns, Cleanup: 18950 ns, At safepoint: 13649 ns, Total: 61992 ns
[2025-06-11T23:25:52.496+0000][73][info ][safepoint   ] Safepoint "Cleanup", Time since last: 3001294983 ns, Reaching safepoint: 29578 ns, Cleanup: 16760 ns, At safepoint: 14639 ns, Total: 60977 ns
[2025-06-11T23:25:58.498+0000][73][info ][safepoint   ] Safepoint "Cleanup", Time since last: 6001619689 ns, Reaching safepoint: 28363 ns, Cleanup: 15462 ns, At safepoint: 13383 ns, Total: 57208 ns
[2025-06-11T23:25:59.499+0000][73][info ][safepoint   ] Safepoint "Cleanup", Time since last: 1000932854 ns, Reaching safepoint: 29955 ns, Cleanup: 22061 ns, At safepoint: 15011 ns, Total: 67027 ns
[2025-06-11T23:26:00.730+0000][73][info ][safepoint   ] Safepoint "Cleanup", Time since last: 1231219698 ns, Reaching safepoint: 5389 ns, Cleanup: 13708 ns, At safepoint: 2847 ns, Total: 21944 ns
[2025-06-11T23:26:02.623+0000][73][info ][safepoint   ] Safepoint "Cleanup", Time since last: 1892808270 ns, Reaching safepoint: 31345 ns, Cleanup: 29234 ns, At safepoint: 16428 ns, Total: 77007 ns
[2025-06-11T23:26:04.621+0000][73][info ][safepoint   ] Safepoint "Cleanup", Time since last: 2000994585 ns, Reaching safepoint: 67696 ns, Cleanup: 17911 ns, At safepoint: 30391 ns, Total: 115998 ns
[2025-06-11T23:26:13.625+0000][73][info ][safepoint   ] Safepoint "Cleanup", Time since last: 9003492388 ns, Reaching safepoint: 16307 ns, Cleanup: 11459 ns, At safepoint: 7465 ns, Total: 35231 ns
[2025-06-11T23:26:19.521+0000][73][info ][safepoint   ] Safepoint "Cleanup", Time since last: 5896177042 ns, Reaching safepoint: 7763 ns, Cleanup: 13772 ns, At safepoint: 2757 ns, Total: 24292 ns
[2025-06-11T23:26:23.523+0000][73][info ][safepoint   ] Safepoint "Cleanup", Time since last: 4001709159 ns, Reaching safepoint: 23227 ns, Cleanup: 26851 ns, At safepoint: 45430 ns, Total: 95508 ns
[2025-06-11T23:26:24.524+0000][73][info ][safepoint   ] Safepoint "Cleanup", Time since last: 1000856954 ns, Reaching safepoint: 30194 ns, Cleanup: 18286 ns, At safepoint: 14929 ns, Total: 63409 ns
[2025-06-11T23:26:27.525+0000][73][info ][safepoint   ] Safepoint "Cleanup", Time since last: 3001255303 ns, Reaching safepoint: 29876 ns, Cleanup: 16283 ns, At safepoint: 14120 ns, Total: 60279 ns
[2025-06-11T23:26:28.526+0000][73][info ][safepoint   ] Safepoint "Cleanup", Time since last: 1000749718 ns, Reaching safepoint: 34558 ns, Cleanup: 18753 ns, At safepoint: 15675 ns, Total: 68986 ns
[2025-06-11T23:26:36.526+0000][73][info ][safepoint   ] Safepoint "Cleanup", Time since last: 8002094214 ns, Reaching safepoint: 103994 ns, Cleanup: 24106 ns, At safepoint: 34194 ns, Total: 162294 ns
[2025-06-11T23:26:39.527+0000][73][info ][safepoint   ] Safepoint "Cleanup", Time since last: 3001184395 ns, Reaching safepoint: 18757 ns, Cleanup: 12231 ns, At safepoint: 5917 ns, Total: 36905 ns
[2025-06-11T23:26:40.528+0000][73][info ][safepoint   ] Safepoint "Cleanup", Time since last: 1000773762 ns, Reaching safepoint: 31943 ns, Cleanup: 18695 ns, At safepoint: 13466 ns, Total: 64104 ns
[2025-06-11T23:26:57.532+0000][73][info ][safepoint   ] Safepoint "Cleanup", Time since last: 17003639388 ns, Reaching safepoint: 69668 ns, Cleanup: 20005 ns, At safepoint: 12840 ns, Total: 102513 ns
[2025-06-11T23:27:01.533+0000][73][info ][safepoint   ] Safepoint "Cleanup", Time since last: 4001145512 ns, Reaching safepoint: 32548 ns, Cleanup: 18141 ns, At safepoint: 15001 ns, Total: 65690 ns
[2025-06-11T23:27:03.689+0000][73][info ][safepoint   ] Safepoint "Cleanup", Time since last: 2156062076 ns, Reaching safepoint: 155713 ns, Cleanup: 14827 ns, At safepoint: 125326 ns, Total: 295866 ns
[2025-06-11T23:27:05.666+0000][73][info ][safepoint   ] Safepoint "Cleanup", Time since last: 1978042713 ns, Reaching safepoint: 66354 ns, Cleanup: 31006 ns, At safepoint: 28735 ns, Total: 126095 ns
[2025-06-11T23:27:09.667+0000][73][info ][safepoint   ] Safepoint "Cleanup", Time since last: 4001116341 ns, Reaching safepoint: 23596 ns, Cleanup: 16663 ns, At safepoint: 57167 ns, Total: 97426 ns
[2025-06-11T23:27:12.668+0000][73][info ][safepoint   ] Safepoint "Cleanup", Time since last: 3001135498 ns, Reaching safepoint: 95981 ns, Cleanup: 10202 ns, At safepoint: 21289 ns, Total: 127472 ns
[2025-06-11T23:27:13.669+0000][73][info ][safepoint   ] Safepoint "Cleanup", Time since last: 1000730155 ns, Reaching safepoint: 29631 ns, Cleanup: 15663 ns, At safepoint: 13240 ns, Total: 58534 ns
[2025-06-11T23:27:15.670+0000][73][info ][safepoint   ] Safepoint "Cleanup", Time since last: 2000852378 ns, Reaching safepoint: 93674 ns, Cleanup: 12144 ns, At safepoint: 22600 ns, Total: 128418 ns
[2025-06-11T23:27:18.671+0000][73][info ][safepoint   ] Safepoint "Cleanup", Time since last: 3000887440 ns, Reaching safepoint: 17042 ns, Cleanup: 10879 ns, At safepoint: 7283 ns, Total: 35204 ns
[2025-06-11T23:27:23.563+0000][73][info ][safepoint   ] Safepoint "Cleanup", Time since last: 4892461694 ns, Reaching safepoint: 53214 ns, Cleanup: 19700 ns, At safepoint: 6994 ns, Total: 79908 ns
[2025-06-11T23:27:24.564+0000][73][info ][safepoint   ] Safepoint "Cleanup", Time since last: 1000830690 ns, Reaching safepoint: 29776 ns, Cleanup: 17866 ns, At safepoint: 16590 ns, Total: 64232 ns
[2025-06-11T23:27:29.566+0000][73][info ][safepoint   ] Safepoint "Cleanup", Time since last: 5001320408 ns, Reaching safepoint: 29375 ns, Cleanup: 20029 ns, At safepoint: 14743 ns, Total: 64147 ns
[2025-06-11T23:27:43.566+0000][73][info ][safepoint   ] Safepoint "Cleanup", Time since last: 14003292516 ns, Reaching safepoint: 130625 ns, Cleanup: 18177 ns, At safepoint: 15049 ns, Total: 163851 ns
[2025-06-11T23:27:46.568+0000][73][info ][safepoint   ] Safepoint "Cleanup", Time since last: 3001409633 ns, Reaching safepoint: 32139 ns, Cleanup: 29015 ns, At safepoint: 15730 ns, Total: 76884 ns
[2025-06-11T23:27:48.569+0000][73][info ][safepoint   ] Safepoint "Cleanup", Time since last: 2000881899 ns, Reaching safepoint: 29234 ns, Cleanup: 14933 ns, At safepoint: 14218 ns, Total: 58385 ns
[2025-06-11T23:27:49.570+0000][73][info ][safepoint   ] Safepoint "Cleanup", Time since last: 1000791616 ns, Reaching safepoint: 30940 ns, Cleanup: 20302 ns, At safepoint: 14783 ns, Total: 66025 ns
[2025-06-11T23:27:54.571+0000][73][info ][safepoint   ] Safepoint "Cleanup", Time since last: 5001490628 ns, Reaching safepoint: 60644 ns, Cleanup: 16184 ns, At safepoint: 9967 ns, Total: 86795 ns
[2025-06-11T23:27:55.572+0000][73][info ][safepoint   ] Safepoint "Cleanup", Time since last: 1000647229 ns, Reaching safepoint: 30345 ns, Cleanup: 17467 ns, At safepoint: 15043 ns, Total: 62855 ns
[2025-06-11T23:27:56.573+0000][73][info ][safepoint   ] Safepoint "Cleanup", Time since last: 1000626795 ns, Reaching safepoint: 26435 ns, Cleanup: 58758 ns, At safepoint: 12129 ns, Total: 97322 ns
[2025-06-11T23:27:57.573+0000][73][info ][safepoint   ] Safepoint "Cleanup", Time since last: 1000602180 ns, Reaching safepoint: 31242 ns, Cleanup: 16792 ns, At safepoint: 15402 ns, Total: 63436 ns
[2025-06-11T23:27:58.574+0000][73][info ][safepoint   ] Safepoint "Cleanup", Time since last: 1000680364 ns, Reaching safepoint: 31998 ns, Cleanup: 21474 ns, At safepoint: 15009 ns, Total: 68481 ns
[2025-06-11T23:27:59.575+0000][73][info ][safepoint   ] Safepoint "Cleanup", Time since last: 1000791494 ns, Reaching safepoint: 33847 ns, Cleanup: 19504 ns, At safepoint: 53127 ns, Total: 106478 ns
[2025-06-11T23:28:04.574+0000][73][info ][safepoint   ] Safepoint "Cleanup", Time since last: 5001474262 ns, Reaching safepoint: 25265 ns, Cleanup: 16387 ns, At safepoint: 10747 ns, Total: 52399 ns
[2025-06-11T23:28:06.712+0000][73][info ][safepoint   ] Safepoint "Cleanup", Time since last: 2137066913 ns, Reaching safepoint: 123554 ns, Cleanup: 20839 ns, At safepoint: 73006 ns, Total: 217399 ns
[2025-06-11T23:28:08.711+0000][73][info ][safepoint   ] Safepoint "Cleanup", Time since last: 1999021254 ns, Reaching safepoint: 32154 ns, Cleanup: 31033 ns, At safepoint: 15754 ns, Total: 78941 ns
[2025-06-11T23:28:11.712+0000][73][info ][safepoint   ] Safepoint "Cleanup", Time since last: 3000875981 ns, Reaching safepoint: 25550 ns, Cleanup: 25866 ns, At safepoint: 10390 ns, Total: 61806 ns
[2025-06-11T23:28:18.713+0000][73][info ][safepoint   ] Safepoint "Cleanup", Time since last: 7001539314 ns, Reaching safepoint: 32797 ns, Cleanup: 28066 ns, At safepoint: 15854 ns, Total: 76717 ns
[2025-06-11T23:28:23.601+0000][73][info ][safepoint   ] Safepoint "Cleanup", Time since last: 4887679317 ns, Reaching safepoint: 69002 ns, Cleanup: 30772 ns, At safepoint: 15104 ns, Total: 114878 ns
[2025-06-11T23:28:24.602+0000][73][info ][safepoint   ] Safepoint "Cleanup", Time since last: 1000686517 ns, Reaching safepoint: 30613 ns, Cleanup: 20897 ns, At safepoint: 15354 ns, Total: 66864 ns
[2025-06-11T23:28:25.722+0000][73][info ][safepoint   ] Safepoint "Cleanup", Time since last: 1119747997 ns, Reaching safepoint: 33095 ns, Cleanup: 60956 ns, At safepoint: 16806 ns, Total: 110857 ns
[2025-06-11T23:28:26.750+0000][73][info ][safepoint   ] Safepoint "Cleanup", Time since last: 1028690257 ns, Reaching safepoint: 17842 ns, Cleanup: 15223 ns, At safepoint: 7750 ns, Total: 40815 ns
[2025-06-11T23:28:27.751+0000][73][info ][safepoint   ] Safepoint "Cleanup", Time since last: 1000629019 ns, Reaching safepoint: 31582 ns, Cleanup: 18134 ns, At safepoint: 14708 ns, Total: 64424 ns
[2025-06-11T23:28:28.752+0000][73][info ][safepoint   ] Safepoint "Cleanup", Time since last: 1000728866 ns, Reaching safepoint: 34053 ns, Cleanup: 19057 ns, At safepoint: 15735 ns, Total: 68845 ns
[2025-06-11T23:28:30.692+0000][73][info ][safepoint   ] Safepoint "Cleanup", Time since last: 1939702178 ns, Reaching safepoint: 91858 ns, Cleanup: 14706 ns, At safepoint: 48433 ns, Total: 154997 ns
[2025-06-11T23:28:31.738+0000][73][info ][safepoint   ] Safepoint "Cleanup", Time since last: 1046193272 ns, Reaching safepoint: 34243 ns, Cleanup: 29431 ns, At safepoint: 18765 ns, Total: 82439 ns
[2025-06-11T23:28:32.777+0000][73][info ][safepoint   ] Safepoint "Cleanup", Time since last: 1038468029 ns, Reaching safepoint: 31600 ns, Cleanup: 23346 ns, At safepoint: 15092 ns, Total: 70038 ns
[2025-06-11T23:28:33.831+0000][73][info ][safepoint   ] Safepoint "Cleanup", Time since last: 1053885260 ns, Reaching safepoint: 31502 ns, Cleanup: 17745 ns, At safepoint: 16911 ns, Total: 66158 ns
[2025-06-11T23:28:36.829+0000][73][info ][safepoint   ] Safepoint "Cleanup", Time since last: 3001030183 ns, Reaching safepoint: 32012 ns, Cleanup: 23149 ns, At safepoint: 15341 ns, Total: 70502 ns
[2025-06-11T23:28:38.830+0000][73][info ][safepoint   ] Safepoint "Cleanup", Time since last: 2000962845 ns, Reaching safepoint: 71943 ns, Cleanup: 20750 ns, At safepoint: 15977 ns, Total: 108670 ns
[2025-06-11T23:28:43.832+0000][73][info ][safepoint   ] Safepoint "Cleanup", Time since last: 5001382593 ns, Reaching safepoint: 54534 ns, Cleanup: 21843 ns, At safepoint: 16466 ns, Total: 92843 ns
[2025-06-11T23:28:48.833+0000][73][info ][safepoint   ] Safepoint "Cleanup", Time since last: 5001460555 ns, Reaching safepoint: 20061 ns, Cleanup: 19480 ns, At safepoint: 7826 ns, Total: 47367 ns
[2025-06-11T23:28:50.835+0000][73][info ][safepoint   ] Safepoint "Cleanup", Time since last: 2001744263 ns, Reaching safepoint: 29139 ns, Cleanup: 14671 ns, At safepoint: 13658 ns, Total: 57468 ns
[2025-06-11T23:28:51.836+0000][73][info ][safepoint   ] Safepoint "Cleanup", Time since last: 1000787834 ns, Reaching safepoint: 29906 ns, Cleanup: 15724 ns, At safepoint: 13513 ns, Total: 59143 ns
[2025-06-11T23:28:53.837+0000][73][info ][safepoint   ] Safepoint "Cleanup", Time since last: 2001016635 ns, Reaching safepoint: 97061 ns, Cleanup: 26636 ns, At safepoint: 10072 ns, Total: 133769 ns
[2025-06-11T23:28:57.839+0000][73][info ][safepoint   ] Safepoint "Cleanup", Time since last: 4001758506 ns, Reaching safepoint: 29780 ns, Cleanup: 20855 ns, At safepoint: 13541 ns, Total: 64176 ns
[2025-06-11T23:28:59.781+0000][73][info ][safepoint   ] Safepoint "Cleanup", Time since last: 1942297278 ns, Reaching safepoint: 34451 ns, Cleanup: 40190 ns, At safepoint: 16781 ns, Total: 91422 ns
[2025-06-11T23:29:01.782+0000][73][info ][safepoint   ] Safepoint "Cleanup", Time since last: 2000985203 ns, Reaching safepoint: 30325 ns, Cleanup: 15797 ns, At safepoint: 14428 ns, Total: 60550 ns
[2025-06-11T23:29:03.783+0000][73][info ][safepoint   ] Safepoint "Cleanup", Time since last: 2000951534 ns, Reaching safepoint: 18575 ns, Cleanup: 13172 ns, At safepoint: 9097 ns, Total: 40844 ns
[2025-06-11T23:29:08.783+0000][73][info ][safepoint   ] Safepoint "Cleanup", Time since last: 5001328142 ns, Reaching safepoint: 57580 ns, Cleanup: 18815 ns, At safepoint: 17046 ns, Total: 93441 ns
[2025-06-11T23:29:09.850+0000][73][info ][safepoint   ] Safepoint "Cleanup", Time since last: 1067079542 ns, Reaching safepoint: 38532 ns, Cleanup: 42319 ns, At safepoint: 80366 ns, Total: 161217 ns
[2025-06-11T23:29:10.872+0000][73][info ][safepoint   ] Safepoint "Cleanup", Time since last: 1022448815 ns, Reaching safepoint: 13691 ns, Cleanup: 48387 ns, At safepoint: 153543 ns, Total: 215621 ns
[2025-06-11T23:29:11.895+0000][73][info ][safepoint   ] Safepoint "Cleanup", Time since last: 1022010871 ns, Reaching safepoint: 31100 ns, Cleanup: 91268 ns, At safepoint: 16616 ns, Total: 138984 ns
[2025-06-11T23:29:12.895+0000][73][info ][safepoint   ] Safepoint "Cleanup", Time since last: 1000577755 ns, Reaching safepoint: 21094 ns, Cleanup: 13533 ns, At safepoint: 9200 ns, Total: 43827 ns
[2025-06-11T23:29:13.896+0000][73][info ][safepoint   ] Safepoint "Cleanup", Time since last: 1000680295 ns, Reaching safepoint: 17722 ns, Cleanup: 20463 ns, At safepoint: 6900 ns, Total: 45085 ns
[2025-06-11T23:29:18.897+0000][73][info ][safepoint   ] Safepoint "Cleanup", Time since last: 5001137483 ns, Reaching safepoint: 32644 ns, Cleanup: 24223 ns, At safepoint: 14906 ns, Total: 71773 ns
[2025-06-11T23:29:21.638+0000][73][info ][safepoint   ] Safepoint "Cleanup", Time since last: 2740688074 ns, Reaching safepoint: 29574 ns, Cleanup: 15660 ns, At safepoint: 14403 ns, Total: 59637 ns
[2025-06-11T23:29:23.639+0000][73][info ][safepoint   ] Safepoint "Cleanup", Time since last: 2001022590 ns, Reaching safepoint: 66641 ns, Cleanup: 24950 ns, At safepoint: 29297 ns, Total: 120888 ns
[2025-06-11T23:29:28.641+0000][73][info ][safepoint   ] Safepoint "Cleanup", Time since last: 5001604174 ns, Reaching safepoint: 32594 ns, Cleanup: 19655 ns, At safepoint: 16274 ns, Total: 68523 ns
[2025-06-11T23:29:34.640+0000][73][info ][safepoint   ] Safepoint "Cleanup", Time since last: 6001736096 ns, Reaching safepoint: 30192 ns, Cleanup: 20445 ns, At safepoint: 14057 ns, Total: 64694 ns
[2025-06-11T23:29:36.641+0000][73][info ][safepoint   ] Safepoint "Cleanup", Time since last: 2000841644 ns, Reaching safepoint: 181367 ns, Cleanup: 14950 ns, At safepoint: 88214 ns, Total: 284531 ns
[2025-06-11T23:29:39.642+0000][73][info ][safepoint   ] Safepoint "Cleanup", Time since last: 3000838288 ns, Reaching safepoint: 73338 ns, Cleanup: 14459 ns, At safepoint: 25245 ns, Total: 113042 ns
[2025-06-11T23:29:43.646+0000][73][info ][safepoint   ] Safepoint "Cleanup", Time since last: 4003730099 ns, Reaching safepoint: 30912 ns, Cleanup: 17394 ns, At safepoint: 14686 ns, Total: 62992 ns
[2025-06-11T23:29:48.647+0000][73][info ][safepoint   ] Safepoint "Cleanup", Time since last: 5001534384 ns, Reaching safepoint: 169208 ns, Cleanup: 12730 ns, At safepoint: 119762 ns, Total: 301700 ns
[2025-06-11T23:29:49.648+0000][73][info ][safepoint   ] Safepoint "Cleanup", Time since last: 1000869832 ns, Reaching safepoint: 30025 ns, Cleanup: 20250 ns, At safepoint: 13962 ns, Total: 64237 ns
[2025-06-11T23:29:57.651+0000][73][info ][safepoint   ] Safepoint "Cleanup", Time since last: 8001884337 ns, Reaching safepoint: 190301 ns, Cleanup: 16317 ns, At safepoint: 104276 ns, Total: 310894 ns
[2025-06-11T23:30:03.652+0000][73][info ][safepoint   ] Safepoint "Cleanup", Time since last: 6001473215 ns, Reaching safepoint: 20051 ns, Cleanup: 11998 ns, At safepoint: 7219 ns, Total: 39268 ns
[2025-06-11T23:30:04.651+0000][73][info ][safepoint   ] Safepoint "Cleanup", Time since last: 1000671665 ns, Reaching safepoint: 30734 ns, Cleanup: 17643 ns, At safepoint: 14448 ns, Total: 62825 ns
[2025-06-11T23:30:12.653+0000][73][info ][safepoint   ] Safepoint "Cleanup", Time since last: 8002059281 ns, Reaching safepoint: 212768 ns, Cleanup: 15123 ns, At safepoint: 126419 ns, Total: 354310 ns
[2025-06-11T23:30:13.962+0000][73][info ][safepoint   ] Safepoint "Cleanup", Time since last: 1308124397 ns, Reaching safepoint: 57999 ns, Cleanup: 35911 ns, At safepoint: 16023 ns, Total: 109933 ns
[2025-06-11T23:30:17.963+0000][73][info ][safepoint   ] Safepoint "Cleanup", Time since last: 4001494555 ns, Reaching safepoint: 30943 ns, Cleanup: 17073 ns, At safepoint: 14811 ns, Total: 62827 ns
[2025-06-11T23:30:19.675+0000][73][info ][safepoint   ] Safepoint "Cleanup", Time since last: 1712057698 ns, Reaching safepoint: 6270 ns, Cleanup: 9652 ns, At safepoint: 2657 ns, Total: 18579 ns
[2025-06-11T23:30:23.677+0000][73][info ][safepoint   ] Safepoint "Cleanup", Time since last: 4001745103 ns, Reaching safepoint: 30860 ns, Cleanup: 23501 ns, At safepoint: 14590 ns, Total: 68951 ns
[2025-06-11T23:30:24.678+0000][73][info ][safepoint   ] Safepoint "Cleanup", Time since last: 1000814067 ns, Reaching safepoint: 31755 ns, Cleanup: 17982 ns, At safepoint: 15660 ns, Total: 65397 ns
[2025-06-11T23:30:29.679+0000][73][info ][safepoint   ] Safepoint "Cleanup", Time since last: 5001193972 ns, Reaching safepoint: 191638 ns, Cleanup: 22404 ns, At safepoint: 13620 ns, Total: 227662 ns
[2025-06-11T23:30:38.679+0000][73][info ][safepoint   ] Safepoint "Cleanup", Time since last: 9002180125 ns, Reaching safepoint: 78085 ns, Cleanup: 16011 ns, At safepoint: 11759 ns, Total: 105855 ns
[2025-06-11T23:30:39.683+0000][73][info ][safepoint   ] Safepoint "Cleanup", Time since last: 1003796485 ns, Reaching safepoint: 30691 ns, Cleanup: 21431 ns, At safepoint: 13567 ns, Total: 65689 ns
[2025-06-11T23:30:48.685+0000][73][info ][safepoint   ] Safepoint "Cleanup", Time since last: 9001888775 ns, Reaching safepoint: 69019 ns, Cleanup: 24257 ns, At safepoint: 14137 ns, Total: 107413 ns
[2025-06-11T23:30:51.686+0000][73][info ][safepoint   ] Safepoint "Cleanup", Time since last: 3001250537 ns, Reaching safepoint: 18782 ns, Cleanup: 14361 ns, At safepoint: 6974 ns, Total: 40117 ns
[2025-06-11T23:30:54.687+0000][73][info ][safepoint   ] Safepoint "Cleanup", Time since last: 3001100885 ns, Reaching safepoint: 26385 ns, Cleanup: 16812 ns, At safepoint: 11570 ns, Total: 54767 ns
[2025-06-11T23:30:56.688+0000][73][info ][safepoint   ] Safepoint "Cleanup", Time since last: 2000878478 ns, Reaching safepoint: 68491 ns, Cleanup: 20510 ns, At safepoint: 14838 ns, Total: 103839 ns
[2025-06-11T23:30:57.689+0000][73][info ][safepoint   ] Safepoint "Cleanup", Time since last: 1000702886 ns, Reaching safepoint: 33313 ns, Cleanup: 22295 ns, At safepoint: 16177 ns, Total: 71785 ns
[2025-06-11T23:30:58.690+0000][73][info ][safepoint   ] Safepoint "Cleanup", Time since last: 1000779311 ns, Reaching safepoint: 234320 ns, Cleanup: 16550 ns, At safepoint: 106261 ns, Total: 357131 ns
[2025-06-11T23:30:59.691+0000][73][info ][safepoint   ] Safepoint "Cleanup", Time since last: 1000778196 ns, Reaching safepoint: 29670 ns, Cleanup: 15031 ns, At safepoint: 14017 ns, Total: 58718 ns
[2025-06-11T23:31:03.692+0000][73][info ][safepoint   ] Safepoint "Cleanup", Time since last: 4001064046 ns, Reaching safepoint: 17080 ns, Cleanup: 11595 ns, At safepoint: 6616 ns, Total: 35291 ns
[2025-06-11T23:31:15.684+0000][73][info ][safepoint   ] Safepoint "Cleanup", Time since last: 11995145041 ns, Reaching safepoint: 22530 ns, Cleanup: 18271 ns, At safepoint: 66505 ns, Total: 107306 ns
[2025-06-11T23:31:17.008+0000][73][info ][safepoint   ] Safepoint "Cleanup", Time since last: 1324066497 ns, Reaching safepoint: 32052 ns, Cleanup: 31033 ns, At safepoint: 16561 ns, Total: 79646 ns
[2025-06-11T23:31:43.713+0000][73][info ][safepoint   ] Safepoint "Cleanup", Time since last: 26706077537 ns, Reaching safepoint: 80001 ns, Cleanup: 22020 ns, At safepoint: 15529 ns, Total: 117550 ns
[2025-06-11T23:31:45.715+0000][73][info ][safepoint   ] Safepoint "Cleanup", Time since last: 2001141791 ns, Reaching safepoint: 32862 ns, Cleanup: 16655 ns, At safepoint: 48443 ns, Total: 97960 ns
[2025-06-11T23:31:48.716+0000][73][info ][safepoint   ] Safepoint "Cleanup", Time since last: 3001103699 ns, Reaching safepoint: 31218 ns, Cleanup: 18911 ns, At safepoint: 14381 ns, Total: 64510 ns
[2025-06-11T23:31:52.717+0000][73][info ][safepoint   ] Safepoint "Cleanup", Time since last: 4001385636 ns, Reaching safepoint: 30501 ns, Cleanup: 18978 ns, At safepoint: 14642 ns, Total: 64121 ns
[2025-06-11T23:31:53.718+0000][73][info ][safepoint   ] Safepoint "Cleanup", Time since last: 1000879008 ns, Reaching safepoint: 18699 ns, Cleanup: 13021 ns, At safepoint: 8084 ns, Total: 39804 ns
[2025-06-11T23:31:57.719+0000][73][info ][safepoint   ] Safepoint "Cleanup", Time since last: 4001302758 ns, Reaching safepoint: 40344 ns, Cleanup: 11834 ns, At safepoint: 9457 ns, Total: 61635 ns
[2025-06-11T23:32:00.720+0000][73][info ][safepoint   ] Safepoint "Cleanup", Time since last: 3000920817 ns, Reaching safepoint: 20551 ns, Cleanup: 13451 ns, At safepoint: 8831 ns, Total: 42833 ns
[2025-06-11T23:32:03.722+0000][73][info ][safepoint   ] Safepoint "Cleanup", Time since last: 3001143290 ns, Reaching safepoint: 24464 ns, Cleanup: 18716 ns, At safepoint: 9478 ns, Total: 52658 ns
[2025-06-11T23:32:08.721+0000][73][info ][safepoint   ] Safepoint "Cleanup", Time since last: 5001445005 ns, Reaching safepoint: 18224 ns, Cleanup: 14375 ns, At safepoint: 8253 ns, Total: 40852 ns
[2025-06-11T23:32:18.689+0000][73][info ][safepoint   ] Safepoint "Cleanup", Time since last: 9967710390 ns, Reaching safepoint: 153084 ns, Cleanup: 10085 ns, At safepoint: 63372 ns, Total: 226541 ns
[2025-06-11T23:32:19.750+0000][73][info ][safepoint   ] Safepoint "Cleanup", Time since last: 1061086180 ns, Reaching safepoint: 6107 ns, Cleanup: 16196 ns, At safepoint: 2696 ns, Total: 24999 ns
[2025-06-11T23:32:21.751+0000][73][info ][safepoint   ] Safepoint "Cleanup", Time since last: 2001028799 ns, Reaching safepoint: 20059 ns, Cleanup: 12598 ns, At safepoint: 8695 ns, Total: 41352 ns
[2025-06-11T23:32:23.751+0000][73][info ][safepoint   ] Safepoint "Cleanup", Time since last: 2000673270 ns, Reaching safepoint: 25680 ns, Cleanup: 21542 ns, At safepoint: 9590 ns, Total: 56812 ns
[2025-06-11T23:32:30.753+0000][73][info ][safepoint   ] Safepoint "Cleanup", Time since last: 7001897172 ns, Reaching safepoint: 59124 ns, Cleanup: 15295 ns, At safepoint: 10874 ns, Total: 85293 ns
[2025-06-11T23:32:38.753+0000][73][info ][safepoint   ] Safepoint "Cleanup", Time since last: 8002112559 ns, Reaching safepoint: 30726 ns, Cleanup: 16219 ns, At safepoint: 15018 ns, Total: 61963 ns
[2025-06-11T23:32:42.754+0000][73][info ][safepoint   ] Safepoint "Cleanup", Time since last: 4001218151 ns, Reaching safepoint: 28963 ns, Cleanup: 19223 ns, At safepoint: 14801 ns, Total: 62987 ns
[2025-06-11T23:32:48.756+0000][73][info ][safepoint   ] Safepoint "Cleanup", Time since last: 6001486833 ns, Reaching safepoint: 19726 ns, Cleanup: 13212 ns, At safepoint: 8228 ns, Total: 41166 ns
[2025-06-11T23:32:53.757+0000][73][info ][safepoint   ] Safepoint "Cleanup", Time since last: 5001356894 ns, Reaching safepoint: 31000 ns, Cleanup: 16612 ns, At safepoint: 16263 ns, Total: 63875 ns
[2025-06-11T23:32:54.758+0000][73][info ][safepoint   ] Safepoint "Cleanup", Time since last: 1000729850 ns, Reaching safepoint: 30178 ns, Cleanup: 19290 ns, At safepoint: 14376 ns, Total: 63844 ns
[2025-06-11T23:32:56.759+0000][73][info ][safepoint   ] Safepoint "Cleanup", Time since last: 2001076101 ns, Reaching safepoint: 30191 ns, Cleanup: 30164 ns, At safepoint: 15238 ns, Total: 75593 ns
[2025-06-11T23:32:57.760+0000][73][info ][safepoint   ] Safepoint "Cleanup", Time since last: 1000842548 ns, Reaching safepoint: 33831 ns, Cleanup: 21982 ns, At safepoint: 15787 ns, Total: 71600 ns
[2025-06-11T23:33:03.762+0000][73][info ][safepoint   ] Safepoint "Cleanup", Time since last: 6001883296 ns, Reaching safepoint: 69929 ns, Cleanup: 19106 ns, At safepoint: 15395 ns, Total: 104430 ns
[2025-06-11T23:33:05.761+0000][73][info ][safepoint   ] Safepoint "Cleanup", Time since last: 2000944625 ns, Reaching safepoint: 30544 ns, Cleanup: 16749 ns, At safepoint: 14789 ns, Total: 62082 ns
[2025-06-11T23:33:13.763+0000][73][info ][safepoint   ] Safepoint "Cleanup", Time since last: 8001900357 ns, Reaching safepoint: 30409 ns, Cleanup: 16740 ns, At safepoint: 14007 ns, Total: 61156 ns
[2025-06-11T23:33:15.764+0000][73][info ][safepoint   ] Safepoint "Cleanup", Time since last: 2000923502 ns, Reaching safepoint: 67040 ns, Cleanup: 17267 ns, At safepoint: 14108 ns, Total: 98415 ns
[2025-06-11T23:33:18.765+0000][73][info ][safepoint   ] Safepoint "Cleanup", Time since last: 3000893373 ns, Reaching safepoint: 19647 ns, Cleanup: 14513 ns, At safepoint: 7514 ns, Total: 41674 ns
[2025-06-11T23:33:21.674+0000][73][info ][safepoint   ] Safepoint "Cleanup", Time since last: 2908414551 ns, Reaching safepoint: 108254 ns, Cleanup: 9745 ns, At safepoint: 68919 ns, Total: 186918 ns
[2025-06-11T23:33:23.135+0000][73][info ][safepoint   ] Safepoint "Cleanup", Time since last: 1461506429 ns, Reaching safepoint: 30369 ns, Cleanup: 30793 ns, At safepoint: 14196 ns, Total: 75358 ns
[2025-06-11T23:33:24.136+0000][73][info ][safepoint   ] Safepoint "Cleanup", Time since last: 1000681355 ns, Reaching safepoint: 29224 ns, Cleanup: 20149 ns, At safepoint: 14931 ns, Total: 64304 ns
[2025-06-11T23:33:27.137+0000][73][info ][safepoint   ] Safepoint "Cleanup", Time since last: 3001064016 ns, Reaching safepoint: 25159 ns, Cleanup: 14802 ns, At safepoint: 10070 ns, Total: 50031 ns
[2025-06-11T23:33:31.139+0000][73][info ][safepoint   ] Safepoint "Cleanup", Time since last: 4001206495 ns, Reaching safepoint: 740924 ns, Cleanup: 16313 ns, At safepoint: 43996 ns, Total: 801233 ns
[2025-06-11T23:33:33.675+0000][73][info ][safepoint   ] Safepoint "Cleanup", Time since last: 2536023542 ns, Reaching safepoint: 6237 ns, Cleanup: 15084 ns, At safepoint: 14022 ns, Total: 35343 ns
[2025-06-11T23:33:35.150+0000][73][info ][safepoint   ] Safepoint "Cleanup", Time since last: 1477499324 ns, Reaching safepoint: 31206 ns, Cleanup: 32655 ns, At safepoint: 16780 ns, Total: 80641 ns
[2025-06-11T23:33:36.151+0000][73][info ][safepoint   ] Safepoint "Cleanup", Time since last: 1001091282 ns, Reaching safepoint: 35285 ns, Cleanup: 18257 ns, At safepoint: 17262 ns, Total: 70804 ns
[2025-06-11T23:33:37.198+0000][73][info ][safepoint   ] Safepoint "Cleanup", Time since last: 1046411859 ns, Reaching safepoint: 30233 ns, Cleanup: 19738 ns, At safepoint: 14207 ns, Total: 64178 ns
[2025-06-11T23:33:39.199+0000][73][info ][safepoint   ] Safepoint "Cleanup", Time since last: 2001018958 ns, Reaching safepoint: 20263 ns, Cleanup: 31516 ns, At safepoint: 7484 ns, Total: 59263 ns
[2025-06-11T23:33:54.202+0000][73][info ][safepoint   ] Safepoint "Cleanup", Time since last: 15003064437 ns, Reaching safepoint: 31933 ns, Cleanup: 21240 ns, At safepoint: 16139 ns, Total: 69312 ns
[2025-06-11T23:33:58.753+0000][73][info ][safepoint   ] Safepoint "Cleanup", Time since last: 4550935523 ns, Reaching safepoint: 14722 ns, Cleanup: 18346 ns, At safepoint: 87287 ns, Total: 120355 ns
[2025-06-11T23:33:59.907+0000][73][info ][safepoint   ] Safepoint "Cleanup", Time since last: 1153380696 ns, Reaching safepoint: 93468 ns, Cleanup: 22654 ns, At safepoint: 33400 ns, Total: 149522 ns
[2025-06-11T23:34:03.908+0000][73][info ][safepoint   ] Safepoint "Cleanup", Time since last: 4001270602 ns, Reaching safepoint: 32242 ns, Cleanup: 16246 ns, At safepoint: 15631 ns, Total: 64119 ns
[2025-06-11T23:34:11.907+0000][73][info ][safepoint   ] Safepoint "Cleanup", Time since last: 8001741436 ns, Reaching safepoint: 21476 ns, Cleanup: 13181 ns, At safepoint: 8727 ns, Total: 43384 ns
[2025-06-11T23:34:18.909+0000][73][info ][safepoint   ] Safepoint "Cleanup", Time since last: 7001826636 ns, Reaching safepoint: 56878 ns, Cleanup: 26904 ns, At safepoint: 23904 ns, Total: 107686 ns
[2025-06-11T23:34:21.640+0000][73][info ][gc,start    ] GC(15) Pause Young (Normal) (G1 Evacuation Pause)
[2025-06-11T23:34:21.641+0000][73][info ][gc,task     ] GC(15) Using 10 workers of 10 for evacuation
[2025-06-11T23:34:21.641+0000][73][debug][gc,age      ] GC(15) Desired survivor size 52428800 bytes, new threshold 15 (max threshold 15)
[2025-06-11T23:34:21.657+0000][73][info ][gc,phases   ] GC(15)   Pre Evacuate Collection Set: 3.24ms
[2025-06-11T23:34:21.657+0000][73][info ][gc,phases   ] GC(15)   Merge Heap Roots: 0.45ms
[2025-06-11T23:34:21.658+0000][73][info ][gc,phases   ] GC(15)   Evacuate Collection Set: 9.17ms
[2025-06-11T23:34:21.658+0000][73][info ][gc,phases   ] GC(15)   Post Evacuate Collection Set: 1.74ms
[2025-06-11T23:34:21.658+0000][73][info ][gc,phases   ] GC(15)   Other: 1.05ms
[2025-06-11T23:34:21.659+0000][73][trace][gc,age      ] GC(15) Age table with threshold 15 (max threshold 15)
[2025-06-11T23:34:21.659+0000][73][trace][gc,age      ] GC(15) - age   1:    2519856 bytes,    2519856 total
[2025-06-11T23:34:21.659+0000][73][trace][gc,age      ] GC(15) - age   2:    1470808 bytes,    3990664 total
[2025-06-11T23:34:21.660+0000][73][trace][gc,age      ] GC(15) - age   3:      83184 bytes,    4073848 total
[2025-06-11T23:34:21.660+0000][73][info ][gc,heap     ] GC(15) Eden regions: 194->0(265)
[2025-06-11T23:34:21.661+0000][73][info ][gc,heap     ] GC(15) Survivor regions: 2->2(25)
[2025-06-11T23:34:21.661+0000][73][info ][gc,heap     ] GC(15) Old regions: 29->29
[2025-06-11T23:34:21.662+0000][73][info ][gc,heap     ] GC(15) Humongous regions: 0->0
[2025-06-11T23:34:21.662+0000][73][info ][gc,metaspace] GC(15) Metaspace: 146354K(150464K)->146354K(150464K) NonClass: 126230K(128448K)->126230K(128448K) Class: 20123K(22016K)->20123K(22016K)
[2025-06-11T23:34:21.663+0000][73][info ][gc          ] GC(15) Pause Young (Normal) (G1 Evacuation Pause) 892M->116M(3880M) 22.939ms
[2025-06-11T23:34:21.664+0000][73][info ][gc,cpu      ] GC(15) User=0.09s Sys=0.00s Real=0.02s
[2025-06-11T23:34:21.664+0000][73][info ][safepoint   ] Safepoint "G1CollectForAllocation", Time since last: 2730862107 ns, Reaching safepoint: 19600 ns, Cleanup: 4752 ns, At safepoint: 24011775 ns, Total: 24036127 ns
[2025-06-11T23:34:23.665+0000][73][info ][safepoint   ] Safepoint "Cleanup", Time since last: 2000877702 ns, Reaching safepoint: 30679 ns, Cleanup: 19554 ns, At safepoint: 14605 ns, Total: 64838 ns
[2025-06-11T23:34:24.675+0000][73][info ][safepoint   ] Safepoint "Cleanup", Time since last: 1010000127 ns, Reaching safepoint: 16690 ns, Cleanup: 24722 ns, At safepoint: 133929 ns, Total: 175341 ns
[2025-06-11T23:34:26.227+0000][73][info ][safepoint   ] Safepoint "Cleanup", Time since last: 1552021101 ns, Reaching safepoint: 25958 ns, Cleanup: 25437 ns, At safepoint: 11835 ns, Total: 63230 ns
[2025-06-11T23:34:29.228+0000][73][info ][safepoint   ] Safepoint "Cleanup", Time since last: 3000891426 ns, Reaching safepoint: 25829 ns, Cleanup: 15880 ns, At safepoint: 10561 ns, Total: 52270 ns
[2025-06-11T23:34:34.228+0000][73][info ][safepoint   ] Safepoint "Cleanup", Time since last: 5002023121 ns, Reaching safepoint: 64492 ns, Cleanup: 20071 ns, At safepoint: 16065 ns, Total: 100628 ns
[2025-06-11T23:34:36.229+0000][73][info ][safepoint   ] Safepoint "Cleanup", Time since last: 2000996737 ns, Reaching safepoint: 29744 ns, Cleanup: 19287 ns, At safepoint: 14354 ns, Total: 63385 ns
[2025-06-11T23:34:49.232+0000][73][info ][safepoint   ] Safepoint "Cleanup", Time since last: 13003030744 ns, Reaching safepoint: 88724 ns, Cleanup: 17395 ns, At safepoint: 94007 ns, Total: 200126 ns
[2025-06-11T23:35:04.232+0000][73][info ][safepoint   ] Safepoint "Cleanup", Time since last: 15002574645 ns, Reaching safepoint: 26178 ns, Cleanup: 12242 ns, At safepoint: 7364 ns, Total: 45784 ns
[2025-06-11T23:35:23.869+0000][73][info ][safepoint   ] Safepoint "Cleanup", Time since last: 19636449355 ns, Reaching safepoint: 34909 ns, Cleanup: 29070 ns, At safepoint: 19409 ns, Total: 83388 ns
[2025-06-11T23:35:27.668+0000][73][info ][safepoint   ] Safepoint "Cleanup", Time since last: 3798601121 ns, Reaching safepoint: 22701 ns, Cleanup: 13095 ns, At safepoint: 112566 ns, Total: 148362 ns
[2025-06-11T23:35:29.265+0000][73][info ][safepoint   ] Safepoint "Cleanup", Time since last: 1597798787 ns, Reaching safepoint: 31446 ns, Cleanup: 26182 ns, At safepoint: 15498 ns, Total: 73126 ns
[2025-06-11T23:35:46.268+0000][73][info ][safepoint   ] Safepoint "Cleanup", Time since last: 17003621860 ns, Reaching safepoint: 187400 ns, Cleanup: 20266 ns, At safepoint: 22772 ns, Total: 230438 ns
[2025-06-11T23:35:49.269+0000][73][info ][safepoint   ] Safepoint "Cleanup", Time since last: 3001353431 ns, Reaching safepoint: 35461 ns, Cleanup: 25923 ns, At safepoint: 17444 ns, Total: 78828 ns
[2025-06-11T23:35:51.270+0000][73][info ][safepoint   ] Safepoint "Cleanup", Time since last: 2000944876 ns, Reaching safepoint: 170179 ns, Cleanup: 16470 ns, At safepoint: 17405 ns, Total: 204054 ns
[2025-06-11T23:35:57.272+0000][73][info ][safepoint   ] Safepoint "Cleanup", Time since last: 6001877471 ns, Reaching safepoint: 30355 ns, Cleanup: 17948 ns, At safepoint: 13364 ns, Total: 61667 ns
[2025-06-11T23:36:14.273+0000][73][info ][safepoint   ] Safepoint "Cleanup", Time since last: 17003448104 ns, Reaching safepoint: 220612 ns, Cleanup: 21925 ns, At safepoint: 18648 ns, Total: 261185 ns
[2025-06-11T23:36:23.908+0000][73][info ][safepoint   ] Safepoint "Cleanup", Time since last: 9635407178 ns, Reaching safepoint: 20557 ns, Cleanup: 14608 ns, At safepoint: 7680 ns, Total: 42845 ns
[2025-06-11T23:36:27.909+0000][73][info ][safepoint   ] Safepoint "Cleanup", Time since last: 4000981104 ns, Reaching safepoint: 18212 ns, Cleanup: 16658 ns, At safepoint: 7254 ns, Total: 42124 ns
[2025-06-11T23:36:28.910+0000][73][info ][safepoint   ] Safepoint "Cleanup", Time since last: 1000688498 ns, Reaching safepoint: 19699 ns, Cleanup: 14189 ns, At safepoint: 8368 ns, Total: 42256 ns
[2025-06-11T23:36:30.674+0000][73][info ][safepoint   ] Safepoint "Cleanup", Time since last: 1763872965 ns, Reaching safepoint: 25530 ns, Cleanup: 17041 ns, At safepoint: 73070 ns, Total: 115641 ns
[2025-06-11T23:36:32.295+0000][73][info ][safepoint   ] Safepoint "Cleanup", Time since last: 1621102681 ns, Reaching safepoint: 33645 ns, Cleanup: 34861 ns, At safepoint: 15672 ns, Total: 84178 ns
[2025-06-11T23:36:34.294+0000][73][info ][safepoint   ] Safepoint "Cleanup", Time since last: 2000793135 ns, Reaching safepoint: 35130 ns, Cleanup: 27538 ns, At safepoint: 85211 ns, Total: 147879 ns
[2025-06-11T23:36:39.296+0000][73][info ][safepoint   ] Safepoint "Cleanup", Time since last: 5001498934 ns, Reaching safepoint: 19620 ns, Cleanup: 18754 ns, At safepoint: 8053 ns, Total: 46427 ns
[2025-06-11T23:36:44.297+0000][73][info ][safepoint   ] Safepoint "Cleanup", Time since last: 5001331452 ns, Reaching safepoint: 30346 ns, Cleanup: 19334 ns, At safepoint: 13633 ns, Total: 63313 ns
[2025-06-11T23:36:55.300+0000][73][info ][safepoint   ] Safepoint "Cleanup", Time since last: 11002505462 ns, Reaching safepoint: 80157 ns, Cleanup: 17867 ns, At safepoint: 15736 ns, Total: 113760 ns
[2025-06-11T23:36:57.301+0000][73][info ][safepoint   ] Safepoint "Cleanup", Time since last: 2000821086 ns, Reaching safepoint: 30895 ns, Cleanup: 15917 ns, At safepoint: 15302 ns, Total: 62114 ns
[2025-06-11T23:36:59.301+0000][73][info ][safepoint   ] Safepoint "Cleanup", Time since last: 2000693948 ns, Reaching safepoint: 24640 ns, Cleanup: 15099 ns, At safepoint: 9551 ns, Total: 49290 ns
[2025-06-11T23:37:08.301+0000][73][info ][safepoint   ] Safepoint "Cleanup", Time since last: 9002000399 ns, Reaching safepoint: 129368 ns, Cleanup: 18885 ns, At safepoint: 18866 ns, Total: 167119 ns
[2025-06-11T23:37:09.302+0000][73][info ][safepoint   ] Safepoint "Cleanup", Time since last: 1000634603 ns, Reaching safepoint: 31383 ns, Cleanup: 17591 ns, At safepoint: 15071 ns, Total: 64045 ns
[2025-06-11T23:37:23.949+0000][73][info ][safepoint   ] Safepoint "Cleanup", Time since last: 14647143546 ns, Reaching safepoint: 30958 ns, Cleanup: 16225 ns, At safepoint: 14888 ns, Total: 62071 ns
[2025-06-11T23:37:24.950+0000][73][info ][safepoint   ] Safepoint "Cleanup", Time since last: 1000759962 ns, Reaching safepoint: 27482 ns, Cleanup: 17034 ns, At safepoint: 12330 ns, Total: 56846 ns
[2025-06-11T23:37:28.951+0000][73][info ][safepoint   ] Safepoint "Cleanup", Time since last: 4001227539 ns, Reaching safepoint: 34967 ns, Cleanup: 18910 ns, At safepoint: 16331 ns, Total: 70208 ns
[2025-06-11T23:37:33.667+0000][73][info ][safepoint   ] Safepoint "Cleanup", Time since last: 4715661072 ns, Reaching safepoint: 32853 ns, Cleanup: 16590 ns, At safepoint: 118098 ns, Total: 167541 ns
[2025-06-11T23:37:35.321+0000][73][info ][safepoint   ] Safepoint "Cleanup", Time since last: 1656279734 ns, Reaching safepoint: 28444 ns, Cleanup: 80673 ns, At safepoint: 11338 ns, Total: 120455 ns
[2025-06-11T23:37:39.323+0000][73][info ][safepoint   ] Safepoint "Cleanup", Time since last: 4001255191 ns, Reaching safepoint: 19812 ns, Cleanup: 13073 ns, At safepoint: 8650 ns, Total: 41535 ns
[2025-06-11T23:37:40.323+0000][73][info ][safepoint   ] Safepoint "Cleanup", Time since last: 1000629748 ns, Reaching safepoint: 30114 ns, Cleanup: 19295 ns, At safepoint: 14574 ns, Total: 63983 ns
[2025-06-11T23:37:44.324+0000][73][info ][safepoint   ] Safepoint "Cleanup", Time since last: 4000960796 ns, Reaching safepoint: 64006 ns, Cleanup: 11696 ns, At safepoint: 7979 ns, Total: 83681 ns
[2025-06-11T23:37:54.327+0000][73][info ][safepoint   ] Safepoint "Cleanup", Time since last: 10002141745 ns, Reaching safepoint: 252554 ns, Cleanup: 20008 ns, At safepoint: 24635 ns, Total: 297197 ns
[2025-06-11T23:37:57.328+0000][73][info ][safepoint   ] Safepoint "Cleanup", Time since last: 3001137445 ns, Reaching safepoint: 34881 ns, Cleanup: 20344 ns, At safepoint: 18938 ns, Total: 74163 ns
[2025-06-11T23:38:08.328+0000][73][info ][safepoint   ] Safepoint "Cleanup", Time since last: 11002554345 ns, Reaching safepoint: 77302 ns, Cleanup: 17702 ns, At safepoint: 37031 ns, Total: 132035 ns
[2025-06-11T23:38:23.991+0000][73][info ][safepoint   ] Safepoint "Cleanup", Time since last: 15663490526 ns, Reaching safepoint: 21132 ns, Cleanup: 19192 ns, At safepoint: 8328 ns, Total: 48652 ns
[2025-06-11T23:38:35.992+0000][73][info ][safepoint   ] Safepoint "Cleanup", Time since last: 12002670961 ns, Reaching safepoint: 30216 ns, Cleanup: 16637 ns, At safepoint: 14612 ns, Total: 61465 ns
[2025-06-11T23:38:37.343+0000][73][info ][safepoint   ] Safepoint "Cleanup", Time since last: 1351003853 ns, Reaching safepoint: 7567 ns, Cleanup: 22469 ns, At safepoint: 14506 ns, Total: 44542 ns
[2025-06-11T23:38:39.361+0000][73][info ][safepoint   ] Safepoint "Cleanup", Time since last: 2017768358 ns, Reaching safepoint: 20567 ns, Cleanup: 15530 ns, At safepoint: 8542 ns, Total: 44639 ns
[2025-06-11T23:38:40.381+0000][73][info ][safepoint   ] Safepoint "Cleanup", Time since last: 1019718332 ns, Reaching safepoint: 23576 ns, Cleanup: 14463 ns, At safepoint: 8539 ns, Total: 46578 ns
[2025-06-11T23:38:53.384+0000][73][info ][safepoint   ] Safepoint "Cleanup", Time since last: 13002828602 ns, Reaching safepoint: 198024 ns, Cleanup: 21018 ns, At safepoint: 23433 ns, Total: 242475 ns
[2025-06-11T23:38:57.385+0000][73][info ][safepoint   ] Safepoint "Cleanup", Time since last: 4001237508 ns, Reaching safepoint: 30583 ns, Cleanup: 17888 ns, At safepoint: 14722 ns, Total: 63193 ns
[2025-06-11T23:38:58.386+0000][73][info ][safepoint   ] Safepoint "Cleanup", Time since last: 1000890387 ns, Reaching safepoint: 31706 ns, Cleanup: 17343 ns, At safepoint: 14582 ns, Total: 63631 ns
[2025-06-11T23:38:59.988+0000][73][info ][safepoint   ] Safepoint "Cleanup", Time since last: 1601601815 ns, Reaching safepoint: 24163 ns, Cleanup: 19550 ns, At safepoint: 10433 ns, Total: 54146 ns
[2025-06-11T23:39:03.989+0000][73][info ][safepoint   ] Safepoint "Cleanup", Time since last: 4001444228 ns, Reaching safepoint: 30853 ns, Cleanup: 20580 ns, At safepoint: 14970 ns, Total: 66403 ns
[2025-06-11T23:39:10.989+0000][73][info ][safepoint   ] Safepoint "Cleanup", Time since last: 7001934596 ns, Reaching safepoint: 206467 ns, Cleanup: 18353 ns, At safepoint: 17201 ns, Total: 242021 ns
[2025-06-11T23:39:12.990+0000][73][info ][safepoint   ] Safepoint "Cleanup", Time since last: 2000882883 ns, Reaching safepoint: 24776 ns, Cleanup: 14991 ns, At safepoint: 9714 ns, Total: 49481 ns
[2025-06-11T23:39:24.034+0000][73][info ][safepoint   ] Safepoint "Cleanup", Time since last: 11044154005 ns, Reaching safepoint: 70689 ns, Cleanup: 36463 ns, At safepoint: 8457 ns, Total: 115609 ns
[2025-06-11T23:39:25.035+0000][73][info ][safepoint   ] Safepoint "Cleanup", Time since last: 1000671576 ns, Reaching safepoint: 121671 ns, Cleanup: 17660 ns, At safepoint: 22905 ns, Total: 162236 ns
[2025-06-11T23:39:34.037+0000][73][info ][safepoint   ] Safepoint "Cleanup", Time since last: 9001915874 ns, Reaching safepoint: 35601 ns, Cleanup: 19181 ns, At safepoint: 16084 ns, Total: 70866 ns
[2025-06-11T23:39:39.667+0000][73][info ][safepoint   ] Safepoint "Cleanup", Time since last: 5633169230 ns, Reaching safepoint: 20224 ns, Cleanup: 15740 ns, At safepoint: 71398 ns, Total: 107362 ns
[2025-06-11T23:39:41.419+0000][73][info ][safepoint   ] Safepoint "Cleanup", Time since last: 1751394969 ns, Reaching safepoint: 13559 ns, Cleanup: 63912 ns, At safepoint: 87220 ns, Total: 164691 ns
[2025-06-11T23:39:43.424+0000][73][info ][safepoint   ] Safepoint "Cleanup", Time since last: 2004607800 ns, Reaching safepoint: 41409 ns, Cleanup: 20402 ns, At safepoint: 14867 ns, Total: 76678 ns
[2025-06-11T23:39:44.425+0000][73][info ][safepoint   ] Safepoint "Cleanup", Time since last: 1000893886 ns, Reaching safepoint: 31864 ns, Cleanup: 26379 ns, At safepoint: 82535 ns, Total: 140778 ns
[2025-06-11T23:39:49.426+0000][73][info ][safepoint   ] Safepoint "Cleanup", Time since last: 5001199219 ns, Reaching safepoint: 35124 ns, Cleanup: 19435 ns, At safepoint: 16640 ns, Total: 71199 ns
[2025-06-11T23:40:01.429+0000][73][info ][safepoint   ] Safepoint "Cleanup", Time since last: 12002588241 ns, Reaching safepoint: 73021 ns, Cleanup: 17880 ns, At safepoint: 9627 ns, Total: 100528 ns
[2025-06-11T23:40:16.430+0000][73][info ][safepoint   ] Safepoint "Cleanup", Time since last: 15003234557 ns, Reaching safepoint: 30429 ns, Cleanup: 16802 ns, At safepoint: 13889 ns, Total: 61120 ns
[2025-06-11T23:40:19.431+0000][73][info ][safepoint   ] Safepoint "Cleanup", Time since last: 3001097597 ns, Reaching safepoint: 137679 ns, Cleanup: 16153 ns, At safepoint: 91187 ns, Total: 245019 ns
[2025-06-11T23:40:24.075+0000][73][info ][safepoint   ] Safepoint "Cleanup", Time since last: 4643621988 ns, Reaching safepoint: 31126 ns, Cleanup: 18545 ns, At safepoint: 15158 ns, Total: 64829 ns
[2025-06-11T23:40:25.076+0000][73][info ][safepoint   ] Safepoint "Cleanup", Time since last: 1000733619 ns, Reaching safepoint: 25249 ns, Cleanup: 15901 ns, At safepoint: 11719 ns, Total: 52869 ns
[2025-06-11T23:40:29.078+0000][73][info ][safepoint   ] Safepoint "Cleanup", Time since last: 4002572158 ns, Reaching safepoint: 34035 ns, Cleanup: 23463 ns, At safepoint: 16224 ns, Total: 73722 ns
[2025-06-11T23:40:34.080+0000][73][info ][safepoint   ] Safepoint "Cleanup", Time since last: 5001443145 ns, Reaching safepoint: 30669 ns, Cleanup: 17095 ns, At safepoint: 14060 ns, Total: 61824 ns
[2025-06-11T23:40:42.671+0000][73][info ][safepoint   ] Safepoint "Cleanup", Time since last: 8593583553 ns, Reaching safepoint: 6952 ns, Cleanup: 9490 ns, At safepoint: 13023 ns, Total: 29465 ns
[2025-06-11T23:40:44.448+0000][73][info ][safepoint   ] Safepoint "Cleanup", Time since last: 1776678605 ns, Reaching safepoint: 24642 ns, Cleanup: 32227 ns, At safepoint: 10951 ns, Total: 67820 ns
[2025-06-11T23:40:48.450+0000][73][info ][safepoint   ] Safepoint "Cleanup", Time since last: 4001975747 ns, Reaching safepoint: 20579 ns, Cleanup: 14066 ns, At safepoint: 9418 ns, Total: 44063 ns
[2025-06-11T23:40:53.451+0000][73][info ][safepoint   ] Safepoint "Cleanup", Time since last: 5001175314 ns, Reaching safepoint: 21647 ns, Cleanup: 13222 ns, At safepoint: 8565 ns, Total: 43434 ns
[2025-06-11T23:40:54.452+0000][73][info ][safepoint   ] Safepoint "Cleanup", Time since last: 1000643696 ns, Reaching safepoint: 32424 ns, Cleanup: 19603 ns, At safepoint: 15755 ns, Total: 67782 ns
[2025-06-11T23:40:57.453+0000][73][info ][safepoint   ] Safepoint "Cleanup", Time since last: 3001046980 ns, Reaching safepoint: 25356 ns, Cleanup: 14882 ns, At safepoint: 10393 ns, Total: 50631 ns
[2025-06-11T23:41:24.113+0000][73][info ][safepoint   ] Safepoint "Cleanup", Time since last: 26661762690 ns, Reaching safepoint: 31908 ns, Cleanup: 16439 ns, At safepoint: 15512 ns, Total: 63859 ns
[2025-06-11T23:41:28.114+0000][73][info ][safepoint   ] Safepoint "Cleanup", Time since last: 4001254815 ns, Reaching safepoint: 19824 ns, Cleanup: 13255 ns, At safepoint: 8324 ns, Total: 41403 ns
[2025-06-11T23:41:34.116+0000][73][info ][safepoint   ] Safepoint "Cleanup", Time since last: 6001681457 ns, Reaching safepoint: 21524 ns, Cleanup: 14209 ns, At safepoint: 8058 ns, Total: 43791 ns
[2025-06-11T23:41:45.661+0000][73][info ][safepoint   ] Safepoint "Cleanup", Time since last: 11548328245 ns, Reaching safepoint: 6088 ns, Cleanup: 9633 ns, At safepoint: 2923 ns, Total: 18644 ns
[2025-06-11T23:41:47.489+0000][73][info ][safepoint   ] Safepoint "Cleanup", Time since last: 1827489966 ns, Reaching safepoint: 32248 ns, Cleanup: 28488 ns, At safepoint: 16749 ns, Total: 77485 ns
[2025-06-11T23:41:58.492+0000][73][info ][safepoint   ] Safepoint "Cleanup", Time since last: 11002645582 ns, Reaching safepoint: 151225 ns, Cleanup: 15157 ns, At safepoint: 11951 ns, Total: 178333 ns
[2025-06-11T23:42:01.499+0000][73][info ][safepoint   ] Safepoint "Cleanup", Time since last: 3007541678 ns, Reaching safepoint: 34477 ns, Cleanup: 23971 ns, At safepoint: 16564 ns, Total: 75012 ns
[2025-06-11T23:42:14.500+0000][73][info ][safepoint   ] Safepoint "Cleanup", Time since last: 13002824735 ns, Reaching safepoint: 52519 ns, Cleanup: 15335 ns, At safepoint: 10040 ns, Total: 77894 ns
[2025-06-11T23:42:19.502+0000][73][info ][safepoint   ] Safepoint "Cleanup", Time since last: 5001721834 ns, Reaching safepoint: 52233 ns, Cleanup: 22506 ns, At safepoint: 11786 ns, Total: 86525 ns
[2025-06-11T23:42:24.150+0000][73][info ][safepoint   ] Safepoint "Cleanup", Time since last: 4648645588 ns, Reaching safepoint: 31507 ns, Cleanup: 18339 ns, At safepoint: 15449 ns, Total: 65295 ns
[2025-06-11T23:42:43.152+0000][73][info ][safepoint   ] Safepoint "Cleanup", Time since last: 19003491463 ns, Reaching safepoint: 43753 ns, Cleanup: 13431 ns, At safepoint: 7686 ns, Total: 64870 ns
[2025-06-11T23:42:44.153+0000][73][info ][safepoint   ] Safepoint "Cleanup", Time since last: 1000635401 ns, Reaching safepoint: 30606 ns, Cleanup: 18834 ns, At safepoint: 14299 ns, Total: 63739 ns
[2025-06-11T23:42:49.154+0000][73][info ][safepoint   ] Safepoint "Cleanup", Time since last: 5001342088 ns, Reaching safepoint: 30435 ns, Cleanup: 17830 ns, At safepoint: 14998 ns, Total: 63263 ns
[2025-06-11T23:42:50.596+0000][73][info ][safepoint   ] Safepoint "Cleanup", Time since last: 1442072278 ns, Reaching safepoint: 17285 ns, Cleanup: 37363 ns, At safepoint: 75325 ns, Total: 129973 ns
[2025-06-11T23:42:53.597+0000][73][info ][safepoint   ] Safepoint "Cleanup", Time since last: 3001204550 ns, Reaching safepoint: 25213 ns, Cleanup: 15104 ns, At safepoint: 10140 ns, Total: 50457 ns
[2025-06-11T23:42:56.599+0000][73][info ][safepoint   ] Safepoint "Cleanup", Time since last: 3001805809 ns, Reaching safepoint: 25742 ns, Cleanup: 20362 ns, At safepoint: 16208 ns, Total: 62312 ns
[2025-06-11T23:43:01.601+0000][73][info ][safepoint   ] Safepoint "Cleanup", Time since last: 5001524235 ns, Reaching safepoint: 32449 ns, Cleanup: 17475 ns, At safepoint: 85105 ns, Total: 135029 ns
[2025-06-11T23:43:24.184+0000][73][info ][safepoint   ] Safepoint "Cleanup", Time since last: 22585216233 ns, Reaching safepoint: 34828 ns, Cleanup: 26953 ns, At safepoint: 16432 ns, Total: 78213 ns
[2025-06-11T23:43:28.664+0000][73][info ][safepoint   ] Safepoint "Cleanup", Time since last: 4479939410 ns, Reaching safepoint: 20858 ns, Cleanup: 14137 ns, At safepoint: 9134 ns, Total: 44129 ns
[2025-06-11T23:43:36.732+0000][73][info ][safepoint   ] Safepoint "Cleanup", Time since last: 8071812222 ns, Reaching safepoint: 50874 ns, Cleanup: 15612 ns, At safepoint: 11754 ns, Total: 78240 ns
[2025-06-11T23:43:38.733+0000][73][info ][safepoint   ] Safepoint "Cleanup", Time since last: 2001448449 ns, Reaching safepoint: 26379 ns, Cleanup: 16484 ns, At safepoint: 10867 ns, Total: 53730 ns
[2025-06-11T23:43:39.742+0000][73][info ][safepoint   ] Safepoint "Cleanup", Time since last: 1008672432 ns, Reaching safepoint: 89292 ns, Cleanup: 10933 ns, At safepoint: 55271 ns, Total: 155496 ns
[2025-06-11T23:43:40.753+0000][73][info ][safepoint   ] Safepoint "Cleanup", Time since last: 1010199438 ns, Reaching safepoint: 27518 ns, Cleanup: 34558 ns, At safepoint: 11213 ns, Total: 73289 ns
[2025-06-11T23:43:41.770+0000][73][info ][safepoint   ] Safepoint "Cleanup", Time since last: 1017171777 ns, Reaching safepoint: 26645 ns, Cleanup: 20119 ns, At safepoint: 11524 ns, Total: 58288 ns
[2025-06-11T23:43:43.803+0000][73][info ][safepoint   ] Safepoint "Cleanup", Time since last: 2033064362 ns, Reaching safepoint: 73053 ns, Cleanup: 18042 ns, At safepoint: 16014 ns, Total: 107109 ns
[2025-06-11T23:43:46.806+0000][73][info ][safepoint   ] Safepoint "Cleanup", Time since last: 3002792205 ns, Reaching safepoint: 27382 ns, Cleanup: 14866 ns, At safepoint: 11916 ns, Total: 54164 ns
[2025-06-11T23:43:51.695+0000][73][info ][safepoint   ] Safepoint "Cleanup", Time since last: 4889405065 ns, Reaching safepoint: 105150 ns, Cleanup: 14939 ns, At safepoint: 56765 ns, Total: 176854 ns
[2025-06-11T23:43:52.808+0000][73][info ][safepoint   ] Safepoint "Cleanup", Time since last: 1112492315 ns, Reaching safepoint: 6421 ns, Cleanup: 8364 ns, At safepoint: 18073 ns, Total: 32858 ns
[2025-06-11T23:43:54.809+0000][73][info ][safepoint   ] Safepoint "Cleanup", Time since last: 2001261786 ns, Reaching safepoint: 24879 ns, Cleanup: 14395 ns, At safepoint: 10647 ns, Total: 49921 ns
[2025-06-11T23:43:58.765+0000][73][info ][safepoint   ] Safepoint "Cleanup", Time since last: 3956142436 ns, Reaching safepoint: 18210 ns, Cleanup: 21261 ns, At safepoint: 24010 ns, Total: 63481 ns
[2025-06-11T23:44:04.068+0000][73][info ][safepoint   ] Safepoint "Cleanup", Time since last: 5302502837 ns, Reaching safepoint: 25647 ns, Cleanup: 14320 ns, At safepoint: 9703 ns, Total: 49670 ns
[2025-06-11T23:44:07.068+0000][73][info ][safepoint   ] Safepoint "Cleanup", Time since last: 3000945814 ns, Reaching safepoint: 27582 ns, Cleanup: 15629 ns, At safepoint: 11191 ns, Total: 54402 ns
[2025-06-11T23:44:24.211+0000][73][info ][safepoint   ] Safepoint "Cleanup", Time since last: 17142642139 ns, Reaching safepoint: 41474 ns, Cleanup: 25046 ns, At safepoint: 15410 ns, Total: 81930 ns
[2025-06-11T23:44:28.212+0000][73][info ][safepoint   ] Safepoint "Cleanup", Time since last: 4001544041 ns, Reaching safepoint: 52036 ns, Cleanup: 20050 ns, At safepoint: 13020 ns, Total: 85106 ns
[2025-06-11T23:44:34.216+0000][73][info ][safepoint   ] Safepoint "Cleanup", Time since last: 6003985029 ns, Reaching safepoint: 22992 ns, Cleanup: 15809 ns, At safepoint: 9285 ns, Total: 48086 ns
[2025-06-11T23:44:39.215+0000][73][info ][safepoint   ] Safepoint "Cleanup", Time since last: 5001125017 ns, Reaching safepoint: 25887 ns, Cleanup: 14325 ns, At safepoint: 9864 ns, Total: 50076 ns
[2025-06-11T23:44:54.713+0000][73][info ][safepoint   ] Safepoint "Cleanup", Time since last: 15497829318 ns, Reaching safepoint: 23985 ns, Cleanup: 91194 ns, At safepoint: 155307 ns, Total: 270486 ns
[2025-06-11T23:44:55.920+0000][73][info ][safepoint   ] Safepoint "Cleanup", Time since last: 1206780013 ns, Reaching safepoint: 97991 ns, Cleanup: 65638 ns, At safepoint: 19141 ns, Total: 182770 ns
[2025-06-11T23:44:56.932+0000][73][info ][safepoint   ] Safepoint "Cleanup", Time since last: 1012219201 ns, Reaching safepoint: 35999 ns, Cleanup: 20234 ns, At safepoint: 16638 ns, Total: 72871 ns
[2025-06-11T23:44:57.933+0000][73][info ][safepoint   ] Safepoint "Cleanup", Time since last: 1000629737 ns, Reaching safepoint: 20450 ns, Cleanup: 17632 ns, At safepoint: 8880 ns, Total: 46962 ns
[2025-06-11T23:45:00.934+0000][73][info ][safepoint   ] Safepoint "Cleanup", Time since last: 3000886890 ns, Reaching safepoint: 28823 ns, Cleanup: 17554 ns, At safepoint: 11607 ns, Total: 57984 ns
[2025-06-11T23:45:03.936+0000][73][info ][safepoint   ] Safepoint "Cleanup", Time since last: 3001869993 ns, Reaching safepoint: 35488 ns, Cleanup: 20530 ns, At safepoint: 12276 ns, Total: 68294 ns
[2025-06-11T23:45:08.937+0000][73][info ][safepoint   ] Safepoint "Cleanup", Time since last: 5003395153 ns, Reaching safepoint: 24359 ns, Cleanup: 18750 ns, At safepoint: 8812 ns, Total: 51921 ns
[2025-06-11T23:45:29.237+0000][73][info ][safepoint   ] Safepoint "Cleanup", Time since last: 20300135571 ns, Reaching safepoint: 24088 ns, Cleanup: 14563 ns, At safepoint: 9770 ns, Total: 48421 ns
[2025-06-11T23:45:31.238+0000][73][info ][safepoint   ] Safepoint "Cleanup", Time since last: 2000668893 ns, Reaching safepoint: 19570 ns, Cleanup: 17636 ns, At safepoint: 7942 ns, Total: 45148 ns
[2025-06-11T23:45:54.240+0000][73][info ][safepoint   ] Safepoint "Cleanup", Time since last: 23003845002 ns, Reaching safepoint: 270169 ns, Cleanup: 20838 ns, At safepoint: 23342 ns, Total: 314349 ns
[2025-06-11T23:45:57.659+0000][73][info ][safepoint   ] Safepoint "Cleanup", Time since last: 3418941661 ns, Reaching safepoint: 17273 ns, Cleanup: 77758 ns, At safepoint: 144097 ns, Total: 239128 ns
[2025-06-11T23:45:58.977+0000][73][info ][safepoint   ] Safepoint "Cleanup", Time since last: 1318438671 ns, Reaching safepoint: 29594 ns, Cleanup: 23945 ns, At safepoint: 14968 ns, Total: 68507 ns
[2025-06-11T23:46:24.268+0000][73][info ][safepoint   ] Safepoint "Cleanup", Time since last: 25293278315 ns, Reaching safepoint: 33058 ns, Cleanup: 16762 ns, At safepoint: 15119 ns, Total: 64939 ns
[2025-06-11T23:46:38.269+0000][73][info ][safepoint   ] Safepoint "Cleanup", Time since last: 14003353531 ns, Reaching safepoint: 32167 ns, Cleanup: 17244 ns, At safepoint: 15351 ns, Total: 64762 ns
[2025-06-11T23:46:40.271+0000][73][info ][safepoint   ] Safepoint "Cleanup", Time since last: 2001041908 ns, Reaching safepoint: 30219 ns, Cleanup: 18023 ns, At safepoint: 14076 ns, Total: 62318 ns
[2025-06-11T23:46:46.272+0000][73][info ][safepoint   ] Safepoint "Cleanup", Time since last: 6001459933 ns, Reaching safepoint: 32259 ns, Cleanup: 17460 ns, At safepoint: 12973 ns, Total: 62692 ns
[2025-06-11T23:46:57.275+0000][73][info ][safepoint   ] Safepoint "Cleanup", Time since last: 11002466504 ns, Reaching safepoint: 75726 ns, Cleanup: 22280 ns, At safepoint: 16453 ns, Total: 114459 ns
[2025-06-11T23:47:00.666+0000][73][info ][safepoint   ] Safepoint "Cleanup", Time since last: 3390995355 ns, Reaching safepoint: 6993 ns, Cleanup: 7364 ns, At safepoint: 12565 ns, Total: 26922 ns
[2025-06-11T23:47:02.019+0000][73][info ][safepoint   ] Safepoint "Cleanup", Time since last: 1353399958 ns, Reaching safepoint: 31716 ns, Cleanup: 18172 ns, At safepoint: 81998 ns, Total: 131886 ns
[2025-06-11T23:47:07.018+0000][73][info ][safepoint   ] Safepoint "Cleanup", Time since last: 5001273080 ns, Reaching safepoint: 19122 ns, Cleanup: 14661 ns, At safepoint: 8387 ns, Total: 42170 ns
[2025-06-11T23:47:23.306+0000][73][info ][safepoint   ] Safepoint "Cleanup", Time since last: 16287431899 ns, Reaching safepoint: 30885 ns, Cleanup: 17414 ns, At safepoint: 14432 ns, Total: 62731 ns
[2025-06-11T23:47:24.306+0000][73][info ][safepoint   ] Safepoint "Cleanup", Time since last: 1000596979 ns, Reaching safepoint: 20398 ns, Cleanup: 13984 ns, At safepoint: 8965 ns, Total: 43347 ns
[2025-06-11T23:47:26.307+0000][73][info ][safepoint   ] Safepoint "Cleanup", Time since last: 2000755303 ns, Reaching safepoint: 19483 ns, Cleanup: 13202 ns, At safepoint: 8223 ns, Total: 40908 ns
[2025-06-11T23:47:27.308+0000][73][info ][safepoint   ] Safepoint "Cleanup", Time since last: 1000695652 ns, Reaching safepoint: 30709 ns, Cleanup: 16773 ns, At safepoint: 14792 ns, Total: 62274 ns
[2025-06-11T23:47:36.308+0000][73][info ][safepoint   ] Safepoint "Cleanup", Time since last: 9002152237 ns, Reaching safepoint: 30716 ns, Cleanup: 18283 ns, At safepoint: 16217 ns, Total: 65216 ns
[2025-06-11T23:47:50.311+0000][73][info ][safepoint   ] Safepoint "Cleanup", Time since last: 14002857332 ns, Reaching safepoint: 47660 ns, Cleanup: 13063 ns, At safepoint: 9563 ns, Total: 70286 ns
[2025-06-11T23:47:59.313+0000][73][info ][safepoint   ] Safepoint "Cleanup", Time since last: 9002057334 ns, Reaching safepoint: 31259 ns, Cleanup: 16261 ns, At safepoint: 15552 ns, Total: 63072 ns
[2025-06-11T23:48:03.655+0000][73][info ][safepoint   ] Safepoint "Cleanup", Time since last: 4341883891 ns, Reaching safepoint: 29737 ns, Cleanup: 16694 ns, At safepoint: 122438 ns, Total: 168869 ns
[2025-06-11T23:48:08.052+0000][73][info ][safepoint   ] Safepoint "Cleanup", Time since last: 4400173396 ns, Reaching safepoint: 17960 ns, Cleanup: 13166 ns, At safepoint: 7829 ns, Total: 38955 ns
[2025-06-11T23:48:31.345+0000][73][info ][safepoint   ] Safepoint "Cleanup", Time since last: 23292843281 ns, Reaching safepoint: 35697 ns, Cleanup: 19481 ns, At safepoint: 15995 ns, Total: 71173 ns
[2025-06-11T23:48:36.345+0000][73][info ][safepoint   ] Safepoint "Cleanup", Time since last: 5001619732 ns, Reaching safepoint: 32001 ns, Cleanup: 16276 ns, At safepoint: 16376 ns, Total: 64653 ns
[2025-06-11T23:48:42.655+0000][73][info ][safepoint   ] Safepoint "Cleanup", Time since last: 6310007199 ns, Reaching safepoint: 15987 ns, Cleanup: 19124 ns, At safepoint: 76650 ns, Total: 111761 ns
[2025-06-11T23:48:44.087+0000][73][info ][safepoint   ] Safepoint "Cleanup", Time since last: 1432303638 ns, Reaching safepoint: 31099 ns, Cleanup: 20969 ns, At safepoint: 16344 ns, Total: 68412 ns
[2025-06-11T23:48:47.145+0000][73][info ][safepoint   ] Safepoint "Cleanup", Time since last: 3057832370 ns, Reaching safepoint: 30534 ns, Cleanup: 16852 ns, At safepoint: 15632 ns, Total: 63018 ns
[2025-06-11T23:48:49.146+0000][73][info ][safepoint   ] Safepoint "Cleanup", Time since last: 2000947839 ns, Reaching safepoint: 30838 ns, Cleanup: 16169 ns, At safepoint: 15364 ns, Total: 62371 ns
[2025-06-11T23:49:04.145+0000][73][info ][safepoint   ] Safepoint "Cleanup", Time since last: 14998940767 ns, Reaching safepoint: 22282 ns, Cleanup: 12486 ns, At safepoint: 7905 ns, Total: 42673 ns
[2025-06-11T23:49:06.789+0000][73][info ][safepoint   ] Safepoint "Cleanup", Time since last: 2642432600 ns, Reaching safepoint: 3288284 ns, Cleanup: 22080 ns, At safepoint: 178287 ns, Total: 3488651 ns
[2025-06-11T23:49:08.177+0000][73][info ][safepoint   ] Safepoint "Cleanup", Time since last: 1388322104 ns, Reaching safepoint: 18712 ns, Cleanup: 20676 ns, At safepoint: 7665 ns, Total: 47053 ns
[2025-06-11T23:49:27.382+0000][73][info ][safepoint   ] Safepoint "Cleanup", Time since last: 19204421500 ns, Reaching safepoint: 137641 ns, Cleanup: 18242 ns, At safepoint: 16647 ns, Total: 172530 ns
[2025-06-11T23:49:28.382+0000][73][info ][safepoint   ] Safepoint "Cleanup", Time since last: 1000608158 ns, Reaching safepoint: 18521 ns, Cleanup: 10829 ns, At safepoint: 7372 ns, Total: 36722 ns
[2025-06-11T23:49:47.384+0000][73][info ][safepoint   ] Safepoint "Cleanup", Time since last: 19004583994 ns, Reaching safepoint: 75145 ns, Cleanup: 12484 ns, At safepoint: 6991 ns, Total: 94620 ns
[2025-06-11T23:50:10.199+0000][73][info ][safepoint   ] Safepoint "Cleanup", Time since last: 22816400628 ns, Reaching safepoint: 27157 ns, Cleanup: 24119 ns, At safepoint: 72423 ns, Total: 123699 ns
[2025-06-11T23:50:23.422+0000][73][info ][safepoint   ] Safepoint "Cleanup", Time since last: 13222786217 ns, Reaching safepoint: 164881 ns, Cleanup: 17440 ns, At safepoint: 7717 ns, Total: 190038 ns
[2025-06-11T23:50:28.424+0000][73][info ][safepoint   ] Safepoint "Cleanup", Time since last: 5002348118 ns, Reaching safepoint: 52076 ns, Cleanup: 20179 ns, At safepoint: 14659 ns, Total: 86914 ns
[2025-06-11T23:50:40.425+0000][73][info ][safepoint   ] Safepoint "Cleanup", Time since last: 12002759414 ns, Reaching safepoint: 31541 ns, Cleanup: 16618 ns, At safepoint: 13145 ns, Total: 61304 ns
[2025-06-11T23:51:12.649+0000][73][info ][safepoint   ] Safepoint "Cleanup", Time since last: 32226428821 ns, Reaching safepoint: 157391 ns, Cleanup: 10481 ns, At safepoint: 34699 ns, Total: 202571 ns
[2025-06-11T23:51:14.262+0000][73][info ][safepoint   ] Safepoint "Cleanup", Time since last: 1612861460 ns, Reaching safepoint: 20594 ns, Cleanup: 19526 ns, At safepoint: 8452 ns, Total: 48572 ns
[2025-06-11T23:51:21.455+0000][73][info ][safepoint   ] Safepoint "Cleanup", Time since last: 7192664432 ns, Reaching safepoint: 28241 ns, Cleanup: 14918 ns, At safepoint: 11242 ns, Total: 54401 ns
[2025-06-11T23:51:23.455+0000][73][info ][safepoint   ] Safepoint "Cleanup", Time since last: 2000762645 ns, Reaching safepoint: 30956 ns, Cleanup: 18957 ns, At safepoint: 18820 ns, Total: 68733 ns
[2025-06-11T23:51:27.456+0000][73][info ][safepoint   ] Safepoint "Cleanup", Time since last: 4000970533 ns, Reaching safepoint: 75886 ns, Cleanup: 17514 ns, At safepoint: 9441 ns, Total: 102841 ns
[2025-06-11T23:51:40.457+0000][73][info ][safepoint   ] Safepoint "Cleanup", Time since last: 13001986626 ns, Reaching safepoint: 34472 ns, Cleanup: 15441 ns, At safepoint: 12073 ns, Total: 61986 ns
[2025-06-11T23:51:57.459+0000][73][info ][safepoint   ] Safepoint "Cleanup", Time since last: 17002466956 ns, Reaching safepoint: 56112 ns, Cleanup: 14499 ns, At safepoint: 12569 ns, Total: 83180 ns
[2025-06-11T23:52:01.460+0000][73][info ][safepoint   ] Safepoint "Cleanup", Time since last: 4000964067 ns, Reaching safepoint: 26346 ns, Cleanup: 18297 ns, At safepoint: 12186 ns, Total: 56829 ns
[2025-06-11T23:52:13.459+0000][73][info ][safepoint   ] Safepoint "Cleanup", Time since last: 12001814132 ns, Reaching safepoint: 85091 ns, Cleanup: 14227 ns, At safepoint: 9924 ns, Total: 109242 ns
[2025-06-11T23:52:14.460+0000][73][info ][safepoint   ] Safepoint "Cleanup", Time since last: 1000504457 ns, Reaching safepoint: 20911 ns, Cleanup: 16421 ns, At safepoint: 8627 ns, Total: 45959 ns
[2025-06-11T23:52:15.630+0000][73][info ][safepoint   ] Safepoint "Cleanup", Time since last: 1169945134 ns, Reaching safepoint: 16935 ns, Cleanup: 13114 ns, At safepoint: 17270 ns, Total: 47319 ns
[2025-06-11T23:52:23.482+0000][73][info ][safepoint   ] Safepoint "Cleanup", Time since last: 7852139308 ns, Reaching safepoint: 25787 ns, Cleanup: 20925 ns, At safepoint: 11264 ns, Total: 57976 ns
[2025-06-11T23:52:24.483+0000][73][info ][safepoint   ] Safepoint "Cleanup", Time since last: 1000645153 ns, Reaching safepoint: 27386 ns, Cleanup: 19012 ns, At safepoint: 13006 ns, Total: 59404 ns
[2025-06-11T23:52:44.484+0000][73][info ][safepoint   ] Safepoint "Cleanup", Time since last: 20002769055 ns, Reaching safepoint: 62139 ns, Cleanup: 15301 ns, At safepoint: 12970 ns, Total: 90410 ns
[2025-06-11T23:52:56.486+0000][73][info ][safepoint   ] Safepoint "Cleanup", Time since last: 12001947966 ns, Reaching safepoint: 58487 ns, Cleanup: 18415 ns, At safepoint: 10671 ns, Total: 87573 ns
[2025-06-11T23:53:14.486+0000][73][info ][safepoint   ] Safepoint "Cleanup", Time since last: 18002653620 ns, Reaching safepoint: 66021 ns, Cleanup: 18164 ns, At safepoint: 12863 ns, Total: 97048 ns
[2025-06-11T23:53:18.487+0000][73][info ][safepoint   ] Safepoint "Cleanup", Time since last: 4000930358 ns, Reaching safepoint: 26546 ns, Cleanup: 17261 ns, At safepoint: 10952 ns, Total: 54759 ns
[2025-06-11T23:53:20.340+0000][73][info ][safepoint   ] Safepoint "Cleanup", Time since last: 1852619824 ns, Reaching safepoint: 28006 ns, Cleanup: 23140 ns, At safepoint: 11330 ns, Total: 62476 ns
[2025-06-11T23:53:23.510+0000][73][info ][safepoint   ] Safepoint "Cleanup", Time since last: 3170082445 ns, Reaching safepoint: 20558 ns, Cleanup: 15928 ns, At safepoint: 7931 ns, Total: 44417 ns
[2025-06-11T23:53:24.510+0000][73][info ][safepoint   ] Safepoint "Cleanup", Time since last: 1000511556 ns, Reaching safepoint: 20660 ns, Cleanup: 14357 ns, At safepoint: 9313 ns, Total: 44330 ns
[2025-06-11T23:53:28.511+0000][73][info ][safepoint   ] Safepoint "Cleanup", Time since last: 4000933105 ns, Reaching safepoint: 54251 ns, Cleanup: 13622 ns, At safepoint: 7854 ns, Total: 75727 ns
[2025-06-11T23:53:45.652+0000][73][info ][safepoint   ] Safepoint "Cleanup", Time since last: 17142676403 ns, Reaching safepoint: 78916 ns, Cleanup: 10219 ns, At safepoint: 44427 ns, Total: 133562 ns
[2025-06-11T23:53:47.363+0000][73][info ][safepoint   ] Safepoint "Cleanup", Time since last: 1711137225 ns, Reaching safepoint: 28673 ns, Cleanup: 17773 ns, At safepoint: 11924 ns, Total: 58370 ns
[2025-06-11T23:53:48.425+0000][73][info ][safepoint   ] Safepoint "Cleanup", Time since last: 1061783959 ns, Reaching safepoint: 14151 ns, Cleanup: 14370 ns, At safepoint: 4686 ns, Total: 33207 ns
[2025-06-11T23:53:54.426+0000][73][info ][safepoint   ] Safepoint "Cleanup", Time since last: 6001257719 ns, Reaching safepoint: 28623 ns, Cleanup: 15639 ns, At safepoint: 12126 ns, Total: 56388 ns
[2025-06-11T23:53:58.753+0000][73][info ][safepoint   ] Safepoint "Cleanup", Time since last: 4326420650 ns, Reaching safepoint: 118985 ns, Cleanup: 9688 ns, At safepoint: 52968 ns, Total: 181641 ns
[2025-06-11T23:54:08.237+0000][73][info ][safepoint   ] Safepoint "Cleanup", Time since last: 9486392791 ns, Reaching safepoint: 26017 ns, Cleanup: 15522 ns, At safepoint: 10505 ns, Total: 52044 ns
[2025-06-11T23:54:14.238+0000][73][info ][safepoint   ] Safepoint "Cleanup", Time since last: 6001215082 ns, Reaching safepoint: 80584 ns, Cleanup: 16444 ns, At safepoint: 15034 ns, Total: 112062 ns
[2025-06-11T23:54:19.239+0000][73][info ][safepoint   ] Safepoint "Cleanup", Time since last: 5001043847 ns, Reaching safepoint: 26596 ns, Cleanup: 19137 ns, At safepoint: 11476 ns, Total: 57209 ns
[2025-06-11T23:54:21.650+0000][73][info ][safepoint   ] Safepoint "Cleanup", Time since last: 2410801309 ns, Reaching safepoint: 14166 ns, Cleanup: 15402 ns, At safepoint: 18648 ns, Total: 48216 ns
[2025-06-11T23:54:23.463+0000][73][info ][safepoint   ] Safepoint "Cleanup", Time since last: 1813225087 ns, Reaching safepoint: 21776 ns, Cleanup: 17468 ns, At safepoint: 8279 ns, Total: 47523 ns
[2025-06-11T23:54:24.464+0000][73][info ][safepoint   ] Safepoint "Cleanup", Time since last: 1000654496 ns, Reaching safepoint: 30433 ns, Cleanup: 19180 ns, At safepoint: 45994 ns, Total: 95607 ns
[2025-06-11T23:55:19.467+0000][73][info ][safepoint   ] Safepoint "Cleanup", Time since last: 55007022628 ns, Reaching safepoint: 59095 ns, Cleanup: 54459 ns, At safepoint: 13284 ns, Total: 126838 ns
[2025-06-11T23:55:23.560+0000][73][info ][safepoint   ] Safepoint "Cleanup", Time since last: 4092625902 ns, Reaching safepoint: 28109 ns, Cleanup: 19801 ns, At safepoint: 11488 ns, Total: 59398 ns
[2025-06-11T23:55:24.560+0000][73][info ][safepoint   ] Safepoint "Cleanup", Time since last: 1000644112 ns, Reaching safepoint: 24449 ns, Cleanup: 16000 ns, At safepoint: 9503 ns, Total: 49952 ns
[2025-06-11T23:55:26.507+0000][73][info ][safepoint   ] Safepoint "Cleanup", Time since last: 1946432952 ns, Reaching safepoint: 26779 ns, Cleanup: 18748 ns, At safepoint: 11281 ns, Total: 56808 ns
[2025-06-11T23:55:27.508+0000][73][info ][safepoint   ] Safepoint "Cleanup", Time since last: 1000633184 ns, Reaching safepoint: 25891 ns, Cleanup: 16201 ns, At safepoint: 30291 ns, Total: 72383 ns
[2025-06-11T23:55:29.508+0000][73][info ][safepoint   ] Safepoint "Cleanup", Time since last: 2000745115 ns, Reaching safepoint: 32927 ns, Cleanup: 17716 ns, At safepoint: 15531 ns, Total: 66174 ns
[2025-06-11T23:55:34.507+0000][73][info ][safepoint   ] Safepoint "Cleanup", Time since last: 5001131692 ns, Reaching safepoint: 24578 ns, Cleanup: 15329 ns, At safepoint: 9549 ns, Total: 49456 ns
[2025-06-11T23:55:37.508+0000][73][info ][safepoint   ] Safepoint "Cleanup", Time since last: 3000978482 ns, Reaching safepoint: 31440 ns, Cleanup: 18492 ns, At safepoint: 15631 ns, Total: 65563 ns
[2025-06-11T23:55:44.509+0000][73][info ][safepoint   ] Safepoint "Cleanup", Time since last: 7001416951 ns, Reaching safepoint: 27406 ns, Cleanup: 15746 ns, At safepoint: 27840 ns, Total: 70992 ns
[2025-06-11T23:55:52.511+0000][73][info ][safepoint   ] Safepoint "Cleanup", Time since last: 8001479740 ns, Reaching safepoint: 61740 ns, Cleanup: 15815 ns, At safepoint: 11313 ns, Total: 88868 ns
[2025-06-11T23:55:54.512+0000][73][info ][safepoint   ] Safepoint "Cleanup", Time since last: 2000705923 ns, Reaching safepoint: 27157 ns, Cleanup: 15933 ns, At safepoint: 10786 ns, Total: 53876 ns
[2025-06-11T23:55:57.512+0000][73][info ][safepoint   ] Safepoint "Cleanup", Time since last: 3000821854 ns, Reaching safepoint: 26996 ns, Cleanup: 14419 ns, At safepoint: 10843 ns, Total: 52258 ns
[2025-06-11T23:55:58.513+0000][73][info ][safepoint   ] Safepoint "Cleanup", Time since last: 1000588983 ns, Reaching safepoint: 28147 ns, Cleanup: 16332 ns, At safepoint: 11832 ns, Total: 56311 ns
[2025-06-11T23:56:01.514+0000][73][info ][safepoint   ] Safepoint "Cleanup", Time since last: 3000788050 ns, Reaching safepoint: 29297 ns, Cleanup: 17031 ns, At safepoint: 11907 ns, Total: 58235 ns
[2025-06-11T23:56:23.587+0000][73][info ][safepoint   ] Safepoint "Cleanup", Time since last: 22074815717 ns, Reaching safepoint: 40683 ns, Cleanup: 22655 ns, At safepoint: 18178 ns, Total: 81516 ns
[2025-06-11T23:56:24.588+0000][73][info ][safepoint   ] Safepoint "Cleanup", Time since last: 1000639742 ns, Reaching safepoint: 28141 ns, Cleanup: 17236 ns, At safepoint: 11474 ns, Total: 56851 ns
[2025-06-11T23:56:28.537+0000][73][info ][safepoint   ] Safepoint "Cleanup", Time since last: 3949308311 ns, Reaching safepoint: 26316 ns, Cleanup: 23065 ns, At safepoint: 44589 ns, Total: 93970 ns
[2025-06-11T23:56:32.572+0000][73][info ][safepoint   ] Safepoint "Cleanup", Time since last: 4034758155 ns, Reaching safepoint: 56619 ns, Cleanup: 16477 ns, At safepoint: 12986 ns, Total: 86082 ns
[2025-06-11T23:56:41.572+0000][73][info ][safepoint   ] Safepoint "Cleanup", Time since last: 9001564126 ns, Reaching safepoint: 28510 ns, Cleanup: 23134 ns, At safepoint: 12230 ns, Total: 63874 ns
[2025-06-11T23:56:43.572+0000][73][info ][safepoint   ] Safepoint "Cleanup", Time since last: 2000710886 ns, Reaching safepoint: 28513 ns, Cleanup: 15194 ns, At safepoint: 11354 ns, Total: 55061 ns
[2025-06-11T23:56:44.573+0000][73][info ][safepoint   ] Safepoint "Cleanup", Time since last: 1000620397 ns, Reaching safepoint: 32130 ns, Cleanup: 18221 ns, At safepoint: 12457 ns, Total: 62808 ns
[2025-06-11T23:56:49.574+0000][73][info ][safepoint   ] Safepoint "Cleanup", Time since last: 5001138087 ns, Reaching safepoint: 27679 ns, Cleanup: 15542 ns, At safepoint: 11270 ns, Total: 54491 ns
[2025-06-11T23:56:57.576+0000][73][info ][safepoint   ] Safepoint "Cleanup", Time since last: 8001404512 ns, Reaching safepoint: 21024 ns, Cleanup: 15785 ns, At safepoint: 8502 ns, Total: 45311 ns
[2025-06-11T23:57:06.575+0000][73][info ][safepoint   ] Safepoint "Cleanup", Time since last: 9001602252 ns, Reaching safepoint: 66528 ns, Cleanup: 47973 ns, At safepoint: 14312 ns, Total: 128813 ns
[2025-06-11T23:57:19.578+0000][73][info ][safepoint   ] Safepoint "Cleanup", Time since last: 13002223843 ns, Reaching safepoint: 27971 ns, Cleanup: 15232 ns, At safepoint: 11267 ns, Total: 54470 ns
[2025-06-11T23:57:23.613+0000][73][info ][safepoint   ] Safepoint "Cleanup", Time since last: 4035031391 ns, Reaching safepoint: 37657 ns, Cleanup: 20298 ns, At safepoint: 17166 ns, Total: 75121 ns
[2025-06-11T23:57:29.614+0000][73][info ][safepoint   ] Safepoint "Cleanup", Time since last: 6001387594 ns, Reaching safepoint: 27675 ns, Cleanup: 21511 ns, At safepoint: 13289 ns, Total: 62475 ns
[2025-06-11T23:57:30.639+0000][73][info ][safepoint   ] Safepoint "Cleanup", Time since last: 1024617535 ns, Reaching safepoint: 13850 ns, Cleanup: 12343 ns, At safepoint: 32597 ns, Total: 58790 ns
[2025-06-11T23:57:32.621+0000][73][info ][safepoint   ] Safepoint "Cleanup", Time since last: 1981728701 ns, Reaching safepoint: 26687 ns, Cleanup: 23134 ns, At safepoint: 10538 ns, Total: 60359 ns
[2025-06-11T23:57:33.621+0000][73][info ][safepoint   ] Safepoint "Cleanup", Time since last: 1000555309 ns, Reaching safepoint: 41587 ns, Cleanup: 16662 ns, At safepoint: 7792 ns, Total: 66041 ns
[2025-06-11T23:57:33.640+0000][73][info ][gc,start    ] GC(16) Pause Young (Normal) (G1 Evacuation Pause)
[2025-06-11T23:57:33.640+0000][73][info ][gc,task     ] GC(16) Using 10 workers of 10 for evacuation
[2025-06-11T23:57:33.640+0000][73][debug][gc,age      ] GC(16) Desired survivor size 71303168 bytes, new threshold 15 (max threshold 15)
[2025-06-11T23:57:33.653+0000][73][info ][gc,phases   ] GC(16)   Pre Evacuate Collection Set: 1.02ms
[2025-06-11T23:57:33.654+0000][73][info ][gc,phases   ] GC(16)   Merge Heap Roots: 0.71ms
[2025-06-11T23:57:33.654+0000][73][info ][gc,phases   ] GC(16)   Evacuate Collection Set: 8.86ms
[2025-06-11T23:57:33.654+0000][73][info ][gc,phases   ] GC(16)   Post Evacuate Collection Set: 1.82ms
[2025-06-11T23:57:33.655+0000][73][info ][gc,phases   ] GC(16)   Other: 0.87ms
[2025-06-11T23:57:33.655+0000][73][trace][gc,age      ] GC(16) Age table with threshold 15 (max threshold 15)
[2025-06-11T23:57:33.655+0000][73][trace][gc,age      ] GC(16) - age   1:    1105328 bytes,    1105328 total
[2025-06-11T23:57:33.655+0000][73][trace][gc,age      ] GC(16) - age   2:    1647632 bytes,    2752960 total
[2025-06-11T23:57:33.656+0000][73][trace][gc,age      ] GC(16) - age   3:    1464672 bytes,    4217632 total
[2025-06-11T23:57:33.656+0000][73][trace][gc,age      ] GC(16) - age   4:      83104 bytes,    4300736 total
[2025-06-11T23:57:33.656+0000][73][info ][gc,heap     ] GC(16) Eden regions: 266->0(423)
[2025-06-11T23:57:33.657+0000][73][info ][gc,heap     ] GC(16) Survivor regions: 2->2(34)
[2025-06-11T23:57:33.657+0000][73][info ][gc,heap     ] GC(16) Old regions: 29->29
[2025-06-11T23:57:33.657+0000][73][info ][gc,heap     ] GC(16) Humongous regions: 0->0
[2025-06-11T23:57:33.657+0000][73][info ][gc,metaspace] GC(16) Metaspace: 146946K(150976K)->146946K(150976K) NonClass: 126817K(128960K)->126817K(128960K) Class: 20128K(22016K)->20128K(22016K)
[2025-06-11T23:57:33.658+0000][73][info ][gc          ] GC(16) Pause Young (Normal) (G1 Evacuation Pause) 1180M->117M(3880M) 18.200ms
[2025-06-11T23:57:33.658+0000][73][info ][gc,cpu      ] GC(16) User=0.08s Sys=0.01s Real=0.02s
[2025-06-11T23:57:33.659+0000][73][info ][safepoint   ] Safepoint "G1CollectForAllocation", Time since last: 18199430 ns, Reaching safepoint: 23326 ns, Cleanup: 6992 ns, At safepoint: 19083015 ns, Total: 19113333 ns
[2025-06-11T23:57:51.658+0000][73][info ][safepoint   ] Safepoint "Cleanup", Time since last: 18002431474 ns, Reaching safepoint: 46850 ns, Cleanup: 16842 ns, At safepoint: 8687 ns, Total: 72379 ns
[2025-06-11T23:57:54.659+0000][73][info ][safepoint   ] Safepoint "Cleanup", Time since last: 3000812005 ns, Reaching safepoint: 26920 ns, Cleanup: 14819 ns, At safepoint: 31295 ns, Total: 73034 ns
[2025-06-11T23:57:56.660+0000][73][info ][safepoint   ] Safepoint "Cleanup", Time since last: 2000681907 ns, Reaching safepoint: 25589 ns, Cleanup: 15301 ns, At safepoint: 10764 ns, Total: 51654 ns
[2025-06-11T23:57:57.660+0000][73][info ][safepoint   ] Safepoint "Cleanup", Time since last: 1000634894 ns, Reaching safepoint: 21550 ns, Cleanup: 15015 ns, At safepoint: 9018 ns, Total: 45583 ns
[2025-06-11T23:57:58.661+0000][73][info ][safepoint   ] Safepoint "Cleanup", Time since last: 1000672868 ns, Reaching safepoint: 27982 ns, Cleanup: 17244 ns, At safepoint: 38473 ns, Total: 83699 ns
[2025-06-11T23:58:23.638+0000][73][info ][safepoint   ] Safepoint "Cleanup", Time since last: 24978462666 ns, Reaching safepoint: 20667 ns, Cleanup: 17187 ns, At safepoint: 8442 ns, Total: 46296 ns
[2025-06-11T23:58:27.626+0000][73][info ][safepoint   ] Safepoint "Cleanup", Time since last: 3988128352 ns, Reaching safepoint: 118094 ns, Cleanup: 12082 ns, At safepoint: 73017 ns, Total: 203193 ns
[2025-06-11T23:58:28.637+0000][73][info ][safepoint   ] Safepoint "Cleanup", Time since last: 1010658597 ns, Reaching safepoint: 13185 ns, Cleanup: 24734 ns, At safepoint: 5244 ns, Total: 43163 ns
[2025-06-11T23:58:29.657+0000][73][info ][safepoint   ] Safepoint "Cleanup", Time since last: 1020584577 ns, Reaching safepoint: 27799 ns, Cleanup: 19145 ns, At safepoint: 12625 ns, Total: 59569 ns
[2025-06-11T23:58:30.716+0000][73][info ][safepoint   ] Safepoint "Cleanup", Time since last: 1058434092 ns, Reaching safepoint: 15946 ns, Cleanup: 21494 ns, At safepoint: 19712 ns, Total: 57152 ns
[2025-06-11T23:58:32.672+0000][73][info ][safepoint   ] Safepoint "Cleanup", Time since last: 1956392433 ns, Reaching safepoint: 26734 ns, Cleanup: 17489 ns, At safepoint: 11585 ns, Total: 55808 ns
[2025-06-11T23:58:34.620+0000][73][info ][safepoint   ] Safepoint "Cleanup", Time since last: 1949373384 ns, Reaching safepoint: 59166 ns, Cleanup: 27943 ns, At safepoint: 12932 ns, Total: 100041 ns
[2025-06-11T23:58:36.699+0000][73][info ][safepoint   ] Safepoint "Cleanup", Time since last: 2078610759 ns, Reaching safepoint: 34602 ns, Cleanup: 19331 ns, At safepoint: 17380 ns, Total: 71313 ns
[2025-06-11T23:58:48.619+0000][73][info ][safepoint   ] Safepoint "Cleanup", Time since last: 11920182971 ns, Reaching safepoint: 16941 ns, Cleanup: 13332 ns, At safepoint: 20291 ns, Total: 50564 ns
[2025-06-11T23:58:49.725+0000][73][info ][safepoint   ] Safepoint "Cleanup", Time since last: 1105868994 ns, Reaching safepoint: 47900 ns, Cleanup: 14934 ns, At safepoint: 10009 ns, Total: 72843 ns
[2025-06-11T23:58:50.739+0000][73][info ][safepoint   ] Safepoint "Cleanup", Time since last: 1014547806 ns, Reaching safepoint: 21215 ns, Cleanup: 16437 ns, At safepoint: 8672 ns, Total: 46324 ns
[2025-06-11T23:58:51.762+0000][73][info ][safepoint   ] Safepoint "Cleanup", Time since last: 1022788903 ns, Reaching safepoint: 83966 ns, Cleanup: 14121 ns, At safepoint: 28516 ns, Total: 126603 ns
[2025-06-11T23:58:52.766+0000][73][info ][safepoint   ] Safepoint "Cleanup", Time since last: 1003126169 ns, Reaching safepoint: 16840 ns, Cleanup: 13114 ns, At safepoint: 4885 ns, Total: 34839 ns
[2025-06-11T23:58:53.772+0000][73][info ][safepoint   ] Safepoint "Cleanup", Time since last: 1006335062 ns, Reaching safepoint: 28702 ns, Cleanup: 15060 ns, At safepoint: 11259 ns, Total: 55021 ns
[2025-06-11T23:58:58.724+0000][73][info ][safepoint   ] Safepoint "Cleanup", Time since last: 4952271349 ns, Reaching safepoint: 112941 ns, Cleanup: 14035 ns, At safepoint: 54854 ns, Total: 181830 ns
[2025-06-11T23:59:01.445+0000][73][info ][safepoint   ] Safepoint "Cleanup", Time since last: 2721055856 ns, Reaching safepoint: 25143 ns, Cleanup: 13141 ns, At safepoint: 11082 ns, Total: 49366 ns
[2025-06-11T23:59:18.445+0000][73][info ][safepoint   ] Safepoint "Cleanup", Time since last: 17002463137 ns, Reaching safepoint: 64009 ns, Cleanup: 16103 ns, At safepoint: 12263 ns, Total: 92375 ns
[2025-06-11T23:59:36.782+0000][73][info ][safepoint   ] Safepoint "Cleanup", Time since last: 18338190417 ns, Reaching safepoint: 6837 ns, Cleanup: 10452 ns, At safepoint: 3431 ns, Total: 20720 ns
[2025-06-11T23:59:37.798+0000][73][info ][safepoint   ] Safepoint "Cleanup", Time since last: 1015950389 ns, Reaching safepoint: 12398 ns, Cleanup: 18912 ns, At safepoint: 15416 ns, Total: 46726 ns
[2025-06-11T23:59:51.802+0000][73][info ][safepoint   ] Safepoint "Cleanup", Time since last: 14003842522 ns, Reaching safepoint: 60879 ns, Cleanup: 18906 ns, At safepoint: 13558 ns, Total: 93343 ns
[2025-06-12T00:00:00.608+0000][73][info ][safepoint   ] Safepoint "Cleanup", Time since last: 8805813647 ns, Reaching safepoint: 13499 ns, Cleanup: 12929 ns, At safepoint: 19216 ns, Total: 45644 ns
[2025-06-12T00:00:01.816+0000][73][info ][safepoint   ] Safepoint "Cleanup", Time since last: 1208436740 ns, Reaching safepoint: 27260 ns, Cleanup: 46693 ns, At safepoint: 13493 ns, Total: 87446 ns
[2025-06-12T00:00:23.691+0000][73][info ][safepoint   ] Safepoint "Cleanup", Time since last: 21877520721 ns, Reaching safepoint: 57678 ns, Cleanup: 17800 ns, At safepoint: 9608 ns, Total: 85086 ns
[2025-06-12T00:00:33.693+0000][73][info ][safepoint   ] Safepoint "Cleanup", Time since last: 10001499724 ns, Reaching safepoint: 113508 ns, Cleanup: 17574 ns, At safepoint: 56493 ns, Total: 187575 ns
[2025-06-12T00:00:38.692+0000][73][info ][safepoint   ] Safepoint "Cleanup", Time since last: 5000980967 ns, Reaching safepoint: 106702 ns, Cleanup: 15745 ns, At safepoint: 38434 ns, Total: 160881 ns
[2025-06-12T00:00:39.831+0000][73][info ][safepoint   ] Safepoint "Cleanup", Time since last: 1138864715 ns, Reaching safepoint: 12574 ns, Cleanup: 10329 ns, At safepoint: 19270 ns, Total: 42173 ns
[2025-06-12T00:01:23.716+0000][73][info ][safepoint   ] Safepoint "Cleanup", Time since last: 43887750210 ns, Reaching safepoint: 66924 ns, Cleanup: 20190 ns, At safepoint: 15181 ns, Total: 102295 ns
[2025-06-12T00:01:30.718+0000][73][info ][safepoint   ] Safepoint "Cleanup", Time since last: 7001385769 ns, Reaching safepoint: 29401 ns, Cleanup: 18246 ns, At safepoint: 11693 ns, Total: 59340 ns
[2025-06-12T00:01:42.859+0000][73][info ][safepoint   ] Safepoint "Cleanup", Time since last: 12143342377 ns, Reaching safepoint: 118040 ns, Cleanup: 14906 ns, At safepoint: 52482 ns, Total: 185428 ns
[2025-06-12T00:01:57.879+0000][73][info ][safepoint   ] Safepoint "Cleanup", Time since last: 15019891910 ns, Reaching safepoint: 62551 ns, Cleanup: 16807 ns, At safepoint: 12169 ns, Total: 91527 ns
[2025-06-12T00:02:00.880+0000][73][info ][safepoint   ] Safepoint "Cleanup", Time since last: 3000954037 ns, Reaching safepoint: 27801 ns, Cleanup: 16051 ns, At safepoint: 12676 ns, Total: 56528 ns
[2025-06-12T00:02:03.881+0000][73][info ][safepoint   ] Safepoint "Cleanup", Time since last: 3000958638 ns, Reaching safepoint: 27569 ns, Cleanup: 20666 ns, At safepoint: 10875 ns, Total: 59110 ns
[2025-06-12T00:02:17.881+0000][73][info ][safepoint   ] Safepoint "Cleanup", Time since last: 14002278875 ns, Reaching safepoint: 58240 ns, Cleanup: 16803 ns, At safepoint: 13434 ns, Total: 88477 ns
[2025-06-12T00:02:18.882+0000][73][info ][safepoint   ] Safepoint "Cleanup", Time since last: 1000591843 ns, Reaching safepoint: 26418 ns, Cleanup: 14828 ns, At safepoint: 10434 ns, Total: 51680 ns
[2025-06-12T00:02:21.743+0000][73][info ][safepoint   ] Safepoint "Cleanup", Time since last: 2860869390 ns, Reaching safepoint: 28559 ns, Cleanup: 16618 ns, At safepoint: 12676 ns, Total: 57853 ns
[2025-06-12T00:02:23.744+0000][73][info ][safepoint   ] Safepoint "Cleanup", Time since last: 2000744685 ns, Reaching safepoint: 27004 ns, Cleanup: 19016 ns, At safepoint: 10783 ns, Total: 56803 ns
[2025-06-12T00:02:45.893+0000][73][info ][safepoint   ] Safepoint "Cleanup", Time since last: 22151572409 ns, Reaching safepoint: 100162 ns, Cleanup: 12015 ns, At safepoint: 38364 ns, Total: 150541 ns
[2025-06-12T00:02:46.908+0000][73][info ][safepoint   ] Safepoint "Cleanup", Time since last: 1014470129 ns, Reaching safepoint: 27469 ns, Cleanup: 16294 ns, At safepoint: 11472 ns, Total: 55235 ns
[2025-06-12T00:02:56.909+0000][73][info ][safepoint   ] Safepoint "Cleanup", Time since last: 10001654820 ns, Reaching safepoint: 24555 ns, Cleanup: 16522 ns, At safepoint: 10798 ns, Total: 51875 ns
[2025-06-12T00:03:21.769+0000][73][info ][safepoint   ] Safepoint "Cleanup", Time since last: 24862106055 ns, Reaching safepoint: 26587 ns, Cleanup: 16318 ns, At safepoint: 10999 ns, Total: 53904 ns
[2025-06-12T00:03:23.770+0000][73][info ][safepoint   ] Safepoint "Cleanup", Time since last: 2000782668 ns, Reaching safepoint: 27187 ns, Cleanup: 22770 ns, At safepoint: 11650 ns, Total: 61607 ns
[2025-06-12T00:03:28.771+0000][73][info ][safepoint   ] Safepoint "Cleanup", Time since last: 5001215835 ns, Reaching safepoint: 60382 ns, Cleanup: 15396 ns, At safepoint: 11406 ns, Total: 87184 ns
[2025-06-12T00:03:30.772+0000][73][info ][safepoint   ] Safepoint "Cleanup", Time since last: 2000746946 ns, Reaching safepoint: 28917 ns, Cleanup: 17648 ns, At safepoint: 13450 ns, Total: 60015 ns
[2025-06-12T00:03:33.773+0000][73][info ][safepoint   ] Safepoint "Cleanup", Time since last: 3000905807 ns, Reaching safepoint: 27446 ns, Cleanup: 15404 ns, At safepoint: 11827 ns, Total: 54677 ns
[2025-06-12T00:03:48.625+0000][73][info ][safepoint   ] Safepoint "Cleanup", Time since last: 14853950676 ns, Reaching safepoint: 97836 ns, Cleanup: 9838 ns, At safepoint: 53373 ns, Total: 161047 ns
[2025-06-12T00:03:49.933+0000][73][info ][safepoint   ] Safepoint "Cleanup", Time since last: 1308184953 ns, Reaching safepoint: 28498 ns, Cleanup: 18944 ns, At safepoint: 12830 ns, Total: 60272 ns
[2025-06-12T00:03:51.610+0000][73][info ][safepoint   ] Safepoint "Cleanup", Time since last: 1676872177 ns, Reaching safepoint: 15474 ns, Cleanup: 11179 ns, At safepoint: 17454 ns, Total: 44107 ns
[2025-06-12T00:03:52.948+0000][73][info ][safepoint   ] Safepoint "Cleanup", Time since last: 1338249218 ns, Reaching safepoint: 26328 ns, Cleanup: 22139 ns, At safepoint: 10445 ns, Total: 58912 ns
[2025-06-12T00:03:53.949+0000][73][info ][safepoint   ] Safepoint "Cleanup", Time since last: 1000575951 ns, Reaching safepoint: 31964 ns, Cleanup: 18970 ns, At safepoint: 12382 ns, Total: 63316 ns
[2025-06-12T00:03:54.964+0000][73][info ][safepoint   ] Safepoint "Cleanup", Time since last: 1015176432 ns, Reaching safepoint: 21676 ns, Cleanup: 14504 ns, At safepoint: 8839 ns, Total: 45019 ns
[2025-06-12T00:03:58.718+0000][73][info ][safepoint   ] Safepoint "Cleanup", Time since last: 3754092152 ns, Reaching safepoint: 117231 ns, Cleanup: 11686 ns, At safepoint: 40432 ns, Total: 169349 ns
[2025-06-12T00:03:59.732+0000][73][info ][safepoint   ] Safepoint "Cleanup", Time since last: 1013947543 ns, Reaching safepoint: 28157 ns, Cleanup: 19815 ns, At safepoint: 10480 ns, Total: 58452 ns
[2025-06-12T00:04:03.734+0000][73][info ][safepoint   ] Safepoint "Cleanup", Time since last: 4000983318 ns, Reaching safepoint: 26287 ns, Cleanup: 15440 ns, At safepoint: 10535 ns, Total: 52262 ns
[2025-06-12T00:04:38.795+0000][73][info ][safepoint   ] Safepoint "Cleanup", Time since last: 35065476310 ns, Reaching safepoint: 48724 ns, Cleanup: 15068 ns, At safepoint: 8550 ns, Total: 72342 ns
[2025-06-12T00:04:51.631+0000][73][info ][safepoint   ] Safepoint "Cleanup", Time since last: 12836701031 ns, Reaching safepoint: 14952 ns, Cleanup: 13120 ns, At safepoint: 20685 ns, Total: 48757 ns
[2025-06-12T00:04:53.011+0000][73][info ][safepoint   ] Safepoint "Cleanup", Time since last: 1379444805 ns, Reaching safepoint: 17132 ns, Cleanup: 12516 ns, At safepoint: 19963 ns, Total: 49611 ns
[2025-06-12T00:04:54.014+0000][73][info ][safepoint   ] Safepoint "Cleanup", Time since last: 1003262326 ns, Reaching safepoint: 27039 ns, Cleanup: 16010 ns, At safepoint: 10658 ns, Total: 53707 ns
[2025-06-12T00:05:14.015+0000][73][info ][safepoint   ] Safepoint "Cleanup", Time since last: 20002947433 ns, Reaching safepoint: 60053 ns, Cleanup: 17100 ns, At safepoint: 13440 ns, Total: 90593 ns
[2025-06-12T00:05:23.820+0000][73][info ][safepoint   ] Safepoint "Cleanup", Time since last: 9804097527 ns, Reaching safepoint: 26686 ns, Cleanup: 17610 ns, At safepoint: 10686 ns, Total: 54982 ns
[2025-06-12T00:05:42.820+0000][73][info ][safepoint   ] Safepoint "Cleanup", Time since last: 19002918511 ns, Reaching safepoint: 61320 ns, Cleanup: 23634 ns, At safepoint: 10481 ns, Total: 95435 ns
[2025-06-12T00:05:48.822+0000][73][info ][safepoint   ] Safepoint "Cleanup", Time since last: 6001416528 ns, Reaching safepoint: 90895 ns, Cleanup: 17323 ns, At safepoint: 10779 ns, Total: 118997 ns
[2025-06-12T00:05:55.032+0000][73][info ][safepoint   ] Safepoint "Cleanup", Time since last: 6209812896 ns, Reaching safepoint: 6555 ns, Cleanup: 19646 ns, At safepoint: 15176 ns, Total: 41377 ns
[2025-06-12T00:06:02.039+0000][73][info ][safepoint   ] Safepoint "Cleanup", Time since last: 7006925728 ns, Reaching safepoint: 31739 ns, Cleanup: 16660 ns, At safepoint: 11593 ns, Total: 59992 ns
[2025-06-12T00:06:18.039+0000][73][info ][safepoint   ] Safepoint "Cleanup", Time since last: 16002427401 ns, Reaching safepoint: 57333 ns, Cleanup: 20044 ns, At safepoint: 13914 ns, Total: 91291 ns
[2025-06-12T00:06:24.844+0000][73][info ][safepoint   ] Safepoint "Cleanup", Time since last: 6805061513 ns, Reaching safepoint: 27365 ns, Cleanup: 17973 ns, At safepoint: 11016 ns, Total: 56354 ns
[2025-06-12T00:06:57.609+0000][73][info ][safepoint   ] Safepoint "Cleanup", Time since last: 32767000622 ns, Reaching safepoint: 149042 ns, Cleanup: 9299 ns, At safepoint: 53510 ns, Total: 211851 ns
[2025-06-12T00:06:59.075+0000][73][info ][safepoint   ] Safepoint "Cleanup", Time since last: 1465197784 ns, Reaching safepoint: 29895 ns, Cleanup: 21301 ns, At safepoint: 12791 ns, Total: 63987 ns
[2025-06-12T00:07:04.076+0000][73][info ][safepoint   ] Safepoint "Cleanup", Time since last: 5001139446 ns, Reaching safepoint: 74471 ns, Cleanup: 17150 ns, At safepoint: 12181 ns, Total: 103802 ns
[2025-06-12T00:07:10.074+0000][73][info ][safepoint   ] Safepoint "Cleanup", Time since last: 6001168755 ns, Reaching safepoint: 27769 ns, Cleanup: 15517 ns, At safepoint: 12258 ns, Total: 55544 ns
[2025-06-12T00:07:13.075+0000][73][info ][safepoint   ] Safepoint "Cleanup", Time since last: 3000771765 ns, Reaching safepoint: 48274 ns, Cleanup: 16363 ns, At safepoint: 30175 ns, Total: 94812 ns
[2025-06-12T00:07:23.869+0000][73][info ][safepoint   ] Safepoint "Cleanup", Time since last: 10793410369 ns, Reaching safepoint: 30967 ns, Cleanup: 24570 ns, At safepoint: 23171 ns, Total: 78708 ns
[2025-06-12T00:07:27.870+0000][73][info ][safepoint   ] Safepoint "Cleanup", Time since last: 4001020474 ns, Reaching safepoint: 27705 ns, Cleanup: 18024 ns, At safepoint: 10860 ns, Total: 56589 ns
[2025-06-12T00:07:32.871+0000][73][info ][safepoint   ] Safepoint "Cleanup", Time since last: 5001110468 ns, Reaching safepoint: 74151 ns, Cleanup: 22674 ns, At safepoint: 21700 ns, Total: 118525 ns
[2025-06-12T00:07:57.872+0000][73][info ][safepoint   ] Safepoint "Cleanup", Time since last: 25003800493 ns, Reaching safepoint: 27658 ns, Cleanup: 15513 ns, At safepoint: 10339 ns, Total: 53510 ns
[2025-06-12T00:08:00.623+0000][73][info ][safepoint   ] Safepoint "Cleanup", Time since last: 2751086988 ns, Reaching safepoint: 16192 ns, Cleanup: 12367 ns, At safepoint: 19359 ns, Total: 47918 ns
[2025-06-12T00:08:02.104+0000][73][info ][safepoint   ] Safepoint "Cleanup", Time since last: 1480893094 ns, Reaching safepoint: 31158 ns, Cleanup: 31795 ns, At safepoint: 11369 ns, Total: 74322 ns
[2025-06-12T00:08:03.105+0000][73][info ][safepoint   ] Safepoint "Cleanup", Time since last: 1000566744 ns, Reaching safepoint: 20600 ns, Cleanup: 14058 ns, At safepoint: 20587 ns, Total: 55245 ns
[2025-06-12T00:08:04.106+0000][73][info ][safepoint   ] Safepoint "Cleanup", Time since last: 1000570308 ns, Reaching safepoint: 23921 ns, Cleanup: 13714 ns, At safepoint: 8876 ns, Total: 46511 ns
[2025-06-12T00:08:13.106+0000][73][info ][safepoint   ] Safepoint "Cleanup", Time since last: 9001599123 ns, Reaching safepoint: 27993 ns, Cleanup: 16013 ns, At safepoint: 11603 ns, Total: 55609 ns
[2025-06-12T00:08:14.106+0000][73][info ][safepoint   ] Safepoint "Cleanup", Time since last: 1000572994 ns, Reaching safepoint: 21850 ns, Cleanup: 13937 ns, At safepoint: 11028 ns, Total: 46815 ns
[2025-06-12T00:08:23.895+0000][73][info ][safepoint   ] Safepoint "Cleanup", Time since last: 9789041235 ns, Reaching safepoint: 28235 ns, Cleanup: 15260 ns, At safepoint: 10857 ns, Total: 54352 ns
[2025-06-12T00:08:36.895+0000][73][info ][safepoint   ] Safepoint "Cleanup", Time since last: 13002136331 ns, Reaching safepoint: 28700 ns, Cleanup: 16025 ns, At safepoint: 10969 ns, Total: 55694 ns
[2025-06-12T00:08:38.896+0000][73][info ][safepoint   ] Safepoint "Cleanup", Time since last: 2000781145 ns, Reaching safepoint: 27657 ns, Cleanup: 15054 ns, At safepoint: 10481 ns, Total: 53192 ns
[2025-06-12T00:08:53.898+0000][73][info ][safepoint   ] Safepoint "Cleanup", Time since last: 15002243877 ns, Reaching safepoint: 177923 ns, Cleanup: 16729 ns, At safepoint: 15456 ns, Total: 210108 ns
[2025-06-12T00:08:55.117+0000][73][info ][safepoint   ] Safepoint "Cleanup", Time since last: 1218336715 ns, Reaching safepoint: 18547 ns, Cleanup: 12941 ns, At safepoint: 19227 ns, Total: 50715 ns
[2025-06-12T00:08:56.123+0000][73][info ][safepoint   ] Safepoint "Cleanup", Time since last: 1006230540 ns, Reaching safepoint: 28243 ns, Cleanup: 19678 ns, At safepoint: 10366 ns, Total: 58287 ns
[2025-06-12T00:08:57.124+0000][73][info ][safepoint   ] Safepoint "Cleanup", Time since last: 1000645116 ns, Reaching safepoint: 27448 ns, Cleanup: 17971 ns, At safepoint: 11332 ns, Total: 56751 ns
[2025-06-12T00:08:58.143+0000][73][info ][safepoint   ] Safepoint "Cleanup", Time since last: 1019422452 ns, Reaching safepoint: 27966 ns, Cleanup: 22291 ns, At safepoint: 10893 ns, Total: 61150 ns
[2025-06-12T00:08:59.626+0000][73][info ][safepoint   ] Safepoint "Cleanup", Time since last: 1482817797 ns, Reaching safepoint: 14082 ns, Cleanup: 14424 ns, At safepoint: 21217 ns, Total: 49723 ns
[2025-06-12T00:09:04.152+0000][73][info ][safepoint   ] Safepoint "Cleanup", Time since last: 4525836029 ns, Reaching safepoint: 28132 ns, Cleanup: 10688 ns, At safepoint: 5427 ns, Total: 44247 ns
[2025-06-12T00:09:05.176+0000][73][info ][safepoint   ] Safepoint "Cleanup", Time since last: 1026251859 ns, Reaching safepoint: 14416 ns, Cleanup: 17589 ns, At safepoint: 8063 ns, Total: 40068 ns
[2025-06-12T00:09:06.179+0000][73][info ][safepoint   ] Safepoint "Cleanup", Time since last: 1002701036 ns, Reaching safepoint: 26926 ns, Cleanup: 14798 ns, At safepoint: 11152 ns, Total: 52876 ns
[2025-06-12T00:09:10.180+0000][73][info ][safepoint   ] Safepoint "Cleanup", Time since last: 4000994543 ns, Reaching safepoint: 27973 ns, Cleanup: 16578 ns, At safepoint: 11823 ns, Total: 56374 ns
[2025-06-12T00:09:56.923+0000][73][info ][safepoint   ] Safepoint "Cleanup", Time since last: 46745412011 ns, Reaching safepoint: 70418 ns, Cleanup: 20458 ns, At safepoint: 9878 ns, Total: 100754 ns
[2025-06-12T00:10:06.611+0000][73][info ][safepoint   ] Safepoint "Cleanup", Time since last: 9689498746 ns, Reaching safepoint: 7350 ns, Cleanup: 7259 ns, At safepoint: 2912 ns, Total: 17521 ns
[2025-06-12T00:10:08.198+0000][73][info ][safepoint   ] Safepoint "Cleanup", Time since last: 1586707278 ns, Reaching safepoint: 25894 ns, Cleanup: 15450 ns, At safepoint: 11320 ns, Total: 52664 ns
[2025-06-12T00:10:18.199+0000][73][info ][safepoint   ] Safepoint "Cleanup", Time since last: 10001657905 ns, Reaching safepoint: 20228 ns, Cleanup: 14630 ns, At safepoint: 8352 ns, Total: 43210 ns
[2025-06-12T00:10:23.949+0000][73][info ][safepoint   ] Safepoint "Cleanup", Time since last: 5749176685 ns, Reaching safepoint: 26480 ns, Cleanup: 19256 ns, At safepoint: 12617 ns, Total: 58353 ns
[2025-06-12T00:10:26.950+0000][73][info ][safepoint   ] Safepoint "Cleanup", Time since last: 3000928394 ns, Reaching safepoint: 28310 ns, Cleanup: 17579 ns, At safepoint: 11516 ns, Total: 57405 ns
[2025-06-12T00:10:53.951+0000][73][info ][safepoint   ] Safepoint "Cleanup", Time since last: 27003769345 ns, Reaching safepoint: 60837 ns, Cleanup: 15404 ns, At safepoint: 11261 ns, Total: 87502 ns
[2025-06-12T00:11:09.601+0000][73][info ][safepoint   ] Safepoint "Cleanup", Time since last: 15652122103 ns, Reaching safepoint: 100681 ns, Cleanup: 10896 ns, At safepoint: 62588 ns, Total: 174165 ns
[2025-06-12T00:11:11.234+0000][73][info ][safepoint   ] Safepoint "Cleanup", Time since last: 1632532508 ns, Reaching safepoint: 28086 ns, Cleanup: 18727 ns, At safepoint: 11424 ns, Total: 58237 ns
[2025-06-12T00:11:18.235+0000][73][info ][safepoint   ] Safepoint "Cleanup", Time since last: 7001297941 ns, Reaching safepoint: 27929 ns, Cleanup: 19191 ns, At safepoint: 10805 ns, Total: 57925 ns
[2025-06-12T00:11:23.975+0000][73][info ][safepoint   ] Safepoint "Cleanup", Time since last: 5739433511 ns, Reaching safepoint: 60039 ns, Cleanup: 18149 ns, At safepoint: 12259 ns, Total: 90447 ns
[2025-06-12T00:11:26.976+0000][73][info ][safepoint   ] Safepoint "Cleanup", Time since last: 3000918923 ns, Reaching safepoint: 26291 ns, Cleanup: 16041 ns, At safepoint: 11220 ns, Total: 53552 ns
[2025-06-12T00:11:38.975+0000][73][info ][safepoint   ] Safepoint "Cleanup", Time since last: 12002053997 ns, Reaching safepoint: 61927 ns, Cleanup: 15967 ns, At safepoint: 11064 ns, Total: 88958 ns
[2025-06-12T00:11:48.977+0000][73][info ][safepoint   ] Safepoint "Cleanup", Time since last: 10001634453 ns, Reaching safepoint: 28842 ns, Cleanup: 15433 ns, At safepoint: 11929 ns, Total: 56204 ns
[2025-06-12T00:12:00.979+0000][73][info ][safepoint   ] Safepoint "Cleanup", Time since last: 12001957595 ns, Reaching safepoint: 62595 ns, Cleanup: 15657 ns, At safepoint: 10547 ns, Total: 88799 ns
[2025-06-12T00:12:12.614+0000][73][info ][safepoint   ] Safepoint "Cleanup", Time since last: 11636258761 ns, Reaching safepoint: 7006 ns, Cleanup: 13672 ns, At safepoint: 12855 ns, Total: 33533 ns
[2025-06-12T00:12:14.260+0000][73][info ][safepoint   ] Safepoint "Cleanup", Time since last: 1645668192 ns, Reaching safepoint: 26140 ns, Cleanup: 18854 ns, At safepoint: 10978 ns, Total: 55972 ns
[2025-06-12T00:12:21.001+0000][73][info ][safepoint   ] Safepoint "Cleanup", Time since last: 6741724580 ns, Reaching safepoint: 10722 ns, Cleanup: 12400 ns, At safepoint: 19374 ns, Total: 42496 ns
[2025-06-12T00:12:24.002+0000][73][info ][safepoint   ] Safepoint "Cleanup", Time since last: 3000933095 ns, Reaching safepoint: 59932 ns, Cleanup: 14407 ns, At safepoint: 12772 ns, Total: 87111 ns
[2025-06-12T00:12:27.003+0000][73][info ][safepoint   ] Safepoint "Cleanup", Time since last: 3000870728 ns, Reaching safepoint: 28282 ns, Cleanup: 16731 ns, At safepoint: 12048 ns, Total: 57061 ns
[2025-06-12T00:12:49.004+0000][73][info ][safepoint   ] Safepoint "Cleanup", Time since last: 22003064439 ns, Reaching safepoint: 26302 ns, Cleanup: 14424 ns, At safepoint: 10724 ns, Total: 51450 ns
[2025-06-12T00:12:57.006+0000][73][info ][safepoint   ] Safepoint "Cleanup", Time since last: 8001514414 ns, Reaching safepoint: 27004 ns, Cleanup: 22259 ns, At safepoint: 10748 ns, Total: 60011 ns
[2025-06-12T00:12:59.006+0000][73][info ][safepoint   ] Safepoint "Cleanup", Time since last: 2000722863 ns, Reaching safepoint: 29665 ns, Cleanup: 18210 ns, At safepoint: 10746 ns, Total: 58621 ns
[2025-06-12T00:13:07.006+0000][73][info ][safepoint   ] Safepoint "Cleanup", Time since last: 8001475446 ns, Reaching safepoint: 20188 ns, Cleanup: 16303 ns, At safepoint: 8359 ns, Total: 44850 ns
[2025-06-12T00:13:09.006+0000][73][info ][safepoint   ] Safepoint "Cleanup", Time since last: 2000720056 ns, Reaching safepoint: 40976 ns, Cleanup: 18080 ns, At safepoint: 11805 ns, Total: 70861 ns
[2025-06-12T00:13:15.605+0000][73][info ][safepoint   ] Safepoint "Cleanup", Time since last: 6598249749 ns, Reaching safepoint: 109376 ns, Cleanup: 11655 ns, At safepoint: 49529 ns, Total: 170560 ns
[2025-06-12T00:13:24.028+0000][73][info ][safepoint   ] Safepoint "Cleanup", Time since last: 8422802447 ns, Reaching safepoint: 25853 ns, Cleanup: 18475 ns, At safepoint: 10094 ns, Total: 54422 ns
[2025-06-12T00:13:25.296+0000][73][info ][safepoint   ] Safepoint "Cleanup", Time since last: 1268078698 ns, Reaching safepoint: 44457 ns, Cleanup: 124105 ns, At safepoint: 48844 ns, Total: 217406 ns
[2025-06-12T00:13:25.300+0000][73][info ][gc,start    ] GC(17) Pause Young (Concurrent Start) (CodeCache GC Threshold)
[2025-06-12T00:13:25.302+0000][73][info ][gc,task     ] GC(17) Using 10 workers of 10 for evacuation
[2025-06-12T00:13:25.302+0000][73][debug][gc,age      ] GC(17) Desired survivor size 113246208 bytes, new threshold 15 (max threshold 15)
[2025-06-12T00:13:25.313+0000][73][info ][gc,phases   ] GC(17)   Pre Evacuate Collection Set: 1.10ms
[2025-06-12T00:13:25.314+0000][73][info ][gc,phases   ] GC(17)   Merge Heap Roots: 0.49ms
[2025-06-12T00:13:25.314+0000][73][info ][gc,phases   ] GC(17)   Evacuate Collection Set: 7.69ms
[2025-06-12T00:13:25.314+0000][73][info ][gc,phases   ] GC(17)   Post Evacuate Collection Set: 1.75ms
[2025-06-12T00:13:25.315+0000][73][info ][gc,phases   ] GC(17)   Other: 0.86ms
[2025-06-12T00:13:25.315+0000][73][trace][gc,age      ] GC(17) Age table with threshold 15 (max threshold 15)
[2025-06-12T00:13:25.315+0000][73][trace][gc,age      ] GC(17) - age   1:    1418816 bytes,    1418816 total
[2025-06-12T00:13:25.315+0000][73][trace][gc,age      ] GC(17) - age   2:     135360 bytes,    1554176 total
[2025-06-12T00:13:25.316+0000][73][trace][gc,age      ] GC(17) - age   3:    1623288 bytes,    3177464 total
[2025-06-12T00:13:25.316+0000][73][trace][gc,age      ] GC(17) - age   4:    1461888 bytes,    4639352 total
[2025-06-12T00:13:25.316+0000][73][trace][gc,age      ] GC(17) - age   5:      83104 bytes,    4722456 total
[2025-06-12T00:13:25.317+0000][73][info ][gc,heap     ] GC(17) Eden regions: 184->0(580)
[2025-06-12T00:13:25.317+0000][73][info ][gc,heap     ] GC(17) Survivor regions: 2->2(54)
[2025-06-12T00:13:25.317+0000][73][info ][gc,heap     ] GC(17) Old regions: 29->29
[2025-06-12T00:13:25.317+0000][73][info ][gc,heap     ] GC(17) Humongous regions: 0->0
[2025-06-12T00:13:25.318+0000][73][info ][gc,metaspace] GC(17) Metaspace: 147413K(151424K)->147413K(151424K) NonClass: 127284K(129408K)->127284K(129408K) Class: 20129K(22016K)->20129K(22016K)
[2025-06-12T00:13:25.318+0000][73][info ][gc          ] GC(17) Pause Young (Concurrent Start) (CodeCache GC Threshold) 852M->117M(3880M) 17.405ms
[2025-06-12T00:13:25.318+0000][73][info ][gc,cpu      ] GC(17) User=0.05s Sys=0.00s Real=0.01s
[2025-06-12T00:13:25.318+0000][73][info ][gc          ] GC(18) Concurrent Mark Cycle
[2025-06-12T00:13:25.319+0000][73][info ][gc,marking  ] GC(18) Concurrent Scan Root Regions
[2025-06-12T00:13:25.319+0000][73][info ][safepoint   ] Safepoint "G1TryInitiateConcMark", Time since last: 4438002 ns, Reaching safepoint: 24519 ns, Cleanup: 9373 ns, At safepoint: 18239890 ns, Total: 18273782 ns
[2025-06-12T00:13:25.331+0000][73][info ][gc,marking  ] GC(18) Concurrent Scan Root Regions 12.470ms
[2025-06-12T00:13:25.332+0000][73][info ][gc,marking  ] GC(18) Concurrent Mark
[2025-06-12T00:13:25.332+0000][73][info ][gc,marking  ] GC(18) Concurrent Mark From Roots
[2025-06-12T00:13:25.333+0000][73][info ][gc,task     ] GC(18) Using 3 workers of 3 for marking
[2025-06-12T00:13:25.417+0000][73][info ][gc,marking  ] GC(18) Concurrent Mark From Roots 84.873ms
[2025-06-12T00:13:25.418+0000][73][info ][gc,marking  ] GC(18) Concurrent Preclean
[2025-06-12T00:13:25.418+0000][73][info ][gc,marking  ] GC(18) Concurrent Preclean 0.822ms
[2025-06-12T00:13:25.419+0000][73][info ][gc,start    ] GC(18) Pause Remark
[2025-06-12T00:13:25.668+0000][73][info ][gc,mmu      ] GC(18) MMU target violated: 201.0ms (200.0ms/201.0ms)
[2025-06-12T00:13:25.668+0000][73][info ][gc          ] GC(18) Pause Remark 121M->121M(3880M) 249.530ms
[2025-06-12T00:13:25.669+0000][73][info ][gc,cpu      ] GC(18) User=2.17s Sys=0.01s Real=0.25s
[2025-06-12T00:13:25.669+0000][73][info ][safepoint   ] Safepoint "G1PauseRemark", Time since last: 100155727 ns, Reaching safepoint: 25615 ns, Cleanup: 14312 ns, At safepoint: 250339473 ns, Total: 250379400 ns
[2025-06-12T00:13:25.670+0000][73][info ][gc,marking  ] GC(18) Concurrent Mark 337.648ms
[2025-06-12T00:13:25.670+0000][73][info ][gc,marking  ] GC(18) Concurrent Rebuild Remembered Sets and Scrub Regions
[2025-06-12T00:13:25.695+0000][73][info ][gc,marking  ] GC(18) Concurrent Rebuild Remembered Sets and Scrub Regions 25.329ms
[2025-06-12T00:13:25.696+0000][73][info ][gc,start    ] GC(18) Pause Cleanup
[2025-06-12T00:13:25.697+0000][73][info ][gc          ] GC(18) Pause Cleanup 121M->121M(3880M) 0.620ms
[2025-06-12T00:13:25.697+0000][73][info ][gc,cpu      ] GC(18) User=0.00s Sys=0.00s Real=0.00s
[2025-06-12T00:13:25.698+0000][73][info ][safepoint   ] Safepoint "G1PauseCleanup", Time since last: 26657599 ns, Reaching safepoint: 185481 ns, Cleanup: 239605 ns, At safepoint: 1332810 ns, Total: 1757896 ns
[2025-06-12T00:13:25.698+0000][73][info ][gc,marking  ] GC(18) Concurrent Clear Claimed Marks
[2025-06-12T00:13:25.699+0000][73][info ][gc,marking  ] GC(18) Concurrent Clear Claimed Marks 0.737ms
[2025-06-12T00:13:25.699+0000][73][info ][gc,marking  ] GC(18) Concurrent Cleanup for Next Mark
[2025-06-12T00:13:25.767+0000][73][info ][gc,marking  ] GC(18) Concurrent Cleanup for Next Mark 68.368ms
[2025-06-12T00:13:25.768+0000][73][info ][gc          ] GC(18) Concurrent Mark Cycle 449.558ms
[2025-06-12T00:13:27.356+0000][73][info ][safepoint   ] Safepoint "Cleanup", Time since last: 1658146322 ns, Reaching safepoint: 24355 ns, Cleanup: 21997 ns, At safepoint: 9619 ns, Total: 55971 ns
[2025-06-12T00:13:28.371+0000][73][info ][safepoint   ] Safepoint "Cleanup", Time since last: 1014640052 ns, Reaching safepoint: 17198 ns, Cleanup: 18188 ns, At safepoint: 17654 ns, Total: 53040 ns
[2025-06-12T00:13:29.746+0000][73][info ][safepoint   ] Safepoint "Cleanup", Time since last: 1375184243 ns, Reaching safepoint: 29380 ns, Cleanup: 39628 ns, At safepoint: 13300 ns, Total: 82308 ns
[2025-06-12T00:13:31.386+0000][73][info ][safepoint   ] Safepoint "Cleanup", Time since last: 1640433822 ns, Reaching safepoint: 14781 ns, Cleanup: 38360 ns, At safepoint: 19421 ns, Total: 72562 ns
[2025-06-12T00:13:34.404+0000][73][info ][safepoint   ] Safepoint "Cleanup", Time since last: 3018951830 ns, Reaching safepoint: 20948 ns, Cleanup: 13109 ns, At safepoint: 13726 ns, Total: 47783 ns
[2025-06-12T00:13:39.412+0000][73][info ][safepoint   ] Safepoint "Cleanup", Time since last: 5008004867 ns, Reaching safepoint: 28597 ns, Cleanup: 20748 ns, At safepoint: 11275 ns, Total: 60620 ns
[2025-06-12T00:13:49.413+0000][73][info ][safepoint   ] Safepoint "Cleanup", Time since last: 10001690136 ns, Reaching safepoint: 71697 ns, Cleanup: 20162 ns, At safepoint: 12757 ns, Total: 104616 ns
[2025-06-12T00:13:54.415+0000][73][info ][safepoint   ] Safepoint "Cleanup", Time since last: 5001156238 ns, Reaching safepoint: 33494 ns, Cleanup: 18963 ns, At safepoint: 19106 ns, Total: 71563 ns
[2025-06-12T00:13:57.416+0000][73][info ][safepoint   ] Safepoint "Cleanup", Time since last: 3000895403 ns, Reaching safepoint: 20274 ns, Cleanup: 12874 ns, At safepoint: 35389 ns, Total: 68537 ns
[2025-06-12T00:13:58.432+0000][73][info ][safepoint   ] Safepoint "Cleanup", Time since last: 1015878986 ns, Reaching safepoint: 6278 ns, Cleanup: 28486 ns, At safepoint: 14744 ns, Total: 49508 ns
[2025-06-12T00:13:59.768+0000][73][info ][safepoint   ] Safepoint "Cleanup", Time since last: 1336461953 ns, Reaching safepoint: 28346 ns, Cleanup: 23174 ns, At safepoint: 13766 ns, Total: 65286 ns
[2025-06-12T00:14:08.767+0000][73][info ][safepoint   ] Safepoint "Cleanup", Time since last: 9001656828 ns, Reaching safepoint: 27463 ns, Cleanup: 14961 ns, At safepoint: 10995 ns, Total: 53419 ns
[2025-06-12T00:14:12.768+0000][73][info ][safepoint   ] Safepoint "Cleanup", Time since last: 4000961450 ns, Reaching safepoint: 20504 ns, Cleanup: 16335 ns, At safepoint: 8580 ns, Total: 45419 ns
[2025-06-12T00:14:18.779+0000][73][info ][safepoint   ] Safepoint "Cleanup", Time since last: 6011165716 ns, Reaching safepoint: 7600 ns, Cleanup: 11883 ns, At safepoint: 12953 ns, Total: 32436 ns
[2025-06-12T00:14:20.470+0000][73][info ][safepoint   ] Safepoint "Cleanup", Time since last: 1691021393 ns, Reaching safepoint: 14778 ns, Cleanup: 14943 ns, At safepoint: 17906 ns, Total: 47627 ns
[2025-06-12T00:14:22.055+0000][73][info ][safepoint   ] Safepoint "Cleanup", Time since last: 1584454687 ns, Reaching safepoint: 29194 ns, Cleanup: 14819 ns, At safepoint: 11706 ns, Total: 55719 ns
[2025-06-12T00:14:24.056+0000][73][info ][safepoint   ] Safepoint "Cleanup", Time since last: 2000700245 ns, Reaching safepoint: 28508 ns, Cleanup: 14888 ns, At safepoint: 12075 ns, Total: 55471 ns
[2025-06-12T00:14:28.794+0000][73][info ][safepoint   ] Safepoint "Cleanup", Time since last: 4738159989 ns, Reaching safepoint: 118359 ns, Cleanup: 10626 ns, At safepoint: 58713 ns, Total: 187698 ns
[2025-06-12T00:14:29.822+0000][73][info ][safepoint   ] Safepoint "Cleanup", Time since last: 1027912035 ns, Reaching safepoint: 15147 ns, Cleanup: 18099 ns, At safepoint: 19719 ns, Total: 52965 ns
[2025-06-12T00:14:30.826+0000][73][info ][safepoint   ] Safepoint "Cleanup", Time since last: 1004106606 ns, Reaching safepoint: 23357 ns, Cleanup: 16246 ns, At safepoint: 8199 ns, Total: 47802 ns
[2025-06-12T00:15:21.595+0000][73][info ][safepoint   ] Safepoint "Cleanup", Time since last: 50773027869 ns, Reaching safepoint: 14322 ns, Cleanup: 11539 ns, At safepoint: 30857 ns, Total: 56718 ns
[2025-06-12T00:15:23.503+0000][73][info ][safepoint   ] Safepoint "Cleanup", Time since last: 1907568272 ns, Reaching safepoint: 6378 ns, Cleanup: 21039 ns, At safepoint: 25959 ns, Total: 53376 ns
[2025-06-12T00:15:39.504+0000][73][info ][safepoint   ] Safepoint "Cleanup", Time since last: 16003618044 ns, Reaching safepoint: 80922 ns, Cleanup: 23964 ns, At safepoint: 17973 ns, Total: 122859 ns
[2025-06-12T00:15:54.555+0000][73][info ][safepoint   ] Safepoint "Cleanup", Time since last: 15050700320 ns, Reaching safepoint: 61070 ns, Cleanup: 17482 ns, At safepoint: 11539 ns, Total: 90091 ns
[2025-06-12T00:16:04.555+0000][73][info ][safepoint   ] Safepoint "Cleanup", Time since last: 10001560472 ns, Reaching safepoint: 59142 ns, Cleanup: 14953 ns, At safepoint: 10719 ns, Total: 84814 ns
[2025-06-12T00:16:16.557+0000][73][info ][safepoint   ] Safepoint "Cleanup", Time since last: 12001812297 ns, Reaching safepoint: 60020 ns, Cleanup: 17235 ns, At safepoint: 13376 ns, Total: 90631 ns
[2025-06-12T00:16:23.183+0000][73][info ][safepoint   ] Safepoint "Cleanup", Time since last: 6626194778 ns, Reaching safepoint: 32924 ns, Cleanup: 20815 ns, At safepoint: 11549 ns, Total: 65288 ns
[2025-06-12T00:16:24.184+0000][73][info ][safepoint   ] Safepoint "Cleanup", Time since last: 1000602424 ns, Reaching safepoint: 30077 ns, Cleanup: 21681 ns, At safepoint: 11929 ns, Total: 63687 ns
[2025-06-12T00:16:25.518+0000][73][info ][safepoint   ] Safepoint "Cleanup", Time since last: 1334501180 ns, Reaching safepoint: 12894 ns, Cleanup: 12477 ns, At safepoint: 18592 ns, Total: 43963 ns
[2025-06-12T00:16:34.526+0000][73][info ][safepoint   ] Safepoint "Cleanup", Time since last: 9010106555 ns, Reaching safepoint: 58613 ns, Cleanup: 14638 ns, At safepoint: 12538 ns, Total: 85789 ns
[2025-06-12T00:16:37.527+0000][73][info ][safepoint   ] Safepoint "Cleanup", Time since last: 3000857722 ns, Reaching safepoint: 30950 ns, Cleanup: 15571 ns, At safepoint: 40506 ns, Total: 87027 ns
[2025-06-12T00:16:40.528+0000][73][info ][safepoint   ] Safepoint "Cleanup", Time since last: 3000791202 ns, Reaching safepoint: 84580 ns, Cleanup: 17471 ns, At safepoint: 11669 ns, Total: 113720 ns
[2025-06-12T00:16:43.529+0000][73][info ][safepoint   ] Safepoint "Cleanup", Time since last: 3000868853 ns, Reaching safepoint: 27276 ns, Cleanup: 16701 ns, At safepoint: 12071 ns, Total: 56048 ns
[2025-06-12T00:16:59.532+0000][73][info ][safepoint   ] Safepoint "Cleanup", Time since last: 16002776894 ns, Reaching safepoint: 25688 ns, Cleanup: 15002 ns, At safepoint: 10222 ns, Total: 50912 ns
[2025-06-12T00:17:18.543+0000][73][info ][safepoint   ] Safepoint "Cleanup", Time since last: 19013465040 ns, Reaching safepoint: 80141 ns, Cleanup: 14516 ns, At safepoint: 11340 ns, Total: 105997 ns
[2025-06-12T00:17:23.207+0000][73][info ][safepoint   ] Safepoint "Cleanup", Time since last: 4663720429 ns, Reaching safepoint: 32252 ns, Cleanup: 22300 ns, At safepoint: 15192 ns, Total: 69744 ns
[2025-06-12T00:17:27.601+0000][73][info ][safepoint   ] Safepoint "Cleanup", Time since last: 4393591407 ns, Reaching safepoint: 22534 ns, Cleanup: 26725 ns, At safepoint: 142854 ns, Total: 192113 ns
[2025-06-12T00:17:29.555+0000][73][info ][safepoint   ] Safepoint "Cleanup", Time since last: 1953961426 ns, Reaching safepoint: 21360 ns, Cleanup: 14407 ns, At safepoint: 8817 ns, Total: 44584 ns
[2025-06-12T00:17:56.557+0000][73][info ][safepoint   ] Safepoint "Cleanup", Time since last: 27003634235 ns, Reaching safepoint: 88485 ns, Cleanup: 26230 ns, At safepoint: 33923 ns, Total: 148638 ns
[2025-06-12T00:17:57.557+0000][73][info ][safepoint   ] Safepoint "Cleanup", Time since last: 1000524906 ns, Reaching safepoint: 27570 ns, Cleanup: 14752 ns, At safepoint: 11551 ns, Total: 53873 ns
[2025-06-12T00:17:58.558+0000][73][info ][safepoint   ] Safepoint "Cleanup", Time since last: 1000539615 ns, Reaching safepoint: 28009 ns, Cleanup: 15203 ns, At safepoint: 11036 ns, Total: 54248 ns
[2025-06-12T00:18:09.558+0000][73][info ][safepoint   ] Safepoint "Cleanup", Time since last: 11001661179 ns, Reaching safepoint: 49355 ns, Cleanup: 14306 ns, At safepoint: 8837 ns, Total: 72498 ns
[2025-06-12T00:18:23.231+0000][73][info ][safepoint   ] Safepoint "Cleanup", Time since last: 13673520191 ns, Reaching safepoint: 29005 ns, Cleanup: 15332 ns, At safepoint: 11520 ns, Total: 55857 ns
[2025-06-12T00:18:24.232+0000][73][info ][safepoint   ] Safepoint "Cleanup", Time since last: 1000546723 ns, Reaching safepoint: 33178 ns, Cleanup: 20617 ns, At safepoint: 18405 ns, Total: 72200 ns
[2025-06-12T00:18:25.233+0000][73][info ][safepoint   ] Safepoint "Cleanup", Time since last: 1000566819 ns, Reaching safepoint: 29202 ns, Cleanup: 15538 ns, At safepoint: 11058 ns, Total: 55798 ns
[2025-06-12T00:18:27.233+0000][73][info ][safepoint   ] Safepoint "Cleanup", Time since last: 2000667397 ns, Reaching safepoint: 28458 ns, Cleanup: 16213 ns, At safepoint: 12153 ns, Total: 56824 ns
[2025-06-12T00:18:49.580+0000][73][info ][safepoint   ] Safepoint "Cleanup", Time since last: 22348786300 ns, Reaching safepoint: 196206 ns, Cleanup: 19335 ns, At safepoint: 36030 ns, Total: 251571 ns
[2025-06-12T00:19:00.619+0000][73][info ][safepoint   ] Safepoint "Cleanup", Time since last: 11039125951 ns, Reaching safepoint: 7268 ns, Cleanup: 8329 ns, At safepoint: 13598 ns, Total: 29195 ns
[2025-06-12T00:19:02.596+0000][73][info ][safepoint   ] Safepoint "Cleanup", Time since last: 1976193885 ns, Reaching safepoint: 26632 ns, Cleanup: 16848 ns, At safepoint: 10431 ns, Total: 53911 ns
[2025-06-12T00:19:03.596+0000][73][info ][safepoint   ] Safepoint "Cleanup", Time since last: 1000614930 ns, Reaching safepoint: 72742 ns, Cleanup: 18447 ns, At safepoint: 11394 ns, Total: 102583 ns
[2025-06-12T00:19:23.330+0000][73][info ][safepoint   ] Safepoint "Cleanup", Time since last: 19735535041 ns, Reaching safepoint: 28002 ns, Cleanup: 16801 ns, At safepoint: 11264 ns, Total: 56067 ns
[2025-06-12T00:19:27.330+0000][73][info ][safepoint   ] Safepoint "Cleanup", Time since last: 4000892829 ns, Reaching safepoint: 30157 ns, Cleanup: 17454 ns, At safepoint: 10282 ns, Total: 57893 ns
[2025-06-12T00:19:28.846+0000][73][info ][safepoint   ] Safepoint "Cleanup", Time since last: 1515294849 ns, Reaching safepoint: 15025 ns, Cleanup: 11336 ns, At safepoint: 17028 ns, Total: 43389 ns
[2025-06-12T00:19:30.706+0000][73][info ][safepoint   ] Safepoint "Cleanup", Time since last: 1859772940 ns, Reaching safepoint: 96267 ns, Cleanup: 10348 ns, At safepoint: 52242 ns, Total: 158857 ns
[2025-06-12T00:19:32.672+0000][73][info ][safepoint   ] Safepoint "Cleanup", Time since last: 1966633106 ns, Reaching safepoint: 18319 ns, Cleanup: 22963 ns, At safepoint: 7619 ns, Total: 48901 ns
[2025-06-12T00:19:33.673+0000][73][info ][safepoint   ] Safepoint "Cleanup", Time since last: 1000695460 ns, Reaching safepoint: 15760 ns, Cleanup: 12969 ns, At safepoint: 6728 ns, Total: 35457 ns
[2025-06-12T00:20:03.677+0000][73][info ][safepoint   ] Safepoint "Cleanup", Time since last: 30006543609 ns, Reaching safepoint: 50181 ns, Cleanup: 15679 ns, At safepoint: 7465 ns, Total: 73325 ns
[2025-06-12T00:20:23.410+0000][73][info ][safepoint   ] Safepoint "Cleanup", Time since last: 19734146997 ns, Reaching safepoint: 39222 ns, Cleanup: 18901 ns, At safepoint: 9108 ns, Total: 67231 ns
[2025-06-12T00:20:33.599+0000][73][info ][safepoint   ] Safepoint "Cleanup", Time since last: 10189032244 ns, Reaching safepoint: 6644 ns, Cleanup: 8898 ns, At safepoint: 13423 ns, Total: 28965 ns
[2025-06-12T00:20:34.705+0000][73][info ][safepoint   ] Safepoint "Cleanup", Time since last: 1108005518 ns, Reaching safepoint: 81847 ns, Cleanup: 81822 ns, At safepoint: 51522 ns, Total: 215191 ns
[2025-06-12T00:20:36.714+0000][73][info ][safepoint   ] Safepoint "Cleanup", Time since last: 2008737261 ns, Reaching safepoint: 160716 ns, Cleanup: 19996 ns, At safepoint: 26362 ns, Total: 207074 ns
[2025-06-12T00:20:43.716+0000][73][info ][safepoint   ] Safepoint "Cleanup", Time since last: 7001785339 ns, Reaching safepoint: 22058 ns, Cleanup: 15231 ns, At safepoint: 9437 ns, Total: 46726 ns
[2025-06-12T00:20:58.718+0000][73][info ][safepoint   ] Safepoint "Cleanup", Time since last: 15002574609 ns, Reaching safepoint: 75302 ns, Cleanup: 17285 ns, At safepoint: 17324 ns, Total: 109911 ns
[2025-06-12T00:21:08.719+0000][73][info ][safepoint   ] Safepoint "Cleanup", Time since last: 10001939273 ns, Reaching safepoint: 70257 ns, Cleanup: 16506 ns, At safepoint: 30984 ns, Total: 117747 ns
[2025-06-12T00:21:23.442+0000][73][info ][safepoint   ] Safepoint "Cleanup", Time since last: 14722824180 ns, Reaching safepoint: 49752 ns, Cleanup: 64730 ns, At safepoint: 16186 ns, Total: 130668 ns
[2025-06-12T00:21:36.737+0000][73][info ][safepoint   ] Safepoint "Cleanup", Time since last: 13297484213 ns, Reaching safepoint: 21522 ns, Cleanup: 8816 ns, At safepoint: 2961 ns, Total: 33299 ns
[2025-06-12T00:21:39.764+0000][73][info ][safepoint   ] Safepoint "Cleanup", Time since last: 3027045310 ns, Reaching safepoint: 23161 ns, Cleanup: 13860 ns, At safepoint: 8835 ns, Total: 45856 ns
[2025-06-12T00:21:53.767+0000][73][info ][safepoint   ] Safepoint "Cleanup", Time since last: 14002876366 ns, Reaching safepoint: 75103 ns, Cleanup: 17830 ns, At safepoint: 32555 ns, Total: 125488 ns
[2025-06-12T00:21:57.768+0000][73][info ][safepoint   ] Safepoint "Cleanup", Time since last: 4001119824 ns, Reaching safepoint: 19525 ns, Cleanup: 13241 ns, At safepoint: 8067 ns, Total: 40833 ns
[2025-06-12T00:22:08.769+0000][73][info ][safepoint   ] Safepoint "Cleanup", Time since last: 11002320229 ns, Reaching safepoint: 99186 ns, Cleanup: 14889 ns, At safepoint: 11535 ns, Total: 125610 ns
[2025-06-12T00:22:12.771+0000][73][info ][safepoint   ] Safepoint "Cleanup", Time since last: 4002278552 ns, Reaching safepoint: 37664 ns, Cleanup: 19763 ns, At safepoint: 18406 ns, Total: 75833 ns
[2025-06-12T00:22:18.772+0000][73][info ][safepoint   ] Safepoint "Cleanup", Time since last: 6001333043 ns, Reaching safepoint: 33765 ns, Cleanup: 17423 ns, At safepoint: 15042 ns, Total: 66230 ns
[2025-06-12T00:22:23.477+0000][73][info ][safepoint   ] Safepoint "Cleanup", Time since last: 4704392908 ns, Reaching safepoint: 111396 ns, Cleanup: 21612 ns, At safepoint: 10794 ns, Total: 143802 ns
[2025-06-12T00:22:27.478+0000][73][info ][safepoint   ] Safepoint "Cleanup", Time since last: 4001063039 ns, Reaching safepoint: 19974 ns, Cleanup: 12410 ns, At safepoint: 8628 ns, Total: 41012 ns
[2025-06-12T00:22:39.592+0000][73][info ][safepoint   ] Safepoint "Cleanup", Time since last: 12116020250 ns, Reaching safepoint: 145818 ns, Cleanup: 10820 ns, At safepoint: 53868 ns, Total: 210506 ns
[2025-06-12T00:22:40.802+0000][73][info ][safepoint   ] Safepoint "Cleanup", Time since last: 1210148512 ns, Reaching safepoint: 32803 ns, Cleanup: 22113 ns, At safepoint: 16657 ns, Total: 71573 ns
[2025-06-12T00:22:43.803+0000][73][info ][safepoint   ] Safepoint "Cleanup", Time since last: 3001196885 ns, Reaching safepoint: 36448 ns, Cleanup: 17933 ns, At safepoint: 90498 ns, Total: 144879 ns
[2025-06-12T00:22:56.806+0000][73][info ][safepoint   ] Safepoint "Cleanup", Time since last: 13002631902 ns, Reaching safepoint: 33550 ns, Cleanup: 17214 ns, At safepoint: 12340 ns, Total: 63104 ns
[2025-06-12T00:23:23.513+0000][73][info ][safepoint   ] Safepoint "Cleanup", Time since last: 26709225947 ns, Reaching safepoint: 24826 ns, Cleanup: 14782 ns, At safepoint: 8221 ns, Total: 47829 ns
[2025-06-12T00:23:51.832+0000][73][info ][safepoint   ] Safepoint "Cleanup", Time since last: 28321660704 ns, Reaching safepoint: 32320 ns, Cleanup: 13530 ns, At safepoint: 8597 ns, Total: 54447 ns
[2025-06-12T00:24:03.848+0000][73][info ][safepoint   ] Safepoint "Cleanup", Time since last: 12016180639 ns, Reaching safepoint: 28846 ns, Cleanup: 16973 ns, At safepoint: 85913 ns, Total: 131732 ns
[2025-06-12T00:24:23.598+0000][73][info ][safepoint   ] Safepoint "Cleanup", Time since last: 19750948310 ns, Reaching safepoint: 28917 ns, Cleanup: 18966 ns, At safepoint: 10163 ns, Total: 58046 ns
[2025-06-12T00:24:27.600+0000][73][info ][safepoint   ] Safepoint "Cleanup", Time since last: 4001595656 ns, Reaching safepoint: 24169 ns, Cleanup: 14581 ns, At safepoint: 8958 ns, Total: 47708 ns
[2025-06-12T00:24:28.794+0000][73][info ][safepoint   ] Safepoint "Cleanup", Time since last: 1194641445 ns, Reaching safepoint: 6283 ns, Cleanup: 9561 ns, At safepoint: 24851 ns, Total: 40695 ns
[2025-06-12T00:24:45.585+0000][73][info ][safepoint   ] Safepoint "Cleanup", Time since last: 16792795646 ns, Reaching safepoint: 144094 ns, Cleanup: 23150 ns, At safepoint: 163465 ns, Total: 330709 ns
[2025-06-12T00:24:48.906+0000][73][info ][safepoint   ] Safepoint "Cleanup", Time since last: 3320868398 ns, Reaching safepoint: 33657 ns, Cleanup: 24357 ns, At safepoint: 16098 ns, Total: 74112 ns
[2025-06-12T00:24:53.908+0000][73][info ][safepoint   ] Safepoint "Cleanup", Time since last: 5001165316 ns, Reaching safepoint: 24800 ns, Cleanup: 15008 ns, At safepoint: 9652 ns, Total: 49460 ns
[2025-06-12T00:24:56.908+0000][73][info ][safepoint   ] Safepoint "Cleanup", Time since last: 3000813150 ns, Reaching safepoint: 19912 ns, Cleanup: 13926 ns, At safepoint: 8533 ns, Total: 42371 ns
[2025-06-12T00:24:59.909+0000][73][info ][safepoint   ] Safepoint "Cleanup", Time since last: 3000977942 ns, Reaching safepoint: 34007 ns, Cleanup: 18394 ns, At safepoint: 15885 ns, Total: 68286 ns
[2025-06-12T00:25:09.909+0000][73][info ][safepoint   ] Safepoint "Cleanup", Time since last: 10002178419 ns, Reaching safepoint: 32302 ns, Cleanup: 17589 ns, At safepoint: 15670 ns, Total: 65561 ns
[2025-06-12T00:25:23.630+0000][73][info ][safepoint   ] Safepoint "Cleanup", Time since last: 13720183443 ns, Reaching safepoint: 37515 ns, Cleanup: 34291 ns, At safepoint: 123128 ns, Total: 194934 ns
[2025-06-12T00:25:33.632+0000][73][info ][safepoint   ] Safepoint "Cleanup", Time since last: 10001884815 ns, Reaching safepoint: 24944 ns, Cleanup: 17656 ns, At safepoint: 10001 ns, Total: 52601 ns
[2025-06-12T00:25:48.632+0000][73][info ][safepoint   ] Safepoint "Cleanup", Time since last: 15002874374 ns, Reaching safepoint: 32340 ns, Cleanup: 24406 ns, At safepoint: 14191 ns, Total: 70937 ns
[2025-06-12T00:25:50.310+0000][73][info ][safepoint   ] Safepoint "Cleanup", Time since last: 1677780722 ns, Reaching safepoint: 19711 ns, Cleanup: 17226 ns, At safepoint: 8891 ns, Total: 45828 ns
[2025-06-12T00:25:51.311+0000][73][info ][safepoint   ] Safepoint "Cleanup", Time since last: 1000733602 ns, Reaching safepoint: 18684 ns, Cleanup: 14547 ns, At safepoint: 9097 ns, Total: 42328 ns
[2025-06-12T00:25:54.495+0000][73][info ][safepoint   ] Safepoint "Cleanup", Time since last: 3183636501 ns, Reaching safepoint: 31165 ns, Cleanup: 19553 ns, At safepoint: 15332 ns, Total: 66050 ns
[2025-06-12T00:25:56.496+0000][73][info ][safepoint   ] Safepoint "Cleanup", Time since last: 2000962404 ns, Reaching safepoint: 159497 ns, Cleanup: 20686 ns, At safepoint: 21341 ns, Total: 201524 ns
[2025-06-12T00:25:57.496+0000][73][info ][safepoint   ] Safepoint "Cleanup", Time since last: 1000720158 ns, Reaching safepoint: 36504 ns, Cleanup: 18945 ns, At safepoint: 16303 ns, Total: 71752 ns
[2025-06-12T00:25:58.497+0000][73][info ][safepoint   ] Safepoint "Cleanup", Time since last: 1000794397 ns, Reaching safepoint: 87279 ns, Cleanup: 21484 ns, At safepoint: 7549 ns, Total: 116312 ns
[2025-06-12T00:26:23.662+0000][73][info ][safepoint   ] Safepoint "Cleanup", Time since last: 25166179342 ns, Reaching safepoint: 33344 ns, Cleanup: 21132 ns, At safepoint: 15552 ns, Total: 70028 ns
[2025-06-12T00:26:48.665+0000][73][info ][safepoint   ] Safepoint "Cleanup", Time since last: 25004824173 ns, Reaching safepoint: 48751 ns, Cleanup: 13898 ns, At safepoint: 31161 ns, Total: 93810 ns
[2025-06-12T00:26:51.668+0000][73][info ][safepoint   ] Safepoint "Cleanup", Time since last: 3003595202 ns, Reaching safepoint: 25815 ns, Cleanup: 14865 ns, At safepoint: 11062 ns, Total: 51742 ns
[2025-06-12T00:26:53.541+0000][73][info ][safepoint   ] Safepoint "Cleanup", Time since last: 1872439583 ns, Reaching safepoint: 35535 ns, Cleanup: 30105 ns, At safepoint: 16202 ns, Total: 81842 ns
[2025-06-12T00:26:54.542+0000][73][info ][safepoint   ] Safepoint "Cleanup", Time since last: 1000592788 ns, Reaching safepoint: 130423 ns, Cleanup: 18352 ns, At safepoint: 136321 ns, Total: 285096 ns
[2025-06-12T00:26:56.543+0000][73][info ][safepoint   ] Safepoint "Cleanup", Time since last: 2000694383 ns, Reaching safepoint: 190191 ns, Cleanup: 19039 ns, At safepoint: 21112 ns, Total: 230342 ns
[2025-06-12T00:26:57.543+0000][73][info ][safepoint   ] Safepoint "Cleanup", Time since last: 1000776305 ns, Reaching safepoint: 19989 ns, Cleanup: 15989 ns, At safepoint: 7690 ns, Total: 43668 ns
[2025-06-12T00:27:11.545+0000][73][info ][safepoint   ] Safepoint "Cleanup", Time since last: 14003962349 ns, Reaching safepoint: 26122 ns, Cleanup: 18477 ns, At safepoint: 10408 ns, Total: 55007 ns
[2025-06-12T00:27:14.546+0000][73][info ][safepoint   ] Safepoint "Cleanup", Time since last: 3000966753 ns, Reaching safepoint: 77909 ns, Cleanup: 17009 ns, At safepoint: 34806 ns, Total: 129724 ns
[2025-06-12T00:27:23.695+0000][73][info ][safepoint   ] Safepoint "Cleanup", Time since last: 9148786217 ns, Reaching safepoint: 20288 ns, Cleanup: 15187 ns, At safepoint: 8540 ns, Total: 44015 ns
[2025-06-12T00:27:28.696+0000][73][info ][safepoint   ] Safepoint "Cleanup", Time since last: 5001062716 ns, Reaching safepoint: 88882 ns, Cleanup: 19700 ns, At safepoint: 11559 ns, Total: 120141 ns
[2025-06-12T00:27:33.701+0000][73][info ][safepoint   ] Safepoint "Cleanup", Time since last: 5004651172 ns, Reaching safepoint: 60209 ns, Cleanup: 14739 ns, At safepoint: 9382 ns, Total: 84330 ns
[2025-06-12T00:27:40.702+0000][73][info ][safepoint   ] Safepoint "Cleanup", Time since last: 7003444879 ns, Reaching safepoint: 36240 ns, Cleanup: 17578 ns, At safepoint: 17510 ns, Total: 71328 ns
[2025-06-12T00:27:53.705+0000][73][info ][safepoint   ] Safepoint "Cleanup", Time since last: 13002341109 ns, Reaching safepoint: 64052 ns, Cleanup: 15686 ns, At safepoint: 11253 ns, Total: 90991 ns
[2025-06-12T00:27:55.053+0000][73][info ][safepoint   ] Safepoint "Cleanup", Time since last: 1348565663 ns, Reaching safepoint: 18014 ns, Cleanup: 29041 ns, At safepoint: 88708 ns, Total: 135763 ns
[2025-06-12T00:27:56.578+0000][73][info ][safepoint   ] Safepoint "Cleanup", Time since last: 1524629853 ns, Reaching safepoint: 36311 ns, Cleanup: 24868 ns, At safepoint: 17733 ns, Total: 78912 ns
[2025-06-12T00:27:57.579+0000][73][info ][safepoint   ] Safepoint "Cleanup", Time since last: 1000576060 ns, Reaching safepoint: 171406 ns, Cleanup: 20758 ns, At safepoint: 165897 ns, Total: 358061 ns
[2025-06-12T00:28:23.725+0000][73][info ][safepoint   ] Safepoint "Cleanup", Time since last: 26149423345 ns, Reaching safepoint: 33519 ns, Cleanup: 20293 ns, At safepoint: 15941 ns, Total: 69753 ns
[2025-06-12T00:28:34.063+0000][73][info ][safepoint   ] Safepoint "Cleanup", Time since last: 10337551499 ns, Reaching safepoint: 8158 ns, Cleanup: 7825 ns, At safepoint: 25794 ns, Total: 41777 ns
[2025-06-12T00:28:35.614+0000][73][info ][safepoint   ] Safepoint "Cleanup", Time since last: 1552422687 ns, Reaching safepoint: 36294 ns, Cleanup: 26470 ns, At safepoint: 17794 ns, Total: 80558 ns
[2025-06-12T00:28:58.040+0000][73][info ][safepoint   ] Safepoint "Cleanup", Time since last: 22425487509 ns, Reaching safepoint: 21364 ns, Cleanup: 13583 ns, At safepoint: 98780 ns, Total: 133727 ns
[2025-06-12T00:28:59.632+0000][73][info ][safepoint   ] Safepoint "Cleanup", Time since last: 1592135760 ns, Reaching safepoint: 35921 ns, Cleanup: 22465 ns, At safepoint: 18862 ns, Total: 77248 ns
[2025-06-12T00:29:04.028+0000][73][info ][safepoint   ] Safepoint "Cleanup", Time since last: 4396117880 ns, Reaching safepoint: 6472 ns, Cleanup: 8493 ns, At safepoint: 13875 ns, Total: 28840 ns
[2025-06-12T00:29:06.653+0000][73][info ][safepoint   ] Safepoint "Cleanup", Time since last: 2627641627 ns, Reaching safepoint: 31207 ns, Cleanup: 16757 ns, At safepoint: 15805 ns, Total: 63769 ns
[2025-06-12T00:29:23.759+0000][73][info ][safepoint   ] Safepoint "Cleanup", Time since last: 17105832464 ns, Reaching safepoint: 26882 ns, Cleanup: 15790 ns, At safepoint: 9503 ns, Total: 52175 ns
[2025-06-12T00:29:28.747+0000][73][info ][safepoint   ] Safepoint "Cleanup", Time since last: 4987980517 ns, Reaching safepoint: 6688 ns, Cleanup: 7886 ns, At safepoint: 3060 ns, Total: 17634 ns
[2025-06-12T00:29:30.321+0000][73][info ][safepoint   ] Safepoint "Cleanup", Time since last: 1573882456 ns, Reaching safepoint: 28853 ns, Cleanup: 17245 ns, At safepoint: 12031 ns, Total: 58129 ns
[2025-06-12T00:30:01.735+0000][73][info ][safepoint   ] Safepoint "Cleanup", Time since last: 31416783017 ns, Reaching safepoint: 295292 ns, Cleanup: 11341 ns, At safepoint: 49094 ns, Total: 355727 ns
[2025-06-12T00:30:02.740+0000][73][info ][safepoint   ] Safepoint "Cleanup", Time since last: 1004551624 ns, Reaching safepoint: 15616 ns, Cleanup: 24918 ns, At safepoint: 89396 ns, Total: 129930 ns
[2025-06-12T00:30:08.742+0000][73][info ][safepoint   ] Safepoint "Cleanup", Time since last: 6005113348 ns, Reaching safepoint: 70206 ns, Cleanup: 17492 ns, At safepoint: 16192 ns, Total: 103890 ns
[2025-06-12T00:30:57.797+0000][73][info ][safepoint   ] Safepoint "Cleanup", Time since last: 49056645971 ns, Reaching safepoint: 71997 ns, Cleanup: 22683 ns, At safepoint: 15526 ns, Total: 110206 ns
[2025-06-12T00:31:04.035+0000][73][info ][safepoint   ] Safepoint "Cleanup", Time since last: 6238054676 ns, Reaching safepoint: 6387 ns, Cleanup: 7490 ns, At safepoint: 6382 ns, Total: 20259 ns
[2025-06-12T00:31:05.772+0000][73][info ][safepoint   ] Safepoint "Cleanup", Time since last: 1739348012 ns, Reaching safepoint: 102107 ns, Cleanup: 18346 ns, At safepoint: 41778 ns, Total: 162231 ns
[2025-06-12T00:31:19.775+0000][73][info ][safepoint   ] Safepoint "Cleanup", Time since last: 14002676760 ns, Reaching safepoint: 35034 ns, Cleanup: 16924 ns, At safepoint: 16417 ns, Total: 68375 ns
[2025-06-12T00:31:43.837+0000][73][info ][safepoint   ] Safepoint "Cleanup", Time since last: 24064914721 ns, Reaching safepoint: 170422 ns, Cleanup: 19463 ns, At safepoint: 29940 ns, Total: 219825 ns
[2025-06-12T00:32:07.109+0000][73][info ][safepoint   ] Safepoint "Cleanup", Time since last: 23274014192 ns, Reaching safepoint: 96510 ns, Cleanup: 14351 ns, At safepoint: 41141 ns, Total: 152002 ns
[2025-06-12T00:32:08.820+0000][73][info ][safepoint   ] Safepoint "Cleanup", Time since last: 1710967040 ns, Reaching safepoint: 32076 ns, Cleanup: 31716 ns, At safepoint: 15697 ns, Total: 79489 ns
[2025-06-12T00:32:26.870+0000][73][info ][safepoint   ] Safepoint "Cleanup", Time since last: 18049450740 ns, Reaching safepoint: 31244 ns, Cleanup: 20586 ns, At safepoint: 10949 ns, Total: 62779 ns
[2025-06-12T00:32:43.871+0000][73][info ][safepoint   ] Safepoint "Cleanup", Time since last: 17003499693 ns, Reaching safepoint: 33679 ns, Cleanup: 18519 ns, At safepoint: 12689 ns, Total: 64887 ns
[2025-06-12T00:32:53.873+0000][73][info ][safepoint   ] Safepoint "Cleanup", Time since last: 10002436204 ns, Reaching safepoint: 74297 ns, Cleanup: 21216 ns, At safepoint: 16836 ns, Total: 112349 ns
[2025-06-12T00:32:56.874+0000][73][info ][safepoint   ] Safepoint "Cleanup", Time since last: 3001049458 ns, Reaching safepoint: 36462 ns, Cleanup: 19213 ns, At safepoint: 17416 ns, Total: 73091 ns
[2025-06-12T00:33:10.843+0000][73][info ][safepoint   ] Safepoint "Cleanup", Time since last: 13971348480 ns, Reaching safepoint: 21018 ns, Cleanup: 13665 ns, At safepoint: 83347 ns, Total: 118030 ns
[2025-06-12T00:33:26.905+0000][73][info ][safepoint   ] Safepoint "Cleanup", Time since last: 16061884985 ns, Reaching safepoint: 164917 ns, Cleanup: 19948 ns, At safepoint: 33067 ns, Total: 217932 ns
[2025-06-12T00:34:07.046+0000][73][info ][safepoint   ] Safepoint "Cleanup", Time since last: 40145066659 ns, Reaching safepoint: 10965 ns, Cleanup: 8856 ns, At safepoint: 12660 ns, Total: 32481 ns
[2025-06-12T00:34:08.905+0000][73][info ][safepoint   ] Safepoint "Cleanup", Time since last: 1859039711 ns, Reaching safepoint: 19378 ns, Cleanup: 25150 ns, At safepoint: 8030 ns, Total: 52558 ns
[2025-06-12T00:34:09.944+0000][73][info ][safepoint   ] Safepoint "Cleanup", Time since last: 1038918339 ns, Reaching safepoint: 73547 ns, Cleanup: 18511 ns, At safepoint: 35416 ns, Total: 127474 ns
[2025-06-12T00:34:13.046+0000][73][info ][safepoint   ] Safepoint "Cleanup", Time since last: 3101710662 ns, Reaching safepoint: 391045 ns, Cleanup: 15452 ns, At safepoint: 136863 ns, Total: 543360 ns
[2025-06-12T00:34:28.742+0000][73][info ][safepoint   ] Safepoint "Cleanup", Time since last: 15696383709 ns, Reaching safepoint: 21002 ns, Cleanup: 11106 ns, At safepoint: 25837 ns, Total: 57945 ns
[2025-06-12T00:34:30.489+0000][73][info ][safepoint   ] Safepoint "Cleanup", Time since last: 1745993694 ns, Reaching safepoint: 33780 ns, Cleanup: 19026 ns, At safepoint: 16483 ns, Total: 69289 ns
[2025-06-12T00:35:16.087+0000][73][info ][safepoint   ] Safepoint "Cleanup", Time since last: 45599060543 ns, Reaching safepoint: 3508514 ns, Cleanup: 28588 ns, At safepoint: 302883 ns, Total: 3839985 ns
[2025-06-12T00:35:18.060+0000][73][info ][safepoint   ] Safepoint "Cleanup", Time since last: 1973690293 ns, Reaching safepoint: 36235 ns, Cleanup: 20649 ns, At safepoint: 18125 ns, Total: 75009 ns
[2025-06-12T00:36:19.063+0000][73][info ][safepoint   ] Safepoint "Cleanup", Time since last: 61007443953 ns, Reaching safepoint: 11788 ns, Cleanup: 8288 ns, At safepoint: 13598 ns, Total: 33674 ns
[2025-06-12T00:36:20.064+0000][73][info ][safepoint   ] Safepoint "Cleanup", Time since last: 1000559547 ns, Reaching safepoint: 20279 ns, Cleanup: 14851 ns, At safepoint: 9359 ns, Total: 44489 ns
[2025-06-12T00:36:21.102+0000][73][info ][safepoint   ] Safepoint "Cleanup", Time since last: 1037907528 ns, Reaching safepoint: 26556 ns, Cleanup: 23710 ns, At safepoint: 10812 ns, Total: 61078 ns
[2025-06-12T00:36:24.001+0000][73][info ][safepoint   ] Safepoint "Cleanup", Time since last: 2899413460 ns, Reaching safepoint: 198834 ns, Cleanup: 21287 ns, At safepoint: 23231 ns, Total: 243352 ns
[2025-06-12T00:36:39.001+0000][73][info ][safepoint   ] Safepoint "Cleanup", Time since last: 15002523172 ns, Reaching safepoint: 38084 ns, Cleanup: 20040 ns, At safepoint: 15892 ns, Total: 74016 ns
[2025-06-12T00:36:49.004+0000][73][info ][safepoint   ] Safepoint "Cleanup", Time since last: 10002287945 ns, Reaching safepoint: 79300 ns, Cleanup: 19033 ns, At safepoint: 14747 ns, Total: 113080 ns
[2025-06-12T00:36:58.006+0000][73][info ][safepoint   ] Safepoint "Cleanup", Time since last: 9002364198 ns, Reaching safepoint: 112440 ns, Cleanup: 9889 ns, At safepoint: 21519 ns, Total: 143848 ns
[2025-06-12T00:37:22.009+0000][73][info ][safepoint   ] Safepoint "Cleanup", Time since last: 24005782327 ns, Reaching safepoint: 32607 ns, Cleanup: 17873 ns, At safepoint: 11444 ns, Total: 61924 ns
[2025-06-12T00:37:23.055+0000][73][info ][safepoint   ] Safepoint "Cleanup", Time since last: 1045270581 ns, Reaching safepoint: 20063 ns, Cleanup: 19416 ns, At safepoint: 7926 ns, Total: 47405 ns
[2025-06-12T00:37:24.145+0000][73][info ][safepoint   ] Safepoint "Cleanup", Time since last: 1089792473 ns, Reaching safepoint: 33051 ns, Cleanup: 19510 ns, At safepoint: 16133 ns, Total: 68694 ns
[2025-06-12T00:37:54.148+0000][73][info ][safepoint   ] Safepoint "Cleanup", Time since last: 30005717714 ns, Reaching safepoint: 157238 ns, Cleanup: 16943 ns, At safepoint: 31881 ns, Total: 206062 ns
[2025-06-12T00:38:24.074+0000][73][info ][safepoint   ] Safepoint "Cleanup", Time since last: 29928168645 ns, Reaching safepoint: 21591 ns, Cleanup: 14213 ns, At safepoint: 8898 ns, Total: 44702 ns
[2025-06-12T00:38:25.168+0000][73][info ][safepoint   ] Safepoint "Cleanup", Time since last: 1094372496 ns, Reaching safepoint: 7480 ns, Cleanup: 10008 ns, At safepoint: 14093 ns, Total: 31581 ns
[2025-06-12T00:38:26.206+0000][73][info ][safepoint   ] Safepoint "Cleanup", Time since last: 1037695525 ns, Reaching safepoint: 20147 ns, Cleanup: 14830 ns, At safepoint: 9880 ns, Total: 44857 ns
[2025-06-12T00:38:43.223+0000][73][info ][safepoint   ] Safepoint "Cleanup", Time since last: 17019397355 ns, Reaching safepoint: 57088 ns, Cleanup: 12657 ns, At safepoint: 8391 ns, Total: 78136 ns
[2025-06-12T00:38:44.224+0000][73][info ][safepoint   ] Safepoint "Cleanup", Time since last: 1000596766 ns, Reaching safepoint: 16706 ns, Cleanup: 15647 ns, At safepoint: 7596 ns, Total: 39949 ns
[2025-06-12T00:39:10.034+0000][73][info ][safepoint   ] Safepoint "Cleanup", Time since last: 25813005040 ns, Reaching safepoint: 6344 ns, Cleanup: 11833 ns, At safepoint: 14740 ns, Total: 32917 ns
[2025-06-12T00:39:11.255+0000][73][info ][safepoint   ] Safepoint "Cleanup", Time since last: 1221374987 ns, Reaching safepoint: 37113 ns, Cleanup: 18128 ns, At safepoint: 16061 ns, Total: 71302 ns
[2025-06-12T00:39:19.289+0000][73][info ][safepoint   ] Safepoint "Cleanup", Time since last: 8033494643 ns, Reaching safepoint: 68513 ns, Cleanup: 18674 ns, At safepoint: 30663 ns, Total: 117850 ns
[2025-06-12T00:39:28.019+0000][73][info ][safepoint   ] Safepoint "Cleanup", Time since last: 8730357724 ns, Reaching safepoint: 6663 ns, Cleanup: 11098 ns, At safepoint: 3567 ns, Total: 21328 ns
[2025-06-12T00:39:29.328+0000][73][info ][safepoint   ] Safepoint "Cleanup", Time since last: 1308208366 ns, Reaching safepoint: 15143 ns, Cleanup: 21287 ns, At safepoint: 66389 ns, Total: 102819 ns
[2025-06-12T00:39:44.332+0000][73][info ][safepoint   ] Safepoint "Cleanup", Time since last: 15006668214 ns, Reaching safepoint: 80426 ns, Cleanup: 16712 ns, At safepoint: 13166 ns, Total: 110304 ns
[2025-06-12T00:39:54.335+0000][73][info ][safepoint   ] Safepoint "Cleanup", Time since last: 10002351537 ns, Reaching safepoint: 71714 ns, Cleanup: 18321 ns, At safepoint: 15075 ns, Total: 105110 ns
[2025-06-12T00:40:01.336+0000][73][info ][safepoint   ] Safepoint "Cleanup", Time since last: 7001600250 ns, Reaching safepoint: 34308 ns, Cleanup: 17985 ns, At safepoint: 14272 ns, Total: 66565 ns
[2025-06-12T00:40:23.151+0000][73][info ][safepoint   ] Safepoint "Cleanup", Time since last: 21816422851 ns, Reaching safepoint: 32228 ns, Cleanup: 16341 ns, At safepoint: 13970 ns, Total: 62539 ns
[2025-06-12T00:40:31.019+0000][73][info ][safepoint   ] Safepoint "Cleanup", Time since last: 7868565492 ns, Reaching safepoint: 33718 ns, Cleanup: 15168 ns, At safepoint: 65250 ns, Total: 114136 ns
[2025-06-12T00:40:57.372+0000][73][info ][safepoint   ] Safepoint "Cleanup", Time since last: 26355228868 ns, Reaching safepoint: 78332 ns, Cleanup: 18762 ns, At safepoint: 17238 ns, Total: 114332 ns
[2025-06-12T00:41:23.190+0000][73][info ][safepoint   ] Safepoint "Cleanup", Time since last: 25820379641 ns, Reaching safepoint: 111605 ns, Cleanup: 17650 ns, At safepoint: 17286 ns, Total: 146541 ns
[2025-06-12T00:42:10.436+0000][73][info ][safepoint   ] Safepoint "Cleanup", Time since last: 47251194883 ns, Reaching safepoint: 138840 ns, Cleanup: 17196 ns, At safepoint: 15718 ns, Total: 171754 ns
[2025-06-12T00:42:14.437+0000][73][info ][safepoint   ] Safepoint "Cleanup", Time since last: 4001183285 ns, Reaching safepoint: 20082 ns, Cleanup: 16682 ns, At safepoint: 9727 ns, Total: 46491 ns
[2025-06-12T00:42:23.229+0000][73][info ][safepoint   ] Safepoint "Cleanup", Time since last: 8791403337 ns, Reaching safepoint: 32643 ns, Cleanup: 24070 ns, At safepoint: 16948 ns, Total: 73661 ns
[2025-06-12T00:42:37.021+0000][73][info ][safepoint   ] Safepoint "Cleanup", Time since last: 13794321990 ns, Reaching safepoint: 8407 ns, Cleanup: 12676 ns, At safepoint: 14604 ns, Total: 35687 ns
[2025-06-12T00:42:55.483+0000][73][info ][safepoint   ] Safepoint "Cleanup", Time since last: 18461836707 ns, Reaching safepoint: 61422 ns, Cleanup: 12732 ns, At safepoint: 8803 ns, Total: 82957 ns
[2025-06-12T00:42:56.484+0000][73][info ][safepoint   ] Safepoint "Cleanup", Time since last: 1000635567 ns, Reaching safepoint: 17836 ns, Cleanup: 15733 ns, At safepoint: 8220 ns, Total: 41789 ns
[2025-06-12T00:42:58.485+0000][73][info ][safepoint   ] Safepoint "Cleanup", Time since last: 2000851161 ns, Reaching safepoint: 30879 ns, Cleanup: 17055 ns, At safepoint: 15085 ns, Total: 63019 ns
[2025-06-12T00:43:23.272+0000][73][info ][safepoint   ] Safepoint "Cleanup", Time since last: 24789358883 ns, Reaching safepoint: 26548 ns, Cleanup: 16144 ns, At safepoint: 11163 ns, Total: 53855 ns
[2025-06-12T00:43:28.024+0000][73][info ][safepoint   ] Safepoint "Cleanup", Time since last: 4752756208 ns, Reaching safepoint: 103500 ns, Cleanup: 9359 ns, At safepoint: 36710 ns, Total: 149569 ns
[2025-06-12T00:43:32.532+0000][73][info ][safepoint   ] Safepoint "Cleanup", Time since last: 4507156581 ns, Reaching safepoint: 18294 ns, Cleanup: 15863 ns, At safepoint: 7843 ns, Total: 42000 ns
[2025-06-12T00:43:37.160+0000][73][info ][safepoint   ] Safepoint "Cleanup", Time since last: 4631286684 ns, Reaching safepoint: 14950 ns, Cleanup: 11391 ns, At safepoint: 22624 ns, Total: 48965 ns
[2025-06-12T00:43:40.029+0000][73][info ][safepoint   ] Safepoint "Cleanup", Time since last: 2868173820 ns, Reaching safepoint: 255011 ns, Cleanup: 10122 ns, At safepoint: 62321 ns, Total: 327454 ns
[2025-06-12T00:43:41.565+0000][73][info ][safepoint   ] Safepoint "Cleanup", Time since last: 1536744782 ns, Reaching safepoint: 38467 ns, Cleanup: 26779 ns, At safepoint: 16563 ns, Total: 81809 ns
[2025-06-12T00:43:56.569+0000][73][info ][safepoint   ] Safepoint "Cleanup", Time since last: 15003527004 ns, Reaching safepoint: 33588 ns, Cleanup: 18443 ns, At safepoint: 16000 ns, Total: 68031 ns
[2025-06-12T00:43:58.571+0000][73][info ][safepoint   ] Safepoint "Cleanup", Time since last: 2001524704 ns, Reaching safepoint: 84777 ns, Cleanup: 16900 ns, At safepoint: 13309 ns, Total: 114986 ns
[2025-06-12T00:44:03.979+0000][73][info ][safepoint   ] Safepoint "Cleanup", Time since last: 5407912012 ns, Reaching safepoint: 230618 ns, Cleanup: 14046 ns, At safepoint: 182412 ns, Total: 427076 ns
[2025-06-12T00:44:13.014+0000][73][info ][safepoint   ] Safepoint "Cleanup", Time since last: 9036808101 ns, Reaching safepoint: 87397 ns, Cleanup: 14490 ns, At safepoint: 69713 ns, Total: 171600 ns
[2025-06-12T00:44:14.607+0000][73][info ][safepoint   ] Safepoint "Cleanup", Time since last: 1593447229 ns, Reaching safepoint: 127905 ns, Cleanup: 104306 ns, At safepoint: 36341 ns, Total: 268552 ns
[2025-06-12T00:44:16.608+0000][73][info ][safepoint   ] Safepoint "Cleanup", Time since last: 2000799143 ns, Reaching safepoint: 20229 ns, Cleanup: 16636 ns, At safepoint: 7639 ns, Total: 44504 ns
[2025-06-12T00:44:29.004+0000][73][info ][safepoint   ] Safepoint "Cleanup", Time since last: 12395235032 ns, Reaching safepoint: 17458 ns, Cleanup: 16733 ns, At safepoint: 67376 ns, Total: 101567 ns
[2025-06-12T00:44:30.032+0000][73][info ][safepoint   ] Safepoint "Cleanup", Time since last: 1028121169 ns, Reaching safepoint: 186639 ns, Cleanup: 20189 ns, At safepoint: 29728 ns, Total: 236556 ns
[2025-06-12T00:44:43.641+0000][73][info ][safepoint   ] Safepoint "Cleanup", Time since last: 13611170684 ns, Reaching safepoint: 22117 ns, Cleanup: 15164 ns, At safepoint: 68050 ns, Total: 105331 ns
[2025-06-12T00:44:44.674+0000][73][info ][safepoint   ] Safepoint "Cleanup", Time since last: 1032584240 ns, Reaching safepoint: 15315 ns, Cleanup: 24693 ns, At safepoint: 78131 ns, Total: 118139 ns
[2025-06-12T00:44:57.681+0000][73][info ][safepoint   ] Safepoint "Cleanup", Time since last: 13006968196 ns, Reaching safepoint: 76760 ns, Cleanup: 15976 ns, At safepoint: 11461 ns, Total: 104197 ns
[2025-06-12T00:45:08.681+0000][73][info ][safepoint   ] Safepoint "Cleanup", Time since last: 11002282277 ns, Reaching safepoint: 182197 ns, Cleanup: 19872 ns, At safepoint: 23561 ns, Total: 225630 ns
[2025-06-12T00:45:23.343+0000][73][info ][safepoint   ] Safepoint "Cleanup", Time since last: 14661930311 ns, Reaching safepoint: 81122 ns, Cleanup: 21555 ns, At safepoint: 17946 ns, Total: 120623 ns
[2025-06-12T00:45:24.344+0000][73][info ][safepoint   ] Safepoint "Cleanup", Time since last: 1000798690 ns, Reaching safepoint: 116479 ns, Cleanup: 17566 ns, At safepoint: 18331 ns, Total: 152376 ns
[2025-06-12T00:45:27.345+0000][73][info ][safepoint   ] Safepoint "Cleanup", Time since last: 3001058254 ns, Reaching safepoint: 25512 ns, Cleanup: 17242 ns, At safepoint: 10805 ns, Total: 53559 ns
[2025-06-12T00:45:46.082+0000][73][info ][safepoint   ] Safepoint "Cleanup", Time since last: 18739974909 ns, Reaching safepoint: 7201 ns, Cleanup: 10285 ns, At safepoint: 14855 ns, Total: 32341 ns
[2025-06-12T00:45:47.715+0000][73][info ][safepoint   ] Safepoint "Cleanup", Time since last: 1633417606 ns, Reaching safepoint: 18644 ns, Cleanup: 14322 ns, At safepoint: 8237 ns, Total: 41203 ns
[2025-06-12T00:46:19.719+0000][73][info ][safepoint   ] Safepoint "Cleanup", Time since last: 32006243199 ns, Reaching safepoint: 144873 ns, Cleanup: 17958 ns, At safepoint: 17069 ns, Total: 179900 ns
[2025-06-12T00:46:49.011+0000][73][info ][safepoint   ] Safepoint "Cleanup", Time since last: 29294341867 ns, Reaching safepoint: 6678 ns, Cleanup: 8073 ns, At safepoint: 3524 ns, Total: 18275 ns
[2025-06-12T00:47:09.767+0000][73][info ][safepoint   ] Safepoint "Cleanup", Time since last: 20757170848 ns, Reaching safepoint: 486197 ns, Cleanup: 19724 ns, At safepoint: 32741 ns, Total: 538662 ns
[2025-06-12T00:47:13.768+0000][73][info ][safepoint   ] Safepoint "Cleanup", Time since last: 4001403344 ns, Reaching safepoint: 64927 ns, Cleanup: 17668 ns, At safepoint: 14502 ns, Total: 97097 ns
[2025-06-12T00:47:29.419+0000][73][info ][safepoint   ] Safepoint "Cleanup", Time since last: 15650227788 ns, Reaching safepoint: 615994 ns, Cleanup: 89119 ns, At safepoint: 35760 ns, Total: 740873 ns
[2025-06-12T00:47:53.800+0000][73][info ][safepoint   ] Safepoint "Cleanup", Time since last: 24383219883 ns, Reaching safepoint: 29412 ns, Cleanup: 18079 ns, At safepoint: 10859 ns, Total: 58350 ns
[2025-06-12T00:47:56.804+0000][73][info ][safepoint   ] Safepoint "Cleanup", Time since last: 3004081553 ns, Reaching safepoint: 26887 ns, Cleanup: 16214 ns, At safepoint: 13518 ns, Total: 56619 ns
[2025-06-12T00:48:54.992+0000][73][info ][safepoint   ] Safepoint "Cleanup", Time since last: 58193244509 ns, Reaching safepoint: 19673 ns, Cleanup: 8273 ns, At safepoint: 3244 ns, Total: 31190 ns
[2025-06-12T00:48:57.838+0000][73][info ][safepoint   ] Safepoint "Cleanup", Time since last: 2844961279 ns, Reaching safepoint: 104078 ns, Cleanup: 78084 ns, At safepoint: 28022 ns, Total: 210184 ns
[2025-06-12T00:48:58.841+0000][73][info ][safepoint   ] Safepoint "Cleanup", Time since last: 1003255215 ns, Reaching safepoint: 30679 ns, Cleanup: 20018 ns, At safepoint: 15063 ns, Total: 65760 ns
[2025-06-12T00:49:16.846+0000][73][info ][safepoint   ] Safepoint "Cleanup", Time since last: 18007864425 ns, Reaching safepoint: 55379 ns, Cleanup: 13741 ns, At safepoint: 30390 ns, Total: 99510 ns
[2025-06-12T00:49:17.855+0000][73][info ][safepoint   ] Safepoint "Cleanup", Time since last: 1009253358 ns, Reaching safepoint: 31683 ns, Cleanup: 17299 ns, At safepoint: 15553 ns, Total: 64535 ns
[2025-06-12T00:49:43.711+0000][73][info ][safepoint   ] Safepoint "Cleanup", Time since last: 25857501856 ns, Reaching safepoint: 28777 ns, Cleanup: 17320 ns, At safepoint: 15236 ns, Total: 61333 ns
[2025-06-12T00:49:58.927+0000][73][info ][safepoint   ] Safepoint "Cleanup", Time since last: 15216648091 ns, Reaching safepoint: 7071 ns, Cleanup: 10772 ns, At safepoint: 4429 ns, Total: 22272 ns
[2025-06-12T00:50:00.927+0000][73][info ][safepoint   ] Safepoint "Cleanup", Time since last: 1999313505 ns, Reaching safepoint: 29833 ns, Cleanup: 16818 ns, At safepoint: 15661 ns, Total: 62312 ns
[2025-06-12T00:50:08.926+0000][73][info ][safepoint   ] Safepoint "Cleanup", Time since last: 8002237359 ns, Reaching safepoint: 41605 ns, Cleanup: 23518 ns, At safepoint: 18498 ns, Total: 83621 ns
[2025-06-12T00:51:18.958+0000][73][info ][safepoint   ] Safepoint "Cleanup", Time since last: 70036813258 ns, Reaching safepoint: 84025 ns, Cleanup: 13186 ns, At safepoint: 8864 ns, Total: 106075 ns
[2025-06-12T00:52:56.590+0000][73][info ][safepoint   ] Safepoint "Cleanup", Time since last: 97639040790 ns, Reaching safepoint: 34431 ns, Cleanup: 23717 ns, At safepoint: 16493 ns, Total: 74641 ns
[2025-06-12T00:52:57.591+0000][73][info ][safepoint   ] Safepoint "Cleanup", Time since last: 1000729493 ns, Reaching safepoint: 19030 ns, Cleanup: 14027 ns, At safepoint: 8971 ns, Total: 42028 ns
[2025-06-12T00:53:19.049+0000][73][info ][safepoint   ] Safepoint "Cleanup", Time since last: 21459870665 ns, Reaching safepoint: 20226 ns, Cleanup: 13006 ns, At safepoint: 9081 ns, Total: 42313 ns
[2025-06-12T00:53:23.621+0000][73][info ][safepoint   ] Safepoint "Cleanup", Time since last: 4572263930 ns, Reaching safepoint: 43420 ns, Cleanup: 28857 ns, At safepoint: 23818 ns, Total: 96095 ns
[2025-06-12T00:54:03.626+0000][73][info ][safepoint   ] Safepoint "Cleanup", Time since last: 40007752785 ns, Reaching safepoint: 34369 ns, Cleanup: 18509 ns, At safepoint: 17691 ns, Total: 70569 ns
[2025-06-12T00:54:08.625+0000][73][info ][safepoint   ] Safepoint "Cleanup", Time since last: 5001374925 ns, Reaching safepoint: 18399 ns, Cleanup: 14956 ns, At safepoint: 8932 ns, Total: 42287 ns
[2025-06-12T00:54:09.981+0000][73][info ][safepoint   ] Safepoint "Cleanup", Time since last: 1355895788 ns, Reaching safepoint: 7691 ns, Cleanup: 8445 ns, At safepoint: 13262 ns, Total: 29398 ns
[2025-06-12T00:54:11.010+0000][73][info ][safepoint   ] Safepoint "Cleanup", Time since last: 1028997380 ns, Reaching safepoint: 17566 ns, Cleanup: 67869 ns, At safepoint: 10755 ns, Total: 96190 ns
[2025-06-12T00:54:19.105+0000][73][info ][safepoint   ] Safepoint "Cleanup", Time since last: 8095359811 ns, Reaching safepoint: 6296 ns, Cleanup: 8276 ns, At safepoint: 3079 ns, Total: 17651 ns
[2025-06-12T00:54:21.141+0000][73][info ][safepoint   ] Safepoint "Cleanup", Time since last: 2035046002 ns, Reaching safepoint: 33536 ns, Cleanup: 19300 ns, At safepoint: 18637 ns, Total: 71473 ns
[2025-06-12T00:54:22.186+0000][73][info ][safepoint   ] Safepoint "Cleanup", Time since last: 1045027682 ns, Reaching safepoint: 21134 ns, Cleanup: 15557 ns, At safepoint: 8920 ns, Total: 45611 ns
[2025-06-12T00:54:23.659+0000][73][info ][safepoint   ] Safepoint "Cleanup", Time since last: 1473078362 ns, Reaching safepoint: 26100 ns, Cleanup: 14865 ns, At safepoint: 9789 ns, Total: 50754 ns
[2025-06-12T00:54:59.358+0000][73][info ][safepoint   ] Safepoint "Cleanup", Time since last: 35701531041 ns, Reaching safepoint: 65886 ns, Cleanup: 16079 ns, At safepoint: 14773 ns, Total: 96738 ns
[2025-06-12T00:55:12.982+0000][73][info ][safepoint   ] Safepoint "Cleanup", Time since last: 13626000371 ns, Reaching safepoint: 31812 ns, Cleanup: 16372 ns, At safepoint: 89211 ns, Total: 137395 ns
[2025-06-12T00:56:13.699+0000][73][info ][safepoint   ] Safepoint "Cleanup", Time since last: 60722002675 ns, Reaching safepoint: 389722 ns, Cleanup: 19414 ns, At safepoint: 21236 ns, Total: 430372 ns
[2025-06-12T00:56:15.980+0000][73][info ][safepoint   ] Safepoint "Cleanup", Time since last: 2281272342 ns, Reaching safepoint: 18172 ns, Cleanup: 23003 ns, At safepoint: 79605 ns, Total: 120780 ns
[2025-06-12T00:56:23.729+0000][73][info ][safepoint   ] Safepoint "Cleanup", Time since last: 7748472836 ns, Reaching safepoint: 22210 ns, Cleanup: 14926 ns, At safepoint: 10292 ns, Total: 47428 ns
[2025-06-12T00:56:26.730+0000][73][info ][safepoint   ] Safepoint "Cleanup", Time since last: 3001071392 ns, Reaching safepoint: 85358 ns, Cleanup: 20781 ns, At safepoint: 18771 ns, Total: 124910 ns
[2025-06-12T00:57:23.767+0000][73][info ][safepoint   ] Safepoint "Cleanup", Time since last: 57041687590 ns, Reaching safepoint: 29396 ns, Cleanup: 18340 ns, At safepoint: 16003 ns, Total: 63739 ns
[2025-06-12T00:57:43.769+0000][73][info ][safepoint   ] Safepoint "Cleanup", Time since last: 20004140505 ns, Reaching safepoint: 140845 ns, Cleanup: 16913 ns, At safepoint: 17377 ns, Total: 175135 ns
[2025-06-12T00:57:55.772+0000][73][info ][safepoint   ] Safepoint "Cleanup", Time since last: 12002888825 ns, Reaching safepoint: 27978 ns, Cleanup: 15908 ns, At safepoint: 15879 ns, Total: 59765 ns
[2025-06-12T00:58:26.804+0000][73][info ][safepoint   ] Safepoint "Cleanup", Time since last: 31035256412 ns, Reaching safepoint: 32080 ns, Cleanup: 17118 ns, At safepoint: 16325 ns, Total: 65523 ns
[2025-06-12T00:58:38.806+0000][73][info ][safepoint   ] Safepoint "Cleanup", Time since last: 12003083161 ns, Reaching safepoint: 107048 ns, Cleanup: 17724 ns, At safepoint: 10084 ns, Total: 134856 ns
[2025-06-12T00:58:41.382+0000][73][info ][safepoint   ] Safepoint "Cleanup", Time since last: 2576258363 ns, Reaching safepoint: 30727 ns, Cleanup: 17499 ns, At safepoint: 16959 ns, Total: 65185 ns
[2025-06-12T00:59:21.950+0000][73][info ][safepoint   ] Safepoint "Cleanup", Time since last: 40570157846 ns, Reaching safepoint: 62700 ns, Cleanup: 9606 ns, At safepoint: 17665 ns, Total: 89971 ns
[2025-06-12T00:59:23.424+0000][73][info ][safepoint   ] Safepoint "Cleanup", Time since last: 1474719071 ns, Reaching safepoint: 14724 ns, Cleanup: 20055 ns, At safepoint: 23278 ns, Total: 58057 ns
[2025-06-12T00:59:24.950+0000][73][info ][safepoint   ] Safepoint "Cleanup", Time since last: 1525650124 ns, Reaching safepoint: 6118 ns, Cleanup: 9950 ns, At safepoint: 13745 ns, Total: 29813 ns
[2025-06-12T00:59:49.537+0000][73][info ][safepoint   ] Safepoint "Cleanup", Time since last: 24588845276 ns, Reaching safepoint: 168943 ns, Cleanup: 19236 ns, At safepoint: 20345 ns, Total: 208524 ns
[2025-06-12T00:59:52.538+0000][73][info ][safepoint   ] Safepoint "Cleanup", Time since last: 3000986208 ns, Reaching safepoint: 17430 ns, Cleanup: 14250 ns, At safepoint: 8522 ns, Total: 40202 ns
[2025-06-12T01:00:23.878+0000][73][info ][safepoint   ] Safepoint "Cleanup", Time since last: 31342865254 ns, Reaching safepoint: 29070 ns, Cleanup: 18430 ns, At safepoint: 114484 ns, Total: 161984 ns
[2025-06-12T01:00:28.513+0000][73][info ][safepoint   ] Safepoint "Cleanup", Time since last: 4634822619 ns, Reaching safepoint: 5842 ns, Cleanup: 6607 ns, At safepoint: 2783 ns, Total: 15232 ns
[2025-06-12T01:00:29.523+0000][73][info ][safepoint   ] Safepoint "Cleanup", Time since last: 1010096047 ns, Reaching safepoint: 22372 ns, Cleanup: 18383 ns, At safepoint: 9136 ns, Total: 49891 ns
[2025-06-12T01:00:41.524+0000][73][info ][safepoint   ] Safepoint "Cleanup", Time since last: 12002512612 ns, Reaching safepoint: 69033 ns, Cleanup: 17843 ns, At safepoint: 15988 ns, Total: 102864 ns
[2025-06-12T01:00:57.527+0000][73][info ][safepoint   ] Safepoint "Cleanup", Time since last: 16002992137 ns, Reaching safepoint: 27830 ns, Cleanup: 17100 ns, At safepoint: 15699 ns, Total: 60629 ns
[2025-06-12T01:01:03.528+0000][73][info ][safepoint   ] Safepoint "Cleanup", Time since last: 6001586559 ns, Reaching safepoint: 71498 ns, Cleanup: 16771 ns, At safepoint: 30291 ns, Total: 118560 ns
[2025-06-12T01:01:22.918+0000][73][info ][safepoint   ] Safepoint "Cleanup", Time since last: 19391557790 ns, Reaching safepoint: 15576 ns, Cleanup: 19521 ns, At safepoint: 13134 ns, Total: 48231 ns
[2025-06-12T01:01:23.919+0000][73][info ][safepoint   ] Safepoint "Cleanup", Time since last: 1001079109 ns, Reaching safepoint: 18294 ns, Cleanup: 13156 ns, At safepoint: 8170 ns, Total: 39620 ns
[2025-06-12T01:01:31.549+0000][73][info ][safepoint   ] Safepoint "Cleanup", Time since last: 7630133577 ns, Reaching safepoint: 14592 ns, Cleanup: 20679 ns, At safepoint: 81430 ns, Total: 116701 ns
[2025-06-12T01:02:22.957+0000][73][info ][safepoint   ] Safepoint "Cleanup", Time since last: 51413079960 ns, Reaching safepoint: 51131 ns, Cleanup: 23492 ns, At safepoint: 28925 ns, Total: 103548 ns
[2025-06-12T01:02:34.610+0000][73][info ][safepoint   ] Safepoint "Cleanup", Time since last: 11655406049 ns, Reaching safepoint: 59710 ns, Cleanup: 13651 ns, At safepoint: 24373 ns, Total: 97734 ns
[2025-06-12T01:02:56.615+0000][73][info ][safepoint   ] Safepoint "Cleanup", Time since last: 22004426068 ns, Reaching safepoint: 28186 ns, Cleanup: 16070 ns, At safepoint: 15407 ns, Total: 59663 ns
[2025-06-12T01:03:08.615+0000][73][info ][safepoint   ] Safepoint "Cleanup", Time since last: 12002361243 ns, Reaching safepoint: 244530 ns, Cleanup: 19776 ns, At safepoint: 43532 ns, Total: 307838 ns
[2025-06-12T01:03:17.617+0000][73][info ][safepoint   ] Safepoint "Cleanup", Time since last: 9002114606 ns, Reaching safepoint: 28740 ns, Cleanup: 17168 ns, At safepoint: 11958 ns, Total: 57866 ns
[2025-06-12T01:03:22.997+0000][73][info ][safepoint   ] Safepoint "Cleanup", Time since last: 5379580382 ns, Reaching safepoint: 6325 ns, Cleanup: 11220 ns, At safepoint: 2827 ns, Total: 20372 ns
[2025-06-12T01:03:37.632+0000][73][info ][safepoint   ] Safepoint "Cleanup", Time since last: 14637495288 ns, Reaching safepoint: 25297 ns, Cleanup: 13530 ns, At safepoint: 64175 ns, Total: 103002 ns
[2025-06-12T01:03:43.504+0000][73][info ][gc,start    ] GC(19) Pause Young (Prepare Mixed) (G1 Evacuation Pause)
[2025-06-12T01:03:43.508+0000][73][info ][gc,task     ] GC(19) Using 10 workers of 10 for evacuation
[2025-06-12T01:03:43.509+0000][73][debug][gc,age      ] GC(19) Desired survivor size 153092096 bytes, new threshold 15 (max threshold 15)
[2025-06-12T01:03:43.599+0000][73][info ][gc,phases   ] GC(19)   Pre Evacuate Collection Set: 9.44ms
[2025-06-12T01:03:43.599+0000][73][info ][gc,phases   ] GC(19)   Merge Heap Roots: 4.13ms
[2025-06-12T01:03:43.600+0000][73][info ][gc,phases   ] GC(19)   Evacuate Collection Set: 58.58ms
[2025-06-12T01:03:43.600+0000][73][info ][gc,phases   ] GC(19)   Post Evacuate Collection Set: 9.45ms
[2025-06-12T01:03:43.601+0000][73][info ][gc,phases   ] GC(19)   Other: 10.18ms
[2025-06-12T01:03:43.602+0000][73][trace][gc,age      ] GC(19) Age table with threshold 15 (max threshold 15)
[2025-06-12T01:03:43.602+0000][73][trace][gc,age      ] GC(19) - age   1:    1349088 bytes,    1349088 total
[2025-06-12T01:03:43.602+0000][73][trace][gc,age      ] GC(19) - age   2:     139296 bytes,    1488384 total
[2025-06-12T01:03:43.603+0000][73][trace][gc,age      ] GC(19) - age   3:     131344 bytes,    1619728 total
[2025-06-12T01:03:43.603+0000][73][trace][gc,age      ] GC(19) - age   4:    1616352 bytes,    3236080 total
[2025-06-12T01:03:43.604+0000][73][trace][gc,age      ] GC(19) - age   5:    1432824 bytes,    4668904 total
[2025-06-12T01:03:43.604+0000][73][trace][gc,age      ] GC(19) - age   6:      82624 bytes,    4751528 total
[2025-06-12T01:03:43.605+0000][73][info ][gc,heap     ] GC(19) Eden regions: 580->0(580)
[2025-06-12T01:03:43.605+0000][73][info ][gc,heap     ] GC(19) Survivor regions: 2->2(73)
[2025-06-12T01:03:43.606+0000][73][info ][gc,heap     ] GC(19) Old regions: 29->29
[2025-06-12T01:03:43.606+0000][73][info ][gc,heap     ] GC(19) Humongous regions: 0->0
[2025-06-12T01:03:43.607+0000][73][info ][gc,metaspace] GC(19) Metaspace: 147985K(152064K)->147985K(152064K) NonClass: 127867K(130048K)->127867K(130048K) Class: 20118K(22016K)->20118K(22016K)
[2025-06-12T01:03:43.608+0000][73][info ][gc          ] GC(19) Pause Young (Prepare Mixed) (G1 Evacuation Pause) 2437M->117M(3880M) 104.312ms
[2025-06-12T01:03:43.608+0000][73][info ][gc,cpu      ] GC(19) User=0.58s Sys=0.03s Real=0.10s
[2025-06-12T01:03:43.609+0000][73][info ][safepoint   ] Safepoint "G1CollectForAllocation", Time since last: 5868032357 ns, Reaching safepoint: 18635 ns, Cleanup: 4899 ns, At safepoint: 109399380 ns, Total: 109422914 ns
[2025-06-12T01:03:58.613+0000][73][info ][safepoint   ] Safepoint "Cleanup", Time since last: 15003488446 ns, Reaching safepoint: 119133 ns, Cleanup: 18140 ns, At safepoint: 16649 ns, Total: 153922 ns
[2025-06-12T01:04:23.036+0000][73][info ][safepoint   ] Safepoint "Cleanup", Time since last: 24425467450 ns, Reaching safepoint: 55951 ns, Cleanup: 18115 ns, At safepoint: 12665 ns, Total: 86731 ns
[2025-06-12T01:04:24.962+0000][73][info ][safepoint   ] Safepoint "Cleanup", Time since last: 1926074446 ns, Reaching safepoint: 12834 ns, Cleanup: 12776 ns, At safepoint: 20785 ns, Total: 46395 ns
[2025-06-12T01:04:26.682+0000][73][info ][safepoint   ] Safepoint "Cleanup", Time since last: 1719198580 ns, Reaching safepoint: 28459 ns, Cleanup: 495609 ns, At safepoint: 22873 ns, Total: 546941 ns
[2025-06-12T01:04:28.670+0000][73][info ][safepoint   ] Safepoint "Cleanup", Time since last: 1987534061 ns, Reaching safepoint: 7017 ns, Cleanup: 9421 ns, At safepoint: 15864 ns, Total: 32302 ns
[2025-06-12T01:04:29.708+0000][73][info ][safepoint   ] Safepoint "Cleanup", Time since last: 1037965096 ns, Reaching safepoint: 29877 ns, Cleanup: 16714 ns, At safepoint: 16029 ns, Total: 62620 ns
[2025-06-12T01:04:40.752+0000][73][info ][safepoint   ] Safepoint "Cleanup", Time since last: 11045762567 ns, Reaching safepoint: 572262 ns, Cleanup: 29486 ns, At safepoint: 102108 ns, Total: 703856 ns
[2025-06-12T01:04:41.759+0000][73][info ][safepoint   ] Safepoint "Cleanup", Time since last: 1007008984 ns, Reaching safepoint: 5803 ns, Cleanup: 24615 ns, At safepoint: 14124 ns, Total: 44542 ns
[2025-06-12T01:04:56.765+0000][73][info ][safepoint   ] Safepoint "Cleanup", Time since last: 15005930289 ns, Reaching safepoint: 24143 ns, Cleanup: 12130 ns, At safepoint: 7926 ns, Total: 44199 ns
[2025-06-12T01:05:23.077+0000][73][info ][safepoint   ] Safepoint "Cleanup", Time since last: 26315162005 ns, Reaching safepoint: 54282 ns, Cleanup: 18119 ns, At safepoint: 13810 ns, Total: 86211 ns
[2025-06-12T01:05:24.079+0000][73][info ][safepoint   ] Safepoint "Cleanup", Time since last: 1001227956 ns, Reaching safepoint: 17649 ns, Cleanup: 15386 ns, At safepoint: 7830 ns, Total: 40865 ns
[2025-06-12T01:05:34.081+0000][73][info ][safepoint   ] Safepoint "Cleanup", Time since last: 10002369015 ns, Reaching safepoint: 16929 ns, Cleanup: 13430 ns, At safepoint: 7649 ns, Total: 38008 ns
[2025-06-12T01:07:16.860+0000][73][info ][safepoint   ] Safepoint "Cleanup", Time since last: 102788140355 ns, Reaching safepoint: 349827 ns, Cleanup: 20474 ns, At safepoint: 47348 ns, Total: 417649 ns
[2025-06-12T01:07:37.154+0000][73][info ][safepoint   ] Safepoint "Cleanup", Time since last: 20295613523 ns, Reaching safepoint: 125952 ns, Cleanup: 23017 ns, At safepoint: 19581 ns, Total: 168550 ns
[2025-06-12T01:08:00.896+0000][73][info ][safepoint   ] Safepoint "Cleanup", Time since last: 23742313313 ns, Reaching safepoint: 28281 ns, Cleanup: 17580 ns, At safepoint: 15027 ns, Total: 60888 ns
[2025-06-12T01:08:03.897+0000][73][info ][safepoint   ] Safepoint "Cleanup", Time since last: 3001296568 ns, Reaching safepoint: 26795 ns, Cleanup: 14829 ns, At safepoint: 15331 ns, Total: 56955 ns
[2025-06-12T01:08:04.895+0000][73][info ][safepoint   ] Safepoint "Cleanup", Time since last: 1001029234 ns, Reaching safepoint: 28336 ns, Cleanup: 15732 ns, At safepoint: 14334 ns, Total: 58402 ns
[2025-06-12T01:08:06.897+0000][73][info ][safepoint   ] Safepoint "Cleanup", Time since last: 2001148190 ns, Reaching safepoint: 27218 ns, Cleanup: 15752 ns, At safepoint: 15254 ns, Total: 58224 ns
[2025-06-12T01:09:23.039+0000][73][info ][safepoint   ] Safepoint "Cleanup", Time since last: 76146381130 ns, Reaching safepoint: 76421 ns, Cleanup: 16993 ns, At safepoint: 16342 ns, Total: 109756 ns
[2025-06-12T01:09:28.971+0000][73][info ][safepoint   ] Safepoint "Cleanup", Time since last: 5932005842 ns, Reaching safepoint: 63889 ns, Cleanup: 17823 ns, At safepoint: 29173 ns, Total: 110885 ns
[2025-06-12T01:09:32.106+0000][73][info ][safepoint   ] Safepoint "Cleanup", Time since last: 3135371298 ns, Reaching safepoint: 30980 ns, Cleanup: 20404 ns, At safepoint: 15586 ns, Total: 66970 ns
[2025-06-12T01:09:34.107+0000][73][info ][safepoint   ] Safepoint "Cleanup", Time since last: 2000900934 ns, Reaching safepoint: 30841 ns, Cleanup: 20254 ns, At safepoint: 16286 ns, Total: 67381 ns
[2025-06-12T01:09:49.108+0000][73][info ][safepoint   ] Safepoint "Cleanup", Time since last: 15003155367 ns, Reaching safepoint: 33557 ns, Cleanup: 20037 ns, At safepoint: 15880 ns, Total: 69474 ns
[2025-06-12T01:09:58.152+0000][73][info ][safepoint   ] Safepoint "Cleanup", Time since last: 9043738284 ns, Reaching safepoint: 31464 ns, Cleanup: 20924 ns, At safepoint: 15790 ns, Total: 68178 ns
[2025-06-12T01:10:19.042+0000][73][info ][safepoint   ] Safepoint "Cleanup", Time since last: 20892598860 ns, Reaching safepoint: 52329 ns, Cleanup: 13585 ns, At safepoint: 9098 ns, Total: 75012 ns
[2025-06-12T01:10:58.003+0000][73][info ][safepoint   ] Safepoint "Cleanup", Time since last: 38963162477 ns, Reaching safepoint: 149633 ns, Cleanup: 11795 ns, At safepoint: 48509 ns, Total: 209937 ns
[2025-06-12T01:10:59.202+0000][73][info ][safepoint   ] Safepoint "Cleanup", Time since last: 1199526355 ns, Reaching safepoint: 30172 ns, Cleanup: 29382 ns, At safepoint: 16086 ns, Total: 75640 ns
[2025-06-12T01:11:58.315+0000][73][info ][safepoint   ] Safepoint "Cleanup", Time since last: 59119073554 ns, Reaching safepoint: 69245 ns, Cleanup: 17293 ns, At safepoint: 88296 ns, Total: 174834 ns
[2025-06-12T01:12:34.353+0000][73][info ][safepoint   ] Safepoint "Cleanup", Time since last: 36038672863 ns, Reaching safepoint: 59151 ns, Cleanup: 22046 ns, At safepoint: 12743 ns, Total: 93940 ns
[2025-06-12T01:12:39.353+0000][73][info ][safepoint   ] Safepoint "Cleanup", Time since last: 5001998664 ns, Reaching safepoint: 28532 ns, Cleanup: 15807 ns, At safepoint: 14608 ns, Total: 58947 ns
[2025-06-12T01:12:55.357+0000][73][info ][safepoint   ] Safepoint "Cleanup", Time since last: 16003769085 ns, Reaching safepoint: 31108 ns, Cleanup: 21998 ns, At safepoint: 70729 ns, Total: 123835 ns
[2025-06-12T01:12:57.358+0000][73][info ][safepoint   ] Safepoint "Cleanup", Time since last: 2000975198 ns, Reaching safepoint: 76068 ns, Cleanup: 20332 ns, At safepoint: 17649 ns, Total: 114049 ns
[2025-06-12T01:13:03.960+0000][73][info ][safepoint   ] Safepoint "Cleanup", Time since last: 6601859342 ns, Reaching safepoint: 130273 ns, Cleanup: 10442 ns, At safepoint: 43799 ns, Total: 184514 ns
[2025-06-12T01:13:05.301+0000][73][info ][safepoint   ] Safepoint "Cleanup", Time since last: 1343070044 ns, Reaching safepoint: 30191 ns, Cleanup: 25067 ns, At safepoint: 17952 ns, Total: 73210 ns
[2025-06-12T01:13:10.302+0000][73][info ][safepoint   ] Safepoint "Cleanup", Time since last: 5001662033 ns, Reaching safepoint: 31685 ns, Cleanup: 16833 ns, At safepoint: 17117 ns, Total: 65635 ns
[2025-06-12T01:13:24.957+0000][73][info ][safepoint   ] Safepoint "Cleanup", Time since last: 14654545422 ns, Reaching safepoint: 6708 ns, Cleanup: 7466 ns, At safepoint: 3262 ns, Total: 17436 ns
[2025-06-12T01:13:26.358+0000][73][info ][safepoint   ] Safepoint "Cleanup", Time since last: 1401128346 ns, Reaching safepoint: 30117 ns, Cleanup: 56626 ns, At safepoint: 15410 ns, Total: 102153 ns
[2025-06-12T01:13:27.381+0000][73][info ][safepoint   ] Safepoint "Cleanup", Time since last: 1022486165 ns, Reaching safepoint: 28453 ns, Cleanup: 22742 ns, At safepoint: 16796 ns, Total: 67991 ns
[2025-06-12T01:13:28.796+0000][73][info ][safepoint   ] Safepoint "Cleanup", Time since last: 1415628129 ns, Reaching safepoint: 12816 ns, Cleanup: 26460 ns, At safepoint: 76307 ns, Total: 115583 ns
[2025-06-12T01:13:30.180+0000][73][info ][safepoint   ] Safepoint "Cleanup", Time since last: 1383551853 ns, Reaching safepoint: 28473 ns, Cleanup: 33137 ns, At safepoint: 15632 ns, Total: 77242 ns
[2025-06-12T01:13:31.465+0000][73][info ][safepoint   ] Safepoint "Cleanup", Time since last: 1284941360 ns, Reaching safepoint: 17938 ns, Cleanup: 33654 ns, At safepoint: 86996 ns, Total: 138588 ns
[2025-06-12T01:13:38.473+0000][73][info ][safepoint   ] Safepoint "Cleanup", Time since last: 7010100429 ns, Reaching safepoint: 186663 ns, Cleanup: 20494 ns, At safepoint: 120717 ns, Total: 327874 ns
[2025-06-12T01:13:43.546+0000][73][info ][safepoint   ] Safepoint "Cleanup", Time since last: 5073135830 ns, Reaching safepoint: 12925 ns, Cleanup: 17673 ns, At safepoint: 79802 ns, Total: 110400 ns
[2025-06-12T01:13:57.526+0000][73][info ][safepoint   ] Safepoint "Cleanup", Time since last: 13979614699 ns, Reaching safepoint: 29834 ns, Cleanup: 20613 ns, At safepoint: 16820 ns, Total: 67267 ns
[2025-06-12T01:14:06.952+0000][73][info ][safepoint   ] Safepoint "Cleanup", Time since last: 9429001695 ns, Reaching safepoint: 26949 ns, Cleanup: 14677 ns, At safepoint: 66143 ns, Total: 107769 ns
[2025-06-12T01:14:08.560+0000][73][info ][safepoint   ] Safepoint "Cleanup", Time since last: 1607585025 ns, Reaching safepoint: 11899 ns, Cleanup: 13115 ns, At safepoint: 11311 ns, Total: 36325 ns
[2025-06-12T01:14:23.254+0000][73][info ][safepoint   ] Safepoint "Cleanup", Time since last: 14693889290 ns, Reaching safepoint: 131098 ns, Cleanup: 16683 ns, At safepoint: 31498 ns, Total: 179279 ns
[2025-06-12T01:14:30.944+0000][73][info ][safepoint   ] Safepoint "Cleanup", Time since last: 7690205442 ns, Reaching safepoint: 6248 ns, Cleanup: 8415 ns, At safepoint: 3362 ns, Total: 18025 ns
[2025-06-12T01:14:32.591+0000][73][info ][safepoint   ] Safepoint "Cleanup", Time since last: 1646922262 ns, Reaching safepoint: 29213 ns, Cleanup: 25418 ns, At safepoint: 17750 ns, Total: 72381 ns
[2025-06-12T01:14:57.627+0000][73][info ][safepoint   ] Safepoint "Cleanup", Time since last: 25037995942 ns, Reaching safepoint: 72359 ns, Cleanup: 106906 ns, At safepoint: 16211 ns, Total: 195476 ns
[2025-06-12T01:14:58.629+0000][73][info ][safepoint   ] Safepoint "Cleanup", Time since last: 1000950169 ns, Reaching safepoint: 866297 ns, Cleanup: 16029 ns, At safepoint: 157107 ns, Total: 1039433 ns
[2025-06-12T01:15:18.666+0000][73][info ][safepoint   ] Safepoint "Cleanup", Time since last: 20039603351 ns, Reaching safepoint: 33001 ns, Cleanup: 18545 ns, At safepoint: 16631 ns, Total: 68177 ns
[2025-06-12T01:15:58.473+0000][73][info ][safepoint   ] Safepoint "Cleanup", Time since last: 39804005982 ns, Reaching safepoint: 5646861 ns, Cleanup: 16899 ns, At safepoint: 68041 ns, Total: 5731801 ns
[2025-06-12T01:16:12.954+0000][73][info ][safepoint   ] Safepoint "Cleanup", Time since last: 14482071492 ns, Reaching safepoint: 14684 ns, Cleanup: 21498 ns, At safepoint: 77492 ns, Total: 113674 ns
[2025-06-12T01:16:14.704+0000][73][info ][safepoint   ] Safepoint "Cleanup", Time since last: 1749889687 ns, Reaching safepoint: 28586 ns, Cleanup: 20929 ns, At safepoint: 14250 ns, Total: 63765 ns
[2025-06-12T01:16:23.504+0000][73][info ][safepoint   ] Safepoint "Cleanup", Time since last: 8800210894 ns, Reaching safepoint: 31560 ns, Cleanup: 15454 ns, At safepoint: 13289 ns, Total: 60303 ns
[2025-06-12T01:16:27.506+0000][73][info ][safepoint   ] Safepoint "Cleanup", Time since last: 4001890092 ns, Reaching safepoint: 29990 ns, Cleanup: 19932 ns, At safepoint: 15554 ns, Total: 65476 ns
[2025-06-12T01:17:52.546+0000][73][info ][safepoint   ] Safepoint "Cleanup", Time since last: 85047605495 ns, Reaching safepoint: 73412 ns, Cleanup: 14473 ns, At safepoint: 8555 ns, Total: 96440 ns
[2025-06-12T01:17:55.547+0000][73][info ][safepoint   ] Safepoint "Cleanup", Time since last: 3001130394 ns, Reaching safepoint: 28020 ns, Cleanup: 16020 ns, At safepoint: 15140 ns, Total: 59180 ns
[2025-06-12T01:18:08.547+0000][73][info ][safepoint   ] Safepoint "Cleanup", Time since last: 13003048832 ns, Reaching safepoint: 69027 ns, Cleanup: 17525 ns, At safepoint: 15840 ns, Total: 102392 ns
[2025-06-12T01:18:13.550+0000][73][info ][safepoint   ] Safepoint "Cleanup", Time since last: 5002851428 ns, Reaching safepoint: 45643 ns, Cleanup: 26484 ns, At safepoint: 21354 ns, Total: 93481 ns
[2025-06-12T01:18:19.806+0000][73][info ][safepoint   ] Safepoint "Cleanup", Time since last: 6255552533 ns, Reaching safepoint: 26516 ns, Cleanup: 14455 ns, At safepoint: 67445 ns, Total: 108416 ns
[2025-06-12T01:18:23.582+0000][73][info ][safepoint   ] Safepoint "Cleanup", Time since last: 3775932697 ns, Reaching safepoint: 13709 ns, Cleanup: 14714 ns, At safepoint: 10652 ns, Total: 39075 ns
[2025-06-12T01:19:34.857+0000][73][info ][safepoint   ] Safepoint "Cleanup", Time since last: 71282371511 ns, Reaching safepoint: 180196 ns, Cleanup: 13953 ns, At safepoint: 48066 ns, Total: 242215 ns
[2025-06-12T01:20:23.464+0000][73][info ][safepoint   ] Safepoint "Cleanup", Time since last: 48609533913 ns, Reaching safepoint: 37422 ns, Cleanup: 21677 ns, At safepoint: 18132 ns, Total: 77231 ns
[2025-06-12T01:20:25.933+0000][73][info ][safepoint   ] Safepoint "Cleanup", Time since last: 2468166380 ns, Reaching safepoint: 393185 ns, Cleanup: 13783 ns, At safepoint: 128592 ns, Total: 535560 ns
[2025-06-12T01:20:26.939+0000][73][info ][safepoint   ] Safepoint "Cleanup", Time since last: 1005821668 ns, Reaching safepoint: 21804 ns, Cleanup: 21781 ns, At safepoint: 90675 ns, Total: 134260 ns
[2025-06-12T01:20:42.943+0000][73][info ][safepoint   ] Safepoint "Cleanup", Time since last: 16006553375 ns, Reaching safepoint: 54717 ns, Cleanup: 14994 ns, At safepoint: 9700 ns, Total: 79411 ns
[2025-06-12T01:21:17.948+0000][73][info ][safepoint   ] Safepoint "Cleanup", Time since last: 35006654079 ns, Reaching safepoint: 455397 ns, Cleanup: 74130 ns, At safepoint: 27682 ns, Total: 557209 ns
[2025-06-12T01:21:18.949+0000][73][info ][safepoint   ] Safepoint "Cleanup", Time since last: 1000823072 ns, Reaching safepoint: 31717 ns, Cleanup: 18032 ns, At safepoint: 17478 ns, Total: 67227 ns
[2025-06-12T01:21:22.950+0000][73][info ][safepoint   ] Safepoint "Cleanup", Time since last: 4001212590 ns, Reaching safepoint: 29456 ns, Cleanup: 17383 ns, At safepoint: 16786 ns, Total: 63625 ns
[2025-06-12T01:21:27.706+0000][73][info ][safepoint   ] Safepoint "Cleanup", Time since last: 4756237885 ns, Reaching safepoint: 32365 ns, Cleanup: 17389 ns, At safepoint: 15826 ns, Total: 65580 ns
[2025-06-12T01:21:28.931+0000][73][info ][safepoint   ] Safepoint "Cleanup", Time since last: 1224644509 ns, Reaching safepoint: 29899 ns, Cleanup: 25725 ns, At safepoint: 14813 ns, Total: 70437 ns
[2025-06-12T01:21:43.974+0000][73][info ][safepoint   ] Safepoint "Cleanup", Time since last: 15046533727 ns, Reaching safepoint: 33134 ns, Cleanup: 15270 ns, At safepoint: 11192 ns, Total: 59596 ns
[2025-06-12T01:21:54.978+0000][73][info ][safepoint   ] Safepoint "Cleanup", Time since last: 11003558561 ns, Reaching safepoint: 65699 ns, Cleanup: 23676 ns, At safepoint: 28165 ns, Total: 117540 ns
[2025-06-12T01:22:22.982+0000][73][info ][safepoint   ] Safepoint "Cleanup", Time since last: 28005544626 ns, Reaching safepoint: 72177 ns, Cleanup: 26156 ns, At safepoint: 16187 ns, Total: 114520 ns
[2025-06-12T01:22:57.037+0000][73][info ][safepoint   ] Safepoint "Cleanup", Time since last: 34058038817 ns, Reaching safepoint: 118579 ns, Cleanup: 25252 ns, At safepoint: 21462 ns, Total: 165293 ns
[2025-06-12T01:22:58.038+0000][73][info ][safepoint   ] Safepoint "Cleanup", Time since last: 1000603105 ns, Reaching safepoint: 18246 ns, Cleanup: 14095 ns, At safepoint: 9356 ns, Total: 41697 ns
[2025-06-12T01:23:01.039+0000][73][info ][safepoint   ] Safepoint "Cleanup", Time since last: 3001092893 ns, Reaching safepoint: 28862 ns, Cleanup: 17531 ns, At safepoint: 16929 ns, Total: 63322 ns
[2025-06-12T01:23:23.041+0000][73][info ][safepoint   ] Safepoint "Cleanup", Time since last: 22004410894 ns, Reaching safepoint: 78811 ns, Cleanup: 19945 ns, At safepoint: 17334 ns, Total: 116090 ns
[2025-06-12T01:23:28.785+0000][73][info ][safepoint   ] Safepoint "Cleanup", Time since last: 5743599060 ns, Reaching safepoint: 18217 ns, Cleanup: 15533 ns, At safepoint: 9199 ns, Total: 42949 ns
[2025-06-12T01:23:53.091+0000][73][info ][safepoint   ] Safepoint "Cleanup", Time since last: 24308006522 ns, Reaching safepoint: 204862 ns, Cleanup: 28921 ns, At safepoint: 17325 ns, Total: 251108 ns
[2025-06-12T01:23:55.092+0000][73][info ][safepoint   ] Safepoint "Cleanup", Time since last: 2001098120 ns, Reaching safepoint: 27483 ns, Cleanup: 15873 ns, At safepoint: 15005 ns, Total: 58361 ns
[2025-06-12T01:24:34.821+0000][73][info ][safepoint   ] Safepoint "Cleanup", Time since last: 39733745583 ns, Reaching safepoint: 33901 ns, Cleanup: 18912 ns, At safepoint: 18417 ns, Total: 71230 ns
[2025-06-12T01:24:37.118+0000][73][info ][safepoint   ] Safepoint "Cleanup", Time since last: 2296528542 ns, Reaching safepoint: 7352 ns, Cleanup: 13680 ns, At safepoint: 12929 ns, Total: 33961 ns
[2025-06-12T01:24:38.135+0000][73][info ][safepoint   ] Safepoint "Cleanup", Time since last: 1016885291 ns, Reaching safepoint: 28287 ns, Cleanup: 17267 ns, At safepoint: 15349 ns, Total: 60903 ns
[2025-06-12T01:25:13.715+0000][73][info ][safepoint   ] Safepoint "Cleanup", Time since last: 35582886890 ns, Reaching safepoint: 116130 ns, Cleanup: 18315 ns, At safepoint: 17348 ns, Total: 151793 ns
[2025-06-12T01:25:38.864+0000][73][info ][safepoint   ] Safepoint "Cleanup", Time since last: 25151312313 ns, Reaching safepoint: 31235 ns, Cleanup: 20710 ns, At safepoint: 20002 ns, Total: 71947 ns
[2025-06-12T01:25:39.912+0000][73][info ][safepoint   ] Safepoint "Cleanup", Time since last: 1047831795 ns, Reaching safepoint: 23838 ns, Cleanup: 22488 ns, At safepoint: 45321 ns, Total: 91647 ns
[2025-06-12T01:25:44.211+0000][73][info ][safepoint   ] Safepoint "Cleanup", Time since last: 4299260748 ns, Reaching safepoint: 27836 ns, Cleanup: 16295 ns, At safepoint: 15477 ns, Total: 59608 ns
[2025-06-12T01:26:01.215+0000][73][info ][safepoint   ] Safepoint "Cleanup", Time since last: 17003665783 ns, Reaching safepoint: 68956 ns, Cleanup: 17480 ns, At safepoint: 15856 ns, Total: 102292 ns
[2025-06-12T01:26:23.218+0000][73][info ][safepoint   ] Safepoint "Cleanup", Time since last: 22005227142 ns, Reaching safepoint: 63478 ns, Cleanup: 20938 ns, At safepoint: 29117 ns, Total: 113533 ns
[2025-06-12T01:26:43.249+0000][73][info ][safepoint   ] Safepoint "Cleanup", Time since last: 20033214332 ns, Reaching safepoint: 8604 ns, Cleanup: 9377 ns, At safepoint: 13339 ns, Total: 31320 ns
[2025-06-12T01:26:59.268+0000][73][info ][safepoint   ] Safepoint "Cleanup", Time since last: 16019548994 ns, Reaching safepoint: 169649 ns, Cleanup: 22885 ns, At safepoint: 17823 ns, Total: 210357 ns
[2025-06-12T01:28:30.949+0000][73][info ][safepoint   ] Safepoint "Cleanup", Time since last: 91688071331 ns, Reaching safepoint: 253317 ns, Cleanup: 14086 ns, At safepoint: 192680 ns, Total: 460083 ns
[2025-06-12T01:28:32.367+0000][73][info ][safepoint   ] Safepoint "Cleanup", Time since last: 1417949605 ns, Reaching safepoint: 33564 ns, Cleanup: 26619 ns, At safepoint: 15600 ns, Total: 75783 ns
[2025-06-12T01:28:45.919+0000][73][info ][safepoint   ] Safepoint "Cleanup", Time since last: 13554375394 ns, Reaching safepoint: 70273 ns, Cleanup: 13350 ns, At safepoint: 68261 ns, Total: 151884 ns
[2025-06-12T01:28:47.131+0000][73][info ][safepoint   ] Safepoint "Cleanup", Time since last: 1211522257 ns, Reaching safepoint: 29160 ns, Cleanup: 18219 ns, At safepoint: 15642 ns, Total: 63021 ns
[2025-06-12T01:28:49.404+0000][73][info ][safepoint   ] Safepoint "Cleanup", Time since last: 2272828415 ns, Reaching safepoint: 26850 ns, Cleanup: 16518 ns, At safepoint: 64993 ns, Total: 108361 ns
[2025-06-12T01:28:57.414+0000][73][info ][safepoint   ] Safepoint "Cleanup", Time since last: 8009945621 ns, Reaching safepoint: 261712 ns, Cleanup: 14060 ns, At safepoint: 93948 ns, Total: 369720 ns
[2025-06-12T01:29:57.522+0000][73][info ][safepoint   ] Safepoint "Cleanup", Time since last: 60112721244 ns, Reaching safepoint: 67887 ns, Cleanup: 16809 ns, At safepoint: 28888 ns, Total: 113584 ns
[2025-06-12T01:30:00.185+0000][73][info ][safepoint   ] Safepoint "Cleanup", Time since last: 2662697463 ns, Reaching safepoint: 17333 ns, Cleanup: 15255 ns, At safepoint: 8440 ns, Total: 41028 ns
[2025-06-12T01:31:57.941+0000][73][info ][safepoint   ] Safepoint "Cleanup", Time since last: 117765978568 ns, Reaching safepoint: 73837 ns, Cleanup: 15977 ns, At safepoint: 73167 ns, Total: 162981 ns
[2025-06-12T01:32:57.149+0000][73][info ][safepoint   ] Safepoint "Cleanup", Time since last: 59212805281 ns, Reaching safepoint: 32865 ns, Cleanup: 16271 ns, At safepoint: 16195 ns, Total: 65331 ns
[2025-06-12T01:32:58.150+0000][73][info ][safepoint   ] Safepoint "Cleanup", Time since last: 1000943435 ns, Reaching safepoint: 22755 ns, Cleanup: 14327 ns, At safepoint: 11370 ns, Total: 48452 ns
[2025-06-12T01:34:04.712+0000][73][info ][safepoint   ] Safepoint "Cleanup", Time since last: 66569706316 ns, Reaching safepoint: 8665 ns, Cleanup: 9130 ns, At safepoint: 13993 ns, Total: 31788 ns
[2025-06-12T01:35:07.814+0000][73][info ][safepoint   ] Safepoint "Cleanup", Time since last: 63107037536 ns, Reaching safepoint: 5935 ns, Cleanup: 5914 ns, At safepoint: 16027 ns, Total: 27876 ns
[2025-06-12T01:35:08.821+0000][73][info ][safepoint   ] Safepoint "Cleanup", Time since last: 1006598670 ns, Reaching safepoint: 17940 ns, Cleanup: 21493 ns, At safepoint: 4975 ns, Total: 44408 ns
[2025-06-12T01:35:23.829+0000][73][info ][safepoint   ] Safepoint "Cleanup", Time since last: 15008071242 ns, Reaching safepoint: 75984 ns, Cleanup: 17159 ns, At safepoint: 16657 ns, Total: 109800 ns
[2025-06-12T01:36:09.907+0000][73][info ][safepoint   ] Safepoint "Cleanup", Time since last: 46082297976 ns, Reaching safepoint: 7341 ns, Cleanup: 7124 ns, At safepoint: 12825 ns, Total: 27290 ns
[2025-06-12T01:36:11.860+0000][73][info ][safepoint   ] Safepoint "Cleanup", Time since last: 1953387287 ns, Reaching safepoint: 16924 ns, Cleanup: 15801 ns, At safepoint: 7317 ns, Total: 40042 ns
[2025-06-12T01:36:58.316+0000][73][info ][safepoint   ] Safepoint "Cleanup", Time since last: 46458497497 ns, Reaching safepoint: 74978 ns, Cleanup: 19268 ns, At safepoint: 17481 ns, Total: 111727 ns
[2025-06-12T01:37:12.913+0000][73][info ][safepoint   ] Safepoint "Cleanup", Time since last: 14598573644 ns, Reaching safepoint: 1027081 ns, Cleanup: 16041 ns, At safepoint: 147902 ns, Total: 1191024 ns
[2025-06-12T01:37:13.916+0000][73][info ][safepoint   ] Safepoint "Cleanup", Time since last: 1002350637 ns, Reaching safepoint: 25861 ns, Cleanup: 22256 ns, At safepoint: 65430 ns, Total: 113547 ns
[2025-06-12T01:37:59.746+0000][73][info ][safepoint   ] Safepoint "Cleanup", Time since last: 45831922040 ns, Reaching safepoint: 14286 ns, Cleanup: 26983 ns, At safepoint: 65899 ns, Total: 107168 ns
[2025-06-12T01:38:00.752+0000][73][info ][safepoint   ] Safepoint "Cleanup", Time since last: 1006596501 ns, Reaching safepoint: 40611 ns, Cleanup: 21592 ns, At safepoint: 17697 ns, Total: 79900 ns
[2025-06-12T01:38:01.753+0000][73][info ][safepoint   ] Safepoint "Cleanup", Time since last: 1000746312 ns, Reaching safepoint: 20604 ns, Cleanup: 14284 ns, At safepoint: 8882 ns, Total: 43770 ns
[2025-06-12T01:38:16.933+0000][73][info ][safepoint   ] Safepoint "Cleanup", Time since last: 15182146486 ns, Reaching safepoint: 19233 ns, Cleanup: 15288 ns, At safepoint: 9722 ns, Total: 44243 ns
[2025-06-12T01:39:45.901+0000][73][info ][safepoint   ] Safepoint "Cleanup", Time since last: 88974977044 ns, Reaching safepoint: 254677 ns, Cleanup: 10551 ns, At safepoint: 40164 ns, Total: 305392 ns
[2025-06-12T01:39:48.063+0000][73][info ][safepoint   ] Safepoint "Cleanup", Time since last: 2162395993 ns, Reaching safepoint: 34845 ns, Cleanup: 25195 ns, At safepoint: 18507 ns, Total: 78547 ns
[2025-06-12T01:39:58.627+0000][73][info ][safepoint   ] Safepoint "Cleanup", Time since last: 10563942075 ns, Reaching safepoint: 6783 ns, Cleanup: 9038 ns, At safepoint: 2992 ns, Total: 18813 ns
[2025-06-12T01:40:19.659+0000][73][info ][safepoint   ] Safepoint "Cleanup", Time since last: 21034088758 ns, Reaching safepoint: 41556 ns, Cleanup: 13730 ns, At safepoint: 13160 ns, Total: 68446 ns
[2025-06-12T01:40:21.901+0000][73][info ][safepoint   ] Safepoint "Cleanup", Time since last: 2241239690 ns, Reaching safepoint: 18415 ns, Cleanup: 13116 ns, At safepoint: 62339 ns, Total: 93870 ns
[2025-06-12T01:41:04.475+0000][73][info ][safepoint   ] Safepoint "Cleanup", Time since last: 42576527390 ns, Reaching safepoint: 74174 ns, Cleanup: 16511 ns, At safepoint: 14582 ns, Total: 105267 ns
[2025-06-12T01:41:25.135+0000][73][info ][safepoint   ] Safepoint "Cleanup", Time since last: 20662791824 ns, Reaching safepoint: 32188 ns, Cleanup: 22867 ns, At safepoint: 132704 ns, Total: 187759 ns
[2025-06-12T01:41:26.159+0000][73][info ][safepoint   ] Safepoint "Cleanup", Time since last: 1023397370 ns, Reaching safepoint: 26338 ns, Cleanup: 16514 ns, At safepoint: 14537 ns, Total: 57389 ns
[2025-06-12T01:41:59.163+0000][73][info ][safepoint   ] Safepoint "Cleanup", Time since last: 33006477165 ns, Reaching safepoint: 55718 ns, Cleanup: 15652 ns, At safepoint: 7160 ns, Total: 78530 ns
[2025-06-12T01:42:28.201+0000][73][info ][safepoint   ] Safepoint "Cleanup", Time since last: 29039564180 ns, Reaching safepoint: 22766 ns, Cleanup: 14412 ns, At safepoint: 65626 ns, Total: 102804 ns
[2025-06-12T01:42:56.203+0000][73][info ][safepoint   ] Safepoint "Cleanup", Time since last: 28005370634 ns, Reaching safepoint: 21193 ns, Cleanup: 13306 ns, At safepoint: 33563 ns, Total: 68062 ns
[2025-06-12T01:44:34.352+0000][73][info ][safepoint   ] Safepoint "Cleanup", Time since last: 98155672897 ns, Reaching safepoint: 24620 ns, Cleanup: 18040 ns, At safepoint: 71225 ns, Total: 113885 ns
[2025-06-12T01:44:48.918+0000][73][info ][safepoint   ] Safepoint "Cleanup", Time since last: 14568452121 ns, Reaching safepoint: 145840 ns, Cleanup: 8836 ns, At safepoint: 31411 ns, Total: 186087 ns
[2025-06-12T01:44:50.357+0000][73][info ][safepoint   ] Safepoint "Cleanup", Time since last: 1438899637 ns, Reaching safepoint: 31380 ns, Cleanup: 22082 ns, At safepoint: 16296 ns, Total: 69758 ns
[2025-06-12T01:45:38.424+0000][73][info ][safepoint   ] Safepoint "Cleanup", Time since last: 48071586242 ns, Reaching safepoint: 6735 ns, Cleanup: 8011 ns, At safepoint: 13923 ns, Total: 28669 ns
[2025-06-12T01:45:49.430+0000][73][info ][safepoint   ] Safepoint "Cleanup", Time since last: 11005911514 ns, Reaching safepoint: 28696 ns, Cleanup: 15584 ns, At safepoint: 14695 ns, Total: 58975 ns
[2025-06-12T01:46:18.433+0000][73][info ][safepoint   ] Safepoint "Cleanup", Time since last: 29005630076 ns, Reaching safepoint: 70755 ns, Cleanup: 19597 ns, At safepoint: 15517 ns, Total: 105869 ns
[2025-06-12T01:46:23.435+0000][73][info ][safepoint   ] Safepoint "Cleanup", Time since last: 5001507148 ns, Reaching safepoint: 63846 ns, Cleanup: 16852 ns, At safepoint: 14362 ns, Total: 95060 ns
[2025-06-12T01:46:40.450+0000][73][info ][safepoint   ] Safepoint "Cleanup", Time since last: 17017222062 ns, Reaching safepoint: 33712 ns, Cleanup: 17319 ns, At safepoint: 196688 ns, Total: 247719 ns
[2025-06-12T01:46:43.464+0000][73][info ][safepoint   ] Safepoint "Cleanup", Time since last: 3013924337 ns, Reaching safepoint: 28722 ns, Cleanup: 16448 ns, At safepoint: 14310 ns, Total: 59480 ns
[2025-06-12T01:48:46.543+0000][73][info ][safepoint   ] Safepoint "Cleanup", Time since last: 123088555523 ns, Reaching safepoint: 16712 ns, Cleanup: 19849 ns, At safepoint: 80371 ns, Total: 116932 ns
[2025-06-12T01:49:49.603+0000][73][info ][safepoint   ] Safepoint "Cleanup", Time since last: 63065870923 ns, Reaching safepoint: 13621 ns, Cleanup: 12901 ns, At safepoint: 65232 ns, Total: 91754 ns
[2025-06-12T01:49:50.645+0000][73][info ][safepoint   ] Safepoint "Cleanup", Time since last: 1041544626 ns, Reaching safepoint: 29386 ns, Cleanup: 18692 ns, At safepoint: 15185 ns, Total: 63263 ns
[2025-06-12T01:49:53.658+0000][73][info ][safepoint   ] Safepoint "Cleanup", Time since last: 3013343515 ns, Reaching safepoint: 29869 ns, Cleanup: 18723 ns, At safepoint: 16975 ns, Total: 65567 ns
[2025-06-12T01:50:52.696+0000][73][info ][safepoint   ] Safepoint "Cleanup", Time since last: 59042603254 ns, Reaching safepoint: 6228 ns, Cleanup: 7689 ns, At safepoint: 13556 ns, Total: 27473 ns
[2025-06-12T01:50:53.723+0000][73][info ][safepoint   ] Safepoint "Cleanup", Time since last: 1026556518 ns, Reaching safepoint: 11818 ns, Cleanup: 32942 ns, At safepoint: 17932 ns, Total: 62692 ns
[2025-06-12T01:52:19.762+0000][73][info ][safepoint   ] Safepoint "Cleanup", Time since last: 86046386612 ns, Reaching safepoint: 66904 ns, Cleanup: 17366 ns, At safepoint: 15696 ns, Total: 99966 ns
[2025-06-12T01:52:56.939+0000][73][info ][safepoint   ] Safepoint "Cleanup", Time since last: 37179734956 ns, Reaching safepoint: 28892 ns, Cleanup: 16663 ns, At safepoint: 15145 ns, Total: 60700 ns
[2025-06-12T01:52:58.794+0000][73][info ][safepoint   ] Safepoint "Cleanup", Time since last: 1854184189 ns, Reaching safepoint: 26002 ns, Cleanup: 23038 ns, At safepoint: 66805 ns, Total: 115845 ns
[2025-06-12T01:54:22.860+0000][73][info ][safepoint   ] Safepoint "Cleanup", Time since last: 84073153975 ns, Reaching safepoint: 66733 ns, Cleanup: 15344 ns, At safepoint: 12538 ns, Total: 94615 ns
[2025-06-12T01:55:27.561+0000][73][info ][gc,start    ] GC(20) Pause Young (Mixed) (G1 Evacuation Pause)
[2025-06-12T01:55:27.564+0000][73][info ][gc,task     ] GC(20) Using 10 workers of 10 for evacuation
[2025-06-12T01:55:27.565+0000][73][debug][gc,age      ] GC(20) Desired survivor size 153092096 bytes, new threshold 15 (max threshold 15)
[2025-06-12T01:55:27.671+0000][73][info ][gc,phases   ] GC(20)   Pre Evacuate Collection Set: 6.15ms
[2025-06-12T01:55:27.672+0000][73][info ][gc,phases   ] GC(20)   Merge Heap Roots: 2.45ms
[2025-06-12T01:55:27.672+0000][73][info ][gc,phases   ] GC(20)   Evacuate Collection Set: 89.56ms
[2025-06-12T01:55:27.672+0000][73][info ][gc,phases   ] GC(20)   Post Evacuate Collection Set: 7.00ms
[2025-06-12T01:55:27.673+0000][73][info ][gc,phases   ] GC(20)   Other: 3.11ms
[2025-06-12T01:55:27.673+0000][73][trace][gc,age      ] GC(20) Age table with threshold 15 (max threshold 15)
[2025-06-12T01:55:27.674+0000][73][trace][gc,age      ] GC(20) - age   1:    1074464 bytes,    1074464 total
[2025-06-12T01:55:27.674+0000][73][trace][gc,age      ] GC(20) - age   2:     255752 bytes,    1330216 total
[2025-06-12T01:55:27.674+0000][73][trace][gc,age      ] GC(20) - age   3:     121864 bytes,    1452080 total
[2025-06-12T01:55:27.675+0000][73][trace][gc,age      ] GC(20) - age   4:     130224 bytes,    1582304 total
[2025-06-12T01:55:27.675+0000][73][trace][gc,age      ] GC(20) - age   5:    1504888 bytes,    3087192 total
[2025-06-12T01:55:27.676+0000][73][trace][gc,age      ] GC(20) - age   6:    1412280 bytes,    4499472 total
[2025-06-12T01:55:27.676+0000][73][trace][gc,age      ] GC(20) - age   7:      82488 bytes,    4581960 total
[2025-06-12T01:55:27.676+0000][73][info ][gc,heap     ] GC(20) Eden regions: 580->0(580)
[2025-06-12T01:55:27.677+0000][73][info ][gc,heap     ] GC(20) Survivor regions: 2->2(73)
[2025-06-12T01:55:27.677+0000][73][info ][gc,heap     ] GC(20) Old regions: 29->28
[2025-06-12T01:55:27.678+0000][73][info ][gc,heap     ] GC(20) Humongous regions: 0->0
[2025-06-12T01:55:27.679+0000][73][info ][gc,metaspace] GC(20) Metaspace: 148853K(152896K)->148853K(152896K) NonClass: 128621K(130816K)->128621K(130816K) Class: 20231K(22080K)->20231K(22080K)
[2025-06-12T01:55:27.679+0000][73][info ][gc          ] GC(20) Pause Young (Mixed) (G1 Evacuation Pause) 2437M->113M(3880M) 118.386ms
[2025-06-12T01:55:27.680+0000][73][info ][gc,cpu      ] GC(20) User=0.53s Sys=0.03s Real=0.12s
[2025-06-12T01:55:27.680+0000][73][info ][safepoint   ] Safepoint "G1CollectForAllocation", Time since last: 64705118521 ns, Reaching safepoint: 18014 ns, Cleanup: 4058 ns, At safepoint: 120002769 ns, Total: 120024841 ns
[2025-06-12T01:55:58.684+0000][73][info ][safepoint   ] Safepoint "Cleanup", Time since last: 31006168764 ns, Reaching safepoint: 63029 ns, Cleanup: 17871 ns, At safepoint: 15230 ns, Total: 96130 ns
[2025-06-12T01:56:07.906+0000][73][info ][safepoint   ] Safepoint "Cleanup", Time since last: 9223837979 ns, Reaching safepoint: 31463 ns, Cleanup: 16731 ns, At safepoint: 14936 ns, Total: 63130 ns
[2025-06-12T01:57:27.122+0000][73][info ][safepoint   ] Safepoint "Cleanup", Time since last: 79221173762 ns, Reaching safepoint: 28448 ns, Cleanup: 16803 ns, At safepoint: 15685 ns, Total: 60936 ns
[2025-06-12T01:57:56.128+0000][73][info ][safepoint   ] Safepoint "Cleanup", Time since last: 29006220564 ns, Reaching safepoint: 32290 ns, Cleanup: 2243247 ns, At safepoint: 69572 ns, Total: 2345109 ns
[2025-06-12T01:58:51.885+0000][73][info ][safepoint   ] Safepoint "Cleanup", Time since last: 55761217132 ns, Reaching safepoint: 27817 ns, Cleanup: 13408 ns, At safepoint: 69655 ns, Total: 110880 ns
[2025-06-12T01:58:53.182+0000][73][info ][safepoint   ] Safepoint "Cleanup", Time since last: 1296811093 ns, Reaching safepoint: 33287 ns, Cleanup: 20495 ns, At safepoint: 18643 ns, Total: 72425 ns
[2025-06-12T01:59:57.931+0000][73][info ][safepoint   ] Safepoint "Cleanup", Time since last: 64753304440 ns, Reaching safepoint: 18475 ns, Cleanup: 13312 ns, At safepoint: 23311 ns, Total: 55098 ns
[2025-06-12T02:01:22.372+0000][73][info ][safepoint   ] Safepoint "Cleanup", Time since last: 84449031768 ns, Reaching safepoint: 23195 ns, Cleanup: 17449 ns, At safepoint: 77762 ns, Total: 118406 ns
[2025-06-12T02:01:23.391+0000][73][info ][safepoint   ] Safepoint "Cleanup", Time since last: 1019309431 ns, Reaching safepoint: 29929 ns, Cleanup: 16008 ns, At safepoint: 14218 ns, Total: 60155 ns
[2025-06-12T02:02:23.295+0000][73][info ][safepoint   ] Safepoint "Cleanup", Time since last: 59908562199 ns, Reaching safepoint: 122009 ns, Cleanup: 25183 ns, At safepoint: 10091 ns, Total: 157283 ns
[2025-06-12T02:02:24.916+0000][73][info ][safepoint   ] Safepoint "Cleanup", Time since last: 1620589565 ns, Reaching safepoint: 7751 ns, Cleanup: 8020 ns, At safepoint: 3191 ns, Total: 18962 ns
[2025-06-12T02:02:56.437+0000][73][info ][safepoint   ] Safepoint "Cleanup", Time since last: 31523768526 ns, Reaching safepoint: 25867 ns, Cleanup: 16947 ns, At safepoint: 11825 ns, Total: 54639 ns
[2025-06-12T02:02:57.438+0000][73][info ][safepoint   ] Safepoint "Cleanup", Time since last: 1000585678 ns, Reaching safepoint: 25331 ns, Cleanup: 15079 ns, At safepoint: 10965 ns, Total: 51375 ns
[2025-06-12T02:04:31.495+0000][73][info ][safepoint   ] Safepoint "Cleanup", Time since last: 94064591133 ns, Reaching safepoint: 12040 ns, Cleanup: 9213 ns, At safepoint: 13582 ns, Total: 34835 ns
[2025-06-12T02:04:58.520+0000][73][info ][safepoint   ] Safepoint "Cleanup", Time since last: 27027442634 ns, Reaching safepoint: 57574 ns, Cleanup: 15299 ns, At safepoint: 7869 ns, Total: 80742 ns
[2025-06-12T02:05:23.537+0000][73][info ][safepoint   ] Safepoint "Cleanup", Time since last: 25018517753 ns, Reaching safepoint: 26015 ns, Cleanup: 17108 ns, At safepoint: 46515 ns, Total: 89638 ns
[2025-06-12T02:05:26.403+0000][73][info ][safepoint   ] Safepoint "Cleanup", Time since last: 2865631661 ns, Reaching safepoint: 37819 ns, Cleanup: 16624 ns, At safepoint: 10045 ns, Total: 64488 ns
[2025-06-12T02:07:38.451+0000][73][info ][safepoint   ] Safepoint "Cleanup", Time since last: 132059730039 ns, Reaching safepoint: 59868 ns, Cleanup: 17303 ns, At safepoint: 14499 ns, Total: 91670 ns
[2025-06-12T02:07:40.678+0000][73][info ][safepoint   ] Safepoint "Cleanup", Time since last: 2227422579 ns, Reaching safepoint: 15496 ns, Cleanup: 11089 ns, At safepoint: 4620 ns, Total: 31205 ns
[2025-06-12T02:07:58.681+0000][73][info ][safepoint   ] Safepoint "Cleanup", Time since last: 18003080166 ns, Reaching safepoint: 25414 ns, Cleanup: 16457 ns, At safepoint: 57418 ns, Total: 99289 ns
[2025-06-12T02:11:43.550+0000][73][info ][safepoint   ] Safepoint "Cleanup", Time since last: 224888360498 ns, Reaching safepoint: 51137 ns, Cleanup: 17884 ns, At safepoint: 11861 ns, Total: 80882 ns
[2025-06-12T02:11:51.824+0000][73][info ][safepoint   ] Safepoint "Cleanup", Time since last: 8271206042 ns, Reaching safepoint: 2184066 ns, Cleanup: 20230 ns, At safepoint: 113579 ns, Total: 2317875 ns
[2025-06-12T02:13:27.823+0000][73][info ][safepoint   ] Safepoint "Cleanup", Time since last: 96006515421 ns, Reaching safepoint: 8064 ns, Cleanup: 10058 ns, At safepoint: 3520 ns, Total: 21642 ns
[2025-06-12T02:13:28.928+0000][73][info ][safepoint   ] Safepoint "Cleanup", Time since last: 1104609414 ns, Reaching safepoint: 14918 ns, Cleanup: 406374 ns, At safepoint: 51592 ns, Total: 472884 ns
[2025-06-12T02:13:34.030+0000][73][info ][safepoint   ] Safepoint "Cleanup", Time since last: 5101824825 ns, Reaching safepoint: 13603 ns, Cleanup: 12207 ns, At safepoint: 4561 ns, Total: 30371 ns
[2025-06-12T02:13:55.053+0000][73][info ][safepoint   ] Safepoint "Cleanup", Time since last: 21025818100 ns, Reaching safepoint: 15582 ns, Cleanup: 17021 ns, At safepoint: 5336 ns, Total: 37939 ns
[2025-06-12T02:13:57.830+0000][73][info ][safepoint   ] Safepoint "Cleanup", Time since last: 2776147559 ns, Reaching safepoint: 270465 ns, Cleanup: 11032 ns, At safepoint: 58956 ns, Total: 340453 ns
[2025-06-12T02:13:59.165+0000][73][info ][safepoint   ] Safepoint "Cleanup", Time since last: 1334831743 ns, Reaching safepoint: 46635 ns, Cleanup: 15721 ns, At safepoint: 9585 ns, Total: 71941 ns
[2025-06-12T02:14:01.254+0000][73][info ][safepoint   ] Safepoint "Cleanup", Time since last: 2089199113 ns, Reaching safepoint: 24225 ns, Cleanup: 15694 ns, At safepoint: 11685 ns, Total: 51604 ns
[2025-06-12T02:14:43.631+0000][73][info ][safepoint   ] Safepoint "Cleanup", Time since last: 42381085585 ns, Reaching safepoint: 23861 ns, Cleanup: 15615 ns, At safepoint: 10831 ns, Total: 50307 ns
[2025-06-12T02:15:07.218+0000][73][info ][safepoint   ] Safepoint "Cleanup", Time since last: 23589022589 ns, Reaching safepoint: 6675 ns, Cleanup: 8854 ns, At safepoint: 3029 ns, Total: 18558 ns
[2025-06-12T02:15:08.238+0000][73][info ][safepoint   ] Safepoint "Cleanup", Time since last: 1019907070 ns, Reaching safepoint: 23475 ns, Cleanup: 15956 ns, At safepoint: 10710 ns, Total: 50141 ns
[2025-06-12T02:15:09.277+0000][73][info ][safepoint   ] Safepoint "Cleanup", Time since last: 1038671622 ns, Reaching safepoint: 26392 ns, Cleanup: 16779 ns, At safepoint: 11052 ns, Total: 54223 ns
[2025-06-12T02:15:23.279+0000][73][info ][safepoint   ] Safepoint "Cleanup", Time since last: 14002118367 ns, Reaching safepoint: 55389 ns, Cleanup: 20310 ns, At safepoint: 11964 ns, Total: 87663 ns
[2025-06-12T02:15:28.556+0000][73][info ][safepoint   ] Safepoint "Cleanup", Time since last: 5277559882 ns, Reaching safepoint: 13082 ns, Cleanup: 11136 ns, At safepoint: 5418 ns, Total: 29636 ns
[2025-06-12T02:16:03.585+0000][73][info ][safepoint   ] Safepoint "Cleanup", Time since last: 35031268600 ns, Reaching safepoint: 60036 ns, Cleanup: 16043 ns, At safepoint: 12720 ns, Total: 88799 ns
[2025-06-12T02:16:23.326+0000][73][info ][safepoint   ] Safepoint "Cleanup", Time since last: 19742594141 ns, Reaching safepoint: 55467 ns, Cleanup: 15463 ns, At safepoint: 11257 ns, Total: 82187 ns
[2025-06-12T02:16:58.687+0000][73][info ][safepoint   ] Safepoint "Cleanup", Time since last: 35363554085 ns, Reaching safepoint: 43263 ns, Cleanup: 14334 ns, At safepoint: 9569 ns, Total: 67166 ns
[2025-06-12T02:17:26.715+0000][73][info ][safepoint   ] Safepoint "Cleanup", Time since last: 28030305330 ns, Reaching safepoint: 24620 ns, Cleanup: 16023 ns, At safepoint: 11224 ns, Total: 51867 ns
[2025-06-12T02:18:57.744+0000][73][info ][safepoint   ] Safepoint "Cleanup", Time since last: 91036683428 ns, Reaching safepoint: 26505 ns, Cleanup: 16662 ns, At safepoint: 44919 ns, Total: 88086 ns
[2025-06-12T02:19:12.822+0000][73][info ][safepoint   ] Safepoint "Cleanup", Time since last: 15079544518 ns, Reaching safepoint: 15029 ns, Cleanup: 13351 ns, At safepoint: 19912 ns, Total: 48292 ns
[2025-06-12T02:20:16.493+0000][73][info ][safepoint   ] Safepoint "Cleanup", Time since last: 63676193125 ns, Reaching safepoint: 7181 ns, Cleanup: 11369 ns, At safepoint: 2923 ns, Total: 21473 ns
[2025-06-12T02:21:22.548+0000][73][info ][safepoint   ] Safepoint "Cleanup", Time since last: 66059141675 ns, Reaching safepoint: 23124 ns, Cleanup: 17932 ns, At safepoint: 10679 ns, Total: 51735 ns
[2025-06-12T02:21:26.824+0000][73][info ][safepoint   ] Safepoint "Cleanup", Time since last: 4276046620 ns, Reaching safepoint: 26296 ns, Cleanup: 16945 ns, At safepoint: 11560 ns, Total: 54801 ns
[2025-06-12T02:22:21.805+0000][73][info ][safepoint   ] Safepoint "Cleanup", Time since last: 54985627571 ns, Reaching safepoint: 15347 ns, Cleanup: 12928 ns, At safepoint: 19177 ns, Total: 47452 ns
[2025-06-12T02:23:06.851+0000][73][info ][safepoint   ] Safepoint "Cleanup", Time since last: 45050225146 ns, Reaching safepoint: 50795 ns, Cleanup: 14890 ns, At safepoint: 9227 ns, Total: 74912 ns
[2025-06-12T02:24:27.813+0000][73][info ][safepoint   ] Safepoint "Cleanup", Time since last: 80967543842 ns, Reaching safepoint: 14971 ns, Cleanup: 11121 ns, At safepoint: 18762 ns, Total: 44854 ns
[2025-06-12T02:24:29.638+0000][73][info ][safepoint   ] Safepoint "Cleanup", Time since last: 1824109036 ns, Reaching safepoint: 56665 ns, Cleanup: 18827 ns, At safepoint: 11938 ns, Total: 87430 ns
[2025-06-12T02:24:58.640+0000][73][info ][safepoint   ] Safepoint "Cleanup", Time since last: 29004612967 ns, Reaching safepoint: 48272 ns, Cleanup: 13926 ns, At safepoint: 8378 ns, Total: 70576 ns
[2025-06-12T02:25:13.651+0000][73][info ][safepoint   ] Safepoint "Cleanup", Time since last: 15013164044 ns, Reaching safepoint: 56802 ns, Cleanup: 15424 ns, At safepoint: 23592 ns, Total: 95818 ns
[2025-06-12T02:25:22.660+0000][73][info ][safepoint   ] Safepoint "Cleanup", Time since last: 9009556851 ns, Reaching safepoint: 58870 ns, Cleanup: 18009 ns, At safepoint: 11028 ns, Total: 87907 ns
[2025-06-12T02:26:34.705+0000][73][info ][safepoint   ] Safepoint "Cleanup", Time since last: 72051477707 ns, Reaching safepoint: 14576 ns, Cleanup: 10609 ns, At safepoint: 20064 ns, Total: 45249 ns
[2025-06-12T02:28:39.803+0000][73][info ][safepoint   ] Safepoint "Cleanup", Time since last: 125107269197 ns, Reaching safepoint: 404637 ns, Cleanup: 11869 ns, At safepoint: 57752 ns, Total: 474258 ns
[2025-06-12T02:28:41.780+0000][73][info ][safepoint   ] Safepoint "Cleanup", Time since last: 1977437712 ns, Reaching safepoint: 24197 ns, Cleanup: 16307 ns, At safepoint: 10364 ns, Total: 50868 ns
[2025-06-12T02:29:43.826+0000][73][info ][safepoint   ] Safepoint "Cleanup", Time since last: 62050304072 ns, Reaching safepoint: 16589 ns, Cleanup: 20695 ns, At safepoint: 91231 ns, Total: 128515 ns
[2025-06-12T02:30:16.804+0000][73][info ][safepoint   ] Safepoint "Cleanup", Time since last: 32980018062 ns, Reaching safepoint: 82207 ns, Cleanup: 16382 ns, At safepoint: 11718 ns, Total: 110307 ns
[2025-06-12T02:30:17.871+0000][73][info ][safepoint   ] Safepoint "Cleanup", Time since last: 1066937446 ns, Reaching safepoint: 24020 ns, Cleanup: 14138 ns, At safepoint: 10662 ns, Total: 48820 ns
[2025-06-12T02:30:22.872+0000][73][info ][safepoint   ] Safepoint "Cleanup", Time since last: 5001197042 ns, Reaching safepoint: 29011 ns, Cleanup: 18466 ns, At safepoint: 12124 ns, Total: 59601 ns
[2025-06-12T02:30:45.792+0000][73][info ][safepoint   ] Safepoint "Cleanup", Time since last: 22921775551 ns, Reaching safepoint: 15863 ns, Cleanup: 12618 ns, At safepoint: 19723 ns, Total: 48204 ns
[2025-06-12T02:30:46.921+0000][73][info ][safepoint   ] Safepoint "Cleanup", Time since last: 1129358361 ns, Reaching safepoint: 15538 ns, Cleanup: 10522 ns, At safepoint: 19591 ns, Total: 45651 ns
[2025-06-12T02:31:23.936+0000][73][info ][safepoint   ] Safepoint "Cleanup", Time since last: 37017111071 ns, Reaching safepoint: 91447 ns, Cleanup: 15947 ns, At safepoint: 10591 ns, Total: 117985 ns
[2025-06-12T02:31:48.947+0000][73][info ][safepoint   ] Safepoint "Cleanup", Time since last: 25013649290 ns, Reaching safepoint: 14761 ns, Cleanup: 11658 ns, At safepoint: 17401 ns, Total: 43820 ns
[2025-06-12T02:32:17.980+0000][73][info ][safepoint   ] Safepoint "Cleanup", Time since last: 29035242938 ns, Reaching safepoint: 46267 ns, Cleanup: 13443 ns, At safepoint: 7937 ns, Total: 67647 ns
[2025-06-12T02:32:22.982+0000][73][info ][safepoint   ] Safepoint "Cleanup", Time since last: 5001277255 ns, Reaching safepoint: 20400 ns, Cleanup: 15095 ns, At safepoint: 8373 ns, Total: 43868 ns
[2025-06-12T02:32:25.983+0000][73][info ][safepoint   ] Safepoint "Cleanup", Time since last: 3000815894 ns, Reaching safepoint: 63692 ns, Cleanup: 17265 ns, At safepoint: 15211 ns, Total: 96168 ns
[2025-06-12T02:32:46.124+0000][73][info ][safepoint   ] Safepoint "Cleanup", Time since last: 20143893270 ns, Reaching safepoint: 65174 ns, Cleanup: 15832 ns, At safepoint: 13669 ns, Total: 94675 ns
[2025-06-12T02:32:51.806+0000][73][info ][safepoint   ] Safepoint "Cleanup", Time since last: 5682055037 ns, Reaching safepoint: 95220 ns, Cleanup: 15029 ns, At safepoint: 65278 ns, Total: 175527 ns
[2025-06-12T02:32:53.029+0000][73][info ][safepoint   ] Safepoint "Cleanup", Time since last: 1222064540 ns, Reaching safepoint: 26989 ns, Cleanup: 17613 ns, At safepoint: 12657 ns, Total: 57259 ns
[2025-06-12T02:32:57.030+0000][73][info ][safepoint   ] Safepoint "Cleanup", Time since last: 4000939759 ns, Reaching safepoint: 26098 ns, Cleanup: 15841 ns, At safepoint: 13970 ns, Total: 55909 ns
[2025-06-12T02:33:27.154+0000][73][info ][safepoint   ] Safepoint "Cleanup", Time since last: 30126430837 ns, Reaching safepoint: 57953 ns, Cleanup: 16658 ns, At safepoint: 14710 ns, Total: 89321 ns
[2025-06-12T02:33:55.046+0000][73][info ][safepoint   ] Safepoint "Cleanup", Time since last: 27894662622 ns, Reaching safepoint: 6989 ns, Cleanup: 8862 ns, At safepoint: 14012 ns, Total: 29863 ns
[2025-06-12T02:34:23.071+0000][73][info ][safepoint   ] Safepoint "Cleanup", Time since last: 28029043258 ns, Reaching safepoint: 20819 ns, Cleanup: 15233 ns, At safepoint: 9644 ns, Total: 45696 ns
[2025-06-12T02:34:54.183+0000][73][info ][safepoint   ] Safepoint "Cleanup", Time since last: 31112736008 ns, Reaching safepoint: 90405 ns, Cleanup: 16671 ns, At safepoint: 14538 ns, Total: 121614 ns
[2025-06-12T02:35:18.799+0000][73][info ][safepoint   ] Safepoint "Cleanup", Time since last: 24617949712 ns, Reaching safepoint: 140996 ns, Cleanup: 12140 ns, At safepoint: 45830 ns, Total: 198966 ns
[2025-06-12T02:35:27.208+0000][73][info ][safepoint   ] Safepoint "Cleanup", Time since last: 8408424806 ns, Reaching safepoint: 24712 ns, Cleanup: 16395 ns, At safepoint: 11733 ns, Total: 52840 ns
[2025-06-12T02:35:28.509+0000][73][info ][safepoint   ] Safepoint "Cleanup", Time since last: 1301438438 ns, Reaching safepoint: 15358 ns, Cleanup: 12825 ns, At safepoint: 4328 ns, Total: 32511 ns
[2025-06-12T02:36:01.163+0000][73][info ][safepoint   ] Safepoint "Cleanup", Time since last: 32656195839 ns, Reaching safepoint: 108209 ns, Cleanup: 13293 ns, At safepoint: 51242 ns, Total: 172744 ns
[2025-06-12T02:37:04.212+0000][73][info ][safepoint   ] Safepoint "Cleanup", Time since last: 63052827402 ns, Reaching safepoint: 13603 ns, Cleanup: 13578 ns, At safepoint: 18884 ns, Total: 46065 ns
[2025-06-12T02:38:06.840+0000][73][info ][safepoint   ] Safepoint "Cleanup", Time since last: 62635644209 ns, Reaching safepoint: 18090 ns, Cleanup: 13457 ns, At safepoint: 5062 ns, Total: 36609 ns
[2025-06-12T02:38:08.268+0000][73][info ][safepoint   ] Safepoint "Cleanup", Time since last: 1427093538 ns, Reaching safepoint: 29591 ns, Cleanup: 16100 ns, At safepoint: 10168 ns, Total: 55859 ns
[2025-06-12T02:38:23.270+0000][73][info ][safepoint   ] Safepoint "Cleanup", Time since last: 15002195580 ns, Reaching safepoint: 63821 ns, Cleanup: 17867 ns, At safepoint: 12581 ns, Total: 94269 ns
[2025-06-12T02:38:33.281+0000][73][info ][safepoint   ] Safepoint "Cleanup", Time since last: 10011532540 ns, Reaching safepoint: 24942 ns, Cleanup: 15188 ns, At safepoint: 11479 ns, Total: 51609 ns
[2025-06-12T02:40:23.402+0000][73][info ][safepoint   ] Safepoint "Cleanup", Time since last: 110129153537 ns, Reaching safepoint: 30645 ns, Cleanup: 13591 ns, At safepoint: 23122 ns, Total: 67358 ns
[2025-06-12T02:40:26.332+0000][73][info ][safepoint   ] Safepoint "Cleanup", Time since last: 2930009408 ns, Reaching safepoint: 15765 ns, Cleanup: 16550 ns, At safepoint: 11779 ns, Total: 44094 ns
[2025-06-12T02:41:16.429+0000][73][info ][safepoint   ] Safepoint "Cleanup", Time since last: 50101359262 ns, Reaching safepoint: 6721 ns, Cleanup: 8405 ns, At safepoint: 14067 ns, Total: 29193 ns
[2025-06-12T02:41:18.444+0000][73][info ][safepoint   ] Safepoint "Cleanup", Time since last: 2015098932 ns, Reaching safepoint: 26023 ns, Cleanup: 15088 ns, At safepoint: 12775 ns, Total: 53886 ns
[2025-06-12T02:41:38.362+0000][73][info ][safepoint   ] Safepoint "Cleanup", Time since last: 19920438719 ns, Reaching safepoint: 62831 ns, Cleanup: 18375 ns, At safepoint: 12498 ns, Total: 93704 ns
[2025-06-12T02:42:18.365+0000][73][info ][safepoint   ] Safepoint "Cleanup", Time since last: 40005183516 ns, Reaching safepoint: 76205 ns, Cleanup: 21344 ns, At safepoint: 34444 ns, Total: 131993 ns
[2025-06-12T02:42:19.459+0000][73][info ][safepoint   ] Safepoint "Cleanup", Time since last: 1094005350 ns, Reaching safepoint: 97795 ns, Cleanup: 11115 ns, At safepoint: 56842 ns, Total: 165752 ns
[2025-06-12T02:42:22.480+0000][73][info ][safepoint   ] Safepoint "Cleanup", Time since last: 3021088910 ns, Reaching safepoint: 24860 ns, Cleanup: 17611 ns, At safepoint: 11504 ns, Total: 53975 ns
[2025-06-12T02:43:58.421+0000][73][info ][safepoint   ] Safepoint "Cleanup", Time since last: 95947530135 ns, Reaching safepoint: 23970 ns, Cleanup: 16836 ns, At safepoint: 39497 ns, Total: 80303 ns
[2025-06-12T02:44:00.841+0000][73][info ][safepoint   ] Safepoint "Cleanup", Time since last: 2419977959 ns, Reaching safepoint: 14072 ns, Cleanup: 22567 ns, At safepoint: 6055 ns, Total: 42694 ns
[2025-06-12T02:44:24.812+0000][73][info ][gc,start    ] GC(21) Pause Young (Normal) (G1 Evacuation Pause)
[2025-06-12T02:44:24.813+0000][73][info ][gc,task     ] GC(21) Using 10 workers of 10 for evacuation
[2025-06-12T02:44:24.813+0000][73][debug][gc,age      ] GC(21) Desired survivor size 153092096 bytes, new threshold 15 (max threshold 15)
[2025-06-12T02:44:24.828+0000][73][info ][gc,phases   ] GC(21)   Pre Evacuate Collection Set: 0.94ms
[2025-06-12T02:44:24.829+0000][73][info ][gc,phases   ] GC(21)   Merge Heap Roots: 0.79ms
[2025-06-12T02:44:24.829+0000][73][info ][gc,phases   ] GC(21)   Evacuate Collection Set: 10.63ms
[2025-06-12T02:44:24.829+0000][73][info ][gc,phases   ] GC(21)   Post Evacuate Collection Set: 2.18ms
[2025-06-12T02:44:24.830+0000][73][info ][gc,phases   ] GC(21)   Other: 1.04ms
[2025-06-12T02:44:24.830+0000][73][trace][gc,age      ] GC(21) Age table with threshold 15 (max threshold 15)
[2025-06-12T02:44:24.830+0000][73][trace][gc,age      ] GC(21) - age   1:    1365872 bytes,    1365872 total
[2025-06-12T02:44:24.831+0000][73][trace][gc,age      ] GC(21) - age   2:     498744 bytes,    1864616 total
[2025-06-12T02:44:24.831+0000][73][trace][gc,age      ] GC(21) - age   3:     237344 bytes,    2101960 total
[2025-06-12T02:44:24.831+0000][73][trace][gc,age      ] GC(21) - age   4:     121480 bytes,    2223440 total
[2025-06-12T02:44:24.832+0000][73][trace][gc,age      ] GC(21) - age   5:     130088 bytes,    2353528 total
[2025-06-12T02:44:24.832+0000][73][trace][gc,age      ] GC(21) - age   6:    1504888 bytes,    3858416 total
[2025-06-12T02:44:24.832+0000][73][trace][gc,age      ] GC(21) - age   7:    1412280 bytes,    5270696 total
[2025-06-12T02:44:24.832+0000][73][trace][gc,age      ] GC(21) - age   8:      82488 bytes,    5353184 total
[2025-06-12T02:44:24.833+0000][73][info ][gc,heap     ] GC(21) Eden regions: 580->0(580)
[2025-06-12T02:44:24.833+0000][73][info ][gc,heap     ] GC(21) Survivor regions: 2->2(73)
[2025-06-12T02:44:24.833+0000][73][info ][gc,heap     ] GC(21) Old regions: 28->28
[2025-06-12T02:44:24.833+0000][73][info ][gc,heap     ] GC(21) Humongous regions: 0->0
[2025-06-12T02:44:24.834+0000][73][info ][gc,metaspace] GC(21) Metaspace: 149067K(153088K)->149067K(153088K) NonClass: 128835K(131008K)->128835K(131008K) Class: 20232K(22080K)->20232K(22080K)
[2025-06-12T02:44:24.834+0000][73][info ][gc          ] GC(21) Pause Young (Normal) (G1 Evacuation Pause) 2433M->114M(3880M) 21.926ms
[2025-06-12T02:44:24.834+0000][73][info ][gc,cpu      ] GC(21) User=0.11s Sys=0.00s Real=0.02s
[2025-06-12T02:44:24.835+0000][73][info ][safepoint   ] Safepoint "G1CollectForAllocation", Time since last: 23972833637 ns, Reaching safepoint: 23408 ns, Cleanup: 5190 ns, At safepoint: 22839130 ns, Total: 22867728 ns
[2025-06-12T02:45:22.450+0000][73][info ][safepoint   ] Safepoint "Cleanup", Time since last: 57619715110 ns, Reaching safepoint: 63812 ns, Cleanup: 19701 ns, At safepoint: 10968 ns, Total: 94481 ns
[2025-06-12T02:45:23.452+0000][73][info ][safepoint   ] Safepoint "Cleanup", Time since last: 1001426885 ns, Reaching safepoint: 26114 ns, Cleanup: 17268 ns, At safepoint: 10811 ns, Total: 54193 ns
[2025-06-12T02:45:24.796+0000][73][info ][safepoint   ] Safepoint "Cleanup", Time since last: 1343858055 ns, Reaching safepoint: 14972 ns, Cleanup: 12965 ns, At safepoint: 19794 ns, Total: 47731 ns
[2025-06-12T02:45:28.485+0000][73][info ][safepoint   ] Safepoint "Cleanup", Time since last: 3688907767 ns, Reaching safepoint: 13463 ns, Cleanup: 13078 ns, At safepoint: 18410 ns, Total: 44951 ns
[2025-06-12T02:46:19.190+0000][73][info ][safepoint   ] Safepoint "Cleanup", Time since last: 50709579206 ns, Reaching safepoint: 58308 ns, Cleanup: 15732 ns, At safepoint: 13750 ns, Total: 87790 ns
[2025-06-12T02:46:39.663+0000][73][info ][safepoint   ] Safepoint "Cleanup", Time since last: 20475094668 ns, Reaching safepoint: 26416 ns, Cleanup: 16361 ns, At safepoint: 11014 ns, Total: 53791 ns
[2025-06-12T02:47:33.769+0000][73][info ][safepoint   ] Safepoint "Cleanup", Time since last: 54108670729 ns, Reaching safepoint: 7571 ns, Cleanup: 8158 ns, At safepoint: 14744 ns, Total: 30473 ns
[2025-06-12T02:47:35.689+0000][73][info ][safepoint   ] Safepoint "Cleanup", Time since last: 1922624637 ns, Reaching safepoint: 26156 ns, Cleanup: 22211 ns, At safepoint: 12676 ns, Total: 61043 ns
[2025-06-12T02:47:39.690+0000][73][info ][safepoint   ] Safepoint "Cleanup", Time since last: 4000929058 ns, Reaching safepoint: 25943 ns, Cleanup: 34110 ns, At safepoint: 12237 ns, Total: 72290 ns
[2025-06-12T02:48:23.694+0000][73][info ][safepoint   ] Safepoint "Cleanup", Time since last: 44005751125 ns, Reaching safepoint: 96844 ns, Cleanup: 18152 ns, At safepoint: 13506 ns, Total: 128502 ns
[2025-06-12T02:48:47.715+0000][73][info ][safepoint   ] Safepoint "Cleanup", Time since last: 24022906309 ns, Reaching safepoint: 25776 ns, Cleanup: 15223 ns, At safepoint: 9960 ns, Total: 50959 ns
[2025-06-12T02:49:03.718+0000][73][info ][safepoint   ] Safepoint "Cleanup", Time since last: 16002487345 ns, Reaching safepoint: 57678 ns, Cleanup: 15847 ns, At safepoint: 12172 ns, Total: 85697 ns
[2025-06-12T02:49:22.718+0000][73][info ][safepoint   ] Safepoint "Cleanup", Time since last: 19002608902 ns, Reaching safepoint: 57818 ns, Cleanup: 17059 ns, At safepoint: 13249 ns, Total: 88126 ns
[2025-06-12T02:49:39.766+0000][73][info ][safepoint   ] Safepoint "Cleanup", Time since last: 17047783818 ns, Reaching safepoint: 2148920 ns, Cleanup: 20314 ns, At safepoint: 118695 ns, Total: 2287929 ns
[2025-06-12T02:50:22.742+0000][73][info ][safepoint   ] Safepoint "Cleanup", Time since last: 42978186995 ns, Reaching safepoint: 57959 ns, Cleanup: 17827 ns, At safepoint: 10946 ns, Total: 86732 ns
[2025-06-12T02:50:23.743+0000][73][info ][safepoint   ] Safepoint "Cleanup", Time since last: 1000626558 ns, Reaching safepoint: 26877 ns, Cleanup: 16314 ns, At safepoint: 11546 ns, Total: 54737 ns
[2025-06-12T02:52:55.835+0000][73][info ][safepoint   ] Safepoint "Cleanup", Time since last: 152103989873 ns, Reaching safepoint: 25301 ns, Cleanup: 13280 ns, At safepoint: 33065 ns, Total: 71646 ns
[2025-06-12T02:53:22.840+0000][73][info ][safepoint   ] Safepoint "Cleanup", Time since last: 27006998099 ns, Reaching safepoint: 70143 ns, Cleanup: 18995 ns, At safepoint: 15646 ns, Total: 104784 ns
[2025-06-12T02:53:28.704+0000][73][info ][safepoint   ] Safepoint "Cleanup", Time since last: 5863660063 ns, Reaching safepoint: 32777 ns, Cleanup: 23882 ns, At safepoint: 19365 ns, Total: 76024 ns
[2025-06-12T02:55:28.776+0000][73][info ][safepoint   ] Safepoint "Cleanup", Time since last: 120080683558 ns, Reaching safepoint: 72905 ns, Cleanup: 16698 ns, At safepoint: 29696 ns, Total: 119299 ns
[2025-06-12T02:55:57.017+0000][73][info ][safepoint   ] Safepoint "Cleanup", Time since last: 28243051714 ns, Reaching safepoint: 151643 ns, Cleanup: 21908 ns, At safepoint: 15593 ns, Total: 189144 ns
[2025-06-12T02:56:38.816+0000][73][info ][safepoint   ] Safepoint "Cleanup", Time since last: 41803528223 ns, Reaching safepoint: 44111 ns, Cleanup: 14021 ns, At safepoint: 7400 ns, Total: 65532 ns
[2025-06-12T02:57:01.068+0000][73][info ][safepoint   ] Safepoint "Cleanup", Time since last: 22252386251 ns, Reaching safepoint: 14222 ns, Cleanup: 12377 ns, At safepoint: 64816 ns, Total: 91415 ns
[2025-06-12T02:57:19.079+0000][73][info ][safepoint   ] Safepoint "Cleanup", Time since last: 18012616867 ns, Reaching safepoint: 73480 ns, Cleanup: 21600 ns, At safepoint: 17939 ns, Total: 113019 ns
[2025-06-12T02:59:03.919+0000][73][info ][safepoint   ] Safepoint "Cleanup", Time since last: 104846922888 ns, Reaching safepoint: 118326 ns, Cleanup: 9468 ns, At safepoint: 77982 ns, Total: 205776 ns
[2025-06-12T02:59:05.180+0000][73][info ][safepoint   ] Safepoint "Cleanup", Time since last: 1263120809 ns, Reaching safepoint: 31306 ns, Cleanup: 28316 ns, At safepoint: 16389 ns, Total: 76011 ns
[2025-06-12T03:00:23.223+0000][73][info ][safepoint   ] Safepoint "Cleanup", Time since last: 78047110293 ns, Reaching safepoint: 30050 ns, Cleanup: 17399 ns, At safepoint: 15261 ns, Total: 62710 ns
[2025-06-12T03:00:33.759+0000][73][info ][safepoint   ] Safepoint "Cleanup", Time since last: 10535767456 ns, Reaching safepoint: 100224 ns, Cleanup: 10165 ns, At safepoint: 37828 ns, Total: 148217 ns
[2025-06-12T03:00:59.481+0000][73][info ][safepoint   ] Safepoint "Cleanup", Time since last: 25724053673 ns, Reaching safepoint: 30070 ns, Cleanup: 17933 ns, At safepoint: 11380 ns, Total: 59383 ns
[2025-06-12T03:01:12.762+0000][73][info ][safepoint   ] Safepoint "Cleanup", Time since last: 13283418346 ns, Reaching safepoint: 97248 ns, Cleanup: 9415 ns, At safepoint: 73342 ns, Total: 180005 ns
[2025-06-12T03:01:14.293+0000][73][info ][safepoint   ] Safepoint "Cleanup", Time since last: 1531214655 ns, Reaching safepoint: 15005 ns, Cleanup: 26828 ns, At safepoint: 20172 ns, Total: 62005 ns
[2025-06-12T03:02:16.317+0000][73][info ][safepoint   ] Safepoint "Cleanup", Time since last: 62028382945 ns, Reaching safepoint: 14293 ns, Cleanup: 14727 ns, At safepoint: 5165 ns, Total: 34185 ns
[2025-06-12T03:05:25.421+0000][73][info ][safepoint   ] Safepoint "Cleanup", Time since last: 189117988023 ns, Reaching safepoint: 12722 ns, Cleanup: 12314 ns, At safepoint: 17906 ns, Total: 42942 ns
[2025-06-12T03:06:28.479+0000][73][info ][safepoint   ] Safepoint "Cleanup", Time since last: 63061559829 ns, Reaching safepoint: 13464 ns, Cleanup: 11003 ns, At safepoint: 4771 ns, Total: 29238 ns
[2025-06-12T03:06:29.516+0000][73][info ][safepoint   ] Safepoint "Cleanup", Time since last: 1037735099 ns, Reaching safepoint: 14637 ns, Cleanup: 28386 ns, At safepoint: 20325 ns, Total: 63348 ns
[2025-06-12T03:07:31.532+0000][73][info ][safepoint   ] Safepoint "Cleanup", Time since last: 62020651248 ns, Reaching safepoint: 12465 ns, Cleanup: 10810 ns, At safepoint: 16499 ns, Total: 39774 ns
[2025-06-12T03:07:53.541+0000][73][info ][safepoint   ] Safepoint "Cleanup", Time since last: 22010724095 ns, Reaching safepoint: 49761 ns, Cleanup: 14860 ns, At safepoint: 8254 ns, Total: 72875 ns
[2025-06-12T03:08:22.543+0000][73][info ][safepoint   ] Safepoint "Cleanup", Time since last: 29003817949 ns, Reaching safepoint: 56255 ns, Cleanup: 16673 ns, At safepoint: 12445 ns, Total: 85373 ns
[2025-06-12T03:08:33.752+0000][73][info ][safepoint   ] Safepoint "Cleanup", Time since last: 11209244333 ns, Reaching safepoint: 13631 ns, Cleanup: 11982 ns, At safepoint: 17635 ns, Total: 43248 ns
[2025-06-12T03:10:39.735+0000][73][info ][safepoint   ] Safepoint "Cleanup", Time since last: 125994580831 ns, Reaching safepoint: 109666 ns, Cleanup: 13089 ns, At safepoint: 34947 ns, Total: 157702 ns
[2025-06-12T03:10:41.650+0000][73][info ][safepoint   ] Safepoint "Cleanup", Time since last: 1915004830 ns, Reaching safepoint: 24658 ns, Cleanup: 17774 ns, At safepoint: 11225 ns, Total: 53657 ns
[2025-06-12T03:11:43.682+0000][73][info ][safepoint   ] Safepoint "Cleanup", Time since last: 62036187653 ns, Reaching safepoint: 16096 ns, Cleanup: 12472 ns, At safepoint: 20972 ns, Total: 49540 ns
[2025-06-12T03:11:44.682+0000][73][info ][safepoint   ] Safepoint "Cleanup", Time since last: 1000093818 ns, Reaching safepoint: 7500 ns, Cleanup: 11521 ns, At safepoint: 14323 ns, Total: 33344 ns
[2025-06-12T03:12:46.697+0000][73][info ][safepoint   ] Safepoint "Cleanup", Time since last: 62019103615 ns, Reaching safepoint: 17704 ns, Cleanup: 13186 ns, At safepoint: 18786 ns, Total: 49676 ns
[2025-06-12T03:13:30.753+0000][73][info ][safepoint   ] Safepoint "Cleanup", Time since last: 44058230804 ns, Reaching safepoint: 14658 ns, Cleanup: 70895 ns, At safepoint: 23560 ns, Total: 109113 ns
[2025-06-12T03:13:32.751+0000][73][info ][safepoint   ] Safepoint "Cleanup", Time since last: 1997292753 ns, Reaching safepoint: 22960 ns, Cleanup: 24247 ns, At safepoint: 10216 ns, Total: 57423 ns
[2025-06-12T03:13:33.758+0000][73][info ][safepoint   ] Safepoint "Cleanup", Time since last: 1007965880 ns, Reaching safepoint: 6303 ns, Cleanup: 9692 ns, At safepoint: 13020 ns, Total: 29015 ns
[2025-06-12T03:13:37.754+0000][73][info ][safepoint   ] Safepoint "Cleanup", Time since last: 3997692706 ns, Reaching safepoint: 62015 ns, Cleanup: 22742 ns, At safepoint: 13669 ns, Total: 98426 ns
[2025-06-12T03:13:48.757+0000][73][info ][safepoint   ] Safepoint "Cleanup", Time since last: 11002965640 ns, Reaching safepoint: 440041 ns, Cleanup: 14859 ns, At safepoint: 53108 ns, Total: 508008 ns
[2025-06-12T03:13:49.781+0000][73][info ][safepoint   ] Safepoint "Cleanup", Time since last: 1023499435 ns, Reaching safepoint: 25677 ns, Cleanup: 17378 ns, At safepoint: 15403 ns, Total: 58458 ns
[2025-06-12T03:14:06.780+0000][73][info ][safepoint   ] Safepoint "Cleanup", Time since last: 17001380060 ns, Reaching safepoint: 168594 ns, Cleanup: 8626 ns, At safepoint: 73381 ns, Total: 250601 ns
[2025-06-12T03:14:07.884+0000][73][info ][safepoint   ] Safepoint "Cleanup", Time since last: 1103745413 ns, Reaching safepoint: 26189 ns, Cleanup: 17777 ns, At safepoint: 11421 ns, Total: 55387 ns
[2025-06-12T03:14:17.781+0000][73][info ][safepoint   ] Safepoint "Cleanup", Time since last: 9896575703 ns, Reaching safepoint: 17462 ns, Cleanup: 13996 ns, At safepoint: 19541 ns, Total: 50999 ns
[2025-06-12T03:14:18.793+0000][73][info ][safepoint   ] Safepoint "Cleanup", Time since last: 1012207546 ns, Reaching safepoint: 24203 ns, Cleanup: 13973 ns, At safepoint: 9116 ns, Total: 47292 ns
[2025-06-12T03:14:22.794+0000][73][info ][safepoint   ] Safepoint "Cleanup", Time since last: 4000896982 ns, Reaching safepoint: 40748 ns, Cleanup: 15472 ns, At safepoint: 9701 ns, Total: 65921 ns
[2025-06-12T03:15:22.952+0000][73][info ][safepoint   ] Safepoint "Cleanup", Time since last: 60163829106 ns, Reaching safepoint: 53487 ns, Cleanup: 15141 ns, At safepoint: 9634 ns, Total: 78262 ns
[2025-06-12T03:15:58.043+0000][73][info ][safepoint   ] Safepoint "Cleanup", Time since last: 35091518555 ns, Reaching safepoint: 61070 ns, Cleanup: 16764 ns, At safepoint: 14621 ns, Total: 92455 ns
[2025-06-12T03:15:59.470+0000][73][info ][safepoint   ] Safepoint "Cleanup", Time since last: 1426581211 ns, Reaching safepoint: 27206 ns, Cleanup: 16382 ns, At safepoint: 13515 ns, Total: 57103 ns
[2025-06-12T03:16:57.759+0000][73][info ][safepoint   ] Safepoint "Cleanup", Time since last: 58294256092 ns, Reaching safepoint: 16223 ns, Cleanup: 11387 ns, At safepoint: 32852 ns, Total: 60462 ns
[2025-06-12T03:16:59.067+0000][73][info ][safepoint   ] Safepoint "Cleanup", Time since last: 1308240034 ns, Reaching safepoint: 24553 ns, Cleanup: 17045 ns, At safepoint: 12210 ns, Total: 53808 ns
[2025-06-12T03:20:06.726+0000][73][info ][safepoint   ] Safepoint "Cleanup", Time since last: 187674630962 ns, Reaching safepoint: 6690 ns, Cleanup: 12672 ns, At safepoint: 14227 ns, Total: 33589 ns
[2025-06-12T03:20:08.130+0000][73][info ][safepoint   ] Safepoint "Cleanup", Time since last: 1403359714 ns, Reaching safepoint: 25581 ns, Cleanup: 18123 ns, At safepoint: 12810 ns, Total: 56514 ns
[2025-06-12T03:21:10.201+0000][73][info ][safepoint   ] Safepoint "Cleanup", Time since last: 62076533746 ns, Reaching safepoint: 13647 ns, Cleanup: 19281 ns, At safepoint: 19934 ns, Total: 52862 ns
[2025-06-12T03:22:23.207+0000][73][info ][safepoint   ] Safepoint "Cleanup", Time since last: 73010461467 ns, Reaching safepoint: 23827 ns, Cleanup: 14468 ns, At safepoint: 10476 ns, Total: 48771 ns
[2025-06-12T03:22:53.533+0000][73][info ][safepoint   ] Safepoint "Cleanup", Time since last: 30327990932 ns, Reaching safepoint: 60461 ns, Cleanup: 19337 ns, At safepoint: 10425 ns, Total: 90223 ns
[2025-06-12T03:22:56.534+0000][73][info ][safepoint   ] Safepoint "Cleanup", Time since last: 3000808123 ns, Reaching safepoint: 25952 ns, Cleanup: 19013 ns, At safepoint: 12910 ns, Total: 57875 ns
[2025-06-12T03:23:16.226+0000][73][info ][safepoint   ] Safepoint "Cleanup", Time since last: 19693826922 ns, Reaching safepoint: 15951 ns, Cleanup: 11724 ns, At safepoint: 18097 ns, Total: 45772 ns
[2025-06-12T03:24:19.261+0000][73][info ][safepoint   ] Safepoint "Cleanup", Time since last: 63039718294 ns, Reaching safepoint: 11981 ns, Cleanup: 11297 ns, At safepoint: 19177 ns, Total: 42455 ns
[2025-06-12T03:25:49.319+0000][73][info ][safepoint   ] Safepoint "Cleanup", Time since last: 90064541366 ns, Reaching safepoint: 43776 ns, Cleanup: 12975 ns, At safepoint: 22263 ns, Total: 79014 ns
[2025-06-12T03:25:59.969+0000][73][info ][safepoint   ] Safepoint "Cleanup", Time since last: 10650280177 ns, Reaching safepoint: 27826 ns, Cleanup: 15316 ns, At safepoint: 10245 ns, Total: 53387 ns
[2025-06-12T03:26:23.970+0000][73][info ][safepoint   ] Safepoint "Cleanup", Time since last: 24003310473 ns, Reaching safepoint: 63127 ns, Cleanup: 16898 ns, At safepoint: 11511 ns, Total: 91536 ns
[2025-06-12T03:26:25.362+0000][73][info ][safepoint   ] Safepoint "Cleanup", Time since last: 1392199589 ns, Reaching safepoint: 28502 ns, Cleanup: 17739 ns, At safepoint: 70038 ns, Total: 116279 ns
[2025-06-12T03:26:28.646+0000][73][info ][safepoint   ] Safepoint "Cleanup", Time since last: 3283894476 ns, Reaching safepoint: 26027 ns, Cleanup: 15871 ns, At safepoint: 11364 ns, Total: 53262 ns
[2025-06-12T03:27:28.412+0000][73][info ][safepoint   ] Safepoint "Cleanup", Time since last: 59770305755 ns, Reaching safepoint: 12577 ns, Cleanup: 15633 ns, At safepoint: 5154 ns, Total: 33364 ns
[2025-06-12T03:29:33.792+0000][73][info ][safepoint   ] Safepoint "Cleanup", Time since last: 125388684985 ns, Reaching safepoint: 15928 ns, Cleanup: 13780 ns, At safepoint: 69269 ns, Total: 98977 ns
[2025-06-12T03:29:35.511+0000][73][info ][safepoint   ] Safepoint "Cleanup", Time since last: 1721592928 ns, Reaching safepoint: 28225 ns, Cleanup: 15634 ns, At safepoint: 10252 ns, Total: 54111 ns
[2025-06-12T03:32:56.674+0000][73][info ][safepoint   ] Safepoint "Cleanup", Time since last: 201175841983 ns, Reaching safepoint: 27989 ns, Cleanup: 17348 ns, At safepoint: 12198 ns, Total: 57535 ns
[2025-06-12T03:35:53.791+0000][73][info ][safepoint   ] Safepoint "Cleanup", Time since last: 177130821024 ns, Reaching safepoint: 25112 ns, Cleanup: 34239 ns, At safepoint: 14253 ns, Total: 73604 ns
[2025-06-12T03:35:55.749+0000][73][info ][safepoint   ] Safepoint "Cleanup", Time since last: 1957804042 ns, Reaching safepoint: 62374 ns, Cleanup: 22892 ns, At safepoint: 10333 ns, Total: 95599 ns
[2025-06-12T03:36:13.063+0000][73][info ][gc,start    ] GC(22) Pause Young (Normal) (G1 Evacuation Pause)
[2025-06-12T03:36:13.064+0000][73][info ][gc,task     ] GC(22) Using 10 workers of 10 for evacuation
[2025-06-12T03:36:13.065+0000][73][debug][gc,age      ] GC(22) Desired survivor size 153092096 bytes, new threshold 15 (max threshold 15)
[2025-06-12T03:36:13.098+0000][73][info ][gc,phases   ] GC(22)   Pre Evacuate Collection Set: 1.90ms
[2025-06-12T03:36:13.099+0000][73][info ][gc,phases   ] GC(22)   Merge Heap Roots: 1.21ms
[2025-06-12T03:36:13.099+0000][73][info ][gc,phases   ] GC(22)   Evacuate Collection Set: 24.30ms
[2025-06-12T03:36:13.099+0000][73][info ][gc,phases   ] GC(22)   Post Evacuate Collection Set: 5.28ms
[2025-06-12T03:36:13.100+0000][73][info ][gc,phases   ] GC(22)   Other: 1.85ms
[2025-06-12T03:36:13.100+0000][73][trace][gc,age      ] GC(22) Age table with threshold 15 (max threshold 15)
[2025-06-12T03:36:13.100+0000][73][trace][gc,age      ] GC(22) - age   1:    1375024 bytes,    1375024 total
[2025-06-12T03:36:13.101+0000][73][trace][gc,age      ] GC(22) - age   2:     176328 bytes,    1551352 total
[2025-06-12T03:36:13.101+0000][73][trace][gc,age      ] GC(22) - age   3:     460376 bytes,    2011728 total
[2025-06-12T03:36:13.101+0000][73][trace][gc,age      ] GC(22) - age   4:     234976 bytes,    2246704 total
[2025-06-12T03:36:13.101+0000][73][trace][gc,age      ] GC(22) - age   5:     120744 bytes,    2367448 total
[2025-06-12T03:36:13.102+0000][73][trace][gc,age      ] GC(22) - age   6:     129952 bytes,    2497400 total
[2025-06-12T03:36:13.102+0000][73][trace][gc,age      ] GC(22) - age   7:    1504736 bytes,    4002136 total
[2025-06-12T03:36:13.102+0000][73][trace][gc,age      ] GC(22) - age   8:    1395632 bytes,    5397768 total
[2025-06-12T03:36:13.102+0000][73][trace][gc,age      ] GC(22) - age   9:      82488 bytes,    5480256 total
[2025-06-12T03:36:13.103+0000][73][info ][gc,heap     ] GC(22) Eden regions: 580->0(580)
[2025-06-12T03:36:13.103+0000][73][info ][gc,heap     ] GC(22) Survivor regions: 2->2(73)
[2025-06-12T03:36:13.103+0000][73][info ][gc,heap     ] GC(22) Old regions: 28->28
[2025-06-12T03:36:13.103+0000][73][info ][gc,heap     ] GC(22) Humongous regions: 0->0
[2025-06-12T03:36:13.104+0000][73][info ][gc,metaspace] GC(22) Metaspace: 149271K(153280K)->149271K(153280K) NonClass: 129037K(131200K)->129037K(131200K) Class: 20234K(22080K)->20234K(22080K)
[2025-06-12T03:36:13.104+0000][73][info ][gc          ] GC(22) Pause Young (Normal) (G1 Evacuation Pause) 2434M->114M(3880M) 41.480ms
[2025-06-12T03:36:13.105+0000][73][info ][gc,cpu      ] GC(22) User=0.23s Sys=0.00s Real=0.04s
[2025-06-12T03:36:13.105+0000][73][info ][safepoint   ] Safepoint "G1CollectForAllocation", Time since last: 17316730066 ns, Reaching safepoint: 45112 ns, Cleanup: 5260 ns, At safepoint: 42818775 ns, Total: 42869147 ns
[2025-06-12T03:38:38.971+0000][73][info ][safepoint   ] Safepoint "Cleanup", Time since last: 145876576315 ns, Reaching safepoint: 19168 ns, Cleanup: 13496 ns, At safepoint: 8453 ns, Total: 41117 ns
[2025-06-12T03:39:00.918+0000][73][info ][safepoint   ] Safepoint "Cleanup", Time since last: 21947086270 ns, Reaching safepoint: 6594 ns, Cleanup: 10219 ns, At safepoint: 12886 ns, Total: 29699 ns
[2025-06-12T03:40:03.959+0000][73][info ][safepoint   ] Safepoint "Cleanup", Time since last: 63045887036 ns, Reaching safepoint: 14202 ns, Cleanup: 10526 ns, At safepoint: 4527 ns, Total: 29255 ns
[2025-06-12T03:40:57.695+0000][73][info ][safepoint   ] Safepoint "Cleanup", Time since last: 53739837620 ns, Reaching safepoint: 8647 ns, Cleanup: 10181 ns, At safepoint: 3217 ns, Total: 22045 ns
[2025-06-12T03:40:59.000+0000][73][info ][safepoint   ] Safepoint "Cleanup", Time since last: 1304977213 ns, Reaching safepoint: 23265 ns, Cleanup: 18410 ns, At safepoint: 10071 ns, Total: 51746 ns
[2025-06-12T03:41:02.031+0000][73][info ][safepoint   ] Safepoint "Cleanup", Time since last: 3030513294 ns, Reaching safepoint: 71475 ns, Cleanup: 18669 ns, At safepoint: 32613 ns, Total: 122757 ns
[2025-06-12T03:41:06.708+0000][73][info ][safepoint   ] Safepoint "Cleanup", Time since last: 4679562616 ns, Reaching safepoint: 6886 ns, Cleanup: 8727 ns, At safepoint: 13503 ns, Total: 29116 ns
[2025-06-12T03:41:08.054+0000][73][info ][safepoint   ] Safepoint "Cleanup", Time since last: 1346024105 ns, Reaching safepoint: 25322 ns, Cleanup: 15920 ns, At safepoint: 11207 ns, Total: 52449 ns
[2025-06-12T03:41:46.374+0000][73][info ][safepoint   ] Safepoint "Cleanup", Time since last: 38322066940 ns, Reaching safepoint: 57934 ns, Cleanup: 16049 ns, At safepoint: 10331 ns, Total: 84314 ns
[2025-06-12T03:42:09.703+0000][73][info ][safepoint   ] Safepoint "Cleanup", Time since last: 23331465895 ns, Reaching safepoint: 9842 ns, Cleanup: 11202 ns, At safepoint: 14096 ns, Total: 35140 ns
[2025-06-12T03:42:11.081+0000][73][info ][safepoint   ] Safepoint "Cleanup", Time since last: 1378293810 ns, Reaching safepoint: 25300 ns, Cleanup: 20239 ns, At safepoint: 13122 ns, Total: 58661 ns
[2025-06-12T03:42:56.079+0000][73][info ][safepoint   ] Safepoint "Cleanup", Time since last: 45000273893 ns, Reaching safepoint: 23625 ns, Cleanup: 15389 ns, At safepoint: 38099 ns, Total: 77113 ns
[2025-06-12T03:43:12.709+0000][73][info ][safepoint   ] Safepoint "Cleanup", Time since last: 16631668153 ns, Reaching safepoint: 26717 ns, Cleanup: 18109 ns, At safepoint: 115312 ns, Total: 160138 ns
[2025-06-12T03:43:14.114+0000][73][info ][safepoint   ] Safepoint "Cleanup", Time since last: 1405109032 ns, Reaching safepoint: 18570 ns, Cleanup: 15645 ns, At safepoint: 10762 ns, Total: 44977 ns
[2025-06-12T03:43:59.419+0000][73][info ][safepoint   ] Safepoint "Cleanup", Time since last: 45307473568 ns, Reaching safepoint: 25577 ns, Cleanup: 16279 ns, At safepoint: 11259 ns, Total: 53115 ns
[2025-06-12T03:44:12.863+0000][73][info ][safepoint   ] Safepoint "Cleanup", Time since last: 13446615304 ns, Reaching safepoint: 140491 ns, Cleanup: 16579 ns, At safepoint: 52813 ns, Total: 209883 ns
[2025-06-12T03:44:14.175+0000][73][info ][safepoint   ] Safepoint "Cleanup", Time since last: 1311594799 ns, Reaching safepoint: 27773 ns, Cleanup: 93395 ns, At safepoint: 49822 ns, Total: 170990 ns
[2025-06-12T03:44:57.134+0000][73][info ][safepoint   ] Safepoint "Cleanup", Time since last: 42960208293 ns, Reaching safepoint: 55880 ns, Cleanup: 14798 ns, At safepoint: 12722 ns, Total: 83400 ns
[2025-06-12T03:45:18.134+0000][73][info ][safepoint   ] Safepoint "Cleanup", Time since last: 21003053995 ns, Reaching safepoint: 53240 ns, Cleanup: 15253 ns, At safepoint: 11079 ns, Total: 79572 ns
[2025-06-12T03:45:19.200+0000][73][info ][safepoint   ] Safepoint "Cleanup", Time since last: 1066012690 ns, Reaching safepoint: 13291 ns, Cleanup: 12604 ns, At safepoint: 18353 ns, Total: 44248 ns
[2025-06-12T03:45:20.211+0000][73][info ][safepoint   ] Safepoint "Cleanup", Time since last: 1010706972 ns, Reaching safepoint: 25809 ns, Cleanup: 24153 ns, At safepoint: 10745 ns, Total: 60707 ns
[2025-06-12T03:46:43.453+0000][73][info ][safepoint   ] Safepoint "Cleanup", Time since last: 83249307537 ns, Reaching safepoint: 81912 ns, Cleanup: 18642 ns, At safepoint: 35040 ns, Total: 135594 ns
[2025-06-12T03:47:01.457+0000][73][info ][safepoint   ] Safepoint "Cleanup", Time since last: 18003146014 ns, Reaching safepoint: 86722 ns, Cleanup: 17106 ns, At safepoint: 12126 ns, Total: 115954 ns
[2025-06-12T03:47:24.720+0000][73][info ][safepoint   ] Safepoint "Cleanup", Time since last: 23265115589 ns, Reaching safepoint: 14672 ns, Cleanup: 14106 ns, At safepoint: 18222 ns, Total: 47000 ns
[2025-06-12T03:47:26.298+0000][73][info ][safepoint   ] Safepoint "Cleanup", Time since last: 1578239907 ns, Reaching safepoint: 58336 ns, Cleanup: 16105 ns, At safepoint: 11923 ns, Total: 86364 ns
[2025-06-12T03:47:55.213+0000][73][info ][safepoint   ] Safepoint "Cleanup", Time since last: 28917154441 ns, Reaching safepoint: 26257 ns, Cleanup: 16851 ns, At safepoint: 46412 ns, Total: 89520 ns
[2025-06-12T03:48:27.682+0000][73][info ][safepoint   ] Safepoint "Cleanup", Time since last: 32471604825 ns, Reaching safepoint: 15609 ns, Cleanup: 10410 ns, At safepoint: 19890 ns, Total: 45909 ns
[2025-06-12T03:50:22.345+0000][73][info ][safepoint   ] Safepoint "Cleanup", Time since last: 114672986603 ns, Reaching safepoint: 92373 ns, Cleanup: 16250 ns, At safepoint: 11138 ns, Total: 119761 ns
[2025-06-12T03:50:34.355+0000][73][info ][safepoint   ] Safepoint "Cleanup", Time since last: 12009620503 ns, Reaching safepoint: 16267 ns, Cleanup: 12204 ns, At safepoint: 18641 ns, Total: 47112 ns
[2025-06-12T03:51:37.414+0000][73][info ][safepoint   ] Safepoint "Cleanup", Time since last: 63065352561 ns, Reaching safepoint: 11718 ns, Cleanup: 9564 ns, At safepoint: 32748 ns, Total: 54030 ns
[2025-06-12T03:51:39.412+0000][73][info ][safepoint   ] Safepoint "Cleanup", Time since last: 1997406708 ns, Reaching safepoint: 25742 ns, Cleanup: 15923 ns, At safepoint: 37962 ns, Total: 79627 ns
[2025-06-12T03:51:56.415+0000][73][info ][safepoint   ] Safepoint "Cleanup", Time since last: 17003040811 ns, Reaching safepoint: 49191 ns, Cleanup: 14650 ns, At safepoint: 9398 ns, Total: 73239 ns
[2025-06-12T03:53:42.684+0000][73][info ][safepoint   ] Safepoint "Cleanup", Time since last: 106278904147 ns, Reaching safepoint: 94840 ns, Cleanup: 11257 ns, At safepoint: 55998 ns, Total: 162095 ns
[2025-06-12T03:56:02.500+0000][73][info ][safepoint   ] Safepoint "Cleanup", Time since last: 139825486249 ns, Reaching safepoint: 60011 ns, Cleanup: 15319 ns, At safepoint: 9922 ns, Total: 85252 ns
[2025-06-12T03:56:26.508+0000][73][info ][safepoint   ] Safepoint "Cleanup", Time since last: 24010358825 ns, Reaching safepoint: 57102 ns, Cleanup: 16238 ns, At safepoint: 11558 ns, Total: 84898 ns
[2025-06-12T03:56:54.544+0000][73][info ][safepoint   ] Safepoint "Cleanup", Time since last: 28037948320 ns, Reaching safepoint: 54072 ns, Cleanup: 15821 ns, At safepoint: 9977 ns, Total: 79870 ns
[2025-06-12T04:01:09.658+0000][73][info ][safepoint   ] Safepoint "Cleanup", Time since last: 255134529762 ns, Reaching safepoint: 81177 ns, Cleanup: 6514 ns, At safepoint: 24625 ns, Total: 112316 ns
[2025-06-12T04:02:22.704+0000][73][info ][safepoint   ] Safepoint "Cleanup", Time since last: 73049643108 ns, Reaching safepoint: 58820 ns, Cleanup: 16555 ns, At safepoint: 13707 ns, Total: 89082 ns
[2025-06-12T04:03:12.717+0000][73][info ][safepoint   ] Safepoint "Cleanup", Time since last: 50018314791 ns, Reaching safepoint: 18462 ns, Cleanup: 13787 ns, At safepoint: 9159 ns, Total: 41408 ns
[2025-06-12T04:07:21.663+0000][73][info ][safepoint   ] Safepoint "Cleanup", Time since last: 248963981906 ns, Reaching safepoint: 20494 ns, Cleanup: 11020 ns, At safepoint: 10832 ns, Total: 42346 ns
[2025-06-12T04:07:54.729+0000][73][info ][safepoint   ] Safepoint "Cleanup", Time since last: 33067891255 ns, Reaching safepoint: 25234 ns, Cleanup: 80121 ns, At safepoint: 60697 ns, Total: 166052 ns
[2025-06-12T04:09:17.754+0000][73][info ][safepoint   ] Safepoint "Cleanup", Time since last: 83031724120 ns, Reaching safepoint: 58412 ns, Cleanup: 16831 ns, At safepoint: 11008 ns, Total: 86251 ns
[2025-06-12T04:09:24.755+0000][73][info ][safepoint   ] Safepoint "Cleanup", Time since last: 7001399343 ns, Reaching safepoint: 25191 ns, Cleanup: 14381 ns, At safepoint: 11230 ns, Total: 50802 ns
[2025-06-12T04:09:27.660+0000][73][info ][safepoint   ] Safepoint "Cleanup", Time since last: 2905154208 ns, Reaching safepoint: 10714 ns, Cleanup: 6715 ns, At safepoint: 13930 ns, Total: 31359 ns
[2025-06-12T04:09:28.780+0000][73][info ][safepoint   ] Safepoint "Cleanup", Time since last: 1119460924 ns, Reaching safepoint: 8832 ns, Cleanup: 15199 ns, At safepoint: 14427 ns, Total: 38458 ns
[2025-06-12T04:11:33.983+0000][73][info ][safepoint   ] Safepoint "Cleanup", Time since last: 125210012441 ns, Reaching safepoint: 3217775 ns, Cleanup: 18248 ns, At safepoint: 104668 ns, Total: 3340691 ns
[2025-06-12T04:12:22.992+0000][73][info ][safepoint   ] Safepoint "Cleanup", Time since last: 49012525270 ns, Reaching safepoint: 84626 ns, Cleanup: 19250 ns, At safepoint: 11762 ns, Total: 115638 ns
[2025-06-12T04:12:37.002+0000][73][info ][safepoint   ] Safepoint "Cleanup", Time since last: 14012428504 ns, Reaching safepoint: 15774 ns, Cleanup: 48324 ns, At safepoint: 97087 ns, Total: 161185 ns
[2025-06-12T04:13:23.015+0000][73][info ][safepoint   ] Safepoint "Cleanup", Time since last: 46013985726 ns, Reaching safepoint: 47158 ns, Cleanup: 28744 ns, At safepoint: 9415 ns, Total: 85317 ns
[2025-06-12T04:13:25.015+0000][73][info ][safepoint   ] Safepoint "Cleanup", Time since last: 2000691269 ns, Reaching safepoint: 23554 ns, Cleanup: 15022 ns, At safepoint: 13685 ns, Total: 52261 ns
[2025-06-12T04:13:34.027+0000][73][info ][safepoint   ] Safepoint "Cleanup", Time since last: 9012033877 ns, Reaching safepoint: 51505 ns, Cleanup: 13754 ns, At safepoint: 19547 ns, Total: 84806 ns
[2025-06-12T04:13:35.035+0000][73][info ][safepoint   ] Safepoint "Cleanup", Time since last: 1009846271 ns, Reaching safepoint: 24702 ns, Cleanup: 17554 ns, At safepoint: 12927 ns, Total: 55183 ns
[2025-06-12T04:13:40.070+0000][73][info ][safepoint   ] Safepoint "Cleanup", Time since last: 5034830630 ns, Reaching safepoint: 15024 ns, Cleanup: 10435 ns, At safepoint: 18096 ns, Total: 43555 ns
[2025-06-12T04:14:18.638+0000][73][info ][safepoint   ] Safepoint "Cleanup", Time since last: 38570405379 ns, Reaching safepoint: 74057 ns, Cleanup: 13319 ns, At safepoint: 22681 ns, Total: 110057 ns
[2025-06-12T04:14:22.106+0000][73][info ][safepoint   ] Safepoint "Cleanup", Time since last: 3468089404 ns, Reaching safepoint: 17831 ns, Cleanup: 14055 ns, At safepoint: 8689 ns, Total: 40575 ns
[2025-06-12T04:14:43.138+0000][73][info ][safepoint   ] Safepoint "Cleanup", Time since last: 21033625943 ns, Reaching safepoint: 14025 ns, Cleanup: 14611 ns, At safepoint: 20219 ns, Total: 48855 ns
[2025-06-12T04:16:28.953+0000][73][info ][safepoint   ] Safepoint "Cleanup", Time since last: 105822814722 ns, Reaching safepoint: 7146 ns, Cleanup: 12400 ns, At safepoint: 12635 ns, Total: 32181 ns
[2025-06-12T04:16:48.641+0000][73][info ][safepoint   ] Safepoint "Cleanup", Time since last: 19689236360 ns, Reaching safepoint: 16796 ns, Cleanup: 18818 ns, At safepoint: 118704 ns, Total: 154318 ns
[2025-06-12T04:18:55.255+0000][73][info ][safepoint   ] Safepoint "Cleanup", Time since last: 126623406967 ns, Reaching safepoint: 14718 ns, Cleanup: 11563 ns, At safepoint: 18945 ns, Total: 45226 ns
[2025-06-12T04:19:12.267+0000][73][info ][safepoint   ] Safepoint "Cleanup", Time since last: 17014215945 ns, Reaching safepoint: 25051 ns, Cleanup: 15599 ns, At safepoint: 11301 ns, Total: 51951 ns
[2025-06-12T04:19:57.634+0000][73][info ][safepoint   ] Safepoint "Cleanup", Time since last: 45368289935 ns, Reaching safepoint: 32747 ns, Cleanup: 15712 ns, At safepoint: 73645 ns, Total: 122104 ns
[2025-06-12T04:21:01.304+0000][73][info ][safepoint   ] Safepoint "Cleanup", Time since last: 63675124850 ns, Reaching safepoint: 6684 ns, Cleanup: 8497 ns, At safepoint: 3022 ns, Total: 18203 ns
[2025-06-12T04:22:05.369+0000][73][info ][safepoint   ] Safepoint "Cleanup", Time since last: 64070833113 ns, Reaching safepoint: 17261 ns, Cleanup: 17517 ns, At safepoint: 11531 ns, Total: 46309 ns
[2025-06-12T04:22:22.374+0000][73][info ][safepoint   ] Safepoint "Cleanup", Time since last: 17005474900 ns, Reaching safepoint: 27680 ns, Cleanup: 17658 ns, At safepoint: 10628 ns, Total: 55966 ns
[2025-06-12T04:22:57.120+0000][73][info ][safepoint   ] Safepoint "Cleanup", Time since last: 34748449528 ns, Reaching safepoint: 24211 ns, Cleanup: 17611 ns, At safepoint: 11944 ns, Total: 53766 ns
[2025-06-12T04:24:22.418+0000][73][info ][safepoint   ] Safepoint "Cleanup", Time since last: 85304021744 ns, Reaching safepoint: 25602 ns, Cleanup: 18951 ns, At safepoint: 12219 ns, Total: 56772 ns
[2025-06-12T04:25:09.176+0000][73][info ][safepoint   ] Safepoint "Cleanup", Time since last: 46762702960 ns, Reaching safepoint: 56577 ns, Cleanup: 15576 ns, At safepoint: 12937 ns, Total: 85090 ns
[2025-06-12T04:26:28.325+0000][73][info ][safepoint   ] Safepoint "Cleanup", Time since last: 79153697141 ns, Reaching safepoint: 7232 ns, Cleanup: 11965 ns, At safepoint: 13908 ns, Total: 33105 ns
[2025-06-12T04:27:19.507+0000][73][info ][safepoint   ] Safepoint "Cleanup", Time since last: 51186765107 ns, Reaching safepoint: 6321 ns, Cleanup: 8698 ns, At safepoint: 2896 ns, Total: 17915 ns
[2025-06-12T04:27:20.525+0000][73][info ][safepoint   ] Safepoint "Cleanup", Time since last: 1017224351 ns, Reaching safepoint: 13902 ns, Cleanup: 13388 ns, At safepoint: 4923 ns, Total: 32213 ns
[2025-06-12T04:28:13.269+0000][73][info ][gc,start    ] GC(23) Pause Young (Normal) (G1 Evacuation Pause)
[2025-06-12T04:28:13.270+0000][73][info ][gc,task     ] GC(23) Using 10 workers of 10 for evacuation
[2025-06-12T04:28:13.270+0000][73][debug][gc,age      ] GC(23) Desired survivor size 153092096 bytes, new threshold 15 (max threshold 15)
[2025-06-12T04:28:13.284+0000][73][info ][gc,phases   ] GC(23)   Pre Evacuate Collection Set: 0.70ms
[2025-06-12T04:28:13.285+0000][73][info ][gc,phases   ] GC(23)   Merge Heap Roots: 0.78ms
[2025-06-12T04:28:13.286+0000][73][info ][gc,phases   ] GC(23)   Evacuate Collection Set: 7.74ms
[2025-06-12T04:28:13.286+0000][73][info ][gc,phases   ] GC(23)   Post Evacuate Collection Set: 4.88ms
[2025-06-12T04:28:13.286+0000][73][info ][gc,phases   ] GC(23)   Other: 0.92ms
[2025-06-12T04:28:13.286+0000][73][trace][gc,age      ] GC(23) Age table with threshold 15 (max threshold 15)
[2025-06-12T04:28:13.287+0000][73][trace][gc,age      ] GC(23) - age   1:    1026320 bytes,    1026320 total
[2025-06-12T04:28:13.287+0000][73][trace][gc,age      ] GC(23) - age   2:     182848 bytes,    1209168 total
[2025-06-12T04:28:13.287+0000][73][trace][gc,age      ] GC(23) - age   3:     157000 bytes,    1366168 total
[2025-06-12T04:28:13.287+0000][73][trace][gc,age      ] GC(23) - age   4:     460096 bytes,    1826264 total
[2025-06-12T04:28:13.288+0000][73][trace][gc,age      ] GC(23) - age   5:     218424 bytes,    2044688 total
[2025-06-12T04:28:13.288+0000][73][trace][gc,age      ] GC(23) - age   6:     120744 bytes,    2165432 total
[2025-06-12T04:28:13.288+0000][73][trace][gc,age      ] GC(23) - age   7:     129896 bytes,    2295328 total
[2025-06-12T04:28:13.288+0000][73][trace][gc,age      ] GC(23) - age   8:    1504736 bytes,    3800064 total
[2025-06-12T04:28:13.289+0000][73][trace][gc,age      ] GC(23) - age   9:    1394112 bytes,    5194176 total
[2025-06-12T04:28:13.289+0000][73][trace][gc,age      ] GC(23) - age  10:      82488 bytes,    5276664 total
[2025-06-12T04:28:13.289+0000][73][info ][gc,heap     ] GC(23) Eden regions: 580->0(580)
[2025-06-12T04:28:13.290+0000][73][info ][gc,heap     ] GC(23) Survivor regions: 2->2(73)
[2025-06-12T04:28:13.290+0000][73][info ][gc,heap     ] GC(23) Old regions: 28->28
[2025-06-12T04:28:13.290+0000][73][info ][gc,heap     ] GC(23) Humongous regions: 0->0
[2025-06-12T04:28:13.290+0000][73][info ][gc,metaspace] GC(23) Metaspace: 149383K(153408K)->149383K(153408K) NonClass: 129149K(131328K)->129149K(131328K) Class: 20234K(22080K)->20234K(22080K)
[2025-06-12T04:28:13.291+0000][73][info ][gc          ] GC(23) Pause Young (Normal) (G1 Evacuation Pause) 2434M->114M(3880M) 21.966ms
[2025-06-12T04:28:13.291+0000][73][info ][gc,cpu      ] GC(23) User=0.09s Sys=0.00s Real=0.02s
[2025-06-12T04:28:13.292+0000][73][info ][safepoint   ] Safepoint "G1CollectForAllocation", Time since last: 52748502230 ns, Reaching safepoint: 61342 ns, Cleanup: 5382 ns, At safepoint: 22716410 ns, Total: 22783134 ns
[2025-06-12T04:28:58.319+0000][73][info ][safepoint   ] Safepoint "Cleanup", Time since last: 45029052427 ns, Reaching safepoint: 7414 ns, Cleanup: 9450 ns, At safepoint: 3634 ns, Total: 20498 ns
[2025-06-12T04:30:13.313+0000][73][info ][safepoint   ] Safepoint "Cleanup", Time since last: 75001543033 ns, Reaching safepoint: 60271 ns, Cleanup: 17466 ns, At safepoint: 14432 ns, Total: 92169 ns
[2025-06-12T04:30:28.621+0000][73][info ][safepoint   ] Safepoint "Cleanup", Time since last: 15307318628 ns, Reaching safepoint: 17872 ns, Cleanup: 21848 ns, At safepoint: 91561 ns, Total: 131281 ns
[2025-06-12T04:31:22.344+0000][73][info ][safepoint   ] Safepoint "Cleanup", Time since last: 53727328807 ns, Reaching safepoint: 58301 ns, Cleanup: 15827 ns, At safepoint: 12118 ns, Total: 86246 ns
[2025-06-12T04:32:56.693+0000][73][info ][safepoint   ] Safepoint "Cleanup", Time since last: 94355520581 ns, Reaching safepoint: 19956 ns, Cleanup: 14724 ns, At safepoint: 9210 ns, Total: 43890 ns
[2025-06-12T04:33:36.702+0000][73][info ][safepoint   ] Safepoint "Cleanup", Time since last: 40012838182 ns, Reaching safepoint: 6916 ns, Cleanup: 9449 ns, At safepoint: 3231 ns, Total: 19596 ns
[2025-06-12T04:36:58.350+0000][73][info ][safepoint   ] Safepoint "Cleanup", Time since last: 201660745548 ns, Reaching safepoint: 34829 ns, Cleanup: 17074 ns, At safepoint: 90355 ns, Total: 142258 ns
[2025-06-12T04:37:47.528+0000][73][info ][safepoint   ] Safepoint "Cleanup", Time since last: 49187490612 ns, Reaching safepoint: 95462 ns, Cleanup: 14012 ns, At safepoint: 7308 ns, Total: 116782 ns
[2025-06-12T04:37:48.592+0000][73][info ][safepoint   ] Safepoint "Cleanup", Time since last: 1063150025 ns, Reaching safepoint: 8637 ns, Cleanup: 9649 ns, At safepoint: 3269 ns, Total: 21555 ns
[2025-06-12T04:37:49.871+0000][73][info ][safepoint   ] Safepoint "Cleanup", Time since last: 1279313946 ns, Reaching safepoint: 23967 ns, Cleanup: 16852 ns, At safepoint: 11783 ns, Total: 52602 ns
[2025-06-12T04:37:54.872+0000][73][info ][safepoint   ] Safepoint "Cleanup", Time since last: 5001049513 ns, Reaching safepoint: 20941 ns, Cleanup: 14315 ns, At safepoint: 42234 ns, Total: 77490 ns
[2025-06-12T04:38:51.605+0000][73][info ][safepoint   ] Safepoint "Cleanup", Time since last: 56739326868 ns, Reaching safepoint: 104179 ns, Cleanup: 10257 ns, At safepoint: 40095 ns, Total: 154531 ns
[2025-06-12T04:44:43.705+0000][73][info ][safepoint   ] Safepoint "Cleanup", Time since last: 352139457825 ns, Reaching safepoint: 58457 ns, Cleanup: 15780 ns, At safepoint: 9936 ns, Total: 84173 ns
[2025-06-12T04:45:22.066+0000][73][info ][safepoint   ] Safepoint "Cleanup", Time since last: 38364613728 ns, Reaching safepoint: 25207 ns, Cleanup: 21109 ns, At safepoint: 9526 ns, Total: 55842 ns
[2025-06-12T04:46:22.087+0000][73][info ][safepoint   ] Safepoint "Cleanup", Time since last: 60026670704 ns, Reaching safepoint: 26872 ns, Cleanup: 21042 ns, At safepoint: 12771 ns, Total: 60685 ns
[2025-06-12T04:46:36.582+0000][73][info ][safepoint   ] Safepoint "Cleanup", Time since last: 14497732513 ns, Reaching safepoint: 11105 ns, Cleanup: 7881 ns, At safepoint: 29806 ns, Total: 48792 ns
[2025-06-12T04:46:58.263+0000][73][info ][safepoint   ] Safepoint "Cleanup", Time since last: 21680480762 ns, Reaching safepoint: 6456 ns, Cleanup: 10039 ns, At safepoint: 3205 ns, Total: 19700 ns
[2025-06-12T04:48:22.151+0000][73][info ][safepoint   ] Safepoint "Cleanup", Time since last: 83897423271 ns, Reaching safepoint: 45984 ns, Cleanup: 15893 ns, At safepoint: 10766 ns, Total: 72643 ns
[2025-06-12T04:48:25.152+0000][73][info ][safepoint   ] Safepoint "Cleanup", Time since last: 3000773232 ns, Reaching safepoint: 24977 ns, Cleanup: 16737 ns, At safepoint: 10688 ns, Total: 52402 ns
[2025-06-12T04:50:25.182+0000][73][info ][safepoint   ] Safepoint "Cleanup", Time since last: 120042494308 ns, Reaching safepoint: 37426 ns, Cleanup: 13421 ns, At safepoint: 20947 ns, Total: 71794 ns
[2025-06-12T04:51:28.208+0000][73][info ][safepoint   ] Safepoint "Cleanup", Time since last: 63031106058 ns, Reaching safepoint: 13415 ns, Cleanup: 11943 ns, At safepoint: 17583 ns, Total: 42941 ns
[2025-06-12T04:51:39.547+0000][73][info ][safepoint   ] Safepoint "Cleanup", Time since last: 11342222223 ns, Reaching safepoint: 6360 ns, Cleanup: 9010 ns, At safepoint: 2910 ns, Total: 18280 ns
[2025-06-12T04:51:56.224+0000][73][info ][safepoint   ] Safepoint "Cleanup", Time since last: 16676592131 ns, Reaching safepoint: 59408 ns, Cleanup: 16148 ns, At safepoint: 13213 ns, Total: 88769 ns
[2025-06-12T04:52:30.563+0000][73][info ][safepoint   ] Safepoint "Cleanup", Time since last: 34342447848 ns, Reaching safepoint: 7529 ns, Cleanup: 7141 ns, At safepoint: 18510 ns, Total: 33180 ns
[2025-06-12T04:52:32.249+0000][73][info ][safepoint   ] Safepoint "Cleanup", Time since last: 1685217848 ns, Reaching safepoint: 26404 ns, Cleanup: 16405 ns, At safepoint: 10427 ns, Total: 53236 ns
[2025-06-12T04:53:33.546+0000][73][info ][safepoint   ] Safepoint "Cleanup", Time since last: 61302120160 ns, Reaching safepoint: 800154 ns, Cleanup: 11276 ns, At safepoint: 58073 ns, Total: 869503 ns
[2025-06-12T04:57:22.448+0000][73][info ][safepoint   ] Safepoint "Cleanup", Time since last: 228922855961 ns, Reaching safepoint: 70382 ns, Cleanup: 20109 ns, At safepoint: 14995 ns, Total: 105486 ns
[2025-06-12T04:57:46.363+0000][73][info ][safepoint   ] Safepoint "Cleanup", Time since last: 23917239238 ns, Reaching safepoint: 7385 ns, Cleanup: 10293 ns, At safepoint: 2961 ns, Total: 20639 ns
[2025-06-12T04:57:47.363+0000][73][info ][safepoint   ] Safepoint "Cleanup", Time since last: 1000236651 ns, Reaching safepoint: 11815 ns, Cleanup: 12295 ns, At safepoint: 16752 ns, Total: 40862 ns
[2025-06-12T04:58:22.366+0000][73][info ][safepoint   ] Safepoint "Cleanup", Time since last: 35005737496 ns, Reaching safepoint: 59475 ns, Cleanup: 16470 ns, At safepoint: 15085 ns, Total: 91030 ns
[2025-06-12T05:01:58.222+0000][73][info ][safepoint   ] Safepoint "Cleanup", Time since last: 215872886310 ns, Reaching safepoint: 13544 ns, Cleanup: 11021 ns, At safepoint: 16012 ns, Total: 40577 ns
[2025-06-12T05:04:03.532+0000][73][info ][safepoint   ] Safepoint "Cleanup", Time since last: 125319115804 ns, Reaching safepoint: 22813 ns, Cleanup: 13027 ns, At safepoint: 17170 ns, Total: 53010 ns
[2025-06-12T05:05:07.535+0000][73][info ][safepoint   ] Safepoint "Cleanup", Time since last: 64010347565 ns, Reaching safepoint: 25089 ns, Cleanup: 16400 ns, At safepoint: 10344 ns, Total: 51833 ns
[2025-06-12T05:08:48.306+0000][73][info ][safepoint   ] Safepoint "Cleanup", Time since last: 220786448738 ns, Reaching safepoint: 52729 ns, Cleanup: 15707 ns, At safepoint: 11129 ns, Total: 79565 ns
[2025-06-12T05:09:22.715+0000][73][info ][safepoint   ] Safepoint "Cleanup", Time since last: 34411463164 ns, Reaching safepoint: 59803 ns, Cleanup: 15987 ns, At safepoint: 14830 ns, Total: 90620 ns
[2025-06-12T05:11:22.360+0000][73][info ][safepoint   ] Safepoint "Cleanup", Time since last: 119654003776 ns, Reaching safepoint: 22940 ns, Cleanup: 15300 ns, At safepoint: 11079 ns, Total: 49319 ns
[2025-06-12T05:13:22.418+0000][73][info ][safepoint   ] Safepoint "Cleanup", Time since last: 120067549106 ns, Reaching safepoint: 59783 ns, Cleanup: 17106 ns, At safepoint: 12229 ns, Total: 89118 ns
[2025-06-12T05:13:36.838+0000][73][info ][safepoint   ] Safepoint "Cleanup", Time since last: 14421964162 ns, Reaching safepoint: 33312 ns, Cleanup: 24442 ns, At safepoint: 74900 ns, Total: 132654 ns
[2025-06-12T05:13:37.856+0000][73][info ][safepoint   ] Safepoint "Cleanup", Time since last: 1017744078 ns, Reaching safepoint: 26103 ns, Cleanup: 15716 ns, At safepoint: 12825 ns, Total: 54644 ns
[2025-06-12T05:13:42.907+0000][73][info ][safepoint   ] Safepoint "Cleanup", Time since last: 5050381106 ns, Reaching safepoint: 31885 ns, Cleanup: 15023 ns, At safepoint: 71694 ns, Total: 118602 ns
[2025-06-12T05:14:30.628+0000][73][info ][safepoint   ] Safepoint "Cleanup", Time since last: 47723746431 ns, Reaching safepoint: 21617 ns, Cleanup: 18384 ns, At safepoint: 19548 ns, Total: 59549 ns
[2025-06-12T05:16:40.032+0000][73][info ][safepoint   ] Safepoint "Cleanup", Time since last: 129415279253 ns, Reaching safepoint: 13965 ns, Cleanup: 10991 ns, At safepoint: 5102 ns, Total: 30058 ns
[2025-06-12T05:16:58.209+0000][73][info ][gc,start    ] GC(24) Pause Young (Normal) (G1 Evacuation Pause)
[2025-06-12T05:16:58.210+0000][73][info ][gc,task     ] GC(24) Using 10 workers of 10 for evacuation
[2025-06-12T05:16:58.210+0000][73][debug][gc,age      ] GC(24) Desired survivor size 153092096 bytes, new threshold 15 (max threshold 15)
[2025-06-12T05:16:58.220+0000][73][info ][gc,phases   ] GC(24)   Pre Evacuate Collection Set: 0.74ms
[2025-06-12T05:16:58.221+0000][73][info ][gc,phases   ] GC(24)   Merge Heap Roots: 0.83ms
[2025-06-12T05:16:58.222+0000][73][info ][gc,phases   ] GC(24)   Evacuate Collection Set: 5.25ms
[2025-06-12T05:16:58.222+0000][73][info ][gc,phases   ] GC(24)   Post Evacuate Collection Set: 2.48ms
[2025-06-12T05:16:58.222+0000][73][info ][gc,phases   ] GC(24)   Other: 0.79ms
[2025-06-12T05:16:58.223+0000][73][trace][gc,age      ] GC(24) Age table with threshold 15 (max threshold 15)
[2025-06-12T05:16:58.223+0000][73][trace][gc,age      ] GC(24) - age   1:    1619200 bytes,    1619200 total
[2025-06-12T05:16:58.223+0000][73][trace][gc,age      ] GC(24) - age   2:     165488 bytes,    1784688 total
[2025-06-12T05:16:58.223+0000][73][trace][gc,age      ] GC(24) - age   3:     162864 bytes,    1947552 total
[2025-06-12T05:16:58.224+0000][73][trace][gc,age      ] GC(24) - age   4:     156480 bytes,    2104032 total
[2025-06-12T05:16:58.224+0000][73][trace][gc,age      ] GC(24) - age   5:     460000 bytes,    2564032 total
[2025-06-12T05:16:58.224+0000][73][trace][gc,age      ] GC(24) - age   6:     216728 bytes,    2780760 total
[2025-06-12T05:16:58.224+0000][73][trace][gc,age      ] GC(24) - age   7:     120744 bytes,    2901504 total
[2025-06-12T05:16:58.225+0000][73][trace][gc,age      ] GC(24) - age   8:     129896 bytes,    3031400 total
[2025-06-12T05:16:58.225+0000][73][trace][gc,age      ] GC(24) - age   9:    1504696 bytes,    4536096 total
[2025-06-12T05:16:58.225+0000][73][trace][gc,age      ] GC(24) - age  10:    1394056 bytes,    5930152 total
[2025-06-12T05:16:58.226+0000][73][trace][gc,age      ] GC(24) - age  11:      82488 bytes,    6012640 total
[2025-06-12T05:16:58.226+0000][73][info ][gc,heap     ] GC(24) Eden regions: 580->0(580)
[2025-06-12T05:16:58.226+0000][73][info ][gc,heap     ] GC(24) Survivor regions: 2->2(73)
[2025-06-12T05:16:58.226+0000][73][info ][gc,heap     ] GC(24) Old regions: 28->28
[2025-06-12T05:16:58.227+0000][73][info ][gc,heap     ] GC(24) Humongous regions: 0->0
[2025-06-12T05:16:58.227+0000][73][info ][gc,metaspace] GC(24) Metaspace: 149471K(153472K)->149471K(153472K) NonClass: 129237K(131392K)->129237K(131392K) Class: 20234K(22080K)->20234K(22080K)
[2025-06-12T05:16:58.227+0000][73][info ][gc          ] GC(24) Pause Young (Normal) (G1 Evacuation Pause) 2434M->115M(3880M) 17.666ms
[2025-06-12T05:16:58.227+0000][73][info ][gc,cpu      ] GC(24) User=0.06s Sys=0.01s Real=0.02s
[2025-06-12T05:16:58.228+0000][73][info ][safepoint   ] Safepoint "G1CollectForAllocation", Time since last: 18177245892 ns, Reaching safepoint: 194527 ns, Cleanup: 5723 ns, At safepoint: 18498063 ns, Total: 18698313 ns
[2025-06-12T05:19:48.475+0000][73][info ][safepoint   ] Safepoint "Cleanup", Time since last: 170260141967 ns, Reaching safepoint: 15168 ns, Cleanup: 11274 ns, At safepoint: 4889 ns, Total: 31331 ns
[2025-06-12T05:19:50.167+0000][73][info ][safepoint   ] Safepoint "Cleanup", Time since last: 1692642313 ns, Reaching safepoint: 53135 ns, Cleanup: 17996 ns, At safepoint: 13584 ns, Total: 84715 ns
[2025-06-12T05:22:01.812+0000][73][info ][safepoint   ] Safepoint "Cleanup", Time since last: 131653454275 ns, Reaching safepoint: 13232 ns, Cleanup: 11307 ns, At safepoint: 16429 ns, Total: 40968 ns
[2025-06-12T05:23:35.706+0000][73][info ][safepoint   ] Safepoint "Cleanup", Time since last: 93902997234 ns, Reaching safepoint: 19512 ns, Cleanup: 42982 ns, At safepoint: 10368 ns, Total: 72862 ns
[2025-06-12T05:25:04.315+0000][73][info ][safepoint   ] Safepoint "Cleanup", Time since last: 88613879895 ns, Reaching safepoint: 15055 ns, Cleanup: 11843 ns, At safepoint: 18865 ns, Total: 45763 ns
[2025-06-12T05:26:28.341+0000][73][info ][safepoint   ] Safepoint "Cleanup", Time since last: 84031498640 ns, Reaching safepoint: 46815 ns, Cleanup: 14410 ns, At safepoint: 7878 ns, Total: 69103 ns
[2025-06-12T05:26:56.784+0000][73][info ][safepoint   ] Safepoint "Cleanup", Time since last: 28445716525 ns, Reaching safepoint: 59844 ns, Cleanup: 15858 ns, At safepoint: 14263 ns, Total: 89965 ns
[2025-06-12T05:27:01.351+0000][73][info ][safepoint   ] Safepoint "Cleanup", Time since last: 4566602079 ns, Reaching safepoint: 49127 ns, Cleanup: 14823 ns, At safepoint: 22157 ns, Total: 86107 ns
[2025-06-12T05:27:03.357+0000][73][info ][safepoint   ] Safepoint "Cleanup", Time since last: 2006277476 ns, Reaching safepoint: 24549 ns, Cleanup: 15206 ns, At safepoint: 10564 ns, Total: 50319 ns
[2025-06-12T05:28:12.470+0000][73][info ][safepoint   ] Safepoint "Cleanup", Time since last: 69118748766 ns, Reaching safepoint: 650074 ns, Cleanup: 11531 ns, At safepoint: 72344 ns, Total: 733949 ns
[2025-06-12T05:28:14.393+0000][73][info ][safepoint   ] Safepoint "Cleanup", Time since last: 1922512788 ns, Reaching safepoint: 25618 ns, Cleanup: 24090 ns, At safepoint: 12408 ns, Total: 62116 ns
[2025-06-12T05:32:03.461+0000][73][info ][safepoint   ] Safepoint "Cleanup", Time since last: 229082982731 ns, Reaching safepoint: 16524 ns, Cleanup: 13676 ns, At safepoint: 118659 ns, Total: 148859 ns
[2025-06-12T05:32:04.483+0000][73][info ][safepoint   ] Safepoint "Cleanup", Time since last: 1021974949 ns, Reaching safepoint: 26820 ns, Cleanup: 17537 ns, At safepoint: 10660 ns, Total: 55017 ns
[2025-06-12T05:35:23.566+0000][73][info ][safepoint   ] Safepoint "Cleanup", Time since last: 199098112020 ns, Reaching safepoint: 52040 ns, Cleanup: 15576 ns, At safepoint: 8930 ns, Total: 76546 ns
[2025-06-12T05:35:33.579+0000][73][info ][safepoint   ] Safepoint "Cleanup", Time since last: 10013259085 ns, Reaching safepoint: 12453 ns, Cleanup: 11704 ns, At safepoint: 17651 ns, Total: 41808 ns
[2025-06-12T05:37:21.654+0000][73][info ][safepoint   ] Safepoint "Cleanup", Time since last: 108084118292 ns, Reaching safepoint: 25490 ns, Cleanup: 17221 ns, At safepoint: 43992 ns, Total: 86703 ns
[2025-06-12T05:37:28.163+0000][73][info ][safepoint   ] Safepoint "Cleanup", Time since last: 6508940089 ns, Reaching safepoint: 90769 ns, Cleanup: 11443 ns, At safepoint: 36044 ns, Total: 138256 ns
[2025-06-12T05:37:39.453+0000][73][info ][safepoint   ] Safepoint "Cleanup", Time since last: 11291540494 ns, Reaching safepoint: 10290 ns, Cleanup: 9553 ns, At safepoint: 29265 ns, Total: 49108 ns
[2025-06-12T05:40:27.722+0000][73][info ][safepoint   ] Safepoint "Cleanup", Time since last: 168279679059 ns, Reaching safepoint: 59384 ns, Cleanup: 15779 ns, At safepoint: 11802 ns, Total: 86965 ns
[2025-06-12T05:42:29.122+0000][73][info ][safepoint   ] Safepoint "Cleanup", Time since last: 121409749633 ns, Reaching safepoint: 5411 ns, Cleanup: 10039 ns, At safepoint: 12952 ns, Total: 28402 ns
[2025-06-12T05:42:52.208+0000][73][info ][safepoint   ] Safepoint "Cleanup", Time since last: 23087149705 ns, Reaching safepoint: 56949 ns, Cleanup: 16930 ns, At safepoint: 13345 ns, Total: 87224 ns
[2025-06-12T05:43:31.232+0000][73][info ][safepoint   ] Safepoint "Cleanup", Time since last: 39026334499 ns, Reaching safepoint: 34221 ns, Cleanup: 12460 ns, At safepoint: 3182 ns, Total: 49863 ns
[2025-06-12T05:46:03.285+0000][73][info ][safepoint   ] Safepoint "Cleanup", Time since last: 152064679787 ns, Reaching safepoint: 60321 ns, Cleanup: 16544 ns, At safepoint: 10975 ns, Total: 87840 ns
[2025-06-12T05:47:06.904+0000][73][info ][safepoint   ] Safepoint "Cleanup", Time since last: 63624600765 ns, Reaching safepoint: 14467 ns, Cleanup: 10365 ns, At safepoint: 4488 ns, Total: 29320 ns
[2025-06-12T05:47:12.918+0000][73][info ][safepoint   ] Safepoint "Cleanup", Time since last: 6013872127 ns, Reaching safepoint: 13975 ns, Cleanup: 11704 ns, At safepoint: 19390 ns, Total: 45069 ns
[2025-06-12T05:48:09.446+0000][73][info ][safepoint   ] Safepoint "Cleanup", Time since last: 56533781896 ns, Reaching safepoint: 18803 ns, Cleanup: 8304 ns, At safepoint: 14056 ns, Total: 41163 ns
[2025-06-12T05:48:10.975+0000][73][info ][safepoint   ] Safepoint "Cleanup", Time since last: 1528567071 ns, Reaching safepoint: 15460 ns, Cleanup: 18098 ns, At safepoint: 60547 ns, Total: 94105 ns
[2025-06-12T05:53:24.458+0000][73][info ][safepoint   ] Safepoint "Cleanup", Time since last: 313505580544 ns, Reaching safepoint: 17811 ns, Cleanup: 18411 ns, At safepoint: 73628 ns, Total: 109850 ns
[2025-06-12T05:54:28.191+0000][73][info ][safepoint   ] Safepoint "Cleanup", Time since last: 63737853882 ns, Reaching safepoint: 18433 ns, Cleanup: 14677 ns, At safepoint: 71470 ns, Total: 104580 ns
[2025-06-12T05:55:08.610+0000][73][info ][safepoint   ] Safepoint "Cleanup", Time since last: 40423270351 ns, Reaching safepoint: 78953 ns, Cleanup: 19499 ns, At safepoint: 18078 ns, Total: 116530 ns
[2025-06-12T05:56:33.452+0000][73][info ][safepoint   ] Safepoint "Cleanup", Time since last: 84845762680 ns, Reaching safepoint: 224540 ns, Cleanup: 17374 ns, At safepoint: 141531 ns, Total: 383445 ns
[2025-06-12T05:57:57.405+0000][73][info ][safepoint   ] Safepoint "Cleanup", Time since last: 83959719354 ns, Reaching safepoint: 30409 ns, Cleanup: 17806 ns, At safepoint: 15938 ns, Total: 64153 ns
[2025-06-12T05:59:42.434+0000][73][info ][safepoint   ] Safepoint "Cleanup", Time since last: 105037613272 ns, Reaching safepoint: 22758 ns, Cleanup: 15685 ns, At safepoint: 67870 ns, Total: 106313 ns
[2025-06-12T05:59:46.578+0000][73][info ][safepoint   ] Safepoint "Cleanup", Time since last: 4143960876 ns, Reaching safepoint: 54721 ns, Cleanup: 16009 ns, At safepoint: 13568 ns, Total: 84298 ns
[2025-06-12T06:01:37.878+0000][73][info ][safepoint   ] Safepoint "Cleanup", Time since last: 111309105406 ns, Reaching safepoint: 50119 ns, Cleanup: 13717 ns, At safepoint: 9422 ns, Total: 73258 ns
[2025-06-12T06:01:48.677+0000][73][info ][safepoint   ] Safepoint "Cleanup", Time since last: 10799207836 ns, Reaching safepoint: 16548 ns, Cleanup: 22347 ns, At safepoint: 87786 ns, Total: 126681 ns
[2025-06-12T06:02:21.716+0000][73][info ][safepoint   ] Safepoint "Cleanup", Time since last: 33041446021 ns, Reaching safepoint: 170968 ns, Cleanup: 11133 ns, At safepoint: 45000 ns, Total: 227101 ns
[2025-06-12T06:02:22.725+0000][73][info ][safepoint   ] Safepoint "Cleanup", Time since last: 1008997882 ns, Reaching safepoint: 31609 ns, Cleanup: 20687 ns, At safepoint: 19378 ns, Total: 71674 ns
[2025-06-12T06:02:51.479+0000][73][info ][safepoint   ] Safepoint "Cleanup", Time since last: 28755902296 ns, Reaching safepoint: 15976 ns, Cleanup: 21064 ns, At safepoint: 83446 ns, Total: 120486 ns
[2025-06-12T06:02:56.827+0000][73][info ][safepoint   ] Safepoint "Cleanup", Time since last: 5347977049 ns, Reaching safepoint: 16921 ns, Cleanup: 12113 ns, At safepoint: 7196 ns, Total: 36230 ns
[2025-06-12T06:04:57.903+0000][73][info ][safepoint   ] Safepoint "Cleanup", Time since last: 121085010504 ns, Reaching safepoint: 15202 ns, Cleanup: 19768 ns, At safepoint: 79856 ns, Total: 114826 ns
[2025-06-12T06:06:00.445+0000][73][info ][safepoint   ] Safepoint "Cleanup", Time since last: 62546318381 ns, Reaching safepoint: 8977 ns, Cleanup: 13644 ns, At safepoint: 12967 ns, Total: 35588 ns
[2025-06-12T06:08:52.591+0000][73][info ][gc,start    ] GC(25) Pause Young (Normal) (G1 Evacuation Pause)
[2025-06-12T06:08:52.594+0000][73][info ][gc,task     ] GC(25) Using 10 workers of 10 for evacuation
[2025-06-12T06:08:52.595+0000][73][debug][gc,age      ] GC(25) Desired survivor size 153092096 bytes, new threshold 15 (max threshold 15)
[2025-06-12T06:08:52.671+0000][73][info ][gc,phases   ] GC(25)   Pre Evacuate Collection Set: 6.60ms
[2025-06-12T06:08:52.672+0000][73][info ][gc,phases   ] GC(25)   Merge Heap Roots: 1.30ms
[2025-06-12T06:08:52.672+0000][73][info ][gc,phases   ] GC(25)   Evacuate Collection Set: 56.52ms
[2025-06-12T06:08:52.673+0000][73][info ][gc,phases   ] GC(25)   Post Evacuate Collection Set: 11.42ms
[2025-06-12T06:08:52.673+0000][73][info ][gc,phases   ] GC(25)   Other: 1.87ms
[2025-06-12T06:08:52.674+0000][73][trace][gc,age      ] GC(25) Age table with threshold 15 (max threshold 15)
[2025-06-12T06:08:52.674+0000][73][trace][gc,age      ] GC(25) - age   1:     632168 bytes,     632168 total
[2025-06-12T06:08:52.674+0000][73][trace][gc,age      ] GC(25) - age   2:     478312 bytes,    1110480 total
[2025-06-12T06:08:52.675+0000][73][trace][gc,age      ] GC(25) - age   3:     129448 bytes,    1239928 total
[2025-06-12T06:08:52.676+0000][73][trace][gc,age      ] GC(25) - age   4:     161688 bytes,    1401616 total
[2025-06-12T06:08:52.676+0000][73][trace][gc,age      ] GC(25) - age   5:     139440 bytes,    1541056 total
[2025-06-12T06:08:52.677+0000][73][trace][gc,age      ] GC(25) - age   6:     459816 bytes,    2000872 total
[2025-06-12T06:08:52.677+0000][73][trace][gc,age      ] GC(25) - age   7:     216632 bytes,    2217504 total
[2025-06-12T06:08:52.678+0000][73][trace][gc,age      ] GC(25) - age   8:     120744 bytes,    2338248 total
[2025-06-12T06:08:52.678+0000][73][trace][gc,age      ] GC(25) - age   9:     129896 bytes,    2468144 total
[2025-06-12T06:08:52.679+0000][73][trace][gc,age      ] GC(25) - age  10:    1504664 bytes,    3972808 total
[2025-06-12T06:08:52.679+0000][73][trace][gc,age      ] GC(25) - age  11:    1393688 bytes,    5366496 total
[2025-06-12T06:08:52.680+0000][73][trace][gc,age      ] GC(25) - age  12:      82488 bytes,    5448984 total
[2025-06-12T06:08:52.680+0000][73][info ][gc,heap     ] GC(25) Eden regions: 580->0(580)
[2025-06-12T06:08:52.681+0000][73][info ][gc,heap     ] GC(25) Survivor regions: 2->2(73)
[2025-06-12T06:08:52.681+0000][73][info ][gc,heap     ] GC(25) Old regions: 28->28
[2025-06-12T06:08:52.682+0000][73][info ][gc,heap     ] GC(25) Humongous regions: 0->0
[2025-06-12T06:08:52.682+0000][73][info ][gc,metaspace] GC(25) Metaspace: 149552K(153536K)->149552K(153536K) NonClass: 129317K(131456K)->129317K(131456K) Class: 20235K(22080K)->20235K(22080K)
[2025-06-12T06:08:52.683+0000][73][info ][gc          ] GC(25) Pause Young (Normal) (G1 Evacuation Pause) 2435M->114M(3880M) 92.225ms
[2025-06-12T06:08:52.683+0000][73][info ][gc,cpu      ] GC(25) User=0.43s Sys=0.01s Real=0.09s
[2025-06-12T06:08:52.684+0000][73][info ][safepoint   ] Safepoint "G1CollectForAllocation", Time since last: 172157344028 ns, Reaching safepoint: 31026 ns, Cleanup: 7257 ns, At safepoint: 95264014 ns, Total: 95302297 ns
[2025-06-12T06:10:57.238+0000][73][info ][safepoint   ] Safepoint "Cleanup", Time since last: 124563917570 ns, Reaching safepoint: 30872 ns, Cleanup: 16440 ns, At safepoint: 14288 ns, Total: 61600 ns
[2025-06-12T06:11:28.274+0000][73][info ][safepoint   ] Safepoint "Cleanup", Time since last: 31038265864 ns, Reaching safepoint: 29485 ns, Cleanup: 16541 ns, At safepoint: 14449 ns, Total: 60475 ns
[2025-06-12T06:12:28.330+0000][73][info ][safepoint   ] Safepoint "Cleanup", Time since last: 60060691014 ns, Reaching safepoint: 9078 ns, Cleanup: 11614 ns, At safepoint: 13424 ns, Total: 34116 ns
[2025-06-12T06:12:59.168+0000][73][info ][safepoint   ] Safepoint "Cleanup", Time since last: 30840475202 ns, Reaching safepoint: 24365 ns, Cleanup: 19018 ns, At safepoint: 10353 ns, Total: 53736 ns
[2025-06-12T06:13:40.441+0000][73][info ][safepoint   ] Safepoint "Cleanup", Time since last: 41277068731 ns, Reaching safepoint: 12040 ns, Cleanup: 25427 ns, At safepoint: 75840 ns, Total: 113307 ns
[2025-06-12T06:13:41.470+0000][73][info ][safepoint   ] Safepoint "Cleanup", Time since last: 1029400525 ns, Reaching safepoint: 29296 ns, Cleanup: 17277 ns, At safepoint: 15689 ns, Total: 62262 ns
[2025-06-12T06:13:43.200+0000][73][info ][safepoint   ] Safepoint "Cleanup", Time since last: 1729901165 ns, Reaching safepoint: 12589 ns, Cleanup: 18577 ns, At safepoint: 77107 ns, Total: 108273 ns
[2025-06-12T06:17:30.457+0000][73][info ][safepoint   ] Safepoint "Cleanup", Time since last: 227272918691 ns, Reaching safepoint: 12138 ns, Cleanup: 10529 ns, At safepoint: 13375 ns, Total: 36042 ns
[2025-06-12T06:17:31.844+0000][73][info ][safepoint   ] Safepoint "Cleanup", Time since last: 1387408669 ns, Reaching safepoint: 27672 ns, Cleanup: 19110 ns, At safepoint: 14707 ns, Total: 61489 ns
[2025-06-12T06:19:40.004+0000][73][info ][safepoint   ] Safepoint "Cleanup", Time since last: 128171147072 ns, Reaching safepoint: 24219 ns, Cleanup: 16556 ns, At safepoint: 73807 ns, Total: 114582 ns
[2025-06-12T06:21:42.666+0000][73][info ][safepoint   ] Safepoint "Cleanup", Time since last: 122671630636 ns, Reaching safepoint: 18514 ns, Cleanup: 13467 ns, At safepoint: 7437 ns, Total: 39418 ns
[2025-06-12T06:21:46.103+0000][73][info ][safepoint   ] Safepoint "Cleanup", Time since last: 3436456918 ns, Reaching safepoint: 22537 ns, Cleanup: 13513 ns, At safepoint: 67092 ns, Total: 103142 ns
[2025-06-12T06:22:22.107+0000][73][info ][safepoint   ] Safepoint "Cleanup", Time since last: 36006606415 ns, Reaching safepoint: 158637 ns, Cleanup: 18004 ns, At safepoint: 36815 ns, Total: 213456 ns
[2025-06-12T06:22:48.458+0000][73][info ][safepoint   ] Safepoint "Cleanup", Time since last: 26353578153 ns, Reaching safepoint: 21111 ns, Cleanup: 19745 ns, At safepoint: 85078 ns, Total: 125934 ns
[2025-06-12T06:23:51.518+0000][73][info ][safepoint   ] Safepoint "Cleanup", Time since last: 63063307187 ns, Reaching safepoint: 389331 ns, Cleanup: 13540 ns, At safepoint: 238441 ns, Total: 641312 ns
[2025-06-12T06:23:53.295+0000][73][info ][safepoint   ] Safepoint "Cleanup", Time since last: 1777112816 ns, Reaching safepoint: 25832 ns, Cleanup: 14674 ns, At safepoint: 11993 ns, Total: 52499 ns
[2025-06-12T06:30:21.648+0000][73][info ][safepoint   ] Safepoint "Cleanup", Time since last: 388384119103 ns, Reaching safepoint: 69689 ns, Cleanup: 17002 ns, At safepoint: 28923 ns, Total: 115614 ns
[2025-06-12T06:38:07.336+0000][73][info ][safepoint   ] Safepoint "Cleanup", Time since last: 465726219055 ns, Reaching safepoint: 88397 ns, Cleanup: 20982 ns, At safepoint: 12661 ns, Total: 122040 ns
[2025-06-12T06:38:22.340+0000][73][info ][safepoint   ] Safepoint "Cleanup", Time since last: 15003281697 ns, Reaching safepoint: 48634 ns, Cleanup: 18902 ns, At safepoint: 15588 ns, Total: 83124 ns
[2025-06-12T06:38:34.105+0000][73][info ][safepoint   ] Safepoint "Cleanup", Time since last: 11765600875 ns, Reaching safepoint: 157709 ns, Cleanup: 10655 ns, At safepoint: 36223 ns, Total: 204587 ns
[2025-06-12T06:38:52.126+0000][73][info ][safepoint   ] Safepoint "Cleanup", Time since last: 18023530633 ns, Reaching safepoint: 22142 ns, Cleanup: 16012 ns, At safepoint: 10529 ns, Total: 48683 ns
[2025-06-12T06:40:33.174+0000][73][info ][safepoint   ] Safepoint "Cleanup", Time since last: 101055379483 ns, Reaching safepoint: 148340 ns, Cleanup: 18994 ns, At safepoint: 17809 ns, Total: 185143 ns
[2025-06-12T06:40:38.386+0000][73][info ][safepoint   ] Safepoint "Cleanup", Time since last: 5213670250 ns, Reaching safepoint: 48220 ns, Cleanup: 16404 ns, At safepoint: 13748 ns, Total: 78372 ns
[2025-06-12T06:40:43.211+0000][73][info ][safepoint   ] Safepoint "Cleanup", Time since last: 4825376427 ns, Reaching safepoint: 32221 ns, Cleanup: 20010 ns, At safepoint: 16688 ns, Total: 68919 ns
[2025-06-12T06:43:49.380+0000][73][info ][safepoint   ] Safepoint "Cleanup", Time since last: 186183198297 ns, Reaching safepoint: 26714 ns, Cleanup: 16464 ns, At safepoint: 85154 ns, Total: 128332 ns
[2025-06-12T06:43:51.368+0000][73][info ][safepoint   ] Safepoint "Cleanup", Time since last: 1987598195 ns, Reaching safepoint: 12844 ns, Cleanup: 12574 ns, At safepoint: 4928 ns, Total: 30346 ns
[2025-06-12T06:43:52.379+0000][73][info ][safepoint   ] Safepoint "Cleanup", Time since last: 1011663776 ns, Reaching safepoint: 22963 ns, Cleanup: 16376 ns, At safepoint: 9565 ns, Total: 48904 ns
[2025-06-12T06:44:48.391+0000][73][info ][safepoint   ] Safepoint "Cleanup", Time since last: 56016145391 ns, Reaching safepoint: 7446 ns, Cleanup: 8162 ns, At safepoint: 3089 ns, Total: 18697 ns
[2025-06-12T06:47:21.649+0000][73][info ][safepoint   ] Safepoint "Cleanup", Time since last: 153270502253 ns, Reaching safepoint: 67291 ns, Cleanup: 17903 ns, At safepoint: 28907 ns, Total: 114101 ns
[2025-06-12T06:50:06.379+0000][73][info ][safepoint   ] Safepoint "Cleanup", Time since last: 164744522786 ns, Reaching safepoint: 9310 ns, Cleanup: 9733 ns, At safepoint: 12912 ns, Total: 31955 ns
[2025-06-12T06:50:07.857+0000][73][info ][safepoint   ] Safepoint "Cleanup", Time since last: 1478105669 ns, Reaching safepoint: 30891 ns, Cleanup: 17956 ns, At safepoint: 15711 ns, Total: 64558 ns
[2025-06-12T06:51:17.906+0000][73][info ][safepoint   ] Safepoint "Cleanup", Time since last: 70053244087 ns, Reaching safepoint: 23917 ns, Cleanup: 14536 ns, At safepoint: 9385 ns, Total: 47838 ns
[2025-06-12T06:52:21.957+0000][73][info ][safepoint   ] Safepoint "Cleanup", Time since last: 64056814567 ns, Reaching safepoint: 28883 ns, Cleanup: 18611 ns, At safepoint: 14520 ns, Total: 62014 ns
[2025-06-12T06:52:51.972+0000][73][info ][safepoint   ] Safepoint "Cleanup", Time since last: 30016882825 ns, Reaching safepoint: 13130 ns, Cleanup: 10464 ns, At safepoint: 3297 ns, Total: 26891 ns
[2025-06-12T06:53:15.377+0000][73][info ][safepoint   ] Safepoint "Cleanup", Time since last: 23404745770 ns, Reaching safepoint: 2278843 ns, Cleanup: 16583 ns, At safepoint: 170017 ns, Total: 2465443 ns
[2025-06-12T06:57:54.426+0000][73][info ][gc,start    ] GC(26) Pause Young (Normal) (G1 Evacuation Pause)
[2025-06-12T06:57:54.433+0000][73][info ][gc,task     ] GC(26) Using 10 workers of 10 for evacuation
[2025-06-12T06:57:54.435+0000][73][debug][gc,age      ] GC(26) Desired survivor size 153092096 bytes, new threshold 15 (max threshold 15)
[2025-06-12T06:57:54.602+0000][73][info ][gc,phases   ] GC(26)   Pre Evacuate Collection Set: 22.12ms
[2025-06-12T06:57:54.602+0000][73][info ][gc,phases   ] GC(26)   Merge Heap Roots: 3.80ms
[2025-06-12T06:57:54.602+0000][73][info ][gc,phases   ] GC(26)   Evacuate Collection Set: 125.14ms
[2025-06-12T06:57:54.603+0000][73][info ][gc,phases   ] GC(26)   Post Evacuate Collection Set: 12.84ms
[2025-06-12T06:57:54.603+0000][73][info ][gc,phases   ] GC(26)   Other: 6.89ms
[2025-06-12T06:57:54.604+0000][73][trace][gc,age      ] GC(26) Age table with threshold 15 (max threshold 15)
[2025-06-12T06:57:54.604+0000][73][trace][gc,age      ] GC(26) - age   1:    1668408 bytes,    1668408 total
[2025-06-12T06:57:54.605+0000][73][trace][gc,age      ] GC(26) - age   2:     126056 bytes,    1794464 total
[2025-06-12T06:57:54.605+0000][73][trace][gc,age      ] GC(26) - age   3:     135168 bytes,    1929632 total
[2025-06-12T06:57:54.605+0000][73][trace][gc,age      ] GC(26) - age   4:     128944 bytes,    2058576 total
[2025-06-12T06:57:54.606+0000][73][trace][gc,age      ] GC(26) - age   5:     144856 bytes,    2203432 total
[2025-06-12T06:57:54.606+0000][73][trace][gc,age      ] GC(26) - age   6:     139304 bytes,    2342736 total
[2025-06-12T06:57:54.607+0000][73][trace][gc,age      ] GC(26) - age   7:     459680 bytes,    2802416 total
[2025-06-12T06:57:54.607+0000][73][trace][gc,age      ] GC(26) - age   8:     216632 bytes,    3019048 total
[2025-06-12T06:57:54.607+0000][73][trace][gc,age      ] GC(26) - age   9:     118704 bytes,    3137752 total
[2025-06-12T06:57:54.608+0000][73][trace][gc,age      ] GC(26) - age  10:     129760 bytes,    3267512 total
[2025-06-12T06:57:54.608+0000][73][trace][gc,age      ] GC(26) - age  11:    1504664 bytes,    4772176 total
[2025-06-12T06:57:54.609+0000][73][trace][gc,age      ] GC(26) - age  12:    1393608 bytes,    6165784 total
[2025-06-12T06:57:54.609+0000][73][trace][gc,age      ] GC(26) - age  13:      82488 bytes,    6248272 total
[2025-06-12T06:57:54.609+0000][73][info ][gc,heap     ] GC(26) Eden regions: 580->0(580)
[2025-06-12T06:57:54.610+0000][73][info ][gc,heap     ] GC(26) Survivor regions: 2->2(73)
[2025-06-12T06:57:54.610+0000][73][info ][gc,heap     ] GC(26) Old regions: 28->28
[2025-06-12T06:57:54.610+0000][73][info ][gc,heap     ] GC(26) Humongous regions: 0->0
[2025-06-12T06:57:54.611+0000][73][info ][gc,metaspace] GC(26) Metaspace: 149599K(153600K)->149599K(153600K) NonClass: 129364K(131520K)->129364K(131520K) Class: 20235K(22080K)->20235K(22080K)
[2025-06-12T06:57:54.612+0000][73][info ][gc          ] GC(26) Pause Young (Normal) (G1 Evacuation Pause) 2434M->115M(3880M) 185.790ms
[2025-06-12T06:57:54.612+0000][73][info ][gc,cpu      ] GC(26) User=1.06s Sys=0.02s Real=0.18s
[2025-06-12T06:57:54.613+0000][73][info ][safepoint   ] Safepoint "G1CollectForAllocation", Time since last: 279065915630 ns, Reaching safepoint: 84918 ns, Cleanup: 231755 ns, At safepoint: 191822212 ns, Total: 192138885 ns
[2025-06-12T06:57:56.365+0000][73][info ][safepoint   ] Safepoint "Cleanup", Time since last: 1752335833 ns, Reaching safepoint: 29342 ns, Cleanup: 19205 ns, At safepoint: 17295 ns, Total: 65842 ns
[2025-06-12T06:57:57.390+0000][73][info ][safepoint   ] Safepoint "Cleanup", Time since last: 1024065205 ns, Reaching safepoint: 20076 ns, Cleanup: 62531 ns, At safepoint: 9859 ns, Total: 92466 ns
[2025-06-12T06:58:27.392+0000][73][info ][safepoint   ] Safepoint "Cleanup", Time since last: 30005348768 ns, Reaching safepoint: 68784 ns, Cleanup: 15631 ns, At safepoint: 29294 ns, Total: 113709 ns
[2025-06-12T06:59:51.468+0000][73][info ][safepoint   ] Safepoint "Cleanup", Time since last: 84082615075 ns, Reaching safepoint: 16813 ns, Cleanup: 11648 ns, At safepoint: 20039 ns, Total: 48500 ns
[2025-06-12T06:59:52.632+0000][73][info ][safepoint   ] Safepoint "Cleanup", Time since last: 1163983240 ns, Reaching safepoint: 6809 ns, Cleanup: 12736 ns, At safepoint: 3103 ns, Total: 22648 ns
[2025-06-12T06:59:53.744+0000][73][info ][safepoint   ] Safepoint "Cleanup", Time since last: 1111554102 ns, Reaching safepoint: 31320 ns, Cleanup: 21508 ns, At safepoint: 18046 ns, Total: 70874 ns
[2025-06-12T07:00:36.409+0000][73][info ][safepoint   ] Safepoint "Cleanup", Time since last: 42670996408 ns, Reaching safepoint: 12049 ns, Cleanup: 9781 ns, At safepoint: 24047 ns, Total: 45877 ns
[2025-06-12T07:00:37.782+0000][73][info ][safepoint   ] Safepoint "Cleanup", Time since last: 1372786185 ns, Reaching safepoint: 34556 ns, Cleanup: 22352 ns, At safepoint: 17438 ns, Total: 74346 ns
[2025-06-12T07:01:21.788+0000][73][info ][safepoint   ] Safepoint "Cleanup", Time since last: 44007739528 ns, Reaching safepoint: 82679 ns, Cleanup: 26414 ns, At safepoint: 15512 ns, Total: 124605 ns
[2025-06-12T07:01:58.189+0000][73][info ][safepoint   ] Safepoint "Cleanup", Time since last: 36403157523 ns, Reaching safepoint: 73715 ns, Cleanup: 21041 ns, At safepoint: 15231 ns, Total: 109987 ns
[2025-06-12T07:02:42.414+0000][73][info ][safepoint   ] Safepoint "Cleanup", Time since last: 44229171847 ns, Reaching safepoint: 883952 ns, Cleanup: 21128 ns, At safepoint: 168491 ns, Total: 1073571 ns
[2025-06-12T07:02:56.466+0000][73][info ][safepoint   ] Safepoint "Cleanup", Time since last: 14051885793 ns, Reaching safepoint: 36208 ns, Cleanup: 27104 ns, At safepoint: 14457 ns, Total: 77769 ns
[2025-06-12T07:02:58.424+0000][73][info ][safepoint   ] Safepoint "Cleanup", Time since last: 1958265123 ns, Reaching safepoint: 33109 ns, Cleanup: 21453 ns, At safepoint: 19172 ns, Total: 73734 ns
[2025-06-12T07:02:59.484+0000][73][info ][safepoint   ] Safepoint "Cleanup", Time since last: 1059810035 ns, Reaching safepoint: 35492 ns, Cleanup: 23334 ns, At safepoint: 18855 ns, Total: 77681 ns
[2025-06-12T07:03:00.485+0000][73][info ][safepoint   ] Safepoint "Cleanup", Time since last: 1000866241 ns, Reaching safepoint: 30856 ns, Cleanup: 17811 ns, At safepoint: 16310 ns, Total: 64977 ns
[2025-06-12T07:03:10.485+0000][73][info ][safepoint   ] Safepoint "Cleanup", Time since last: 10002413828 ns, Reaching safepoint: 32356 ns, Cleanup: 18393 ns, At safepoint: 16363 ns, Total: 67112 ns
[2025-06-12T07:03:45.515+0000][73][info ][safepoint   ] Safepoint "Cleanup", Time since last: 35031543769 ns, Reaching safepoint: 14468 ns, Cleanup: 11624 ns, At safepoint: 14653 ns, Total: 40745 ns
[2025-06-12T07:07:54.748+0000][73][info ][safepoint   ] Safepoint "Cleanup", Time since last: 249254404940 ns, Reaching safepoint: 27237 ns, Cleanup: 16023 ns, At safepoint: 8864 ns, Total: 52124 ns
[2025-06-12T07:08:31.684+0000][73][info ][safepoint   ] Safepoint "Cleanup", Time since last: 36938125284 ns, Reaching safepoint: 31838 ns, Cleanup: 19413 ns, At safepoint: 16709 ns, Total: 67960 ns
[2025-06-12T07:09:00.450+0000][73][info ][safepoint   ] Safepoint "Cleanup", Time since last: 28767668678 ns, Reaching safepoint: 19206 ns, Cleanup: 24254 ns, At safepoint: 85717 ns, Total: 129177 ns
[2025-06-12T07:09:01.899+0000][73][info ][safepoint   ] Safepoint "Cleanup", Time since last: 1448885838 ns, Reaching safepoint: 20967 ns, Cleanup: 30599 ns, At safepoint: 9170 ns, Total: 60736 ns
[2025-06-12T07:10:03.418+0000][73][info ][safepoint   ] Safepoint "Cleanup", Time since last: 61525284369 ns, Reaching safepoint: 19259 ns, Cleanup: 14638 ns, At safepoint: 5637 ns, Total: 39534 ns
[2025-06-12T07:10:04.949+0000][73][info ][safepoint   ] Safepoint "Cleanup", Time since last: 1530865087 ns, Reaching safepoint: 32463 ns, Cleanup: 18196 ns, At safepoint: 74924 ns, Total: 125583 ns
[2025-06-12T07:12:53.930+0000][73][info ][safepoint   ] Safepoint "Cleanup", Time since last: 168996099784 ns, Reaching safepoint: 37144 ns, Cleanup: 22286 ns, At safepoint: 16018 ns, Total: 75448 ns
[2025-06-12T07:12:56.932+0000][73][info ][safepoint   ] Safepoint "Cleanup", Time since last: 3001141527 ns, Reaching safepoint: 32186 ns, Cleanup: 18339 ns, At safepoint: 16291 ns, Total: 66816 ns
[2025-06-12T07:13:12.382+0000][73][info ][safepoint   ] Safepoint "Cleanup", Time since last: 15453713644 ns, Reaching safepoint: 6674 ns, Cleanup: 8952 ns, At safepoint: 13701 ns, Total: 29327 ns
[2025-06-12T07:13:42.394+0000][73][info ][safepoint   ] Safepoint "Cleanup", Time since last: 30013008677 ns, Reaching safepoint: 6480 ns, Cleanup: 8582 ns, At safepoint: 14014 ns, Total: 29076 ns
[2025-06-12T07:13:43.937+0000][73][info ][safepoint   ] Safepoint "Cleanup", Time since last: 1543478266 ns, Reaching safepoint: 13888 ns, Cleanup: 14493 ns, At safepoint: 14755 ns, Total: 43136 ns
[2025-06-12T07:17:54.115+0000][73][info ][safepoint   ] Safepoint "Cleanup", Time since last: 250198588715 ns, Reaching safepoint: 26961 ns, Cleanup: 13720 ns, At safepoint: 32581 ns, Total: 73262 ns
[2025-06-12T07:18:06.391+0000][73][info ][safepoint   ] Safepoint "Cleanup", Time since last: 12278542192 ns, Reaching safepoint: 8796 ns, Cleanup: 13991 ns, At safepoint: 13122 ns, Total: 35909 ns
[2025-06-12T07:18:07.634+0000][73][info ][safepoint   ] Safepoint "Cleanup", Time since last: 1243427824 ns, Reaching safepoint: 32376 ns, Cleanup: 18313 ns, At safepoint: 15693 ns, Total: 66382 ns
[2025-06-12T07:18:47.154+0000][73][info ][safepoint   ] Safepoint "Cleanup", Time since last: 39521937675 ns, Reaching safepoint: 49400 ns, Cleanup: 14353 ns, At safepoint: 9626 ns, Total: 73379 ns
[2025-06-12T07:19:22.158+0000][73][info ][safepoint   ] Safepoint "Cleanup", Time since last: 35006583574 ns, Reaching safepoint: 154979 ns, Cleanup: 1939270 ns, At safepoint: 106716 ns, Total: 2200965 ns
[2025-06-12T07:19:30.721+0000][73][info ][safepoint   ] Safepoint "Cleanup", Time since last: 8563161075 ns, Reaching safepoint: 12451 ns, Cleanup: 14467 ns, At safepoint: 64555 ns, Total: 91473 ns
[2025-06-12T07:19:58.196+0000][73][info ][safepoint   ] Safepoint "Cleanup", Time since last: 27475276202 ns, Reaching safepoint: 75320 ns, Cleanup: 17544 ns, At safepoint: 32481 ns, Total: 125345 ns
[2025-06-12T07:22:56.888+0000][73][info ][safepoint   ] Safepoint "Cleanup", Time since last: 178707678709 ns, Reaching safepoint: 312707 ns, Cleanup: 92886 ns, At safepoint: 23965 ns, Total: 429558 ns
[2025-06-12T07:23:28.547+0000][73][info ][safepoint   ] Safepoint "Cleanup", Time since last: 31661534744 ns, Reaching safepoint: 35296 ns, Cleanup: 14230 ns, At safepoint: 75330 ns, Total: 124856 ns
[2025-06-12T07:25:49.081+0000][73][info ][safepoint   ] Safepoint "Cleanup", Time since last: 140548253296 ns, Reaching safepoint: 20818 ns, Cleanup: 62493 ns, At safepoint: 28861 ns, Total: 112172 ns
[2025-06-12T07:28:12.367+0000][73][info ][safepoint   ] Safepoint "Cleanup", Time since last: 143299038972 ns, Reaching safepoint: 48052 ns, Cleanup: 15907 ns, At safepoint: 41587 ns, Total: 105546 ns
[2025-06-12T07:28:14.203+0000][73][info ][safepoint   ] Safepoint "Cleanup", Time since last: 1836165906 ns, Reaching safepoint: 29956 ns, Cleanup: 18845 ns, At safepoint: 16299 ns, Total: 65100 ns
[2025-06-12T07:28:29.777+0000][73][info ][safepoint   ] Safepoint "Cleanup", Time since last: 15573812852 ns, Reaching safepoint: 30959 ns, Cleanup: 17946 ns, At safepoint: 17727 ns, Total: 66632 ns
[2025-06-12T07:28:54.610+0000][73][info ][safepoint   ] Safepoint "Cleanup", Time since last: 24835186762 ns, Reaching safepoint: 14659 ns, Cleanup: 13057 ns, At safepoint: 11479 ns, Total: 39195 ns
[2025-06-12T07:34:12.399+0000][73][info ][safepoint   ] Safepoint "Cleanup", Time since last: 317817762970 ns, Reaching safepoint: 27789 ns, Cleanup: 17279 ns, At safepoint: 85896 ns, Total: 130964 ns
[2025-06-12T07:36:20.664+0000][73][info ][safepoint   ] Safepoint "Cleanup", Time since last: 128275274407 ns, Reaching safepoint: 85810 ns, Cleanup: 58232 ns, At safepoint: 84264 ns, Total: 228306 ns
[2025-06-12T07:39:27.125+0000][73][info ][safepoint   ] Safepoint "Cleanup", Time since last: 186477485805 ns, Reaching safepoint: 16756 ns, Cleanup: 20995 ns, At safepoint: 81837 ns, Total: 119588 ns
[2025-06-12T07:43:21.418+0000][73][info ][safepoint   ] Safepoint "Cleanup", Time since last: 234313200982 ns, Reaching safepoint: 54067 ns, Cleanup: 66268 ns, At safepoint: 28422 ns, Total: 148757 ns
[2025-06-12T07:46:56.594+0000][73][info ][gc,start    ] GC(27) Pause Young (Normal) (G1 Evacuation Pause)
[2025-06-12T07:46:56.599+0000][73][info ][gc,task     ] GC(27) Using 10 workers of 10 for evacuation
[2025-06-12T07:46:56.600+0000][73][debug][gc,age      ] GC(27) Desired survivor size 153092096 bytes, new threshold 15 (max threshold 15)
[2025-06-12T07:46:56.883+0000][73][info ][gc,mmu      ] GC(27) MMU target violated: 201.0ms (200.0ms/201.0ms)
[2025-06-12T07:46:56.884+0000][73][info ][gc,phases   ] GC(27)   Pre Evacuate Collection Set: 20.28ms
[2025-06-12T07:46:56.884+0000][73][info ][gc,phases   ] GC(27)   Merge Heap Roots: 4.38ms
[2025-06-12T07:46:56.885+0000][73][info ][gc,phases   ] GC(27)   Evacuate Collection Set: 232.98ms
[2025-06-12T07:46:56.885+0000][73][info ][gc,phases   ] GC(27)   Post Evacuate Collection Set: 22.09ms
[2025-06-12T07:46:56.886+0000][73][info ][gc,phases   ] GC(27)   Other: 7.06ms
[2025-06-12T07:46:56.887+0000][73][trace][gc,age      ] GC(27) Age table with threshold 15 (max threshold 15)
[2025-06-12T07:46:56.887+0000][73][trace][gc,age      ] GC(27) - age   1:    1403792 bytes,    1403792 total
[2025-06-12T07:46:56.888+0000][73][trace][gc,age      ] GC(27) - age   2:     174608 bytes,    1578400 total
[2025-06-12T07:46:56.888+0000][73][trace][gc,age      ] GC(27) - age   3:     124072 bytes,    1702472 total
[2025-06-12T07:46:56.889+0000][73][trace][gc,age      ] GC(27) - age   4:     133800 bytes,    1836272 total
[2025-06-12T07:46:56.889+0000][73][trace][gc,age      ] GC(27) - age   5:     128480 bytes,    1964752 total
[2025-06-12T07:46:56.889+0000][73][trace][gc,age      ] GC(27) - age   6:     144824 bytes,    2109576 total
[2025-06-12T07:46:56.890+0000][73][trace][gc,age      ] GC(27) - age   7:     139264 bytes,    2248840 total
[2025-06-12T07:46:56.890+0000][73][trace][gc,age      ] GC(27) - age   8:     459640 bytes,    2708480 total
[2025-06-12T07:46:56.891+0000][73][trace][gc,age      ] GC(27) - age   9:     216472 bytes,    2924952 total
[2025-06-12T07:46:56.891+0000][73][trace][gc,age      ] GC(27) - age  10:     118704 bytes,    3043656 total
[2025-06-12T07:46:56.892+0000][73][trace][gc,age      ] GC(27) - age  11:     129760 bytes,    3173416 total
[2025-06-12T07:46:56.892+0000][73][trace][gc,age      ] GC(27) - age  12:    1504664 bytes,    4678080 total
[2025-06-12T07:46:56.892+0000][73][trace][gc,age      ] GC(27) - age  13:    1393576 bytes,    6071656 total
[2025-06-12T07:46:56.893+0000][73][trace][gc,age      ] GC(27) - age  14:      82488 bytes,    6154144 total
[2025-06-12T07:46:56.893+0000][73][info ][gc,heap     ] GC(27) Eden regions: 580->0(580)
[2025-06-12T07:46:56.894+0000][73][info ][gc,heap     ] GC(27) Survivor regions: 2->2(73)
[2025-06-12T07:46:56.894+0000][73][info ][gc,heap     ] GC(27) Old regions: 28->28
[2025-06-12T07:46:56.895+0000][73][info ][gc,heap     ] GC(27) Humongous regions: 0->0
[2025-06-12T07:46:56.895+0000][73][info ][gc,metaspace] GC(27) Metaspace: 149716K(153728K)->149716K(153728K) NonClass: 129480K(131648K)->129480K(131648K) Class: 20235K(22080K)->20235K(22080K)
[2025-06-12T07:46:56.896+0000][73][info ][gc          ] GC(27) Pause Young (Normal) (G1 Evacuation Pause) 2435M->115M(3880M) 302.045ms
[2025-06-12T07:46:56.896+0000][73][info ][gc,cpu      ] GC(27) User=1.91s Sys=0.00s Real=0.30s
[2025-06-12T07:46:56.897+0000][73][info ][safepoint   ] Safepoint "G1CollectForAllocation", Time since last: 215190123475 ns, Reaching safepoint: 23084 ns, Cleanup: 5860 ns, At safepoint: 306583654 ns, Total: 306612598 ns
[2025-06-12T07:53:28.294+0000][73][info ][safepoint   ] Safepoint "Cleanup", Time since last: 391430640868 ns, Reaching safepoint: 87072 ns, Cleanup: 121861 ns, At safepoint: 31364 ns, Total: 240297 ns
[2025-06-12T07:55:21.417+0000][73][info ][safepoint   ] Safepoint "Cleanup", Time since last: 113133727981 ns, Reaching safepoint: 32828 ns, Cleanup: 138276 ns, At safepoint: 35251 ns, Total: 206355 ns
[2025-06-12T07:56:15.440+0000][73][info ][safepoint   ] Safepoint "Cleanup", Time since last: 54027097852 ns, Reaching safepoint: 12469 ns, Cleanup: 18681 ns, At safepoint: 77502 ns, Total: 108652 ns
[2025-06-12T07:57:56.930+0000][73][info ][safepoint   ] Safepoint "Cleanup", Time since last: 101497845027 ns, Reaching safepoint: 137235 ns, Cleanup: 67030 ns, At safepoint: 33253 ns, Total: 237518 ns
[2025-06-12T07:58:29.684+0000][73][info ][safepoint   ] Safepoint "Cleanup", Time since last: 32756520921 ns, Reaching safepoint: 120806 ns, Cleanup: 29875 ns, At safepoint: 35372 ns, Total: 186053 ns
[2025-06-12T07:59:24.625+0000][73][info ][safepoint   ] Safepoint "Cleanup", Time since last: 54946737299 ns, Reaching safepoint: 15869 ns, Cleanup: 21357 ns, At safepoint: 85444 ns, Total: 122670 ns
[2025-06-12T08:00:02.680+0000][73][info ][safepoint   ] Safepoint "Cleanup", Time since last: 38055587009 ns, Reaching safepoint: 328396 ns, Cleanup: 14579 ns, At safepoint: 204306 ns, Total: 547281 ns
[2025-06-12T08:00:03.684+0000][73][info ][safepoint   ] Safepoint "Cleanup", Time since last: 1004692195 ns, Reaching safepoint: 16182 ns, Cleanup: 22177 ns, At safepoint: 27084 ns, Total: 65443 ns
[2025-06-12T08:03:32.694+0000][73][info ][safepoint   ] Safepoint "Cleanup", Time since last: 209027899889 ns, Reaching safepoint: 52432 ns, Cleanup: 16065 ns, At safepoint: 65520 ns, Total: 134017 ns
[2025-06-12T08:03:52.145+0000][73][info ][safepoint   ] Safepoint "Cleanup", Time since last: 19454049783 ns, Reaching safepoint: 82113 ns, Cleanup: 20150 ns, At safepoint: 19019 ns, Total: 121282 ns
[2025-06-12T08:03:57.147+0000][73][info ][safepoint   ] Safepoint "Cleanup", Time since last: 5001610831 ns, Reaching safepoint: 30207 ns, Cleanup: 17034 ns, At safepoint: 16210 ns, Total: 63451 ns
[2025-06-12T08:09:53.678+0000][73][info ][safepoint   ] Safepoint "Cleanup", Time since last: 356561744822 ns, Reaching safepoint: 152172 ns, Cleanup: 11228 ns, At safepoint: 47950 ns, Total: 211350 ns
[2025-06-12T08:10:59.311+0000][73][info ][safepoint   ] Safepoint "Cleanup", Time since last: 65638404860 ns, Reaching safepoint: 32317 ns, Cleanup: 22122 ns, At safepoint: 16468 ns, Total: 70907 ns
[2025-06-12T08:11:21.314+0000][73][info ][safepoint   ] Safepoint "Cleanup", Time since last: 22004516524 ns, Reaching safepoint: 73470 ns, Cleanup: 22782 ns, At safepoint: 33835 ns, Total: 130087 ns
[2025-06-12T08:13:45.446+0000][73][info ][safepoint   ] Safepoint "Cleanup", Time since last: 144144509741 ns, Reaching safepoint: 74168 ns, Cleanup: 16684 ns, At safepoint: 73516 ns, Total: 164368 ns
[2025-06-12T08:14:05.658+0000][73][info ][safepoint   ] Safepoint "Cleanup", Time since last: 20211883865 ns, Reaching safepoint: 412939 ns, Cleanup: 16997 ns, At safepoint: 155725 ns, Total: 585661 ns
[2025-06-12T08:14:06.699+0000][73][info ][safepoint   ] Safepoint "Cleanup", Time since last: 1043675464 ns, Reaching safepoint: 16540 ns, Cleanup: 31771 ns, At safepoint: 99002 ns, Total: 147313 ns
[2025-06-12T08:16:38.599+0000][73][info ][safepoint   ] Safepoint "Cleanup", Time since last: 151911286083 ns, Reaching safepoint: 774913 ns, Cleanup: 21039 ns, At safepoint: 116620 ns, Total: 912572 ns
[2025-06-12T08:17:53.634+0000][73][info ][safepoint   ] Safepoint "Cleanup", Time since last: 75040059126 ns, Reaching safepoint: 23475 ns, Cleanup: 13521 ns, At safepoint: 52472 ns, Total: 89468 ns
[2025-06-12T08:18:58.477+0000][73][info ][safepoint   ] Safepoint "Cleanup", Time since last: 64847527605 ns, Reaching safepoint: 102041 ns, Cleanup: 16964 ns, At safepoint: 72431 ns, Total: 191436 ns
[2025-06-12T08:19:00.139+0000][73][info ][safepoint   ] Safepoint "Cleanup", Time since last: 1661819884 ns, Reaching safepoint: 30121 ns, Cleanup: 19408 ns, At safepoint: 16057 ns, Total: 65586 ns
[2025-06-12T08:19:07.138+0000][73][info ][safepoint   ] Safepoint "Cleanup", Time since last: 7001546952 ns, Reaching safepoint: 43853 ns, Cleanup: 24671 ns, At safepoint: 7984 ns, Total: 76508 ns
[2025-06-12T08:19:21.014+0000][73][info ][safepoint   ] Safepoint "Cleanup", Time since last: 13875817208 ns, Reaching safepoint: 7589 ns, Cleanup: 9364 ns, At safepoint: 14542 ns, Total: 31495 ns
[2025-06-12T08:19:22.042+0000][73][info ][safepoint   ] Safepoint "Cleanup", Time since last: 1028479997 ns, Reaching safepoint: 6722 ns, Cleanup: 13065 ns, At safepoint: 13407 ns, Total: 33194 ns
[2025-06-12T08:19:25.050+0000][73][info ][safepoint   ] Safepoint "Cleanup", Time since last: 3007651168 ns, Reaching safepoint: 30193 ns, Cleanup: 17874 ns, At safepoint: 14948 ns, Total: 63015 ns
[2025-06-12T08:20:03.710+0000][73][info ][safepoint   ] Safepoint "Cleanup", Time since last: 38662586739 ns, Reaching safepoint: 62327 ns, Cleanup: 106294 ns, At safepoint: 35458 ns, Total: 204079 ns
[2025-06-12T08:22:56.815+0000][73][info ][safepoint   ] Safepoint "Cleanup", Time since last: 173119522292 ns, Reaching safepoint: 32934 ns, Cleanup: 218144 ns, At safepoint: 35261 ns, Total: 286339 ns
[2025-06-12T08:24:36.333+0000][73][info ][safepoint   ] Safepoint "Cleanup", Time since last: 99527121078 ns, Reaching safepoint: 112220 ns, Cleanup: 11341 ns, At safepoint: 52858 ns, Total: 176419 ns
[2025-06-12T08:26:46.443+0000][73][info ][safepoint   ] Safepoint "Cleanup", Time since last: 130120034764 ns, Reaching safepoint: 29043 ns, Cleanup: 17237 ns, At safepoint: 14649 ns, Total: 60929 ns
[2025-06-12T08:28:47.629+0000][73][info ][safepoint   ] Safepoint "Cleanup", Time since last: 121196221340 ns, Reaching safepoint: 7359 ns, Cleanup: 5429 ns, At safepoint: 3051 ns, Total: 15839 ns
[2025-06-12T08:30:09.632+0000][73][info ][safepoint   ] Safepoint "Cleanup", Time since last: 82010055287 ns, Reaching safepoint: 74708 ns, Cleanup: 21277 ns, At safepoint: 17051 ns, Total: 113036 ns
[2025-06-12T08:32:54.329+0000][73][info ][safepoint   ] Safepoint "Cleanup", Time since last: 164709668976 ns, Reaching safepoint: 31679 ns, Cleanup: 17698 ns, At safepoint: 61656 ns, Total: 111033 ns
[2025-06-12T08:32:57.333+0000][73][info ][safepoint   ] Safepoint "Cleanup", Time since last: 3003662923 ns, Reaching safepoint: 18161 ns, Cleanup: 15933 ns, At safepoint: 9851 ns, Total: 43945 ns
[2025-06-12T08:34:02.623+0000][73][info ][safepoint   ] Safepoint "Cleanup", Time since last: 65293404938 ns, Reaching safepoint: 206698 ns, Cleanup: 15979 ns, At safepoint: 144522 ns, Total: 367199 ns
[2025-06-12T08:34:20.957+0000][73][info ][safepoint   ] Safepoint "Cleanup", Time since last: 18337232791 ns, Reaching safepoint: 49350 ns, Cleanup: 16073 ns, At safepoint: 9437 ns, Total: 74860 ns
[2025-06-12T08:35:05.607+0000][73][info ][safepoint   ] Safepoint "Cleanup", Time since last: 44651749099 ns, Reaching safepoint: 176704 ns, Cleanup: 11393 ns, At safepoint: 56795 ns, Total: 244892 ns
[2025-06-12T08:35:07.015+0000][73][info ][safepoint   ] Safepoint "Cleanup", Time since last: 1410916764 ns, Reaching safepoint: 29817 ns, Cleanup: 23417 ns, At safepoint: 16479 ns, Total: 69713 ns
[2025-06-12T08:35:56.584+0000][73][info ][gc,start    ] GC(28) Pause Young (Normal) (G1 Evacuation Pause)
[2025-06-12T08:35:56.588+0000][73][info ][gc,task     ] GC(28) Using 10 workers of 10 for evacuation
[2025-06-12T08:35:56.589+0000][73][debug][gc,age      ] GC(28) Desired survivor size 153092096 bytes, new threshold 15 (max threshold 15)
[2025-06-12T08:35:56.720+0000][73][info ][gc,phases   ] GC(28)   Pre Evacuate Collection Set: 10.97ms
[2025-06-12T08:35:56.720+0000][73][info ][gc,phases   ] GC(28)   Merge Heap Roots: 3.90ms
[2025-06-12T08:35:56.720+0000][73][info ][gc,phases   ] GC(28)   Evacuate Collection Set: 101.32ms
[2025-06-12T08:35:56.721+0000][73][info ][gc,phases   ] GC(28)   Post Evacuate Collection Set: 12.00ms
[2025-06-12T08:35:56.721+0000][73][info ][gc,phases   ] GC(28)   Other: 4.11ms
[2025-06-12T08:35:56.722+0000][73][trace][gc,age      ] GC(28) Age table with threshold 15 (max threshold 15)
[2025-06-12T08:35:56.722+0000][73][trace][gc,age      ] GC(28) - age   1:    1321552 bytes,    1321552 total
[2025-06-12T08:35:56.723+0000][73][trace][gc,age      ] GC(28) - age   2:     190520 bytes,    1512072 total
[2025-06-12T08:35:56.723+0000][73][trace][gc,age      ] GC(28) - age   3:     140320 bytes,    1652392 total
[2025-06-12T08:35:56.724+0000][73][trace][gc,age      ] GC(28) - age   4:     123432 bytes,    1775824 total
[2025-06-12T08:35:56.724+0000][73][trace][gc,age      ] GC(28) - age   5:     133400 bytes,    1909224 total
[2025-06-12T08:35:56.724+0000][73][trace][gc,age      ] GC(28) - age   6:     128216 bytes,    2037440 total
[2025-06-12T08:35:56.725+0000][73][trace][gc,age      ] GC(28) - age   7:     144648 bytes,    2182088 total
[2025-06-12T08:35:56.725+0000][73][trace][gc,age      ] GC(28) - age   8:     126616 bytes,    2308704 total
[2025-06-12T08:35:56.726+0000][73][trace][gc,age      ] GC(28) - age   9:     369712 bytes,    2678416 total
[2025-06-12T08:35:56.726+0000][73][trace][gc,age      ] GC(28) - age  10:     216472 bytes,    2894888 total
[2025-06-12T08:35:56.726+0000][73][trace][gc,age      ] GC(28) - age  11:     118592 bytes,    3013480 total
[2025-06-12T08:35:56.727+0000][73][trace][gc,age      ] GC(28) - age  12:     129624 bytes,    3143104 total
[2025-06-12T08:35:56.727+0000][73][trace][gc,age      ] GC(28) - age  13:    1504664 bytes,    4647768 total
[2025-06-12T08:35:56.728+0000][73][trace][gc,age      ] GC(28) - age  14:    1393576 bytes,    6041344 total
[2025-06-12T08:35:56.728+0000][73][trace][gc,age      ] GC(28) - age  15:      82488 bytes,    6123832 total
[2025-06-12T08:35:56.728+0000][73][info ][gc,heap     ] GC(28) Eden regions: 580->0(580)
[2025-06-12T08:35:56.729+0000][73][info ][gc,heap     ] GC(28) Survivor regions: 2->2(73)
[2025-06-12T08:35:56.729+0000][73][info ][gc,heap     ] GC(28) Old regions: 28->28
[2025-06-12T08:35:56.729+0000][73][info ][gc,heap     ] GC(28) Humongous regions: 0->0
[2025-06-12T08:35:56.730+0000][73][info ][gc,metaspace] GC(28) Metaspace: 149754K(153728K)->149754K(153728K) NonClass: 129519K(131648K)->129519K(131648K) Class: 20235K(22080K)->20235K(22080K)
[2025-06-12T08:35:56.731+0000][73][info ][gc          ] GC(28) Pause Young (Normal) (G1 Evacuation Pause) 2435M->115M(3880M) 146.949ms
[2025-06-12T08:35:56.731+0000][73][info ][gc,cpu      ] GC(28) User=0.75s Sys=0.00s Real=0.15s
[2025-06-12T08:35:56.732+0000][73][info ][safepoint   ] Safepoint "G1CollectForAllocation", Time since last: 49568554901 ns, Reaching safepoint: 52327 ns, Cleanup: 6022 ns, At safepoint: 150503839 ns, Total: 150562188 ns
[2025-06-12T08:43:29.579+0000][73][info ][safepoint   ] Safepoint "Cleanup", Time since last: 452880577593 ns, Reaching safepoint: 2262016 ns, Cleanup: 21162 ns, At safepoint: 174832 ns, Total: 2458010 ns
[2025-06-12T08:43:31.441+0000][73][info ][safepoint   ] Safepoint "Cleanup", Time since last: 1861226535 ns, Reaching safepoint: 19022 ns, Cleanup: 14727 ns, At safepoint: 8049 ns, Total: 41798 ns
[2025-06-12T08:43:57.452+0000][73][info ][safepoint   ] Safepoint "Cleanup", Time since last: 26013390473 ns, Reaching safepoint: 12823 ns, Cleanup: 14768 ns, At safepoint: 18278 ns, Total: 45869 ns
[2025-06-12T08:45:11.628+0000][73][info ][safepoint   ] Safepoint "Cleanup", Time since last: 74183220875 ns, Reaching safepoint: 150387 ns, Cleanup: 27496 ns, At safepoint: 117124 ns, Total: 295007 ns
[2025-06-12T08:45:25.627+0000][73][info ][safepoint   ] Safepoint "Cleanup", Time since last: 13998652798 ns, Reaching safepoint: 61879 ns, Cleanup: 32244 ns, At safepoint: 14230 ns, Total: 108353 ns
[2025-06-12T08:47:41.549+0000][73][info ][safepoint   ] Safepoint "Cleanup", Time since last: 135944966989 ns, Reaching safepoint: 10176 ns, Cleanup: 8299 ns, At safepoint: 14260 ns, Total: 32735 ns
[2025-06-12T08:47:42.737+0000][73][info ][safepoint   ] Safepoint "Cleanup", Time since last: 1188255154 ns, Reaching safepoint: 26913 ns, Cleanup: 19014 ns, At safepoint: 10342 ns, Total: 56269 ns
[2025-06-12T08:48:20.753+0000][73][info ][safepoint   ] Safepoint "Cleanup", Time since last: 38019453968 ns, Reaching safepoint: 64740 ns, Cleanup: 19922 ns, At safepoint: 14992 ns, Total: 99654 ns
[2025-06-12T08:49:29.469+0000][73][info ][safepoint   ] Safepoint "Cleanup", Time since last: 68721953621 ns, Reaching safepoint: 25516 ns, Cleanup: 18224 ns, At safepoint: 11691 ns, Total: 55431 ns
[2025-06-12T08:51:28.945+0000][73][info ][safepoint   ] Safepoint "Cleanup", Time since last: 119488083360 ns, Reaching safepoint: 100498 ns, Cleanup: 18952 ns, At safepoint: 13187 ns, Total: 132637 ns
[2025-06-12T08:55:03.144+0000][73][info ][safepoint   ] Safepoint "Cleanup", Time since last: 214221900880 ns, Reaching safepoint: 19429 ns, Cleanup: 14152 ns, At safepoint: 137773 ns, Total: 171354 ns
[2025-06-12T08:55:04.184+0000][73][info ][safepoint   ] Safepoint "Cleanup", Time since last: 1040037242 ns, Reaching safepoint: 6500 ns, Cleanup: 12276 ns, At safepoint: 3518 ns, Total: 22294 ns
[2025-06-12T09:00:14.581+0000][73][info ][safepoint   ] Safepoint "Cleanup", Time since last: 310430782942 ns, Reaching safepoint: 14049 ns, Cleanup: 16260 ns, At safepoint: 14044 ns, Total: 44353 ns
[2025-06-12T09:02:53.356+0000][73][info ][safepoint   ] Safepoint "Cleanup", Time since last: 158789841147 ns, Reaching safepoint: 35606 ns, Cleanup: 134718 ns, At safepoint: 33136 ns, Total: 203460 ns
[2025-06-12T09:05:13.406+0000][73][info ][safepoint   ] Safepoint "Cleanup", Time since last: 140065048645 ns, Reaching safepoint: 50462 ns, Cleanup: 18490 ns, At safepoint: 9901 ns, Total: 78853 ns
[2025-06-12T09:10:21.010+0000][73][info ][safepoint   ] Safepoint "Cleanup", Time since last: 307631663245 ns, Reaching safepoint: 62252 ns, Cleanup: 17951 ns, At safepoint: 12598 ns, Total: 92801 ns
[2025-06-12T09:13:48.142+0000][73][info ][safepoint   ] Safepoint "Cleanup", Time since last: 207149930434 ns, Reaching safepoint: 7426 ns, Cleanup: 10623 ns, At safepoint: 13642 ns, Total: 31691 ns
[2025-06-12T09:13:49.177+0000][73][info ][safepoint   ] Safepoint "Cleanup", Time since last: 1034429100 ns, Reaching safepoint: 13365 ns, Cleanup: 9896 ns, At safepoint: 5698 ns, Total: 28959 ns
[2025-06-12T09:13:53.748+0000][73][info ][safepoint   ] Safepoint "Cleanup", Time since last: 4571813905 ns, Reaching safepoint: 12882 ns, Cleanup: 12144 ns, At safepoint: 4864 ns, Total: 29890 ns
[2025-06-12T09:14:14.502+0000][73][info ][safepoint   ] Safepoint "Cleanup", Time since last: 20755472117 ns, Reaching safepoint: 70835 ns, Cleanup: 8800 ns, At safepoint: 21162 ns, Total: 100797 ns
[2025-06-12T09:14:59.511+0000][73][info ][safepoint   ] Safepoint "Cleanup", Time since last: 45012615694 ns, Reaching safepoint: 22994 ns, Cleanup: 12789 ns, At safepoint: 18510 ns, Total: 54293 ns
[2025-06-12T09:24:26.677+0000][73][info ][safepoint   ] Safepoint "Cleanup", Time since last: 567211695969 ns, Reaching safepoint: 565538 ns, Cleanup: 439961 ns, At safepoint: 196773 ns, Total: 1202272 ns
[2025-06-12T09:25:53.448+0000][73][info ][gc,start    ] GC(29) Pause Young (Normal) (G1 Evacuation Pause)
[2025-06-12T09:25:53.453+0000][73][info ][gc,task     ] GC(29) Using 10 workers of 10 for evacuation
[2025-06-12T09:25:53.454+0000][73][debug][gc,age      ] GC(29) Desired survivor size 153092096 bytes, new threshold 15 (max threshold 15)
[2025-06-12T09:25:53.605+0000][73][info ][gc,phases   ] GC(29)   Pre Evacuate Collection Set: 19.24ms
[2025-06-12T09:25:53.606+0000][73][info ][gc,phases   ] GC(29)   Merge Heap Roots: 2.59ms
[2025-06-12T09:25:53.606+0000][73][info ][gc,phases   ] GC(29)   Evacuate Collection Set: 111.30ms
[2025-06-12T09:25:53.606+0000][73][info ][gc,phases   ] GC(29)   Post Evacuate Collection Set: 15.83ms
[2025-06-12T09:25:53.607+0000][73][info ][gc,phases   ] GC(29)   Other: 5.90ms
[2025-06-12T09:25:53.607+0000][73][trace][gc,age      ] GC(29) Age table with threshold 15 (max threshold 15)
[2025-06-12T09:25:53.608+0000][73][trace][gc,age      ] GC(29) - age   1:    1010016 bytes,    1010016 total
[2025-06-12T09:25:53.608+0000][73][trace][gc,age      ] GC(29) - age   2:     162696 bytes,    1172712 total
[2025-06-12T09:25:53.609+0000][73][trace][gc,age      ] GC(29) - age   3:     139832 bytes,    1312544 total
[2025-06-12T09:25:53.609+0000][73][trace][gc,age      ] GC(29) - age   4:     139344 bytes,    1451888 total
[2025-06-12T09:25:53.609+0000][73][trace][gc,age      ] GC(29) - age   5:     122768 bytes,    1574656 total
[2025-06-12T09:25:53.610+0000][73][trace][gc,age      ] GC(29) - age   6:     133264 bytes,    1707920 total
[2025-06-12T09:25:53.610+0000][73][trace][gc,age      ] GC(29) - age   7:     128080 bytes,    1836000 total
[2025-06-12T09:25:53.611+0000][73][trace][gc,age      ] GC(29) - age   8:     144480 bytes,    1980480 total
[2025-06-12T09:25:53.611+0000][73][trace][gc,age      ] GC(29) - age   9:     126504 bytes,    2106984 total
[2025-06-12T09:25:53.611+0000][73][trace][gc,age      ] GC(29) - age  10:     369656 bytes,    2476640 total
[2025-06-12T09:25:53.612+0000][73][trace][gc,age      ] GC(29) - age  11:     216472 bytes,    2693112 total
[2025-06-12T09:25:53.612+0000][73][trace][gc,age      ] GC(29) - age  12:     118560 bytes,    2811672 total
[2025-06-12T09:25:53.613+0000][73][trace][gc,age      ] GC(29) - age  13:     129624 bytes,    2941296 total
[2025-06-12T09:25:53.613+0000][73][trace][gc,age      ] GC(29) - age  14:    1504664 bytes,    4445960 total
[2025-06-12T09:25:53.613+0000][73][trace][gc,age      ] GC(29) - age  15:    1393536 bytes,    5839496 total
[2025-06-12T09:25:53.614+0000][73][info ][gc,heap     ] GC(29) Eden regions: 580->0(580)
[2025-06-12T09:25:53.614+0000][73][info ][gc,heap     ] GC(29) Survivor regions: 2->2(73)
[2025-06-12T09:25:53.615+0000][73][info ][gc,heap     ] GC(29) Old regions: 28->28
[2025-06-12T09:25:53.615+0000][73][info ][gc,heap     ] GC(29) Humongous regions: 0->0
[2025-06-12T09:25:53.616+0000][73][info ][gc,metaspace] GC(29) Metaspace: 149771K(153728K)->149771K(153728K) NonClass: 129535K(131648K)->129535K(131648K) Class: 20235K(22080K)->20235K(22080K)
[2025-06-12T09:25:53.616+0000][73][info ][gc          ] GC(29) Pause Young (Normal) (G1 Evacuation Pause) 2435M->115M(3880M) 168.627ms
[2025-06-12T09:25:53.617+0000][73][info ][gc,cpu      ] GC(29) User=0.86s Sys=0.07s Real=0.17s
[2025-06-12T09:25:53.617+0000][73][info ][safepoint   ] Safepoint "G1CollectForAllocation", Time since last: 86772432209 ns, Reaching safepoint: 72209 ns, Cleanup: 7901 ns, At safepoint: 175037633 ns, Total: 175117743 ns
[2025-06-12T09:34:28.463+0000][73][info ][safepoint   ] Safepoint "Cleanup", Time since last: 514888093796 ns, Reaching safepoint: 73001 ns, Cleanup: 133523 ns, At safepoint: 30920 ns, Total: 237444 ns
[2025-06-12T09:34:57.568+0000][73][info ][safepoint   ] Safepoint "Cleanup", Time since last: 29107158384 ns, Reaching safepoint: 110572 ns, Cleanup: 14086 ns, At safepoint: 36446 ns, Total: 161104 ns
[2025-06-12T09:45:23.681+0000][73][info ][safepoint   ] Safepoint "Cleanup", Time since last: 626163943554 ns, Reaching safepoint: 217868 ns, Cleanup: 83215 ns, At safepoint: 66433 ns, Total: 367516 ns
[2025-06-12T09:45:25.201+0000][73][info ][safepoint   ] Safepoint "Cleanup", Time since last: 1520196865 ns, Reaching safepoint: 32378 ns, Cleanup: 180020 ns, At safepoint: 38275 ns, Total: 250673 ns
[2025-06-12T09:51:45.506+0000][73][info ][safepoint   ] Safepoint "Cleanup", Time since last: 380336800781 ns, Reaching safepoint: 81438 ns, Cleanup: 361399 ns, At safepoint: 84475 ns, Total: 527312 ns
[2025-06-12T09:57:20.877+0000][73][info ][safepoint   ] Safepoint "Cleanup", Time since last: 335398120690 ns, Reaching safepoint: 73921 ns, Cleanup: 17544 ns, At safepoint: 30220 ns, Total: 121685 ns
[2025-06-12T10:02:15.202+0000][73][info ][safepoint   ] Safepoint "Cleanup", Time since last: 294349217285 ns, Reaching safepoint: 24466 ns, Cleanup: 14054 ns, At safepoint: 23552 ns, Total: 62072 ns
[2025-06-12T10:02:39.204+0000][73][info ][safepoint   ] Safepoint "Cleanup", Time since last: 24004764841 ns, Reaching safepoint: 46134 ns, Cleanup: 14938 ns, At safepoint: 8067 ns, Total: 69139 ns
[2025-06-12T10:02:57.380+0000][73][info ][safepoint   ] Safepoint "Cleanup", Time since last: 18175635826 ns, Reaching safepoint: 24838 ns, Cleanup: 16724 ns, At safepoint: 46038 ns, Total: 87600 ns
[2025-06-12T10:04:44.507+0000][73][info ][safepoint   ] Safepoint "Cleanup", Time since last: 107135575269 ns, Reaching safepoint: 8140 ns, Cleanup: 10258 ns, At safepoint: 3314 ns, Total: 21712 ns
[2025-06-12T10:04:46.322+0000][73][info ][safepoint   ] Safepoint "Cleanup", Time since last: 1814339942 ns, Reaching safepoint: 18449 ns, Cleanup: 14412 ns, At safepoint: 7414 ns, Total: 40275 ns
[2025-06-12T10:10:00.302+0000][73][info ][safepoint   ] Safepoint "Cleanup", Time since last: 314000751072 ns, Reaching safepoint: 32417 ns, Cleanup: 18094 ns, At safepoint: 15445 ns, Total: 65956 ns
[2025-06-12T10:13:50.891+0000][73][info ][safepoint   ] Safepoint "Cleanup", Time since last: 230605618498 ns, Reaching safepoint: 31794 ns, Cleanup: 14704 ns, At safepoint: 68486 ns, Total: 114984 ns
[2025-06-12T10:14:15.563+0000][73][info ][safepoint   ] Safepoint "Cleanup", Time since last: 24673876199 ns, Reaching safepoint: 65519 ns, Cleanup: 19863 ns, At safepoint: 29039 ns, Total: 114421 ns
[2025-06-12T10:14:50.492+0000][73][info ][safepoint   ] Safepoint "Cleanup", Time since last: 34930499825 ns, Reaching safepoint: 16563 ns, Cleanup: 22093 ns, At safepoint: 90244 ns, Total: 128900 ns
[2025-06-12T10:14:52.128+0000][73][info ][safepoint   ] Safepoint "Cleanup", Time since last: 1634654404 ns, Reaching safepoint: 27481 ns, Cleanup: 669005 ns, At safepoint: 123598 ns, Total: 820084 ns
[2025-06-12T10:15:29.398+0000][73][info ][gc,start    ] GC(30) Pause Young (Normal) (G1 Evacuation Pause)
[2025-06-12T10:15:29.402+0000][73][info ][gc,task     ] GC(30) Using 10 workers of 10 for evacuation
[2025-06-12T10:15:29.402+0000][73][debug][gc,age      ] GC(30) Desired survivor size 153092096 bytes, new threshold 15 (max threshold 15)
[2025-06-12T10:15:29.523+0000][73][info ][gc,phases   ] GC(30)   Pre Evacuate Collection Set: 7.66ms
[2025-06-12T10:15:29.524+0000][73][info ][gc,phases   ] GC(30)   Merge Heap Roots: 2.22ms
[2025-06-12T10:15:29.524+0000][73][info ][gc,phases   ] GC(30)   Evacuate Collection Set: 95.24ms
[2025-06-12T10:15:29.524+0000][73][info ][gc,phases   ] GC(30)   Post Evacuate Collection Set: 12.51ms
[2025-06-12T10:15:29.525+0000][73][info ][gc,phases   ] GC(30)   Other: 5.38ms
[2025-06-12T10:15:29.526+0000][73][trace][gc,age      ] GC(30) Age table with threshold 15 (max threshold 15)
[2025-06-12T10:15:29.526+0000][73][trace][gc,age      ] GC(30) - age   1:    1379304 bytes,    1379304 total
[2025-06-12T10:15:29.527+0000][73][trace][gc,age      ] GC(30) - age   2:     246784 bytes,    1626088 total
[2025-06-12T10:15:29.527+0000][73][trace][gc,age      ] GC(30) - age   3:     144088 bytes,    1770176 total
[2025-06-12T10:15:29.528+0000][73][trace][gc,age      ] GC(30) - age   4:     138800 bytes,    1908976 total
[2025-06-12T10:15:29.528+0000][73][trace][gc,age      ] GC(30) - age   5:     122928 bytes,    2031904 total
[2025-06-12T10:15:29.529+0000][73][trace][gc,age      ] GC(30) - age   6:     122024 bytes,    2153928 total
[2025-06-12T10:15:29.530+0000][73][trace][gc,age      ] GC(30) - age   7:     133128 bytes,    2287056 total
[2025-06-12T10:15:29.530+0000][73][trace][gc,age      ] GC(30) - age   8:     127872 bytes,    2414928 total
[2025-06-12T10:15:29.530+0000][73][trace][gc,age      ] GC(30) - age   9:     144480 bytes,    2559408 total
[2025-06-12T10:15:29.531+0000][73][trace][gc,age      ] GC(30) - age  10:     126504 bytes,    2685912 total
[2025-06-12T10:15:29.531+0000][73][trace][gc,age      ] GC(30) - age  11:     369576 bytes,    3055488 total
[2025-06-12T10:15:29.532+0000][73][trace][gc,age      ] GC(30) - age  12:     216472 bytes,    3271960 total
[2025-06-12T10:15:29.532+0000][73][trace][gc,age      ] GC(30) - age  13:     118560 bytes,    3390520 total
[2025-06-12T10:15:29.533+0000][73][trace][gc,age      ] GC(30) - age  14:     129624 bytes,    3520144 total
[2025-06-12T10:15:29.533+0000][73][trace][gc,age      ] GC(30) - age  15:    1504664 bytes,    5024808 total
[2025-06-12T10:15:29.534+0000][73][info ][gc,heap     ] GC(30) Eden regions: 580->0(580)
[2025-06-12T10:15:29.534+0000][73][info ][gc,heap     ] GC(30) Survivor regions: 2->2(73)
[2025-06-12T10:15:29.534+0000][73][info ][gc,heap     ] GC(30) Old regions: 28->28
[2025-06-12T10:15:29.535+0000][73][info ][gc,heap     ] GC(30) Humongous regions: 0->0
[2025-06-12T10:15:29.535+0000][73][info ][gc,metaspace] GC(30) Metaspace: 149789K(153792K)->149789K(153792K) NonClass: 129554K(131712K)->129554K(131712K) Class: 20235K(22080K)->20235K(22080K)
[2025-06-12T10:15:29.536+0000][73][info ][gc          ] GC(30) Pause Young (Normal) (G1 Evacuation Pause) 2435M->115M(3880M) 138.113ms
[2025-06-12T10:15:29.537+0000][73][info ][gc,cpu      ] GC(30) User=0.74s Sys=0.03s Real=0.14s
[2025-06-12T10:15:29.538+0000][73][info ][safepoint   ] Safepoint "G1CollectForAllocation", Time since last: 37270036488 ns, Reaching safepoint: 66985 ns, Cleanup: 7062 ns, At safepoint: 142429586 ns, Total: 142503633 ns
[2025-06-12T10:15:31.179+0000][73][info ][safepoint   ] Safepoint "Cleanup", Time since last: 1641631091 ns, Reaching safepoint: 29188 ns, Cleanup: 18115 ns, At safepoint: 13726 ns, Total: 61029 ns
[2025-06-12T10:24:56.703+0000][73][info ][safepoint   ] Safepoint "Cleanup", Time since last: 565561608695 ns, Reaching safepoint: 2245801 ns, Cleanup: 103072 ns, At safepoint: 176767 ns, Total: 2525640 ns
[2025-06-12T10:26:23.820+0000][73][info ][safepoint   ] Safepoint "Cleanup", Time since last: 87123524677 ns, Reaching safepoint: 8156 ns, Cleanup: 11190 ns, At safepoint: 14472 ns, Total: 33818 ns
[2025-06-12T10:26:51.312+0000][73][info ][safepoint   ] Safepoint "Cleanup", Time since last: 27494147813 ns, Reaching safepoint: 72216 ns, Cleanup: 73117 ns, At safepoint: 25257 ns, Total: 170590 ns
[2025-06-12T10:27:54.341+0000][73][info ][safepoint   ] Safepoint "Cleanup", Time since last: 63032991515 ns, Reaching safepoint: 28404 ns, Cleanup: 16481 ns, At safepoint: 40681 ns, Total: 85566 ns
[2025-06-12T10:29:08.987+0000][73][info ][safepoint   ] Safepoint "Cleanup", Time since last: 74653119182 ns, Reaching safepoint: 21550 ns, Cleanup: 13940 ns, At safepoint: 8933 ns, Total: 44423 ns
[2025-06-12T10:30:00.054+0000][73][info ][safepoint   ] Safepoint "Cleanup", Time since last: 51069455545 ns, Reaching safepoint: 41198 ns, Cleanup: 10447 ns, At safepoint: 18855 ns, Total: 70500 ns
[2025-06-12T10:30:03.101+0000][73][info ][safepoint   ] Safepoint "Cleanup", Time since last: 3046713057 ns, Reaching safepoint: 28869 ns, Cleanup: 16331 ns, At safepoint: 14891 ns, Total: 60091 ns
[2025-06-12T10:30:35.440+0000][73][info ][safepoint   ] Safepoint "Cleanup", Time since last: 32341528258 ns, Reaching safepoint: 207824 ns, Cleanup: 10926 ns, At safepoint: 57294 ns, Total: 276044 ns
[2025-06-12T10:30:42.139+0000][73][info ][safepoint   ] Safepoint "Cleanup", Time since last: 6701162348 ns, Reaching safepoint: 28223 ns, Cleanup: 16934 ns, At safepoint: 14198 ns, Total: 59355 ns
[2025-06-12T10:33:44.434+0000][73][info ][safepoint   ] Safepoint "Cleanup", Time since last: 182308984356 ns, Reaching safepoint: 15737 ns, Cleanup: 9469 ns, At safepoint: 13609 ns, Total: 38815 ns
[2025-06-12T10:33:46.275+0000][73][info ][safepoint   ] Safepoint "Cleanup", Time since last: 1841053129 ns, Reaching safepoint: 28606 ns, Cleanup: 21016 ns, At safepoint: 15101 ns, Total: 64723 ns
[2025-06-12T10:36:20.429+0000][73][info ][safepoint   ] Safepoint "Cleanup", Time since last: 154165995865 ns, Reaching safepoint: 60583 ns, Cleanup: 15627 ns, At safepoint: 10084 ns, Total: 86294 ns
[2025-06-12T10:50:28.379+0000][73][info ][safepoint   ] Safepoint "Cleanup", Time since last: 848016030239 ns, Reaching safepoint: 17082 ns, Cleanup: 12663 ns, At safepoint: 19657 ns, Total: 49402 ns
[2025-06-12T10:52:57.068+0000][73][info ][safepoint   ] Safepoint "Cleanup", Time since last: 148700684820 ns, Reaching safepoint: 25212 ns, Cleanup: 16164 ns, At safepoint: 12674 ns, Total: 54050 ns
[2025-06-12T10:57:53.194+0000][73][info ][safepoint   ] Safepoint "Cleanup", Time since last: 296148923930 ns, Reaching safepoint: 26276 ns, Cleanup: 17926 ns, At safepoint: 16864 ns, Total: 61066 ns
[2025-06-12T11:00:20.692+0000][73][info ][safepoint   ] Safepoint "Cleanup", Time since last: 147510333373 ns, Reaching safepoint: 68372 ns, Cleanup: 17934 ns, At safepoint: 11997 ns, Total: 98303 ns
[2025-06-12T11:06:17.995+0000][73][info ][safepoint   ] Safepoint "Cleanup", Time since last: 357330549523 ns, Reaching safepoint: 20505 ns, Cleanup: 9753 ns, At safepoint: 32676 ns, Total: 62934 ns
[2025-06-12T11:07:50.335+0000][73][info ][gc,start    ] GC(31) Pause Young (Normal) (G1 Evacuation Pause)
[2025-06-12T11:07:50.338+0000][73][info ][gc,task     ] GC(31) Using 10 workers of 10 for evacuation
[2025-06-12T11:07:50.338+0000][73][debug][gc,age      ] GC(31) Desired survivor size 153092096 bytes, new threshold 15 (max threshold 15)
[2025-06-12T11:07:50.439+0000][73][info ][gc,phases   ] GC(31)   Pre Evacuate Collection Set: 7.27ms
[2025-06-12T11:07:50.440+0000][73][info ][gc,phases   ] GC(31)   Merge Heap Roots: 2.10ms
[2025-06-12T11:07:50.440+0000][73][info ][gc,phases   ] GC(31)   Evacuate Collection Set: 81.34ms
[2025-06-12T11:07:50.440+0000][73][info ][gc,phases   ] GC(31)   Post Evacuate Collection Set: 8.75ms
[2025-06-12T11:07:50.441+0000][73][info ][gc,phases   ] GC(31)   Other: 3.53ms
[2025-06-12T11:07:50.441+0000][73][trace][gc,age      ] GC(31) Age table with threshold 15 (max threshold 15)
[2025-06-12T11:07:50.442+0000][73][trace][gc,age      ] GC(31) - age   1:     873168 bytes,     873168 total
[2025-06-12T11:07:50.442+0000][73][trace][gc,age      ] GC(31) - age   2:     470040 bytes,    1343208 total
[2025-06-12T11:07:50.442+0000][73][trace][gc,age      ] GC(31) - age   3:     211160 bytes,    1554368 total
[2025-06-12T11:07:50.442+0000][73][trace][gc,age      ] GC(31) - age   4:     143736 bytes,    1698104 total
[2025-06-12T11:07:50.443+0000][73][trace][gc,age      ] GC(31) - age   5:     122400 bytes,    1820504 total
[2025-06-12T11:07:50.443+0000][73][trace][gc,age      ] GC(31) - age   6:     122792 bytes,    1943296 total
[2025-06-12T11:07:50.443+0000][73][trace][gc,age      ] GC(31) - age   7:     122024 bytes,    2065320 total
[2025-06-12T11:07:50.443+0000][73][trace][gc,age      ] GC(31) - age   8:     133128 bytes,    2198448 total
[2025-06-12T11:07:50.444+0000][73][trace][gc,age      ] GC(31) - age   9:     127872 bytes,    2326320 total
[2025-06-12T11:07:50.444+0000][73][trace][gc,age      ] GC(31) - age  10:     144480 bytes,    2470800 total
[2025-06-12T11:07:50.444+0000][73][trace][gc,age      ] GC(31) - age  11:     126504 bytes,    2597304 total
[2025-06-12T11:07:50.444+0000][73][trace][gc,age      ] GC(31) - age  12:     369576 bytes,    2966880 total
[2025-06-12T11:07:50.445+0000][73][trace][gc,age      ] GC(31) - age  13:     216472 bytes,    3183352 total
[2025-06-12T11:07:50.445+0000][73][trace][gc,age      ] GC(31) - age  14:     118560 bytes,    3301912 total
[2025-06-12T11:07:50.445+0000][73][trace][gc,age      ] GC(31) - age  15:     129624 bytes,    3431536 total
[2025-06-12T11:07:50.446+0000][73][info ][gc,heap     ] GC(31) Eden regions: 580->0(581)
[2025-06-12T11:07:50.446+0000][73][info ][gc,heap     ] GC(31) Survivor regions: 2->1(73)
[2025-06-12T11:07:50.446+0000][73][info ][gc,heap     ] GC(31) Old regions: 28->29
[2025-06-12T11:07:50.446+0000][73][info ][gc,heap     ] GC(31) Humongous regions: 0->0
[2025-06-12T11:07:50.447+0000][73][info ][gc,metaspace] GC(31) Metaspace: 149810K(153792K)->149810K(153792K) NonClass: 129574K(131712K)->129574K(131712K) Class: 20235K(22080K)->20235K(22080K)
[2025-06-12T11:07:50.448+0000][73][info ][gc          ] GC(31) Pause Young (Normal) (G1 Evacuation Pause) 2435M->116M(3880M) 113.733ms
[2025-06-12T11:07:50.449+0000][73][info ][gc,cpu      ] GC(31) User=0.57s Sys=0.10s Real=0.11s
[2025-06-12T11:07:50.449+0000][73][info ][safepoint   ] Safepoint "G1CollectForAllocation", Time since last: 92343464631 ns, Reaching safepoint: 23968 ns, Cleanup: 6218 ns, At safepoint: 116855009 ns, Total: 116885195 ns
[2025-06-12T11:10:25.212+0000][73][info ][safepoint   ] Safepoint "Cleanup", Time since last: 154773738018 ns, Reaching safepoint: 60845 ns, Cleanup: 15293 ns, At safepoint: 22999 ns, Total: 99137 ns
[2025-06-12T11:10:30.221+0000][73][info ][safepoint   ] Safepoint "Cleanup", Time since last: 5008885334 ns, Reaching safepoint: 18768 ns, Cleanup: 11950 ns, At safepoint: 24509 ns, Total: 55227 ns
[2025-06-12T11:12:53.612+0000][73][info ][safepoint   ] Safepoint "Cleanup", Time since last: 143402529351 ns, Reaching safepoint: 26193 ns, Cleanup: 19307 ns, At safepoint: 46807 ns, Total: 92307 ns
[2025-06-12T11:13:29.660+0000][73][info ][safepoint   ] Safepoint "Cleanup", Time since last: 36049008757 ns, Reaching safepoint: 492923 ns, Cleanup: 456322 ns, At safepoint: 91573 ns, Total: 1040818 ns
[2025-06-12T11:13:30.890+0000][73][info ][safepoint   ] Safepoint "Cleanup", Time since last: 1230386219 ns, Reaching safepoint: 14278 ns, Cleanup: 34740 ns, At safepoint: 23075 ns, Total: 72093 ns
[2025-06-12T11:13:32.416+0000][73][info ][safepoint   ] Safepoint "Cleanup", Time since last: 1525018602 ns, Reaching safepoint: 26442 ns, Cleanup: 26509 ns, At safepoint: 12600 ns, Total: 65551 ns
[2025-06-12T11:13:33.416+0000][73][info ][safepoint   ] Safepoint "Cleanup", Time since last: 1000626958 ns, Reaching safepoint: 25971 ns, Cleanup: 16350 ns, At safepoint: 11153 ns, Total: 53474 ns
[2025-06-12T11:13:38.347+0000][73][info ][safepoint   ] Safepoint "Cleanup", Time since last: 4933450826 ns, Reaching safepoint: 13231 ns, Cleanup: 14694 ns, At safepoint: 18979 ns, Total: 46904 ns
[2025-06-12T11:13:50.637+0000][73][info ][safepoint   ] Safepoint "Cleanup", Time since last: 12290336397 ns, Reaching safepoint: 27868 ns, Cleanup: 20496 ns, At safepoint: 13299 ns, Total: 61663 ns
[2025-06-12T11:13:53.466+0000][73][info ][safepoint   ] Safepoint "Cleanup", Time since last: 2828201771 ns, Reaching safepoint: 15464 ns, Cleanup: 10790 ns, At safepoint: 18681 ns, Total: 44935 ns
[2025-06-12T11:13:54.491+0000][73][info ][safepoint   ] Safepoint "Cleanup", Time since last: 1025120793 ns, Reaching safepoint: 24538 ns, Cleanup: 20896 ns, At safepoint: 13864 ns, Total: 59298 ns
[2025-06-12T11:13:57.560+0000][73][info ][safepoint   ] Safepoint "Cleanup", Time since last: 3069359557 ns, Reaching safepoint: 24680 ns, Cleanup: 14864 ns, At safepoint: 12501 ns, Total: 52045 ns
[2025-06-12T11:13:58.588+0000][73][info ][safepoint   ] Safepoint "Cleanup", Time since last: 1027442661 ns, Reaching safepoint: 46934 ns, Cleanup: 20574 ns, At safepoint: 11701 ns, Total: 79209 ns
[2025-06-12T11:13:59.610+0000][73][info ][safepoint   ] Safepoint "Cleanup", Time since last: 1022103831 ns, Reaching safepoint: 102131 ns, Cleanup: 11017 ns, At safepoint: 44274 ns, Total: 157422 ns
[2025-06-12T11:14:00.616+0000][73][info ][safepoint   ] Safepoint "Cleanup", Time since last: 1006156347 ns, Reaching safepoint: 25091 ns, Cleanup: 15626 ns, At safepoint: 10627 ns, Total: 51344 ns
[2025-06-12T11:14:08.347+0000][73][info ][safepoint   ] Safepoint "Cleanup", Time since last: 7732691556 ns, Reaching safepoint: 20577 ns, Cleanup: 14670 ns, At safepoint: 21090 ns, Total: 56337 ns
[2025-06-12T11:14:09.769+0000][73][info ][safepoint   ] Safepoint "Cleanup", Time since last: 1422208181 ns, Reaching safepoint: 12661 ns, Cleanup: 11494 ns, At safepoint: 5544 ns, Total: 29699 ns
[2025-06-12T11:14:20.039+0000][73][info ][safepoint   ] Safepoint "Cleanup", Time since last: 10269210433 ns, Reaching safepoint: 25593 ns, Cleanup: 21513 ns, At safepoint: 12676 ns, Total: 59782 ns
[2025-06-12T11:14:26.040+0000][73][info ][safepoint   ] Safepoint "Cleanup", Time since last: 6001299005 ns, Reaching safepoint: 60782 ns, Cleanup: 16950 ns, At safepoint: 11453 ns, Total: 89185 ns
[2025-06-12T11:14:41.868+0000][73][info ][safepoint   ] Safepoint "Cleanup", Time since last: 15830091275 ns, Reaching safepoint: 15005 ns, Cleanup: 12482 ns, At safepoint: 20039 ns, Total: 47526 ns
[2025-06-12T11:15:13.664+0000][73][info ][safepoint   ] Safepoint "Cleanup", Time since last: 31799036275 ns, Reaching safepoint: 105133 ns, Cleanup: 19578 ns, At safepoint: 13520 ns, Total: 138231 ns
[2025-06-12T11:15:18.665+0000][73][info ][safepoint   ] Safepoint "Cleanup", Time since last: 5001118810 ns, Reaching safepoint: 30265 ns, Cleanup: 18802 ns, At safepoint: 11872 ns, Total: 60939 ns
[2025-06-12T11:15:20.666+0000][73][info ][safepoint   ] Safepoint "Cleanup", Time since last: 2000798012 ns, Reaching safepoint: 25446 ns, Cleanup: 23468 ns, At safepoint: 11365 ns, Total: 60279 ns
[2025-06-12T11:15:23.667+0000][73][info ][safepoint   ] Safepoint "Cleanup", Time since last: 3000879834 ns, Reaching safepoint: 55731 ns, Cleanup: 16641 ns, At safepoint: 14389 ns, Total: 86761 ns
[2025-06-12T11:15:26.860+0000][73][info ][safepoint   ] Safepoint "Cleanup", Time since last: 3192354278 ns, Reaching safepoint: 13861 ns, Cleanup: 12885 ns, At safepoint: 19534 ns, Total: 46280 ns
[2025-06-12T11:15:27.870+0000][73][info ][safepoint   ] Safepoint "Cleanup", Time since last: 1010235797 ns, Reaching safepoint: 19309 ns, Cleanup: 17687 ns, At safepoint: 10019 ns, Total: 47015 ns
[2025-06-12T11:15:41.439+0000][73][info ][safepoint   ] Safepoint "Cleanup", Time since last: 13570489053 ns, Reaching safepoint: 15848 ns, Cleanup: 23907 ns, At safepoint: 20016 ns, Total: 59771 ns
[2025-06-12T11:15:50.949+0000][73][info ][safepoint   ] Safepoint "Cleanup", Time since last: 9510010714 ns, Reaching safepoint: 26672 ns, Cleanup: 22521 ns, At safepoint: 13902 ns, Total: 63095 ns
[2025-06-12T11:16:28.117+0000][73][info ][safepoint   ] Safepoint "Cleanup", Time since last: 37170127671 ns, Reaching safepoint: 53488 ns, Cleanup: 15712 ns, At safepoint: 11194 ns, Total: 80394 ns
[2025-06-12T11:16:47.975+0000][73][info ][safepoint   ] Safepoint "Cleanup", Time since last: 19860554307 ns, Reaching safepoint: 16771 ns, Cleanup: 13575 ns, At safepoint: 20157 ns, Total: 50503 ns
[2025-06-12T11:18:02.793+0000][73][info ][gc,start    ] GC(32) Pause Young (Concurrent Start) (CodeCache GC Threshold)
[2025-06-12T11:18:02.794+0000][73][info ][gc,task     ] GC(32) Using 10 workers of 10 for evacuation
[2025-06-12T11:18:02.795+0000][73][debug][gc,age      ] GC(32) Desired survivor size 153092096 bytes, new threshold 15 (max threshold 15)
[2025-06-12T11:18:02.892+0000][73][info ][gc,phases   ] GC(32)   Pre Evacuate Collection Set: 2.39ms
[2025-06-12T11:18:02.892+0000][73][info ][gc,phases   ] GC(32)   Merge Heap Roots: 0.33ms
[2025-06-12T11:18:02.892+0000][73][info ][gc,phases   ] GC(32)   Evacuate Collection Set: 91.82ms
[2025-06-12T11:18:02.893+0000][73][info ][gc,phases   ] GC(32)   Post Evacuate Collection Set: 1.79ms
[2025-06-12T11:18:02.893+0000][73][info ][gc,phases   ] GC(32)   Other: 1.09ms
[2025-06-12T11:18:02.893+0000][73][trace][gc,age      ] GC(32) Age table with threshold 15 (max threshold 15)
[2025-06-12T11:18:02.893+0000][73][trace][gc,age      ] GC(32) - age   1:    1335744 bytes,    1335744 total
[2025-06-12T11:18:02.894+0000][73][trace][gc,age      ] GC(32) - age   2:     126928 bytes,    1462672 total
[2025-06-12T11:18:02.894+0000][73][trace][gc,age      ] GC(32) - age   3:     114896 bytes,    1577568 total
[2025-06-12T11:18:02.894+0000][73][trace][gc,age      ] GC(32) - age   4:     121872 bytes,    1699440 total
[2025-06-12T11:18:02.895+0000][73][trace][gc,age      ] GC(32) - age   5:     127384 bytes,    1826824 total
[2025-06-12T11:18:02.895+0000][73][trace][gc,age      ] GC(32) - age   6:     122400 bytes,    1949224 total
[2025-06-12T11:18:02.895+0000][73][trace][gc,age      ] GC(32) - age   7:     122792 bytes,    2072016 total
[2025-06-12T11:18:02.896+0000][73][trace][gc,age      ] GC(32) - age   8:     122024 bytes,    2194040 total
[2025-06-12T11:18:02.896+0000][73][trace][gc,age      ] GC(32) - age   9:     127928 bytes,    2321968 total
[2025-06-12T11:18:02.896+0000][73][trace][gc,age      ] GC(32) - age  10:     127872 bytes,    2449840 total
[2025-06-12T11:18:02.897+0000][73][trace][gc,age      ] GC(32) - age  11:     144480 bytes,    2594320 total
[2025-06-12T11:18:02.897+0000][73][trace][gc,age      ] GC(32) - age  12:     126504 bytes,    2720824 total
[2025-06-12T11:18:02.897+0000][73][trace][gc,age      ] GC(32) - age  13:     369576 bytes,    3090400 total
[2025-06-12T11:18:02.898+0000][73][trace][gc,age      ] GC(32) - age  14:     216472 bytes,    3306872 total
[2025-06-12T11:18:02.898+0000][73][trace][gc,age      ] GC(32) - age  15:     118560 bytes,    3425432 total
[2025-06-12T11:18:02.898+0000][73][info ][gc,heap     ] GC(32) Eden regions: 144->0(581)
[2025-06-12T11:18:02.898+0000][73][info ][gc,heap     ] GC(32) Survivor regions: 1->1(73)
[2025-06-12T11:18:02.899+0000][73][info ][gc,heap     ] GC(32) Old regions: 29->29
[2025-06-12T11:18:02.899+0000][73][info ][gc,heap     ] GC(32) Humongous regions: 0->0
[2025-06-12T11:18:02.899+0000][73][info ][gc,metaspace] GC(32) Metaspace: 149839K(153792K)->149839K(153792K) NonClass: 129603K(131712K)->129603K(131712K) Class: 20235K(22080K)->20235K(22080K)
[2025-06-12T11:18:02.900+0000][73][info ][gc          ] GC(32) Pause Young (Concurrent Start) (CodeCache GC Threshold) 690M->115M(3880M) 106.622ms
[2025-06-12T11:18:02.901+0000][73][info ][gc,cpu      ] GC(32) User=0.28s Sys=0.01s Real=0.11s
[2025-06-12T11:18:02.901+0000][73][info ][safepoint   ] Safepoint "G1TryInitiateConcMark", Time since last: 74823565765 ns, Reaching safepoint: 50941 ns, Cleanup: 6376 ns, At safepoint: 108110738 ns, Total: 108168055 ns
[2025-06-12T11:18:02.902+0000][73][info ][gc          ] GC(33) Concurrent Mark Cycle
[2025-06-12T11:18:02.903+0000][73][info ][gc,marking  ] GC(33) Concurrent Scan Root Regions
[2025-06-12T11:18:03.078+0000][73][info ][gc,marking  ] GC(33) Concurrent Scan Root Regions 174.539ms
[2025-06-12T11:18:03.078+0000][73][info ][gc,marking  ] GC(33) Concurrent Mark
[2025-06-12T11:18:03.079+0000][73][info ][gc,marking  ] GC(33) Concurrent Mark From Roots
[2025-06-12T11:18:03.079+0000][73][info ][gc,task     ] GC(33) Using 3 workers of 3 for marking
[2025-06-12T11:18:03.636+0000][73][info ][gc,marking  ] GC(33) Concurrent Mark From Roots 557.147ms
[2025-06-12T11:18:03.636+0000][73][info ][gc,marking  ] GC(33) Concurrent Preclean
[2025-06-12T11:18:03.638+0000][73][info ][gc,marking  ] GC(33) Concurrent Preclean 1.873ms
[2025-06-12T11:18:03.639+0000][73][info ][gc,start    ] GC(33) Pause Remark
[2025-06-12T11:18:05.073+0000][73][info ][gc,mmu      ] GC(33) MMU target violated: 201.0ms (200.0ms/201.0ms)
[2025-06-12T11:18:05.074+0000][73][info ][gc          ] GC(33) Pause Remark 127M->127M(3880M) 1434.817ms
[2025-06-12T11:18:05.075+0000][73][info ][gc,cpu      ] GC(33) User=11.72s Sys=0.18s Real=1.43s
[2025-06-12T11:18:05.075+0000][73][info ][safepoint   ] Safepoint "G1PauseRemark", Time since last: 737760627 ns, Reaching safepoint: 24890 ns, Cleanup: 4849 ns, At safepoint: 1436564795 ns, Total: 1436594534 ns
[2025-06-12T11:18:05.076+0000][73][info ][gc,marking  ] GC(33) Concurrent Mark 1997.657ms
[2025-06-12T11:18:05.078+0000][73][info ][gc,marking  ] GC(33) Concurrent Rebuild Remembered Sets and Scrub Regions
[2025-06-12T11:18:05.319+0000][73][info ][gc,marking  ] GC(33) Concurrent Rebuild Remembered Sets and Scrub Regions 241.803ms
[2025-06-12T11:18:05.324+0000][73][info ][gc,start    ] GC(33) Pause Cleanup
[2025-06-12T11:18:05.325+0000][73][info ][gc          ] GC(33) Pause Cleanup 132M->132M(3880M) 1.008ms
[2025-06-12T11:18:05.325+0000][73][info ][gc,cpu      ] GC(33) User=0.00s Sys=0.00s Real=0.00s
[2025-06-12T11:18:05.326+0000][73][info ][safepoint   ] Safepoint "G1PauseCleanup", Time since last: 244483668 ns, Reaching safepoint: 3253068 ns, Cleanup: 470813 ns, At safepoint: 1971096 ns, Total: 5694977 ns
[2025-06-12T11:18:05.326+0000][73][info ][gc,marking  ] GC(33) Concurrent Clear Claimed Marks
[2025-06-12T11:18:05.327+0000][73][info ][gc,marking  ] GC(33) Concurrent Clear Claimed Marks 0.642ms
[2025-06-12T11:18:05.327+0000][73][info ][gc,marking  ] GC(33) Concurrent Cleanup for Next Mark
[2025-06-12T11:18:05.438+0000][73][info ][gc,marking  ] GC(33) Concurrent Cleanup for Next Mark 110.274ms
[2025-06-12T11:18:05.438+0000][73][info ][gc          ] GC(33) Concurrent Mark Cycle 2535.975ms
[2025-06-12T11:18:20.326+0000][73][info ][safepoint   ] Safepoint "Cleanup", Time since last: 15001872963 ns, Reaching safepoint: 81217 ns, Cleanup: 18911 ns, At safepoint: 10345 ns, Total: 110473 ns
[2025-06-12T11:20:03.121+0000][73][info ][safepoint   ] Safepoint "Cleanup", Time since last: 102801822307 ns, Reaching safepoint: 46001 ns, Cleanup: 14368 ns, At safepoint: 10169 ns, Total: 70538 ns
[2025-06-12T11:20:20.121+0000][73][info ][safepoint   ] Safepoint "Cleanup", Time since last: 17002487645 ns, Reaching safepoint: 59772 ns, Cleanup: 17170 ns, At safepoint: 14368 ns, Total: 91310 ns
[2025-06-12T11:21:20.178+0000][73][info ][safepoint   ] Safepoint "Cleanup", Time since last: 60060769112 ns, Reaching safepoint: 63633 ns, Cleanup: 16782 ns, At safepoint: 15252 ns, Total: 95667 ns
[2025-06-12T11:25:55.028+0000][73][info ][safepoint   ] Safepoint "Cleanup", Time since last: 274869667600 ns, Reaching safepoint: 59264 ns, Cleanup: 17508 ns, At safepoint: 13834 ns, Total: 90606 ns
[2025-06-12T11:26:14.308+0000][73][info ][safepoint   ] Safepoint "Cleanup", Time since last: 19282575519 ns, Reaching safepoint: 98108 ns, Cleanup: 10154 ns, At safepoint: 46192 ns, Total: 154454 ns
[2025-06-12T11:26:15.322+0000][73][info ][safepoint   ] Safepoint "Cleanup", Time since last: 1014135019 ns, Reaching safepoint: 20180 ns, Cleanup: 11937 ns, At safepoint: 28567 ns, Total: 60684 ns
[2025-06-12T11:27:20.359+0000][73][info ][safepoint   ] Safepoint "Cleanup", Time since last: 65041416246 ns, Reaching safepoint: 24685 ns, Cleanup: 15911 ns, At safepoint: 13081 ns, Total: 53677 ns
[2025-06-12T11:30:58.333+0000][73][info ][safepoint   ] Safepoint "Cleanup", Time since last: 217989313679 ns, Reaching safepoint: 6389 ns, Cleanup: 6184 ns, At safepoint: 2952 ns, Total: 15525 ns
[2025-06-12T11:31:00.281+0000][73][info ][safepoint   ] Safepoint "Cleanup", Time since last: 1947991061 ns, Reaching safepoint: 18665 ns, Cleanup: 13741 ns, At safepoint: 9141 ns, Total: 41547 ns
[2025-06-12T11:32:32.312+0000][73][info ][safepoint   ] Safepoint "Cleanup", Time since last: 92037735445 ns, Reaching safepoint: 158609 ns, Cleanup: 9173 ns, At safepoint: 34631 ns, Total: 202413 ns
[2025-06-12T11:32:57.206+0000][73][info ][safepoint   ] Safepoint "Cleanup", Time since last: 24896209452 ns, Reaching safepoint: 39732 ns, Cleanup: 16247 ns, At safepoint: 13239 ns, Total: 69218 ns
[2025-06-12T11:33:35.332+0000][73][info ][safepoint   ] Safepoint "Cleanup", Time since last: 38127906260 ns, Reaching safepoint: 12542 ns, Cleanup: 10014 ns, At safepoint: 4991 ns, Total: 27547 ns
[2025-06-12T11:35:38.450+0000][73][info ][safepoint   ] Safepoint "Cleanup", Time since last: 123128515641 ns, Reaching safepoint: 13146 ns, Cleanup: 13441 ns, At safepoint: 8303 ns, Total: 34890 ns
[2025-06-12T11:35:41.300+0000][73][info ][safepoint   ] Safepoint "Cleanup", Time since last: 2850194538 ns, Reaching safepoint: 7914 ns, Cleanup: 9943 ns, At safepoint: 3289 ns, Total: 21146 ns
[2025-06-12T11:36:44.729+0000][73][info ][safepoint   ] Safepoint "Cleanup", Time since last: 63432716512 ns, Reaching safepoint: 12965 ns, Cleanup: 10318 ns, At safepoint: 18688 ns, Total: 41971 ns
[2025-06-12T11:37:47.313+0000][73][info ][safepoint   ] Safepoint "Cleanup", Time since last: 62588433184 ns, Reaching safepoint: 103810 ns, Cleanup: 12422 ns, At safepoint: 35076 ns, Total: 151308 ns
[2025-06-12T11:39:27.834+0000][73][info ][safepoint   ] Safepoint "Cleanup", Time since last: 100527902661 ns, Reaching safepoint: 65297 ns, Cleanup: 18078 ns, At safepoint: 13381 ns, Total: 96756 ns
[2025-06-12T11:39:37.834+0000][73][info ][safepoint   ] Safepoint "Cleanup", Time since last: 10001656527 ns, Reaching safepoint: 25002 ns, Cleanup: 18351 ns, At safepoint: 11278 ns, Total: 54631 ns
[2025-06-12T11:40:42.884+0000][73][info ][safepoint   ] Safepoint "Cleanup", Time since last: 65054171795 ns, Reaching safepoint: 55350 ns, Cleanup: 15634 ns, At safepoint: 11900 ns, Total: 82884 ns
[2025-06-12T11:40:56.327+0000][73][info ][safepoint   ] Safepoint "Cleanup", Time since last: 13442936963 ns, Reaching safepoint: 15929 ns, Cleanup: 11740 ns, At safepoint: 18926 ns, Total: 46595 ns
[2025-06-12T11:40:57.944+0000][73][info ][safepoint   ] Safepoint "Cleanup", Time since last: 1617493042 ns, Reaching safepoint: 14251 ns, Cleanup: 12318 ns, At safepoint: 4649 ns, Total: 31218 ns
[2025-06-12T11:40:59.594+0000][73][info ][safepoint   ] Safepoint "Cleanup", Time since last: 1649936515 ns, Reaching safepoint: 53676 ns, Cleanup: 18199 ns, At safepoint: 14003 ns, Total: 85878 ns
[2025-06-12T11:44:17.070+0000][73][info ][safepoint   ] Safepoint "Cleanup", Time since last: 197491530268 ns, Reaching safepoint: 27322 ns, Cleanup: 14761 ns, At safepoint: 10304 ns, Total: 52387 ns
[2025-06-12T11:45:44.306+0000][73][info ][safepoint   ] Safepoint "Cleanup", Time since last: 87242079061 ns, Reaching safepoint: 25831 ns, Cleanup: 12375 ns, At safepoint: 4947 ns, Total: 43153 ns
[2025-06-12T11:52:07.730+0000][73][info ][safepoint   ] Safepoint "Cleanup", Time since last: 383452017225 ns, Reaching safepoint: 62188 ns, Cleanup: 16506 ns, At safepoint: 11871 ns, Total: 90565 ns
[2025-06-12T11:54:32.793+0000][73][info ][safepoint   ] Safepoint "Cleanup", Time since last: 145070716806 ns, Reaching safepoint: 66531 ns, Cleanup: 16152 ns, At safepoint: 12225 ns, Total: 94908 ns
[2025-06-12T11:55:20.820+0000][73][info ][safepoint   ] Safepoint "Cleanup", Time since last: 48031148479 ns, Reaching safepoint: 91905 ns, Cleanup: 16310 ns, At safepoint: 13205 ns, Total: 121420 ns
[2025-06-12T11:57:19.876+0000][73][info ][safepoint   ] Safepoint "Cleanup", Time since last: 119064723273 ns, Reaching safepoint: 60910 ns, Cleanup: 15633 ns, At safepoint: 15213 ns, Total: 91756 ns
[2025-06-12T11:59:11.308+0000][73][info ][safepoint   ] Safepoint "Cleanup", Time since last: 111440215449 ns, Reaching safepoint: 270959 ns, Cleanup: 13927 ns, At safepoint: 45389 ns, Total: 330275 ns
[2025-06-12T12:00:50.276+0000][73][info ][safepoint   ] Safepoint "Cleanup", Time since last: 98974149363 ns, Reaching safepoint: 14240 ns, Cleanup: 14364 ns, At safepoint: 19393 ns, Total: 47997 ns
[2025-06-12T12:00:51.916+0000][73][info ][safepoint   ] Safepoint "Cleanup", Time since last: 1639664992 ns, Reaching safepoint: 25277 ns, Cleanup: 17097 ns, At safepoint: 12030 ns, Total: 54404 ns
[2025-06-12T12:01:19.975+0000][73][info ][safepoint   ] Safepoint "Cleanup", Time since last: 28061444315 ns, Reaching safepoint: 59577 ns, Cleanup: 17379 ns, At safepoint: 14240 ns, Total: 91196 ns
[2025-06-12T12:01:28.319+0000][73][info ][safepoint   ] Safepoint "Cleanup", Time since last: 8343806150 ns, Reaching safepoint: 6744 ns, Cleanup: 8243 ns, At safepoint: 3120 ns, Total: 18107 ns
[2025-06-12T12:02:00.010+0000][73][info ][safepoint   ] Safepoint "Cleanup", Time since last: 31693367051 ns, Reaching safepoint: 66842 ns, Cleanup: 16895 ns, At safepoint: 12505 ns, Total: 96242 ns
[2025-06-12T12:06:28.327+0000][73][info ][safepoint   ] Safepoint "Cleanup", Time since last: 268335250908 ns, Reaching safepoint: 13650 ns, Cleanup: 11972 ns, At safepoint: 16110 ns, Total: 41732 ns
[2025-06-12T12:11:24.341+0000][73][info ][safepoint   ] Safepoint "Cleanup", Time since last: 296035809796 ns, Reaching safepoint: 6518 ns, Cleanup: 28473 ns, At safepoint: 14100 ns, Total: 49091 ns
[2025-06-12T12:11:24.346+0000][73][info ][gc,start    ] GC(34) Pause Young (Prepare Mixed) (G1 Evacuation Pause)
[2025-06-12T12:11:24.347+0000][73][info ][gc,task     ] GC(34) Using 10 workers of 10 for evacuation
[2025-06-12T12:11:24.348+0000][73][debug][gc,age      ] GC(34) Desired survivor size 153092096 bytes, new threshold 15 (max threshold 15)
[2025-06-12T12:11:24.397+0000][73][info ][gc,phases   ] GC(34)   Pre Evacuate Collection Set: 4.41ms
[2025-06-12T12:11:24.398+0000][73][info ][gc,phases   ] GC(34)   Merge Heap Roots: 1.44ms
[2025-06-12T12:11:24.398+0000][73][info ][gc,phases   ] GC(34)   Evacuate Collection Set: 34.79ms
[2025-06-12T12:11:24.398+0000][73][info ][gc,phases   ] GC(34)   Post Evacuate Collection Set: 8.05ms
[2025-06-12T12:11:24.399+0000][73][info ][gc,phases   ] GC(34)   Other: 2.07ms
[2025-06-12T12:11:24.399+0000][73][trace][gc,age      ] GC(34) Age table with threshold 15 (max threshold 15)
[2025-06-12T12:11:24.399+0000][73][trace][gc,age      ] GC(34) - age   1:    1077984 bytes,    1077984 total
[2025-06-12T12:11:24.400+0000][73][trace][gc,age      ] GC(34) - age   2:     685512 bytes,    1763496 total
[2025-06-12T12:11:24.400+0000][73][trace][gc,age      ] GC(34) - age   3:     119720 bytes,    1883216 total
[2025-06-12T12:11:24.400+0000][73][trace][gc,age      ] GC(34) - age   4:     114096 bytes,    1997312 total
[2025-06-12T12:11:24.401+0000][73][trace][gc,age      ] GC(34) - age   5:     119904 bytes,    2117216 total
[2025-06-12T12:11:24.402+0000][73][trace][gc,age      ] GC(34) - age   6:     127320 bytes,    2244536 total
[2025-06-12T12:11:24.402+0000][73][trace][gc,age      ] GC(34) - age   7:     122400 bytes,    2366936 total
[2025-06-12T12:11:24.402+0000][73][trace][gc,age      ] GC(34) - age   8:     122792 bytes,    2489728 total
[2025-06-12T12:11:24.402+0000][73][trace][gc,age      ] GC(34) - age   9:     121512 bytes,    2611240 total
[2025-06-12T12:11:24.403+0000][73][trace][gc,age      ] GC(34) - age  10:     127928 bytes,    2739168 total
[2025-06-12T12:11:24.403+0000][73][trace][gc,age      ] GC(34) - age  11:     127872 bytes,    2867040 total
[2025-06-12T12:11:24.403+0000][73][trace][gc,age      ] GC(34) - age  12:     144480 bytes,    3011520 total
[2025-06-12T12:11:24.404+0000][73][trace][gc,age      ] GC(34) - age  13:     126504 bytes,    3138024 total
[2025-06-12T12:11:24.404+0000][73][trace][gc,age      ] GC(34) - age  14:     369304 bytes,    3507328 total
[2025-06-12T12:11:24.404+0000][73][trace][gc,age      ] GC(34) - age  15:     213696 bytes,    3721024 total
[2025-06-12T12:11:24.404+0000][73][info ][gc,heap     ] GC(34) Eden regions: 581->0(581)
[2025-06-12T12:11:24.406+0000][73][info ][gc,heap     ] GC(34) Survivor regions: 1->1(73)
[2025-06-12T12:11:24.406+0000][73][info ][gc,heap     ] GC(34) Old regions: 29->29
[2025-06-12T12:11:24.407+0000][73][info ][gc,heap     ] GC(34) Humongous regions: 0->0
[2025-06-12T12:11:24.407+0000][73][info ][gc,metaspace] GC(34) Metaspace: 147244K(153792K)->147244K(153792K) NonClass: 127682K(131712K)->127682K(131712K) Class: 19562K(22080K)->19562K(22080K)
[2025-06-12T12:11:24.408+0000][73][info ][gc          ] GC(34) Pause Young (Prepare Mixed) (G1 Evacuation Pause) 2439M->116M(3880M) 61.823ms
[2025-06-12T12:11:24.408+0000][73][info ][gc,cpu      ] GC(34) User=0.28s Sys=0.01s Real=0.06s
[2025-06-12T12:11:24.408+0000][73][info ][safepoint   ] Safepoint "G1CollectForAllocation", Time since last: 4048051 ns, Reaching safepoint: 17148 ns, Cleanup: 4441 ns, At safepoint: 62959588 ns, Total: 62981177 ns
[2025-06-12T12:11:26.343+0000][73][info ][safepoint   ] Safepoint "Cleanup", Time since last: 1934629371 ns, Reaching safepoint: 32475 ns, Cleanup: 20008 ns, At safepoint: 15354 ns, Total: 67837 ns
[2025-06-12T12:13:20.294+0000][73][info ][safepoint   ] Safepoint "Cleanup", Time since last: 113959545097 ns, Reaching safepoint: 57669 ns, Cleanup: 15185 ns, At safepoint: 11580 ns, Total: 84434 ns
[2025-06-12T12:13:23.295+0000][73][info ][safepoint   ] Safepoint "Cleanup", Time since last: 3000823806 ns, Reaching safepoint: 24165 ns, Cleanup: 15610 ns, At safepoint: 14906 ns, Total: 54681 ns
[2025-06-12T12:13:56.451+0000][73][info ][safepoint   ] Safepoint "Cleanup", Time since last: 33158251232 ns, Reaching safepoint: 6904 ns, Cleanup: 14573 ns, At safepoint: 13614 ns, Total: 35091 ns
[2025-06-12T12:13:58.325+0000][73][info ][safepoint   ] Safepoint "Cleanup", Time since last: 1874010728 ns, Reaching safepoint: 7883 ns, Cleanup: 9463 ns, At safepoint: 14511 ns, Total: 31857 ns
[2025-06-12T12:14:00.536+0000][73][info ][safepoint   ] Safepoint "Cleanup", Time since last: 2210913386 ns, Reaching safepoint: 59947 ns, Cleanup: 17777 ns, At safepoint: 14673 ns, Total: 92397 ns
[2025-06-12T12:14:02.571+0000][73][info ][safepoint   ] Safepoint "Cleanup", Time since last: 2034847406 ns, Reaching safepoint: 6869 ns, Cleanup: 8105 ns, At safepoint: 13176 ns, Total: 28150 ns
[2025-06-12T12:14:28.502+0000][73][info ][safepoint   ] Safepoint "Cleanup", Time since last: 25932681990 ns, Reaching safepoint: 25785 ns, Cleanup: 16305 ns, At safepoint: 13666 ns, Total: 55756 ns
[2025-06-12T12:14:30.534+0000][73][info ][safepoint   ] Safepoint "Cleanup", Time since last: 2031905974 ns, Reaching safepoint: 26068 ns, Cleanup: 15875 ns, At safepoint: 11828 ns, Total: 53771 ns
[2025-06-12T12:14:32.598+0000][73][info ][safepoint   ] Safepoint "Cleanup", Time since last: 2063810694 ns, Reaching safepoint: 15607 ns, Cleanup: 11300 ns, At safepoint: 20649 ns, Total: 47556 ns
[2025-06-12T12:15:35.244+0000][73][info ][safepoint   ] Safepoint "Cleanup", Time since last: 62650733762 ns, Reaching safepoint: 13982 ns, Cleanup: 11074 ns, At safepoint: 18015 ns, Total: 43071 ns
[2025-06-12T12:17:52.421+0000][73][info ][safepoint   ] Safepoint "Cleanup", Time since last: 137185189906 ns, Reaching safepoint: 2449735 ns, Cleanup: 15157 ns, At safepoint: 61310 ns, Total: 2526202 ns
[2025-06-12T12:17:57.422+0000][73][info ][safepoint   ] Safepoint "Cleanup", Time since last: 5001167650 ns, Reaching safepoint: 26465 ns, Cleanup: 16055 ns, At safepoint: 10084 ns, Total: 52604 ns
[2025-06-12T12:26:51.654+0000][73][info ][safepoint   ] Safepoint "Cleanup", Time since last: 534270653084 ns, Reaching safepoint: 58779 ns, Cleanup: 15328 ns, At safepoint: 8946 ns, Total: 83053 ns
[2025-06-12T12:28:13.234+0000][73][info ][safepoint   ] Safepoint "Cleanup", Time since last: 81586477454 ns, Reaching safepoint: 36085 ns, Cleanup: 16270 ns, At safepoint: 12031 ns, Total: 64386 ns
[2025-06-12T12:30:20.313+0000][73][info ][safepoint   ] Safepoint "Cleanup", Time since last: 127087501508 ns, Reaching safepoint: 23498 ns, Cleanup: 17551 ns, At safepoint: 10829 ns, Total: 51878 ns
[2025-06-12T12:34:29.559+0000][73][info ][safepoint   ] Safepoint "Cleanup", Time since last: 249262795056 ns, Reaching safepoint: 19510 ns, Cleanup: 16721 ns, At safepoint: 24849 ns, Total: 61080 ns
[2025-06-12T12:35:03.878+0000][73][info ][safepoint   ] Safepoint "Cleanup", Time since last: 34321385218 ns, Reaching safepoint: 18909 ns, Cleanup: 14021 ns, At safepoint: 9096 ns, Total: 42026 ns
[2025-06-12T12:35:19.879+0000][73][info ][safepoint   ] Safepoint "Cleanup", Time since last: 16002620911 ns, Reaching safepoint: 67497 ns, Cleanup: 18508 ns, At safepoint: 11001 ns, Total: 97006 ns
[2025-06-12T12:36:19.680+0000][73][info ][safepoint   ] Safepoint "Cleanup", Time since last: 59804801544 ns, Reaching safepoint: 154077 ns, Cleanup: 17741 ns, At safepoint: 66236 ns, Total: 238054 ns
[2025-06-12T12:36:35.687+0000][73][info ][safepoint   ] Safepoint "Cleanup", Time since last: 16007334928 ns, Reaching safepoint: 14084 ns, Cleanup: 10360 ns, At safepoint: 19251 ns, Total: 43695 ns
[2025-06-12T12:36:36.701+0000][73][info ][safepoint   ] Safepoint "Cleanup", Time since last: 1016337108 ns, Reaching safepoint: 13674 ns, Cleanup: 12976 ns, At safepoint: 20180 ns, Total: 46830 ns
[2025-06-12T12:38:59.991+0000][73][info ][safepoint   ] Safepoint "Cleanup", Time since last: 143298387250 ns, Reaching safepoint: 23922 ns, Cleanup: 14106 ns, At safepoint: 46653 ns, Total: 84681 ns
[2025-06-12T12:41:17.817+0000][73][info ][safepoint   ] Safepoint "Cleanup", Time since last: 137836528762 ns, Reaching safepoint: 20749 ns, Cleanup: 9388 ns, At safepoint: 13372 ns, Total: 43509 ns
[2025-06-12T12:42:53.100+0000][73][info ][safepoint   ] Safepoint "Cleanup", Time since last: 95289299740 ns, Reaching safepoint: 25180 ns, Cleanup: 16068 ns, At safepoint: 12778 ns, Total: 54026 ns
[2025-06-12T12:42:56.885+0000][73][info ][safepoint   ] Safepoint "Cleanup", Time since last: 3785287629 ns, Reaching safepoint: 27020 ns, Cleanup: 22769 ns, At safepoint: 27011 ns, Total: 76800 ns
[2025-06-12T12:43:19.886+0000][73][info ][safepoint   ] Safepoint "Cleanup", Time since last: 23003782286 ns, Reaching safepoint: 65634 ns, Cleanup: 19840 ns, At safepoint: 21968 ns, Total: 107442 ns
[2025-06-12T12:45:59.177+0000][73][info ][safepoint   ] Safepoint "Cleanup", Time since last: 159301384583 ns, Reaching safepoint: 19775 ns, Cleanup: 12356 ns, At safepoint: 22174 ns, Total: 54305 ns
[2025-06-12T12:46:00.988+0000][73][info ][safepoint   ] Safepoint "Cleanup", Time since last: 1810977936 ns, Reaching safepoint: 26756 ns, Cleanup: 15768 ns, At safepoint: 11284 ns, Total: 53808 ns
[2025-06-12T12:46:02.168+0000][73][info ][safepoint   ] Safepoint "Cleanup", Time since last: 1180032490 ns, Reaching safepoint: 16554 ns, Cleanup: 22184 ns, At safepoint: 95134 ns, Total: 133872 ns
[2025-06-12T12:46:27.033+0000][73][info ][safepoint   ] Safepoint "Cleanup", Time since last: 24867044399 ns, Reaching safepoint: 65002 ns, Cleanup: 16581 ns, At safepoint: 42490 ns, Total: 124073 ns
[2025-06-12T12:47:28.067+0000][73][info ][safepoint   ] Safepoint "Cleanup", Time since last: 61037358118 ns, Reaching safepoint: 62099 ns, Cleanup: 15031 ns, At safepoint: 13925 ns, Total: 91055 ns
[2025-06-12T12:57:35.162+0000][73][info ][safepoint   ] Safepoint "Cleanup", Time since last: 607138653493 ns, Reaching safepoint: 38518 ns, Cleanup: 20416 ns, At safepoint: 88222 ns, Total: 147156 ns
[2025-06-12T13:01:29.516+0000][73][info ][safepoint   ] Safepoint "Cleanup", Time since last: 234370656073 ns, Reaching safepoint: 45676 ns, Cleanup: 12007 ns, At safepoint: 26464 ns, Total: 84147 ns
[2025-06-12T13:02:20.435+0000][73][info ][safepoint   ] Safepoint "Cleanup", Time since last: 50922754263 ns, Reaching safepoint: 66188 ns, Cleanup: 24469 ns, At safepoint: 19355 ns, Total: 110012 ns
[2025-06-12T13:02:44.356+0000][73][info ][gc,start    ] GC(35) Pause Young (Mixed) (G1 Evacuation Pause)
[2025-06-12T13:02:44.358+0000][73][info ][gc,task     ] GC(35) Using 10 workers of 10 for evacuation
[2025-06-12T13:02:44.358+0000][73][debug][gc,age      ] GC(35) Desired survivor size 153092096 bytes, new threshold 15 (max threshold 15)
[2025-06-12T13:02:48.588+0000][73][info ][gc,mmu      ] GC(35) MMU target violated: 201.0ms (200.0ms/201.0ms)
[2025-06-12T13:02:48.589+0000][73][info ][gc,phases   ] GC(35)   Pre Evacuate Collection Set: 3.73ms
[2025-06-12T13:02:48.589+0000][73][info ][gc,phases   ] GC(35)   Merge Heap Roots: 81.36ms
[2025-06-12T13:02:48.589+0000][73][info ][gc,phases   ] GC(35)   Evacuate Collection Set: 4133.98ms
[2025-06-12T13:02:48.589+0000][73][info ][gc,phases   ] GC(35)   Post Evacuate Collection Set: 9.35ms
[2025-06-12T13:02:48.590+0000][73][info ][gc,phases   ] GC(35)   Other: 3.03ms
[2025-06-12T13:02:48.590+0000][73][trace][gc,age      ] GC(35) Age table with threshold 15 (max threshold 15)
[2025-06-12T13:02:48.590+0000][73][trace][gc,age      ] GC(35) - age   1:    1738688 bytes,    1738688 total
[2025-06-12T13:02:48.590+0000][73][trace][gc,age      ] GC(35) - age   2:     133288 bytes,    1871976 total
[2025-06-12T13:02:48.591+0000][73][trace][gc,age      ] GC(35) - age   3:     496536 bytes,    2368512 total
[2025-06-12T13:02:48.591+0000][73][trace][gc,age      ] GC(35) - age   4:     117128 bytes,    2485640 total
[2025-06-12T13:02:48.591+0000][73][trace][gc,age      ] GC(35) - age   5:     113968 bytes,    2599608 total
[2025-06-12T13:02:48.591+0000][73][trace][gc,age      ] GC(35) - age   6:     119056 bytes,    2718664 total
[2025-06-12T13:02:48.592+0000][73][trace][gc,age      ] GC(35) - age   7:     127112 bytes,    2845776 total
[2025-06-12T13:02:48.592+0000][73][trace][gc,age      ] GC(35) - age   8:     122360 bytes,    2968136 total
[2025-06-12T13:02:48.592+0000][73][trace][gc,age      ] GC(35) - age   9:     122792 bytes,    3090928 total
[2025-06-12T13:02:48.592+0000][73][trace][gc,age      ] GC(35) - age  10:     121512 bytes,    3212440 total
[2025-06-12T13:02:48.593+0000][73][trace][gc,age      ] GC(35) - age  11:     127928 bytes,    3340368 total
[2025-06-12T13:02:48.593+0000][73][trace][gc,age      ] GC(35) - age  12:     127720 bytes,    3468088 total
[2025-06-12T13:02:48.593+0000][73][trace][gc,age      ] GC(35) - age  13:     144480 bytes,    3612568 total
[2025-06-12T13:02:48.593+0000][73][trace][gc,age      ] GC(35) - age  14:     126504 bytes,    3739072 total
[2025-06-12T13:02:48.593+0000][73][trace][gc,age      ] GC(35) - age  15:     369304 bytes,    4108376 total
[2025-06-12T13:02:48.594+0000][73][info ][gc,heap     ] GC(35) Eden regions: 581->0(580)
[2025-06-12T13:02:48.594+0000][73][info ][gc,heap     ] GC(35) Survivor regions: 1->2(73)
[2025-06-12T13:02:48.594+0000][73][info ][gc,heap     ] GC(35) Old regions: 29->28
[2025-06-12T13:02:48.595+0000][73][info ][gc,heap     ] GC(35) Humongous regions: 0->0
[2025-06-12T13:02:48.595+0000][73][info ][gc,metaspace] GC(35) Metaspace: 147262K(153792K)->147262K(153792K) NonClass: 127699K(131712K)->127699K(131712K) Class: 19562K(22080K)->19562K(22080K)
[2025-06-12T13:02:48.595+0000][73][info ][gc          ] GC(35) Pause Young (Mixed) (G1 Evacuation Pause) 2440M->113M(3880M) 4239.073ms
[2025-06-12T13:02:48.596+0000][73][info ][gc,cpu      ] GC(35) User=35.58s Sys=6.42s Real=4.24s
[2025-06-12T13:02:48.596+0000][73][info ][safepoint   ] Safepoint "G1CollectForAllocation", Time since last: 23922230121 ns, Reaching safepoint: 107499 ns, Cleanup: 23421 ns, At safepoint: 4240509700 ns, Total: 4240640620 ns
[2025-06-12T13:02:49.645+0000][73][info ][safepoint   ] Safepoint "Cleanup", Time since last: 1048645424 ns, Reaching safepoint: 7794 ns, Cleanup: 11637 ns, At safepoint: 18554 ns, Total: 37985 ns
[2025-06-12T13:05:26.716+0000][73][info ][safepoint   ] Safepoint "Cleanup", Time since last: 157097255442 ns, Reaching safepoint: 613875 ns, Cleanup: 145608 ns, At safepoint: 41167 ns, Total: 800650 ns
[2025-06-12T13:06:29.250+0000][73][info ][safepoint   ] Safepoint "Cleanup", Time since last: 62544200608 ns, Reaching safepoint: 83800 ns, Cleanup: 17542 ns, At safepoint: 12416 ns, Total: 113758 ns
[2025-06-12T13:06:59.316+0000][73][info ][safepoint   ] Safepoint "Cleanup", Time since last: 30067540320 ns, Reaching safepoint: 7523 ns, Cleanup: 53401 ns, At safepoint: 17743 ns, Total: 78667 ns
[2025-06-12T13:07:56.998+0000][73][info ][safepoint   ] Safepoint "Cleanup", Time since last: 57690582831 ns, Reaching safepoint: 85240 ns, Cleanup: 17332 ns, At safepoint: 10574 ns, Total: 113146 ns
[2025-06-12T13:09:30.792+0000][73][info ][safepoint   ] Safepoint "Cleanup", Time since last: 93805660368 ns, Reaching safepoint: 65313 ns, Cleanup: 14725 ns, At safepoint: 10226 ns, Total: 90264 ns
[2025-06-12T13:09:40.791+0000][73][info ][safepoint   ] Safepoint "Cleanup", Time since last: 10002030686 ns, Reaching safepoint: 62628 ns, Cleanup: 15467 ns, At safepoint: 12819 ns, Total: 90914 ns
[2025-06-12T13:13:59.593+0000][73][info ][safepoint   ] Safepoint "Cleanup", Time since last: 258828148087 ns, Reaching safepoint: 2243086 ns, Cleanup: 589131 ns, At safepoint: 428843 ns, Total: 3261060 ns
[2025-06-12T13:14:00.642+0000][73][info ][safepoint   ] Safepoint "Cleanup", Time since last: 1048883578 ns, Reaching safepoint: 285004 ns, Cleanup: 22996 ns, At safepoint: 136627 ns, Total: 444627 ns
[2025-06-12T13:15:19.635+0000][73][info ][safepoint   ] Safepoint "Cleanup", Time since last: 79003210948 ns, Reaching safepoint: 78536 ns, Cleanup: 18901 ns, At safepoint: 15209 ns, Total: 112646 ns
[2025-06-12T13:17:38.226+0000][73][info ][safepoint   ] Safepoint "Cleanup", Time since last: 138608119147 ns, Reaching safepoint: 78969 ns, Cleanup: 134760 ns, At safepoint: 30797 ns, Total: 244526 ns
[2025-06-12T13:18:19.726+0000][73][info ][safepoint   ] Safepoint "Cleanup", Time since last: 41503799310 ns, Reaching safepoint: 71376 ns, Cleanup: 18021 ns, At safepoint: 30776 ns, Total: 120173 ns
[2025-06-12T13:21:31.361+0000][73][info ][safepoint   ] Safepoint "Cleanup", Time since last: 191653905961 ns, Reaching safepoint: 509764 ns, Cleanup: 42270 ns, At safepoint: 87992 ns, Total: 640026 ns
[2025-06-12T13:21:32.885+0000][73][info ][safepoint   ] Safepoint "Cleanup", Time since last: 1480519325 ns, Reaching safepoint: 43494917 ns, Cleanup: 87937 ns, At safepoint: 136190 ns, Total: 43719044 ns
[2025-06-12T13:21:34.811+0000][73][info ][safepoint   ] Safepoint "Cleanup", Time since last: 1926094216 ns, Reaching safepoint: 54393 ns, Cleanup: 59836 ns, At safepoint: 23742 ns, Total: 137971 ns
[2025-06-12T13:21:35.225+0000][73][info ][gc,heap,exit] Heap
[2025-06-12T13:21:35.226+0000][73][info ][gc,heap,exit]  garbage-first heap   total reserved 3973120K, committed 3973120K, used 1104068K [0x000000070d800000, 0x0000000800000000)
[2025-06-12T13:21:35.226+0000][73][info ][gc,heap,exit]   region size 4096K, 244 young (999424K), 2 survivors (8192K)
[2025-06-12T13:21:35.227+0000][73][info ][gc,heap,exit]  Metaspace       used 147651K, committed 153856K, reserved 1245184K
[2025-06-12T13:21:35.227+0000][73][info ][gc,heap,exit]   class space    used 19651K, committed 22080K, reserved 1048576K
