[2025-05-25T09:53:50.773+0000][33][info][gc,init] CardTable entry size: 512
[2025-05-25T09:53:50.788+0000][33][info][gc     ] Using G1
[2025-05-25T09:53:50.794+0000][33][info][gc,init] Version: 22+36-2370 (release)
[2025-05-25T09:53:50.795+0000][33][info][gc,init] CPUs: 12 total, 12 available
[2025-05-25T09:53:50.796+0000][33][info][gc,init] Memory: 7757M
[2025-05-25T09:53:50.796+0000][33][info][gc,init] Large Page Support: Disabled
[2025-05-25T09:53:50.797+0000][33][info][gc,init] NUMA Support: Disabled
[2025-05-25T09:53:50.797+0000][33][info][gc,init] Compressed Oops: Enabled (32-bit)
[2025-05-25T09:53:50.798+0000][33][info][gc,init] Heap Region Size: 1M
[2025-05-25T09:53:50.798+0000][33][info][gc,init] Heap Min Capacity: 8M
[2025-05-25T09:53:50.799+0000][33][info][gc,init] Heap Initial Capacity: 122M
[2025-05-25T09:53:50.799+0000][33][info][gc,init] Heap Max Capacity: 1940M
[2025-05-25T09:53:50.799+0000][33][info][gc,init] Pre-touch: Disabled
[2025-05-25T09:53:50.800+0000][33][info][gc,init] Parallel Workers: 10
[2025-05-25T09:53:50.800+0000][33][info][gc,init] Concurrent Workers: 3
[2025-05-25T09:53:50.800+0000][33][info][gc,init] Concurrent Refinement Workers: 10
[2025-05-25T09:53:50.800+0000][33][info][gc,init] Periodic GC: Disabled
[2025-05-25T09:53:50.809+0000][33][info][gc,metaspace] CDS archive(s) mapped at: [0x00007f986e000000-0x00007f986ec74000-0x00007f986ec74000), size 13058048, SharedBaseAddress: 0x00007f986e000000, ArchiveRelocationMode: 1.
[2025-05-25T09:53:50.810+0000][33][info][gc,metaspace] Compressed class space mapped at: 0x00007f986f000000-0x00007f98af000000, reserved size: 1073741824
[2025-05-25T09:53:50.811+0000][33][info][gc,metaspace] Narrow klass base: 0x00007f986e000000, Narrow klass shift: 0, Narrow klass range: 0x100000000
[2025-05-25T09:53:50.864+0000][33][info][gc,heap,exit] Heap
[2025-05-25T09:53:50.864+0000][33][info][gc,heap,exit]  garbage-first heap   total reserved 1986560K, committed 126976K, used 3105K [0x0000000086c00000, 0x0000000100000000)
[2025-05-25T09:53:50.864+0000][33][info][gc,heap,exit]   region size 1024K, 2 young (2048K), 0 survivors (0K)
[2025-05-25T09:53:50.865+0000][33][info][gc,heap,exit]  Metaspace       used 219K, committed 448K, reserved 1114112K
[2025-05-25T09:53:50.866+0000][33][info][gc,heap,exit]   class space    used 5K, committed 128K, reserved 1048576K
