[2025-06-13T03:27:43.836+0000][72][info][gc,init] CardTable entry size: 512
[2025-06-13T03:27:43.838+0000][72][info][gc     ] Using G1
[2025-06-13T03:27:46.318+0000][72][info][gc,init] Version: 22+36-2370 (release)
[2025-06-13T03:27:46.325+0000][72][info][gc,init] CPUs: 12 total, 12 available
[2025-06-13T03:27:46.333+0000][72][info][gc,init] Memory: 7757M
[2025-06-13T03:27:46.335+0000][72][info][gc,init] Large Page Support: Disabled
[2025-06-13T03:27:46.338+0000][72][info][gc,init] NUMA Support: Disabled
[2025-06-13T03:27:46.343+0000][72][info][gc,init] Compressed Oops: Enabled (Zero based)
[2025-06-13T03:27:46.348+0000][72][info][gc,init] Heap Region Size: 4M
[2025-06-13T03:27:46.350+0000][72][info][gc,init] Heap Min Capacity: 3880M
[2025-06-13T03:27:46.351+0000][72][info][gc,init] Heap Initial Capacity: 3880M
[2025-06-13T03:27:46.352+0000][72][info][gc,init] Heap Max Capacity: 3880M
[2025-06-13T03:27:46.352+0000][72][info][gc,init] Pre-touch: Enabled
[2025-06-13T03:27:46.353+0000][72][info][gc,init] Parallel Workers: 10
[2025-06-13T03:27:46.353+0000][72][info][gc,init] Concurrent Workers: 3
[2025-06-13T03:27:46.354+0000][72][info][gc,init] Concurrent Refinement Workers: 10
[2025-06-13T03:27:46.354+0000][72][info][gc,init] Periodic GC: Disabled
[2025-06-13T03:27:46.436+0000][72][info][gc,metaspace] CDS archive(s) mapped at: [0x00007f7512000000-0x00007f7512c74000-0x00007f7512c74000), size 13058048, SharedBaseAddress: 0x00007f7512000000, ArchiveRelocationMode: 1.
[2025-06-13T03:27:46.436+0000][72][info][gc,metaspace] Compressed class space mapped at: 0x00007f7513000000-0x00007f7553000000, reserved size: 1073741824
[2025-06-13T03:27:46.437+0000][72][info][gc,metaspace] Narrow klass base: 0x00007f7512000000, Narrow klass shift: 0, Narrow klass range: 0x100000000
[2025-06-13T03:27:46.956+0000][72][info][safepoint   ] Safepoint "ICBufferFull", Time since last: 501630356 ns, Reaching safepoint: 134029 ns, Cleanup: 101873 ns, At safepoint: 43847 ns, Total: 279749 ns
[2025-06-13T03:27:47.568+0000][72][info][safepoint   ] Safepoint "ICBufferFull", Time since last: 611742204 ns, Reaching safepoint: 166118 ns, Cleanup: 198329 ns, At safepoint: 69157 ns, Total: 433604 ns
[2025-06-13T03:27:48.180+0000][72][info][safepoint   ] Safepoint "ICBufferFull", Time since last: 611793887 ns, Reaching safepoint: 4001 ns, Cleanup: 114921 ns, At safepoint: 6992 ns, Total: 125914 ns
[2025-06-13T03:27:48.811+0000][72][info][safepoint   ] Safepoint "ICBufferFull", Time since last: 631031226 ns, Reaching safepoint: 3823 ns, Cleanup: 105343 ns, At safepoint: 17975 ns, Total: 127141 ns
[2025-06-13T03:27:49.873+0000][72][info][safepoint   ] Safepoint "Cleanup", Time since last: 1061042085 ns, Reaching safepoint: 5010 ns, Cleanup: 87283 ns, At safepoint: 7095 ns, Total: 99388 ns
[2025-06-13T03:27:50.216+0000][72][info][gc,start    ] GC(0) Pause Young (Concurrent Start) (Metadata GC Threshold)
[2025-06-13T03:27:50.220+0000][72][info][gc,task     ] GC(0) Using 10 workers of 10 for evacuation
[2025-06-13T03:27:50.220+0000][72][debug][gc,age      ] GC(0) Desired survivor size 12582912 bytes, new threshold 15 (max threshold 15)
[2025-06-13T03:27:50.240+0000][72][info ][gc,phases   ] GC(0)   Pre Evacuate Collection Set: 4.73ms
[2025-06-13T03:27:50.240+0000][72][info ][gc,phases   ] GC(0)   Merge Heap Roots: 1.44ms
[2025-06-13T03:27:50.240+0000][72][info ][gc,phases   ] GC(0)   Evacuate Collection Set: 6.44ms
[2025-06-13T03:27:50.241+0000][72][info ][gc,phases   ] GC(0)   Post Evacuate Collection Set: 4.88ms
[2025-06-13T03:27:50.241+0000][72][info ][gc,phases   ] GC(0)   Other: 2.92ms
[2025-06-13T03:27:50.241+0000][72][trace][gc,age      ] GC(0) Age table with threshold 15 (max threshold 15)
[2025-06-13T03:27:50.242+0000][72][trace][gc,age      ] GC(0) - age   1:   10228712 bytes,   10228712 total
[2025-06-13T03:27:50.242+0000][72][info ][gc,heap     ] GC(0) Eden regions: 44->0(45)
[2025-06-13T03:27:50.242+0000][72][info ][gc,heap     ] GC(0) Survivor regions: 0->3(6)
[2025-06-13T03:27:50.243+0000][72][info ][gc,heap     ] GC(0) Old regions: 1->1
[2025-06-13T03:27:50.243+0000][72][info ][gc,heap     ] GC(0) Humongous regions: 0->0
[2025-06-13T03:27:50.243+0000][72][info ][gc,metaspace] GC(0) Metaspace: 21001K(21504K)->21001K(21504K) NonClass: 18617K(18880K)->18617K(18880K) Class: 2383K(2624K)->2383K(2624K)
[2025-06-13T03:27:50.244+0000][72][info ][gc          ] GC(0) Pause Young (Concurrent Start) (Metadata GC Threshold) 177M->11M(3880M) 27.938ms
[2025-06-13T03:27:50.244+0000][72][info ][gc,cpu      ] GC(0) User=0.08s Sys=0.00s Real=0.03s
[2025-06-13T03:27:50.245+0000][72][info ][gc          ] GC(1) Concurrent Mark Cycle
[2025-06-13T03:27:50.246+0000][72][info ][gc,marking  ] GC(1) Concurrent Scan Root Regions
[2025-06-13T03:27:50.246+0000][72][info ][safepoint   ] Safepoint "CollectForMetadataAllocation", Time since last: 342674072 ns, Reaching safepoint: 6886 ns, Cleanup: 112219 ns, At safepoint: 30273823 ns, Total: 30392928 ns
[2025-06-13T03:27:50.251+0000][72][info ][gc,marking  ] GC(1) Concurrent Scan Root Regions 5.371ms
[2025-06-13T03:27:50.252+0000][72][info ][gc,marking  ] GC(1) Concurrent Mark
[2025-06-13T03:27:50.253+0000][72][info ][gc,marking  ] GC(1) Concurrent Mark From Roots
[2025-06-13T03:27:50.253+0000][72][info ][gc,task     ] GC(1) Using 3 workers of 3 for marking
[2025-06-13T03:27:50.257+0000][72][info ][gc,marking  ] GC(1) Concurrent Mark From Roots 3.469ms
[2025-06-13T03:27:50.257+0000][72][info ][gc,marking  ] GC(1) Concurrent Preclean
[2025-06-13T03:27:50.257+0000][72][info ][gc,marking  ] GC(1) Concurrent Preclean 0.436ms
[2025-06-13T03:27:50.258+0000][72][info ][gc,start    ] GC(1) Pause Remark
[2025-06-13T03:27:50.263+0000][72][info ][gc          ] GC(1) Pause Remark 15M->15M(3880M) 4.554ms
[2025-06-13T03:27:50.263+0000][72][info ][gc,cpu      ] GC(1) User=0.02s Sys=0.00s Real=0.01s
[2025-06-13T03:27:50.264+0000][72][info ][safepoint   ] Safepoint "G1PauseRemark", Time since last: 12481089 ns, Reaching safepoint: 139216 ns, Cleanup: 28408 ns, At safepoint: 5775916 ns, Total: 5943540 ns
[2025-06-13T03:27:50.264+0000][72][info ][gc,marking  ] GC(1) Concurrent Mark 12.012ms
[2025-06-13T03:27:50.265+0000][72][info ][gc,marking  ] GC(1) Concurrent Rebuild Remembered Sets and Scrub Regions
[2025-06-13T03:27:50.267+0000][72][info ][gc,marking  ] GC(1) Concurrent Rebuild Remembered Sets and Scrub Regions 2.665ms
[2025-06-13T03:27:50.268+0000][72][info ][gc,start    ] GC(1) Pause Cleanup
[2025-06-13T03:27:50.269+0000][72][info ][gc          ] GC(1) Pause Cleanup 15M->15M(3880M) 0.827ms
[2025-06-13T03:27:50.269+0000][72][info ][gc,cpu      ] GC(1) User=0.01s Sys=0.00s Real=0.01s
[2025-06-13T03:27:50.270+0000][72][info ][safepoint   ] Safepoint "G1PauseCleanup", Time since last: 3998525 ns, Reaching safepoint: 159317 ns, Cleanup: 17429 ns, At safepoint: 1740293 ns, Total: 1917039 ns
[2025-06-13T03:27:50.270+0000][72][info ][gc,marking  ] GC(1) Concurrent Clear Claimed Marks
[2025-06-13T03:27:50.271+0000][72][info ][gc,marking  ] GC(1) Concurrent Clear Claimed Marks 0.899ms
[2025-06-13T03:27:50.272+0000][72][info ][gc,marking  ] GC(1) Concurrent Cleanup for Next Mark
[2025-06-13T03:27:50.280+0000][72][info ][gc,marking  ] GC(1) Concurrent Cleanup for Next Mark 7.930ms
[2025-06-13T03:27:50.281+0000][72][info ][gc          ] GC(1) Concurrent Mark Cycle 36.567ms
[2025-06-13T03:27:51.385+0000][72][info ][safepoint   ] Safepoint "ICBufferFull", Time since last: 1114752446 ns, Reaching safepoint: 4811 ns, Cleanup: 145800 ns, At safepoint: 9715 ns, Total: 160326 ns
[2025-06-13T03:27:51.620+0000][72][info ][gc,start    ] GC(2) Pause Young (Prepare Mixed) (G1 Evacuation Pause)
[2025-06-13T03:27:51.621+0000][72][info ][gc,task     ] GC(2) Using 10 workers of 10 for evacuation
[2025-06-13T03:27:51.621+0000][72][debug][gc,age      ] GC(2) Desired survivor size 12582912 bytes, new threshold 15 (max threshold 15)
[2025-06-13T03:27:51.634+0000][72][info ][gc,phases   ] GC(2)   Pre Evacuate Collection Set: 0.79ms
[2025-06-13T03:27:51.635+0000][72][info ][gc,phases   ] GC(2)   Merge Heap Roots: 0.24ms
[2025-06-13T03:27:51.635+0000][72][info ][gc,phases   ] GC(2)   Evacuate Collection Set: 9.24ms
[2025-06-13T03:27:51.635+0000][72][info ][gc,phases   ] GC(2)   Post Evacuate Collection Set: 2.28ms
[2025-06-13T03:27:51.635+0000][72][info ][gc,phases   ] GC(2)   Other: 0.90ms
[2025-06-13T03:27:51.636+0000][72][trace][gc,age      ] GC(2) Age table with threshold 15 (max threshold 15)
[2025-06-13T03:27:51.636+0000][72][trace][gc,age      ] GC(2) - age   1:    6591632 bytes,    6591632 total
[2025-06-13T03:27:51.636+0000][72][trace][gc,age      ] GC(2) - age   2:    9299128 bytes,   15890760 total
[2025-06-13T03:27:51.636+0000][72][info ][gc,heap     ] GC(2) Eden regions: 45->0(43)
[2025-06-13T03:27:51.637+0000][72][info ][gc,heap     ] GC(2) Survivor regions: 3->5(6)
[2025-06-13T03:27:51.637+0000][72][info ][gc,heap     ] GC(2) Old regions: 1->1
[2025-06-13T03:27:51.637+0000][72][info ][gc,heap     ] GC(2) Humongous regions: 0->0
[2025-06-13T03:27:51.637+0000][72][info ][gc,metaspace] GC(2) Metaspace: 27552K(28224K)->27552K(28224K) NonClass: 24437K(24832K)->24437K(24832K) Class: 3114K(3392K)->3114K(3392K)
[2025-06-13T03:27:51.638+0000][72][info ][gc          ] GC(2) Pause Young (Prepare Mixed) (G1 Evacuation Pause) 191M->17M(3880M) 17.588ms
[2025-06-13T03:27:51.638+0000][72][info ][gc,cpu      ] GC(2) User=0.06s Sys=0.00s Real=0.01s
[2025-06-13T03:27:51.639+0000][72][info ][safepoint   ] Safepoint "G1CollectForAllocation", Time since last: 235227302 ns, Reaching safepoint: 10709 ns, Cleanup: 71478 ns, At safepoint: 18488357 ns, Total: 18570544 ns
[2025-06-13T03:27:52.629+0000][72][info ][safepoint   ] Safepoint "ICBufferFull", Time since last: 989451217 ns, Reaching safepoint: 230488 ns, Cleanup: 323031 ns, At safepoint: 67133 ns, Total: 620652 ns
[2025-06-13T03:27:52.689+0000][72][info ][gc,start    ] GC(3) Pause Young (Mixed) (G1 Evacuation Pause)
[2025-06-13T03:27:52.689+0000][72][info ][gc,task     ] GC(3) Using 10 workers of 10 for evacuation
[2025-06-13T03:27:52.690+0000][72][debug][gc,age      ] GC(3) Desired survivor size 12582912 bytes, new threshold 2 (max threshold 15)
[2025-06-13T03:27:52.710+0000][72][info ][gc,phases   ] GC(3)   Pre Evacuate Collection Set: 0.41ms
[2025-06-13T03:27:52.711+0000][72][info ][gc,phases   ] GC(3)   Merge Heap Roots: 0.18ms
[2025-06-13T03:27:52.711+0000][72][info ][gc,phases   ] GC(3)   Evacuate Collection Set: 17.98ms
[2025-06-13T03:27:52.712+0000][72][info ][gc,phases   ] GC(3)   Post Evacuate Collection Set: 1.86ms
[2025-06-13T03:27:52.713+0000][72][info ][gc,phases   ] GC(3)   Other: 0.81ms
[2025-06-13T03:27:52.713+0000][72][trace][gc,age      ] GC(3) Age table with threshold 2 (max threshold 15)
[2025-06-13T03:27:52.714+0000][72][trace][gc,age      ] GC(3) - age   1:    5210768 bytes,    5210768 total
[2025-06-13T03:27:52.714+0000][72][trace][gc,age      ] GC(3) - age   2:    4249448 bytes,    9460216 total
[2025-06-13T03:27:52.714+0000][72][info ][gc,heap     ] GC(3) Eden regions: 43->0(94)
[2025-06-13T03:27:52.715+0000][72][info ][gc,heap     ] GC(3) Survivor regions: 5->3(6)
[2025-06-13T03:27:52.715+0000][72][info ][gc,heap     ] GC(3) Old regions: 1->3
[2025-06-13T03:27:52.715+0000][72][info ][gc,heap     ] GC(3) Humongous regions: 0->0
[2025-06-13T03:27:52.716+0000][72][info ][gc,metaspace] GC(3) Metaspace: 29245K(29952K)->29245K(29952K) NonClass: 25828K(26240K)->25828K(26240K) Class: 3416K(3712K)->3416K(3712K)
[2025-06-13T03:27:52.716+0000][72][info ][gc          ] GC(3) Pause Young (Mixed) (G1 Evacuation Pause) 189M->20M(3880M) 27.569ms
[2025-06-13T03:27:52.716+0000][72][info ][gc,cpu      ] GC(3) User=0.12s Sys=0.01s Real=0.02s
[2025-06-13T03:27:52.717+0000][72][info ][safepoint   ] Safepoint "G1CollectForAllocation", Time since last: 59591669 ns, Reaching safepoint: 177142 ns, Cleanup: 31418 ns, At safepoint: 28264835 ns, Total: 28473395 ns
[2025-06-13T03:27:53.410+0000][72][info ][safepoint   ] Safepoint "ICBufferFull", Time since last: 693261747 ns, Reaching safepoint: 6548 ns, Cleanup: 110584 ns, At safepoint: 19531 ns, Total: 136663 ns
[2025-06-13T03:27:53.979+0000][72][info ][gc,start    ] GC(4) Pause Young (Normal) (G1 Evacuation Pause)
[2025-06-13T03:27:53.979+0000][72][info ][gc,task     ] GC(4) Using 10 workers of 10 for evacuation
[2025-06-13T03:27:53.980+0000][72][debug][gc,age      ] GC(4) Desired survivor size 27262976 bytes, new threshold 15 (max threshold 15)
[2025-06-13T03:27:53.988+0000][72][info ][gc,phases   ] GC(4)   Pre Evacuate Collection Set: 0.46ms
[2025-06-13T03:27:53.988+0000][72][info ][gc,phases   ] GC(4)   Merge Heap Roots: 0.59ms
[2025-06-13T03:27:53.988+0000][72][info ][gc,phases   ] GC(4)   Evacuate Collection Set: 4.50ms
[2025-06-13T03:27:53.988+0000][72][info ][gc,phases   ] GC(4)   Post Evacuate Collection Set: 1.16ms
[2025-06-13T03:27:53.989+0000][72][info ][gc,phases   ] GC(4)   Other: 1.57ms
[2025-06-13T03:27:53.989+0000][72][trace][gc,age      ] GC(4) Age table with threshold 15 (max threshold 15)
[2025-06-13T03:27:53.990+0000][72][trace][gc,age      ] GC(4) - age   1:    4798256 bytes,    4798256 total
[2025-06-13T03:27:53.990+0000][72][trace][gc,age      ] GC(4) - age   2:    4191168 bytes,    8989424 total
[2025-06-13T03:27:53.990+0000][72][trace][gc,age      ] GC(4) - age   3:    4247400 bytes,   13236824 total
[2025-06-13T03:27:53.991+0000][72][info ][gc,heap     ] GC(4) Eden regions: 94->0(578)
[2025-06-13T03:27:53.991+0000][72][info ][gc,heap     ] GC(4) Survivor regions: 3->4(13)
[2025-06-13T03:27:53.991+0000][72][info ][gc,heap     ] GC(4) Old regions: 3->3
[2025-06-13T03:27:53.991+0000][72][info ][gc,heap     ] GC(4) Humongous regions: 0->0
[2025-06-13T03:27:53.992+0000][72][info ][gc,metaspace] GC(4) Metaspace: 31243K(32064K)->31243K(32064K) NonClass: 27604K(28096K)->27604K(28096K) Class: 3639K(3968K)->3639K(3968K)
[2025-06-13T03:27:53.992+0000][72][info ][gc          ] GC(4) Pause Young (Normal) (G1 Evacuation Pause) 396M->24M(3880M) 13.165ms
[2025-06-13T03:27:53.992+0000][72][info ][gc,cpu      ] GC(4) User=0.02s Sys=0.02s Real=0.01s
[2025-06-13T03:27:53.993+0000][72][info ][safepoint   ] Safepoint "G1CollectForAllocation", Time since last: 568419521 ns, Reaching safepoint: 7331 ns, Cleanup: 93672 ns, At safepoint: 13852425 ns, Total: 13953428 ns
[2025-06-13T03:27:54.567+0000][72][info ][gc,start    ] GC(5) Pause Young (Concurrent Start) (Metadata GC Threshold)
[2025-06-13T03:27:54.570+0000][72][info ][gc,task     ] GC(5) Using 10 workers of 10 for evacuation
[2025-06-13T03:27:54.572+0000][72][debug][gc,age      ] GC(5) Desired survivor size 153092096 bytes, new threshold 15 (max threshold 15)
[2025-06-13T03:27:54.581+0000][72][info ][gc,phases   ] GC(5)   Pre Evacuate Collection Set: 0.56ms
[2025-06-13T03:27:54.583+0000][72][info ][gc,phases   ] GC(5)   Merge Heap Roots: 0.79ms
[2025-06-13T03:27:54.586+0000][72][info ][gc,phases   ] GC(5)   Evacuate Collection Set: 5.08ms
[2025-06-13T03:27:54.592+0000][72][info ][gc,phases   ] GC(5)   Post Evacuate Collection Set: 0.90ms
[2025-06-13T03:27:54.596+0000][72][info ][gc,phases   ] GC(5)   Other: 4.03ms
[2025-06-13T03:27:54.599+0000][72][trace][gc,age      ] GC(5) Age table with threshold 15 (max threshold 15)
[2025-06-13T03:27:54.602+0000][72][trace][gc,age      ] GC(5) - age   1:    1963376 bytes,    1963376 total
[2025-06-13T03:27:54.605+0000][72][trace][gc,age      ] GC(5) - age   2:    4791072 bytes,    6754448 total
[2025-06-13T03:27:54.608+0000][72][trace][gc,age      ] GC(5) - age   3:    4191136 bytes,   10945584 total
[2025-06-13T03:27:54.612+0000][72][trace][gc,age      ] GC(5) - age   4:    4247400 bytes,   15192984 total
[2025-06-13T03:27:54.614+0000][72][info ][gc,heap     ] GC(5) Eden regions: 10->0(85)
[2025-06-13T03:27:54.615+0000][72][info ][gc,heap     ] GC(5) Survivor regions: 4->5(73)
[2025-06-13T03:27:54.616+0000][72][info ][gc,heap     ] GC(5) Old regions: 3->3
[2025-06-13T03:27:54.617+0000][72][info ][gc,heap     ] GC(5) Humongous regions: 0->0
[2025-06-13T03:27:54.618+0000][72][info ][gc,metaspace] GC(5) Metaspace: 35285K(36096K)->35285K(36096K) NonClass: 31181K(31616K)->31181K(31616K) Class: 4103K(4480K)->4103K(4480K)
[2025-06-13T03:27:54.618+0000][72][info ][gc          ] GC(5) Pause Young (Concurrent Start) (Metadata GC Threshold) 64M->26M(3880M) 51.439ms
[2025-06-13T03:27:54.620+0000][72][info ][gc          ] GC(6) Concurrent Mark Cycle
[2025-06-13T03:27:54.621+0000][72][info ][gc,marking  ] GC(6) Concurrent Scan Root Regions
[2025-06-13T03:27:54.620+0000][72][info ][gc,cpu      ] GC(5) User=0.04s Sys=0.00s Real=0.06s
[2025-06-13T03:27:54.626+0000][72][info ][gc,marking  ] GC(6) Concurrent Scan Root Regions 4.963ms
[2025-06-13T03:27:54.642+0000][72][info ][gc,marking  ] GC(6) Concurrent Mark
[2025-06-13T03:27:54.643+0000][72][info ][gc,marking  ] GC(6) Concurrent Mark From Roots
[2025-06-13T03:27:54.644+0000][72][info ][gc,task     ] GC(6) Using 3 workers of 3 for marking
[2025-06-13T03:27:54.637+0000][72][info ][safepoint   ] Safepoint "CollectForMetadataAllocation", Time since last: 574312254 ns, Reaching safepoint: 10790 ns, Cleanup: 75186 ns, At safepoint: 70324813 ns, Total: 70410789 ns
[2025-06-13T03:27:54.651+0000][72][info ][gc,marking  ] GC(6) Concurrent Mark From Roots 7.607ms
[2025-06-13T03:27:54.652+0000][72][info ][gc,marking  ] GC(6) Concurrent Preclean
[2025-06-13T03:27:54.652+0000][72][info ][gc,marking  ] GC(6) Concurrent Preclean 0.747ms
[2025-06-13T03:27:54.653+0000][72][info ][gc,start    ] GC(6) Pause Remark
[2025-06-13T03:27:54.661+0000][72][info ][gc          ] GC(6) Pause Remark 32M->32M(3880M) 7.521ms
[2025-06-13T03:27:54.662+0000][72][info ][gc,cpu      ] GC(6) User=0.03s Sys=0.00s Real=0.01s
[2025-06-13T03:27:54.663+0000][72][info ][safepoint   ] Safepoint "G1PauseRemark", Time since last: 15865258 ns, Reaching safepoint: 124102 ns, Cleanup: 11947 ns, At safepoint: 9529144 ns, Total: 9665193 ns
[2025-06-13T03:27:54.664+0000][72][info ][gc,marking  ] GC(6) Concurrent Mark 22.295ms
[2025-06-13T03:27:54.666+0000][72][info ][gc,marking  ] GC(6) Concurrent Rebuild Remembered Sets and Scrub Regions
[2025-06-13T03:27:54.671+0000][72][info ][gc,marking  ] GC(6) Concurrent Rebuild Remembered Sets and Scrub Regions 4.891ms
[2025-06-13T03:27:54.671+0000][72][info ][gc,start    ] GC(6) Pause Cleanup
[2025-06-13T03:27:54.673+0000][72][info ][gc          ] GC(6) Pause Cleanup 34M->34M(3880M) 1.524ms
[2025-06-13T03:27:54.673+0000][72][info ][gc,cpu      ] GC(6) User=0.01s Sys=0.00s Real=0.00s
[2025-06-13T03:27:54.674+0000][72][info ][safepoint   ] Safepoint "G1PauseCleanup", Time since last: 8355958 ns, Reaching safepoint: 126897 ns, Cleanup: 9669 ns, At safepoint: 2504648 ns, Total: 2641214 ns
[2025-06-13T03:27:54.675+0000][72][info ][gc,marking  ] GC(6) Concurrent Clear Claimed Marks
[2025-06-13T03:27:54.675+0000][72][info ][gc,marking  ] GC(6) Concurrent Clear Claimed Marks 0.398ms
[2025-06-13T03:27:54.676+0000][72][info ][gc,marking  ] GC(6) Concurrent Cleanup for Next Mark
[2025-06-13T03:27:54.681+0000][72][info ][gc,marking  ] GC(6) Concurrent Cleanup for Next Mark 5.297ms
[2025-06-13T03:27:54.682+0000][72][info ][gc          ] GC(6) Concurrent Mark Cycle 62.254ms
[2025-06-13T03:27:55.675+0000][72][info ][safepoint   ] Safepoint "Cleanup", Time since last: 1001267096 ns, Reaching safepoint: 6177 ns, Cleanup: 261758 ns, At safepoint: 71222 ns, Total: 339157 ns
[2025-06-13T03:27:55.738+0000][72][info ][gc,start    ] GC(7) Pause Young (Normal) (G1 Evacuation Pause)
[2025-06-13T03:27:55.738+0000][72][info ][gc,task     ] GC(7) Using 10 workers of 10 for evacuation
[2025-06-13T03:27:55.739+0000][72][debug][gc,age      ] GC(7) Desired survivor size 25165824 bytes, new threshold 15 (max threshold 15)
[2025-06-13T03:27:55.746+0000][72][info ][gc,phases   ] GC(7)   Pre Evacuate Collection Set: 0.75ms
[2025-06-13T03:27:55.746+0000][72][info ][gc,phases   ] GC(7)   Merge Heap Roots: 0.15ms
[2025-06-13T03:27:55.746+0000][72][info ][gc,phases   ] GC(7)   Evacuate Collection Set: 4.35ms
[2025-06-13T03:27:55.747+0000][72][info ][gc,phases   ] GC(7)   Post Evacuate Collection Set: 1.05ms
[2025-06-13T03:27:55.747+0000][72][info ][gc,phases   ] GC(7)   Other: 1.27ms
[2025-06-13T03:27:55.747+0000][72][trace][gc,age      ] GC(7) Age table with threshold 15 (max threshold 15)
[2025-06-13T03:27:55.748+0000][72][trace][gc,age      ] GC(7) - age   1:    5392824 bytes,    5392824 total
[2025-06-13T03:27:55.748+0000][72][trace][gc,age      ] GC(7) - age   2:    1946320 bytes,    7339144 total
[2025-06-13T03:27:55.749+0000][72][trace][gc,age      ] GC(7) - age   3:    4788488 bytes,   12127632 total
[2025-06-13T03:27:55.749+0000][72][trace][gc,age      ] GC(7) - age   4:    4187344 bytes,   16314976 total
[2025-06-13T03:27:55.749+0000][72][trace][gc,age      ] GC(7) - age   5:    4244832 bytes,   20559808 total
[2025-06-13T03:27:55.750+0000][72][info ][gc,heap     ] GC(7) Eden regions: 85->0(172)
[2025-06-13T03:27:55.750+0000][72][info ][gc,heap     ] GC(7) Survivor regions: 5->6(12)
[2025-06-13T03:27:55.751+0000][72][info ][gc,heap     ] GC(7) Old regions: 3->3
[2025-06-13T03:27:55.752+0000][72][info ][gc,heap     ] GC(7) Humongous regions: 0->0
[2025-06-13T03:27:55.753+0000][72][info ][gc,metaspace] GC(7) Metaspace: 37007K(37888K)->37007K(37888K) NonClass: 32671K(33152K)->32671K(33152K) Class: 4336K(4736K)->4336K(4736K)
[2025-06-13T03:27:55.753+0000][72][info ][gc          ] GC(7) Pause Young (Normal) (G1 Evacuation Pause) 366M->32M(3880M) 15.672ms
[2025-06-13T03:27:55.754+0000][72][info ][gc,cpu      ] GC(7) User=0.01s Sys=0.02s Real=0.02s
[2025-06-13T03:27:55.754+0000][72][info ][safepoint   ] Safepoint "G1CollectForAllocation", Time since last: 62066752 ns, Reaching safepoint: 6646 ns, Cleanup: 17235 ns, At safepoint: 16449479 ns, Total: 16473360 ns
[2025-06-13T03:27:56.757+0000][72][info ][safepoint   ] Safepoint "Cleanup", Time since last: 1000582245 ns, Reaching safepoint: 2184672 ns, Cleanup: 138596 ns, At safepoint: 34779 ns, Total: 2358047 ns
[2025-06-13T03:27:57.760+0000][72][info ][safepoint   ] Safepoint "Cleanup", Time since last: 1000637508 ns, Reaching safepoint: 2198487 ns, Cleanup: 109422 ns, At safepoint: 28930 ns, Total: 2336839 ns
[2025-06-13T03:27:58.806+0000][72][info ][safepoint   ] Safepoint "Cleanup", Time since last: 1045749995 ns, Reaching safepoint: 2483 ns, Cleanup: 82883 ns, At safepoint: 12390 ns, Total: 97756 ns
[2025-06-13T03:27:59.737+0000][72][info ][gc,start    ] GC(8) Pause Young (Concurrent Start) (Metadata GC Threshold)
[2025-06-13T03:27:59.739+0000][72][info ][gc,task     ] GC(8) Using 10 workers of 10 for evacuation
[2025-06-13T03:27:59.740+0000][72][debug][gc,age      ] GC(8) Desired survivor size 48234496 bytes, new threshold 15 (max threshold 15)
[2025-06-13T03:27:59.751+0000][72][info ][gc,phases   ] GC(8)   Pre Evacuate Collection Set: 0.32ms
[2025-06-13T03:27:59.751+0000][72][info ][gc,phases   ] GC(8)   Merge Heap Roots: 0.17ms
[2025-06-13T03:27:59.751+0000][72][info ][gc,phases   ] GC(8)   Evacuate Collection Set: 7.36ms
[2025-06-13T03:27:59.752+0000][72][info ][gc,phases   ] GC(8)   Post Evacuate Collection Set: 1.42ms
[2025-06-13T03:27:59.752+0000][72][info ][gc,phases   ] GC(8)   Other: 2.43ms
[2025-06-13T03:27:59.752+0000][72][trace][gc,age      ] GC(8) Age table with threshold 15 (max threshold 15)
[2025-06-13T03:27:59.752+0000][72][trace][gc,age      ] GC(8) - age   1:    9832176 bytes,    9832176 total
[2025-06-13T03:27:59.753+0000][72][trace][gc,age      ] GC(8) - age   2:    5104264 bytes,   14936440 total
[2025-06-13T03:27:59.753+0000][72][trace][gc,age      ] GC(8) - age   3:    1943984 bytes,   16880424 total
[2025-06-13T03:27:59.753+0000][72][trace][gc,age      ] GC(8) - age   4:    4776072 bytes,   21656496 total
[2025-06-13T03:27:59.754+0000][72][trace][gc,age      ] GC(8) - age   5:    4174808 bytes,   25831304 total
[2025-06-13T03:27:59.754+0000][72][trace][gc,age      ] GC(8) - age   6:    4232208 bytes,   30063512 total
[2025-06-13T03:27:59.754+0000][72][info ][gc,heap     ] GC(8) Eden regions: 141->0(574)
[2025-06-13T03:27:59.754+0000][72][info ][gc,heap     ] GC(8) Survivor regions: 6->8(23)
[2025-06-13T03:27:59.754+0000][72][info ][gc,heap     ] GC(8) Old regions: 3->3
[2025-06-13T03:27:59.755+0000][72][info ][gc,heap     ] GC(8) Humongous regions: 0->0
[2025-06-13T03:27:59.755+0000][72][info ][gc,metaspace] GC(8) Metaspace: 59168K(60416K)->59168K(60416K) NonClass: 51693K(52480K)->51693K(52480K) Class: 7474K(7936K)->7474K(7936K)
[2025-06-13T03:27:59.755+0000][72][info ][gc          ] GC(8) Pause Young (Concurrent Start) (Metadata GC Threshold) 594M->42M(3880M) 17.630ms
[2025-06-13T03:27:59.755+0000][72][info ][gc,cpu      ] GC(8) User=0.02s Sys=0.05s Real=0.02s
[2025-06-13T03:27:59.755+0000][72][info ][gc          ] GC(9) Concurrent Mark Cycle
[2025-06-13T03:27:59.756+0000][72][info ][gc,marking  ] GC(9) Concurrent Scan Root Regions
[2025-06-13T03:27:59.756+0000][72][info ][safepoint   ] Safepoint "CollectForMetadataAllocation", Time since last: 931517736 ns, Reaching safepoint: 6970 ns, Cleanup: 160457 ns, At safepoint: 18212494 ns, Total: 18379921 ns
[2025-06-13T03:27:59.761+0000][72][info ][gc,marking  ] GC(9) Concurrent Scan Root Regions 5.281ms
[2025-06-13T03:27:59.761+0000][72][info ][gc,marking  ] GC(9) Concurrent Mark
[2025-06-13T03:27:59.762+0000][72][info ][gc,marking  ] GC(9) Concurrent Mark From Roots
[2025-06-13T03:27:59.762+0000][72][info ][gc,task     ] GC(9) Using 3 workers of 3 for marking
[2025-06-13T03:27:59.768+0000][72][info ][gc,marking  ] GC(9) Concurrent Mark From Roots 6.850ms
[2025-06-13T03:27:59.769+0000][72][info ][gc,marking  ] GC(9) Concurrent Preclean
[2025-06-13T03:27:59.769+0000][72][info ][gc,marking  ] GC(9) Concurrent Preclean 0.442ms
[2025-06-13T03:27:59.770+0000][72][info ][gc,start    ] GC(9) Pause Remark
[2025-06-13T03:27:59.774+0000][72][info ][gc          ] GC(9) Pause Remark 46M->46M(3880M) 4.598ms
[2025-06-13T03:27:59.775+0000][72][info ][gc,cpu      ] GC(9) User=0.02s Sys=0.00s Real=0.00s
[2025-06-13T03:27:59.776+0000][72][info ][safepoint   ] Safepoint "G1PauseRemark", Time since last: 13948503 ns, Reaching safepoint: 109758 ns, Cleanup: 13282 ns, At safepoint: 6191464 ns, Total: 6314504 ns
[2025-06-13T03:27:59.777+0000][72][info ][gc,marking  ] GC(9) Concurrent Mark 15.728ms
[2025-06-13T03:27:59.778+0000][72][info ][gc,marking  ] GC(9) Concurrent Rebuild Remembered Sets and Scrub Regions
[2025-06-13T03:27:59.781+0000][72][info ][gc,marking  ] GC(9) Concurrent Rebuild Remembered Sets and Scrub Regions 3.034ms
[2025-06-13T03:27:59.781+0000][72][info ][gc,start    ] GC(9) Pause Cleanup
[2025-06-13T03:27:59.782+0000][72][info ][gc          ] GC(9) Pause Cleanup 46M->46M(3880M) 0.646ms
[2025-06-13T03:27:59.782+0000][72][info ][gc,cpu      ] GC(9) User=0.00s Sys=0.00s Real=0.00s
[2025-06-13T03:27:59.783+0000][72][info ][safepoint   ] Safepoint "G1PauseCleanup", Time since last: 5265579 ns, Reaching safepoint: 130258 ns, Cleanup: 16883 ns, At safepoint: 1307107 ns, Total: 1454248 ns
[2025-06-13T03:27:59.783+0000][72][info ][gc,marking  ] GC(9) Concurrent Clear Claimed Marks
[2025-06-13T03:27:59.783+0000][72][info ][gc,marking  ] GC(9) Concurrent Clear Claimed Marks 0.399ms
[2025-06-13T03:27:59.784+0000][72][info ][gc,marking  ] GC(9) Concurrent Cleanup for Next Mark
[2025-06-13T03:27:59.788+0000][72][info ][gc,marking  ] GC(9) Concurrent Cleanup for Next Mark 4.186ms
[2025-06-13T03:27:59.788+0000][72][info ][gc          ] GC(9) Concurrent Mark Cycle 32.986ms
[2025-06-13T03:28:01.248+0000][72][info ][safepoint   ] Safepoint "Cleanup", Time since last: 1465585599 ns, Reaching safepoint: 103066 ns, Cleanup: 127580 ns, At safepoint: 30533 ns, Total: 261179 ns
[2025-06-13T03:28:02.374+0000][72][info ][safepoint   ] Safepoint "ICBufferFull", Time since last: 1129265101 ns, Reaching safepoint: 6391 ns, Cleanup: 225901 ns, At safepoint: 13710 ns, Total: 246002 ns
[2025-06-13T03:28:03.417+0000][72][info ][safepoint   ] Safepoint "Cleanup", Time since last: 1043358325 ns, Reaching safepoint: 2174 ns, Cleanup: 51928 ns, At safepoint: 1708 ns, Total: 55810 ns
[2025-06-13T03:28:04.423+0000][72][info ][safepoint   ] Safepoint "ICBufferFull", Time since last: 1005354251 ns, Reaching safepoint: 4119 ns, Cleanup: 116217 ns, At safepoint: 6167 ns, Total: 126503 ns
[2025-06-13T03:28:05.363+0000][72][info ][safepoint   ] Safepoint "ICBufferFull", Time since last: 940471948 ns, Reaching safepoint: 92802 ns, Cleanup: 85954 ns, At safepoint: 18038 ns, Total: 196794 ns
[2025-06-13T03:28:05.416+0000][72][info ][gc,start    ] GC(10) Pause Young (Concurrent Start) (Metadata GC Threshold)
[2025-06-13T03:28:05.417+0000][72][info ][gc,task     ] GC(10) Using 10 workers of 10 for evacuation
[2025-06-13T03:28:05.417+0000][72][debug][gc,age      ] GC(10) Desired survivor size 153092096 bytes, new threshold 15 (max threshold 15)
[2025-06-13T03:28:05.436+0000][72][info ][gc,phases   ] GC(10)   Pre Evacuate Collection Set: 0.45ms
[2025-06-13T03:28:05.436+0000][72][info ][gc,phases   ] GC(10)   Merge Heap Roots: 0.26ms
[2025-06-13T03:28:05.436+0000][72][info ][gc,phases   ] GC(10)   Evacuate Collection Set: 14.12ms
[2025-06-13T03:28:05.437+0000][72][info ][gc,phases   ] GC(10)   Post Evacuate Collection Set: 3.00ms
[2025-06-13T03:28:05.437+0000][72][info ][gc,phases   ] GC(10)   Other: 0.89ms
[2025-06-13T03:28:05.437+0000][72][trace][gc,age      ] GC(10) Age table with threshold 15 (max threshold 15)
[2025-06-13T03:28:05.438+0000][72][trace][gc,age      ] GC(10) - age   1:   21243504 bytes,   21243504 total
[2025-06-13T03:28:05.438+0000][72][trace][gc,age      ] GC(10) - age   2:    9283720 bytes,   30527224 total
[2025-06-13T03:28:05.439+0000][72][trace][gc,age      ] GC(10) - age   3:    5036264 bytes,   35563488 total
[2025-06-13T03:28:05.439+0000][72][trace][gc,age      ] GC(10) - age   4:    1930584 bytes,   37494072 total
[2025-06-13T03:28:05.439+0000][72][trace][gc,age      ] GC(10) - age   5:    4740432 bytes,   42234504 total
[2025-06-13T03:28:05.440+0000][72][trace][gc,age      ] GC(10) - age   6:    4154840 bytes,   46389344 total
[2025-06-13T03:28:05.440+0000][72][trace][gc,age      ] GC(10) - age   7:    4202872 bytes,   50592216 total
[2025-06-13T03:28:05.440+0000][72][info ][gc,heap     ] GC(10) Eden regions: 206->0(391)
[2025-06-13T03:28:05.441+0000][72][info ][gc,heap     ] GC(10) Survivor regions: 8->13(73)
[2025-06-13T03:28:05.441+0000][72][info ][gc,heap     ] GC(10) Old regions: 3->3
[2025-06-13T03:28:05.441+0000][72][info ][gc,heap     ] GC(10) Humongous regions: 0->0
[2025-06-13T03:28:05.441+0000][72][info ][gc,metaspace] GC(10) Metaspace: 99197K(101056K)->99197K(101056K) NonClass: 86049K(87168K)->86049K(87168K) Class: 13148K(13888K)->13148K(13888K)
[2025-06-13T03:28:05.442+0000][72][info ][gc          ] GC(10) Pause Young (Concurrent Start) (Metadata GC Threshold) 866M->61M(3880M) 25.354ms
[2025-06-13T03:28:05.442+0000][72][info ][gc,cpu      ] GC(10) User=0.12s Sys=0.01s Real=0.02s
[2025-06-13T03:28:05.442+0000][72][info ][gc          ] GC(11) Concurrent Mark Cycle
[2025-06-13T03:28:05.443+0000][72][info ][safepoint   ] Safepoint "CollectForMetadataAllocation", Time since last: 53066611 ns, Reaching safepoint: 3856 ns, Cleanup: 17802 ns, At safepoint: 26234673 ns, Total: 26256331 ns
[2025-06-13T03:28:05.443+0000][72][info ][gc,marking  ] GC(11) Concurrent Scan Root Regions
[2025-06-13T03:28:05.453+0000][72][info ][gc,marking  ] GC(11) Concurrent Scan Root Regions 10.046ms
[2025-06-13T03:28:05.454+0000][72][info ][gc,marking  ] GC(11) Concurrent Mark
[2025-06-13T03:28:05.454+0000][72][info ][gc,marking  ] GC(11) Concurrent Mark From Roots
[2025-06-13T03:28:05.454+0000][72][info ][gc,task     ] GC(11) Using 3 workers of 3 for marking
[2025-06-13T03:28:05.461+0000][72][info ][gc,marking  ] GC(11) Concurrent Mark From Roots 6.851ms
[2025-06-13T03:28:05.461+0000][72][info ][gc,marking  ] GC(11) Concurrent Preclean
[2025-06-13T03:28:05.462+0000][72][info ][gc,marking  ] GC(11) Concurrent Preclean 0.525ms
[2025-06-13T03:28:05.462+0000][72][info ][gc,start    ] GC(11) Pause Remark
[2025-06-13T03:28:05.467+0000][72][info ][gc          ] GC(11) Pause Remark 68M->68M(3880M) 4.106ms
[2025-06-13T03:28:05.467+0000][72][info ][gc,cpu      ] GC(11) User=0.02s Sys=0.00s Real=0.01s
[2025-06-13T03:28:05.468+0000][72][info ][safepoint   ] Safepoint "G1PauseRemark", Time since last: 19886860 ns, Reaching safepoint: 81388 ns, Cleanup: 10319 ns, At safepoint: 5339530 ns, Total: 5431237 ns
[2025-06-13T03:28:05.468+0000][72][info ][gc,marking  ] GC(11) Concurrent Mark 14.618ms
[2025-06-13T03:28:05.469+0000][72][info ][gc,marking  ] GC(11) Concurrent Rebuild Remembered Sets and Scrub Regions
[2025-06-13T03:28:05.471+0000][72][info ][gc,marking  ] GC(11) Concurrent Rebuild Remembered Sets and Scrub Regions 2.539ms
[2025-06-13T03:28:05.472+0000][72][info ][gc,start    ] GC(11) Pause Cleanup
[2025-06-13T03:28:05.472+0000][72][info ][gc          ] GC(11) Pause Cleanup 68M->68M(3880M) 0.763ms
[2025-06-13T03:28:05.473+0000][72][info ][gc,cpu      ] GC(11) User=0.00s Sys=0.00s Real=0.00s
[2025-06-13T03:28:05.473+0000][72][info ][safepoint   ] Safepoint "G1PauseCleanup", Time since last: 3860748 ns, Reaching safepoint: 6386 ns, Cleanup: 32176 ns, At safepoint: 1730753 ns, Total: 1769315 ns
[2025-06-13T03:28:05.474+0000][72][info ][gc,marking  ] GC(11) Concurrent Clear Claimed Marks
[2025-06-13T03:28:05.475+0000][72][info ][gc,marking  ] GC(11) Concurrent Clear Claimed Marks 0.434ms
[2025-06-13T03:28:05.475+0000][72][info ][gc,marking  ] GC(11) Concurrent Cleanup for Next Mark
[2025-06-13T03:28:05.479+0000][72][info ][gc,marking  ] GC(11) Concurrent Cleanup for Next Mark 3.530ms
[2025-06-13T03:28:05.479+0000][72][info ][gc          ] GC(11) Concurrent Mark Cycle 37.213ms
[2025-06-13T03:28:06.454+0000][72][info ][safepoint   ] Safepoint "ICBufferFull", Time since last: 979958551 ns, Reaching safepoint: 7320 ns, Cleanup: 226389 ns, At safepoint: 69276 ns, Total: 302985 ns
[2025-06-13T03:28:06.689+0000][72][info ][safepoint   ] Safepoint "ICBufferFull", Time since last: 235167001 ns, Reaching safepoint: 93399 ns, Cleanup: 81600 ns, At safepoint: 16848 ns, Total: 191847 ns
[2025-06-13T03:28:06.790+0000][72][info ][safepoint   ] Safepoint "ICBufferFull", Time since last: 101052413 ns, Reaching safepoint: 3753 ns, Cleanup: 70262 ns, At safepoint: 4357 ns, Total: 78372 ns
[2025-06-13T03:28:06.893+0000][72][info ][safepoint   ] Safepoint "ICBufferFull", Time since last: 103051706 ns, Reaching safepoint: 4568 ns, Cleanup: 71538 ns, At safepoint: 4464 ns, Total: 80570 ns
[2025-06-13T03:28:07.183+0000][72][info ][safepoint   ] Safepoint "ICBufferFull", Time since last: 289470341 ns, Reaching safepoint: 5833 ns, Cleanup: 136161 ns, At safepoint: 35043 ns, Total: 177037 ns
[2025-06-13T03:28:07.565+0000][72][info ][safepoint   ] Safepoint "ICBufferFull", Time since last: 381484274 ns, Reaching safepoint: 9712 ns, Cleanup: 139134 ns, At safepoint: 84855 ns, Total: 233701 ns
[2025-06-13T03:28:08.211+0000][72][info ][safepoint   ] Safepoint "ICBufferFull", Time since last: 645241945 ns, Reaching safepoint: 261103 ns, Cleanup: 255494 ns, At safepoint: 61128 ns, Total: 577725 ns
[2025-06-13T03:28:08.567+0000][72][info ][safepoint   ] Safepoint "ICBufferFull", Time since last: 355853228 ns, Reaching safepoint: 9950 ns, Cleanup: 97396 ns, At safepoint: 50600 ns, Total: 157946 ns
[2025-06-13T03:28:08.804+0000][72][info ][safepoint   ] Safepoint "ICBufferFull", Time since last: 236959416 ns, Reaching safepoint: 16570 ns, Cleanup: 117469 ns, At safepoint: 70763 ns, Total: 204802 ns
[2025-06-13T03:28:09.280+0000][72][info ][safepoint   ] Safepoint "ICBufferFull", Time since last: 475979176 ns, Reaching safepoint: 16005 ns, Cleanup: 141145 ns, At safepoint: 87454 ns, Total: 244604 ns
[2025-06-13T03:28:10.512+0000][72][info ][safepoint   ] Safepoint "Cleanup", Time since last: 1231785588 ns, Reaching safepoint: 16843 ns, Cleanup: 218106 ns, At safepoint: 14856 ns, Total: 249805 ns
[2025-06-13T03:28:11.513+0000][72][info ][safepoint   ] Safepoint "Cleanup", Time since last: 1000806777 ns, Reaching safepoint: 13587 ns, Cleanup: 16700 ns, At safepoint: 7804 ns, Total: 38091 ns
[2025-06-13T03:28:12.513+0000][72][info ][safepoint   ] Safepoint "Cleanup", Time since last: 1000656508 ns, Reaching safepoint: 10826 ns, Cleanup: 13308 ns, At safepoint: 5752 ns, Total: 29886 ns
[2025-06-13T03:28:13.514+0000][72][info ][safepoint   ] Safepoint "Cleanup", Time since last: 1000642573 ns, Reaching safepoint: 14974 ns, Cleanup: 16881 ns, At safepoint: 9446 ns, Total: 41301 ns
[2025-06-13T03:28:14.515+0000][72][info ][safepoint   ] Safepoint "Cleanup", Time since last: 1000504142 ns, Reaching safepoint: 9546 ns, Cleanup: 15597 ns, At safepoint: 5630 ns, Total: 30773 ns
[2025-06-13T03:28:15.515+0000][72][info ][safepoint   ] Safepoint "Cleanup", Time since last: 1000681521 ns, Reaching safepoint: 10077 ns, Cleanup: 11058 ns, At safepoint: 5601 ns, Total: 26736 ns
[2025-06-13T03:28:16.516+0000][72][info ][safepoint   ] Safepoint "Cleanup", Time since last: 1000555809 ns, Reaching safepoint: 12146 ns, Cleanup: 17647 ns, At safepoint: 6442 ns, Total: 36235 ns
[2025-06-13T03:28:18.517+0000][72][info ][safepoint   ] Safepoint "Cleanup", Time since last: 2000838168 ns, Reaching safepoint: 22601 ns, Cleanup: 13507 ns, At safepoint: 5339 ns, Total: 41447 ns
[2025-06-13T03:28:19.518+0000][72][info ][safepoint   ] Safepoint "Cleanup", Time since last: 1000817882 ns, Reaching safepoint: 10570 ns, Cleanup: 12339 ns, At safepoint: 5909 ns, Total: 28818 ns
[2025-06-13T03:28:20.518+0000][72][info ][safepoint   ] Safepoint "Cleanup", Time since last: 1000531505 ns, Reaching safepoint: 10232 ns, Cleanup: 15326 ns, At safepoint: 5559 ns, Total: 31117 ns
[2025-06-13T03:28:21.753+0000][72][info ][safepoint   ] Safepoint "Cleanup", Time since last: 1234954394 ns, Reaching safepoint: 4318 ns, Cleanup: 6734 ns, At safepoint: 22650 ns, Total: 33702 ns
[2025-06-13T03:28:21.973+0000][72][info ][safepoint   ] Safepoint "ICBufferFull", Time since last: 219347601 ns, Reaching safepoint: 99163 ns, Cleanup: 92481 ns, At safepoint: 58277 ns, Total: 249921 ns
[2025-06-13T03:28:21.974+0000][72][info ][safepoint   ] Safepoint "ICBufferFull", Time since last: 718028 ns, Reaching safepoint: 127848 ns, Cleanup: 5981 ns, At safepoint: 117563 ns, Total: 251392 ns
[2025-06-13T03:28:22.102+0000][72][info ][safepoint   ] Safepoint "ICBufferFull", Time since last: 128214450 ns, Reaching safepoint: 108542 ns, Cleanup: 78309 ns, At safepoint: 76084 ns, Total: 262935 ns
[2025-06-13T03:28:22.877+0000][72][info ][safepoint   ] Safepoint "ICBufferFull", Time since last: 774352341 ns, Reaching safepoint: 12955 ns, Cleanup: 152030 ns, At safepoint: 46378 ns, Total: 211363 ns
[2025-06-13T03:28:23.122+0000][72][info ][safepoint   ] Safepoint "ICBufferFull", Time since last: 244575714 ns, Reaching safepoint: 13927 ns, Cleanup: 129295 ns, At safepoint: 37056 ns, Total: 180278 ns
[2025-06-13T03:28:24.222+0000][72][info ][safepoint   ] Safepoint "Cleanup", Time since last: 1100345542 ns, Reaching safepoint: 12156 ns, Cleanup: 60815 ns, At safepoint: 7235 ns, Total: 80206 ns
[2025-06-13T03:28:24.668+0000][72][info ][safepoint   ] Safepoint "ICBufferFull", Time since last: 445484730 ns, Reaching safepoint: 614235 ns, Cleanup: 89933 ns, At safepoint: 128125 ns, Total: 832293 ns
[2025-06-13T03:28:24.776+0000][72][info ][safepoint   ] Safepoint "ICBufferFull", Time since last: 106988121 ns, Reaching safepoint: 194116 ns, Cleanup: 132009 ns, At safepoint: 118813 ns, Total: 444938 ns
[2025-06-13T03:28:24.905+0000][72][info ][safepoint   ] Safepoint "ICBufferFull", Time since last: 128568440 ns, Reaching safepoint: 112538 ns, Cleanup: 85492 ns, At safepoint: 84637 ns, Total: 282667 ns
[2025-06-13T03:28:25.015+0000][72][info ][safepoint   ] Safepoint "ICBufferFull", Time since last: 109522717 ns, Reaching safepoint: 175266 ns, Cleanup: 92422 ns, At safepoint: 100896 ns, Total: 368584 ns
[2025-06-13T03:28:25.020+0000][72][info ][safepoint   ] Safepoint "ICBufferFull", Time since last: 5241352 ns, Reaching safepoint: 25975 ns, Cleanup: 49313 ns, At safepoint: 85557 ns, Total: 160845 ns
[2025-06-13T03:28:25.198+0000][72][info ][safepoint   ] Safepoint "ICBufferFull", Time since last: 177691023 ns, Reaching safepoint: 107624 ns, Cleanup: 90445 ns, At safepoint: 61128 ns, Total: 259197 ns
[2025-06-13T03:28:25.766+0000][72][info ][safepoint   ] Safepoint "ICBufferFull", Time since last: 567289014 ns, Reaching safepoint: 25071 ns, Cleanup: 381687 ns, At safepoint: 91281 ns, Total: 498039 ns
[2025-06-13T03:28:26.255+0000][72][info ][safepoint   ] Safepoint "ICBufferFull", Time since last: 489595013 ns, Reaching safepoint: 13693 ns, Cleanup: 81078 ns, At safepoint: 6550 ns, Total: 101321 ns
[2025-06-13T03:28:27.260+0000][72][info ][safepoint   ] Safepoint "Cleanup", Time since last: 1004127471 ns, Reaching safepoint: 17580 ns, Cleanup: 113616 ns, At safepoint: 7968 ns, Total: 139164 ns
[2025-06-13T03:28:28.361+0000][72][info ][safepoint   ] Safepoint "ICBufferFull", Time since last: 1100128377 ns, Reaching safepoint: 763625 ns, Cleanup: 92622 ns, At safepoint: 144171 ns, Total: 1000418 ns
[2025-06-13T03:28:28.370+0000][72][info ][safepoint   ] Safepoint "ICBufferFull", Time since last: 2316831 ns, Reaching safepoint: 6613928 ns, Cleanup: 35463 ns, At safepoint: 170332 ns, Total: 6819723 ns
[2025-06-13T03:28:28.517+0000][72][info ][safepoint   ] Safepoint "ICBufferFull", Time since last: 146858861 ns, Reaching safepoint: 12634 ns, Cleanup: 103587 ns, At safepoint: 18616 ns, Total: 134837 ns
[2025-06-13T03:28:28.715+0000][72][info ][safepoint   ] Safepoint "ICBufferFull", Time since last: 198165373 ns, Reaching safepoint: 12978 ns, Cleanup: 80563 ns, At safepoint: 6595 ns, Total: 100136 ns
[2025-06-13T03:28:29.716+0000][72][info ][safepoint   ] Safepoint "Cleanup", Time since last: 1000197857 ns, Reaching safepoint: 9035 ns, Cleanup: 170711 ns, At safepoint: 28206 ns, Total: 207952 ns
[2025-06-13T03:28:30.740+0000][72][info ][safepoint   ] Safepoint "Cleanup", Time since last: 1023827194 ns, Reaching safepoint: 12740 ns, Cleanup: 204795 ns, At safepoint: 41548 ns, Total: 259083 ns
[2025-06-13T03:28:31.367+0000][72][info ][safepoint   ] Safepoint "ICBufferFull", Time since last: 627040801 ns, Reaching safepoint: 11611 ns, Cleanup: 92668 ns, At safepoint: 5411 ns, Total: 109690 ns
[2025-06-13T03:28:32.367+0000][72][info ][safepoint   ] Safepoint "Cleanup", Time since last: 1000687991 ns, Reaching safepoint: 18285 ns, Cleanup: 65944 ns, At safepoint: 7291 ns, Total: 91520 ns
[2025-06-13T03:28:33.409+0000][72][info ][safepoint   ] Safepoint "Cleanup", Time since last: 1040950194 ns, Reaching safepoint: 45739 ns, Cleanup: 94282 ns, At safepoint: 32409 ns, Total: 172430 ns
[2025-06-13T03:28:34.414+0000][72][info ][safepoint   ] Safepoint "Cleanup", Time since last: 1005281961 ns, Reaching safepoint: 28041 ns, Cleanup: 130610 ns, At safepoint: 12766 ns, Total: 171417 ns
[2025-06-13T03:28:35.415+0000][72][info ][safepoint   ] Safepoint "Cleanup", Time since last: 1000937931 ns, Reaching safepoint: 27734 ns, Cleanup: 46757 ns, At safepoint: 13831 ns, Total: 88322 ns
[2025-06-13T03:28:36.416+0000][72][info ][safepoint   ] Safepoint "Cleanup", Time since last: 1001064583 ns, Reaching safepoint: 25510 ns, Cleanup: 19676 ns, At safepoint: 12509 ns, Total: 57695 ns
[2025-06-13T03:28:37.417+0000][72][info ][safepoint   ] Safepoint "Cleanup", Time since last: 1000655788 ns, Reaching safepoint: 35694 ns, Cleanup: 97877 ns, At safepoint: 16538 ns, Total: 150109 ns
[2025-06-13T03:28:38.891+0000][72][info ][safepoint   ] Safepoint "Cleanup", Time since last: 1473962233 ns, Reaching safepoint: 27954 ns, Cleanup: 66338 ns, At safepoint: 84293 ns, Total: 178585 ns
[2025-06-13T03:28:39.892+0000][72][info ][safepoint   ] Safepoint "Cleanup", Time since last: 1000822502 ns, Reaching safepoint: 17421 ns, Cleanup: 28440 ns, At safepoint: 8360 ns, Total: 54221 ns
[2025-06-13T03:28:40.893+0000][72][info ][safepoint   ] Safepoint "Cleanup", Time since last: 1000932742 ns, Reaching safepoint: 29083 ns, Cleanup: 61023 ns, At safepoint: 15793 ns, Total: 105899 ns
[2025-06-13T03:28:41.894+0000][72][info ][safepoint   ] Safepoint "Cleanup", Time since last: 1001135910 ns, Reaching safepoint: 25229 ns, Cleanup: 18178 ns, At safepoint: 12043 ns, Total: 55450 ns
[2025-06-13T03:28:42.895+0000][72][info ][safepoint   ] Safepoint "Cleanup", Time since last: 1001073171 ns, Reaching safepoint: 27707 ns, Cleanup: 33760 ns, At safepoint: 14250 ns, Total: 75717 ns
[2025-06-13T03:28:44.853+0000][72][info ][safepoint   ] Safepoint "Cleanup", Time since last: 1957055327 ns, Reaching safepoint: 30987 ns, Cleanup: 90819 ns, At safepoint: 15962 ns, Total: 137768 ns
[2025-06-13T03:28:46.855+0000][72][info ][safepoint   ] Safepoint "Cleanup", Time since last: 2002373977 ns, Reaching safepoint: 18051 ns, Cleanup: 25844 ns, At safepoint: 7915 ns, Total: 51810 ns
[2025-06-13T03:28:47.856+0000][72][info ][safepoint   ] Safepoint "Cleanup", Time since last: 1000786113 ns, Reaching safepoint: 28864 ns, Cleanup: 27633 ns, At safepoint: 13831 ns, Total: 70328 ns
[2025-06-13T03:28:48.858+0000][72][info ][safepoint   ] Safepoint "Cleanup", Time since last: 1001638932 ns, Reaching safepoint: 34245 ns, Cleanup: 16178 ns, At safepoint: 70595 ns, Total: 121018 ns
[2025-06-13T03:28:49.858+0000][72][info ][safepoint   ] Safepoint "Cleanup", Time since last: 1000723385 ns, Reaching safepoint: 24694 ns, Cleanup: 25760 ns, At safepoint: 11995 ns, Total: 62449 ns
[2025-06-13T03:28:51.860+0000][72][info ][safepoint   ] Safepoint "Cleanup", Time since last: 2001578106 ns, Reaching safepoint: 28609 ns, Cleanup: 28171 ns, At safepoint: 15038 ns, Total: 71818 ns
[2025-06-13T03:28:52.861+0000][72][info ][safepoint   ] Safepoint "Cleanup", Time since last: 1000966015 ns, Reaching safepoint: 38127 ns, Cleanup: 35107 ns, At safepoint: 15606 ns, Total: 88840 ns
[2025-06-13T03:28:54.863+0000][72][info ][safepoint   ] Safepoint "Cleanup", Time since last: 2001554320 ns, Reaching safepoint: 26689 ns, Cleanup: 32060 ns, At safepoint: 13029 ns, Total: 71778 ns
[2025-06-13T03:28:55.864+0000][72][info ][safepoint   ] Safepoint "Cleanup", Time since last: 1001112486 ns, Reaching safepoint: 28163 ns, Cleanup: 117938 ns, At safepoint: 14967 ns, Total: 161068 ns
[2025-06-13T03:28:57.865+0000][72][info ][safepoint   ] Safepoint "Cleanup", Time since last: 2000961151 ns, Reaching safepoint: 19137 ns, Cleanup: 18125 ns, At safepoint: 7348 ns, Total: 44610 ns
[2025-06-13T03:28:58.866+0000][72][info ][safepoint   ] Safepoint "Cleanup", Time since last: 1000861165 ns, Reaching safepoint: 28763 ns, Cleanup: 38319 ns, At safepoint: 14618 ns, Total: 81700 ns
[2025-06-13T03:28:59.877+0000][72][info ][safepoint   ] Safepoint "Cleanup", Time since last: 1010958373 ns, Reaching safepoint: 32546 ns, Cleanup: 16737 ns, At safepoint: 16743 ns, Total: 66026 ns
[2025-06-13T03:29:01.876+0000][72][info ][safepoint   ] Safepoint "Cleanup", Time since last: 2000824368 ns, Reaching safepoint: 33572 ns, Cleanup: 18749 ns, At safepoint: 8197 ns, Total: 60518 ns
[2025-06-13T03:29:02.876+0000][72][info ][safepoint   ] Safepoint "Cleanup", Time since last: 1000578441 ns, Reaching safepoint: 20583 ns, Cleanup: 24220 ns, At safepoint: 8172 ns, Total: 52975 ns
[2025-06-13T03:29:03.949+0000][72][info ][safepoint   ] Safepoint "Cleanup", Time since last: 1071720449 ns, Reaching safepoint: 497969 ns, Cleanup: 41809 ns, At safepoint: 180527 ns, Total: 720305 ns
[2025-06-13T03:29:04.950+0000][72][info ][safepoint   ] Safepoint "Cleanup", Time since last: 1000740154 ns, Reaching safepoint: 20021 ns, Cleanup: 13627 ns, At safepoint: 6958 ns, Total: 40606 ns
[2025-06-13T03:29:05.952+0000][72][info ][safepoint   ] Safepoint "Cleanup", Time since last: 1002409510 ns, Reaching safepoint: 34845 ns, Cleanup: 15199 ns, At safepoint: 16642 ns, Total: 66686 ns
[2025-06-13T03:29:07.953+0000][72][info ][safepoint   ] Safepoint "Cleanup", Time since last: 2000841897 ns, Reaching safepoint: 35922 ns, Cleanup: 37177 ns, At safepoint: 20144 ns, Total: 93243 ns
[2025-06-13T03:29:09.954+0000][72][info ][safepoint   ] Safepoint "Cleanup", Time since last: 2000788772 ns, Reaching safepoint: 19146 ns, Cleanup: 14675 ns, At safepoint: 7532 ns, Total: 41353 ns
[2025-06-13T03:29:10.955+0000][72][info ][safepoint   ] Safepoint "Cleanup", Time since last: 1000554338 ns, Reaching safepoint: 231874 ns, Cleanup: 49418 ns, At safepoint: 37884 ns, Total: 319176 ns
[2025-06-13T03:29:11.955+0000][72][info ][safepoint   ] Safepoint "Cleanup", Time since last: 1000586371 ns, Reaching safepoint: 164297 ns, Cleanup: 22037 ns, At safepoint: 27615 ns, Total: 213949 ns
[2025-06-13T03:29:12.956+0000][72][info ][safepoint   ] Safepoint "Cleanup", Time since last: 1000633761 ns, Reaching safepoint: 94474 ns, Cleanup: 33032 ns, At safepoint: 8346 ns, Total: 135852 ns
[2025-06-13T03:29:13.957+0000][72][info ][safepoint   ] Safepoint "Cleanup", Time since last: 1000649185 ns, Reaching safepoint: 19111 ns, Cleanup: 19788 ns, At safepoint: 7889 ns, Total: 46788 ns
[2025-06-13T03:29:14.958+0000][72][info ][safepoint   ] Safepoint "Cleanup", Time since last: 1000790081 ns, Reaching safepoint: 33325 ns, Cleanup: 19173 ns, At safepoint: 17034 ns, Total: 69532 ns
[2025-06-13T03:29:16.959+0000][72][info ][safepoint   ] Safepoint "Cleanup", Time since last: 2001012696 ns, Reaching safepoint: 22220 ns, Cleanup: 12742 ns, At safepoint: 7990 ns, Total: 42952 ns
[2025-06-13T03:29:17.959+0000][72][info ][safepoint   ] Safepoint "Cleanup", Time since last: 1000570391 ns, Reaching safepoint: 34287 ns, Cleanup: 35101 ns, At safepoint: 19236 ns, Total: 88624 ns
[2025-06-13T03:29:18.960+0000][72][info ][safepoint   ] Safepoint "Cleanup", Time since last: 1000751175 ns, Reaching safepoint: 76320 ns, Cleanup: 16408 ns, At safepoint: 31108 ns, Total: 123836 ns
[2025-06-13T03:29:19.961+0000][72][info ][safepoint   ] Safepoint "Cleanup", Time since last: 1000695935 ns, Reaching safepoint: 33123 ns, Cleanup: 31339 ns, At safepoint: 49461 ns, Total: 113923 ns
[2025-06-13T03:29:21.962+0000][72][info ][safepoint   ] Safepoint "Cleanup", Time since last: 2000854384 ns, Reaching safepoint: 34001 ns, Cleanup: 16580 ns, At safepoint: 18775 ns, Total: 69356 ns
[2025-06-13T03:29:23.306+0000][72][info ][safepoint   ] Safepoint "Cleanup", Time since last: 1343344889 ns, Reaching safepoint: 20231 ns, Cleanup: 44526 ns, At safepoint: 7320 ns, Total: 72077 ns
[2025-06-13T03:29:25.241+0000][72][info ][safepoint   ] Safepoint "Cleanup", Time since last: 1935404753 ns, Reaching safepoint: 179355 ns, Cleanup: 53034 ns, At safepoint: 55504 ns, Total: 287893 ns
[2025-06-13T03:29:26.484+0000][72][info ][safepoint   ] Safepoint "Cleanup", Time since last: 1242756945 ns, Reaching safepoint: 14262 ns, Cleanup: 130031 ns, At safepoint: 90796 ns, Total: 235089 ns
[2025-06-13T03:29:27.504+0000][72][info ][safepoint   ] Safepoint "Cleanup", Time since last: 1020226529 ns, Reaching safepoint: 19911 ns, Cleanup: 18411 ns, At safepoint: 7966 ns, Total: 46288 ns
[2025-06-13T03:29:28.505+0000][72][info ][safepoint   ] Safepoint "Cleanup", Time since last: 1000779882 ns, Reaching safepoint: 19598 ns, Cleanup: 18637 ns, At safepoint: 7181 ns, Total: 45416 ns
[2025-06-13T03:29:30.506+0000][72][info ][safepoint   ] Safepoint "Cleanup", Time since last: 2001009607 ns, Reaching safepoint: 33695 ns, Cleanup: 17315 ns, At safepoint: 16682 ns, Total: 67692 ns
[2025-06-13T03:29:31.507+0000][72][info ][safepoint   ] Safepoint "Cleanup", Time since last: 1000614868 ns, Reaching safepoint: 34025 ns, Cleanup: 21904 ns, At safepoint: 172034 ns, Total: 227963 ns
[2025-06-13T03:29:32.505+0000][72][info ][safepoint   ] Safepoint "Cleanup", Time since last: 1000561831 ns, Reaching safepoint: 31096 ns, Cleanup: 19162 ns, At safepoint: 15839 ns, Total: 66097 ns
[2025-06-13T03:29:35.507+0000][72][info ][safepoint   ] Safepoint "Cleanup", Time since last: 3001278118 ns, Reaching safepoint: 41900 ns, Cleanup: 13297 ns, At safepoint: 7015 ns, Total: 62212 ns
[2025-06-13T03:29:37.508+0000][72][info ][safepoint   ] Safepoint "Cleanup", Time since last: 2000801945 ns, Reaching safepoint: 18762 ns, Cleanup: 28610 ns, At safepoint: 8094 ns, Total: 55466 ns
[2025-06-13T03:29:38.508+0000][72][info ][safepoint   ] Safepoint "Cleanup", Time since last: 1000564975 ns, Reaching safepoint: 29563 ns, Cleanup: 13908 ns, At safepoint: 16852 ns, Total: 60323 ns
[2025-06-13T03:29:39.509+0000][72][info ][safepoint   ] Safepoint "Cleanup", Time since last: 1000632286 ns, Reaching safepoint: 29913 ns, Cleanup: 15359 ns, At safepoint: 16691 ns, Total: 61963 ns
[2025-06-13T03:29:40.510+0000][72][info ][safepoint   ] Safepoint "Cleanup", Time since last: 1000724864 ns, Reaching safepoint: 29994 ns, Cleanup: 29707 ns, At safepoint: 16247 ns, Total: 75948 ns
[2025-06-13T03:29:42.511+0000][72][info ][safepoint   ] Safepoint "Cleanup", Time since last: 2000927259 ns, Reaching safepoint: 27121 ns, Cleanup: 25099 ns, At safepoint: 10635 ns, Total: 62855 ns
[2025-06-13T03:29:43.512+0000][72][info ][safepoint   ] Safepoint "Cleanup", Time since last: 1001240518 ns, Reaching safepoint: 31525 ns, Cleanup: 21387 ns, At safepoint: 46866 ns, Total: 99778 ns
[2025-06-13T03:29:44.937+0000][72][info ][safepoint   ] Safepoint "Cleanup", Time since last: 1424671630 ns, Reaching safepoint: 32824 ns, Cleanup: 15822 ns, At safepoint: 17444 ns, Total: 66090 ns
[2025-06-13T03:29:46.938+0000][72][info ][safepoint   ] Safepoint "Cleanup", Time since last: 2001034482 ns, Reaching safepoint: 33348 ns, Cleanup: 22059 ns, At safepoint: 17713 ns, Total: 73120 ns
[2025-06-13T03:29:47.939+0000][72][info ][safepoint   ] Safepoint "Cleanup", Time since last: 1000806791 ns, Reaching safepoint: 20503 ns, Cleanup: 19782 ns, At safepoint: 8144 ns, Total: 48429 ns
[2025-06-13T03:29:49.940+0000][72][info ][safepoint   ] Safepoint "Cleanup", Time since last: 2001014981 ns, Reaching safepoint: 68114 ns, Cleanup: 24268 ns, At safepoint: 30141 ns, Total: 122523 ns
[2025-06-13T03:29:52.941+0000][72][info ][safepoint   ] Safepoint "Cleanup", Time since last: 3001251092 ns, Reaching safepoint: 32236 ns, Cleanup: 24976 ns, At safepoint: 16718 ns, Total: 73930 ns
[2025-06-13T03:29:54.942+0000][72][info ][safepoint   ] Safepoint "Cleanup", Time since last: 2001124693 ns, Reaching safepoint: 35884 ns, Cleanup: 34534 ns, At safepoint: 17453 ns, Total: 87871 ns
[2025-06-13T03:29:55.943+0000][72][info ][safepoint   ] Safepoint "Cleanup", Time since last: 1000972632 ns, Reaching safepoint: 33491 ns, Cleanup: 39461 ns, At safepoint: 19052 ns, Total: 92004 ns
[2025-06-13T03:29:57.944+0000][72][info ][safepoint   ] Safepoint "Cleanup", Time since last: 2000937179 ns, Reaching safepoint: 32328 ns, Cleanup: 21210 ns, At safepoint: 16839 ns, Total: 70377 ns
[2025-06-13T03:29:58.945+0000][72][info ][safepoint   ] Safepoint "Cleanup", Time since last: 1000821613 ns, Reaching safepoint: 33252 ns, Cleanup: 16533 ns, At safepoint: 17379 ns, Total: 67164 ns
[2025-06-13T03:29:59.946+0000][72][info ][safepoint   ] Safepoint "Cleanup", Time since last: 1000907717 ns, Reaching safepoint: 32380 ns, Cleanup: 18204 ns, At safepoint: 16754 ns, Total: 67338 ns
[2025-06-13T03:30:01.945+0000][72][info ][safepoint   ] Safepoint "Cleanup", Time since last: 2001103637 ns, Reaching safepoint: 32147 ns, Cleanup: 31633 ns, At safepoint: 16173 ns, Total: 79953 ns
[2025-06-13T03:30:02.946+0000][72][info ][safepoint   ] Safepoint "Cleanup", Time since last: 1000697060 ns, Reaching safepoint: 33211 ns, Cleanup: 23171 ns, At safepoint: 18090 ns, Total: 74472 ns
[2025-06-13T03:30:04.947+0000][72][info ][safepoint   ] Safepoint "Cleanup", Time since last: 2001054695 ns, Reaching safepoint: 34342 ns, Cleanup: 27735 ns, At safepoint: 15555 ns, Total: 77632 ns
[2025-06-13T03:30:06.948+0000][72][info ][safepoint   ] Safepoint "Cleanup", Time since last: 2000985322 ns, Reaching safepoint: 79836 ns, Cleanup: 17396 ns, At safepoint: 19596 ns, Total: 116828 ns
[2025-06-13T03:30:07.949+0000][72][info ][safepoint   ] Safepoint "Cleanup", Time since last: 1000770613 ns, Reaching safepoint: 22978 ns, Cleanup: 17282 ns, At safepoint: 8902 ns, Total: 49162 ns
[2025-06-13T03:30:09.950+0000][72][info ][safepoint   ] Safepoint "Cleanup", Time since last: 2000955019 ns, Reaching safepoint: 31566 ns, Cleanup: 16790 ns, At safepoint: 16459 ns, Total: 64815 ns
[2025-06-13T03:30:10.951+0000][72][info ][safepoint   ] Safepoint "Cleanup", Time since last: 1000750976 ns, Reaching safepoint: 34765 ns, Cleanup: 19072 ns, At safepoint: 17487 ns, Total: 71324 ns
[2025-06-13T03:30:11.952+0000][72][info ][safepoint   ] Safepoint "Cleanup", Time since last: 1000671010 ns, Reaching safepoint: 30882 ns, Cleanup: 19833 ns, At safepoint: 8266 ns, Total: 58981 ns
[2025-06-13T03:30:12.953+0000][72][info ][safepoint   ] Safepoint "Cleanup", Time since last: 1000820266 ns, Reaching safepoint: 19892 ns, Cleanup: 13267 ns, At safepoint: 8100 ns, Total: 41259 ns
[2025-06-13T03:30:13.953+0000][72][info ][safepoint   ] Safepoint "Cleanup", Time since last: 1000787106 ns, Reaching safepoint: 33907 ns, Cleanup: 17956 ns, At safepoint: 17644 ns, Total: 69507 ns
[2025-06-13T03:30:14.954+0000][72][info ][safepoint   ] Safepoint "Cleanup", Time since last: 1000975591 ns, Reaching safepoint: 31857 ns, Cleanup: 14637 ns, At safepoint: 15860 ns, Total: 62354 ns
[2025-06-13T03:30:16.955+0000][72][info ][safepoint   ] Safepoint "Cleanup", Time since last: 2000906076 ns, Reaching safepoint: 114028 ns, Cleanup: 18870 ns, At safepoint: 17885 ns, Total: 150783 ns
[2025-06-13T03:30:17.956+0000][72][info ][safepoint   ] Safepoint "Cleanup", Time since last: 1000889560 ns, Reaching safepoint: 34460 ns, Cleanup: 26934 ns, At safepoint: 17805 ns, Total: 79199 ns
[2025-06-13T03:30:19.957+0000][72][info ][safepoint   ] Safepoint "Cleanup", Time since last: 2000681318 ns, Reaching safepoint: 32701 ns, Cleanup: 17501 ns, At safepoint: 16469 ns, Total: 66671 ns
[2025-06-13T03:30:22.959+0000][72][info ][safepoint   ] Safepoint "Cleanup", Time since last: 3001444657 ns, Reaching safepoint: 74414 ns, Cleanup: 22250 ns, At safepoint: 17999 ns, Total: 114663 ns
[2025-06-13T03:30:24.960+0000][72][info ][safepoint   ] Safepoint "Cleanup", Time since last: 2001086666 ns, Reaching safepoint: 32067 ns, Cleanup: 39708 ns, At safepoint: 16546 ns, Total: 88321 ns
[2025-06-13T03:30:25.961+0000][72][info ][safepoint   ] Safepoint "Cleanup", Time since last: 1000848934 ns, Reaching safepoint: 32379 ns, Cleanup: 33893 ns, At safepoint: 16692 ns, Total: 82964 ns
[2025-06-13T03:30:27.962+0000][72][info ][safepoint   ] Safepoint "Cleanup", Time since last: 2001105324 ns, Reaching safepoint: 32426 ns, Cleanup: 39190 ns, At safepoint: 16527 ns, Total: 88143 ns
[2025-06-13T03:30:29.575+0000][72][info ][safepoint   ] Safepoint "Cleanup", Time since last: 1613135914 ns, Reaching safepoint: 19553 ns, Cleanup: 67880 ns, At safepoint: 8251 ns, Total: 95684 ns
[2025-06-13T03:30:30.577+0000][72][info ][safepoint   ] Safepoint "Cleanup", Time since last: 1001257514 ns, Reaching safepoint: 31525 ns, Cleanup: 24824 ns, At safepoint: 16769 ns, Total: 73118 ns
[2025-06-13T03:30:31.577+0000][72][info ][safepoint   ] Safepoint "Cleanup", Time since last: 1000753696 ns, Reaching safepoint: 29310 ns, Cleanup: 20503 ns, At safepoint: 15886 ns, Total: 65699 ns
[2025-06-13T03:30:32.576+0000][72][info ][safepoint   ] Safepoint "Cleanup", Time since last: 1001002654 ns, Reaching safepoint: 32679 ns, Cleanup: 22745 ns, At safepoint: 19237 ns, Total: 74661 ns
[2025-06-13T03:30:37.578+0000][72][info ][safepoint   ] Safepoint "Cleanup", Time since last: 5001618830 ns, Reaching safepoint: 74462 ns, Cleanup: 35102 ns, At safepoint: 24676 ns, Total: 134240 ns
[2025-06-13T03:30:38.579+0000][72][info ][safepoint   ] Safepoint "Cleanup", Time since last: 1000749825 ns, Reaching safepoint: 31645 ns, Cleanup: 17804 ns, At safepoint: 16977 ns, Total: 66426 ns
[2025-06-13T03:30:39.580+0000][72][info ][safepoint   ] Safepoint "Cleanup", Time since last: 1000703175 ns, Reaching safepoint: 15673 ns, Cleanup: 8257 ns, At safepoint: 32201 ns, Total: 56131 ns
[2025-06-13T03:30:40.581+0000][72][info ][safepoint   ] Safepoint "Cleanup", Time since last: 1000861119 ns, Reaching safepoint: 30767 ns, Cleanup: 23517 ns, At safepoint: 16102 ns, Total: 70386 ns
[2025-06-13T03:30:42.582+0000][72][info ][safepoint   ] Safepoint "Cleanup", Time since last: 2000814026 ns, Reaching safepoint: 32543 ns, Cleanup: 19681 ns, At safepoint: 18142 ns, Total: 70366 ns
[2025-06-13T03:30:43.582+0000][72][info ][safepoint   ] Safepoint "Cleanup", Time since last: 1000659905 ns, Reaching safepoint: 31937 ns, Cleanup: 30169 ns, At safepoint: 17082 ns, Total: 79188 ns
[2025-06-13T03:30:44.977+0000][72][info ][safepoint   ] Safepoint "Cleanup", Time since last: 1394912943 ns, Reaching safepoint: 27455 ns, Cleanup: 18607 ns, At safepoint: 10843 ns, Total: 56905 ns
[2025-06-13T03:30:46.981+0000][72][info ][safepoint   ] Safepoint "Cleanup", Time since last: 2004070241 ns, Reaching safepoint: 27861 ns, Cleanup: 13660 ns, At safepoint: 10912 ns, Total: 52433 ns
[2025-06-13T03:30:47.982+0000][72][info ][safepoint   ] Safepoint "Cleanup", Time since last: 1000549094 ns, Reaching safepoint: 19522 ns, Cleanup: 17722 ns, At safepoint: 7396 ns, Total: 44640 ns
[2025-06-13T03:30:48.983+0000][72][info ][safepoint   ] Safepoint "Cleanup", Time since last: 1000927794 ns, Reaching safepoint: 33163 ns, Cleanup: 15695 ns, At safepoint: 17783 ns, Total: 66641 ns
[2025-06-13T03:30:49.984+0000][72][info ][safepoint   ] Safepoint "Cleanup", Time since last: 1000748179 ns, Reaching safepoint: 32674 ns, Cleanup: 20648 ns, At safepoint: 17486 ns, Total: 70808 ns
[2025-06-13T03:30:51.985+0000][72][info ][safepoint   ] Safepoint "Cleanup", Time since last: 2001005949 ns, Reaching safepoint: 71513 ns, Cleanup: 59240 ns, At safepoint: 16157 ns, Total: 146910 ns
[2025-06-13T03:30:52.986+0000][72][info ][safepoint   ] Safepoint "Cleanup", Time since last: 1000780540 ns, Reaching safepoint: 21222 ns, Cleanup: 23957 ns, At safepoint: 7775 ns, Total: 52954 ns
[2025-06-13T03:30:53.987+0000][72][info ][safepoint   ] Safepoint "Cleanup", Time since last: 1000752720 ns, Reaching safepoint: 35511 ns, Cleanup: 17778 ns, At safepoint: 17702 ns, Total: 70991 ns
[2025-06-13T03:30:54.987+0000][72][info ][safepoint   ] Safepoint "Cleanup", Time since last: 1000672414 ns, Reaching safepoint: 33798 ns, Cleanup: 27560 ns, At safepoint: 17967 ns, Total: 79325 ns
[2025-06-13T03:30:55.988+0000][72][info ][safepoint   ] Safepoint "Cleanup", Time since last: 1000710120 ns, Reaching safepoint: 32736 ns, Cleanup: 17409 ns, At safepoint: 17810 ns, Total: 67955 ns
[2025-06-13T03:30:58.989+0000][72][info ][safepoint   ] Safepoint "Cleanup", Time since last: 3001275678 ns, Reaching safepoint: 32522 ns, Cleanup: 25417 ns, At safepoint: 16823 ns, Total: 74762 ns
[2025-06-13T03:30:59.177+0000][72][info ][gc,start    ] GC(12) Pause Young (Concurrent Start) (CodeCache GC Threshold)
[2025-06-13T03:30:59.177+0000][72][info ][gc,task     ] GC(12) Using 10 workers of 10 for evacuation
[2025-06-13T03:30:59.178+0000][72][debug][gc,age      ] GC(12) Desired survivor size 106954752 bytes, new threshold 15 (max threshold 15)
[2025-06-13T03:30:59.297+0000][72][info ][gc,phases   ] GC(12)   Pre Evacuate Collection Set: 1.76ms
[2025-06-13T03:30:59.298+0000][72][info ][gc,phases   ] GC(12)   Merge Heap Roots: 0.33ms
[2025-06-13T03:30:59.298+0000][72][info ][gc,phases   ] GC(12)   Evacuate Collection Set: 110.84ms
[2025-06-13T03:30:59.299+0000][72][info ][gc,phases   ] GC(12)   Post Evacuate Collection Set: 5.88ms
[2025-06-13T03:30:59.299+0000][72][info ][gc,phases   ] GC(12)   Other: 1.23ms
[2025-06-13T03:30:59.300+0000][72][trace][gc,age      ] GC(12) Age table with threshold 15 (max threshold 15)
[2025-06-13T03:30:59.300+0000][72][trace][gc,age      ] GC(12) - age   1:   46134776 bytes,   46134776 total
[2025-06-13T03:30:59.300+0000][72][trace][gc,age      ] GC(12) - age   2:   20169296 bytes,   66304072 total
[2025-06-13T03:30:59.301+0000][72][trace][gc,age      ] GC(12) - age   3:    9251168 bytes,   75555240 total
[2025-06-13T03:30:59.301+0000][72][trace][gc,age      ] GC(12) - age   4:    5033256 bytes,   80588496 total
[2025-06-13T03:30:59.301+0000][72][trace][gc,age      ] GC(12) - age   5:    1929872 bytes,   82518368 total
[2025-06-13T03:30:59.302+0000][72][trace][gc,age      ] GC(12) - age   6:    4736032 bytes,   87254400 total
[2025-06-13T03:30:59.302+0000][72][trace][gc,age      ] GC(12) - age   7:    4153368 bytes,   91407768 total
[2025-06-13T03:30:59.302+0000][72][trace][gc,age      ] GC(12) - age   8:    4193880 bytes,   95601648 total
[2025-06-13T03:30:59.303+0000][72][info ][gc,heap     ] GC(12) Eden regions: 326->0(221)
[2025-06-13T03:30:59.303+0000][72][info ][gc,heap     ] GC(12) Survivor regions: 13->25(51)
[2025-06-13T03:30:59.304+0000][72][info ][gc,heap     ] GC(12) Old regions: 3->3
[2025-06-13T03:30:59.304+0000][72][info ][gc,heap     ] GC(12) Humongous regions: 0->0
[2025-06-13T03:30:59.304+0000][72][info ][gc,metaspace] GC(12) Metaspace: 141710K(145856K)->141710K(145856K) NonClass: 122039K(124288K)->122039K(124288K) Class: 19670K(21568K)->19670K(21568K)
[2025-06-13T03:30:59.305+0000][72][info ][gc          ] GC(12) Pause Young (Concurrent Start) (CodeCache GC Threshold) 1363M->108M(3880M) 127.637ms
[2025-06-13T03:30:59.305+0000][72][info ][gc          ] GC(13) Concurrent Mark Cycle
[2025-06-13T03:30:59.305+0000][72][info ][gc,cpu      ] GC(12) User=0.81s Sys=0.07s Real=0.13s
[2025-06-13T03:30:59.305+0000][72][info ][gc,marking  ] GC(13) Concurrent Scan Root Regions
[2025-06-13T03:30:59.306+0000][72][info ][safepoint   ] Safepoint "G1TryInitiateConcMark", Time since last: 187116542 ns, Reaching safepoint: 32205 ns, Cleanup: 6604 ns, At safepoint: 129384675 ns, Total: 129423484 ns
[2025-06-13T03:30:59.324+0000][72][info ][gc,marking  ] GC(13) Concurrent Scan Root Regions 18.582ms
[2025-06-13T03:30:59.324+0000][72][info ][gc,marking  ] GC(13) Concurrent Mark
[2025-06-13T03:30:59.325+0000][72][info ][gc,marking  ] GC(13) Concurrent Mark From Roots
[2025-06-13T03:30:59.325+0000][72][info ][gc,task     ] GC(13) Using 3 workers of 3 for marking
[2025-06-13T03:30:59.332+0000][72][info ][gc,marking  ] GC(13) Concurrent Mark From Roots 7.310ms
[2025-06-13T03:30:59.332+0000][72][info ][gc,marking  ] GC(13) Concurrent Preclean
[2025-06-13T03:30:59.333+0000][72][info ][gc,marking  ] GC(13) Concurrent Preclean 0.359ms
[2025-06-13T03:30:59.333+0000][72][info ][gc,start    ] GC(13) Pause Remark
[2025-06-13T03:30:59.344+0000][72][info ][gc          ] GC(13) Pause Remark 114M->114M(3880M) 11.367ms
[2025-06-13T03:30:59.345+0000][72][info ][gc,cpu      ] GC(13) User=0.08s Sys=0.00s Real=0.01s
[2025-06-13T03:30:59.345+0000][72][info ][safepoint   ] Safepoint "G1PauseRemark", Time since last: 26990366 ns, Reaching safepoint: 16261 ns, Cleanup: 11436 ns, At safepoint: 12235977 ns, Total: 12263674 ns
[2025-06-13T03:30:59.346+0000][72][info ][gc,marking  ] GC(13) Concurrent Mark 21.132ms
[2025-06-13T03:30:59.346+0000][72][info ][gc,marking  ] GC(13) Concurrent Rebuild Remembered Sets and Scrub Regions
[2025-06-13T03:30:59.349+0000][72][info ][gc,marking  ] GC(13) Concurrent Rebuild Remembered Sets and Scrub Regions 3.248ms
[2025-06-13T03:30:59.350+0000][72][info ][gc,start    ] GC(13) Pause Cleanup
[2025-06-13T03:30:59.350+0000][72][info ][gc          ] GC(13) Pause Cleanup 114M->114M(3880M) 0.681ms
[2025-06-13T03:30:59.351+0000][72][info ][gc,cpu      ] GC(13) User=0.00s Sys=0.00s Real=0.00s
[2025-06-13T03:30:59.351+0000][72][info ][safepoint   ] Safepoint "G1PauseCleanup", Time since last: 4421721 ns, Reaching safepoint: 33211 ns, Cleanup: 27238 ns, At safepoint: 1455644 ns, Total: 1516093 ns
[2025-06-13T03:30:59.352+0000][72][info ][gc,marking  ] GC(13) Concurrent Clear Claimed Marks
[2025-06-13T03:30:59.353+0000][72][info ][gc,marking  ] GC(13) Concurrent Clear Claimed Marks 0.897ms
[2025-06-13T03:30:59.353+0000][72][info ][gc,marking  ] GC(13) Concurrent Cleanup for Next Mark
[2025-06-13T03:30:59.360+0000][72][info ][gc,marking  ] GC(13) Concurrent Cleanup for Next Mark 6.827ms
[2025-06-13T03:30:59.360+0000][72][info ][gc          ] GC(13) Concurrent Mark Cycle 55.148ms
[2025-06-13T03:31:00.352+0000][72][info ][safepoint   ] Safepoint "Cleanup", Time since last: 1000595795 ns, Reaching safepoint: 31498 ns, Cleanup: 14226 ns, At safepoint: 16642 ns, Total: 62366 ns
[2025-06-13T03:31:01.353+0000][72][info ][safepoint   ] Safepoint "Cleanup", Time since last: 1000748123 ns, Reaching safepoint: 32948 ns, Cleanup: 19104 ns, At safepoint: 18049 ns, Total: 70101 ns
[2025-06-13T03:31:02.351+0000][72][info ][safepoint   ] Safepoint "Cleanup", Time since last: 1000816714 ns, Reaching safepoint: 33257 ns, Cleanup: 24878 ns, At safepoint: 17455 ns, Total: 75590 ns
[2025-06-13T03:31:04.352+0000][72][info ][safepoint   ] Safepoint "Cleanup", Time since last: 2000811179 ns, Reaching safepoint: 105330 ns, Cleanup: 23891 ns, At safepoint: 18216 ns, Total: 147437 ns
[2025-06-13T03:31:06.354+0000][72][info ][safepoint   ] Safepoint "Cleanup", Time since last: 2001021464 ns, Reaching safepoint: 32830 ns, Cleanup: 19557 ns, At safepoint: 16658 ns, Total: 69045 ns
[2025-06-13T03:31:07.354+0000][72][info ][safepoint   ] Safepoint "Cleanup", Time since last: 1000782866 ns, Reaching safepoint: 67608 ns, Cleanup: 28168 ns, At safepoint: 17639 ns, Total: 113415 ns
[2025-06-13T03:31:08.355+0000][72][info ][safepoint   ] Safepoint "Cleanup", Time since last: 1000847119 ns, Reaching safepoint: 34446 ns, Cleanup: 28592 ns, At safepoint: 53241 ns, Total: 116279 ns
[2025-06-13T03:31:09.356+0000][72][info ][safepoint   ] Safepoint "Cleanup", Time since last: 1000720877 ns, Reaching safepoint: 31887 ns, Cleanup: 17633 ns, At safepoint: 16676 ns, Total: 66196 ns
[2025-06-13T03:31:10.357+0000][72][info ][safepoint   ] Safepoint "Cleanup", Time since last: 1000713740 ns, Reaching safepoint: 34514 ns, Cleanup: 21109 ns, At safepoint: 18326 ns, Total: 73949 ns
[2025-06-13T03:31:12.358+0000][72][info ][safepoint   ] Safepoint "Cleanup", Time since last: 2000879425 ns, Reaching safepoint: 34778 ns, Cleanup: 22481 ns, At safepoint: 17620 ns, Total: 74879 ns
[2025-06-13T03:31:13.359+0000][72][info ][safepoint   ] Safepoint "Cleanup", Time since last: 1000621346 ns, Reaching safepoint: 30796 ns, Cleanup: 16010 ns, At safepoint: 11621 ns, Total: 58427 ns
[2025-06-13T03:31:16.360+0000][72][info ][safepoint   ] Safepoint "Cleanup", Time since last: 3000824629 ns, Reaching safepoint: 32891 ns, Cleanup: 65403 ns, At safepoint: 17998 ns, Total: 116292 ns
[2025-06-13T03:31:17.360+0000][72][info ][safepoint   ] Safepoint "Cleanup", Time since last: 1000666772 ns, Reaching safepoint: 34077 ns, Cleanup: 20636 ns, At safepoint: 17397 ns, Total: 72110 ns
[2025-06-13T03:31:19.361+0000][72][info ][safepoint   ] Safepoint "Cleanup", Time since last: 2000923861 ns, Reaching safepoint: 33867 ns, Cleanup: 37719 ns, At safepoint: 19131 ns, Total: 90717 ns
[2025-06-13T03:31:22.363+0000][72][info ][safepoint   ] Safepoint "Cleanup", Time since last: 3000960084 ns, Reaching safepoint: 73635 ns, Cleanup: 171915 ns, At safepoint: 37158 ns, Total: 282708 ns
[2025-06-13T03:31:25.364+0000][72][info ][safepoint   ] Safepoint "Cleanup", Time since last: 3001163775 ns, Reaching safepoint: 171238 ns, Cleanup: 48647 ns, At safepoint: 8900 ns, Total: 228785 ns
[2025-06-13T03:31:27.366+0000][72][info ][safepoint   ] Safepoint "Cleanup", Time since last: 2001535709 ns, Reaching safepoint: 32586 ns, Cleanup: 19114 ns, At safepoint: 16573 ns, Total: 68273 ns
[2025-06-13T03:31:28.366+0000][72][info ][safepoint   ] Safepoint "Cleanup", Time since last: 1000899149 ns, Reaching safepoint: 32262 ns, Cleanup: 25372 ns, At safepoint: 18189 ns, Total: 75823 ns
[2025-06-13T03:31:31.214+0000][72][info ][safepoint   ] Safepoint "Cleanup", Time since last: 2847607198 ns, Reaching safepoint: 5723 ns, Cleanup: 22899 ns, At safepoint: 13258 ns, Total: 41880 ns
[2025-06-13T03:31:32.616+0000][72][info ][safepoint   ] Safepoint "Cleanup", Time since last: 1404061323 ns, Reaching safepoint: 19167 ns, Cleanup: 36409 ns, At safepoint: 8548 ns, Total: 64124 ns
[2025-06-13T03:31:34.617+0000][72][info ][safepoint   ] Safepoint "Cleanup", Time since last: 2000847155 ns, Reaching safepoint: 34580 ns, Cleanup: 31208 ns, At safepoint: 19923 ns, Total: 85711 ns
[2025-06-13T03:31:37.618+0000][72][info ][safepoint   ] Safepoint "Cleanup", Time since last: 3001126818 ns, Reaching safepoint: 74115 ns, Cleanup: 29064 ns, At safepoint: 18076 ns, Total: 121255 ns
[2025-06-13T03:31:38.619+0000][72][info ][safepoint   ] Safepoint "Cleanup", Time since last: 1001154516 ns, Reaching safepoint: 29961 ns, Cleanup: 22529 ns, At safepoint: 15389 ns, Total: 67879 ns
[2025-06-13T03:31:39.620+0000][72][info ][safepoint   ] Safepoint "Cleanup", Time since last: 1000790127 ns, Reaching safepoint: 18802 ns, Cleanup: 16445 ns, At safepoint: 8239 ns, Total: 43486 ns
[2025-06-13T03:31:40.621+0000][72][info ][safepoint   ] Safepoint "Cleanup", Time since last: 1000793047 ns, Reaching safepoint: 32379 ns, Cleanup: 25388 ns, At safepoint: 17445 ns, Total: 75212 ns
[2025-06-13T03:31:43.622+0000][72][info ][safepoint   ] Safepoint "Cleanup", Time since last: 3001096175 ns, Reaching safepoint: 31610 ns, Cleanup: 15456 ns, At safepoint: 17800 ns, Total: 64866 ns
[2025-06-13T03:31:47.020+0000][72][info ][safepoint   ] Safepoint "Cleanup", Time since last: 3398036787 ns, Reaching safepoint: 18439 ns, Cleanup: 13064 ns, At safepoint: 7914 ns, Total: 39417 ns
[2025-06-13T03:31:48.021+0000][72][info ][safepoint   ] Safepoint "Cleanup", Time since last: 1000795451 ns, Reaching safepoint: 19742 ns, Cleanup: 17114 ns, At safepoint: 8591 ns, Total: 45447 ns
[2025-06-13T03:31:50.022+0000][72][info ][safepoint   ] Safepoint "Cleanup", Time since last: 2001069192 ns, Reaching safepoint: 17422 ns, Cleanup: 15926 ns, At safepoint: 7714 ns, Total: 41062 ns
[2025-06-13T03:31:53.023+0000][72][info ][safepoint   ] Safepoint "Cleanup", Time since last: 3000979084 ns, Reaching safepoint: 41494 ns, Cleanup: 11736 ns, At safepoint: 9205 ns, Total: 62435 ns
[2025-06-13T03:31:55.024+0000][72][info ][safepoint   ] Safepoint "Cleanup", Time since last: 2000877567 ns, Reaching safepoint: 33699 ns, Cleanup: 23936 ns, At safepoint: 18146 ns, Total: 75781 ns
[2025-06-13T03:31:56.025+0000][72][info ][safepoint   ] Safepoint "Cleanup", Time since last: 1000641705 ns, Reaching safepoint: 125674 ns, Cleanup: 18073 ns, At safepoint: 24329 ns, Total: 168076 ns
[2025-06-13T03:31:58.026+0000][72][info ][safepoint   ] Safepoint "Cleanup", Time since last: 2000918707 ns, Reaching safepoint: 17956 ns, Cleanup: 17437 ns, At safepoint: 7578 ns, Total: 42971 ns
[2025-06-13T03:32:02.024+0000][72][info ][safepoint   ] Safepoint "Cleanup", Time since last: 4001024794 ns, Reaching safepoint: 18209 ns, Cleanup: 11862 ns, At safepoint: 6909 ns, Total: 36980 ns
[2025-06-13T03:32:03.025+0000][72][info ][safepoint   ] Safepoint "Cleanup", Time since last: 1000894302 ns, Reaching safepoint: 18320 ns, Cleanup: 12889 ns, At safepoint: 8501 ns, Total: 39710 ns
[2025-06-13T03:32:08.027+0000][72][info ][safepoint   ] Safepoint "Cleanup", Time since last: 5001451383 ns, Reaching safepoint: 42645 ns, Cleanup: 15067 ns, At safepoint: 8216 ns, Total: 65928 ns
[2025-06-13T03:32:09.028+0000][72][info ][safepoint   ] Safepoint "Cleanup", Time since last: 1000704338 ns, Reaching safepoint: 20849 ns, Cleanup: 12856 ns, At safepoint: 8202 ns, Total: 41907 ns
[2025-06-13T03:32:14.029+0000][72][info ][safepoint   ] Safepoint "Cleanup", Time since last: 5001321106 ns, Reaching safepoint: 20359 ns, Cleanup: 13904 ns, At safepoint: 8804 ns, Total: 43067 ns
[2025-06-13T03:32:20.030+0000][72][info ][safepoint   ] Safepoint "Cleanup", Time since last: 6001452851 ns, Reaching safepoint: 33618 ns, Cleanup: 22710 ns, At safepoint: 19254 ns, Total: 75582 ns
[2025-06-13T03:32:22.031+0000][72][info ][safepoint   ] Safepoint "Cleanup", Time since last: 2000970126 ns, Reaching safepoint: 20558 ns, Cleanup: 16763 ns, At safepoint: 9157 ns, Total: 46478 ns
[2025-06-13T03:32:23.032+0000][72][info ][safepoint   ] Safepoint "Cleanup", Time since last: 1000764569 ns, Reaching safepoint: 33296 ns, Cleanup: 25550 ns, At safepoint: 19378 ns, Total: 78224 ns
[2025-06-13T03:32:25.033+0000][72][info ][safepoint   ] Safepoint "Cleanup", Time since last: 2000926157 ns, Reaching safepoint: 110119 ns, Cleanup: 36583 ns, At safepoint: 10904 ns, Total: 157606 ns
[2025-06-13T03:32:26.034+0000][72][info ][safepoint   ] Safepoint "Cleanup", Time since last: 1000683096 ns, Reaching safepoint: 46537 ns, Cleanup: 24901 ns, At safepoint: 20808 ns, Total: 92246 ns
[2025-06-13T03:32:28.035+0000][72][info ][safepoint   ] Safepoint "Cleanup", Time since last: 2001157679 ns, Reaching safepoint: 31593 ns, Cleanup: 20480 ns, At safepoint: 17213 ns, Total: 69286 ns
[2025-06-13T03:32:29.036+0000][72][info ][safepoint   ] Safepoint "Cleanup", Time since last: 1000785879 ns, Reaching safepoint: 28223 ns, Cleanup: 20719 ns, At safepoint: 12346 ns, Total: 61288 ns
[2025-06-13T03:32:32.036+0000][72][info ][safepoint   ] Safepoint "Cleanup", Time since last: 3001159014 ns, Reaching safepoint: 25914 ns, Cleanup: 21562 ns, At safepoint: 13394 ns, Total: 60870 ns
[2025-06-13T03:32:33.037+0000][72][info ][safepoint   ] Safepoint "Cleanup", Time since last: 1000718936 ns, Reaching safepoint: 36603 ns, Cleanup: 36243 ns, At safepoint: 19203 ns, Total: 92049 ns
[2025-06-13T03:32:34.188+0000][72][info ][safepoint   ] Safepoint "Cleanup", Time since last: 1151494434 ns, Reaching safepoint: 9931 ns, Cleanup: 16805 ns, At safepoint: 13837 ns, Total: 40573 ns
[2025-06-13T03:32:35.654+0000][72][info ][safepoint   ] Safepoint "Cleanup", Time since last: 1465466303 ns, Reaching safepoint: 37357 ns, Cleanup: 47881 ns, At safepoint: 17953 ns, Total: 103191 ns
[2025-06-13T03:32:37.655+0000][72][info ][safepoint   ] Safepoint "Cleanup", Time since last: 2000676027 ns, Reaching safepoint: 31778 ns, Cleanup: 40574 ns, At safepoint: 11826 ns, Total: 84178 ns
[2025-06-13T03:32:40.664+0000][72][info ][safepoint   ] Safepoint "Cleanup", Time since last: 3009421962 ns, Reaching safepoint: 79160 ns, Cleanup: 28412 ns, At safepoint: 18883 ns, Total: 126455 ns
[2025-06-13T03:32:42.665+0000][72][info ][safepoint   ] Safepoint "Cleanup", Time since last: 2000781736 ns, Reaching safepoint: 33576 ns, Cleanup: 21422 ns, At safepoint: 16946 ns, Total: 71944 ns
[2025-06-13T03:32:43.666+0000][72][info ][safepoint   ] Safepoint "Cleanup", Time since last: 1000716110 ns, Reaching safepoint: 34312 ns, Cleanup: 19060 ns, At safepoint: 18430 ns, Total: 71802 ns
[2025-06-13T03:32:45.053+0000][72][info ][safepoint   ] Safepoint "Cleanup", Time since last: 1387387588 ns, Reaching safepoint: 36142 ns, Cleanup: 29109 ns, At safepoint: 18260 ns, Total: 83511 ns
[2025-06-13T03:32:47.054+0000][72][info ][safepoint   ] Safepoint "Cleanup", Time since last: 2001002065 ns, Reaching safepoint: 23571 ns, Cleanup: 21017 ns, At safepoint: 9721 ns, Total: 54309 ns
[2025-06-13T03:32:52.089+0000][72][info ][safepoint   ] Safepoint "Cleanup", Time since last: 5034737914 ns, Reaching safepoint: 48420 ns, Cleanup: 19089 ns, At safepoint: 7891 ns, Total: 75400 ns
[2025-06-13T03:32:53.090+0000][72][info ][safepoint   ] Safepoint "Cleanup", Time since last: 1000552513 ns, Reaching safepoint: 27285 ns, Cleanup: 14202 ns, At safepoint: 10559 ns, Total: 52046 ns
[2025-06-13T03:32:56.091+0000][72][info ][safepoint   ] Safepoint "Cleanup", Time since last: 3000999356 ns, Reaching safepoint: 81019 ns, Cleanup: 19278 ns, At safepoint: 19264 ns, Total: 119561 ns
[2025-06-13T03:32:58.092+0000][72][info ][safepoint   ] Safepoint "Cleanup", Time since last: 2001000367 ns, Reaching safepoint: 23351 ns, Cleanup: 15854 ns, At safepoint: 9309 ns, Total: 48514 ns
[2025-06-13T03:33:00.093+0000][72][info ][safepoint   ] Safepoint "Cleanup", Time since last: 2000842299 ns, Reaching safepoint: 39762 ns, Cleanup: 25593 ns, At safepoint: 18222 ns, Total: 83577 ns
[2025-06-13T03:33:02.091+0000][72][info ][safepoint   ] Safepoint "Cleanup", Time since last: 2000846418 ns, Reaching safepoint: 45039 ns, Cleanup: 20404 ns, At safepoint: 8363 ns, Total: 73806 ns
[2025-06-13T03:33:03.092+0000][72][info ][safepoint   ] Safepoint "Cleanup", Time since last: 1000702046 ns, Reaching safepoint: 31332 ns, Cleanup: 30425 ns, At safepoint: 13758 ns, Total: 75515 ns
[2025-06-13T03:33:04.092+0000][72][info ][safepoint   ] Safepoint "Cleanup", Time since last: 1000707739 ns, Reaching safepoint: 37656 ns, Cleanup: 19754 ns, At safepoint: 19406 ns, Total: 76816 ns
[2025-06-13T03:33:08.094+0000][72][info ][safepoint   ] Safepoint "Cleanup", Time since last: 4001295526 ns, Reaching safepoint: 30411 ns, Cleanup: 25948 ns, At safepoint: 16705 ns, Total: 73064 ns
[2025-06-13T03:33:09.095+0000][72][info ][safepoint   ] Safepoint "Cleanup", Time since last: 1000767439 ns, Reaching safepoint: 30200 ns, Cleanup: 17916 ns, At safepoint: 16227 ns, Total: 64343 ns
[2025-06-13T03:33:10.095+0000][72][info ][safepoint   ] Safepoint "Cleanup", Time since last: 1000670085 ns, Reaching safepoint: 58827 ns, Cleanup: 17226 ns, At safepoint: 13822 ns, Total: 89875 ns
[2025-06-13T03:33:11.096+0000][72][info ][safepoint   ] Safepoint "Cleanup", Time since last: 1000664019 ns, Reaching safepoint: 30004 ns, Cleanup: 16758 ns, At safepoint: 15977 ns, Total: 62739 ns
[2025-06-13T03:33:12.097+0000][72][info ][safepoint   ] Safepoint "Cleanup", Time since last: 1000650837 ns, Reaching safepoint: 31250 ns, Cleanup: 97893 ns, At safepoint: 87590 ns, Total: 216733 ns
[2025-06-13T03:33:13.098+0000][72][info ][safepoint   ] Safepoint "Cleanup", Time since last: 1000708622 ns, Reaching safepoint: 29983 ns, Cleanup: 20324 ns, At safepoint: 16704 ns, Total: 67011 ns
[2025-06-13T03:33:14.099+0000][72][info ][safepoint   ] Safepoint "Cleanup", Time since last: 1000791129 ns, Reaching safepoint: 34735 ns, Cleanup: 24797 ns, At safepoint: 18720 ns, Total: 78252 ns
[2025-06-13T03:33:15.099+0000][72][info ][safepoint   ] Safepoint "Cleanup", Time since last: 1000681799 ns, Reaching safepoint: 23165 ns, Cleanup: 17389 ns, At safepoint: 10765 ns, Total: 51319 ns
[2025-06-13T03:33:20.101+0000][72][info ][safepoint   ] Safepoint "Cleanup", Time since last: 5001322758 ns, Reaching safepoint: 30395 ns, Cleanup: 16674 ns, At safepoint: 15731 ns, Total: 62800 ns
[2025-06-13T03:33:23.081+0000][72][info ][safepoint   ] Safepoint "Cleanup", Time since last: 2979049031 ns, Reaching safepoint: 924759 ns, Cleanup: 74975 ns, At safepoint: 576351 ns, Total: 1576085 ns
[2025-06-13T03:33:23.209+0000][72][info ][safepoint   ] Safepoint "ICBufferFull", Time since last: 127291010 ns, Reaching safepoint: 212929 ns, Cleanup: 296782 ns, At safepoint: 253485 ns, Total: 763196 ns
[2025-06-13T03:33:23.391+0000][72][info ][safepoint   ] Safepoint "ICBufferFull", Time since last: 180916327 ns, Reaching safepoint: 22739 ns, Cleanup: 124151 ns, At safepoint: 47303 ns, Total: 194193 ns
[2025-06-13T03:33:25.062+0000][72][info ][safepoint   ] Safepoint "Cleanup", Time since last: 1670673903 ns, Reaching safepoint: 68670 ns, Cleanup: 197390 ns, At safepoint: 22172 ns, Total: 288232 ns
[2025-06-13T03:33:26.065+0000][72][info ][safepoint   ] Safepoint "Cleanup", Time since last: 1003825769 ns, Reaching safepoint: 5361 ns, Cleanup: 26370 ns, At safepoint: 14645 ns, Total: 46376 ns
[2025-06-13T03:33:27.076+0000][72][info ][safepoint   ] Safepoint "Cleanup", Time since last: 1010034320 ns, Reaching safepoint: 31004 ns, Cleanup: 18613 ns, At safepoint: 18729 ns, Total: 68346 ns
[2025-06-13T03:33:28.711+0000][72][info ][safepoint   ] Safepoint "Cleanup", Time since last: 1635356293 ns, Reaching safepoint: 16738 ns, Cleanup: 29511 ns, At safepoint: 7020 ns, Total: 53269 ns
[2025-06-13T03:33:31.710+0000][72][info ][safepoint   ] Safepoint "Cleanup", Time since last: 3001126754 ns, Reaching safepoint: 17340 ns, Cleanup: 11437 ns, At safepoint: 8651 ns, Total: 37428 ns
[2025-06-13T03:33:32.712+0000][72][info ][safepoint   ] Safepoint "Cleanup", Time since last: 1001431133 ns, Reaching safepoint: 15727 ns, Cleanup: 17584 ns, At safepoint: 7253 ns, Total: 40564 ns
[2025-06-13T03:33:35.109+0000][72][info ][safepoint   ] Safepoint "Cleanup", Time since last: 2397518785 ns, Reaching safepoint: 25058 ns, Cleanup: 15457 ns, At safepoint: 11012 ns, Total: 51527 ns
[2025-06-13T03:33:37.206+0000][72][info ][safepoint   ] Safepoint "Cleanup", Time since last: 2096787387 ns, Reaching safepoint: 17685 ns, Cleanup: 23443 ns, At safepoint: 130322 ns, Total: 171450 ns
[2025-06-13T03:33:38.728+0000][72][info ][safepoint   ] Safepoint "Cleanup", Time since last: 1521414282 ns, Reaching safepoint: 29833 ns, Cleanup: 42608 ns, At safepoint: 9582 ns, Total: 82023 ns
[2025-06-13T03:33:39.729+0000][72][info ][safepoint   ] Safepoint "Cleanup", Time since last: 1000882012 ns, Reaching safepoint: 31015 ns, Cleanup: 18948 ns, At safepoint: 16870 ns, Total: 66833 ns
[2025-06-13T03:33:40.730+0000][72][info ][safepoint   ] Safepoint "Cleanup", Time since last: 1000643075 ns, Reaching safepoint: 65104 ns, Cleanup: 15880 ns, At safepoint: 15542 ns, Total: 96526 ns
[2025-06-13T03:33:41.730+0000][72][info ][safepoint   ] Safepoint "Cleanup", Time since last: 1000667693 ns, Reaching safepoint: 27997 ns, Cleanup: 15730 ns, At safepoint: 15592 ns, Total: 59319 ns
[2025-06-13T03:33:42.731+0000][72][info ][safepoint   ] Safepoint "Cleanup", Time since last: 1001031445 ns, Reaching safepoint: 31278 ns, Cleanup: 17780 ns, At safepoint: 17775 ns, Total: 66833 ns
[2025-06-13T03:33:43.732+0000][72][info ][safepoint   ] Safepoint "Cleanup", Time since last: 1000788232 ns, Reaching safepoint: 27401 ns, Cleanup: 12495 ns, At safepoint: 7511 ns, Total: 47407 ns
[2025-06-13T03:33:47.092+0000][72][info ][safepoint   ] Safepoint "Cleanup", Time since last: 3360170059 ns, Reaching safepoint: 19055 ns, Cleanup: 17297 ns, At safepoint: 8030 ns, Total: 44382 ns
[2025-06-13T03:33:48.093+0000][72][info ][safepoint   ] Safepoint "Cleanup", Time since last: 1000821880 ns, Reaching safepoint: 29424 ns, Cleanup: 15736 ns, At safepoint: 15658 ns, Total: 60818 ns
[2025-06-13T03:33:50.094+0000][72][info ][safepoint   ] Safepoint "Cleanup", Time since last: 2001038688 ns, Reaching safepoint: 34450 ns, Cleanup: 29026 ns, At safepoint: 16200 ns, Total: 79676 ns
[2025-06-13T03:33:52.095+0000][72][info ][safepoint   ] Safepoint "Cleanup", Time since last: 2001023935 ns, Reaching safepoint: 23091 ns, Cleanup: 11814 ns, At safepoint: 8375 ns, Total: 43280 ns
[2025-06-13T03:33:53.096+0000][72][info ][safepoint   ] Safepoint "Cleanup", Time since last: 1000722570 ns, Reaching safepoint: 25061 ns, Cleanup: 17944 ns, At safepoint: 11443 ns, Total: 54448 ns
[2025-06-13T03:33:55.097+0000][72][info ][safepoint   ] Safepoint "Cleanup", Time since last: 2001008351 ns, Reaching safepoint: 33526 ns, Cleanup: 16749 ns, At safepoint: 17035 ns, Total: 67310 ns
[2025-06-13T03:33:56.098+0000][72][info ][safepoint   ] Safepoint "Cleanup", Time since last: 1000810449 ns, Reaching safepoint: 66775 ns, Cleanup: 16109 ns, At safepoint: 29534 ns, Total: 112418 ns
[2025-06-13T03:34:02.098+0000][72][info ][safepoint   ] Safepoint "Cleanup", Time since last: 6001617118 ns, Reaching safepoint: 35516 ns, Cleanup: 18547 ns, At safepoint: 10440 ns, Total: 64503 ns
[2025-06-13T03:34:03.099+0000][72][info ][safepoint   ] Safepoint "Cleanup", Time since last: 1000634410 ns, Reaching safepoint: 21085 ns, Cleanup: 16023 ns, At safepoint: 8004 ns, Total: 45112 ns
[2025-06-13T03:34:05.101+0000][72][info ][safepoint   ] Safepoint "Cleanup", Time since last: 2002812145 ns, Reaching safepoint: 18913 ns, Cleanup: 17059 ns, At safepoint: 8171 ns, Total: 44143 ns
[2025-06-13T03:34:07.103+0000][72][info ][safepoint   ] Safepoint "Cleanup", Time since last: 2000881617 ns, Reaching safepoint: 168929 ns, Cleanup: 17818 ns, At safepoint: 174021 ns, Total: 360768 ns
[2025-06-13T03:34:08.103+0000][72][info ][safepoint   ] Safepoint "Cleanup", Time since last: 1000687445 ns, Reaching safepoint: 17146 ns, Cleanup: 15096 ns, At safepoint: 7961 ns, Total: 40203 ns
[2025-06-13T03:34:09.104+0000][72][info ][safepoint   ] Safepoint "Cleanup", Time since last: 1000647413 ns, Reaching safepoint: 29655 ns, Cleanup: 18851 ns, At safepoint: 16026 ns, Total: 64532 ns
[2025-06-13T03:34:11.106+0000][72][info ][safepoint   ] Safepoint "Cleanup", Time since last: 2001317758 ns, Reaching safepoint: 78665 ns, Cleanup: 18662 ns, At safepoint: 35138 ns, Total: 132465 ns
[2025-06-13T03:34:12.106+0000][72][info ][safepoint   ] Safepoint "Cleanup", Time since last: 1000645336 ns, Reaching safepoint: 24080 ns, Cleanup: 21099 ns, At safepoint: 9125 ns, Total: 54304 ns
[2025-06-13T03:34:13.107+0000][72][info ][safepoint   ] Safepoint "Cleanup", Time since last: 1000706347 ns, Reaching safepoint: 29709 ns, Cleanup: 18696 ns, At safepoint: 15103 ns, Total: 63508 ns
[2025-06-13T03:34:14.108+0000][72][info ][safepoint   ] Safepoint "Cleanup", Time since last: 1000788372 ns, Reaching safepoint: 29756 ns, Cleanup: 16030 ns, At safepoint: 15632 ns, Total: 61418 ns
[2025-06-13T03:34:17.109+0000][72][info ][safepoint   ] Safepoint "Cleanup", Time since last: 3001176066 ns, Reaching safepoint: 17944 ns, Cleanup: 18344 ns, At safepoint: 8399 ns, Total: 44687 ns
[2025-06-13T03:34:20.110+0000][72][info ][safepoint   ] Safepoint "Cleanup", Time since last: 3000926140 ns, Reaching safepoint: 17292 ns, Cleanup: 12414 ns, At safepoint: 7095 ns, Total: 36801 ns
[2025-06-13T03:34:23.111+0000][72][info ][safepoint   ] Safepoint "Cleanup", Time since last: 3001181474 ns, Reaching safepoint: 18119 ns, Cleanup: 11544 ns, At safepoint: 29618 ns, Total: 59281 ns
[2025-06-13T03:34:24.112+0000][72][info ][safepoint   ] Safepoint "Cleanup", Time since last: 1000669073 ns, Reaching safepoint: 22477 ns, Cleanup: 15714 ns, At safepoint: 9305 ns, Total: 47496 ns
[2025-06-13T03:34:25.113+0000][72][info ][safepoint   ] Safepoint "Cleanup", Time since last: 1000863007 ns, Reaching safepoint: 19016 ns, Cleanup: 24290 ns, At safepoint: 8078 ns, Total: 51384 ns
[2025-06-13T03:34:27.114+0000][72][info ][safepoint   ] Safepoint "Cleanup", Time since last: 2000937841 ns, Reaching safepoint: 42539 ns, Cleanup: 12781 ns, At safepoint: 7172 ns, Total: 62492 ns
[2025-06-13T03:34:28.115+0000][72][info ][safepoint   ] Safepoint "Cleanup", Time since last: 1000772871 ns, Reaching safepoint: 31743 ns, Cleanup: 23671 ns, At safepoint: 15804 ns, Total: 71218 ns
[2025-06-13T03:34:29.115+0000][72][info ][safepoint   ] Safepoint "Cleanup", Time since last: 1000625844 ns, Reaching safepoint: 29857 ns, Cleanup: 15632 ns, At safepoint: 16780 ns, Total: 62269 ns
[2025-06-13T03:34:32.114+0000][72][info ][safepoint   ] Safepoint "Cleanup", Time since last: 3001052079 ns, Reaching safepoint: 31965 ns, Cleanup: 16700 ns, At safepoint: 17902 ns, Total: 66567 ns
[2025-06-13T03:34:34.115+0000][72][info ][safepoint   ] Safepoint "Cleanup", Time since last: 2000788147 ns, Reaching safepoint: 185275 ns, Cleanup: 17838 ns, At safepoint: 21981 ns, Total: 225094 ns
[2025-06-13T03:34:35.116+0000][72][info ][safepoint   ] Safepoint "Cleanup", Time since last: 1000649009 ns, Reaching safepoint: 23665 ns, Cleanup: 23864 ns, At safepoint: 8439 ns, Total: 55968 ns
[2025-06-13T03:34:38.118+0000][72][info ][safepoint   ] Safepoint "Cleanup", Time since last: 3001359265 ns, Reaching safepoint: 18845 ns, Cleanup: 26368 ns, At safepoint: 7647 ns, Total: 52860 ns
[2025-06-13T03:34:40.205+0000][72][info ][safepoint   ] Safepoint "Cleanup", Time since last: 2087805110 ns, Reaching safepoint: 5413 ns, Cleanup: 17756 ns, At safepoint: 23030 ns, Total: 46199 ns
[2025-06-13T03:34:41.779+0000][72][info ][safepoint   ] Safepoint "Cleanup", Time since last: 1573749776 ns, Reaching safepoint: 68981 ns, Cleanup: 37896 ns, At safepoint: 18012 ns, Total: 124889 ns
[2025-06-13T03:34:42.780+0000][72][info ][safepoint   ] Safepoint "Cleanup", Time since last: 1000564710 ns, Reaching safepoint: 18230 ns, Cleanup: 17215 ns, At safepoint: 23377 ns, Total: 58822 ns
[2025-06-13T03:34:43.780+0000][72][info ][safepoint   ] Safepoint "Cleanup", Time since last: 1000574916 ns, Reaching safepoint: 17718 ns, Cleanup: 14314 ns, At safepoint: 7980 ns, Total: 40012 ns
[2025-06-13T03:34:47.130+0000][72][info ][safepoint   ] Safepoint "Cleanup", Time since last: 3349625238 ns, Reaching safepoint: 39559 ns, Cleanup: 18059 ns, At safepoint: 18530 ns, Total: 76148 ns
[2025-06-13T03:34:48.131+0000][72][info ][safepoint   ] Safepoint "Cleanup", Time since last: 1000596367 ns, Reaching safepoint: 31291 ns, Cleanup: 19823 ns, At safepoint: 16975 ns, Total: 68089 ns
[2025-06-13T03:34:50.132+0000][72][info ][safepoint   ] Safepoint "Cleanup", Time since last: 2000743787 ns, Reaching safepoint: 37005 ns, Cleanup: 29319 ns, At safepoint: 17806 ns, Total: 84130 ns
[2025-06-13T03:34:52.132+0000][72][info ][safepoint   ] Safepoint "Cleanup", Time since last: 2000733277 ns, Reaching safepoint: 30226 ns, Cleanup: 35617 ns, At safepoint: 17251 ns, Total: 83094 ns
[2025-06-13T03:34:53.133+0000][72][info ][safepoint   ] Safepoint "Cleanup", Time since last: 1000576663 ns, Reaching safepoint: 18278 ns, Cleanup: 14724 ns, At safepoint: 8058 ns, Total: 41060 ns
[2025-06-13T03:34:55.134+0000][72][info ][safepoint   ] Safepoint "Cleanup", Time since last: 2000775267 ns, Reaching safepoint: 30462 ns, Cleanup: 24987 ns, At safepoint: 16974 ns, Total: 72423 ns
[2025-06-13T03:34:56.135+0000][72][info ][safepoint   ] Safepoint "Cleanup", Time since last: 1000599892 ns, Reaching safepoint: 32610 ns, Cleanup: 30178 ns, At safepoint: 15943 ns, Total: 78731 ns
[2025-06-13T03:34:58.136+0000][72][info ][safepoint   ] Safepoint "Cleanup", Time since last: 2000950199 ns, Reaching safepoint: 24016 ns, Cleanup: 16699 ns, At safepoint: 44420 ns, Total: 85135 ns
[2025-06-13T03:35:02.137+0000][72][info ][safepoint   ] Safepoint "Cleanup", Time since last: 4003828863 ns, Reaching safepoint: 23261 ns, Cleanup: 12982 ns, At safepoint: 10719 ns, Total: 46962 ns
[2025-06-13T03:35:04.139+0000][72][info ][safepoint   ] Safepoint "Cleanup", Time since last: 2001377326 ns, Reaching safepoint: 29998 ns, Cleanup: 16584 ns, At safepoint: 16822 ns, Total: 63404 ns
[2025-06-13T03:35:05.140+0000][72][info ][safepoint   ] Safepoint "Cleanup", Time since last: 1000614920 ns, Reaching safepoint: 32769 ns, Cleanup: 21044 ns, At safepoint: 17192 ns, Total: 71005 ns
[2025-06-13T03:35:08.141+0000][72][info ][safepoint   ] Safepoint "Cleanup", Time since last: 3000901458 ns, Reaching safepoint: 30713 ns, Cleanup: 17519 ns, At safepoint: 17893 ns, Total: 66125 ns
[2025-06-13T03:35:11.142+0000][72][info ][safepoint   ] Safepoint "Cleanup", Time since last: 3000969047 ns, Reaching safepoint: 19308 ns, Cleanup: 12071 ns, At safepoint: 7689 ns, Total: 39068 ns
[2025-06-13T03:35:13.142+0000][72][info ][safepoint   ] Safepoint "Cleanup", Time since last: 2000639459 ns, Reaching safepoint: 46904 ns, Cleanup: 12609 ns, At safepoint: 9500 ns, Total: 69013 ns
[2025-06-13T03:35:17.143+0000][72][info ][safepoint   ] Safepoint "Cleanup", Time since last: 4001052486 ns, Reaching safepoint: 28672 ns, Cleanup: 15442 ns, At safepoint: 16577 ns, Total: 60691 ns
[2025-06-13T03:35:20.144+0000][72][info ][safepoint   ] Safepoint "Cleanup", Time since last: 3000786307 ns, Reaching safepoint: 20309 ns, Cleanup: 12786 ns, At safepoint: 9239 ns, Total: 42334 ns
[2025-06-13T03:35:23.145+0000][72][info ][safepoint   ] Safepoint "Cleanup", Time since last: 3000878727 ns, Reaching safepoint: 28082 ns, Cleanup: 16020 ns, At safepoint: 10744 ns, Total: 54846 ns
[2025-06-13T03:35:25.146+0000][72][info ][safepoint   ] Safepoint "Cleanup", Time since last: 2000763176 ns, Reaching safepoint: 18031 ns, Cleanup: 25981 ns, At safepoint: 8109 ns, Total: 52121 ns
[2025-06-13T03:35:29.147+0000][72][info ][safepoint   ] Safepoint "Cleanup", Time since last: 4001012338 ns, Reaching safepoint: 60353 ns, Cleanup: 14717 ns, At safepoint: 10530 ns, Total: 85600 ns
[2025-06-13T03:35:33.145+0000][72][info ][safepoint   ] Safepoint "Cleanup", Time since last: 4001057815 ns, Reaching safepoint: 30450 ns, Cleanup: 14941 ns, At safepoint: 15768 ns, Total: 61159 ns
[2025-06-13T03:35:34.146+0000][72][info ][safepoint   ] Safepoint "Cleanup", Time since last: 1000626862 ns, Reaching safepoint: 19508 ns, Cleanup: 14725 ns, At safepoint: 7850 ns, Total: 42083 ns
[2025-06-13T03:35:38.147+0000][72][info ][safepoint   ] Safepoint "Cleanup", Time since last: 4000897811 ns, Reaching safepoint: 32476 ns, Cleanup: 17868 ns, At safepoint: 17008 ns, Total: 67352 ns
[2025-06-13T03:35:40.148+0000][72][info ][safepoint   ] Safepoint "Cleanup", Time since last: 2000754139 ns, Reaching safepoint: 24871 ns, Cleanup: 17519 ns, At safepoint: 10812 ns, Total: 53202 ns
[2025-06-13T03:35:43.149+0000][72][info ][safepoint   ] Safepoint "Cleanup", Time since last: 3001032818 ns, Reaching safepoint: 138349 ns, Cleanup: 21738 ns, At safepoint: 33827 ns, Total: 193914 ns
[2025-06-13T03:35:44.160+0000][72][info ][safepoint   ] Safepoint "Cleanup", Time since last: 1011166963 ns, Reaching safepoint: 5932 ns, Cleanup: 31022 ns, At safepoint: 3049 ns, Total: 40003 ns
[2025-06-13T03:35:50.162+0000][72][info ][safepoint   ] Safepoint "Cleanup", Time since last: 6001748974 ns, Reaching safepoint: 29207 ns, Cleanup: 17815 ns, At safepoint: 15527 ns, Total: 62549 ns
[2025-06-13T03:35:53.164+0000][72][info ][safepoint   ] Safepoint "Cleanup", Time since last: 3001542002 ns, Reaching safepoint: 17908 ns, Cleanup: 12137 ns, At safepoint: 7091 ns, Total: 37136 ns
[2025-06-13T03:35:58.165+0000][72][info ][safepoint   ] Safepoint "Cleanup", Time since last: 5001528339 ns, Reaching safepoint: 172180 ns, Cleanup: 21636 ns, At safepoint: 83109 ns, Total: 276925 ns
[2025-06-13T03:35:59.166+0000][72][info ][safepoint   ] Safepoint "Cleanup", Time since last: 1000867919 ns, Reaching safepoint: 65390 ns, Cleanup: 15952 ns, At safepoint: 28263 ns, Total: 109605 ns
[2025-06-13T03:36:03.165+0000][72][info ][safepoint   ] Safepoint "Cleanup", Time since last: 4001139357 ns, Reaching safepoint: 29766 ns, Cleanup: 15476 ns, At safepoint: 15910 ns, Total: 61152 ns
[2025-06-13T03:36:04.167+0000][72][info ][safepoint   ] Safepoint "Cleanup", Time since last: 1000821592 ns, Reaching safepoint: 197885 ns, Cleanup: 15058 ns, At safepoint: 182035 ns, Total: 394978 ns
[2025-06-13T03:36:05.167+0000][72][info ][safepoint   ] Safepoint "Cleanup", Time since last: 1000581436 ns, Reaching safepoint: 27632 ns, Cleanup: 15112 ns, At safepoint: 10514 ns, Total: 53258 ns
[2025-06-13T03:36:08.170+0000][72][info ][safepoint   ] Safepoint "Cleanup", Time since last: 3002490347 ns, Reaching safepoint: 29716 ns, Cleanup: 14826 ns, At safepoint: 16008 ns, Total: 60550 ns
[2025-06-13T03:36:09.171+0000][72][info ][safepoint   ] Safepoint "Cleanup", Time since last: 1000758157 ns, Reaching safepoint: 22680 ns, Cleanup: 17185 ns, At safepoint: 10042 ns, Total: 49907 ns
[2025-06-13T03:36:10.172+0000][72][info ][safepoint   ] Safepoint "Cleanup", Time since last: 1000749306 ns, Reaching safepoint: 151121 ns, Cleanup: 19795 ns, At safepoint: 101136 ns, Total: 272052 ns
[2025-06-13T03:36:19.174+0000][72][info ][safepoint   ] Safepoint "Cleanup", Time since last: 9001854582 ns, Reaching safepoint: 94397 ns, Cleanup: 12023 ns, At safepoint: 44701 ns, Total: 151121 ns
[2025-06-13T03:36:20.174+0000][72][info ][safepoint   ] Safepoint "Cleanup", Time since last: 1000580885 ns, Reaching safepoint: 19183 ns, Cleanup: 17461 ns, At safepoint: 10887 ns, Total: 47531 ns
[2025-06-13T03:36:22.175+0000][72][info ][safepoint   ] Safepoint "Cleanup", Time since last: 2000725317 ns, Reaching safepoint: 98000 ns, Cleanup: 13345 ns, At safepoint: 25322 ns, Total: 136667 ns
[2025-06-13T03:36:23.176+0000][72][info ][safepoint   ] Safepoint "Cleanup", Time since last: 1000688499 ns, Reaching safepoint: 32889 ns, Cleanup: 18525 ns, At safepoint: 19282 ns, Total: 70696 ns
[2025-06-13T03:36:25.177+0000][72][info ][safepoint   ] Safepoint "Cleanup", Time since last: 2000774551 ns, Reaching safepoint: 17750 ns, Cleanup: 22894 ns, At safepoint: 8850 ns, Total: 49494 ns
[2025-06-13T03:36:27.178+0000][72][info ][safepoint   ] Safepoint "Cleanup", Time since last: 2001161385 ns, Reaching safepoint: 73612 ns, Cleanup: 11673 ns, At safepoint: 24808 ns, Total: 110093 ns
[2025-06-13T03:36:28.179+0000][72][info ][safepoint   ] Safepoint "Cleanup", Time since last: 1000649636 ns, Reaching safepoint: 220422 ns, Cleanup: 21928 ns, At safepoint: 143223 ns, Total: 385573 ns
[2025-06-13T03:36:29.180+0000][72][info ][safepoint   ] Safepoint "Cleanup", Time since last: 1000637225 ns, Reaching safepoint: 43356 ns, Cleanup: 12070 ns, At safepoint: 12427 ns, Total: 67853 ns
[2025-06-13T03:36:30.180+0000][72][info ][safepoint   ] Safepoint "Cleanup", Time since last: 1000634144 ns, Reaching safepoint: 19322 ns, Cleanup: 13598 ns, At safepoint: 8439 ns, Total: 41359 ns
[2025-06-13T03:36:33.180+0000][72][info ][safepoint   ] Safepoint "Cleanup", Time since last: 3001056009 ns, Reaching safepoint: 118357 ns, Cleanup: 18135 ns, At safepoint: 101774 ns, Total: 238266 ns
[2025-06-13T03:36:35.180+0000][72][info ][safepoint   ] Safepoint "Cleanup", Time since last: 2000628596 ns, Reaching safepoint: 17572 ns, Cleanup: 12770 ns, At safepoint: 8042 ns, Total: 38384 ns
[2025-06-13T03:36:37.181+0000][72][info ][safepoint   ] Safepoint "Cleanup", Time since last: 2000805538 ns, Reaching safepoint: 114689 ns, Cleanup: 9954 ns, At safepoint: 47268 ns, Total: 171911 ns
[2025-06-13T03:36:38.182+0000][72][info ][safepoint   ] Safepoint "Cleanup", Time since last: 1000521339 ns, Reaching safepoint: 58015 ns, Cleanup: 18478 ns, At safepoint: 8322 ns, Total: 84815 ns
[2025-06-13T03:36:40.183+0000][72][info ][safepoint   ] Safepoint "Cleanup", Time since last: 2000866933 ns, Reaching safepoint: 52801 ns, Cleanup: 13896 ns, At safepoint: 9622 ns, Total: 76319 ns
[2025-06-13T03:36:42.185+0000][72][info ][safepoint   ] Safepoint "Cleanup", Time since last: 2002050669 ns, Reaching safepoint: 22011 ns, Cleanup: 13358 ns, At safepoint: 8037 ns, Total: 43406 ns
[2025-06-13T03:36:46.192+0000][72][info ][safepoint   ] Safepoint "Cleanup", Time since last: 4006833554 ns, Reaching safepoint: 15395 ns, Cleanup: 18232 ns, At safepoint: 69610 ns, Total: 103237 ns
[2025-06-13T03:36:47.890+0000][72][info ][safepoint   ] Safepoint "Cleanup", Time since last: 1697608618 ns, Reaching safepoint: 30905 ns, Cleanup: 55796 ns, At safepoint: 17110 ns, Total: 103811 ns
[2025-06-13T03:36:48.890+0000][72][info ][safepoint   ] Safepoint "Cleanup", Time since last: 1000713796 ns, Reaching safepoint: 29337 ns, Cleanup: 15527 ns, At safepoint: 15405 ns, Total: 60269 ns
[2025-06-13T03:36:49.891+0000][72][info ][safepoint   ] Safepoint "Cleanup", Time since last: 1000689562 ns, Reaching safepoint: 33139 ns, Cleanup: 23137 ns, At safepoint: 17627 ns, Total: 73903 ns
[2025-06-13T03:36:51.892+0000][72][info ][safepoint   ] Safepoint "Cleanup", Time since last: 2001209860 ns, Reaching safepoint: 32354 ns, Cleanup: 16593 ns, At safepoint: 17070 ns, Total: 66017 ns
[2025-06-13T03:36:52.893+0000][72][info ][safepoint   ] Safepoint "Cleanup", Time since last: 1000556117 ns, Reaching safepoint: 28641 ns, Cleanup: 18116 ns, At safepoint: 14326 ns, Total: 61083 ns
[2025-06-13T03:36:54.894+0000][72][info ][safepoint   ] Safepoint "Cleanup", Time since last: 2001043057 ns, Reaching safepoint: 31478 ns, Cleanup: 25543 ns, At safepoint: 15863 ns, Total: 72884 ns
[2025-06-13T03:36:58.895+0000][72][info ][safepoint   ] Safepoint "Cleanup", Time since last: 4001021920 ns, Reaching safepoint: 19303 ns, Cleanup: 12705 ns, At safepoint: 8747 ns, Total: 40755 ns
[2025-06-13T03:37:04.898+0000][72][info ][safepoint   ] Safepoint "Cleanup", Time since last: 6004982876 ns, Reaching safepoint: 102553 ns, Cleanup: 24279 ns, At safepoint: 11606 ns, Total: 138438 ns
[2025-06-13T03:37:07.903+0000][72][info ][safepoint   ] Safepoint "Cleanup", Time since last: 3005377385 ns, Reaching safepoint: 25355 ns, Cleanup: 16129 ns, At safepoint: 8526 ns, Total: 50010 ns
[2025-06-13T03:37:08.904+0000][72][info ][safepoint   ] Safepoint "Cleanup", Time since last: 1000652092 ns, Reaching safepoint: 31459 ns, Cleanup: 16295 ns, At safepoint: 15893 ns, Total: 63647 ns
[2025-06-13T03:37:12.906+0000][72][info ][safepoint   ] Safepoint "Cleanup", Time since last: 4001339526 ns, Reaching safepoint: 27098 ns, Cleanup: 19782 ns, At safepoint: 11295 ns, Total: 58175 ns
[2025-06-13T03:37:14.907+0000][72][info ][safepoint   ] Safepoint "Cleanup", Time since last: 2001298482 ns, Reaching safepoint: 32744 ns, Cleanup: 18349 ns, At safepoint: 17916 ns, Total: 69009 ns
[2025-06-13T03:37:17.908+0000][72][info ][safepoint   ] Safepoint "Cleanup", Time since last: 3001132268 ns, Reaching safepoint: 37578 ns, Cleanup: 22807 ns, At safepoint: 18852 ns, Total: 79237 ns
[2025-06-13T03:37:19.909+0000][72][info ][safepoint   ] Safepoint "Cleanup", Time since last: 2000983051 ns, Reaching safepoint: 30021 ns, Cleanup: 16073 ns, At safepoint: 17041 ns, Total: 63135 ns
[2025-06-13T03:37:24.911+0000][72][info ][safepoint   ] Safepoint "Cleanup", Time since last: 5001347686 ns, Reaching safepoint: 30097 ns, Cleanup: 24630 ns, At safepoint: 15833 ns, Total: 70560 ns
[2025-06-13T03:37:25.912+0000][72][info ][safepoint   ] Safepoint "Cleanup", Time since last: 1000838883 ns, Reaching safepoint: 32866 ns, Cleanup: 17694 ns, At safepoint: 19540 ns, Total: 70100 ns
[2025-06-13T03:37:27.912+0000][72][info ][safepoint   ] Safepoint "Cleanup", Time since last: 2000897938 ns, Reaching safepoint: 29477 ns, Cleanup: 19394 ns, At safepoint: 15616 ns, Total: 64487 ns
[2025-06-13T03:37:29.913+0000][72][info ][safepoint   ] Safepoint "Cleanup", Time since last: 2000899292 ns, Reaching safepoint: 32217 ns, Cleanup: 16794 ns, At safepoint: 17059 ns, Total: 66070 ns
[2025-06-13T03:37:31.912+0000][72][info ][safepoint   ] Safepoint "Cleanup", Time since last: 2000858534 ns, Reaching safepoint: 77296 ns, Cleanup: 20412 ns, At safepoint: 19259 ns, Total: 116967 ns
[2025-06-13T03:37:32.913+0000][72][info ][safepoint   ] Safepoint "Cleanup", Time since last: 1000772877 ns, Reaching safepoint: 25677 ns, Cleanup: 18323 ns, At safepoint: 11121 ns, Total: 55121 ns
[2025-06-13T03:37:37.916+0000][72][info ][safepoint   ] Safepoint "Cleanup", Time since last: 5003115200 ns, Reaching safepoint: 30191 ns, Cleanup: 15434 ns, At safepoint: 14741 ns, Total: 60366 ns
[2025-06-13T03:37:38.917+0000][72][info ][safepoint   ] Safepoint "Cleanup", Time since last: 1000802601 ns, Reaching safepoint: 28568 ns, Cleanup: 12689 ns, At safepoint: 15683 ns, Total: 56940 ns
[2025-06-13T03:37:40.918+0000][72][info ][safepoint   ] Safepoint "Cleanup", Time since last: 2000974115 ns, Reaching safepoint: 32104 ns, Cleanup: 19649 ns, At safepoint: 16572 ns, Total: 68325 ns
[2025-06-13T03:37:42.919+0000][72][info ][safepoint   ] Safepoint "Cleanup", Time since last: 2000857759 ns, Reaching safepoint: 26338 ns, Cleanup: 20463 ns, At safepoint: 10554 ns, Total: 57355 ns
[2025-06-13T03:37:43.919+0000][72][info ][safepoint   ] Safepoint "Cleanup", Time since last: 1000544320 ns, Reaching safepoint: 18103 ns, Cleanup: 16419 ns, At safepoint: 7414 ns, Total: 41936 ns
[2025-06-13T03:37:45.232+0000][72][info ][safepoint   ] Safepoint "Cleanup", Time since last: 1312734659 ns, Reaching safepoint: 30639 ns, Cleanup: 20933 ns, At safepoint: 15596 ns, Total: 67168 ns
[2025-06-13T03:37:49.200+0000][72][info ][safepoint   ] Safepoint "Cleanup", Time since last: 3967500046 ns, Reaching safepoint: 84561 ns, Cleanup: 10515 ns, At safepoint: 26818 ns, Total: 121894 ns
[2025-06-13T03:37:50.928+0000][72][info ][safepoint   ] Safepoint "Cleanup", Time since last: 1728421517 ns, Reaching safepoint: 25230 ns, Cleanup: 24707 ns, At safepoint: 10273 ns, Total: 60210 ns
[2025-06-13T03:37:54.929+0000][72][info ][safepoint   ] Safepoint "Cleanup", Time since last: 4001046217 ns, Reaching safepoint: 117456 ns, Cleanup: 17062 ns, At safepoint: 23662 ns, Total: 158180 ns
[2025-06-13T03:37:57.930+0000][72][info ][safepoint   ] Safepoint "Cleanup", Time since last: 3000911095 ns, Reaching safepoint: 25601 ns, Cleanup: 15216 ns, At safepoint: 11336 ns, Total: 52153 ns
[2025-06-13T03:37:58.931+0000][72][info ][safepoint   ] Safepoint "Cleanup", Time since last: 1000642727 ns, Reaching safepoint: 31104 ns, Cleanup: 28044 ns, At safepoint: 17402 ns, Total: 76550 ns
[2025-06-13T03:38:01.930+0000][72][info ][safepoint   ] Safepoint "Cleanup", Time since last: 3000977461 ns, Reaching safepoint: 58539 ns, Cleanup: 25250 ns, At safepoint: 11018 ns, Total: 94807 ns
[2025-06-13T03:38:07.932+0000][72][info ][safepoint   ] Safepoint "Cleanup", Time since last: 6001438892 ns, Reaching safepoint: 30426 ns, Cleanup: 44175 ns, At safepoint: 15795 ns, Total: 90396 ns
[2025-06-13T03:38:10.933+0000][72][info ][safepoint   ] Safepoint "Cleanup", Time since last: 3000893690 ns, Reaching safepoint: 29644 ns, Cleanup: 15406 ns, At safepoint: 15689 ns, Total: 60739 ns
[2025-06-13T03:38:12.934+0000][72][info ][safepoint   ] Safepoint "Cleanup", Time since last: 2000863501 ns, Reaching safepoint: 31078 ns, Cleanup: 15691 ns, At safepoint: 15084 ns, Total: 61853 ns
[2025-06-13T03:38:14.935+0000][72][info ][safepoint   ] Safepoint "Cleanup", Time since last: 2000778414 ns, Reaching safepoint: 25340 ns, Cleanup: 14421 ns, At safepoint: 10719 ns, Total: 50480 ns
[2025-06-13T03:38:16.936+0000][72][info ][safepoint   ] Safepoint "Cleanup", Time since last: 2001616707 ns, Reaching safepoint: 45666 ns, Cleanup: 12438 ns, At safepoint: 8678 ns, Total: 66782 ns
[2025-06-13T03:38:17.941+0000][72][info ][safepoint   ] Safepoint "Cleanup", Time since last: 1004437233 ns, Reaching safepoint: 26333 ns, Cleanup: 18463 ns, At safepoint: 10703 ns, Total: 55499 ns
[2025-06-13T03:38:22.942+0000][72][info ][safepoint   ] Safepoint "Cleanup", Time since last: 5001084080 ns, Reaching safepoint: 28227 ns, Cleanup: 25671 ns, At safepoint: 10952 ns, Total: 64850 ns
[2025-06-13T03:38:24.955+0000][72][info ][safepoint   ] Safepoint "Cleanup", Time since last: 2013107071 ns, Reaching safepoint: 27095 ns, Cleanup: 41773 ns, At safepoint: 12199 ns, Total: 81067 ns
[2025-06-13T03:38:25.958+0000][72][info ][safepoint   ] Safepoint "Cleanup", Time since last: 1002458390 ns, Reaching safepoint: 24809 ns, Cleanup: 14220 ns, At safepoint: 10720 ns, Total: 49749 ns
[2025-06-13T03:38:27.963+0000][72][info ][safepoint   ] Safepoint "Cleanup", Time since last: 2005014252 ns, Reaching safepoint: 89183 ns, Cleanup: 23606 ns, At safepoint: 15623 ns, Total: 128412 ns
[2025-06-13T03:38:29.959+0000][72][info ][safepoint   ] Safepoint "Cleanup", Time since last: 1996341966 ns, Reaching safepoint: 28189 ns, Cleanup: 52897 ns, At safepoint: 11718 ns, Total: 92804 ns
[2025-06-13T03:38:31.005+0000][72][info ][safepoint   ] Safepoint "Cleanup", Time since last: 1046004915 ns, Reaching safepoint: 26197 ns, Cleanup: 135198 ns, At safepoint: 31064 ns, Total: 192459 ns
[2025-06-13T03:38:32.004+0000][72][info ][safepoint   ] Safepoint "Cleanup", Time since last: 1001606848 ns, Reaching safepoint: 51430 ns, Cleanup: 14544 ns, At safepoint: 11792 ns, Total: 77766 ns
[2025-06-13T03:38:33.009+0000][72][info ][safepoint   ] Safepoint "Cleanup", Time since last: 1004749577 ns, Reaching safepoint: 21952 ns, Cleanup: 14302 ns, At safepoint: 8445 ns, Total: 44699 ns
[2025-06-13T03:38:34.014+0000][72][info ][safepoint   ] Safepoint "Cleanup", Time since last: 1004818066 ns, Reaching safepoint: 26153 ns, Cleanup: 17957 ns, At safepoint: 10735 ns, Total: 54845 ns
[2025-06-13T03:38:38.015+0000][72][info ][safepoint   ] Safepoint "Cleanup", Time since last: 4000964258 ns, Reaching safepoint: 29089 ns, Cleanup: 19843 ns, At safepoint: 9630 ns, Total: 58562 ns
[2025-06-13T03:38:41.021+0000][72][info ][safepoint   ] Safepoint "Cleanup", Time since last: 3006051975 ns, Reaching safepoint: 31403 ns, Cleanup: 29713 ns, At safepoint: 21143 ns, Total: 82259 ns
[2025-06-13T03:38:43.025+0000][72][info ][safepoint   ] Safepoint "Cleanup", Time since last: 2003234338 ns, Reaching safepoint: 63611 ns, Cleanup: 17739 ns, At safepoint: 11393 ns, Total: 92743 ns
[2025-06-13T03:38:44.032+0000][72][info ][safepoint   ] Safepoint "Cleanup", Time since last: 1007120503 ns, Reaching safepoint: 85178 ns, Cleanup: 15827 ns, At safepoint: 17184 ns, Total: 118189 ns
[2025-06-13T03:38:45.261+0000][72][info ][safepoint   ] Safepoint "Cleanup", Time since last: 1229525107 ns, Reaching safepoint: 30769 ns, Cleanup: 17147 ns, At safepoint: 17090 ns, Total: 65006 ns
[2025-06-13T03:38:49.263+0000][72][info ][safepoint   ] Safepoint "Cleanup", Time since last: 4001117439 ns, Reaching safepoint: 55146 ns, Cleanup: 15741 ns, At safepoint: 11024 ns, Total: 81911 ns
[2025-06-13T03:38:52.197+0000][72][info ][safepoint   ] Safepoint "Cleanup", Time since last: 2934075710 ns, Reaching safepoint: 106862 ns, Cleanup: 25060 ns, At safepoint: 51647 ns, Total: 183569 ns
[2025-06-13T03:38:54.038+0000][72][info ][safepoint   ] Safepoint "Cleanup", Time since last: 1840866251 ns, Reaching safepoint: 19467 ns, Cleanup: 23939 ns, At safepoint: 9240 ns, Total: 52646 ns
[2025-06-13T03:38:58.039+0000][72][info ][safepoint   ] Safepoint "Cleanup", Time since last: 4000978664 ns, Reaching safepoint: 26444 ns, Cleanup: 15624 ns, At safepoint: 11633 ns, Total: 53701 ns
[2025-06-13T03:38:59.040+0000][72][info ][safepoint   ] Safepoint "Cleanup", Time since last: 1001195173 ns, Reaching safepoint: 24976 ns, Cleanup: 14117 ns, At safepoint: 9544 ns, Total: 48637 ns
[2025-06-13T03:39:02.474+0000][72][info ][safepoint   ] Safepoint "Cleanup", Time since last: 3435968191 ns, Reaching safepoint: 14528 ns, Cleanup: 17996 ns, At safepoint: 5567 ns, Total: 38091 ns
[2025-06-13T03:39:03.812+0000][72][info ][safepoint   ] Safepoint "Cleanup", Time since last: 1338487362 ns, Reaching safepoint: 44364 ns, Cleanup: 13214 ns, At safepoint: 8369 ns, Total: 65947 ns
[2025-06-13T03:39:07.813+0000][72][info ][safepoint   ] Safepoint "Cleanup", Time since last: 4001124936 ns, Reaching safepoint: 28861 ns, Cleanup: 20615 ns, At safepoint: 15974 ns, Total: 65450 ns
[2025-06-13T03:39:12.824+0000][72][info ][safepoint   ] Safepoint "Cleanup", Time since last: 5010431499 ns, Reaching safepoint: 31742 ns, Cleanup: 37901 ns, At safepoint: 14269 ns, Total: 83912 ns
[2025-06-13T03:39:15.825+0000][72][info ][safepoint   ] Safepoint "Cleanup", Time since last: 3001219748 ns, Reaching safepoint: 17881 ns, Cleanup: 14760 ns, At safepoint: 7722 ns, Total: 40363 ns
[2025-06-13T03:39:16.826+0000][72][info ][safepoint   ] Safepoint "Cleanup", Time since last: 1000676312 ns, Reaching safepoint: 26146 ns, Cleanup: 15361 ns, At safepoint: 9443 ns, Total: 50950 ns
[2025-06-13T03:39:17.829+0000][72][info ][safepoint   ] Safepoint "Cleanup", Time since last: 1002647335 ns, Reaching safepoint: 25960 ns, Cleanup: 20383 ns, At safepoint: 10907 ns, Total: 57250 ns
[2025-06-13T03:39:19.842+0000][72][info ][safepoint   ] Safepoint "Cleanup", Time since last: 2012945583 ns, Reaching safepoint: 55867 ns, Cleanup: 14967 ns, At safepoint: 9529 ns, Total: 80363 ns
[2025-06-13T03:39:21.842+0000][72][info ][safepoint   ] Safepoint "Cleanup", Time since last: 2000715863 ns, Reaching safepoint: 30254 ns, Cleanup: 16746 ns, At safepoint: 15816 ns, Total: 62816 ns
[2025-06-13T03:39:24.843+0000][72][info ][safepoint   ] Safepoint "Cleanup", Time since last: 3000871911 ns, Reaching safepoint: 28883 ns, Cleanup: 27375 ns, At safepoint: 11419 ns, Total: 67677 ns
[2025-06-13T03:39:27.847+0000][72][info ][safepoint   ] Safepoint "Cleanup", Time since last: 3003082284 ns, Reaching safepoint: 30351 ns, Cleanup: 24016 ns, At safepoint: 15311 ns, Total: 69678 ns
[2025-06-13T03:39:28.847+0000][72][info ][safepoint   ] Safepoint "Cleanup", Time since last: 1000854582 ns, Reaching safepoint: 30756 ns, Cleanup: 15851 ns, At safepoint: 15532 ns, Total: 62139 ns
[2025-06-13T03:39:31.847+0000][72][info ][safepoint   ] Safepoint "Cleanup", Time since last: 3001250546 ns, Reaching safepoint: 28114 ns, Cleanup: 15344 ns, At safepoint: 13083 ns, Total: 56541 ns
[2025-06-13T03:39:37.855+0000][72][info ][safepoint   ] Safepoint "Cleanup", Time since last: 6007521337 ns, Reaching safepoint: 31845 ns, Cleanup: 20340 ns, At safepoint: 16456 ns, Total: 68641 ns
[2025-06-13T03:39:42.856+0000][72][info ][safepoint   ] Safepoint "Cleanup", Time since last: 5001349665 ns, Reaching safepoint: 43979 ns, Cleanup: 14919 ns, At safepoint: 11178 ns, Total: 70076 ns
[2025-06-13T03:39:47.307+0000][72][info ][safepoint   ] Safepoint "Cleanup", Time since last: 4451028023 ns, Reaching safepoint: 32156 ns, Cleanup: 19278 ns, At safepoint: 17828 ns, Total: 69262 ns
[2025-06-13T03:39:49.308+0000][72][info ][safepoint   ] Safepoint "Cleanup", Time since last: 2000763573 ns, Reaching safepoint: 56164 ns, Cleanup: 15210 ns, At safepoint: 11593 ns, Total: 82967 ns
[2025-06-13T03:39:52.310+0000][72][info ][safepoint   ] Safepoint "Cleanup", Time since last: 3000949674 ns, Reaching safepoint: 381810 ns, Cleanup: 67212 ns, At safepoint: 21803 ns, Total: 470825 ns
[2025-06-13T03:39:55.311+0000][72][info ][safepoint   ] Safepoint "Cleanup", Time since last: 3001296247 ns, Reaching safepoint: 33452 ns, Cleanup: 16998 ns, At safepoint: 16709 ns, Total: 67159 ns
[2025-06-13T03:39:57.075+0000][72][info ][safepoint   ] Safepoint "Cleanup", Time since last: 1763521941 ns, Reaching safepoint: 30927 ns, Cleanup: 36459 ns, At safepoint: 16215 ns, Total: 83601 ns
[2025-06-13T03:39:58.087+0000][72][info ][safepoint   ] Safepoint "Cleanup", Time since last: 1012390946 ns, Reaching safepoint: 29718 ns, Cleanup: 21663 ns, At safepoint: 15766 ns, Total: 67147 ns
[2025-06-13T03:40:02.085+0000][72][info ][safepoint   ] Safepoint "Cleanup", Time since last: 4001164943 ns, Reaching safepoint: 19101 ns, Cleanup: 13112 ns, At safepoint: 8557 ns, Total: 40770 ns
[2025-06-13T03:40:03.086+0000][72][info ][safepoint   ] Safepoint "Cleanup", Time since last: 1000649250 ns, Reaching safepoint: 28036 ns, Cleanup: 13031 ns, At safepoint: 8296 ns, Total: 49363 ns
[2025-06-13T03:40:05.087+0000][72][info ][safepoint   ] Safepoint "Cleanup", Time since last: 2000715037 ns, Reaching safepoint: 20504 ns, Cleanup: 18273 ns, At safepoint: 9414 ns, Total: 48191 ns
[2025-06-13T03:40:07.088+0000][72][info ][safepoint   ] Safepoint "Cleanup", Time since last: 2000856924 ns, Reaching safepoint: 32650 ns, Cleanup: 21606 ns, At safepoint: 16444 ns, Total: 70700 ns
[2025-06-13T03:40:08.089+0000][72][info ][safepoint   ] Safepoint "Cleanup", Time since last: 1000747470 ns, Reaching safepoint: 29975 ns, Cleanup: 16274 ns, At safepoint: 15190 ns, Total: 61439 ns
[2025-06-13T03:40:09.090+0000][72][info ][safepoint   ] Safepoint "Cleanup", Time since last: 1000904206 ns, Reaching safepoint: 29407 ns, Cleanup: 15109 ns, At safepoint: 14932 ns, Total: 59448 ns
[2025-06-13T03:40:10.090+0000][72][info ][safepoint   ] Safepoint "Cleanup", Time since last: 1000793492 ns, Reaching safepoint: 29601 ns, Cleanup: 18583 ns, At safepoint: 15706 ns, Total: 63890 ns
[2025-06-13T03:40:11.091+0000][72][info ][safepoint   ] Safepoint "Cleanup", Time since last: 1000942911 ns, Reaching safepoint: 18609 ns, Cleanup: 13323 ns, At safepoint: 7527 ns, Total: 39459 ns
[2025-06-13T03:40:12.092+0000][72][info ][safepoint   ] Safepoint "Cleanup", Time since last: 1000731861 ns, Reaching safepoint: 18091 ns, Cleanup: 11386 ns, At safepoint: 8004 ns, Total: 37481 ns
[2025-06-13T03:40:13.093+0000][72][info ][safepoint   ] Safepoint "Cleanup", Time since last: 1000875214 ns, Reaching safepoint: 34092 ns, Cleanup: 19062 ns, At safepoint: 16527 ns, Total: 69681 ns
[2025-06-13T03:40:18.095+0000][72][info ][safepoint   ] Safepoint "Cleanup", Time since last: 5001594225 ns, Reaching safepoint: 31141 ns, Cleanup: 13981 ns, At safepoint: 15763 ns, Total: 60885 ns
[2025-06-13T03:40:23.097+0000][72][info ][safepoint   ] Safepoint "Cleanup", Time since last: 5001809278 ns, Reaching safepoint: 77558 ns, Cleanup: 22201 ns, At safepoint: 19437 ns, Total: 119196 ns
[2025-06-13T03:40:25.098+0000][72][info ][safepoint   ] Safepoint "Cleanup", Time since last: 2000914025 ns, Reaching safepoint: 32988 ns, Cleanup: 32265 ns, At safepoint: 17869 ns, Total: 83122 ns
[2025-06-13T03:40:28.099+0000][72][info ][safepoint   ] Safepoint "Cleanup", Time since last: 3001110465 ns, Reaching safepoint: 31389 ns, Cleanup: 18987 ns, At safepoint: 15729 ns, Total: 66105 ns
[2025-06-13T03:40:29.100+0000][72][info ][safepoint   ] Safepoint "Cleanup", Time since last: 1000850420 ns, Reaching safepoint: 17594 ns, Cleanup: 22217 ns, At safepoint: 7793 ns, Total: 47604 ns
[2025-06-13T03:40:32.099+0000][72][info ][safepoint   ] Safepoint "Cleanup", Time since last: 3001138047 ns, Reaching safepoint: 19525 ns, Cleanup: 13712 ns, At safepoint: 8849 ns, Total: 42086 ns
[2025-06-13T03:40:35.100+0000][72][info ][safepoint   ] Safepoint "Cleanup", Time since last: 3001125925 ns, Reaching safepoint: 31765 ns, Cleanup: 18774 ns, At safepoint: 17276 ns, Total: 67815 ns
[2025-06-13T03:40:38.101+0000][72][info ][safepoint   ] Safepoint "Cleanup", Time since last: 3001248662 ns, Reaching safepoint: 36321 ns, Cleanup: 16878 ns, At safepoint: 15966 ns, Total: 69165 ns
[2025-06-13T03:40:43.103+0000][72][info ][safepoint   ] Safepoint "Cleanup", Time since last: 5001865550 ns, Reaching safepoint: 34085 ns, Cleanup: 16032 ns, At safepoint: 17127 ns, Total: 67244 ns
[2025-06-13T03:40:46.343+0000][72][info ][safepoint   ] Safepoint "Cleanup", Time since last: 3239712430 ns, Reaching safepoint: 31236 ns, Cleanup: 18643 ns, At safepoint: 16371 ns, Total: 66250 ns
[2025-06-13T03:40:52.345+0000][72][info ][safepoint   ] Safepoint "Cleanup", Time since last: 6001740879 ns, Reaching safepoint: 126735 ns, Cleanup: 18341 ns, At safepoint: 19825 ns, Total: 164901 ns
[2025-06-13T03:40:57.346+0000][72][info ][safepoint   ] Safepoint "Cleanup", Time since last: 5001324179 ns, Reaching safepoint: 22074 ns, Cleanup: 15790 ns, At safepoint: 8271 ns, Total: 46135 ns
[2025-06-13T03:40:59.131+0000][72][info ][safepoint   ] Safepoint "Cleanup", Time since last: 1784920984 ns, Reaching safepoint: 12139 ns, Cleanup: 44661 ns, At safepoint: 77938 ns, Total: 134738 ns
[2025-06-13T03:41:01.156+0000][72][info ][safepoint   ] Safepoint "Cleanup", Time since last: 2024617524 ns, Reaching safepoint: 26727 ns, Cleanup: 12982 ns, At safepoint: 54090 ns, Total: 93799 ns
[2025-06-13T03:41:02.154+0000][72][info ][safepoint   ] Safepoint "Cleanup", Time since last: 1000575809 ns, Reaching safepoint: 33440 ns, Cleanup: 24503 ns, At safepoint: 17682 ns, Total: 75625 ns
[2025-06-13T03:41:03.155+0000][72][info ][safepoint   ] Safepoint "Cleanup", Time since last: 1000656772 ns, Reaching safepoint: 28953 ns, Cleanup: 21534 ns, At safepoint: 15015 ns, Total: 65502 ns
[2025-06-13T03:41:04.158+0000][72][info ][safepoint   ] Safepoint "Cleanup", Time since last: 1000582343 ns, Reaching safepoint: 2318909 ns, Cleanup: 32042 ns, At safepoint: 197107 ns, Total: 2548058 ns
[2025-06-13T03:41:05.159+0000][72][info ][safepoint   ] Safepoint "Cleanup", Time since last: 1000866199 ns, Reaching safepoint: 24342 ns, Cleanup: 29730 ns, At safepoint: 11808 ns, Total: 65880 ns
[2025-06-13T03:41:06.160+0000][72][info ][safepoint   ] Safepoint "Cleanup", Time since last: 1000546950 ns, Reaching safepoint: 47988 ns, Cleanup: 17338 ns, At safepoint: 10401 ns, Total: 75727 ns
[2025-06-13T03:41:07.181+0000][72][info ][safepoint   ] Safepoint "Cleanup", Time since last: 1021222341 ns, Reaching safepoint: 17804 ns, Cleanup: 18133 ns, At safepoint: 7356 ns, Total: 43293 ns
[2025-06-13T03:41:08.182+0000][72][info ][safepoint   ] Safepoint "Cleanup", Time since last: 1000593237 ns, Reaching safepoint: 17648 ns, Cleanup: 12291 ns, At safepoint: 25702 ns, Total: 55641 ns
[2025-06-13T03:41:10.183+0000][72][info ][safepoint   ] Safepoint "Cleanup", Time since last: 2000848754 ns, Reaching safepoint: 32078 ns, Cleanup: 18596 ns, At safepoint: 17835 ns, Total: 68509 ns
[2025-06-13T03:41:12.184+0000][72][info ][safepoint   ] Safepoint "Cleanup", Time since last: 2000911727 ns, Reaching safepoint: 165720 ns, Cleanup: 14079 ns, At safepoint: 160464 ns, Total: 340263 ns
[2025-06-13T03:41:13.185+0000][72][info ][safepoint   ] Safepoint "Cleanup", Time since last: 1000615207 ns, Reaching safepoint: 26655 ns, Cleanup: 14629 ns, At safepoint: 11105 ns, Total: 52389 ns
[2025-06-13T03:41:17.189+0000][72][info ][safepoint   ] Safepoint "Cleanup", Time since last: 4004367127 ns, Reaching safepoint: 119284 ns, Cleanup: 17560 ns, At safepoint: 23094 ns, Total: 159938 ns
[2025-06-13T03:41:19.190+0000][72][info ][safepoint   ] Safepoint "Cleanup", Time since last: 2000712302 ns, Reaching safepoint: 20522 ns, Cleanup: 13661 ns, At safepoint: 9083 ns, Total: 43266 ns
[2025-06-13T03:41:22.192+0000][72][info ][safepoint   ] Safepoint "Cleanup", Time since last: 3001836035 ns, Reaching safepoint: 66214 ns, Cleanup: 16000 ns, At safepoint: 16991 ns, Total: 99205 ns
[2025-06-13T03:41:25.193+0000][72][info ][safepoint   ] Safepoint "Cleanup", Time since last: 3000847670 ns, Reaching safepoint: 27534 ns, Cleanup: 31211 ns, At safepoint: 11535 ns, Total: 70280 ns
[2025-06-13T03:41:27.193+0000][72][info ][safepoint   ] Safepoint "Cleanup", Time since last: 2000806022 ns, Reaching safepoint: 20061 ns, Cleanup: 16367 ns, At safepoint: 8118 ns, Total: 44546 ns
[2025-06-13T03:41:28.194+0000][72][info ][safepoint   ] Safepoint "Cleanup", Time since last: 1000594923 ns, Reaching safepoint: 27394 ns, Cleanup: 17290 ns, At safepoint: 12071 ns, Total: 56755 ns
[2025-06-13T03:41:32.194+0000][72][info ][safepoint   ] Safepoint "Cleanup", Time since last: 4001384648 ns, Reaching safepoint: 19774 ns, Cleanup: 18477 ns, At safepoint: 9368 ns, Total: 47619 ns
[2025-06-13T03:41:34.195+0000][72][info ][safepoint   ] Safepoint "Cleanup", Time since last: 2000878272 ns, Reaching safepoint: 36420 ns, Cleanup: 18776 ns, At safepoint: 19598 ns, Total: 74794 ns
[2025-06-13T03:41:35.195+0000][72][info ][safepoint   ] Safepoint "Cleanup", Time since last: 1000676387 ns, Reaching safepoint: 19187 ns, Cleanup: 18554 ns, At safepoint: 8800 ns, Total: 46541 ns
[2025-06-13T03:41:38.197+0000][72][info ][safepoint   ] Safepoint "Cleanup", Time since last: 3001095572 ns, Reaching safepoint: 216373 ns, Cleanup: 29344 ns, At safepoint: 20303 ns, Total: 266020 ns
[2025-06-13T03:41:40.198+0000][72][info ][safepoint   ] Safepoint "Cleanup", Time since last: 2000896934 ns, Reaching safepoint: 34201 ns, Cleanup: 16269 ns, At safepoint: 16027 ns, Total: 66497 ns
[2025-06-13T03:41:42.199+0000][72][info ][safepoint   ] Safepoint "Cleanup", Time since last: 2001031550 ns, Reaching safepoint: 30541 ns, Cleanup: 17544 ns, At safepoint: 15084 ns, Total: 63169 ns
[2025-06-13T03:41:46.378+0000][72][info ][safepoint   ] Safepoint "Cleanup", Time since last: 4179422575 ns, Reaching safepoint: 32573 ns, Cleanup: 18575 ns, At safepoint: 16237 ns, Total: 67385 ns
[2025-06-13T03:41:52.380+0000][72][info ][safepoint   ] Safepoint "Cleanup", Time since last: 6001527543 ns, Reaching safepoint: 60199 ns, Cleanup: 18065 ns, At safepoint: 12837 ns, Total: 91101 ns
[2025-06-13T03:41:54.381+0000][72][info ][safepoint   ] Safepoint "Cleanup", Time since last: 2000834141 ns, Reaching safepoint: 128626 ns, Cleanup: 16703 ns, At safepoint: 19544 ns, Total: 164873 ns
[2025-06-13T03:42:02.178+0000][72][info ][safepoint   ] Safepoint "Cleanup", Time since last: 7799543001 ns, Reaching safepoint: 6724 ns, Cleanup: 11461 ns, At safepoint: 13611 ns, Total: 31796 ns
[2025-06-13T03:42:03.198+0000][72][info ][safepoint   ] Safepoint "Cleanup", Time since last: 1020613504 ns, Reaching safepoint: 17925 ns, Cleanup: 11711 ns, At safepoint: 8290 ns, Total: 37926 ns
[2025-06-13T03:42:04.199+0000][72][info ][safepoint   ] Safepoint "Cleanup", Time since last: 1000915215 ns, Reaching safepoint: 31593 ns, Cleanup: 16962 ns, At safepoint: 17754 ns, Total: 66309 ns
[2025-06-13T03:42:10.201+0000][72][info ][safepoint   ] Safepoint "Cleanup", Time since last: 6001227772 ns, Reaching safepoint: 42255 ns, Cleanup: 14127 ns, At safepoint: 6848 ns, Total: 63230 ns
[2025-06-13T03:42:25.204+0000][72][info ][safepoint   ] Safepoint "Cleanup", Time since last: 15003528497 ns, Reaching safepoint: 65717 ns, Cleanup: 38595 ns, At safepoint: 16364 ns, Total: 120676 ns
[2025-06-13T03:42:30.206+0000][72][info ][safepoint   ] Safepoint "Cleanup", Time since last: 5001651562 ns, Reaching safepoint: 29475 ns, Cleanup: 14569 ns, At safepoint: 15545 ns, Total: 59589 ns
[2025-06-13T03:42:32.205+0000][72][info ][safepoint   ] Safepoint "Cleanup", Time since last: 2000774657 ns, Reaching safepoint: 22574 ns, Cleanup: 11613 ns, At safepoint: 8917 ns, Total: 43104 ns
[2025-06-13T03:42:34.206+0000][72][info ][safepoint   ] Safepoint "Cleanup", Time since last: 2000868158 ns, Reaching safepoint: 29309 ns, Cleanup: 14971 ns, At safepoint: 14960 ns, Total: 59240 ns
[2025-06-13T03:42:37.207+0000][72][info ][safepoint   ] Safepoint "Cleanup", Time since last: 3000930063 ns, Reaching safepoint: 28335 ns, Cleanup: 20003 ns, At safepoint: 11134 ns, Total: 59472 ns
[2025-06-13T03:42:38.207+0000][72][info ][safepoint   ] Safepoint "Cleanup", Time since last: 1000608495 ns, Reaching safepoint: 47357 ns, Cleanup: 19816 ns, At safepoint: 9527 ns, Total: 76700 ns
[2025-06-13T03:42:40.209+0000][72][info ][safepoint   ] Safepoint "Cleanup", Time since last: 2001493477 ns, Reaching safepoint: 30142 ns, Cleanup: 15622 ns, At safepoint: 15543 ns, Total: 61307 ns
[2025-06-13T03:42:47.416+0000][72][info ][safepoint   ] Safepoint "Cleanup", Time since last: 7206768105 ns, Reaching safepoint: 33955 ns, Cleanup: 17817 ns, At safepoint: 19734 ns, Total: 71506 ns
[2025-06-13T03:42:49.417+0000][72][info ][safepoint   ] Safepoint "Cleanup", Time since last: 2000760969 ns, Reaching safepoint: 30409 ns, Cleanup: 14862 ns, At safepoint: 15845 ns, Total: 61116 ns
[2025-06-13T03:42:52.418+0000][72][info ][safepoint   ] Safepoint "Cleanup", Time since last: 3001215829 ns, Reaching safepoint: 33248 ns, Cleanup: 17886 ns, At safepoint: 16838 ns, Total: 67972 ns
[2025-06-13T03:42:55.419+0000][72][info ][safepoint   ] Safepoint "Cleanup", Time since last: 3001006562 ns, Reaching safepoint: 60451 ns, Cleanup: 12518 ns, At safepoint: 7511 ns, Total: 80480 ns
[2025-06-13T03:43:00.420+0000][72][info ][safepoint   ] Safepoint "Cleanup", Time since last: 5001517893 ns, Reaching safepoint: 35826 ns, Cleanup: 17272 ns, At safepoint: 17952 ns, Total: 71050 ns
[2025-06-13T03:43:01.421+0000][72][info ][safepoint   ] Safepoint "Cleanup", Time since last: 1000817328 ns, Reaching safepoint: 20191 ns, Cleanup: 15670 ns, At safepoint: 18917 ns, Total: 54778 ns
[2025-06-13T03:43:02.420+0000][72][info ][safepoint   ] Safepoint "Cleanup", Time since last: 1000707457 ns, Reaching safepoint: 29746 ns, Cleanup: 17518 ns, At safepoint: 15653 ns, Total: 62917 ns
[2025-06-13T03:43:04.174+0000][72][info ][safepoint   ] Safepoint "Cleanup", Time since last: 1754366526 ns, Reaching safepoint: 5671 ns, Cleanup: 14063 ns, At safepoint: 12954 ns, Total: 32688 ns
[2025-06-13T03:43:05.207+0000][72][info ][safepoint   ] Safepoint "Cleanup", Time since last: 1032028286 ns, Reaching safepoint: 31866 ns, Cleanup: 13756 ns, At safepoint: 15063 ns, Total: 60685 ns
[2025-06-13T03:43:06.248+0000][72][info ][safepoint   ] Safepoint "Cleanup", Time since last: 1040983862 ns, Reaching safepoint: 32893 ns, Cleanup: 18417 ns, At safepoint: 16641 ns, Total: 67951 ns
[2025-06-13T03:43:07.248+0000][72][info ][safepoint   ] Safepoint "Cleanup", Time since last: 1000589180 ns, Reaching safepoint: 32324 ns, Cleanup: 25096 ns, At safepoint: 16218 ns, Total: 73638 ns
[2025-06-13T03:43:08.249+0000][72][info ][safepoint   ] Safepoint "Cleanup", Time since last: 1000749546 ns, Reaching safepoint: 16181 ns, Cleanup: 16067 ns, At safepoint: 7296 ns, Total: 39544 ns
[2025-06-13T03:43:10.250+0000][72][info ][safepoint   ] Safepoint "Cleanup", Time since last: 2000779976 ns, Reaching safepoint: 38537 ns, Cleanup: 10683 ns, At safepoint: 6773 ns, Total: 55993 ns
[2025-06-13T03:43:17.252+0000][72][info ][safepoint   ] Safepoint "Cleanup", Time since last: 7001717028 ns, Reaching safepoint: 31078 ns, Cleanup: 21897 ns, At safepoint: 15382 ns, Total: 68357 ns
[2025-06-13T03:43:19.253+0000][72][info ][safepoint   ] Safepoint "Cleanup", Time since last: 2000863500 ns, Reaching safepoint: 31838 ns, Cleanup: 15778 ns, At safepoint: 17942 ns, Total: 65558 ns
[2025-06-13T03:43:25.202+0000][72][info ][safepoint   ] Safepoint "Cleanup", Time since last: 5949252321 ns, Reaching safepoint: 187932 ns, Cleanup: 19026 ns, At safepoint: 50221 ns, Total: 257179 ns
[2025-06-13T03:43:26.266+0000][72][info ][safepoint   ] Safepoint "Cleanup", Time since last: 1063852388 ns, Reaching safepoint: 28836 ns, Cleanup: 190154 ns, At safepoint: 18572 ns, Total: 237562 ns
[2025-06-13T03:43:27.295+0000][72][info ][safepoint   ] Safepoint "Cleanup", Time since last: 1028744151 ns, Reaching safepoint: 32228 ns, Cleanup: 24146 ns, At safepoint: 16317 ns, Total: 72691 ns
[2025-06-13T03:43:28.296+0000][72][info ][safepoint   ] Safepoint "Cleanup", Time since last: 1000803327 ns, Reaching safepoint: 29835 ns, Cleanup: 22289 ns, At safepoint: 15598 ns, Total: 67722 ns
[2025-06-13T03:43:30.297+0000][72][info ][safepoint   ] Safepoint "Cleanup", Time since last: 2000921950 ns, Reaching safepoint: 162976 ns, Cleanup: 15760 ns, At safepoint: 61144 ns, Total: 239880 ns
[2025-06-13T03:43:31.303+0000][72][info ][safepoint   ] Safepoint "Cleanup", Time since last: 1005520728 ns, Reaching safepoint: 16798 ns, Cleanup: 26791 ns, At safepoint: 145817 ns, Total: 189406 ns
[2025-06-13T03:43:32.314+0000][72][info ][safepoint   ] Safepoint "Cleanup", Time since last: 1014272030 ns, Reaching safepoint: 18119 ns, Cleanup: 16300 ns, At safepoint: 8327 ns, Total: 42746 ns
[2025-06-13T03:43:33.339+0000][72][info ][safepoint   ] Safepoint "Cleanup", Time since last: 1024354644 ns, Reaching safepoint: 31959 ns, Cleanup: 16875 ns, At safepoint: 16805 ns, Total: 65639 ns
[2025-06-13T03:43:34.385+0000][72][info ][safepoint   ] Safepoint "Cleanup", Time since last: 1046277665 ns, Reaching safepoint: 30661 ns, Cleanup: 14328 ns, At safepoint: 16369 ns, Total: 61358 ns
[2025-06-13T03:43:42.387+0000][72][info ][safepoint   ] Safepoint "Cleanup", Time since last: 8002135741 ns, Reaching safepoint: 69905 ns, Cleanup: 17419 ns, At safepoint: 17833 ns, Total: 105157 ns
[2025-06-13T03:43:50.453+0000][72][info ][safepoint   ] Safepoint "Cleanup", Time since last: 8065754236 ns, Reaching safepoint: 37197 ns, Cleanup: 19976 ns, At safepoint: 17403 ns, Total: 74576 ns
[2025-06-13T03:43:52.454+0000][72][info ][safepoint   ] Safepoint "Cleanup", Time since last: 2001036837 ns, Reaching safepoint: 33652 ns, Cleanup: 18841 ns, At safepoint: 18298 ns, Total: 70791 ns
[2025-06-13T03:43:53.455+0000][72][info ][safepoint   ] Safepoint "Cleanup", Time since last: 1000710099 ns, Reaching safepoint: 67979 ns, Cleanup: 12798 ns, At safepoint: 8614 ns, Total: 89391 ns
[2025-06-13T03:43:55.456+0000][72][info ][safepoint   ] Safepoint "Cleanup", Time since last: 2000879111 ns, Reaching safepoint: 74356 ns, Cleanup: 22683 ns, At safepoint: 16622 ns, Total: 113661 ns
[2025-06-13T03:44:02.190+0000][72][info ][safepoint   ] Safepoint "Cleanup", Time since last: 6735922948 ns, Reaching safepoint: 16188 ns, Cleanup: 90282 ns, At safepoint: 73862 ns, Total: 180332 ns
[2025-06-13T03:44:03.225+0000][72][info ][safepoint   ] Safepoint "Cleanup", Time since last: 1034204360 ns, Reaching safepoint: 66651 ns, Cleanup: 22805 ns, At safepoint: 10608 ns, Total: 100064 ns
[2025-06-13T03:44:04.225+0000][72][info ][safepoint   ] Safepoint "Cleanup", Time since last: 1000645003 ns, Reaching safepoint: 32671 ns, Cleanup: 16615 ns, At safepoint: 18565 ns, Total: 67851 ns
[2025-06-13T03:44:07.178+0000][72][info ][safepoint   ] Safepoint "Cleanup", Time since last: 2952817368 ns, Reaching safepoint: 121291 ns, Cleanup: 18180 ns, At safepoint: 56866 ns, Total: 196337 ns
[2025-06-13T03:44:08.422+0000][72][info ][safepoint   ] Safepoint "Cleanup", Time since last: 1243637488 ns, Reaching safepoint: 31647 ns, Cleanup: 25813 ns, At safepoint: 17876 ns, Total: 75336 ns
[2025-06-13T03:44:12.423+0000][72][info ][safepoint   ] Safepoint "Cleanup", Time since last: 4001096532 ns, Reaching safepoint: 75523 ns, Cleanup: 21186 ns, At safepoint: 16589 ns, Total: 113298 ns
[2025-06-13T03:44:15.425+0000][72][info ][safepoint   ] Safepoint "Cleanup", Time since last: 3001264757 ns, Reaching safepoint: 41511 ns, Cleanup: 18181 ns, At safepoint: 20313 ns, Total: 80005 ns
[2025-06-13T03:44:19.426+0000][72][info ][safepoint   ] Safepoint "Cleanup", Time since last: 4001303575 ns, Reaching safepoint: 49884 ns, Cleanup: 19806 ns, At safepoint: 19396 ns, Total: 89086 ns
[2025-06-13T03:44:22.427+0000][72][info ][safepoint   ] Safepoint "Cleanup", Time since last: 3001006039 ns, Reaching safepoint: 157436 ns, Cleanup: 14202 ns, At safepoint: 24631 ns, Total: 196269 ns
[2025-06-13T03:44:25.429+0000][72][info ][safepoint   ] Safepoint "Cleanup", Time since last: 3001433036 ns, Reaching safepoint: 268505 ns, Cleanup: 27833 ns, At safepoint: 24269 ns, Total: 320607 ns
[2025-06-13T03:44:27.430+0000][72][info ][safepoint   ] Safepoint "Cleanup", Time since last: 2000834828 ns, Reaching safepoint: 27768 ns, Cleanup: 18352 ns, At safepoint: 10612 ns, Total: 56732 ns
[2025-06-13T03:44:31.431+0000][72][info ][safepoint   ] Safepoint "Cleanup", Time since last: 4001188700 ns, Reaching safepoint: 29487 ns, Cleanup: 15674 ns, At safepoint: 15278 ns, Total: 60439 ns
[2025-06-13T03:44:33.430+0000][72][info ][safepoint   ] Safepoint "Cleanup", Time since last: 2000874421 ns, Reaching safepoint: 29668 ns, Cleanup: 14968 ns, At safepoint: 15669 ns, Total: 60305 ns
[2025-06-13T03:44:37.431+0000][72][info ][safepoint   ] Safepoint "Cleanup", Time since last: 4001304811 ns, Reaching safepoint: 29086 ns, Cleanup: 15870 ns, At safepoint: 16537 ns, Total: 61493 ns
[2025-06-13T03:44:38.432+0000][72][info ][safepoint   ] Safepoint "Cleanup", Time since last: 1000617125 ns, Reaching safepoint: 17552 ns, Cleanup: 11652 ns, At safepoint: 8057 ns, Total: 37261 ns
[2025-06-13T03:44:40.433+0000][72][info ][safepoint   ] Safepoint "Cleanup", Time since last: 2000788354 ns, Reaching safepoint: 18484 ns, Cleanup: 12003 ns, At safepoint: 7088 ns, Total: 37575 ns
[2025-06-13T03:44:42.434+0000][72][info ][safepoint   ] Safepoint "Cleanup", Time since last: 2000738183 ns, Reaching safepoint: 64122 ns, Cleanup: 16934 ns, At safepoint: 68211 ns, Total: 149267 ns
[2025-06-13T03:44:46.485+0000][72][info ][safepoint   ] Safepoint "Cleanup", Time since last: 4051666423 ns, Reaching safepoint: 31649 ns, Cleanup: 16251 ns, At safepoint: 16399 ns, Total: 64299 ns
[2025-06-13T03:44:49.487+0000][72][info ][safepoint   ] Safepoint "Cleanup", Time since last: 3001352653 ns, Reaching safepoint: 32319 ns, Cleanup: 15485 ns, At safepoint: 17892 ns, Total: 65696 ns
[2025-06-13T03:44:52.488+0000][72][info ][safepoint   ] Safepoint "Cleanup", Time since last: 3001009347 ns, Reaching safepoint: 17755 ns, Cleanup: 11745 ns, At safepoint: 7362 ns, Total: 36862 ns
[2025-06-13T03:45:07.489+0000][72][info ][safepoint   ] Safepoint "Cleanup", Time since last: 15003714612 ns, Reaching safepoint: 33933 ns, Cleanup: 17756 ns, At safepoint: 18120 ns, Total: 69809 ns
[2025-06-13T03:45:08.490+0000][72][info ][safepoint   ] Safepoint "Cleanup", Time since last: 1000845089 ns, Reaching safepoint: 31642 ns, Cleanup: 16538 ns, At safepoint: 16167 ns, Total: 64347 ns
[2025-06-13T03:45:10.195+0000][72][info ][safepoint   ] Safepoint "Cleanup", Time since last: 1705201431 ns, Reaching safepoint: 6031 ns, Cleanup: 7589 ns, At safepoint: 12993 ns, Total: 26613 ns
[2025-06-13T03:45:11.489+0000][72][info ][safepoint   ] Safepoint "Cleanup", Time since last: 1293763905 ns, Reaching safepoint: 68253 ns, Cleanup: 19870 ns, At safepoint: 28977 ns, Total: 117100 ns
[2025-06-13T03:45:12.490+0000][72][info ][safepoint   ] Safepoint "Cleanup", Time since last: 1000865943 ns, Reaching safepoint: 30024 ns, Cleanup: 18407 ns, At safepoint: 16327 ns, Total: 64758 ns
[2025-06-13T03:45:13.491+0000][72][info ][safepoint   ] Safepoint "Cleanup", Time since last: 1000666731 ns, Reaching safepoint: 30199 ns, Cleanup: 17871 ns, At safepoint: 16685 ns, Total: 64755 ns
[2025-06-13T03:45:15.492+0000][72][info ][safepoint   ] Safepoint "Cleanup", Time since last: 2000903402 ns, Reaching safepoint: 31470 ns, Cleanup: 20620 ns, At safepoint: 17198 ns, Total: 69288 ns
[2025-06-13T03:45:17.493+0000][72][info ][safepoint   ] Safepoint "Cleanup", Time since last: 2000839942 ns, Reaching safepoint: 31587 ns, Cleanup: 17214 ns, At safepoint: 15889 ns, Total: 64690 ns
[2025-06-13T03:45:22.494+0000][72][info ][safepoint   ] Safepoint "Cleanup", Time since last: 5001453801 ns, Reaching safepoint: 113437 ns, Cleanup: 17825 ns, At safepoint: 17517 ns, Total: 148779 ns
[2025-06-13T03:45:37.495+0000][72][info ][safepoint   ] Safepoint "Cleanup", Time since last: 15002891377 ns, Reaching safepoint: 74438 ns, Cleanup: 22290 ns, At safepoint: 19571 ns, Total: 116299 ns
[2025-06-13T03:45:38.496+0000][72][info ][safepoint   ] Safepoint "Cleanup", Time since last: 1001034571 ns, Reaching safepoint: 35667 ns, Cleanup: 24266 ns, At safepoint: 18051 ns, Total: 77984 ns
[2025-06-13T03:45:40.497+0000][72][info ][safepoint   ] Safepoint "Cleanup", Time since last: 2000964074 ns, Reaching safepoint: 30951 ns, Cleanup: 15264 ns, At safepoint: 15521 ns, Total: 61736 ns
[2025-06-13T03:45:50.524+0000][72][info ][safepoint   ] Safepoint "Cleanup", Time since last: 10026799476 ns, Reaching safepoint: 33636 ns, Cleanup: 16691 ns, At safepoint: 17230 ns, Total: 67557 ns
[2025-06-13T03:45:52.145+0000][72][info ][gc,start    ] GC(14) Pause Young (Normal) (G1 Evacuation Pause)
[2025-06-13T03:45:52.146+0000][72][info ][gc,task     ] GC(14) Using 10 workers of 10 for evacuation
[2025-06-13T03:45:52.146+0000][72][debug][gc,age      ] GC(14) Desired survivor size 65011712 bytes, new threshold 2 (max threshold 15)
[2025-06-13T03:45:52.458+0000][72][info ][gc,mmu      ] GC(14) MMU target violated: 201.0ms (200.0ms/201.0ms)
[2025-06-13T03:45:52.458+0000][72][info ][gc,phases   ] GC(14)   Pre Evacuate Collection Set: 4.79ms
[2025-06-13T03:45:52.459+0000][72][info ][gc,phases   ] GC(14)   Merge Heap Roots: 1.13ms
[2025-06-13T03:45:52.459+0000][72][info ][gc,phases   ] GC(14)   Evacuate Collection Set: 296.43ms
[2025-06-13T03:45:52.460+0000][72][info ][gc,phases   ] GC(14)   Post Evacuate Collection Set: 8.31ms
[2025-06-13T03:45:52.460+0000][72][info ][gc,phases   ] GC(14)   Other: 2.14ms
[2025-06-13T03:45:52.461+0000][72][trace][gc,age      ] GC(14) Age table with threshold 2 (max threshold 15)
[2025-06-13T03:45:52.461+0000][72][trace][gc,age      ] GC(14) - age   1:    3808320 bytes,    3808320 total
[2025-06-13T03:45:52.461+0000][72][trace][gc,age      ] GC(14) - age   2:   43284488 bytes,   47092808 total
[2025-06-13T03:45:52.462+0000][72][info ][gc,heap     ] GC(14) Eden regions: 221->0(202)
[2025-06-13T03:45:52.462+0000][72][info ][gc,heap     ] GC(14) Survivor regions: 25->14(31)
[2025-06-13T03:45:52.463+0000][72][info ][gc,heap     ] GC(14) Old regions: 3->15
[2025-06-13T03:45:52.463+0000][72][info ][gc,heap     ] GC(14) Humongous regions: 0->0
[2025-06-13T03:45:52.464+0000][72][info ][gc,metaspace] GC(14) Metaspace: 145744K(149888K)->145744K(149888K) NonClass: 125675K(127936K)->125675K(127936K) Class: 20069K(21952K)->20069K(21952K)
[2025-06-13T03:45:52.464+0000][72][info ][gc          ] GC(14) Pause Young (Normal) (G1 Evacuation Pause) 992M->114M(3880M) 319.461ms
[2025-06-13T03:45:52.465+0000][72][info ][gc,cpu      ] GC(14) User=1.77s Sys=0.39s Real=0.32s
[2025-06-13T03:45:52.465+0000][72][info ][safepoint   ] Safepoint "G1CollectForAllocation", Time since last: 1618680646 ns, Reaching safepoint: 29542 ns, Cleanup: 16115 ns, At safepoint: 322328244 ns, Total: 322373901 ns
[2025-06-13T03:45:53.466+0000][72][info ][safepoint   ] Safepoint "Cleanup", Time since last: 1000646637 ns, Reaching safepoint: 15185 ns, Cleanup: 13554 ns, At safepoint: 7185 ns, Total: 35924 ns
[2025-06-13T03:45:57.467+0000][72][info ][safepoint   ] Safepoint "Cleanup", Time since last: 4001165283 ns, Reaching safepoint: 46887 ns, Cleanup: 13155 ns, At safepoint: 45186 ns, Total: 105228 ns
[2025-06-13T03:46:02.467+0000][72][info ][safepoint   ] Safepoint "Cleanup", Time since last: 5001289073 ns, Reaching safepoint: 223505 ns, Cleanup: 20723 ns, At safepoint: 204532 ns, Total: 448760 ns
[2025-06-13T03:46:04.468+0000][72][info ][safepoint   ] Safepoint "Cleanup", Time since last: 2000693123 ns, Reaching safepoint: 30828 ns, Cleanup: 18503 ns, At safepoint: 130067 ns, Total: 179398 ns
[2025-06-13T03:46:05.468+0000][72][info ][safepoint   ] Safepoint "Cleanup", Time since last: 1000544575 ns, Reaching safepoint: 22711 ns, Cleanup: 13141 ns, At safepoint: 8599 ns, Total: 44451 ns
[2025-06-13T03:46:08.469+0000][72][info ][safepoint   ] Safepoint "Cleanup", Time since last: 3000766300 ns, Reaching safepoint: 185120 ns, Cleanup: 14283 ns, At safepoint: 233137 ns, Total: 432540 ns
[2025-06-13T03:46:09.470+0000][72][info ][safepoint   ] Safepoint "Cleanup", Time since last: 1000548512 ns, Reaching safepoint: 91899 ns, Cleanup: 11652 ns, At safepoint: 46980 ns, Total: 150531 ns
[2025-06-13T03:46:10.471+0000][72][info ][safepoint   ] Safepoint "Cleanup", Time since last: 1000533395 ns, Reaching safepoint: 17675 ns, Cleanup: 15258 ns, At safepoint: 7012 ns, Total: 39945 ns
[2025-06-13T03:46:13.203+0000][72][info ][safepoint   ] Safepoint "Cleanup", Time since last: 2732636108 ns, Reaching safepoint: 25874 ns, Cleanup: 17371 ns, At safepoint: 73777 ns, Total: 117022 ns
[2025-06-13T03:46:14.536+0000][72][info ][safepoint   ] Safepoint "Cleanup", Time since last: 1332529596 ns, Reaching safepoint: 30486 ns, Cleanup: 32512 ns, At safepoint: 15851 ns, Total: 78849 ns
[2025-06-13T03:46:22.538+0000][72][info ][safepoint   ] Safepoint "Cleanup", Time since last: 8002213481 ns, Reaching safepoint: 30649 ns, Cleanup: 16927 ns, At safepoint: 16229 ns, Total: 63805 ns
[2025-06-13T03:46:25.539+0000][72][info ][safepoint   ] Safepoint "Cleanup", Time since last: 3001156677 ns, Reaching safepoint: 33773 ns, Cleanup: 18425 ns, At safepoint: 16464 ns, Total: 68662 ns
[2025-06-13T03:46:32.539+0000][72][info ][safepoint   ] Safepoint "Cleanup", Time since last: 7001628916 ns, Reaching safepoint: 42793 ns, Cleanup: 18620 ns, At safepoint: 29984 ns, Total: 91397 ns
[2025-06-13T03:46:37.540+0000][72][info ][safepoint   ] Safepoint "Cleanup", Time since last: 5001676390 ns, Reaching safepoint: 18808 ns, Cleanup: 12895 ns, At safepoint: 9126 ns, Total: 40829 ns
[2025-06-13T03:46:42.542+0000][72][info ][safepoint   ] Safepoint "Cleanup", Time since last: 5001336889 ns, Reaching safepoint: 30132 ns, Cleanup: 19502 ns, At safepoint: 16053 ns, Total: 65687 ns
[2025-06-13T03:46:43.542+0000][72][info ][safepoint   ] Safepoint "Cleanup", Time since last: 1000714439 ns, Reaching safepoint: 69276 ns, Cleanup: 18491 ns, At safepoint: 32883 ns, Total: 120650 ns
[2025-06-13T03:46:46.563+0000][72][info ][safepoint   ] Safepoint "Cleanup", Time since last: 3020737609 ns, Reaching safepoint: 30311 ns, Cleanup: 14834 ns, At safepoint: 15328 ns, Total: 60473 ns
[2025-06-13T03:46:47.564+0000][72][info ][safepoint   ] Safepoint "Cleanup", Time since last: 1000717641 ns, Reaching safepoint: 25376 ns, Cleanup: 18053 ns, At safepoint: 10261 ns, Total: 53690 ns
[2025-06-13T03:46:55.566+0000][72][info ][safepoint   ] Safepoint "Cleanup", Time since last: 8001511748 ns, Reaching safepoint: 19485 ns, Cleanup: 12356 ns, At safepoint: 7600 ns, Total: 39441 ns
[2025-06-13T03:47:10.566+0000][72][info ][safepoint   ] Safepoint "Cleanup", Time since last: 15002747950 ns, Reaching safepoint: 74750 ns, Cleanup: 19463 ns, At safepoint: 18744 ns, Total: 112957 ns
[2025-06-13T03:47:12.567+0000][72][info ][safepoint   ] Safepoint "Cleanup", Time since last: 2000952006 ns, Reaching safepoint: 21565 ns, Cleanup: 14750 ns, At safepoint: 8509 ns, Total: 44824 ns
[2025-06-13T03:47:16.192+0000][72][info ][safepoint   ] Safepoint "Cleanup", Time since last: 3624596737 ns, Reaching safepoint: 17165 ns, Cleanup: 25128 ns, At safepoint: 99480 ns, Total: 141773 ns
[2025-06-13T03:47:17.581+0000][72][info ][safepoint   ] Safepoint "Cleanup", Time since last: 1388557789 ns, Reaching safepoint: 30779 ns, Cleanup: 16415 ns, At safepoint: 16893 ns, Total: 64087 ns
[2025-06-13T03:47:24.582+0000][72][info ][safepoint   ] Safepoint "Cleanup", Time since last: 7001510328 ns, Reaching safepoint: 31524 ns, Cleanup: 15224 ns, At safepoint: 10190 ns, Total: 56938 ns
[2025-06-13T03:47:27.583+0000][72][info ][safepoint   ] Safepoint "Cleanup", Time since last: 3000911257 ns, Reaching safepoint: 18418 ns, Cleanup: 12419 ns, At safepoint: 7109 ns, Total: 37946 ns
[2025-06-13T03:47:28.584+0000][72][info ][safepoint   ] Safepoint "Cleanup", Time since last: 1000696399 ns, Reaching safepoint: 97317 ns, Cleanup: 17594 ns, At safepoint: 19666 ns, Total: 134577 ns
[2025-06-13T03:47:37.584+0000][72][info ][safepoint   ] Safepoint "Cleanup", Time since last: 9002178235 ns, Reaching safepoint: 70373 ns, Cleanup: 18071 ns, At safepoint: 16513 ns, Total: 104957 ns
[2025-06-13T03:47:38.585+0000][72][info ][safepoint   ] Safepoint "Cleanup", Time since last: 1000965645 ns, Reaching safepoint: 32548 ns, Cleanup: 19613 ns, At safepoint: 16620 ns, Total: 68781 ns
[2025-06-13T03:47:42.586+0000][72][info ][safepoint   ] Safepoint "Cleanup", Time since last: 4001290215 ns, Reaching safepoint: 131792 ns, Cleanup: 18438 ns, At safepoint: 21583 ns, Total: 171813 ns
[2025-06-13T03:47:47.598+0000][72][info ][safepoint   ] Safepoint "Cleanup", Time since last: 5011165794 ns, Reaching safepoint: 46942 ns, Cleanup: 13176 ns, At safepoint: 8828 ns, Total: 68946 ns
[2025-06-13T03:47:48.598+0000][72][info ][safepoint   ] Safepoint "Cleanup", Time since last: 1000643139 ns, Reaching safepoint: 18717 ns, Cleanup: 12870 ns, At safepoint: 8041 ns, Total: 39628 ns
[2025-06-13T03:47:52.599+0000][72][info ][safepoint   ] Safepoint "Cleanup", Time since last: 4001120456 ns, Reaching safepoint: 29378 ns, Cleanup: 19611 ns, At safepoint: 15595 ns, Total: 64584 ns
[2025-06-13T03:48:02.599+0000][72][info ][safepoint   ] Safepoint "Cleanup", Time since last: 10002203214 ns, Reaching safepoint: 65275 ns, Cleanup: 17317 ns, At safepoint: 10944 ns, Total: 93536 ns
[2025-06-13T03:48:07.601+0000][72][info ][safepoint   ] Safepoint "Cleanup", Time since last: 5001293971 ns, Reaching safepoint: 18107 ns, Cleanup: 13370 ns, At safepoint: 8386 ns, Total: 39863 ns
[2025-06-13T03:48:08.602+0000][72][info ][safepoint   ] Safepoint "Cleanup", Time since last: 1000789701 ns, Reaching safepoint: 28546 ns, Cleanup: 17733 ns, At safepoint: 15679 ns, Total: 61958 ns
[2025-06-13T03:48:09.602+0000][72][info ][safepoint   ] Safepoint "Cleanup", Time since last: 1000849984 ns, Reaching safepoint: 24340 ns, Cleanup: 16219 ns, At safepoint: 8374 ns, Total: 48933 ns
[2025-06-13T03:48:10.603+0000][72][info ][safepoint   ] Safepoint "Cleanup", Time since last: 1000638632 ns, Reaching safepoint: 28838 ns, Cleanup: 14997 ns, At safepoint: 11968 ns, Total: 55803 ns
[2025-06-13T03:48:12.604+0000][72][info ][safepoint   ] Safepoint "Cleanup", Time since last: 2000880509 ns, Reaching safepoint: 30885 ns, Cleanup: 23946 ns, At safepoint: 16727 ns, Total: 71558 ns
[2025-06-13T03:48:18.606+0000][72][info ][safepoint   ] Safepoint "Cleanup", Time since last: 6001192658 ns, Reaching safepoint: 147417 ns, Cleanup: 20932 ns, At safepoint: 106859 ns, Total: 275208 ns
[2025-06-13T03:48:19.609+0000][72][info ][safepoint   ] Safepoint "Cleanup", Time since last: 1003305723 ns, Reaching safepoint: 6041 ns, Cleanup: 11873 ns, At safepoint: 12600 ns, Total: 30514 ns
[2025-06-13T03:48:20.627+0000][72][info ][safepoint   ] Safepoint "Cleanup", Time since last: 1018339910 ns, Reaching safepoint: 30670 ns, Cleanup: 15963 ns, At safepoint: 16945 ns, Total: 63578 ns
[2025-06-13T03:48:22.628+0000][72][info ][safepoint   ] Safepoint "Cleanup", Time since last: 2000813683 ns, Reaching safepoint: 31942 ns, Cleanup: 17339 ns, At safepoint: 16694 ns, Total: 65975 ns
[2025-06-13T03:48:24.629+0000][72][info ][safepoint   ] Safepoint "Cleanup", Time since last: 2000908232 ns, Reaching safepoint: 16929 ns, Cleanup: 17175 ns, At safepoint: 7471 ns, Total: 41575 ns
[2025-06-13T03:48:25.630+0000][72][info ][safepoint   ] Safepoint "Cleanup", Time since last: 1001317382 ns, Reaching safepoint: 21547 ns, Cleanup: 12242 ns, At safepoint: 8326 ns, Total: 42115 ns
[2025-06-13T03:48:27.631+0000][72][info ][safepoint   ] Safepoint "Cleanup", Time since last: 2000836863 ns, Reaching safepoint: 24619 ns, Cleanup: 14232 ns, At safepoint: 10875 ns, Total: 49726 ns
[2025-06-13T03:48:28.632+0000][72][info ][safepoint   ] Safepoint "Cleanup", Time since last: 1000703910 ns, Reaching safepoint: 23470 ns, Cleanup: 9441 ns, At safepoint: 33305 ns, Total: 66216 ns
[2025-06-13T03:48:32.632+0000][72][info ][safepoint   ] Safepoint "Cleanup", Time since last: 4001902723 ns, Reaching safepoint: 71541 ns, Cleanup: 26653 ns, At safepoint: 19007 ns, Total: 117201 ns
[2025-06-13T03:48:34.169+0000][72][info ][safepoint   ] Safepoint "Cleanup", Time since last: 1537301708 ns, Reaching safepoint: 14800 ns, Cleanup: 11708 ns, At safepoint: 20737 ns, Total: 47245 ns
[2025-06-13T03:48:35.651+0000][72][info ][safepoint   ] Safepoint "Cleanup", Time since last: 1482289008 ns, Reaching safepoint: 31465 ns, Cleanup: 22443 ns, At safepoint: 16516 ns, Total: 70424 ns
[2025-06-13T03:48:36.697+0000][72][info ][safepoint   ] Safepoint "Cleanup", Time since last: 1045609259 ns, Reaching safepoint: 35093 ns, Cleanup: 18353 ns, At safepoint: 18483 ns, Total: 71929 ns
[2025-06-13T03:48:38.698+0000][72][info ][safepoint   ] Safepoint "Cleanup", Time since last: 2000888250 ns, Reaching safepoint: 34005 ns, Cleanup: 16995 ns, At safepoint: 17337 ns, Total: 68337 ns
[2025-06-13T03:48:49.638+0000][72][info ][safepoint   ] Safepoint "Cleanup", Time since last: 10939721903 ns, Reaching safepoint: 75703 ns, Cleanup: 16959 ns, At safepoint: 17753 ns, Total: 110415 ns
[2025-06-13T03:48:52.640+0000][72][info ][safepoint   ] Safepoint "Cleanup", Time since last: 3002399645 ns, Reaching safepoint: 30878 ns, Cleanup: 19667 ns, At safepoint: 16625 ns, Total: 67170 ns
[2025-06-13T03:49:02.194+0000][72][info ][safepoint   ] Safepoint "Cleanup", Time since last: 9555923581 ns, Reaching safepoint: 154839 ns, Cleanup: 13215 ns, At safepoint: 54691 ns, Total: 222745 ns
[2025-06-13T03:49:03.249+0000][72][info ][safepoint   ] Safepoint "Cleanup", Time since last: 1054108468 ns, Reaching safepoint: 29096 ns, Cleanup: 19904 ns, At safepoint: 15036 ns, Total: 64036 ns
[2025-06-13T03:49:22.179+0000][72][info ][safepoint   ] Safepoint "Cleanup", Time since last: 18930437370 ns, Reaching safepoint: 5945 ns, Cleanup: 7154 ns, At safepoint: 2656 ns, Total: 15755 ns
[2025-06-13T03:49:23.739+0000][72][info ][safepoint   ] Safepoint "Cleanup", Time since last: 1559396545 ns, Reaching safepoint: 26397 ns, Cleanup: 50688 ns, At safepoint: 80848 ns, Total: 157933 ns
[2025-06-13T03:49:24.744+0000][72][info ][safepoint   ] Safepoint "Cleanup", Time since last: 1005101508 ns, Reaching safepoint: 30136 ns, Cleanup: 14858 ns, At safepoint: 15693 ns, Total: 60687 ns
[2025-06-13T03:49:27.745+0000][72][info ][safepoint   ] Safepoint "Cleanup", Time since last: 3001063627 ns, Reaching safepoint: 31166 ns, Cleanup: 16643 ns, At safepoint: 16168 ns, Total: 63977 ns
[2025-06-13T03:49:28.746+0000][72][info ][safepoint   ] Safepoint "Cleanup", Time since last: 1000731057 ns, Reaching safepoint: 23758 ns, Cleanup: 15445 ns, At safepoint: 11478 ns, Total: 50681 ns
[2025-06-13T03:49:29.746+0000][72][info ][safepoint   ] Safepoint "Cleanup", Time since last: 1000736077 ns, Reaching safepoint: 18636 ns, Cleanup: 16300 ns, At safepoint: 8271 ns, Total: 43207 ns
[2025-06-13T03:49:31.747+0000][72][info ][safepoint   ] Safepoint "Cleanup", Time since last: 2000969150 ns, Reaching safepoint: 27883 ns, Cleanup: 14893 ns, At safepoint: 14779 ns, Total: 57555 ns
[2025-06-13T03:49:40.748+0000][72][info ][safepoint   ] Safepoint "Cleanup", Time since last: 9002248489 ns, Reaching safepoint: 54256 ns, Cleanup: 14329 ns, At safepoint: 10700 ns, Total: 79285 ns
[2025-06-13T03:49:52.676+0000][72][info ][safepoint   ] Safepoint "Cleanup", Time since last: 11928304244 ns, Reaching safepoint: 134567 ns, Cleanup: 20397 ns, At safepoint: 34873 ns, Total: 189837 ns
[2025-06-13T03:50:24.679+0000][72][info ][safepoint   ] Safepoint "Cleanup", Time since last: 32005703916 ns, Reaching safepoint: 133891 ns, Cleanup: 15108 ns, At safepoint: 9540 ns, Total: 158539 ns
[2025-06-13T03:50:25.771+0000][72][info ][safepoint   ] Safepoint "Cleanup", Time since last: 1091839958 ns, Reaching safepoint: 14672 ns, Cleanup: 32295 ns, At safepoint: 88586 ns, Total: 135553 ns
[2025-06-13T03:50:26.781+0000][72][info ][safepoint   ] Safepoint "Cleanup", Time since last: 1009998885 ns, Reaching safepoint: 30179 ns, Cleanup: 22644 ns, At safepoint: 15465 ns, Total: 68288 ns
[2025-06-13T03:50:32.781+0000][72][info ][safepoint   ] Safepoint "Cleanup", Time since last: 6001592043 ns, Reaching safepoint: 32901 ns, Cleanup: 19681 ns, At safepoint: 17352 ns, Total: 69934 ns
[2025-06-13T03:50:37.782+0000][72][info ][safepoint   ] Safepoint "Cleanup", Time since last: 5001730420 ns, Reaching safepoint: 77725 ns, Cleanup: 21095 ns, At safepoint: 17655 ns, Total: 116475 ns
[2025-06-13T03:50:40.784+0000][72][info ][safepoint   ] Safepoint "Cleanup", Time since last: 3001186240 ns, Reaching safepoint: 25782 ns, Cleanup: 15931 ns, At safepoint: 8964 ns, Total: 50677 ns
[2025-06-13T03:50:43.809+0000][72][info ][safepoint   ] Safepoint "Cleanup", Time since last: 3025791749 ns, Reaching safepoint: 32376 ns, Cleanup: 16597 ns, At safepoint: 16162 ns, Total: 65135 ns
[2025-06-13T03:50:52.713+0000][72][info ][safepoint   ] Safepoint "Cleanup", Time since last: 8903290684 ns, Reaching safepoint: 106659 ns, Cleanup: 16554 ns, At safepoint: 10263 ns, Total: 133476 ns
[2025-06-13T03:50:58.715+0000][72][info ][safepoint   ] Safepoint "Cleanup", Time since last: 6001497850 ns, Reaching safepoint: 116076 ns, Cleanup: 19053 ns, At safepoint: 25059 ns, Total: 160188 ns
[2025-06-13T03:51:02.714+0000][72][info ][safepoint   ] Safepoint "Cleanup", Time since last: 4001084692 ns, Reaching safepoint: 18924 ns, Cleanup: 13426 ns, At safepoint: 8445 ns, Total: 40795 ns
[2025-06-13T03:51:07.715+0000][72][info ][safepoint   ] Safepoint "Cleanup", Time since last: 5001482755 ns, Reaching safepoint: 73219 ns, Cleanup: 16688 ns, At safepoint: 16623 ns, Total: 106530 ns
[2025-06-13T03:51:22.719+0000][72][info ][safepoint   ] Safepoint "Cleanup", Time since last: 15003379097 ns, Reaching safepoint: 158558 ns, Cleanup: 21071 ns, At safepoint: 28303 ns, Total: 207932 ns
[2025-06-13T03:51:24.720+0000][72][info ][safepoint   ] Safepoint "Cleanup", Time since last: 2001057116 ns, Reaching safepoint: 31501 ns, Cleanup: 16892 ns, At safepoint: 18297 ns, Total: 66690 ns
[2025-06-13T03:51:28.178+0000][72][info ][safepoint   ] Safepoint "Cleanup", Time since last: 3457784913 ns, Reaching safepoint: 5542 ns, Cleanup: 8060 ns, At safepoint: 14939 ns, Total: 28541 ns
[2025-06-13T03:51:29.842+0000][72][info ][safepoint   ] Safepoint "Cleanup", Time since last: 1663826031 ns, Reaching safepoint: 32542 ns, Cleanup: 27260 ns, At safepoint: 202525 ns, Total: 262327 ns
[2025-06-13T03:51:30.843+0000][72][info ][safepoint   ] Safepoint "Cleanup", Time since last: 1000751847 ns, Reaching safepoint: 25562 ns, Cleanup: 15501 ns, At safepoint: 9587 ns, Total: 50650 ns
[2025-06-13T03:51:32.840+0000][72][info ][safepoint   ] Safepoint "Cleanup", Time since last: 2000762943 ns, Reaching safepoint: 31582 ns, Cleanup: 16133 ns, At safepoint: 15980 ns, Total: 63695 ns
[2025-06-13T03:51:38.842+0000][72][info ][safepoint   ] Safepoint "Cleanup", Time since last: 6001601154 ns, Reaching safepoint: 72964 ns, Cleanup: 15790 ns, At safepoint: 18207 ns, Total: 106961 ns
[2025-06-13T03:51:43.844+0000][72][info ][safepoint   ] Safepoint "Cleanup", Time since last: 5001425802 ns, Reaching safepoint: 27974 ns, Cleanup: 15719 ns, At safepoint: 11999 ns, Total: 55692 ns
[2025-06-13T03:51:46.751+0000][72][info ][safepoint   ] Safepoint "Cleanup", Time since last: 2906889083 ns, Reaching safepoint: 29251 ns, Cleanup: 19673 ns, At safepoint: 16205 ns, Total: 65129 ns
[2025-06-13T03:51:47.751+0000][72][info ][safepoint   ] Safepoint "Cleanup", Time since last: 1000684872 ns, Reaching safepoint: 28942 ns, Cleanup: 17730 ns, At safepoint: 15618 ns, Total: 62290 ns
[2025-06-13T03:51:52.753+0000][72][info ][safepoint   ] Safepoint "Cleanup", Time since last: 5001697011 ns, Reaching safepoint: 63542 ns, Cleanup: 17132 ns, At safepoint: 31097 ns, Total: 111771 ns
[2025-06-13T03:51:54.754+0000][72][info ][safepoint   ] Safepoint "Cleanup", Time since last: 2001305900 ns, Reaching safepoint: 30623 ns, Cleanup: 15855 ns, At safepoint: 17030 ns, Total: 63508 ns
[2025-06-13T03:51:55.755+0000][72][info ][safepoint   ] Safepoint "Cleanup", Time since last: 1000901415 ns, Reaching safepoint: 31603 ns, Cleanup: 17115 ns, At safepoint: 15946 ns, Total: 64664 ns
[2025-06-13T03:52:07.756+0000][72][info ][safepoint   ] Safepoint "Cleanup", Time since last: 12002623262 ns, Reaching safepoint: 70296 ns, Cleanup: 18952 ns, At safepoint: 17691 ns, Total: 106939 ns
[2025-06-13T03:52:17.759+0000][72][info ][safepoint   ] Safepoint "Cleanup", Time since last: 10002664786 ns, Reaching safepoint: 34092 ns, Cleanup: 16295 ns, At safepoint: 17464 ns, Total: 67851 ns
[2025-06-13T03:52:24.761+0000][72][info ][safepoint   ] Safepoint "Cleanup", Time since last: 7002281528 ns, Reaching safepoint: 72836 ns, Cleanup: 30231 ns, At safepoint: 20626 ns, Total: 123693 ns
[2025-06-13T03:52:27.763+0000][72][info ][safepoint   ] Safepoint "Cleanup", Time since last: 3001336876 ns, Reaching safepoint: 20569 ns, Cleanup: 14015 ns, At safepoint: 7873 ns, Total: 42457 ns
[2025-06-13T03:52:31.190+0000][72][info ][safepoint   ] Safepoint "Cleanup", Time since last: 3426796802 ns, Reaching safepoint: 6259 ns, Cleanup: 13740 ns, At safepoint: 13177 ns, Total: 33176 ns
[2025-06-13T03:52:32.881+0000][72][info ][safepoint   ] Safepoint "Cleanup", Time since last: 1693451549 ns, Reaching safepoint: 29202 ns, Cleanup: 30732 ns, At safepoint: 16481 ns, Total: 76415 ns
[2025-06-13T03:52:37.883+0000][72][info ][safepoint   ] Safepoint "Cleanup", Time since last: 5001621392 ns, Reaching safepoint: 65235 ns, Cleanup: 19762 ns, At safepoint: 16612 ns, Total: 101609 ns
[2025-06-13T03:52:39.883+0000][72][info ][safepoint   ] Safepoint "Cleanup", Time since last: 2000916239 ns, Reaching safepoint: 32051 ns, Cleanup: 14770 ns, At safepoint: 15869 ns, Total: 62690 ns
[2025-06-13T03:52:43.885+0000][72][info ][safepoint   ] Safepoint "Cleanup", Time since last: 4001294652 ns, Reaching safepoint: 30281 ns, Cleanup: 15471 ns, At safepoint: 15653 ns, Total: 61405 ns
[2025-06-13T03:52:48.793+0000][72][info ][safepoint   ] Safepoint "Cleanup", Time since last: 4907647806 ns, Reaching safepoint: 29840 ns, Cleanup: 15412 ns, At safepoint: 15935 ns, Total: 61187 ns
[2025-06-13T03:52:49.794+0000][72][info ][safepoint   ] Safepoint "Cleanup", Time since last: 1000963792 ns, Reaching safepoint: 29193 ns, Cleanup: 15957 ns, At safepoint: 15726 ns, Total: 60876 ns
[2025-06-13T03:52:54.795+0000][72][info ][safepoint   ] Safepoint "Cleanup", Time since last: 5001629866 ns, Reaching safepoint: 91421 ns, Cleanup: 23674 ns, At safepoint: 19960 ns, Total: 135055 ns
[2025-06-13T03:53:07.796+0000][72][info ][safepoint   ] Safepoint "Cleanup", Time since last: 13003046984 ns, Reaching safepoint: 63529 ns, Cleanup: 17396 ns, At safepoint: 15608 ns, Total: 96533 ns
[2025-06-13T03:53:10.797+0000][72][info ][safepoint   ] Safepoint "Cleanup", Time since last: 3001296221 ns, Reaching safepoint: 31227 ns, Cleanup: 19463 ns, At safepoint: 15873 ns, Total: 66563 ns
[2025-06-13T03:53:11.798+0000][72][info ][safepoint   ] Safepoint "Cleanup", Time since last: 1000678157 ns, Reaching safepoint: 30714 ns, Cleanup: 14044 ns, At safepoint: 17065 ns, Total: 61823 ns
[2025-06-13T03:53:16.800+0000][72][info ][safepoint   ] Safepoint "Cleanup", Time since last: 5001576899 ns, Reaching safepoint: 32854 ns, Cleanup: 17491 ns, At safepoint: 18076 ns, Total: 68421 ns
[2025-06-13T03:53:22.801+0000][72][info ][safepoint   ] Safepoint "Cleanup", Time since last: 6001667404 ns, Reaching safepoint: 69163 ns, Cleanup: 15565 ns, At safepoint: 30970 ns, Total: 115698 ns
[2025-06-13T03:53:24.803+0000][72][info ][safepoint   ] Safepoint "Cleanup", Time since last: 2001154945 ns, Reaching safepoint: 32933 ns, Cleanup: 23295 ns, At safepoint: 18617 ns, Total: 74845 ns
[2025-06-13T03:53:34.173+0000][72][info ][safepoint   ] Safepoint "Cleanup", Time since last: 9372695791 ns, Reaching safepoint: 25257 ns, Cleanup: 15243 ns, At safepoint: 74132 ns, Total: 114632 ns
[2025-06-13T03:53:35.935+0000][72][info ][safepoint   ] Safepoint "Cleanup", Time since last: 1761648753 ns, Reaching safepoint: 30780 ns, Cleanup: 29959 ns, At safepoint: 16647 ns, Total: 77386 ns
[2025-06-13T03:53:37.187+0000][72][info ][safepoint   ] Safepoint "Cleanup", Time since last: 1252392283 ns, Reaching safepoint: 87158 ns, Cleanup: 11930 ns, At safepoint: 29306 ns, Total: 128394 ns
[2025-06-13T03:53:38.954+0000][72][info ][safepoint   ] Safepoint "Cleanup", Time since last: 1766387095 ns, Reaching safepoint: 78236 ns, Cleanup: 123919 ns, At safepoint: 101232 ns, Total: 303387 ns
[2025-06-13T03:53:40.005+0000][72][info ][safepoint   ] Safepoint "Cleanup", Time since last: 1050415557 ns, Reaching safepoint: 85392 ns, Cleanup: 26499 ns, At safepoint: 41030 ns, Total: 152921 ns
[2025-06-13T03:53:41.006+0000][72][info ][safepoint   ] Safepoint "Cleanup", Time since last: 1001343372 ns, Reaching safepoint: 34699 ns, Cleanup: 17958 ns, At safepoint: 17111 ns, Total: 69768 ns
[2025-06-13T03:53:52.833+0000][72][info ][safepoint   ] Safepoint "Cleanup", Time since last: 11826830175 ns, Reaching safepoint: 30591 ns, Cleanup: 19051 ns, At safepoint: 16303 ns, Total: 65945 ns
[2025-06-13T03:53:57.835+0000][72][info ][safepoint   ] Safepoint "Cleanup", Time since last: 5001534978 ns, Reaching safepoint: 81931 ns, Cleanup: 15495 ns, At safepoint: 10917 ns, Total: 108343 ns
[2025-06-13T03:54:01.834+0000][72][info ][safepoint   ] Safepoint "Cleanup", Time since last: 4001545275 ns, Reaching safepoint: 33811 ns, Cleanup: 18334 ns, At safepoint: 17096 ns, Total: 69241 ns
[2025-06-13T03:54:03.472+0000][72][info ][safepoint   ] Safepoint "Cleanup", Time since last: 1637472793 ns, Reaching safepoint: 30099 ns, Cleanup: 17692 ns, At safepoint: 15195 ns, Total: 62986 ns
[2025-06-13T03:54:04.473+0000][72][info ][safepoint   ] Safepoint "Cleanup", Time since last: 1000708348 ns, Reaching safepoint: 19284 ns, Cleanup: 12517 ns, At safepoint: 8736 ns, Total: 40537 ns
[2025-06-13T03:54:07.473+0000][72][info ][safepoint   ] Safepoint "Cleanup", Time since last: 3000862557 ns, Reaching safepoint: 26152 ns, Cleanup: 18336 ns, At safepoint: 10059 ns, Total: 54547 ns
[2025-06-13T03:54:12.476+0000][72][info ][safepoint   ] Safepoint "Cleanup", Time since last: 5002148422 ns, Reaching safepoint: 63066 ns, Cleanup: 14806 ns, At safepoint: 15409 ns, Total: 93281 ns
[2025-06-13T03:54:13.477+0000][72][info ][safepoint   ] Safepoint "Cleanup", Time since last: 1000906816 ns, Reaching safepoint: 32810 ns, Cleanup: 15595 ns, At safepoint: 15754 ns, Total: 64159 ns
[2025-06-13T03:54:25.479+0000][72][info ][safepoint   ] Safepoint "Cleanup", Time since last: 12002510155 ns, Reaching safepoint: 67433 ns, Cleanup: 16154 ns, At safepoint: 15959 ns, Total: 99546 ns
[2025-06-13T03:54:27.480+0000][72][info ][safepoint   ] Safepoint "Cleanup", Time since last: 2000939460 ns, Reaching safepoint: 32592 ns, Cleanup: 21233 ns, At safepoint: 19125 ns, Total: 72950 ns
[2025-06-13T03:54:37.180+0000][72][info ][safepoint   ] Safepoint "Cleanup", Time since last: 9701764096 ns, Reaching safepoint: 88815 ns, Cleanup: 10446 ns, At safepoint: 39103 ns, Total: 138364 ns
[2025-06-13T03:54:39.055+0000][72][info ][safepoint   ] Safepoint "Cleanup", Time since last: 1875021382 ns, Reaching safepoint: 6626 ns, Cleanup: 34302 ns, At safepoint: 14431 ns, Total: 55359 ns
[2025-06-13T03:54:41.062+0000][72][info ][safepoint   ] Safepoint "Cleanup", Time since last: 2007159787 ns, Reaching safepoint: 66388 ns, Cleanup: 17740 ns, At safepoint: 14677 ns, Total: 98805 ns
[2025-06-13T03:54:46.865+0000][72][info ][safepoint   ] Safepoint "Cleanup", Time since last: 5803281386 ns, Reaching safepoint: 24948 ns, Cleanup: 15550 ns, At safepoint: 10454 ns, Total: 50952 ns
[2025-06-13T03:54:49.866+0000][72][info ][safepoint   ] Safepoint "Cleanup", Time since last: 3001085018 ns, Reaching safepoint: 26896 ns, Cleanup: 16395 ns, At safepoint: 12327 ns, Total: 55618 ns
[2025-06-13T03:54:51.867+0000][72][info ][safepoint   ] Safepoint "Cleanup", Time since last: 2000895838 ns, Reaching safepoint: 16492 ns, Cleanup: 11518 ns, At safepoint: 7429 ns, Total: 35439 ns
[2025-06-13T03:54:52.868+0000][72][info ][safepoint   ] Safepoint "Cleanup", Time since last: 1000783055 ns, Reaching safepoint: 30389 ns, Cleanup: 16906 ns, At safepoint: 18468 ns, Total: 65763 ns
[2025-06-13T03:54:58.870+0000][72][info ][safepoint   ] Safepoint "Cleanup", Time since last: 6001752841 ns, Reaching safepoint: 73282 ns, Cleanup: 18249 ns, At safepoint: 17541 ns, Total: 109072 ns
[2025-06-13T03:55:02.869+0000][72][info ][safepoint   ] Safepoint "Cleanup", Time since last: 4001624505 ns, Reaching safepoint: 28631 ns, Cleanup: 19743 ns, At safepoint: 16072 ns, Total: 64446 ns
[2025-06-13T03:55:12.872+0000][72][info ][safepoint   ] Safepoint "Cleanup", Time since last: 10002562238 ns, Reaching safepoint: 126016 ns, Cleanup: 16255 ns, At safepoint: 17632 ns, Total: 159903 ns
[2025-06-13T03:55:17.873+0000][72][info ][safepoint   ] Safepoint "Cleanup", Time since last: 5001194218 ns, Reaching safepoint: 27113 ns, Cleanup: 15443 ns, At safepoint: 9832 ns, Total: 52388 ns
[2025-06-13T03:55:21.874+0000][72][info ][safepoint   ] Safepoint "Cleanup", Time since last: 4001206239 ns, Reaching safepoint: 34802 ns, Cleanup: 70849 ns, At safepoint: 23591 ns, Total: 129242 ns
[2025-06-13T03:55:24.876+0000][72][info ][safepoint   ] Safepoint "Cleanup", Time since last: 3002003647 ns, Reaching safepoint: 32074 ns, Cleanup: 17950 ns, At safepoint: 18310 ns, Total: 68334 ns
[2025-06-13T03:55:31.876+0000][72][info ][safepoint   ] Safepoint "Cleanup", Time since last: 7002129346 ns, Reaching safepoint: 30576 ns, Cleanup: 20719 ns, At safepoint: 16559 ns, Total: 67854 ns
[2025-06-13T03:55:40.162+0000][72][info ][safepoint   ] Safepoint "Cleanup", Time since last: 8285509513 ns, Reaching safepoint: 108285 ns, Cleanup: 11572 ns, At safepoint: 48188 ns, Total: 168045 ns
[2025-06-13T03:55:42.088+0000][72][info ][safepoint   ] Safepoint "Cleanup", Time since last: 1925696658 ns, Reaching safepoint: 73267 ns, Cleanup: 23103 ns, At safepoint: 18323 ns, Total: 114693 ns
[2025-06-13T03:55:43.089+0000][72][info ][safepoint   ] Safepoint "Cleanup", Time since last: 1000731099 ns, Reaching safepoint: 28240 ns, Cleanup: 16302 ns, At safepoint: 16208 ns, Total: 60750 ns
[2025-06-13T03:55:55.902+0000][72][info ][safepoint   ] Safepoint "Cleanup", Time since last: 12813199770 ns, Reaching safepoint: 32841 ns, Cleanup: 17686 ns, At safepoint: 17036 ns, Total: 67563 ns
[2025-06-13T03:56:14.904+0000][72][info ][safepoint   ] Safepoint "Cleanup", Time since last: 19004771158 ns, Reaching safepoint: 35079 ns, Cleanup: 18116 ns, At safepoint: 18205 ns, Total: 71400 ns
[2025-06-13T03:56:24.907+0000][72][info ][safepoint   ] Safepoint "Cleanup", Time since last: 10002811422 ns, Reaching safepoint: 80757 ns, Cleanup: 22364 ns, At safepoint: 21181 ns, Total: 124302 ns
[2025-06-13T03:56:25.908+0000][72][info ][safepoint   ] Safepoint "Cleanup", Time since last: 1000800408 ns, Reaching safepoint: 29987 ns, Cleanup: 15621 ns, At safepoint: 16083 ns, Total: 61691 ns
[2025-06-13T03:56:27.909+0000][72][info ][safepoint   ] Safepoint "Cleanup", Time since last: 2001034639 ns, Reaching safepoint: 70125 ns, Cleanup: 16265 ns, At safepoint: 31708 ns, Total: 118098 ns
[2025-06-13T03:56:31.908+0000][72][info ][safepoint   ] Safepoint "Cleanup", Time since last: 4001129434 ns, Reaching safepoint: 21885 ns, Cleanup: 18275 ns, At safepoint: 8175 ns, Total: 48335 ns
[2025-06-13T03:56:39.911+0000][72][info ][safepoint   ] Safepoint "Cleanup", Time since last: 8002229885 ns, Reaching safepoint: 29283 ns, Cleanup: 15046 ns, At safepoint: 15414 ns, Total: 59743 ns
[2025-06-13T03:56:40.912+0000][72][info ][safepoint   ] Safepoint "Cleanup", Time since last: 1000818772 ns, Reaching safepoint: 32352 ns, Cleanup: 21737 ns, At safepoint: 18133 ns, Total: 72222 ns
[2025-06-13T03:56:43.192+0000][72][info ][safepoint   ] Safepoint "Cleanup", Time since last: 2280340799 ns, Reaching safepoint: 16910 ns, Cleanup: 15993 ns, At safepoint: 72502 ns, Total: 105405 ns
[2025-06-13T03:56:44.941+0000][72][info ][safepoint   ] Safepoint "Cleanup", Time since last: 1749175377 ns, Reaching safepoint: 12373 ns, Cleanup: 26925 ns, At safepoint: 12292 ns, Total: 51590 ns
[2025-06-13T03:56:55.944+0000][72][info ][safepoint   ] Safepoint "Cleanup", Time since last: 11002700954 ns, Reaching safepoint: 20948 ns, Cleanup: 13241 ns, At safepoint: 7734 ns, Total: 41923 ns
[2025-06-13T03:57:16.946+0000][72][info ][safepoint   ] Safepoint "Cleanup", Time since last: 21004497354 ns, Reaching safepoint: 54880 ns, Cleanup: 16020 ns, At safepoint: 12627 ns, Total: 83527 ns
[2025-06-13T03:57:24.948+0000][72][info ][safepoint   ] Safepoint "Cleanup", Time since last: 8001769453 ns, Reaching safepoint: 32036 ns, Cleanup: 18196 ns, At safepoint: 17099 ns, Total: 67331 ns
[2025-06-13T03:57:27.949+0000][72][info ][safepoint   ] Safepoint "Cleanup", Time since last: 3001282810 ns, Reaching safepoint: 35318 ns, Cleanup: 15875 ns, At safepoint: 108299 ns, Total: 159492 ns
[2025-06-13T03:57:32.948+0000][72][info ][safepoint   ] Safepoint "Cleanup", Time since last: 5001472388 ns, Reaching safepoint: 70116 ns, Cleanup: 17790 ns, At safepoint: 17987 ns, Total: 105893 ns
[2025-06-13T03:57:46.170+0000][72][info ][safepoint   ] Safepoint "Cleanup", Time since last: 13221108540 ns, Reaching safepoint: 161246 ns, Cleanup: 10356 ns, At safepoint: 35071 ns, Total: 206673 ns
[2025-06-13T03:57:47.215+0000][72][info ][safepoint   ] Safepoint "Cleanup", Time since last: 1044924983 ns, Reaching safepoint: 198228 ns, Cleanup: 21005 ns, At safepoint: 86267 ns, Total: 305500 ns
[2025-06-13T03:57:48.241+0000][72][info ][safepoint   ] Safepoint "Cleanup", Time since last: 1025724146 ns, Reaching safepoint: 25484 ns, Cleanup: 13941 ns, At safepoint: 11208 ns, Total: 50633 ns
[2025-06-13T03:57:49.242+0000][72][info ][safepoint   ] Safepoint "Cleanup", Time since last: 1000794988 ns, Reaching safepoint: 172225 ns, Cleanup: 15186 ns, At safepoint: 106049 ns, Total: 293460 ns
[2025-06-13T03:57:52.243+0000][72][info ][safepoint   ] Safepoint "Cleanup", Time since last: 3001465930 ns, Reaching safepoint: 19987 ns, Cleanup: 8464 ns, At safepoint: 24734 ns, Total: 53185 ns
[2025-06-13T03:57:55.244+0000][72][info ][safepoint   ] Safepoint "Cleanup", Time since last: 3001043841 ns, Reaching safepoint: 29915 ns, Cleanup: 16391 ns, At safepoint: 14753 ns, Total: 61059 ns
[2025-06-13T03:58:08.245+0000][72][info ][safepoint   ] Safepoint "Cleanup", Time since last: 13002882310 ns, Reaching safepoint: 31246 ns, Cleanup: 21110 ns, At safepoint: 16504 ns, Total: 68860 ns
[2025-06-13T03:58:19.248+0000][72][info ][safepoint   ] Safepoint "Cleanup", Time since last: 11002704153 ns, Reaching safepoint: 70680 ns, Cleanup: 16782 ns, At safepoint: 18321 ns, Total: 105783 ns
[2025-06-13T03:58:25.249+0000][72][info ][safepoint   ] Safepoint "Cleanup", Time since last: 6001615376 ns, Reaching safepoint: 21993 ns, Cleanup: 20298 ns, At safepoint: 8548 ns, Total: 50839 ns
[2025-06-13T03:58:28.165+0000][72][info ][safepoint   ] Safepoint "Cleanup", Time since last: 2915446669 ns, Reaching safepoint: 5699 ns, Cleanup: 10156 ns, At safepoint: 3028 ns, Total: 18883 ns
[2025-06-13T03:58:29.192+0000][72][info ][safepoint   ] Safepoint "Cleanup", Time since last: 1027485321 ns, Reaching safepoint: 33538 ns, Cleanup: 16296 ns, At safepoint: 16643 ns, Total: 66477 ns
[2025-06-13T03:58:37.263+0000][72][info ][safepoint   ] Safepoint "Cleanup", Time since last: 8073151818 ns, Reaching safepoint: 78759 ns, Cleanup: 26374 ns, At safepoint: 20546 ns, Total: 125679 ns
[2025-06-13T03:58:39.264+0000][72][info ][safepoint   ] Safepoint "Cleanup", Time since last: 2000867206 ns, Reaching safepoint: 28724 ns, Cleanup: 15457 ns, At safepoint: 11035 ns, Total: 55216 ns
[2025-06-13T03:58:41.198+0000][72][info ][safepoint   ] Safepoint "Cleanup", Time since last: 1933864880 ns, Reaching safepoint: 17777 ns, Cleanup: 18802 ns, At safepoint: 8600 ns, Total: 45179 ns
[2025-06-13T03:58:42.295+0000][72][info ][safepoint   ] Safepoint "Cleanup", Time since last: 1096531754 ns, Reaching safepoint: 31435 ns, Cleanup: 17054 ns, At safepoint: 15987 ns, Total: 64476 ns
[2025-06-13T03:58:49.180+0000][72][info ][safepoint   ] Safepoint "Cleanup", Time since last: 6884998687 ns, Reaching safepoint: 96332 ns, Cleanup: 8745 ns, At safepoint: 57369 ns, Total: 162446 ns
[2025-06-13T03:58:50.344+0000][72][info ][safepoint   ] Safepoint "Cleanup", Time since last: 1164184541 ns, Reaching safepoint: 25672 ns, Cleanup: 15907 ns, At safepoint: 9888 ns, Total: 51467 ns
[2025-06-13T03:58:51.357+0000][72][info ][safepoint   ] Safepoint "Cleanup", Time since last: 1013088532 ns, Reaching safepoint: 31594 ns, Cleanup: 20888 ns, At safepoint: 16163 ns, Total: 68645 ns
[2025-06-13T03:59:02.176+0000][72][info ][safepoint   ] Safepoint "Cleanup", Time since last: 10820949179 ns, Reaching safepoint: 14167 ns, Cleanup: 11648 ns, At safepoint: 22158 ns, Total: 47973 ns
[2025-06-13T03:59:03.695+0000][72][info ][safepoint   ] Safepoint "Cleanup", Time since last: 1519234415 ns, Reaching safepoint: 30165 ns, Cleanup: 15203 ns, At safepoint: 16250 ns, Total: 61618 ns
[2025-06-13T03:59:22.699+0000][72][info ][safepoint   ] Safepoint "Cleanup", Time since last: 19003648939 ns, Reaching safepoint: 18567 ns, Cleanup: 11018 ns, At safepoint: 8542 ns, Total: 38127 ns
[2025-06-13T03:59:24.700+0000][72][info ][safepoint   ] Safepoint "Cleanup", Time since last: 2000996057 ns, Reaching safepoint: 20663 ns, Cleanup: 13371 ns, At safepoint: 8744 ns, Total: 42778 ns
[2025-06-13T03:59:32.700+0000][72][info ][safepoint   ] Safepoint "Cleanup", Time since last: 8001946832 ns, Reaching safepoint: 60471 ns, Cleanup: 14974 ns, At safepoint: 16025 ns, Total: 91470 ns
[2025-06-13T03:59:37.701+0000][72][info ][safepoint   ] Safepoint "Cleanup", Time since last: 5001464086 ns, Reaching safepoint: 18669 ns, Cleanup: 16552 ns, At safepoint: 7641 ns, Total: 42862 ns
[2025-06-13T03:59:39.702+0000][72][info ][safepoint   ] Safepoint "Cleanup", Time since last: 2000953194 ns, Reaching safepoint: 31605 ns, Cleanup: 17517 ns, At safepoint: 17143 ns, Total: 66265 ns
[2025-06-13T03:59:42.703+0000][72][info ][safepoint   ] Safepoint "Cleanup", Time since last: 3001402983 ns, Reaching safepoint: 21806 ns, Cleanup: 15686 ns, At safepoint: 10717 ns, Total: 48209 ns
[2025-06-13T03:59:50.060+0000][72][info ][safepoint   ] Safepoint "Cleanup", Time since last: 7356198515 ns, Reaching safepoint: 70109 ns, Cleanup: 16367 ns, At safepoint: 16612 ns, Total: 103088 ns
[2025-06-13T03:59:52.168+0000][72][info ][safepoint   ] Safepoint "Cleanup", Time since last: 2108259726 ns, Reaching safepoint: 6655 ns, Cleanup: 12239 ns, At safepoint: 3813 ns, Total: 22707 ns
[2025-06-13T03:59:53.412+0000][72][info ][safepoint   ] Safepoint "Cleanup", Time since last: 1244081927 ns, Reaching safepoint: 29965 ns, Cleanup: 41512 ns, At safepoint: 19443 ns, Total: 90920 ns
[2025-06-13T04:00:01.415+0000][72][info ][safepoint   ] Safepoint "Cleanup", Time since last: 8002275564 ns, Reaching safepoint: 113266 ns, Cleanup: 61129 ns, At safepoint: 14785 ns, Total: 189180 ns
[2025-06-13T04:00:12.415+0000][72][info ][safepoint   ] Safepoint "Cleanup", Time since last: 11002465498 ns, Reaching safepoint: 79955 ns, Cleanup: 17713 ns, At safepoint: 17763 ns, Total: 115431 ns
[2025-06-13T04:00:13.416+0000][72][info ][safepoint   ] Safepoint "Cleanup", Time since last: 1001046965 ns, Reaching safepoint: 32063 ns, Cleanup: 16768 ns, At safepoint: 16095 ns, Total: 64926 ns
[2025-06-13T04:00:25.419+0000][72][info ][safepoint   ] Safepoint "Cleanup", Time since last: 12002692521 ns, Reaching safepoint: 82150 ns, Cleanup: 17787 ns, At safepoint: 7911 ns, Total: 107848 ns
[2025-06-13T04:00:32.418+0000][72][info ][safepoint   ] Safepoint "Cleanup", Time since last: 7001379192 ns, Reaching safepoint: 30098 ns, Cleanup: 18373 ns, At safepoint: 15566 ns, Total: 64037 ns
[2025-06-13T04:00:38.420+0000][72][info ][safepoint   ] Safepoint "Cleanup", Time since last: 6001581410 ns, Reaching safepoint: 66628 ns, Cleanup: 15976 ns, At safepoint: 15238 ns, Total: 97842 ns
[2025-06-13T04:00:55.171+0000][72][info ][safepoint   ] Safepoint "Cleanup", Time since last: 16750680565 ns, Reaching safepoint: 6315 ns, Cleanup: 7738 ns, At safepoint: 3056 ns, Total: 17109 ns
[2025-06-13T04:00:56.462+0000][72][info ][safepoint   ] Safepoint "Cleanup", Time since last: 1291563102 ns, Reaching safepoint: 36739 ns, Cleanup: 18617 ns, At safepoint: 18083 ns, Total: 73439 ns
[2025-06-13T04:00:57.463+0000][72][info ][safepoint   ] Safepoint "Cleanup", Time since last: 1000887632 ns, Reaching safepoint: 17181 ns, Cleanup: 11534 ns, At safepoint: 7556 ns, Total: 36271 ns
[2025-06-13T04:01:07.463+0000][72][info ][safepoint   ] Safepoint "Cleanup", Time since last: 10002330127 ns, Reaching safepoint: 72877 ns, Cleanup: 16964 ns, At safepoint: 17637 ns, Total: 107478 ns
[2025-06-13T04:01:25.467+0000][72][info ][safepoint   ] Safepoint "Cleanup", Time since last: 18003662440 ns, Reaching safepoint: 71801 ns, Cleanup: 15619 ns, At safepoint: 16162 ns, Total: 103582 ns
[2025-06-13T04:01:38.467+0000][72][info ][safepoint   ] Safepoint "Cleanup", Time since last: 13002910158 ns, Reaching safepoint: 52773 ns, Cleanup: 16479 ns, At safepoint: 10358 ns, Total: 79610 ns
[2025-06-13T04:01:52.134+0000][72][info ][safepoint   ] Safepoint "Cleanup", Time since last: 13666746221 ns, Reaching safepoint: 212396 ns, Cleanup: 11827 ns, At safepoint: 43939 ns, Total: 268162 ns
[2025-06-13T04:01:58.175+0000][72][info ][safepoint   ] Safepoint "Cleanup", Time since last: 6040637467 ns, Reaching safepoint: 6183 ns, Cleanup: 8324 ns, At safepoint: 14593 ns, Total: 29100 ns
[2025-06-13T04:01:59.503+0000][72][info ][safepoint   ] Safepoint "Cleanup", Time since last: 1327691007 ns, Reaching safepoint: 31022 ns, Cleanup: 15482 ns, At safepoint: 17465 ns, Total: 63969 ns
[2025-06-13T04:02:07.502+0000][72][info ][safepoint   ] Safepoint "Cleanup", Time since last: 8001923844 ns, Reaching safepoint: 68042 ns, Cleanup: 16284 ns, At safepoint: 15996 ns, Total: 100322 ns
[2025-06-13T04:02:08.503+0000][72][info ][safepoint   ] Safepoint "Cleanup", Time since last: 1000865634 ns, Reaching safepoint: 30493 ns, Cleanup: 21738 ns, At safepoint: 16142 ns, Total: 68373 ns
[2025-06-13T04:02:09.504+0000][72][info ][safepoint   ] Safepoint "Cleanup", Time since last: 1000654149 ns, Reaching safepoint: 28197 ns, Cleanup: 16225 ns, At safepoint: 15026 ns, Total: 59448 ns
[2025-06-13T04:02:12.505+0000][72][info ][safepoint   ] Safepoint "Cleanup", Time since last: 3001176142 ns, Reaching safepoint: 31211 ns, Cleanup: 17782 ns, At safepoint: 16121 ns, Total: 65114 ns
[2025-06-13T04:02:17.507+0000][72][info ][safepoint   ] Safepoint "Cleanup", Time since last: 5001737194 ns, Reaching safepoint: 31710 ns, Cleanup: 17088 ns, At safepoint: 49193 ns, Total: 97991 ns
[2025-06-13T04:02:19.508+0000][72][info ][safepoint   ] Safepoint "Cleanup", Time since last: 2000959114 ns, Reaching safepoint: 33688 ns, Cleanup: 16418 ns, At safepoint: 17282 ns, Total: 67388 ns
[2025-06-13T04:03:01.170+0000][72][info ][safepoint   ] Safepoint "Cleanup", Time since last: 41664550499 ns, Reaching safepoint: 154439 ns, Cleanup: 18976 ns, At safepoint: 146128 ns, Total: 319543 ns
[2025-06-13T04:03:02.554+0000][72][info ][safepoint   ] Safepoint "Cleanup", Time since last: 1385732415 ns, Reaching safepoint: 33126 ns, Cleanup: 76834 ns, At safepoint: 20933 ns, Total: 130893 ns
[2025-06-13T04:03:08.556+0000][72][info ][safepoint   ] Safepoint "Cleanup", Time since last: 6001741434 ns, Reaching safepoint: 27671 ns, Cleanup: 17011 ns, At safepoint: 10534 ns, Total: 55216 ns
[2025-06-13T04:03:22.559+0000][72][info ][safepoint   ] Safepoint "Cleanup", Time since last: 14003316638 ns, Reaching safepoint: 68325 ns, Cleanup: 19515 ns, At safepoint: 16164 ns, Total: 104004 ns
[2025-06-13T04:03:24.560+0000][72][info ][safepoint   ] Safepoint "Cleanup", Time since last: 2000904108 ns, Reaching safepoint: 30445 ns, Cleanup: 16325 ns, At safepoint: 16411 ns, Total: 63181 ns
[2025-06-13T04:03:27.561+0000][72][info ][safepoint   ] Safepoint "Cleanup", Time since last: 3001152013 ns, Reaching safepoint: 34728 ns, Cleanup: 23159 ns, At safepoint: 18829 ns, Total: 76716 ns
[2025-06-13T04:03:28.118+0000][72][info ][gc,start    ] GC(15) Pause Young (Normal) (G1 Evacuation Pause)
[2025-06-13T04:03:28.119+0000][72][info ][gc,task     ] GC(15) Using 10 workers of 10 for evacuation
[2025-06-13T04:03:28.120+0000][72][debug][gc,age      ] GC(15) Desired survivor size 56623104 bytes, new threshold 15 (max threshold 15)
[2025-06-13T04:03:28.296+0000][72][info ][gc,phases   ] GC(15)   Pre Evacuate Collection Set: 5.27ms
[2025-06-13T04:03:28.298+0000][72][info ][gc,phases   ] GC(15)   Merge Heap Roots: 2.06ms
[2025-06-13T04:03:28.298+0000][72][info ][gc,phases   ] GC(15)   Evacuate Collection Set: 158.50ms
[2025-06-13T04:03:28.298+0000][72][info ][gc,phases   ] GC(15)   Post Evacuate Collection Set: 8.66ms
[2025-06-13T04:03:28.299+0000][72][info ][gc,phases   ] GC(15)   Other: 3.02ms
[2025-06-13T04:03:28.299+0000][72][trace][gc,age      ] GC(15) Age table with threshold 15 (max threshold 15)
[2025-06-13T04:03:28.299+0000][72][trace][gc,age      ] GC(15) - age   1:     858960 bytes,     858960 total
[2025-06-13T04:03:28.299+0000][72][trace][gc,age      ] GC(15) - age   2:    2428128 bytes,    3287088 total
[2025-06-13T04:03:28.299+0000][72][trace][gc,age      ] GC(15) - age   3:   43280872 bytes,   46567960 total
[2025-06-13T04:03:28.300+0000][72][info ][gc,heap     ] GC(15) Eden regions: 202->0(186)
[2025-06-13T04:03:28.300+0000][72][info ][gc,heap     ] GC(15) Survivor regions: 14->13(27)
[2025-06-13T04:03:28.300+0000][72][info ][gc,heap     ] GC(15) Old regions: 15->15
[2025-06-13T04:03:28.300+0000][72][info ][gc,heap     ] GC(15) Humongous regions: 0->0
[2025-06-13T04:03:28.301+0000][72][info ][gc,metaspace] GC(15) Metaspace: 146367K(150464K)->146367K(150464K) NonClass: 126297K(128512K)->126297K(128512K) Class: 20069K(21952K)->20069K(21952K)
[2025-06-13T04:03:28.302+0000][72][info ][gc          ] GC(15) Pause Young (Normal) (G1 Evacuation Pause) 922M->110M(3880M) 184.004ms
[2025-06-13T04:03:28.302+0000][72][info ][gc,cpu      ] GC(15) User=1.58s Sys=0.00s Real=0.18s
[2025-06-13T04:03:28.302+0000][72][info ][safepoint   ] Safepoint "G1CollectForAllocation", Time since last: 554405794 ns, Reaching safepoint: 19286 ns, Cleanup: 5151 ns, At safepoint: 186467214 ns, Total: 186491651 ns
[2025-06-13T04:03:43.153+0000][72][info ][safepoint   ] Safepoint "Cleanup", Time since last: 14852599065 ns, Reaching safepoint: 42038 ns, Cleanup: 7809 ns, At safepoint: 3368 ns, Total: 53215 ns
[2025-06-13T04:03:44.593+0000][72][info ][safepoint   ] Safepoint "Cleanup", Time since last: 1439819676 ns, Reaching safepoint: 37677 ns, Cleanup: 26963 ns, At safepoint: 18420 ns, Total: 83060 ns
[2025-06-13T04:03:45.616+0000][72][info ][safepoint   ] Safepoint "Cleanup", Time since last: 1022879758 ns, Reaching safepoint: 12316 ns, Cleanup: 16858 ns, At safepoint: 7540 ns, Total: 36714 ns
[2025-06-13T04:03:47.640+0000][72][info ][safepoint   ] Safepoint "Cleanup", Time since last: 2024339918 ns, Reaching safepoint: 16364 ns, Cleanup: 12954 ns, At safepoint: 7229 ns, Total: 36547 ns
[2025-06-13T04:04:03.640+0000][72][info ][safepoint   ] Safepoint "Cleanup", Time since last: 16003495514 ns, Reaching safepoint: 22710 ns, Cleanup: 12451 ns, At safepoint: 7230 ns, Total: 42391 ns
[2025-06-13T04:04:04.640+0000][72][info ][safepoint   ] Safepoint "Cleanup", Time since last: 1000871200 ns, Reaching safepoint: 40864 ns, Cleanup: 20796 ns, At safepoint: 18808 ns, Total: 80468 ns
[2025-06-13T04:04:06.585+0000][72][info ][safepoint   ] Safepoint "Cleanup", Time since last: 1943987089 ns, Reaching safepoint: 31443 ns, Cleanup: 25073 ns, At safepoint: 15979 ns, Total: 72495 ns
[2025-06-13T04:04:08.550+0000][72][info ][safepoint   ] Safepoint "Cleanup", Time since last: 1965251218 ns, Reaching safepoint: 11880 ns, Cleanup: 11252 ns, At safepoint: 6755 ns, Total: 29887 ns
[2025-06-13T04:04:10.834+0000][72][info ][safepoint   ] Safepoint "Cleanup", Time since last: 2283915326 ns, Reaching safepoint: 11660 ns, Cleanup: 13782 ns, At safepoint: 6943 ns, Total: 32385 ns
[2025-06-13T04:04:12.956+0000][72][info ][safepoint   ] Safepoint "Cleanup", Time since last: 2122074095 ns, Reaching safepoint: 29991 ns, Cleanup: 24477 ns, At safepoint: 16139 ns, Total: 70607 ns
[2025-06-13T04:04:20.959+0000][72][info ][safepoint   ] Safepoint "Cleanup", Time since last: 8002555068 ns, Reaching safepoint: 20538 ns, Cleanup: 12073 ns, At safepoint: 7820 ns, Total: 40431 ns
[2025-06-13T04:04:22.959+0000][72][info ][safepoint   ] Safepoint "Cleanup", Time since last: 2000809596 ns, Reaching safepoint: 19933 ns, Cleanup: 14118 ns, At safepoint: 8823 ns, Total: 42874 ns
[2025-06-13T04:04:24.960+0000][72][info ][safepoint   ] Safepoint "Cleanup", Time since last: 2000888819 ns, Reaching safepoint: 67817 ns, Cleanup: 28160 ns, At safepoint: 13834 ns, Total: 109811 ns
[2025-06-13T04:04:32.961+0000][72][info ][safepoint   ] Safepoint "Cleanup", Time since last: 8002403644 ns, Reaching safepoint: 23449 ns, Cleanup: 14201 ns, At safepoint: 8751 ns, Total: 46401 ns
[2025-06-13T04:04:50.263+0000][72][info ][safepoint   ] Safepoint "Cleanup", Time since last: 17302020417 ns, Reaching safepoint: 31720 ns, Cleanup: 119208 ns, At safepoint: 30361 ns, Total: 181289 ns
[2025-06-13T04:05:08.264+0000][72][info ][safepoint   ] Safepoint "Cleanup", Time since last: 18003721448 ns, Reaching safepoint: 28295 ns, Cleanup: 17098 ns, At safepoint: 11654 ns, Total: 57047 ns
[2025-06-13T04:05:11.098+0000][72][info ][safepoint   ] Safepoint "Cleanup", Time since last: 2833634681 ns, Reaching safepoint: 6554 ns, Cleanup: 20550 ns, At safepoint: 14538 ns, Total: 41642 ns
[2025-06-13T04:05:13.037+0000][72][info ][safepoint   ] Safepoint "Cleanup", Time since last: 1938800749 ns, Reaching safepoint: 17699 ns, Cleanup: 24737 ns, At safepoint: 8166 ns, Total: 50602 ns
[2025-06-13T04:05:25.039+0000][72][info ][safepoint   ] Safepoint "Cleanup", Time since last: 12002246434 ns, Reaching safepoint: 61701 ns, Cleanup: 16125 ns, At safepoint: 13370 ns, Total: 91196 ns
[2025-06-13T04:05:32.038+0000][72][info ][safepoint   ] Safepoint "Cleanup", Time since last: 7001719905 ns, Reaching safepoint: 19662 ns, Cleanup: 11670 ns, At safepoint: 7940 ns, Total: 39272 ns
[2025-06-13T04:05:33.039+0000][72][info ][safepoint   ] Safepoint "Cleanup", Time since last: 1000908493 ns, Reaching safepoint: 30154 ns, Cleanup: 20966 ns, At safepoint: 16537 ns, Total: 67657 ns
[2025-06-13T04:05:48.316+0000][72][info ][safepoint   ] Safepoint "Cleanup", Time since last: 15277024502 ns, Reaching safepoint: 32396 ns, Cleanup: 18177 ns, At safepoint: 17769 ns, Total: 68342 ns
[2025-06-13T04:06:05.318+0000][72][info ][safepoint   ] Safepoint "Cleanup", Time since last: 17003581875 ns, Reaching safepoint: 85427 ns, Cleanup: 19203 ns, At safepoint: 20162 ns, Total: 124792 ns
[2025-06-13T04:06:14.042+0000][72][info ][safepoint   ] Safepoint "Cleanup", Time since last: 8722862359 ns, Reaching safepoint: 1105175 ns, Cleanup: 17751 ns, At safepoint: 239905 ns, Total: 1362831 ns
[2025-06-13T04:06:15.055+0000][72][info ][safepoint   ] Safepoint "Cleanup", Time since last: 1012625533 ns, Reaching safepoint: 15451 ns, Cleanup: 20285 ns, At safepoint: 90781 ns, Total: 126517 ns
[2025-06-13T04:06:16.086+0000][72][info ][safepoint   ] Safepoint "Cleanup", Time since last: 1031202039 ns, Reaching safepoint: 17458 ns, Cleanup: 15043 ns, At safepoint: 7738 ns, Total: 40239 ns
[2025-06-13T04:06:18.087+0000][72][info ][safepoint   ] Safepoint "Cleanup", Time since last: 2000756322 ns, Reaching safepoint: 34157 ns, Cleanup: 17594 ns, At safepoint: 17687 ns, Total: 69438 ns
[2025-06-13T04:06:38.088+0000][72][info ][safepoint   ] Safepoint "Cleanup", Time since last: 20003632732 ns, Reaching safepoint: 23566 ns, Cleanup: 13659 ns, At safepoint: 8367 ns, Total: 45592 ns
[2025-06-13T04:06:40.088+0000][72][info ][safepoint   ] Safepoint "Cleanup", Time since last: 2000758757 ns, Reaching safepoint: 27270 ns, Cleanup: 14525 ns, At safepoint: 14921 ns, Total: 56716 ns
[2025-06-13T04:06:41.118+0000][72][info ][safepoint   ] Safepoint "Cleanup", Time since last: 1029386266 ns, Reaching safepoint: 43029 ns, Cleanup: 26873 ns, At safepoint: 16565 ns, Total: 86467 ns
[2025-06-13T04:07:02.350+0000][72][info ][safepoint   ] Safepoint "Cleanup", Time since last: 21233869139 ns, Reaching safepoint: 69033 ns, Cleanup: 16373 ns, At safepoint: 16336 ns, Total: 101742 ns
[2025-06-13T04:07:08.351+0000][72][info ][safepoint   ] Safepoint "Cleanup", Time since last: 6001706809 ns, Reaching safepoint: 34833 ns, Cleanup: 18230 ns, At safepoint: 17476 ns, Total: 70539 ns
[2025-06-13T04:07:11.353+0000][72][info ][safepoint   ] Safepoint "Cleanup", Time since last: 3001184046 ns, Reaching safepoint: 34374 ns, Cleanup: 16866 ns, At safepoint: 17977 ns, Total: 69217 ns
[2025-06-13T04:07:17.070+0000][72][info ][safepoint   ] Safepoint "Cleanup", Time since last: 5717439345 ns, Reaching safepoint: 30705 ns, Cleanup: 13147 ns, At safepoint: 133027 ns, Total: 176879 ns
[2025-06-13T04:07:18.107+0000][72][info ][safepoint   ] Safepoint "Cleanup", Time since last: 1036404852 ns, Reaching safepoint: 26378 ns, Cleanup: 15544 ns, At safepoint: 77337 ns, Total: 119259 ns
[2025-06-13T04:07:19.131+0000][72][info ][safepoint   ] Safepoint "Cleanup", Time since last: 1023981840 ns, Reaching safepoint: 18723 ns, Cleanup: 12498 ns, At safepoint: 7862 ns, Total: 39083 ns
[2025-06-13T04:07:22.132+0000][72][info ][safepoint   ] Safepoint "Cleanup", Time since last: 3001163167 ns, Reaching safepoint: 26681 ns, Cleanup: 13938 ns, At safepoint: 11923 ns, Total: 52542 ns
[2025-06-13T04:07:25.133+0000][72][info ][safepoint   ] Safepoint "Cleanup", Time since last: 3001286195 ns, Reaching safepoint: 121011 ns, Cleanup: 20766 ns, At safepoint: 15131 ns, Total: 156908 ns
[2025-06-13T04:07:27.134+0000][72][info ][safepoint   ] Safepoint "Cleanup", Time since last: 2000950884 ns, Reaching safepoint: 30683 ns, Cleanup: 15315 ns, At safepoint: 15111 ns, Total: 61109 ns
[2025-06-13T04:07:29.135+0000][72][info ][safepoint   ] Safepoint "Cleanup", Time since last: 2000878418 ns, Reaching safepoint: 64520 ns, Cleanup: 15536 ns, At safepoint: 15274 ns, Total: 95330 ns
[2025-06-13T04:07:32.134+0000][72][info ][safepoint   ] Safepoint "Cleanup", Time since last: 3000996914 ns, Reaching safepoint: 30700 ns, Cleanup: 17068 ns, At safepoint: 17862 ns, Total: 65630 ns
[2025-06-13T04:07:37.135+0000][72][info ][safepoint   ] Safepoint "Cleanup", Time since last: 5001361556 ns, Reaching safepoint: 18113 ns, Cleanup: 12905 ns, At safepoint: 7045 ns, Total: 38063 ns
[2025-06-13T04:07:39.136+0000][72][info ][safepoint   ] Safepoint "Cleanup", Time since last: 2000785948 ns, Reaching safepoint: 29924 ns, Cleanup: 15129 ns, At safepoint: 14683 ns, Total: 59736 ns
[2025-06-13T04:07:48.385+0000][72][info ][safepoint   ] Safepoint "Cleanup", Time since last: 9248914098 ns, Reaching safepoint: 33517 ns, Cleanup: 18180 ns, At safepoint: 17129 ns, Total: 68826 ns
[2025-06-13T04:07:50.386+0000][72][info ][safepoint   ] Safepoint "Cleanup", Time since last: 2001222209 ns, Reaching safepoint: 32187 ns, Cleanup: 16905 ns, At safepoint: 16420 ns, Total: 65512 ns
[2025-06-13T04:07:52.387+0000][72][info ][safepoint   ] Safepoint "Cleanup", Time since last: 2000980906 ns, Reaching safepoint: 33083 ns, Cleanup: 17718 ns, At safepoint: 17852 ns, Total: 68653 ns
[2025-06-13T04:07:53.388+0000][72][info ][safepoint   ] Safepoint "Cleanup", Time since last: 1000643466 ns, Reaching safepoint: 19070 ns, Cleanup: 15292 ns, At safepoint: 9367 ns, Total: 43729 ns
[2025-06-13T04:07:58.390+0000][72][info ][safepoint   ] Safepoint "Cleanup", Time since last: 5001406825 ns, Reaching safepoint: 72123 ns, Cleanup: 15600 ns, At safepoint: 16021 ns, Total: 103744 ns
[2025-06-13T04:08:02.388+0000][72][info ][safepoint   ] Safepoint "Cleanup", Time since last: 4001423955 ns, Reaching safepoint: 28679 ns, Cleanup: 17656 ns, At safepoint: 14658 ns, Total: 60993 ns
[2025-06-13T04:08:04.389+0000][72][info ][safepoint   ] Safepoint "Cleanup", Time since last: 2000770750 ns, Reaching safepoint: 18663 ns, Cleanup: 12726 ns, At safepoint: 8126 ns, Total: 39515 ns
[2025-06-13T04:08:08.391+0000][72][info ][safepoint   ] Safepoint "Cleanup", Time since last: 4001606683 ns, Reaching safepoint: 35574 ns, Cleanup: 18919 ns, At safepoint: 17245 ns, Total: 71738 ns
[2025-06-13T04:08:20.052+0000][72][info ][safepoint   ] Safepoint "Cleanup", Time since last: 11660532634 ns, Reaching safepoint: 350644 ns, Cleanup: 19796 ns, At safepoint: 171945 ns, Total: 542385 ns
[2025-06-13T04:08:21.078+0000][72][info ][safepoint   ] Safepoint "Cleanup", Time since last: 1025650082 ns, Reaching safepoint: 30843 ns, Cleanup: 26601 ns, At safepoint: 15824 ns, Total: 73268 ns
[2025-06-13T04:08:22.184+0000][72][info ][safepoint   ] Safepoint "Cleanup", Time since last: 1105678428 ns, Reaching safepoint: 30008 ns, Cleanup: 23916 ns, At safepoint: 14821 ns, Total: 68745 ns
[2025-06-13T04:08:24.185+0000][72][info ][safepoint   ] Safepoint "Cleanup", Time since last: 2001073939 ns, Reaching safepoint: 30144 ns, Cleanup: 17200 ns, At safepoint: 15131 ns, Total: 62475 ns
[2025-06-13T04:08:25.185+0000][72][info ][safepoint   ] Safepoint "Cleanup", Time since last: 1000774268 ns, Reaching safepoint: 28491 ns, Cleanup: 16297 ns, At safepoint: 14693 ns, Total: 59481 ns
[2025-06-13T04:08:29.187+0000][72][info ][safepoint   ] Safepoint "Cleanup", Time since last: 4001349827 ns, Reaching safepoint: 69503 ns, Cleanup: 16213 ns, At safepoint: 16946 ns, Total: 102662 ns
[2025-06-13T04:08:44.055+0000][72][info ][safepoint   ] Safepoint "Cleanup", Time since last: 14870426730 ns, Reaching safepoint: 6613 ns, Cleanup: 9482 ns, At safepoint: 4455 ns, Total: 20550 ns
[2025-06-13T04:08:46.241+0000][72][info ][safepoint   ] Safepoint "Cleanup", Time since last: 2185306046 ns, Reaching safepoint: 173177 ns, Cleanup: 18289 ns, At safepoint: 47739 ns, Total: 239205 ns
[2025-06-13T04:08:47.277+0000][72][info ][safepoint   ] Safepoint "Cleanup", Time since last: 1036537554 ns, Reaching safepoint: 30740 ns, Cleanup: 16209 ns, At safepoint: 75597 ns, Total: 122546 ns
[2025-06-13T04:09:02.278+0000][72][info ][safepoint   ] Safepoint "Cleanup", Time since last: 15003720725 ns, Reaching safepoint: 66659 ns, Cleanup: 15998 ns, At safepoint: 16980 ns, Total: 99637 ns
[2025-06-13T04:09:03.866+0000][72][info ][safepoint   ] Safepoint "Cleanup", Time since last: 1587976871 ns, Reaching safepoint: 5553 ns, Cleanup: 7298 ns, At safepoint: 13755 ns, Total: 26606 ns
[2025-06-13T04:09:04.867+0000][72][info ][safepoint   ] Safepoint "Cleanup", Time since last: 1000973394 ns, Reaching safepoint: 29986 ns, Cleanup: 21211 ns, At safepoint: 14559 ns, Total: 65756 ns
[2025-06-13T04:09:05.868+0000][72][info ][safepoint   ] Safepoint "Cleanup", Time since last: 1000844721 ns, Reaching safepoint: 32259 ns, Cleanup: 20596 ns, At safepoint: 15564 ns, Total: 68419 ns
[2025-06-13T04:09:25.318+0000][72][info ][safepoint   ] Safepoint "Cleanup", Time since last: 19449404791 ns, Reaching safepoint: 29661 ns, Cleanup: 16151 ns, At safepoint: 15100 ns, Total: 60912 ns
[2025-06-13T04:09:39.318+0000][72][info ][safepoint   ] Safepoint "Cleanup", Time since last: 14003088431 ns, Reaching safepoint: 66484 ns, Cleanup: 14989 ns, At safepoint: 15341 ns, Total: 96814 ns
[2025-06-13T04:09:42.319+0000][72][info ][safepoint   ] Safepoint "Cleanup", Time since last: 3000929062 ns, Reaching safepoint: 20544 ns, Cleanup: 13118 ns, At safepoint: 9230 ns, Total: 42892 ns
[2025-06-13T04:09:49.464+0000][72][info ][safepoint   ] Safepoint "Cleanup", Time since last: 7144054543 ns, Reaching safepoint: 64993 ns, Cleanup: 17200 ns, At safepoint: 16285 ns, Total: 98478 ns
[2025-06-13T04:09:55.465+0000][72][info ][safepoint   ] Safepoint "Cleanup", Time since last: 6001741099 ns, Reaching safepoint: 35705 ns, Cleanup: 17569 ns, At safepoint: 17459 ns, Total: 70733 ns
[2025-06-13T04:10:08.466+0000][72][info ][safepoint   ] Safepoint "Cleanup", Time since last: 13003205546 ns, Reaching safepoint: 77260 ns, Cleanup: 21152 ns, At safepoint: 18275 ns, Total: 116687 ns
[2025-06-13T04:10:22.470+0000][72][info ][safepoint   ] Safepoint "Cleanup", Time since last: 14003332431 ns, Reaching safepoint: 69668 ns, Cleanup: 19870 ns, At safepoint: 16666 ns, Total: 106204 ns
[2025-06-13T04:10:23.471+0000][72][info ][safepoint   ] Safepoint "Cleanup", Time since last: 1000932803 ns, Reaching safepoint: 30899 ns, Cleanup: 15952 ns, At safepoint: 15798 ns, Total: 62649 ns
[2025-06-13T04:10:24.472+0000][72][info ][safepoint   ] Safepoint "Cleanup", Time since last: 1000819949 ns, Reaching safepoint: 31269 ns, Cleanup: 19266 ns, At safepoint: 16602 ns, Total: 67137 ns
[2025-06-13T04:10:26.046+0000][72][info ][safepoint   ] Safepoint "Cleanup", Time since last: 1573796441 ns, Reaching safepoint: 145016 ns, Cleanup: 11013 ns, At safepoint: 51274 ns, Total: 207303 ns
[2025-06-13T04:10:27.367+0000][72][info ][safepoint   ] Safepoint "Cleanup", Time since last: 1321366330 ns, Reaching safepoint: 30587 ns, Cleanup: 18644 ns, At safepoint: 16423 ns, Total: 65654 ns
[2025-06-13T04:10:37.367+0000][72][info ][safepoint   ] Safepoint "Cleanup", Time since last: 10002175799 ns, Reaching safepoint: 160890 ns, Cleanup: 19302 ns, At safepoint: 19737 ns, Total: 199929 ns
[2025-06-13T04:10:38.368+0000][72][info ][safepoint   ] Safepoint "Cleanup", Time since last: 1000673826 ns, Reaching safepoint: 32546 ns, Cleanup: 18323 ns, At safepoint: 16798 ns, Total: 67667 ns
[2025-06-13T04:10:42.370+0000][72][info ][safepoint   ] Safepoint "Cleanup", Time since last: 4001384429 ns, Reaching safepoint: 29951 ns, Cleanup: 103341 ns, At safepoint: 25483 ns, Total: 158775 ns
[2025-06-13T04:11:20.505+0000][72][info ][safepoint   ] Safepoint "Cleanup", Time since last: 38137539401 ns, Reaching safepoint: 77737 ns, Cleanup: 19797 ns, At safepoint: 34326 ns, Total: 131860 ns
[2025-06-13T04:11:29.053+0000][72][info ][safepoint   ] Safepoint "Cleanup", Time since last: 8547826371 ns, Reaching safepoint: 161997 ns, Cleanup: 16605 ns, At safepoint: 37152 ns, Total: 215754 ns
[2025-06-13T04:11:30.429+0000][72][info ][safepoint   ] Safepoint "Cleanup", Time since last: 1375546824 ns, Reaching safepoint: 31027 ns, Cleanup: 23735 ns, At safepoint: 15816 ns, Total: 70578 ns
[2025-06-13T04:11:47.538+0000][72][info ][safepoint   ] Safepoint "Cleanup", Time since last: 17111828297 ns, Reaching safepoint: 20362 ns, Cleanup: 13399 ns, At safepoint: 7758 ns, Total: 41519 ns
[2025-06-13T04:12:20.540+0000][72][info ][safepoint   ] Safepoint "Cleanup", Time since last: 33005498132 ns, Reaching safepoint: 57712 ns, Cleanup: 14369 ns, At safepoint: 9233 ns, Total: 81314 ns
[2025-06-13T04:12:24.542+0000][72][info ][safepoint   ] Safepoint "Cleanup", Time since last: 4001400375 ns, Reaching safepoint: 19956 ns, Cleanup: 14697 ns, At safepoint: 7587 ns, Total: 42240 ns
[2025-06-13T04:12:25.543+0000][72][info ][safepoint   ] Safepoint "Cleanup", Time since last: 1000663942 ns, Reaching safepoint: 30339 ns, Cleanup: 15054 ns, At safepoint: 15418 ns, Total: 60811 ns
[2025-06-13T04:12:32.035+0000][72][info ][safepoint   ] Safepoint "Cleanup", Time since last: 6494022286 ns, Reaching safepoint: 608408 ns, Cleanup: 19133 ns, At safepoint: 159924 ns, Total: 787465 ns
[2025-06-13T04:12:33.474+0000][72][info ][safepoint   ] Safepoint "Cleanup", Time since last: 1439125166 ns, Reaching safepoint: 33388 ns, Cleanup: 31242 ns, At safepoint: 15324 ns, Total: 79954 ns
[2025-06-13T04:12:35.476+0000][72][info ][safepoint   ] Safepoint "Cleanup", Time since last: 2001009656 ns, Reaching safepoint: 85288 ns, Cleanup: 76249 ns, At safepoint: 69044 ns, Total: 230581 ns
[2025-06-13T04:12:37.477+0000][72][info ][safepoint   ] Safepoint "Cleanup", Time since last: 2000791076 ns, Reaching safepoint: 188666 ns, Cleanup: 15093 ns, At safepoint: 101120 ns, Total: 304879 ns
[2025-06-13T04:12:42.478+0000][72][info ][safepoint   ] Safepoint "Cleanup", Time since last: 5001303460 ns, Reaching safepoint: 18455 ns, Cleanup: 12334 ns, At safepoint: 7954 ns, Total: 38743 ns
[2025-06-13T04:12:47.577+0000][72][info ][safepoint   ] Safepoint "Cleanup", Time since last: 5098652305 ns, Reaching safepoint: 31800 ns, Cleanup: 19053 ns, At safepoint: 15716 ns, Total: 66569 ns
[2025-06-13T04:12:56.579+0000][72][info ][safepoint   ] Safepoint "Cleanup", Time since last: 9002033739 ns, Reaching safepoint: 72946 ns, Cleanup: 17277 ns, At safepoint: 15976 ns, Total: 106199 ns
[2025-06-13T04:13:08.578+0000][72][info ][safepoint   ] Safepoint "Cleanup", Time since last: 12002588473 ns, Reaching safepoint: 27703 ns, Cleanup: 13832 ns, At safepoint: 14786 ns, Total: 56321 ns
[2025-06-13T04:13:24.583+0000][72][info ][safepoint   ] Safepoint "Cleanup", Time since last: 16004000629 ns, Reaching safepoint: 69360 ns, Cleanup: 19398 ns, At safepoint: 16800 ns, Total: 105558 ns
[2025-06-13T04:13:26.033+0000][72][info ][safepoint   ] Safepoint "Cleanup", Time since last: 1449852779 ns, Reaching safepoint: 27810 ns, Cleanup: 12104 ns, At safepoint: 74648 ns, Total: 114562 ns
[2025-06-13T04:13:27.502+0000][72][info ][safepoint   ] Safepoint "Cleanup", Time since last: 1469636017 ns, Reaching safepoint: 29829 ns, Cleanup: 22716 ns, At safepoint: 15104 ns, Total: 67649 ns
[2025-06-13T04:13:28.522+0000][72][info ][safepoint   ] Safepoint "Cleanup", Time since last: 1019692274 ns, Reaching safepoint: 32694 ns, Cleanup: 25669 ns, At safepoint: 16792 ns, Total: 75155 ns
[2025-06-13T04:13:29.536+0000][72][info ][safepoint   ] Safepoint "Cleanup", Time since last: 1013702302 ns, Reaching safepoint: 16986 ns, Cleanup: 137078 ns, At safepoint: 82576 ns, Total: 236640 ns
[2025-06-13T04:13:30.543+0000][72][info ][safepoint   ] Safepoint "Cleanup", Time since last: 1007413078 ns, Reaching safepoint: 29852 ns, Cleanup: 24609 ns, At safepoint: 15723 ns, Total: 70184 ns
[2025-06-13T04:13:32.542+0000][72][info ][safepoint   ] Safepoint "Cleanup", Time since last: 2000667962 ns, Reaching safepoint: 16971 ns, Cleanup: 14581 ns, At safepoint: 6839 ns, Total: 38391 ns
[2025-06-13T04:13:33.947+0000][72][info ][safepoint   ] Safepoint "Cleanup", Time since last: 1404905905 ns, Reaching safepoint: 6794 ns, Cleanup: 6581 ns, At safepoint: 3252 ns, Total: 16627 ns
[2025-06-13T04:13:34.948+0000][72][info ][safepoint   ] Safepoint "Cleanup", Time since last: 1000825436 ns, Reaching safepoint: 18992 ns, Cleanup: 14987 ns, At safepoint: 8477 ns, Total: 42456 ns
[2025-06-13T04:13:36.577+0000][72][info ][safepoint   ] Safepoint "Cleanup", Time since last: 1628728924 ns, Reaching safepoint: 46679 ns, Cleanup: 53279 ns, At safepoint: 69439 ns, Total: 169397 ns
[2025-06-13T04:13:37.598+0000][72][info ][safepoint   ] Safepoint "Cleanup", Time since last: 1021277138 ns, Reaching safepoint: 30056 ns, Cleanup: 21270 ns, At safepoint: 15849 ns, Total: 67175 ns
[2025-06-13T04:13:41.599+0000][72][info ][safepoint   ] Safepoint "Cleanup", Time since last: 4001252807 ns, Reaching safepoint: 32899 ns, Cleanup: 15355 ns, At safepoint: 16022 ns, Total: 64276 ns
[2025-06-13T04:13:47.061+0000][72][info ][safepoint   ] Safepoint "Cleanup", Time since last: 5461532746 ns, Reaching safepoint: 5855 ns, Cleanup: 9219 ns, At safepoint: 12776 ns, Total: 27850 ns
[2025-06-13T04:13:48.626+0000][72][info ][safepoint   ] Safepoint "Cleanup", Time since last: 1565228510 ns, Reaching safepoint: 19229 ns, Cleanup: 16762 ns, At safepoint: 8704 ns, Total: 44695 ns
[2025-06-13T04:13:56.661+0000][72][info ][safepoint   ] Safepoint "Cleanup", Time since last: 8034600041 ns, Reaching safepoint: 46668 ns, Cleanup: 16357 ns, At safepoint: 10146 ns, Total: 73171 ns
[2025-06-13T04:14:00.662+0000][72][info ][safepoint   ] Safepoint "Cleanup", Time since last: 4001445638 ns, Reaching safepoint: 30854 ns, Cleanup: 16824 ns, At safepoint: 15482 ns, Total: 63160 ns
[2025-06-13T04:14:25.008+0000][72][info ][safepoint   ] Safepoint "Cleanup", Time since last: 24348061318 ns, Reaching safepoint: 41384 ns, Cleanup: 13400 ns, At safepoint: 7139 ns, Total: 61923 ns
[2025-06-13T04:14:38.691+0000][72][info ][safepoint   ] Safepoint "Cleanup", Time since last: 13684904290 ns, Reaching safepoint: 13493 ns, Cleanup: 14091 ns, At safepoint: 66237 ns, Total: 93821 ns
[2025-06-13T04:14:39.716+0000][72][info ][safepoint   ] Safepoint "Cleanup", Time since last: 1025396975 ns, Reaching safepoint: 6957 ns, Cleanup: 22001 ns, At safepoint: 24699 ns, Total: 53657 ns
[2025-06-13T04:14:47.654+0000][72][info ][safepoint   ] Safepoint "Cleanup", Time since last: 7937349855 ns, Reaching safepoint: 20104 ns, Cleanup: 12824 ns, At safepoint: 9296 ns, Total: 42224 ns
[2025-06-13T04:15:24.659+0000][72][info ][safepoint   ] Safepoint "Cleanup", Time since last: 37007651864 ns, Reaching safepoint: 71601 ns, Cleanup: 18609 ns, At safepoint: 30842 ns, Total: 121052 ns
[2025-06-13T04:15:34.659+0000][72][info ][safepoint   ] Safepoint "Cleanup", Time since last: 10002151077 ns, Reaching safepoint: 31254 ns, Cleanup: 18207 ns, At safepoint: 16035 ns, Total: 65496 ns
[2025-06-13T04:15:41.053+0000][72][info ][safepoint   ] Safepoint "Cleanup", Time since last: 6393464819 ns, Reaching safepoint: 15911 ns, Cleanup: 12924 ns, At safepoint: 21784 ns, Total: 50619 ns
[2025-06-13T04:15:42.762+0000][72][info ][safepoint   ] Safepoint "Cleanup", Time since last: 1708727656 ns, Reaching safepoint: 39145 ns, Cleanup: 25249 ns, At safepoint: 17451 ns, Total: 81845 ns
[2025-06-13T04:16:12.691+0000][72][info ][safepoint   ] Safepoint "Cleanup", Time since last: 29931935386 ns, Reaching safepoint: 128886 ns, Cleanup: 20581 ns, At safepoint: 11360 ns, Total: 160827 ns
[2025-06-13T04:16:14.692+0000][72][info ][safepoint   ] Safepoint "Cleanup", Time since last: 2001033498 ns, Reaching safepoint: 77214 ns, Cleanup: 66955 ns, At safepoint: 16403 ns, Total: 160572 ns
[2025-06-13T04:16:17.693+0000][72][info ][safepoint   ] Safepoint "Cleanup", Time since last: 3000801483 ns, Reaching safepoint: 29938 ns, Cleanup: 18630 ns, At safepoint: 11950 ns, Total: 60518 ns
[2025-06-13T04:16:44.048+0000][72][info ][safepoint   ] Safepoint "Cleanup", Time since last: 26357687804 ns, Reaching safepoint: 108711 ns, Cleanup: 11615 ns, At safepoint: 38667 ns, Total: 158993 ns
[2025-06-13T04:16:45.724+0000][72][info ][safepoint   ] Safepoint "Cleanup", Time since last: 1675777088 ns, Reaching safepoint: 12666 ns, Cleanup: 17938 ns, At safepoint: 64693 ns, Total: 95297 ns
[2025-06-13T04:16:47.725+0000][72][info ][safepoint   ] Safepoint "Cleanup", Time since last: 2001086123 ns, Reaching safepoint: 19035 ns, Cleanup: 13246 ns, At safepoint: 9203 ns, Total: 41484 ns
[2025-06-13T04:17:24.739+0000][72][info ][safepoint   ] Safepoint "Cleanup", Time since last: 37016396210 ns, Reaching safepoint: 80780 ns, Cleanup: 19007 ns, At safepoint: 18973 ns, Total: 118760 ns
[2025-06-13T04:17:47.055+0000][72][info ][safepoint   ] Safepoint "Cleanup", Time since last: 22318416361 ns, Reaching safepoint: 31428 ns, Cleanup: 11856 ns, At safepoint: 72922 ns, Total: 116206 ns
[2025-06-13T04:17:48.875+0000][72][info ][safepoint   ] Safepoint "Cleanup", Time since last: 1820286018 ns, Reaching safepoint: 19806 ns, Cleanup: 14804 ns, At safepoint: 8518 ns, Total: 43128 ns
[2025-06-13T04:18:47.799+0000][72][info ][safepoint   ] Safepoint "Cleanup", Time since last: 58928256467 ns, Reaching safepoint: 30349 ns, Cleanup: 14376 ns, At safepoint: 15723 ns, Total: 60448 ns
[2025-06-13T04:18:50.051+0000][72][info ][safepoint   ] Safepoint "Cleanup", Time since last: 2251787561 ns, Reaching safepoint: 8978 ns, Cleanup: 9570 ns, At safepoint: 13841 ns, Total: 32389 ns
[2025-06-13T04:18:51.923+0000][72][info ][safepoint   ] Safepoint "Cleanup", Time since last: 1871454884 ns, Reaching safepoint: 30953 ns, Cleanup: 18379 ns, At safepoint: 16651 ns, Total: 65983 ns
[2025-06-13T04:19:22.174+0000][72][info ][safepoint   ] Safepoint "Cleanup", Time since last: 30254588463 ns, Reaching safepoint: 60217 ns, Cleanup: 19135 ns, At safepoint: 15788 ns, Total: 95140 ns
[2025-06-13T04:19:25.176+0000][72][info ][safepoint   ] Safepoint "Cleanup", Time since last: 3001520193 ns, Reaching safepoint: 18714 ns, Cleanup: 13249 ns, At safepoint: 8552 ns, Total: 40515 ns
[2025-06-13T04:19:53.060+0000][72][info ][safepoint   ] Safepoint "Cleanup", Time since last: 27886360532 ns, Reaching safepoint: 9554 ns, Cleanup: 8707 ns, At safepoint: 15301 ns, Total: 33562 ns
[2025-06-13T04:19:54.999+0000][72][info ][safepoint   ] Safepoint "Cleanup", Time since last: 1939029749 ns, Reaching safepoint: 6361 ns, Cleanup: 14540 ns, At safepoint: 3187 ns, Total: 24088 ns
[2025-06-13T04:20:33.003+0000][72][info ][safepoint   ] Safepoint "Cleanup", Time since last: 38009077247 ns, Reaching safepoint: 82509 ns, Cleanup: 20014 ns, At safepoint: 19419 ns, Total: 121942 ns
[2025-06-13T04:20:37.689+0000][72][info ][gc,start    ] GC(16) Pause Young (Normal) (G1 Evacuation Pause)
[2025-06-13T04:20:37.690+0000][72][info ][gc,task     ] GC(16) Using 10 workers of 10 for evacuation
[2025-06-13T04:20:37.691+0000][72][debug][gc,age      ] GC(16) Desired survivor size 56623104 bytes, new threshold 15 (max threshold 15)
[2025-06-13T04:20:37.799+0000][72][info ][gc,phases   ] GC(16)   Pre Evacuate Collection Set: 6.13ms
[2025-06-13T04:20:37.800+0000][72][info ][gc,phases   ] GC(16)   Merge Heap Roots: 2.60ms
[2025-06-13T04:20:37.800+0000][72][info ][gc,phases   ] GC(16)   Evacuate Collection Set: 93.20ms
[2025-06-13T04:20:37.800+0000][72][info ][gc,phases   ] GC(16)   Post Evacuate Collection Set: 5.12ms
[2025-06-13T04:20:37.801+0000][72][info ][gc,phases   ] GC(16)   Other: 2.14ms
[2025-06-13T04:20:37.801+0000][72][trace][gc,age      ] GC(16) Age table with threshold 15 (max threshold 15)
[2025-06-13T04:20:37.802+0000][72][trace][gc,age      ] GC(16) - age   1:     828080 bytes,     828080 total
[2025-06-13T04:20:37.802+0000][72][trace][gc,age      ] GC(16) - age   2:     110024 bytes,     938104 total
[2025-06-13T04:20:37.802+0000][72][trace][gc,age      ] GC(16) - age   3:    2419416 bytes,    3357520 total
[2025-06-13T04:20:37.803+0000][72][trace][gc,age      ] GC(16) - age   4:   43279528 bytes,   46637048 total
[2025-06-13T04:20:37.803+0000][72][info ][gc,heap     ] GC(16) Eden regions: 196->0(228)
[2025-06-13T04:20:37.803+0000][72][info ][gc,heap     ] GC(16) Survivor regions: 13->13(27)
[2025-06-13T04:20:37.804+0000][72][info ][gc,heap     ] GC(16) Old regions: 15->15
[2025-06-13T04:20:37.804+0000][72][info ][gc,heap     ] GC(16) Humongous regions: 0->0
[2025-06-13T04:20:37.805+0000][72][info ][gc,metaspace] GC(16) Metaspace: 146736K(150848K)->146736K(150848K) NonClass: 126665K(128896K)->126665K(128896K) Class: 20071K(21952K)->20071K(21952K)
[2025-06-13T04:20:37.805+0000][72][info ][gc          ] GC(16) Pause Young (Normal) (G1 Evacuation Pause) 894M->108M(3880M) 116.209ms
[2025-06-13T04:20:37.806+0000][72][info ][gc,cpu      ] GC(16) User=1.00s Sys=0.00s Real=0.11s
[2025-06-13T04:20:37.807+0000][72][info ][safepoint   ] Safepoint "G1CollectForAllocation", Time since last: 4684022681 ns, Reaching safepoint: 34341 ns, Cleanup: 7153 ns, At safepoint: 119430220 ns, Total: 119471714 ns
[2025-06-13T04:20:56.017+0000][72][info ][safepoint   ] Safepoint "Cleanup", Time since last: 18209873232 ns, Reaching safepoint: 8263 ns, Cleanup: 12257 ns, At safepoint: 25243 ns, Total: 45763 ns
[2025-06-13T04:21:22.049+0000][72][info ][safepoint   ] Safepoint "Cleanup", Time since last: 26034394336 ns, Reaching safepoint: 116767 ns, Cleanup: 14930 ns, At safepoint: 9240 ns, Total: 140937 ns
[2025-06-13T04:21:26.050+0000][72][info ][safepoint   ] Safepoint "Cleanup", Time since last: 4001152161 ns, Reaching safepoint: 32823 ns, Cleanup: 16360 ns, At safepoint: 16652 ns, Total: 65835 ns
[2025-06-13T04:22:00.061+0000][72][info ][safepoint   ] Safepoint "Cleanup", Time since last: 34013451702 ns, Reaching safepoint: 47053 ns, Cleanup: 15504 ns, At safepoint: 10281 ns, Total: 72838 ns
[2025-06-13T04:22:01.094+0000][72][info ][safepoint   ] Safepoint "Cleanup", Time since last: 1032980881 ns, Reaching safepoint: 30660 ns, Cleanup: 15989 ns, At safepoint: 15799 ns, Total: 62448 ns
[2025-06-13T04:22:03.093+0000][72][info ][safepoint   ] Safepoint "Cleanup", Time since last: 2000919481 ns, Reaching safepoint: 68472 ns, Cleanup: 17102 ns, At safepoint: 32537 ns, Total: 118111 ns
[2025-06-13T04:22:10.095+0000][72][info ][safepoint   ] Safepoint "Cleanup", Time since last: 7001733412 ns, Reaching safepoint: 20868 ns, Cleanup: 12552 ns, At safepoint: 8807 ns, Total: 42227 ns
[2025-06-13T04:22:11.095+0000][72][info ][safepoint   ] Safepoint "Cleanup", Time since last: 1000532784 ns, Reaching safepoint: 19039 ns, Cleanup: 12564 ns, At safepoint: 8011 ns, Total: 39614 ns
[2025-06-13T04:22:25.098+0000][72][info ][safepoint   ] Safepoint "Cleanup", Time since last: 14002864052 ns, Reaching safepoint: 146808 ns, Cleanup: 32511 ns, At safepoint: 10761 ns, Total: 190080 ns
[2025-06-13T04:22:51.945+0000][72][info ][safepoint   ] Safepoint "Cleanup", Time since last: 26849308469 ns, Reaching safepoint: 71840 ns, Cleanup: 21254 ns, At safepoint: 31906 ns, Total: 125000 ns
[2025-06-13T04:23:02.041+0000][72][info ][safepoint   ] Safepoint "Cleanup", Time since last: 10097329527 ns, Reaching safepoint: 91108 ns, Cleanup: 10500 ns, At safepoint: 47861 ns, Total: 149469 ns
[2025-06-13T04:23:03.074+0000][72][info ][safepoint   ] Safepoint "Cleanup", Time since last: 1033666645 ns, Reaching safepoint: 29963 ns, Cleanup: 29175 ns, At safepoint: 16162 ns, Total: 75300 ns
[2025-06-13T04:23:25.136+0000][72][info ][safepoint   ] Safepoint "Cleanup", Time since last: 22061762827 ns, Reaching safepoint: 73307 ns, Cleanup: 19253 ns, At safepoint: 16169 ns, Total: 108729 ns
[2025-06-13T04:23:40.136+0000][72][info ][safepoint   ] Safepoint "Cleanup", Time since last: 15002943297 ns, Reaching safepoint: 37000 ns, Cleanup: 13429 ns, At safepoint: 8156 ns, Total: 58585 ns
[2025-06-13T04:23:44.138+0000][72][info ][safepoint   ] Safepoint "Cleanup", Time since last: 4001794765 ns, Reaching safepoint: 21707 ns, Cleanup: 15251 ns, At safepoint: 8859 ns, Total: 45817 ns
[2025-06-13T04:23:47.983+0000][72][info ][safepoint   ] Safepoint "Cleanup", Time since last: 3845342013 ns, Reaching safepoint: 31013 ns, Cleanup: 15937 ns, At safepoint: 16155 ns, Total: 63105 ns
[2025-06-13T04:23:52.985+0000][72][info ][safepoint   ] Safepoint "Cleanup", Time since last: 5001337966 ns, Reaching safepoint: 70302 ns, Cleanup: 29680 ns, At safepoint: 37631 ns, Total: 137613 ns
[2025-06-13T04:23:54.156+0000][72][info ][safepoint   ] Safepoint "Cleanup", Time since last: 1171563165 ns, Reaching safepoint: 31245 ns, Cleanup: 19616 ns, At safepoint: 8852 ns, Total: 59713 ns
[2025-06-13T04:23:55.188+0000][72][info ][safepoint   ] Safepoint "Cleanup", Time since last: 1031632880 ns, Reaching safepoint: 34491 ns, Cleanup: 17613 ns, At safepoint: 20485 ns, Total: 72589 ns
[2025-06-13T04:24:02.187+0000][72][info ][safepoint   ] Safepoint "Cleanup", Time since last: 7001736217 ns, Reaching safepoint: 17979 ns, Cleanup: 12039 ns, At safepoint: 7000 ns, Total: 37018 ns
[2025-06-13T04:24:03.193+0000][72][info ][safepoint   ] Safepoint "Cleanup", Time since last: 1005746892 ns, Reaching safepoint: 11770 ns, Cleanup: 8147 ns, At safepoint: 29848 ns, Total: 49765 ns
[2025-06-13T04:24:05.199+0000][72][info ][safepoint   ] Safepoint "Cleanup", Time since last: 2004772510 ns, Reaching safepoint: 431644 ns, Cleanup: 15097 ns, At safepoint: 268184 ns, Total: 714925 ns
[2025-06-13T04:24:12.219+0000][72][info ][safepoint   ] Safepoint "Cleanup", Time since last: 7020474563 ns, Reaching safepoint: 30819 ns, Cleanup: 16512 ns, At safepoint: 15154 ns, Total: 62485 ns
[2025-06-13T04:24:22.222+0000][72][info ][safepoint   ] Safepoint "Cleanup", Time since last: 10002405139 ns, Reaching safepoint: 45767 ns, Cleanup: 12782 ns, At safepoint: 9310 ns, Total: 67859 ns
[2025-06-13T04:24:38.222+0000][72][info ][safepoint   ] Safepoint "Cleanup", Time since last: 16002969913 ns, Reaching safepoint: 66198 ns, Cleanup: 14979 ns, At safepoint: 15497 ns, Total: 96674 ns
[2025-06-13T04:24:58.022+0000][72][info ][safepoint   ] Safepoint "Cleanup", Time since last: 19799762706 ns, Reaching safepoint: 152131 ns, Cleanup: 18602 ns, At safepoint: 21497 ns, Total: 192230 ns
[2025-06-13T04:25:04.022+0000][72][info ][safepoint   ] Safepoint "Cleanup", Time since last: 6001895825 ns, Reaching safepoint: 30947 ns, Cleanup: 15056 ns, At safepoint: 16766 ns, Total: 62769 ns
[2025-06-13T04:25:08.299+0000][72][info ][safepoint   ] Safepoint "Cleanup", Time since last: 4276853635 ns, Reaching safepoint: 23506 ns, Cleanup: 13688 ns, At safepoint: 69329 ns, Total: 106523 ns
[2025-06-13T04:25:15.302+0000][72][info ][safepoint   ] Safepoint "Cleanup", Time since last: 7002394765 ns, Reaching safepoint: 20527 ns, Cleanup: 12383 ns, At safepoint: 8854 ns, Total: 41764 ns
[2025-06-13T04:25:27.305+0000][72][info ][safepoint   ] Safepoint "Cleanup", Time since last: 12002687288 ns, Reaching safepoint: 155970 ns, Cleanup: 17979 ns, At safepoint: 18537 ns, Total: 192486 ns
[2025-06-13T04:26:03.061+0000][72][info ][safepoint   ] Safepoint "Cleanup", Time since last: 35761399260 ns, Reaching safepoint: 71893 ns, Cleanup: 16824 ns, At safepoint: 17781 ns, Total: 106498 ns
[2025-06-13T04:26:11.046+0000][72][info ][safepoint   ] Safepoint "Cleanup", Time since last: 7984388921 ns, Reaching safepoint: 664671 ns, Cleanup: 14029 ns, At safepoint: 144196 ns, Total: 822896 ns
[2025-06-13T04:26:12.363+0000][72][info ][safepoint   ] Safepoint "Cleanup", Time since last: 1317244678 ns, Reaching safepoint: 25581 ns, Cleanup: 21303 ns, At safepoint: 11309 ns, Total: 58193 ns
[2025-06-13T04:26:24.366+0000][72][info ][safepoint   ] Safepoint "Cleanup", Time since last: 12002904101 ns, Reaching safepoint: 47086 ns, Cleanup: 14260 ns, At safepoint: 9762 ns, Total: 71108 ns
[2025-06-13T04:26:41.368+0000][72][info ][safepoint   ] Safepoint "Cleanup", Time since last: 17003861528 ns, Reaching safepoint: 65838 ns, Cleanup: 16066 ns, At safepoint: 16307 ns, Total: 98211 ns
[2025-06-13T04:26:45.369+0000][72][info ][safepoint   ] Safepoint "Cleanup", Time since last: 4001364844 ns, Reaching safepoint: 31339 ns, Cleanup: 89830 ns, At safepoint: 21190 ns, Total: 142359 ns
[2025-06-13T04:27:02.098+0000][72][info ][safepoint   ] Safepoint "Cleanup", Time since last: 16731382904 ns, Reaching safepoint: 50227 ns, Cleanup: 12305 ns, At safepoint: 9056 ns, Total: 71588 ns
[2025-06-13T04:27:05.099+0000][72][info ][safepoint   ] Safepoint "Cleanup", Time since last: 3000849640 ns, Reaching safepoint: 33430 ns, Cleanup: 18995 ns, At safepoint: 17315 ns, Total: 69740 ns
[2025-06-13T04:27:14.038+0000][72][info ][safepoint   ] Safepoint "Cleanup", Time since last: 8938764630 ns, Reaching safepoint: 6703 ns, Cleanup: 8635 ns, At safepoint: 13699 ns, Total: 29037 ns
[2025-06-13T04:27:15.408+0000][72][info ][safepoint   ] Safepoint "Cleanup", Time since last: 1369556669 ns, Reaching safepoint: 30404 ns, Cleanup: 21574 ns, At safepoint: 16188 ns, Total: 68166 ns
[2025-06-13T04:27:24.410+0000][72][info ][safepoint   ] Safepoint "Cleanup", Time since last: 9002143195 ns, Reaching safepoint: 22375 ns, Cleanup: 17047 ns, At safepoint: 8695 ns, Total: 48117 ns
[2025-06-13T04:27:29.411+0000][72][info ][safepoint   ] Safepoint "Cleanup", Time since last: 5001250701 ns, Reaching safepoint: 45504 ns, Cleanup: 13774 ns, At safepoint: 8804 ns, Total: 68082 ns
[2025-06-13T04:27:32.410+0000][72][info ][safepoint   ] Safepoint "Cleanup", Time since last: 3001278638 ns, Reaching safepoint: 33183 ns, Cleanup: 15652 ns, At safepoint: 17091 ns, Total: 65926 ns
[2025-06-13T04:27:44.413+0000][72][info ][safepoint   ] Safepoint "Cleanup", Time since last: 12002537780 ns, Reaching safepoint: 37451 ns, Cleanup: 92846 ns, At safepoint: 21811 ns, Total: 152108 ns
[2025-06-13T04:27:45.413+0000][72][info ][safepoint   ] Safepoint "Cleanup", Time since last: 1000807656 ns, Reaching safepoint: 32779 ns, Cleanup: 16824 ns, At safepoint: 17536 ns, Total: 67139 ns
[2025-06-13T04:27:47.132+0000][72][info ][safepoint   ] Safepoint "Cleanup", Time since last: 1718002223 ns, Reaching safepoint: 30828 ns, Cleanup: 18884 ns, At safepoint: 15824 ns, Total: 65536 ns
[2025-06-13T04:28:08.134+0000][72][info ][safepoint   ] Safepoint "Cleanup", Time since last: 21003988463 ns, Reaching safepoint: 37909 ns, Cleanup: 99363 ns, At safepoint: 22108 ns, Total: 159380 ns
[2025-06-13T04:28:17.036+0000][72][info ][safepoint   ] Safepoint "Cleanup", Time since last: 8901620946 ns, Reaching safepoint: 596379 ns, Cleanup: 17291 ns, At safepoint: 183390 ns, Total: 797060 ns
[2025-06-13T04:28:18.457+0000][72][info ][safepoint   ] Safepoint "Cleanup", Time since last: 1420469963 ns, Reaching safepoint: 31354 ns, Cleanup: 19305 ns, At safepoint: 16924 ns, Total: 67583 ns
[2025-06-13T04:28:26.049+0000][72][info ][safepoint   ] Safepoint "Cleanup", Time since last: 7591981723 ns, Reaching safepoint: 7335 ns, Cleanup: 32903 ns, At safepoint: 14621 ns, Total: 54859 ns
[2025-06-13T04:28:27.501+0000][72][info ][safepoint   ] Safepoint "Cleanup", Time since last: 1452089687 ns, Reaching safepoint: 79190 ns, Cleanup: 112162 ns, At safepoint: 19669 ns, Total: 211021 ns
[2025-06-13T04:28:29.272+0000][72][info ][safepoint   ] Safepoint "Cleanup", Time since last: 1771182218 ns, Reaching safepoint: 30604 ns, Cleanup: 24023 ns, At safepoint: 15288 ns, Total: 69915 ns
[2025-06-13T04:28:32.052+0000][72][info ][safepoint   ] Safepoint "Cleanup", Time since last: 2782276162 ns, Reaching safepoint: 15519 ns, Cleanup: 150405 ns, At safepoint: 92035 ns, Total: 257959 ns
[2025-06-13T04:28:33.277+0000][72][info ][safepoint   ] Safepoint "Cleanup", Time since last: 1224829055 ns, Reaching safepoint: 13820 ns, Cleanup: 22831 ns, At safepoint: 112977 ns, Total: 149628 ns
[2025-06-13T04:28:47.168+0000][72][info ][safepoint   ] Safepoint "Cleanup", Time since last: 13890744870 ns, Reaching safepoint: 18430 ns, Cleanup: 12275 ns, At safepoint: 7703 ns, Total: 38408 ns
[2025-06-13T04:28:56.029+0000][72][info ][safepoint   ] Safepoint "Cleanup", Time since last: 8860926681 ns, Reaching safepoint: 17191 ns, Cleanup: 19139 ns, At safepoint: 84564 ns, Total: 120894 ns
[2025-06-13T04:28:57.570+0000][72][info ][safepoint   ] Safepoint "Cleanup", Time since last: 1541300939 ns, Reaching safepoint: 76356 ns, Cleanup: 16508 ns, At safepoint: 33022 ns, Total: 125886 ns
[2025-06-13T04:29:05.334+0000][72][info ][safepoint   ] Safepoint "Cleanup", Time since last: 7766390130 ns, Reaching safepoint: 30512 ns, Cleanup: 17796 ns, At safepoint: 15548 ns, Total: 63856 ns
[2025-06-13T04:29:08.336+0000][72][info ][safepoint   ] Safepoint "Cleanup", Time since last: 3001134231 ns, Reaching safepoint: 31440 ns, Cleanup: 18367 ns, At safepoint: 16501 ns, Total: 66308 ns
[2025-06-13T04:29:20.639+0000][72][info ][safepoint   ] Safepoint "Cleanup", Time since last: 12303434618 ns, Reaching safepoint: 133028 ns, Cleanup: 14410 ns, At safepoint: 39110 ns, Total: 186548 ns
[2025-06-13T04:29:21.640+0000][72][info ][safepoint   ] Safepoint "Cleanup", Time since last: 1001011209 ns, Reaching safepoint: 38718 ns, Cleanup: 15524 ns, At safepoint: 87725 ns, Total: 141967 ns
[2025-06-13T04:29:23.378+0000][72][info ][safepoint   ] Safepoint "Cleanup", Time since last: 1737611683 ns, Reaching safepoint: 37266 ns, Cleanup: 17984 ns, At safepoint: 19084 ns, Total: 74334 ns
[2025-06-13T04:29:24.379+0000][72][info ][safepoint   ] Safepoint "Cleanup", Time since last: 1000652155 ns, Reaching safepoint: 24188 ns, Cleanup: 23959 ns, At safepoint: 10521 ns, Total: 58668 ns
[2025-06-13T04:29:57.205+0000][72][info ][safepoint   ] Safepoint "Cleanup", Time since last: 32828170999 ns, Reaching safepoint: 30238 ns, Cleanup: 19981 ns, At safepoint: 15723 ns, Total: 65942 ns
[2025-06-13T04:30:02.203+0000][72][info ][safepoint   ] Safepoint "Cleanup", Time since last: 5001323133 ns, Reaching safepoint: 73397 ns, Cleanup: 20187 ns, At safepoint: 35799 ns, Total: 129383 ns
[2025-06-13T04:30:22.208+0000][72][info ][safepoint   ] Safepoint "Cleanup", Time since last: 20003822296 ns, Reaching safepoint: 80990 ns, Cleanup: 177982 ns, At safepoint: 28773 ns, Total: 287745 ns
[2025-06-13T04:30:23.675+0000][72][info ][safepoint   ] Safepoint "Cleanup", Time since last: 1467208275 ns, Reaching safepoint: 30903 ns, Cleanup: 34703 ns, At safepoint: 72066 ns, Total: 137672 ns
[2025-06-13T04:30:24.682+0000][72][info ][safepoint   ] Safepoint "Cleanup", Time since last: 1007107950 ns, Reaching safepoint: 27655 ns, Cleanup: 18076 ns, At safepoint: 10999 ns, Total: 56730 ns
[2025-06-13T04:30:26.688+0000][72][info ][safepoint   ] Safepoint "Cleanup", Time since last: 2005531997 ns, Reaching safepoint: 30238 ns, Cleanup: 14262 ns, At safepoint: 11079 ns, Total: 55579 ns
[2025-06-13T04:30:34.692+0000][72][info ][safepoint   ] Safepoint "Cleanup", Time since last: 8006054228 ns, Reaching safepoint: 135247 ns, Cleanup: 17781 ns, At safepoint: 33290 ns, Total: 186318 ns
[2025-06-13T04:30:56.115+0000][72][info ][gc,start    ] GC(17) Pause Young (Concurrent Start) (CodeCache GC Threshold)
[2025-06-13T04:30:56.119+0000][72][info ][gc,task     ] GC(17) Using 10 workers of 10 for evacuation
[2025-06-13T04:30:56.120+0000][72][debug][gc,age      ] GC(17) Desired survivor size 65011712 bytes, new threshold 15 (max threshold 15)
[2025-06-13T04:30:56.236+0000][72][info ][gc,phases   ] GC(17)   Pre Evacuate Collection Set: 18.34ms
[2025-06-13T04:30:56.236+0000][72][info ][gc,phases   ] GC(17)   Merge Heap Roots: 0.82ms
[2025-06-13T04:30:56.237+0000][72][info ][gc,phases   ] GC(17)   Evacuate Collection Set: 91.04ms
[2025-06-13T04:30:56.237+0000][72][info ][gc,phases   ] GC(17)   Post Evacuate Collection Set: 5.10ms
[2025-06-13T04:30:56.238+0000][72][info ][gc,phases   ] GC(17)   Other: 1.55ms
[2025-06-13T04:30:56.238+0000][72][trace][gc,age      ] GC(17) Age table with threshold 15 (max threshold 15)
[2025-06-13T04:30:56.238+0000][72][trace][gc,age      ] GC(17) - age   1:    1120608 bytes,    1120608 total
[2025-06-13T04:30:56.239+0000][72][trace][gc,age      ] GC(17) - age   2:     100224 bytes,    1220832 total
[2025-06-13T04:30:56.239+0000][72][trace][gc,age      ] GC(17) - age   3:     108808 bytes,    1329640 total
[2025-06-13T04:30:56.240+0000][72][trace][gc,age      ] GC(17) - age   4:    2372352 bytes,    3701992 total
[2025-06-13T04:30:56.240+0000][72][trace][gc,age      ] GC(17) - age   5:   43198880 bytes,   46900872 total
[2025-06-13T04:30:56.240+0000][72][info ][gc,heap     ] GC(17) Eden regions: 123->0(308)
[2025-06-13T04:30:56.241+0000][72][info ][gc,heap     ] GC(17) Survivor regions: 13->13(31)
[2025-06-13T04:30:56.241+0000][72][info ][gc,heap     ] GC(17) Old regions: 15->15
[2025-06-13T04:30:56.241+0000][72][info ][gc,heap     ] GC(17) Humongous regions: 0->0
[2025-06-13T04:30:56.242+0000][72][info ][gc,metaspace] GC(17) Metaspace: 147162K(151232K)->147162K(151232K) NonClass: 127086K(129280K)->127086K(129280K) Class: 20075K(21952K)->20075K(21952K)
[2025-06-13T04:30:56.242+0000][72][info ][gc          ] GC(17) Pause Young (Concurrent Start) (CodeCache GC Threshold) 597M->109M(3880M) 127.405ms
[2025-06-13T04:30:56.243+0000][72][info ][gc,cpu      ] GC(17) User=0.93s Sys=0.00s Real=0.13s
[2025-06-13T04:30:56.243+0000][72][info ][gc          ] GC(18) Concurrent Mark Cycle
[2025-06-13T04:30:56.243+0000][72][info ][safepoint   ] Safepoint "G1TryInitiateConcMark", Time since last: 21422516802 ns, Reaching safepoint: 23219 ns, Cleanup: 4674 ns, At safepoint: 128847990 ns, Total: 128875883 ns
[2025-06-13T04:30:56.244+0000][72][info ][gc,marking  ] GC(18) Concurrent Scan Root Regions
[2025-06-13T04:30:56.275+0000][72][info ][gc,marking  ] GC(18) Concurrent Scan Root Regions 31.003ms
[2025-06-13T04:30:56.275+0000][72][info ][gc,marking  ] GC(18) Concurrent Mark
[2025-06-13T04:30:56.276+0000][72][info ][gc,marking  ] GC(18) Concurrent Mark From Roots
[2025-06-13T04:30:56.276+0000][72][info ][gc,task     ] GC(18) Using 3 workers of 3 for marking
[2025-06-13T04:30:56.363+0000][72][info ][gc,marking  ] GC(18) Concurrent Mark From Roots 86.991ms
[2025-06-13T04:30:56.363+0000][72][info ][gc,marking  ] GC(18) Concurrent Preclean
[2025-06-13T04:30:56.365+0000][72][info ][gc,marking  ] GC(18) Concurrent Preclean 1.368ms
[2025-06-13T04:30:56.365+0000][72][info ][gc,start    ] GC(18) Pause Remark
[2025-06-13T04:30:56.744+0000][72][info ][gc,mmu      ] GC(18) MMU target violated: 201.0ms (200.0ms/201.0ms)
[2025-06-13T04:30:56.744+0000][72][info ][gc          ] GC(18) Pause Remark 110M->110M(3880M) 378.573ms
[2025-06-13T04:30:56.744+0000][72][info ][gc,cpu      ] GC(18) User=3.27s Sys=0.00s Real=0.38s
[2025-06-13T04:30:56.745+0000][72][info ][safepoint   ] Safepoint "G1PauseRemark", Time since last: 121989336 ns, Reaching safepoint: 31127 ns, Cleanup: 6271 ns, At safepoint: 379398714 ns, Total: 379436112 ns
[2025-06-13T04:30:56.745+0000][72][info ][gc,marking  ] GC(18) Concurrent Mark 469.739ms
[2025-06-13T04:30:56.745+0000][72][info ][gc,marking  ] GC(18) Concurrent Rebuild Remembered Sets and Scrub Regions
[2025-06-13T04:30:56.761+0000][72][info ][gc,marking  ] GC(18) Concurrent Rebuild Remembered Sets and Scrub Regions 15.807ms
[2025-06-13T04:30:56.763+0000][72][info ][gc,start    ] GC(18) Pause Cleanup
[2025-06-13T04:30:56.764+0000][72][info ][gc          ] GC(18) Pause Cleanup 111M->111M(3880M) 0.778ms
[2025-06-13T04:30:56.764+0000][72][info ][gc,cpu      ] GC(18) User=0.00s Sys=0.00s Real=0.00s
[2025-06-13T04:30:56.764+0000][72][info ][safepoint   ] Safepoint "G1PauseCleanup", Time since last: 17125722 ns, Reaching safepoint: 670286 ns, Cleanup: 196214 ns, At safepoint: 1620438 ns, Total: 2486938 ns
[2025-06-13T04:30:56.765+0000][72][info ][gc,marking  ] GC(18) Concurrent Clear Claimed Marks
[2025-06-13T04:30:56.766+0000][72][info ][gc,marking  ] GC(18) Concurrent Clear Claimed Marks 0.850ms
[2025-06-13T04:30:56.766+0000][72][info ][gc,marking  ] GC(18) Concurrent Cleanup for Next Mark
[2025-06-13T04:30:56.831+0000][72][info ][gc,marking  ] GC(18) Concurrent Cleanup for Next Mark 65.011ms
[2025-06-13T04:30:56.832+0000][72][info ][gc          ] GC(18) Concurrent Mark Cycle 588.543ms
[2025-06-13T04:31:17.766+0000][72][info ][safepoint   ] Safepoint "Cleanup", Time since last: 21004262100 ns, Reaching safepoint: 69076 ns, Cleanup: 16841 ns, At safepoint: 16374 ns, Total: 102291 ns
[2025-06-13T04:31:25.768+0000][72][info ][safepoint   ] Safepoint "Cleanup", Time since last: 8001959848 ns, Reaching safepoint: 25982 ns, Cleanup: 17903 ns, At safepoint: 11145 ns, Total: 55030 ns
[2025-06-13T04:31:26.768+0000][72][info ][safepoint   ] Safepoint "Cleanup", Time since last: 1000221335 ns, Reaching safepoint: 30642 ns, Cleanup: 19124 ns, At safepoint: 97753 ns, Total: 147519 ns
[2025-06-13T04:31:27.792+0000][72][info ][safepoint   ] Safepoint "Cleanup", Time since last: 1023222472 ns, Reaching safepoint: 30268 ns, Cleanup: 57782 ns, At safepoint: 20420 ns, Total: 108470 ns
[2025-06-13T04:31:41.792+0000][72][info ][safepoint   ] Safepoint "Cleanup", Time since last: 14003356494 ns, Reaching safepoint: 47305 ns, Cleanup: 14232 ns, At safepoint: 8174 ns, Total: 69711 ns
[2025-06-13T04:31:44.794+0000][72][info ][safepoint   ] Safepoint "Cleanup", Time since last: 3001331116 ns, Reaching safepoint: 32785 ns, Cleanup: 16875 ns, At safepoint: 17323 ns, Total: 66983 ns
[2025-06-13T04:31:47.272+0000][72][info ][safepoint   ] Safepoint "Cleanup", Time since last: 2477941643 ns, Reaching safepoint: 63803 ns, Cleanup: 18827 ns, At safepoint: 16860 ns, Total: 99490 ns
[2025-06-13T04:32:25.277+0000][72][info ][safepoint   ] Safepoint "Cleanup", Time since last: 38007426118 ns, Reaching safepoint: 68234 ns, Cleanup: 17942 ns, At safepoint: 16798 ns, Total: 102974 ns
[2025-06-13T04:32:29.043+0000][72][info ][safepoint   ] Safepoint "Cleanup", Time since last: 3766077460 ns, Reaching safepoint: 13082 ns, Cleanup: 14716 ns, At safepoint: 19396 ns, Total: 47194 ns
[2025-06-13T04:32:30.832+0000][72][info ][safepoint   ] Safepoint "Cleanup", Time since last: 1788347656 ns, Reaching safepoint: 33612 ns, Cleanup: 30224 ns, At safepoint: 17480 ns, Total: 81316 ns
[2025-06-13T04:33:07.304+0000][72][info ][safepoint   ] Safepoint "Cleanup", Time since last: 36479093216 ns, Reaching safepoint: 33519 ns, Cleanup: 15581 ns, At safepoint: 62093 ns, Total: 111193 ns
[2025-06-13T04:33:08.305+0000][72][info ][safepoint   ] Safepoint "Cleanup", Time since last: 1000748315 ns, Reaching safepoint: 30315 ns, Cleanup: 24038 ns, At safepoint: 15412 ns, Total: 69765 ns
[2025-06-13T04:33:32.006+0000][72][info ][safepoint   ] Safepoint "Cleanup", Time since last: 23701835512 ns, Reaching safepoint: 8725 ns, Cleanup: 9993 ns, At safepoint: 13062 ns, Total: 31780 ns
[2025-06-13T04:33:37.870+0000][72][info ][safepoint   ] Safepoint "Cleanup", Time since last: 5863200804 ns, Reaching safepoint: 61740 ns, Cleanup: 14754 ns, At safepoint: 11288 ns, Total: 87782 ns
[2025-06-13T04:33:53.343+0000][72][info ][safepoint   ] Safepoint "Cleanup", Time since last: 15473460005 ns, Reaching safepoint: 49303 ns, Cleanup: 14463 ns, At safepoint: 8614 ns, Total: 72380 ns
[2025-06-13T04:33:59.003+0000][72][info ][safepoint   ] Safepoint "Cleanup", Time since last: 5660113150 ns, Reaching safepoint: 6071 ns, Cleanup: 9315 ns, At safepoint: 13256 ns, Total: 28642 ns
[2025-06-13T04:34:07.890+0000][72][info ][safepoint   ] Safepoint "Cleanup", Time since last: 8888292183 ns, Reaching safepoint: 33271 ns, Cleanup: 16870 ns, At safepoint: 17599 ns, Total: 67740 ns
[2025-06-13T04:34:24.801+0000][72][info ][safepoint   ] Safepoint "Cleanup", Time since last: 16911425247 ns, Reaching safepoint: 45946 ns, Cleanup: 14826 ns, At safepoint: 8398 ns, Total: 69170 ns
[2025-06-13T04:34:27.802+0000][72][info ][safepoint   ] Safepoint "Cleanup", Time since last: 3001081058 ns, Reaching safepoint: 32060 ns, Cleanup: 21829 ns, At safepoint: 16798 ns, Total: 70687 ns
[2025-06-13T04:34:32.801+0000][72][info ][safepoint   ] Safepoint "Cleanup", Time since last: 5001477209 ns, Reaching safepoint: 31145 ns, Cleanup: 18834 ns, At safepoint: 15471 ns, Total: 65450 ns
[2025-06-13T04:34:35.017+0000][72][info ][safepoint   ] Safepoint "Cleanup", Time since last: 2215913407 ns, Reaching safepoint: 135322 ns, Cleanup: 9621 ns, At safepoint: 43035 ns, Total: 187978 ns
[2025-06-13T04:34:36.925+0000][72][info ][safepoint   ] Safepoint "Cleanup", Time since last: 1907823550 ns, Reaching safepoint: 12827 ns, Cleanup: 47520 ns, At safepoint: 75830 ns, Total: 136177 ns
[2025-06-13T04:34:37.930+0000][72][info ][safepoint   ] Safepoint "Cleanup", Time since last: 1004611654 ns, Reaching safepoint: 28230 ns, Cleanup: 18616 ns, At safepoint: 8607 ns, Total: 55453 ns
[2025-06-13T04:35:24.378+0000][72][info ][safepoint   ] Safepoint "Cleanup", Time since last: 46450432022 ns, Reaching safepoint: 93695 ns, Cleanup: 13733 ns, At safepoint: 8535 ns, Total: 115963 ns
[2025-06-13T04:35:27.379+0000][72][info ][safepoint   ] Safepoint "Cleanup", Time since last: 3001094938 ns, Reaching safepoint: 19837 ns, Cleanup: 12988 ns, At safepoint: 9518 ns, Total: 42343 ns
[2025-06-13T04:35:37.379+0000][72][info ][safepoint   ] Safepoint "Cleanup", Time since last: 10001990222 ns, Reaching safepoint: 55766 ns, Cleanup: 14959 ns, At safepoint: 9661 ns, Total: 80386 ns
[2025-06-13T04:35:38.951+0000][72][info ][safepoint   ] Safepoint "Cleanup", Time since last: 1571998019 ns, Reaching safepoint: 17030 ns, Cleanup: 21670 ns, At safepoint: 134749 ns, Total: 173449 ns
[2025-06-13T04:35:47.408+0000][72][info ][safepoint   ] Safepoint "Cleanup", Time since last: 8456751730 ns, Reaching safepoint: 34887 ns, Cleanup: 17505 ns, At safepoint: 16629 ns, Total: 69021 ns
[2025-06-13T04:36:05.409+0000][72][info ][safepoint   ] Safepoint "Cleanup", Time since last: 18003617356 ns, Reaching safepoint: 69256 ns, Cleanup: 15462 ns, At safepoint: 15373 ns, Total: 100091 ns
[2025-06-13T04:36:29.414+0000][72][info ][safepoint   ] Safepoint "Cleanup", Time since last: 24004837197 ns, Reaching safepoint: 57094 ns, Cleanup: 21917 ns, At safepoint: 11904 ns, Total: 90915 ns
[2025-06-13T04:36:32.416+0000][72][info ][safepoint   ] Safepoint "Cleanup", Time since last: 3004191718 ns, Reaching safepoint: 33980 ns, Cleanup: 17642 ns, At safepoint: 16571 ns, Total: 68193 ns
[2025-06-13T04:36:41.048+0000][72][info ][safepoint   ] Safepoint "Cleanup", Time since last: 8631333522 ns, Reaching safepoint: 13288 ns, Cleanup: 24379 ns, At safepoint: 80178 ns, Total: 117845 ns
[2025-06-13T04:36:43.009+0000][72][info ][safepoint   ] Safepoint "Cleanup", Time since last: 1961540426 ns, Reaching safepoint: 33666 ns, Cleanup: 29770 ns, At safepoint: 17355 ns, Total: 80791 ns
[2025-06-13T04:36:56.445+0000][72][info ][safepoint   ] Safepoint "Cleanup", Time since last: 13436027280 ns, Reaching safepoint: 32833 ns, Cleanup: 16136 ns, At safepoint: 63341 ns, Total: 112310 ns
[2025-06-13T04:37:24.448+0000][72][info ][safepoint   ] Safepoint "Cleanup", Time since last: 28005557927 ns, Reaching safepoint: 62683 ns, Cleanup: 16496 ns, At safepoint: 29912 ns, Total: 109091 ns
[2025-06-13T04:37:27.450+0000][72][info ][safepoint   ] Safepoint "Cleanup", Time since last: 3001314934 ns, Reaching safepoint: 35131 ns, Cleanup: 23409 ns, At safepoint: 18359 ns, Total: 76899 ns
[2025-06-13T04:37:38.450+0000][72][info ][safepoint   ] Safepoint "Cleanup", Time since last: 11002774425 ns, Reaching safepoint: 33987 ns, Cleanup: 64851 ns, At safepoint: 20774 ns, Total: 119612 ns
[2025-06-13T04:37:42.452+0000][72][info ][safepoint   ] Safepoint "Cleanup", Time since last: 4001239836 ns, Reaching safepoint: 67804 ns, Cleanup: 23223 ns, At safepoint: 30456 ns, Total: 121483 ns
[2025-06-13T04:37:44.006+0000][72][info ][safepoint   ] Safepoint "Cleanup", Time since last: 1554494342 ns, Reaching safepoint: 6726 ns, Cleanup: 7682 ns, At safepoint: 5092 ns, Total: 19500 ns
[2025-06-13T04:37:45.029+0000][72][info ][safepoint   ] Safepoint "Cleanup", Time since last: 1022546670 ns, Reaching safepoint: 164992 ns, Cleanup: 19487 ns, At safepoint: 76906 ns, Total: 261385 ns
[2025-06-13T04:38:08.479+0000][72][info ][safepoint   ] Safepoint "Cleanup", Time since last: 23452987658 ns, Reaching safepoint: 16920 ns, Cleanup: 15288 ns, At safepoint: 7874 ns, Total: 40082 ns
[2025-06-13T04:38:17.481+0000][72][info ][safepoint   ] Safepoint "Cleanup", Time since last: 9001562908 ns, Reaching safepoint: 68425 ns, Cleanup: 12470 ns, At safepoint: 7434 ns, Total: 88329 ns
[2025-06-13T04:38:24.483+0000][72][info ][safepoint   ] Safepoint "Cleanup", Time since last: 7001652966 ns, Reaching safepoint: 19550 ns, Cleanup: 18221 ns, At safepoint: 8111 ns, Total: 45882 ns
[2025-06-13T04:38:27.485+0000][72][info ][safepoint   ] Safepoint "Cleanup", Time since last: 3001842165 ns, Reaching safepoint: 68587 ns, Cleanup: 17554 ns, At safepoint: 32991 ns, Total: 119132 ns
[2025-06-13T04:38:47.037+0000][72][info ][safepoint   ] Safepoint "Cleanup", Time since last: 19553995759 ns, Reaching safepoint: 13907 ns, Cleanup: 23955 ns, At safepoint: 127944 ns, Total: 165806 ns
[2025-06-13T04:38:48.062+0000][72][info ][safepoint   ] Safepoint "Cleanup", Time since last: 1024576874 ns, Reaching safepoint: 29451 ns, Cleanup: 14923 ns, At safepoint: 15896 ns, Total: 60270 ns
[2025-06-13T04:38:56.086+0000][72][info ][safepoint   ] Safepoint "Cleanup", Time since last: 8024185556 ns, Reaching safepoint: 31275 ns, Cleanup: 15361 ns, At safepoint: 16716 ns, Total: 63352 ns
[2025-06-13T04:39:03.025+0000][72][info ][safepoint   ] Safepoint "Cleanup", Time since last: 6941692768 ns, Reaching safepoint: 80826 ns, Cleanup: 17125 ns, At safepoint: 17877 ns, Total: 115828 ns
[2025-06-13T04:39:08.161+0000][72][info ][safepoint   ] Safepoint "Cleanup", Time since last: 5136727568 ns, Reaching safepoint: 84123 ns, Cleanup: 15640 ns, At safepoint: 12056 ns, Total: 111819 ns
[2025-06-13T04:39:50.044+0000][72][info ][safepoint   ] Safepoint "Cleanup", Time since last: 41884578513 ns, Reaching safepoint: 35093 ns, Cleanup: 9789 ns, At safepoint: 22288 ns, Total: 67170 ns
[2025-06-13T04:39:51.232+0000][72][info ][safepoint   ] Safepoint "Cleanup", Time since last: 1187611888 ns, Reaching safepoint: 9936 ns, Cleanup: 24871 ns, At safepoint: 6261 ns, Total: 41068 ns
[2025-06-13T04:40:07.237+0000][72][info ][safepoint   ] Safepoint "Cleanup", Time since last: 16008137559 ns, Reaching safepoint: 71084 ns, Cleanup: 21614 ns, At safepoint: 17431 ns, Total: 110129 ns
[2025-06-13T04:40:25.241+0000][72][info ][safepoint   ] Safepoint "Cleanup", Time since last: 18004216130 ns, Reaching safepoint: 103548 ns, Cleanup: 22718 ns, At safepoint: 10717 ns, Total: 136983 ns
[2025-06-13T04:40:49.590+0000][72][info ][safepoint   ] Safepoint "Cleanup", Time since last: 24350878129 ns, Reaching safepoint: 33740 ns, Cleanup: 16451 ns, At safepoint: 18093 ns, Total: 68284 ns
[2025-06-13T04:40:53.259+0000][72][info ][safepoint   ] Safepoint "Cleanup", Time since last: 3668457641 ns, Reaching safepoint: 12384 ns, Cleanup: 10281 ns, At safepoint: 19124 ns, Total: 41789 ns
[2025-06-13T04:40:56.270+0000][72][info ][safepoint   ] Safepoint "Cleanup", Time since last: 3011334026 ns, Reaching safepoint: 20287 ns, Cleanup: 13638 ns, At safepoint: 8558 ns, Total: 42483 ns
[2025-06-13T04:41:07.275+0000][72][info ][safepoint   ] Safepoint "Cleanup", Time since last: 11006509103 ns, Reaching safepoint: 63831 ns, Cleanup: 16565 ns, At safepoint: 11455 ns, Total: 91851 ns
[2025-06-13T04:41:22.278+0000][72][info ][safepoint   ] Safepoint "Cleanup", Time since last: 15003249432 ns, Reaching safepoint: 74385 ns, Cleanup: 18402 ns, At safepoint: 18217 ns, Total: 111004 ns
[2025-06-13T04:41:56.022+0000][72][info ][safepoint   ] Safepoint "Cleanup", Time since last: 33745531953 ns, Reaching safepoint: 466359 ns, Cleanup: 18759 ns, At safepoint: 77062 ns, Total: 562180 ns
[2025-06-13T04:41:57.324+0000][72][info ][safepoint   ] Safepoint "Cleanup", Time since last: 1301969382 ns, Reaching safepoint: 25278 ns, Cleanup: 14687 ns, At safepoint: 10762 ns, Total: 50727 ns
[2025-06-13T04:42:15.330+0000][72][info ][safepoint   ] Safepoint "Cleanup", Time since last: 18008691251 ns, Reaching safepoint: 36694 ns, Cleanup: 20131 ns, At safepoint: 18046 ns, Total: 74871 ns
[2025-06-13T04:42:24.332+0000][72][info ][safepoint   ] Safepoint "Cleanup", Time since last: 9002137722 ns, Reaching safepoint: 68737 ns, Cleanup: 15358 ns, At safepoint: 17116 ns, Total: 101211 ns
[2025-06-13T04:42:50.662+0000][72][info ][safepoint   ] Safepoint "Cleanup", Time since last: 26331977146 ns, Reaching safepoint: 28788 ns, Cleanup: 14697 ns, At safepoint: 53640 ns, Total: 97125 ns
[2025-06-13T04:42:54.667+0000][72][info ][safepoint   ] Safepoint "Cleanup", Time since last: 4004868860 ns, Reaching safepoint: 30178 ns, Cleanup: 16840 ns, At safepoint: 14581 ns, Total: 61599 ns
[2025-06-13T04:42:59.044+0000][72][info ][safepoint   ] Safepoint "Cleanup", Time since last: 4377224954 ns, Reaching safepoint: 382154 ns, Cleanup: 15426 ns, At safepoint: 129722 ns, Total: 527302 ns
[2025-06-13T04:43:00.373+0000][72][info ][safepoint   ] Safepoint "Cleanup", Time since last: 1328941297 ns, Reaching safepoint: 39815 ns, Cleanup: 16323 ns, At safepoint: 8574 ns, Total: 64712 ns
[2025-06-13T04:43:01.374+0000][72][info ][safepoint   ] Safepoint "Cleanup", Time since last: 1000911024 ns, Reaching safepoint: 30840 ns, Cleanup: 15677 ns, At safepoint: 16258 ns, Total: 62775 ns
[2025-06-13T04:43:09.374+0000][72][info ][safepoint   ] Safepoint "Cleanup", Time since last: 8002018312 ns, Reaching safepoint: 19564 ns, Cleanup: 12451 ns, At safepoint: 7431 ns, Total: 39446 ns
[2025-06-13T04:43:14.376+0000][72][info ][safepoint   ] Safepoint "Cleanup", Time since last: 5001354364 ns, Reaching safepoint: 28924 ns, Cleanup: 16878 ns, At safepoint: 11003 ns, Total: 56805 ns
[2025-06-13T04:43:35.031+0000][72][info ][safepoint   ] Safepoint "Cleanup", Time since last: 20657009434 ns, Reaching safepoint: 23049 ns, Cleanup: 7584 ns, At safepoint: 13153 ns, Total: 43786 ns
[2025-06-13T04:43:36.397+0000][72][info ][safepoint   ] Safepoint "Cleanup", Time since last: 1366423183 ns, Reaching safepoint: 32119 ns, Cleanup: 17189 ns, At safepoint: 16235 ns, Total: 65543 ns
[2025-06-13T04:43:39.398+0000][72][info ][safepoint   ] Safepoint "Cleanup", Time since last: 3000955232 ns, Reaching safepoint: 19220 ns, Cleanup: 13467 ns, At safepoint: 9180 ns, Total: 41867 ns
[2025-06-13T04:44:02.024+0000][72][info ][safepoint   ] Safepoint "Cleanup", Time since last: 22628141159 ns, Reaching safepoint: 15689 ns, Cleanup: 14925 ns, At safepoint: 5157 ns, Total: 35771 ns
[2025-06-13T04:44:03.452+0000][72][info ][safepoint   ] Safepoint "Cleanup", Time since last: 1428131915 ns, Reaching safepoint: 18067 ns, Cleanup: 12368 ns, At safepoint: 8256 ns, Total: 38691 ns
[2025-06-13T04:44:05.115+0000][72][info ][safepoint   ] Safepoint "Cleanup", Time since last: 1663379778 ns, Reaching safepoint: 6526 ns, Cleanup: 11756 ns, At safepoint: 13639 ns, Total: 31921 ns
[2025-06-13T04:44:06.488+0000][72][info ][safepoint   ] Safepoint "Cleanup", Time since last: 1372674043 ns, Reaching safepoint: 30902 ns, Cleanup: 21539 ns, At safepoint: 15552 ns, Total: 67993 ns
[2025-06-13T04:44:24.517+0000][72][info ][safepoint   ] Safepoint "Cleanup", Time since last: 18029229304 ns, Reaching safepoint: 70727 ns, Cleanup: 15971 ns, At safepoint: 16719 ns, Total: 103417 ns
[2025-06-13T04:44:32.517+0000][72][info ][safepoint   ] Safepoint "Cleanup", Time since last: 8002198391 ns, Reaching safepoint: 24454 ns, Cleanup: 13687 ns, At safepoint: 10811 ns, Total: 48952 ns
[2025-06-13T04:44:33.991+0000][72][info ][safepoint   ] Safepoint "Cleanup", Time since last: 1473100222 ns, Reaching safepoint: 96674 ns, Cleanup: 12017 ns, At safepoint: 54059 ns, Total: 162750 ns
[2025-06-13T04:45:05.044+0000][72][info ][safepoint   ] Safepoint "Cleanup", Time since last: 31056544399 ns, Reaching safepoint: 6698 ns, Cleanup: 7751 ns, At safepoint: 13146 ns, Total: 27595 ns
[2025-06-13T04:45:06.556+0000][72][info ][safepoint   ] Safepoint "Cleanup", Time since last: 1511287346 ns, Reaching safepoint: 25228 ns, Cleanup: 43163 ns, At safepoint: 91814 ns, Total: 160205 ns
[2025-06-13T04:45:11.560+0000][72][info ][safepoint   ] Safepoint "Cleanup", Time since last: 5004082793 ns, Reaching safepoint: 35099 ns, Cleanup: 20227 ns, At safepoint: 18618 ns, Total: 73944 ns
[2025-06-13T04:46:08.021+0000][72][info ][safepoint   ] Safepoint "Cleanup", Time since last: 56465225534 ns, Reaching safepoint: 35977 ns, Cleanup: 17510 ns, At safepoint: 130339 ns, Total: 183826 ns
[2025-06-13T04:46:09.603+0000][72][info ][safepoint   ] Safepoint "Cleanup", Time since last: 1581868798 ns, Reaching safepoint: 23546 ns, Cleanup: 20424 ns, At safepoint: 9113 ns, Total: 53083 ns
[2025-06-13T04:46:23.606+0000][72][info ][safepoint   ] Safepoint "Cleanup", Time since last: 14003088524 ns, Reaching safepoint: 64329 ns, Cleanup: 16369 ns, At safepoint: 16774 ns, Total: 97472 ns
[2025-06-13T04:46:51.811+0000][72][info ][safepoint   ] Safepoint "Cleanup", Time since last: 28207148035 ns, Reaching safepoint: 33375 ns, Cleanup: 16095 ns, At safepoint: 17210 ns, Total: 66680 ns
[2025-06-13T04:47:02.811+0000][72][info ][safepoint   ] Safepoint "Cleanup", Time since last: 11002711628 ns, Reaching safepoint: 35175 ns, Cleanup: 17030 ns, At safepoint: 17410 ns, Total: 69615 ns
[2025-06-13T04:47:11.042+0000][72][info ][safepoint   ] Safepoint "Cleanup", Time since last: 8230007168 ns, Reaching safepoint: 384399 ns, Cleanup: 19795 ns, At safepoint: 60666 ns, Total: 464860 ns
[2025-06-13T04:47:12.681+0000][72][info ][safepoint   ] Safepoint "Cleanup", Time since last: 1638575852 ns, Reaching safepoint: 31386 ns, Cleanup: 31026 ns, At safepoint: 17263 ns, Total: 79675 ns
[2025-06-13T04:47:24.684+0000][72][info ][safepoint   ] Safepoint "Cleanup", Time since last: 12003277028 ns, Reaching safepoint: 69144 ns, Cleanup: 17390 ns, At safepoint: 30137 ns, Total: 116671 ns
[2025-06-13T04:48:14.707+0000][72][info ][safepoint   ] Safepoint "Cleanup", Time since last: 50028428650 ns, Reaching safepoint: 25756 ns, Cleanup: 12670 ns, At safepoint: 65730 ns, Total: 104156 ns
[2025-06-13T04:48:15.727+0000][72][info ][safepoint   ] Safepoint "Cleanup", Time since last: 1019135851 ns, Reaching safepoint: 30765 ns, Cleanup: 16642 ns, At safepoint: 15896 ns, Total: 63303 ns
[2025-06-13T04:49:08.769+0000][72][info ][safepoint   ] Safepoint "Cleanup", Time since last: 53047082245 ns, Reaching safepoint: 12932 ns, Cleanup: 11119 ns, At safepoint: 11312 ns, Total: 35363 ns
[2025-06-13T04:49:17.046+0000][72][info ][safepoint   ] Safepoint "Cleanup", Time since last: 8273858550 ns, Reaching safepoint: 2241959 ns, Cleanup: 20326 ns, At safepoint: 96730 ns, Total: 2359015 ns
[2025-06-13T04:49:18.845+0000][72][info ][safepoint   ] Safepoint "Cleanup", Time since last: 1799477897 ns, Reaching safepoint: 18244 ns, Cleanup: 12320 ns, At safepoint: 7886 ns, Total: 38450 ns
[2025-06-13T04:49:33.112+0000][72][info ][safepoint   ] Safepoint "Cleanup", Time since last: 14269878972 ns, Reaching safepoint: 23826 ns, Cleanup: 14037 ns, At safepoint: 64528 ns, Total: 102391 ns
[2025-06-13T04:49:35.088+0000][72][info ][safepoint   ] Safepoint "Cleanup", Time since last: 1975152299 ns, Reaching safepoint: 29287 ns, Cleanup: 20641 ns, At safepoint: 15671 ns, Total: 65599 ns
[2025-06-13T04:49:37.089+0000][72][info ][safepoint   ] Safepoint "Cleanup", Time since last: 2001056942 ns, Reaching safepoint: 30806 ns, Cleanup: 15515 ns, At safepoint: 16081 ns, Total: 62402 ns
[2025-06-13T04:50:20.021+0000][72][info ][safepoint   ] Safepoint "Cleanup", Time since last: 42934925115 ns, Reaching safepoint: 14322 ns, Cleanup: 9924 ns, At safepoint: 21024 ns, Total: 45270 ns
[2025-06-13T04:50:21.907+0000][72][info ][safepoint   ] Safepoint "Cleanup", Time since last: 1885496226 ns, Reaching safepoint: 29267 ns, Cleanup: 18677 ns, At safepoint: 15241 ns, Total: 63185 ns
[2025-06-13T04:50:24.909+0000][72][info ][safepoint   ] Safepoint "Cleanup", Time since last: 3001722654 ns, Reaching safepoint: 54897 ns, Cleanup: 14848 ns, At safepoint: 8525 ns, Total: 78270 ns
[2025-06-13T04:50:40.996+0000][72][info ][gc,start    ] GC(19) Pause Young (Prepare Mixed) (G1 Evacuation Pause)
[2025-06-13T04:50:40.997+0000][72][info ][gc,task     ] GC(19) Using 10 workers of 10 for evacuation
[2025-06-13T04:50:40.998+0000][72][debug][gc,age      ] GC(19) Desired survivor size 58720256 bytes, new threshold 15 (max threshold 15)
[2025-06-13T04:50:41.168+0000][72][info ][gc,phases   ] GC(19)   Pre Evacuate Collection Set: 5.43ms
[2025-06-13T04:50:41.168+0000][72][info ][gc,phases   ] GC(19)   Merge Heap Roots: 1.66ms
[2025-06-13T04:50:41.169+0000][72][info ][gc,phases   ] GC(19)   Evacuate Collection Set: 153.55ms
[2025-06-13T04:50:41.169+0000][72][info ][gc,phases   ] GC(19)   Post Evacuate Collection Set: 8.57ms
[2025-06-13T04:50:41.169+0000][72][info ][gc,phases   ] GC(19)   Other: 1.78ms
[2025-06-13T04:50:41.170+0000][72][trace][gc,age      ] GC(19) Age table with threshold 15 (max threshold 15)
[2025-06-13T04:50:41.170+0000][72][trace][gc,age      ] GC(19) - age   1:     777992 bytes,     777992 total
[2025-06-13T04:50:41.170+0000][72][trace][gc,age      ] GC(19) - age   2:     292072 bytes,    1070064 total
[2025-06-13T04:50:41.170+0000][72][trace][gc,age      ] GC(19) - age   3:      98384 bytes,    1168448 total
[2025-06-13T04:50:41.171+0000][72][trace][gc,age      ] GC(19) - age   4:     108648 bytes,    1277096 total
[2025-06-13T04:50:41.171+0000][72][trace][gc,age      ] GC(19) - age   5:    2369288 bytes,    3646384 total
[2025-06-13T04:50:41.171+0000][72][trace][gc,age      ] GC(19) - age   6:   42549864 bytes,   46196248 total
[2025-06-13T04:50:41.171+0000][72][info ][gc,heap     ] GC(19) Eden regions: 210->0(241)
[2025-06-13T04:50:41.172+0000][72][info ][gc,heap     ] GC(19) Survivor regions: 13->13(28)
[2025-06-13T04:50:41.172+0000][72][info ][gc,heap     ] GC(19) Old regions: 15->15
[2025-06-13T04:50:41.172+0000][72][info ][gc,heap     ] GC(19) Humongous regions: 0->0
[2025-06-13T04:50:41.172+0000][72][info ][gc,metaspace] GC(19) Metaspace: 147231K(151360K)->147231K(151360K) NonClass: 127216K(129408K)->127216K(129408K) Class: 20014K(21952K)->20014K(21952K)
[2025-06-13T04:50:41.173+0000][72][info ][gc          ] GC(19) Pause Young (Prepare Mixed) (G1 Evacuation Pause) 949M->110M(3880M) 176.899ms
[2025-06-13T04:50:41.173+0000][72][info ][gc,cpu      ] GC(19) User=1.31s Sys=0.04s Real=0.18s
[2025-06-13T04:50:41.174+0000][72][info ][safepoint   ] Safepoint "G1CollectForAllocation", Time since last: 16089792566 ns, Reaching safepoint: 193052 ns, Cleanup: 4565 ns, At safepoint: 178158961 ns, Total: 178356578 ns
[2025-06-13T04:51:37.944+0000][72][info ][safepoint   ] Safepoint "Cleanup", Time since last: 56774202791 ns, Reaching safepoint: 48579 ns, Cleanup: 18191 ns, At safepoint: 8654 ns, Total: 75424 ns
[2025-06-13T04:52:25.000+0000][72][info ][safepoint   ] Safepoint "Cleanup", Time since last: 47057818551 ns, Reaching safepoint: 95505 ns, Cleanup: 18126 ns, At safepoint: 11062 ns, Total: 124693 ns
[2025-06-13T04:52:26.000+0000][72][info ][safepoint   ] Safepoint "Cleanup", Time since last: 1000594106 ns, Reaching safepoint: 28619 ns, Cleanup: 15072 ns, At safepoint: 11261 ns, Total: 54952 ns
[2025-06-13T04:52:27.976+0000][72][info ][safepoint   ] Safepoint "Cleanup", Time since last: 1975272416 ns, Reaching safepoint: 26763 ns, Cleanup: 21377 ns, At safepoint: 11130 ns, Total: 59270 ns
[2025-06-13T04:52:37.975+0000][72][info ][safepoint   ] Safepoint "Cleanup", Time since last: 10001823404 ns, Reaching safepoint: 61631 ns, Cleanup: 17530 ns, At safepoint: 11104 ns, Total: 90265 ns
[2025-06-13T04:52:52.025+0000][72][info ][safepoint   ] Safepoint "Cleanup", Time since last: 14049528310 ns, Reaching safepoint: 36110 ns, Cleanup: 19644 ns, At safepoint: 18684 ns, Total: 74438 ns
[2025-06-13T04:52:53.025+0000][72][info ][safepoint   ] Safepoint "Cleanup", Time since last: 1000644266 ns, Reaching safepoint: 37547 ns, Cleanup: 19433 ns, At safepoint: 18549 ns, Total: 75529 ns
[2025-06-13T04:52:54.026+0000][72][info ][safepoint   ] Safepoint "Cleanup", Time since last: 1000560899 ns, Reaching safepoint: 19836 ns, Cleanup: 14030 ns, At safepoint: 8497 ns, Total: 42363 ns
[2025-06-13T04:53:06.026+0000][72][info ][safepoint   ] Safepoint "Cleanup", Time since last: 12001930615 ns, Reaching safepoint: 54406 ns, Cleanup: 14103 ns, At safepoint: 13847 ns, Total: 82356 ns
[2025-06-13T04:53:18.028+0000][72][info ][safepoint   ] Safepoint "Cleanup", Time since last: 12001927534 ns, Reaching safepoint: 26309 ns, Cleanup: 19217 ns, At safepoint: 10191 ns, Total: 55717 ns
[2025-06-13T04:53:23.029+0000][72][info ][safepoint   ] Safepoint "Cleanup", Time since last: 5001270786 ns, Reaching safepoint: 30160 ns, Cleanup: 18341 ns, At safepoint: 13336 ns, Total: 61837 ns
[2025-06-13T04:53:29.990+0000][72][info ][safepoint   ] Safepoint "Cleanup", Time since last: 6961207007 ns, Reaching safepoint: 12823 ns, Cleanup: 13308 ns, At safepoint: 4094 ns, Total: 30225 ns
[2025-06-13T04:53:38.015+0000][72][info ][safepoint   ] Safepoint "Cleanup", Time since last: 8027551004 ns, Reaching safepoint: 63457 ns, Cleanup: 15089 ns, At safepoint: 11652 ns, Total: 90198 ns
[2025-06-13T04:54:11.065+0000][72][info ][safepoint   ] Safepoint "Cleanup", Time since last: 33051606705 ns, Reaching safepoint: 112797 ns, Cleanup: 12474 ns, At safepoint: 44891 ns, Total: 170162 ns
[2025-06-13T04:54:33.105+0000][72][info ][safepoint   ] Safepoint "Cleanup", Time since last: 22042276974 ns, Reaching safepoint: 26355 ns, Cleanup: 14282 ns, At safepoint: 18395 ns, Total: 59032 ns
[2025-06-13T04:54:56.075+0000][72][info ][safepoint   ] Safepoint "Cleanup", Time since last: 22970135200 ns, Reaching safepoint: 31521 ns, Cleanup: 17303 ns, At safepoint: 11560 ns, Total: 60384 ns
[2025-06-13T04:55:22.077+0000][72][info ][safepoint   ] Safepoint "Cleanup", Time since last: 26003677866 ns, Reaching safepoint: 58980 ns, Cleanup: 15793 ns, At safepoint: 10102 ns, Total: 84875 ns
[2025-06-13T04:55:25.078+0000][72][info ][safepoint   ] Safepoint "Cleanup", Time since last: 3000749716 ns, Reaching safepoint: 28049 ns, Cleanup: 16757 ns, At safepoint: 11128 ns, Total: 55934 ns
[2025-06-13T04:55:32.074+0000][72][info ][safepoint   ] Safepoint "Cleanup", Time since last: 7001315642 ns, Reaching safepoint: 29192 ns, Cleanup: 16720 ns, At safepoint: 12455 ns, Total: 58367 ns
[2025-06-13T04:55:35.070+0000][72][info ][safepoint   ] Safepoint "Cleanup", Time since last: 2995763461 ns, Reaching safepoint: 98293 ns, Cleanup: 16436 ns, At safepoint: 54676 ns, Total: 169405 ns
[2025-06-13T04:55:38.162+0000][72][info ][safepoint   ] Safepoint "Cleanup", Time since last: 3092415353 ns, Reaching safepoint: 27096 ns, Cleanup: 16174 ns, At safepoint: 10563 ns, Total: 53833 ns
[2025-06-13T04:55:42.164+0000][72][info ][safepoint   ] Safepoint "Cleanup", Time since last: 4001297741 ns, Reaching safepoint: 26753 ns, Cleanup: 15018 ns, At safepoint: 11217 ns, Total: 52988 ns
[2025-06-13T04:56:02.095+0000][72][info ][safepoint   ] Safepoint "Cleanup", Time since last: 19934261956 ns, Reaching safepoint: 34798 ns, Cleanup: 17244 ns, At safepoint: 18162 ns, Total: 70204 ns
[2025-06-13T04:56:07.096+0000][72][info ][safepoint   ] Safepoint "Cleanup", Time since last: 5001181092 ns, Reaching safepoint: 60006 ns, Cleanup: 15460 ns, At safepoint: 15315 ns, Total: 90781 ns
[2025-06-13T04:56:08.097+0000][72][info ][safepoint   ] Safepoint "Cleanup", Time since last: 1000753877 ns, Reaching safepoint: 25664 ns, Cleanup: 15906 ns, At safepoint: 12043 ns, Total: 53613 ns
[2025-06-13T04:56:25.100+0000][72][info ][safepoint   ] Safepoint "Cleanup", Time since last: 17002713454 ns, Reaching safepoint: 57233 ns, Cleanup: 16345 ns, At safepoint: 10556 ns, Total: 84134 ns
[2025-06-13T04:56:27.101+0000][72][info ][safepoint   ] Safepoint "Cleanup", Time since last: 2000792507 ns, Reaching safepoint: 26723 ns, Cleanup: 17288 ns, At safepoint: 10841 ns, Total: 54852 ns
[2025-06-13T04:56:38.185+0000][72][info ][safepoint   ] Safepoint "Cleanup", Time since last: 11087622119 ns, Reaching safepoint: 14360 ns, Cleanup: 16036 ns, At safepoint: 20175 ns, Total: 50571 ns
[2025-06-13T04:56:47.119+0000][72][info ][safepoint   ] Safepoint "Cleanup", Time since last: 8933550700 ns, Reaching safepoint: 12406 ns, Cleanup: 12600 ns, At safepoint: 22074 ns, Total: 47080 ns
[2025-06-13T04:57:07.119+0000][72][info ][safepoint   ] Safepoint "Cleanup", Time since last: 20003396203 ns, Reaching safepoint: 79299 ns, Cleanup: 17411 ns, At safepoint: 13264 ns, Total: 109974 ns
[2025-06-13T04:57:11.120+0000][72][info ][safepoint   ] Safepoint "Cleanup", Time since last: 4000943831 ns, Reaching safepoint: 28251 ns, Cleanup: 15018 ns, At safepoint: 10797 ns, Total: 54066 ns
[2025-06-13T04:57:25.122+0000][72][info ][safepoint   ] Safepoint "Cleanup", Time since last: 14002342858 ns, Reaching safepoint: 51661 ns, Cleanup: 15427 ns, At safepoint: 11441 ns, Total: 78529 ns
[2025-06-13T04:57:35.121+0000][72][info ][safepoint   ] Safepoint "Cleanup", Time since last: 10001763632 ns, Reaching safepoint: 31705 ns, Cleanup: 16389 ns, At safepoint: 11786 ns, Total: 59880 ns
[2025-06-13T04:57:41.012+0000][72][info ][safepoint   ] Safepoint "Cleanup", Time since last: 5890768974 ns, Reaching safepoint: 17798 ns, Cleanup: 25976 ns, At safepoint: 95558 ns, Total: 139332 ns
[2025-06-13T04:57:42.234+0000][72][info ][safepoint   ] Safepoint "Cleanup", Time since last: 1222306179 ns, Reaching safepoint: 25834 ns, Cleanup: 19159 ns, At safepoint: 11689 ns, Total: 56682 ns
[2025-06-13T04:58:07.143+0000][72][info ][safepoint   ] Safepoint "Cleanup", Time since last: 24911727103 ns, Reaching safepoint: 36158 ns, Cleanup: 21566 ns, At safepoint: 19652 ns, Total: 77376 ns
[2025-06-13T04:58:08.144+0000][72][info ][safepoint   ] Safepoint "Cleanup", Time since last: 1000878637 ns, Reaching safepoint: 26838 ns, Cleanup: 17432 ns, At safepoint: 11536 ns, Total: 55806 ns
[2025-06-13T04:58:09.145+0000][72][info ][safepoint   ] Safepoint "Cleanup", Time since last: 1000683195 ns, Reaching safepoint: 26679 ns, Cleanup: 14976 ns, At safepoint: 11967 ns, Total: 53622 ns
[2025-06-13T04:58:25.148+0000][72][info ][safepoint   ] Safepoint "Cleanup", Time since last: 16002841385 ns, Reaching safepoint: 57272 ns, Cleanup: 19387 ns, At safepoint: 11554 ns, Total: 88213 ns
[2025-06-13T04:58:29.010+0000][72][info ][safepoint   ] Safepoint "Cleanup", Time since last: 3862345147 ns, Reaching safepoint: 6842 ns, Cleanup: 7129 ns, At safepoint: 13450 ns, Total: 27421 ns
[2025-06-13T04:58:30.251+0000][72][info ][safepoint   ] Safepoint "Cleanup", Time since last: 1241110124 ns, Reaching safepoint: 25718 ns, Cleanup: 18917 ns, At safepoint: 11517 ns, Total: 56152 ns
[2025-06-13T04:58:38.004+0000][72][info ][safepoint   ] Safepoint "Cleanup", Time since last: 7755793359 ns, Reaching safepoint: 9409 ns, Cleanup: 9371 ns, At safepoint: 17612 ns, Total: 36392 ns
[2025-06-13T04:58:39.288+0000][72][info ][safepoint   ] Safepoint "Cleanup", Time since last: 1283782139 ns, Reaching safepoint: 26885 ns, Cleanup: 19304 ns, At safepoint: 11643 ns, Total: 57832 ns
[2025-06-13T04:58:43.992+0000][72][info ][safepoint   ] Safepoint "Cleanup", Time since last: 4703701075 ns, Reaching safepoint: 118956 ns, Cleanup: 14462 ns, At safepoint: 58138 ns, Total: 191556 ns
[2025-06-13T04:58:45.320+0000][72][info ][safepoint   ] Safepoint "Cleanup", Time since last: 1328441928 ns, Reaching safepoint: 30483 ns, Cleanup: 21716 ns, At safepoint: 13931 ns, Total: 66130 ns
[2025-06-13T04:59:08.301+0000][72][info ][safepoint   ] Safepoint "Cleanup", Time since last: 22983644271 ns, Reaching safepoint: 27716 ns, Cleanup: 16547 ns, At safepoint: 11555 ns, Total: 55818 ns
[2025-06-13T04:59:12.302+0000][72][info ][safepoint   ] Safepoint "Cleanup", Time since last: 4001041894 ns, Reaching safepoint: 34388 ns, Cleanup: 18263 ns, At safepoint: 16736 ns, Total: 69387 ns
[2025-06-13T04:59:13.980+0000][72][info ][safepoint   ] Safepoint "Cleanup", Time since last: 1678047257 ns, Reaching safepoint: 107451 ns, Cleanup: 14602 ns, At safepoint: 48850 ns, Total: 170903 ns
[2025-06-13T04:59:15.349+0000][72][info ][safepoint   ] Safepoint "Cleanup", Time since last: 1368849886 ns, Reaching safepoint: 25653 ns, Cleanup: 14162 ns, At safepoint: 9933 ns, Total: 49748 ns
[2025-06-13T04:59:16.350+0000][72][info ][safepoint   ] Safepoint "Cleanup", Time since last: 1000670360 ns, Reaching safepoint: 34553 ns, Cleanup: 23747 ns, At safepoint: 17227 ns, Total: 75527 ns
[2025-06-13T04:59:24.369+0000][72][info ][safepoint   ] Safepoint "Cleanup", Time since last: 8018772798 ns, Reaching safepoint: 27057 ns, Cleanup: 15927 ns, At safepoint: 12490 ns, Total: 55474 ns
[2025-06-13T04:59:38.325+0000][72][info ][safepoint   ] Safepoint "Cleanup", Time since last: 13959600251 ns, Reaching safepoint: 84080 ns, Cleanup: 15612 ns, At safepoint: 12888 ns, Total: 112580 ns
[2025-06-13T04:59:52.381+0000][72][info ][safepoint   ] Safepoint "Cleanup", Time since last: 14055825151 ns, Reaching safepoint: 30427 ns, Cleanup: 17944 ns, At safepoint: 12410 ns, Total: 60781 ns
[2025-06-13T05:00:09.381+0000][72][info ][safepoint   ] Safepoint "Cleanup", Time since last: 17002851793 ns, Reaching safepoint: 30005 ns, Cleanup: 15991 ns, At safepoint: 10847 ns, Total: 56843 ns
[2025-06-13T05:00:23.384+0000][72][info ][safepoint   ] Safepoint "Cleanup", Time since last: 14002469214 ns, Reaching safepoint: 33154 ns, Cleanup: 20587 ns, At safepoint: 14457 ns, Total: 68198 ns
[2025-06-13T05:00:24.385+0000][72][info ][safepoint   ] Safepoint "Cleanup", Time since last: 1000810254 ns, Reaching safepoint: 28714 ns, Cleanup: 20610 ns, At safepoint: 16588 ns, Total: 65912 ns
[2025-06-13T05:01:23.422+0000][72][info ][safepoint   ] Safepoint "Cleanup", Time since last: 59043826964 ns, Reaching safepoint: 62654 ns, Cleanup: 15255 ns, At safepoint: 10688 ns, Total: 88597 ns
[2025-06-13T05:01:50.237+0000][72][info ][safepoint   ] Safepoint "Cleanup", Time since last: 26817982708 ns, Reaching safepoint: 26839 ns, Cleanup: 16525 ns, At safepoint: 11014 ns, Total: 54378 ns
[2025-06-13T05:01:53.025+0000][72][info ][safepoint   ] Safepoint "Cleanup", Time since last: 2787918161 ns, Reaching safepoint: 8032 ns, Cleanup: 9758 ns, At safepoint: 3117 ns, Total: 20907 ns
[2025-06-13T05:01:54.448+0000][72][info ][safepoint   ] Safepoint "Cleanup", Time since last: 1422249907 ns, Reaching safepoint: 135790 ns, Cleanup: 22172 ns, At safepoint: 80984 ns, Total: 238946 ns
[2025-06-13T05:02:03.447+0000][72][info ][safepoint   ] Safepoint "Cleanup", Time since last: 9002074749 ns, Reaching safepoint: 59257 ns, Cleanup: 15638 ns, At safepoint: 11263 ns, Total: 86158 ns
[2025-06-13T05:02:12.449+0000][72][info ][safepoint   ] Safepoint "Cleanup", Time since last: 9001905884 ns, Reaching safepoint: 28624 ns, Cleanup: 21369 ns, At safepoint: 11843 ns, Total: 61836 ns
[2025-06-13T05:02:26.451+0000][72][info ][safepoint   ] Safepoint "Cleanup", Time since last: 14002373696 ns, Reaching safepoint: 60788 ns, Cleanup: 17064 ns, At safepoint: 11265 ns, Total: 89117 ns
[2025-06-13T05:02:55.989+0000][72][info ][safepoint   ] Safepoint "Cleanup", Time since last: 29540314628 ns, Reaching safepoint: 309452 ns, Cleanup: 13775 ns, At safepoint: 67869 ns, Total: 391096 ns
[2025-06-13T05:02:57.476+0000][72][info ][safepoint   ] Safepoint "Cleanup", Time since last: 1486776219 ns, Reaching safepoint: 27686 ns, Cleanup: 21870 ns, At safepoint: 12604 ns, Total: 62160 ns
[2025-06-13T05:03:08.475+0000][72][info ][safepoint   ] Safepoint "Cleanup", Time since last: 11002234582 ns, Reaching safepoint: 51648 ns, Cleanup: 18633 ns, At safepoint: 12878 ns, Total: 83159 ns
[2025-06-13T05:04:08.504+0000][72][info ][safepoint   ] Safepoint "Cleanup", Time since last: 60035141575 ns, Reaching safepoint: 26617 ns, Cleanup: 17831 ns, At safepoint: 11032 ns, Total: 55480 ns
[2025-06-13T05:04:17.510+0000][72][info ][safepoint   ] Safepoint "Cleanup", Time since last: 9006197364 ns, Reaching safepoint: 80088 ns, Cleanup: 13063 ns, At safepoint: 20913 ns, Total: 114064 ns
[2025-06-13T05:04:19.517+0000][72][info ][safepoint   ] Safepoint "Cleanup", Time since last: 2006430386 ns, Reaching safepoint: 20387 ns, Cleanup: 13078 ns, At safepoint: 8957 ns, Total: 42422 ns
[2025-06-13T05:04:20.533+0000][72][info ][safepoint   ] Safepoint "Cleanup", Time since last: 1016517290 ns, Reaching safepoint: 28964 ns, Cleanup: 16457 ns, At safepoint: 11509 ns, Total: 56930 ns
[2025-06-13T05:04:27.535+0000][72][info ][safepoint   ] Safepoint "Cleanup", Time since last: 7001384280 ns, Reaching safepoint: 29353 ns, Cleanup: 19390 ns, At safepoint: 12393 ns, Total: 61136 ns
[2025-06-13T05:04:32.533+0000][72][info ][safepoint   ] Safepoint "Cleanup", Time since last: 5001181345 ns, Reaching safepoint: 19061 ns, Cleanup: 13858 ns, At safepoint: 8106 ns, Total: 41025 ns
[2025-06-13T05:04:39.079+0000][72][info ][safepoint   ] Safepoint "Cleanup", Time since last: 6545431428 ns, Reaching safepoint: 26265 ns, Cleanup: 18392 ns, At safepoint: 11206 ns, Total: 55863 ns
[2025-06-13T05:04:57.310+0000][72][info ][safepoint   ] Safepoint "Cleanup", Time since last: 18230909667 ns, Reaching safepoint: 63207 ns, Cleanup: 15300 ns, At safepoint: 11098 ns, Total: 89605 ns
[2025-06-13T05:05:02.557+0000][72][info ][safepoint   ] Safepoint "Cleanup", Time since last: 5250133497 ns, Reaching safepoint: 14887 ns, Cleanup: 10758 ns, At safepoint: 4672 ns, Total: 30317 ns
[2025-06-13T05:05:12.560+0000][72][info ][safepoint   ] Safepoint "Cleanup", Time since last: 10003172912 ns, Reaching safepoint: 25053 ns, Cleanup: 15227 ns, At safepoint: 8828 ns, Total: 49108 ns
[2025-06-13T05:05:24.562+0000][72][info ][safepoint   ] Safepoint "Cleanup", Time since last: 12001905906 ns, Reaching safepoint: 65333 ns, Cleanup: 15865 ns, At safepoint: 11308 ns, Total: 92506 ns
[2025-06-13T05:05:37.562+0000][72][info ][safepoint   ] Safepoint "Cleanup", Time since last: 13002206553 ns, Reaching safepoint: 20588 ns, Cleanup: 15969 ns, At safepoint: 10059 ns, Total: 46616 ns
[2025-06-13T05:05:50.333+0000][72][info ][safepoint   ] Safepoint "Cleanup", Time since last: 12770869512 ns, Reaching safepoint: 60920 ns, Cleanup: 17305 ns, At safepoint: 12653 ns, Total: 90878 ns
[2025-06-13T05:06:02.332+0000][72][info ][safepoint   ] Safepoint "Cleanup", Time since last: 12001983612 ns, Reaching safepoint: 28520 ns, Cleanup: 15759 ns, At safepoint: 10769 ns, Total: 55048 ns
[2025-06-13T05:06:05.573+0000][72][info ][safepoint   ] Safepoint "Cleanup", Time since last: 3241637459 ns, Reaching safepoint: 12849 ns, Cleanup: 12197 ns, At safepoint: 16270 ns, Total: 41316 ns
[2025-06-13T05:06:17.587+0000][72][info ][safepoint   ] Safepoint "Cleanup", Time since last: 12014025606 ns, Reaching safepoint: 27772 ns, Cleanup: 15777 ns, At safepoint: 11861 ns, Total: 55410 ns
[2025-06-13T05:06:47.357+0000][72][info ][safepoint   ] Safepoint "Cleanup", Time since last: 29772523545 ns, Reaching safepoint: 46021 ns, Cleanup: 16008 ns, At safepoint: 24204 ns, Total: 86233 ns
[2025-06-13T05:07:07.976+0000][72][info ][safepoint   ] Safepoint "Cleanup", Time since last: 20621998512 ns, Reaching safepoint: 6809 ns, Cleanup: 11792 ns, At safepoint: 12535 ns, Total: 31136 ns
[2025-06-13T05:07:09.614+0000][72][info ][safepoint   ] Safepoint "Cleanup", Time since last: 1637581220 ns, Reaching safepoint: 28184 ns, Cleanup: 19102 ns, At safepoint: 9466 ns, Total: 56752 ns
[2025-06-13T05:07:24.616+0000][72][info ][safepoint   ] Safepoint "Cleanup", Time since last: 15002139396 ns, Reaching safepoint: 76985 ns, Cleanup: 18247 ns, At safepoint: 12125 ns, Total: 107357 ns
[2025-06-13T05:07:28.617+0000][72][info ][safepoint   ] Safepoint "Cleanup", Time since last: 4000941056 ns, Reaching safepoint: 27046 ns, Cleanup: 21902 ns, At safepoint: 10500 ns, Total: 59448 ns
[2025-06-13T05:08:08.384+0000][72][info ][safepoint   ] Safepoint "Cleanup", Time since last: 39772638915 ns, Reaching safepoint: 29332 ns, Cleanup: 24455 ns, At safepoint: 13035 ns, Total: 66822 ns
[2025-06-13T05:09:02.410+0000][72][info ][safepoint   ] Safepoint "Cleanup", Time since last: 54031350549 ns, Reaching safepoint: 85681 ns, Cleanup: 16673 ns, At safepoint: 10618 ns, Total: 112972 ns
[2025-06-13T05:09:19.976+0000][72][info ][safepoint   ] Safepoint "Cleanup", Time since last: 17566124668 ns, Reaching safepoint: 6652 ns, Cleanup: 7567 ns, At safepoint: 2915 ns, Total: 17134 ns
[2025-06-13T05:09:21.681+0000][72][info ][safepoint   ] Safepoint "Cleanup", Time since last: 1705186308 ns, Reaching safepoint: 27302 ns, Cleanup: 18355 ns, At safepoint: 10387 ns, Total: 56044 ns
[2025-06-13T05:09:22.682+0000][72][info ][safepoint   ] Safepoint "Cleanup", Time since last: 1000570675 ns, Reaching safepoint: 27344 ns, Cleanup: 15572 ns, At safepoint: 11743 ns, Total: 54659 ns
[2025-06-13T05:09:28.704+0000][72][info ][safepoint   ] Safepoint "Cleanup", Time since last: 6021755799 ns, Reaching safepoint: 63128 ns, Cleanup: 17489 ns, At safepoint: 10750 ns, Total: 91367 ns
[2025-06-13T05:10:16.999+0000][72][info ][safepoint   ] Safepoint "Cleanup", Time since last: 48300918279 ns, Reaching safepoint: 97691 ns, Cleanup: 13644 ns, At safepoint: 60560 ns, Total: 171895 ns
[2025-06-13T05:10:18.746+0000][72][info ][safepoint   ] Safepoint "Cleanup", Time since last: 1747259636 ns, Reaching safepoint: 25132 ns, Cleanup: 19294 ns, At safepoint: 9741 ns, Total: 54167 ns
[2025-06-13T05:10:24.748+0000][72][info ][safepoint   ] Safepoint "Cleanup", Time since last: 6001401154 ns, Reaching safepoint: 28331 ns, Cleanup: 16858 ns, At safepoint: 10865 ns, Total: 56054 ns
[2025-06-13T05:10:38.748+0000][72][info ][safepoint   ] Safepoint "Cleanup", Time since last: 14002316541 ns, Reaching safepoint: 56464 ns, Cleanup: 19340 ns, At safepoint: 9894 ns, Total: 85698 ns
[2025-06-13T05:11:17.463+0000][72][info ][safepoint   ] Safepoint "Cleanup", Time since last: 38718160210 ns, Reaching safepoint: 56403 ns, Cleanup: 14148 ns, At safepoint: 7338 ns, Total: 77889 ns
[2025-06-13T05:11:19.976+0000][72][info ][safepoint   ] Safepoint "Cleanup", Time since last: 2512456432 ns, Reaching safepoint: 93814 ns, Cleanup: 15220 ns, At safepoint: 60310 ns, Total: 169344 ns
[2025-06-13T05:12:42.846+0000][72][info ][safepoint   ] Safepoint "Cleanup", Time since last: 82877520326 ns, Reaching safepoint: 48849 ns, Cleanup: 16651 ns, At safepoint: 10302 ns, Total: 75802 ns
[2025-06-13T05:12:56.517+0000][72][info ][safepoint   ] Safepoint "Cleanup", Time since last: 13671372928 ns, Reaching safepoint: 48177 ns, Cleanup: 15000 ns, At safepoint: 11077 ns, Total: 74254 ns
[2025-06-13T05:13:01.967+0000][72][info ][gc,start    ] GC(20) Pause Young (Mixed) (G1 Evacuation Pause)
[2025-06-13T05:13:01.968+0000][72][info ][gc,task     ] GC(20) Using 10 workers of 10 for evacuation
[2025-06-13T05:13:01.968+0000][72][debug][gc,age      ] GC(20) Desired survivor size 73400320 bytes, new threshold 15 (max threshold 15)
[2025-06-13T05:13:02.081+0000][72][info ][gc,phases   ] GC(20)   Pre Evacuate Collection Set: 0.87ms
[2025-06-13T05:13:02.082+0000][72][info ][gc,phases   ] GC(20)   Merge Heap Roots: 1.01ms
[2025-06-13T05:13:02.083+0000][72][info ][gc,phases   ] GC(20)   Evacuate Collection Set: 104.64ms
[2025-06-13T05:13:02.085+0000][72][info ][gc,phases   ] GC(20)   Post Evacuate Collection Set: 8.92ms
[2025-06-13T05:13:02.086+0000][72][info ][gc,phases   ] GC(20)   Other: 1.04ms
[2025-06-13T05:13:02.086+0000][72][trace][gc,age      ] GC(20) Age table with threshold 15 (max threshold 15)
[2025-06-13T05:13:02.086+0000][72][trace][gc,age      ] GC(20) - age   1:    1143768 bytes,    1143768 total
[2025-06-13T05:13:02.087+0000][72][trace][gc,age      ] GC(20) - age   2:      65176 bytes,    1208944 total
[2025-06-13T05:13:02.087+0000][72][trace][gc,age      ] GC(20) - age   3:     290232 bytes,    1499176 total
[2025-06-13T05:13:02.087+0000][72][trace][gc,age      ] GC(20) - age   4:      97680 bytes,    1596856 total
[2025-06-13T05:13:02.088+0000][72][trace][gc,age      ] GC(20) - age   5:     107920 bytes,    1704776 total
[2025-06-13T05:13:02.088+0000][72][trace][gc,age      ] GC(20) - age   6:    2324248 bytes,    4029024 total
[2025-06-13T05:13:02.088+0000][72][trace][gc,age      ] GC(20) - age   7:   42530280 bytes,   46559304 total
[2025-06-13T05:13:02.088+0000][72][info ][gc,heap     ] GC(20) Eden regions: 261->0(448)
[2025-06-13T05:13:02.089+0000][72][info ][gc,heap     ] GC(20) Survivor regions: 13->13(35)
[2025-06-13T05:13:02.089+0000][72][info ][gc,heap     ] GC(20) Old regions: 15->15
[2025-06-13T05:13:02.090+0000][72][info ][gc,heap     ] GC(20) Humongous regions: 0->0
[2025-06-13T05:13:02.090+0000][72][info ][gc,metaspace] GC(20) Metaspace: 147446K(151552K)->147446K(151552K) NonClass: 127428K(129600K)->127428K(129600K) Class: 20017K(21952K)->20017K(21952K)
[2025-06-13T05:13:02.090+0000][72][info ][gc          ] GC(20) Pause Young (Mixed) (G1 Evacuation Pause) 1154M->108M(3880M) 126.255ms
[2025-06-13T05:13:02.091+0000][72][info ][gc,cpu      ] GC(20) User=0.77s Sys=0.07s Real=0.12s
[2025-06-13T05:13:02.091+0000][72][info ][safepoint   ] Safepoint "G1CollectForAllocation", Time since last: 5449775101 ns, Reaching safepoint: 58096 ns, Cleanup: 6306 ns, At safepoint: 127371139 ns, Total: 127435541 ns
[2025-06-13T05:13:07.093+0000][72][info ][safepoint   ] Safepoint "Cleanup", Time since last: 5001163005 ns, Reaching safepoint: 50780 ns, Cleanup: 20099 ns, At safepoint: 26369 ns, Total: 97248 ns
[2025-06-13T05:13:08.093+0000][72][info ][safepoint   ] Safepoint "Cleanup", Time since last: 1000691000 ns, Reaching safepoint: 34217 ns, Cleanup: 16368 ns, At safepoint: 17375 ns, Total: 67960 ns
[2025-06-13T05:13:20.096+0000][72][info ][safepoint   ] Safepoint "Cleanup", Time since last: 12002098420 ns, Reaching safepoint: 103253 ns, Cleanup: 15744 ns, At safepoint: 11507 ns, Total: 130504 ns
[2025-06-13T05:13:26.864+0000][72][info ][safepoint   ] Safepoint "Cleanup", Time since last: 6768642816 ns, Reaching safepoint: 16087 ns, Cleanup: 10046 ns, At safepoint: 18755 ns, Total: 44888 ns
[2025-06-13T05:13:40.983+0000][72][info ][safepoint   ] Safepoint "Cleanup", Time since last: 14120993133 ns, Reaching safepoint: 19141 ns, Cleanup: 24347 ns, At safepoint: 141624 ns, Total: 185112 ns
[2025-06-13T05:13:42.898+0000][72][info ][safepoint   ] Safepoint "Cleanup", Time since last: 1915656874 ns, Reaching safepoint: 30579 ns, Cleanup: 36600 ns, At safepoint: 13759 ns, Total: 80938 ns
[2025-06-13T05:13:44.899+0000][72][info ][safepoint   ] Safepoint "Cleanup", Time since last: 2000836783 ns, Reaching safepoint: 34834 ns, Cleanup: 19741 ns, At safepoint: 17158 ns, Total: 71733 ns
[2025-06-13T05:14:11.542+0000][72][info ][safepoint   ] Safepoint "Cleanup", Time since last: 26645371894 ns, Reaching safepoint: 41362 ns, Cleanup: 24214 ns, At safepoint: 21193 ns, Total: 86769 ns
[2025-06-13T05:14:33.503+0000][72][info ][safepoint   ] Safepoint "Cleanup", Time since last: 21962723124 ns, Reaching safepoint: 16532 ns, Cleanup: 9516 ns, At safepoint: 14934 ns, Total: 40982 ns
[2025-06-13T05:14:34.503+0000][72][info ][safepoint   ] Safepoint "Cleanup", Time since last: 1000786179 ns, Reaching safepoint: 19381 ns, Cleanup: 14179 ns, At safepoint: 9083 ns, Total: 42643 ns
[2025-06-13T05:14:37.505+0000][72][info ][safepoint   ] Safepoint "Cleanup", Time since last: 3000986194 ns, Reaching safepoint: 20265 ns, Cleanup: 14046 ns, At safepoint: 8845 ns, Total: 43156 ns
[2025-06-13T05:14:42.506+0000][72][info ][safepoint   ] Safepoint "Cleanup", Time since last: 5001137675 ns, Reaching safepoint: 32091 ns, Cleanup: 18186 ns, At safepoint: 16390 ns, Total: 66667 ns
[2025-06-13T05:15:24.578+0000][72][info ][safepoint   ] Safepoint "Cleanup", Time since last: 42075133967 ns, Reaching safepoint: 31793 ns, Cleanup: 15812 ns, At safepoint: 16830 ns, Total: 64435 ns
[2025-06-13T05:15:32.054+0000][72][info ][safepoint   ] Safepoint "Cleanup", Time since last: 7475574420 ns, Reaching safepoint: 23781 ns, Cleanup: 13278 ns, At safepoint: 221906 ns, Total: 258965 ns
[2025-06-13T05:15:33.052+0000][72][info ][safepoint   ] Safepoint "Cleanup", Time since last: 1000553373 ns, Reaching safepoint: 84834 ns, Cleanup: 11140 ns, At safepoint: 18898 ns, Total: 114872 ns
[2025-06-13T05:15:34.056+0000][72][info ][safepoint   ] Safepoint "Cleanup", Time since last: 1003660597 ns, Reaching safepoint: 18796 ns, Cleanup: 12835 ns, At safepoint: 9306 ns, Total: 40937 ns
[2025-06-13T05:16:12.611+0000][72][info ][safepoint   ] Safepoint "Cleanup", Time since last: 38556973731 ns, Reaching safepoint: 152098 ns, Cleanup: 18818 ns, At safepoint: 21499 ns, Total: 192415 ns
[2025-06-13T05:16:34.981+0000][72][info ][safepoint   ] Safepoint "Cleanup", Time since last: 22373381615 ns, Reaching safepoint: 33177 ns, Cleanup: 19192 ns, At safepoint: 80335 ns, Total: 132704 ns
[2025-06-13T05:16:36.097+0000][72][info ][safepoint   ] Safepoint "Cleanup", Time since last: 1115651860 ns, Reaching safepoint: 37450 ns, Cleanup: 25176 ns, At safepoint: 17934 ns, Total: 80560 ns
[2025-06-13T05:16:37.110+0000][72][info ][safepoint   ] Safepoint "Cleanup", Time since last: 1012395338 ns, Reaching safepoint: 17972 ns, Cleanup: 12531 ns, At safepoint: 7336 ns, Total: 37839 ns
[2025-06-13T05:16:51.647+0000][72][info ][safepoint   ] Safepoint "Cleanup", Time since last: 14537300409 ns, Reaching safepoint: 54000 ns, Cleanup: 19364 ns, At safepoint: 14404 ns, Total: 87768 ns
[2025-06-13T05:17:24.653+0000][72][info ][safepoint   ] Safepoint "Cleanup", Time since last: 33007562526 ns, Reaching safepoint: 65381 ns, Cleanup: 18548 ns, At safepoint: 15369 ns, Total: 99298 ns
[2025-06-13T05:17:37.969+0000][72][info ][safepoint   ] Safepoint "Cleanup", Time since last: 13318672909 ns, Reaching safepoint: 17426 ns, Cleanup: 19094 ns, At safepoint: 93644 ns, Total: 130164 ns
[2025-06-13T05:17:39.152+0000][72][info ][safepoint   ] Safepoint "Cleanup", Time since last: 1182996065 ns, Reaching safepoint: 30743 ns, Cleanup: 15569 ns, At safepoint: 16715 ns, Total: 63027 ns
[2025-06-13T05:18:07.688+0000][72][info ][safepoint   ] Safepoint "Cleanup", Time since last: 28538664105 ns, Reaching safepoint: 31843 ns, Cleanup: 15859 ns, At safepoint: 16328 ns, Total: 64030 ns
[2025-06-13T05:18:08.689+0000][72][info ][safepoint   ] Safepoint "Cleanup", Time since last: 1000856179 ns, Reaching safepoint: 30469 ns, Cleanup: 16646 ns, At safepoint: 16003 ns, Total: 63118 ns
[2025-06-13T05:18:21.692+0000][72][info ][safepoint   ] Safepoint "Cleanup", Time since last: 13003340690 ns, Reaching safepoint: 31642 ns, Cleanup: 16656 ns, At safepoint: 16655 ns, Total: 64953 ns
[2025-06-13T05:18:24.694+0000][72][info ][safepoint   ] Safepoint "Cleanup", Time since last: 3001099298 ns, Reaching safepoint: 68126 ns, Cleanup: 16355 ns, At safepoint: 15638 ns, Total: 100119 ns
[2025-06-13T05:18:27.695+0000][72][info ][safepoint   ] Safepoint "Cleanup", Time since last: 3001186391 ns, Reaching safepoint: 32229 ns, Cleanup: 15562 ns, At safepoint: 17260 ns, Total: 65051 ns
[2025-06-13T05:18:32.694+0000][72][info ][safepoint   ] Safepoint "Cleanup", Time since last: 5001550933 ns, Reaching safepoint: 27778 ns, Cleanup: 14079 ns, At safepoint: 10909 ns, Total: 52766 ns
[2025-06-13T05:18:52.727+0000][72][info ][safepoint   ] Safepoint "Cleanup", Time since last: 20033121551 ns, Reaching safepoint: 76930 ns, Cleanup: 19881 ns, At safepoint: 39548 ns, Total: 136359 ns
[2025-06-13T05:19:24.731+0000][72][info ][safepoint   ] Safepoint "Cleanup", Time since last: 32006083220 ns, Reaching safepoint: 82785 ns, Cleanup: 29386 ns, At safepoint: 19763 ns, Total: 131934 ns
[2025-06-13T05:19:25.965+0000][72][info ][safepoint   ] Safepoint "Cleanup", Time since last: 1233963407 ns, Reaching safepoint: 15042 ns, Cleanup: 26849 ns, At safepoint: 86455 ns, Total: 128346 ns
[2025-06-13T05:19:27.222+0000][72][info ][safepoint   ] Safepoint "Cleanup", Time since last: 1256872814 ns, Reaching safepoint: 31272 ns, Cleanup: 36535 ns, At safepoint: 14845 ns, Total: 82652 ns
[2025-06-13T05:19:38.655+0000][72][info ][safepoint   ] Safepoint "Cleanup", Time since last: 11435825779 ns, Reaching safepoint: 59563 ns, Cleanup: 14555 ns, At safepoint: 13488 ns, Total: 87606 ns
[2025-06-13T05:19:44.319+0000][72][info ][safepoint   ] Safepoint "Cleanup", Time since last: 5664213887 ns, Reaching safepoint: 5957 ns, Cleanup: 17831 ns, At safepoint: 13804 ns, Total: 37592 ns
[2025-06-13T05:20:24.766+0000][72][info ][safepoint   ] Safepoint "Cleanup", Time since last: 40449111868 ns, Reaching safepoint: 72407 ns, Cleanup: 17370 ns, At safepoint: 31599 ns, Total: 121376 ns
[2025-06-13T05:20:47.327+0000][72][info ][safepoint   ] Safepoint "Cleanup", Time since last: 22563232502 ns, Reaching safepoint: 14279 ns, Cleanup: 19413 ns, At safepoint: 83448 ns, Total: 117140 ns
[2025-06-13T05:21:24.806+0000][72][info ][safepoint   ] Safepoint "Cleanup", Time since last: 37481981119 ns, Reaching safepoint: 54250 ns, Cleanup: 14599 ns, At safepoint: 7898 ns, Total: 76747 ns
[2025-06-13T05:21:47.808+0000][72][info ][safepoint   ] Safepoint "Cleanup", Time since last: 23004858587 ns, Reaching safepoint: 58734 ns, Cleanup: 17320 ns, At safepoint: 11678 ns, Total: 87732 ns
[2025-06-13T05:23:02.444+0000][72][info ][safepoint   ] Safepoint "Cleanup", Time since last: 74643174240 ns, Reaching safepoint: 45953 ns, Cleanup: 14384 ns, At safepoint: 9271 ns, Total: 69608 ns
[2025-06-13T05:23:05.446+0000][72][info ][safepoint   ] Safepoint "Cleanup", Time since last: 3001524398 ns, Reaching safepoint: 18709 ns, Cleanup: 13328 ns, At safepoint: 8426 ns, Total: 40463 ns
[2025-06-13T05:23:07.447+0000][72][info ][safepoint   ] Safepoint "Cleanup", Time since last: 2000951888 ns, Reaching safepoint: 17627 ns, Cleanup: 11604 ns, At safepoint: 8447 ns, Total: 37678 ns
[2025-06-13T05:23:24.450+0000][72][info ][safepoint   ] Safepoint "Cleanup", Time since last: 17003384105 ns, Reaching safepoint: 44498 ns, Cleanup: 14667 ns, At safepoint: 8067 ns, Total: 67232 ns
[2025-06-13T05:23:56.486+0000][72][info ][safepoint   ] Safepoint "Cleanup", Time since last: 32037689232 ns, Reaching safepoint: 25885 ns, Cleanup: 18753 ns, At safepoint: 69992 ns, Total: 114630 ns
[2025-06-13T05:24:22.491+0000][72][info ][safepoint   ] Safepoint "Cleanup", Time since last: 26007242489 ns, Reaching safepoint: 89818 ns, Cleanup: 23582 ns, At safepoint: 19655 ns, Total: 133055 ns
[2025-06-13T05:24:27.493+0000][72][info ][safepoint   ] Safepoint "Cleanup", Time since last: 5001866449 ns, Reaching safepoint: 31977 ns, Cleanup: 19765 ns, At safepoint: 15688 ns, Total: 67430 ns
[2025-06-13T05:24:29.506+0000][72][info ][safepoint   ] Safepoint "Cleanup", Time since last: 2013451567 ns, Reaching safepoint: 12662 ns, Cleanup: 17428 ns, At safepoint: 80863 ns, Total: 110953 ns
[2025-06-13T05:24:58.957+0000][72][info ][safepoint   ] Safepoint "Cleanup", Time since last: 29453424579 ns, Reaching safepoint: 25069 ns, Cleanup: 10853 ns, At safepoint: 11691 ns, Total: 47613 ns
[2025-06-13T05:25:00.592+0000][72][info ][safepoint   ] Safepoint "Cleanup", Time since last: 1635252014 ns, Reaching safepoint: 14821 ns, Cleanup: 16423 ns, At safepoint: 20773 ns, Total: 52017 ns
[2025-06-13T05:25:03.905+0000][72][info ][safepoint   ] Safepoint "Cleanup", Time since last: 3314714822 ns, Reaching safepoint: 52710 ns, Cleanup: 12073 ns, At safepoint: 13781 ns, Total: 78564 ns
[2025-06-13T05:26:02.622+0000][72][info ][safepoint   ] Safepoint "Cleanup", Time since last: 58723740139 ns, Reaching safepoint: 32696 ns, Cleanup: 13542 ns, At safepoint: 64482 ns, Total: 110720 ns
[2025-06-13T05:27:03.036+0000][72][info ][safepoint   ] Safepoint "Cleanup", Time since last: 60417473708 ns, Reaching safepoint: 66824 ns, Cleanup: 20903 ns, At safepoint: 16408 ns, Total: 104135 ns
[2025-06-13T05:27:04.976+0000][72][info ][safepoint   ] Safepoint "Cleanup", Time since last: 1939305137 ns, Reaching safepoint: 27755 ns, Cleanup: 13187 ns, At safepoint: 77944 ns, Total: 118886 ns
[2025-06-13T05:27:22.720+0000][72][info ][safepoint   ] Safepoint "Cleanup", Time since last: 17744370335 ns, Reaching safepoint: 65595 ns, Cleanup: 17473 ns, At safepoint: 30822 ns, Total: 113890 ns
[2025-06-13T05:27:25.721+0000][72][info ][safepoint   ] Safepoint "Cleanup", Time since last: 3001137665 ns, Reaching safepoint: 32840 ns, Cleanup: 22197 ns, At safepoint: 17097 ns, Total: 72134 ns
[2025-06-13T05:27:56.077+0000][72][info ][safepoint   ] Safepoint "Cleanup", Time since last: 30357695512 ns, Reaching safepoint: 68789 ns, Cleanup: 15436 ns, At safepoint: 30259 ns, Total: 114484 ns
[2025-06-13T05:28:07.077+0000][72][info ][safepoint   ] Safepoint "Cleanup", Time since last: 11002679108 ns, Reaching safepoint: 22243 ns, Cleanup: 13211 ns, At safepoint: 8520 ns, Total: 43974 ns
[2025-06-13T05:28:08.748+0000][72][info ][safepoint   ] Safepoint "Cleanup", Time since last: 1671504415 ns, Reaching safepoint: 143458 ns, Cleanup: 14042 ns, At safepoint: 42205 ns, Total: 199705 ns
[2025-06-13T05:28:27.772+0000][72][info ][safepoint   ] Safepoint "Cleanup", Time since last: 19023904727 ns, Reaching safepoint: 76596 ns, Cleanup: 20186 ns, At safepoint: 20064 ns, Total: 116846 ns
[2025-06-13T05:28:28.987+0000][72][info ][safepoint   ] Safepoint "Cleanup", Time since last: 1214726580 ns, Reaching safepoint: 5612 ns, Cleanup: 8254 ns, At safepoint: 13488 ns, Total: 27354 ns
[2025-06-13T05:28:30.800+0000][72][info ][safepoint   ] Safepoint "Cleanup", Time since last: 1812638691 ns, Reaching safepoint: 31828 ns, Cleanup: 77537 ns, At safepoint: 17570 ns, Total: 126935 ns
[2025-06-13T05:28:35.835+0000][72][info ][safepoint   ] Safepoint "Cleanup", Time since last: 5037264467 ns, Reaching safepoint: 29099 ns, Cleanup: 24661 ns, At safepoint: 81074 ns, Total: 134834 ns
[2025-06-13T05:29:09.101+0000][72][info ][safepoint   ] Safepoint "Cleanup", Time since last: 33269007963 ns, Reaching safepoint: 32906 ns, Cleanup: 17431 ns, At safepoint: 18622 ns, Total: 68959 ns
[2025-06-13T05:29:12.918+0000][72][info ][safepoint   ] Safepoint "Cleanup", Time since last: 3816489499 ns, Reaching safepoint: 17083 ns, Cleanup: 13607 ns, At safepoint: 71123 ns, Total: 101813 ns
[2025-06-13T05:29:32.941+0000][72][info ][safepoint   ] Safepoint "Cleanup", Time since last: 20025149654 ns, Reaching safepoint: 56369 ns, Cleanup: 16167 ns, At safepoint: 10128 ns, Total: 82664 ns
[2025-06-13T05:29:47.962+0000][72][info ][safepoint   ] Safepoint "Cleanup", Time since last: 15021002565 ns, Reaching safepoint: 81359 ns, Cleanup: 12924 ns, At safepoint: 9282 ns, Total: 103565 ns
[2025-06-13T05:30:02.152+0000][72][info ][safepoint   ] Safepoint "Cleanup", Time since last: 14192461214 ns, Reaching safepoint: 48447 ns, Cleanup: 13017 ns, At safepoint: 7892 ns, Total: 69356 ns
[2025-06-13T05:30:04.150+0000][72][info ][safepoint   ] Safepoint "Cleanup", Time since last: 1998400980 ns, Reaching safepoint: 25355 ns, Cleanup: 55268 ns, At safepoint: 11033 ns, Total: 91656 ns
[2025-06-13T05:30:07.156+0000][72][info ][safepoint   ] Safepoint "Cleanup", Time since last: 3005137208 ns, Reaching safepoint: 22929 ns, Cleanup: 13586 ns, At safepoint: 8087 ns, Total: 44602 ns
[2025-06-13T05:30:12.157+0000][72][info ][safepoint   ] Safepoint "Cleanup", Time since last: 5001247079 ns, Reaching safepoint: 42125 ns, Cleanup: 13467 ns, At safepoint: 8194 ns, Total: 63786 ns
[2025-06-13T05:30:13.962+0000][72][info ][safepoint   ] Safepoint "Cleanup", Time since last: 1805231145 ns, Reaching safepoint: 26039 ns, Cleanup: 11883 ns, At safepoint: 67637 ns, Total: 105559 ns
[2025-06-13T05:30:15.010+0000][72][info ][safepoint   ] Safepoint "Cleanup", Time since last: 1048111223 ns, Reaching safepoint: 6081 ns, Cleanup: 7038 ns, At safepoint: 2871 ns, Total: 15990 ns
[2025-06-13T05:30:26.017+0000][72][info ][safepoint   ] Safepoint "Cleanup", Time since last: 11006940484 ns, Reaching safepoint: 99216 ns, Cleanup: 15116 ns, At safepoint: 30251 ns, Total: 144583 ns
[2025-06-13T05:31:17.972+0000][72][info ][safepoint   ] Safepoint "Cleanup", Time since last: 51959983569 ns, Reaching safepoint: 35547 ns, Cleanup: 15372 ns, At safepoint: 11867 ns, Total: 62786 ns
[2025-06-13T05:31:19.054+0000][72][info ][safepoint   ] Safepoint "Cleanup", Time since last: 1081769495 ns, Reaching safepoint: 29164 ns, Cleanup: 17420 ns, At safepoint: 10822 ns, Total: 57406 ns
[2025-06-13T05:32:59.255+0000][72][info ][safepoint   ] Safepoint "Cleanup", Time since last: 100208154668 ns, Reaching safepoint: 60352 ns, Cleanup: 16240 ns, At safepoint: 11053 ns, Total: 87645 ns
[2025-06-13T05:33:23.133+0000][72][info ][safepoint   ] Safepoint "Cleanup", Time since last: 23880514020 ns, Reaching safepoint: 17147 ns, Cleanup: 12217 ns, At safepoint: 20299 ns, Total: 49663 ns
[2025-06-13T05:33:35.150+0000][72][info ][safepoint   ] Safepoint "Cleanup", Time since last: 12018698730 ns, Reaching safepoint: 67095 ns, Cleanup: 15946 ns, At safepoint: 13359 ns, Total: 96400 ns
[2025-06-13T05:33:57.279+0000][72][info ][safepoint   ] Safepoint "Cleanup", Time since last: 22129520727 ns, Reaching safepoint: 30454 ns, Cleanup: 16986 ns, At safepoint: 12639 ns, Total: 60079 ns
[2025-06-13T05:34:24.283+0000][72][info ][safepoint   ] Safepoint "Cleanup", Time since last: 27005983873 ns, Reaching safepoint: 60534 ns, Cleanup: 14221 ns, At safepoint: 9597 ns, Total: 84352 ns
[2025-06-13T05:34:32.182+0000][72][info ][safepoint   ] Safepoint "Cleanup", Time since last: 7901984569 ns, Reaching safepoint: 62751 ns, Cleanup: 17687 ns, At safepoint: 11131 ns, Total: 91569 ns
[2025-06-13T05:34:34.949+0000][72][info ][safepoint   ] Safepoint "Cleanup", Time since last: 2766980012 ns, Reaching safepoint: 13963 ns, Cleanup: 10346 ns, At safepoint: 18372 ns, Total: 42681 ns
[2025-06-13T05:35:28.963+0000][72][info ][safepoint   ] Safepoint "Cleanup", Time since last: 54015529287 ns, Reaching safepoint: 182290 ns, Cleanup: 11527 ns, At safepoint: 54435 ns, Total: 248252 ns
[2025-06-13T05:35:30.282+0000][72][info ][safepoint   ] Safepoint "Cleanup", Time since last: 1318814134 ns, Reaching safepoint: 13413 ns, Cleanup: 10922 ns, At safepoint: 17379 ns, Total: 41714 ns
[2025-06-13T05:35:41.285+0000][72][info ][safepoint   ] Safepoint "Cleanup", Time since last: 11005631084 ns, Reaching safepoint: 58504 ns, Cleanup: 15221 ns, At safepoint: 10625 ns, Total: 84350 ns
[2025-06-13T05:36:02.326+0000][72][info ][safepoint   ] Safepoint "Cleanup", Time since last: 21044318840 ns, Reaching safepoint: 49451 ns, Cleanup: 14285 ns, At safepoint: 10181 ns, Total: 73917 ns
[2025-06-13T05:36:24.330+0000][72][info ][safepoint   ] Safepoint "Cleanup", Time since last: 22003665540 ns, Reaching safepoint: 18454 ns, Cleanup: 14522 ns, At safepoint: 9604 ns, Total: 42580 ns
[2025-06-13T05:36:29.332+0000][72][info ][safepoint   ] Safepoint "Cleanup", Time since last: 5002246132 ns, Reaching safepoint: 26676 ns, Cleanup: 16202 ns, At safepoint: 12179 ns, Total: 55057 ns
[2025-06-13T05:36:52.352+0000][72][info ][safepoint   ] Safepoint "Cleanup", Time since last: 23021346622 ns, Reaching safepoint: 26050 ns, Cleanup: 15143 ns, At safepoint: 11103 ns, Total: 52296 ns
[2025-06-13T05:37:24.353+0000][72][info ][safepoint   ] Safepoint "Cleanup", Time since last: 32003999470 ns, Reaching safepoint: 37262 ns, Cleanup: 14296 ns, At safepoint: 6907 ns, Total: 58465 ns
[2025-06-13T05:38:02.374+0000][72][info ][safepoint   ] Safepoint "Cleanup", Time since last: 38025260711 ns, Reaching safepoint: 59402 ns, Cleanup: 17442 ns, At safepoint: 13454 ns, Total: 90298 ns
[2025-06-13T05:38:08.375+0000][72][info ][safepoint   ] Safepoint "Cleanup", Time since last: 6001395564 ns, Reaching safepoint: 27185 ns, Cleanup: 19322 ns, At safepoint: 12171 ns, Total: 58678 ns
[2025-06-13T05:38:09.376+0000][72][info ][safepoint   ] Safepoint "Cleanup", Time since last: 1000669424 ns, Reaching safepoint: 26139 ns, Cleanup: 16293 ns, At safepoint: 12136 ns, Total: 54568 ns
[2025-06-13T05:38:24.378+0000][72][info ][safepoint   ] Safepoint "Cleanup", Time since last: 15002384719 ns, Reaching safepoint: 57430 ns, Cleanup: 16151 ns, At safepoint: 10956 ns, Total: 84537 ns
[2025-06-13T05:38:32.377+0000][72][info ][safepoint   ] Safepoint "Cleanup", Time since last: 8001649226 ns, Reaching safepoint: 26400 ns, Cleanup: 14883 ns, At safepoint: 11667 ns, Total: 52950 ns
[2025-06-13T05:39:02.398+0000][72][info ][safepoint   ] Safepoint "Cleanup", Time since last: 30023240262 ns, Reaching safepoint: 64173 ns, Cleanup: 16537 ns, At safepoint: 12070 ns, Total: 92780 ns
[2025-06-13T05:39:08.400+0000][72][info ][safepoint   ] Safepoint "Cleanup", Time since last: 6001345677 ns, Reaching safepoint: 25876 ns, Cleanup: 17328 ns, At safepoint: 46031 ns, Total: 89235 ns
[2025-06-13T05:39:24.402+0000][72][info ][safepoint   ] Safepoint "Cleanup", Time since last: 16002653122 ns, Reaching safepoint: 56995 ns, Cleanup: 17903 ns, At safepoint: 9556 ns, Total: 84454 ns
[2025-06-13T05:39:38.056+0000][72][info ][safepoint   ] Safepoint "Cleanup", Time since last: 13655309335 ns, Reaching safepoint: 106995 ns, Cleanup: 12064 ns, At safepoint: 55854 ns, Total: 174913 ns
[2025-06-13T05:39:39.417+0000][72][info ][safepoint   ] Safepoint "Cleanup", Time since last: 1361094111 ns, Reaching safepoint: 24520 ns, Cleanup: 16284 ns, At safepoint: 11515 ns, Total: 52319 ns
[2025-06-13T05:39:50.425+0000][72][info ][safepoint   ] Safepoint "Cleanup", Time since last: 11008103488 ns, Reaching safepoint: 18769 ns, Cleanup: 13155 ns, At safepoint: 32231 ns, Total: 64155 ns
[2025-06-13T05:40:05.371+0000][72][info ][safepoint   ] Safepoint "Cleanup", Time since last: 14947921257 ns, Reaching safepoint: 19998 ns, Cleanup: 12842 ns, At safepoint: 8411 ns, Total: 41251 ns
[2025-06-13T05:40:07.371+0000][72][info ][safepoint   ] Safepoint "Cleanup", Time since last: 2000649690 ns, Reaching safepoint: 145465 ns, Cleanup: 11287 ns, At safepoint: 73623 ns, Total: 230375 ns
[2025-06-13T05:40:14.373+0000][72][info ][safepoint   ] Safepoint "Cleanup", Time since last: 7001431181 ns, Reaching safepoint: 24352 ns, Cleanup: 16808 ns, At safepoint: 11168 ns, Total: 52328 ns
[2025-06-13T05:40:50.450+0000][72][info ][safepoint   ] Safepoint "Cleanup", Time since last: 36079782908 ns, Reaching safepoint: 30192 ns, Cleanup: 17558 ns, At safepoint: 12230 ns, Total: 59980 ns
[2025-06-13T05:41:02.450+0000][72][info ][safepoint   ] Safepoint "Cleanup", Time since last: 12002010059 ns, Reaching safepoint: 24590 ns, Cleanup: 15424 ns, At safepoint: 22447 ns, Total: 62461 ns
[2025-06-13T05:41:24.454+0000][72][info ][safepoint   ] Safepoint "Cleanup", Time since last: 22003665039 ns, Reaching safepoint: 63912 ns, Cleanup: 19996 ns, At safepoint: 16078 ns, Total: 99986 ns
[2025-06-13T05:41:46.942+0000][72][info ][safepoint   ] Safepoint "Cleanup", Time since last: 22489887776 ns, Reaching safepoint: 27675 ns, Cleanup: 13823 ns, At safepoint: 183124 ns, Total: 224622 ns
[2025-06-13T05:42:00.481+0000][72][info ][safepoint   ] Safepoint "Cleanup", Time since last: 13538851053 ns, Reaching safepoint: 116927 ns, Cleanup: 18459 ns, At safepoint: 13151 ns, Total: 148537 ns
[2025-06-13T05:42:32.480+0000][72][info ][safepoint   ] Safepoint "Cleanup", Time since last: 32004809822 ns, Reaching safepoint: 52506 ns, Cleanup: 13926 ns, At safepoint: 11335 ns, Total: 77767 ns
[2025-06-13T05:42:49.937+0000][72][info ][safepoint   ] Safepoint "Cleanup", Time since last: 17455888825 ns, Reaching safepoint: 612774 ns, Cleanup: 14885 ns, At safepoint: 85670 ns, Total: 713329 ns
[2025-06-13T05:42:53.591+0000][72][info ][safepoint   ] Safepoint "Cleanup", Time since last: 3653575084 ns, Reaching safepoint: 25642 ns, Cleanup: 16581 ns, At safepoint: 10740 ns, Total: 52963 ns
[2025-06-13T05:43:08.591+0000][72][info ][safepoint   ] Safepoint "Cleanup", Time since last: 15002364024 ns, Reaching safepoint: 31411 ns, Cleanup: 16024 ns, At safepoint: 12121 ns, Total: 59556 ns
[2025-06-13T05:43:31.594+0000][72][info ][safepoint   ] Safepoint "Cleanup", Time since last: 23003417176 ns, Reaching safepoint: 57169 ns, Cleanup: 15135 ns, At safepoint: 12102 ns, Total: 84406 ns
[2025-06-13T05:43:32.619+0000][72][info ][safepoint   ] Safepoint "Cleanup", Time since last: 1027004702 ns, Reaching safepoint: 14603 ns, Cleanup: 18798 ns, At safepoint: 83971 ns, Total: 117372 ns
[2025-06-13T05:43:46.975+0000][72][info ][safepoint   ] Safepoint "Cleanup", Time since last: 14355744179 ns, Reaching safepoint: 31654 ns, Cleanup: 14724 ns, At safepoint: 18857 ns, Total: 65235 ns
[2025-06-13T05:43:48.528+0000][72][info ][safepoint   ] Safepoint "Cleanup", Time since last: 1553402812 ns, Reaching safepoint: 10322 ns, Cleanup: 16749 ns, At safepoint: 15115 ns, Total: 42186 ns
[2025-06-13T05:43:52.984+0000][72][info ][safepoint   ] Safepoint "Cleanup", Time since last: 4455316528 ns, Reaching safepoint: 6189 ns, Cleanup: 5925 ns, At safepoint: 14162 ns, Total: 26276 ns
[2025-06-13T05:43:54.930+0000][72][info ][safepoint   ] Safepoint "Cleanup", Time since last: 1946616782 ns, Reaching safepoint: 33348 ns, Cleanup: 18672 ns, At safepoint: 19434 ns, Total: 71454 ns
[2025-06-13T05:44:24.690+0000][72][info ][safepoint   ] Safepoint "Cleanup", Time since last: 29761808737 ns, Reaching safepoint: 61174 ns, Cleanup: 15346 ns, At safepoint: 13433 ns, Total: 89953 ns
[2025-06-13T05:44:40.953+0000][72][info ][safepoint   ] Safepoint "Cleanup", Time since last: 16266468114 ns, Reaching safepoint: 26311 ns, Cleanup: 15494 ns, At safepoint: 78661 ns, Total: 120466 ns
[2025-06-13T05:44:41.958+0000][72][info ][safepoint   ] Safepoint "Cleanup", Time since last: 1004229877 ns, Reaching safepoint: 15461 ns, Cleanup: 18617 ns, At safepoint: 20883 ns, Total: 54961 ns
[2025-06-13T05:44:55.923+0000][72][info ][safepoint   ] Safepoint "Cleanup", Time since last: 13965709236 ns, Reaching safepoint: 13898 ns, Cleanup: 11469 ns, At safepoint: 18959 ns, Total: 44326 ns
[2025-06-13T05:44:57.978+0000][72][info ][safepoint   ] Safepoint "Cleanup", Time since last: 2055021195 ns, Reaching safepoint: 23922 ns, Cleanup: 14989 ns, At safepoint: 10415 ns, Total: 49326 ns
[2025-06-13T05:45:38.731+0000][72][info ][safepoint   ] Safepoint "Cleanup", Time since last: 40757294041 ns, Reaching safepoint: 109311 ns, Cleanup: 19650 ns, At safepoint: 24839 ns, Total: 153800 ns
[2025-06-13T05:46:09.032+0000][72][info ][safepoint   ] Safepoint "Cleanup", Time since last: 30302609244 ns, Reaching safepoint: 57979 ns, Cleanup: 14909 ns, At safepoint: 11749 ns, Total: 84637 ns
[2025-06-13T05:46:52.612+0000][72][info ][safepoint   ] Safepoint "Cleanup", Time since last: 43582569058 ns, Reaching safepoint: 23878 ns, Cleanup: 18668 ns, At safepoint: 10824 ns, Total: 53370 ns
[2025-06-13T05:47:01.939+0000][72][info ][safepoint   ] Safepoint "Cleanup", Time since last: 9327159803 ns, Reaching safepoint: 111233 ns, Cleanup: 12660 ns, At safepoint: 36143 ns, Total: 160036 ns
[2025-06-13T05:47:03.061+0000][72][info ][safepoint   ] Safepoint "Cleanup", Time since last: 1124325836 ns, Reaching safepoint: 24985 ns, Cleanup: 15019 ns, At safepoint: 10752 ns, Total: 50756 ns
[2025-06-13T05:47:24.073+0000][72][info ][safepoint   ] Safepoint "Cleanup", Time since last: 21011890485 ns, Reaching safepoint: 82961 ns, Cleanup: 19646 ns, At safepoint: 13742 ns, Total: 116349 ns
[2025-06-13T05:49:24.156+0000][72][info ][safepoint   ] Safepoint "Cleanup", Time since last: 120093117124 ns, Reaching safepoint: 60704 ns, Cleanup: 26241 ns, At safepoint: 11708 ns, Total: 98653 ns
[2025-06-13T05:50:10.952+0000][72][info ][safepoint   ] Safepoint "Cleanup", Time since last: 46799992811 ns, Reaching safepoint: 30968 ns, Cleanup: 14989 ns, At safepoint: 119716 ns, Total: 165673 ns
[2025-06-13T05:52:16.920+0000][72][info ][safepoint   ] Safepoint "Cleanup", Time since last: 125977463406 ns, Reaching safepoint: 7971 ns, Cleanup: 8951 ns, At safepoint: 24632 ns, Total: 41554 ns
[2025-06-13T05:52:52.776+0000][72][info ][safepoint   ] Safepoint "Cleanup", Time since last: 35859111350 ns, Reaching safepoint: 19001 ns, Cleanup: 14941 ns, At safepoint: 8836 ns, Total: 42778 ns
[2025-06-13T05:53:08.777+0000][72][info ][safepoint   ] Safepoint "Cleanup", Time since last: 16002580036 ns, Reaching safepoint: 24508 ns, Cleanup: 13149 ns, At safepoint: 9794 ns, Total: 47451 ns
[2025-06-13T05:53:59.805+0000][72][info ][safepoint   ] Safepoint "Cleanup", Time since last: 51029970787 ns, Reaching safepoint: 60687 ns, Cleanup: 17509 ns, At safepoint: 11669 ns, Total: 89865 ns
[2025-06-13T05:54:22.915+0000][72][info ][safepoint   ] Safepoint "Cleanup", Time since last: 23113178264 ns, Reaching safepoint: 101509 ns, Cleanup: 11758 ns, At safepoint: 53066 ns, Total: 166333 ns
[2025-06-13T05:54:47.377+0000][72][info ][safepoint   ] Safepoint "Cleanup", Time since last: 24463534012 ns, Reaching safepoint: 60190 ns, Cleanup: 13855 ns, At safepoint: 22835 ns, Total: 96880 ns
[2025-06-13T05:55:04.882+0000][72][info ][gc,start    ] GC(21) Pause Young (Normal) (G1 Evacuation Pause)
[2025-06-13T05:55:04.884+0000][72][info ][gc,task     ] GC(21) Using 10 workers of 10 for evacuation
[2025-06-13T05:55:04.885+0000][72][debug][gc,age      ] GC(21) Desired survivor size 130023424 bytes, new threshold 15 (max threshold 15)
[2025-06-13T05:55:04.989+0000][72][info ][gc,phases   ] GC(21)   Pre Evacuate Collection Set: 4.23ms
[2025-06-13T05:55:04.990+0000][72][info ][gc,phases   ] GC(21)   Merge Heap Roots: 1.56ms
[2025-06-13T05:55:04.990+0000][72][info ][gc,phases   ] GC(21)   Evacuate Collection Set: 89.47ms
[2025-06-13T05:55:04.990+0000][72][info ][gc,phases   ] GC(21)   Post Evacuate Collection Set: 5.93ms
[2025-06-13T05:55:04.991+0000][72][info ][gc,phases   ] GC(21)   Other: 4.37ms
[2025-06-13T05:55:04.991+0000][72][trace][gc,age      ] GC(21) Age table with threshold 15 (max threshold 15)
[2025-06-13T05:55:04.991+0000][72][trace][gc,age      ] GC(21) - age   1:    1298600 bytes,    1298600 total
[2025-06-13T05:55:04.992+0000][72][trace][gc,age      ] GC(21) - age   2:      72304 bytes,    1370904 total
[2025-06-13T05:55:04.992+0000][72][trace][gc,age      ] GC(21) - age   3:      58488 bytes,    1429392 total
[2025-06-13T05:55:04.992+0000][72][trace][gc,age      ] GC(21) - age   4:     122280 bytes,    1551672 total
[2025-06-13T05:55:04.992+0000][72][trace][gc,age      ] GC(21) - age   5:      96904 bytes,    1648576 total
[2025-06-13T05:55:04.993+0000][72][trace][gc,age      ] GC(21) - age   6:     106944 bytes,    1755520 total
[2025-06-13T05:55:04.993+0000][72][trace][gc,age      ] GC(21) - age   7:    2152040 bytes,    3907560 total
[2025-06-13T05:55:04.993+0000][72][trace][gc,age      ] GC(21) - age   8:   42508896 bytes,   46416456 total
[2025-06-13T05:55:04.993+0000][72][info ][gc,heap     ] GC(21) Eden regions: 481->0(569)
[2025-06-13T05:55:04.994+0000][72][info ][gc,heap     ] GC(21) Survivor regions: 13->13(62)
[2025-06-13T05:55:04.994+0000][72][info ][gc,heap     ] GC(21) Old regions: 15->15
[2025-06-13T05:55:04.995+0000][72][info ][gc,heap     ] GC(21) Humongous regions: 0->0
[2025-06-13T05:55:04.995+0000][72][info ][gc,metaspace] GC(21) Metaspace: 147979K(151936K)->147979K(151936K) NonClass: 127913K(129984K)->127913K(129984K) Class: 20066K(21952K)->20066K(21952K)
[2025-06-13T05:55:04.996+0000][72][info ][gc          ] GC(21) Pause Young (Normal) (G1 Evacuation Pause) 2032M->108M(3880M) 113.745ms
[2025-06-13T05:55:04.996+0000][72][info ][gc,cpu      ] GC(21) User=0.83s Sys=0.04s Real=0.12s
[2025-06-13T05:55:04.996+0000][72][info ][safepoint   ] Safepoint "G1CollectForAllocation", Time since last: 17507011260 ns, Reaching safepoint: 21687 ns, Cleanup: 5539 ns, At safepoint: 115090572 ns, Total: 115117798 ns
[2025-06-13T05:56:01.857+0000][72][info ][safepoint   ] Safepoint "Cleanup", Time since last: 56863382989 ns, Reaching safepoint: 44640 ns, Cleanup: 13299 ns, At safepoint: 8824 ns, Total: 66763 ns
[2025-06-13T05:56:11.857+0000][72][info ][safepoint   ] Safepoint "Cleanup", Time since last: 10001778901 ns, Reaching safepoint: 68055 ns, Cleanup: 16801 ns, At safepoint: 11781 ns, Total: 96637 ns
[2025-06-13T05:56:24.859+0000][72][info ][safepoint   ] Safepoint "Cleanup", Time since last: 13002247849 ns, Reaching safepoint: 56794 ns, Cleanup: 18077 ns, At safepoint: 10616 ns, Total: 85487 ns
[2025-06-13T05:56:29.468+0000][72][info ][safepoint   ] Safepoint "Cleanup", Time since last: 4609337965 ns, Reaching safepoint: 13241 ns, Cleanup: 10762 ns, At safepoint: 18669 ns, Total: 42672 ns
[2025-06-13T05:56:30.485+0000][72][info ][safepoint   ] Safepoint "Cleanup", Time since last: 1015986928 ns, Reaching safepoint: 52566 ns, Cleanup: 15021 ns, At safepoint: 11739 ns, Total: 79326 ns
[2025-06-13T05:57:32.497+0000][72][info ][safepoint   ] Safepoint "Cleanup", Time since last: 62020073972 ns, Reaching safepoint: 6223 ns, Cleanup: 7886 ns, At safepoint: 12879 ns, Total: 26988 ns
[2025-06-13T05:57:38.519+0000][72][info ][safepoint   ] Safepoint "Cleanup", Time since last: 6021074955 ns, Reaching safepoint: 110984 ns, Cleanup: 13365 ns, At safepoint: 34122 ns, Total: 158471 ns
[2025-06-13T05:58:34.912+0000][72][info ][safepoint   ] Safepoint "Cleanup", Time since last: 56397605626 ns, Reaching safepoint: 104469 ns, Cleanup: 11211 ns, At safepoint: 48858 ns, Total: 164538 ns
[2025-06-13T05:58:36.553+0000][72][info ][safepoint   ] Safepoint "Cleanup", Time since last: 1641847017 ns, Reaching safepoint: 18321 ns, Cleanup: 16314 ns, At safepoint: 8704 ns, Total: 43339 ns
[2025-06-13T05:58:41.555+0000][72][info ][safepoint   ] Safepoint "Cleanup", Time since last: 5001009350 ns, Reaching safepoint: 24782 ns, Cleanup: 16287 ns, At safepoint: 11029 ns, Total: 52098 ns
[2025-06-13T05:58:49.916+0000][72][info ][safepoint   ] Safepoint "Cleanup", Time since last: 8361624176 ns, Reaching safepoint: 187102 ns, Cleanup: 16049 ns, At safepoint: 64836 ns, Total: 267987 ns
[2025-06-13T05:58:51.597+0000][72][info ][safepoint   ] Safepoint "Cleanup", Time since last: 1680055774 ns, Reaching safepoint: 28260 ns, Cleanup: 20545 ns, At safepoint: 11982 ns, Total: 60787 ns
[2025-06-13T05:59:12.598+0000][72][info ][safepoint   ] Safepoint "Cleanup", Time since last: 21003231514 ns, Reaching safepoint: 22941 ns, Cleanup: 15300 ns, At safepoint: 10932 ns, Total: 49173 ns
[2025-06-13T05:59:37.895+0000][72][info ][safepoint   ] Safepoint "Cleanup", Time since last: 25299947180 ns, Reaching safepoint: 13488 ns, Cleanup: 10833 ns, At safepoint: 16897 ns, Total: 41218 ns
[2025-06-13T05:59:49.889+0000][72][info ][safepoint   ] Safepoint "Cleanup", Time since last: 11994535646 ns, Reaching safepoint: 24911 ns, Cleanup: 7584 ns, At safepoint: 13512 ns, Total: 46007 ns
[2025-06-13T05:59:51.645+0000][72][info ][safepoint   ] Safepoint "Cleanup", Time since last: 1755865504 ns, Reaching safepoint: 24873 ns, Cleanup: 16656 ns, At safepoint: 10058 ns, Total: 51587 ns
[2025-06-13T06:00:08.137+0000][72][info ][safepoint   ] Safepoint "Cleanup", Time since last: 16494113284 ns, Reaching safepoint: 51765 ns, Cleanup: 12937 ns, At safepoint: 9599 ns, Total: 74301 ns
[2025-06-13T06:00:24.139+0000][72][info ][safepoint   ] Safepoint "Cleanup", Time since last: 16002384234 ns, Reaching safepoint: 57825 ns, Cleanup: 14777 ns, At safepoint: 9703 ns, Total: 82305 ns
[2025-06-13T06:00:37.139+0000][72][info ][safepoint   ] Safepoint "Cleanup", Time since last: 13002054635 ns, Reaching safepoint: 141275 ns, Cleanup: 16303 ns, At safepoint: 41709 ns, Total: 199287 ns
[2025-06-13T06:00:41.707+0000][72][info ][safepoint   ] Safepoint "Cleanup", Time since last: 4567840193 ns, Reaching safepoint: 6967 ns, Cleanup: 10873 ns, At safepoint: 3419 ns, Total: 21259 ns
[2025-06-13T06:00:42.733+0000][72][info ][safepoint   ] Safepoint "Cleanup", Time since last: 1025942784 ns, Reaching safepoint: 6705 ns, Cleanup: 12395 ns, At safepoint: 13053 ns, Total: 32153 ns
[2025-06-13T06:00:47.739+0000][72][info ][safepoint   ] Safepoint "Cleanup", Time since last: 5005389193 ns, Reaching safepoint: 26186 ns, Cleanup: 18348 ns, At safepoint: 11795 ns, Total: 56329 ns
[2025-06-13T06:01:04.990+0000][72][info ][safepoint   ] Safepoint "Cleanup", Time since last: 17253326167 ns, Reaching safepoint: 49882 ns, Cleanup: 15148 ns, At safepoint: 8954 ns, Total: 73984 ns
[2025-06-13T06:01:07.991+0000][72][info ][safepoint   ] Safepoint "Cleanup", Time since last: 3000870385 ns, Reaching safepoint: 58958 ns, Cleanup: 15560 ns, At safepoint: 11614 ns, Total: 86132 ns
[2025-06-13T06:02:47.785+0000][72][info ][safepoint   ] Safepoint "Cleanup", Time since last: 99801220784 ns, Reaching safepoint: 23913 ns, Cleanup: 13799 ns, At safepoint: 24350 ns, Total: 62062 ns
[2025-06-13T06:02:48.800+0000][72][info ][safepoint   ] Safepoint "Cleanup", Time since last: 1014912390 ns, Reaching safepoint: 26475 ns, Cleanup: 16878 ns, At safepoint: 11423 ns, Total: 54776 ns
[2025-06-13T06:03:08.043+0000][72][info ][safepoint   ] Safepoint "Cleanup", Time since last: 19245974328 ns, Reaching safepoint: 25034 ns, Cleanup: 15936 ns, At safepoint: 10753 ns, Total: 51723 ns
[2025-06-13T06:03:20.045+0000][72][info ][safepoint   ] Safepoint "Cleanup", Time since last: 12002003531 ns, Reaching safepoint: 24778 ns, Cleanup: 16588 ns, At safepoint: 11488 ns, Total: 52854 ns
[2025-06-13T06:03:24.046+0000][72][info ][safepoint   ] Safepoint "Cleanup", Time since last: 4001059559 ns, Reaching safepoint: 27279 ns, Cleanup: 14183 ns, At safepoint: 11097 ns, Total: 52559 ns
[2025-06-13T06:03:49.881+0000][72][info ][safepoint   ] Safepoint "Cleanup", Time since last: 25837243844 ns, Reaching safepoint: 8054 ns, Cleanup: 9819 ns, At safepoint: 3014 ns, Total: 20887 ns
[2025-06-13T06:05:02.947+0000][72][info ][safepoint   ] Safepoint "Cleanup", Time since last: 73073501372 ns, Reaching safepoint: 18700 ns, Cleanup: 10630 ns, At safepoint: 19600 ns, Total: 48930 ns
[2025-06-13T06:05:56.952+0000][72][info ][safepoint   ] Safepoint "Cleanup", Time since last: 54006547834 ns, Reaching safepoint: 14483 ns, Cleanup: 11840 ns, At safepoint: 19643 ns, Total: 45966 ns
[2025-06-13T06:07:22.960+0000][72][info ][safepoint   ] Safepoint "Cleanup", Time since last: 86015194506 ns, Reaching safepoint: 29662 ns, Cleanup: 16601 ns, At safepoint: 10922 ns, Total: 57185 ns
[2025-06-13T06:08:01.873+0000][72][info ][safepoint   ] Safepoint "Cleanup", Time since last: 38915932475 ns, Reaching safepoint: 26075 ns, Cleanup: 13341 ns, At safepoint: 21923 ns, Total: 61339 ns
[2025-06-13T06:08:08.008+0000][72][info ][safepoint   ] Safepoint "Cleanup", Time since last: 6137120721 ns, Reaching safepoint: 32760 ns, Cleanup: 15930 ns, At safepoint: 10985 ns, Total: 59675 ns
[2025-06-13T06:08:24.011+0000][72][info ][safepoint   ] Safepoint "Cleanup", Time since last: 16002545214 ns, Reaching safepoint: 58930 ns, Cleanup: 15648 ns, At safepoint: 13915 ns, Total: 88493 ns
[2025-06-13T06:09:07.104+0000][72][info ][safepoint   ] Safepoint "Cleanup", Time since last: 43097723551 ns, Reaching safepoint: 27107 ns, Cleanup: 19663 ns, At safepoint: 17489 ns, Total: 64259 ns
[2025-06-13T06:09:08.105+0000][72][info ][safepoint   ] Safepoint "Cleanup", Time since last: 1000778892 ns, Reaching safepoint: 24052 ns, Cleanup: 17052 ns, At safepoint: 12584 ns, Total: 53688 ns
[2025-06-13T06:09:09.106+0000][72][info ][safepoint   ] Safepoint "Cleanup", Time since last: 1000887360 ns, Reaching safepoint: 27052 ns, Cleanup: 22251 ns, At safepoint: 15875 ns, Total: 65178 ns
[2025-06-13T06:09:10.107+0000][72][info ][safepoint   ] Safepoint "Cleanup", Time since last: 1001334029 ns, Reaching safepoint: 27559 ns, Cleanup: 22613 ns, At safepoint: 15549 ns, Total: 65721 ns
[2025-06-13T06:09:15.109+0000][72][info ][safepoint   ] Safepoint "Cleanup", Time since last: 5001609844 ns, Reaching safepoint: 159546 ns, Cleanup: 24245 ns, At safepoint: 17938 ns, Total: 201729 ns
[2025-06-13T06:09:56.141+0000][72][info ][safepoint   ] Safepoint "Cleanup", Time since last: 41034457658 ns, Reaching safepoint: 23694 ns, Cleanup: 120223 ns, At safepoint: 102025 ns, Total: 245942 ns
[2025-06-13T06:10:08.169+0000][72][info ][safepoint   ] Safepoint "Cleanup", Time since last: 12029913932 ns, Reaching safepoint: 90976 ns, Cleanup: 12102 ns, At safepoint: 33189 ns, Total: 136267 ns
[2025-06-13T06:10:09.214+0000][72][info ][safepoint   ] Safepoint "Cleanup", Time since last: 1044821203 ns, Reaching safepoint: 27773 ns, Cleanup: 15563 ns, At safepoint: 15285 ns, Total: 58621 ns
[2025-06-13T06:10:56.270+0000][72][info ][safepoint   ] Safepoint "Cleanup", Time since last: 47058856192 ns, Reaching safepoint: 145025 ns, Cleanup: 17400 ns, At safepoint: 35335 ns, Total: 197760 ns
[2025-06-13T06:11:46.257+0000][72][info ][safepoint   ] Safepoint "Cleanup", Time since last: 49992285479 ns, Reaching safepoint: 73980 ns, Cleanup: 15863 ns, At safepoint: 17924 ns, Total: 107767 ns
[2025-06-13T06:12:06.309+0000][72][info ][safepoint   ] Safepoint "Cleanup", Time since last: 20053282398 ns, Reaching safepoint: 48373 ns, Cleanup: 14038 ns, At safepoint: 10452 ns, Total: 72863 ns
[2025-06-13T06:12:08.310+0000][72][info ][safepoint   ] Safepoint "Cleanup", Time since last: 2000793662 ns, Reaching safepoint: 30062 ns, Cleanup: 20635 ns, At safepoint: 18501 ns, Total: 69198 ns
[2025-06-13T06:12:38.299+0000][72][info ][safepoint   ] Safepoint "Cleanup", Time since last: 29991567302 ns, Reaching safepoint: 79986 ns, Cleanup: 23099 ns, At safepoint: 20925 ns, Total: 124010 ns
[2025-06-13T06:14:19.851+0000][72][info ][safepoint   ] Safepoint "Cleanup", Time since last: 101558783343 ns, Reaching safepoint: 6900 ns, Cleanup: 8088 ns, At safepoint: 13398 ns, Total: 28386 ns
[2025-06-13T06:14:53.419+0000][72][info ][safepoint   ] Safepoint "Cleanup", Time since last: 33571163315 ns, Reaching safepoint: 20728 ns, Cleanup: 14479 ns, At safepoint: 8766 ns, Total: 43973 ns
[2025-06-13T06:15:08.474+0000][72][info ][safepoint   ] Safepoint "Cleanup", Time since last: 15056963530 ns, Reaching safepoint: 31207 ns, Cleanup: 17699 ns, At safepoint: 17041 ns, Total: 65947 ns
[2025-06-13T06:16:25.841+0000][72][info ][safepoint   ] Safepoint "Cleanup", Time since last: 77372289464 ns, Reaching safepoint: 108586 ns, Cleanup: 12342 ns, At safepoint: 40653 ns, Total: 161581 ns
[2025-06-13T06:17:28.874+0000][72][info ][safepoint   ] Safepoint "Cleanup", Time since last: 63037235911 ns, Reaching safepoint: 10502 ns, Cleanup: 11723 ns, At safepoint: 24454 ns, Total: 46679 ns
[2025-06-13T06:19:35.647+0000][72][info ][safepoint   ] Safepoint "Cleanup", Time since last: 126785138746 ns, Reaching safepoint: 13552 ns, Cleanup: 19802 ns, At safepoint: 76653 ns, Total: 110007 ns
[2025-06-13T06:19:38.666+0000][72][info ][safepoint   ] Safepoint "Cleanup", Time since last: 3018782764 ns, Reaching safepoint: 30251 ns, Cleanup: 18184 ns, At safepoint: 17014 ns, Total: 65449 ns
[2025-06-13T06:20:38.047+0000][72][info ][safepoint   ] Safepoint "Cleanup", Time since last: 59385055815 ns, Reaching safepoint: 621483 ns, Cleanup: 14841 ns, At safepoint: 87903 ns, Total: 724227 ns
[2025-06-13T06:20:39.767+0000][72][info ][safepoint   ] Safepoint "Cleanup", Time since last: 1719913018 ns, Reaching safepoint: 29284 ns, Cleanup: 19687 ns, At safepoint: 16655 ns, Total: 65626 ns
[2025-06-13T06:22:08.833+0000][72][info ][safepoint   ] Safepoint "Cleanup", Time since last: 89073141684 ns, Reaching safepoint: 52180 ns, Cleanup: 14401 ns, At safepoint: 9855 ns, Total: 76436 ns
[2025-06-13T06:24:50.959+0000][72][info ][safepoint   ] Safepoint "Cleanup", Time since last: 162138456095 ns, Reaching safepoint: 33322 ns, Cleanup: 16201 ns, At safepoint: 79867 ns, Total: 129390 ns
[2025-06-13T06:25:06.999+0000][72][info ][safepoint   ] Safepoint "Cleanup", Time since last: 16042389627 ns, Reaching safepoint: 25156 ns, Cleanup: 34947 ns, At safepoint: 12057 ns, Total: 72160 ns
[2025-06-13T06:25:33.107+0000][72][info ][safepoint   ] Safepoint "Cleanup", Time since last: 26110121525 ns, Reaching safepoint: 8388 ns, Cleanup: 6327 ns, At safepoint: 14017 ns, Total: 28732 ns
[2025-06-13T06:28:04.132+0000][72][info ][safepoint   ] Safepoint "Cleanup", Time since last: 151037006633 ns, Reaching safepoint: 166360 ns, Cleanup: 19022 ns, At safepoint: 44691 ns, Total: 230073 ns
[2025-06-13T06:28:14.134+0000][72][info ][safepoint   ] Safepoint "Cleanup", Time since last: 10002079101 ns, Reaching safepoint: 30021 ns, Cleanup: 18698 ns, At safepoint: 13319 ns, Total: 62038 ns
[2025-06-13T06:28:24.136+0000][72][info ][safepoint   ] Safepoint "Cleanup", Time since last: 10002209928 ns, Reaching safepoint: 78074 ns, Cleanup: 18710 ns, At safepoint: 18829 ns, Total: 115613 ns
[2025-06-13T06:28:31.836+0000][72][info ][safepoint   ] Safepoint "Cleanup", Time since last: 7699599898 ns, Reaching safepoint: 48127 ns, Cleanup: 91227 ns, At safepoint: 25257 ns, Total: 164611 ns
[2025-06-13T06:28:32.905+0000][72][info ][safepoint   ] Safepoint "Cleanup", Time since last: 1071147717 ns, Reaching safepoint: 14735 ns, Cleanup: 37336 ns, At safepoint: 18647 ns, Total: 70718 ns
[2025-06-13T06:28:34.826+0000][72][info ][safepoint   ] Safepoint "Cleanup", Time since last: 1920894543 ns, Reaching safepoint: 7033 ns, Cleanup: 9742 ns, At safepoint: 14664 ns, Total: 31439 ns
[2025-06-13T06:28:37.253+0000][72][info ][safepoint   ] Safepoint "Cleanup", Time since last: 2426365675 ns, Reaching safepoint: 27779 ns, Cleanup: 15441 ns, At safepoint: 11221 ns, Total: 54441 ns
[2025-06-13T06:29:01.865+0000][72][info ][safepoint   ] Safepoint "Cleanup", Time since last: 24612511253 ns, Reaching safepoint: 14810 ns, Cleanup: 9623 ns, At safepoint: 30117 ns, Total: 54550 ns
[2025-06-13T06:29:03.262+0000][72][info ][safepoint   ] Safepoint "Cleanup", Time since last: 1399735243 ns, Reaching safepoint: 14041 ns, Cleanup: 29300 ns, At safepoint: 28220 ns, Total: 71561 ns
[2025-06-13T06:30:07.390+0000][72][info ][safepoint   ] Safepoint "Cleanup", Time since last: 64133541764 ns, Reaching safepoint: 26010 ns, Cleanup: 18069 ns, At safepoint: 11721 ns, Total: 55800 ns
[2025-06-13T06:30:12.447+0000][72][info ][safepoint   ] Safepoint "Cleanup", Time since last: 5056935766 ns, Reaching safepoint: 27927 ns, Cleanup: 17262 ns, At safepoint: 15801 ns, Total: 60990 ns
[2025-06-13T06:31:31.479+0000][72][info ][safepoint   ] Safepoint "Cleanup", Time since last: 79036044519 ns, Reaching safepoint: 129560 ns, Cleanup: 16485 ns, At safepoint: 9684 ns, Total: 155729 ns
[2025-06-13T06:32:10.833+0000][72][info ][safepoint   ] Safepoint "Cleanup", Time since last: 39358734564 ns, Reaching safepoint: 98379 ns, Cleanup: 11829 ns, At safepoint: 43082 ns, Total: 153290 ns
[2025-06-13T06:33:42.567+0000][72][info ][safepoint   ] Safepoint "Cleanup", Time since last: 91741374912 ns, Reaching safepoint: 60783 ns, Cleanup: 15674 ns, At safepoint: 9783 ns, Total: 86240 ns
[2025-06-13T06:35:23.702+0000][72][info ][safepoint   ] Safepoint "Cleanup", Time since last: 101142048668 ns, Reaching safepoint: 24400 ns, Cleanup: 17026 ns, At safepoint: 11393 ns, Total: 52819 ns
[2025-06-13T06:40:23.919+0000][72][info ][safepoint   ] Safepoint "Cleanup", Time since last: 300239540538 ns, Reaching safepoint: 56502 ns, Cleanup: 2023366 ns, At safepoint: 79002 ns, Total: 2158870 ns
[2025-06-13T06:40:26.920+0000][72][info ][safepoint   ] Safepoint "Cleanup", Time since last: 3001341882 ns, Reaching safepoint: 29130 ns, Cleanup: 16557 ns, At safepoint: 16981 ns, Total: 62668 ns
[2025-06-13T06:40:36.953+0000][72][info ][safepoint   ] Safepoint "Cleanup", Time since last: 10035018432 ns, Reaching safepoint: 17537 ns, Cleanup: 20262 ns, At safepoint: 9190 ns, Total: 46989 ns
[2025-06-13T06:41:37.806+0000][72][info ][safepoint   ] Safepoint "Cleanup", Time since last: 60858046514 ns, Reaching safepoint: 16155 ns, Cleanup: 18465 ns, At safepoint: 76524 ns, Total: 111144 ns
[2025-06-13T06:42:38.539+0000][72][info ][safepoint   ] Safepoint "Cleanup", Time since last: 60737888953 ns, Reaching safepoint: 88717 ns, Cleanup: 13725 ns, At safepoint: 10616 ns, Total: 113058 ns
[2025-06-13T06:43:07.567+0000][72][info ][safepoint   ] Safepoint "Cleanup", Time since last: 29030197337 ns, Reaching safepoint: 19914 ns, Cleanup: 13825 ns, At safepoint: 42041 ns, Total: 75780 ns
[2025-06-13T06:43:24.570+0000][72][info ][safepoint   ] Safepoint "Cleanup", Time since last: 17003144697 ns, Reaching safepoint: 18639 ns, Cleanup: 12867 ns, At safepoint: 8930 ns, Total: 40436 ns
[2025-06-13T06:43:43.783+0000][72][info ][safepoint   ] Safepoint "Cleanup", Time since last: 19214236028 ns, Reaching safepoint: 1020891 ns, Cleanup: 13775 ns, At safepoint: 71136 ns, Total: 1105802 ns
[2025-06-13T06:44:24.074+0000][72][info ][safepoint   ] Safepoint "Cleanup", Time since last: 40293894910 ns, Reaching safepoint: 48451 ns, Cleanup: 17811 ns, At safepoint: 9238 ns, Total: 75500 ns
[2025-06-13T06:45:07.630+0000][72][info ][safepoint   ] Safepoint "Cleanup", Time since last: 43560447798 ns, Reaching safepoint: 24190 ns, Cleanup: 17343 ns, At safepoint: 10596 ns, Total: 52129 ns
[2025-06-13T06:45:16.812+0000][72][info ][gc,start    ] GC(22) Pause Young (Normal) (G1 Evacuation Pause)
[2025-06-13T06:45:16.816+0000][72][info ][gc,task     ] GC(22) Using 10 workers of 10 for evacuation
[2025-06-13T06:45:16.817+0000][72][debug][gc,age      ] GC(22) Desired survivor size 153092096 bytes, new threshold 15 (max threshold 15)
[2025-06-13T06:45:17.056+0000][72][info ][gc,mmu      ] GC(22) MMU target violated: 201.0ms (200.0ms/201.0ms)
[2025-06-13T06:45:17.057+0000][72][info ][gc,phases   ] GC(22)   Pre Evacuate Collection Set: 6.52ms
[2025-06-13T06:45:17.057+0000][72][info ][gc,phases   ] GC(22)   Merge Heap Roots: 3.53ms
[2025-06-13T06:45:17.058+0000][72][info ][gc,phases   ] GC(22)   Evacuate Collection Set: 208.56ms
[2025-06-13T06:45:17.058+0000][72][info ][gc,phases   ] GC(22)   Post Evacuate Collection Set: 17.65ms
[2025-06-13T06:45:17.059+0000][72][info ][gc,phases   ] GC(22)   Other: 6.93ms
[2025-06-13T06:45:17.060+0000][72][trace][gc,age      ] GC(22) Age table with threshold 15 (max threshold 15)
[2025-06-13T06:45:17.060+0000][72][trace][gc,age      ] GC(22) - age   1:    1646280 bytes,    1646280 total
[2025-06-13T06:45:17.061+0000][72][trace][gc,age      ] GC(22) - age   2:     356400 bytes,    2002680 total
[2025-06-13T06:45:17.061+0000][72][trace][gc,age      ] GC(22) - age   3:      71312 bytes,    2073992 total
[2025-06-13T06:45:17.062+0000][72][trace][gc,age      ] GC(22) - age   4:      56944 bytes,    2130936 total
[2025-06-13T06:45:17.062+0000][72][trace][gc,age      ] GC(22) - age   5:      89656 bytes,    2220592 total
[2025-06-13T06:45:17.062+0000][72][trace][gc,age      ] GC(22) - age   6:      96664 bytes,    2317256 total
[2025-06-13T06:45:17.063+0000][72][trace][gc,age      ] GC(22) - age   7:     106408 bytes,    2423664 total
[2025-06-13T06:45:17.063+0000][72][trace][gc,age      ] GC(22) - age   8:    2151112 bytes,    4574776 total
[2025-06-13T06:45:17.064+0000][72][trace][gc,age      ] GC(22) - age   9:   42472552 bytes,   47047328 total
[2025-06-13T06:45:17.064+0000][72][info ][gc,heap     ] GC(22) Eden regions: 569->0(569)
[2025-06-13T06:45:17.064+0000][72][info ][gc,heap     ] GC(22) Survivor regions: 13->13(73)
[2025-06-13T06:45:17.065+0000][72][info ][gc,heap     ] GC(22) Old regions: 15->15
[2025-06-13T06:45:17.065+0000][72][info ][gc,heap     ] GC(22) Humongous regions: 0->0
[2025-06-13T06:45:17.066+0000][72][info ][gc,metaspace] GC(22) Metaspace: 148224K(152256K)->148224K(152256K) NonClass: 128156K(130304K)->128156K(130304K) Class: 20067K(21952K)->20067K(21952K)
[2025-06-13T06:45:17.066+0000][72][info ][gc          ] GC(22) Pause Young (Normal) (G1 Evacuation Pause) 2384M->109M(3880M) 254.278ms
[2025-06-13T06:45:17.067+0000][72][info ][gc,cpu      ] GC(22) User=1.87s Sys=0.04s Real=0.25s
[2025-06-13T06:45:17.067+0000][72][info ][safepoint   ] Safepoint "G1CollectForAllocation", Time since last: 9180034374 ns, Reaching safepoint: 15200 ns, Cleanup: 4562 ns, At safepoint: 257526439 ns, Total: 257546201 ns
[2025-06-13T06:45:49.780+0000][72][info ][safepoint   ] Safepoint "Cleanup", Time since last: 32715466094 ns, Reaching safepoint: 7243 ns, Cleanup: 7823 ns, At safepoint: 13719 ns, Total: 28785 ns
[2025-06-13T06:45:51.214+0000][72][info ][safepoint   ] Safepoint "Cleanup", Time since last: 1433915537 ns, Reaching safepoint: 13359 ns, Cleanup: 21167 ns, At safepoint: 20985 ns, Total: 55511 ns
[2025-06-13T06:46:52.787+0000][72][info ][safepoint   ] Safepoint "Cleanup", Time since last: 61576607494 ns, Reaching safepoint: 101060 ns, Cleanup: 8707 ns, At safepoint: 29673 ns, Total: 139440 ns
[2025-06-13T06:47:32.250+0000][72][info ][safepoint   ] Safepoint "Cleanup", Time since last: 39466000475 ns, Reaching safepoint: 78357 ns, Cleanup: 16993 ns, At safepoint: 13319 ns, Total: 108669 ns
[2025-06-13T06:47:52.724+0000][72][info ][safepoint   ] Safepoint "Cleanup", Time since last: 20476059192 ns, Reaching safepoint: 29091 ns, Cleanup: 16099 ns, At safepoint: 16501 ns, Total: 61691 ns
[2025-06-13T06:48:58.756+0000][72][info ][safepoint   ] Safepoint "Cleanup", Time since last: 66036393789 ns, Reaching safepoint: 19955 ns, Cleanup: 14166 ns, At safepoint: 10406 ns, Total: 44527 ns
[2025-06-13T06:49:00.330+0000][72][info ][safepoint   ] Safepoint "Cleanup", Time since last: 1573931690 ns, Reaching safepoint: 27143 ns, Cleanup: 16852 ns, At safepoint: 12875 ns, Total: 56870 ns
[2025-06-13T06:50:02.348+0000][72][info ][safepoint   ] Safepoint "Cleanup", Time since last: 62025927627 ns, Reaching safepoint: 19306 ns, Cleanup: 15637 ns, At safepoint: 22111 ns, Total: 57054 ns
[2025-06-13T06:50:19.762+0000][72][info ][safepoint   ] Safepoint "Cleanup", Time since last: 17414166046 ns, Reaching safepoint: 55307 ns, Cleanup: 13939 ns, At safepoint: 85021 ns, Total: 154267 ns
[2025-06-13T06:50:21.390+0000][72][info ][safepoint   ] Safepoint "Cleanup", Time since last: 1627286205 ns, Reaching safepoint: 18419 ns, Cleanup: 15650 ns, At safepoint: 8769 ns, Total: 42838 ns
[2025-06-13T06:50:27.428+0000][72][info ][safepoint   ] Safepoint "Cleanup", Time since last: 6038557144 ns, Reaching safepoint: 32237 ns, Cleanup: 20948 ns, At safepoint: 18240 ns, Total: 71425 ns
[2025-06-13T06:51:04.780+0000][72][info ][safepoint   ] Safepoint "Cleanup", Time since last: 37355901375 ns, Reaching safepoint: 14679 ns, Cleanup: 20633 ns, At safepoint: 37438 ns, Total: 72750 ns
[2025-06-13T06:51:06.468+0000][72][info ][safepoint   ] Safepoint "Cleanup", Time since last: 1688646109 ns, Reaching safepoint: 13644 ns, Cleanup: 19352 ns, At safepoint: 77934 ns, Total: 110930 ns
[2025-06-13T06:51:24.475+0000][72][info ][safepoint   ] Safepoint "Cleanup", Time since last: 18006692892 ns, Reaching safepoint: 67683 ns, Cleanup: 17025 ns, At safepoint: 28704 ns, Total: 113412 ns
[2025-06-13T06:52:07.773+0000][72][info ][safepoint   ] Safepoint "Cleanup", Time since last: 43302962737 ns, Reaching safepoint: 24833 ns, Cleanup: 15581 ns, At safepoint: 21846 ns, Total: 62260 ns
[2025-06-13T06:53:37.554+0000][72][info ][safepoint   ] Safepoint "Cleanup", Time since last: 89788805859 ns, Reaching safepoint: 51497 ns, Cleanup: 13425 ns, At safepoint: 9779 ns, Total: 74701 ns
[2025-06-13T06:54:13.756+0000][72][info ][safepoint   ] Safepoint "Cleanup", Time since last: 36204258437 ns, Reaching safepoint: 7377 ns, Cleanup: 10271 ns, At safepoint: 16264 ns, Total: 33912 ns
[2025-06-13T06:55:23.646+0000][72][info ][safepoint   ] Safepoint "Cleanup", Time since last: 69894907699 ns, Reaching safepoint: 59135 ns, Cleanup: 17998 ns, At safepoint: 25991 ns, Total: 103124 ns
[2025-06-13T06:56:20.712+0000][72][info ][safepoint   ] Safepoint "Cleanup", Time since last: 57069968961 ns, Reaching safepoint: 18253 ns, Cleanup: 13564 ns, At safepoint: 75799 ns, Total: 107616 ns
[2025-06-13T06:56:21.742+0000][72][info ][safepoint   ] Safepoint "Cleanup", Time since last: 1030085747 ns, Reaching safepoint: 14102 ns, Cleanup: 19382 ns, At safepoint: 66640 ns, Total: 100124 ns
[2025-06-13T06:57:22.022+0000][72][info ][safepoint   ] Safepoint "Cleanup", Time since last: 60284557504 ns, Reaching safepoint: 87173 ns, Cleanup: 28788 ns, At safepoint: 40296 ns, Total: 156257 ns
[2025-06-13T06:57:23.766+0000][72][info ][safepoint   ] Safepoint "Cleanup", Time since last: 1743664031 ns, Reaching safepoint: 13769 ns, Cleanup: 10505 ns, At safepoint: 22292 ns, Total: 46566 ns
[2025-06-13T06:58:09.052+0000][72][info ][safepoint   ] Safepoint "Cleanup", Time since last: 45290862520 ns, Reaching safepoint: 30527 ns, Cleanup: 20753 ns, At safepoint: 18052 ns, Total: 69332 ns
[2025-06-13T06:58:24.054+0000][72][info ][safepoint   ] Safepoint "Cleanup", Time since last: 15002612721 ns, Reaching safepoint: 93633 ns, Cleanup: 19097 ns, At safepoint: 15596 ns, Total: 128326 ns
[2025-06-13T06:58:26.785+0000][72][info ][safepoint   ] Safepoint "Cleanup", Time since last: 2730186038 ns, Reaching safepoint: 25143 ns, Cleanup: 15263 ns, At safepoint: 15704 ns, Total: 56110 ns
[2025-06-13T06:59:27.855+0000][72][info ][safepoint   ] Safepoint "Cleanup", Time since last: 61074851541 ns, Reaching safepoint: 23937 ns, Cleanup: 19054 ns, At safepoint: 10140 ns, Total: 53131 ns
[2025-06-13T07:00:24.116+0000][72][info ][safepoint   ] Safepoint "Cleanup", Time since last: 56267270479 ns, Reaching safepoint: 79206 ns, Cleanup: 18495 ns, At safepoint: 16162 ns, Total: 113863 ns
[2025-06-13T07:00:25.775+0000][72][info ][safepoint   ] Safepoint "Cleanup", Time since last: 1658581756 ns, Reaching safepoint: 29821 ns, Cleanup: 15942 ns, At safepoint: 192216 ns, Total: 237979 ns
[2025-06-13T07:00:27.124+0000][72][info ][safepoint   ] Safepoint "Cleanup", Time since last: 1349066712 ns, Reaching safepoint: 27318 ns, Cleanup: 36525 ns, At safepoint: 16238 ns, Total: 80081 ns
[2025-06-13T07:00:31.756+0000][72][info ][safepoint   ] Safepoint "Cleanup", Time since last: 4629605462 ns, Reaching safepoint: 2219279 ns, Cleanup: 20135 ns, At safepoint: 225709 ns, Total: 2465123 ns
[2025-06-13T07:00:32.852+0000][72][info ][safepoint   ] Safepoint "Cleanup", Time since last: 1097674005 ns, Reaching safepoint: 7098 ns, Cleanup: 7433 ns, At safepoint: 13981 ns, Total: 28512 ns
[2025-06-13T07:00:47.739+0000][72][info ][safepoint   ] Safepoint "Cleanup", Time since last: 14886759382 ns, Reaching safepoint: 55917 ns, Cleanup: 15177 ns, At safepoint: 12193 ns, Total: 83287 ns
[2025-06-13T07:01:34.763+0000][72][info ][safepoint   ] Safepoint "Cleanup", Time since last: 47028741618 ns, Reaching safepoint: 92335 ns, Cleanup: 9775 ns, At safepoint: 46016 ns, Total: 148126 ns
[2025-06-13T07:01:36.235+0000][72][info ][safepoint   ] Safepoint "Cleanup", Time since last: 1472258578 ns, Reaching safepoint: 25939 ns, Cleanup: 16873 ns, At safepoint: 12531 ns, Total: 55343 ns
[2025-06-13T07:02:38.258+0000][72][info ][safepoint   ] Safepoint "Cleanup", Time since last: 62027513016 ns, Reaching safepoint: 14331 ns, Cleanup: 18545 ns, At safepoint: 134847 ns, Total: 167723 ns
[2025-06-13T07:03:22.212+0000][72][info ][safepoint   ] Safepoint "Cleanup", Time since last: 43955899430 ns, Reaching safepoint: 74969 ns, Cleanup: 18013 ns, At safepoint: 20665 ns, Total: 113647 ns
[2025-06-13T07:03:27.214+0000][72][info ][safepoint   ] Safepoint "Cleanup", Time since last: 5002864697 ns, Reaching safepoint: 29582 ns, Cleanup: 16622 ns, At safepoint: 17529 ns, Total: 63733 ns
[2025-06-13T07:03:37.214+0000][72][info ][safepoint   ] Safepoint "Cleanup", Time since last: 10002101823 ns, Reaching safepoint: 119278 ns, Cleanup: 14541 ns, At safepoint: 51393 ns, Total: 185212 ns
[2025-06-13T07:03:40.759+0000][72][info ][safepoint   ] Safepoint "Cleanup", Time since last: 3544997312 ns, Reaching safepoint: 6542 ns, Cleanup: 9989 ns, At safepoint: 13428 ns, Total: 29959 ns
[2025-06-13T07:03:51.246+0000][72][info ][safepoint   ] Safepoint "Cleanup", Time since last: 10486841191 ns, Reaching safepoint: 32488 ns, Cleanup: 16697 ns, At safepoint: 70681 ns, Total: 119866 ns
[2025-06-13T07:04:08.247+0000][72][info ][safepoint   ] Safepoint "Cleanup", Time since last: 17003095177 ns, Reaching safepoint: 32029 ns, Cleanup: 21306 ns, At safepoint: 74274 ns, Total: 127609 ns
[2025-06-13T07:05:28.757+0000][72][info ][safepoint   ] Safepoint "Cleanup", Time since last: 80516643742 ns, Reaching safepoint: 60083 ns, Cleanup: 14589 ns, At safepoint: 28829 ns, Total: 103501 ns
[2025-06-13T07:05:30.386+0000][72][info ][safepoint   ] Safepoint "Cleanup", Time since last: 1628866724 ns, Reaching safepoint: 32605 ns, Cleanup: 18263 ns, At safepoint: 18199 ns, Total: 69067 ns
[2025-06-13T07:05:34.421+0000][72][info ][safepoint   ] Safepoint "Cleanup", Time since last: 4036228024 ns, Reaching safepoint: 20108 ns, Cleanup: 13718 ns, At safepoint: 9551 ns, Total: 43377 ns
[2025-06-13T07:05:58.306+0000][72][info ][safepoint   ] Safepoint "Cleanup", Time since last: 23885105203 ns, Reaching safepoint: 48035 ns, Cleanup: 12740 ns, At safepoint: 9806 ns, Total: 70581 ns
[2025-06-13T07:06:07.971+0000][72][info ][safepoint   ] Safepoint "Cleanup", Time since last: 9667214442 ns, Reaching safepoint: 26016 ns, Cleanup: 15973 ns, At safepoint: 10545 ns, Total: 52534 ns
[2025-06-13T07:06:48.978+0000][72][info ][safepoint   ] Safepoint "Cleanup", Time since last: 41009347832 ns, Reaching safepoint: 37811 ns, Cleanup: 18450 ns, At safepoint: 23412 ns, Total: 79673 ns
[2025-06-13T07:08:08.546+0000][72][info ][safepoint   ] Safepoint "Cleanup", Time since last: 79574867355 ns, Reaching safepoint: 34545 ns, Cleanup: 13951 ns, At safepoint: 9293 ns, Total: 57789 ns
[2025-06-13T07:08:23.552+0000][72][info ][safepoint   ] Safepoint "Cleanup", Time since last: 15005933817 ns, Reaching safepoint: 20834 ns, Cleanup: 13036 ns, At safepoint: 9719 ns, Total: 43589 ns
[2025-06-13T07:09:59.605+0000][72][info ][safepoint   ] Safepoint "Cleanup", Time since last: 96060989035 ns, Reaching safepoint: 12502 ns, Cleanup: 11897 ns, At safepoint: 13249 ns, Total: 37648 ns
[2025-06-13T07:10:27.626+0000][72][info ][safepoint   ] Safepoint "Cleanup", Time since last: 28025107559 ns, Reaching safepoint: 25209 ns, Cleanup: 14033 ns, At safepoint: 8130 ns, Total: 47372 ns
[2025-06-13T07:10:32.639+0000][72][info ][safepoint   ] Safepoint "Cleanup", Time since last: 5015659018 ns, Reaching safepoint: 20843 ns, Cleanup: 8682 ns, At safepoint: 15145 ns, Total: 44670 ns
[2025-06-13T07:10:33.682+0000][72][info ][safepoint   ] Safepoint "Cleanup", Time since last: 1042938186 ns, Reaching safepoint: 17154 ns, Cleanup: 14562 ns, At safepoint: 21677 ns, Total: 53393 ns
[2025-06-13T07:10:57.454+0000][72][info ][safepoint   ] Safepoint "Cleanup", Time since last: 23772082206 ns, Reaching safepoint: 25174 ns, Cleanup: 16631 ns, At safepoint: 12087 ns, Total: 53892 ns
[2025-06-13T07:11:07.838+0000][72][info ][safepoint   ] Safepoint "Cleanup", Time since last: 10385806997 ns, Reaching safepoint: 41492 ns, Cleanup: 15932 ns, At safepoint: 13414 ns, Total: 70838 ns
[2025-06-13T07:13:06.514+0000][72][info ][safepoint   ] Safepoint "Cleanup", Time since last: 118686469176 ns, Reaching safepoint: 33663 ns, Cleanup: 17602 ns, At safepoint: 18040 ns, Total: 69305 ns
[2025-06-13T07:13:37.735+0000][72][info ][safepoint   ] Safepoint "Cleanup", Time since last: 31223489269 ns, Reaching safepoint: 383404 ns, Cleanup: 29987 ns, At safepoint: 65456 ns, Total: 478847 ns
[2025-06-13T07:13:38.817+0000][72][info ][safepoint   ] Safepoint "Cleanup", Time since last: 1081962446 ns, Reaching safepoint: 27715 ns, Cleanup: 23077 ns, At safepoint: 10728 ns, Total: 61520 ns
[2025-06-13T07:14:04.897+0000][72][info ][safepoint   ] Safepoint "Cleanup", Time since last: 26081450902 ns, Reaching safepoint: 277653 ns, Cleanup: 20266 ns, At safepoint: 156220 ns, Total: 454139 ns
[2025-06-13T07:15:24.074+0000][72][info ][safepoint   ] Safepoint "Cleanup", Time since last: 79181785671 ns, Reaching safepoint: 24697 ns, Cleanup: 14004 ns, At safepoint: 8444 ns, Total: 47145 ns
[2025-06-13T07:16:02.607+0000][72][info ][safepoint   ] Safepoint "Cleanup", Time since last: 38538727656 ns, Reaching safepoint: 31522 ns, Cleanup: 19119 ns, At safepoint: 19161 ns, Total: 69802 ns
[2025-06-13T07:16:16.739+0000][72][info ][safepoint   ] Safepoint "Cleanup", Time since last: 14131553880 ns, Reaching safepoint: 5384 ns, Cleanup: 7788 ns, At safepoint: 12973 ns, Total: 26145 ns
[2025-06-13T07:16:18.172+0000][72][info ][safepoint   ] Safepoint "Cleanup", Time since last: 1433318769 ns, Reaching safepoint: 16266 ns, Cleanup: 35333 ns, At safepoint: 91985 ns, Total: 143584 ns
[2025-06-13T07:17:02.635+0000][72][info ][safepoint   ] Safepoint "Cleanup", Time since last: 44468161570 ns, Reaching safepoint: 27946 ns, Cleanup: 17370 ns, At safepoint: 16641 ns, Total: 61957 ns
[2025-06-13T07:17:19.718+0000][72][info ][safepoint   ] Safepoint "Cleanup", Time since last: 17082328813 ns, Reaching safepoint: 25317 ns, Cleanup: 12098 ns, At safepoint: 66153 ns, Total: 103568 ns
[2025-06-13T07:19:25.743+0000][72][info ][safepoint   ] Safepoint "Cleanup", Time since last: 126035250235 ns, Reaching safepoint: 29901 ns, Cleanup: 16991 ns, At safepoint: 81720 ns, Total: 128612 ns
[2025-06-13T07:20:38.341+0000][72][info ][safepoint   ] Safepoint "Cleanup", Time since last: 72606025554 ns, Reaching safepoint: 27005 ns, Cleanup: 14392 ns, At safepoint: 88331 ns, Total: 129728 ns
[2025-06-13T07:20:39.349+0000][72][info ][safepoint   ] Safepoint "Cleanup", Time since last: 1007191939 ns, Reaching safepoint: 28348 ns, Cleanup: 15365 ns, At safepoint: 17091 ns, Total: 60804 ns
[2025-06-13T07:21:31.745+0000][72][info ][safepoint   ] Safepoint "Cleanup", Time since last: 52398882881 ns, Reaching safepoint: 16841 ns, Cleanup: 16683 ns, At safepoint: 123494 ns, Total: 157018 ns
[2025-06-13T07:21:33.423+0000][72][info ][safepoint   ] Safepoint "Cleanup", Time since last: 1680253047 ns, Reaching safepoint: 13078 ns, Cleanup: 14054 ns, At safepoint: 29312 ns, Total: 56444 ns
[2025-06-13T07:22:36.480+0000][72][info ][safepoint   ] Safepoint "Cleanup", Time since last: 63061964784 ns, Reaching safepoint: 25012 ns, Cleanup: 15788 ns, At safepoint: 12201 ns, Total: 53001 ns
[2025-06-13T07:22:37.481+0000][72][info ][safepoint   ] Safepoint "Cleanup", Time since last: 1000582103 ns, Reaching safepoint: 32490 ns, Cleanup: 14716 ns, At safepoint: 9514 ns, Total: 56720 ns
[2025-06-13T07:23:37.746+0000][72][info ][safepoint   ] Safepoint "Cleanup", Time since last: 60269059902 ns, Reaching safepoint: 675274 ns, Cleanup: 14616 ns, At safepoint: 136446 ns, Total: 826336 ns
[2025-06-13T07:23:39.548+0000][72][info ][safepoint   ] Safepoint "Cleanup", Time since last: 1802634396 ns, Reaching safepoint: 93751 ns, Cleanup: 11932 ns, At safepoint: 25329 ns, Total: 131012 ns
[2025-06-13T07:25:40.706+0000][72][info ][safepoint   ] Safepoint "Cleanup", Time since last: 121167802646 ns, Reaching safepoint: 22078 ns, Cleanup: 8081 ns, At safepoint: 14334 ns, Total: 44493 ns
[2025-06-13T07:25:41.906+0000][72][info ][safepoint   ] Safepoint "Cleanup", Time since last: 1199745734 ns, Reaching safepoint: 27203 ns, Cleanup: 16291 ns, At safepoint: 12165 ns, Total: 55659 ns
[2025-06-13T07:25:43.625+0000][72][info ][safepoint   ] Safepoint "Cleanup", Time since last: 1718841065 ns, Reaching safepoint: 17605 ns, Cleanup: 15120 ns, At safepoint: 7659 ns, Total: 40384 ns
[2025-06-13T07:26:07.758+0000][72][info ][safepoint   ] Safepoint "Cleanup", Time since last: 24135959413 ns, Reaching safepoint: 24787 ns, Cleanup: 14128 ns, At safepoint: 10399 ns, Total: 49314 ns
[2025-06-13T07:26:46.748+0000][72][info ][safepoint   ] Safepoint "Cleanup", Time since last: 38992623506 ns, Reaching safepoint: 31155 ns, Cleanup: 15610 ns, At safepoint: 130308 ns, Total: 177073 ns
[2025-06-13T07:27:49.727+0000][72][info ][safepoint   ] Safepoint "Cleanup", Time since last: 62983208799 ns, Reaching safepoint: 14122 ns, Cleanup: 12293 ns, At safepoint: 17617 ns, Total: 44032 ns
[2025-06-13T07:27:50.727+0000][72][info ][safepoint   ] Safepoint "Cleanup", Time since last: 1000128553 ns, Reaching safepoint: 19729 ns, Cleanup: 238581 ns, At safepoint: 100567 ns, Total: 358877 ns
[2025-06-13T07:28:24.131+0000][72][info ][safepoint   ] Safepoint "Cleanup", Time since last: 33406405914 ns, Reaching safepoint: 75877 ns, Cleanup: 16513 ns, At safepoint: 14847 ns, Total: 107237 ns
[2025-06-13T07:28:34.754+0000][72][info ][safepoint   ] Safepoint "Cleanup", Time since last: 10625280012 ns, Reaching safepoint: 16375 ns, Cleanup: 16921 ns, At safepoint: 22252 ns, Total: 55548 ns
[2025-06-13T07:28:35.764+0000][72][info ][safepoint   ] Safepoint "Cleanup", Time since last: 1009275803 ns, Reaching safepoint: 112033 ns, Cleanup: 20438 ns, At safepoint: 41148 ns, Total: 173619 ns
[2025-06-13T07:28:37.780+0000][72][info ][safepoint   ] Safepoint "Cleanup", Time since last: 2016802071 ns, Reaching safepoint: 21420 ns, Cleanup: 15699 ns, At safepoint: 10023 ns, Total: 47142 ns
[2025-06-13T07:28:38.919+0000][72][info ][safepoint   ] Safepoint "Cleanup", Time since last: 1138717770 ns, Reaching safepoint: 16777 ns, Cleanup: 12441 ns, At safepoint: 8480 ns, Total: 37698 ns
[2025-06-13T07:28:40.811+0000][72][info ][safepoint   ] Safepoint "Cleanup", Time since last: 1891954904 ns, Reaching safepoint: 200398 ns, Cleanup: 11668 ns, At safepoint: 55221 ns, Total: 267287 ns
[2025-06-13T07:28:52.157+0000][72][info ][safepoint   ] Safepoint "Cleanup", Time since last: 11345756758 ns, Reaching safepoint: 11601 ns, Cleanup: 13609 ns, At safepoint: 19303 ns, Total: 44513 ns
[2025-06-13T07:28:53.862+0000][72][info ][safepoint   ] Safepoint "Cleanup", Time since last: 1704346692 ns, Reaching safepoint: 267639 ns, Cleanup: 19735 ns, At safepoint: 72187 ns, Total: 359561 ns
[2025-06-13T07:29:02.931+0000][72][info ][safepoint   ] Safepoint "Cleanup", Time since last: 9071409478 ns, Reaching safepoint: 6609 ns, Cleanup: 8504 ns, At safepoint: 13502 ns, Total: 28615 ns
[2025-06-13T07:29:23.988+0000][72][info ][safepoint   ] Safepoint "Cleanup", Time since last: 21056900830 ns, Reaching safepoint: 69852 ns, Cleanup: 17360 ns, At safepoint: 18965 ns, Total: 106177 ns
[2025-06-13T07:30:43.697+0000][72][info ][safepoint   ] Safepoint "Cleanup", Time since last: 79716961438 ns, Reaching safepoint: 42467 ns, Cleanup: 15711 ns, At safepoint: 74718 ns, Total: 132896 ns
[2025-06-13T07:30:44.991+0000][72][info ][safepoint   ] Safepoint "Cleanup", Time since last: 1293866956 ns, Reaching safepoint: 20812 ns, Cleanup: 26625 ns, At safepoint: 9476 ns, Total: 56913 ns
[2025-06-13T07:32:01.737+0000][72][info ][safepoint   ] Safepoint "Cleanup", Time since last: 76750419171 ns, Reaching safepoint: 16217 ns, Cleanup: 11242 ns, At safepoint: 18774 ns, Total: 46233 ns
[2025-06-13T07:32:03.112+0000][72][info ][safepoint   ] Safepoint "Cleanup", Time since last: 1376915832 ns, Reaching safepoint: 27496 ns, Cleanup: 15323 ns, At safepoint: 16354 ns, Total: 59173 ns
[2025-06-13T07:32:24.115+0000][72][info ][safepoint   ] Safepoint "Cleanup", Time since last: 21003330661 ns, Reaching safepoint: 58801 ns, Cleanup: 14130 ns, At safepoint: 11229 ns, Total: 84160 ns
[2025-06-13T07:33:08.177+0000][72][info ][safepoint   ] Safepoint "Cleanup", Time since last: 44066561191 ns, Reaching safepoint: 26842 ns, Cleanup: 16658 ns, At safepoint: 12843 ns, Total: 56343 ns
[2025-06-13T07:34:07.690+0000][72][info ][safepoint   ] Safepoint "Cleanup", Time since last: 59518280909 ns, Reaching safepoint: 9965 ns, Cleanup: 11898 ns, At safepoint: 14337 ns, Total: 36200 ns
[2025-06-13T07:34:55.681+0000][72][info ][gc,start    ] GC(23) Pause Young (Normal) (G1 Evacuation Pause)
[2025-06-13T07:34:55.684+0000][72][info ][gc,task     ] GC(23) Using 10 workers of 10 for evacuation
[2025-06-13T07:34:55.686+0000][72][debug][gc,age      ] GC(23) Desired survivor size 153092096 bytes, new threshold 15 (max threshold 15)
[2025-06-13T07:34:55.976+0000][72][info ][gc,mmu      ] GC(23) MMU target violated: 201.0ms (200.0ms/201.0ms)
[2025-06-13T07:34:55.979+0000][72][info ][gc,phases   ] GC(23)   Pre Evacuate Collection Set: 6.32ms
[2025-06-13T07:34:55.985+0000][72][info ][gc,phases   ] GC(23)   Merge Heap Roots: 2.49ms
[2025-06-13T07:34:55.986+0000][72][info ][gc,phases   ] GC(23)   Evacuate Collection Set: 261.38ms
[2025-06-13T07:34:55.987+0000][72][info ][gc,phases   ] GC(23)   Post Evacuate Collection Set: 18.05ms
[2025-06-13T07:34:55.988+0000][72][info ][gc,phases   ] GC(23)   Other: 8.16ms
[2025-06-13T07:34:55.992+0000][72][trace][gc,age      ] GC(23) Age table with threshold 15 (max threshold 15)
[2025-06-13T07:34:55.997+0000][72][trace][gc,age      ] GC(23) - age   1:    1638352 bytes,    1638352 total
[2025-06-13T07:34:56.002+0000][72][trace][gc,age      ] GC(23) - age   2:     234896 bytes,    1873248 total
[2025-06-13T07:34:56.006+0000][72][trace][gc,age      ] GC(23) - age   3:     289008 bytes,    2162256 total
[2025-06-13T07:34:56.008+0000][72][trace][gc,age      ] GC(23) - age   4:      70992 bytes,    2233248 total
[2025-06-13T07:34:56.009+0000][72][trace][gc,age      ] GC(23) - age   5:      56504 bytes,    2289752 total
[2025-06-13T07:34:56.010+0000][72][trace][gc,age      ] GC(23) - age   6:      89096 bytes,    2378848 total
[2025-06-13T07:34:56.011+0000][72][trace][gc,age      ] GC(23) - age   7:      94400 bytes,    2473248 total
[2025-06-13T07:34:56.014+0000][72][trace][gc,age      ] GC(23) - age   8:     106056 bytes,    2579304 total
[2025-06-13T07:34:56.014+0000][72][trace][gc,age      ] GC(23) - age   9:    2150936 bytes,    4730240 total
[2025-06-13T07:34:56.014+0000][72][trace][gc,age      ] GC(23) - age  10:   42471696 bytes,   47201936 total
[2025-06-13T07:34:56.015+0000][72][info ][gc,heap     ] GC(23) Eden regions: 569->0(35)
[2025-06-13T07:34:56.015+0000][72][info ][gc,heap     ] GC(23) Survivor regions: 13->13(73)
[2025-06-13T07:34:56.017+0000][72][info ][gc,heap     ] GC(23) Old regions: 15->15
[2025-06-13T07:34:56.019+0000][72][info ][gc,heap     ] GC(23) Humongous regions: 0->0
[2025-06-13T07:34:56.023+0000][72][info ][gc,metaspace] GC(23) Metaspace: 148382K(152384K)->148382K(152384K) NonClass: 128313K(130432K)->128313K(130432K) Class: 20068K(21952K)->20068K(21952K)
[2025-06-13T07:34:56.028+0000][72][info ][gc          ] GC(23) Pause Young (Normal) (G1 Evacuation Pause) 2385M->109M(3880M) 347.979ms
[2025-06-13T07:34:56.029+0000][72][info ][gc,cpu      ] GC(23) User=2.70s Sys=0.00s Real=0.35s
[2025-06-13T07:34:56.030+0000][72][info ][safepoint   ] Safepoint "G1CollectForAllocation", Time since last: 47991561718 ns, Reaching safepoint: 24945 ns, Cleanup: 6837 ns, At safepoint: 351030551 ns, Total: 351062333 ns
[2025-06-13T07:35:46.695+0000][72][info ][safepoint   ] Safepoint "Cleanup", Time since last: 50669326270 ns, Reaching safepoint: 51577 ns, Cleanup: 11585 ns, At safepoint: 22274 ns, Total: 85436 ns
[2025-06-13T07:35:48.277+0000][72][info ][safepoint   ] Safepoint "Cleanup", Time since last: 1581828797 ns, Reaching safepoint: 24266 ns, Cleanup: 18892 ns, At safepoint: 11496 ns, Total: 54654 ns
[2025-06-13T07:37:16.669+0000][72][info ][gc,start    ] GC(24) Pause Young (Normal) (G1 Evacuation Pause)
[2025-06-13T07:37:16.669+0000][72][info ][gc,task     ] GC(24) Using 10 workers of 10 for evacuation
[2025-06-13T07:37:16.669+0000][72][debug][gc,age      ] GC(24) Desired survivor size 12582912 bytes, new threshold 10 (max threshold 15)
[2025-06-13T07:37:16.834+0000][72][info ][gc,phases   ] GC(24)   Pre Evacuate Collection Set: 0.96ms
[2025-06-13T07:37:16.834+0000][72][info ][gc,phases   ] GC(24)   Merge Heap Roots: 0.62ms
[2025-06-13T07:37:16.835+0000][72][info ][gc,phases   ] GC(24)   Evacuate Collection Set: 159.98ms
[2025-06-13T07:37:16.836+0000][72][info ][gc,phases   ] GC(24)   Post Evacuate Collection Set: 2.50ms
[2025-06-13T07:37:16.837+0000][72][info ][gc,phases   ] GC(24)   Other: 0.92ms
[2025-06-13T07:37:16.837+0000][72][trace][gc,age      ] GC(24) Age table with threshold 10 (max threshold 15)
[2025-06-13T07:37:16.838+0000][72][trace][gc,age      ] GC(24) - age   1:     933376 bytes,     933376 total
[2025-06-13T07:37:16.839+0000][72][trace][gc,age      ] GC(24) - age   2:     496184 bytes,    1429560 total
[2025-06-13T07:37:16.839+0000][72][trace][gc,age      ] GC(24) - age   3:     169560 bytes,    1599120 total
[2025-06-13T07:37:16.839+0000][72][trace][gc,age      ] GC(24) - age   4:     288448 bytes,    1887568 total
[2025-06-13T07:37:16.840+0000][72][trace][gc,age      ] GC(24) - age   5:      70992 bytes,    1958560 total
[2025-06-13T07:37:16.840+0000][72][trace][gc,age      ] GC(24) - age   6:      56368 bytes,    2014928 total
[2025-06-13T07:37:16.841+0000][72][trace][gc,age      ] GC(24) - age   7:      72944 bytes,    2087872 total
[2025-06-13T07:37:16.841+0000][72][trace][gc,age      ] GC(24) - age   8:      94400 bytes,    2182272 total
[2025-06-13T07:37:16.842+0000][72][trace][gc,age      ] GC(24) - age   9:     106056 bytes,    2288328 total
[2025-06-13T07:37:16.842+0000][72][trace][gc,age      ] GC(24) - age  10:    2150936 bytes,    4439264 total
[2025-06-13T07:37:16.842+0000][72][info ][gc,heap     ] GC(24) Eden regions: 35->0(580)
[2025-06-13T07:37:16.843+0000][72][info ][gc,heap     ] GC(24) Survivor regions: 13->2(6)
[2025-06-13T07:37:16.843+0000][72][info ][gc,heap     ] GC(24) Old regions: 15->26
[2025-06-13T07:37:16.844+0000][72][info ][gc,heap     ] GC(24) Humongous regions: 0->0
[2025-06-13T07:37:16.845+0000][72][info ][gc,metaspace] GC(24) Metaspace: 148394K(152384K)->148394K(152384K) NonClass: 128325K(130432K)->128325K(130432K) Class: 20068K(21952K)->20068K(21952K)
[2025-06-13T07:37:16.846+0000][72][info ][gc          ] GC(24) Pause Young (Normal) (G1 Evacuation Pause) 249M->110M(3880M) 176.924ms
[2025-06-13T07:37:16.846+0000][72][info ][gc,cpu      ] GC(24) User=0.34s Sys=0.40s Real=0.18s
[2025-06-13T07:37:16.846+0000][72][info ][safepoint   ] Safepoint "G1CollectForAllocation", Time since last: 88399243865 ns, Reaching safepoint: 68267 ns, Cleanup: 6576 ns, At safepoint: 177924823 ns, Total: 177999666 ns
[2025-06-13T07:37:24.367+0000][72][info ][safepoint   ] Safepoint "Cleanup", Time since last: 7520193895 ns, Reaching safepoint: 25186 ns, Cleanup: 112380 ns, At safepoint: 24104 ns, Total: 161670 ns
[2025-06-13T07:37:50.368+0000][72][info ][safepoint   ] Safepoint "Cleanup", Time since last: 26004380009 ns, Reaching safepoint: 57000 ns, Cleanup: 14346 ns, At safepoint: 9749 ns, Total: 81095 ns
[2025-06-13T07:38:08.439+0000][72][info ][safepoint   ] Safepoint "Cleanup", Time since last: 18072456521 ns, Reaching safepoint: 68904 ns, Cleanup: 16874 ns, At safepoint: 30690 ns, Total: 116468 ns
[2025-06-13T07:39:22.474+0000][72][info ][safepoint   ] Safepoint "Cleanup", Time since last: 74039945016 ns, Reaching safepoint: 58546 ns, Cleanup: 15853 ns, At safepoint: 8652 ns, Total: 83051 ns
[2025-06-13T07:39:24.423+0000][72][info ][safepoint   ] Safepoint "Cleanup", Time since last: 1948298085 ns, Reaching safepoint: 992622 ns, Cleanup: 15887 ns, At safepoint: 14566 ns, Total: 1023075 ns
[2025-06-13T07:40:26.442+0000][72][info ][safepoint   ] Safepoint "Cleanup", Time since last: 62023413794 ns, Reaching safepoint: 11607 ns, Cleanup: 10055 ns, At safepoint: 11313 ns, Total: 32975 ns
[2025-06-13T07:42:23.568+0000][72][info ][safepoint   ] Safepoint "Cleanup", Time since last: 117136254406 ns, Reaching safepoint: 61406 ns, Cleanup: 22403 ns, At safepoint: 24983 ns, Total: 108792 ns
[2025-06-13T07:42:32.570+0000][72][info ][safepoint   ] Safepoint "Cleanup", Time since last: 9003941993 ns, Reaching safepoint: 15883 ns, Cleanup: 24127 ns, At safepoint: 86773 ns, Total: 126783 ns
[2025-06-13T07:44:08.625+0000][72][info ][safepoint   ] Safepoint "Cleanup", Time since last: 96062172255 ns, Reaching safepoint: 28874 ns, Cleanup: 17958 ns, At safepoint: 10767 ns, Total: 57599 ns
[2025-06-13T07:44:10.731+0000][72][info ][safepoint   ] Safepoint "Cleanup", Time since last: 2105911929 ns, Reaching safepoint: 14386 ns, Cleanup: 10302 ns, At safepoint: 7054 ns, Total: 31742 ns
[2025-06-13T07:44:38.690+0000][72][info ][safepoint   ] Safepoint "Cleanup", Time since last: 27960270060 ns, Reaching safepoint: 524222 ns, Cleanup: 19495 ns, At safepoint: 60708 ns, Total: 604425 ns
[2025-06-13T07:45:23.657+0000][72][info ][safepoint   ] Safepoint "Cleanup", Time since last: 44969377185 ns, Reaching safepoint: 78160 ns, Cleanup: 19442 ns, At safepoint: 37280 ns, Total: 134882 ns
[2025-06-13T07:45:40.658+0000][72][info ][safepoint   ] Safepoint "Cleanup", Time since last: 17003503953 ns, Reaching safepoint: 142477 ns, Cleanup: 15517 ns, At safepoint: 38226 ns, Total: 196220 ns
[2025-06-13T07:45:41.712+0000][72][info ][safepoint   ] Safepoint "Cleanup", Time since last: 1053794192 ns, Reaching safepoint: 26348 ns, Cleanup: 17385 ns, At safepoint: 11480 ns, Total: 55213 ns
[2025-06-13T07:45:53.703+0000][72][info ][safepoint   ] Safepoint "Cleanup", Time since last: 11991184950 ns, Reaching safepoint: 22632 ns, Cleanup: 17716 ns, At safepoint: 10079 ns, Total: 50427 ns
[2025-06-13T07:48:06.746+0000][72][info ][safepoint   ] Safepoint "Cleanup", Time since last: 133054997053 ns, Reaching safepoint: 67015 ns, Cleanup: 15827 ns, At safepoint: 12458 ns, Total: 95300 ns
[2025-06-13T07:49:57.009+0000][72][info ][safepoint   ] Safepoint "Cleanup", Time since last: 110270497288 ns, Reaching safepoint: 72546 ns, Cleanup: 17469 ns, At safepoint: 33702 ns, Total: 123717 ns
[2025-06-13T07:51:12.795+0000][72][info ][safepoint   ] Safepoint "Cleanup", Time since last: 75793086356 ns, Reaching safepoint: 144274 ns, Cleanup: 17365 ns, At safepoint: 36134 ns, Total: 197773 ns
[2025-06-13T07:51:23.798+0000][72][info ][safepoint   ] Safepoint "Cleanup", Time since last: 11002255813 ns, Reaching safepoint: 33131 ns, Cleanup: 20285 ns, At safepoint: 18392 ns, Total: 71808 ns
[2025-06-13T07:51:59.138+0000][72][info ][safepoint   ] Safepoint "Cleanup", Time since last: 35342386191 ns, Reaching safepoint: 13819 ns, Cleanup: 14044 ns, At safepoint: 21495 ns, Total: 49358 ns
[2025-06-13T07:52:09.114+0000][72][info ][safepoint   ] Safepoint "Cleanup", Time since last: 9979128178 ns, Reaching safepoint: 21349 ns, Cleanup: 14384 ns, At safepoint: 60963 ns, Total: 96696 ns
[2025-06-13T07:53:02.133+0000][72][info ][safepoint   ] Safepoint "Cleanup", Time since last: 53020563372 ns, Reaching safepoint: 21916 ns, Cleanup: 16297 ns, At safepoint: 39573 ns, Total: 77786 ns
[2025-06-13T07:54:37.193+0000][72][info ][safepoint   ] Safepoint "Cleanup", Time since last: 95069722618 ns, Reaching safepoint: 75057 ns, Cleanup: 17437 ns, At safepoint: 16881 ns, Total: 109375 ns
[2025-06-13T07:55:58.668+0000][72][info ][safepoint   ] Safepoint "Cleanup", Time since last: 81479592138 ns, Reaching safepoint: 18621 ns, Cleanup: 22091 ns, At safepoint: 90581 ns, Total: 131293 ns
[2025-06-13T07:56:11.355+0000][72][info ][safepoint   ] Safepoint "Cleanup", Time since last: 12687299430 ns, Reaching safepoint: 2128532 ns, Cleanup: 15920 ns, At safepoint: 98259 ns, Total: 2242711 ns
[2025-06-13T07:56:32.970+0000][72][info ][safepoint   ] Safepoint "Cleanup", Time since last: 21617535773 ns, Reaching safepoint: 38826 ns, Cleanup: 14689 ns, At safepoint: 26431 ns, Total: 79946 ns
[2025-06-13T07:56:47.010+0000][72][info ][safepoint   ] Safepoint "Cleanup", Time since last: 14039524297 ns, Reaching safepoint: 126901 ns, Cleanup: 16943 ns, At safepoint: 14234 ns, Total: 158078 ns
[2025-06-13T07:57:17.398+0000][72][info ][safepoint   ] Safepoint "Cleanup", Time since last: 30390583724 ns, Reaching safepoint: 32011 ns, Cleanup: 16964 ns, At safepoint: 19633 ns, Total: 68608 ns
[2025-06-13T07:58:16.664+0000][72][info ][safepoint   ] Safepoint "Cleanup", Time since last: 59271346275 ns, Reaching safepoint: 152981 ns, Cleanup: 11090 ns, At safepoint: 53480 ns, Total: 217551 ns
[2025-06-13T07:58:18.457+0000][72][info ][safepoint   ] Safepoint "Cleanup", Time since last: 1792202885 ns, Reaching safepoint: 31455 ns, Cleanup: 31657 ns, At safepoint: 21785 ns, Total: 84897 ns
[2025-06-13T07:58:41.473+0000][72][info ][safepoint   ] Safepoint "Cleanup", Time since last: 23018280707 ns, Reaching safepoint: 19607 ns, Cleanup: 8674 ns, At safepoint: 14789 ns, Total: 43070 ns
[2025-06-13T07:58:42.477+0000][72][info ][safepoint   ] Safepoint "Cleanup", Time since last: 1003651311 ns, Reaching safepoint: 18509 ns, Cleanup: 17950 ns, At safepoint: 9123 ns, Total: 45582 ns
[2025-06-13T08:00:22.098+0000][72][info ][safepoint   ] Safepoint "Cleanup", Time since last: 99629579913 ns, Reaching safepoint: 70781 ns, Cleanup: 17884 ns, At safepoint: 11127 ns, Total: 99792 ns
[2025-06-13T08:00:41.619+0000][72][info ][safepoint   ] Safepoint "Cleanup", Time since last: 19522702364 ns, Reaching safepoint: 78919 ns, Cleanup: 17578 ns, At safepoint: 36831 ns, Total: 133328 ns
[2025-06-13T08:01:01.651+0000][72][info ][safepoint   ] Safepoint "Cleanup", Time since last: 20031581016 ns, Reaching safepoint: 50939 ns, Cleanup: 12582 ns, At safepoint: 22997 ns, Total: 86518 ns
[2025-06-13T08:01:02.650+0000][72][info ][safepoint   ] Safepoint "Cleanup", Time since last: 1001141552 ns, Reaching safepoint: 28899 ns, Cleanup: 14387 ns, At safepoint: 79555 ns, Total: 122841 ns
[2025-06-13T08:01:26.676+0000][72][info ][safepoint   ] Safepoint "Cleanup", Time since last: 24026306104 ns, Reaching safepoint: 29432 ns, Cleanup: 17849 ns, At safepoint: 19421 ns, Total: 66702 ns
[2025-06-13T08:02:02.159+0000][72][info ][safepoint   ] Safepoint "Cleanup", Time since last: 35484995944 ns, Reaching safepoint: 71211 ns, Cleanup: 16112 ns, At safepoint: 12976 ns, Total: 100299 ns
[2025-06-13T08:02:06.158+0000][72][info ][safepoint   ] Safepoint "Cleanup", Time since last: 4001374788 ns, Reaching safepoint: 33041 ns, Cleanup: 17442 ns, At safepoint: 18879 ns, Total: 69362 ns
[2025-06-13T08:03:23.190+0000][72][info ][safepoint   ] Safepoint "Cleanup", Time since last: 77037153601 ns, Reaching safepoint: 71540 ns, Cleanup: 15670 ns, At safepoint: 33489 ns, Total: 120699 ns
[2025-06-13T08:04:24.219+0000][72][info ][safepoint   ] Safepoint "Cleanup", Time since last: 61033273453 ns, Reaching safepoint: 65714 ns, Cleanup: 19159 ns, At safepoint: 13799 ns, Total: 98672 ns
[2025-06-13T08:04:34.820+0000][72][info ][safepoint   ] Safepoint "Cleanup", Time since last: 10603933847 ns, Reaching safepoint: 6379 ns, Cleanup: 8641 ns, At safepoint: 13704 ns, Total: 28724 ns
[2025-06-13T08:05:37.651+0000][72][info ][safepoint   ] Safepoint "Cleanup", Time since last: 62835102147 ns, Reaching safepoint: 399357 ns, Cleanup: 16201 ns, At safepoint: 185397 ns, Total: 600955 ns
[2025-06-13T08:06:37.396+0000][72][info ][safepoint   ] Safepoint "Cleanup", Time since last: 59749069905 ns, Reaching safepoint: 23880 ns, Cleanup: 14508 ns, At safepoint: 9591 ns, Total: 47979 ns
[2025-06-13T08:06:40.689+0000][72][info ][safepoint   ] Safepoint "Cleanup", Time since last: 3293158615 ns, Reaching safepoint: 136559 ns, Cleanup: 10482 ns, At safepoint: 46068 ns, Total: 193109 ns
[2025-06-13T08:07:48.036+0000][72][info ][safepoint   ] Safepoint "Cleanup", Time since last: 67351847495 ns, Reaching safepoint: 32238 ns, Cleanup: 17281 ns, At safepoint: 19309 ns, Total: 68828 ns
[2025-06-13T08:08:06.343+0000][72][info ][safepoint   ] Safepoint "Cleanup", Time since last: 18309190948 ns, Reaching safepoint: 27884 ns, Cleanup: 16891 ns, At safepoint: 47618 ns, Total: 92393 ns
[2025-06-13T08:08:07.345+0000][72][info ][safepoint   ] Safepoint "Cleanup", Time since last: 1002300058 ns, Reaching safepoint: 22590 ns, Cleanup: 14326 ns, At safepoint: 11950 ns, Total: 48866 ns
[2025-06-13T08:10:14.404+0000][72][info ][safepoint   ] Safepoint "Cleanup", Time since last: 127068440668 ns, Reaching safepoint: 53199 ns, Cleanup: 13919 ns, At safepoint: 8637 ns, Total: 75755 ns
[2025-06-13T08:11:07.433+0000][72][info ][safepoint   ] Safepoint "Cleanup", Time since last: 53032873498 ns, Reaching safepoint: 71013 ns, Cleanup: 16196 ns, At safepoint: 18038 ns, Total: 105247 ns
[2025-06-13T08:11:09.191+0000][72][info ][safepoint   ] Safepoint "Cleanup", Time since last: 1758292215 ns, Reaching safepoint: 53083 ns, Cleanup: 16437 ns, At safepoint: 12702 ns, Total: 82222 ns
[2025-06-13T08:11:42.788+0000][72][info ][safepoint   ] Safepoint "Cleanup", Time since last: 33599828622 ns, Reaching safepoint: 145148 ns, Cleanup: 15926 ns, At safepoint: 100546 ns, Total: 261620 ns
[2025-06-13T08:11:56.235+0000][72][info ][safepoint   ] Safepoint "Cleanup", Time since last: 13446547087 ns, Reaching safepoint: 25314 ns, Cleanup: 19081 ns, At safepoint: 76699 ns, Total: 121094 ns
[2025-06-13T08:12:07.252+0000][72][info ][safepoint   ] Safepoint "Cleanup", Time since last: 11019028329 ns, Reaching safepoint: 16713 ns, Cleanup: 12057 ns, At safepoint: 7554 ns, Total: 36324 ns
[2025-06-13T08:17:11.586+0000][72][info ][safepoint   ] Safepoint "Cleanup", Time since last: 304351941250 ns, Reaching safepoint: 2261570 ns, Cleanup: 3331569 ns, At safepoint: 111775 ns, Total: 5704914 ns
[2025-06-13T08:17:13.560+0000][72][info ][safepoint   ] Safepoint "Cleanup", Time since last: 1974302603 ns, Reaching safepoint: 25757 ns, Cleanup: 15901 ns, At safepoint: 11394 ns, Total: 53052 ns
[2025-06-13T08:17:23.562+0000][72][info ][safepoint   ] Safepoint "Cleanup", Time since last: 10002056397 ns, Reaching safepoint: 57765 ns, Cleanup: 15238 ns, At safepoint: 41912 ns, Total: 114915 ns
[2025-06-13T08:19:17.645+0000][72][info ][safepoint   ] Safepoint "Cleanup", Time since last: 114092445091 ns, Reaching safepoint: 9713 ns, Cleanup: 8861 ns, At safepoint: 13852 ns, Total: 32426 ns
[2025-06-13T08:21:22.798+0000][72][info ][safepoint   ] Safepoint "Cleanup", Time since last: 125162107637 ns, Reaching safepoint: 31053 ns, Cleanup: 15678 ns, At safepoint: 62092 ns, Total: 108823 ns
[2025-06-13T08:22:25.684+0000][72][info ][safepoint   ] Safepoint "Cleanup", Time since last: 62890982364 ns, Reaching safepoint: 24224 ns, Cleanup: 24135 ns, At safepoint: 92142 ns, Total: 140501 ns
[2025-06-13T08:23:28.891+0000][72][info ][safepoint   ] Safepoint "Cleanup", Time since last: 63211129454 ns, Reaching safepoint: 6135 ns, Cleanup: 9739 ns, At safepoint: 13411 ns, Total: 29285 ns
[2025-06-13T08:23:32.912+0000][72][info ][safepoint   ] Safepoint "Cleanup", Time since last: 4024173461 ns, Reaching safepoint: 29054 ns, Cleanup: 16413 ns, At safepoint: 16595 ns, Total: 62062 ns
[2025-06-13T08:23:40.914+0000][72][info ][safepoint   ] Safepoint "Cleanup", Time since last: 8001813597 ns, Reaching safepoint: 30774 ns, Cleanup: 16353 ns, At safepoint: 18533 ns, Total: 65660 ns
[2025-06-13T08:24:31.939+0000][72][info ][safepoint   ] Safepoint "Cleanup", Time since last: 51027030576 ns, Reaching safepoint: 18864 ns, Cleanup: 15598 ns, At safepoint: 81250 ns, Total: 115712 ns
[2025-06-13T08:25:34.610+0000][72][info ][safepoint   ] Safepoint "Cleanup", Time since last: 62677875626 ns, Reaching safepoint: 19741 ns, Cleanup: 12190 ns, At safepoint: 19420 ns, Total: 51351 ns
[2025-06-13T08:26:38.188+0000][72][info ][safepoint   ] Safepoint "Cleanup", Time since last: 63583249889 ns, Reaching safepoint: 16411 ns, Cleanup: 15444 ns, At safepoint: 5235 ns, Total: 37090 ns
[2025-06-13T08:27:23.909+0000][72][info ][safepoint   ] Safepoint "Cleanup", Time since last: 45723801579 ns, Reaching safepoint: 163121 ns, Cleanup: 19330 ns, At safepoint: 20670 ns, Total: 203121 ns
[2025-06-13T08:28:07.936+0000][72][info ][safepoint   ] Safepoint "Cleanup", Time since last: 44031538857 ns, Reaching safepoint: 22147 ns, Cleanup: 16771 ns, At safepoint: 10620 ns, Total: 49538 ns
[2025-06-13T08:28:16.760+0000][72][info ][gc,start    ] GC(25) Pause Young (Normal) (G1 Evacuation Pause)
[2025-06-13T08:28:16.765+0000][72][info ][gc,task     ] GC(25) Using 10 workers of 10 for evacuation
[2025-06-13T08:28:16.766+0000][72][debug][gc,age      ] GC(25) Desired survivor size 153092096 bytes, new threshold 15 (max threshold 15)
[2025-06-13T08:28:16.906+0000][72][info ][gc,phases   ] GC(25)   Pre Evacuate Collection Set: 11.00ms
[2025-06-13T08:28:16.906+0000][72][info ][gc,phases   ] GC(25)   Merge Heap Roots: 3.11ms
[2025-06-13T08:28:16.907+0000][72][info ][gc,phases   ] GC(25)   Evacuate Collection Set: 105.46ms
[2025-06-13T08:28:16.907+0000][72][info ][gc,phases   ] GC(25)   Post Evacuate Collection Set: 16.38ms
[2025-06-13T08:28:16.908+0000][72][info ][gc,phases   ] GC(25)   Other: 6.96ms
[2025-06-13T08:28:16.909+0000][72][trace][gc,age      ] GC(25) Age table with threshold 15 (max threshold 15)
[2025-06-13T08:28:16.909+0000][72][trace][gc,age      ] GC(25) - age   1:     934288 bytes,     934288 total
[2025-06-13T08:28:16.909+0000][72][trace][gc,age      ] GC(25) - age   2:       7248 bytes,     941536 total
[2025-06-13T08:28:16.910+0000][72][trace][gc,age      ] GC(25) - age   3:     356544 bytes,    1298080 total
[2025-06-13T08:28:16.910+0000][72][trace][gc,age      ] GC(25) - age   4:     167544 bytes,    1465624 total
[2025-06-13T08:28:16.911+0000][72][trace][gc,age      ] GC(25) - age   5:     287488 bytes,    1753112 total
[2025-06-13T08:28:16.911+0000][72][trace][gc,age      ] GC(25) - age   6:      70936 bytes,    1824048 total
[2025-06-13T08:28:16.913+0000][72][trace][gc,age      ] GC(25) - age   7:      56368 bytes,    1880416 total
[2025-06-13T08:28:16.913+0000][72][trace][gc,age      ] GC(25) - age   8:      72904 bytes,    1953320 total
[2025-06-13T08:28:16.914+0000][72][trace][gc,age      ] GC(25) - age   9:      94344 bytes,    2047664 total
[2025-06-13T08:28:16.914+0000][72][trace][gc,age      ] GC(25) - age  10:     106056 bytes,    2153720 total
[2025-06-13T08:28:16.915+0000][72][trace][gc,age      ] GC(25) - age  11:    2150728 bytes,    4304448 total
[2025-06-13T08:28:16.915+0000][72][info ][gc,heap     ] GC(25) Eden regions: 580->0(580)
[2025-06-13T08:28:16.916+0000][72][info ][gc,heap     ] GC(25) Survivor regions: 2->2(73)
[2025-06-13T08:28:16.916+0000][72][info ][gc,heap     ] GC(25) Old regions: 26->26
[2025-06-13T08:28:16.917+0000][72][info ][gc,heap     ] GC(25) Humongous regions: 0->0
[2025-06-13T08:28:16.917+0000][72][info ][gc,metaspace] GC(25) Metaspace: 148565K(152576K)->148565K(152576K) NonClass: 128496K(130624K)->128496K(130624K) Class: 20068K(21952K)->20068K(21952K)
[2025-06-13T08:28:16.918+0000][72][info ][gc          ] GC(25) Pause Young (Normal) (G1 Evacuation Pause) 2430M->107M(3880M) 159.214ms
[2025-06-13T08:28:16.919+0000][72][info ][gc,cpu      ] GC(25) User=0.91s Sys=0.01s Real=0.16s
[2025-06-13T08:28:16.919+0000][72][info ][safepoint   ] Safepoint "G1CollectForAllocation", Time since last: 8821812758 ns, Reaching safepoint: 22560 ns, Cleanup: 5231 ns, At safepoint: 161327160 ns, Total: 161354951 ns
[2025-06-13T08:28:23.921+0000][72][info ][safepoint   ] Safepoint "Cleanup", Time since last: 7001859582 ns, Reaching safepoint: 80379 ns, Cleanup: 20969 ns, At safepoint: 37627 ns, Total: 138975 ns
[2025-06-13T08:28:37.612+0000][72][info ][safepoint   ] Safepoint "Cleanup", Time since last: 13693229914 ns, Reaching safepoint: 13417 ns, Cleanup: 17122 ns, At safepoint: 18394 ns, Total: 48933 ns
[2025-06-13T08:28:39.206+0000][72][info ][safepoint   ] Safepoint "Cleanup", Time since last: 1593559737 ns, Reaching safepoint: 31123 ns, Cleanup: 26357 ns, At safepoint: 21453 ns, Total: 78933 ns
[2025-06-13T08:28:44.267+0000][72][info ][safepoint   ] Safepoint "Cleanup", Time since last: 5061137452 ns, Reaching safepoint: 24178 ns, Cleanup: 15910 ns, At safepoint: 22196 ns, Total: 62284 ns
[2025-06-13T08:29:17.486+0000][72][info ][safepoint   ] Safepoint "Cleanup", Time since last: 33221349997 ns, Reaching safepoint: 29281 ns, Cleanup: 17629 ns, At safepoint: 16051 ns, Total: 62961 ns
[2025-06-13T08:29:23.512+0000][72][info ][safepoint   ] Safepoint "Cleanup", Time since last: 6025611511 ns, Reaching safepoint: 24992 ns, Cleanup: 17076 ns, At safepoint: 10512 ns, Total: 52580 ns
[2025-06-13T08:31:19.645+0000][72][info ][safepoint   ] Safepoint "Cleanup", Time since last: 116142214861 ns, Reaching safepoint: 24062 ns, Cleanup: 12795 ns, At safepoint: 65241 ns, Total: 102098 ns
[2025-06-13T08:32:55.606+0000][72][info ][safepoint   ] Safepoint "Cleanup", Time since last: 95967591160 ns, Reaching safepoint: 35054 ns, Cleanup: 20471 ns, At safepoint: 76979 ns, Total: 132504 ns
[2025-06-13T08:33:58.612+0000][72][info ][safepoint   ] Safepoint "Cleanup", Time since last: 63011259210 ns, Reaching safepoint: 17609 ns, Cleanup: 11377 ns, At safepoint: 18410 ns, Total: 47396 ns
[2025-06-13T08:36:23.653+0000][72][info ][safepoint   ] Safepoint "Cleanup", Time since last: 145052717499 ns, Reaching safepoint: 74473 ns, Cleanup: 88823 ns, At safepoint: 20602 ns, Total: 183898 ns
[2025-06-13T08:36:27.727+0000][72][info ][safepoint   ] Safepoint "Cleanup", Time since last: 4074445648 ns, Reaching safepoint: 14253 ns, Cleanup: 10062 ns, At safepoint: 20186 ns, Total: 44501 ns
[2025-06-13T08:38:08.232+0000][72][info ][safepoint   ] Safepoint "Cleanup", Time since last: 100513434178 ns, Reaching safepoint: 18290 ns, Cleanup: 13351 ns, At safepoint: 9313 ns, Total: 40954 ns
[2025-06-13T08:39:13.880+0000][72][info ][safepoint   ] Safepoint "Cleanup", Time since last: 65652377083 ns, Reaching safepoint: 13379 ns, Cleanup: 10878 ns, At safepoint: 15479 ns, Total: 39736 ns
[2025-06-13T08:39:23.882+0000][72][info ][safepoint   ] Safepoint "Cleanup", Time since last: 10002320367 ns, Reaching safepoint: 43581 ns, Cleanup: 13999 ns, At safepoint: 8541 ns, Total: 66121 ns
[2025-06-13T08:40:33.927+0000][72][info ][safepoint   ] Safepoint "Cleanup", Time since last: 70052665555 ns, Reaching safepoint: 96402 ns, Cleanup: 16136 ns, At safepoint: 12232 ns, Total: 124770 ns
[2025-06-13T08:41:19.590+0000][72][info ][safepoint   ] Safepoint "Cleanup", Time since last: 45664486744 ns, Reaching safepoint: 253042 ns, Cleanup: 15494 ns, At safepoint: 140595 ns, Total: 409131 ns
[2025-06-13T08:43:43.672+0000][72][info ][safepoint   ] Safepoint "Cleanup", Time since last: 144094106939 ns, Reaching safepoint: 8044 ns, Cleanup: 9579 ns, At safepoint: 12830 ns, Total: 30453 ns
[2025-06-13T08:44:24.234+0000][72][info ][safepoint   ] Safepoint "Cleanup", Time since last: 40563315646 ns, Reaching safepoint: 44449 ns, Cleanup: 14074 ns, At safepoint: 7913 ns, Total: 66436 ns
[2025-06-13T08:44:29.282+0000][72][info ][safepoint   ] Safepoint "Cleanup", Time since last: 5048623909 ns, Reaching safepoint: 6401 ns, Cleanup: 8136 ns, At safepoint: 2842 ns, Total: 17379 ns
[2025-06-13T08:46:28.655+0000][72][info ][safepoint   ] Safepoint "Cleanup", Time since last: 119382954679 ns, Reaching safepoint: 13027 ns, Cleanup: 7028 ns, At safepoint: 3219 ns, Total: 23274 ns
[2025-06-13T08:46:35.386+0000][72][info ][safepoint   ] Safepoint "Cleanup", Time since last: 6732763455 ns, Reaching safepoint: 5856 ns, Cleanup: 8989 ns, At safepoint: 14181 ns, Total: 29026 ns
[2025-06-13T08:47:38.434+0000][72][info ][safepoint   ] Safepoint "Cleanup", Time since last: 63052885047 ns, Reaching safepoint: 19457 ns, Cleanup: 7952 ns, At safepoint: 13498 ns, Total: 40907 ns
[2025-06-13T08:48:08.547+0000][72][info ][safepoint   ] Safepoint "Cleanup", Time since last: 30114983962 ns, Reaching safepoint: 31869 ns, Cleanup: 18583 ns, At safepoint: 12156 ns, Total: 62608 ns
[2025-06-13T08:48:09.548+0000][72][info ][safepoint   ] Safepoint "Cleanup", Time since last: 1001089623 ns, Reaching safepoint: 16938 ns, Cleanup: 15229 ns, At safepoint: 8303 ns, Total: 40470 ns
[2025-06-13T08:48:23.550+0000][72][info ][safepoint   ] Safepoint "Cleanup", Time since last: 14002437291 ns, Reaching safepoint: 70140 ns, Cleanup: 15856 ns, At safepoint: 32839 ns, Total: 118835 ns
[2025-06-13T08:50:40.680+0000][72][info ][safepoint   ] Safepoint "Cleanup", Time since last: 137142642466 ns, Reaching safepoint: 94627 ns, Cleanup: 15613 ns, At safepoint: 14298 ns, Total: 124538 ns
[2025-06-13T08:50:46.623+0000][72][info ][safepoint   ] Safepoint "Cleanup", Time since last: 5942260571 ns, Reaching safepoint: 10318 ns, Cleanup: 12494 ns, At safepoint: 19080 ns, Total: 41892 ns
[2025-06-13T08:52:52.598+0000][72][info ][safepoint   ] Safepoint "Cleanup", Time since last: 125985036744 ns, Reaching safepoint: 27466 ns, Cleanup: 16876 ns, At safepoint: 76396 ns, Total: 120738 ns
[2025-06-13T08:55:53.249+0000][72][info ][safepoint   ] Safepoint "Cleanup", Time since last: 180664871220 ns, Reaching safepoint: 90350 ns, Cleanup: 20851 ns, At safepoint: 58189 ns, Total: 169390 ns
[2025-06-13T08:56:07.291+0000][72][info ][safepoint   ] Safepoint "Cleanup", Time since last: 14044583633 ns, Reaching safepoint: 19537 ns, Cleanup: 13191 ns, At safepoint: 8303 ns, Total: 41031 ns
[2025-06-13T08:57:51.391+0000][72][info ][safepoint   ] Safepoint "Cleanup", Time since last: 104107552267 ns, Reaching safepoint: 77850 ns, Cleanup: 17283 ns, At safepoint: 18004 ns, Total: 113137 ns
[2025-06-13T08:57:52.392+0000][72][info ][safepoint   ] Safepoint "Cleanup", Time since last: 1000905078 ns, Reaching safepoint: 31109 ns, Cleanup: 16644 ns, At safepoint: 19767 ns, Total: 67520 ns
[2025-06-13T08:59:23.473+0000][72][info ][safepoint   ] Safepoint "Cleanup", Time since last: 91089384868 ns, Reaching safepoint: 31638 ns, Cleanup: 20314 ns, At safepoint: 18482 ns, Total: 70434 ns
[2025-06-13T09:00:12.079+0000][72][info ][safepoint   ] Safepoint "Cleanup", Time since last: 48608828816 ns, Reaching safepoint: 72909 ns, Cleanup: 16698 ns, At safepoint: 16693 ns, Total: 106300 ns
[2025-06-13T09:00:23.531+0000][72][info ][safepoint   ] Safepoint "Cleanup", Time since last: 11452288395 ns, Reaching safepoint: 30080 ns, Cleanup: 20720 ns, At safepoint: 16443 ns, Total: 67243 ns
[2025-06-13T09:01:23.633+0000][72][info ][safepoint   ] Safepoint "Cleanup", Time since last: 60105910268 ns, Reaching safepoint: 55716 ns, Cleanup: 16003 ns, At safepoint: 10505 ns, Total: 82224 ns
[2025-06-13T09:01:37.568+0000][72][info ][safepoint   ] Safepoint "Cleanup", Time since last: 13937011809 ns, Reaching safepoint: 933779 ns, Cleanup: 11514 ns, At safepoint: 62593 ns, Total: 1007886 ns
[2025-06-13T09:02:02.677+0000][72][info ][safepoint   ] Safepoint "Cleanup", Time since last: 25108711551 ns, Reaching safepoint: 17200 ns, Cleanup: 11946 ns, At safepoint: 4689 ns, Total: 33835 ns
[2025-06-13T09:03:23.693+0000][72][info ][safepoint   ] Safepoint "Cleanup", Time since last: 81024151542 ns, Reaching safepoint: 25106 ns, Cleanup: 15964 ns, At safepoint: 7935 ns, Total: 49005 ns
[2025-06-13T09:06:31.877+0000][72][info ][safepoint   ] Safepoint "Cleanup", Time since last: 188198059354 ns, Reaching safepoint: 24623 ns, Cleanup: 13530 ns, At safepoint: 22846 ns, Total: 60999 ns
[2025-06-13T09:08:38.014+0000][72][info ][safepoint   ] Safepoint "Cleanup", Time since last: 126149700082 ns, Reaching safepoint: 25476 ns, Cleanup: 12475 ns, At safepoint: 6221 ns, Total: 44172 ns
[2025-06-13T09:11:43.680+0000][72][info ][safepoint   ] Safepoint "Cleanup", Time since last: 185679889238 ns, Reaching safepoint: 16093 ns, Cleanup: 10006 ns, At safepoint: 17755 ns, Total: 43854 ns
[2025-06-13T09:12:50.208+0000][72][info ][safepoint   ] Safepoint "Cleanup", Time since last: 66533421875 ns, Reaching safepoint: 7404 ns, Cleanup: 8354 ns, At safepoint: 3035 ns, Total: 18793 ns
[2025-06-13T09:14:29.288+0000][72][info ][safepoint   ] Safepoint "Cleanup", Time since last: 99086993854 ns, Reaching safepoint: 202288 ns, Cleanup: 11932 ns, At safepoint: 42793 ns, Total: 257013 ns
[2025-06-13T09:15:23.338+0000][72][info ][safepoint   ] Safepoint "Cleanup", Time since last: 54055130478 ns, Reaching safepoint: 86170 ns, Cleanup: 19092 ns, At safepoint: 36981 ns, Total: 142243 ns
[2025-06-13T09:16:13.221+0000][72][info ][gc,start    ] GC(26) Pause Young (Normal) (G1 Evacuation Pause)
[2025-06-13T09:16:13.225+0000][72][info ][gc,task     ] GC(26) Using 10 workers of 10 for evacuation
[2025-06-13T09:16:13.226+0000][72][debug][gc,age      ] GC(26) Desired survivor size 153092096 bytes, new threshold 15 (max threshold 15)
[2025-06-13T09:16:13.357+0000][72][info ][gc,phases   ] GC(26)   Pre Evacuate Collection Set: 10.16ms
[2025-06-13T09:16:13.358+0000][72][info ][gc,phases   ] GC(26)   Merge Heap Roots: 1.55ms
[2025-06-13T09:16:13.359+0000][72][info ][gc,phases   ] GC(26)   Evacuate Collection Set: 103.86ms
[2025-06-13T09:16:13.359+0000][72][info ][gc,phases   ] GC(26)   Post Evacuate Collection Set: 13.32ms
[2025-06-13T09:16:13.360+0000][72][info ][gc,phases   ] GC(26)   Other: 4.84ms
[2025-06-13T09:16:13.361+0000][72][trace][gc,age      ] GC(26) Age table with threshold 15 (max threshold 15)
[2025-06-13T09:16:13.363+0000][72][trace][gc,age      ] GC(26) - age   1:    1609592 bytes,    1609592 total
[2025-06-13T09:16:13.363+0000][72][trace][gc,age      ] GC(26) - age   2:     122968 bytes,    1732560 total
[2025-06-13T09:16:13.364+0000][72][trace][gc,age      ] GC(26) - age   3:       5984 bytes,    1738544 total
[2025-06-13T09:16:13.364+0000][72][trace][gc,age      ] GC(26) - age   4:     135368 bytes,    1873912 total
[2025-06-13T09:16:13.365+0000][72][trace][gc,age      ] GC(26) - age   5:     167440 bytes,    2041352 total
[2025-06-13T09:16:13.365+0000][72][trace][gc,age      ] GC(26) - age   6:     271176 bytes,    2312528 total
[2025-06-13T09:16:13.366+0000][72][trace][gc,age      ] GC(26) - age   7:      70936 bytes,    2383464 total
[2025-06-13T09:16:13.366+0000][72][trace][gc,age      ] GC(26) - age   8:      56232 bytes,    2439696 total
[2025-06-13T09:16:13.367+0000][72][trace][gc,age      ] GC(26) - age   9:      72768 bytes,    2512464 total
[2025-06-13T09:16:13.367+0000][72][trace][gc,age      ] GC(26) - age  10:      92824 bytes,    2605288 total
[2025-06-13T09:16:13.367+0000][72][trace][gc,age      ] GC(26) - age  11:     106016 bytes,    2711304 total
[2025-06-13T09:16:13.368+0000][72][trace][gc,age      ] GC(26) - age  12:    2150688 bytes,    4861992 total
[2025-06-13T09:16:13.368+0000][72][info ][gc,heap     ] GC(26) Eden regions: 580->0(580)
[2025-06-13T09:16:13.369+0000][72][info ][gc,heap     ] GC(26) Survivor regions: 2->2(73)
[2025-06-13T09:16:13.369+0000][72][info ][gc,heap     ] GC(26) Old regions: 26->26
[2025-06-13T09:16:13.369+0000][72][info ][gc,heap     ] GC(26) Humongous regions: 0->0
[2025-06-13T09:16:13.370+0000][72][info ][gc,metaspace] GC(26) Metaspace: 148658K(152640K)->148658K(152640K) NonClass: 128589K(130688K)->128589K(130688K) Class: 20068K(21952K)->20068K(21952K)
[2025-06-13T09:16:13.371+0000][72][info ][gc          ] GC(26) Pause Young (Normal) (G1 Evacuation Pause) 2427M->107M(3880M) 150.481ms
[2025-06-13T09:16:13.372+0000][72][info ][gc,cpu      ] GC(26) User=0.82s Sys=0.00s Real=0.15s
[2025-06-13T09:16:13.372+0000][72][info ][safepoint   ] Safepoint "G1CollectForAllocation", Time since last: 49885155568 ns, Reaching safepoint: 176289 ns, Cleanup: 7927 ns, At safepoint: 153141975 ns, Total: 153326191 ns
[2025-06-13T09:16:41.374+0000][72][info ][safepoint   ] Safepoint "Cleanup", Time since last: 28004356113 ns, Reaching safepoint: 71758 ns, Cleanup: 17894 ns, At safepoint: 37336 ns, Total: 126988 ns
[2025-06-13T09:16:46.543+0000][72][info ][safepoint   ] Safepoint "Cleanup", Time since last: 5169766426 ns, Reaching safepoint: 19619 ns, Cleanup: 14672 ns, At safepoint: 76200 ns, Total: 110491 ns
[2025-06-13T09:16:48.410+0000][72][info ][safepoint   ] Safepoint "Cleanup", Time since last: 1866177284 ns, Reaching safepoint: 25169 ns, Cleanup: 17394 ns, At safepoint: 10588 ns, Total: 53151 ns
[2025-06-13T09:17:03.261+0000][72][info ][safepoint   ] Safepoint "Cleanup", Time since last: 14852672729 ns, Reaching safepoint: 32225 ns, Cleanup: 17691 ns, At safepoint: 72350 ns, Total: 122266 ns
[2025-06-13T09:18:04.593+0000][72][info ][safepoint   ] Safepoint "Cleanup", Time since last: 61336973391 ns, Reaching safepoint: 113054 ns, Cleanup: 12388 ns, At safepoint: 58756 ns, Total: 184198 ns
[2025-06-13T09:18:06.521+0000][72][info ][safepoint   ] Safepoint "Cleanup", Time since last: 1928138068 ns, Reaching safepoint: 26744 ns, Cleanup: 19199 ns, At safepoint: 16007 ns, Total: 61950 ns
[2025-06-13T09:21:14.550+0000][72][info ][safepoint   ] Safepoint "Cleanup", Time since last: 188043823716 ns, Reaching safepoint: 34243 ns, Cleanup: 18851 ns, At safepoint: 12102 ns, Total: 65196 ns
[2025-06-13T09:21:49.520+0000][72][info ][safepoint   ] Safepoint "Cleanup", Time since last: 34972710396 ns, Reaching safepoint: 9567 ns, Cleanup: 10993 ns, At safepoint: 13839 ns, Total: 34399 ns
[2025-06-13T09:23:05.821+0000][72][info ][safepoint   ] Safepoint "Cleanup", Time since last: 76309356456 ns, Reaching safepoint: 18630 ns, Cleanup: 14436 ns, At safepoint: 36882 ns, Total: 69948 ns
[2025-06-13T09:23:07.822+0000][72][info ][safepoint   ] Safepoint "Cleanup", Time since last: 2000930469 ns, Reaching safepoint: 17429 ns, Cleanup: 13233 ns, At safepoint: 9306 ns, Total: 39968 ns
[2025-06-13T09:23:23.770+0000][72][info ][safepoint   ] Safepoint "Cleanup", Time since last: 15947906764 ns, Reaching safepoint: 48083 ns, Cleanup: 13860 ns, At safepoint: 10286 ns, Total: 72229 ns
[2025-06-13T09:23:51.777+0000][72][info ][safepoint   ] Safepoint "Cleanup", Time since last: 28008971151 ns, Reaching safepoint: 60870 ns, Cleanup: 34149 ns, At safepoint: 14592 ns, Total: 109611 ns
[2025-06-13T09:24:23.809+0000][72][info ][safepoint   ] Safepoint "Cleanup", Time since last: 32033689491 ns, Reaching safepoint: 32815 ns, Cleanup: 17567 ns, At safepoint: 17809 ns, Total: 68191 ns
[2025-06-13T09:26:22.919+0000][72][info ][safepoint   ] Safepoint "Cleanup", Time since last: 119120560210 ns, Reaching safepoint: 83769 ns, Cleanup: 19190 ns, At safepoint: 39933 ns, Total: 142892 ns
[2025-06-13T09:27:31.511+0000][72][info ][safepoint   ] Safepoint "Cleanup", Time since last: 68596939406 ns, Reaching safepoint: 6596 ns, Cleanup: 11331 ns, At safepoint: 13306 ns, Total: 31233 ns
[2025-06-13T09:27:32.967+0000][72][info ][safepoint   ] Safepoint "Cleanup", Time since last: 1456706007 ns, Reaching safepoint: 10061 ns, Cleanup: 10061 ns, At safepoint: 4277 ns, Total: 24399 ns
[2025-06-13T09:28:22.981+0000][72][info ][safepoint   ] Safepoint "Cleanup", Time since last: 50018430295 ns, Reaching safepoint: 72519 ns, Cleanup: 18067 ns, At safepoint: 18237 ns, Total: 108823 ns
[2025-06-13T09:28:31.983+0000][72][info ][safepoint   ] Safepoint "Cleanup", Time since last: 9001988133 ns, Reaching safepoint: 80375 ns, Cleanup: 18492 ns, At safepoint: 35617 ns, Total: 134484 ns
[2025-06-13T09:28:40.522+0000][72][info ][safepoint   ] Safepoint "Cleanup", Time since last: 8540867272 ns, Reaching safepoint: 23950 ns, Cleanup: 14715 ns, At safepoint: 77749 ns, Total: 116414 ns
[2025-06-13T09:28:42.035+0000][72][info ][safepoint   ] Safepoint "Cleanup", Time since last: 1513034553 ns, Reaching safepoint: 27218 ns, Cleanup: 23275 ns, At safepoint: 133813 ns, Total: 184306 ns
[2025-06-13T09:28:47.095+0000][72][info ][safepoint   ] Safepoint "Cleanup", Time since last: 5059714854 ns, Reaching safepoint: 16884 ns, Cleanup: 16948 ns, At safepoint: 75400 ns, Total: 109232 ns
[2025-06-13T09:29:33.143+0000][72][info ][safepoint   ] Safepoint "Cleanup", Time since last: 46053754540 ns, Reaching safepoint: 61679 ns, Cleanup: 16785 ns, At safepoint: 11361 ns, Total: 89825 ns
[2025-06-13T09:29:37.145+0000][72][info ][safepoint   ] Safepoint "Cleanup", Time since last: 4001146955 ns, Reaching safepoint: 18956 ns, Cleanup: 15816 ns, At safepoint: 9542 ns, Total: 44314 ns
[2025-06-13T09:29:38.181+0000][72][info ][safepoint   ] Safepoint "Cleanup", Time since last: 1036314883 ns, Reaching safepoint: 330400 ns, Cleanup: 12951 ns, At safepoint: 171742 ns, Total: 515093 ns
[2025-06-13T09:29:39.191+0000][72][info ][safepoint   ] Safepoint "Cleanup", Time since last: 1009896384 ns, Reaching safepoint: 32070 ns, Cleanup: 24545 ns, At safepoint: 78382 ns, Total: 134997 ns
[2025-06-13T09:30:42.231+0000][72][info ][safepoint   ] Safepoint "Cleanup", Time since last: 63044600977 ns, Reaching safepoint: 32297 ns, Cleanup: 19994 ns, At safepoint: 12801 ns, Total: 65092 ns
[2025-06-13T09:31:23.071+0000][72][info ][safepoint   ] Safepoint "Cleanup", Time since last: 40842469302 ns, Reaching safepoint: 67684 ns, Cleanup: 17450 ns, At safepoint: 16695 ns, Total: 101829 ns
[2025-06-13T09:32:47.357+0000][72][info ][safepoint   ] Safepoint "Cleanup", Time since last: 84293603149 ns, Reaching safepoint: 95316 ns, Cleanup: 7175 ns, At safepoint: 50786 ns, Total: 153277 ns
[2025-06-13T09:34:53.427+0000][72][info ][safepoint   ] Safepoint "Cleanup", Time since last: 126080156236 ns, Reaching safepoint: 21545 ns, Cleanup: 14338 ns, At safepoint: 87100 ns, Total: 122983 ns
[2025-06-13T09:35:23.201+0000][72][info ][safepoint   ] Safepoint "Cleanup", Time since last: 29776302771 ns, Reaching safepoint: 70507 ns, Cleanup: 17866 ns, At safepoint: 18770 ns, Total: 107143 ns
[2025-06-13T09:35:55.538+0000][72][info ][safepoint   ] Safepoint "Cleanup", Time since last: 32339535270 ns, Reaching safepoint: 16170 ns, Cleanup: 11283 ns, At safepoint: 4922 ns, Total: 32375 ns
[2025-06-13T09:35:57.480+0000][72][info ][safepoint   ] Safepoint "Cleanup", Time since last: 1942003777 ns, Reaching safepoint: 28317 ns, Cleanup: 21084 ns, At safepoint: 17005 ns, Total: 66406 ns
[2025-06-13T09:38:05.641+0000][72][info ][safepoint   ] Safepoint "Cleanup", Time since last: 128173570123 ns, Reaching safepoint: 38011 ns, Cleanup: 14475 ns, At safepoint: 8761 ns, Total: 61247 ns
[2025-06-13T09:38:07.643+0000][72][info ][safepoint   ] Safepoint "Cleanup", Time since last: 2001873933 ns, Reaching safepoint: 29841 ns, Cleanup: 20554 ns, At safepoint: 18146 ns, Total: 68541 ns
[2025-06-13T09:38:17.645+0000][72][info ][safepoint   ] Safepoint "Cleanup", Time since last: 10002100416 ns, Reaching safepoint: 195573 ns, Cleanup: 17267 ns, At safepoint: 116440 ns, Total: 329280 ns
[2025-06-13T09:38:27.648+0000][72][info ][safepoint   ] Safepoint "Cleanup", Time since last: 10002205518 ns, Reaching safepoint: 63040 ns, Cleanup: 15801 ns, At safepoint: 32366 ns, Total: 111207 ns
[2025-06-13T09:39:05.568+0000][72][info ][safepoint   ] Safepoint "Cleanup", Time since last: 37925090803 ns, Reaching safepoint: 26352 ns, Cleanup: 22663 ns, At safepoint: 16488 ns, Total: 65503 ns
[2025-06-13T09:42:38.623+0000][72][info ][safepoint   ] Safepoint "Cleanup", Time since last: 213072623874 ns, Reaching safepoint: 30117 ns, Cleanup: 17994 ns, At safepoint: 10495 ns, Total: 58606 ns
[2025-06-13T09:44:29.978+0000][72][info ][safepoint   ] Safepoint "Cleanup", Time since last: 111362206392 ns, Reaching safepoint: 32117 ns, Cleanup: 18669 ns, At safepoint: 17968 ns, Total: 68754 ns
[2025-06-13T09:44:34.506+0000][72][info ][safepoint   ] Safepoint "Cleanup", Time since last: 4529520498 ns, Reaching safepoint: 304603 ns, Cleanup: 22401 ns, At safepoint: 303535 ns, Total: 630539 ns
[2025-06-13T09:45:57.518+0000][72][info ][safepoint   ] Safepoint "Cleanup", Time since last: 83018123583 ns, Reaching safepoint: 24957 ns, Cleanup: 24152 ns, At safepoint: 12410 ns, Total: 61519 ns
[2025-06-13T09:47:05.101+0000][72][info ][safepoint   ] Safepoint "Cleanup", Time since last: 67589324987 ns, Reaching safepoint: 18723 ns, Cleanup: 11816 ns, At safepoint: 21001 ns, Total: 51540 ns
[2025-06-13T09:48:05.565+0000][72][info ][safepoint   ] Safepoint "Cleanup", Time since last: 60469100655 ns, Reaching safepoint: 24521 ns, Cleanup: 80449 ns, At safepoint: 16192 ns, Total: 121162 ns
[2025-06-13T09:48:32.201+0000][72][info ][safepoint   ] Safepoint "Cleanup", Time since last: 26635938176 ns, Reaching safepoint: 12977 ns, Cleanup: 11146 ns, At safepoint: 20455 ns, Total: 44578 ns
[2025-06-13T09:50:16.615+0000][72][info ][safepoint   ] Safepoint "Cleanup", Time since last: 104423773417 ns, Reaching safepoint: 59144 ns, Cleanup: 17811 ns, At safepoint: 13384 ns, Total: 90339 ns
[2025-06-13T09:50:23.616+0000][72][info ][safepoint   ] Safepoint "Cleanup", Time since last: 7001631885 ns, Reaching safepoint: 30181 ns, Cleanup: 17361 ns, At safepoint: 13919 ns, Total: 61461 ns
[2025-06-13T09:52:23.401+0000][72][info ][safepoint   ] Safepoint "Cleanup", Time since last: 119794855519 ns, Reaching safepoint: 67132 ns, Cleanup: 17404 ns, At safepoint: 10038 ns, Total: 94574 ns
[2025-06-13T09:52:37.128+0000][72][info ][safepoint   ] Safepoint "Cleanup", Time since last: 13729833009 ns, Reaching safepoint: 31425 ns, Cleanup: 17486 ns, At safepoint: 17976 ns, Total: 66887 ns
[2025-06-13T09:52:50.436+0000][72][info ][safepoint   ] Safepoint "Cleanup", Time since last: 13308090287 ns, Reaching safepoint: 31249 ns, Cleanup: 14085 ns, At safepoint: 8941 ns, Total: 54275 ns
[2025-06-13T09:55:21.747+0000][72][info ][safepoint   ] Safepoint "Cleanup", Time since last: 151321993240 ns, Reaching safepoint: 53306 ns, Cleanup: 16074 ns, At safepoint: 10516 ns, Total: 79896 ns
[2025-06-13T09:56:30.774+0000][72][info ][safepoint   ] Safepoint "Cleanup", Time since last: 69032354879 ns, Reaching safepoint: 60971 ns, Cleanup: 16070 ns, At safepoint: 10355 ns, Total: 87396 ns
[2025-06-13T10:02:13.963+0000][72][info ][safepoint   ] Safepoint "Cleanup", Time since last: 343217125570 ns, Reaching safepoint: 103074 ns, Cleanup: 16132 ns, At safepoint: 32287 ns, Total: 151493 ns
[2025-06-13T10:02:22.013+0000][72][info ][safepoint   ] Safepoint "Cleanup", Time since last: 8050055035 ns, Reaching safepoint: 58117 ns, Cleanup: 16881 ns, At safepoint: 11400 ns, Total: 86398 ns
[2025-06-13T10:02:25.014+0000][72][info ][safepoint   ] Safepoint "Cleanup", Time since last: 3000809411 ns, Reaching safepoint: 24430 ns, Cleanup: 14996 ns, At safepoint: 9417 ns, Total: 48843 ns
[2025-06-13T10:02:54.528+0000][72][info ][safepoint   ] Safepoint "Cleanup", Time since last: 29516295276 ns, Reaching safepoint: 60358 ns, Cleanup: 15560 ns, At safepoint: 14290 ns, Total: 90208 ns
[2025-06-13T10:03:14.110+0000][72][info ][safepoint   ] Safepoint "Cleanup", Time since last: 19584808045 ns, Reaching safepoint: 13519 ns, Cleanup: 15610 ns, At safepoint: 22479 ns, Total: 51608 ns
[2025-06-13T10:04:23.094+0000][72][info ][safepoint   ] Safepoint "Cleanup", Time since last: 68987892372 ns, Reaching safepoint: 43374 ns, Cleanup: 13953 ns, At safepoint: 10249 ns, Total: 67576 ns
[2025-06-13T10:07:13.423+0000][72][info ][gc,start    ] GC(27) Pause Young (Normal) (G1 Evacuation Pause)
[2025-06-13T10:07:13.427+0000][72][info ][gc,task     ] GC(27) Using 10 workers of 10 for evacuation
[2025-06-13T10:07:13.428+0000][72][debug][gc,age      ] GC(27) Desired survivor size 153092096 bytes, new threshold 15 (max threshold 15)
[2025-06-13T10:07:13.546+0000][72][info ][gc,phases   ] GC(27)   Pre Evacuate Collection Set: 7.25ms
[2025-06-13T10:07:13.548+0000][72][info ][gc,phases   ] GC(27)   Merge Heap Roots: 2.02ms
[2025-06-13T10:07:13.549+0000][72][info ][gc,phases   ] GC(27)   Evacuate Collection Set: 95.86ms
[2025-06-13T10:07:13.549+0000][72][info ][gc,phases   ] GC(27)   Post Evacuate Collection Set: 11.21ms
[2025-06-13T10:07:13.550+0000][72][info ][gc,phases   ] GC(27)   Other: 3.79ms
[2025-06-13T10:07:13.551+0000][72][trace][gc,age      ] GC(27) Age table with threshold 15 (max threshold 15)
[2025-06-13T10:07:13.551+0000][72][trace][gc,age      ] GC(27) - age   1:    1245472 bytes,    1245472 total
[2025-06-13T10:07:13.552+0000][72][trace][gc,age      ] GC(27) - age   2:     205440 bytes,    1450912 total
[2025-06-13T10:07:13.552+0000][72][trace][gc,age      ] GC(27) - age   3:     121096 bytes,    1572008 total
[2025-06-13T10:07:13.552+0000][72][trace][gc,age      ] GC(27) - age   4:       5808 bytes,    1577816 total
[2025-06-13T10:07:13.553+0000][72][trace][gc,age      ] GC(27) - age   5:     134888 bytes,    1712704 total
[2025-06-13T10:07:13.553+0000][72][trace][gc,age      ] GC(27) - age   6:     166784 bytes,    1879488 total
[2025-06-13T10:07:13.554+0000][72][trace][gc,age      ] GC(27) - age   7:     270960 bytes,    2150448 total
[2025-06-13T10:07:13.554+0000][72][trace][gc,age      ] GC(27) - age   8:      70936 bytes,    2221384 total
[2025-06-13T10:07:13.554+0000][72][trace][gc,age      ] GC(27) - age   9:      56232 bytes,    2277616 total
[2025-06-13T10:07:13.555+0000][72][trace][gc,age      ] GC(27) - age  10:      72688 bytes,    2350304 total
[2025-06-13T10:07:13.555+0000][72][trace][gc,age      ] GC(27) - age  11:      92824 bytes,    2443128 total
[2025-06-13T10:07:13.555+0000][72][trace][gc,age      ] GC(27) - age  12:     106016 bytes,    2549144 total
[2025-06-13T10:07:13.556+0000][72][trace][gc,age      ] GC(27) - age  13:    2150424 bytes,    4699568 total
[2025-06-13T10:07:13.556+0000][72][info ][gc,heap     ] GC(27) Eden regions: 580->0(580)
[2025-06-13T10:07:13.556+0000][72][info ][gc,heap     ] GC(27) Survivor regions: 2->2(73)
[2025-06-13T10:07:13.557+0000][72][info ][gc,heap     ] GC(27) Old regions: 26->26
[2025-06-13T10:07:13.557+0000][72][info ][gc,heap     ] GC(27) Humongous regions: 0->0
[2025-06-13T10:07:13.557+0000][72][info ][gc,metaspace] GC(27) Metaspace: 148717K(152704K)->148717K(152704K) NonClass: 128648K(130752K)->128648K(130752K) Class: 20068K(21952K)->20068K(21952K)
[2025-06-13T10:07:13.558+0000][72][info ][gc          ] GC(27) Pause Young (Normal) (G1 Evacuation Pause) 2427M->107M(3880M) 134.998ms
[2025-06-13T10:07:13.559+0000][72][info ][gc,cpu      ] GC(27) User=0.71s Sys=0.03s Real=0.14s
[2025-06-13T10:07:13.560+0000][72][info ][safepoint   ] Safepoint "G1CollectForAllocation", Time since last: 170343177424 ns, Reaching safepoint: 37098 ns, Cleanup: 7567 ns, At safepoint: 137803032 ns, Total: 137847697 ns
[2025-06-13T10:07:23.260+0000][72][info ][safepoint   ] Safepoint "Cleanup", Time since last: 9700098640 ns, Reaching safepoint: 60116 ns, Cleanup: 17110 ns, At safepoint: 13436 ns, Total: 90662 ns
[2025-06-13T10:07:36.695+0000][72][info ][safepoint   ] Safepoint "Cleanup", Time since last: 13437157897 ns, Reaching safepoint: 117036 ns, Cleanup: 13674 ns, At safepoint: 75911 ns, Total: 206621 ns
[2025-06-13T10:08:28.521+0000][72][info ][safepoint   ] Safepoint "Cleanup", Time since last: 51828554120 ns, Reaching safepoint: 18087 ns, Cleanup: 11423 ns, At safepoint: 22560 ns, Total: 52070 ns
[2025-06-13T10:08:30.325+0000][72][info ][safepoint   ] Safepoint "Cleanup", Time since last: 1803254538 ns, Reaching safepoint: 24046 ns, Cleanup: 16698 ns, At safepoint: 11272 ns, Total: 52016 ns
[2025-06-13T10:09:17.236+0000][72][info ][safepoint   ] Safepoint "Cleanup", Time since last: 46915348259 ns, Reaching safepoint: 22287 ns, Cleanup: 29311 ns, At safepoint: 8569 ns, Total: 60167 ns
[2025-06-13T10:10:34.451+0000][72][info ][safepoint   ] Safepoint "Cleanup", Time since last: 77222001802 ns, Reaching safepoint: 15335 ns, Cleanup: 11910 ns, At safepoint: 20113 ns, Total: 47358 ns
[2025-06-13T10:10:38.409+0000][72][info ][safepoint   ] Safepoint "Cleanup", Time since last: 3958082741 ns, Reaching safepoint: 24785 ns, Cleanup: 17475 ns, At safepoint: 11102 ns, Total: 53362 ns
[2025-06-13T10:11:38.449+0000][72][info ][safepoint   ] Safepoint "Cleanup", Time since last: 60044524858 ns, Reaching safepoint: 13187 ns, Cleanup: 11103 ns, At safepoint: 23604 ns, Total: 47894 ns
[2025-06-13T10:13:08.347+0000][72][info ][safepoint   ] Safepoint "Cleanup", Time since last: 89905468125 ns, Reaching safepoint: 34345 ns, Cleanup: 15766 ns, At safepoint: 11634 ns, Total: 61745 ns
[2025-06-13T10:13:23.350+0000][72][info ][safepoint   ] Safepoint "Cleanup", Time since last: 15003063886 ns, Reaching safepoint: 77890 ns, Cleanup: 56588 ns, At safepoint: 48714 ns, Total: 183192 ns
[2025-06-13T10:15:49.429+0000][72][info ][safepoint   ] Safepoint "Cleanup", Time since last: 146090465672 ns, Reaching safepoint: 14974 ns, Cleanup: 11332 ns, At safepoint: 4647 ns, Total: 30953 ns
[2025-06-13T10:16:26.432+0000][72][info ][safepoint   ] Safepoint "Cleanup", Time since last: 37004130049 ns, Reaching safepoint: 907201 ns, Cleanup: 16090 ns, At safepoint: 80838 ns, Total: 1004129 ns
[2025-06-13T10:17:16.454+0000][72][info ][safepoint   ] Safepoint "Cleanup", Time since last: 50027780332 ns, Reaching safepoint: 148322 ns, Cleanup: 21252 ns, At safepoint: 14604 ns, Total: 184178 ns
[2025-06-13T10:17:55.900+0000][72][info ][safepoint   ] Safepoint "Cleanup", Time since last: 39447333941 ns, Reaching safepoint: 143719 ns, Cleanup: 16215 ns, At safepoint: 54121 ns, Total: 214055 ns
[2025-06-13T10:18:08.480+0000][72][info ][safepoint   ] Safepoint "Cleanup", Time since last: 12581394936 ns, Reaching safepoint: 66296 ns, Cleanup: 18622 ns, At safepoint: 12725 ns, Total: 97643 ns
[2025-06-13T10:18:58.443+0000][72][info ][safepoint   ] Safepoint "Cleanup", Time since last: 49966097688 ns, Reaching safepoint: 15508 ns, Cleanup: 14830 ns, At safepoint: 5094 ns, Total: 35432 ns
[2025-06-13T10:22:22.430+0000][72][info ][safepoint   ] Safepoint "Cleanup", Time since last: 204003168934 ns, Reaching safepoint: 62234 ns, Cleanup: 14402 ns, At safepoint: 26159 ns, Total: 102795 ns
[2025-06-13T10:22:27.628+0000][72][info ][safepoint   ] Safepoint "Cleanup", Time since last: 5198037110 ns, Reaching safepoint: 6528 ns, Cleanup: 7945 ns, At safepoint: 14142 ns, Total: 28615 ns
[2025-06-13T10:23:10.427+0000][72][info ][safepoint   ] Safepoint "Cleanup", Time since last: 42803534192 ns, Reaching safepoint: 19440 ns, Cleanup: 10485 ns, At safepoint: 19302 ns, Total: 49227 ns
[2025-06-13T10:26:22.318+0000][72][info ][safepoint   ] Safepoint "Cleanup", Time since last: 191904937398 ns, Reaching safepoint: 32402 ns, Cleanup: 16516 ns, At safepoint: 10885 ns, Total: 59803 ns
[2025-06-13T10:28:25.406+0000][72][info ][safepoint   ] Safepoint "Cleanup", Time since last: 123096851583 ns, Reaching safepoint: 11188 ns, Cleanup: 10453 ns, At safepoint: 37956 ns, Total: 59597 ns
[2025-06-13T10:28:43.412+0000][72][info ][safepoint   ] Safepoint "Cleanup", Time since last: 18009449360 ns, Reaching safepoint: 16623 ns, Cleanup: 11947 ns, At safepoint: 19692 ns, Total: 48262 ns
[2025-06-13T10:28:44.458+0000][72][info ][safepoint   ] Safepoint "Cleanup", Time since last: 1045630297 ns, Reaching safepoint: 13470 ns, Cleanup: 11571 ns, At safepoint: 5437 ns, Total: 30478 ns
[2025-06-13T10:28:48.540+0000][72][info ][safepoint   ] Safepoint "Cleanup", Time since last: 4082557421 ns, Reaching safepoint: 15336 ns, Cleanup: 11557 ns, At safepoint: 19681 ns, Total: 46574 ns
[2025-06-13T10:29:09.568+0000][72][info ][safepoint   ] Safepoint "Cleanup", Time since last: 21028928503 ns, Reaching safepoint: 73304 ns, Cleanup: 13905 ns, At safepoint: 9776 ns, Total: 96985 ns
[2025-06-13T10:29:20.571+0000][72][info ][safepoint   ] Safepoint "Cleanup", Time since last: 11002954554 ns, Reaching safepoint: 25453 ns, Cleanup: 15971 ns, At safepoint: 11424 ns, Total: 52848 ns
[2025-06-13T10:29:21.594+0000][72][info ][safepoint   ] Safepoint "Cleanup", Time since last: 1022816711 ns, Reaching safepoint: 25004 ns, Cleanup: 16885 ns, At safepoint: 13236 ns, Total: 55125 ns
[2025-06-13T10:29:22.595+0000][72][info ][safepoint   ] Safepoint "Cleanup", Time since last: 1000609187 ns, Reaching safepoint: 23971 ns, Cleanup: 13262 ns, At safepoint: 9648 ns, Total: 46881 ns
[2025-06-13T10:29:28.445+0000][72][info ][safepoint   ] Safepoint "Cleanup", Time since last: 5850538408 ns, Reaching safepoint: 7359 ns, Cleanup: 11527 ns, At safepoint: 14565 ns, Total: 33451 ns
[2025-06-13T10:29:37.618+0000][72][info ][safepoint   ] Safepoint "Cleanup", Time since last: 9175627518 ns, Reaching safepoint: 18480 ns, Cleanup: 12680 ns, At safepoint: 8329 ns, Total: 39489 ns
[2025-06-13T10:31:30.856+0000][72][info ][safepoint   ] Safepoint "Cleanup", Time since last: 113244530291 ns, Reaching safepoint: 58998 ns, Cleanup: 15311 ns, At safepoint: 13755 ns, Total: 88064 ns
[2025-06-13T10:31:34.690+0000][72][info ][safepoint   ] Safepoint "Cleanup", Time since last: 3836118003 ns, Reaching safepoint: 15769 ns, Cleanup: 14611 ns, At safepoint: 5231 ns, Total: 35611 ns
[2025-06-13T10:33:40.830+0000][72][info ][safepoint   ] Safepoint "Cleanup", Time since last: 126149377283 ns, Reaching safepoint: 14418 ns, Cleanup: 12852 ns, At safepoint: 5854 ns, Total: 33124 ns
[2025-06-13T10:37:32.003+0000][72][info ][safepoint   ] Safepoint "Cleanup", Time since last: 231189426755 ns, Reaching safepoint: 44858 ns, Cleanup: 12188 ns, At safepoint: 25481 ns, Total: 82527 ns
[2025-06-13T10:40:39.154+0000][72][info ][safepoint   ] Safepoint "Cleanup", Time since last: 187166470831 ns, Reaching safepoint: 93307 ns, Cleanup: 16076 ns, At safepoint: 15408 ns, Total: 124791 ns
[2025-06-13T10:42:58.195+0000][72][info ][safepoint   ] Safepoint "Cleanup", Time since last: 139050760656 ns, Reaching safepoint: 16724 ns, Cleanup: 13864 ns, At safepoint: 6161 ns, Total: 36749 ns
[2025-06-13T10:45:23.368+0000][72][info ][safepoint   ] Safepoint "Cleanup", Time since last: 145184197709 ns, Reaching safepoint: 63312 ns, Cleanup: 17452 ns, At safepoint: 13511 ns, Total: 94275 ns
[2025-06-13T10:46:12.276+0000][72][info ][safepoint   ] Safepoint "Cleanup", Time since last: 48912448699 ns, Reaching safepoint: 90850 ns, Cleanup: 14568 ns, At safepoint: 10362 ns, Total: 115780 ns
[2025-06-13T10:48:22.531+0000][72][info ][safepoint   ] Safepoint "Cleanup", Time since last: 130264584141 ns, Reaching safepoint: 14998 ns, Cleanup: 17947 ns, At safepoint: 21509 ns, Total: 54454 ns
[2025-06-13T10:51:50.675+0000][72][info ][safepoint   ] Safepoint "Cleanup", Time since last: 208158629939 ns, Reaching safepoint: 59627 ns, Cleanup: 15935 ns, At safepoint: 9053 ns, Total: 84615 ns
[2025-06-13T10:52:58.457+0000][72][info ][safepoint   ] Safepoint "Cleanup", Time since last: 67786023814 ns, Reaching safepoint: 9797 ns, Cleanup: 11228 ns, At safepoint: 12576 ns, Total: 33601 ns
[2025-06-13T10:53:23.458+0000][72][info ][safepoint   ] Safepoint "Cleanup", Time since last: 25003663767 ns, Reaching safepoint: 60088 ns, Cleanup: 16817 ns, At safepoint: 14047 ns, Total: 90952 ns
[2025-06-13T10:53:39.791+0000][72][info ][safepoint   ] Safepoint "Cleanup", Time since last: 16335444674 ns, Reaching safepoint: 24297 ns, Cleanup: 14076 ns, At safepoint: 10555 ns, Total: 48928 ns
[2025-06-13T10:54:43.815+0000][72][info ][safepoint   ] Safepoint "Cleanup", Time since last: 64027653881 ns, Reaching safepoint: 25591 ns, Cleanup: 15862 ns, At safepoint: 12152 ns, Total: 53605 ns
[2025-06-13T10:54:56.976+0000][72][info ][gc,start    ] GC(28) Pause Young (Normal) (G1 Evacuation Pause)
[2025-06-13T10:54:56.977+0000][72][info ][gc,task     ] GC(28) Using 10 workers of 10 for evacuation
[2025-06-13T10:54:56.978+0000][72][debug][gc,age      ] GC(28) Desired survivor size 153092096 bytes, new threshold 15 (max threshold 15)
[2025-06-13T10:54:57.027+0000][72][info ][gc,phases   ] GC(28)   Pre Evacuate Collection Set: 4.89ms
[2025-06-13T10:54:57.028+0000][72][info ][gc,phases   ] GC(28)   Merge Heap Roots: 1.08ms
[2025-06-13T10:54:57.028+0000][72][info ][gc,phases   ] GC(28)   Evacuate Collection Set: 34.36ms
[2025-06-13T10:54:57.029+0000][72][info ][gc,phases   ] GC(28)   Post Evacuate Collection Set: 7.31ms
[2025-06-13T10:54:57.029+0000][72][info ][gc,phases   ] GC(28)   Other: 1.68ms
[2025-06-13T10:54:57.030+0000][72][trace][gc,age      ] GC(28) Age table with threshold 15 (max threshold 15)
[2025-06-13T10:54:57.031+0000][72][trace][gc,age      ] GC(28) - age   1:    1282184 bytes,    1282184 total
[2025-06-13T10:54:57.031+0000][72][trace][gc,age      ] GC(28) - age   2:     222840 bytes,    1505024 total
[2025-06-13T10:54:57.032+0000][72][trace][gc,age      ] GC(28) - age   3:     138024 bytes,    1643048 total
[2025-06-13T10:54:57.032+0000][72][trace][gc,age      ] GC(28) - age   4:     120736 bytes,    1763784 total
[2025-06-13T10:54:57.033+0000][72][trace][gc,age      ] GC(28) - age   5:       5744 bytes,    1769528 total
[2025-06-13T10:54:57.033+0000][72][trace][gc,age      ] GC(28) - age   6:     134728 bytes,    1904256 total
[2025-06-13T10:54:57.034+0000][72][trace][gc,age      ] GC(28) - age   7:     166104 bytes,    2070360 total
[2025-06-13T10:54:57.034+0000][72][trace][gc,age      ] GC(28) - age   8:     270584 bytes,    2340944 total
[2025-06-13T10:54:57.035+0000][72][trace][gc,age      ] GC(28) - age   9:      70800 bytes,    2411744 total
[2025-06-13T10:54:57.035+0000][72][trace][gc,age      ] GC(28) - age  10:      56232 bytes,    2467976 total
[2025-06-13T10:54:57.036+0000][72][trace][gc,age      ] GC(28) - age  11:      72648 bytes,    2540624 total
[2025-06-13T10:54:57.036+0000][72][trace][gc,age      ] GC(28) - age  12:      92800 bytes,    2633424 total
[2025-06-13T10:54:57.037+0000][72][trace][gc,age      ] GC(28) - age  13:     105976 bytes,    2739400 total
[2025-06-13T10:54:57.037+0000][72][trace][gc,age      ] GC(28) - age  14:    2150368 bytes,    4889768 total
[2025-06-13T10:54:57.037+0000][72][info ][gc,heap     ] GC(28) Eden regions: 580->0(580)
[2025-06-13T10:54:57.038+0000][72][info ][gc,heap     ] GC(28) Survivor regions: 2->2(73)
[2025-06-13T10:54:57.038+0000][72][info ][gc,heap     ] GC(28) Old regions: 26->26
[2025-06-13T10:54:57.039+0000][72][info ][gc,heap     ] GC(28) Humongous regions: 0->0
[2025-06-13T10:54:57.039+0000][72][info ][gc,metaspace] GC(28) Metaspace: 148792K(152768K)->148792K(152768K) NonClass: 128723K(130816K)->128723K(130816K) Class: 20068K(21952K)->20068K(21952K)
[2025-06-13T10:54:57.040+0000][72][info ][gc          ] GC(28) Pause Young (Normal) (G1 Evacuation Pause) 2427M->107M(3880M) 64.390ms
[2025-06-13T10:54:57.041+0000][72][info ][gc,cpu      ] GC(28) User=0.31s Sys=0.02s Real=0.07s
[2025-06-13T10:54:57.042+0000][72][info ][safepoint   ] Safepoint "G1CollectForAllocation", Time since last: 13160636294 ns, Reaching safepoint: 25585 ns, Cleanup: 6099 ns, At safepoint: 66196597 ns, Total: 66228281 ns
[2025-06-13T10:55:41.508+0000][72][info ][safepoint   ] Safepoint "Cleanup", Time since last: 44470488830 ns, Reaching safepoint: 60440 ns, Cleanup: 17565 ns, At safepoint: 11604 ns, Total: 89609 ns
[2025-06-13T10:55:46.851+0000][72][info ][safepoint   ] Safepoint "Cleanup", Time since last: 5342484072 ns, Reaching safepoint: 51182 ns, Cleanup: 28046 ns, At safepoint: 9933 ns, Total: 89161 ns
[2025-06-13T10:58:52.422+0000][72][info ][safepoint   ] Safepoint "Cleanup", Time since last: 185584725096 ns, Reaching safepoint: 82625 ns, Cleanup: 16095 ns, At safepoint: 42367 ns, Total: 141087 ns
[2025-06-13T10:58:53.998+0000][72][info ][safepoint   ] Safepoint "Cleanup", Time since last: 1576284950 ns, Reaching safepoint: 24602 ns, Cleanup: 17292 ns, At safepoint: 11217 ns, Total: 53111 ns
[2025-06-13T10:59:06.606+0000][72][info ][safepoint   ] Safepoint "Cleanup", Time since last: 12609259395 ns, Reaching safepoint: 60187 ns, Cleanup: 15867 ns, At safepoint: 13753 ns, Total: 89807 ns
[2025-06-13T11:00:06.633+0000][72][info ][safepoint   ] Safepoint "Cleanup", Time since last: 60031762607 ns, Reaching safepoint: 67252 ns, Cleanup: 18834 ns, At safepoint: 14999 ns, Total: 101085 ns
[2025-06-13T11:00:56.636+0000][72][info ][safepoint   ] Safepoint "Cleanup", Time since last: 50006483924 ns, Reaching safepoint: 61033 ns, Cleanup: 15708 ns, At safepoint: 13877 ns, Total: 90618 ns
[2025-06-13T11:01:44.117+0000][72][info ][safepoint   ] Safepoint "Cleanup", Time since last: 47483854016 ns, Reaching safepoint: 59193 ns, Cleanup: 19042 ns, At safepoint: 12403 ns, Total: 90638 ns
[2025-06-13T11:02:50.204+0000][72][info ][safepoint   ] Safepoint "Cleanup", Time since last: 66092080051 ns, Reaching safepoint: 26903 ns, Cleanup: 15026 ns, At safepoint: 8362 ns, Total: 50291 ns
[2025-06-13T11:02:57.636+0000][72][info ][safepoint   ] Safepoint "Cleanup", Time since last: 7432204350 ns, Reaching safepoint: 14414 ns, Cleanup: 11060 ns, At safepoint: 21785 ns, Total: 47259 ns
[2025-06-13T11:02:58.709+0000][72][info ][safepoint   ] Safepoint "Cleanup", Time since last: 1072914449 ns, Reaching safepoint: 8787 ns, Cleanup: 23027 ns, At safepoint: 17294 ns, Total: 49108 ns
[2025-06-13T11:04:23.259+0000][72][info ][safepoint   ] Safepoint "Cleanup", Time since last: 84554940013 ns, Reaching safepoint: 56822 ns, Cleanup: 17622 ns, At safepoint: 13432 ns, Total: 87876 ns
[2025-06-13T11:06:22.321+0000][72][info ][safepoint   ] Safepoint "Cleanup", Time since last: 119071789414 ns, Reaching safepoint: 59440 ns, Cleanup: 16501 ns, At safepoint: 11140 ns, Total: 87081 ns
[2025-06-13T11:09:22.460+0000][72][info ][safepoint   ] Safepoint "Cleanup", Time since last: 180150614984 ns, Reaching safepoint: 18507 ns, Cleanup: 13168 ns, At safepoint: 29863 ns, Total: 61538 ns
[2025-06-13T11:10:30.542+0000][72][info ][safepoint   ] Safepoint "Cleanup", Time since last: 68087370432 ns, Reaching safepoint: 26601 ns, Cleanup: 14645 ns, At safepoint: 10262 ns, Total: 51508 ns
[2025-06-13T11:11:28.557+0000][72][info ][safepoint   ] Safepoint "Cleanup", Time since last: 58019466267 ns, Reaching safepoint: 13645 ns, Cleanup: 49861 ns, At safepoint: 17919 ns, Total: 81425 ns
[2025-06-13T11:12:57.549+0000][72][info ][safepoint   ] Safepoint "Cleanup", Time since last: 88998024217 ns, Reaching safepoint: 22643 ns, Cleanup: 13040 ns, At safepoint: 36253 ns, Total: 71936 ns
[2025-06-13T11:13:34.355+0000][72][info ][safepoint   ] Safepoint "Cleanup", Time since last: 36810128714 ns, Reaching safepoint: 19417 ns, Cleanup: 11805 ns, At safepoint: 21825 ns, Total: 53047 ns
[2025-06-13T11:14:23.000+0000][72][info ][safepoint   ] Safepoint "Cleanup", Time since last: 48647412960 ns, Reaching safepoint: 57818 ns, Cleanup: 15560 ns, At safepoint: 13171 ns, Total: 86549 ns
[2025-06-13T11:14:52.380+0000][72][info ][safepoint   ] Safepoint "Cleanup", Time since last: 29381419484 ns, Reaching safepoint: 6461 ns, Cleanup: 32675 ns, At safepoint: 13709 ns, Total: 52845 ns
[2025-06-13T11:14:53.715+0000][72][info ][safepoint   ] Safepoint "Cleanup", Time since last: 1335613167 ns, Reaching safepoint: 25859 ns, Cleanup: 15277 ns, At safepoint: 10844 ns, Total: 51980 ns
[2025-06-13T11:17:02.076+0000][72][info ][safepoint   ] Safepoint "Cleanup", Time since last: 128370012458 ns, Reaching safepoint: 72959 ns, Cleanup: 19853 ns, At safepoint: 14489 ns, Total: 107301 ns
[2025-06-13T11:18:29.010+0000][72][info ][safepoint   ] Safepoint "Cleanup", Time since last: 86941280817 ns, Reaching safepoint: 55204 ns, Cleanup: 15033 ns, At safepoint: 10843 ns, Total: 81080 ns
[2025-06-13T11:20:55.938+0000][72][info ][safepoint   ] Safepoint "Cleanup", Time since last: 146941229274 ns, Reaching safepoint: 13842 ns, Cleanup: 11086 ns, At safepoint: 18593 ns, Total: 43521 ns
[2025-06-13T11:23:01.326+0000][72][info ][safepoint   ] Safepoint "Cleanup", Time since last: 125396537419 ns, Reaching safepoint: 14170 ns, Cleanup: 9562 ns, At safepoint: 15102 ns, Total: 38834 ns
[2025-06-13T11:23:06.059+0000][72][info ][safepoint   ] Safepoint "Cleanup", Time since last: 4736480089 ns, Reaching safepoint: 34208 ns, Cleanup: 20946 ns, At safepoint: 20751 ns, Total: 75905 ns
[2025-06-13T11:28:02.236+0000][72][info ][safepoint   ] Safepoint "Cleanup", Time since last: 296197490102 ns, Reaching safepoint: 34264 ns, Cleanup: 10790 ns, At safepoint: 4376 ns, Total: 49430 ns
[2025-06-13T11:28:08.277+0000][72][info ][safepoint   ] Safepoint "Cleanup", Time since last: 6042321888 ns, Reaching safepoint: 24759 ns, Cleanup: 15124 ns, At safepoint: 11346 ns, Total: 51229 ns
[2025-06-13T11:28:47.315+0000][72][info ][safepoint   ] Safepoint "Cleanup", Time since last: 39041438939 ns, Reaching safepoint: 156121 ns, Cleanup: 12255 ns, At safepoint: 54511 ns, Total: 222887 ns
[2025-06-13T11:28:48.346+0000][72][info ][safepoint   ] Safepoint "Cleanup", Time since last: 1031103411 ns, Reaching safepoint: 15982 ns, Cleanup: 13107 ns, At safepoint: 21062 ns, Total: 50151 ns
[2025-06-13T11:28:53.305+0000][72][info ][safepoint   ] Safepoint "Cleanup", Time since last: 4958403276 ns, Reaching safepoint: 105543 ns, Cleanup: 15933 ns, At safepoint: 71209 ns, Total: 192685 ns
[2025-06-13T11:29:20.408+0000][72][info ][safepoint   ] Safepoint "Cleanup", Time since last: 27104446302 ns, Reaching safepoint: 12065 ns, Cleanup: 12014 ns, At safepoint: 17733 ns, Total: 41812 ns
[2025-06-13T11:29:55.330+0000][72][info ][safepoint   ] Safepoint "Cleanup", Time since last: 34924707329 ns, Reaching safepoint: 9338 ns, Cleanup: 9416 ns, At safepoint: 4893 ns, Total: 23647 ns
[2025-06-13T11:33:04.622+0000][72][info ][safepoint   ] Safepoint "Cleanup", Time since last: 189308410198 ns, Reaching safepoint: 15825 ns, Cleanup: 13814 ns, At safepoint: 4820 ns, Total: 34459 ns
[2025-06-13T11:33:07.683+0000][72][info ][safepoint   ] Safepoint "Cleanup", Time since last: 3061091049 ns, Reaching safepoint: 25293 ns, Cleanup: 15545 ns, At safepoint: 11482 ns, Total: 52320 ns
[2025-06-13T11:33:27.509+0000][72][info ][safepoint   ] Safepoint "Cleanup", Time since last: 19825781290 ns, Reaching safepoint: 13771 ns, Cleanup: 10135 ns, At safepoint: 19187 ns, Total: 43093 ns
[2025-06-13T11:33:31.750+0000][72][info ][safepoint   ] Safepoint "Cleanup", Time since last: 4240728769 ns, Reaching safepoint: 13357 ns, Cleanup: 10179 ns, At safepoint: 17769 ns, Total: 41305 ns
[2025-06-13T11:34:08.506+0000][72][info ][safepoint   ] Safepoint "Cleanup", Time since last: 36760503616 ns, Reaching safepoint: 24269 ns, Cleanup: 16094 ns, At safepoint: 14779 ns, Total: 55142 ns
[2025-06-13T11:34:20.508+0000][72][info ][safepoint   ] Safepoint "Cleanup", Time since last: 12002036950 ns, Reaching safepoint: 23993 ns, Cleanup: 15822 ns, At safepoint: 11964 ns, Total: 51779 ns
[2025-06-13T11:34:34.741+0000][72][info ][safepoint   ] Safepoint "Cleanup", Time since last: 14235319662 ns, Reaching safepoint: 12864 ns, Cleanup: 11295 ns, At safepoint: 17237 ns, Total: 41396 ns
[2025-06-13T11:38:07.871+0000][72][info ][safepoint   ] Safepoint "Cleanup", Time since last: 213146730525 ns, Reaching safepoint: 19572 ns, Cleanup: 12038 ns, At safepoint: 19133 ns, Total: 50743 ns
[2025-06-13T11:38:27.518+0000][72][info ][safepoint   ] Safepoint "Cleanup", Time since last: 19646512957 ns, Reaching safepoint: 14477 ns, Cleanup: 11728 ns, At safepoint: 20240 ns, Total: 46445 ns
[2025-06-13T11:38:30.520+0000][72][info ][safepoint   ] Safepoint "Cleanup", Time since last: 3001765633 ns, Reaching safepoint: 56923 ns, Cleanup: 17038 ns, At safepoint: 15616 ns, Total: 89577 ns
[2025-06-13T11:38:46.952+0000][72][info ][safepoint   ] Safepoint "Cleanup", Time since last: 16433435748 ns, Reaching safepoint: 439126 ns, Cleanup: 11219 ns, At safepoint: 84309 ns, Total: 534654 ns
[2025-06-13T11:40:52.345+0000][72][info ][safepoint   ] Safepoint "Cleanup", Time since last: 125403132172 ns, Reaching safepoint: 118195 ns, Cleanup: 11873 ns, At safepoint: 89752 ns, Total: 219820 ns
[2025-06-13T11:43:05.756+0000][72][info ][safepoint   ] Safepoint "Cleanup", Time since last: 133422074726 ns, Reaching safepoint: 27036 ns, Cleanup: 16675 ns, At safepoint: 11484 ns, Total: 55195 ns
[2025-06-13T11:43:20.146+0000][72][info ][safepoint   ] Safepoint "Cleanup", Time since last: 14390471245 ns, Reaching safepoint: 24992 ns, Cleanup: 16782 ns, At safepoint: 10738 ns, Total: 52512 ns
[2025-06-13T11:43:58.645+0000][72][info ][safepoint   ] Safepoint "Cleanup", Time since last: 38502006948 ns, Reaching safepoint: 14274 ns, Cleanup: 15529 ns, At safepoint: 4988 ns, Total: 34791 ns
[2025-06-13T11:44:02.180+0000][72][info ][safepoint   ] Safepoint "Cleanup", Time since last: 3535071539 ns, Reaching safepoint: 14966 ns, Cleanup: 12201 ns, At safepoint: 38443 ns, Total: 65610 ns
[2025-06-13T11:44:59.204+0000][72][info ][safepoint   ] Safepoint "Cleanup", Time since last: 57027406449 ns, Reaching safepoint: 70474 ns, Cleanup: 10721 ns, At safepoint: 16925 ns, Total: 98120 ns
[2025-06-13T11:45:04.351+0000][72][info ][gc,start    ] GC(29) Pause Young (Normal) (G1 Evacuation Pause)
[2025-06-13T11:45:04.352+0000][72][info ][gc,task     ] GC(29) Using 10 workers of 10 for evacuation
[2025-06-13T11:45:04.353+0000][72][debug][gc,age      ] GC(29) Desired survivor size 153092096 bytes, new threshold 15 (max threshold 15)
[2025-06-13T11:45:04.400+0000][72][info ][gc,phases   ] GC(29)   Pre Evacuate Collection Set: 4.27ms
[2025-06-13T11:45:04.403+0000][72][info ][gc,phases   ] GC(29)   Merge Heap Roots: 1.56ms
[2025-06-13T11:45:04.404+0000][72][info ][gc,phases   ] GC(29)   Evacuate Collection Set: 33.55ms
[2025-06-13T11:45:04.404+0000][72][info ][gc,phases   ] GC(29)   Post Evacuate Collection Set: 6.88ms
[2025-06-13T11:45:04.404+0000][72][info ][gc,phases   ] GC(29)   Other: 1.86ms
[2025-06-13T11:45:04.405+0000][72][trace][gc,age      ] GC(29) Age table with threshold 15 (max threshold 15)
[2025-06-13T11:45:04.406+0000][72][trace][gc,age      ] GC(29) - age   1:    1736104 bytes,    1736104 total
[2025-06-13T11:45:04.406+0000][72][trace][gc,age      ] GC(29) - age   2:     188184 bytes,    1924288 total
[2025-06-13T11:45:04.406+0000][72][trace][gc,age      ] GC(29) - age   3:     155208 bytes,    2079496 total
[2025-06-13T11:45:04.407+0000][72][trace][gc,age      ] GC(29) - age   4:     136864 bytes,    2216360 total
[2025-06-13T11:45:04.408+0000][72][trace][gc,age      ] GC(29) - age   5:     120640 bytes,    2337000 total
[2025-06-13T11:45:04.408+0000][72][trace][gc,age      ] GC(29) - age   6:       5744 bytes,    2342744 total
[2025-06-13T11:45:04.408+0000][72][trace][gc,age      ] GC(29) - age   7:     134632 bytes,    2477376 total
[2025-06-13T11:45:04.408+0000][72][trace][gc,age      ] GC(29) - age   8:     153416 bytes,    2630792 total
[2025-06-13T11:45:04.409+0000][72][trace][gc,age      ] GC(29) - age   9:     180352 bytes,    2811144 total
[2025-06-13T11:45:04.410+0000][72][trace][gc,age      ] GC(29) - age  10:      70800 bytes,    2881944 total
[2025-06-13T11:45:04.410+0000][72][trace][gc,age      ] GC(29) - age  11:      56232 bytes,    2938176 total
[2025-06-13T11:45:04.411+0000][72][trace][gc,age      ] GC(29) - age  12:      72648 bytes,    3010824 total
[2025-06-13T11:45:04.411+0000][72][trace][gc,age      ] GC(29) - age  13:      92744 bytes,    3103568 total
[2025-06-13T11:45:04.411+0000][72][trace][gc,age      ] GC(29) - age  14:     105880 bytes,    3209448 total
[2025-06-13T11:45:04.413+0000][72][trace][gc,age      ] GC(29) - age  15:    2150368 bytes,    5359816 total
[2025-06-13T11:45:04.413+0000][72][info ][gc,heap     ] GC(29) Eden regions: 580->0(580)
[2025-06-13T11:45:04.413+0000][72][info ][gc,heap     ] GC(29) Survivor regions: 2->2(73)
[2025-06-13T11:45:04.414+0000][72][info ][gc,heap     ] GC(29) Old regions: 26->26
[2025-06-13T11:45:04.414+0000][72][info ][gc,heap     ] GC(29) Humongous regions: 0->0
[2025-06-13T11:45:04.414+0000][72][info ][gc,metaspace] GC(29) Metaspace: 148892K(152896K)->148892K(152896K) NonClass: 128821K(130944K)->128821K(130944K) Class: 20070K(21952K)->20070K(21952K)
[2025-06-13T11:45:04.415+0000][72][info ][gc          ] GC(29) Pause Young (Normal) (G1 Evacuation Pause) 2427M->108M(3880M) 64.573ms
[2025-06-13T11:45:04.415+0000][72][info ][gc,cpu      ] GC(29) User=0.29s Sys=0.03s Real=0.06s
[2025-06-13T11:45:04.417+0000][72][info ][safepoint   ] Safepoint "G1CollectForAllocation", Time since last: 5148070970 ns, Reaching safepoint: 26874 ns, Cleanup: 6929 ns, At safepoint: 67483960 ns, Total: 67517763 ns
[2025-06-13T11:47:11.327+0000][72][info ][safepoint   ] Safepoint "Cleanup", Time since last: 126919354510 ns, Reaching safepoint: 13728 ns, Cleanup: 11880 ns, At safepoint: 22282 ns, Total: 47890 ns
[2025-06-13T11:47:55.364+0000][72][info ][safepoint   ] Safepoint "Cleanup", Time since last: 44038261284 ns, Reaching safepoint: 58698 ns, Cleanup: 16529 ns, At safepoint: 11682 ns, Total: 86909 ns
[2025-06-13T11:47:56.366+0000][72][info ][safepoint   ] Safepoint "Cleanup", Time since last: 1002082493 ns, Reaching safepoint: 22701 ns, Cleanup: 15660 ns, At safepoint: 11842 ns, Total: 50203 ns
[2025-06-13T11:48:13.330+0000][72][info ][safepoint   ] Safepoint "Cleanup", Time since last: 16966043111 ns, Reaching safepoint: 57314 ns, Cleanup: 25228 ns, At safepoint: 48665 ns, Total: 131207 ns
[2025-06-13T11:48:14.385+0000][72][info ][safepoint   ] Safepoint "Cleanup", Time since last: 1055152153 ns, Reaching safepoint: 12265 ns, Cleanup: 18100 ns, At safepoint: 37928 ns, Total: 68293 ns
[2025-06-13T11:49:21.529+0000][72][info ][safepoint   ] Safepoint "Cleanup", Time since last: 67149066718 ns, Reaching safepoint: 34164 ns, Cleanup: 124662 ns, At safepoint: 37056 ns, Total: 195882 ns
[2025-06-13T11:49:22.530+0000][72][info ][safepoint   ] Safepoint "Cleanup", Time since last: 1000755342 ns, Reaching safepoint: 31261 ns, Cleanup: 23732 ns, At safepoint: 18645 ns, Total: 73638 ns
[2025-06-13T11:51:22.589+0000][72][info ][safepoint   ] Safepoint "Cleanup", Time since last: 120068186022 ns, Reaching safepoint: 14841 ns, Cleanup: 12751 ns, At safepoint: 19078 ns, Total: 46670 ns
[2025-06-13T11:52:25.632+0000][72][info ][safepoint   ] Safepoint "Cleanup", Time since last: 63047706898 ns, Reaching safepoint: 28707 ns, Cleanup: 15348 ns, At safepoint: 74626 ns, Total: 118681 ns
[2025-06-13T11:53:27.482+0000][72][info ][safepoint   ] Safepoint "Cleanup", Time since last: 61854538636 ns, Reaching safepoint: 5899 ns, Cleanup: 7374 ns, At safepoint: 13237 ns, Total: 26510 ns
[2025-06-13T11:54:31.769+0000][72][info ][safepoint   ] Safepoint "Cleanup", Time since last: 64291201094 ns, Reaching safepoint: 14851 ns, Cleanup: 21613 ns, At safepoint: 97181 ns, Total: 133645 ns
[2025-06-13T11:58:05.259+0000][72][info ][safepoint   ] Safepoint "Cleanup", Time since last: 213508229905 ns, Reaching safepoint: 46038 ns, Cleanup: 64068 ns, At safepoint: 31110 ns, Total: 141216 ns
[2025-06-13T12:00:01.327+0000][72][info ][safepoint   ] Safepoint "Cleanup", Time since last: 116071503369 ns, Reaching safepoint: 3248868 ns, Cleanup: 62982 ns, At safepoint: 101016 ns, Total: 3412866 ns
[2025-06-13T12:00:23.081+0000][72][info ][safepoint   ] Safepoint "Cleanup", Time since last: 21756253232 ns, Reaching safepoint: 26604 ns, Cleanup: 17581 ns, At safepoint: 10849 ns, Total: 55034 ns
[2025-06-13T12:03:23.202+0000][72][info ][safepoint   ] Safepoint "Cleanup", Time since last: 180133896509 ns, Reaching safepoint: 28824 ns, Cleanup: 17573 ns, At safepoint: 82931 ns, Total: 129328 ns
[2025-06-13T12:08:22.439+0000][72][info ][safepoint   ] Safepoint "Cleanup", Time since last: 299259381735 ns, Reaching safepoint: 55049 ns, Cleanup: 17883 ns, At safepoint: 11485 ns, Total: 84417 ns
[2025-06-13T12:08:57.496+0000][72][info ][safepoint   ] Safepoint "Cleanup", Time since last: 35060028949 ns, Reaching safepoint: 64453 ns, Cleanup: 15801 ns, At safepoint: 12264 ns, Total: 92518 ns
[2025-06-13T12:14:28.744+0000][72][info ][safepoint   ] Safepoint "Cleanup", Time since last: 331272230384 ns, Reaching safepoint: 14465 ns, Cleanup: 11851 ns, At safepoint: 19625 ns, Total: 45941 ns
[2025-06-13T12:15:04.284+0000][72][info ][safepoint   ] Safepoint "Cleanup", Time since last: 35544277211 ns, Reaching safepoint: 10828 ns, Cleanup: 10578 ns, At safepoint: 16159 ns, Total: 37565 ns
[2025-06-13T12:18:05.773+0000][72][info ][safepoint   ] Safepoint "Cleanup", Time since last: 181502315275 ns, Reaching safepoint: 25058 ns, Cleanup: 14388 ns, At safepoint: 11320 ns, Total: 50766 ns
[2025-06-13T12:23:07.898+0000][72][info ][safepoint   ] Safepoint "Cleanup", Time since last: 302146948204 ns, Reaching safepoint: 25042 ns, Cleanup: 15836 ns, At safepoint: 11482 ns, Total: 52360 ns
[2025-06-13T12:28:49.283+0000][72][info ][safepoint   ] Safepoint "Cleanup", Time since last: 341408366345 ns, Reaching safepoint: 124490 ns, Cleanup: 11998 ns, At safepoint: 53208 ns, Total: 189696 ns
[2025-06-13T12:28:57.517+0000][72][info ][safepoint   ] Safepoint "Cleanup", Time since last: 8234112621 ns, Reaching safepoint: 12127 ns, Cleanup: 10886 ns, At safepoint: 20375 ns, Total: 43388 ns
[2025-06-13T12:29:10.427+0000][72][info ][safepoint   ] Safepoint "Cleanup", Time since last: 12911790272 ns, Reaching safepoint: 17564 ns, Cleanup: 12430 ns, At safepoint: 22337 ns, Total: 52331 ns
[2025-06-13T12:30:07.250+0000][72][info ][safepoint   ] Safepoint "Cleanup", Time since last: 56827550961 ns, Reaching safepoint: 14556 ns, Cleanup: 12272 ns, At safepoint: 19397 ns, Total: 46225 ns
[2025-06-13T12:30:08.766+0000][72][info ][safepoint   ] Safepoint "Cleanup", Time since last: 1516414395 ns, Reaching safepoint: 18197 ns, Cleanup: 12728 ns, At safepoint: 8320 ns, Total: 39245 ns
[2025-06-13T12:30:13.265+0000][72][info ][safepoint   ] Safepoint "Cleanup", Time since last: 4499054607 ns, Reaching safepoint: 14176 ns, Cleanup: 10070 ns, At safepoint: 22113 ns, Total: 46359 ns
[2025-06-13T12:31:41.857+0000][72][info ][safepoint   ] Safepoint "Cleanup", Time since last: 88597985969 ns, Reaching safepoint: 192938 ns, Cleanup: 17577 ns, At safepoint: 12583 ns, Total: 223098 ns
[2025-06-13T12:35:14.795+0000][72][info ][gc,start    ] GC(30) Pause Young (Normal) (G1 Evacuation Pause)
[2025-06-13T12:35:14.798+0000][72][info ][gc,task     ] GC(30) Using 10 workers of 10 for evacuation
[2025-06-13T12:35:14.799+0000][72][debug][gc,age      ] GC(30) Desired survivor size 153092096 bytes, new threshold 15 (max threshold 15)
[2025-06-13T12:35:14.907+0000][72][info ][gc,phases   ] GC(30)   Pre Evacuate Collection Set: 6.03ms
[2025-06-13T12:35:14.907+0000][72][info ][gc,phases   ] GC(30)   Merge Heap Roots: 1.85ms
[2025-06-13T12:35:14.908+0000][72][info ][gc,phases   ] GC(30)   Evacuate Collection Set: 87.83ms
[2025-06-13T12:35:14.908+0000][72][info ][gc,phases   ] GC(30)   Post Evacuate Collection Set: 10.31ms
[2025-06-13T12:35:14.908+0000][72][info ][gc,phases   ] GC(30)   Other: 5.18ms
[2025-06-13T12:35:14.909+0000][72][trace][gc,age      ] GC(30) Age table with threshold 15 (max threshold 15)
[2025-06-13T12:35:14.909+0000][72][trace][gc,age      ] GC(30) - age   1:    1176608 bytes,    1176608 total
[2025-06-13T12:35:14.909+0000][72][trace][gc,age      ] GC(30) - age   2:     296488 bytes,    1473096 total
[2025-06-13T12:35:14.910+0000][72][trace][gc,age      ] GC(30) - age   3:     136992 bytes,    1610088 total
[2025-06-13T12:35:14.910+0000][72][trace][gc,age      ] GC(30) - age   4:     154312 bytes,    1764400 total
[2025-06-13T12:35:14.910+0000][72][trace][gc,age      ] GC(30) - age   5:     120408 bytes,    1884808 total
[2025-06-13T12:35:14.910+0000][72][trace][gc,age      ] GC(30) - age   6:     120376 bytes,    2005184 total
[2025-06-13T12:35:14.911+0000][72][trace][gc,age      ] GC(30) - age   7:       5744 bytes,    2010928 total
[2025-06-13T12:35:14.911+0000][72][trace][gc,age      ] GC(30) - age   8:     134416 bytes,    2145344 total
[2025-06-13T12:35:14.911+0000][72][trace][gc,age      ] GC(30) - age   9:     153104 bytes,    2298448 total
[2025-06-13T12:35:14.912+0000][72][trace][gc,age      ] GC(30) - age  10:     180352 bytes,    2478800 total
[2025-06-13T12:35:14.912+0000][72][trace][gc,age      ] GC(30) - age  11:      70768 bytes,    2549568 total
[2025-06-13T12:35:14.912+0000][72][trace][gc,age      ] GC(30) - age  12:      56232 bytes,    2605800 total
[2025-06-13T12:35:14.912+0000][72][trace][gc,age      ] GC(30) - age  13:      72648 bytes,    2678448 total
[2025-06-13T12:35:14.913+0000][72][trace][gc,age      ] GC(30) - age  14:      92744 bytes,    2771192 total
[2025-06-13T12:35:14.913+0000][72][trace][gc,age      ] GC(30) - age  15:     105880 bytes,    2877072 total
[2025-06-13T12:35:14.913+0000][72][info ][gc,heap     ] GC(30) Eden regions: 580->0(581)
[2025-06-13T12:35:14.914+0000][72][info ][gc,heap     ] GC(30) Survivor regions: 2->1(73)
[2025-06-13T12:35:14.914+0000][72][info ][gc,heap     ] GC(30) Old regions: 26->27
[2025-06-13T12:35:14.914+0000][72][info ][gc,heap     ] GC(30) Humongous regions: 0->0
[2025-06-13T12:35:14.915+0000][72][info ][gc,metaspace] GC(30) Metaspace: 148967K(152960K)->148967K(152960K) NonClass: 128897K(131008K)->128897K(131008K) Class: 20070K(21952K)->20070K(21952K)
[2025-06-13T12:35:14.915+0000][72][info ][gc          ] GC(30) Pause Young (Normal) (G1 Evacuation Pause) 2428M->108M(3880M) 120.632ms
[2025-06-13T12:35:14.916+0000][72][info ][gc,cpu      ] GC(30) User=0.54s Sys=0.11s Real=0.12s
[2025-06-13T12:35:14.916+0000][72][info ][safepoint   ] Safepoint "G1CollectForAllocation", Time since last: 212949974089 ns, Reaching safepoint: 54612 ns, Cleanup: 6061 ns, At safepoint: 124591980 ns, Total: 124652653 ns
[2025-06-13T12:35:29.057+0000][72][info ][safepoint   ] Safepoint "Cleanup", Time since last: 14141413254 ns, Reaching safepoint: 23776 ns, Cleanup: 14869 ns, At safepoint: 6238 ns, Total: 44883 ns
[2025-06-13T12:38:08.308+0000][72][info ][safepoint   ] Safepoint "Cleanup", Time since last: 159264096445 ns, Reaching safepoint: 26350 ns, Cleanup: 19523 ns, At safepoint: 10687 ns, Total: 56560 ns
[2025-06-13T12:44:02.376+0000][72][info ][safepoint   ] Safepoint "Cleanup", Time since last: 354092030555 ns, Reaching safepoint: 12447 ns, Cleanup: 9594 ns, At safepoint: 14067 ns, Total: 36108 ns
[2025-06-13T12:44:06.378+0000][72][info ][safepoint   ] Safepoint "Cleanup", Time since last: 4003503147 ns, Reaching safepoint: 24073 ns, Cleanup: 16021 ns, At safepoint: 10565 ns, Total: 50659 ns
[2025-06-13T12:45:22.532+0000][72][info ][safepoint   ] Safepoint "Cleanup", Time since last: 76158346996 ns, Reaching safepoint: 64731 ns, Cleanup: 17680 ns, At safepoint: 10582 ns, Total: 92993 ns
[2025-06-13T12:45:58.550+0000][72][info ][safepoint   ] Safepoint "Cleanup", Time since last: 36020014128 ns, Reaching safepoint: 12820 ns, Cleanup: 11694 ns, At safepoint: 18553 ns, Total: 43067 ns
[2025-06-13T12:47:01.246+0000][72][info ][safepoint   ] Safepoint "Cleanup", Time since last: 62700329899 ns, Reaching safepoint: 6627 ns, Cleanup: 9069 ns, At safepoint: 2879 ns, Total: 18575 ns
[2025-06-13T12:53:52.779+0000][72][info ][safepoint   ] Safepoint "Cleanup", Time since last: 411564304337 ns, Reaching safepoint: 22501 ns, Cleanup: 9678 ns, At safepoint: 13667 ns, Total: 45846 ns
[2025-06-13T12:53:53.786+0000][72][info ][safepoint   ] Safepoint "Cleanup", Time since last: 1006362811 ns, Reaching safepoint: 25503 ns, Cleanup: 14523 ns, At safepoint: 11414 ns, Total: 51440 ns
[2025-06-13T12:58:07.936+0000][72][info ][safepoint   ] Safepoint "Cleanup", Time since last: 254169538482 ns, Reaching safepoint: 24352 ns, Cleanup: 17776 ns, At safepoint: 57337 ns, Total: 99465 ns
[2025-06-13T12:58:55.925+0000][72][info ][safepoint   ] Safepoint "Cleanup", Time since last: 47991798034 ns, Reaching safepoint: 22213 ns, Cleanup: 9680 ns, At safepoint: 13025 ns, Total: 44918 ns
[2025-06-13T13:01:44.030+0000][72][info ][safepoint   ] Safepoint "Cleanup", Time since last: 168118424918 ns, Reaching safepoint: 6210 ns, Cleanup: 9672 ns, At safepoint: 2902 ns, Total: 18784 ns
[2025-06-13T13:02:46.198+0000][72][info ][safepoint   ] Safepoint "Cleanup", Time since last: 62171455154 ns, Reaching safepoint: 428589 ns, Cleanup: 10955 ns, At safepoint: 56899 ns, Total: 496443 ns
[2025-06-13T13:03:05.073+0000][72][info ][safepoint   ] Safepoint "Cleanup", Time since last: 18876974633 ns, Reaching safepoint: 26658 ns, Cleanup: 15854 ns, At safepoint: 13630 ns, Total: 56142 ns
[2025-06-13T13:03:49.208+0000][72][info ][safepoint   ] Safepoint "Cleanup", Time since last: 44137069761 ns, Reaching safepoint: 119638 ns, Cleanup: 12982 ns, At safepoint: 62897 ns, Total: 195517 ns
[2025-06-13T13:03:51.106+0000][72][info ][safepoint   ] Safepoint "Cleanup", Time since last: 1897939414 ns, Reaching safepoint: 24229 ns, Cleanup: 16312 ns, At safepoint: 10860 ns, Total: 51401 ns
[2025-06-13T13:03:58.233+0000][72][info ][safepoint   ] Safepoint "Cleanup", Time since last: 7127329563 ns, Reaching safepoint: 15123 ns, Cleanup: 12222 ns, At safepoint: 19162 ns, Total: 46507 ns
[2025-06-13T13:04:52.224+0000][72][info ][safepoint   ] Safepoint "Cleanup", Time since last: 53994843187 ns, Reaching safepoint: 185154 ns, Cleanup: 10975 ns, At safepoint: 45939 ns, Total: 242068 ns
[2025-06-13T13:04:54.184+0000][72][info ][safepoint   ] Safepoint "Cleanup", Time since last: 1959472436 ns, Reaching safepoint: 11865 ns, Cleanup: 11451 ns, At safepoint: 18011 ns, Total: 41327 ns
[2025-06-13T13:12:22.486+0000][72][info ][safepoint   ] Safepoint "Cleanup", Time since last: 448335231513 ns, Reaching safepoint: 34736 ns, Cleanup: 15458 ns, At safepoint: 10979 ns, Total: 61173 ns
[2025-06-13T13:18:22.462+0000][72][info ][safepoint   ] Safepoint "Cleanup", Time since last: 360000960835 ns, Reaching safepoint: 62719 ns, Cleanup: 18159 ns, At safepoint: 13993 ns, Total: 94871 ns
[2025-06-13T13:18:31.747+0000][72][info ][safepoint   ] Safepoint "Cleanup", Time since last: 9285482136 ns, Reaching safepoint: 37275 ns, Cleanup: 11551 ns, At safepoint: 20178 ns, Total: 69004 ns
[2025-06-13T13:21:40.886+0000][72][info ][safepoint   ] Safepoint "Cleanup", Time since last: 189154219635 ns, Reaching safepoint: 13856 ns, Cleanup: 11038 ns, At safepoint: 4586 ns, Total: 29480 ns
[2025-06-13T13:24:04.625+0000][72][info ][safepoint   ] Safepoint "Cleanup", Time since last: 143753507113 ns, Reaching safepoint: 24039 ns, Cleanup: 14947 ns, At safepoint: 10817 ns, Total: 49803 ns
[2025-06-13T13:26:11.174+0000][72][info ][gc,start    ] GC(31) Pause Young (Normal) (G1 Evacuation Pause)
[2025-06-13T13:26:11.175+0000][72][info ][gc,task     ] GC(31) Using 10 workers of 10 for evacuation
[2025-06-13T13:26:11.175+0000][72][debug][gc,age      ] GC(31) Desired survivor size 153092096 bytes, new threshold 15 (max threshold 15)
[2025-06-13T13:26:11.233+0000][72][info ][gc,phases   ] GC(31)   Pre Evacuate Collection Set: 4.01ms
[2025-06-13T13:26:11.233+0000][72][info ][gc,phases   ] GC(31)   Merge Heap Roots: 1.80ms
[2025-06-13T13:26:11.233+0000][72][info ][gc,phases   ] GC(31)   Evacuate Collection Set: 42.38ms
[2025-06-13T13:26:11.234+0000][72][info ][gc,phases   ] GC(31)   Post Evacuate Collection Set: 7.64ms
[2025-06-13T13:26:11.234+0000][72][info ][gc,phases   ] GC(31)   Other: 1.92ms
[2025-06-13T13:26:11.234+0000][72][trace][gc,age      ] GC(31) Age table with threshold 15 (max threshold 15)
[2025-06-13T13:26:11.235+0000][72][trace][gc,age      ] GC(31) - age   1:    1146600 bytes,    1146600 total
[2025-06-13T13:26:11.235+0000][72][trace][gc,age      ] GC(31) - age   2:     351936 bytes,    1498536 total
[2025-06-13T13:26:11.235+0000][72][trace][gc,age      ] GC(31) - age   3:     229640 bytes,    1728176 total
[2025-06-13T13:26:11.236+0000][72][trace][gc,age      ] GC(31) - age   4:     136688 bytes,    1864864 total
[2025-06-13T13:26:11.236+0000][72][trace][gc,age      ] GC(31) - age   5:     138000 bytes,    2002864 total
[2025-06-13T13:26:11.236+0000][72][trace][gc,age      ] GC(31) - age   6:     120408 bytes,    2123272 total
[2025-06-13T13:26:11.237+0000][72][trace][gc,age      ] GC(31) - age   7:     120376 bytes,    2243648 total
[2025-06-13T13:26:11.237+0000][72][trace][gc,age      ] GC(31) - age   8:       5744 bytes,    2249392 total
[2025-06-13T13:26:11.237+0000][72][trace][gc,age      ] GC(31) - age   9:     134416 bytes,    2383808 total
[2025-06-13T13:26:11.237+0000][72][trace][gc,age      ] GC(31) - age  10:     153048 bytes,    2536856 total
[2025-06-13T13:26:11.238+0000][72][trace][gc,age      ] GC(31) - age  11:     180352 bytes,    2717208 total
[2025-06-13T13:26:11.238+0000][72][trace][gc,age      ] GC(31) - age  12:      70768 bytes,    2787976 total
[2025-06-13T13:26:11.238+0000][72][trace][gc,age      ] GC(31) - age  13:      56232 bytes,    2844208 total
[2025-06-13T13:26:11.238+0000][72][trace][gc,age      ] GC(31) - age  14:      72552 bytes,    2916760 total
[2025-06-13T13:26:11.239+0000][72][trace][gc,age      ] GC(31) - age  15:      92744 bytes,    3009504 total
[2025-06-13T13:26:11.239+0000][72][info ][gc,heap     ] GC(31) Eden regions: 581->0(581)
[2025-06-13T13:26:11.239+0000][72][info ][gc,heap     ] GC(31) Survivor regions: 1->1(73)
[2025-06-13T13:26:11.239+0000][72][info ][gc,heap     ] GC(31) Old regions: 27->27
[2025-06-13T13:26:11.240+0000][72][info ][gc,heap     ] GC(31) Humongous regions: 0->0
[2025-06-13T13:26:11.240+0000][72][info ][gc,metaspace] GC(31) Metaspace: 148979K(152960K)->148979K(152960K) NonClass: 128909K(131008K)->128909K(131008K) Class: 20070K(21952K)->20070K(21952K)
[2025-06-13T13:26:11.241+0000][72][info ][gc          ] GC(31) Pause Young (Normal) (G1 Evacuation Pause) 2432M->108M(3880M) 67.290ms
[2025-06-13T13:26:11.242+0000][72][info ][gc,cpu      ] GC(31) User=0.25s Sys=0.08s Real=0.07s
[2025-06-13T13:26:11.242+0000][72][info ][safepoint   ] Safepoint "G1CollectForAllocation", Time since last: 126559925812 ns, Reaching safepoint: 17390 ns, Cleanup: 5118 ns, At safepoint: 68565555 ns, Total: 68588063 ns
[2025-06-13T13:28:53.200+0000][72][info ][safepoint   ] Safepoint "Cleanup", Time since last: 161971724461 ns, Reaching safepoint: 18263 ns, Cleanup: 13874 ns, At safepoint: 77853 ns, Total: 109990 ns
[2025-06-13T13:34:16.160+0000][72][info ][safepoint   ] Safepoint "Cleanup", Time since last: 322988850620 ns, Reaching safepoint: 166361 ns, Cleanup: 17937 ns, At safepoint: 76856 ns, Total: 261154 ns
[2025-06-13T13:36:22.152+0000][72][info ][safepoint   ] Safepoint "Cleanup", Time since last: 126002223707 ns, Reaching safepoint: 14036 ns, Cleanup: 11616 ns, At safepoint: 19714 ns, Total: 45366 ns
[2025-06-13T13:39:31.671+0000][72][info ][safepoint   ] Safepoint "Cleanup", Time since last: 189534426959 ns, Reaching safepoint: 12455 ns, Cleanup: 13115 ns, At safepoint: 17545 ns, Total: 43115 ns
[2025-06-13T13:40:22.053+0000][72][info ][safepoint   ] Safepoint "Cleanup", Time since last: 50386457147 ns, Reaching safepoint: 109355 ns, Cleanup: 42067 ns, At safepoint: 19677 ns, Total: 171099 ns
[2025-06-13T13:40:34.229+0000][72][info ][safepoint   ] Safepoint "Cleanup", Time since last: 12179444802 ns, Reaching safepoint: 141663 ns, Cleanup: 13525 ns, At safepoint: 49397 ns, Total: 204585 ns
[2025-06-13T13:41:37.159+0000][72][info ][safepoint   ] Safepoint "Cleanup", Time since last: 62935163535 ns, Reaching safepoint: 25496 ns, Cleanup: 17148 ns, At safepoint: 67900 ns, Total: 110544 ns
[2025-06-13T13:43:05.150+0000][72][info ][safepoint   ] Safepoint "Cleanup", Time since last: 87998013466 ns, Reaching safepoint: 30759 ns, Cleanup: 18734 ns, At safepoint: 19009 ns, Total: 68502 ns
[2025-06-13T13:44:23.878+0000][72][info ][safepoint   ] Safepoint "Cleanup", Time since last: 78733013344 ns, Reaching safepoint: 58774 ns, Cleanup: 17677 ns, At safepoint: 10463 ns, Total: 86914 ns
[2025-06-13T13:44:46.164+0000][72][info ][safepoint   ] Safepoint "Cleanup", Time since last: 22288723567 ns, Reaching safepoint: 31184 ns, Cleanup: 14528 ns, At safepoint: 38909 ns, Total: 84621 ns
[2025-06-13T13:44:47.938+0000][72][info ][safepoint   ] Safepoint "Cleanup", Time since last: 1773674967 ns, Reaching safepoint: 5928 ns, Cleanup: 8610 ns, At safepoint: 13169 ns, Total: 27707 ns
[2025-06-13T14:00:21.810+0000][72][info ][safepoint   ] Safepoint "Cleanup", Time since last: 933950294043 ns, Reaching safepoint: 62343 ns, Cleanup: 160868 ns, At safepoint: 38807 ns, Total: 262018 ns
[2025-06-13T14:08:22.060+0000][72][info ][safepoint   ] Safepoint "Cleanup", Time since last: 480289053317 ns, Reaching safepoint: 41852 ns, Cleanup: 67844 ns, At safepoint: 30305 ns, Total: 140001 ns
[2025-06-13T14:15:13.563+0000][72][info ][safepoint   ] Safepoint "Cleanup", Time since last: 411537415024 ns, Reaching safepoint: 187242 ns, Cleanup: 33869 ns, At safepoint: 42084 ns, Total: 263195 ns
[2025-06-13T14:15:22.546+0000][72][info ][safepoint   ] Safepoint "Cleanup", Time since last: 8983643913 ns, Reaching safepoint: 19883 ns, Cleanup: 14528 ns, At safepoint: 9056 ns, Total: 43467 ns
[2025-06-13T14:15:28.098+0000][72][info ][safepoint   ] Safepoint "Cleanup", Time since last: 5551859823 ns, Reaching safepoint: 19085 ns, Cleanup: 20628 ns, At safepoint: 87616 ns, Total: 127329 ns
[2025-06-13T14:17:04.379+0000][72][info ][gc,start    ] GC(32) Pause Young (Normal) (G1 Evacuation Pause)
[2025-06-13T14:17:04.381+0000][72][info ][gc,task     ] GC(32) Using 10 workers of 10 for evacuation
[2025-06-13T14:17:04.382+0000][72][debug][gc,age      ] GC(32) Desired survivor size 153092096 bytes, new threshold 15 (max threshold 15)
[2025-06-13T14:17:04.461+0000][72][info ][gc,phases   ] GC(32)   Pre Evacuate Collection Set: 7.70ms
[2025-06-13T14:17:04.461+0000][72][info ][gc,phases   ] GC(32)   Merge Heap Roots: 1.42ms
[2025-06-13T14:17:04.462+0000][72][info ][gc,phases   ] GC(32)   Evacuate Collection Set: 59.36ms
[2025-06-13T14:17:04.462+0000][72][info ][gc,phases   ] GC(32)   Post Evacuate Collection Set: 8.80ms
[2025-06-13T14:17:04.463+0000][72][info ][gc,phases   ] GC(32)   Other: 2.61ms
[2025-06-13T14:17:04.463+0000][72][trace][gc,age      ] GC(32) Age table with threshold 15 (max threshold 15)
[2025-06-13T14:17:04.463+0000][72][trace][gc,age      ] GC(32) - age   1:    1430952 bytes,    1430952 total
[2025-06-13T14:17:04.463+0000][72][trace][gc,age      ] GC(32) - age   2:     116536 bytes,    1547488 total
[2025-06-13T14:17:04.464+0000][72][trace][gc,age      ] GC(32) - age   3:     129168 bytes,    1676656 total
[2025-06-13T14:17:04.464+0000][72][trace][gc,age      ] GC(32) - age   4:     229264 bytes,    1905920 total
[2025-06-13T14:17:04.464+0000][72][trace][gc,age      ] GC(32) - age   5:     120464 bytes,    2026384 total
[2025-06-13T14:17:04.464+0000][72][trace][gc,age      ] GC(32) - age   6:     137248 bytes,    2163632 total
[2025-06-13T14:17:04.465+0000][72][trace][gc,age      ] GC(32) - age   7:     120104 bytes,    2283736 total
[2025-06-13T14:17:04.465+0000][72][trace][gc,age      ] GC(32) - age   8:     120376 bytes,    2404112 total
[2025-06-13T14:17:04.465+0000][72][trace][gc,age      ] GC(32) - age   9:       5744 bytes,    2409856 total
[2025-06-13T14:17:04.465+0000][72][trace][gc,age      ] GC(32) - age  10:     134376 bytes,    2544232 total
[2025-06-13T14:17:04.466+0000][72][trace][gc,age      ] GC(32) - age  11:     153048 bytes,    2697280 total
[2025-06-13T14:17:04.466+0000][72][trace][gc,age      ] GC(32) - age  12:     180312 bytes,    2877592 total
[2025-06-13T14:17:04.466+0000][72][trace][gc,age      ] GC(32) - age  13:      70768 bytes,    2948360 total
[2025-06-13T14:17:04.467+0000][72][trace][gc,age      ] GC(32) - age  14:      56096 bytes,    3004456 total
[2025-06-13T14:17:04.467+0000][72][trace][gc,age      ] GC(32) - age  15:      72552 bytes,    3077008 total
[2025-06-13T14:17:04.467+0000][72][info ][gc,heap     ] GC(32) Eden regions: 581->0(581)
[2025-06-13T14:17:04.468+0000][72][info ][gc,heap     ] GC(32) Survivor regions: 1->1(73)
[2025-06-13T14:17:04.469+0000][72][info ][gc,heap     ] GC(32) Old regions: 27->27
[2025-06-13T14:17:04.469+0000][72][info ][gc,heap     ] GC(32) Humongous regions: 0->0
[2025-06-13T14:17:04.469+0000][72][info ][gc,metaspace] GC(32) Metaspace: 149009K(153024K)->149009K(153024K) NonClass: 128939K(131072K)->128939K(131072K) Class: 20070K(21952K)->20070K(21952K)
[2025-06-13T14:17:04.470+0000][72][info ][gc          ] GC(32) Pause Young (Normal) (G1 Evacuation Pause) 2432M->108M(3880M) 90.998ms
[2025-06-13T14:17:04.470+0000][72][info ][gc,cpu      ] GC(32) User=0.41s Sys=0.02s Real=0.09s
[2025-06-13T14:17:04.470+0000][72][info ][safepoint   ] Safepoint "G1CollectForAllocation", Time since last: 96288513487 ns, Reaching safepoint: 25777 ns, Cleanup: 13058 ns, At safepoint: 92707631 ns, Total: 92746466 ns
[2025-06-13T14:19:43.124+0000][72][info ][safepoint   ] Safepoint "Cleanup", Time since last: 158665517926 ns, Reaching safepoint: 14390 ns, Cleanup: 17323 ns, At safepoint: 18996 ns, Total: 50709 ns
[2025-06-13T14:23:04.444+0000][72][info ][safepoint   ] Safepoint "Cleanup", Time since last: 201336843159 ns, Reaching safepoint: 20755 ns, Cleanup: 17294 ns, At safepoint: 85420 ns, Total: 123469 ns
[2025-06-13T14:24:46.959+0000][72][info ][safepoint   ] Safepoint "Cleanup", Time since last: 102521731311 ns, Reaching safepoint: 15621 ns, Cleanup: 13974 ns, At safepoint: 22786 ns, Total: 52381 ns
[2025-06-13T14:27:39.554+0000][72][info ][safepoint   ] Safepoint "Cleanup", Time since last: 172609260782 ns, Reaching safepoint: 63605 ns, Cleanup: 16317 ns, At safepoint: 14122 ns, Total: 94044 ns
[2025-06-13T14:28:07.578+0000][72][info ][safepoint   ] Safepoint "Cleanup", Time since last: 28026469717 ns, Reaching safepoint: 22919 ns, Cleanup: 14664 ns, At safepoint: 10280 ns, Total: 47863 ns
[2025-06-13T14:28:55.127+0000][72][info ][safepoint   ] Safepoint "Cleanup", Time since last: 47551543568 ns, Reaching safepoint: 5965 ns, Cleanup: 9070 ns, At safepoint: 3264 ns, Total: 18299 ns
[2025-06-13T14:28:56.152+0000][72][info ][safepoint   ] Safepoint "Cleanup", Time since last: 1024700935 ns, Reaching safepoint: 25653 ns, Cleanup: 16698 ns, At safepoint: 11142 ns, Total: 53493 ns
[2025-06-13T14:29:06.607+0000][72][info ][safepoint   ] Safepoint "Cleanup", Time since last: 10457249678 ns, Reaching safepoint: 24722 ns, Cleanup: 15403 ns, At safepoint: 11512 ns, Total: 51637 ns
[2025-06-13T14:30:58.460+0000][72][info ][safepoint   ] Safepoint "Cleanup", Time since last: 111857622776 ns, Reaching safepoint: 2208537 ns, Cleanup: 22632 ns, At safepoint: 249144 ns, Total: 2480313 ns
[2025-06-13T14:30:59.466+0000][72][info ][safepoint   ] Safepoint "Cleanup", Time since last: 1005844367 ns, Reaching safepoint: 16324 ns, Cleanup: 16951 ns, At safepoint: 23110 ns, Total: 56385 ns
[2025-06-13T14:31:01.471+0000][72][info ][safepoint   ] Safepoint "Cleanup", Time since last: 2005102233 ns, Reaching safepoint: 55699 ns, Cleanup: 14348 ns, At safepoint: 13129 ns, Total: 83176 ns
[2025-06-13T14:35:10.089+0000][72][info ][safepoint   ] Safepoint "Cleanup", Time since last: 248639524471 ns, Reaching safepoint: 22831 ns, Cleanup: 16448 ns, At safepoint: 75302 ns, Total: 114581 ns
[2025-06-13T14:35:11.683+0000][72][info ][safepoint   ] Safepoint "Cleanup", Time since last: 1594058752 ns, Reaching safepoint: 115962 ns, Cleanup: 17594 ns, At safepoint: 40846 ns, Total: 174402 ns
[2025-06-13T14:38:08.837+0000][72][info ][safepoint   ] Safepoint "Cleanup", Time since last: 177168173794 ns, Reaching safepoint: 33481 ns, Cleanup: 16207 ns, At safepoint: 12358 ns, Total: 62046 ns
[2025-06-13T14:38:19.072+0000][72][info ][safepoint   ] Safepoint "Cleanup", Time since last: 10235492179 ns, Reaching safepoint: 14347 ns, Cleanup: 10030 ns, At safepoint: 19344 ns, Total: 43721 ns
[2025-06-13T14:39:56.875+0000][72][info ][safepoint   ] Safepoint "Cleanup", Time since last: 97809713490 ns, Reaching safepoint: 74964 ns, Cleanup: 17167 ns, At safepoint: 89108 ns, Total: 181239 ns
[2025-06-13T14:41:28.968+0000][72][info ][safepoint   ] Safepoint "Cleanup", Time since last: 92100199655 ns, Reaching safepoint: 13789 ns, Cleanup: 10678 ns, At safepoint: 18466 ns, Total: 42933 ns
[2025-06-13T14:41:29.979+0000][72][info ][safepoint   ] Safepoint "Cleanup", Time since last: 1010217591 ns, Reaching safepoint: 27106 ns, Cleanup: 17020 ns, At safepoint: 11490 ns, Total: 55616 ns
[2025-06-13T14:43:04.970+0000][72][info ][safepoint   ] Safepoint "Cleanup", Time since last: 95001335102 ns, Reaching safepoint: 8992 ns, Cleanup: 14023 ns, At safepoint: 13010 ns, Total: 36025 ns
[2025-06-13T14:44:58.154+0000][72][info ][safepoint   ] Safepoint "Cleanup", Time since last: 113190335916 ns, Reaching safepoint: 49999 ns, Cleanup: 11808 ns, At safepoint: 12572 ns, Total: 74379 ns
[2025-06-13T14:45:34.036+0000][72][info ][safepoint   ] Safepoint "Cleanup", Time since last: 35886128091 ns, Reaching safepoint: 108815 ns, Cleanup: 11939 ns, At safepoint: 36591 ns, Total: 157345 ns
[2025-06-13T14:45:35.234+0000][72][info ][safepoint   ] Safepoint "Cleanup", Time since last: 1198323370 ns, Reaching safepoint: 64877 ns, Cleanup: 19146 ns, At safepoint: 11216 ns, Total: 95239 ns
[2025-06-13T14:47:46.344+0000][72][info ][safepoint   ] Safepoint "Cleanup", Time since last: 131118585937 ns, Reaching safepoint: 13308 ns, Cleanup: 12768 ns, At safepoint: 17440 ns, Total: 43516 ns
[2025-06-13T14:48:50.401+0000][72][info ][safepoint   ] Safepoint "Cleanup", Time since last: 64061916167 ns, Reaching safepoint: 30843 ns, Cleanup: 16472 ns, At safepoint: 13457 ns, Total: 60772 ns
[2025-06-13T14:49:52.036+0000][72][info ][safepoint   ] Safepoint "Cleanup", Time since last: 61638892350 ns, Reaching safepoint: 6395 ns, Cleanup: 8015 ns, At safepoint: 3341 ns, Total: 17751 ns
[2025-06-13T14:50:55.019+0000][72][info ][safepoint   ] Safepoint "Cleanup", Time since last: 62987876644 ns, Reaching safepoint: 297801 ns, Cleanup: 10987 ns, At safepoint: 62385 ns, Total: 371173 ns
[2025-06-13T14:50:56.536+0000][72][info ][safepoint   ] Safepoint "Cleanup", Time since last: 1516853166 ns, Reaching safepoint: 12298 ns, Cleanup: 32436 ns, At safepoint: 20208 ns, Total: 64942 ns
[2025-06-13T14:53:01.035+0000][72][info ][safepoint   ] Safepoint "Cleanup", Time since last: 124507820309 ns, Reaching safepoint: 9500 ns, Cleanup: 6193 ns, At safepoint: 4866 ns, Total: 20559 ns
[2025-06-13T14:55:28.234+0000][72][info ][safepoint   ] Safepoint "Cleanup", Time since last: 147210589765 ns, Reaching safepoint: 25501 ns, Cleanup: 15227 ns, At safepoint: 9475 ns, Total: 50203 ns
[2025-06-13T15:07:57.978+0000][72][info ][gc,start    ] GC(33) Pause Young (Normal) (G1 Evacuation Pause)
[2025-06-13T15:07:57.984+0000][72][info ][gc,task     ] GC(33) Using 10 workers of 10 for evacuation
[2025-06-13T15:07:57.984+0000][72][debug][gc,age      ] GC(33) Desired survivor size 153092096 bytes, new threshold 15 (max threshold 15)
[2025-06-13T15:07:58.092+0000][72][info ][gc,phases   ] GC(33)   Pre Evacuate Collection Set: 7.69ms
[2025-06-13T15:07:58.093+0000][72][info ][gc,phases   ] GC(33)   Merge Heap Roots: 2.12ms
[2025-06-13T15:07:58.093+0000][72][info ][gc,phases   ] GC(33)   Evacuate Collection Set: 78.90ms
[2025-06-13T15:07:58.093+0000][72][info ][gc,phases   ] GC(33)   Post Evacuate Collection Set: 17.59ms
[2025-06-13T15:07:58.094+0000][72][info ][gc,phases   ] GC(33)   Other: 4.21ms
[2025-06-13T15:07:58.094+0000][72][trace][gc,age      ] GC(33) Age table with threshold 15 (max threshold 15)
[2025-06-13T15:07:58.094+0000][72][trace][gc,age      ] GC(33) - age   1:    1623736 bytes,    1623736 total
[2025-06-13T15:07:58.095+0000][72][trace][gc,age      ] GC(33) - age   2:     199712 bytes,    1823448 total
[2025-06-13T15:07:58.095+0000][72][trace][gc,age      ] GC(33) - age   3:     115224 bytes,    1938672 total
[2025-06-13T15:07:58.095+0000][72][trace][gc,age      ] GC(33) - age   4:     127904 bytes,    2066576 total
[2025-06-13T15:07:58.096+0000][72][trace][gc,age      ] GC(33) - age   5:     228744 bytes,    2295320 total
[2025-06-13T15:07:58.096+0000][72][trace][gc,age      ] GC(33) - age   6:     120424 bytes,    2415744 total
[2025-06-13T15:07:58.096+0000][72][trace][gc,age      ] GC(33) - age   7:     137056 bytes,    2552800 total
[2025-06-13T15:07:58.096+0000][72][trace][gc,age      ] GC(33) - age   8:     119832 bytes,    2672632 total
[2025-06-13T15:07:58.097+0000][72][trace][gc,age      ] GC(33) - age   9:     120144 bytes,    2792776 total
[2025-06-13T15:07:58.097+0000][72][trace][gc,age      ] GC(33) - age  10:       5744 bytes,    2798520 total
[2025-06-13T15:07:58.097+0000][72][trace][gc,age      ] GC(33) - age  11:     134376 bytes,    2932896 total
[2025-06-13T15:07:58.098+0000][72][trace][gc,age      ] GC(33) - age  12:     153048 bytes,    3085944 total
[2025-06-13T15:07:58.098+0000][72][trace][gc,age      ] GC(33) - age  13:     180312 bytes,    3266256 total
[2025-06-13T15:07:58.098+0000][72][trace][gc,age      ] GC(33) - age  14:      70768 bytes,    3337024 total
[2025-06-13T15:07:58.098+0000][72][trace][gc,age      ] GC(33) - age  15:      56096 bytes,    3393120 total
[2025-06-13T15:07:58.099+0000][72][info ][gc,heap     ] GC(33) Eden regions: 581->0(581)
[2025-06-13T15:07:58.099+0000][72][info ][gc,heap     ] GC(33) Survivor regions: 1->1(73)
[2025-06-13T15:07:58.099+0000][72][info ][gc,heap     ] GC(33) Old regions: 27->27
[2025-06-13T15:07:58.100+0000][72][info ][gc,heap     ] GC(33) Humongous regions: 0->0
[2025-06-13T15:07:58.100+0000][72][info ][gc,metaspace] GC(33) Metaspace: 149042K(153088K)->149042K(153088K) NonClass: 128972K(131136K)->128972K(131136K) Class: 20070K(21952K)->20070K(21952K)
[2025-06-13T15:07:58.101+0000][72][info ][gc          ] GC(33) Pause Young (Normal) (G1 Evacuation Pause) 2432M->108M(3880M) 122.424ms
[2025-06-13T15:07:58.101+0000][72][info ][gc,cpu      ] GC(33) User=0.49s Sys=0.04s Real=0.13s
[2025-06-13T15:07:58.102+0000][72][info ][safepoint   ] Safepoint "G1CollectForAllocation", Time since last: 749799071723 ns, Reaching safepoint: 122403 ns, Cleanup: 167861 ns, At safepoint: 126241431 ns, Total: 126531695 ns
[2025-06-13T15:09:21.784+0000][72][info ][safepoint   ] Safepoint "Cleanup", Time since last: 83689328201 ns, Reaching safepoint: 50202 ns, Cleanup: 70136 ns, At safepoint: 16178 ns, Total: 136516 ns
[2025-06-13T15:19:52.941+0000][72][info ][safepoint   ] Safepoint "Cleanup", Time since last: 631205678398 ns, Reaching safepoint: 198764 ns, Cleanup: 131540 ns, At safepoint: 89736 ns, Total: 420040 ns
[2025-06-13T15:19:55.943+0000][72][info ][safepoint   ] Safepoint "Cleanup", Time since last: 3001854347 ns, Reaching safepoint: 18118 ns, Cleanup: 14195 ns, At safepoint: 7809 ns, Total: 40122 ns
[2025-06-13T15:25:27.527+0000][72][info ][safepoint   ] Safepoint "Cleanup", Time since last: 331610846888 ns, Reaching safepoint: 18142 ns, Cleanup: 90208 ns, At safepoint: 79541 ns, Total: 187891 ns
[2025-06-13T15:28:31.278+0000][72][info ][safepoint   ] Safepoint "Cleanup", Time since last: 183762564270 ns, Reaching safepoint: 2216324 ns, Cleanup: 185053 ns, At safepoint: 123708 ns, Total: 2525085 ns
[2025-06-13T15:28:32.398+0000][72][info ][safepoint   ] Safepoint "Cleanup", Time since last: 1120385612 ns, Reaching safepoint: 17025 ns, Cleanup: 35641 ns, At safepoint: 21459 ns, Total: 74125 ns
[2025-06-13T15:28:34.407+0000][72][info ][safepoint   ] Safepoint "Cleanup", Time since last: 2011442635 ns, Reaching safepoint: 24495 ns, Cleanup: 25470 ns, At safepoint: 11656 ns, Total: 61621 ns
[2025-06-13T15:28:41.408+0000][72][info ][safepoint   ] Safepoint "Cleanup", Time since last: 7001467163 ns, Reaching safepoint: 24192 ns, Cleanup: 19348 ns, At safepoint: 10932 ns, Total: 54472 ns
[2025-06-13T15:28:43.424+0000][72][info ][safepoint   ] Safepoint "Cleanup", Time since last: 2015473073 ns, Reaching safepoint: 13315 ns, Cleanup: 12782 ns, At safepoint: 19710 ns, Total: 45807 ns
[2025-06-13T15:28:58.454+0000][72][info ][safepoint   ] Safepoint "Cleanup", Time since last: 15030090118 ns, Reaching safepoint: 5972 ns, Cleanup: 10989 ns, At safepoint: 3195 ns, Total: 20156 ns
[2025-06-13T15:28:59.478+0000][72][info ][safepoint   ] Safepoint "Cleanup", Time since last: 1023942652 ns, Reaching safepoint: 25886 ns, Cleanup: 17597 ns, At safepoint: 10474 ns, Total: 53957 ns
[2025-06-13T15:29:01.523+0000][72][info ][safepoint   ] Safepoint "Cleanup", Time since last: 2044758059 ns, Reaching safepoint: 28480 ns, Cleanup: 22143 ns, At safepoint: 11640 ns, Total: 62263 ns
[2025-06-13T15:29:03.743+0000][72][info ][safepoint   ] Safepoint "Cleanup", Time since last: 2219870521 ns, Reaching safepoint: 21319 ns, Cleanup: 17519 ns, At safepoint: 9298 ns, Total: 48136 ns
[2025-06-13T15:29:21.767+0000][72][info ][safepoint   ] Safepoint "Cleanup", Time since last: 18026240596 ns, Reaching safepoint: 59344 ns, Cleanup: 16534 ns, At safepoint: 11200 ns, Total: 87078 ns
[2025-06-13T15:29:31.806+0000][72][info ][safepoint   ] Safepoint "Cleanup", Time since last: 10038879162 ns, Reaching safepoint: 24439 ns, Cleanup: 15052 ns, At safepoint: 11033 ns, Total: 50524 ns
[2025-06-13T15:29:46.052+0000][72][info ][safepoint   ] Safepoint "Cleanup", Time since last: 14248434223 ns, Reaching safepoint: 18012 ns, Cleanup: 12583 ns, At safepoint: 22247 ns, Total: 52842 ns
[2025-06-13T15:29:47.657+0000][72][info ][safepoint   ] Safepoint "Cleanup", Time since last: 1605316885 ns, Reaching safepoint: 24278 ns, Cleanup: 20269 ns, At safepoint: 12634 ns, Total: 57181 ns
[2025-06-13T15:30:21.573+0000][72][info ][safepoint   ] Safepoint "Cleanup", Time since last: 33918482736 ns, Reaching safepoint: 57775 ns, Cleanup: 16472 ns, At safepoint: 10994 ns, Total: 85241 ns
[2025-06-13T15:30:22.574+0000][72][info ][safepoint   ] Safepoint "Cleanup", Time since last: 1000568901 ns, Reaching safepoint: 24284 ns, Cleanup: 14667 ns, At safepoint: 12380 ns, Total: 51331 ns
[2025-06-13T15:30:54.780+0000][72][info ][safepoint   ] Safepoint "Cleanup", Time since last: 32208473979 ns, Reaching safepoint: 28023 ns, Cleanup: 17346 ns, At safepoint: 11653 ns, Total: 57022 ns
[2025-06-13T15:30:57.044+0000][72][info ][safepoint   ] Safepoint "Cleanup", Time since last: 2264330050 ns, Reaching safepoint: 6095 ns, Cleanup: 8330 ns, At safepoint: 13346 ns, Total: 27771 ns
[2025-06-13T15:30:58.831+0000][72][info ][safepoint   ] Safepoint "Cleanup", Time since last: 1786838683 ns, Reaching safepoint: 24863 ns, Cleanup: 26054 ns, At safepoint: 12219 ns, Total: 63136 ns
[2025-06-13T15:31:52.795+0000][72][info ][safepoint   ] Safepoint "Cleanup", Time since last: 53968163938 ns, Reaching safepoint: 10828 ns, Cleanup: 13529 ns, At safepoint: 5730 ns, Total: 30087 ns
[2025-06-13T15:32:55.857+0000][72][info ][safepoint   ] Safepoint "Cleanup", Time since last: 63066446678 ns, Reaching safepoint: 23761 ns, Cleanup: 13138 ns, At safepoint: 22093 ns, Total: 58992 ns
[2025-06-13T15:33:21.649+0000][72][info ][safepoint   ] Safepoint "Cleanup", Time since last: 25801293931 ns, Reaching safepoint: 64868 ns, Cleanup: 17599 ns, At safepoint: 10021 ns, Total: 92488 ns
[2025-06-13T15:35:06.002+0000][72][info ][safepoint   ] Safepoint "Cleanup", Time since last: 104356704318 ns, Reaching safepoint: 29382 ns, Cleanup: 16782 ns, At safepoint: 17032 ns, Total: 63196 ns
[2025-06-13T15:35:21.729+0000][72][info ][safepoint   ] Safepoint "Cleanup", Time since last: 15727532964 ns, Reaching safepoint: 65142 ns, Cleanup: 20327 ns, At safepoint: 17172 ns, Total: 102641 ns
[2025-06-13T15:35:57.054+0000][72][info ][safepoint   ] Safepoint "Cleanup", Time since last: 35326528937 ns, Reaching safepoint: 24002 ns, Cleanup: 13074 ns, At safepoint: 74920 ns, Total: 111996 ns
[2025-06-13T15:35:58.077+0000][72][info ][safepoint   ] Safepoint "Cleanup", Time since last: 1022940671 ns, Reaching safepoint: 27830 ns, Cleanup: 15815 ns, At safepoint: 15778 ns, Total: 59423 ns
[2025-06-13T15:36:05.138+0000][72][info ][safepoint   ] Safepoint "Cleanup", Time since last: 7063358406 ns, Reaching safepoint: 13589 ns, Cleanup: 19261 ns, At safepoint: 77595 ns, Total: 110445 ns
[2025-06-13T15:36:21.767+0000][72][info ][safepoint   ] Safepoint "Cleanup", Time since last: 16629784455 ns, Reaching safepoint: 73338 ns, Cleanup: 17983 ns, At safepoint: 32116 ns, Total: 123437 ns
[2025-06-13T15:44:28.630+0000][72][info ][safepoint   ] Safepoint "Cleanup", Time since last: 486900179072 ns, Reaching safepoint: 27840 ns, Cleanup: 56455 ns, At safepoint: 28345 ns, Total: 112640 ns
[2025-06-13T15:45:22.106+0000][72][info ][safepoint   ] Safepoint "Cleanup", Time since last: 53481316121 ns, Reaching safepoint: 68509 ns, Cleanup: 19319 ns, At safepoint: 29501 ns, Total: 117329 ns
[2025-06-13T15:48:08.219+0000][72][info ][safepoint   ] Safepoint "Cleanup", Time since last: 166126656416 ns, Reaching safepoint: 33134 ns, Cleanup: 19437 ns, At safepoint: 19157 ns, Total: 71728 ns
[2025-06-13T15:49:58.954+0000][72][info ][safepoint   ] Safepoint "Cleanup", Time since last: 110741564933 ns, Reaching safepoint: 60487 ns, Cleanup: 14057 ns, At safepoint: 9132 ns, Total: 83676 ns
[2025-06-13T15:50:37.992+0000][72][info ][safepoint   ] Safepoint "Cleanup", Time since last: 39042505567 ns, Reaching safepoint: 204417 ns, Cleanup: 16557 ns, At safepoint: 98520 ns, Total: 319494 ns
[2025-06-13T15:52:04.091+0000][72][info ][safepoint   ] Safepoint "Cleanup", Time since last: 86107117486 ns, Reaching safepoint: 65237 ns, Cleanup: 20186 ns, At safepoint: 18297 ns, Total: 103720 ns
[2025-06-13T15:52:06.092+0000][72][info ][safepoint   ] Safepoint "Cleanup", Time since last: 2001011221 ns, Reaching safepoint: 28808 ns, Cleanup: 15615 ns, At safepoint: 17040 ns, Total: 61463 ns
[2025-06-13T15:54:26.453+0000][72][info ][safepoint   ] Safepoint "Cleanup", Time since last: 140369763364 ns, Reaching safepoint: 59572 ns, Cleanup: 14910 ns, At safepoint: 9550 ns, Total: 84032 ns
[2025-06-13T15:54:36.453+0000][72][info ][safepoint   ] Safepoint "Cleanup", Time since last: 10002204570 ns, Reaching safepoint: 162364 ns, Cleanup: 21250 ns, At safepoint: 19485 ns, Total: 203099 ns
[2025-06-13T15:59:49.081+0000][72][info ][gc,start    ] GC(34) Pause Young (Concurrent Start) (CodeCache GC Threshold)
[2025-06-13T15:59:49.085+0000][72][info ][gc,task     ] GC(34) Using 10 workers of 10 for evacuation
[2025-06-13T15:59:49.085+0000][72][debug][gc,age      ] GC(34) Desired survivor size 153092096 bytes, new threshold 15 (max threshold 15)
[2025-06-13T15:59:49.329+0000][72][info ][gc,mmu      ] GC(34) MMU target violated: 201.0ms (200.0ms/201.0ms)
[2025-06-13T15:59:49.330+0000][72][info ][gc,phases   ] GC(34)   Pre Evacuate Collection Set: 12.68ms
[2025-06-13T15:59:49.330+0000][72][info ][gc,phases   ] GC(34)   Merge Heap Roots: 1.20ms
[2025-06-13T15:59:49.331+0000][72][info ][gc,phases   ] GC(34)   Evacuate Collection Set: 212.86ms
[2025-06-13T15:59:49.331+0000][72][info ][gc,phases   ] GC(34)   Post Evacuate Collection Set: 13.37ms
[2025-06-13T15:59:49.331+0000][72][info ][gc,phases   ] GC(34)   Other: 7.04ms
[2025-06-13T15:59:49.332+0000][72][trace][gc,age      ] GC(34) Age table with threshold 15 (max threshold 15)
[2025-06-13T15:59:49.333+0000][72][trace][gc,age      ] GC(34) - age   1:    1428672 bytes,    1428672 total
[2025-06-13T15:59:49.333+0000][72][trace][gc,age      ] GC(34) - age   2:     200944 bytes,    1629616 total
[2025-06-13T15:59:49.334+0000][72][trace][gc,age      ] GC(34) - age   3:     133144 bytes,    1762760 total
[2025-06-13T15:59:49.334+0000][72][trace][gc,age      ] GC(34) - age   4:     114800 bytes,    1877560 total
[2025-06-13T15:59:49.335+0000][72][trace][gc,age      ] GC(34) - age   5:     126472 bytes,    2004032 total
[2025-06-13T15:59:49.335+0000][72][trace][gc,age      ] GC(34) - age   6:     125888 bytes,    2129920 total
[2025-06-13T15:59:49.336+0000][72][trace][gc,age      ] GC(34) - age   7:     120256 bytes,    2250176 total
[2025-06-13T15:59:49.336+0000][72][trace][gc,age      ] GC(34) - age   8:     131416 bytes,    2381592 total
[2025-06-13T15:59:49.337+0000][72][trace][gc,age      ] GC(34) - age   9:     119776 bytes,    2501368 total
[2025-06-13T15:59:49.337+0000][72][trace][gc,age      ] GC(34) - age  10:     120144 bytes,    2621512 total
[2025-06-13T15:59:49.338+0000][72][trace][gc,age      ] GC(34) - age  11:       5744 bytes,    2627256 total
[2025-06-13T15:59:49.338+0000][72][trace][gc,age      ] GC(34) - age  12:     134376 bytes,    2761632 total
[2025-06-13T15:59:49.339+0000][72][trace][gc,age      ] GC(34) - age  13:     153048 bytes,    2914680 total
[2025-06-13T15:59:49.339+0000][72][trace][gc,age      ] GC(34) - age  14:     180312 bytes,    3094992 total
[2025-06-13T15:59:49.339+0000][72][trace][gc,age      ] GC(34) - age  15:      70768 bytes,    3165760 total
[2025-06-13T15:59:49.340+0000][72][info ][gc,heap     ] GC(34) Eden regions: 581->0(581)
[2025-06-13T15:59:49.340+0000][72][info ][gc,heap     ] GC(34) Survivor regions: 1->1(73)
[2025-06-13T15:59:49.341+0000][72][info ][gc,heap     ] GC(34) Old regions: 27->27
[2025-06-13T15:59:49.341+0000][72][info ][gc,heap     ] GC(34) Humongous regions: 0->0
[2025-06-13T15:59:49.342+0000][72][info ][gc,metaspace] GC(34) Metaspace: 149092K(153088K)->149092K(153088K) NonClass: 129022K(131136K)->129022K(131136K) Class: 20070K(21952K)->20070K(21952K)
[2025-06-13T15:59:49.342+0000][72][info ][gc          ] GC(34) Pause Young (Concurrent Start) (CodeCache GC Threshold) 2432M->108M(3880M) 260.971ms
[2025-06-13T15:59:49.343+0000][72][info ][gc,cpu      ] GC(34) User=0.87s Sys=0.04s Real=0.26s
[2025-06-13T15:59:49.344+0000][72][info ][safepoint   ] Safepoint "G1TryInitiateConcMark", Time since last: 312650053455 ns, Reaching safepoint: 139823 ns, Cleanup: 8356 ns, At safepoint: 264914812 ns, Total: 265062991 ns
[2025-06-13T15:59:49.344+0000][72][info ][gc          ] GC(35) Concurrent Mark Cycle
[2025-06-13T15:59:49.345+0000][72][info ][gc,marking  ] GC(35) Concurrent Scan Root Regions
[2025-06-13T15:59:49.503+0000][72][info ][gc,marking  ] GC(35) Concurrent Scan Root Regions 157.224ms
[2025-06-13T15:59:49.503+0000][72][info ][gc,marking  ] GC(35) Concurrent Mark
[2025-06-13T15:59:49.504+0000][72][info ][gc,marking  ] GC(35) Concurrent Mark From Roots
[2025-06-13T15:59:49.504+0000][72][info ][gc,task     ] GC(35) Using 3 workers of 3 for marking
[2025-06-13T15:59:49.870+0000][72][info ][gc,marking  ] GC(35) Concurrent Mark From Roots 366.588ms
[2025-06-13T15:59:49.871+0000][72][info ][gc,marking  ] GC(35) Concurrent Preclean
[2025-06-13T15:59:49.873+0000][72][info ][gc,marking  ] GC(35) Concurrent Preclean 1.717ms
[2025-06-13T15:59:49.873+0000][72][info ][gc,start    ] GC(35) Pause Remark
[2025-06-13T15:59:51.134+0000][72][info ][gc,mmu      ] GC(35) MMU target violated: 201.0ms (200.0ms/201.0ms)
[2025-06-13T15:59:51.134+0000][72][info ][gc          ] GC(35) Pause Remark 118M->118M(3880M) 1261.134ms
[2025-06-13T15:59:51.135+0000][72][info ][gc,cpu      ] GC(35) User=9.77s Sys=0.00s Real=1.26s
[2025-06-13T15:59:51.136+0000][72][info ][safepoint   ] Safepoint "G1PauseRemark", Time since last: 529619346 ns, Reaching safepoint: 29297 ns, Cleanup: 6297 ns, At safepoint: 1262823521 ns, Total: 1262859115 ns
[2025-06-13T15:59:51.138+0000][72][info ][gc,marking  ] GC(35) Concurrent Mark 1634.389ms
[2025-06-13T15:59:51.138+0000][72][info ][gc,marking  ] GC(35) Concurrent Rebuild Remembered Sets and Scrub Regions
[2025-06-13T15:59:51.231+0000][72][info ][gc,marking  ] GC(35) Concurrent Rebuild Remembered Sets and Scrub Regions 92.395ms
[2025-06-13T15:59:51.244+0000][72][info ][gc,start    ] GC(35) Pause Cleanup
[2025-06-13T15:59:51.245+0000][72][info ][gc          ] GC(35) Pause Cleanup 120M->120M(3880M) 1.205ms
[2025-06-13T15:59:51.246+0000][72][info ][gc,cpu      ] GC(35) User=0.00s Sys=0.00s Real=0.00s
[2025-06-13T15:59:51.246+0000][72][info ][safepoint   ] Safepoint "G1PauseCleanup", Time since last: 94870090 ns, Reaching safepoint: 12284896 ns, Cleanup: 852510 ns, At safepoint: 2362961 ns, Total: 15500367 ns
[2025-06-13T15:59:51.247+0000][72][info ][gc,marking  ] GC(35) Concurrent Clear Claimed Marks
[2025-06-13T15:59:51.247+0000][72][info ][gc,marking  ] GC(35) Concurrent Clear Claimed Marks 0.545ms
[2025-06-13T15:59:51.248+0000][72][info ][gc,marking  ] GC(35) Concurrent Cleanup for Next Mark
[2025-06-13T15:59:51.323+0000][72][info ][gc,marking  ] GC(35) Concurrent Cleanup for Next Mark 75.446ms
[2025-06-13T15:59:51.324+0000][72][info ][gc          ] GC(35) Concurrent Mark Cycle 1980.219ms
[2025-06-13T16:00:46.274+0000][72][info ][safepoint   ] Safepoint "Cleanup", Time since last: 55032251996 ns, Reaching safepoint: 120852 ns, Cleanup: 7686 ns, At safepoint: 29142 ns, Total: 157680 ns
[2025-06-13T16:04:25.517+0000][72][info ][safepoint   ] Safepoint "Cleanup", Time since last: 219258961474 ns, Reaching safepoint: 23670 ns, Cleanup: 10139 ns, At safepoint: 21381 ns, Total: 55190 ns
[2025-06-13T16:07:25.924+0000][72][info ][safepoint   ] Safepoint "Cleanup", Time since last: 180422433657 ns, Reaching safepoint: 46100 ns, Cleanup: 12972 ns, At safepoint: 8252 ns, Total: 67324 ns
[2025-06-13T16:07:34.042+0000][72][info ][safepoint   ] Safepoint "Cleanup", Time since last: 8119344598 ns, Reaching safepoint: 103886 ns, Cleanup: 11853 ns, At safepoint: 36986 ns, Total: 152725 ns
[2025-06-13T16:07:35.734+0000][72][info ][safepoint   ] Safepoint "Cleanup", Time since last: 1692725055 ns, Reaching safepoint: 38064 ns, Cleanup: 21970 ns, At safepoint: 31357 ns, Total: 91391 ns
[2025-06-13T16:09:41.835+0000][72][info ][safepoint   ] Safepoint "Cleanup", Time since last: 126110106475 ns, Reaching safepoint: 31002 ns, Cleanup: 16404 ns, At safepoint: 11804 ns, Total: 59210 ns
[2025-06-13T16:10:49.889+0000][72][info ][safepoint   ] Safepoint "Cleanup", Time since last: 68059167986 ns, Reaching safepoint: 23513 ns, Cleanup: 12499 ns, At safepoint: 8778 ns, Total: 44790 ns
[2025-06-13T16:11:47.006+0000][72][info ][safepoint   ] Safepoint "Cleanup", Time since last: 57121651229 ns, Reaching safepoint: 13677 ns, Cleanup: 13205 ns, At safepoint: 65365 ns, Total: 92247 ns
[2025-06-13T16:11:49.006+0000][72][info ][safepoint   ] Safepoint "Cleanup", Time since last: 2000036605 ns, Reaching safepoint: 19825 ns, Cleanup: 26643 ns, At safepoint: 9999 ns, Total: 56467 ns
[2025-06-13T16:13:51.114+0000][72][info ][safepoint   ] Safepoint "Cleanup", Time since last: 122117266246 ns, Reaching safepoint: 147158 ns, Cleanup: 19026 ns, At safepoint: 20787 ns, Total: 186971 ns
[2025-06-13T16:14:16.128+0000][72][info ][safepoint   ] Safepoint "Cleanup", Time since last: 25016770214 ns, Reaching safepoint: 99165 ns, Cleanup: 35278 ns, At safepoint: 23064 ns, Total: 157507 ns
[2025-06-13T16:14:55.027+0000][72][info ][safepoint   ] Safepoint "Cleanup", Time since last: 38897642503 ns, Reaching safepoint: 3322833 ns, Cleanup: 19786 ns, At safepoint: 164333 ns, Total: 3506952 ns
[2025-06-13T16:15:56.992+0000][72][info ][safepoint   ] Safepoint "Cleanup", Time since last: 61969167558 ns, Reaching safepoint: 25882 ns, Cleanup: 15548 ns, At safepoint: 77746 ns, Total: 119176 ns
[2025-06-13T16:26:28.026+0000][72][info ][safepoint   ] Safepoint "Cleanup", Time since last: 631085500806 ns, Reaching safepoint: 57887 ns, Cleanup: 49636 ns, At safepoint: 29053 ns, Total: 136576 ns
[2025-06-13T16:29:01.020+0000][72][info ][safepoint   ] Safepoint "Cleanup", Time since last: 153006045911 ns, Reaching safepoint: 132015 ns, Cleanup: 21258 ns, At safepoint: 78920 ns, Total: 232193 ns
[2025-06-13T16:29:02.532+0000][72][info ][safepoint   ] Safepoint "Cleanup", Time since last: 1511497755 ns, Reaching safepoint: 12310 ns, Cleanup: 24219 ns, At safepoint: 76420 ns, Total: 112949 ns
[2025-06-13T16:29:38.151+0000][72][info ][safepoint   ] Safepoint "Cleanup", Time since last: 35624516195 ns, Reaching safepoint: 24685 ns, Cleanup: 13262 ns, At safepoint: 76125 ns, Total: 114072 ns
[2025-06-13T16:32:46.421+0000][72][info ][safepoint   ] Safepoint "Cleanup", Time since last: 188283630338 ns, Reaching safepoint: 140854 ns, Cleanup: 188359 ns, At safepoint: 155692 ns, Total: 484905 ns
[2025-06-13T16:38:10.117+0000][72][info ][safepoint   ] Safepoint "Cleanup", Time since last: 323722771307 ns, Reaching safepoint: 36869 ns, Cleanup: 19119 ns, At safepoint: 17923 ns, Total: 73911 ns
[2025-06-13T16:38:40.123+0000][72][info ][safepoint   ] Safepoint "Cleanup", Time since last: 30008263067 ns, Reaching safepoint: 130703 ns, Cleanup: 21411 ns, At safepoint: 16240 ns, Total: 168354 ns
[2025-06-13T16:42:12.982+0000][72][info ][safepoint   ] Safepoint "Cleanup", Time since last: 212876169486 ns, Reaching safepoint: 134585 ns, Cleanup: 10031 ns, At safepoint: 48290 ns, Total: 192906 ns
[2025-06-13T16:42:21.079+0000][72][info ][safepoint   ] Safepoint "Cleanup", Time since last: 8097296079 ns, Reaching safepoint: 62845 ns, Cleanup: 16719 ns, At safepoint: 15461 ns, Total: 95025 ns
[2025-06-13T16:46:21.329+0000][72][info ][safepoint   ] Safepoint "Cleanup", Time since last: 240270262477 ns, Reaching safepoint: 238810 ns, Cleanup: 49758 ns, At safepoint: 16587 ns, Total: 305155 ns
[2025-06-13T16:47:28.076+0000][72][info ][safepoint   ] Safepoint "Cleanup", Time since last: 66751457424 ns, Reaching safepoint: 14360 ns, Cleanup: 25083 ns, At safepoint: 14086 ns, Total: 53529 ns
[2025-06-13T16:48:31.440+0000][72][info ][safepoint   ] Safepoint "Cleanup", Time since last: 63369201174 ns, Reaching safepoint: 15995 ns, Cleanup: 20645 ns, At safepoint: 82341 ns, Total: 118981 ns
[2025-06-13T16:51:58.620+0000][72][info ][safepoint   ] Safepoint "Cleanup", Time since last: 207198429405 ns, Reaching safepoint: 80639 ns, Cleanup: 15535 ns, At safepoint: 17075 ns, Total: 113249 ns
[2025-06-13T16:52:39.914+0000][72][info ][gc,start    ] GC(36) Pause Young (Prepare Mixed) (G1 Evacuation Pause)
[2025-06-13T16:52:39.919+0000][72][info ][gc,task     ] GC(36) Using 10 workers of 10 for evacuation
[2025-06-13T16:52:39.920+0000][72][debug][gc,age      ] GC(36) Desired survivor size 153092096 bytes, new threshold 15 (max threshold 15)
[2025-06-13T16:52:40.093+0000][72][info ][gc,phases   ] GC(36)   Pre Evacuate Collection Set: 15.98ms
[2025-06-13T16:52:40.094+0000][72][info ][gc,phases   ] GC(36)   Merge Heap Roots: 5.70ms
[2025-06-13T16:52:40.094+0000][72][info ][gc,phases   ] GC(36)   Evacuate Collection Set: 125.61ms
[2025-06-13T16:52:40.094+0000][72][info ][gc,phases   ] GC(36)   Post Evacuate Collection Set: 21.55ms
[2025-06-13T16:52:40.095+0000][72][info ][gc,phases   ] GC(36)   Other: 8.42ms
[2025-06-13T16:52:40.095+0000][72][trace][gc,age      ] GC(36) Age table with threshold 15 (max threshold 15)
[2025-06-13T16:52:40.096+0000][72][trace][gc,age      ] GC(36) - age   1:     973032 bytes,     973032 total
[2025-06-13T16:52:40.096+0000][72][trace][gc,age      ] GC(36) - age   2:     671448 bytes,    1644480 total
[2025-06-13T16:52:40.097+0000][72][trace][gc,age      ] GC(36) - age   3:     132792 bytes,    1777272 total
[2025-06-13T16:52:40.097+0000][72][trace][gc,age      ] GC(36) - age   4:     132936 bytes,    1910208 total
[2025-06-13T16:52:40.097+0000][72][trace][gc,age      ] GC(36) - age   5:     114720 bytes,    2024928 total
[2025-06-13T16:52:40.098+0000][72][trace][gc,age      ] GC(36) - age   6:     126320 bytes,    2151248 total
[2025-06-13T16:52:40.098+0000][72][trace][gc,age      ] GC(36) - age   7:     125808 bytes,    2277056 total
[2025-06-13T16:52:40.099+0000][72][trace][gc,age      ] GC(36) - age   8:     119992 bytes,    2397048 total
[2025-06-13T16:52:40.099+0000][72][trace][gc,age      ] GC(36) - age   9:     131360 bytes,    2528408 total
[2025-06-13T16:52:40.099+0000][72][trace][gc,age      ] GC(36) - age  10:     119720 bytes,    2648128 total
[2025-06-13T16:52:40.100+0000][72][trace][gc,age      ] GC(36) - age  11:     120144 bytes,    2768272 total
[2025-06-13T16:52:40.100+0000][72][trace][gc,age      ] GC(36) - age  12:       5744 bytes,    2774016 total
[2025-06-13T16:52:40.100+0000][72][trace][gc,age      ] GC(36) - age  13:     134376 bytes,    2908392 total
[2025-06-13T16:52:40.101+0000][72][trace][gc,age      ] GC(36) - age  14:     153048 bytes,    3061440 total
[2025-06-13T16:52:40.102+0000][72][trace][gc,age      ] GC(36) - age  15:     175880 bytes,    3237320 total
[2025-06-13T16:52:40.102+0000][72][info ][gc,heap     ] GC(36) Eden regions: 581->0(581)
[2025-06-13T16:52:40.102+0000][72][info ][gc,heap     ] GC(36) Survivor regions: 1->1(73)
[2025-06-13T16:52:40.103+0000][72][info ][gc,heap     ] GC(36) Old regions: 27->27
[2025-06-13T16:52:40.103+0000][72][info ][gc,heap     ] GC(36) Humongous regions: 0->0
[2025-06-13T16:52:40.104+0000][72][info ][gc,metaspace] GC(36) Metaspace: 146625K(153088K)->146625K(153088K) NonClass: 127191K(131136K)->127191K(131136K) Class: 19433K(21952K)->19433K(21952K)
[2025-06-13T16:52:40.104+0000][72][info ][gc          ] GC(36) Pause Young (Prepare Mixed) (G1 Evacuation Pause) 2432M->108M(3880M) 190.317ms
[2025-06-13T16:52:40.105+0000][72][info ][gc,cpu      ] GC(36) User=1.05s Sys=0.05s Real=0.19s
[2025-06-13T16:52:40.105+0000][72][info ][safepoint   ] Safepoint "G1CollectForAllocation", Time since last: 41295149547 ns, Reaching safepoint: 148288 ns, Cleanup: 7827 ns, At safepoint: 194985137 ns, Total: 195141252 ns
[2025-06-13T16:55:48.987+0000][72][info ][safepoint   ] Safepoint "Cleanup", Time since last: 188897612045 ns, Reaching safepoint: 14830 ns, Cleanup: 7215 ns, At safepoint: 12840 ns, Total: 34885 ns
[2025-06-13T16:56:16.814+0000][72][info ][safepoint   ] Safepoint "Cleanup", Time since last: 27828201837 ns, Reaching safepoint: 401817 ns, Cleanup: 20995 ns, At safepoint: 163161 ns, Total: 585973 ns
[2025-06-13T16:57:21.771+0000][72][info ][safepoint   ] Safepoint "Cleanup", Time since last: 64962157684 ns, Reaching safepoint: 54624 ns, Cleanup: 20368 ns, At safepoint: 15018 ns, Total: 90010 ns
[2025-06-13T16:59:21.070+0000][72][info ][safepoint   ] Safepoint "Cleanup", Time since last: 119309048386 ns, Reaching safepoint: 67896 ns, Cleanup: 17128 ns, At safepoint: 12314 ns, Total: 97338 ns
[2025-06-13T16:59:31.093+0000][72][info ][safepoint   ] Safepoint "Cleanup", Time since last: 10021307538 ns, Reaching safepoint: 2302876 ns, Cleanup: 20071 ns, At safepoint: 229218 ns, Total: 2552165 ns
[2025-06-13T17:01:01.049+0000][72][info ][safepoint   ] Safepoint "Cleanup", Time since last: 89962409883 ns, Reaching safepoint: 103257 ns, Cleanup: 11518 ns, At safepoint: 44487 ns, Total: 159262 ns
[2025-06-13T17:08:22.157+0000][72][info ][safepoint   ] Safepoint "Cleanup", Time since last: 441146002959 ns, Reaching safepoint: 75072 ns, Cleanup: 17196 ns, At safepoint: 16452 ns, Total: 108720 ns
[2025-06-13T17:11:25.804+0000][72][info ][safepoint   ] Safepoint "Cleanup", Time since last: 183661488700 ns, Reaching safepoint: 81144 ns, Cleanup: 15026 ns, At safepoint: 16427 ns, Total: 112597 ns
[2025-06-13T17:12:39.903+0000][72][info ][safepoint   ] Safepoint "Cleanup", Time since last: 74105221142 ns, Reaching safepoint: 795429 ns, Cleanup: 14101 ns, At safepoint: 90846 ns, Total: 900376 ns
[2025-06-13T17:13:39.950+0000][72][info ][safepoint   ] Safepoint "Cleanup", Time since last: 60052111615 ns, Reaching safepoint: 146026 ns, Cleanup: 11158 ns, At safepoint: 40645 ns, Total: 197829 ns
[2025-06-13T17:16:28.188+0000][72][info ][safepoint   ] Safepoint "Cleanup", Time since last: 168248885359 ns, Reaching safepoint: 505141 ns, Cleanup: 16072 ns, At safepoint: 128174 ns, Total: 649387 ns
[2025-06-13T17:17:21.472+0000][72][info ][safepoint   ] Safepoint "Cleanup", Time since last: 53289330290 ns, Reaching safepoint: 26240 ns, Cleanup: 84660 ns, At safepoint: 12827 ns, Total: 123727 ns
[2025-06-13T17:21:58.180+0000][72][info ][safepoint   ] Safepoint "Cleanup", Time since last: 276728377668 ns, Reaching safepoint: 32420 ns, Cleanup: 116557 ns, At safepoint: 31527 ns, Total: 180504 ns
[2025-06-13T17:22:03.920+0000][72][info ][safepoint   ] Safepoint "Cleanup", Time since last: 5740585381 ns, Reaching safepoint: 6158 ns, Cleanup: 8601 ns, At safepoint: 3146 ns, Total: 17905 ns
[2025-06-13T17:22:05.577+0000][72][info ][safepoint   ] Safepoint "Cleanup", Time since last: 1658974236 ns, Reaching safepoint: 5610 ns, Cleanup: 8491 ns, At safepoint: 13753 ns, Total: 27854 ns
[2025-06-13T17:22:10.583+0000][72][info ][safepoint   ] Safepoint "Cleanup", Time since last: 5005644352 ns, Reaching safepoint: 33091 ns, Cleanup: 19324 ns, At safepoint: 18370 ns, Total: 70785 ns
[2025-06-13T17:26:59.479+0000][72][info ][safepoint   ] Safepoint "Cleanup", Time since last: 288917554333 ns, Reaching safepoint: 33475 ns, Cleanup: 15985 ns, At safepoint: 14489 ns, Total: 63949 ns
[2025-06-13T17:27:05.478+0000][72][info ][safepoint   ] Safepoint "Cleanup", Time since last: 6001351878 ns, Reaching safepoint: 21544 ns, Cleanup: 14602 ns, At safepoint: 10021 ns, Total: 46167 ns
[2025-06-13T17:27:10.484+0000][72][info ][safepoint   ] Safepoint "Cleanup", Time since last: 5005249941 ns, Reaching safepoint: 159523 ns, Cleanup: 20024 ns, At safepoint: 36963 ns, Total: 216510 ns
[2025-06-13T17:27:19.921+0000][72][info ][safepoint   ] Safepoint "Cleanup", Time since last: 9437724771 ns, Reaching safepoint: 15359 ns, Cleanup: 12696 ns, At safepoint: 21479 ns, Total: 49534 ns
[2025-06-13T17:28:07.956+0000][72][info ][safepoint   ] Safepoint "Cleanup", Time since last: 48039603182 ns, Reaching safepoint: 33715 ns, Cleanup: 17578 ns, At safepoint: 14924 ns, Total: 66217 ns
[2025-06-13T17:29:05.024+0000][72][info ][safepoint   ] Safepoint "Cleanup", Time since last: 57072874250 ns, Reaching safepoint: 32931 ns, Cleanup: 15497 ns, At safepoint: 10285 ns, Total: 58713 ns
[2025-06-13T17:31:03.190+0000][72][info ][safepoint   ] Safepoint "Cleanup", Time since last: 118172567554 ns, Reaching safepoint: 114269 ns, Cleanup: 15735 ns, At safepoint: 11503 ns, Total: 141507 ns
[2025-06-13T17:31:13.961+0000][72][info ][safepoint   ] Safepoint "Cleanup", Time since last: 10772923363 ns, Reaching safepoint: 180876 ns, Cleanup: 22281 ns, At safepoint: 41271 ns, Total: 244428 ns
[2025-06-13T17:33:21.026+0000][72][info ][safepoint   ] Safepoint "Cleanup", Time since last: 127074666793 ns, Reaching safepoint: 68883 ns, Cleanup: 18032 ns, At safepoint: 29283 ns, Total: 116198 ns
[2025-06-13T17:38:07.632+0000][72][info ][safepoint   ] Safepoint "Cleanup", Time since last: 286629916494 ns, Reaching safepoint: 32203 ns, Cleanup: 17695 ns, At safepoint: 18460 ns, Total: 68358 ns
[2025-06-13T17:43:07.934+0000][72][info ][safepoint   ] Safepoint "Cleanup", Time since last: 300323704868 ns, Reaching safepoint: 85989 ns, Cleanup: 507515 ns, At safepoint: 160410 ns, Total: 753914 ns
[2025-06-13T17:45:10.003+0000][72][info ][gc,start    ] GC(37) Pause Young (Mixed) (G1 Evacuation Pause)
[2025-06-13T17:45:10.010+0000][72][info ][gc,task     ] GC(37) Using 10 workers of 10 for evacuation
[2025-06-13T17:45:10.011+0000][72][debug][gc,age      ] GC(37) Desired survivor size 153092096 bytes, new threshold 15 (max threshold 15)
[2025-06-13T17:45:10.272+0000][72][info ][gc,mmu      ] GC(37) MMU target violated: 201.0ms (200.0ms/201.0ms)
[2025-06-13T17:45:10.274+0000][72][info ][gc,phases   ] GC(37)   Pre Evacuate Collection Set: 16.36ms
[2025-06-13T17:45:10.274+0000][72][info ][gc,phases   ] GC(37)   Merge Heap Roots: 2.90ms
[2025-06-13T17:45:10.274+0000][72][info ][gc,phases   ] GC(37)   Evacuate Collection Set: 222.33ms
[2025-06-13T17:45:10.275+0000][72][info ][gc,phases   ] GC(37)   Post Evacuate Collection Set: 18.07ms
[2025-06-13T17:45:10.275+0000][72][info ][gc,phases   ] GC(37)   Other: 6.67ms
[2025-06-13T17:45:10.276+0000][72][trace][gc,age      ] GC(37) Age table with threshold 15 (max threshold 15)
[2025-06-13T17:45:10.276+0000][72][trace][gc,age      ] GC(37) - age   1:    1319288 bytes,    1319288 total
[2025-06-13T17:45:10.277+0000][72][trace][gc,age      ] GC(37) - age   2:     201040 bytes,    1520328 total
[2025-06-13T17:45:10.277+0000][72][trace][gc,age      ] GC(37) - age   3:     603384 bytes,    2123712 total
[2025-06-13T17:45:10.277+0000][72][trace][gc,age      ] GC(37) - age   4:     132368 bytes,    2256080 total
[2025-06-13T17:45:10.278+0000][72][trace][gc,age      ] GC(37) - age   5:     115592 bytes,    2371672 total
[2025-06-13T17:45:10.278+0000][72][trace][gc,age      ] GC(37) - age   6:     114720 bytes,    2486392 total
[2025-06-13T17:45:10.278+0000][72][trace][gc,age      ] GC(37) - age   7:     126160 bytes,    2612552 total
[2025-06-13T17:45:10.279+0000][72][trace][gc,age      ] GC(37) - age   8:     125376 bytes,    2737928 total
[2025-06-13T17:45:10.279+0000][72][trace][gc,age      ] GC(37) - age   9:     119992 bytes,    2857920 total
[2025-06-13T17:45:10.280+0000][72][trace][gc,age      ] GC(37) - age  10:     131360 bytes,    2989280 total
[2025-06-13T17:45:10.280+0000][72][trace][gc,age      ] GC(37) - age  11:     119720 bytes,    3109000 total
[2025-06-13T17:45:10.280+0000][72][trace][gc,age      ] GC(37) - age  12:     120144 bytes,    3229144 total
[2025-06-13T17:45:10.281+0000][72][trace][gc,age      ] GC(37) - age  13:       5744 bytes,    3234888 total
[2025-06-13T17:45:10.281+0000][72][trace][gc,age      ] GC(37) - age  14:     134376 bytes,    3369264 total
[2025-06-13T17:45:10.282+0000][72][trace][gc,age      ] GC(37) - age  15:     153048 bytes,    3522312 total
[2025-06-13T17:45:10.282+0000][72][info ][gc,heap     ] GC(37) Eden regions: 581->0(581)
[2025-06-13T17:45:10.283+0000][72][info ][gc,heap     ] GC(37) Survivor regions: 1->1(73)
[2025-06-13T17:45:10.283+0000][72][info ][gc,heap     ] GC(37) Old regions: 27->27
[2025-06-13T17:45:10.284+0000][72][info ][gc,heap     ] GC(37) Humongous regions: 0->0
[2025-06-13T17:45:10.284+0000][72][info ][gc,metaspace] GC(37) Metaspace: 146640K(153088K)->146640K(153088K) NonClass: 127206K(131136K)->127206K(131136K) Class: 19434K(21952K)->19434K(21952K)
[2025-06-13T17:45:10.285+0000][72][info ][gc          ] GC(37) Pause Young (Mixed) (G1 Evacuation Pause) 2432M->108M(3880M) 282.218ms
[2025-06-13T17:45:10.286+0000][72][info ][gc,cpu      ] GC(37) User=1.19s Sys=0.27s Real=0.29s
[2025-06-13T17:45:10.286+0000][72][info ][safepoint   ] Safepoint "G1CollectForAllocation", Time since last: 122075699986 ns, Reaching safepoint: 33505 ns, Cleanup: 30393 ns, At safepoint: 286674421 ns, Total: 286738319 ns
[2025-06-13T17:46:46.401+0000][72][info ][safepoint   ] Safepoint "Cleanup", Time since last: 96121801567 ns, Reaching safepoint: 23559 ns, Cleanup: 66111 ns, At safepoint: 31410 ns, Total: 121080 ns
[2025-06-13T17:48:08.502+0000][72][info ][safepoint   ] Safepoint "Cleanup", Time since last: 82108090724 ns, Reaching safepoint: 42189 ns, Cleanup: 18760 ns, At safepoint: 66933 ns, Total: 127882 ns
[2025-06-13T17:52:31.795+0000][72][info ][safepoint   ] Safepoint "Cleanup", Time since last: 263310788274 ns, Reaching safepoint: 700285 ns, Cleanup: 335965 ns, At safepoint: 208070 ns, Total: 1244320 ns
[2025-06-13T17:58:08.177+0000][72][info ][safepoint   ] Safepoint "Cleanup", Time since last: 336410736736 ns, Reaching safepoint: 36311 ns, Cleanup: 109489 ns, At safepoint: 28755 ns, Total: 174555 ns
[2025-06-13T18:01:55.064+0000][72][info ][safepoint   ] Safepoint "Cleanup", Time since last: 226902731488 ns, Reaching safepoint: 28334 ns, Cleanup: 13903 ns, At safepoint: 125891 ns, Total: 168128 ns
[2025-06-13T18:01:56.783+0000][72][info ][safepoint   ] Safepoint "Cleanup", Time since last: 1718678812 ns, Reaching safepoint: 27803 ns, Cleanup: 22413 ns, At safepoint: 15891 ns, Total: 66107 ns
[2025-06-13T18:01:57.810+0000][72][info ][safepoint   ] Safepoint "Cleanup", Time since last: 1027344800 ns, Reaching safepoint: 64833 ns, Cleanup: 17656 ns, At safepoint: 29111 ns, Total: 111600 ns
[2025-06-13T18:06:57.903+0000][72][info ][safepoint   ] Safepoint "Cleanup", Time since last: 300115663527 ns, Reaching safepoint: 150304 ns, Cleanup: 491769 ns, At safepoint: 141207 ns, Total: 783280 ns
[2025-06-13T18:17:37.038+0000][72][info ][safepoint   ] Safepoint "Cleanup", Time since last: 639189375996 ns, Reaching safepoint: 219459 ns, Cleanup: 85131 ns, At safepoint: 59902 ns, Total: 364492 ns
[2025-06-13T18:29:06.909+0000][72][info ][safepoint   ] Safepoint "Cleanup", Time since last: 689928266285 ns, Reaching safepoint: 724221 ns, Cleanup: 153358 ns, At safepoint: 160613 ns, Total: 1038192 ns
[2025-06-13T18:29:08.662+0000][72][info ][safepoint   ] Safepoint "Cleanup", Time since last: 1752651587 ns, Reaching safepoint: 30281 ns, Cleanup: 17328 ns, At safepoint: 16953 ns, Total: 64562 ns
[2025-06-13T18:29:21.913+0000][72][info ][safepoint   ] Safepoint "Cleanup", Time since last: 13251168361 ns, Reaching safepoint: 26383 ns, Cleanup: 12030 ns, At safepoint: 11847 ns, Total: 50260 ns
[2025-06-13T18:29:27.570+0000][72][info ][safepoint   ] Safepoint "Cleanup", Time since last: 5656297903 ns, Reaching safepoint: 14317 ns, Cleanup: 16677 ns, At safepoint: 79619 ns, Total: 110613 ns
[2025-06-13T18:30:13.012+0000][72][info ][safepoint   ] Safepoint "Cleanup", Time since last: 45447152808 ns, Reaching safepoint: 15231 ns, Cleanup: 20390 ns, At safepoint: 90956 ns, Total: 126577 ns
[2025-06-13T18:30:14.839+0000][72][info ][safepoint   ] Safepoint "Cleanup", Time since last: 1827247135 ns, Reaching safepoint: 32701 ns, Cleanup: 21718 ns, At safepoint: 15531 ns, Total: 69950 ns
[2025-06-13T18:35:33.441+0000][72][info ][gc,start    ] GC(38) Pause Young (Normal) (G1 Evacuation Pause)
[2025-06-13T18:35:33.445+0000][72][info ][gc,task     ] GC(38) Using 10 workers of 10 for evacuation
[2025-06-13T18:35:33.446+0000][72][debug][gc,age      ] GC(38) Desired survivor size 153092096 bytes, new threshold 15 (max threshold 15)
[2025-06-13T18:35:33.589+0000][72][info ][gc,phases   ] GC(38)   Pre Evacuate Collection Set: 13.46ms
[2025-06-13T18:35:33.590+0000][72][info ][gc,phases   ] GC(38)   Merge Heap Roots: 1.63ms
[2025-06-13T18:35:33.590+0000][72][info ][gc,phases   ] GC(38)   Evacuate Collection Set: 113.29ms
[2025-06-13T18:35:33.591+0000][72][info ][gc,phases   ] GC(38)   Post Evacuate Collection Set: 14.05ms
[2025-06-13T18:35:33.591+0000][72][info ][gc,phases   ] GC(38)   Other: 3.64ms
[2025-06-13T18:35:33.592+0000][72][trace][gc,age      ] GC(38) Age table with threshold 15 (max threshold 15)
[2025-06-13T18:35:33.592+0000][72][trace][gc,age      ] GC(38) - age   1:    1393512 bytes,    1393512 total
[2025-06-13T18:35:33.593+0000][72][trace][gc,age      ] GC(38) - age   2:     171344 bytes,    1564856 total
[2025-06-13T18:35:33.593+0000][72][trace][gc,age      ] GC(38) - age   3:     165400 bytes,    1730256 total
[2025-06-13T18:35:33.594+0000][72][trace][gc,age      ] GC(38) - age   4:     603080 bytes,    2333336 total
[2025-06-13T18:35:33.594+0000][72][trace][gc,age      ] GC(38) - age   5:     116160 bytes,    2449496 total
[2025-06-13T18:35:33.594+0000][72][trace][gc,age      ] GC(38) - age   6:     115552 bytes,    2565048 total
[2025-06-13T18:35:33.596+0000][72][trace][gc,age      ] GC(38) - age   7:     114720 bytes,    2679768 total
[2025-06-13T18:35:33.596+0000][72][trace][gc,age      ] GC(38) - age   8:     126080 bytes,    2805848 total
[2025-06-13T18:35:33.596+0000][72][trace][gc,age      ] GC(38) - age   9:     125376 bytes,    2931224 total
[2025-06-13T18:35:33.597+0000][72][trace][gc,age      ] GC(38) - age  10:     119992 bytes,    3051216 total
[2025-06-13T18:35:33.597+0000][72][trace][gc,age      ] GC(38) - age  11:     131360 bytes,    3182576 total
[2025-06-13T18:35:33.597+0000][72][trace][gc,age      ] GC(38) - age  12:     119720 bytes,    3302296 total
[2025-06-13T18:35:33.598+0000][72][trace][gc,age      ] GC(38) - age  13:     120144 bytes,    3422440 total
[2025-06-13T18:35:33.598+0000][72][trace][gc,age      ] GC(38) - age  14:       5744 bytes,    3428184 total
[2025-06-13T18:35:33.599+0000][72][trace][gc,age      ] GC(38) - age  15:     134376 bytes,    3562560 total
[2025-06-13T18:35:33.599+0000][72][info ][gc,heap     ] GC(38) Eden regions: 581->0(581)
[2025-06-13T18:35:33.600+0000][72][info ][gc,heap     ] GC(38) Survivor regions: 1->1(73)
[2025-06-13T18:35:33.601+0000][72][info ][gc,heap     ] GC(38) Old regions: 27->27
[2025-06-13T18:35:33.602+0000][72][info ][gc,heap     ] GC(38) Humongous regions: 0->0
[2025-06-13T18:35:33.602+0000][72][info ][gc,metaspace] GC(38) Metaspace: 146671K(153088K)->146671K(153088K) NonClass: 127235K(131136K)->127235K(131136K) Class: 19436K(21952K)->19436K(21952K)
[2025-06-13T18:35:33.603+0000][72][info ][gc          ] GC(38) Pause Young (Normal) (G1 Evacuation Pause) 2432M->108M(3880M) 162.343ms
[2025-06-13T18:35:33.603+0000][72][info ][gc,cpu      ] GC(38) User=0.81s Sys=0.02s Real=0.16s
[2025-06-13T18:35:33.604+0000][72][info ][safepoint   ] Safepoint "G1CollectForAllocation", Time since last: 318624965736 ns, Reaching safepoint: 161903 ns, Cleanup: 9756 ns, At safepoint: 164911477 ns, Total: 165083136 ns
[2025-06-13T18:36:59.322+0000][72][info ][safepoint   ] Safepoint "Cleanup", Time since last: 85726280530 ns, Reaching safepoint: 47178 ns, Cleanup: 42943 ns, At safepoint: 11756 ns, Total: 101877 ns
[2025-06-13T18:46:19.882+0000][72][info ][safepoint   ] Safepoint "Cleanup", Time since last: 560607314002 ns, Reaching safepoint: 41801 ns, Cleanup: 69368 ns, At safepoint: 46011 ns, Total: 157180 ns
[2025-06-13T18:50:38.575+0000][72][info ][safepoint   ] Safepoint "Cleanup", Time since last: 258720394001 ns, Reaching safepoint: 2453911 ns, Cleanup: 122258 ns, At safepoint: 85019 ns, Total: 2661188 ns
[2025-06-13T18:55:22.547+0000][72][info ][safepoint   ] Safepoint "Cleanup", Time since last: 283986610067 ns, Reaching safepoint: 275575 ns, Cleanup: 85658 ns, At safepoint: 56550 ns, Total: 417783 ns
[2025-06-13T18:55:34.752+0000][72][info ][safepoint   ] Safepoint "Cleanup", Time since last: 12207847504 ns, Reaching safepoint: 74882 ns, Cleanup: 24436 ns, At safepoint: 17755 ns, Total: 117073 ns
[2025-06-13T18:56:24.945+0000][72][info ][safepoint   ] Safepoint "Cleanup", Time since last: 50190830282 ns, Reaching safepoint: 4298288 ns, Cleanup: 11323 ns, At safepoint: 56365 ns, Total: 4365976 ns
[2025-06-13T18:57:26.916+0000][72][info ][safepoint   ] Safepoint "Cleanup", Time since last: 61976144823 ns, Reaching safepoint: 9347 ns, Cleanup: 7927 ns, At safepoint: 3056 ns, Total: 20330 ns
[2025-06-13T18:57:29.942+0000][72][info ][safepoint   ] Safepoint "Cleanup", Time since last: 3026013494 ns, Reaching safepoint: 67070 ns, Cleanup: 20329 ns, At safepoint: 19827 ns, Total: 107226 ns
[2025-06-13T19:01:22.042+0000][72][info ][safepoint   ] Safepoint "Cleanup", Time since last: 232119852322 ns, Reaching safepoint: 22336 ns, Cleanup: 52809 ns, At safepoint: 22408 ns, Total: 97553 ns
[2025-06-13T19:02:04.243+0000][72][info ][safepoint   ] Safepoint "Cleanup", Time since last: 42204240682 ns, Reaching safepoint: 33025 ns, Cleanup: 15428 ns, At safepoint: 15954 ns, Total: 64407 ns
[2025-06-13T19:02:46.374+0000][72][info ][safepoint   ] Safepoint "Cleanup", Time since last: 42135376582 ns, Reaching safepoint: 17512 ns, Cleanup: 11864 ns, At safepoint: 8484 ns, Total: 37860 ns
[2025-06-13T19:06:05.540+0000][72][info ][safepoint   ] Safepoint "Cleanup", Time since last: 199184604156 ns, Reaching safepoint: 29205 ns, Cleanup: 14999 ns, At safepoint: 10782 ns, Total: 54986 ns
[2025-06-13T19:08:04.702+0000][72][info ][safepoint   ] Safepoint "Cleanup", Time since last: 119169199750 ns, Reaching safepoint: 36597 ns, Cleanup: 19873 ns, At safepoint: 19924 ns, Total: 76394 ns
[2025-06-13T19:17:36.937+0000][72][info ][safepoint   ] Safepoint "Cleanup", Time since last: 572286362209 ns, Reaching safepoint: 378179 ns, Cleanup: 16940 ns, At safepoint: 80053 ns, Total: 475172 ns
[2025-06-13T19:23:20.300+0000][72][info ][safepoint   ] Safepoint "Cleanup", Time since last: 343391513437 ns, Reaching safepoint: 49218 ns, Cleanup: 156438 ns, At safepoint: 19947 ns, Total: 225603 ns
[2025-06-13T19:23:43.633+0000][72][info ][safepoint   ] Safepoint "Cleanup", Time since last: 23335425216 ns, Reaching safepoint: 19137 ns, Cleanup: 11856 ns, At safepoint: 13847 ns, Total: 44840 ns
[2025-06-13T19:28:02.697+0000][72][info ][gc,start    ] GC(39) Pause Young (Normal) (G1 Evacuation Pause)
[2025-06-13T19:28:02.704+0000][72][info ][gc,task     ] GC(39) Using 10 workers of 10 for evacuation
[2025-06-13T19:28:02.705+0000][72][debug][gc,age      ] GC(39) Desired survivor size 153092096 bytes, new threshold 15 (max threshold 15)
[2025-06-13T19:28:02.849+0000][72][info ][gc,phases   ] GC(39)   Pre Evacuate Collection Set: 16.60ms
[2025-06-13T19:28:02.849+0000][72][info ][gc,phases   ] GC(39)   Merge Heap Roots: 4.86ms
[2025-06-13T19:28:02.850+0000][72][info ][gc,phases   ] GC(39)   Evacuate Collection Set: 96.91ms
[2025-06-13T19:28:02.850+0000][72][info ][gc,phases   ] GC(39)   Post Evacuate Collection Set: 22.66ms
[2025-06-13T19:28:02.851+0000][72][info ][gc,phases   ] GC(39)   Other: 6.79ms
[2025-06-13T19:28:02.851+0000][72][trace][gc,age      ] GC(39) Age table with threshold 15 (max threshold 15)
[2025-06-13T19:28:02.852+0000][72][trace][gc,age      ] GC(39) - age   1:    1084400 bytes,    1084400 total
[2025-06-13T19:28:02.852+0000][72][trace][gc,age      ] GC(39) - age   2:     493552 bytes,    1577952 total
[2025-06-13T19:28:02.853+0000][72][trace][gc,age      ] GC(39) - age   3:     119936 bytes,    1697888 total
[2025-06-13T19:28:02.853+0000][72][trace][gc,age      ] GC(39) - age   4:     148488 bytes,    1846376 total
[2025-06-13T19:28:02.854+0000][72][trace][gc,age      ] GC(39) - age   5:     586888 bytes,    2433264 total
[2025-06-13T19:28:02.855+0000][72][trace][gc,age      ] GC(39) - age   6:     115768 bytes,    2549032 total
[2025-06-13T19:28:02.855+0000][72][trace][gc,age      ] GC(39) - age   7:     115416 bytes,    2664448 total
[2025-06-13T19:28:02.855+0000][72][trace][gc,age      ] GC(39) - age   8:     114720 bytes,    2779168 total
[2025-06-13T19:28:02.856+0000][72][trace][gc,age      ] GC(39) - age   9:     126040 bytes,    2905208 total
[2025-06-13T19:28:02.857+0000][72][trace][gc,age      ] GC(39) - age  10:     125320 bytes,    3030528 total
[2025-06-13T19:28:02.857+0000][72][trace][gc,age      ] GC(39) - age  11:     119992 bytes,    3150520 total
[2025-06-13T19:28:02.858+0000][72][trace][gc,age      ] GC(39) - age  12:     131360 bytes,    3281880 total
[2025-06-13T19:28:02.858+0000][72][trace][gc,age      ] GC(39) - age  13:     119720 bytes,    3401600 total
[2025-06-13T19:28:02.858+0000][72][trace][gc,age      ] GC(39) - age  14:     120144 bytes,    3521744 total
[2025-06-13T19:28:02.859+0000][72][trace][gc,age      ] GC(39) - age  15:       5744 bytes,    3527488 total
[2025-06-13T19:28:02.859+0000][72][info ][gc,heap     ] GC(39) Eden regions: 581->0(581)
[2025-06-13T19:28:02.859+0000][72][info ][gc,heap     ] GC(39) Survivor regions: 1->1(73)
[2025-06-13T19:28:02.860+0000][72][info ][gc,heap     ] GC(39) Old regions: 27->27
[2025-06-13T19:28:02.860+0000][72][info ][gc,heap     ] GC(39) Humongous regions: 0->0
[2025-06-13T19:28:02.861+0000][72][info ][gc,metaspace] GC(39) Metaspace: 146682K(153088K)->146682K(153088K) NonClass: 127246K(131136K)->127246K(131136K) Class: 19436K(21952K)->19436K(21952K)
[2025-06-13T19:28:02.862+0000][72][info ][gc          ] GC(39) Pause Young (Normal) (G1 Evacuation Pause) 2432M->109M(3880M) 164.281ms
[2025-06-13T19:28:02.862+0000][72][info ][gc,cpu      ] GC(39) User=0.71s Sys=0.04s Real=0.17s
[2025-06-13T19:28:02.862+0000][72][info ][safepoint   ] Safepoint "G1CollectForAllocation", Time since last: 259081230012 ns, Reaching safepoint: 29491 ns, Cleanup: 6746 ns, At safepoint: 168194511 ns, Total: 168230748 ns
[2025-06-13T19:29:10.992+0000][72][info ][safepoint   ] Safepoint "Cleanup", Time since last: 68137927613 ns, Reaching safepoint: 121226 ns, Cleanup: 39498 ns, At safepoint: 15295 ns, Total: 176019 ns
[2025-06-13T19:33:08.527+0000][72][info ][safepoint   ] Safepoint "Cleanup", Time since last: 237554814099 ns, Reaching safepoint: 64251 ns, Cleanup: 16199 ns, At safepoint: 11361 ns, Total: 91811 ns
[2025-06-13T19:38:25.669+0000][72][info ][safepoint   ] Safepoint "Cleanup", Time since last: 317167692747 ns, Reaching safepoint: 14080 ns, Cleanup: 9438 ns, At safepoint: 15264 ns, Total: 38782 ns
[2025-06-13T19:46:49.162+0000][72][info ][safepoint   ] Safepoint "Cleanup", Time since last: 503536115487 ns, Reaching safepoint: 18323 ns, Cleanup: 10233 ns, At safepoint: 18057 ns, Total: 46613 ns
[2025-06-13T19:46:51.183+0000][72][info ][safepoint   ] Safepoint "Cleanup", Time since last: 2020390704 ns, Reaching safepoint: 29650 ns, Cleanup: 15271 ns, At safepoint: 16851 ns, Total: 61772 ns
[2025-06-13T19:47:21.234+0000][72][info ][safepoint   ] Safepoint "Cleanup", Time since last: 30053280408 ns, Reaching safepoint: 25602 ns, Cleanup: 16805 ns, At safepoint: 12121 ns, Total: 54528 ns
[2025-06-13T19:47:31.237+0000][72][info ][safepoint   ] Safepoint "Cleanup", Time since last: 10002472163 ns, Reaching safepoint: 150388 ns, Cleanup: 16888 ns, At safepoint: 19386 ns, Total: 186662 ns
[2025-06-13T19:53:07.599+0000][72][info ][safepoint   ] Safepoint "Cleanup", Time since last: 336391649434 ns, Reaching safepoint: 12583 ns, Cleanup: 8878 ns, At safepoint: 14241 ns, Total: 35702 ns
[2025-06-13T19:53:28.469+0000][72][info ][safepoint   ] Safepoint "Cleanup", Time since last: 20870159232 ns, Reaching safepoint: 18068 ns, Cleanup: 13350 ns, At safepoint: 9214 ns, Total: 40632 ns
[2025-06-13T20:03:27.453+0000][72][info ][safepoint   ] Safepoint "Cleanup", Time since last: 599034742040 ns, Reaching safepoint: 44871 ns, Cleanup: 113997 ns, At safepoint: 66712 ns, Total: 225580 ns
[2025-06-13T20:06:08.436+0000][72][info ][safepoint   ] Safepoint "Cleanup", Time since last: 160997342533 ns, Reaching safepoint: 70991 ns, Cleanup: 53045 ns, At safepoint: 27707 ns, Total: 151743 ns
[2025-06-13T20:14:06.813+0000][72][info ][safepoint   ] Safepoint "Cleanup", Time since last: 478416556637 ns, Reaching safepoint: 18406 ns, Cleanup: 35086 ns, At safepoint: 4211 ns, Total: 57703 ns
[2025-06-13T20:14:07.959+0000][72][info ][safepoint   ] Safepoint "Cleanup", Time since last: 1145782717 ns, Reaching safepoint: 28588 ns, Cleanup: 19360 ns, At safepoint: 17154 ns, Total: 65102 ns
[2025-06-13T20:18:12.777+0000][72][info ][gc,start    ] GC(40) Pause Young (Normal) (G1 Evacuation Pause)
[2025-06-13T20:18:12.780+0000][72][info ][gc,task     ] GC(40) Using 10 workers of 10 for evacuation
[2025-06-13T20:18:12.780+0000][72][debug][gc,age      ] GC(40) Desired survivor size 153092096 bytes, new threshold 15 (max threshold 15)
[2025-06-13T20:18:12.901+0000][72][info ][gc,phases   ] GC(40)   Pre Evacuate Collection Set: 10.90ms
[2025-06-13T20:18:12.901+0000][72][info ][gc,phases   ] GC(40)   Merge Heap Roots: 2.18ms
[2025-06-13T20:18:12.902+0000][72][info ][gc,phases   ] GC(40)   Evacuate Collection Set: 91.50ms
[2025-06-13T20:18:12.902+0000][72][info ][gc,phases   ] GC(40)   Post Evacuate Collection Set: 13.27ms
[2025-06-13T20:18:12.903+0000][72][info ][gc,phases   ] GC(40)   Other: 4.35ms
[2025-06-13T20:18:12.903+0000][72][trace][gc,age      ] GC(40) Age table with threshold 15 (max threshold 15)
[2025-06-13T20:18:12.904+0000][72][trace][gc,age      ] GC(40) - age   1:    1649304 bytes,    1649304 total
[2025-06-13T20:18:12.904+0000][72][trace][gc,age      ] GC(40) - age   2:     123216 bytes,    1772520 total
[2025-06-13T20:18:12.904+0000][72][trace][gc,age      ] GC(40) - age   3:     117864 bytes,    1890384 total
[2025-06-13T20:18:12.905+0000][72][trace][gc,age      ] GC(40) - age   4:     119456 bytes,    2009840 total
[2025-06-13T20:18:12.905+0000][72][trace][gc,age      ] GC(40) - age   5:     132120 bytes,    2141960 total
[2025-06-13T20:18:12.906+0000][72][trace][gc,age      ] GC(40) - age   6:     586888 bytes,    2728848 total
[2025-06-13T20:18:12.906+0000][72][trace][gc,age      ] GC(40) - age   7:     115768 bytes,    2844616 total
[2025-06-13T20:18:12.906+0000][72][trace][gc,age      ] GC(40) - age   8:     115416 bytes,    2960032 total
[2025-06-13T20:18:12.907+0000][72][trace][gc,age      ] GC(40) - age   9:     114720 bytes,    3074752 total
[2025-06-13T20:18:12.907+0000][72][trace][gc,age      ] GC(40) - age  10:     126040 bytes,    3200792 total
[2025-06-13T20:18:12.907+0000][72][trace][gc,age      ] GC(40) - age  11:     125320 bytes,    3326112 total
[2025-06-13T20:18:12.908+0000][72][trace][gc,age      ] GC(40) - age  12:     119952 bytes,    3446064 total
[2025-06-13T20:18:12.908+0000][72][trace][gc,age      ] GC(40) - age  13:     131360 bytes,    3577424 total
[2025-06-13T20:18:12.909+0000][72][trace][gc,age      ] GC(40) - age  14:     119720 bytes,    3697144 total
[2025-06-13T20:18:12.909+0000][72][trace][gc,age      ] GC(40) - age  15:     120144 bytes,    3817288 total
[2025-06-13T20:18:12.909+0000][72][info ][gc,heap     ] GC(40) Eden regions: 581->0(580)
[2025-06-13T20:18:12.910+0000][72][info ][gc,heap     ] GC(40) Survivor regions: 1->2(73)
[2025-06-13T20:18:12.910+0000][72][info ][gc,heap     ] GC(40) Old regions: 27->27
[2025-06-13T20:18:12.910+0000][72][info ][gc,heap     ] GC(40) Humongous regions: 0->0
[2025-06-13T20:18:12.911+0000][72][info ][gc,metaspace] GC(40) Metaspace: 146697K(153088K)->146697K(153088K) NonClass: 127261K(131136K)->127261K(131136K) Class: 19436K(21952K)->19436K(21952K)
[2025-06-13T20:18:12.912+0000][72][info ][gc          ] GC(40) Pause Young (Normal) (G1 Evacuation Pause) 2433M->109M(3880M) 135.902ms
[2025-06-13T20:18:12.912+0000][72][info ][gc,cpu      ] GC(40) User=0.64s Sys=0.00s Real=0.14s
[2025-06-13T20:18:12.913+0000][72][info ][safepoint   ] Safepoint "G1CollectForAllocation", Time since last: 244833107941 ns, Reaching safepoint: 58973 ns, Cleanup: 5837 ns, At safepoint: 139934448 ns, Total: 139999258 ns
[2025-06-13T20:19:21.777+0000][72][info ][safepoint   ] Safepoint "Cleanup", Time since last: 68868279969 ns, Reaching safepoint: 17715 ns, Cleanup: 12752 ns, At safepoint: 23983 ns, Total: 54450 ns
[2025-06-13T20:19:23.342+0000][72][info ][safepoint   ] Safepoint "Cleanup", Time since last: 1565471006 ns, Reaching safepoint: 32357 ns, Cleanup: 20188 ns, At safepoint: 12583 ns, Total: 65128 ns
[2025-06-13T20:29:12.751+0000][72][info ][safepoint   ] Safepoint "Cleanup", Time since last: 589456635665 ns, Reaching safepoint: 333209 ns, Cleanup: 254036 ns, At safepoint: 215701 ns, Total: 802946 ns
[2025-06-13T20:33:23.372+0000][72][info ][safepoint   ] Safepoint "Cleanup", Time since last: 250640749851 ns, Reaching safepoint: 40330 ns, Cleanup: 198565 ns, At safepoint: 39449 ns, Total: 278344 ns
[2025-06-13T20:34:04.419+0000][72][info ][safepoint   ] Safepoint "Cleanup", Time since last: 41048323390 ns, Reaching safepoint: 31130 ns, Cleanup: 14660 ns, At safepoint: 69619 ns, Total: 115409 ns
[2025-06-13T20:35:07.462+0000][72][info ][safepoint   ] Safepoint "Cleanup", Time since last: 63050448963 ns, Reaching safepoint: 13364 ns, Cleanup: 17491 ns, At safepoint: 77255 ns, Total: 108110 ns
[2025-06-13T20:37:50.283+0000][72][info ][safepoint   ] Safepoint "Cleanup", Time since last: 162833402784 ns, Reaching safepoint: 358316 ns, Cleanup: 71076 ns, At safepoint: 28333 ns, Total: 457725 ns
[2025-06-13T20:39:19.349+0000][72][info ][safepoint   ] Safepoint "Cleanup", Time since last: 89072824287 ns, Reaching safepoint: 16727 ns, Cleanup: 16524 ns, At safepoint: 13042 ns, Total: 46293 ns
[2025-06-13T20:40:22.706+0000][72][info ][safepoint   ] Safepoint "Cleanup", Time since last: 63361585057 ns, Reaching safepoint: 17029 ns, Cleanup: 23951 ns, At safepoint: 84652 ns, Total: 125632 ns
[2025-06-13T20:47:20.660+0000][72][info ][safepoint   ] Safepoint "Cleanup", Time since last: 417990169488 ns, Reaching safepoint: 32348 ns, Cleanup: 116981 ns, At safepoint: 26385 ns, Total: 175714 ns
[2025-06-13T20:48:20.700+0000][72][info ][safepoint   ] Safepoint "Cleanup", Time since last: 60043809328 ns, Reaching safepoint: 65969 ns, Cleanup: 18563 ns, At safepoint: 29207 ns, Total: 113739 ns
[2025-06-13T20:49:49.373+0000][72][info ][safepoint   ] Safepoint "Cleanup", Time since last: 88680922179 ns, Reaching safepoint: 10957 ns, Cleanup: 11465 ns, At safepoint: 4355 ns, Total: 26777 ns
[2025-06-13T20:50:19.778+0000][72][info ][safepoint   ] Safepoint "Cleanup", Time since last: 30407380074 ns, Reaching safepoint: 10317 ns, Cleanup: 14249 ns, At safepoint: 3691 ns, Total: 28257 ns
[2025-06-13T20:53:08.509+0000][72][info ][safepoint   ] Safepoint "Cleanup", Time since last: 168746017443 ns, Reaching safepoint: 122916 ns, Cleanup: 19134 ns, At safepoint: 47598 ns, Total: 189648 ns
[2025-06-13T20:59:15.940+0000][72][info ][safepoint   ] Safepoint "Cleanup", Time since last: 367460637198 ns, Reaching safepoint: 32771 ns, Cleanup: 14516 ns, At safepoint: 70497 ns, Total: 117784 ns
[2025-06-13T20:59:19.970+0000][72][info ][safepoint   ] Safepoint "Cleanup", Time since last: 4030045045 ns, Reaching safepoint: 17390 ns, Cleanup: 13379 ns, At safepoint: 7460 ns, Total: 38229 ns
[2025-06-13T21:01:21.716+0000][72][info ][safepoint   ] Safepoint "Cleanup", Time since last: 121755976965 ns, Reaching safepoint: 28701 ns, Cleanup: 12218 ns, At safepoint: 119558 ns, Total: 160477 ns
[2025-06-13T21:03:20.120+0000][72][info ][safepoint   ] Safepoint "Cleanup", Time since last: 118413981526 ns, Reaching safepoint: 75008 ns, Cleanup: 19407 ns, At safepoint: 31244 ns, Total: 125659 ns
[2025-06-13T21:05:20.316+0000][72][info ][safepoint   ] Safepoint "Cleanup", Time since last: 120204833086 ns, Reaching safepoint: 114024 ns, Cleanup: 18398 ns, At safepoint: 15566 ns, Total: 147988 ns
[2025-06-13T21:07:59.168+0000][72][info ][gc,start    ] GC(41) Pause Young (Normal) (G1 Evacuation Pause)
[2025-06-13T21:07:59.170+0000][72][info ][gc,task     ] GC(41) Using 10 workers of 10 for evacuation
[2025-06-13T21:07:59.171+0000][72][debug][gc,age      ] GC(41) Desired survivor size 153092096 bytes, new threshold 15 (max threshold 15)
[2025-06-13T21:07:59.274+0000][72][info ][gc,phases   ] GC(41)   Pre Evacuate Collection Set: 12.07ms
[2025-06-13T21:07:59.275+0000][72][info ][gc,phases   ] GC(41)   Merge Heap Roots: 1.66ms
[2025-06-13T21:07:59.275+0000][72][info ][gc,phases   ] GC(41)   Evacuate Collection Set: 75.46ms
[2025-06-13T21:07:59.276+0000][72][info ][gc,phases   ] GC(41)   Post Evacuate Collection Set: 12.14ms
[2025-06-13T21:07:59.276+0000][72][info ][gc,phases   ] GC(41)   Other: 3.53ms
[2025-06-13T21:07:59.277+0000][72][trace][gc,age      ] GC(41) Age table with threshold 15 (max threshold 15)
[2025-06-13T21:07:59.277+0000][72][trace][gc,age      ] GC(41) - age   1:    1208920 bytes,    1208920 total
[2025-06-13T21:07:59.277+0000][72][trace][gc,age      ] GC(41) - age   2:     201104 bytes,    1410024 total
[2025-06-13T21:07:59.278+0000][72][trace][gc,age      ] GC(41) - age   3:     118664 bytes,    1528688 total
[2025-06-13T21:07:59.278+0000][72][trace][gc,age      ] GC(41) - age   4:     117352 bytes,    1646040 total
[2025-06-13T21:07:59.279+0000][72][trace][gc,age      ] GC(41) - age   5:     118648 bytes,    1764688 total
[2025-06-13T21:07:59.279+0000][72][trace][gc,age      ] GC(41) - age   6:     132024 bytes,    1896712 total
[2025-06-13T21:07:59.279+0000][72][trace][gc,age      ] GC(41) - age   7:     586712 bytes,    2483424 total
[2025-06-13T21:07:59.280+0000][72][trace][gc,age      ] GC(41) - age   8:     115728 bytes,    2599152 total
[2025-06-13T21:07:59.280+0000][72][trace][gc,age      ] GC(41) - age   9:     115416 bytes,    2714568 total
[2025-06-13T21:07:59.281+0000][72][trace][gc,age      ] GC(41) - age  10:     114720 bytes,    2829288 total
[2025-06-13T21:07:59.281+0000][72][trace][gc,age      ] GC(41) - age  11:     126040 bytes,    2955328 total
[2025-06-13T21:07:59.281+0000][72][trace][gc,age      ] GC(41) - age  12:     125280 bytes,    3080608 total
[2025-06-13T21:07:59.282+0000][72][trace][gc,age      ] GC(41) - age  13:     119952 bytes,    3200560 total
[2025-06-13T21:07:59.283+0000][72][trace][gc,age      ] GC(41) - age  14:     131360 bytes,    3331920 total
[2025-06-13T21:07:59.283+0000][72][trace][gc,age      ] GC(41) - age  15:     119720 bytes,    3451640 total
[2025-06-13T21:07:59.283+0000][72][info ][gc,heap     ] GC(41) Eden regions: 580->0(581)
[2025-06-13T21:07:59.284+0000][72][info ][gc,heap     ] GC(41) Survivor regions: 2->1(73)
[2025-06-13T21:07:59.284+0000][72][info ][gc,heap     ] GC(41) Old regions: 27->27
[2025-06-13T21:07:59.285+0000][72][info ][gc,heap     ] GC(41) Humongous regions: 0->0
[2025-06-13T21:07:59.285+0000][72][info ][gc,metaspace] GC(41) Metaspace: 146699K(153088K)->146699K(153088K) NonClass: 127263K(131136K)->127263K(131136K) Class: 19436K(21952K)->19436K(21952K)
[2025-06-13T21:07:59.286+0000][72][info ][gc          ] GC(41) Pause Young (Normal) (G1 Evacuation Pause) 2429M->109M(3880M) 117.514ms
[2025-06-13T21:07:59.286+0000][72][info ][gc,cpu      ] GC(41) User=0.50s Sys=0.04s Real=0.12s
[2025-06-13T21:07:59.287+0000][72][info ][safepoint   ] Safepoint "G1CollectForAllocation", Time since last: 158863862967 ns, Reaching safepoint: 30925 ns, Cleanup: 7293 ns, At safepoint: 119510485 ns, Total: 119548703 ns
[2025-06-13T21:08:42.707+0000][72][info ][safepoint   ] Safepoint "Cleanup", Time since last: 43424429456 ns, Reaching safepoint: 7667 ns, Cleanup: 9560 ns, At safepoint: 14349 ns, Total: 31576 ns
[2025-06-13T21:10:50.720+0000][72][info ][safepoint   ] Safepoint "Cleanup", Time since last: 128023923103 ns, Reaching safepoint: 30267 ns, Cleanup: 14769 ns, At safepoint: 16598 ns, Total: 61634 ns
[2025-06-13T21:11:19.723+0000][72][info ][safepoint   ] Safepoint "Cleanup", Time since last: 29004939903 ns, Reaching safepoint: 197032 ns, Cleanup: 23007 ns, At safepoint: 21721 ns, Total: 241760 ns
[2025-06-13T21:19:05.032+0000][72][info ][safepoint   ] Safepoint "Cleanup", Time since last: 465344431928 ns, Reaching safepoint: 750482 ns, Cleanup: 26058 ns, At safepoint: 341159 ns, Total: 1117699 ns
[2025-06-13T21:19:12.673+0000][72][info ][safepoint   ] Safepoint "Cleanup", Time since last: 7643365230 ns, Reaching safepoint: 28860 ns, Cleanup: 14235 ns, At safepoint: 18389 ns, Total: 61484 ns
[2025-06-13T21:24:20.268+0000][72][info ][safepoint   ] Safepoint "Cleanup", Time since last: 307620138458 ns, Reaching safepoint: 73065 ns, Cleanup: 16471 ns, At safepoint: 14209 ns, Total: 103745 ns
[2025-06-13T21:29:15.708+0000][72][info ][safepoint   ] Safepoint "Cleanup", Time since last: 295464105177 ns, Reaching safepoint: 339389 ns, Cleanup: 16739 ns, At safepoint: 141445 ns, Total: 497573 ns
[2025-06-13T21:29:43.512+0000][72][info ][safepoint   ] Safepoint "Cleanup", Time since last: 27806238259 ns, Reaching safepoint: 28053 ns, Cleanup: 15727 ns, At safepoint: 66323 ns, Total: 110103 ns
[2025-06-13T21:31:20.516+0000][72][info ][safepoint   ] Safepoint "Cleanup", Time since last: 97010733282 ns, Reaching safepoint: 207798 ns, Cleanup: 29186 ns, At safepoint: 19810 ns, Total: 256794 ns
[2025-06-13T21:33:57.708+0000][72][info ][safepoint   ] Safepoint "Cleanup", Time since last: 157202750318 ns, Reaching safepoint: 540174 ns, Cleanup: 23303 ns, At safepoint: 173624 ns, Total: 737101 ns
[2025-06-13T21:34:27.368+0000][72][info ][safepoint   ] Safepoint "Cleanup", Time since last: 29663385558 ns, Reaching safepoint: 14666 ns, Cleanup: 14826 ns, At safepoint: 17975 ns, Total: 47467 ns
[2025-06-13T21:34:28.480+0000][72][info ][safepoint   ] Safepoint "Cleanup", Time since last: 1112361753 ns, Reaching safepoint: 32669 ns, Cleanup: 19699 ns, At safepoint: 20601 ns, Total: 72969 ns
[2025-06-13T21:38:06.636+0000][72][info ][safepoint   ] Safepoint "Cleanup", Time since last: 218175035710 ns, Reaching safepoint: 20893 ns, Cleanup: 13709 ns, At safepoint: 43264 ns, Total: 77866 ns
[2025-06-13T21:46:54.701+0000][72][info ][safepoint   ] Safepoint "Cleanup", Time since last: 528107645767 ns, Reaching safepoint: 31970 ns, Cleanup: 84987 ns, At safepoint: 27039 ns, Total: 143996 ns
[2025-06-13T22:00:57.604+0000][72][info ][gc,start    ] GC(42) Pause Young (Normal) (G1 Evacuation Pause)
[2025-06-13T22:00:57.607+0000][72][info ][gc,task     ] GC(42) Using 10 workers of 10 for evacuation
[2025-06-13T22:00:57.607+0000][72][debug][gc,age      ] GC(42) Desired survivor size 153092096 bytes, new threshold 15 (max threshold 15)
[2025-06-13T22:00:57.731+0000][72][info ][gc,phases   ] GC(42)   Pre Evacuate Collection Set: 8.83ms
[2025-06-13T22:00:57.732+0000][72][info ][gc,phases   ] GC(42)   Merge Heap Roots: 1.96ms
[2025-06-13T22:00:57.732+0000][72][info ][gc,phases   ] GC(42)   Evacuate Collection Set: 94.95ms
[2025-06-13T22:00:57.732+0000][72][info ][gc,phases   ] GC(42)   Post Evacuate Collection Set: 15.45ms
[2025-06-13T22:00:57.733+0000][72][info ][gc,phases   ] GC(42)   Other: 3.83ms
[2025-06-13T22:00:57.733+0000][72][trace][gc,age      ] GC(42) Age table with threshold 15 (max threshold 15)
[2025-06-13T22:00:57.734+0000][72][trace][gc,age      ] GC(42) - age   1:     808056 bytes,     808056 total
[2025-06-13T22:00:57.734+0000][72][trace][gc,age      ] GC(42) - age   2:     200720 bytes,    1008776 total
[2025-06-13T22:00:57.735+0000][72][trace][gc,age      ] GC(42) - age   3:     134440 bytes,    1143216 total
[2025-06-13T22:00:57.735+0000][72][trace][gc,age      ] GC(42) - age   4:     118120 bytes,    1261336 total
[2025-06-13T22:00:57.735+0000][72][trace][gc,age      ] GC(42) - age   5:     117232 bytes,    1378568 total
[2025-06-13T22:00:57.736+0000][72][trace][gc,age      ] GC(42) - age   6:     118648 bytes,    1497216 total
[2025-06-13T22:00:57.736+0000][72][trace][gc,age      ] GC(42) - age   7:     119224 bytes,    1616440 total
[2025-06-13T22:00:57.736+0000][72][trace][gc,age      ] GC(42) - age   8:     491016 bytes,    2107456 total
[2025-06-13T22:00:57.737+0000][72][trace][gc,age      ] GC(42) - age   9:     115672 bytes,    2223128 total
[2025-06-13T22:00:57.737+0000][72][trace][gc,age      ] GC(42) - age  10:     115336 bytes,    2338464 total
[2025-06-13T22:00:57.737+0000][72][trace][gc,age      ] GC(42) - age  11:     114720 bytes,    2453184 total
[2025-06-13T22:00:57.738+0000][72][trace][gc,age      ] GC(42) - age  12:     125760 bytes,    2578944 total
[2025-06-13T22:00:57.738+0000][72][trace][gc,age      ] GC(42) - age  13:     125280 bytes,    2704224 total
[2025-06-13T22:00:57.738+0000][72][trace][gc,age      ] GC(42) - age  14:     119952 bytes,    2824176 total
[2025-06-13T22:00:57.739+0000][72][trace][gc,age      ] GC(42) - age  15:     131360 bytes,    2955536 total
[2025-06-13T22:00:57.739+0000][72][info ][gc,heap     ] GC(42) Eden regions: 581->0(581)
[2025-06-13T22:00:57.739+0000][72][info ][gc,heap     ] GC(42) Survivor regions: 1->1(73)
[2025-06-13T22:00:57.740+0000][72][info ][gc,heap     ] GC(42) Old regions: 27->27
[2025-06-13T22:00:57.740+0000][72][info ][gc,heap     ] GC(42) Humongous regions: 0->0
[2025-06-13T22:00:57.740+0000][72][info ][gc,metaspace] GC(42) Metaspace: 146703K(153088K)->146703K(153088K) NonClass: 127267K(131136K)->127267K(131136K) Class: 19436K(21952K)->19436K(21952K)
[2025-06-13T22:00:57.741+0000][72][info ][gc          ] GC(42) Pause Young (Normal) (G1 Evacuation Pause) 2433M->108M(3880M) 136.619ms
[2025-06-13T22:00:57.741+0000][72][info ][gc,cpu      ] GC(42) User=0.57s Sys=0.07s Real=0.13s
[2025-06-13T22:00:57.742+0000][72][info ][safepoint   ] Safepoint "G1CollectForAllocation", Time since last: 842967862030 ns, Reaching safepoint: 90528 ns, Cleanup: 68899 ns, At safepoint: 139695121 ns, Total: 139854548 ns
[2025-06-13T22:12:45.644+0000][72][info ][safepoint   ] Safepoint "Cleanup", Time since last: 707980639989 ns, Reaching safepoint: 18836 ns, Cleanup: 18087 ns, At safepoint: 126578 ns, Total: 163501 ns
[2025-06-13T22:13:48.636+0000][72][info ][safepoint   ] Safepoint "Cleanup", Time since last: 62998028443 ns, Reaching safepoint: 27747 ns, Cleanup: 13840 ns, At safepoint: 73551 ns, Total: 115138 ns
[2025-06-13T22:18:07.898+0000][72][info ][safepoint   ] Safepoint "Cleanup", Time since last: 259288848752 ns, Reaching safepoint: 31314 ns, Cleanup: 96249 ns, At safepoint: 32246 ns, Total: 159809 ns
[2025-06-13T22:27:27.591+0000][72][info ][safepoint   ] Safepoint "Cleanup", Time since last: 559741030491 ns, Reaching safepoint: 436302 ns, Cleanup: 14246 ns, At safepoint: 55402 ns, Total: 505950 ns
[2025-06-13T22:40:21.968+0000][72][info ][safepoint   ] Safepoint "Cleanup", Time since last: 774442970914 ns, Reaching safepoint: 93610 ns, Cleanup: 15158 ns, At safepoint: 14376 ns, Total: 123144 ns
[2025-06-13T22:47:06.574+0000][72][info ][safepoint   ] Safepoint "Cleanup", Time since last: 404639173622 ns, Reaching safepoint: 446678 ns, Cleanup: 58448 ns, At safepoint: 72626 ns, Total: 577752 ns
[2025-06-13T22:49:45.690+0000][72][info ][gc,start    ] GC(43) Pause Young (Normal) (G1 Evacuation Pause)
[2025-06-13T22:49:45.693+0000][72][info ][gc,task     ] GC(43) Using 10 workers of 10 for evacuation
[2025-06-13T22:49:45.694+0000][72][debug][gc,age      ] GC(43) Desired survivor size 153092096 bytes, new threshold 15 (max threshold 15)
[2025-06-13T22:49:45.745+0000][72][info ][gc,phases   ] GC(43)   Pre Evacuate Collection Set: 3.87ms
[2025-06-13T22:49:45.745+0000][72][info ][gc,phases   ] GC(43)   Merge Heap Roots: 0.88ms
[2025-06-13T22:49:45.746+0000][72][info ][gc,phases   ] GC(43)   Evacuate Collection Set: 36.48ms
[2025-06-13T22:49:45.746+0000][72][info ][gc,phases   ] GC(43)   Post Evacuate Collection Set: 8.01ms
[2025-06-13T22:49:45.746+0000][72][info ][gc,phases   ] GC(43)   Other: 2.20ms
[2025-06-13T22:49:45.747+0000][72][trace][gc,age      ] GC(43) Age table with threshold 15 (max threshold 15)
[2025-06-13T22:49:45.747+0000][72][trace][gc,age      ] GC(43) - age   1:    1241408 bytes,    1241408 total
[2025-06-13T22:49:45.747+0000][72][trace][gc,age      ] GC(43) - age   2:     193680 bytes,    1435088 total
[2025-06-13T22:49:45.747+0000][72][trace][gc,age      ] GC(43) - age   3:     150224 bytes,    1585312 total
[2025-06-13T22:49:45.747+0000][72][trace][gc,age      ] GC(43) - age   4:     133320 bytes,    1718632 total
[2025-06-13T22:49:45.748+0000][72][trace][gc,age      ] GC(43) - age   5:     118120 bytes,    1836752 total
[2025-06-13T22:49:45.748+0000][72][trace][gc,age      ] GC(43) - age   6:     116640 bytes,    1953392 total
[2025-06-13T22:49:45.748+0000][72][trace][gc,age      ] GC(43) - age   7:     118648 bytes,    2072040 total
[2025-06-13T22:49:45.748+0000][72][trace][gc,age      ] GC(43) - age   8:     118944 bytes,    2190984 total
[2025-06-13T22:49:45.749+0000][72][trace][gc,age      ] GC(43) - age   9:     491016 bytes,    2682000 total
[2025-06-13T22:49:45.749+0000][72][trace][gc,age      ] GC(43) - age  10:     115632 bytes,    2797632 total
[2025-06-13T22:49:45.749+0000][72][trace][gc,age      ] GC(43) - age  11:     115336 bytes,    2912968 total
[2025-06-13T22:49:45.749+0000][72][trace][gc,age      ] GC(43) - age  12:     114720 bytes,    3027688 total
[2025-06-13T22:49:45.749+0000][72][trace][gc,age      ] GC(43) - age  13:     125760 bytes,    3153448 total
[2025-06-13T22:49:45.750+0000][72][trace][gc,age      ] GC(43) - age  14:     125280 bytes,    3278728 total
[2025-06-13T22:49:45.750+0000][72][trace][gc,age      ] GC(43) - age  15:     119952 bytes,    3398680 total
[2025-06-13T22:49:45.750+0000][72][info ][gc,heap     ] GC(43) Eden regions: 581->0(581)
[2025-06-13T22:49:45.751+0000][72][info ][gc,heap     ] GC(43) Survivor regions: 1->1(73)
[2025-06-13T22:49:45.751+0000][72][info ][gc,heap     ] GC(43) Old regions: 27->27
[2025-06-13T22:49:45.751+0000][72][info ][gc,heap     ] GC(43) Humongous regions: 0->0
[2025-06-13T22:49:45.751+0000][72][info ][gc,metaspace] GC(43) Metaspace: 146721K(153088K)->146721K(153088K) NonClass: 127284K(131136K)->127284K(131136K) Class: 19436K(21952K)->19436K(21952K)
[2025-06-13T22:49:45.752+0000][72][info ][gc          ] GC(43) Pause Young (Normal) (G1 Evacuation Pause) 2432M->109M(3880M) 61.916ms
[2025-06-13T22:49:45.752+0000][72][info ][gc,cpu      ] GC(43) User=0.30s Sys=0.01s Real=0.07s
[2025-06-13T22:49:45.753+0000][72][info ][safepoint   ] Safepoint "G1CollectForAllocation", Time since last: 159126389084 ns, Reaching safepoint: 69273 ns, Cleanup: 7332 ns, At safepoint: 63710267 ns, Total: 63786872 ns
[2025-06-13T22:52:40.551+0000][72][info ][safepoint   ] Safepoint "Cleanup", Time since last: 174812155444 ns, Reaching safepoint: 109648 ns, Cleanup: 14340 ns, At safepoint: 40038 ns, Total: 164026 ns
[2025-06-13T23:17:51.501+0000][72][info ][safepoint   ] Safepoint "Cleanup", Time since last: 1511062894464 ns, Reaching safepoint: 20542 ns, Cleanup: 14704 ns, At safepoint: 19172 ns, Total: 54418 ns
[2025-06-13T23:19:57.497+0000][72][info ][safepoint   ] Safepoint "Cleanup", Time since last: 126005256456 ns, Reaching safepoint: 6665 ns, Cleanup: 8391 ns, At safepoint: 13210 ns, Total: 28266 ns
[2025-06-13T23:29:16.344+0000][72][info ][safepoint   ] Safepoint "Cleanup", Time since last: 558887626370 ns, Reaching safepoint: 25406 ns, Cleanup: 17980 ns, At safepoint: 76638 ns, Total: 120024 ns
[2025-06-13T23:29:21.507+0000][72][info ][safepoint   ] Safepoint "Cleanup", Time since last: 5163453040 ns, Reaching safepoint: 14286 ns, Cleanup: 11007 ns, At safepoint: 18417 ns, Total: 43710 ns
[2025-06-13T23:30:06.479+0000][72][info ][safepoint   ] Safepoint "Cleanup", Time since last: 44975301903 ns, Reaching safepoint: 185655 ns, Cleanup: 9969 ns, At safepoint: 48382 ns, Total: 244006 ns
[2025-06-13T23:30:27.938+0000][72][info ][safepoint   ] Safepoint "Cleanup", Time since last: 21458820772 ns, Reaching safepoint: 14926 ns, Cleanup: 12012 ns, At safepoint: 19496 ns, Total: 46434 ns
[2025-06-13T23:30:28.938+0000][72][info ][safepoint   ] Safepoint "Cleanup", Time since last: 1000387822 ns, Reaching safepoint: 18752 ns, Cleanup: 30349 ns, At safepoint: 91170 ns, Total: 140271 ns
[2025-06-13T23:35:10.054+0000][72][info ][safepoint   ] Safepoint "Cleanup", Time since last: 281138205791 ns, Reaching safepoint: 12739 ns, Cleanup: 9406 ns, At safepoint: 12590 ns, Total: 34735 ns
[2025-06-13T23:37:43.405+0000][72][info ][safepoint   ] Safepoint "Cleanup", Time since last: 153363439733 ns, Reaching safepoint: 45169 ns, Cleanup: 13272 ns, At safepoint: 9887 ns, Total: 68328 ns
[2025-06-13T23:41:18.431+0000][72][info ][gc,start    ] GC(44) Pause Young (Normal) (G1 Evacuation Pause)
[2025-06-13T23:41:18.432+0000][72][info ][gc,task     ] GC(44) Using 10 workers of 10 for evacuation
[2025-06-13T23:41:18.432+0000][72][debug][gc,age      ] GC(44) Desired survivor size 153092096 bytes, new threshold 15 (max threshold 15)
[2025-06-13T23:41:18.450+0000][72][info ][gc,phases   ] GC(44)   Pre Evacuate Collection Set: 0.64ms
[2025-06-13T23:41:18.450+0000][72][info ][gc,phases   ] GC(44)   Merge Heap Roots: 0.91ms
[2025-06-13T23:41:18.451+0000][72][info ][gc,phases   ] GC(44)   Evacuate Collection Set: 11.84ms
[2025-06-13T23:41:18.451+0000][72][info ][gc,phases   ] GC(44)   Post Evacuate Collection Set: 4.18ms
[2025-06-13T23:41:18.452+0000][72][info ][gc,phases   ] GC(44)   Other: 0.86ms
[2025-06-13T23:41:18.452+0000][72][trace][gc,age      ] GC(44) Age table with threshold 15 (max threshold 15)
[2025-06-13T23:41:18.452+0000][72][trace][gc,age      ] GC(44) - age   1:    1409872 bytes,    1409872 total
[2025-06-13T23:41:18.453+0000][72][trace][gc,age      ] GC(44) - age   2:     253416 bytes,    1663288 total
[2025-06-13T23:41:18.453+0000][72][trace][gc,age      ] GC(44) - age   3:     142192 bytes,    1805480 total
[2025-06-13T23:41:18.453+0000][72][trace][gc,age      ] GC(44) - age   4:     149416 bytes,    1954896 total
[2025-06-13T23:41:18.454+0000][72][trace][gc,age      ] GC(44) - age   5:     116632 bytes,    2071528 total
[2025-06-13T23:41:18.454+0000][72][trace][gc,age      ] GC(44) - age   6:     118040 bytes,    2189568 total
[2025-06-13T23:41:18.454+0000][72][trace][gc,age      ] GC(44) - age   7:     116600 bytes,    2306168 total
[2025-06-13T23:41:18.455+0000][72][trace][gc,age      ] GC(44) - age   8:     118608 bytes,    2424776 total
[2025-06-13T23:41:18.455+0000][72][trace][gc,age      ] GC(44) - age   9:     118944 bytes,    2543720 total
[2025-06-13T23:41:18.455+0000][72][trace][gc,age      ] GC(44) - age  10:     491016 bytes,    3034736 total
[2025-06-13T23:41:18.455+0000][72][trace][gc,age      ] GC(44) - age  11:     115632 bytes,    3150368 total
[2025-06-13T23:41:18.456+0000][72][trace][gc,age      ] GC(44) - age  12:     115336 bytes,    3265704 total
[2025-06-13T23:41:18.456+0000][72][trace][gc,age      ] GC(44) - age  13:     114720 bytes,    3380424 total
[2025-06-13T23:41:18.456+0000][72][trace][gc,age      ] GC(44) - age  14:     125760 bytes,    3506184 total
[2025-06-13T23:41:18.457+0000][72][trace][gc,age      ] GC(44) - age  15:     125280 bytes,    3631464 total
[2025-06-13T23:41:18.457+0000][72][info ][gc,heap     ] GC(44) Eden regions: 581->0(581)
[2025-06-13T23:41:18.457+0000][72][info ][gc,heap     ] GC(44) Survivor regions: 1->1(73)
[2025-06-13T23:41:18.457+0000][72][info ][gc,heap     ] GC(44) Old regions: 27->27
[2025-06-13T23:41:18.458+0000][72][info ][gc,heap     ] GC(44) Humongous regions: 0->0
[2025-06-13T23:41:18.458+0000][72][info ][gc,metaspace] GC(44) Metaspace: 146724K(153088K)->146724K(153088K) NonClass: 127287K(131136K)->127287K(131136K) Class: 19436K(21952K)->19436K(21952K)
[2025-06-13T23:41:18.458+0000][72][info ][gc          ] GC(44) Pause Young (Normal) (G1 Evacuation Pause) 2433M->109M(3880M) 27.053ms
[2025-06-13T23:41:18.458+0000][72][info ][gc,cpu      ] GC(44) User=0.03s Sys=0.05s Real=0.02s
[2025-06-13T23:41:18.459+0000][72][info ][safepoint   ] Safepoint "G1CollectForAllocation", Time since last: 215041322283 ns, Reaching safepoint: 85107 ns, Cleanup: 5534 ns, At safepoint: 27833370 ns, Total: 27924011 ns
[2025-06-13T23:45:16.352+0000][72][info ][safepoint   ] Safepoint "Cleanup", Time since last: 237911936380 ns, Reaching safepoint: 46198 ns, Cleanup: 13597 ns, At safepoint: 23400 ns, Total: 83195 ns
[2025-06-13T23:46:13.387+0000][72][info ][safepoint   ] Safepoint "Cleanup", Time since last: 57038776445 ns, Reaching safepoint: 14835 ns, Cleanup: 13381 ns, At safepoint: 32601 ns, Total: 60817 ns
[2025-06-13T23:48:07.662+0000][72][info ][safepoint   ] Safepoint "Cleanup", Time since last: 114284327328 ns, Reaching safepoint: 25610 ns, Cleanup: 15571 ns, At safepoint: 41588 ns, Total: 82769 ns
[2025-06-13T23:58:07.708+0000][72][info ][safepoint   ] Safepoint "Cleanup", Time since last: 600091004256 ns, Reaching safepoint: 27973 ns, Cleanup: 16934 ns, At safepoint: 49563 ns, Total: 94470 ns
[2025-06-13T23:59:19.729+0000][72][info ][safepoint   ] Safepoint "Cleanup", Time since last: 72024979200 ns, Reaching safepoint: 59239 ns, Cleanup: 15423 ns, At safepoint: 13592 ns, Total: 88254 ns
[2025-06-14T00:00:00.749+0000][72][info ][safepoint   ] Safepoint "Cleanup", Time since last: 41022240826 ns, Reaching safepoint: 11778 ns, Cleanup: 23621 ns, At safepoint: 17411 ns, Total: 52810 ns
[2025-06-14T00:00:19.760+0000][72][info ][safepoint   ] Safepoint "Cleanup", Time since last: 19013100836 ns, Reaching safepoint: 58771 ns, Cleanup: 16060 ns, At safepoint: 13430 ns, Total: 88261 ns
[2025-06-14T00:00:58.904+0000][72][info ][safepoint   ] Safepoint "Cleanup", Time since last: 39146022054 ns, Reaching safepoint: 25658 ns, Cleanup: 15376 ns, At safepoint: 10923 ns, Total: 51957 ns
[2025-06-14T00:01:18.906+0000][72][info ][safepoint   ] Safepoint "Cleanup", Time since last: 20003624918 ns, Reaching safepoint: 64858 ns, Cleanup: 16170 ns, At safepoint: 9733 ns, Total: 90761 ns
[2025-06-14T00:01:36.024+0000][72][info ][safepoint   ] Safepoint "Cleanup", Time since last: 17120635776 ns, Reaching safepoint: 56657 ns, Cleanup: 16709 ns, At safepoint: 14221 ns, Total: 87587 ns
[2025-06-14T00:02:21.845+0000][72][info ][safepoint   ] Safepoint "Cleanup", Time since last: 45822501998 ns, Reaching safepoint: 12680 ns, Cleanup: 10650 ns, At safepoint: 18706 ns, Total: 42036 ns
[2025-06-14T00:05:06.919+0000][72][info ][safepoint   ] Safepoint "Cleanup", Time since last: 165087577282 ns, Reaching safepoint: 18480 ns, Cleanup: 43606 ns, At safepoint: 78122 ns, Total: 140208 ns
[2025-06-14T00:12:29.161+0000][72][info ][safepoint   ] Safepoint "Cleanup", Time since last: 442272231440 ns, Reaching safepoint: 27271 ns, Cleanup: 15724 ns, At safepoint: 13212 ns, Total: 56207 ns
[2025-06-14T00:29:17.091+0000][72][info ][safepoint   ] Safepoint "Cleanup", Time since last: 1008004379375 ns, Reaching safepoint: 24420 ns, Cleanup: 17920 ns, At safepoint: 12655 ns, Total: 54995 ns
[2025-06-14T00:29:24.415+0000][72][info ][safepoint   ] Safepoint "Cleanup", Time since last: 7323988029 ns, Reaching safepoint: 29152 ns, Cleanup: 17741 ns, At safepoint: 130737 ns, Total: 177630 ns
[2025-06-14T00:29:25.640+0000][72][info ][safepoint   ] Safepoint "Cleanup", Time since last: 1225117847 ns, Reaching safepoint: 29299 ns, Cleanup: 25268 ns, At safepoint: 11282 ns, Total: 65849 ns
[2025-06-14T00:29:26.653+0000][72][info ][safepoint   ] Safepoint "Cleanup", Time since last: 1012095174 ns, Reaching safepoint: 30374 ns, Cleanup: 20932 ns, At safepoint: 14040 ns, Total: 65346 ns
[2025-06-14T00:29:28.330+0000][72][info ][safepoint   ] Safepoint "Cleanup", Time since last: 1677643878 ns, Reaching safepoint: 8121 ns, Cleanup: 14874 ns, At safepoint: 16260 ns, Total: 39255 ns
[2025-06-14T00:29:30.391+0000][72][info ][safepoint   ] Safepoint "Cleanup", Time since last: 2060358863 ns, Reaching safepoint: 42457 ns, Cleanup: 11670 ns, At safepoint: 21749 ns, Total: 75876 ns
[2025-06-14T00:29:31.672+0000][72][info ][safepoint   ] Safepoint "Cleanup", Time since last: 1281505829 ns, Reaching safepoint: 25653 ns, Cleanup: 17217 ns, At safepoint: 13282 ns, Total: 56152 ns
[2025-06-14T00:29:45.397+0000][72][info ][safepoint   ] Safepoint "Cleanup", Time since last: 13726965305 ns, Reaching safepoint: 10975 ns, Cleanup: 12235 ns, At safepoint: 15440 ns, Total: 38650 ns
[2025-06-14T00:30:18.707+0000][72][info ][safepoint   ] Safepoint "Cleanup", Time since last: 33311754290 ns, Reaching safepoint: 6253 ns, Cleanup: 8534 ns, At safepoint: 2741 ns, Total: 17528 ns
[2025-06-14T00:30:19.722+0000][72][info ][safepoint   ] Safepoint "Cleanup", Time since last: 1015354753 ns, Reaching safepoint: 13588 ns, Cleanup: 11747 ns, At safepoint: 5764 ns, Total: 31099 ns
[2025-06-14T00:31:21.786+0000][72][info ][safepoint   ] Safepoint "Cleanup", Time since last: 62068317426 ns, Reaching safepoint: 5767 ns, Cleanup: 9681 ns, At safepoint: 3022 ns, Total: 18470 ns
[2025-06-14T00:32:27.829+0000][72][info ][gc,start    ] GC(45) Pause Young (Normal) (G1 Evacuation Pause)
[2025-06-14T00:32:27.829+0000][72][info ][gc,task     ] GC(45) Using 10 workers of 10 for evacuation
[2025-06-14T00:32:27.829+0000][72][debug][gc,age      ] GC(45) Desired survivor size 153092096 bytes, new threshold 15 (max threshold 15)
[2025-06-14T00:32:27.849+0000][72][info ][gc,phases   ] GC(45)   Pre Evacuate Collection Set: 0.61ms
[2025-06-14T00:32:27.849+0000][72][info ][gc,phases   ] GC(45)   Merge Heap Roots: 0.64ms
[2025-06-14T00:32:27.849+0000][72][info ][gc,phases   ] GC(45)   Evacuate Collection Set: 15.21ms
[2025-06-14T00:32:27.850+0000][72][info ][gc,phases   ] GC(45)   Post Evacuate Collection Set: 2.34ms
[2025-06-14T00:32:27.850+0000][72][info ][gc,phases   ] GC(45)   Other: 0.68ms
[2025-06-14T00:32:27.850+0000][72][trace][gc,age      ] GC(45) Age table with threshold 15 (max threshold 15)
[2025-06-14T00:32:27.851+0000][72][trace][gc,age      ] GC(45) - age   1:    1565984 bytes,    1565984 total
[2025-06-14T00:32:27.851+0000][72][trace][gc,age      ] GC(45) - age   2:     267488 bytes,    1833472 total
[2025-06-14T00:32:27.851+0000][72][trace][gc,age      ] GC(45) - age   3:     217576 bytes,    2051048 total
[2025-06-14T00:32:27.851+0000][72][trace][gc,age      ] GC(45) - age   4:     141512 bytes,    2192560 total
[2025-06-14T00:32:27.852+0000][72][trace][gc,age      ] GC(45) - age   5:     116568 bytes,    2309128 total
[2025-06-14T00:32:27.852+0000][72][trace][gc,age      ] GC(45) - age   6:     116552 bytes,    2425680 total
[2025-06-14T00:32:27.852+0000][72][trace][gc,age      ] GC(45) - age   7:     117984 bytes,    2543664 total
[2025-06-14T00:32:27.852+0000][72][trace][gc,age      ] GC(45) - age   8:     116600 bytes,    2660264 total
[2025-06-14T00:32:27.853+0000][72][trace][gc,age      ] GC(45) - age   9:     118608 bytes,    2778872 total
[2025-06-14T00:32:27.853+0000][72][trace][gc,age      ] GC(45) - age  10:     118904 bytes,    2897776 total
[2025-06-14T00:32:27.853+0000][72][trace][gc,age      ] GC(45) - age  11:     490776 bytes,    3388552 total
[2025-06-14T00:32:27.853+0000][72][trace][gc,age      ] GC(45) - age  12:     115632 bytes,    3504184 total
[2025-06-14T00:32:27.854+0000][72][trace][gc,age      ] GC(45) - age  13:     115336 bytes,    3619520 total
[2025-06-14T00:32:27.854+0000][72][trace][gc,age      ] GC(45) - age  14:     114720 bytes,    3734240 total
[2025-06-14T00:32:27.854+0000][72][trace][gc,age      ] GC(45) - age  15:     125760 bytes,    3860000 total
[2025-06-14T00:32:27.854+0000][72][info ][gc,heap     ] GC(45) Eden regions: 581->0(580)
[2025-06-14T00:32:27.855+0000][72][info ][gc,heap     ] GC(45) Survivor regions: 1->2(73)
[2025-06-14T00:32:27.855+0000][72][info ][gc,heap     ] GC(45) Old regions: 27->27
[2025-06-14T00:32:27.855+0000][72][info ][gc,heap     ] GC(45) Humongous regions: 0->0
[2025-06-14T00:32:27.855+0000][72][info ][gc,metaspace] GC(45) Metaspace: 146756K(153088K)->146756K(153088K) NonClass: 127319K(131136K)->127319K(131136K) Class: 19436K(21952K)->19436K(21952K)
[2025-06-14T00:32:27.856+0000][72][info ][gc          ] GC(45) Pause Young (Normal) (G1 Evacuation Pause) 2433M->110M(3880M) 27.026ms
[2025-06-14T00:32:27.856+0000][72][info ][gc,cpu      ] GC(45) User=0.05s Sys=0.01s Real=0.03s
[2025-06-14T00:32:27.856+0000][72][info ][safepoint   ] Safepoint "G1CollectForAllocation", Time since last: 66046707095 ns, Reaching safepoint: 22075 ns, Cleanup: 5398 ns, At safepoint: 27740149 ns, Total: 27767622 ns
[2025-06-14T00:52:21.366+0000][72][info ][safepoint   ] Safepoint "Cleanup", Time since last: 1193595145201 ns, Reaching safepoint: 22873 ns, Cleanup: 14963 ns, At safepoint: 171599 ns, Total: 209435 ns
[2025-06-14T00:53:08.359+0000][72][info ][safepoint   ] Safepoint "Cleanup", Time since last: 46997446496 ns, Reaching safepoint: 62864 ns, Cleanup: 16610 ns, At safepoint: 13239 ns, Total: 92713 ns
[2025-06-14T00:58:08.527+0000][72][info ][safepoint   ] Safepoint "Cleanup", Time since last: 300189216355 ns, Reaching safepoint: 25483 ns, Cleanup: 15731 ns, At safepoint: 12075 ns, Total: 53289 ns
[2025-06-14T01:00:18.572+0000][72][info ][safepoint   ] Safepoint "Cleanup", Time since last: 130052917827 ns, Reaching safepoint: 69159 ns, Cleanup: 20682 ns, At safepoint: 14893 ns, Total: 104734 ns
[2025-06-14T01:00:45.354+0000][72][info ][safepoint   ] Safepoint "Cleanup", Time since last: 26785244883 ns, Reaching safepoint: 6927 ns, Cleanup: 8708 ns, At safepoint: 13031 ns, Total: 28666 ns
[2025-06-14T01:01:18.621+0000][72][info ][safepoint   ] Safepoint "Cleanup", Time since last: 33268568081 ns, Reaching safepoint: 81470 ns, Cleanup: 22631 ns, At safepoint: 23327 ns, Total: 127428 ns
[2025-06-14T01:01:23.622+0000][72][info ][safepoint   ] Safepoint "Cleanup", Time since last: 5001053100 ns, Reaching safepoint: 27475 ns, Cleanup: 16377 ns, At safepoint: 13120 ns, Total: 56972 ns
[2025-06-14T01:01:48.629+0000][72][info ][safepoint   ] Safepoint "Cleanup", Time since last: 25009287714 ns, Reaching safepoint: 12164 ns, Cleanup: 11620 ns, At safepoint: 16633 ns, Total: 40417 ns
[2025-06-14T01:02:33.345+0000][72][info ][safepoint   ] Safepoint "Cleanup", Time since last: 44717863347 ns, Reaching safepoint: 9682 ns, Cleanup: 10564 ns, At safepoint: 3718 ns, Total: 23964 ns
[2025-06-14T01:02:50.663+0000][72][info ][safepoint   ] Safepoint "Cleanup", Time since last: 17319672425 ns, Reaching safepoint: 24290 ns, Cleanup: 14367 ns, At safepoint: 16010 ns, Total: 54667 ns
[2025-06-14T01:10:18.883+0000][72][info ][safepoint   ] Safepoint "Cleanup", Time since last: 448252402083 ns, Reaching safepoint: 25925 ns, Cleanup: 20954 ns, At safepoint: 11890 ns, Total: 58769 ns
[2025-06-14T01:14:53.014+0000][72][info ][safepoint   ] Safepoint "Cleanup", Time since last: 274150630674 ns, Reaching safepoint: 57567 ns, Cleanup: 15874 ns, At safepoint: 10893 ns, Total: 84334 ns
[2025-06-14T01:17:33.371+0000][72][info ][safepoint   ] Safepoint "Cleanup", Time since last: 160366500419 ns, Reaching safepoint: 6582 ns, Cleanup: 6477 ns, At safepoint: 16118 ns, Total: 29177 ns
[2025-06-14T01:24:45.616+0000][72][info ][gc,start    ] GC(46) Pause Young (Normal) (G1 Evacuation Pause)
[2025-06-14T01:24:45.623+0000][72][info ][gc,task     ] GC(46) Using 10 workers of 10 for evacuation
[2025-06-14T01:24:45.624+0000][72][debug][gc,age      ] GC(46) Desired survivor size 153092096 bytes, new threshold 15 (max threshold 15)
[2025-06-14T01:24:45.834+0000][72][info ][gc,mmu      ] GC(46) MMU target violated: 201.0ms (200.0ms/201.0ms)
[2025-06-14T01:24:45.835+0000][72][info ][gc,phases   ] GC(46)   Pre Evacuate Collection Set: 32.41ms
[2025-06-14T01:24:45.835+0000][72][info ][gc,phases   ] GC(46)   Merge Heap Roots: 5.22ms
[2025-06-14T01:24:45.835+0000][72][info ][gc,phases   ] GC(46)   Evacuate Collection Set: 144.69ms
[2025-06-14T01:24:45.836+0000][72][info ][gc,phases   ] GC(46)   Post Evacuate Collection Set: 24.88ms
[2025-06-14T01:24:45.836+0000][72][info ][gc,phases   ] GC(46)   Other: 6.66ms
[2025-06-14T01:24:45.837+0000][72][trace][gc,age      ] GC(46) Age table with threshold 15 (max threshold 15)
[2025-06-14T01:24:45.837+0000][72][trace][gc,age      ] GC(46) - age   1:    1209832 bytes,    1209832 total
[2025-06-14T01:24:45.838+0000][72][trace][gc,age      ] GC(46) - age   2:     352112 bytes,    1561944 total
[2025-06-14T01:24:45.838+0000][72][trace][gc,age      ] GC(46) - age   3:     201344 bytes,    1763288 total
[2025-06-14T01:24:45.838+0000][72][trace][gc,age      ] GC(46) - age   4:     217296 bytes,    1980584 total
[2025-06-14T01:24:45.839+0000][72][trace][gc,age      ] GC(46) - age   5:     125112 bytes,    2105696 total
[2025-06-14T01:24:45.839+0000][72][trace][gc,age      ] GC(46) - age   6:     116048 bytes,    2221744 total
[2025-06-14T01:24:45.839+0000][72][trace][gc,age      ] GC(46) - age   7:     116400 bytes,    2338144 total
[2025-06-14T01:24:45.840+0000][72][trace][gc,age      ] GC(46) - age   8:     117984 bytes,    2456128 total
[2025-06-14T01:24:45.840+0000][72][trace][gc,age      ] GC(46) - age   9:     116600 bytes,    2572728 total
[2025-06-14T01:24:45.841+0000][72][trace][gc,age      ] GC(46) - age  10:     118576 bytes,    2691304 total
[2025-06-14T01:24:45.841+0000][72][trace][gc,age      ] GC(46) - age  11:     118800 bytes,    2810104 total
[2025-06-14T01:24:45.841+0000][72][trace][gc,age      ] GC(46) - age  12:     490776 bytes,    3300880 total
[2025-06-14T01:24:45.842+0000][72][trace][gc,age      ] GC(46) - age  13:     115632 bytes,    3416512 total
[2025-06-14T01:24:45.842+0000][72][trace][gc,age      ] GC(46) - age  14:     115336 bytes,    3531848 total
[2025-06-14T01:24:45.843+0000][72][trace][gc,age      ] GC(46) - age  15:     114720 bytes,    3646568 total
[2025-06-14T01:24:45.843+0000][72][info ][gc,heap     ] GC(46) Eden regions: 580->0(581)
[2025-06-14T01:24:45.843+0000][72][info ][gc,heap     ] GC(46) Survivor regions: 2->1(73)
[2025-06-14T01:24:45.844+0000][72][info ][gc,heap     ] GC(46) Old regions: 27->27
[2025-06-14T01:24:45.844+0000][72][info ][gc,heap     ] GC(46) Humongous regions: 0->0
[2025-06-14T01:24:45.845+0000][72][info ][gc,metaspace] GC(46) Metaspace: 146811K(153088K)->146811K(153088K) NonClass: 127369K(131136K)->127369K(131136K) Class: 19442K(21952K)->19442K(21952K)
[2025-06-14T01:24:45.847+0000][72][info ][gc          ] GC(46) Pause Young (Normal) (G1 Evacuation Pause) 2430M->110M(3880M) 231.500ms
[2025-06-14T01:24:45.847+0000][72][info ][gc,cpu      ] GC(46) User=1.05s Sys=0.09s Real=0.23s
[2025-06-14T01:24:45.848+0000][72][info ][safepoint   ] Safepoint "G1CollectForAllocation", Time since last: 432272296292 ns, Reaching safepoint: 516525 ns, Cleanup: 348211 ns, At safepoint: 236537727 ns, Total: 237402463 ns
[2025-06-14T01:29:25.721+0000][72][info ][safepoint   ] Safepoint "Cleanup", Time since last: 279894928632 ns, Reaching safepoint: 39882 ns, Cleanup: 20958 ns, At safepoint: 19016 ns, Total: 79856 ns
[2025-06-14T01:29:30.619+0000][72][info ][safepoint   ] Safepoint "Cleanup", Time since last: 4897569038 ns, Reaching safepoint: 15130 ns, Cleanup: 110231 ns, At safepoint: 84567 ns, Total: 209928 ns
[2025-06-14T01:29:54.819+0000][72][info ][safepoint   ] Safepoint "Cleanup", Time since last: 24202743963 ns, Reaching safepoint: 64847 ns, Cleanup: 17766 ns, At safepoint: 12131 ns, Total: 94744 ns
