[2025-05-25T09:53:51.098+0000][70][info][gc,init] CardTable entry size: 512
[2025-05-25T09:53:51.100+0000][70][info][gc     ] Using G1
[2025-05-25T09:53:54.832+0000][70][info][gc,init] Version: 22+36-2370 (release)
[2025-05-25T09:53:54.838+0000][70][info][gc,init] CPUs: 12 total, 12 available
[2025-05-25T09:53:54.840+0000][70][info][gc,init] Memory: 7757M
[2025-05-25T09:53:54.840+0000][70][info][gc,init] Large Page Support: Disabled
[2025-05-25T09:53:54.840+0000][70][info][gc,init] NUMA Support: Disabled
[2025-05-25T09:53:54.841+0000][70][info][gc,init] Compressed Oops: Enabled (Zero based)
[2025-05-25T09:53:54.841+0000][70][info][gc,init] Heap Region Size: 4M
[2025-05-25T09:53:54.844+0000][70][info][gc,init] Heap Min Capacity: 3880M
[2025-05-25T09:53:54.847+0000][70][info][gc,init] Heap Initial Capacity: 3880M
[2025-05-25T09:53:54.855+0000][70][info][gc,init] Heap Max Capacity: 3880M
[2025-05-25T09:53:54.856+0000][70][info][gc,init] Pre-touch: Enabled
[2025-05-25T09:53:54.857+0000][70][info][gc,init] Parallel Workers: 10
[2025-05-25T09:53:54.857+0000][70][info][gc,init] Concurrent Workers: 3
[2025-05-25T09:53:54.858+0000][70][info][gc,init] Concurrent Refinement Workers: 10
[2025-05-25T09:53:54.858+0000][70][info][gc,init] Periodic GC: Disabled
[2025-05-25T09:53:54.948+0000][70][info][gc,metaspace] CDS archive(s) mapped at: [0x00007f321e000000-0x00007f321ec74000-0x00007f321ec74000), size 13058048, SharedBaseAddress: 0x00007f321e000000, ArchiveRelocationMode: 1.
[2025-05-25T09:53:54.948+0000][70][info][gc,metaspace] Compressed class space mapped at: 0x00007f321f000000-0x00007f325f000000, reserved size: 1073741824
[2025-05-25T09:53:54.949+0000][70][info][gc,metaspace] Narrow klass base: 0x00007f321e000000, Narrow klass shift: 0, Narrow klass range: 0x100000000
[2025-05-25T09:53:55.968+0000][70][info][safepoint   ] Safepoint "ICBufferFull", Time since last: 998143261 ns, Reaching safepoint: 142457 ns, Cleanup: 177143 ns, At safepoint: 33317 ns, Total: 352917 ns
[2025-05-25T09:53:56.976+0000][70][info][safepoint   ] Safepoint "Cleanup", Time since last: 1008582993 ns, Reaching safepoint: 147687 ns, Cleanup: 73212 ns, At safepoint: 20791 ns, Total: 241690 ns
[2025-05-25T09:53:58.581+0000][70][info][safepoint   ] Safepoint "Cleanup", Time since last: 1604970835 ns, Reaching safepoint: 3858 ns, Cleanup: 81805 ns, At safepoint: 12322 ns, Total: 97985 ns
[2025-05-25T09:53:59.467+0000][70][info][safepoint   ] Safepoint "Cleanup", Time since last: 1025776318 ns, Reaching safepoint: 4189 ns, Cleanup: 311323 ns, At safepoint: 42472 ns, Total: 357984 ns
[2025-05-25T09:54:00.468+0000][70][info][safepoint   ] Safepoint "Cleanup", Time since last: 1000670637 ns, Reaching safepoint: 4263 ns, Cleanup: 47906 ns, At safepoint: 6724 ns, Total: 58893 ns
[2025-05-25T09:54:01.468+0000][70][info][safepoint   ] Safepoint "Cleanup", Time since last: 1000649268 ns, Reaching safepoint: 3854 ns, Cleanup: 11215 ns, At safepoint: 5277 ns, Total: 20346 ns
[2025-05-25T09:54:02.469+0000][70][info][safepoint   ] Safepoint "Cleanup", Time since last: 1000750087 ns, Reaching safepoint: 3853 ns, Cleanup: 11456 ns, At safepoint: 6490 ns, Total: 21799 ns
[2025-05-25T09:54:03.470+0000][70][info][safepoint   ] Safepoint "Cleanup", Time since last: 1000513615 ns, Reaching safepoint: 4089 ns, Cleanup: 11483 ns, At safepoint: 5493 ns, Total: 21065 ns
[2025-05-25T09:54:04.524+0000][70][info][safepoint   ] Safepoint "Cleanup", Time since last: 1053863159 ns, Reaching safepoint: 4318 ns, Cleanup: 11000 ns, At safepoint: 5897 ns, Total: 21215 ns
[2025-05-25T09:54:06.524+0000][70][info][safepoint   ] Safepoint "Cleanup", Time since last: 2000802541 ns, Reaching safepoint: 3971 ns, Cleanup: 12513 ns, At safepoint: 5660 ns, Total: 22144 ns
[2025-05-25T09:54:07.681+0000][70][info][safepoint   ] Safepoint "Cleanup", Time since last: 1156514734 ns, Reaching safepoint: 3091 ns, Cleanup: 88558 ns, At safepoint: 13186 ns, Total: 104835 ns
[2025-05-25T09:54:08.517+0000][70][info][safepoint   ] Safepoint "ICBufferFull", Time since last: 836073821 ns, Reaching safepoint: 104477 ns, Cleanup: 80599 ns, At safepoint: 24480 ns, Total: 209556 ns
[2025-05-25T09:54:09.342+0000][70][info][safepoint   ] Safepoint "ICBufferFull", Time since last: 824230776 ns, Reaching safepoint: 86769 ns, Cleanup: 157946 ns, At safepoint: 51137 ns, Total: 295852 ns
[2025-05-25T09:54:09.428+0000][70][info][gc,start    ] GC(0) Pause Young (Concurrent Start) (Metadata GC Threshold)
[2025-05-25T09:54:09.429+0000][70][info][gc,task     ] GC(0) Using 10 workers of 10 for evacuation
[2025-05-25T09:54:09.430+0000][70][debug][gc,age      ] GC(0) Desired survivor size 12582912 bytes, new threshold 15 (max threshold 15)
[2025-05-25T09:54:09.439+0000][70][info ][gc,phases   ] GC(0)   Pre Evacuate Collection Set: 1.05ms
[2025-05-25T09:54:09.440+0000][70][info ][gc,phases   ] GC(0)   Merge Heap Roots: 0.20ms
[2025-05-25T09:54:09.440+0000][70][info ][gc,phases   ] GC(0)   Evacuate Collection Set: 4.56ms
[2025-05-25T09:54:09.441+0000][70][info ][gc,phases   ] GC(0)   Post Evacuate Collection Set: 2.56ms
[2025-05-25T09:54:09.441+0000][70][info ][gc,phases   ] GC(0)   Other: 1.72ms
[2025-05-25T09:54:09.441+0000][70][trace][gc,age      ] GC(0) Age table with threshold 15 (max threshold 15)
[2025-05-25T09:54:09.442+0000][70][trace][gc,age      ] GC(0) - age   1:   10034552 bytes,   10034552 total
[2025-05-25T09:54:09.442+0000][70][info ][gc,heap     ] GC(0) Eden regions: 44->0(45)
[2025-05-25T09:54:09.443+0000][70][info ][gc,heap     ] GC(0) Survivor regions: 0->3(6)
[2025-05-25T09:54:09.443+0000][70][info ][gc,heap     ] GC(0) Old regions: 1->1
[2025-05-25T09:54:09.443+0000][70][info ][gc,heap     ] GC(0) Humongous regions: 0->0
[2025-05-25T09:54:09.444+0000][70][info ][gc,metaspace] GC(0) Metaspace: 20972K(21504K)->20972K(21504K) NonClass: 18596K(18880K)->18596K(18880K) Class: 2375K(2624K)->2375K(2624K)
[2025-05-25T09:54:09.444+0000][70][info ][gc          ] GC(0) Pause Young (Concurrent Start) (Metadata GC Threshold) 175M->11M(3880M) 16.030ms
[2025-05-25T09:54:09.444+0000][70][info ][gc,cpu      ] GC(0) User=0.04s Sys=0.00s Real=0.02s
[2025-05-25T09:54:09.444+0000][70][info ][gc          ] GC(1) Concurrent Mark Cycle
[2025-05-25T09:54:09.445+0000][70][info ][gc,marking  ] GC(1) Concurrent Scan Root Regions
[2025-05-25T09:54:09.445+0000][70][info ][safepoint   ] Safepoint "CollectForMetadataAllocation", Time since last: 85978510 ns, Reaching safepoint: 3702 ns, Cleanup: 16781 ns, At safepoint: 16985597 ns, Total: 17006080 ns
[2025-05-25T09:54:09.449+0000][70][info ][gc,marking  ] GC(1) Concurrent Scan Root Regions 4.165ms
[2025-05-25T09:54:09.450+0000][70][info ][gc,marking  ] GC(1) Concurrent Mark
[2025-05-25T09:54:09.451+0000][70][info ][gc,marking  ] GC(1) Concurrent Mark From Roots
[2025-05-25T09:54:09.451+0000][70][info ][gc,task     ] GC(1) Using 3 workers of 3 for marking
[2025-05-25T09:54:09.454+0000][70][info ][gc,marking  ] GC(1) Concurrent Mark From Roots 3.378ms
[2025-05-25T09:54:09.454+0000][70][info ][gc,marking  ] GC(1) Concurrent Preclean
[2025-05-25T09:54:09.455+0000][70][info ][gc,marking  ] GC(1) Concurrent Preclean 1.105ms
[2025-05-25T09:54:09.456+0000][70][info ][gc,start    ] GC(1) Pause Remark
[2025-05-25T09:54:09.460+0000][70][info ][gc          ] GC(1) Pause Remark 15M->15M(3880M) 3.402ms
[2025-05-25T09:54:09.460+0000][70][info ][gc,cpu      ] GC(1) User=0.01s Sys=0.00s Real=0.00s
[2025-05-25T09:54:09.460+0000][70][info ][safepoint   ] Safepoint "G1PauseRemark", Time since last: 11453654 ns, Reaching safepoint: 5031 ns, Cleanup: 16375 ns, At safepoint: 4110521 ns, Total: 4131927 ns
[2025-05-25T09:54:09.461+0000][70][info ][gc,marking  ] GC(1) Concurrent Mark 10.905ms
[2025-05-25T09:54:09.462+0000][70][info ][gc,marking  ] GC(1) Concurrent Rebuild Remembered Sets and Scrub Regions
[2025-05-25T09:54:09.463+0000][70][info ][gc,marking  ] GC(1) Concurrent Rebuild Remembered Sets and Scrub Regions 1.967ms
[2025-05-25T09:54:09.464+0000][70][info ][gc,start    ] GC(1) Pause Cleanup
[2025-05-25T09:54:09.465+0000][70][info ][gc          ] GC(1) Pause Cleanup 15M->15M(3880M) 1.088ms
[2025-05-25T09:54:09.466+0000][70][info ][gc,cpu      ] GC(1) User=0.00s Sys=0.00s Real=0.00s
[2025-05-25T09:54:09.466+0000][70][info ][safepoint   ] Safepoint "G1PauseCleanup", Time since last: 3608964 ns, Reaching safepoint: 122517 ns, Cleanup: 7412 ns, At safepoint: 1910498 ns, Total: 2040427 ns
[2025-05-25T09:54:09.467+0000][70][info ][gc,marking  ] GC(1) Concurrent Clear Claimed Marks
[2025-05-25T09:54:09.467+0000][70][info ][gc,marking  ] GC(1) Concurrent Clear Claimed Marks 0.462ms
[2025-05-25T09:54:09.467+0000][70][info ][gc,marking  ] GC(1) Concurrent Cleanup for Next Mark
[2025-05-25T09:54:09.472+0000][70][info ][gc,marking  ] GC(1) Concurrent Cleanup for Next Mark 4.850ms
[2025-05-25T09:54:09.473+0000][70][info ][gc          ] GC(1) Concurrent Mark Cycle 28.314ms
[2025-05-25T09:54:10.507+0000][70][info ][safepoint   ] Safepoint "ICBufferFull", Time since last: 1040614159 ns, Reaching safepoint: 3513 ns, Cleanup: 79748 ns, At safepoint: 5568 ns, Total: 88829 ns
[2025-05-25T09:54:10.954+0000][70][info ][gc,start    ] GC(2) Pause Young (Prepare Mixed) (G1 Evacuation Pause)
[2025-05-25T09:54:10.955+0000][70][info ][gc,task     ] GC(2) Using 10 workers of 10 for evacuation
[2025-05-25T09:54:10.955+0000][70][debug][gc,age      ] GC(2) Desired survivor size 12582912 bytes, new threshold 15 (max threshold 15)
[2025-05-25T09:54:10.969+0000][70][info ][gc,phases   ] GC(2)   Pre Evacuate Collection Set: 0.32ms
[2025-05-25T09:54:10.969+0000][70][info ][gc,phases   ] GC(2)   Merge Heap Roots: 0.56ms
[2025-05-25T09:54:10.970+0000][70][info ][gc,phases   ] GC(2)   Evacuate Collection Set: 9.69ms
[2025-05-25T09:54:10.971+0000][70][info ][gc,phases   ] GC(2)   Post Evacuate Collection Set: 2.62ms
[2025-05-25T09:54:10.971+0000][70][info ][gc,phases   ] GC(2)   Other: 0.55ms
[2025-05-25T09:54:10.971+0000][70][trace][gc,age      ] GC(2) Age table with threshold 15 (max threshold 15)
[2025-05-25T09:54:10.972+0000][70][trace][gc,age      ] GC(2) - age   1:    5944584 bytes,    5944584 total
[2025-05-25T09:54:10.972+0000][70][trace][gc,age      ] GC(2) - age   2:    9124304 bytes,   15068888 total
[2025-05-25T09:54:10.973+0000][70][info ][gc,heap     ] GC(2) Eden regions: 45->0(44)
[2025-05-25T09:54:10.973+0000][70][info ][gc,heap     ] GC(2) Survivor regions: 3->4(6)
[2025-05-25T09:54:10.973+0000][70][info ][gc,heap     ] GC(2) Old regions: 1->1
[2025-05-25T09:54:10.974+0000][70][info ][gc,heap     ] GC(2) Humongous regions: 0->0
[2025-05-25T09:54:10.974+0000][70][info ][gc,metaspace] GC(2) Metaspace: 27606K(28224K)->27606K(28224K) NonClass: 24492K(24832K)->24492K(24832K) Class: 3114K(3392K)->3114K(3392K)
[2025-05-25T09:54:10.975+0000][70][info ][gc          ] GC(2) Pause Young (Prepare Mixed) (G1 Evacuation Pause) 191M->16M(3880M) 20.692ms
[2025-05-25T09:54:10.975+0000][70][info ][gc,cpu      ] GC(2) User=0.08s Sys=0.00s Real=0.02s
[2025-05-25T09:54:10.975+0000][70][info ][safepoint   ] Safepoint "G1CollectForAllocation", Time since last: 446833954 ns, Reaching safepoint: 6846 ns, Cleanup: 103730 ns, At safepoint: 21362433 ns, Total: 21473009 ns
[2025-05-25T09:54:11.582+0000][70][info ][safepoint   ] Safepoint "ICBufferFull", Time since last: 606723628 ns, Reaching safepoint: 140891 ns, Cleanup: 192350 ns, At safepoint: 74355 ns, Total: 407596 ns
[2025-05-25T09:54:11.845+0000][70][info ][gc,start    ] GC(3) Pause Young (Mixed) (G1 Evacuation Pause)
[2025-05-25T09:54:11.846+0000][70][info ][gc,task     ] GC(3) Using 10 workers of 10 for evacuation
[2025-05-25T09:54:11.846+0000][70][debug][gc,age      ] GC(3) Desired survivor size 12582912 bytes, new threshold 2 (max threshold 15)
[2025-05-25T09:54:11.861+0000][70][info ][gc,phases   ] GC(3)   Pre Evacuate Collection Set: 0.43ms
[2025-05-25T09:54:11.861+0000][70][info ][gc,phases   ] GC(3)   Merge Heap Roots: 0.16ms
[2025-05-25T09:54:11.861+0000][70][info ][gc,phases   ] GC(3)   Evacuate Collection Set: 12.45ms
[2025-05-25T09:54:11.862+0000][70][info ][gc,phases   ] GC(3)   Post Evacuate Collection Set: 1.15ms
[2025-05-25T09:54:11.862+0000][70][info ][gc,phases   ] GC(3)   Other: 0.69ms
[2025-05-25T09:54:11.862+0000][70][trace][gc,age      ] GC(3) Age table with threshold 2 (max threshold 15)
[2025-05-25T09:54:11.863+0000][70][trace][gc,age      ] GC(3) - age   1:    5092176 bytes,    5092176 total
[2025-05-25T09:54:11.863+0000][70][trace][gc,age      ] GC(3) - age   2:    4423944 bytes,    9516120 total
[2025-05-25T09:54:11.863+0000][70][info ][gc,heap     ] GC(3) Eden regions: 44->0(54)
[2025-05-25T09:54:11.863+0000][70][info ][gc,heap     ] GC(3) Survivor regions: 4->3(6)
[2025-05-25T09:54:11.864+0000][70][info ][gc,heap     ] GC(3) Old regions: 1->3
[2025-05-25T09:54:11.864+0000][70][info ][gc,heap     ] GC(3) Humongous regions: 0->0
[2025-05-25T09:54:11.864+0000][70][info ][gc,metaspace] GC(3) Metaspace: 29088K(29824K)->29088K(29824K) NonClass: 25693K(26112K)->25693K(26112K) Class: 3394K(3712K)->3394K(3712K)
[2025-05-25T09:54:11.865+0000][70][info ][gc          ] GC(3) Pause Young (Mixed) (G1 Evacuation Pause) 192M->20M(3880M) 19.812ms
[2025-05-25T09:54:11.865+0000][70][info ][gc,cpu      ] GC(3) User=0.11s Sys=0.00s Real=0.02s
[2025-05-25T09:54:11.865+0000][70][info ][safepoint   ] Safepoint "G1CollectForAllocation", Time since last: 262526874 ns, Reaching safepoint: 3569 ns, Cleanup: 36072 ns, At safepoint: 20605028 ns, Total: 20644669 ns
[2025-05-25T09:54:12.523+0000][70][info ][gc,start    ] GC(4) Pause Young (Normal) (G1 Evacuation Pause)
[2025-05-25T09:54:12.523+0000][70][info ][gc,task     ] GC(4) Using 10 workers of 10 for evacuation
[2025-05-25T09:54:12.525+0000][70][debug][gc,age      ] GC(4) Desired survivor size 16777216 bytes, new threshold 15 (max threshold 15)
[2025-05-25T09:54:12.531+0000][70][info ][gc,phases   ] GC(4)   Pre Evacuate Collection Set: 0.42ms
[2025-05-25T09:54:12.531+0000][70][info ][gc,phases   ] GC(4)   Merge Heap Roots: 0.24ms
[2025-05-25T09:54:12.532+0000][70][info ][gc,phases   ] GC(4)   Evacuate Collection Set: 2.69ms
[2025-05-25T09:54:12.533+0000][70][info ][gc,phases   ] GC(4)   Post Evacuate Collection Set: 0.84ms
[2025-05-25T09:54:12.534+0000][70][info ][gc,phases   ] GC(4)   Other: 3.17ms
[2025-05-25T09:54:12.534+0000][70][trace][gc,age      ] GC(4) Age table with threshold 15 (max threshold 15)
[2025-05-25T09:54:12.535+0000][70][trace][gc,age      ] GC(4) - age   1:    4545400 bytes,    4545400 total
[2025-05-25T09:54:12.535+0000][70][trace][gc,age      ] GC(4) - age   2:    4114016 bytes,    8659416 total
[2025-05-25T09:54:12.536+0000][70][trace][gc,age      ] GC(4) - age   3:    4423048 bytes,   13082464 total
[2025-05-25T09:54:12.536+0000][70][info ][gc,heap     ] GC(4) Eden regions: 54->0(578)
[2025-05-25T09:54:12.536+0000][70][info ][gc,heap     ] GC(4) Survivor regions: 3->4(8)
[2025-05-25T09:54:12.537+0000][70][info ][gc,heap     ] GC(4) Old regions: 3->3
[2025-05-25T09:54:12.537+0000][70][info ][gc,heap     ] GC(4) Humongous regions: 0->0
[2025-05-25T09:54:12.537+0000][70][info ][gc,metaspace] GC(4) Metaspace: 29691K(30400K)->29691K(30400K) NonClass: 26230K(26624K)->26230K(26624K) Class: 3461K(3776K)->3461K(3776K)
[2025-05-25T09:54:12.538+0000][70][info ][gc          ] GC(4) Pause Young (Normal) (G1 Evacuation Pause) 236M->23M(3880M) 15.083ms
[2025-05-25T09:54:12.538+0000][70][info ][gc,cpu      ] GC(4) User=0.02s Sys=0.00s Real=0.01s
[2025-05-25T09:54:12.539+0000][70][info ][safepoint   ] Safepoint "G1CollectForAllocation", Time since last: 657001781 ns, Reaching safepoint: 6261 ns, Cleanup: 117695 ns, At safepoint: 15960625 ns, Total: 16084581 ns
[2025-05-25T09:54:14.406+0000][70][info ][safepoint   ] Safepoint "ICBufferFull", Time since last: 1867664601 ns, Reaching safepoint: 3533 ns, Cleanup: 106639 ns, At safepoint: 6415 ns, Total: 116587 ns
[2025-05-25T09:54:14.460+0000][70][info ][gc,start    ] GC(5) Pause Young (Concurrent Start) (Metadata GC Threshold)
[2025-05-25T09:54:14.460+0000][70][info ][gc,task     ] GC(5) Using 10 workers of 10 for evacuation
[2025-05-25T09:54:14.461+0000][70][debug][gc,age      ] GC(5) Desired survivor size 153092096 bytes, new threshold 15 (max threshold 15)
[2025-05-25T09:54:14.466+0000][70][info ][gc,phases   ] GC(5)   Pre Evacuate Collection Set: 0.24ms
[2025-05-25T09:54:14.467+0000][70][info ][gc,phases   ] GC(5)   Merge Heap Roots: 0.11ms
[2025-05-25T09:54:14.468+0000][70][info ][gc,phases   ] GC(5)   Evacuate Collection Set: 3.68ms
[2025-05-25T09:54:14.468+0000][70][info ][gc,phases   ] GC(5)   Post Evacuate Collection Set: 1.01ms
[2025-05-25T09:54:14.469+0000][70][info ][gc,phases   ] GC(5)   Other: 0.79ms
[2025-05-25T09:54:14.470+0000][70][trace][gc,age      ] GC(5) Age table with threshold 15 (max threshold 15)
[2025-05-25T09:54:14.470+0000][70][trace][gc,age      ] GC(5) - age   1:    4360432 bytes,    4360432 total
[2025-05-25T09:54:14.471+0000][70][trace][gc,age      ] GC(5) - age   2:    2510280 bytes,    6870712 total
[2025-05-25T09:54:14.471+0000][70][trace][gc,age      ] GC(5) - age   3:    4109920 bytes,   10980632 total
[2025-05-25T09:54:14.471+0000][70][trace][gc,age      ] GC(5) - age   4:    4421896 bytes,   15402528 total
[2025-05-25T09:54:14.472+0000][70][info ][gc,heap     ] GC(5) Eden regions: 61->0(558)
[2025-05-25T09:54:14.472+0000][70][info ][gc,heap     ] GC(5) Survivor regions: 4->5(73)
[2025-05-25T09:54:14.473+0000][70][info ][gc,heap     ] GC(5) Old regions: 3->3
[2025-05-25T09:54:14.474+0000][70][info ][gc,heap     ] GC(5) Humongous regions: 0->0
[2025-05-25T09:54:14.474+0000][70][info ][gc,metaspace] GC(5) Metaspace: 35218K(35968K)->35218K(35968K) NonClass: 31128K(31552K)->31128K(31552K) Class: 4089K(4416K)->4089K(4416K)
[2025-05-25T09:54:14.475+0000][70][info ][gc          ] GC(5) Pause Young (Concurrent Start) (Metadata GC Threshold) 267M->26M(3880M) 15.297ms
[2025-05-25T09:54:14.475+0000][70][info ][gc,cpu      ] GC(5) User=0.02s Sys=0.00s Real=0.02s
[2025-05-25T09:54:14.475+0000][70][info ][gc          ] GC(6) Concurrent Mark Cycle
[2025-05-25T09:54:14.477+0000][70][info ][gc,marking  ] GC(6) Concurrent Scan Root Regions
[2025-05-25T09:54:14.476+0000][70][info ][safepoint   ] Safepoint "CollectForMetadataAllocation", Time since last: 53249126 ns, Reaching safepoint: 5845 ns, Cleanup: 5296 ns, At safepoint: 16382928 ns, Total: 16394069 ns
[2025-05-25T09:54:14.481+0000][70][info ][gc,marking  ] GC(6) Concurrent Scan Root Regions 3.227ms
[2025-05-25T09:54:14.481+0000][70][info ][gc,marking  ] GC(6) Concurrent Mark
[2025-05-25T09:54:14.482+0000][70][info ][gc,marking  ] GC(6) Concurrent Mark From Roots
[2025-05-25T09:54:14.482+0000][70][info ][gc,task     ] GC(6) Using 3 workers of 3 for marking
[2025-05-25T09:54:14.488+0000][70][info ][gc,marking  ] GC(6) Concurrent Mark From Roots 6.421ms
[2025-05-25T09:54:14.489+0000][70][info ][gc,marking  ] GC(6) Concurrent Preclean
[2025-05-25T09:54:14.491+0000][70][info ][gc,marking  ] GC(6) Concurrent Preclean 2.761ms
[2025-05-25T09:54:14.492+0000][70][info ][gc,start    ] GC(6) Pause Remark
[2025-05-25T09:54:14.499+0000][70][info ][gc          ] GC(6) Pause Remark 30M->30M(3880M) 6.178ms
[2025-05-25T09:54:14.499+0000][70][info ][gc,cpu      ] GC(6) User=0.03s Sys=0.00s Real=0.00s
[2025-05-25T09:54:14.500+0000][70][info ][safepoint   ] Safepoint "G1PauseRemark", Time since last: 16161183 ns, Reaching safepoint: 238192 ns, Cleanup: 6102 ns, At safepoint: 7221453 ns, Total: 7465747 ns
[2025-05-25T09:54:14.500+0000][70][info ][gc,marking  ] GC(6) Concurrent Mark 18.859ms
[2025-05-25T09:54:14.501+0000][70][info ][gc,marking  ] GC(6) Concurrent Rebuild Remembered Sets and Scrub Regions
[2025-05-25T09:54:14.503+0000][70][info ][gc,marking  ] GC(6) Concurrent Rebuild Remembered Sets and Scrub Regions 2.511ms
[2025-05-25T09:54:14.504+0000][70][info ][gc,start    ] GC(6) Pause Cleanup
[2025-05-25T09:54:14.505+0000][70][info ][gc          ] GC(6) Pause Cleanup 30M->30M(3880M) 0.744ms
[2025-05-25T09:54:14.505+0000][70][info ][gc,cpu      ] GC(6) User=0.00s Sys=0.00s Real=0.00s
[2025-05-25T09:54:14.506+0000][70][info ][safepoint   ] Safepoint "G1PauseCleanup", Time since last: 4577778 ns, Reaching safepoint: 4504 ns, Cleanup: 10157 ns, At safepoint: 1695382 ns, Total: 1710043 ns
[2025-05-25T09:54:14.507+0000][70][info ][gc,marking  ] GC(6) Concurrent Clear Claimed Marks
[2025-05-25T09:54:14.507+0000][70][info ][gc,marking  ] GC(6) Concurrent Clear Claimed Marks 0.373ms
[2025-05-25T09:54:14.508+0000][70][info ][gc,marking  ] GC(6) Concurrent Cleanup for Next Mark
[2025-05-25T09:54:14.512+0000][70][info ][gc,marking  ] GC(6) Concurrent Cleanup for Next Mark 4.603ms
[2025-05-25T09:54:14.513+0000][70][info ][gc          ] GC(6) Concurrent Mark Cycle 37.356ms
[2025-05-25T09:54:15.508+0000][70][info ][safepoint   ] Safepoint "Cleanup", Time since last: 1001421930 ns, Reaching safepoint: 7423 ns, Cleanup: 188096 ns, At safepoint: 14651 ns, Total: 210170 ns
[2025-05-25T09:54:16.510+0000][70][info ][safepoint   ] Safepoint "Cleanup", Time since last: 1002584729 ns, Reaching safepoint: 117885 ns, Cleanup: 74556 ns, At safepoint: 27076 ns, Total: 219517 ns
[2025-05-25T09:54:17.511+0000][70][info ][safepoint   ] Safepoint "Cleanup", Time since last: 1000730318 ns, Reaching safepoint: 138571 ns, Cleanup: 224529 ns, At safepoint: 73717 ns, Total: 436817 ns
[2025-05-25T09:54:18.512+0000][70][info ][safepoint   ] Safepoint "Cleanup", Time since last: 1000655028 ns, Reaching safepoint: 95852 ns, Cleanup: 90610 ns, At safepoint: 17387 ns, Total: 203849 ns
[2025-05-25T09:54:19.540+0000][70][info ][safepoint   ] Safepoint "Cleanup", Time since last: 1027556443 ns, Reaching safepoint: 5323 ns, Cleanup: 55569 ns, At safepoint: 8105 ns, Total: 68997 ns
[2025-05-25T09:54:19.604+0000][70][info ][gc,start    ] GC(7) Pause Young (Concurrent Start) (Metadata GC Threshold)
[2025-05-25T09:54:19.605+0000][70][info ][gc,task     ] GC(7) Using 10 workers of 10 for evacuation
[2025-05-25T09:54:19.606+0000][70][debug][gc,age      ] GC(7) Desired survivor size 148897792 bytes, new threshold 15 (max threshold 15)
[2025-05-25T09:54:19.637+0000][70][info ][gc,phases   ] GC(7)   Pre Evacuate Collection Set: 0.61ms
[2025-05-25T09:54:19.638+0000][70][info ][gc,phases   ] GC(7)   Merge Heap Roots: 0.24ms
[2025-05-25T09:54:19.639+0000][70][info ][gc,phases   ] GC(7)   Evacuate Collection Set: 28.19ms
[2025-05-25T09:54:19.639+0000][70][info ][gc,phases   ] GC(7)   Post Evacuate Collection Set: 2.23ms
[2025-05-25T09:54:19.639+0000][70][info ][gc,phases   ] GC(7)   Other: 1.17ms
[2025-05-25T09:54:19.640+0000][70][trace][gc,age      ] GC(7) Age table with threshold 15 (max threshold 15)
[2025-05-25T09:54:19.640+0000][70][trace][gc,age      ] GC(7) - age   1:   15001136 bytes,   15001136 total
[2025-05-25T09:54:19.641+0000][70][trace][gc,age      ] GC(7) - age   2:    4262072 bytes,   19263208 total
[2025-05-25T09:54:19.641+0000][70][trace][gc,age      ] GC(7) - age   3:    2504704 bytes,   21767912 total
[2025-05-25T09:54:19.642+0000][70][trace][gc,age      ] GC(7) - age   4:    4093600 bytes,   25861512 total
[2025-05-25T09:54:19.642+0000][70][trace][gc,age      ] GC(7) - age   5:    4406384 bytes,   30267896 total
[2025-05-25T09:54:19.642+0000][70][info ][gc,heap     ] GC(7) Eden regions: 239->0(326)
[2025-05-25T09:54:19.642+0000][70][info ][gc,heap     ] GC(7) Survivor regions: 5->8(71)
[2025-05-25T09:54:19.643+0000][70][info ][gc,heap     ] GC(7) Old regions: 3->3
[2025-05-25T09:54:19.643+0000][70][info ][gc,heap     ] GC(7) Humongous regions: 0->0
[2025-05-25T09:54:19.643+0000][70][info ][gc,metaspace] GC(7) Metaspace: 58842K(60096K)->58842K(60096K) NonClass: 51365K(52096K)->51365K(52096K) Class: 7476K(8000K)->7476K(8000K)
[2025-05-25T09:54:19.644+0000][70][info ][gc          ] GC(7) Pause Young (Concurrent Start) (Metadata GC Threshold) 982M->40M(3880M) 39.132ms
[2025-05-25T09:54:19.644+0000][70][info ][gc,cpu      ] GC(7) User=0.28s Sys=0.00s Real=0.04s
[2025-05-25T09:54:19.644+0000][70][info ][gc          ] GC(8) Concurrent Mark Cycle
[2025-05-25T09:54:19.644+0000][70][info ][gc,marking  ] GC(8) Concurrent Scan Root Regions
[2025-05-25T09:54:19.644+0000][70][info ][safepoint   ] Safepoint "CollectForMetadataAllocation", Time since last: 64260682 ns, Reaching safepoint: 129965 ns, Cleanup: 8242 ns, At safepoint: 39819313 ns, Total: 39957520 ns
[2025-05-25T09:54:19.649+0000][70][info ][gc,marking  ] GC(8) Concurrent Scan Root Regions 4.556ms
[2025-05-25T09:54:19.649+0000][70][info ][gc,marking  ] GC(8) Concurrent Mark
[2025-05-25T09:54:19.650+0000][70][info ][gc,marking  ] GC(8) Concurrent Mark From Roots
[2025-05-25T09:54:19.650+0000][70][info ][gc,task     ] GC(8) Using 3 workers of 3 for marking
[2025-05-25T09:54:19.658+0000][70][info ][gc,marking  ] GC(8) Concurrent Mark From Roots 7.886ms
[2025-05-25T09:54:19.658+0000][70][info ][gc,marking  ] GC(8) Concurrent Preclean
[2025-05-25T09:54:19.659+0000][70][info ][gc,marking  ] GC(8) Concurrent Preclean 0.371ms
[2025-05-25T09:54:19.659+0000][70][info ][gc,start    ] GC(8) Pause Remark
[2025-05-25T09:54:19.664+0000][70][info ][gc          ] GC(8) Pause Remark 46M->46M(3880M) 4.551ms
[2025-05-25T09:54:19.665+0000][70][info ][gc,cpu      ] GC(8) User=0.03s Sys=0.00s Real=0.01s
[2025-05-25T09:54:19.665+0000][70][info ][safepoint   ] Safepoint "G1PauseRemark", Time since last: 15107584 ns, Reaching safepoint: 102249 ns, Cleanup: 3343 ns, At safepoint: 5623073 ns, Total: 5728665 ns
[2025-05-25T09:54:19.665+0000][70][info ][gc,marking  ] GC(8) Concurrent Mark 15.851ms
[2025-05-25T09:54:19.666+0000][70][info ][gc,marking  ] GC(8) Concurrent Rebuild Remembered Sets and Scrub Regions
[2025-05-25T09:54:19.668+0000][70][info ][gc,marking  ] GC(8) Concurrent Rebuild Remembered Sets and Scrub Regions 2.431ms
[2025-05-25T09:54:19.669+0000][70][info ][gc,start    ] GC(8) Pause Cleanup
[2025-05-25T09:54:19.671+0000][70][info ][gc          ] GC(8) Pause Cleanup 46M->46M(3880M) 1.942ms
[2025-05-25T09:54:19.671+0000][70][info ][gc,cpu      ] GC(8) User=0.00s Sys=0.00s Real=0.00s
[2025-05-25T09:54:19.672+0000][70][info ][safepoint   ] Safepoint "G1PauseCleanup", Time since last: 3556920 ns, Reaching safepoint: 92153 ns, Cleanup: 11809 ns, At safepoint: 2954566 ns, Total: 3058528 ns
[2025-05-25T09:54:19.672+0000][70][info ][gc,marking  ] GC(8) Concurrent Clear Claimed Marks
[2025-05-25T09:54:19.672+0000][70][info ][gc,marking  ] GC(8) Concurrent Clear Claimed Marks 0.408ms
[2025-05-25T09:54:19.673+0000][70][info ][gc,marking  ] GC(8) Concurrent Cleanup for Next Mark
[2025-05-25T09:54:19.677+0000][70][info ][gc,marking  ] GC(8) Concurrent Cleanup for Next Mark 4.280ms
[2025-05-25T09:54:19.677+0000][70][info ][gc          ] GC(8) Concurrent Mark Cycle 33.550ms
[2025-05-25T09:54:21.164+0000][70][info ][safepoint   ] Safepoint "Cleanup", Time since last: 1492076060 ns, Reaching safepoint: 110756 ns, Cleanup: 100398 ns, At safepoint: 25213 ns, Total: 236367 ns
[2025-05-25T09:54:22.212+0000][70][info ][safepoint   ] Safepoint "ICBufferFull", Time since last: 1047788322 ns, Reaching safepoint: 3527 ns, Cleanup: 101557 ns, At safepoint: 16921 ns, Total: 122005 ns
[2025-05-25T09:54:23.591+0000][70][info ][safepoint   ] Safepoint "Cleanup", Time since last: 1379125044 ns, Reaching safepoint: 5014 ns, Cleanup: 72198 ns, At safepoint: 15811 ns, Total: 93023 ns
[2025-05-25T09:54:24.780+0000][70][info ][safepoint   ] Safepoint "Cleanup", Time since last: 1188951510 ns, Reaching safepoint: 2249 ns, Cleanup: 77813 ns, At safepoint: 10446 ns, Total: 90508 ns
[2025-05-25T09:54:26.001+0000][70][info ][safepoint   ] Safepoint "Cleanup", Time since last: 1219650111 ns, Reaching safepoint: 781292 ns, Cleanup: 152643 ns, At safepoint: 89325 ns, Total: 1023260 ns
[2025-05-25T09:54:26.865+0000][70][info ][gc,start    ] GC(9) Pause Young (Concurrent Start) (Metadata GC Threshold)
[2025-05-25T09:54:26.865+0000][70][info ][gc,task     ] GC(9) Using 10 workers of 10 for evacuation
[2025-05-25T09:54:26.866+0000][70][debug][gc,age      ] GC(9) Desired survivor size 88080384 bytes, new threshold 15 (max threshold 15)
[2025-05-25T09:54:26.889+0000][70][info ][gc,phases   ] GC(9)   Pre Evacuate Collection Set: 0.48ms
[2025-05-25T09:54:26.889+0000][70][info ][gc,phases   ] GC(9)   Merge Heap Roots: 0.14ms
[2025-05-25T09:54:26.890+0000][70][info ][gc,phases   ] GC(9)   Evacuate Collection Set: 18.33ms
[2025-05-25T09:54:26.890+0000][70][info ][gc,phases   ] GC(9)   Post Evacuate Collection Set: 3.39ms
[2025-05-25T09:54:26.890+0000][70][info ][gc,phases   ] GC(9)   Other: 0.88ms
[2025-05-25T09:54:26.891+0000][70][trace][gc,age      ] GC(9) Age table with threshold 15 (max threshold 15)
[2025-05-25T09:54:26.891+0000][70][trace][gc,age      ] GC(9) - age   1:   21134344 bytes,   21134344 total
[2025-05-25T09:54:26.892+0000][70][trace][gc,age      ] GC(9) - age   2:   14366384 bytes,   35500728 total
[2025-05-25T09:54:26.892+0000][70][trace][gc,age      ] GC(9) - age   3:    4224336 bytes,   39725064 total
[2025-05-25T09:54:26.892+0000][70][trace][gc,age      ] GC(9) - age   4:    2491184 bytes,   42216248 total
[2025-05-25T09:54:26.893+0000][70][trace][gc,age      ] GC(9) - age   5:    4076264 bytes,   46292512 total
[2025-05-25T09:54:26.893+0000][70][trace][gc,age      ] GC(9) - age   6:    4376920 bytes,   50669432 total
[2025-05-25T09:54:26.893+0000][70][info ][gc,heap     ] GC(9) Eden regions: 206->0(320)
[2025-05-25T09:54:26.893+0000][70][info ][gc,heap     ] GC(9) Survivor regions: 8->14(42)
[2025-05-25T09:54:26.894+0000][70][info ][gc,heap     ] GC(9) Old regions: 3->3
[2025-05-25T09:54:26.894+0000][70][info ][gc,heap     ] GC(9) Humongous regions: 0->0
[2025-05-25T09:54:26.894+0000][70][info ][gc,metaspace] GC(9) Metaspace: 98572K(100416K)->98572K(100416K) NonClass: 85516K(86592K)->85516K(86592K) Class: 13056K(13824K)->13056K(13824K)
[2025-05-25T09:54:26.894+0000][70][info ][gc          ] GC(9) Pause Young (Concurrent Start) (Metadata GC Threshold) 862M->62M(3880M) 29.281ms
[2025-05-25T09:54:26.895+0000][70][info ][gc,cpu      ] GC(9) User=0.17s Sys=0.00s Real=0.03s
[2025-05-25T09:54:26.895+0000][70][info ][gc          ] GC(10) Concurrent Mark Cycle
[2025-05-25T09:54:26.895+0000][70][info ][gc,marking  ] GC(10) Concurrent Scan Root Regions
[2025-05-25T09:54:26.895+0000][70][info ][safepoint   ] Safepoint "CollectForMetadataAllocation", Time since last: 864072701 ns, Reaching safepoint: 4134 ns, Cleanup: 62557 ns, At safepoint: 30436531 ns, Total: 30503222 ns
[2025-05-25T09:54:26.905+0000][70][info ][gc,marking  ] GC(10) Concurrent Scan Root Regions 10.220ms
[2025-05-25T09:54:26.906+0000][70][info ][gc,marking  ] GC(10) Concurrent Mark
[2025-05-25T09:54:26.907+0000][70][info ][gc,marking  ] GC(10) Concurrent Mark From Roots
[2025-05-25T09:54:26.907+0000][70][info ][gc,task     ] GC(10) Using 3 workers of 3 for marking
[2025-05-25T09:54:26.913+0000][70][info ][gc,marking  ] GC(10) Concurrent Mark From Roots 6.360ms
[2025-05-25T09:54:26.913+0000][70][info ][gc,marking  ] GC(10) Concurrent Preclean
[2025-05-25T09:54:26.914+0000][70][info ][gc,marking  ] GC(10) Concurrent Preclean 0.304ms
[2025-05-25T09:54:26.915+0000][70][info ][gc,start    ] GC(10) Pause Remark
[2025-05-25T09:54:26.920+0000][70][info ][gc          ] GC(10) Pause Remark 68M->68M(3880M) 5.061ms
[2025-05-25T09:54:26.920+0000][70][info ][gc,cpu      ] GC(10) User=0.02s Sys=0.00s Real=0.00s
[2025-05-25T09:54:26.921+0000][70][info ][safepoint   ] Safepoint "G1PauseRemark", Time since last: 18832304 ns, Reaching safepoint: 401563 ns, Cleanup: 54051 ns, At safepoint: 5889527 ns, Total: 6345141 ns
[2025-05-25T09:54:26.921+0000][70][info ][gc,marking  ] GC(10) Concurrent Mark 14.596ms
[2025-05-25T09:54:26.921+0000][70][info ][gc,marking  ] GC(10) Concurrent Rebuild Remembered Sets and Scrub Regions
[2025-05-25T09:54:26.924+0000][70][info ][gc,marking  ] GC(10) Concurrent Rebuild Remembered Sets and Scrub Regions 2.944ms
[2025-05-25T09:54:26.925+0000][70][info ][gc,start    ] GC(10) Pause Cleanup
[2025-05-25T09:54:26.925+0000][70][info ][gc          ] GC(10) Pause Cleanup 68M->68M(3880M) 0.677ms
[2025-05-25T09:54:26.926+0000][70][info ][gc,cpu      ] GC(10) User=0.01s Sys=0.00s Real=0.00s
[2025-05-25T09:54:26.926+0000][70][info ][safepoint   ] Safepoint "G1PauseCleanup", Time since last: 4092094 ns, Reaching safepoint: 84138 ns, Cleanup: 17574 ns, At safepoint: 1247381 ns, Total: 1349093 ns
[2025-05-25T09:54:26.926+0000][70][info ][gc,marking  ] GC(10) Concurrent Clear Claimed Marks
[2025-05-25T09:54:26.927+0000][70][info ][gc,marking  ] GC(10) Concurrent Clear Claimed Marks 0.366ms
[2025-05-25T09:54:26.927+0000][70][info ][gc,marking  ] GC(10) Concurrent Cleanup for Next Mark
[2025-05-25T09:54:26.932+0000][70][info ][gc,marking  ] GC(10) Concurrent Cleanup for Next Mark 4.807ms
[2025-05-25T09:54:26.932+0000][70][info ][gc          ] GC(10) Concurrent Mark Cycle 37.772ms
[2025-05-25T09:54:28.298+0000][70][info ][safepoint   ] Safepoint "Cleanup", Time since last: 1372013596 ns, Reaching safepoint: 5979 ns, Cleanup: 131974 ns, At safepoint: 10765 ns, Total: 148718 ns
[2025-05-25T09:54:29.093+0000][70][info ][safepoint   ] Safepoint "ICBufferFull", Time since last: 833721113 ns, Reaching safepoint: 193769 ns, Cleanup: 102392 ns, At safepoint: 31614 ns, Total: 327775 ns
[2025-05-25T09:54:29.568+0000][70][info ][safepoint   ] Safepoint "ICBufferFull", Time since last: 475108213 ns, Reaching safepoint: 8641 ns, Cleanup: 101208 ns, At safepoint: 16768 ns, Total: 126617 ns
[2025-05-25T09:54:29.671+0000][70][info ][safepoint   ] Safepoint "ICBufferFull", Time since last: 102013482 ns, Reaching safepoint: 8495 ns, Cleanup: 72474 ns, At safepoint: 21783 ns, Total: 102752 ns
[2025-05-25T09:54:29.773+0000][70][info ][safepoint   ] Safepoint "ICBufferFull", Time since last: 102160526 ns, Reaching safepoint: 6375 ns, Cleanup: 77936 ns, At safepoint: 20796 ns, Total: 105107 ns
[2025-05-25T09:54:30.773+0000][70][info ][safepoint   ] Safepoint "Cleanup", Time since last: 1000523719 ns, Reaching safepoint: 18778 ns, Cleanup: 104645 ns, At safepoint: 7985 ns, Total: 131408 ns
[2025-05-25T09:54:31.775+0000][70][info ][safepoint   ] Safepoint "Cleanup", Time since last: 1001051856 ns, Reaching safepoint: 7645 ns, Cleanup: 27272 ns, At safepoint: 6303 ns, Total: 41220 ns
[2025-05-25T09:54:33.776+0000][70][info ][safepoint   ] Safepoint "Cleanup", Time since last: 2000973884 ns, Reaching safepoint: 142513 ns, Cleanup: 27788 ns, At safepoint: 70503 ns, Total: 240804 ns
[2025-05-25T09:54:34.776+0000][70][info ][safepoint   ] Safepoint "Cleanup", Time since last: 1000608558 ns, Reaching safepoint: 8367 ns, Cleanup: 71912 ns, At safepoint: 15720 ns, Total: 95999 ns
[2025-05-25T09:54:35.777+0000][70][info ][safepoint   ] Safepoint "Cleanup", Time since last: 1000656710 ns, Reaching safepoint: 8608 ns, Cleanup: 15897 ns, At safepoint: 6766 ns, Total: 31271 ns
[2025-05-25T09:54:36.778+0000][70][info ][safepoint   ] Safepoint "Cleanup", Time since last: 1001213901 ns, Reaching safepoint: 7756 ns, Cleanup: 12216 ns, At safepoint: 5685 ns, Total: 25657 ns
[2025-05-25T09:54:37.780+0000][70][info ][safepoint   ] Safepoint "Cleanup", Time since last: 1001783804 ns, Reaching safepoint: 8070 ns, Cleanup: 34847 ns, At safepoint: 6226 ns, Total: 49143 ns
[2025-05-25T09:54:38.844+0000][70][info ][safepoint   ] Safepoint "Cleanup", Time since last: 1064145652 ns, Reaching safepoint: 8343 ns, Cleanup: 11851 ns, At safepoint: 6790 ns, Total: 26984 ns
[2025-05-25T09:54:41.846+0000][70][info ][safepoint   ] Safepoint "Cleanup", Time since last: 3001609223 ns, Reaching safepoint: 12854 ns, Cleanup: 36749 ns, At safepoint: 63317 ns, Total: 112920 ns
[2025-05-25T09:54:42.847+0000][70][info ][safepoint   ] Safepoint "Cleanup", Time since last: 1000753694 ns, Reaching safepoint: 7792 ns, Cleanup: 20504 ns, At safepoint: 7148 ns, Total: 35444 ns
[2025-05-25T09:54:43.923+0000][70][info ][safepoint   ] Safepoint "Cleanup", Time since last: 1076421031 ns, Reaching safepoint: 11987 ns, Cleanup: 28642 ns, At safepoint: 11295 ns, Total: 51924 ns
[2025-05-25T09:54:44.926+0000][70][info ][safepoint   ] Safepoint "Cleanup", Time since last: 1002304990 ns, Reaching safepoint: 8384 ns, Cleanup: 12634 ns, At safepoint: 6309 ns, Total: 27327 ns
[2025-05-25T09:54:45.954+0000][70][info ][safepoint   ] Safepoint "Cleanup", Time since last: 1027945861 ns, Reaching safepoint: 8588 ns, Cleanup: 13939 ns, At safepoint: 5945 ns, Total: 28472 ns
[2025-05-25T09:54:46.991+0000][70][info ][safepoint   ] Safepoint "Cleanup", Time since last: 1037474844 ns, Reaching safepoint: 8374 ns, Cleanup: 13426 ns, At safepoint: 6047 ns, Total: 27847 ns
[2025-05-25T09:54:48.889+0000][70][info ][safepoint   ] Safepoint "ICBufferFull", Time since last: 1897612622 ns, Reaching safepoint: 7496 ns, Cleanup: 87712 ns, At safepoint: 6525 ns, Total: 101733 ns
[2025-05-25T09:54:49.890+0000][70][info ][safepoint   ] Safepoint "Cleanup", Time since last: 1000637175 ns, Reaching safepoint: 7986 ns, Cleanup: 74385 ns, At safepoint: 6908 ns, Total: 89279 ns
[2025-05-25T09:54:50.890+0000][70][info ][safepoint   ] Safepoint "Cleanup", Time since last: 1000563086 ns, Reaching safepoint: 20212 ns, Cleanup: 32294 ns, At safepoint: 6492 ns, Total: 58998 ns
[2025-05-25T09:54:51.640+0000][70][info ][safepoint   ] Safepoint "ICBufferFull", Time since last: 749904736 ns, Reaching safepoint: 17295 ns, Cleanup: 126527 ns, At safepoint: 11336 ns, Total: 155158 ns
[2025-05-25T09:54:52.641+0000][70][info ][safepoint   ] Safepoint "Cleanup", Time since last: 1000571955 ns, Reaching safepoint: 30155 ns, Cleanup: 37619 ns, At safepoint: 10691 ns, Total: 78465 ns
[2025-05-25T09:54:59.671+0000][70][info ][safepoint   ] Safepoint "Cleanup", Time since last: 7001686764 ns, Reaching safepoint: 19729 ns, Cleanup: 19637 ns, At safepoint: 7547 ns, Total: 46913 ns
[2025-05-25T09:55:04.673+0000][70][info ][safepoint   ] Safepoint "Cleanup", Time since last: 5001491024 ns, Reaching safepoint: 34320 ns, Cleanup: 13698 ns, At safepoint: 7028 ns, Total: 55046 ns
[2025-05-25T09:55:10.674+0000][70][info ][safepoint   ] Safepoint "Cleanup", Time since last: 6001462681 ns, Reaching safepoint: 8159 ns, Cleanup: 13375 ns, At safepoint: 5971 ns, Total: 27505 ns
[2025-05-25T09:55:13.676+0000][70][info ][safepoint   ] Safepoint "Cleanup", Time since last: 3001070541 ns, Reaching safepoint: 7892 ns, Cleanup: 13984 ns, At safepoint: 6168 ns, Total: 28044 ns
[2025-05-25T09:55:15.676+0000][70][info ][safepoint   ] Safepoint "Cleanup", Time since last: 2000616666 ns, Reaching safepoint: 8495 ns, Cleanup: 11809 ns, At safepoint: 6936 ns, Total: 27240 ns
[2025-05-25T09:55:16.677+0000][70][info ][safepoint   ] Safepoint "Cleanup", Time since last: 1000944327 ns, Reaching safepoint: 7119 ns, Cleanup: 11377 ns, At safepoint: 5888 ns, Total: 24384 ns
[2025-05-25T09:55:18.678+0000][70][info ][safepoint   ] Safepoint "Cleanup", Time since last: 2000602913 ns, Reaching safepoint: 8192 ns, Cleanup: 13280 ns, At safepoint: 6536 ns, Total: 28008 ns
[2025-05-25T09:55:21.678+0000][70][info ][safepoint   ] Safepoint "Cleanup", Time since last: 3000623570 ns, Reaching safepoint: 7918 ns, Cleanup: 17417 ns, At safepoint: 5993 ns, Total: 31328 ns
[2025-05-25T09:55:26.680+0000][70][info ][safepoint   ] Safepoint "Cleanup", Time since last: 5001183705 ns, Reaching safepoint: 9515 ns, Cleanup: 13401 ns, At safepoint: 6584 ns, Total: 29500 ns
[2025-05-25T09:55:28.680+0000][70][info ][safepoint   ] Safepoint "Cleanup", Time since last: 2000785018 ns, Reaching safepoint: 8096 ns, Cleanup: 11318 ns, At safepoint: 5722 ns, Total: 25136 ns
[2025-05-25T09:55:29.681+0000][70][info ][safepoint   ] Safepoint "Cleanup", Time since last: 1000593532 ns, Reaching safepoint: 8382 ns, Cleanup: 14035 ns, At safepoint: 8277 ns, Total: 30694 ns
[2025-05-25T09:55:35.682+0000][70][info ][safepoint   ] Safepoint "Cleanup", Time since last: 6001229920 ns, Reaching safepoint: 31272 ns, Cleanup: 14701 ns, At safepoint: 6155 ns, Total: 52128 ns
[2025-05-25T09:55:38.683+0000][70][info ][safepoint   ] Safepoint "Cleanup", Time since last: 3001021823 ns, Reaching safepoint: 7972 ns, Cleanup: 11989 ns, At safepoint: 5779 ns, Total: 25740 ns
[2025-05-25T09:55:48.685+0000][70][info ][safepoint   ] Safepoint "Cleanup", Time since last: 10002090894 ns, Reaching safepoint: 33497 ns, Cleanup: 12809 ns, At safepoint: 6026 ns, Total: 52332 ns
[2025-05-25T09:55:52.237+0000][70][info ][safepoint   ] Safepoint "Cleanup", Time since last: 3552157045 ns, Reaching safepoint: 8354 ns, Cleanup: 25686 ns, At safepoint: 5867 ns, Total: 39907 ns
[2025-05-25T09:55:59.237+0000][70][info ][safepoint   ] Safepoint "Cleanup", Time since last: 7001258521 ns, Reaching safepoint: 8800 ns, Cleanup: 13620 ns, At safepoint: 6103 ns, Total: 28523 ns
[2025-05-25T09:56:02.238+0000][70][info ][safepoint   ] Safepoint "Cleanup", Time since last: 3000927443 ns, Reaching safepoint: 9067 ns, Cleanup: 13540 ns, At safepoint: 6948 ns, Total: 29555 ns
[2025-05-25T09:56:29.241+0000][70][info ][safepoint   ] Safepoint "Cleanup", Time since last: 27003793978 ns, Reaching safepoint: 16553 ns, Cleanup: 13691 ns, At safepoint: 7163 ns, Total: 37407 ns
[2025-05-25T09:56:34.242+0000][70][info ][safepoint   ] Safepoint "Cleanup", Time since last: 5001267584 ns, Reaching safepoint: 29331 ns, Cleanup: 12853 ns, At safepoint: 7364 ns, Total: 49548 ns
[2025-05-25T09:56:42.244+0000][70][info ][safepoint   ] Safepoint "Cleanup", Time since last: 8001605729 ns, Reaching safepoint: 9813 ns, Cleanup: 12559 ns, At safepoint: 5714 ns, Total: 28086 ns
[2025-05-25T09:56:53.246+0000][70][info ][safepoint   ] Safepoint "Cleanup", Time since last: 11002326705 ns, Reaching safepoint: 8717 ns, Cleanup: 14327 ns, At safepoint: 6513 ns, Total: 29557 ns
[2025-05-25T09:57:03.246+0000][70][info ][safepoint   ] Safepoint "Cleanup", Time since last: 10001460018 ns, Reaching safepoint: 11264 ns, Cleanup: 14481 ns, At safepoint: 7164 ns, Total: 32909 ns
[2025-05-25T09:57:16.262+0000][70][info ][safepoint   ] Safepoint "Cleanup", Time since last: 13015439539 ns, Reaching safepoint: 52663 ns, Cleanup: 13918 ns, At safepoint: 5874 ns, Total: 72455 ns
[2025-05-25T09:57:29.262+0000][70][info ][safepoint   ] Safepoint "Cleanup", Time since last: 13002309013 ns, Reaching safepoint: 15037 ns, Cleanup: 16360 ns, At safepoint: 5726 ns, Total: 37123 ns
[2025-05-25T09:57:31.263+0000][70][info ][safepoint   ] Safepoint "Cleanup", Time since last: 2000730755 ns, Reaching safepoint: 7979 ns, Cleanup: 13396 ns, At safepoint: 6821 ns, Total: 28196 ns
[2025-05-25T09:57:43.269+0000][70][info ][safepoint   ] Safepoint "Cleanup", Time since last: 12005855791 ns, Reaching safepoint: 42943 ns, Cleanup: 13310 ns, At safepoint: 6135 ns, Total: 62388 ns
[2025-05-25T09:57:55.422+0000][70][info ][safepoint   ] Safepoint "Cleanup", Time since last: 12153382955 ns, Reaching safepoint: 10083 ns, Cleanup: 14160 ns, At safepoint: 6560 ns, Total: 30803 ns
[2025-05-25T09:57:59.419+0000][70][info ][safepoint   ] Safepoint "Cleanup", Time since last: 4001148618 ns, Reaching safepoint: 8944 ns, Cleanup: 12706 ns, At safepoint: 6763 ns, Total: 28413 ns
[2025-05-25T09:58:03.429+0000][70][info ][safepoint   ] Safepoint "Cleanup", Time since last: 4009700741 ns, Reaching safepoint: 19268 ns, Cleanup: 13118 ns, At safepoint: 6383 ns, Total: 38769 ns
[2025-05-25T09:58:12.322+0000][70][info ][safepoint   ] Safepoint "Cleanup", Time since last: 8891663513 ns, Reaching safepoint: 1088706 ns, Cleanup: 26328 ns, At safepoint: 94499 ns, Total: 1209533 ns
[2025-05-25T09:58:14.533+0000][70][info ][safepoint   ] Safepoint "Cleanup", Time since last: 1739034562 ns, Reaching safepoint: 472454351 ns, Cleanup: 170965 ns, At safepoint: 81912 ns, Total: 472707228 ns
[2025-05-25T09:58:15.920+0000][70][info ][safepoint   ] Safepoint "Cleanup", Time since last: 1249221020 ns, Reaching safepoint: 137166618 ns, Cleanup: 17070 ns, At safepoint: 86693 ns, Total: 137270381 ns
[2025-05-25T09:58:18.389+0000][70][info ][safepoint   ] Safepoint "Cleanup", Time since last: 2364610534 ns, Reaching safepoint: 103666975 ns, Cleanup: 17490 ns, At safepoint: 483178 ns, Total: 104167643 ns
[2025-05-25T09:58:20.003+0000][70][info ][safepoint   ] Safepoint "Cleanup", Time since last: 1185103405 ns, Reaching safepoint: 429051850 ns, Cleanup: 16204 ns, At safepoint: 53552 ns, Total: 429121606 ns
[2025-05-25T09:58:21.637+0000][70][info ][safepoint   ] Safepoint "Cleanup", Time since last: 1627134084 ns, Reaching safepoint: 6818272 ns, Cleanup: 29768 ns, At safepoint: 84785 ns, Total: 6932825 ns
[2025-05-25T09:58:22.654+0000][70][info ][safepoint   ] Safepoint "Cleanup", Time since last: 1016739322 ns, Reaching safepoint: 14289 ns, Cleanup: 93650 ns, At safepoint: 9843 ns, Total: 117782 ns
[2025-05-25T09:58:24.197+0000][70][info ][safepoint   ] Safepoint "Cleanup", Time since last: 1543161929 ns, Reaching safepoint: 88854 ns, Cleanup: 43221 ns, At safepoint: 44653 ns, Total: 176728 ns
[2025-05-25T09:58:26.180+0000][70][info ][safepoint   ] Safepoint "Cleanup", Time since last: 1966561331 ns, Reaching safepoint: 16516734 ns, Cleanup: 93863 ns, At safepoint: 45322 ns, Total: 16655919 ns
[2025-05-25T09:58:27.369+0000][70][info ][safepoint   ] Safepoint "Cleanup", Time since last: 1003102840 ns, Reaching safepoint: 185300859 ns, Cleanup: 69530 ns, At safepoint: 73972 ns, Total: 185444361 ns
[2025-05-25T09:58:28.370+0000][70][info ][safepoint   ] Safepoint "Cleanup", Time since last: 1000579745 ns, Reaching safepoint: 22957 ns, Cleanup: 67548 ns, At safepoint: 7671 ns, Total: 98176 ns
[2025-05-25T09:58:29.368+0000][70][info ][safepoint   ] Safepoint "Cleanup", Time since last: 1000879283 ns, Reaching safepoint: 10628 ns, Cleanup: 38821 ns, At safepoint: 5654 ns, Total: 55103 ns
[2025-05-25T09:58:30.850+0000][70][info ][safepoint   ] Safepoint "Cleanup", Time since last: 1481880013 ns, Reaching safepoint: 10674 ns, Cleanup: 67877 ns, At safepoint: 6323 ns, Total: 84874 ns
[2025-05-25T09:58:31.851+0000][70][info ][safepoint   ] Safepoint "Cleanup", Time since last: 1001082463 ns, Reaching safepoint: 24427 ns, Cleanup: 54593 ns, At safepoint: 8415 ns, Total: 87435 ns
[2025-05-25T09:58:33.875+0000][70][info ][safepoint   ] Safepoint "Cleanup", Time since last: 2000765063 ns, Reaching safepoint: 23070121 ns, Cleanup: 55572 ns, At safepoint: 122940 ns, Total: 23248633 ns
[2025-05-25T09:58:34.054+0000][70][info ][safepoint   ] Safepoint "ICBufferFull", Time since last: 178414217 ns, Reaching safepoint: 440768 ns, Cleanup: 94064 ns, At safepoint: 87266 ns, Total: 622098 ns
[2025-05-25T09:58:34.275+0000][70][info ][safepoint   ] Safepoint "ICBufferFull", Time since last: 220700375 ns, Reaching safepoint: 185015 ns, Cleanup: 224213 ns, At safepoint: 354763 ns, Total: 763991 ns
[2025-05-25T09:58:34.282+0000][70][info ][safepoint   ] Safepoint "ICBufferFull", Time since last: 2869948 ns, Reaching safepoint: 3951965 ns, Cleanup: 27575 ns, At safepoint: 333037 ns, Total: 4312577 ns
[2025-05-25T09:58:34.579+0000][70][info ][safepoint   ] Safepoint "ICBufferFull", Time since last: 296579154 ns, Reaching safepoint: 162468 ns, Cleanup: 135583 ns, At safepoint: 198361 ns, Total: 496412 ns
[2025-05-25T09:58:34.943+0000][70][info ][safepoint   ] Safepoint "ICBufferFull", Time since last: 363354179 ns, Reaching safepoint: 109521 ns, Cleanup: 143983 ns, At safepoint: 56506 ns, Total: 310010 ns
[2025-05-25T09:58:35.536+0000][70][info ][safepoint   ] Safepoint "ICBufferFull", Time since last: 592078689 ns, Reaching safepoint: 479600 ns, Cleanup: 132112 ns, At safepoint: 56332 ns, Total: 668044 ns
[2025-05-25T09:58:36.053+0000][70][info ][safepoint   ] Safepoint "ICBufferFull", Time since last: 516782820 ns, Reaching safepoint: 103458 ns, Cleanup: 120257 ns, At safepoint: 66373 ns, Total: 290088 ns
[2025-05-25T09:58:37.054+0000][70][info ][safepoint   ] Safepoint "Cleanup", Time since last: 1000649548 ns, Reaching safepoint: 38885 ns, Cleanup: 83221 ns, At safepoint: 34440 ns, Total: 156546 ns
[2025-05-25T09:58:37.692+0000][70][info ][safepoint   ] Safepoint "ICBufferFull", Time since last: 637870915 ns, Reaching safepoint: 138609 ns, Cleanup: 176109 ns, At safepoint: 107960 ns, Total: 422678 ns
[2025-05-25T09:58:37.991+0000][70][info ][safepoint   ] Safepoint "ICBufferFull", Time since last: 298988677 ns, Reaching safepoint: 215022 ns, Cleanup: 132115 ns, At safepoint: 83368 ns, Total: 430505 ns
[2025-05-25T09:58:38.704+0000][70][info ][safepoint   ] Safepoint "ICBufferFull", Time since last: 712228052 ns, Reaching safepoint: 310478 ns, Cleanup: 128861 ns, At safepoint: 57405 ns, Total: 496744 ns
[2025-05-25T09:58:39.068+0000][70][info ][safepoint   ] Safepoint "ICBufferFull", Time since last: 363436799 ns, Reaching safepoint: 118140 ns, Cleanup: 118891 ns, At safepoint: 161580 ns, Total: 398611 ns
[2025-05-25T09:58:40.069+0000][70][info ][safepoint   ] Safepoint "Cleanup", Time since last: 1001016295 ns, Reaching safepoint: 14554 ns, Cleanup: 114203 ns, At safepoint: 26949 ns, Total: 155706 ns
[2025-05-25T09:58:40.346+0000][70][info ][safepoint   ] Safepoint "ICBufferFull", Time since last: 276623751 ns, Reaching safepoint: 15482 ns, Cleanup: 103344 ns, At safepoint: 8221 ns, Total: 127047 ns
[2025-05-25T09:58:41.044+0000][70][info ][safepoint   ] Safepoint "ICBufferFull", Time since last: 697488031 ns, Reaching safepoint: 151264 ns, Cleanup: 186804 ns, At safepoint: 379858 ns, Total: 717926 ns
[2025-05-25T09:58:42.276+0000][70][info ][safepoint   ] Safepoint "Cleanup", Time since last: 1232030133 ns, Reaching safepoint: 102277 ns, Cleanup: 95731 ns, At safepoint: 79652 ns, Total: 277660 ns
[2025-05-25T09:58:44.103+0000][70][info ][safepoint   ] Safepoint "Cleanup", Time since last: 1776809002 ns, Reaching safepoint: 49128955 ns, Cleanup: 66339 ns, At safepoint: 117587 ns, Total: 49312881 ns
[2025-05-25T09:58:45.213+0000][70][info ][safepoint   ] Safepoint "Cleanup", Time since last: 1049437891 ns, Reaching safepoint: 60899078 ns, Cleanup: 58676 ns, At safepoint: 116098 ns, Total: 61073852 ns
[2025-05-25T09:58:46.328+0000][70][info ][safepoint   ] Safepoint "Cleanup", Time since last: 1051243395 ns, Reaching safepoint: 63730673 ns, Cleanup: 29843 ns, At safepoint: 114021 ns, Total: 63874537 ns
[2025-05-25T09:58:47.358+0000][70][info ][safepoint   ] Safepoint "Cleanup", Time since last: 1017642611 ns, Reaching safepoint: 8051425 ns, Cleanup: 56812 ns, At safepoint: 4323482 ns, Total: 12431719 ns
[2025-05-25T09:58:47.789+0000][70][info ][safepoint   ] Safepoint "ICBufferFull", Time since last: 429575944 ns, Reaching safepoint: 188588 ns, Cleanup: 154020 ns, At safepoint: 418073 ns, Total: 760681 ns
[2025-05-25T09:58:48.478+0000][70][info ][safepoint   ] Safepoint "ICBufferFull", Time since last: 665551550 ns, Reaching safepoint: 23283999 ns, Cleanup: 185357 ns, At safepoint: 120920 ns, Total: 23590276 ns
[2025-05-25T09:58:49.480+0000][70][info ][safepoint   ] Safepoint "Cleanup", Time since last: 1002340204 ns, Reaching safepoint: 17580 ns, Cleanup: 81761 ns, At safepoint: 6067 ns, Total: 105408 ns
[2025-05-25T09:58:50.571+0000][70][info ][safepoint   ] Safepoint "Cleanup", Time since last: 1031083266 ns, Reaching safepoint: 58990021 ns, Cleanup: 74858 ns, At safepoint: 293304 ns, Total: 59358183 ns
[2025-05-25T09:58:51.631+0000][70][info ][safepoint   ] Safepoint "Cleanup", Time since last: 1060677144 ns, Reaching safepoint: 4928 ns, Cleanup: 44579 ns, At safepoint: 2566 ns, Total: 52073 ns
[2025-05-25T09:58:52.769+0000][70][info ][safepoint   ] Safepoint "Cleanup", Time since last: 1137644955 ns, Reaching safepoint: 14403 ns, Cleanup: 27714 ns, At safepoint: 6515 ns, Total: 48632 ns
[2025-05-25T09:58:53.921+0000][70][info ][safepoint   ] Safepoint "Cleanup", Time since last: 1082401869 ns, Reaching safepoint: 69304720 ns, Cleanup: 24982 ns, At safepoint: 103933 ns, Total: 69433635 ns
[2025-05-25T09:58:55.017+0000][70][info ][safepoint   ] Safepoint "Cleanup", Time since last: 1096084991 ns, Reaching safepoint: 15966 ns, Cleanup: 42124 ns, At safepoint: 8239 ns, Total: 66329 ns
[2025-05-25T09:58:57.036+0000][70][info ][safepoint   ] Safepoint "Cleanup", Time since last: 2000750235 ns, Reaching safepoint: 18581780 ns, Cleanup: 20662 ns, At safepoint: 64741 ns, Total: 18667183 ns
[2025-05-25T09:58:58.098+0000][70][info ][safepoint   ] Safepoint "Cleanup", Time since last: 1061926857 ns, Reaching safepoint: 21889 ns, Cleanup: 21146 ns, At safepoint: 7502 ns, Total: 50537 ns
[2025-05-25T09:58:59.222+0000][70][info ][safepoint   ] Safepoint "Cleanup", Time since last: 1070998528 ns, Reaching safepoint: 56051301 ns, Cleanup: 30735 ns, At safepoint: 72652 ns, Total: 56154688 ns
[2025-05-25T09:59:01.270+0000][70][info ][safepoint   ] Safepoint "Cleanup", Time since last: 2036888925 ns, Reaching safepoint: 11270396 ns, Cleanup: 17079 ns, At safepoint: 56741 ns, Total: 11344216 ns
[2025-05-25T09:59:02.271+0000][70][info ][safepoint   ] Safepoint "Cleanup", Time since last: 1000545549 ns, Reaching safepoint: 19563 ns, Cleanup: 19496 ns, At safepoint: 7537 ns, Total: 46596 ns
[2025-05-25T09:59:03.272+0000][70][info ][safepoint   ] Safepoint "Cleanup", Time since last: 1000620975 ns, Reaching safepoint: 21449 ns, Cleanup: 27204 ns, At safepoint: 30009 ns, Total: 78662 ns
[2025-05-25T09:59:04.296+0000][70][info ][safepoint   ] Safepoint "Cleanup", Time since last: 1023824735 ns, Reaching safepoint: 27200 ns, Cleanup: 66150 ns, At safepoint: 10011 ns, Total: 103361 ns
[2025-05-25T09:59:04.425+0000][70][info ][gc,start    ] GC(11) Pause Young (Concurrent Start) (CodeCache GC Threshold)
[2025-05-25T09:59:04.431+0000][70][info ][gc,task     ] GC(11) Using 10 workers of 10 for evacuation
[2025-05-25T09:59:04.433+0000][70][debug][gc,age      ] GC(11) Desired survivor size 88080384 bytes, new threshold 15 (max threshold 15)
[2025-05-25T09:59:04.830+0000][70][info ][gc,mmu      ] GC(11) MMU target violated: 201.0ms (200.0ms/201.0ms)
[2025-05-25T09:59:04.831+0000][70][info ][gc,phases   ] GC(11)   Pre Evacuate Collection Set: 19.00ms
[2025-05-25T09:59:04.831+0000][70][info ][gc,phases   ] GC(11)   Merge Heap Roots: 1.93ms
[2025-05-25T09:59:04.831+0000][70][info ][gc,phases   ] GC(11)   Evacuate Collection Set: 317.32ms
[2025-05-25T09:59:04.831+0000][70][info ][gc,phases   ] GC(11)   Post Evacuate Collection Set: 31.78ms
[2025-05-25T09:59:04.831+0000][70][info ][gc,phases   ] GC(11)   Other: 32.40ms
[2025-05-25T09:59:04.832+0000][70][trace][gc,age      ] GC(11) Age table with threshold 15 (max threshold 15)
[2025-05-25T09:59:04.832+0000][70][trace][gc,age      ] GC(11) - age   1:   48982912 bytes,   48982912 total
[2025-05-25T09:59:04.832+0000][70][trace][gc,age      ] GC(11) - age   2:   20042688 bytes,   69025600 total
[2025-05-25T09:59:04.832+0000][70][trace][gc,age      ] GC(11) - age   3:   14332232 bytes,   83357832 total
[2025-05-25T09:59:04.832+0000][70][trace][gc,age      ] GC(11) - age   4:    4221464 bytes,   87579296 total
[2025-05-25T09:59:04.832+0000][70][trace][gc,age      ] GC(11) - age   5:    2489008 bytes,   90068304 total
[2025-05-25T09:59:04.832+0000][70][trace][gc,age      ] GC(11) - age   6:    4074768 bytes,   94143072 total
[2025-05-25T09:59:04.832+0000][70][trace][gc,age      ] GC(11) - age   7:    4368296 bytes,   98511368 total
[2025-05-25T09:59:04.833+0000][70][info ][gc,heap     ] GC(11) Eden regions: 305->0(22)
[2025-05-25T09:59:04.833+0000][70][info ][gc,heap     ] GC(11) Survivor regions: 14->26(42)
[2025-05-25T09:59:04.833+0000][70][info ][gc,heap     ] GC(11) Old regions: 3->3
[2025-05-25T09:59:04.833+0000][70][info ][gc,heap     ] GC(11) Humongous regions: 0->0
[2025-05-25T09:59:04.834+0000][70][info ][gc,metaspace] GC(11) Metaspace: 141050K(145024K)->141050K(145024K) NonClass: 121409K(123520K)->121409K(123520K) Class: 19641K(21504K)->19641K(21504K)
[2025-05-25T09:59:04.834+0000][70][info ][gc          ] GC(11) Pause Young (Concurrent Start) (CodeCache GC Threshold) 1282M->113M(3880M) 409.624ms
[2025-05-25T09:59:04.835+0000][70][info ][gc,cpu      ] GC(11) User=2.90s Sys=0.00s Real=0.42s
[2025-05-25T09:59:04.835+0000][70][info ][safepoint   ] Safepoint "G1TryInitiateConcMark", Time since last: 125911092 ns, Reaching safepoint: 30479 ns, Cleanup: 36233 ns, At safepoint: 413535601 ns, Total: 413602313 ns
[2025-05-25T09:59:04.836+0000][70][info ][gc          ] GC(12) Concurrent Mark Cycle
[2025-05-25T09:59:04.840+0000][70][info ][gc,marking  ] GC(12) Concurrent Scan Root Regions
[2025-05-25T09:59:04.930+0000][70][info ][gc,marking  ] GC(12) Concurrent Scan Root Regions 90.346ms
[2025-05-25T09:59:04.931+0000][70][info ][gc,marking  ] GC(12) Concurrent Mark
[2025-05-25T09:59:04.932+0000][70][info ][gc,marking  ] GC(12) Concurrent Mark From Roots
[2025-05-25T09:59:04.932+0000][70][info ][gc,task     ] GC(12) Using 3 workers of 3 for marking
[2025-05-25T09:59:05.043+0000][70][info ][gc,marking  ] GC(12) Concurrent Mark From Roots 111.113ms
[2025-05-25T09:59:05.043+0000][70][info ][gc,marking  ] GC(12) Concurrent Preclean
[2025-05-25T09:59:05.044+0000][70][info ][gc,marking  ] GC(12) Concurrent Preclean 0.760ms
[2025-05-25T09:59:05.094+0000][70][info ][gc,start    ] GC(12) Pause Remark
[2025-05-25T09:59:05.224+0000][70][info ][gc          ] GC(12) Pause Remark 143M->143M(3880M) 129.631ms
[2025-05-25T09:59:05.224+0000][70][info ][gc,cpu      ] GC(12) User=0.95s Sys=0.00s Real=0.13s
[2025-05-25T09:59:05.225+0000][70][info ][safepoint   ] Safepoint "G1PauseRemark", Time since last: 209404066 ns, Reaching safepoint: 49591145 ns, Cleanup: 25354 ns, At safepoint: 130631832 ns, Total: 180248331 ns
[2025-05-25T09:59:05.226+0000][70][info ][gc,marking  ] GC(12) Concurrent Mark 294.424ms
[2025-05-25T09:59:05.226+0000][70][info ][gc,marking  ] GC(12) Concurrent Rebuild Remembered Sets and Scrub Regions
[2025-05-25T09:59:05.230+0000][70][info ][gc,marking  ] GC(12) Concurrent Rebuild Remembered Sets and Scrub Regions 3.760ms
[2025-05-25T09:59:05.242+0000][70][info ][gc,start    ] GC(12) Pause Cleanup
[2025-05-25T09:59:05.242+0000][70][info ][gc          ] GC(12) Pause Cleanup 147M->147M(3880M) 0.720ms
[2025-05-25T09:59:05.243+0000][70][info ][gc,cpu      ] GC(12) User=0.00s Sys=0.00s Real=0.00s
[2025-05-25T09:59:05.243+0000][70][info ][safepoint   ] Safepoint "G1PauseCleanup", Time since last: 5607597 ns, Reaching safepoint: 10975567 ns, Cleanup: 33215 ns, At safepoint: 1779266 ns, Total: 12788048 ns
[2025-05-25T09:59:05.244+0000][70][info ][gc,marking  ] GC(12) Concurrent Clear Claimed Marks
[2025-05-25T09:59:05.244+0000][70][info ][gc,marking  ] GC(12) Concurrent Clear Claimed Marks 0.623ms
[2025-05-25T09:59:05.245+0000][70][info ][gc,marking  ] GC(12) Concurrent Cleanup for Next Mark
[2025-05-25T09:59:05.312+0000][70][info ][gc,marking  ] GC(12) Concurrent Cleanup for Next Mark 67.295ms
[2025-05-25T09:59:05.326+0000][70][info ][gc          ] GC(12) Concurrent Mark Cycle 490.185ms
[2025-05-25T09:59:06.476+0000][70][info ][safepoint   ] Safepoint "Cleanup", Time since last: 1000408835 ns, Reaching safepoint: 232266244 ns, Cleanup: 76081 ns, At safepoint: 107660 ns, Total: 232449985 ns
[2025-05-25T09:59:07.555+0000][70][info ][safepoint   ] Safepoint "Cleanup", Time since last: 1003871544 ns, Reaching safepoint: 74640388 ns, Cleanup: 26532 ns, At safepoint: 69294 ns, Total: 74736214 ns
[2025-05-25T09:59:09.725+0000][70][info ][safepoint   ] Safepoint "Cleanup", Time since last: 2076302946 ns, Reaching safepoint: 94263166 ns, Cleanup: 42737 ns, At safepoint: 59366 ns, Total: 94365269 ns
[2025-05-25T09:59:11.345+0000][70][info ][gc,start    ] GC(13) Pause Young (Normal) (G1 Evacuation Pause)
[2025-05-25T09:59:11.346+0000][70][info ][gc,task     ] GC(13) Using 10 workers of 10 for evacuation
[2025-05-25T09:59:11.346+0000][70][debug][gc,age      ] GC(13) Desired survivor size 12582912 bytes, new threshold 1 (max threshold 15)
[2025-05-25T09:59:16.522+0000][70][info ][gc,mmu      ] GC(13) MMU target violated: 201.0ms (200.0ms/201.0ms)
[2025-05-25T09:59:16.523+0000][70][info ][gc,phases   ] GC(13)   Pre Evacuate Collection Set: 0.43ms
[2025-05-25T09:59:16.524+0000][70][info ][gc,phases   ] GC(13)   Merge Heap Roots: 0.13ms
[2025-05-25T09:59:16.524+0000][70][info ][gc,phases   ] GC(13)   Evacuate Collection Set: 5171.51ms
[2025-05-25T09:59:16.524+0000][70][info ][gc,phases   ] GC(13)   Post Evacuate Collection Set: 3.93ms
[2025-05-25T09:59:16.525+0000][70][info ][gc,phases   ] GC(13)   Other: 1.09ms
[2025-05-25T09:59:16.525+0000][70][trace][gc,age      ] GC(13) Age table with threshold 1 (max threshold 15)
[2025-05-25T09:59:16.525+0000][70][trace][gc,age      ] GC(13) - age   1:    1943504 bytes,    1943504 total
[2025-05-25T09:59:16.526+0000][70][info ][gc,heap     ] GC(13) Eden regions: 22->0(45)
[2025-05-25T09:59:16.526+0000][70][info ][gc,heap     ] GC(13) Survivor regions: 26->3(6)
[2025-05-25T09:59:16.526+0000][70][info ][gc,heap     ] GC(13) Old regions: 3->28
[2025-05-25T09:59:16.526+0000][70][info ][gc,heap     ] GC(13) Humongous regions: 0->0
[2025-05-25T09:59:16.526+0000][70][info ][gc,metaspace] GC(13) Metaspace: 141272K(145280K)->141272K(145280K) NonClass: 121604K(123776K)->121604K(123776K) Class: 19668K(21504K)->19668K(21504K)
[2025-05-25T09:59:16.527+0000][70][info ][gc          ] GC(13) Pause Young (Normal) (G1 Evacuation Pause) 201M->120M(3880M) 5181.510ms
[2025-05-25T09:59:16.527+0000][70][info ][gc,cpu      ] GC(13) User=0.72s Sys=0.52s Real=5.18s
[2025-05-25T09:59:16.527+0000][70][info ][safepoint   ] Safepoint "G1CollectForAllocation", Time since last: 1606393654 ns, Reaching safepoint: 13322970 ns, Cleanup: 29129 ns, At safepoint: 5182233692 ns, Total: 5195585791 ns
[2025-05-25T09:59:17.528+0000][70][info ][safepoint   ] Safepoint "Cleanup", Time since last: 1000685347 ns, Reaching safepoint: 21464 ns, Cleanup: 41703 ns, At safepoint: 25651 ns, Total: 88818 ns
[2025-05-25T09:59:19.530+0000][70][info ][safepoint   ] Safepoint "Cleanup", Time since last: 2001880490 ns, Reaching safepoint: 18804 ns, Cleanup: 14446 ns, At safepoint: 6267 ns, Total: 39517 ns
[2025-05-25T09:59:20.774+0000][70][info ][safepoint   ] Safepoint "Cleanup", Time since last: 1244244972 ns, Reaching safepoint: 15295 ns, Cleanup: 32067 ns, At safepoint: 6830 ns, Total: 54192 ns
[2025-05-25T09:59:21.775+0000][70][info ][safepoint   ] Safepoint "Cleanup", Time since last: 1000484832 ns, Reaching safepoint: 23941 ns, Cleanup: 37121 ns, At safepoint: 7467 ns, Total: 68529 ns
[2025-05-25T09:59:23.537+0000][70][info ][safepoint   ] Safepoint "Cleanup", Time since last: 1762175512 ns, Reaching safepoint: 100142 ns, Cleanup: 59071 ns, At safepoint: 42447 ns, Total: 201660 ns
[2025-05-25T09:59:24.791+0000][70][info ][safepoint   ] Safepoint "Cleanup", Time since last: 1253952336 ns, Reaching safepoint: 15490 ns, Cleanup: 40498 ns, At safepoint: 7457 ns, Total: 63445 ns
[2025-05-25T09:59:26.558+0000][70][info ][safepoint   ] Safepoint "Cleanup", Time since last: 1766453009 ns, Reaching safepoint: 86317 ns, Cleanup: 35297 ns, At safepoint: 49955 ns, Total: 171569 ns
[2025-05-25T09:59:27.566+0000][70][info ][safepoint   ] Safepoint "Cleanup", Time since last: 1008320915 ns, Reaching safepoint: 15557 ns, Cleanup: 21317 ns, At safepoint: 7179 ns, Total: 44053 ns
[2025-05-25T09:59:28.567+0000][70][info ][safepoint   ] Safepoint "Cleanup", Time since last: 1000643400 ns, Reaching safepoint: 17156 ns, Cleanup: 20400 ns, At safepoint: 6808 ns, Total: 44364 ns
[2025-05-25T09:59:29.803+0000][70][info ][safepoint   ] Safepoint "Cleanup", Time since last: 1239475521 ns, Reaching safepoint: 29147 ns, Cleanup: 150857 ns, At safepoint: 21309 ns, Total: 201313 ns
[2025-05-25T09:59:31.804+0000][70][info ][safepoint   ] Safepoint "Cleanup", Time since last: 2000790750 ns, Reaching safepoint: 40915 ns, Cleanup: 15984 ns, At safepoint: 7298 ns, Total: 64197 ns
[2025-05-25T09:59:33.805+0000][70][info ][safepoint   ] Safepoint "Cleanup", Time since last: 2001333571 ns, Reaching safepoint: 17539 ns, Cleanup: 49590 ns, At safepoint: 6965 ns, Total: 74094 ns
[2025-05-25T09:59:34.806+0000][70][info ][safepoint   ] Safepoint "Cleanup", Time since last: 1000501916 ns, Reaching safepoint: 15166 ns, Cleanup: 46113 ns, At safepoint: 7495 ns, Total: 68774 ns
[2025-05-25T09:59:36.807+0000][70][info ][safepoint   ] Safepoint "Cleanup", Time since last: 2000833137 ns, Reaching safepoint: 46233 ns, Cleanup: 23009 ns, At safepoint: 7652 ns, Total: 76894 ns
[2025-05-25T09:59:37.808+0000][70][info ][safepoint   ] Safepoint "Cleanup", Time since last: 1000929526 ns, Reaching safepoint: 29721 ns, Cleanup: 33232 ns, At safepoint: 15489 ns, Total: 78442 ns
[2025-05-25T09:59:38.820+0000][70][info ][safepoint   ] Safepoint "Cleanup", Time since last: 1012241438 ns, Reaching safepoint: 16270 ns, Cleanup: 28839 ns, At safepoint: 6591 ns, Total: 51700 ns
[2025-05-25T09:59:40.631+0000][70][info ][safepoint   ] Safepoint "Cleanup", Time since last: 1810994967 ns, Reaching safepoint: 6931 ns, Cleanup: 18241 ns, At safepoint: 21582 ns, Total: 46754 ns
[2025-05-25T09:59:42.607+0000][70][info ][safepoint   ] Safepoint "Cleanup", Time since last: 1975880224 ns, Reaching safepoint: 11205 ns, Cleanup: 83722 ns, At safepoint: 12211 ns, Total: 107138 ns
[2025-05-25T09:59:43.609+0000][70][info ][safepoint   ] Safepoint "Cleanup", Time since last: 1001494277 ns, Reaching safepoint: 29307 ns, Cleanup: 11407 ns, At safepoint: 131947 ns, Total: 172661 ns
[2025-05-25T09:59:44.610+0000][70][info ][safepoint   ] Safepoint "Cleanup", Time since last: 1000677282 ns, Reaching safepoint: 15692 ns, Cleanup: 31919 ns, At safepoint: 34708 ns, Total: 82319 ns
[2025-05-25T09:59:47.610+0000][70][info ][safepoint   ] Safepoint "Cleanup", Time since last: 3000827936 ns, Reaching safepoint: 39092 ns, Cleanup: 17623 ns, At safepoint: 6325 ns, Total: 63040 ns
[2025-05-25T09:59:48.611+0000][70][info ][safepoint   ] Safepoint "Cleanup", Time since last: 1000617207 ns, Reaching safepoint: 14644 ns, Cleanup: 9399 ns, At safepoint: 6088 ns, Total: 30131 ns
[2025-05-25T09:59:49.612+0000][70][info ][safepoint   ] Safepoint "Cleanup", Time since last: 1000523902 ns, Reaching safepoint: 27282 ns, Cleanup: 15824 ns, At safepoint: 71918 ns, Total: 115024 ns
[2025-05-25T09:59:50.612+0000][70][info ][safepoint   ] Safepoint "Cleanup", Time since last: 1000618374 ns, Reaching safepoint: 17469 ns, Cleanup: 11875 ns, At safepoint: 6341 ns, Total: 35685 ns
[2025-05-25T09:59:51.613+0000][70][info ][safepoint   ] Safepoint "Cleanup", Time since last: 1000586943 ns, Reaching safepoint: 29826 ns, Cleanup: 14483 ns, At safepoint: 7839 ns, Total: 52148 ns
[2025-05-25T09:59:52.760+0000][70][info ][safepoint   ] Safepoint "Cleanup", Time since last: 1147226056 ns, Reaching safepoint: 17717 ns, Cleanup: 36479 ns, At safepoint: 8171 ns, Total: 62367 ns
[2025-05-25T09:59:53.761+0000][70][info ][safepoint   ] Safepoint "Cleanup", Time since last: 1000498479 ns, Reaching safepoint: 17764 ns, Cleanup: 12291 ns, At safepoint: 8677 ns, Total: 38732 ns
[2025-05-25T09:59:54.762+0000][70][info ][safepoint   ] Safepoint "Cleanup", Time since last: 1000676270 ns, Reaching safepoint: 18595 ns, Cleanup: 10895 ns, At safepoint: 7004 ns, Total: 36494 ns
[2025-05-25T09:59:58.763+0000][70][info ][safepoint   ] Safepoint "Cleanup", Time since last: 4001059974 ns, Reaching safepoint: 54714 ns, Cleanup: 17710 ns, At safepoint: 7659 ns, Total: 80083 ns
[2025-05-25T10:00:01.761+0000][70][info ][safepoint   ] Safepoint "Cleanup", Time since last: 3000905742 ns, Reaching safepoint: 18870 ns, Cleanup: 13393 ns, At safepoint: 6772 ns, Total: 39035 ns
[2025-05-25T10:00:03.762+0000][70][info ][safepoint   ] Safepoint "Cleanup", Time since last: 2000641358 ns, Reaching safepoint: 73498 ns, Cleanup: 18863 ns, At safepoint: 9524 ns, Total: 101885 ns
[2025-05-25T10:00:04.763+0000][70][info ][safepoint   ] Safepoint "Cleanup", Time since last: 1000627805 ns, Reaching safepoint: 19085 ns, Cleanup: 14182 ns, At safepoint: 8090 ns, Total: 41357 ns
[2025-05-25T10:00:06.764+0000][70][info ][safepoint   ] Safepoint "Cleanup", Time since last: 2000852773 ns, Reaching safepoint: 52508 ns, Cleanup: 13757 ns, At safepoint: 7582 ns, Total: 73847 ns
[2025-05-25T10:00:08.764+0000][70][info ][safepoint   ] Safepoint "Cleanup", Time since last: 2000678953 ns, Reaching safepoint: 17789 ns, Cleanup: 18407 ns, At safepoint: 7076 ns, Total: 43272 ns
[2025-05-25T10:00:10.765+0000][70][info ][safepoint   ] Safepoint "Cleanup", Time since last: 2000657764 ns, Reaching safepoint: 23368 ns, Cleanup: 17686 ns, At safepoint: 10320 ns, Total: 51374 ns
[2025-05-25T10:00:16.769+0000][70][info ][safepoint   ] Safepoint "Cleanup", Time since last: 6003842508 ns, Reaching safepoint: 17582 ns, Cleanup: 13466 ns, At safepoint: 6826 ns, Total: 37874 ns
[2025-05-25T10:00:18.770+0000][70][info ][safepoint   ] Safepoint "Cleanup", Time since last: 2000778670 ns, Reaching safepoint: 18236 ns, Cleanup: 14713 ns, At safepoint: 7045 ns, Total: 39994 ns
[2025-05-25T10:00:19.770+0000][70][info ][safepoint   ] Safepoint "Cleanup", Time since last: 1000532035 ns, Reaching safepoint: 23104 ns, Cleanup: 12245 ns, At safepoint: 8580 ns, Total: 43929 ns
[2025-05-25T10:00:21.771+0000][70][info ][safepoint   ] Safepoint "Cleanup", Time since last: 2000946210 ns, Reaching safepoint: 17297 ns, Cleanup: 11144 ns, At safepoint: 6870 ns, Total: 35311 ns
[2025-05-25T10:00:22.772+0000][70][info ][safepoint   ] Safepoint "Cleanup", Time since last: 1000536830 ns, Reaching safepoint: 31956 ns, Cleanup: 17344 ns, At safepoint: 7902 ns, Total: 57202 ns
[2025-05-25T10:00:23.772+0000][70][info ][safepoint   ] Safepoint "Cleanup", Time since last: 1000628230 ns, Reaching safepoint: 17440 ns, Cleanup: 14178 ns, At safepoint: 7952 ns, Total: 39570 ns
[2025-05-25T10:00:24.773+0000][70][info ][safepoint   ] Safepoint "Cleanup", Time since last: 1000458574 ns, Reaching safepoint: 16224 ns, Cleanup: 11984 ns, At safepoint: 8013 ns, Total: 36221 ns
[2025-05-25T10:00:25.810+0000][70][info ][safepoint   ] Safepoint "Cleanup", Time since last: 1000389169 ns, Reaching safepoint: 36298995 ns, Cleanup: 12772 ns, At safepoint: 70852 ns, Total: 36382619 ns
[2025-05-25T10:00:26.810+0000][70][info ][safepoint   ] Safepoint "Cleanup", Time since last: 1000383653 ns, Reaching safepoint: 14868 ns, Cleanup: 12797 ns, At safepoint: 6197 ns, Total: 33862 ns
[2025-05-25T10:00:27.811+0000][70][info ][safepoint   ] Safepoint "Cleanup", Time since last: 1000428415 ns, Reaching safepoint: 14557 ns, Cleanup: 9845 ns, At safepoint: 6091 ns, Total: 30493 ns
[2025-05-25T10:00:29.808+0000][70][info ][safepoint   ] Safepoint "Cleanup", Time since last: 2000571607 ns, Reaching safepoint: 14062 ns, Cleanup: 9979 ns, At safepoint: 5807 ns, Total: 29848 ns
[2025-05-25T10:00:32.809+0000][70][info ][safepoint   ] Safepoint "Cleanup", Time since last: 3000723598 ns, Reaching safepoint: 14145 ns, Cleanup: 9843 ns, At safepoint: 6682 ns, Total: 30670 ns
[2025-05-25T10:00:33.810+0000][70][info ][safepoint   ] Safepoint "Cleanup", Time since last: 1000437341 ns, Reaching safepoint: 536736 ns, Cleanup: 16680 ns, At safepoint: 58650 ns, Total: 612066 ns
[2025-05-25T10:00:34.815+0000][70][info ][safepoint   ] Safepoint "Cleanup", Time since last: 1005116147 ns, Reaching safepoint: 15202 ns, Cleanup: 18395 ns, At safepoint: 23534 ns, Total: 57131 ns
[2025-05-25T10:00:35.838+0000][70][info ][safepoint   ] Safepoint "Cleanup", Time since last: 1022708698 ns, Reaching safepoint: 15281 ns, Cleanup: 10249 ns, At safepoint: 6971 ns, Total: 32501 ns
[2025-05-25T10:00:37.870+0000][70][info ][safepoint   ] Safepoint "Cleanup", Time since last: 2001037755 ns, Reaching safepoint: 30619515 ns, Cleanup: 20492 ns, At safepoint: 66567 ns, Total: 30706574 ns
[2025-05-25T10:00:38.870+0000][70][info ][safepoint   ] Safepoint "Cleanup", Time since last: 1000477458 ns, Reaching safepoint: 13179 ns, Cleanup: 8799 ns, At safepoint: 21299 ns, Total: 43277 ns
[2025-05-25T10:00:40.945+0000][70][info ][safepoint   ] Safepoint "Cleanup", Time since last: 2075005911 ns, Reaching safepoint: 104305 ns, Cleanup: 12820 ns, At safepoint: 31801 ns, Total: 148926 ns
[2025-05-25T10:00:41.946+0000][70][info ][safepoint   ] Safepoint "Cleanup", Time since last: 1000798439 ns, Reaching safepoint: 14170 ns, Cleanup: 18691 ns, At safepoint: 6229 ns, Total: 39090 ns
[2025-05-25T10:00:43.954+0000][70][info ][safepoint   ] Safepoint "Cleanup", Time since last: 2000713879 ns, Reaching safepoint: 6708172 ns, Cleanup: 15501 ns, At safepoint: 52719 ns, Total: 6776392 ns
[2025-05-25T10:00:45.766+0000][70][info ][safepoint   ] Safepoint "Cleanup", Time since last: 1812217058 ns, Reaching safepoint: 15343 ns, Cleanup: 46793 ns, At safepoint: 7960 ns, Total: 70096 ns
[2025-05-25T10:00:46.785+0000][70][info ][safepoint   ] Safepoint "Cleanup", Time since last: 1018639711 ns, Reaching safepoint: 15128 ns, Cleanup: 15895 ns, At safepoint: 6488 ns, Total: 37511 ns
[2025-05-25T10:00:48.786+0000][70][info ][safepoint   ] Safepoint "Cleanup", Time since last: 2000741529 ns, Reaching safepoint: 35039 ns, Cleanup: 24699 ns, At safepoint: 6030 ns, Total: 65768 ns
[2025-05-25T10:00:49.786+0000][70][info ][safepoint   ] Safepoint "Cleanup", Time since last: 1000789658 ns, Reaching safepoint: 15671 ns, Cleanup: 12401 ns, At safepoint: 7416 ns, Total: 35488 ns
[2025-05-25T10:00:51.787+0000][70][info ][safepoint   ] Safepoint "Cleanup", Time since last: 2000673406 ns, Reaching safepoint: 15776 ns, Cleanup: 12157 ns, At safepoint: 6647 ns, Total: 34580 ns
[2025-05-25T10:00:53.825+0000][70][info ][safepoint   ] Safepoint "Cleanup", Time since last: 2038019233 ns, Reaching safepoint: 17255 ns, Cleanup: 27903 ns, At safepoint: 7309 ns, Total: 52467 ns
[2025-05-25T10:00:55.826+0000][70][info ][safepoint   ] Safepoint "Cleanup", Time since last: 2001151732 ns, Reaching safepoint: 29261 ns, Cleanup: 17350 ns, At safepoint: 10282 ns, Total: 56893 ns
[2025-05-25T10:00:56.827+0000][70][info ][safepoint   ] Safepoint "Cleanup", Time since last: 1000481073 ns, Reaching safepoint: 27718 ns, Cleanup: 15607 ns, At safepoint: 7410 ns, Total: 50735 ns
[2025-05-25T10:00:59.824+0000][70][info ][safepoint   ] Safepoint "Cleanup", Time since last: 3001068901 ns, Reaching safepoint: 17578 ns, Cleanup: 13463 ns, At safepoint: 7342 ns, Total: 38383 ns
[2025-05-25T10:01:01.912+0000][70][info ][safepoint   ] Safepoint "Cleanup", Time since last: 2000857860 ns, Reaching safepoint: 87057442 ns, Cleanup: 19660 ns, At safepoint: 80800 ns, Total: 87157902 ns
[2025-05-25T10:01:02.917+0000][70][info ][safepoint   ] Safepoint "Cleanup", Time since last: 1004869505 ns, Reaching safepoint: 16720 ns, Cleanup: 14109 ns, At safepoint: 7708 ns, Total: 38537 ns
[2025-05-25T10:01:04.997+0000][70][info ][safepoint   ] Safepoint "Cleanup", Time since last: 2000757491 ns, Reaching safepoint: 79521062 ns, Cleanup: 26884 ns, At safepoint: 92959 ns, Total: 79640905 ns
[2025-05-25T10:01:06.998+0000][70][info ][safepoint   ] Safepoint "Cleanup", Time since last: 2000857701 ns, Reaching safepoint: 16052 ns, Cleanup: 11433 ns, At safepoint: 5777 ns, Total: 33262 ns
[2025-05-25T10:01:09.089+0000][70][info ][safepoint   ] Safepoint "Cleanup", Time since last: 2000772264 ns, Reaching safepoint: 89568806 ns, Cleanup: 20687 ns, At safepoint: 68147 ns, Total: 89657640 ns
[2025-05-25T10:01:10.091+0000][70][info ][safepoint   ] Safepoint "Cleanup", Time since last: 1002568926 ns, Reaching safepoint: 16241 ns, Cleanup: 11157 ns, At safepoint: 6456 ns, Total: 33854 ns
[2025-05-25T10:01:11.144+0000][70][info ][safepoint   ] Safepoint "Cleanup", Time since last: 1000734872 ns, Reaching safepoint: 52049520 ns, Cleanup: 14691 ns, At safepoint: 68095 ns, Total: 52132306 ns
[2025-05-25T10:01:14.225+0000][70][info ][safepoint   ] Safepoint "Cleanup", Time since last: 3000838528 ns, Reaching safepoint: 80265630 ns, Cleanup: 14794 ns, At safepoint: 71503 ns, Total: 80351927 ns
[2025-05-25T10:01:15.253+0000][70][info ][safepoint   ] Safepoint "Cleanup", Time since last: 1002098757 ns, Reaching safepoint: 25276551 ns, Cleanup: 13812 ns, At safepoint: 59170 ns, Total: 25349533 ns
[2025-05-25T10:01:17.361+0000][70][info ][safepoint   ] Safepoint "Cleanup", Time since last: 2000658024 ns, Reaching safepoint: 107163968 ns, Cleanup: 16451 ns, At safepoint: 90765 ns, Total: 107271184 ns
[2025-05-25T10:01:18.361+0000][70][info ][safepoint   ] Safepoint "Cleanup", Time since last: 1000296474 ns, Reaching safepoint: 15064 ns, Cleanup: 18463 ns, At safepoint: 19738 ns, Total: 53265 ns
[2025-05-25T10:01:19.362+0000][70][info ][safepoint   ] Safepoint "Cleanup", Time since last: 1000546302 ns, Reaching safepoint: 15179 ns, Cleanup: 11938 ns, At safepoint: 6772 ns, Total: 33889 ns
[2025-05-25T10:01:22.362+0000][70][info ][safepoint   ] Safepoint "Cleanup", Time since last: 3000484213 ns, Reaching safepoint: 36477 ns, Cleanup: 15039 ns, At safepoint: 7540 ns, Total: 59056 ns
[2025-05-25T10:01:24.363+0000][70][info ][safepoint   ] Safepoint "Cleanup", Time since last: 2000386134 ns, Reaching safepoint: 22029 ns, Cleanup: 34457 ns, At safepoint: 6239 ns, Total: 62725 ns
[2025-05-25T10:01:26.364+0000][70][info ][safepoint   ] Safepoint "Cleanup", Time since last: 2000832081 ns, Reaching safepoint: 15937 ns, Cleanup: 15758 ns, At safepoint: 6823 ns, Total: 38518 ns
[2025-05-25T10:01:28.364+0000][70][info ][safepoint   ] Safepoint "Cleanup", Time since last: 2000711353 ns, Reaching safepoint: 34309 ns, Cleanup: 15522 ns, At safepoint: 14569 ns, Total: 64400 ns
[2025-05-25T10:01:29.363+0000][70][info ][safepoint   ] Safepoint "Cleanup", Time since last: 1000847151 ns, Reaching safepoint: 15928 ns, Cleanup: 12163 ns, At safepoint: 6327 ns, Total: 34418 ns
[2025-05-25T10:01:30.365+0000][70][info ][safepoint   ] Safepoint "Cleanup", Time since last: 1002073236 ns, Reaching safepoint: 16106 ns, Cleanup: 15938 ns, At safepoint: 8193 ns, Total: 40237 ns
[2025-05-25T10:01:32.365+0000][70][info ][safepoint   ] Safepoint "Cleanup", Time since last: 2000650923 ns, Reaching safepoint: 16130 ns, Cleanup: 11092 ns, At safepoint: 6498 ns, Total: 33720 ns
[2025-05-25T10:01:33.366+0000][70][info ][safepoint   ] Safepoint "Cleanup", Time since last: 1000653714 ns, Reaching safepoint: 16654 ns, Cleanup: 21690 ns, At safepoint: 7361 ns, Total: 45705 ns
[2025-05-25T10:01:34.367+0000][70][info ][safepoint   ] Safepoint "Cleanup", Time since last: 1000375808 ns, Reaching safepoint: 27808 ns, Cleanup: 21849 ns, At safepoint: 14361 ns, Total: 64018 ns
[2025-05-25T10:01:35.367+0000][70][info ][safepoint   ] Safepoint "Cleanup", Time since last: 1000823472 ns, Reaching safepoint: 39088 ns, Cleanup: 13426 ns, At safepoint: 7903 ns, Total: 60417 ns
[2025-05-25T10:01:38.368+0000][70][info ][safepoint   ] Safepoint "Cleanup", Time since last: 3000953254 ns, Reaching safepoint: 17382 ns, Cleanup: 14321 ns, At safepoint: 6810 ns, Total: 38513 ns
[2025-05-25T10:01:41.369+0000][70][info ][safepoint   ] Safepoint "Cleanup", Time since last: 3000751436 ns, Reaching safepoint: 17090 ns, Cleanup: 13113 ns, At safepoint: 6589 ns, Total: 36792 ns
[2025-05-25T10:01:42.370+0000][70][info ][safepoint   ] Safepoint "Cleanup", Time since last: 1000523380 ns, Reaching safepoint: 16178 ns, Cleanup: 12113 ns, At safepoint: 6791 ns, Total: 35082 ns
[2025-05-25T10:01:44.371+0000][70][info ][safepoint   ] Safepoint "Cleanup", Time since last: 2000866521 ns, Reaching safepoint: 16900 ns, Cleanup: 11302 ns, At safepoint: 6945 ns, Total: 35147 ns
[2025-05-25T10:01:46.729+0000][70][info ][safepoint   ] Safepoint "Cleanup", Time since last: 2358165866 ns, Reaching safepoint: 122183 ns, Cleanup: 13758 ns, At safepoint: 56089 ns, Total: 192030 ns
[2025-05-25T10:01:47.746+0000][70][info ][safepoint   ] Safepoint "Cleanup", Time since last: 1016809174 ns, Reaching safepoint: 5803 ns, Cleanup: 18965 ns, At safepoint: 2994 ns, Total: 27762 ns
[2025-05-25T10:01:47.755+0000][70][info ][gc,start    ] GC(14) Pause Young (Normal) (G1 Evacuation Pause)
[2025-05-25T10:01:47.756+0000][70][info ][gc,task     ] GC(14) Using 10 workers of 10 for evacuation
[2025-05-25T10:01:47.756+0000][70][debug][gc,age      ] GC(14) Desired survivor size 12582912 bytes, new threshold 15 (max threshold 15)
[2025-05-25T10:01:47.764+0000][70][info ][gc,phases   ] GC(14)   Pre Evacuate Collection Set: 0.75ms
[2025-05-25T10:01:47.765+0000][70][info ][gc,phases   ] GC(14)   Merge Heap Roots: 0.16ms
[2025-05-25T10:01:47.765+0000][70][info ][gc,phases   ] GC(14)   Evacuate Collection Set: 5.04ms
[2025-05-25T10:01:47.765+0000][70][info ][gc,phases   ] GC(14)   Post Evacuate Collection Set: 1.11ms
[2025-05-25T10:01:47.766+0000][70][info ][gc,phases   ] GC(14)   Other: 1.38ms
[2025-05-25T10:01:47.766+0000][70][trace][gc,age      ] GC(14) Age table with threshold 15 (max threshold 15)
[2025-05-25T10:01:47.767+0000][70][trace][gc,age      ] GC(14) - age   1:    2079472 bytes,    2079472 total
[2025-05-25T10:01:47.767+0000][70][trace][gc,age      ] GC(14) - age   2:    1783304 bytes,    3862776 total
[2025-05-25T10:01:47.767+0000][70][info ][gc,heap     ] GC(14) Eden regions: 45->0(46)
[2025-05-25T10:01:47.768+0000][70][info ][gc,heap     ] GC(14) Survivor regions: 3->2(6)
[2025-05-25T10:01:47.768+0000][70][info ][gc,heap     ] GC(14) Old regions: 28->28
[2025-05-25T10:01:47.769+0000][70][info ][gc,heap     ] GC(14) Humongous regions: 0->0
[2025-05-25T10:01:47.769+0000][70][info ][gc,metaspace] GC(14) Metaspace: 142750K(146688K)->142750K(146688K) NonClass: 123019K(125120K)->123019K(125120K) Class: 19731K(21568K)->19731K(21568K)
[2025-05-25T10:01:47.769+0000][70][info ][gc          ] GC(14) Pause Young (Normal) (G1 Evacuation Pause) 300M->116M(3880M) 14.548ms
[2025-05-25T10:01:47.770+0000][70][info ][gc,cpu      ] GC(14) User=0.05s Sys=0.00s Real=0.02s
[2025-05-25T10:01:47.770+0000][70][info ][safepoint   ] Safepoint "G1CollectForAllocation", Time since last: 8768450 ns, Reaching safepoint: 5194 ns, Cleanup: 2788 ns, At safepoint: 15262434 ns, Total: 15270416 ns
[2025-05-25T10:01:48.777+0000][70][info ][safepoint   ] Safepoint "Cleanup", Time since last: 1006605380 ns, Reaching safepoint: 16499 ns, Cleanup: 24660 ns, At safepoint: 7215 ns, Total: 48374 ns
[2025-05-25T10:01:49.777+0000][70][info ][safepoint   ] Safepoint "Cleanup", Time since last: 1000526897 ns, Reaching safepoint: 14677 ns, Cleanup: 15784 ns, At safepoint: 6334 ns, Total: 36795 ns
[2025-05-25T10:01:50.778+0000][70][info ][safepoint   ] Safepoint "Cleanup", Time since last: 1000657796 ns, Reaching safepoint: 37804 ns, Cleanup: 11233 ns, At safepoint: 7713 ns, Total: 56750 ns
[2025-05-25T10:01:52.846+0000][70][info ][safepoint   ] Safepoint "Cleanup", Time since last: 2068347048 ns, Reaching safepoint: 15879 ns, Cleanup: 11010 ns, At safepoint: 7134 ns, Total: 34023 ns
[2025-05-25T10:01:53.847+0000][70][info ][safepoint   ] Safepoint "Cleanup", Time since last: 1000725048 ns, Reaching safepoint: 15302 ns, Cleanup: 30993 ns, At safepoint: 6505 ns, Total: 52800 ns
[2025-05-25T10:01:54.848+0000][70][info ][safepoint   ] Safepoint "Cleanup", Time since last: 1000706928 ns, Reaching safepoint: 14906 ns, Cleanup: 13790 ns, At safepoint: 6251 ns, Total: 34947 ns
[2025-05-25T10:01:56.848+0000][70][info ][safepoint   ] Safepoint "Cleanup", Time since last: 2000538875 ns, Reaching safepoint: 35899 ns, Cleanup: 45336 ns, At safepoint: 8317 ns, Total: 89552 ns
[2025-05-25T10:01:58.849+0000][70][info ][safepoint   ] Safepoint "Cleanup", Time since last: 2000716149 ns, Reaching safepoint: 19785 ns, Cleanup: 19970 ns, At safepoint: 6453 ns, Total: 46208 ns
[2025-05-25T10:01:59.847+0000][70][info ][safepoint   ] Safepoint "Cleanup", Time since last: 1000688054 ns, Reaching safepoint: 27328 ns, Cleanup: 16792 ns, At safepoint: 14918 ns, Total: 59038 ns
[2025-05-25T10:02:01.849+0000][70][info ][safepoint   ] Safepoint "Cleanup", Time since last: 2001700095 ns, Reaching safepoint: 16716 ns, Cleanup: 15382 ns, At safepoint: 6752 ns, Total: 38850 ns
[2025-05-25T10:02:03.850+0000][70][info ][safepoint   ] Safepoint "Cleanup", Time since last: 2000916119 ns, Reaching safepoint: 16855 ns, Cleanup: 18520 ns, At safepoint: 9319 ns, Total: 44694 ns
[2025-05-25T10:02:04.851+0000][70][info ][safepoint   ] Safepoint "Cleanup", Time since last: 1001251775 ns, Reaching safepoint: 28714 ns, Cleanup: 17461 ns, At safepoint: 14843 ns, Total: 61018 ns
[2025-05-25T10:02:05.856+0000][70][info ][safepoint   ] Safepoint "Cleanup", Time since last: 1004488194 ns, Reaching safepoint: 36436 ns, Cleanup: 10732 ns, At safepoint: 22444 ns, Total: 69612 ns
[2025-05-25T10:02:07.856+0000][70][info ][safepoint   ] Safepoint "Cleanup", Time since last: 2000426978 ns, Reaching safepoint: 16484 ns, Cleanup: 12969 ns, At safepoint: 7127 ns, Total: 36580 ns
[2025-05-25T10:02:10.857+0000][70][info ][safepoint   ] Safepoint "Cleanup", Time since last: 3000614425 ns, Reaching safepoint: 16389 ns, Cleanup: 11391 ns, At safepoint: 6945 ns, Total: 34725 ns
[2025-05-25T10:02:13.858+0000][70][info ][safepoint   ] Safepoint "Cleanup", Time since last: 3000981105 ns, Reaching safepoint: 15243 ns, Cleanup: 13094 ns, At safepoint: 6292 ns, Total: 34629 ns
[2025-05-25T10:02:16.859+0000][70][info ][safepoint   ] Safepoint "Cleanup", Time since last: 3001040425 ns, Reaching safepoint: 17486 ns, Cleanup: 14664 ns, At safepoint: 7692 ns, Total: 39842 ns
[2025-05-25T10:02:19.860+0000][70][info ][safepoint   ] Safepoint "Cleanup", Time since last: 3000922356 ns, Reaching safepoint: 17262 ns, Cleanup: 11513 ns, At safepoint: 6812 ns, Total: 35587 ns
[2025-05-25T10:02:22.861+0000][70][info ][safepoint   ] Safepoint "Cleanup", Time since last: 3000796252 ns, Reaching safepoint: 37583 ns, Cleanup: 11762 ns, At safepoint: 6791 ns, Total: 56136 ns
[2025-05-25T10:02:23.861+0000][70][info ][safepoint   ] Safepoint "Cleanup", Time since last: 1000679003 ns, Reaching safepoint: 16163 ns, Cleanup: 13074 ns, At safepoint: 6316 ns, Total: 35553 ns
[2025-05-25T10:02:25.870+0000][70][info ][safepoint   ] Safepoint "Cleanup", Time since last: 2008952593 ns, Reaching safepoint: 16253 ns, Cleanup: 14929 ns, At safepoint: 7533 ns, Total: 38715 ns
[2025-05-25T10:02:28.871+0000][70][info ][safepoint   ] Safepoint "Cleanup", Time since last: 3001011278 ns, Reaching safepoint: 15490 ns, Cleanup: 22027 ns, At safepoint: 7052 ns, Total: 44569 ns
[2025-05-25T10:02:29.869+0000][70][info ][safepoint   ] Safepoint "Cleanup", Time since last: 1001158495 ns, Reaching safepoint: 15438 ns, Cleanup: 11836 ns, At safepoint: 6428 ns, Total: 33702 ns
[2025-05-25T10:02:30.870+0000][70][info ][safepoint   ] Safepoint "Cleanup", Time since last: 1000690988 ns, Reaching safepoint: 16473 ns, Cleanup: 12953 ns, At safepoint: 6961 ns, Total: 36387 ns
[2025-05-25T10:02:31.870+0000][70][info ][safepoint   ] Safepoint "Cleanup", Time since last: 1000511900 ns, Reaching safepoint: 16297 ns, Cleanup: 11053 ns, At safepoint: 7338 ns, Total: 34688 ns
[2025-05-25T10:02:33.871+0000][70][info ][safepoint   ] Safepoint "Cleanup", Time since last: 2000582892 ns, Reaching safepoint: 17549 ns, Cleanup: 54718 ns, At safepoint: 7562 ns, Total: 79829 ns
[2025-05-25T10:02:34.873+0000][70][info ][safepoint   ] Safepoint "Cleanup", Time since last: 1001882838 ns, Reaching safepoint: 23987 ns, Cleanup: 10489 ns, At safepoint: 6180 ns, Total: 40656 ns
[2025-05-25T10:02:35.873+0000][70][info ][safepoint   ] Safepoint "Cleanup", Time since last: 1000578857 ns, Reaching safepoint: 15464 ns, Cleanup: 12889 ns, At safepoint: 7385 ns, Total: 35738 ns
[2025-05-25T10:02:38.875+0000][70][info ][safepoint   ] Safepoint "Cleanup", Time since last: 3001118335 ns, Reaching safepoint: 34188 ns, Cleanup: 14241 ns, At safepoint: 6916 ns, Total: 55345 ns
[2025-05-25T10:02:40.875+0000][70][info ][safepoint   ] Safepoint "Cleanup", Time since last: 2000604506 ns, Reaching safepoint: 15019 ns, Cleanup: 12815 ns, At safepoint: 7254 ns, Total: 35088 ns
[2025-05-25T10:02:43.876+0000][70][info ][safepoint   ] Safepoint "Cleanup", Time since last: 3000755335 ns, Reaching safepoint: 60029 ns, Cleanup: 13882 ns, At safepoint: 10371 ns, Total: 84282 ns
[2025-05-25T10:02:46.976+0000][70][info ][safepoint   ] Safepoint "Cleanup", Time since last: 3001179621 ns, Reaching safepoint: 98569794 ns, Cleanup: 21077 ns, At safepoint: 74397 ns, Total: 98665268 ns
[2025-05-25T10:02:49.801+0000][70][info ][safepoint   ] Safepoint "Cleanup", Time since last: 2825081387 ns, Reaching safepoint: 12861 ns, Cleanup: 21690 ns, At safepoint: 123026 ns, Total: 157577 ns
[2025-05-25T10:02:50.810+0000][70][info ][safepoint   ] Safepoint "Cleanup", Time since last: 1008415972 ns, Reaching safepoint: 16637 ns, Cleanup: 19898 ns, At safepoint: 6805 ns, Total: 43340 ns
[2025-05-25T10:02:53.981+0000][70][info ][safepoint   ] Safepoint "Cleanup", Time since last: 3171480732 ns, Reaching safepoint: 14621 ns, Cleanup: 18975 ns, At safepoint: 6584 ns, Total: 40180 ns
[2025-05-25T10:02:55.160+0000][70][info ][safepoint   ] Safepoint "Cleanup", Time since last: 1179172545 ns, Reaching safepoint: 4964 ns, Cleanup: 13150 ns, At safepoint: 3097 ns, Total: 21211 ns
[2025-05-25T10:02:56.164+0000][70][info ][safepoint   ] Safepoint "Cleanup", Time since last: 1003994988 ns, Reaching safepoint: 15442 ns, Cleanup: 12192 ns, At safepoint: 6331 ns, Total: 33965 ns
[2025-05-25T10:02:57.176+0000][70][info ][safepoint   ] Safepoint "Cleanup", Time since last: 1011246727 ns, Reaching safepoint: 15838 ns, Cleanup: 12060 ns, At safepoint: 6123 ns, Total: 34021 ns
[2025-05-25T10:02:59.174+0000][70][info ][safepoint   ] Safepoint "Cleanup", Time since last: 2000405309 ns, Reaching safepoint: 15555 ns, Cleanup: 44505 ns, At safepoint: 7710 ns, Total: 67770 ns
[2025-05-25T10:03:00.174+0000][70][info ][safepoint   ] Safepoint "Cleanup", Time since last: 1000563831 ns, Reaching safepoint: 51866 ns, Cleanup: 11326 ns, At safepoint: 7421 ns, Total: 70613 ns
[2025-05-25T10:03:01.175+0000][70][info ][safepoint   ] Safepoint "Cleanup", Time since last: 1000692103 ns, Reaching safepoint: 15151 ns, Cleanup: 12397 ns, At safepoint: 7336 ns, Total: 34884 ns
[2025-05-25T10:03:02.176+0000][70][info ][safepoint   ] Safepoint "Cleanup", Time since last: 1000878454 ns, Reaching safepoint: 16011 ns, Cleanup: 15220 ns, At safepoint: 7301 ns, Total: 38532 ns
[2025-05-25T10:03:04.317+0000][70][info ][safepoint   ] Safepoint "Cleanup", Time since last: 2141071847 ns, Reaching safepoint: 21895 ns, Cleanup: 16823 ns, At safepoint: 9957 ns, Total: 48675 ns
[2025-05-25T10:03:09.318+0000][70][info ][safepoint   ] Safepoint "Cleanup", Time since last: 5001274573 ns, Reaching safepoint: 30210 ns, Cleanup: 15296 ns, At safepoint: 17055 ns, Total: 62561 ns
[2025-05-25T10:03:10.319+0000][70][info ][safepoint   ] Safepoint "Cleanup", Time since last: 1000991077 ns, Reaching safepoint: 16067 ns, Cleanup: 13530 ns, At safepoint: 7805 ns, Total: 37402 ns
[2025-05-25T10:03:13.320+0000][70][info ][safepoint   ] Safepoint "Cleanup", Time since last: 3000964400 ns, Reaching safepoint: 17654 ns, Cleanup: 13686 ns, At safepoint: 7608 ns, Total: 38948 ns
[2025-05-25T10:03:14.321+0000][70][info ][safepoint   ] Safepoint "Cleanup", Time since last: 1000662163 ns, Reaching safepoint: 16669 ns, Cleanup: 16915 ns, At safepoint: 7006 ns, Total: 40590 ns
[2025-05-25T10:03:22.323+0000][70][info ][safepoint   ] Safepoint "Cleanup", Time since last: 8001553780 ns, Reaching safepoint: 32373 ns, Cleanup: 11882 ns, At safepoint: 7088 ns, Total: 51343 ns
[2025-05-25T10:03:23.324+0000][70][info ][safepoint   ] Safepoint "Cleanup", Time since last: 1000734989 ns, Reaching safepoint: 20671 ns, Cleanup: 13439 ns, At safepoint: 7691 ns, Total: 41801 ns
[2025-05-25T10:03:24.324+0000][70][info ][safepoint   ] Safepoint "Cleanup", Time since last: 1000531281 ns, Reaching safepoint: 33848 ns, Cleanup: 16807 ns, At safepoint: 8913 ns, Total: 59568 ns
[2025-05-25T10:03:25.325+0000][70][info ][safepoint   ] Safepoint "Cleanup", Time since last: 1000551474 ns, Reaching safepoint: 56109 ns, Cleanup: 17025 ns, At safepoint: 16556 ns, Total: 89690 ns
[2025-05-25T10:03:27.326+0000][70][info ][safepoint   ] Safepoint "Cleanup", Time since last: 2000859787 ns, Reaching safepoint: 58143 ns, Cleanup: 14532 ns, At safepoint: 7450 ns, Total: 80125 ns
[2025-05-25T10:03:29.323+0000][70][info ][safepoint   ] Safepoint "Cleanup", Time since last: 2000730045 ns, Reaching safepoint: 45984 ns, Cleanup: 25931 ns, At safepoint: 18872 ns, Total: 90787 ns
[2025-05-25T10:03:29.958+0000][70][info ][safepoint   ] Safepoint "ICBufferFull", Time since last: 633714692 ns, Reaching safepoint: 888793 ns, Cleanup: 147466 ns, At safepoint: 168138 ns, Total: 1204397 ns
[2025-05-25T10:03:29.967+0000][70][info ][safepoint   ] Safepoint "ICBufferFull", Time since last: 6708844 ns, Reaching safepoint: 377977 ns, Cleanup: 88956 ns, At safepoint: 923546 ns, Total: 1390479 ns
[2025-05-25T10:03:29.970+0000][70][info ][safepoint   ] Safepoint "ICBufferFull", Time since last: 2928958 ns, Reaching safepoint: 276262 ns, Cleanup: 12250 ns, At safepoint: 334611 ns, Total: 623123 ns
[2025-05-25T10:03:29.977+0000][70][info ][safepoint   ] Safepoint "ICBufferFull", Time since last: 2115126 ns, Reaching safepoint: 4558695 ns, Cleanup: 8216 ns, At safepoint: 465091 ns, Total: 5032002 ns
[2025-05-25T10:03:29.989+0000][70][info ][safepoint   ] Safepoint "ICBufferFull", Time since last: 6553457 ns, Reaching safepoint: 5472431 ns, Cleanup: 16351 ns, At safepoint: 177834 ns, Total: 5666616 ns
[2025-05-25T10:03:31.210+0000][70][info ][safepoint   ] Safepoint "ICBufferFull", Time since last: 1220761142 ns, Reaching safepoint: 16634 ns, Cleanup: 192618 ns, At safepoint: 26551 ns, Total: 235803 ns
[2025-05-25T10:03:32.211+0000][70][info ][safepoint   ] Safepoint "Cleanup", Time since last: 1000604427 ns, Reaching safepoint: 16703 ns, Cleanup: 11685 ns, At safepoint: 6457 ns, Total: 34845 ns
[2025-05-25T10:03:33.987+0000][70][info ][safepoint   ] Safepoint "Cleanup", Time since last: 1776342024 ns, Reaching safepoint: 13033 ns, Cleanup: 45179 ns, At safepoint: 5472 ns, Total: 63684 ns
[2025-05-25T10:03:34.992+0000][70][info ][safepoint   ] Safepoint "Cleanup", Time since last: 1004995091 ns, Reaching safepoint: 16166 ns, Cleanup: 13511 ns, At safepoint: 7186 ns, Total: 36863 ns
[2025-05-25T10:03:36.994+0000][70][info ][safepoint   ] Safepoint "Cleanup", Time since last: 2001118902 ns, Reaching safepoint: 16682 ns, Cleanup: 13034 ns, At safepoint: 7656 ns, Total: 37372 ns
[2025-05-25T10:03:37.997+0000][70][info ][safepoint   ] Safepoint "Cleanup", Time since last: 1002994888 ns, Reaching safepoint: 43673 ns, Cleanup: 17500 ns, At safepoint: 9307 ns, Total: 70480 ns
[2025-05-25T10:03:38.997+0000][70][info ][safepoint   ] Safepoint "Cleanup", Time since last: 1000394249 ns, Reaching safepoint: 51160 ns, Cleanup: 18859 ns, At safepoint: 7480 ns, Total: 77499 ns
[2025-05-25T10:03:40.483+0000][70][info ][safepoint   ] Safepoint "Cleanup", Time since last: 1485919181 ns, Reaching safepoint: 7130 ns, Cleanup: 12973 ns, At safepoint: 2785 ns, Total: 22888 ns
[2025-05-25T10:03:42.211+0000][70][info ][safepoint   ] Safepoint "Cleanup", Time since last: 1727983067 ns, Reaching safepoint: 16303 ns, Cleanup: 29007 ns, At safepoint: 7153 ns, Total: 52463 ns
[2025-05-25T10:03:43.212+0000][70][info ][safepoint   ] Safepoint "Cleanup", Time since last: 1000606936 ns, Reaching safepoint: 13071 ns, Cleanup: 8305 ns, At safepoint: 19762 ns, Total: 41138 ns
[2025-05-25T10:03:44.236+0000][70][info ][safepoint   ] Safepoint "Cleanup", Time since last: 1023796948 ns, Reaching safepoint: 15052 ns, Cleanup: 24201 ns, At safepoint: 17684 ns, Total: 56937 ns
[2025-05-25T10:03:45.246+0000][70][info ][safepoint   ] Safepoint "Cleanup", Time since last: 1009842293 ns, Reaching safepoint: 17097 ns, Cleanup: 13442 ns, At safepoint: 7887 ns, Total: 38426 ns
[2025-05-25T10:03:46.246+0000][70][info ][safepoint   ] Safepoint "Cleanup", Time since last: 1000623773 ns, Reaching safepoint: 27023 ns, Cleanup: 14296 ns, At safepoint: 8239 ns, Total: 49558 ns
[2025-05-25T10:03:47.262+0000][70][info ][safepoint   ] Safepoint "Cleanup", Time since last: 1015771116 ns, Reaching safepoint: 14911 ns, Cleanup: 11238 ns, At safepoint: 6890 ns, Total: 33039 ns
[2025-05-25T10:03:49.263+0000][70][info ][safepoint   ] Safepoint "Cleanup", Time since last: 2000823083 ns, Reaching safepoint: 16448 ns, Cleanup: 16242 ns, At safepoint: 6988 ns, Total: 39678 ns
[2025-05-25T10:03:53.099+0000][70][info ][safepoint   ] Safepoint "Cleanup", Time since last: 3835982447 ns, Reaching safepoint: 23892 ns, Cleanup: 10917 ns, At safepoint: 7091 ns, Total: 41900 ns
[2025-05-25T10:03:54.150+0000][70][info ][safepoint   ] Safepoint "Cleanup", Time since last: 1000738268 ns, Reaching safepoint: 50015371 ns, Cleanup: 20456 ns, At safepoint: 73791 ns, Total: 50109618 ns
[2025-05-25T10:03:55.276+0000][70][info ][gc,start    ] GC(15) Pause Young (Normal) (G1 Evacuation Pause)
[2025-05-25T10:03:55.280+0000][70][info ][gc,task     ] GC(15) Using 10 workers of 10 for evacuation
[2025-05-25T10:03:55.281+0000][70][debug][gc,age      ] GC(15) Desired survivor size 12582912 bytes, new threshold 15 (max threshold 15)
[2025-05-25T10:03:55.735+0000][70][info ][gc,mmu      ] GC(15) MMU target violated: 201.0ms (200.0ms/201.0ms)
[2025-05-25T10:03:55.737+0000][70][info ][gc,phases   ] GC(15)   Pre Evacuate Collection Set: 7.53ms
[2025-05-25T10:03:55.738+0000][70][info ][gc,phases   ] GC(15)   Merge Heap Roots: 1.11ms
[2025-05-25T10:03:55.738+0000][70][info ][gc,phases   ] GC(15)   Evacuate Collection Set: 139.20ms
[2025-05-25T10:03:55.739+0000][70][info ][gc,phases   ] GC(15)   Post Evacuate Collection Set: 140.55ms
[2025-05-25T10:03:55.740+0000][70][info ][gc,phases   ] GC(15)   Other: 169.03ms
[2025-05-25T10:03:55.740+0000][70][trace][gc,age      ] GC(15) Age table with threshold 15 (max threshold 15)
[2025-05-25T10:03:55.741+0000][70][trace][gc,age      ] GC(15) - age   1:    3633904 bytes,    3633904 total
[2025-05-25T10:03:55.742+0000][70][trace][gc,age      ] GC(15) - age   2:    1089848 bytes,    4723752 total
[2025-05-25T10:03:55.742+0000][70][trace][gc,age      ] GC(15) - age   3:    1782840 bytes,    6506592 total
[2025-05-25T10:03:55.743+0000][70][info ][gc,heap     ] GC(15) Eden regions: 46->0(46)
[2025-05-25T10:03:55.744+0000][70][info ][gc,heap     ] GC(15) Survivor regions: 2->2(6)
[2025-05-25T10:03:55.745+0000][70][info ][gc,heap     ] GC(15) Old regions: 28->28
[2025-05-25T10:03:55.745+0000][70][info ][gc,heap     ] GC(15) Humongous regions: 0->0
[2025-05-25T10:03:55.746+0000][70][info ][gc,metaspace] GC(15) Metaspace: 145091K(149120K)->145091K(149120K) NonClass: 124990K(127168K)->124990K(127168K) Class: 20100K(21952K)->20100K(21952K)
[2025-05-25T10:03:55.748+0000][70][info ][gc          ] GC(15) Pause Young (Normal) (G1 Evacuation Pause) 300M->117M(3880M) 471.684ms
[2025-05-25T10:03:55.748+0000][70][info ][gc,cpu      ] GC(15) User=1.13s Sys=0.11s Real=0.48s
[2025-05-25T10:03:55.750+0000][70][info ][safepoint   ] Safepoint "G1CollectForAllocation", Time since last: 1125807511 ns, Reaching safepoint: 16512 ns, Cleanup: 10714 ns, At safepoint: 474114661 ns, Total: 474141887 ns
[2025-05-25T10:03:57.317+0000][70][info ][safepoint   ] Safepoint "Cleanup", Time since last: 1567267006 ns, Reaching safepoint: 5479 ns, Cleanup: 27055 ns, At safepoint: 11944 ns, Total: 44478 ns
[2025-05-25T10:03:58.386+0000][70][info ][safepoint   ] Safepoint "Cleanup", Time since last: 1001267410 ns, Reaching safepoint: 67605535 ns, Cleanup: 16088 ns, At safepoint: 98073 ns, Total: 67719696 ns
[2025-05-25T10:03:59.384+0000][70][info ][safepoint   ] Safepoint "Cleanup", Time since last: 1000889004 ns, Reaching safepoint: 16928 ns, Cleanup: 16333 ns, At safepoint: 6480 ns, Total: 39741 ns
[2025-05-25T10:04:01.385+0000][70][info ][safepoint   ] Safepoint "Cleanup", Time since last: 2000640511 ns, Reaching safepoint: 19228 ns, Cleanup: 20424 ns, At safepoint: 7960 ns, Total: 47612 ns
[2025-05-25T10:04:02.386+0000][70][info ][safepoint   ] Safepoint "Cleanup", Time since last: 1000753275 ns, Reaching safepoint: 22941 ns, Cleanup: 15283 ns, At safepoint: 7981 ns, Total: 46205 ns
[2025-05-25T10:04:04.387+0000][70][info ][safepoint   ] Safepoint "Cleanup", Time since last: 2001197012 ns, Reaching safepoint: 23203 ns, Cleanup: 20032 ns, At safepoint: 7991 ns, Total: 51226 ns
[2025-05-25T10:04:07.388+0000][70][info ][safepoint   ] Safepoint "Cleanup", Time since last: 3000718951 ns, Reaching safepoint: 39720 ns, Cleanup: 17018 ns, At safepoint: 9265 ns, Total: 66003 ns
[2025-05-25T10:04:08.389+0000][70][info ][safepoint   ] Safepoint "Cleanup", Time since last: 1001043686 ns, Reaching safepoint: 25481 ns, Cleanup: 14530 ns, At safepoint: 7529 ns, Total: 47540 ns
[2025-05-25T10:04:09.389+0000][70][info ][safepoint   ] Safepoint "Cleanup", Time since last: 1000603403 ns, Reaching safepoint: 86479 ns, Cleanup: 29044 ns, At safepoint: 17748 ns, Total: 133271 ns
[2025-05-25T10:04:10.390+0000][70][info ][safepoint   ] Safepoint "Cleanup", Time since last: 1000586850 ns, Reaching safepoint: 23736 ns, Cleanup: 15568 ns, At safepoint: 9203 ns, Total: 48507 ns
[2025-05-25T10:04:13.391+0000][70][info ][safepoint   ] Safepoint "Cleanup", Time since last: 3000804370 ns, Reaching safepoint: 22437 ns, Cleanup: 14704 ns, At safepoint: 19216 ns, Total: 56357 ns
[2025-05-25T10:04:14.391+0000][70][info ][safepoint   ] Safepoint "Cleanup", Time since last: 1000409591 ns, Reaching safepoint: 18303 ns, Cleanup: 23229 ns, At safepoint: 7939 ns, Total: 49471 ns
[2025-05-25T10:04:16.392+0000][70][info ][safepoint   ] Safepoint "Cleanup", Time since last: 2000733671 ns, Reaching safepoint: 20153 ns, Cleanup: 14143 ns, At safepoint: 6941 ns, Total: 41237 ns
[2025-05-25T10:04:19.008+0000][70][info ][safepoint   ] Safepoint "Cleanup", Time since last: 2615715238 ns, Reaching safepoint: 6688 ns, Cleanup: 20743 ns, At safepoint: 13426 ns, Total: 40857 ns
[2025-05-25T10:04:20.032+0000][70][info ][safepoint   ] Safepoint "Cleanup", Time since last: 1023636360 ns, Reaching safepoint: 17919 ns, Cleanup: 19250 ns, At safepoint: 7510 ns, Total: 44679 ns
[2025-05-25T10:04:22.032+0000][70][info ][safepoint   ] Safepoint "Cleanup", Time since last: 2000659905 ns, Reaching safepoint: 19386 ns, Cleanup: 10763 ns, At safepoint: 23236 ns, Total: 53385 ns
[2025-05-25T10:04:23.033+0000][70][info ][safepoint   ] Safepoint "Cleanup", Time since last: 1000673438 ns, Reaching safepoint: 16166 ns, Cleanup: 12317 ns, At safepoint: 7095 ns, Total: 35578 ns
[2025-05-25T10:04:24.034+0000][70][info ][safepoint   ] Safepoint "Cleanup", Time since last: 1000614844 ns, Reaching safepoint: 20566 ns, Cleanup: 12140 ns, At safepoint: 6952 ns, Total: 39658 ns
[2025-05-25T10:04:29.208+0000][70][info ][safepoint   ] Safepoint "Cleanup", Time since last: 5172262295 ns, Reaching safepoint: 2163893 ns, Cleanup: 17288 ns, At safepoint: 81612 ns, Total: 2262793 ns
[2025-05-25T10:04:30.027+0000][70][info ][safepoint   ] Safepoint "Cleanup", Time since last: 1013521717 ns, Reaching safepoint: 107165175 ns, Cleanup: 16996 ns, At safepoint: 80202 ns, Total: 107262373 ns
[2025-05-25T10:04:31.363+0000][70][info ][safepoint   ] Safepoint "Cleanup", Time since last: 1091740095 ns, Reaching safepoint: 244129532 ns, Cleanup: 26860 ns, At safepoint: 200387 ns, Total: 244356779 ns
[2025-05-25T10:04:32.464+0000][70][info ][safepoint   ] Safepoint "Cleanup", Time since last: 1014493413 ns, Reaching safepoint: 86720291 ns, Cleanup: 14925 ns, At safepoint: 68351 ns, Total: 86803567 ns
[2025-05-25T10:04:33.585+0000][70][info ][safepoint   ] Safepoint "Cleanup", Time since last: 1120826318 ns, Reaching safepoint: 105780 ns, Cleanup: 52213 ns, At safepoint: 40172 ns, Total: 198165 ns
[2025-05-25T10:04:34.586+0000][70][info ][safepoint   ] Safepoint "Cleanup", Time since last: 1000707351 ns, Reaching safepoint: 17383 ns, Cleanup: 25390 ns, At safepoint: 7518 ns, Total: 50291 ns
[2025-05-25T10:04:37.586+0000][70][info ][safepoint   ] Safepoint "Cleanup", Time since last: 3000753100 ns, Reaching safepoint: 16825 ns, Cleanup: 10206 ns, At safepoint: 7163 ns, Total: 34194 ns
[2025-05-25T10:04:38.598+0000][70][info ][safepoint   ] Safepoint "Cleanup", Time since last: 1000537400 ns, Reaching safepoint: 11076482 ns, Cleanup: 20990 ns, At safepoint: 62911 ns, Total: 11160383 ns
[2025-05-25T10:04:40.662+0000][70][info ][safepoint   ] Safepoint "Cleanup", Time since last: 2060606504 ns, Reaching safepoint: 3327493 ns, Cleanup: 16033 ns, At safepoint: 70713 ns, Total: 3414239 ns
[2025-05-25T10:04:43.756+0000][70][info ][safepoint   ] Safepoint "Cleanup", Time since last: 3094011094 ns, Reaching safepoint: 18350 ns, Cleanup: 14924 ns, At safepoint: 7569 ns, Total: 40843 ns
[2025-05-25T10:04:52.836+0000][70][info ][safepoint   ] Safepoint "Cleanup", Time since last: 9079248736 ns, Reaching safepoint: 21726 ns, Cleanup: 12986 ns, At safepoint: 7424 ns, Total: 42136 ns
[2025-05-25T10:04:55.836+0000][70][info ][safepoint   ] Safepoint "Cleanup", Time since last: 3000772718 ns, Reaching safepoint: 42530 ns, Cleanup: 11400 ns, At safepoint: 6039 ns, Total: 59969 ns
[2025-05-25T10:04:56.837+0000][70][info ][safepoint   ] Safepoint "Cleanup", Time since last: 1000796486 ns, Reaching safepoint: 16424 ns, Cleanup: 10151 ns, At safepoint: 6536 ns, Total: 33111 ns
[2025-05-25T10:04:57.943+0000][70][info ][safepoint   ] Safepoint "Cleanup", Time since last: 1104656668 ns, Reaching safepoint: 577839 ns, Cleanup: 16827 ns, At safepoint: 65712 ns, Total: 660378 ns
[2025-05-25T10:05:00.123+0000][70][info ][safepoint   ] Safepoint "Cleanup", Time since last: 1884223598 ns, Reaching safepoint: 16889 ns, Cleanup: 36002 ns, At safepoint: 7179 ns, Total: 60070 ns
[2025-05-25T10:05:04.124+0000][70][info ][safepoint   ] Safepoint "Cleanup", Time since last: 4000866504 ns, Reaching safepoint: 33509 ns, Cleanup: 12512 ns, At safepoint: 19221 ns, Total: 65242 ns
[2025-05-25T10:05:05.126+0000][70][info ][safepoint   ] Safepoint "Cleanup", Time since last: 1001688073 ns, Reaching safepoint: 16940 ns, Cleanup: 17599 ns, At safepoint: 7278 ns, Total: 41817 ns
[2025-05-25T10:05:08.127+0000][70][info ][safepoint   ] Safepoint "Cleanup", Time since last: 3000887757 ns, Reaching safepoint: 54022 ns, Cleanup: 16360 ns, At safepoint: 8821 ns, Total: 79203 ns
[2025-05-25T10:05:09.127+0000][70][info ][safepoint   ] Safepoint "Cleanup", Time since last: 1000874382 ns, Reaching safepoint: 18945 ns, Cleanup: 11475 ns, At safepoint: 6616 ns, Total: 37036 ns
[2025-05-25T10:05:11.128+0000][70][info ][safepoint   ] Safepoint "Cleanup", Time since last: 2000448927 ns, Reaching safepoint: 19118 ns, Cleanup: 11984 ns, At safepoint: 7768 ns, Total: 38870 ns
[2025-05-25T10:05:14.129+0000][70][info ][safepoint   ] Safepoint "Cleanup", Time since last: 3000876165 ns, Reaching safepoint: 21813 ns, Cleanup: 15823 ns, At safepoint: 7098 ns, Total: 44734 ns
[2025-05-25T10:05:17.131+0000][70][info ][safepoint   ] Safepoint "Cleanup", Time since last: 3001770295 ns, Reaching safepoint: 57792 ns, Cleanup: 12301 ns, At safepoint: 8717 ns, Total: 78810 ns
[2025-05-25T10:05:19.132+0000][70][info ][safepoint   ] Safepoint "Cleanup", Time since last: 2000750168 ns, Reaching safepoint: 27439 ns, Cleanup: 14363 ns, At safepoint: 6578 ns, Total: 48380 ns
[2025-05-25T10:05:24.177+0000][70][info ][safepoint   ] Safepoint "Cleanup", Time since last: 5045795527 ns, Reaching safepoint: 16221 ns, Cleanup: 15115 ns, At safepoint: 6883 ns, Total: 38219 ns
[2025-05-25T10:05:26.179+0000][70][info ][safepoint   ] Safepoint "Cleanup", Time since last: 2001584903 ns, Reaching safepoint: 61369 ns, Cleanup: 13188 ns, At safepoint: 8784 ns, Total: 83341 ns
[2025-05-25T10:05:29.180+0000][70][info ][safepoint   ] Safepoint "Cleanup", Time since last: 3001050505 ns, Reaching safepoint: 15723 ns, Cleanup: 11760 ns, At safepoint: 7150 ns, Total: 34633 ns
[2025-05-25T10:05:30.178+0000][70][info ][safepoint   ] Safepoint "Cleanup", Time since last: 1000544911 ns, Reaching safepoint: 16054 ns, Cleanup: 11417 ns, At safepoint: 7259 ns, Total: 34730 ns
[2025-05-25T10:05:32.178+0000][70][info ][safepoint   ] Safepoint "Cleanup", Time since last: 2000472700 ns, Reaching safepoint: 18154 ns, Cleanup: 11797 ns, At safepoint: 8376 ns, Total: 38327 ns
[2025-05-25T10:05:34.251+0000][70][info ][safepoint   ] Safepoint "Cleanup", Time since last: 2058041834 ns, Reaching safepoint: 14339605 ns, Cleanup: 23159 ns, At safepoint: 54935 ns, Total: 14417699 ns
[2025-05-25T10:05:43.272+0000][70][info ][safepoint   ] Safepoint "Cleanup", Time since last: 9021109708 ns, Reaching safepoint: 40949 ns, Cleanup: 13163 ns, At safepoint: 9077 ns, Total: 63189 ns
[2025-05-25T10:05:44.273+0000][70][info ][safepoint   ] Safepoint "Cleanup", Time since last: 1001110646 ns, Reaching safepoint: 19151 ns, Cleanup: 14301 ns, At safepoint: 8148 ns, Total: 41600 ns
[2025-05-25T10:05:46.274+0000][70][info ][safepoint   ] Safepoint "Cleanup", Time since last: 2000801320 ns, Reaching safepoint: 16195 ns, Cleanup: 11391 ns, At safepoint: 6855 ns, Total: 34441 ns
[2025-05-25T10:05:49.406+0000][70][info ][safepoint   ] Safepoint "Cleanup", Time since last: 3039103028 ns, Reaching safepoint: 92910712 ns, Cleanup: 17174 ns, At safepoint: 87199 ns, Total: 93015085 ns
[2025-05-25T10:05:50.407+0000][70][info ][safepoint   ] Safepoint "Cleanup", Time since last: 1000700451 ns, Reaching safepoint: 18523 ns, Cleanup: 13378 ns, At safepoint: 22600 ns, Total: 54501 ns
[2025-05-25T10:05:54.320+0000][70][info ][safepoint   ] Safepoint "Cleanup", Time since last: 3913167370 ns, Reaching safepoint: 16652 ns, Cleanup: 12585 ns, At safepoint: 7423 ns, Total: 36660 ns
[2025-05-25T10:05:58.247+0000][70][info ][safepoint   ] Safepoint "Cleanup", Time since last: 3927288876 ns, Reaching safepoint: 5833 ns, Cleanup: 14464 ns, At safepoint: 11385 ns, Total: 31682 ns
[2025-05-25T10:05:59.288+0000][70][info ][safepoint   ] Safepoint "Cleanup", Time since last: 1040392720 ns, Reaching safepoint: 5188 ns, Cleanup: 17646 ns, At safepoint: 3027 ns, Total: 25861 ns
[2025-05-25T10:06:00.298+0000][70][info ][safepoint   ] Safepoint "Cleanup", Time since last: 1013953570 ns, Reaching safepoint: 16387 ns, Cleanup: 17992 ns, At safepoint: 7273 ns, Total: 41652 ns
[2025-05-25T10:06:01.315+0000][70][info ][safepoint   ] Safepoint "Cleanup", Time since last: 1000583584 ns, Reaching safepoint: 15408535 ns, Cleanup: 12619 ns, At safepoint: 60653 ns, Total: 15481807 ns
[2025-05-25T10:06:04.315+0000][70][info ][safepoint   ] Safepoint "Cleanup", Time since last: 3000730197 ns, Reaching safepoint: 17041 ns, Cleanup: 13221 ns, At safepoint: 6856 ns, Total: 37118 ns
[2025-05-25T10:06:07.316+0000][70][info ][safepoint   ] Safepoint "Cleanup", Time since last: 3000884851 ns, Reaching safepoint: 15977 ns, Cleanup: 11358 ns, At safepoint: 6434 ns, Total: 33769 ns
[2025-05-25T10:06:10.317+0000][70][info ][safepoint   ] Safepoint "Cleanup", Time since last: 3000614517 ns, Reaching safepoint: 17555 ns, Cleanup: 11293 ns, At safepoint: 20155 ns, Total: 49003 ns
[2025-05-25T10:06:11.318+0000][70][info ][safepoint   ] Safepoint "Cleanup", Time since last: 1000659450 ns, Reaching safepoint: 33619 ns, Cleanup: 18101 ns, At safepoint: 16401 ns, Total: 68121 ns
[2025-05-25T10:06:13.318+0000][70][info ][safepoint   ] Safepoint "Cleanup", Time since last: 2000800121 ns, Reaching safepoint: 40265 ns, Cleanup: 14645 ns, At safepoint: 7366 ns, Total: 62276 ns
[2025-05-25T10:06:14.319+0000][70][info ][safepoint   ] Safepoint "Cleanup", Time since last: 1000554059 ns, Reaching safepoint: 16539 ns, Cleanup: 14243 ns, At safepoint: 6946 ns, Total: 37728 ns
[2025-05-25T10:06:18.320+0000][70][info ][safepoint   ] Safepoint "Cleanup", Time since last: 4001054740 ns, Reaching safepoint: 27152 ns, Cleanup: 10607 ns, At safepoint: 7913 ns, Total: 45672 ns
[2025-05-25T10:06:19.321+0000][70][info ][safepoint   ] Safepoint "Cleanup", Time since last: 1000626853 ns, Reaching safepoint: 26633 ns, Cleanup: 27219 ns, At safepoint: 7684 ns, Total: 61536 ns
[2025-05-25T10:06:22.322+0000][70][info ][safepoint   ] Safepoint "Cleanup", Time since last: 3000994713 ns, Reaching safepoint: 16591 ns, Cleanup: 12576 ns, At safepoint: 6760 ns, Total: 35927 ns
[2025-05-25T10:06:25.323+0000][70][info ][safepoint   ] Safepoint "Cleanup", Time since last: 3000939143 ns, Reaching safepoint: 21370 ns, Cleanup: 12128 ns, At safepoint: 7113 ns, Total: 40611 ns
[2025-05-25T10:06:29.324+0000][70][info ][safepoint   ] Safepoint "Cleanup", Time since last: 4000700609 ns, Reaching safepoint: 17507 ns, Cleanup: 14140 ns, At safepoint: 4435 ns, Total: 36082 ns
[2025-05-25T10:06:33.322+0000][70][info ][safepoint   ] Safepoint "Cleanup", Time since last: 4000993109 ns, Reaching safepoint: 18128 ns, Cleanup: 21142 ns, At safepoint: 7642 ns, Total: 46912 ns
[2025-05-25T10:06:34.323+0000][70][info ][safepoint   ] Safepoint "Cleanup", Time since last: 1000503901 ns, Reaching safepoint: 13301 ns, Cleanup: 8236 ns, At safepoint: 16522 ns, Total: 38059 ns
[2025-05-25T10:06:49.325+0000][70][info ][safepoint   ] Safepoint "Cleanup", Time since last: 15002196664 ns, Reaching safepoint: 65685 ns, Cleanup: 12458 ns, At safepoint: 7656 ns, Total: 85799 ns
[2025-05-25T10:06:52.326+0000][70][info ][safepoint   ] Safepoint "Cleanup", Time since last: 3000829308 ns, Reaching safepoint: 18730 ns, Cleanup: 14884 ns, At safepoint: 7341 ns, Total: 40955 ns
[2025-05-25T10:06:53.394+0000][70][info ][safepoint   ] Safepoint "Cleanup", Time since last: 1067838305 ns, Reaching safepoint: 17136 ns, Cleanup: 13951 ns, At safepoint: 10078 ns, Total: 41165 ns
[2025-05-25T10:06:54.395+0000][70][info ][safepoint   ] Safepoint "Cleanup", Time since last: 1000776390 ns, Reaching safepoint: 54597 ns, Cleanup: 14327 ns, At safepoint: 9136 ns, Total: 78060 ns
[2025-05-25T10:06:59.396+0000][70][info ][safepoint   ] Safepoint "Cleanup", Time since last: 5001114784 ns, Reaching safepoint: 58697 ns, Cleanup: 17259 ns, At safepoint: 13115 ns, Total: 89071 ns
[2025-05-25T10:07:01.231+0000][70][info ][safepoint   ] Safepoint "Cleanup", Time since last: 1838205732 ns, Reaching safepoint: 93394 ns, Cleanup: 11857 ns, At safepoint: 49266 ns, Total: 154517 ns
[2025-05-25T10:07:02.434+0000][70][info ][safepoint   ] Safepoint "Cleanup", Time since last: 1203155476 ns, Reaching safepoint: 33154 ns, Cleanup: 30221 ns, At safepoint: 17895 ns, Total: 81270 ns
[2025-05-25T10:07:03.448+0000][70][info ][safepoint   ] Safepoint "Cleanup", Time since last: 1013847310 ns, Reaching safepoint: 34564 ns, Cleanup: 18571 ns, At safepoint: 18543 ns, Total: 71678 ns
[2025-05-25T10:07:04.449+0000][70][info ][safepoint   ] Safepoint "Cleanup", Time since last: 1000855377 ns, Reaching safepoint: 26967 ns, Cleanup: 22727 ns, At safepoint: 11714 ns, Total: 61408 ns
[2025-05-25T10:07:07.450+0000][70][info ][safepoint   ] Safepoint "Cleanup", Time since last: 3001000558 ns, Reaching safepoint: 28802 ns, Cleanup: 24103 ns, At safepoint: 12789 ns, Total: 65694 ns
[2025-05-25T10:07:08.679+0000][70][info ][gc,start    ] GC(16) Pause Young (Normal) (G1 Evacuation Pause)
[2025-05-25T10:07:08.679+0000][70][info ][gc,task     ] GC(16) Using 10 workers of 10 for evacuation
[2025-05-25T10:07:08.679+0000][70][debug][gc,age      ] GC(16) Desired survivor size 12582912 bytes, new threshold 15 (max threshold 15)
[2025-05-25T10:07:08.714+0000][70][info ][gc,phases   ] GC(16)   Pre Evacuate Collection Set: 0.73ms
[2025-05-25T10:07:08.729+0000][70][info ][gc,phases   ] GC(16)   Merge Heap Roots: 0.12ms
[2025-05-25T10:07:08.730+0000][70][info ][gc,phases   ] GC(16)   Evacuate Collection Set: 31.06ms
[2025-05-25T10:07:08.730+0000][70][info ][gc,phases   ] GC(16)   Post Evacuate Collection Set: 2.13ms
[2025-05-25T10:07:08.730+0000][70][info ][gc,phases   ] GC(16)   Other: 0.90ms
[2025-05-25T10:07:08.731+0000][70][trace][gc,age      ] GC(16) Age table with threshold 15 (max threshold 15)
[2025-05-25T10:07:08.731+0000][70][trace][gc,age      ] GC(16) - age   1:     986368 bytes,     986368 total
[2025-05-25T10:07:08.731+0000][70][trace][gc,age      ] GC(16) - age   2:    2391888 bytes,    3378256 total
[2025-05-25T10:07:08.731+0000][70][trace][gc,age      ] GC(16) - age   3:     859688 bytes,    4237944 total
[2025-05-25T10:07:08.732+0000][70][trace][gc,age      ] GC(16) - age   4:    1760680 bytes,    5998624 total
[2025-05-25T10:07:08.732+0000][70][info ][gc,heap     ] GC(16) Eden regions: 46->0(46)
[2025-05-25T10:07:08.732+0000][70][info ][gc,heap     ] GC(16) Survivor regions: 2->2(6)
[2025-05-25T10:07:08.733+0000][70][info ][gc,heap     ] GC(16) Old regions: 28->28
[2025-05-25T10:07:08.733+0000][70][info ][gc,heap     ] GC(16) Humongous regions: 0->0
[2025-05-25T10:07:08.734+0000][70][info ][gc,metaspace] GC(16) Metaspace: 145795K(149824K)->145795K(149824K) NonClass: 125682K(127872K)->125682K(127872K) Class: 20112K(21952K)->20112K(21952K)
[2025-05-25T10:07:08.734+0000][70][info ][gc          ] GC(16) Pause Young (Normal) (G1 Evacuation Pause) 301M->116M(3880M) 55.749ms
[2025-05-25T10:07:08.735+0000][70][info ][gc,cpu      ] GC(16) User=0.32s Sys=0.00s Real=0.05s
[2025-05-25T10:07:08.735+0000][70][info ][safepoint   ] Safepoint "G1CollectForAllocation", Time since last: 1228557617 ns, Reaching safepoint: 42221 ns, Cleanup: 7154 ns, At safepoint: 56941845 ns, Total: 56991220 ns
[2025-05-25T10:07:09.736+0000][70][info ][safepoint   ] Safepoint "Cleanup", Time since last: 1000414199 ns, Reaching safepoint: 60893 ns, Cleanup: 17861 ns, At safepoint: 6763 ns, Total: 85517 ns
[2025-05-25T10:07:10.737+0000][70][info ][safepoint   ] Safepoint "Cleanup", Time since last: 1000841986 ns, Reaching safepoint: 29874 ns, Cleanup: 18733 ns, At safepoint: 14224 ns, Total: 62831 ns
[2025-05-25T10:07:13.738+0000][70][info ][safepoint   ] Safepoint "Cleanup", Time since last: 3001175918 ns, Reaching safepoint: 85263 ns, Cleanup: 18306 ns, At safepoint: 11029 ns, Total: 114598 ns
[2025-05-25T10:07:18.739+0000][70][info ][safepoint   ] Safepoint "Cleanup", Time since last: 5001076074 ns, Reaching safepoint: 39108 ns, Cleanup: 32270 ns, At safepoint: 15833 ns, Total: 87211 ns
[2025-05-25T10:07:19.740+0000][70][info ][safepoint   ] Safepoint "Cleanup", Time since last: 1000613464 ns, Reaching safepoint: 22594 ns, Cleanup: 17893 ns, At safepoint: 9295 ns, Total: 49782 ns
[2025-05-25T10:07:22.741+0000][70][info ][safepoint   ] Safepoint "Cleanup", Time since last: 3000937731 ns, Reaching safepoint: 34581 ns, Cleanup: 17104 ns, At safepoint: 17700 ns, Total: 69385 ns
[2025-05-25T10:07:25.742+0000][70][info ][safepoint   ] Safepoint "Cleanup", Time since last: 3000907584 ns, Reaching safepoint: 56337 ns, Cleanup: 30365 ns, At safepoint: 17179 ns, Total: 103881 ns
[2025-05-25T10:07:28.743+0000][70][info ][safepoint   ] Safepoint "Cleanup", Time since last: 3000902764 ns, Reaching safepoint: 25809 ns, Cleanup: 18530 ns, At safepoint: 11442 ns, Total: 55781 ns
[2025-05-25T10:07:30.741+0000][70][info ][safepoint   ] Safepoint "Cleanup", Time since last: 2000892941 ns, Reaching safepoint: 32918 ns, Cleanup: 23405 ns, At safepoint: 18142 ns, Total: 74465 ns
[2025-05-25T10:07:31.741+0000][70][info ][safepoint   ] Safepoint "Cleanup", Time since last: 1000748872 ns, Reaching safepoint: 28858 ns, Cleanup: 16243 ns, At safepoint: 11748 ns, Total: 56849 ns
[2025-05-25T10:07:33.742+0000][70][info ][safepoint   ] Safepoint "Cleanup", Time since last: 2000768902 ns, Reaching safepoint: 89127 ns, Cleanup: 37436 ns, At safepoint: 12273 ns, Total: 138836 ns
[2025-05-25T10:07:34.743+0000][70][info ][safepoint   ] Safepoint "Cleanup", Time since last: 1000472361 ns, Reaching safepoint: 83296 ns, Cleanup: 18797 ns, At safepoint: 7996 ns, Total: 110089 ns
[2025-05-25T10:07:40.744+0000][70][info ][safepoint   ] Safepoint "Cleanup", Time since last: 6001165178 ns, Reaching safepoint: 30133 ns, Cleanup: 22888 ns, At safepoint: 17518 ns, Total: 70539 ns
[2025-05-25T10:07:41.745+0000][70][info ][safepoint   ] Safepoint "Cleanup", Time since last: 1000648873 ns, Reaching safepoint: 24106 ns, Cleanup: 17590 ns, At safepoint: 45817 ns, Total: 87513 ns
[2025-05-25T10:07:43.746+0000][70][info ][safepoint   ] Safepoint "Cleanup", Time since last: 2000832624 ns, Reaching safepoint: 71366 ns, Cleanup: 20940 ns, At safepoint: 18060 ns, Total: 110366 ns
[2025-05-25T10:07:46.747+0000][70][info ][safepoint   ] Safepoint "Cleanup", Time since last: 3001010832 ns, Reaching safepoint: 26726 ns, Cleanup: 14697 ns, At safepoint: 9485 ns, Total: 50908 ns
[2025-05-25T10:07:48.748+0000][70][info ][safepoint   ] Safepoint "Cleanup", Time since last: 2000774327 ns, Reaching safepoint: 17169 ns, Cleanup: 18031 ns, At safepoint: 7336 ns, Total: 42536 ns
[2025-05-25T10:07:49.748+0000][70][info ][safepoint   ] Safepoint "Cleanup", Time since last: 1000633732 ns, Reaching safepoint: 31842 ns, Cleanup: 21936 ns, At safepoint: 11402 ns, Total: 65180 ns
[2025-05-25T10:07:51.749+0000][70][info ][safepoint   ] Safepoint "Cleanup", Time since last: 2000751676 ns, Reaching safepoint: 33272 ns, Cleanup: 21925 ns, At safepoint: 15971 ns, Total: 71168 ns
[2025-05-25T10:07:53.424+0000][70][info ][safepoint   ] Safepoint "Cleanup", Time since last: 1674754691 ns, Reaching safepoint: 20018 ns, Cleanup: 14036 ns, At safepoint: 7933 ns, Total: 41987 ns
[2025-05-25T10:07:54.425+0000][70][info ][safepoint   ] Safepoint "Cleanup", Time since last: 1000727491 ns, Reaching safepoint: 28979 ns, Cleanup: 24453 ns, At safepoint: 15867 ns, Total: 69299 ns
[2025-05-25T10:07:55.425+0000][70][info ][safepoint   ] Safepoint "Cleanup", Time since last: 1000662690 ns, Reaching safepoint: 19075 ns, Cleanup: 14549 ns, At safepoint: 10017 ns, Total: 43641 ns
[2025-05-25T10:07:58.427+0000][70][info ][safepoint   ] Safepoint "Cleanup", Time since last: 3001207261 ns, Reaching safepoint: 30338 ns, Cleanup: 14995 ns, At safepoint: 12666 ns, Total: 57999 ns
[2025-05-25T10:08:00.425+0000][70][info ][safepoint   ] Safepoint "Cleanup", Time since last: 2000951037 ns, Reaching safepoint: 32751 ns, Cleanup: 22744 ns, At safepoint: 15978 ns, Total: 71473 ns
[2025-05-25T10:08:01.426+0000][70][info ][safepoint   ] Safepoint "Cleanup", Time since last: 1000730663 ns, Reaching safepoint: 18939 ns, Cleanup: 12526 ns, At safepoint: 7678 ns, Total: 39143 ns
[2025-05-25T10:08:02.427+0000][70][info ][safepoint   ] Safepoint "Cleanup", Time since last: 1000545856 ns, Reaching safepoint: 17796 ns, Cleanup: 11580 ns, At safepoint: 7648 ns, Total: 37024 ns
[2025-05-25T10:08:04.271+0000][70][info ][safepoint   ] Safepoint "Cleanup", Time since last: 1844211676 ns, Reaching safepoint: 31774 ns, Cleanup: 28337 ns, At safepoint: 164118 ns, Total: 224229 ns
[2025-05-25T10:08:05.476+0000][70][info ][safepoint   ] Safepoint "Cleanup", Time since last: 1205149158 ns, Reaching safepoint: 13717 ns, Cleanup: 15284 ns, At safepoint: 18127 ns, Total: 47128 ns
[2025-05-25T10:08:09.492+0000][70][info ][safepoint   ] Safepoint "Cleanup", Time since last: 4015425347 ns, Reaching safepoint: 24818 ns, Cleanup: 15452 ns, At safepoint: 9351 ns, Total: 49621 ns
[2025-05-25T10:08:13.493+0000][70][info ][safepoint   ] Safepoint "Cleanup", Time since last: 4001248734 ns, Reaching safepoint: 27819 ns, Cleanup: 21009 ns, At safepoint: 11050 ns, Total: 59878 ns
[2025-05-25T10:08:14.494+0000][70][info ][safepoint   ] Safepoint "Cleanup", Time since last: 1000867125 ns, Reaching safepoint: 61103 ns, Cleanup: 14749 ns, At safepoint: 13174 ns, Total: 89026 ns
[2025-05-25T10:08:16.495+0000][70][info ][safepoint   ] Safepoint "Cleanup", Time since last: 2000812739 ns, Reaching safepoint: 32924 ns, Cleanup: 17412 ns, At safepoint: 94931 ns, Total: 145267 ns
[2025-05-25T10:08:19.496+0000][70][info ][safepoint   ] Safepoint "Cleanup", Time since last: 3001048470 ns, Reaching safepoint: 28760 ns, Cleanup: 17046 ns, At safepoint: 15532 ns, Total: 61338 ns
[2025-05-25T10:08:23.498+0000][70][info ][safepoint   ] Safepoint "Cleanup", Time since last: 4001495479 ns, Reaching safepoint: 182208 ns, Cleanup: 30973 ns, At safepoint: 23129 ns, Total: 236310 ns
[2025-05-25T10:08:24.499+0000][70][info ][safepoint   ] Safepoint "Cleanup", Time since last: 1001296357 ns, Reaching safepoint: 34002 ns, Cleanup: 17509 ns, At safepoint: 16364 ns, Total: 67875 ns
[2025-05-25T10:08:26.500+0000][70][info ][safepoint   ] Safepoint "Cleanup", Time since last: 2000882075 ns, Reaching safepoint: 30552 ns, Cleanup: 16115 ns, At safepoint: 15315 ns, Total: 61982 ns
[2025-05-25T10:08:28.501+0000][70][info ][safepoint   ] Safepoint "Cleanup", Time since last: 2000920070 ns, Reaching safepoint: 35905 ns, Cleanup: 25722 ns, At safepoint: 17916 ns, Total: 79543 ns
[2025-05-25T10:08:29.502+0000][70][info ][safepoint   ] Safepoint "Cleanup", Time since last: 1000814962 ns, Reaching safepoint: 26184 ns, Cleanup: 16931 ns, At safepoint: 10056 ns, Total: 53171 ns
[2025-05-25T10:08:31.499+0000][70][info ][safepoint   ] Safepoint "Cleanup", Time since last: 2000766855 ns, Reaching safepoint: 87447 ns, Cleanup: 19035 ns, At safepoint: 18404 ns, Total: 124886 ns
[2025-05-25T10:08:33.501+0000][70][info ][safepoint   ] Safepoint "Cleanup", Time since last: 2001215196 ns, Reaching safepoint: 35982 ns, Cleanup: 120370 ns, At safepoint: 22994 ns, Total: 179346 ns
[2025-05-25T10:08:34.502+0000][70][info ][safepoint   ] Safepoint "Cleanup", Time since last: 1000877374 ns, Reaching safepoint: 17993 ns, Cleanup: 21698 ns, At safepoint: 7327 ns, Total: 47018 ns
[2025-05-25T10:08:39.503+0000][70][info ][safepoint   ] Safepoint "Cleanup", Time since last: 5001480615 ns, Reaching safepoint: 17313 ns, Cleanup: 12903 ns, At safepoint: 7604 ns, Total: 37820 ns
[2025-05-25T10:08:43.243+0000][70][info ][safepoint   ] Safepoint "Cleanup", Time since last: 3740077118 ns, Reaching safepoint: 83684 ns, Cleanup: 9726 ns, At safepoint: 25428 ns, Total: 118838 ns
[2025-05-25T10:08:44.513+0000][70][info ][safepoint   ] Safepoint "Cleanup", Time since last: 1269155321 ns, Reaching safepoint: 34232 ns, Cleanup: 35313 ns, At safepoint: 17041 ns, Total: 86586 ns
[2025-05-25T10:08:46.270+0000][70][info ][safepoint   ] Safepoint "Cleanup", Time since last: 1757061991 ns, Reaching safepoint: 130392 ns, Cleanup: 7780 ns, At safepoint: 32685 ns, Total: 170857 ns
[2025-05-25T10:08:47.541+0000][70][info ][safepoint   ] Safepoint "Cleanup", Time since last: 1271300751 ns, Reaching safepoint: 30924 ns, Cleanup: 24425 ns, At safepoint: 16462 ns, Total: 71811 ns
[2025-05-25T10:08:48.542+0000][70][info ][safepoint   ] Safepoint "Cleanup", Time since last: 1000909315 ns, Reaching safepoint: 39528 ns, Cleanup: 24300 ns, At safepoint: 17842 ns, Total: 81670 ns
[2025-05-25T10:08:49.566+0000][70][info ][safepoint   ] Safepoint "Cleanup", Time since last: 1023443100 ns, Reaching safepoint: 30883 ns, Cleanup: 33830 ns, At safepoint: 10312 ns, Total: 75025 ns
[2025-05-25T10:08:54.459+0000][70][info ][safepoint   ] Safepoint "Cleanup", Time since last: 4892857347 ns, Reaching safepoint: 31894 ns, Cleanup: 19687 ns, At safepoint: 15793 ns, Total: 67374 ns
[2025-05-25T10:08:58.460+0000][70][info ][safepoint   ] Safepoint "Cleanup", Time since last: 4001494665 ns, Reaching safepoint: 30251 ns, Cleanup: 17248 ns, At safepoint: 16860 ns, Total: 64359 ns
[2025-05-25T10:08:59.461+0000][70][info ][safepoint   ] Safepoint "Cleanup", Time since last: 1000739945 ns, Reaching safepoint: 121881 ns, Cleanup: 20664 ns, At safepoint: 18769 ns, Total: 161314 ns
[2025-05-25T10:09:04.460+0000][70][info ][safepoint   ] Safepoint "Cleanup", Time since last: 5001516805 ns, Reaching safepoint: 152390 ns, Cleanup: 17922 ns, At safepoint: 16614 ns, Total: 186926 ns
[2025-05-25T10:09:05.461+0000][70][info ][safepoint   ] Safepoint "Cleanup", Time since last: 1000846215 ns, Reaching safepoint: 38224 ns, Cleanup: 17941 ns, At safepoint: 16829 ns, Total: 72994 ns
[2025-05-25T10:09:07.267+0000][70][info ][safepoint   ] Safepoint "Cleanup", Time since last: 1806230753 ns, Reaching safepoint: 107014 ns, Cleanup: 13361 ns, At safepoint: 49055 ns, Total: 169430 ns
[2025-05-25T10:09:08.607+0000][70][info ][safepoint   ] Safepoint "Cleanup", Time since last: 1339248044 ns, Reaching safepoint: 28072 ns, Cleanup: 19543 ns, At safepoint: 10742 ns, Total: 58357 ns
[2025-05-25T10:09:13.608+0000][70][info ][safepoint   ] Safepoint "Cleanup", Time since last: 5001352383 ns, Reaching safepoint: 32834 ns, Cleanup: 17063 ns, At safepoint: 80809 ns, Total: 130706 ns
[2025-05-25T10:09:14.609+0000][70][info ][safepoint   ] Safepoint "Cleanup", Time since last: 1000658414 ns, Reaching safepoint: 25714 ns, Cleanup: 19293 ns, At safepoint: 10353 ns, Total: 55360 ns
[2025-05-25T10:09:18.756+0000][70][info ][safepoint   ] Safepoint "Cleanup", Time since last: 4146737321 ns, Reaching safepoint: 17442 ns, Cleanup: 20683 ns, At safepoint: 103524 ns, Total: 141649 ns
[2025-05-25T10:09:20.005+0000][70][info ][safepoint   ] Safepoint "Cleanup", Time since last: 1248669612 ns, Reaching safepoint: 34377 ns, Cleanup: 149188 ns, At safepoint: 20367 ns, Total: 203932 ns
[2025-05-25T10:09:22.006+0000][70][info ][safepoint   ] Safepoint "Cleanup", Time since last: 2000960560 ns, Reaching safepoint: 36522 ns, Cleanup: 18388 ns, At safepoint: 19359 ns, Total: 74269 ns
[2025-05-25T10:09:25.007+0000][70][info ][safepoint   ] Safepoint "Cleanup", Time since last: 3001019104 ns, Reaching safepoint: 33651 ns, Cleanup: 16312 ns, At safepoint: 17170 ns, Total: 67133 ns
[2025-05-25T10:09:26.008+0000][70][info ][safepoint   ] Safepoint "Cleanup", Time since last: 1000659003 ns, Reaching safepoint: 26896 ns, Cleanup: 14451 ns, At safepoint: 35679 ns, Total: 77026 ns
[2025-05-25T10:09:29.009+0000][70][info ][safepoint   ] Safepoint "Cleanup", Time since last: 3000944678 ns, Reaching safepoint: 33622 ns, Cleanup: 19366 ns, At safepoint: 81533 ns, Total: 134521 ns
[2025-05-25T10:09:30.007+0000][70][info ][safepoint   ] Safepoint "Cleanup", Time since last: 1000670929 ns, Reaching safepoint: 32660 ns, Cleanup: 20531 ns, At safepoint: 16897 ns, Total: 70088 ns
[2025-05-25T10:09:34.008+0000][70][info ][safepoint   ] Safepoint "Cleanup", Time since last: 4001004621 ns, Reaching safepoint: 18793 ns, Cleanup: 23201 ns, At safepoint: 6948 ns, Total: 48942 ns
[2025-05-25T10:09:35.009+0000][70][info ][safepoint   ] Safepoint "Cleanup", Time since last: 1000577288 ns, Reaching safepoint: 17392 ns, Cleanup: 11374 ns, At safepoint: 6833 ns, Total: 35599 ns
[2025-05-25T10:09:36.010+0000][70][info ][safepoint   ] Safepoint "Cleanup", Time since last: 1000570176 ns, Reaching safepoint: 86163 ns, Cleanup: 20673 ns, At safepoint: 20366 ns, Total: 127202 ns
[2025-05-25T10:09:38.011+0000][70][info ][safepoint   ] Safepoint "Cleanup", Time since last: 2001324507 ns, Reaching safepoint: 31598 ns, Cleanup: 14732 ns, At safepoint: 15795 ns, Total: 62125 ns
[2025-05-25T10:09:39.012+0000][70][info ][safepoint   ] Safepoint "Cleanup", Time since last: 1000740273 ns, Reaching safepoint: 27684 ns, Cleanup: 19379 ns, At safepoint: 10276 ns, Total: 57339 ns
[2025-05-25T10:09:44.013+0000][70][info ][safepoint   ] Safepoint "Cleanup", Time since last: 5001291172 ns, Reaching safepoint: 32071 ns, Cleanup: 22590 ns, At safepoint: 18939 ns, Total: 73600 ns
[2025-05-25T10:09:47.014+0000][70][info ][safepoint   ] Safepoint "Cleanup", Time since last: 3000909022 ns, Reaching safepoint: 71236 ns, Cleanup: 15653 ns, At safepoint: 31540 ns, Total: 118429 ns
[2025-05-25T10:09:53.504+0000][70][info ][safepoint   ] Safepoint "Cleanup", Time since last: 6490172798 ns, Reaching safepoint: 34938 ns, Cleanup: 20005 ns, At safepoint: 19416 ns, Total: 74359 ns
[2025-05-25T10:09:54.505+0000][70][info ][safepoint   ] Safepoint "Cleanup", Time since last: 1000717970 ns, Reaching safepoint: 38494 ns, Cleanup: 19079 ns, At safepoint: 18339 ns, Total: 75912 ns
[2025-05-25T10:10:01.504+0000][70][info ][safepoint   ] Safepoint "Cleanup", Time since last: 7001685122 ns, Reaching safepoint: 32006 ns, Cleanup: 15871 ns, At safepoint: 16852 ns, Total: 64729 ns
[2025-05-25T10:10:04.505+0000][70][info ][safepoint   ] Safepoint "Cleanup", Time since last: 3001275447 ns, Reaching safepoint: 31856 ns, Cleanup: 18091 ns, At safepoint: 16061 ns, Total: 66008 ns
[2025-05-25T10:10:09.507+0000][70][info ][safepoint   ] Safepoint "Cleanup", Time since last: 5001672365 ns, Reaching safepoint: 22162 ns, Cleanup: 23630 ns, At safepoint: 7891 ns, Total: 53683 ns
[2025-05-25T10:10:10.627+0000][70][info ][safepoint   ] Safepoint "Cleanup", Time since last: 1120139364 ns, Reaching safepoint: 19459 ns, Cleanup: 15218 ns, At safepoint: 20193 ns, Total: 54870 ns
[2025-05-25T10:10:11.648+0000][70][info ][safepoint   ] Safepoint "Cleanup", Time since last: 1021065825 ns, Reaching safepoint: 33098 ns, Cleanup: 36432 ns, At safepoint: 17879 ns, Total: 87409 ns
[2025-05-25T10:10:16.650+0000][70][info ][safepoint   ] Safepoint "Cleanup", Time since last: 5001549447 ns, Reaching safepoint: 33485 ns, Cleanup: 20322 ns, At safepoint: 17737 ns, Total: 71544 ns
[2025-05-25T10:10:19.651+0000][70][info ][safepoint   ] Safepoint "Cleanup", Time since last: 3001212604 ns, Reaching safepoint: 81780 ns, Cleanup: 26808 ns, At safepoint: 17750 ns, Total: 126338 ns
[2025-05-25T10:10:22.209+0000][70][info ][gc,start    ] GC(17) Pause Young (Normal) (G1 Evacuation Pause)
[2025-05-25T10:10:22.210+0000][70][info ][gc,task     ] GC(17) Using 10 workers of 10 for evacuation
[2025-05-25T10:10:22.211+0000][70][debug][gc,age      ] GC(17) Desired survivor size 12582912 bytes, new threshold 15 (max threshold 15)
[2025-05-25T10:10:22.218+0000][70][info ][gc,phases   ] GC(17)   Pre Evacuate Collection Set: 1.08ms
[2025-05-25T10:10:22.218+0000][70][info ][gc,phases   ] GC(17)   Merge Heap Roots: 0.45ms
[2025-05-25T10:10:22.218+0000][70][info ][gc,phases   ] GC(17)   Evacuate Collection Set: 3.46ms
[2025-05-25T10:10:22.219+0000][70][info ][gc,phases   ] GC(17)   Post Evacuate Collection Set: 1.20ms
[2025-05-25T10:10:22.219+0000][70][info ][gc,phases   ] GC(17)   Other: 1.07ms
[2025-05-25T10:10:22.220+0000][70][trace][gc,age      ] GC(17) Age table with threshold 15 (max threshold 15)
[2025-05-25T10:10:22.220+0000][70][trace][gc,age      ] GC(17) - age   1:     884112 bytes,     884112 total
[2025-05-25T10:10:22.221+0000][70][trace][gc,age      ] GC(17) - age   2:     227080 bytes,    1111192 total
[2025-05-25T10:10:22.221+0000][70][trace][gc,age      ] GC(17) - age   3:    1846360 bytes,    2957552 total
[2025-05-25T10:10:22.221+0000][70][trace][gc,age      ] GC(17) - age   4:     779632 bytes,    3737184 total
[2025-05-25T10:10:22.221+0000][70][trace][gc,age      ] GC(17) - age   5:    1760128 bytes,    5497312 total
[2025-05-25T10:10:22.222+0000][70][info ][gc,heap     ] GC(17) Eden regions: 46->0(46)
[2025-05-25T10:10:22.222+0000][70][info ][gc,heap     ] GC(17) Survivor regions: 2->2(6)
[2025-05-25T10:10:22.223+0000][70][info ][gc,heap     ] GC(17) Old regions: 28->28
[2025-05-25T10:10:22.224+0000][70][info ][gc,heap     ] GC(17) Humongous regions: 0->0
[2025-05-25T10:10:22.224+0000][70][info ][gc,metaspace] GC(17) Metaspace: 146105K(150144K)->146105K(150144K) NonClass: 125987K(128192K)->125987K(128192K) Class: 20117K(21952K)->20117K(21952K)
[2025-05-25T10:10:22.225+0000][70][info ][gc          ] GC(17) Pause Young (Normal) (G1 Evacuation Pause) 300M->116M(3880M) 15.747ms
[2025-05-25T10:10:22.225+0000][70][info ][gc,cpu      ] GC(17) User=0.03s Sys=0.01s Real=0.01s
[2025-05-25T10:10:22.226+0000][70][info ][safepoint   ] Safepoint "G1CollectForAllocation", Time since last: 2557818556 ns, Reaching safepoint: 32339 ns, Cleanup: 6397 ns, At safepoint: 17039664 ns, Total: 17078400 ns
[2025-05-25T10:10:26.227+0000][70][info ][safepoint   ] Safepoint "Cleanup", Time since last: 4000929339 ns, Reaching safepoint: 24178 ns, Cleanup: 13442 ns, At safepoint: 8885 ns, Total: 46505 ns
[2025-05-25T10:10:29.228+0000][70][info ][safepoint   ] Safepoint "Cleanup", Time since last: 3001511345 ns, Reaching safepoint: 20900 ns, Cleanup: 14675 ns, At safepoint: 9105 ns, Total: 44680 ns
[2025-05-25T10:10:30.226+0000][70][info ][safepoint   ] Safepoint "Cleanup", Time since last: 1000639962 ns, Reaching safepoint: 35976 ns, Cleanup: 22764 ns, At safepoint: 16723 ns, Total: 75463 ns
[2025-05-25T10:10:33.228+0000][70][info ][safepoint   ] Safepoint "Cleanup", Time since last: 3001143236 ns, Reaching safepoint: 19729 ns, Cleanup: 16419 ns, At safepoint: 7820 ns, Total: 43968 ns
[2025-05-25T10:10:37.229+0000][70][info ][safepoint   ] Safepoint "Cleanup", Time since last: 4001113300 ns, Reaching safepoint: 37747 ns, Cleanup: 19583 ns, At safepoint: 19659 ns, Total: 76989 ns
[2025-05-25T10:10:39.230+0000][70][info ][safepoint   ] Safepoint "Cleanup", Time since last: 2000833536 ns, Reaching safepoint: 40445 ns, Cleanup: 25720 ns, At safepoint: 14222 ns, Total: 80387 ns
[2025-05-25T10:10:43.233+0000][70][info ][safepoint   ] Safepoint "Cleanup", Time since last: 4003228286 ns, Reaching safepoint: 17695 ns, Cleanup: 11977 ns, At safepoint: 8265 ns, Total: 37937 ns
[2025-05-25T10:10:46.234+0000][70][info ][safepoint   ] Safepoint "Cleanup", Time since last: 3000926141 ns, Reaching safepoint: 19152 ns, Cleanup: 14049 ns, At safepoint: 7773 ns, Total: 40974 ns
[2025-05-25T10:10:49.235+0000][70][info ][safepoint   ] Safepoint "Cleanup", Time since last: 3001003351 ns, Reaching safepoint: 42737 ns, Cleanup: 12573 ns, At safepoint: 7129 ns, Total: 62439 ns
[2025-05-25T10:10:53.538+0000][70][info ][safepoint   ] Safepoint "Cleanup", Time since last: 4302664738 ns, Reaching safepoint: 19676 ns, Cleanup: 13606 ns, At safepoint: 8087 ns, Total: 41369 ns
[2025-05-25T10:10:54.538+0000][70][info ][safepoint   ] Safepoint "Cleanup", Time since last: 1000619119 ns, Reaching safepoint: 32855 ns, Cleanup: 26281 ns, At safepoint: 81041 ns, Total: 140177 ns
[2025-05-25T10:10:56.539+0000][70][info ][safepoint   ] Safepoint "Cleanup", Time since last: 2000910628 ns, Reaching safepoint: 37556 ns, Cleanup: 16512 ns, At safepoint: 16370 ns, Total: 70438 ns
[2025-05-25T10:10:58.541+0000][70][info ][safepoint   ] Safepoint "Cleanup", Time since last: 2001141384 ns, Reaching safepoint: 35848 ns, Cleanup: 17513 ns, At safepoint: 17914 ns, Total: 71275 ns
[2025-05-25T10:11:13.223+0000][70][info ][safepoint   ] Safepoint "Cleanup", Time since last: 14685602453 ns, Reaching safepoint: 11376 ns, Cleanup: 12272 ns, At safepoint: 19383 ns, Total: 43031 ns
[2025-05-25T10:11:14.690+0000][70][info ][safepoint   ] Safepoint "Cleanup", Time since last: 1466488017 ns, Reaching safepoint: 35749 ns, Cleanup: 33230 ns, At safepoint: 75129 ns, Total: 144108 ns
[2025-05-25T10:11:21.831+0000][70][info ][safepoint   ] Safepoint "Cleanup", Time since last: 7141487947 ns, Reaching safepoint: 12871 ns, Cleanup: 15296 ns, At safepoint: 4954 ns, Total: 33121 ns
[2025-05-25T10:11:22.871+0000][70][info ][safepoint   ] Safepoint "Cleanup", Time since last: 1039803536 ns, Reaching safepoint: 23252 ns, Cleanup: 20046 ns, At safepoint: 9684 ns, Total: 52982 ns
[2025-05-25T10:11:29.873+0000][70][info ][safepoint   ] Safepoint "Cleanup", Time since last: 7004099141 ns, Reaching safepoint: 33460 ns, Cleanup: 46484 ns, At safepoint: 21198 ns, Total: 101142 ns
[2025-05-25T10:11:31.372+0000][70][info ][safepoint   ] Safepoint "Cleanup", Time since last: 1499116174 ns, Reaching safepoint: 7906 ns, Cleanup: 48744 ns, At safepoint: 13561 ns, Total: 70211 ns
[2025-05-25T10:11:32.226+0000][70][info ][gc,heap,exit] Heap
[2025-05-25T10:11:32.227+0000][70][info ][gc,heap,exit]  garbage-first heap   total reserved 3973120K, committed 3973120K, used 185634K [0x000000070d800000, 0x0000000800000000)
[2025-05-25T10:11:32.227+0000][70][info ][gc,heap,exit]   region size 4096K, 19 young (77824K), 2 survivors (8192K)
[2025-05-25T10:11:32.229+0000][70][info ][gc,heap,exit]  Metaspace       used 146543K, committed 150592K, reserved 1179648K
[2025-05-25T10:11:32.229+0000][70][info ][gc,heap,exit]   class space    used 20195K, committed 22016K, reserved 1048576K
