[2025-06-11T23:12:18.375+0000][55][info][gc,init] CardTable entry size: 512
[2025-06-11T23:12:18.378+0000][55][info][gc     ] Using G1
[2025-06-11T23:12:18.394+0000][55][info][gc,init] Version: 22+36-2370 (release)
[2025-06-11T23:12:18.395+0000][55][info][gc,init] CPUs: 12 total, 12 available
[2025-06-11T23:12:18.396+0000][55][info][gc,init] Memory: 7757M
[2025-06-11T23:12:18.396+0000][55][info][gc,init] Large Page Support: Disabled
[2025-06-11T23:12:18.397+0000][55][info][gc,init] NUMA Support: Disabled
[2025-06-11T23:12:18.397+0000][55][info][gc,init] Compressed Oops: Enabled (Zero based)
[2025-06-11T23:12:18.397+0000][55][info][gc,init] Heap Region Size: 2M
[2025-06-11T23:12:18.398+0000][55][info][gc,init] Heap Min Capacity: 3878M
[2025-06-11T23:12:18.398+0000][55][info][gc,init] Heap Initial Capacity: 3878M
[2025-06-11T23:12:18.399+0000][55][info][gc,init] Heap Max Capacity: 3878M
[2025-06-11T23:12:18.399+0000][55][info][gc,init] Pre-touch: Disabled
[2025-06-11T23:12:18.400+0000][55][info][gc,init] Parallel Workers: 10
[2025-06-11T23:12:18.400+0000][55][info][gc,init] Concurrent Workers: 3
[2025-06-11T23:12:18.401+0000][55][info][gc,init] Concurrent Refinement Workers: 10
[2025-06-11T23:12:18.401+0000][55][info][gc,init] Periodic GC: Disabled
[2025-06-11T23:12:18.420+0000][55][info][gc,metaspace] CDS archive(s) mapped at: [0x00007f63ee000000-0x00007f63eec74000-0x00007f63eec74000), size 13058048, SharedBaseAddress: 0x00007f63ee000000, ArchiveRelocationMode: 1.
[2025-06-11T23:12:18.421+0000][55][info][gc,metaspace] Compressed class space mapped at: 0x00007f63ef000000-0x00007f642f000000, reserved size: 1073741824
[2025-06-11T23:12:18.421+0000][55][info][gc,metaspace] Narrow klass base: 0x00007f63ee000000, Narrow klass shift: 0, Narrow klass range: 0x100000000
[2025-06-11T23:12:18.533+0000][55][info][gc,heap,exit] Heap
[2025-06-11T23:12:18.534+0000][55][info][gc,heap,exit]  garbage-first heap   total reserved 3971072K, committed 3971072K, used 6177K [0x000000070da00000, 0x0000000800000000)
[2025-06-11T23:12:18.535+0000][55][info][gc,heap,exit]   region size 2048K, 3 young (6144K), 0 survivors (0K)
[2025-06-11T23:12:18.536+0000][55][info][gc,heap,exit]  Metaspace       used 212K, committed 448K, reserved 1114112K
[2025-06-11T23:12:18.537+0000][55][info][gc,heap,exit]   class space    used 5K, committed 128K, reserved 1048576K
