[2025-05-26T05:06:19.260+0000][71][info][gc,init] CardTable entry size: 512
[2025-05-26T05:06:19.267+0000][71][info][gc     ] Using G1
[2025-05-26T05:06:26.431+0000][71][info][gc,init] Version: 22+36-2370 (release)
[2025-05-26T05:06:26.475+0000][71][info][gc,init] CPUs: 12 total, 12 available
[2025-05-26T05:06:26.504+0000][71][info][gc,init] Memory: 7757M
[2025-05-26T05:06:26.530+0000][71][info][gc,init] Large Page Support: Disabled
[2025-05-26T05:06:26.547+0000][71][info][gc,init] NUMA Support: Disabled
[2025-05-26T05:06:26.589+0000][71][info][gc,init] Compressed Oops: Enabled (Zero based)
[2025-05-26T05:06:26.630+0000][71][info][gc,init] Heap Region Size: 4M
[2025-05-26T05:06:26.660+0000][71][info][gc,init] Heap Min Capacity: 3880M
[2025-05-26T05:06:26.700+0000][71][info][gc,init] Heap Initial Capacity: 3880M
[2025-05-26T05:06:26.718+0000][71][info][gc,init] Heap Max Capacity: 3880M
[2025-05-26T05:06:26.753+0000][71][info][gc,init] Pre-touch: Enabled
[2025-05-26T05:06:26.780+0000][71][info][gc,init] Parallel Workers: 10
[2025-05-26T05:06:26.811+0000][71][info][gc,init] Concurrent Workers: 3
[2025-05-26T05:06:26.834+0000][71][info][gc,init] Concurrent Refinement Workers: 10
[2025-05-26T05:06:26.847+0000][71][info][gc,init] Periodic GC: Disabled
[2025-05-26T05:06:27.355+0000][71][info][gc,metaspace] CDS archive(s) mapped at: [0x00007efd52000000-0x00007efd52c74000-0x00007efd52c74000), size 13058048, SharedBaseAddress: 0x00007efd52000000, ArchiveRelocationMode: 1.
[2025-05-26T05:06:27.380+0000][71][info][gc,metaspace] Compressed class space mapped at: 0x00007efd53000000-0x00007efd93000000, reserved size: 1073741824
[2025-05-26T05:06:27.393+0000][71][info][gc,metaspace] Narrow klass base: 0x00007efd52000000, Narrow klass shift: 0, Narrow klass range: 0x100000000
[2025-05-26T05:06:28.253+0000][71][info][safepoint   ] Safepoint "ICBufferFull", Time since last: 793919671 ns, Reaching safepoint: 248512 ns, Cleanup: 133789 ns, At safepoint: 57811 ns, Total: 440112 ns
[2025-05-26T05:06:29.303+0000][71][info][safepoint   ] Safepoint "Cleanup", Time since last: 1049608569 ns, Reaching safepoint: 3358 ns, Cleanup: 104806 ns, At safepoint: 16365 ns, Total: 124529 ns
[2025-05-26T05:06:30.131+0000][71][info][safepoint   ] Safepoint "ICBufferFull", Time since last: 828484128 ns, Reaching safepoint: 7188 ns, Cleanup: 128557 ns, At safepoint: 25439 ns, Total: 161184 ns
[2025-05-26T05:06:31.132+0000][71][info][safepoint   ] Safepoint "Cleanup", Time since last: 1000648908 ns, Reaching safepoint: 3873 ns, Cleanup: 133031 ns, At safepoint: 6781 ns, Total: 143685 ns
[2025-05-26T05:06:32.089+0000][71][info][safepoint   ] Safepoint "ICBufferFull", Time since last: 956644370 ns, Reaching safepoint: 7708 ns, Cleanup: 155371 ns, At safepoint: 12588 ns, Total: 175667 ns
[2025-05-26T05:06:33.114+0000][71][info][safepoint   ] Safepoint "Cleanup", Time since last: 1025253764 ns, Reaching safepoint: 6759 ns, Cleanup: 82554 ns, At safepoint: 84877 ns, Total: 174190 ns
[2025-05-26T05:06:33.776+0000][71][info][gc,start    ] GC(0) Pause Young (Concurrent Start) (Metadata GC Threshold)
[2025-05-26T05:06:33.811+0000][71][info][gc,task     ] GC(0) Using 10 workers of 10 for evacuation
[2025-05-26T05:06:33.837+0000][71][debug][gc,age      ] GC(0) Desired survivor size 12582912 bytes, new threshold 15 (max threshold 15)
[2025-05-26T05:06:33.887+0000][71][info ][gc,phases   ] GC(0)   Pre Evacuate Collection Set: 1.34ms
[2025-05-26T05:06:33.905+0000][71][info ][gc,phases   ] GC(0)   Merge Heap Roots: 1.49ms
[2025-05-26T05:06:33.916+0000][71][info ][gc,phases   ] GC(0)   Evacuate Collection Set: 8.51ms
[2025-05-26T05:06:33.928+0000][71][info ][gc,phases   ] GC(0)   Post Evacuate Collection Set: 4.56ms
[2025-05-26T05:06:33.942+0000][71][info ][gc,phases   ] GC(0)   Other: 59.92ms
[2025-05-26T05:06:33.962+0000][71][trace][gc,age      ] GC(0) Age table with threshold 15 (max threshold 15)
[2025-05-26T05:06:33.971+0000][71][trace][gc,age      ] GC(0) - age   1:   10042184 bytes,   10042184 total
[2025-05-26T05:06:33.977+0000][71][info ][gc,heap     ] GC(0) Eden regions: 44->0(45)
[2025-05-26T05:06:33.982+0000][71][info ][gc,heap     ] GC(0) Survivor regions: 0->3(6)
[2025-05-26T05:06:33.991+0000][71][info ][gc,heap     ] GC(0) Old regions: 1->1
[2025-05-26T05:06:34.003+0000][71][info ][gc,heap     ] GC(0) Humongous regions: 0->0
[2025-05-26T05:06:34.006+0000][71][info ][gc,metaspace] GC(0) Metaspace: 20947K(21504K)->20947K(21504K) NonClass: 18570K(18880K)->18570K(18880K) Class: 2377K(2624K)->2377K(2624K)
[2025-05-26T05:06:34.021+0000][71][info ][gc          ] GC(0) Pause Young (Concurrent Start) (Metadata GC Threshold) 177M->10M(3880M) 245.000ms
[2025-05-26T05:06:34.028+0000][71][info ][gc,cpu      ] GC(0) User=0.15s Sys=0.00s Real=0.25s
[2025-05-26T05:06:34.028+0000][71][info ][gc          ] GC(1) Concurrent Mark Cycle
[2025-05-26T05:06:34.039+0000][71][info ][safepoint   ] Safepoint "CollectForMetadataAllocation", Time since last: 661121340 ns, Reaching safepoint: 5730 ns, Cleanup: 106823 ns, At safepoint: 263179506 ns, Total: 263292059 ns
[2025-05-26T05:06:34.054+0000][71][info ][gc,marking  ] GC(1) Concurrent Scan Root Regions
[2025-05-26T05:06:34.101+0000][71][info ][gc,marking  ] GC(1) Concurrent Scan Root Regions 46.127ms
[2025-05-26T05:06:34.131+0000][71][info ][gc,marking  ] GC(1) Concurrent Mark
[2025-05-26T05:06:34.126+0000][71][info ][safepoint   ] Safepoint "CollectForMetadataAllocation", Time since last: 86670836 ns, Reaching safepoint: 5367 ns, Cleanup: 16606 ns, At safepoint: 1097859 ns, Total: 1119832 ns
[2025-05-26T05:06:34.149+0000][71][info ][gc,marking  ] GC(1) Concurrent Mark From Roots
[2025-05-26T05:06:34.191+0000][71][info ][gc,task     ] GC(1) Using 3 workers of 3 for marking
[2025-05-26T05:06:34.216+0000][71][info ][safepoint   ] Safepoint "CollectForMetadataAllocation", Time since last: 86604988 ns, Reaching safepoint: 898052 ns, Cleanup: 6301 ns, At safepoint: 1561930 ns, Total: 2466283 ns
[2025-05-26T05:06:34.219+0000][71][info ][gc,marking  ] GC(1) Concurrent Mark From Roots 69.961ms
[2025-05-26T05:06:34.260+0000][71][info ][gc,marking  ] GC(1) Concurrent Preclean
[2025-05-26T05:06:34.299+0000][71][info ][gc,marking  ] GC(1) Concurrent Preclean 38.193ms
[2025-05-26T05:06:34.311+0000][71][info ][gc,start    ] GC(1) Pause Remark
[2025-05-26T05:06:34.335+0000][71][info ][gc          ] GC(1) Pause Remark 30M->30M(3880M) 23.195ms
[2025-05-26T05:06:34.351+0000][71][info ][gc,cpu      ] GC(1) User=0.01s Sys=0.00s Real=0.04s
[2025-05-26T05:06:34.364+0000][71][info ][safepoint   ] Safepoint "G1PauseRemark", Time since last: 95676327 ns, Reaching safepoint: 160004 ns, Cleanup: 20382 ns, At safepoint: 52627617 ns, Total: 52808003 ns
[2025-05-26T05:06:34.384+0000][71][info ][gc,marking  ] GC(1) Concurrent Mark 253.703ms
[2025-05-26T05:06:34.400+0000][71][info ][gc,marking  ] GC(1) Concurrent Rebuild Remembered Sets and Scrub Regions
[2025-05-26T05:06:34.414+0000][71][info ][gc,marking  ] GC(1) Concurrent Rebuild Remembered Sets and Scrub Regions 14.398ms
[2025-05-26T05:06:34.430+0000][71][info ][gc,start    ] GC(1) Pause Cleanup
[2025-05-26T05:06:34.437+0000][71][info ][gc          ] GC(1) Pause Cleanup 44M->44M(3880M) 6.529ms
[2025-05-26T05:06:34.443+0000][71][info ][gc,cpu      ] GC(1) User=0.00s Sys=0.00s Real=0.01s
[2025-05-26T05:06:34.454+0000][71][info ][safepoint   ] Safepoint "G1PauseCleanup", Time since last: 66141324 ns, Reaching safepoint: 144215 ns, Cleanup: 38661 ns, At safepoint: 23353707 ns, Total: 23536583 ns
[2025-05-26T05:06:34.472+0000][71][info ][gc,marking  ] GC(1) Concurrent Clear Claimed Marks
[2025-05-26T05:06:34.487+0000][71][info ][gc,marking  ] GC(1) Concurrent Clear Claimed Marks 15.683ms
[2025-05-26T05:06:34.504+0000][71][info ][gc,marking  ] GC(1) Concurrent Cleanup for Next Mark
[2025-05-26T05:06:34.516+0000][71][info ][gc,marking  ] GC(1) Concurrent Cleanup for Next Mark 11.378ms
[2025-05-26T05:06:34.530+0000][71][info ][gc          ] GC(1) Concurrent Mark Cycle 502.435ms
[2025-05-26T05:06:35.554+0000][71][info ][safepoint   ] Safepoint "Cleanup", Time since last: 1100125608 ns, Reaching safepoint: 124037 ns, Cleanup: 117904 ns, At safepoint: 29404 ns, Total: 271345 ns
[2025-05-26T05:06:36.145+0000][71][info ][gc,start    ] GC(2) Pause Young (Prepare Mixed) (G1 Evacuation Pause)
[2025-05-26T05:06:36.159+0000][71][info ][gc,task     ] GC(2) Using 10 workers of 10 for evacuation
[2025-05-26T05:06:36.167+0000][71][debug][gc,age      ] GC(2) Desired survivor size 12582912 bytes, new threshold 15 (max threshold 15)
[2025-05-26T05:06:36.184+0000][71][info ][gc,phases   ] GC(2)   Pre Evacuate Collection Set: 0.64ms
[2025-05-26T05:06:36.193+0000][71][info ][gc,phases   ] GC(2)   Merge Heap Roots: 0.30ms
[2025-05-26T05:06:36.209+0000][71][info ][gc,phases   ] GC(2)   Evacuate Collection Set: 6.24ms
[2025-05-26T05:06:36.213+0000][71][info ][gc,phases   ] GC(2)   Post Evacuate Collection Set: 1.82ms
[2025-05-26T05:06:36.214+0000][71][info ][gc,phases   ] GC(2)   Other: 15.67ms
[2025-05-26T05:06:36.214+0000][71][trace][gc,age      ] GC(2) Age table with threshold 15 (max threshold 15)
[2025-05-26T05:06:36.215+0000][71][trace][gc,age      ] GC(2) - age   1:    5864320 bytes,    5864320 total
[2025-05-26T05:06:36.216+0000][71][trace][gc,age      ] GC(2) - age   2:    9133848 bytes,   14998168 total
[2025-05-26T05:06:36.223+0000][71][info ][gc,heap     ] GC(2) Eden regions: 45->0(44)
[2025-05-26T05:06:36.229+0000][71][info ][gc,heap     ] GC(2) Survivor regions: 3->4(6)
[2025-05-26T05:06:36.231+0000][71][info ][gc,heap     ] GC(2) Old regions: 1->1
[2025-05-26T05:06:36.232+0000][71][info ][gc,heap     ] GC(2) Humongous regions: 0->0
[2025-05-26T05:06:36.237+0000][71][info ][gc,metaspace] GC(2) Metaspace: 27596K(28224K)->27596K(28224K) NonClass: 24482K(24832K)->24482K(24832K) Class: 3114K(3392K)->3114K(3392K)
[2025-05-26T05:06:36.241+0000][71][info ][gc          ] GC(2) Pause Young (Prepare Mixed) (G1 Evacuation Pause) 190M->16M(3880M) 95.349ms
[2025-05-26T05:06:36.243+0000][71][info ][gc,cpu      ] GC(2) User=0.02s Sys=0.03s Real=0.09s
[2025-05-26T05:06:36.243+0000][71][info ][safepoint   ] Safepoint "G1CollectForAllocation", Time since last: 591115666 ns, Reaching safepoint: 10675 ns, Cleanup: 99308 ns, At safepoint: 97876353 ns, Total: 97986336 ns
[2025-05-26T05:06:36.929+0000][71][info ][safepoint   ] Safepoint "ICBufferFull", Time since last: 685430208 ns, Reaching safepoint: 10319 ns, Cleanup: 249243 ns, At safepoint: 43817 ns, Total: 303379 ns
[2025-05-26T05:06:37.197+0000][71][info ][gc,start    ] GC(3) Pause Young (Mixed) (G1 Evacuation Pause)
[2025-05-26T05:06:37.205+0000][71][info ][gc,task     ] GC(3) Using 10 workers of 10 for evacuation
[2025-05-26T05:06:37.207+0000][71][debug][gc,age      ] GC(3) Desired survivor size 12582912 bytes, new threshold 2 (max threshold 15)
[2025-05-26T05:06:37.231+0000][71][info ][gc,phases   ] GC(3)   Pre Evacuate Collection Set: 0.44ms
[2025-05-26T05:06:37.238+0000][71][info ][gc,phases   ] GC(3)   Merge Heap Roots: 0.15ms
[2025-05-26T05:06:37.241+0000][71][info ][gc,phases   ] GC(3)   Evacuate Collection Set: 18.91ms
[2025-05-26T05:06:37.245+0000][71][info ][gc,phases   ] GC(3)   Post Evacuate Collection Set: 1.55ms
[2025-05-26T05:06:37.249+0000][71][info ][gc,phases   ] GC(3)   Other: 4.84ms
[2025-05-26T05:06:37.252+0000][71][trace][gc,age      ] GC(3) Age table with threshold 2 (max threshold 15)
[2025-05-26T05:06:37.253+0000][71][trace][gc,age      ] GC(3) - age   1:    5034760 bytes,    5034760 total
[2025-05-26T05:06:37.254+0000][71][trace][gc,age      ] GC(3) - age   2:    4415064 bytes,    9449824 total
[2025-05-26T05:06:37.255+0000][71][info ][gc,heap     ] GC(3) Eden regions: 44->0(51)
[2025-05-26T05:06:37.256+0000][71][info ][gc,heap     ] GC(3) Survivor regions: 4->3(6)
[2025-05-26T05:06:37.258+0000][71][info ][gc,heap     ] GC(3) Old regions: 1->3
[2025-05-26T05:06:37.260+0000][71][info ][gc,heap     ] GC(3) Humongous regions: 0->0
[2025-05-26T05:06:37.261+0000][71][info ][gc,metaspace] GC(3) Metaspace: 29082K(29824K)->29082K(29824K) NonClass: 25687K(26112K)->25687K(26112K) Class: 3394K(3712K)->3394K(3712K)
[2025-05-26T05:06:37.261+0000][71][info ][gc          ] GC(3) Pause Young (Mixed) (G1 Evacuation Pause) 192M->21M(3880M) 64.211ms
[2025-05-26T05:06:37.262+0000][71][info ][gc,cpu      ] GC(3) User=0.10s Sys=0.01s Real=0.06s
[2025-05-26T05:06:37.262+0000][71][info ][safepoint   ] Safepoint "G1CollectForAllocation", Time since last: 268211546 ns, Reaching safepoint: 6652 ns, Cleanup: 31783 ns, At safepoint: 65177116 ns, Total: 65215551 ns
[2025-05-26T05:06:38.043+0000][71][info ][gc,start    ] GC(4) Pause Young (Normal) (G1 Evacuation Pause)
[2025-05-26T05:06:38.048+0000][71][info ][gc,task     ] GC(4) Using 10 workers of 10 for evacuation
[2025-05-26T05:06:38.053+0000][71][debug][gc,age      ] GC(4) Desired survivor size 14680064 bytes, new threshold 15 (max threshold 15)
[2025-05-26T05:06:38.064+0000][71][info ][gc,phases   ] GC(4)   Pre Evacuate Collection Set: 0.41ms
[2025-05-26T05:06:38.067+0000][71][info ][gc,phases   ] GC(4)   Merge Heap Roots: 0.17ms
[2025-05-26T05:06:38.072+0000][71][info ][gc,phases   ] GC(4)   Evacuate Collection Set: 7.67ms
[2025-05-26T05:06:38.076+0000][71][info ][gc,phases   ] GC(4)   Post Evacuate Collection Set: 1.02ms
[2025-05-26T05:06:38.078+0000][71][info ][gc,phases   ] GC(4)   Other: 6.62ms
[2025-05-26T05:06:38.082+0000][71][trace][gc,age      ] GC(4) Age table with threshold 15 (max threshold 15)
[2025-05-26T05:06:38.084+0000][71][trace][gc,age      ] GC(4) - age   1:    3223296 bytes,    3223296 total
[2025-05-26T05:06:38.085+0000][71][trace][gc,age      ] GC(4) - age   2:    4113368 bytes,    7336664 total
[2025-05-26T05:06:38.085+0000][71][trace][gc,age      ] GC(4) - age   3:    4414200 bytes,   11750864 total
[2025-05-26T05:06:38.085+0000][71][info ][gc,heap     ] GC(4) Eden regions: 51->0(578)
[2025-05-26T05:06:38.086+0000][71][info ][gc,heap     ] GC(4) Survivor regions: 3->4(7)
[2025-05-26T05:06:38.086+0000][71][info ][gc,heap     ] GC(4) Old regions: 3->3
[2025-05-26T05:06:38.087+0000][71][info ][gc,heap     ] GC(4) Humongous regions: 0->0
[2025-05-26T05:06:38.088+0000][71][info ][gc,metaspace] GC(4) Metaspace: 29702K(30400K)->29702K(30400K) NonClass: 26240K(26624K)->26240K(26624K) Class: 3461K(3776K)->3461K(3776K)
[2025-05-26T05:06:38.090+0000][71][info ][gc          ] GC(4) Pause Young (Normal) (G1 Evacuation Pause) 225M->23M(3880M) 46.527ms
[2025-05-26T05:06:38.090+0000][71][info ][gc,cpu      ] GC(4) User=0.01s Sys=0.02s Real=0.05s
[2025-05-26T05:06:38.090+0000][71][info ][safepoint   ] Safepoint "G1CollectForAllocation", Time since last: 780310535 ns, Reaching safepoint: 7019 ns, Cleanup: 443303 ns, At safepoint: 47289419 ns, Total: 47739741 ns
[2025-05-26T05:06:39.830+0000][71][info ][safepoint   ] Safepoint "ICBufferFull", Time since last: 1739217149 ns, Reaching safepoint: 5572 ns, Cleanup: 145756 ns, At safepoint: 11374 ns, Total: 162702 ns
[2025-05-26T05:06:40.421+0000][71][info ][gc,start    ] GC(5) Pause Young (Concurrent Start) (Metadata GC Threshold)
[2025-05-26T05:06:40.436+0000][71][info ][gc,task     ] GC(5) Using 10 workers of 10 for evacuation
[2025-05-26T05:06:40.450+0000][71][debug][gc,age      ] GC(5) Desired survivor size 153092096 bytes, new threshold 15 (max threshold 15)
[2025-05-26T05:06:40.499+0000][71][info ][gc,phases   ] GC(5)   Pre Evacuate Collection Set: 0.46ms
[2025-05-26T05:06:40.539+0000][71][info ][gc,phases   ] GC(5)   Merge Heap Roots: 0.19ms
[2025-05-26T05:06:40.560+0000][71][info ][gc,phases   ] GC(5)   Evacuate Collection Set: 16.54ms
[2025-05-26T05:06:40.577+0000][71][info ][gc,phases   ] GC(5)   Post Evacuate Collection Set: 3.05ms
[2025-05-26T05:06:40.584+0000][71][info ][gc,phases   ] GC(5)   Other: 43.39ms
[2025-05-26T05:06:40.601+0000][71][trace][gc,age      ] GC(5) Age table with threshold 15 (max threshold 15)
[2025-05-26T05:06:40.623+0000][71][trace][gc,age      ] GC(5) - age   1:    8718320 bytes,    8718320 total
[2025-05-26T05:06:40.638+0000][71][trace][gc,age      ] GC(5) - age   2:    2508768 bytes,   11227088 total
[2025-05-26T05:06:40.657+0000][71][trace][gc,age      ] GC(5) - age   3:    4108248 bytes,   15335336 total
[2025-05-26T05:06:40.670+0000][71][trace][gc,age      ] GC(5) - age   4:    4412816 bytes,   19748152 total
[2025-05-26T05:06:40.685+0000][71][info ][gc,heap     ] GC(5) Eden regions: 123->0(576)
[2025-05-26T05:06:40.701+0000][71][info ][gc,heap     ] GC(5) Survivor regions: 4->6(73)
[2025-05-26T05:06:40.721+0000][71][info ][gc,heap     ] GC(5) Old regions: 3->3
[2025-05-26T05:06:40.733+0000][71][info ][gc,heap     ] GC(5) Humongous regions: 0->0
[2025-05-26T05:06:40.742+0000][71][info ][gc,metaspace] GC(5) Metaspace: 36583K(37440K)->36583K(37440K) NonClass: 32304K(32832K)->32304K(32832K) Class: 4278K(4608K)->4278K(4608K)
[2025-05-26T05:06:40.749+0000][71][info ][gc          ] GC(5) Pause Young (Concurrent Start) (Metadata GC Threshold) 515M->30M(3880M) 327.953ms
[2025-05-26T05:06:40.756+0000][71][info ][gc,cpu      ] GC(5) User=0.50s Sys=0.00s Real=0.34s
[2025-05-26T05:06:40.756+0000][71][info ][gc          ] GC(6) Concurrent Mark Cycle
[2025-05-26T05:06:40.789+0000][71][info ][gc,marking  ] GC(6) Concurrent Scan Root Regions
[2025-05-26T05:06:40.769+0000][71][info ][safepoint   ] Safepoint "CollectForMetadataAllocation", Time since last: 590832647 ns, Reaching safepoint: 5441 ns, Cleanup: 76082 ns, At safepoint: 348170001 ns, Total: 348251524 ns
[2025-05-26T05:06:40.832+0000][71][info ][gc,marking  ] GC(6) Concurrent Scan Root Regions 43.499ms
[2025-05-26T05:06:40.859+0000][71][info ][gc,marking  ] GC(6) Concurrent Mark
[2025-05-26T05:06:40.873+0000][71][info ][gc,marking  ] GC(6) Concurrent Mark From Roots
[2025-05-26T05:06:40.899+0000][71][info ][gc,task     ] GC(6) Using 3 workers of 3 for marking
[2025-05-26T05:06:40.908+0000][71][info ][safepoint   ] Safepoint "CollectForMetadataAllocation", Time since last: 139095678 ns, Reaching safepoint: 6646 ns, Cleanup: 29782 ns, At safepoint: 265807 ns, Total: 302235 ns
[2025-05-26T05:06:40.921+0000][71][info ][gc,marking  ] GC(6) Concurrent Mark From Roots 47.944ms
[2025-05-26T05:06:40.939+0000][71][info ][gc,marking  ] GC(6) Concurrent Preclean
[2025-05-26T05:06:40.944+0000][71][info ][gc,marking  ] GC(6) Concurrent Preclean 4.856ms
[2025-05-26T05:06:40.950+0000][71][info ][gc,start    ] GC(6) Pause Remark
[2025-05-26T05:06:40.969+0000][71][info ][gc          ] GC(6) Pause Remark 44M->44M(3880M) 18.791ms
[2025-05-26T05:06:40.974+0000][71][info ][gc,cpu      ] GC(6) User=0.02s Sys=0.02s Real=0.03s
[2025-05-26T05:06:40.980+0000][71][info ][safepoint   ] Safepoint "G1PauseRemark", Time since last: 41592886 ns, Reaching safepoint: 100756 ns, Cleanup: 15399 ns, At safepoint: 30089353 ns, Total: 30205508 ns
[2025-05-26T05:06:40.985+0000][71][info ][gc,marking  ] GC(6) Concurrent Mark 125.458ms
[2025-05-26T05:06:40.994+0000][71][info ][gc,marking  ] GC(6) Concurrent Rebuild Remembered Sets and Scrub Regions
[2025-05-26T05:06:41.007+0000][71][info ][gc,marking  ] GC(6) Concurrent Rebuild Remembered Sets and Scrub Regions 12.852ms
[2025-05-26T05:06:41.019+0000][71][info ][gc,start    ] GC(6) Pause Cleanup
[2025-05-26T05:06:41.029+0000][71][info ][gc          ] GC(6) Pause Cleanup 52M->52M(3880M) 9.678ms
[2025-05-26T05:06:41.040+0000][71][info ][gc,cpu      ] GC(6) User=0.00s Sys=0.00s Real=0.02s
[2025-05-26T05:06:41.050+0000][71][info ][safepoint   ] Safepoint "G1PauseCleanup", Time since last: 34304428 ns, Reaching safepoint: 4442646 ns, Cleanup: 16636 ns, At safepoint: 31076417 ns, Total: 35535699 ns
[2025-05-26T05:06:41.063+0000][71][info ][gc,marking  ] GC(6) Concurrent Clear Claimed Marks
[2025-05-26T05:06:41.081+0000][71][info ][gc,marking  ] GC(6) Concurrent Clear Claimed Marks 18.413ms
[2025-05-26T05:06:41.111+0000][71][info ][gc,marking  ] GC(6) Concurrent Cleanup for Next Mark
[2025-05-26T05:06:41.136+0000][71][info ][gc,marking  ] GC(6) Concurrent Cleanup for Next Mark 25.466ms
[2025-05-26T05:06:41.164+0000][71][info ][gc          ] GC(6) Concurrent Mark Cycle 408.655ms
[2025-05-26T05:06:42.064+0000][71][info ][safepoint   ] Safepoint "Cleanup", Time since last: 1014135171 ns, Reaching safepoint: 108492 ns, Cleanup: 55347 ns, At safepoint: 33254 ns, Total: 197093 ns
[2025-05-26T05:06:43.085+0000][71][info ][safepoint   ] Safepoint "Cleanup", Time since last: 1020637918 ns, Reaching safepoint: 162911 ns, Cleanup: 173437 ns, At safepoint: 132085 ns, Total: 468433 ns
[2025-05-26T05:06:44.108+0000][71][info ][safepoint   ] Safepoint "Cleanup", Time since last: 1022901910 ns, Reaching safepoint: 136793 ns, Cleanup: 85545 ns, At safepoint: 24050 ns, Total: 246388 ns
[2025-05-26T05:06:45.162+0000][71][info ][safepoint   ] Safepoint "Cleanup", Time since last: 1053719592 ns, Reaching safepoint: 4827 ns, Cleanup: 61456 ns, At safepoint: 7584 ns, Total: 73867 ns
[2025-05-26T05:06:46.179+0000][71][info ][safepoint   ] Safepoint "Cleanup", Time since last: 1016442826 ns, Reaching safepoint: 155872 ns, Cleanup: 88734 ns, At safepoint: 78628 ns, Total: 323234 ns
[2025-05-26T05:06:47.199+0000][71][info ][safepoint   ] Safepoint "Cleanup", Time since last: 1019534019 ns, Reaching safepoint: 120512 ns, Cleanup: 72740 ns, At safepoint: 19556 ns, Total: 212808 ns
[2025-05-26T05:06:48.121+0000][71][info ][gc,start    ] GC(7) Pause Young (Prepare Mixed) (Metadata GC Threshold)
[2025-05-26T05:06:48.129+0000][71][info ][gc,task     ] GC(7) Using 10 workers of 10 for evacuation
[2025-05-26T05:06:48.145+0000][71][debug][gc,age      ] GC(7) Desired survivor size 153092096 bytes, new threshold 15 (max threshold 15)
[2025-05-26T05:06:48.198+0000][71][info ][gc,phases   ] GC(7)   Pre Evacuate Collection Set: 0.43ms
[2025-05-26T05:06:48.219+0000][71][info ][gc,phases   ] GC(7)   Merge Heap Roots: 0.24ms
[2025-05-26T05:06:48.238+0000][71][info ][gc,phases   ] GC(7)   Evacuate Collection Set: 34.54ms
[2025-05-26T05:06:48.251+0000][71][info ][gc,phases   ] GC(7)   Post Evacuate Collection Set: 4.16ms
[2025-05-26T05:06:48.255+0000][71][info ][gc,phases   ] GC(7)   Other: 29.26ms
[2025-05-26T05:06:48.268+0000][71][trace][gc,age      ] GC(7) Age table with threshold 15 (max threshold 15)
[2025-05-26T05:06:48.280+0000][71][trace][gc,age      ] GC(7) - age   1:   11514320 bytes,   11514320 total
[2025-05-26T05:06:48.285+0000][71][trace][gc,age      ] GC(7) - age   2:    8614848 bytes,   20129168 total
[2025-05-26T05:06:48.290+0000][71][trace][gc,age      ] GC(7) - age   3:    2504448 bytes,   22633616 total
[2025-05-26T05:06:48.297+0000][71][trace][gc,age      ] GC(7) - age   4:    4092424 bytes,   26726040 total
[2025-05-26T05:06:48.303+0000][71][trace][gc,age      ] GC(7) - age   5:    4397216 bytes,   31123256 total
[2025-05-26T05:06:48.308+0000][71][info ][gc,heap     ] GC(7) Eden regions: 184->0(148)
[2025-05-26T05:06:48.316+0000][71][info ][gc,heap     ] GC(7) Survivor regions: 6->9(73)
[2025-05-26T05:06:48.322+0000][71][info ][gc,heap     ] GC(7) Old regions: 3->3
[2025-05-26T05:06:48.328+0000][71][info ][gc,heap     ] GC(7) Humongous regions: 0->0
[2025-05-26T05:06:48.335+0000][71][info ][gc,metaspace] GC(7) Metaspace: 61825K(63040K)->61825K(63040K) NonClass: 53893K(54592K)->53893K(54592K) Class: 7932K(8448K)->7932K(8448K)
[2025-05-26T05:06:48.343+0000][71][info ][gc          ] GC(7) Pause Young (Prepare Mixed) (Metadata GC Threshold) 766M->44M(3880M) 222.088ms
[2025-05-26T05:06:48.349+0000][71][info ][gc,cpu      ] GC(7) User=0.23s Sys=0.04s Real=0.23s
[2025-05-26T05:06:48.355+0000][71][info ][safepoint   ] Safepoint "CollectForMetadataAllocation", Time since last: 921756660 ns, Reaching safepoint: 5897 ns, Cleanup: 31749 ns, At safepoint: 234094495 ns, Total: 234132141 ns
[2025-05-26T05:06:48.406+0000][71][info ][gc,start    ] GC(8) Pause Young (Mixed) (Metadata GC Threshold)
[2025-05-26T05:06:48.425+0000][71][info ][gc,task     ] GC(8) Using 10 workers of 10 for evacuation
[2025-05-26T05:06:48.432+0000][71][debug][gc,age      ] GC(8) Desired survivor size 41943040 bytes, new threshold 15 (max threshold 15)
[2025-05-26T05:06:48.465+0000][71][info ][gc,phases   ] GC(8)   Pre Evacuate Collection Set: 0.36ms
[2025-05-26T05:06:48.474+0000][71][info ][gc,phases   ] GC(8)   Merge Heap Roots: 0.17ms
[2025-05-26T05:06:48.488+0000][71][info ][gc,phases   ] GC(8)   Evacuate Collection Set: 20.08ms
[2025-05-26T05:06:48.494+0000][71][info ][gc,phases   ] GC(8)   Post Evacuate Collection Set: 2.24ms
[2025-05-26T05:06:48.499+0000][71][info ][gc,phases   ] GC(8)   Other: 16.92ms
[2025-05-26T05:06:48.509+0000][71][trace][gc,age      ] GC(8) Age table with threshold 15 (max threshold 15)
[2025-05-26T05:06:48.526+0000][71][trace][gc,age      ] GC(8) - age   1:      81512 bytes,      81512 total
[2025-05-26T05:06:48.545+0000][71][trace][gc,age      ] GC(8) - age   2:   11124224 bytes,   11205736 total
[2025-05-26T05:06:48.557+0000][71][trace][gc,age      ] GC(8) - age   3:    8596040 bytes,   19801776 total
[2025-05-26T05:06:48.561+0000][71][trace][gc,age      ] GC(8) - age   4:    2497232 bytes,   22299008 total
[2025-05-26T05:06:48.566+0000][71][trace][gc,age      ] GC(8) - age   5:    4086392 bytes,   26385400 total
[2025-05-26T05:06:48.574+0000][71][trace][gc,age      ] GC(8) - age   6:    4390800 bytes,   30776200 total
[2025-05-26T05:06:48.579+0000][71][info ][gc,heap     ] GC(8) Eden regions: 2->0(74)
[2025-05-26T05:06:48.584+0000][71][info ][gc,heap     ] GC(8) Survivor regions: 9->9(20)
[2025-05-26T05:06:48.589+0000][71][info ][gc,heap     ] GC(8) Old regions: 3->3
[2025-05-26T05:06:48.594+0000][71][info ][gc,heap     ] GC(8) Humongous regions: 0->0
[2025-05-26T05:06:48.596+0000][71][info ][gc,metaspace] GC(8) Metaspace: 62134K(63360K)->62134K(63360K) NonClass: 54159K(54848K)->54159K(54848K) Class: 7974K(8512K)->7974K(8512K)
[2025-05-26T05:06:48.599+0000][71][info ][gc          ] GC(8) Pause Young (Mixed) (Metadata GC Threshold) 50M->43M(3880M) 192.896ms
[2025-05-26T05:06:48.604+0000][71][info ][gc,cpu      ] GC(8) User=0.13s Sys=0.00s Real=0.20s
[2025-05-26T05:06:48.608+0000][71][info ][safepoint   ] Safepoint "CollectForMetadataAllocation", Time since last: 51767292 ns, Reaching safepoint: 5113 ns, Cleanup: 12238 ns, At safepoint: 201391691 ns, Total: 201409042 ns
[2025-05-26T05:06:48.664+0000][71][info ][gc,start    ] GC(9) Pause Young (Concurrent Start) (Metadata GC Threshold)
[2025-05-26T05:06:48.672+0000][71][info ][gc,task     ] GC(9) Using 10 workers of 10 for evacuation
[2025-05-26T05:06:48.693+0000][71][debug][gc,age      ] GC(9) Desired survivor size 23068672 bytes, new threshold 5 (max threshold 15)
[2025-05-26T05:06:48.733+0000][71][info ][gc,phases   ] GC(9)   Pre Evacuate Collection Set: 0.48ms
[2025-05-26T05:06:48.742+0000][71][info ][gc,phases   ] GC(9)   Merge Heap Roots: 0.20ms
[2025-05-26T05:06:48.748+0000][71][info ][gc,phases   ] GC(9)   Evacuate Collection Set: 13.24ms
[2025-05-26T05:06:48.754+0000][71][info ][gc,phases   ] GC(9)   Post Evacuate Collection Set: 1.29ms
[2025-05-26T05:06:48.757+0000][71][info ][gc,phases   ] GC(9)   Other: 46.02ms
[2025-05-26T05:06:48.766+0000][71][trace][gc,age      ] GC(9) Age table with threshold 5 (max threshold 15)
[2025-05-26T05:06:48.772+0000][71][trace][gc,age      ] GC(9) - age   1:      75200 bytes,      75200 total
[2025-05-26T05:06:48.779+0000][71][trace][gc,age      ] GC(9) - age   2:      61848 bytes,     137048 total
[2025-05-26T05:06:48.789+0000][71][trace][gc,age      ] GC(9) - age   3:   11122704 bytes,   11259752 total
[2025-05-26T05:06:48.793+0000][71][trace][gc,age      ] GC(9) - age   4:    8594728 bytes,   19854480 total
[2025-05-26T05:06:48.794+0000][71][trace][gc,age      ] GC(9) - age   5:    2497200 bytes,   22351680 total
[2025-05-26T05:06:48.795+0000][71][info ][gc,heap     ] GC(9) Eden regions: 1->0(321)
[2025-05-26T05:06:48.795+0000][71][info ][gc,heap     ] GC(9) Survivor regions: 9->7(11)
[2025-05-26T05:06:48.796+0000][71][info ][gc,heap     ] GC(9) Old regions: 3->5
[2025-05-26T05:06:48.797+0000][71][info ][gc,heap     ] GC(9) Humongous regions: 0->0
[2025-05-26T05:06:48.800+0000][71][info ][gc,metaspace] GC(9) Metaspace: 62427K(63680K)->62427K(63680K) NonClass: 54418K(55104K)->54418K(55104K) Class: 8008K(8576K)->8008K(8576K)
[2025-05-26T05:06:48.802+0000][71][info ][gc          ] GC(9) Pause Young (Concurrent Start) (Metadata GC Threshold) 46M->43M(3880M) 137.519ms
[2025-05-26T05:06:48.803+0000][71][info ][gc,cpu      ] GC(9) User=0.10s Sys=0.00s Real=0.13s
[2025-05-26T05:06:48.803+0000][71][info ][gc          ] GC(10) Concurrent Mark Cycle
[2025-05-26T05:06:48.803+0000][71][info ][safepoint   ] Safepoint "CollectForMetadataAllocation", Time since last: 56264476 ns, Reaching safepoint: 4827 ns, Cleanup: 3544 ns, At safepoint: 139127845 ns, Total: 139136216 ns
[2025-05-26T05:06:48.804+0000][71][info ][gc,marking  ] GC(10) Concurrent Scan Root Regions
[2025-05-26T05:06:48.810+0000][71][info ][gc,marking  ] GC(10) Concurrent Scan Root Regions 6.438ms
[2025-05-26T05:06:48.812+0000][71][info ][gc,marking  ] GC(10) Concurrent Mark
[2025-05-26T05:06:48.813+0000][71][info ][gc,marking  ] GC(10) Concurrent Mark From Roots
[2025-05-26T05:06:48.815+0000][71][info ][gc,task     ] GC(10) Using 3 workers of 3 for marking
[2025-05-26T05:06:48.821+0000][71][info ][gc,marking  ] GC(10) Concurrent Mark From Roots 7.723ms
[2025-05-26T05:06:48.823+0000][71][info ][gc,marking  ] GC(10) Concurrent Preclean
[2025-05-26T05:06:48.825+0000][71][info ][gc,marking  ] GC(10) Concurrent Preclean 2.069ms
[2025-05-26T05:06:48.826+0000][71][info ][gc,start    ] GC(10) Pause Remark
[2025-05-26T05:06:48.831+0000][71][info ][gc          ] GC(10) Pause Remark 46M->46M(3880M) 5.108ms
[2025-05-26T05:06:48.833+0000][71][info ][gc,cpu      ] GC(10) User=0.00s Sys=0.01s Real=0.00s
[2025-05-26T05:06:48.835+0000][71][info ][safepoint   ] Safepoint "G1PauseRemark", Time since last: 22638915 ns, Reaching safepoint: 5773 ns, Cleanup: 5272 ns, At safepoint: 9334804 ns, Total: 9345849 ns
[2025-05-26T05:06:48.857+0000][71][info ][gc,marking  ] GC(10) Concurrent Mark 45.069ms
[2025-05-26T05:06:48.871+0000][71][info ][gc,marking  ] GC(10) Concurrent Rebuild Remembered Sets and Scrub Regions
[2025-05-26T05:06:48.897+0000][71][info ][gc,marking  ] GC(10) Concurrent Rebuild Remembered Sets and Scrub Regions 25.646ms
[2025-05-26T05:06:48.926+0000][71][info ][gc,start    ] GC(10) Pause Cleanup
[2025-05-26T05:06:48.942+0000][71][info ][gc          ] GC(10) Pause Cleanup 49M->49M(3880M) 15.687ms
[2025-05-26T05:06:48.951+0000][71][info ][gc,cpu      ] GC(10) User=0.00s Sys=0.00s Real=0.02s
[2025-05-26T05:06:48.962+0000][71][info ][safepoint   ] Safepoint "G1PauseCleanup", Time since last: 90691148 ns, Reaching safepoint: 106099 ns, Cleanup: 25367 ns, At safepoint: 36099933 ns, Total: 36231399 ns
[2025-05-26T05:06:48.977+0000][71][info ][gc,marking  ] GC(10) Concurrent Clear Claimed Marks
[2025-05-26T05:06:48.996+0000][71][info ][gc,marking  ] GC(10) Concurrent Clear Claimed Marks 19.015ms
[2025-05-26T05:06:49.024+0000][71][info ][gc,marking  ] GC(10) Concurrent Cleanup for Next Mark
[2025-05-26T05:06:49.052+0000][71][info ][gc,marking  ] GC(10) Concurrent Cleanup for Next Mark 27.798ms
[2025-05-26T05:06:49.070+0000][71][info ][gc          ] GC(10) Concurrent Mark Cycle 267.060ms
[2025-05-26T05:06:50.066+0000][71][info ][safepoint   ] Safepoint "Cleanup", Time since last: 1103635213 ns, Reaching safepoint: 104711 ns, Cleanup: 86479 ns, At safepoint: 46735 ns, Total: 237925 ns
[2025-05-26T05:06:51.082+0000][71][info ][safepoint   ] Safepoint "Cleanup", Time since last: 1015745672 ns, Reaching safepoint: 94691 ns, Cleanup: 29466 ns, At safepoint: 32778 ns, Total: 156935 ns
[2025-05-26T05:06:51.994+0000][71][info ][safepoint   ] Safepoint "ICBufferFull", Time since last: 911362257 ns, Reaching safepoint: 6074 ns, Cleanup: 205213 ns, At safepoint: 21808 ns, Total: 233095 ns
[2025-05-26T05:06:53.378+0000][71][info ][safepoint   ] Safepoint "Cleanup", Time since last: 1383591733 ns, Reaching safepoint: 2503 ns, Cleanup: 48784 ns, At safepoint: 22544 ns, Total: 73831 ns
[2025-05-26T05:06:54.508+0000][71][info ][safepoint   ] Safepoint "Cleanup", Time since last: 1130212951 ns, Reaching safepoint: 4609 ns, Cleanup: 106369 ns, At safepoint: 16874 ns, Total: 127852 ns
[2025-05-26T05:06:55.749+0000][71][info ][safepoint   ] Safepoint "Cleanup", Time since last: 1240630713 ns, Reaching safepoint: 6838 ns, Cleanup: 108720 ns, At safepoint: 10929 ns, Total: 126487 ns
[2025-05-26T05:06:56.763+0000][71][info ][safepoint   ] Safepoint "Cleanup", Time since last: 1013680569 ns, Reaching safepoint: 6998 ns, Cleanup: 21070 ns, At safepoint: 8460 ns, Total: 36528 ns
[2025-05-26T05:06:58.611+0000][71][info ][safepoint   ] Safepoint "Cleanup", Time since last: 1847554347 ns, Reaching safepoint: 475891 ns, Cleanup: 105576 ns, At safepoint: 32269 ns, Total: 613736 ns
[2025-05-26T05:06:59.518+0000][71][info ][gc,start    ] GC(11) Pause Young (Concurrent Start) (Metadata GC Threshold)
[2025-05-26T05:06:59.545+0000][71][info ][gc,task     ] GC(11) Using 10 workers of 10 for evacuation
[2025-05-26T05:06:59.571+0000][71][debug][gc,age      ] GC(11) Desired survivor size 85983232 bytes, new threshold 15 (max threshold 15)
[2025-05-26T05:06:59.650+0000][71][info ][gc,phases   ] GC(11)   Pre Evacuate Collection Set: 0.85ms
[2025-05-26T05:06:59.673+0000][71][info ][gc,phases   ] GC(11)   Merge Heap Roots: 0.24ms
[2025-05-26T05:06:59.696+0000][71][info ][gc,phases   ] GC(11)   Evacuate Collection Set: 48.53ms
[2025-05-26T05:06:59.717+0000][71][info ][gc,phases   ] GC(11)   Post Evacuate Collection Set: 6.62ms
[2025-05-26T05:06:59.736+0000][71][info ][gc,phases   ] GC(11)   Other: 48.72ms
[2025-05-26T05:06:59.762+0000][71][trace][gc,age      ] GC(11) Age table with threshold 15 (max threshold 15)
[2025-05-26T05:06:59.816+0000][71][trace][gc,age      ] GC(11) - age   1:   23332768 bytes,   23332768 total
[2025-05-26T05:06:59.898+0000][71][trace][gc,age      ] GC(11) - age   2:      41152 bytes,   23373920 total
[2025-05-26T05:06:59.958+0000][71][trace][gc,age      ] GC(11) - age   3:      57096 bytes,   23431016 total
[2025-05-26T05:07:00.002+0000][71][trace][gc,age      ] GC(11) - age   4:   10760968 bytes,   34191984 total
[2025-05-26T05:07:00.065+0000][71][trace][gc,age      ] GC(11) - age   5:    8559192 bytes,   42751176 total
[2025-05-26T05:07:00.146+0000][71][trace][gc,age      ] GC(11) - age   6:    2490912 bytes,   45242088 total
[2025-05-26T05:07:00.246+0000][71][info ][gc,heap     ] GC(11) Eden regions: 210->0(218)
[2025-05-26T05:07:00.347+0000][71][info ][gc,heap     ] GC(11) Survivor regions: 7->12(41)
[2025-05-26T05:07:00.398+0000][71][info ][gc,heap     ] GC(11) Old regions: 5->5
[2025-05-26T05:07:00.453+0000][71][info ][gc,heap     ] GC(11) Humongous regions: 0->0
[2025-05-26T05:07:00.485+0000][71][info ][gc,metaspace] GC(11) Metaspace: 103921K(106240K)->103921K(106240K) NonClass: 89934K(91264K)->89934K(91264K) Class: 13986K(14976K)->13986K(14976K)
[2025-05-26T05:07:00.549+0000][71][info ][gc          ] GC(11) Pause Young (Concurrent Start) (Metadata GC Threshold) 883M->66M(3880M) 1030.887ms
[2025-05-26T05:07:00.625+0000][71][info ][gc          ] GC(12) Concurrent Mark Cycle
[2025-05-26T05:07:00.625+0000][71][info ][gc,cpu      ] GC(11) User=0.44s Sys=0.03s Real=1.11s
[2025-05-26T05:07:00.674+0000][71][info ][gc,marking  ] GC(12) Concurrent Scan Root Regions
[2025-05-26T05:07:00.691+0000][71][info ][safepoint   ] Safepoint "CollectForMetadataAllocation", Time since last: 906639000 ns, Reaching safepoint: 89000 ns, Cleanup: 84475 ns, At safepoint: 1173155557 ns, Total: 1173329032 ns
[2025-05-26T05:07:00.746+0000][71][info ][gc,marking  ] GC(12) Concurrent Scan Root Regions 72.711ms
[2025-05-26T05:07:00.804+0000][71][info ][gc,marking  ] GC(12) Concurrent Mark
[2025-05-26T05:07:00.834+0000][71][info ][gc,marking  ] GC(12) Concurrent Mark From Roots
[2025-05-26T05:07:00.851+0000][71][info ][gc,task     ] GC(12) Using 3 workers of 3 for marking
[2025-05-26T05:07:00.842+0000][71][info ][safepoint   ] Safepoint "CollectForMetadataAllocation", Time since last: 150981792 ns, Reaching safepoint: 7741 ns, Cleanup: 16267 ns, At safepoint: 325515 ns, Total: 349523 ns
[2025-05-26T05:07:00.887+0000][71][info ][gc,marking  ] GC(12) Concurrent Mark From Roots 53.633ms
[2025-05-26T05:07:00.937+0000][71][info ][gc,marking  ] GC(12) Concurrent Preclean
[2025-05-26T05:07:00.944+0000][71][info ][safepoint   ] Safepoint "CollectForMetadataAllocation", Time since last: 101505795 ns, Reaching safepoint: 7161 ns, Cleanup: 5586 ns, At safepoint: 337071 ns, Total: 349818 ns
[2025-05-26T05:07:00.953+0000][71][info ][gc,marking  ] GC(12) Concurrent Preclean 16.104ms
[2025-05-26T05:07:00.997+0000][71][info ][gc,start    ] GC(12) Pause Remark
[2025-05-26T05:07:01.018+0000][71][info ][gc          ] GC(12) Pause Remark 76M->76M(3880M) 21.018ms
[2025-05-26T05:07:01.029+0000][71][info ][gc,cpu      ] GC(12) User=0.05s Sys=0.00s Real=0.03s
[2025-05-26T05:07:01.039+0000][71][info ][safepoint   ] Safepoint "G1PauseRemark", Time since last: 52432822 ns, Reaching safepoint: 106367 ns, Cleanup: 14387 ns, At safepoint: 42420373 ns, Total: 42541127 ns
[2025-05-26T05:07:01.050+0000][71][info ][gc,marking  ] GC(12) Concurrent Mark 246.559ms
[2025-05-26T05:07:01.068+0000][71][info ][gc,marking  ] GC(12) Concurrent Rebuild Remembered Sets and Scrub Regions
[2025-05-26T05:07:01.092+0000][71][info ][gc,marking  ] GC(12) Concurrent Rebuild Remembered Sets and Scrub Regions 24.320ms
[2025-05-26T05:07:01.106+0000][71][info ][gc,start    ] GC(12) Pause Cleanup
[2025-05-26T05:07:01.117+0000][71][info ][gc          ] GC(12) Pause Cleanup 84M->84M(3880M) 10.481ms
[2025-05-26T05:07:01.128+0000][71][info ][gc,cpu      ] GC(12) User=0.01s Sys=0.00s Real=0.02s
[2025-05-26T05:07:01.139+0000][71][info ][safepoint   ] Safepoint "G1PauseCleanup", Time since last: 67010832 ns, Reaching safepoint: 271985 ns, Cleanup: 42930 ns, At safepoint: 32370943 ns, Total: 32685858 ns
[2025-05-26T05:07:01.151+0000][71][info ][gc,marking  ] GC(12) Concurrent Clear Claimed Marks
[2025-05-26T05:07:01.164+0000][71][info ][gc,marking  ] GC(12) Concurrent Clear Claimed Marks 13.215ms
[2025-05-26T05:07:01.179+0000][71][info ][gc,marking  ] GC(12) Concurrent Cleanup for Next Mark
[2025-05-26T05:07:01.196+0000][71][info ][gc,marking  ] GC(12) Concurrent Cleanup for Next Mark 16.223ms
[2025-05-26T05:07:01.205+0000][71][info ][gc          ] GC(12) Concurrent Mark Cycle 579.437ms
[2025-05-26T05:07:02.213+0000][71][info ][safepoint   ] Safepoint "Cleanup", Time since last: 1011880007 ns, Reaching safepoint: 62626123 ns, Cleanup: 75784 ns, At safepoint: 60550 ns, Total: 62762457 ns
[2025-05-26T05:07:03.345+0000][71][info ][safepoint   ] Safepoint "Cleanup", Time since last: 1131176319 ns, Reaching safepoint: 5796 ns, Cleanup: 59283 ns, At safepoint: 3406 ns, Total: 68485 ns
[2025-05-26T05:07:04.646+0000][71][info ][safepoint   ] Safepoint "Cleanup", Time since last: 1300572131 ns, Reaching safepoint: 103543 ns, Cleanup: 136628 ns, At safepoint: 64896 ns, Total: 305067 ns
[2025-05-26T05:07:04.942+0000][71][info ][safepoint   ] Safepoint "ICBufferFull", Time since last: 295883412 ns, Reaching safepoint: 11364 ns, Cleanup: 114500 ns, At safepoint: 39903 ns, Total: 165767 ns
[2025-05-26T05:07:05.256+0000][71][info ][safepoint   ] Safepoint "ICBufferFull", Time since last: 314526578 ns, Reaching safepoint: 12004 ns, Cleanup: 97917 ns, At safepoint: 8196 ns, Total: 118117 ns
[2025-05-26T05:07:05.960+0000][71][info ][safepoint   ] Safepoint "ICBufferFull", Time since last: 702774488 ns, Reaching safepoint: 690901 ns, Cleanup: 139966 ns, At safepoint: 38798 ns, Total: 869665 ns
[2025-05-26T05:07:06.969+0000][71][info ][safepoint   ] Safepoint "Cleanup", Time since last: 1008417930 ns, Reaching safepoint: 61925 ns, Cleanup: 128431 ns, At safepoint: 8383 ns, Total: 198739 ns
[2025-05-26T05:07:08.262+0000][71][info ][safepoint   ] Safepoint "Cleanup", Time since last: 1293289865 ns, Reaching safepoint: 5821 ns, Cleanup: 53315 ns, At safepoint: 35151 ns, Total: 94287 ns
[2025-05-26T05:07:09.288+0000][71][info ][safepoint   ] Safepoint "Cleanup", Time since last: 1026419718 ns, Reaching safepoint: 12701 ns, Cleanup: 121628 ns, At safepoint: 10060 ns, Total: 144389 ns
[2025-05-26T05:07:09.795+0000][71][info ][safepoint   ] Safepoint "ICBufferFull", Time since last: 506037700 ns, Reaching safepoint: 11242 ns, Cleanup: 132450 ns, At safepoint: 8855 ns, Total: 152547 ns
[2025-05-26T05:07:10.671+0000][71][info ][safepoint   ] Safepoint "ICBufferFull", Time since last: 875980580 ns, Reaching safepoint: 97609 ns, Cleanup: 78144 ns, At safepoint: 30246 ns, Total: 205999 ns
[2025-05-26T05:07:11.703+0000][71][info ][safepoint   ] Safepoint "Cleanup", Time since last: 1032373018 ns, Reaching safepoint: 13074 ns, Cleanup: 109743 ns, At safepoint: 10497 ns, Total: 133314 ns
[2025-05-26T05:07:13.704+0000][71][info ][safepoint   ] Safepoint "Cleanup", Time since last: 2000612009 ns, Reaching safepoint: 12493 ns, Cleanup: 13550 ns, At safepoint: 8037 ns, Total: 34080 ns
[2025-05-26T05:07:18.707+0000][71][info ][safepoint   ] Safepoint "Cleanup", Time since last: 5002560969 ns, Reaching safepoint: 39682 ns, Cleanup: 31837 ns, At safepoint: 10013 ns, Total: 81532 ns
[2025-05-26T05:07:29.434+0000][71][info ][safepoint   ] Safepoint "Cleanup", Time since last: 10729849812 ns, Reaching safepoint: 21244 ns, Cleanup: 93210 ns, At safepoint: 16058 ns, Total: 130512 ns
[2025-05-26T05:07:31.661+0000][71][info ][safepoint   ] Safepoint "Cleanup", Time since last: 2226670133 ns, Reaching safepoint: 369617 ns, Cleanup: 21765 ns, At safepoint: 31741 ns, Total: 423123 ns
[2025-05-26T05:07:31.935+0000][71][info ][safepoint   ] Safepoint "ICBufferFull", Time since last: 273759528 ns, Reaching safepoint: 9797 ns, Cleanup: 95328 ns, At safepoint: 6592 ns, Total: 111717 ns
[2025-05-26T05:07:32.226+0000][71][info ][safepoint   ] Safepoint "ICBufferFull", Time since last: 291274177 ns, Reaching safepoint: 134140 ns, Cleanup: 106132 ns, At safepoint: 43338 ns, Total: 283610 ns
[2025-05-26T05:07:32.798+0000][71][info ][safepoint   ] Safepoint "ICBufferFull", Time since last: 571016552 ns, Reaching safepoint: 12557 ns, Cleanup: 153765 ns, At safepoint: 28222 ns, Total: 194544 ns
[2025-05-26T05:07:33.803+0000][71][info ][safepoint   ] Safepoint "Cleanup", Time since last: 1005065320 ns, Reaching safepoint: 20641 ns, Cleanup: 112187 ns, At safepoint: 11697 ns, Total: 144525 ns
[2025-05-26T05:07:34.813+0000][71][info ][safepoint   ] Safepoint "Cleanup", Time since last: 1010451785 ns, Reaching safepoint: 21863 ns, Cleanup: 66852 ns, At safepoint: 18736 ns, Total: 107451 ns
[2025-05-26T05:07:37.116+0000][71][info ][safepoint   ] Safepoint "Cleanup", Time since last: 2302704143 ns, Reaching safepoint: 162468 ns, Cleanup: 157287 ns, At safepoint: 124182 ns, Total: 443937 ns
[2025-05-26T05:07:38.131+0000][71][info ][safepoint   ] Safepoint "Cleanup", Time since last: 1014048835 ns, Reaching safepoint: 34113 ns, Cleanup: 56491 ns, At safepoint: 9499 ns, Total: 100103 ns
[2025-05-26T05:07:39.131+0000][71][info ][safepoint   ] Safepoint "Cleanup", Time since last: 1000678536 ns, Reaching safepoint: 20966 ns, Cleanup: 19346 ns, At safepoint: 14298 ns, Total: 54610 ns
[2025-05-26T05:07:40.132+0000][71][info ][safepoint   ] Safepoint "Cleanup", Time since last: 1000587139 ns, Reaching safepoint: 14940 ns, Cleanup: 15946 ns, At safepoint: 8374 ns, Total: 39260 ns
[2025-05-26T05:07:41.133+0000][71][info ][safepoint   ] Safepoint "Cleanup", Time since last: 1000596147 ns, Reaching safepoint: 14531 ns, Cleanup: 19119 ns, At safepoint: 10466 ns, Total: 44116 ns
[2025-05-26T05:07:41.957+0000][71][info ][safepoint   ] Safepoint "ICBufferFull", Time since last: 823853948 ns, Reaching safepoint: 435399 ns, Cleanup: 110198 ns, At safepoint: 124749 ns, Total: 670346 ns
[2025-05-26T05:07:42.143+0000][71][info ][safepoint   ] Safepoint "ICBufferFull", Time since last: 185423317 ns, Reaching safepoint: 18625 ns, Cleanup: 166544 ns, At safepoint: 20058 ns, Total: 205227 ns
[2025-05-26T05:07:42.395+0000][71][info ][safepoint   ] Safepoint "ICBufferFull", Time since last: 250524391 ns, Reaching safepoint: 1045619 ns, Cleanup: 145744 ns, At safepoint: 66914 ns, Total: 1258277 ns
[2025-05-26T05:07:42.671+0000][71][info ][safepoint   ] Safepoint "ICBufferFull", Time since last: 276043223 ns, Reaching safepoint: 22409 ns, Cleanup: 228273 ns, At safepoint: 117342 ns, Total: 368024 ns
[2025-05-26T05:07:43.425+0000][71][info ][safepoint   ] Safepoint "ICBufferFull", Time since last: 753924417 ns, Reaching safepoint: 113855 ns, Cleanup: 144779 ns, At safepoint: 46396 ns, Total: 305030 ns
[2025-05-26T05:07:44.272+0000][71][info ][safepoint   ] Safepoint "ICBufferFull", Time since last: 846828397 ns, Reaching safepoint: 14153 ns, Cleanup: 122603 ns, At safepoint: 8110 ns, Total: 144866 ns
[2025-05-26T05:07:45.322+0000][71][info ][safepoint   ] Safepoint "ICBufferFull", Time since last: 1050074932 ns, Reaching safepoint: 124546 ns, Cleanup: 114618 ns, At safepoint: 44906 ns, Total: 284070 ns
[2025-05-26T05:07:45.717+0000][71][info ][safepoint   ] Safepoint "ICBufferFull", Time since last: 375253855 ns, Reaching safepoint: 19094439 ns, Cleanup: 194407 ns, At safepoint: 197579 ns, Total: 19486425 ns
[2025-05-26T05:07:46.099+0000][71][info ][safepoint   ] Safepoint "ICBufferFull", Time since last: 381698319 ns, Reaching safepoint: 19685 ns, Cleanup: 114666 ns, At safepoint: 37952 ns, Total: 172303 ns
[2025-05-26T05:07:47.106+0000][71][info ][safepoint   ] Safepoint "ICBufferFull", Time since last: 1006944679 ns, Reaching safepoint: 13863 ns, Cleanup: 122827 ns, At safepoint: 17459 ns, Total: 154149 ns
[2025-05-26T05:07:47.691+0000][71][info ][safepoint   ] Safepoint "ICBufferFull", Time since last: 583894324 ns, Reaching safepoint: 364252 ns, Cleanup: 150431 ns, At safepoint: 94585 ns, Total: 609268 ns
[2025-05-26T05:07:47.912+0000][71][info ][gc,start    ] GC(13) Pause Young (Normal) (G1 Evacuation Pause)
[2025-05-26T05:07:47.912+0000][71][info ][gc,task     ] GC(13) Using 10 workers of 10 for evacuation
[2025-05-26T05:07:47.913+0000][71][debug][gc,age      ] GC(13) Desired survivor size 60817408 bytes, new threshold 15 (max threshold 15)
[2025-05-26T05:07:48.053+0000][71][info ][gc,phases   ] GC(13)   Pre Evacuate Collection Set: 1.07ms
[2025-05-26T05:07:48.054+0000][71][info ][gc,phases   ] GC(13)   Merge Heap Roots: 0.62ms
[2025-05-26T05:07:48.056+0000][71][info ][gc,phases   ] GC(13)   Evacuate Collection Set: 134.08ms
[2025-05-26T05:07:48.057+0000][71][info ][gc,phases   ] GC(13)   Post Evacuate Collection Set: 4.37ms
[2025-05-26T05:07:48.059+0000][71][info ][gc,phases   ] GC(13)   Other: 0.96ms
[2025-05-26T05:07:48.060+0000][71][trace][gc,age      ] GC(13) Age table with threshold 15 (max threshold 15)
[2025-05-26T05:07:48.061+0000][71][trace][gc,age      ] GC(13) - age   1:   43414688 bytes,   43414688 total
[2025-05-26T05:07:48.061+0000][71][trace][gc,age      ] GC(13) - age   2:   22254784 bytes,   65669472 total
[2025-05-26T05:07:48.062+0000][71][trace][gc,age      ] GC(13) - age   3:      40960 bytes,   65710432 total
[2025-05-26T05:07:48.063+0000][71][trace][gc,age      ] GC(13) - age   4:      57064 bytes,   65767496 total
[2025-05-26T05:07:48.064+0000][71][trace][gc,age      ] GC(13) - age   5:   10734400 bytes,   76501896 total
[2025-05-26T05:07:48.065+0000][71][trace][gc,age      ] GC(13) - age   6:    8557176 bytes,   85059072 total
[2025-05-26T05:07:48.066+0000][71][trace][gc,age      ] GC(13) - age   7:    2488880 bytes,   87547952 total
[2025-05-26T05:07:48.066+0000][71][info ][gc,heap     ] GC(13) Eden regions: 214->0(163)
[2025-05-26T05:07:48.066+0000][71][info ][gc,heap     ] GC(13) Survivor regions: 12->25(29)
[2025-05-26T05:07:48.067+0000][71][info ][gc,heap     ] GC(13) Old regions: 5->5
[2025-05-26T05:07:48.067+0000][71][info ][gc,heap     ] GC(13) Humongous regions: 0->0
[2025-05-26T05:07:48.067+0000][71][info ][gc,metaspace] GC(13) Metaspace: 137209K(140992K)->137209K(140992K) NonClass: 117975K(120000K)->117975K(120000K) Class: 19233K(20992K)->19233K(20992K)
[2025-05-26T05:07:48.067+0000][71][info ][gc          ] GC(13) Pause Young (Normal) (G1 Evacuation Pause) 922M->115M(3880M) 155.820ms
[2025-05-26T05:07:48.068+0000][71][info ][gc,cpu      ] GC(13) User=1.29s Sys=0.00s Real=0.15s
[2025-05-26T05:07:48.068+0000][71][info ][safepoint   ] Safepoint "G1CollectForAllocation", Time since last: 220773053 ns, Reaching safepoint: 24593 ns, Cleanup: 60166 ns, At safepoint: 156562649 ns, Total: 156647408 ns
[2025-05-26T05:07:48.968+0000][71][info ][safepoint   ] Safepoint "ICBufferFull", Time since last: 900142445 ns, Reaching safepoint: 20301 ns, Cleanup: 146651 ns, At safepoint: 15063 ns, Total: 182015 ns
[2025-05-26T05:07:49.625+0000][71][info ][safepoint   ] Safepoint "ICBufferFull", Time since last: 655648844 ns, Reaching safepoint: 173983 ns, Cleanup: 185153 ns, At safepoint: 156853 ns, Total: 515989 ns
[2025-05-26T05:07:50.727+0000][71][info ][safepoint   ] Safepoint "ICBufferFull", Time since last: 1102234718 ns, Reaching safepoint: 25818 ns, Cleanup: 125648 ns, At safepoint: 20413 ns, Total: 171879 ns
[2025-05-26T05:07:51.277+0000][71][info ][safepoint   ] Safepoint "ICBufferFull", Time since last: 549522058 ns, Reaching safepoint: 135966 ns, Cleanup: 150021 ns, At safepoint: 72940 ns, Total: 358927 ns
[2025-05-26T05:07:51.382+0000][71][info ][safepoint   ] Safepoint "ICBufferFull", Time since last: 104401978 ns, Reaching safepoint: 205256 ns, Cleanup: 121858 ns, At safepoint: 359887 ns, Total: 687001 ns
[2025-05-26T05:07:51.864+0000][71][info ][safepoint   ] Safepoint "ICBufferFull", Time since last: 482073271 ns, Reaching safepoint: 19427 ns, Cleanup: 162032 ns, At safepoint: 29258 ns, Total: 210717 ns
[2025-05-26T05:07:52.865+0000][71][info ][safepoint   ] Safepoint "Cleanup", Time since last: 1000800604 ns, Reaching safepoint: 11353 ns, Cleanup: 123997 ns, At safepoint: 22893 ns, Total: 158243 ns
[2025-05-26T05:07:54.340+0000][71][info ][safepoint   ] Safepoint "Cleanup", Time since last: 1478903582 ns, Reaching safepoint: 18409 ns, Cleanup: 111068 ns, At safepoint: 34591 ns, Total: 164068 ns
[2025-05-26T05:07:55.342+0000][71][info ][safepoint   ] Safepoint "Cleanup", Time since last: 1001107355 ns, Reaching safepoint: 17932 ns, Cleanup: 71623 ns, At safepoint: 23558 ns, Total: 113113 ns
[2025-05-26T05:07:56.343+0000][71][info ][safepoint   ] Safepoint "Cleanup", Time since last: 1000907817 ns, Reaching safepoint: 103807 ns, Cleanup: 49645 ns, At safepoint: 33663 ns, Total: 187115 ns
[2025-05-26T05:07:57.162+0000][71][info ][safepoint   ] Safepoint "ICBufferFull", Time since last: 818809136 ns, Reaching safepoint: 16631 ns, Cleanup: 117913 ns, At safepoint: 38209 ns, Total: 172753 ns
[2025-05-26T05:07:58.904+0000][71][info ][safepoint   ] Safepoint "Cleanup", Time since last: 1742353464 ns, Reaching safepoint: 23751 ns, Cleanup: 81992 ns, At safepoint: 13434 ns, Total: 119177 ns
[2025-05-26T05:07:59.905+0000][71][info ][safepoint   ] Safepoint "Cleanup", Time since last: 1000581736 ns, Reaching safepoint: 31685 ns, Cleanup: 76218 ns, At safepoint: 16407 ns, Total: 124310 ns
[2025-05-26T05:08:00.906+0000][71][info ][safepoint   ] Safepoint "Cleanup", Time since last: 1000822850 ns, Reaching safepoint: 162216 ns, Cleanup: 69963 ns, At safepoint: 75010 ns, Total: 307189 ns
[2025-05-26T05:08:02.022+0000][71][info ][safepoint   ] Safepoint "Cleanup", Time since last: 1115520413 ns, Reaching safepoint: 26504 ns, Cleanup: 55884 ns, At safepoint: 13467 ns, Total: 95855 ns
[2025-05-26T05:08:03.023+0000][71][info ][safepoint   ] Safepoint "Cleanup", Time since last: 1001349738 ns, Reaching safepoint: 30243 ns, Cleanup: 21713 ns, At safepoint: 16945 ns, Total: 68901 ns
[2025-05-26T05:08:04.024+0000][71][info ][safepoint   ] Safepoint "Cleanup", Time since last: 1000566576 ns, Reaching safepoint: 24161 ns, Cleanup: 27934 ns, At safepoint: 9291 ns, Total: 61386 ns
[2025-05-26T05:08:05.025+0000][71][info ][safepoint   ] Safepoint "Cleanup", Time since last: 1000763231 ns, Reaching safepoint: 24367 ns, Cleanup: 35948 ns, At safepoint: 9549 ns, Total: 69864 ns
[2025-05-26T05:08:06.027+0000][71][info ][safepoint   ] Safepoint "Cleanup", Time since last: 1002360507 ns, Reaching safepoint: 27874 ns, Cleanup: 19144 ns, At safepoint: 70695 ns, Total: 117713 ns
[2025-05-26T05:08:07.028+0000][71][info ][safepoint   ] Safepoint "Cleanup", Time since last: 1000633836 ns, Reaching safepoint: 112441 ns, Cleanup: 38665 ns, At safepoint: 51039 ns, Total: 202145 ns
[2025-05-26T05:08:09.029+0000][71][info ][safepoint   ] Safepoint "Cleanup", Time since last: 2000898858 ns, Reaching safepoint: 189166 ns, Cleanup: 29658 ns, At safepoint: 12542 ns, Total: 231366 ns
[2025-05-26T05:08:10.030+0000][71][info ][safepoint   ] Safepoint "Cleanup", Time since last: 1000561771 ns, Reaching safepoint: 33203 ns, Cleanup: 23084 ns, At safepoint: 9473 ns, Total: 65760 ns
[2025-05-26T05:08:11.875+0000][71][info ][gc,start    ] GC(14) Pause Young (Concurrent Start) (CodeCache GC Threshold)
[2025-05-26T05:08:11.878+0000][71][info ][gc,task     ] GC(14) Using 10 workers of 10 for evacuation
[2025-05-26T05:08:11.882+0000][71][debug][gc,age      ] GC(14) Desired survivor size 48234496 bytes, new threshold 2 (max threshold 15)
[2025-05-26T05:08:12.113+0000][71][info ][gc,mmu      ] GC(14) MMU target violated: 201.0ms (200.0ms/201.0ms)
[2025-05-26T05:08:12.120+0000][71][info ][gc,phases   ] GC(14)   Pre Evacuate Collection Set: 0.59ms
[2025-05-26T05:08:12.124+0000][71][info ][gc,phases   ] GC(14)   Merge Heap Roots: 0.16ms
[2025-05-26T05:08:12.126+0000][71][info ][gc,phases   ] GC(14)   Evacuate Collection Set: 221.16ms
[2025-05-26T05:08:12.130+0000][71][info ][gc,phases   ] GC(14)   Post Evacuate Collection Set: 4.03ms
[2025-05-26T05:08:12.131+0000][71][info ][gc,phases   ] GC(14)   Other: 15.53ms
[2025-05-26T05:08:12.131+0000][71][trace][gc,age      ] GC(14) Age table with threshold 2 (max threshold 15)
[2025-05-26T05:08:12.132+0000][71][trace][gc,age      ] GC(14) - age   1:    7139936 bytes,    7139936 total
[2025-05-26T05:08:12.133+0000][71][trace][gc,age      ] GC(14) - age   2:   41032024 bytes,   48171960 total
[2025-05-26T05:08:12.134+0000][71][info ][gc,heap     ] GC(14) Eden regions: 107->0(134)
[2025-05-26T05:08:12.135+0000][71][info ][gc,heap     ] GC(14) Survivor regions: 25->14(23)
[2025-05-26T05:08:12.135+0000][71][info ][gc,heap     ] GC(14) Old regions: 5->16
[2025-05-26T05:08:12.135+0000][71][info ][gc,heap     ] GC(14) Humongous regions: 0->0
[2025-05-26T05:08:12.136+0000][71][info ][gc,metaspace] GC(14) Metaspace: 141195K(145152K)->141195K(145152K) NonClass: 121590K(123712K)->121590K(123712K) Class: 19605K(21440K)->19605K(21440K)
[2025-05-26T05:08:12.136+0000][71][info ][gc          ] GC(14) Pause Young (Concurrent Start) (CodeCache GC Threshold) 543M->117M(3880M) 261.219ms
[2025-05-26T05:08:12.137+0000][71][info ][gc          ] GC(15) Concurrent Mark Cycle
[2025-05-26T05:08:12.137+0000][71][info ][gc,cpu      ] GC(14) User=0.63s Sys=0.24s Real=0.26s
[2025-05-26T05:08:12.137+0000][71][info ][gc,marking  ] GC(15) Concurrent Scan Root Regions
[2025-05-26T05:08:12.138+0000][71][info ][safepoint   ] Safepoint "G1TryInitiateConcMark", Time since last: 1845224919 ns, Reaching safepoint: 18872 ns, Cleanup: 22230 ns, At safepoint: 262809292 ns, Total: 262850394 ns
[2025-05-26T05:08:12.162+0000][71][info ][gc,marking  ] GC(15) Concurrent Scan Root Regions 25.046ms
[2025-05-26T05:08:12.166+0000][71][info ][gc,marking  ] GC(15) Concurrent Mark
[2025-05-26T05:08:12.166+0000][71][info ][gc,marking  ] GC(15) Concurrent Mark From Roots
[2025-05-26T05:08:12.168+0000][71][info ][gc,task     ] GC(15) Using 3 workers of 3 for marking
[2025-05-26T05:08:12.187+0000][71][info ][gc,marking  ] GC(15) Concurrent Mark From Roots 20.537ms
[2025-05-26T05:08:12.190+0000][71][info ][gc,marking  ] GC(15) Concurrent Preclean
[2025-05-26T05:08:12.191+0000][71][info ][gc,marking  ] GC(15) Concurrent Preclean 0.765ms
[2025-05-26T05:08:12.193+0000][71][info ][gc,start    ] GC(15) Pause Remark
[2025-05-26T05:08:12.211+0000][71][info ][gc          ] GC(15) Pause Remark 124M->124M(3880M) 17.252ms
[2025-05-26T05:08:12.212+0000][71][info ][gc,cpu      ] GC(15) User=0.07s Sys=0.03s Real=0.02s
[2025-05-26T05:08:12.215+0000][71][info ][safepoint   ] Safepoint "G1PauseRemark", Time since last: 55665747 ns, Reaching safepoint: 27613 ns, Cleanup: 27161 ns, At safepoint: 21194663 ns, Total: 21249437 ns
[2025-05-26T05:08:12.217+0000][71][info ][gc,marking  ] GC(15) Concurrent Mark 51.051ms
[2025-05-26T05:08:12.219+0000][71][info ][gc,marking  ] GC(15) Concurrent Rebuild Remembered Sets and Scrub Regions
[2025-05-26T05:08:12.235+0000][71][info ][gc,marking  ] GC(15) Concurrent Rebuild Remembered Sets and Scrub Regions 16.078ms
[2025-05-26T05:08:12.237+0000][71][info ][gc,start    ] GC(15) Pause Cleanup
[2025-05-26T05:08:12.237+0000][71][info ][gc          ] GC(15) Pause Cleanup 125M->125M(3880M) 0.536ms
[2025-05-26T05:08:12.238+0000][71][info ][gc,cpu      ] GC(15) User=0.00s Sys=0.00s Real=0.01s
[2025-05-26T05:08:12.238+0000][71][info ][safepoint   ] Safepoint "G1PauseCleanup", Time since last: 22149388 ns, Reaching safepoint: 16523 ns, Cleanup: 40834 ns, At safepoint: 1158669 ns, Total: 1216026 ns
[2025-05-26T05:08:12.238+0000][71][info ][gc,marking  ] GC(15) Concurrent Clear Claimed Marks
[2025-05-26T05:08:12.239+0000][71][info ][gc,marking  ] GC(15) Concurrent Clear Claimed Marks 0.651ms
[2025-05-26T05:08:12.239+0000][71][info ][gc,marking  ] GC(15) Concurrent Cleanup for Next Mark
[2025-05-26T05:08:12.304+0000][71][info ][gc,marking  ] GC(15) Concurrent Cleanup for Next Mark 64.917ms
[2025-05-26T05:08:12.307+0000][71][info ][gc          ] GC(15) Concurrent Mark Cycle 170.208ms
[2025-05-26T05:08:13.238+0000][71][info ][safepoint   ] Safepoint "Cleanup", Time since last: 1000410366 ns, Reaching safepoint: 33902 ns, Cleanup: 15479 ns, At safepoint: 9159 ns, Total: 58540 ns
[2025-05-26T05:08:15.239+0000][71][info ][safepoint   ] Safepoint "Cleanup", Time since last: 2000863143 ns, Reaching safepoint: 19566 ns, Cleanup: 25058 ns, At safepoint: 8766 ns, Total: 53390 ns
[2025-05-26T05:08:16.240+0000][71][info ][safepoint   ] Safepoint "Cleanup", Time since last: 1000704459 ns, Reaching safepoint: 19571 ns, Cleanup: 18978 ns, At safepoint: 8061 ns, Total: 46610 ns
[2025-05-26T05:08:17.241+0000][71][info ][safepoint   ] Safepoint "Cleanup", Time since last: 1000762418 ns, Reaching safepoint: 23105 ns, Cleanup: 26387 ns, At safepoint: 11073 ns, Total: 60565 ns
[2025-05-26T05:08:18.243+0000][71][info ][safepoint   ] Safepoint "Cleanup", Time since last: 1002170153 ns, Reaching safepoint: 31423 ns, Cleanup: 36560 ns, At safepoint: 16826 ns, Total: 84809 ns
[2025-05-26T05:08:19.659+0000][71][info ][safepoint   ] Safepoint "Cleanup", Time since last: 1415710688 ns, Reaching safepoint: 9021 ns, Cleanup: 12772 ns, At safepoint: 15094 ns, Total: 36887 ns
[2025-05-26T05:08:20.661+0000][71][info ][safepoint   ] Safepoint "Cleanup", Time since last: 1001468494 ns, Reaching safepoint: 33286 ns, Cleanup: 89834 ns, At safepoint: 71141 ns, Total: 194261 ns
[2025-05-26T05:08:21.661+0000][71][info ][safepoint   ] Safepoint "Cleanup", Time since last: 1000637212 ns, Reaching safepoint: 27164 ns, Cleanup: 21826 ns, At safepoint: 11350 ns, Total: 60340 ns
[2025-05-26T05:08:23.156+0000][71][info ][safepoint   ] Safepoint "Cleanup", Time since last: 1496522352 ns, Reaching safepoint: 27931 ns, Cleanup: 84089 ns, At safepoint: 14169 ns, Total: 126189 ns
[2025-05-26T05:08:24.157+0000][71][info ][safepoint   ] Safepoint "Cleanup", Time since last: 1000737853 ns, Reaching safepoint: 34392 ns, Cleanup: 35258 ns, At safepoint: 16418 ns, Total: 86068 ns
[2025-05-26T05:08:25.158+0000][71][info ][safepoint   ] Safepoint "Cleanup", Time since last: 1000624773 ns, Reaching safepoint: 18353 ns, Cleanup: 14979 ns, At safepoint: 8063 ns, Total: 41395 ns
[2025-05-26T05:08:27.159+0000][71][info ][safepoint   ] Safepoint "Cleanup", Time since last: 2000865855 ns, Reaching safepoint: 28899 ns, Cleanup: 19050 ns, At safepoint: 14176 ns, Total: 62125 ns
[2025-05-26T05:08:30.160+0000][71][info ][safepoint   ] Safepoint "Cleanup", Time since last: 3001012744 ns, Reaching safepoint: 29816 ns, Cleanup: 35360 ns, At safepoint: 15313 ns, Total: 80489 ns
[2025-05-26T05:08:32.161+0000][71][info ][safepoint   ] Safepoint "Cleanup", Time since last: 2000844436 ns, Reaching safepoint: 33166 ns, Cleanup: 31997 ns, At safepoint: 16804 ns, Total: 81967 ns
[2025-05-26T05:08:33.161+0000][71][info ][safepoint   ] Safepoint "Cleanup", Time since last: 1000669557 ns, Reaching safepoint: 24485 ns, Cleanup: 23225 ns, At safepoint: 9453 ns, Total: 57163 ns
[2025-05-26T05:08:34.997+0000][71][info ][safepoint   ] Safepoint "Cleanup", Time since last: 1835810003 ns, Reaching safepoint: 36054 ns, Cleanup: 89564 ns, At safepoint: 18828 ns, Total: 144446 ns
[2025-05-26T05:08:37.073+0000][71][info ][safepoint   ] Safepoint "Cleanup", Time since last: 2075267872 ns, Reaching safepoint: 25246 ns, Cleanup: 44872 ns, At safepoint: 11735 ns, Total: 81853 ns
[2025-05-26T05:08:38.074+0000][71][info ][safepoint   ] Safepoint "Cleanup", Time since last: 1001643479 ns, Reaching safepoint: 28740 ns, Cleanup: 16387 ns, At safepoint: 14674 ns, Total: 59801 ns
[2025-05-26T05:08:40.075+0000][71][info ][safepoint   ] Safepoint "Cleanup", Time since last: 2000771585 ns, Reaching safepoint: 51643 ns, Cleanup: 33099 ns, At safepoint: 10296 ns, Total: 95038 ns
[2025-05-26T05:08:42.076+0000][71][info ][safepoint   ] Safepoint "Cleanup", Time since last: 2001177778 ns, Reaching safepoint: 22889 ns, Cleanup: 43495 ns, At safepoint: 10087 ns, Total: 76471 ns
[2025-05-26T05:08:43.077+0000][71][info ][safepoint   ] Safepoint "Cleanup", Time since last: 1000510454 ns, Reaching safepoint: 15432 ns, Cleanup: 29846 ns, At safepoint: 7235 ns, Total: 52513 ns
[2025-05-26T05:08:45.078+0000][71][info ][safepoint   ] Safepoint "Cleanup", Time since last: 2000900241 ns, Reaching safepoint: 29861 ns, Cleanup: 17123 ns, At safepoint: 16104 ns, Total: 63088 ns
[2025-05-26T05:08:46.079+0000][71][info ][safepoint   ] Safepoint "Cleanup", Time since last: 1000627329 ns, Reaching safepoint: 28742 ns, Cleanup: 34848 ns, At safepoint: 14377 ns, Total: 77967 ns
[2025-05-26T05:08:47.079+0000][71][info ][safepoint   ] Safepoint "Cleanup", Time since last: 1000641144 ns, Reaching safepoint: 16719 ns, Cleanup: 19908 ns, At safepoint: 11514 ns, Total: 48141 ns
[2025-05-26T05:08:48.120+0000][71][info ][safepoint   ] Safepoint "Cleanup", Time since last: 1040198457 ns, Reaching safepoint: 11489 ns, Cleanup: 33994 ns, At safepoint: 38036 ns, Total: 83519 ns
[2025-05-26T05:08:49.427+0000][71][info ][safepoint   ] Safepoint "Cleanup", Time since last: 1307250741 ns, Reaching safepoint: 13286 ns, Cleanup: 113877 ns, At safepoint: 73559 ns, Total: 200722 ns
[2025-05-26T05:08:50.433+0000][71][info ][safepoint   ] Safepoint "Cleanup", Time since last: 1005553527 ns, Reaching safepoint: 17401 ns, Cleanup: 15176 ns, At safepoint: 7452 ns, Total: 40029 ns
[2025-05-26T05:08:51.433+0000][71][info ][safepoint   ] Safepoint "Cleanup", Time since last: 1000524584 ns, Reaching safepoint: 16170 ns, Cleanup: 17708 ns, At safepoint: 6870 ns, Total: 40748 ns
[2025-05-26T05:08:52.434+0000][71][info ][safepoint   ] Safepoint "Cleanup", Time since last: 1000743152 ns, Reaching safepoint: 26457 ns, Cleanup: 28652 ns, At safepoint: 10100 ns, Total: 65209 ns
[2025-05-26T05:08:54.432+0000][71][info ][safepoint   ] Safepoint "Cleanup", Time since last: 2001126265 ns, Reaching safepoint: 79952 ns, Cleanup: 28469 ns, At safepoint: 8635 ns, Total: 117056 ns
[2025-05-26T05:08:56.433+0000][71][info ][safepoint   ] Safepoint "Cleanup", Time since last: 2000765979 ns, Reaching safepoint: 71152 ns, Cleanup: 20688 ns, At safepoint: 13706 ns, Total: 105546 ns
[2025-05-26T05:08:57.446+0000][71][info ][safepoint   ] Safepoint "Cleanup", Time since last: 1012805254 ns, Reaching safepoint: 40229 ns, Cleanup: 35950 ns, At safepoint: 8664 ns, Total: 84843 ns
[2025-05-26T05:08:58.447+0000][71][info ][safepoint   ] Safepoint "Cleanup", Time since last: 1000705050 ns, Reaching safepoint: 21747 ns, Cleanup: 15063 ns, At safepoint: 9317 ns, Total: 46127 ns
[2025-05-26T05:08:59.450+0000][71][info ][safepoint   ] Safepoint "Cleanup", Time since last: 1003654734 ns, Reaching safepoint: 61761 ns, Cleanup: 14406 ns, At safepoint: 8032 ns, Total: 84199 ns
[2025-05-26T05:09:00.467+0000][71][info ][safepoint   ] Safepoint "Cleanup", Time since last: 1016788143 ns, Reaching safepoint: 15654 ns, Cleanup: 16654 ns, At safepoint: 6772 ns, Total: 39080 ns
[2025-05-26T05:09:02.468+0000][71][info ][safepoint   ] Safepoint "Cleanup", Time since last: 2000895226 ns, Reaching safepoint: 33877 ns, Cleanup: 22961 ns, At safepoint: 7685 ns, Total: 64523 ns
[2025-05-26T05:09:03.469+0000][71][info ][safepoint   ] Safepoint "Cleanup", Time since last: 1000602074 ns, Reaching safepoint: 15436 ns, Cleanup: 13789 ns, At safepoint: 7799 ns, Total: 37024 ns
[2025-05-26T05:09:04.470+0000][71][info ][safepoint   ] Safepoint "Cleanup", Time since last: 1000649029 ns, Reaching safepoint: 103228 ns, Cleanup: 15080 ns, At safepoint: 8301 ns, Total: 126609 ns
[2025-05-26T05:09:06.471+0000][71][info ][safepoint   ] Safepoint "Cleanup", Time since last: 2001145887 ns, Reaching safepoint: 38368 ns, Cleanup: 23001 ns, At safepoint: 17769 ns, Total: 79138 ns
[2025-05-26T05:09:07.474+0000][71][info ][safepoint   ] Safepoint "Cleanup", Time since last: 1003384924 ns, Reaching safepoint: 18115 ns, Cleanup: 17321 ns, At safepoint: 7467 ns, Total: 42903 ns
[2025-05-26T05:09:08.475+0000][71][info ][safepoint   ] Safepoint "Cleanup", Time since last: 1000533484 ns, Reaching safepoint: 73817 ns, Cleanup: 14235 ns, At safepoint: 8893 ns, Total: 96945 ns
[2025-05-26T05:09:09.476+0000][71][info ][safepoint   ] Safepoint "Cleanup", Time since last: 1000725464 ns, Reaching safepoint: 16736 ns, Cleanup: 13309 ns, At safepoint: 7557 ns, Total: 37602 ns
[2025-05-26T05:09:10.476+0000][71][info ][safepoint   ] Safepoint "Cleanup", Time since last: 1000597069 ns, Reaching safepoint: 57421 ns, Cleanup: 17479 ns, At safepoint: 11359 ns, Total: 86259 ns
[2025-05-26T05:09:11.477+0000][71][info ][safepoint   ] Safepoint "Cleanup", Time since last: 1000638284 ns, Reaching safepoint: 25015 ns, Cleanup: 17271 ns, At safepoint: 11142 ns, Total: 53428 ns
[2025-05-26T05:09:12.478+0000][71][info ][safepoint   ] Safepoint "Cleanup", Time since last: 1000791865 ns, Reaching safepoint: 28326 ns, Cleanup: 39886 ns, At safepoint: 11728 ns, Total: 79940 ns
[2025-05-26T05:09:14.480+0000][71][info ][safepoint   ] Safepoint "Cleanup", Time since last: 2001670745 ns, Reaching safepoint: 22457 ns, Cleanup: 14348 ns, At safepoint: 8482 ns, Total: 45287 ns
[2025-05-26T05:09:15.484+0000][71][info ][safepoint   ] Safepoint "Cleanup", Time since last: 1004207863 ns, Reaching safepoint: 26109 ns, Cleanup: 17458 ns, At safepoint: 9569 ns, Total: 53136 ns
[2025-05-26T05:09:17.485+0000][71][info ][safepoint   ] Safepoint "Cleanup", Time since last: 2000883892 ns, Reaching safepoint: 23845 ns, Cleanup: 27786 ns, At safepoint: 9793 ns, Total: 61424 ns
[2025-05-26T05:09:18.485+0000][71][info ][safepoint   ] Safepoint "Cleanup", Time since last: 1000558748 ns, Reaching safepoint: 24581 ns, Cleanup: 22566 ns, At safepoint: 14110 ns, Total: 61257 ns
[2025-05-26T05:09:20.687+0000][71][info ][safepoint   ] Safepoint "Cleanup", Time since last: 2201653863 ns, Reaching safepoint: 18833 ns, Cleanup: 35697 ns, At safepoint: 8080 ns, Total: 62610 ns
[2025-05-26T05:09:21.690+0000][71][info ][safepoint   ] Safepoint "Cleanup", Time since last: 1002398636 ns, Reaching safepoint: 29563 ns, Cleanup: 76760 ns, At safepoint: 18488 ns, Total: 124811 ns
[2025-05-26T05:09:22.690+0000][71][info ][safepoint   ] Safepoint "Cleanup", Time since last: 1000674213 ns, Reaching safepoint: 20522 ns, Cleanup: 23266 ns, At safepoint: 8779 ns, Total: 52567 ns
[2025-05-26T05:09:24.692+0000][71][info ][safepoint   ] Safepoint "Cleanup", Time since last: 2004862612 ns, Reaching safepoint: 18386 ns, Cleanup: 15647 ns, At safepoint: 7259 ns, Total: 41292 ns
[2025-05-26T05:09:27.693+0000][71][info ][safepoint   ] Safepoint "Cleanup", Time since last: 3000870237 ns, Reaching safepoint: 16141 ns, Cleanup: 18887 ns, At safepoint: 7641 ns, Total: 42669 ns
[2025-05-26T05:09:29.694+0000][71][info ][safepoint   ] Safepoint "Cleanup", Time since last: 2000703962 ns, Reaching safepoint: 22649 ns, Cleanup: 19500 ns, At safepoint: 9515 ns, Total: 51664 ns
[2025-05-26T05:09:30.696+0000][71][info ][safepoint   ] Safepoint "Cleanup", Time since last: 1001918854 ns, Reaching safepoint: 18641 ns, Cleanup: 20968 ns, At safepoint: 7661 ns, Total: 47270 ns
[2025-05-26T05:09:32.696+0000][71][info ][safepoint   ] Safepoint "Cleanup", Time since last: 2000787726 ns, Reaching safepoint: 19767 ns, Cleanup: 25759 ns, At safepoint: 8834 ns, Total: 54360 ns
[2025-05-26T05:09:33.697+0000][71][info ][safepoint   ] Safepoint "Cleanup", Time since last: 1000604857 ns, Reaching safepoint: 17695 ns, Cleanup: 12672 ns, At safepoint: 8096 ns, Total: 38463 ns
[2025-05-26T05:09:34.698+0000][71][info ][safepoint   ] Safepoint "Cleanup", Time since last: 1000599884 ns, Reaching safepoint: 18971 ns, Cleanup: 16447 ns, At safepoint: 8676 ns, Total: 44094 ns
[2025-05-26T05:09:36.699+0000][71][info ][safepoint   ] Safepoint "Cleanup", Time since last: 2000766268 ns, Reaching safepoint: 31374 ns, Cleanup: 17266 ns, At safepoint: 16748 ns, Total: 65388 ns
[2025-05-26T05:09:37.699+0000][71][info ][safepoint   ] Safepoint "Cleanup", Time since last: 1000834201 ns, Reaching safepoint: 18315 ns, Cleanup: 14332 ns, At safepoint: 7675 ns, Total: 40322 ns
[2025-05-26T05:09:39.727+0000][71][info ][safepoint   ] Safepoint "Cleanup", Time since last: 2027906889 ns, Reaching safepoint: 32927 ns, Cleanup: 21801 ns, At safepoint: 17366 ns, Total: 72094 ns
[2025-05-26T05:09:41.766+0000][71][info ][safepoint   ] Safepoint "Cleanup", Time since last: 2038677276 ns, Reaching safepoint: 42825 ns, Cleanup: 29438 ns, At safepoint: 7167 ns, Total: 79430 ns
[2025-05-26T05:09:42.767+0000][71][info ][safepoint   ] Safepoint "Cleanup", Time since last: 1001230181 ns, Reaching safepoint: 40234 ns, Cleanup: 29070 ns, At safepoint: 9528 ns, Total: 78832 ns
[2025-05-26T05:09:43.768+0000][71][info ][safepoint   ] Safepoint "Cleanup", Time since last: 1000745116 ns, Reaching safepoint: 24356 ns, Cleanup: 33279 ns, At safepoint: 9151 ns, Total: 66786 ns
[2025-05-26T05:09:44.769+0000][71][info ][safepoint   ] Safepoint "Cleanup", Time since last: 1000985978 ns, Reaching safepoint: 76980 ns, Cleanup: 17709 ns, At safepoint: 44561 ns, Total: 139250 ns
[2025-05-26T05:09:45.771+0000][71][info ][safepoint   ] Safepoint "Cleanup", Time since last: 1000876019 ns, Reaching safepoint: 30198 ns, Cleanup: 187302 ns, At safepoint: 35720 ns, Total: 253220 ns
[2025-05-26T05:09:48.772+0000][71][info ][safepoint   ] Safepoint "Cleanup", Time since last: 3001151447 ns, Reaching safepoint: 25403 ns, Cleanup: 19235 ns, At safepoint: 10469 ns, Total: 55107 ns
[2025-05-26T05:09:51.111+0000][71][info ][safepoint   ] Safepoint "Cleanup", Time since last: 2338862629 ns, Reaching safepoint: 16096 ns, Cleanup: 35571 ns, At safepoint: 44629 ns, Total: 96296 ns
[2025-05-26T05:09:52.459+0000][71][info ][safepoint   ] Safepoint "Cleanup", Time since last: 1348527318 ns, Reaching safepoint: 23729 ns, Cleanup: 58414 ns, At safepoint: 10405 ns, Total: 92548 ns
[2025-05-26T05:09:54.458+0000][71][info ][safepoint   ] Safepoint "Cleanup", Time since last: 2001653137 ns, Reaching safepoint: 19093 ns, Cleanup: 19237 ns, At safepoint: 9004 ns, Total: 47334 ns
[2025-05-26T05:09:57.460+0000][71][info ][safepoint   ] Safepoint "Cleanup", Time since last: 3002052720 ns, Reaching safepoint: 21891 ns, Cleanup: 16950 ns, At safepoint: 9511 ns, Total: 48352 ns
[2025-05-26T05:09:59.463+0000][71][info ][safepoint   ] Safepoint "Cleanup", Time since last: 2002703570 ns, Reaching safepoint: 23338 ns, Cleanup: 16278 ns, At safepoint: 10436 ns, Total: 50052 ns
[2025-05-26T05:10:00.464+0000][71][info ][safepoint   ] Safepoint "Cleanup", Time since last: 1000657692 ns, Reaching safepoint: 55367 ns, Cleanup: 14255 ns, At safepoint: 8097 ns, Total: 77719 ns
[2025-05-26T05:10:02.465+0000][71][info ][safepoint   ] Safepoint "Cleanup", Time since last: 2000964776 ns, Reaching safepoint: 21938 ns, Cleanup: 16449 ns, At safepoint: 8881 ns, Total: 47268 ns
[2025-05-26T05:10:03.466+0000][71][info ][safepoint   ] Safepoint "Cleanup", Time since last: 1000899462 ns, Reaching safepoint: 17597 ns, Cleanup: 16273 ns, At safepoint: 7969 ns, Total: 41839 ns
[2025-05-26T05:10:05.467+0000][71][info ][safepoint   ] Safepoint "Cleanup", Time since last: 2000831828 ns, Reaching safepoint: 28915 ns, Cleanup: 18744 ns, At safepoint: 14711 ns, Total: 62370 ns
[2025-05-26T05:10:06.467+0000][71][info ][safepoint   ] Safepoint "Cleanup", Time since last: 1000738682 ns, Reaching safepoint: 23269 ns, Cleanup: 15140 ns, At safepoint: 9540 ns, Total: 47949 ns
[2025-05-26T05:10:07.472+0000][71][info ][safepoint   ] Safepoint "Cleanup", Time since last: 1004031875 ns, Reaching safepoint: 32453 ns, Cleanup: 26854 ns, At safepoint: 17199 ns, Total: 76506 ns
[2025-05-26T05:10:09.472+0000][71][info ][safepoint   ] Safepoint "Cleanup", Time since last: 2000705933 ns, Reaching safepoint: 19605 ns, Cleanup: 21039 ns, At safepoint: 8621 ns, Total: 49265 ns
[2025-05-26T05:10:12.473+0000][71][info ][safepoint   ] Safepoint "Cleanup", Time since last: 3000895768 ns, Reaching safepoint: 65851 ns, Cleanup: 36031 ns, At safepoint: 10830 ns, Total: 112712 ns
[2025-05-26T05:10:13.480+0000][71][info ][safepoint   ] Safepoint "Cleanup", Time since last: 1006393894 ns, Reaching safepoint: 28961 ns, Cleanup: 16811 ns, At safepoint: 14743 ns, Total: 60515 ns
[2025-05-26T05:10:14.481+0000][71][info ][safepoint   ] Safepoint "Cleanup", Time since last: 1000728238 ns, Reaching safepoint: 28119 ns, Cleanup: 29621 ns, At safepoint: 13954 ns, Total: 71694 ns
[2025-05-26T05:10:15.481+0000][71][info ][safepoint   ] Safepoint "Cleanup", Time since last: 1000783333 ns, Reaching safepoint: 27532 ns, Cleanup: 34391 ns, At safepoint: 15200 ns, Total: 77123 ns
[2025-05-26T05:10:17.482+0000][71][info ][safepoint   ] Safepoint "Cleanup", Time since last: 2000733110 ns, Reaching safepoint: 18602 ns, Cleanup: 18195 ns, At safepoint: 7517 ns, Total: 44314 ns
[2025-05-26T05:10:18.483+0000][71][info ][safepoint   ] Safepoint "Cleanup", Time since last: 1000622203 ns, Reaching safepoint: 16789 ns, Cleanup: 14977 ns, At safepoint: 7962 ns, Total: 39728 ns
[2025-05-26T05:10:20.717+0000][71][info ][safepoint   ] Safepoint "Cleanup", Time since last: 2234090782 ns, Reaching safepoint: 31716 ns, Cleanup: 21692 ns, At safepoint: 14608 ns, Total: 68016 ns
[2025-05-26T05:10:21.718+0000][71][info ][safepoint   ] Safepoint "Cleanup", Time since last: 1000661798 ns, Reaching safepoint: 27277 ns, Cleanup: 21620 ns, At safepoint: 15375 ns, Total: 64272 ns
[2025-05-26T05:10:22.720+0000][71][info ][safepoint   ] Safepoint "Cleanup", Time since last: 1002425023 ns, Reaching safepoint: 19469 ns, Cleanup: 20158 ns, At safepoint: 8268 ns, Total: 47895 ns
[2025-05-26T05:10:23.718+0000][71][info ][safepoint   ] Safepoint "Cleanup", Time since last: 1000601021 ns, Reaching safepoint: 15694 ns, Cleanup: 13612 ns, At safepoint: 6577 ns, Total: 35883 ns
[2025-05-26T05:10:24.719+0000][71][info ][safepoint   ] Safepoint "Cleanup", Time since last: 1000633263 ns, Reaching safepoint: 22841 ns, Cleanup: 13712 ns, At safepoint: 9649 ns, Total: 46202 ns
[2025-05-26T05:10:27.720+0000][71][info ][safepoint   ] Safepoint "Cleanup", Time since last: 3000816858 ns, Reaching safepoint: 41331 ns, Cleanup: 18491 ns, At safepoint: 7689 ns, Total: 67511 ns
[2025-05-26T05:10:30.721+0000][71][info ][safepoint   ] Safepoint "Cleanup", Time since last: 3001511588 ns, Reaching safepoint: 33466 ns, Cleanup: 32009 ns, At safepoint: 17570 ns, Total: 83045 ns
[2025-05-26T05:10:32.722+0000][71][info ][safepoint   ] Safepoint "Cleanup", Time since last: 2000831065 ns, Reaching safepoint: 18244 ns, Cleanup: 16484 ns, At safepoint: 7885 ns, Total: 42613 ns
[2025-05-26T05:10:33.724+0000][71][info ][safepoint   ] Safepoint "Cleanup", Time since last: 1001991325 ns, Reaching safepoint: 29296 ns, Cleanup: 28688 ns, At safepoint: 14502 ns, Total: 72486 ns
[2025-05-26T05:10:34.725+0000][71][info ][safepoint   ] Safepoint "Cleanup", Time since last: 1000590152 ns, Reaching safepoint: 18236 ns, Cleanup: 20278 ns, At safepoint: 8379 ns, Total: 46893 ns
[2025-05-26T05:10:36.726+0000][71][info ][safepoint   ] Safepoint "Cleanup", Time since last: 2000805802 ns, Reaching safepoint: 17520 ns, Cleanup: 18585 ns, At safepoint: 8270 ns, Total: 44375 ns
[2025-05-26T05:10:37.727+0000][71][info ][safepoint   ] Safepoint "Cleanup", Time since last: 1000953848 ns, Reaching safepoint: 16737 ns, Cleanup: 15319 ns, At safepoint: 7190 ns, Total: 39246 ns
[2025-05-26T05:10:38.728+0000][71][info ][safepoint   ] Safepoint "Cleanup", Time since last: 1000820936 ns, Reaching safepoint: 18839 ns, Cleanup: 14889 ns, At safepoint: 8994 ns, Total: 42722 ns
[2025-05-26T05:10:39.728+0000][71][info ][safepoint   ] Safepoint "Cleanup", Time since last: 1000816489 ns, Reaching safepoint: 20489 ns, Cleanup: 16119 ns, At safepoint: 8708 ns, Total: 45316 ns
[2025-05-26T05:10:41.730+0000][71][info ][safepoint   ] Safepoint "Cleanup", Time since last: 2000985257 ns, Reaching safepoint: 148358 ns, Cleanup: 18215 ns, At safepoint: 92536 ns, Total: 259109 ns
[2025-05-26T05:10:42.730+0000][71][info ][safepoint   ] Safepoint "Cleanup", Time since last: 1000646423 ns, Reaching safepoint: 51164 ns, Cleanup: 33729 ns, At safepoint: 7332 ns, Total: 92225 ns
[2025-05-26T05:10:44.731+0000][71][info ][safepoint   ] Safepoint "Cleanup", Time since last: 2000706363 ns, Reaching safepoint: 25007 ns, Cleanup: 17029 ns, At safepoint: 10424 ns, Total: 52460 ns
[2025-05-26T05:10:45.732+0000][71][info ][safepoint   ] Safepoint "Cleanup", Time since last: 1000676212 ns, Reaching safepoint: 128955 ns, Cleanup: 21675 ns, At safepoint: 20286 ns, Total: 170916 ns
[2025-05-26T05:10:47.733+0000][71][info ][safepoint   ] Safepoint "Cleanup", Time since last: 2001146725 ns, Reaching safepoint: 32428 ns, Cleanup: 21435 ns, At safepoint: 15698 ns, Total: 69561 ns
[2025-05-26T05:10:50.734+0000][71][info ][safepoint   ] Safepoint "Cleanup", Time since last: 3000927116 ns, Reaching safepoint: 17347 ns, Cleanup: 15350 ns, At safepoint: 7351 ns, Total: 40048 ns
[2025-05-26T05:10:51.735+0000][71][info ][safepoint   ] Safepoint "Cleanup", Time since last: 1000655482 ns, Reaching safepoint: 159741 ns, Cleanup: 24774 ns, At safepoint: 105126 ns, Total: 289641 ns
[2025-05-26T05:10:52.736+0000][71][info ][safepoint   ] Safepoint "Cleanup", Time since last: 1000706903 ns, Reaching safepoint: 110634 ns, Cleanup: 32839 ns, At safepoint: 113192 ns, Total: 256665 ns
[2025-05-26T05:10:54.126+0000][71][info ][safepoint   ] Safepoint "Cleanup", Time since last: 1392565181 ns, Reaching safepoint: 12167 ns, Cleanup: 23212 ns, At safepoint: 30150 ns, Total: 65529 ns
[2025-05-26T05:10:55.508+0000][71][info ][safepoint   ] Safepoint "Cleanup", Time since last: 1382038338 ns, Reaching safepoint: 17171 ns, Cleanup: 34037 ns, At safepoint: 7890 ns, Total: 59098 ns
[2025-05-26T05:10:57.509+0000][71][info ][safepoint   ] Safepoint "Cleanup", Time since last: 2000868091 ns, Reaching safepoint: 43554 ns, Cleanup: 83688 ns, At safepoint: 11691 ns, Total: 138933 ns
[2025-05-26T05:10:58.510+0000][71][info ][safepoint   ] Safepoint "Cleanup", Time since last: 1000790919 ns, Reaching safepoint: 28725 ns, Cleanup: 19720 ns, At safepoint: 14024 ns, Total: 62469 ns
[2025-05-26T05:11:01.511+0000][71][info ][safepoint   ] Safepoint "Cleanup", Time since last: 3000853586 ns, Reaching safepoint: 16060 ns, Cleanup: 14327 ns, At safepoint: 7348 ns, Total: 37735 ns
[2025-05-26T05:11:02.512+0000][71][info ][safepoint   ] Safepoint "Cleanup", Time since last: 1000652979 ns, Reaching safepoint: 23457 ns, Cleanup: 16209 ns, At safepoint: 8345 ns, Total: 48011 ns
[2025-05-26T05:11:03.513+0000][71][info ][safepoint   ] Safepoint "Cleanup", Time since last: 1001181135 ns, Reaching safepoint: 29437 ns, Cleanup: 25750 ns, At safepoint: 15020 ns, Total: 70207 ns
[2025-05-26T05:11:06.514+0000][71][info ][safepoint   ] Safepoint "Cleanup", Time since last: 3001025591 ns, Reaching safepoint: 31980 ns, Cleanup: 22771 ns, At safepoint: 18819 ns, Total: 73570 ns
[2025-05-26T05:11:09.515+0000][71][info ][safepoint   ] Safepoint "Cleanup", Time since last: 3001151450 ns, Reaching safepoint: 18950 ns, Cleanup: 15959 ns, At safepoint: 9591 ns, Total: 44500 ns
[2025-05-26T05:11:11.516+0000][71][info ][safepoint   ] Safepoint "Cleanup", Time since last: 2000812438 ns, Reaching safepoint: 32629 ns, Cleanup: 22634 ns, At safepoint: 18040 ns, Total: 73303 ns
[2025-05-26T05:11:12.519+0000][71][info ][safepoint   ] Safepoint "Cleanup", Time since last: 1002617091 ns, Reaching safepoint: 19878 ns, Cleanup: 26522 ns, At safepoint: 9260 ns, Total: 55660 ns
[2025-05-26T05:11:17.745+0000][71][info ][safepoint   ] Safepoint "Cleanup", Time since last: 5226562667 ns, Reaching safepoint: 30893 ns, Cleanup: 17720 ns, At safepoint: 16898 ns, Total: 65511 ns
[2025-05-26T05:11:21.749+0000][71][info ][safepoint   ] Safepoint "Cleanup", Time since last: 4003210511 ns, Reaching safepoint: 17729 ns, Cleanup: 19612 ns, At safepoint: 8592 ns, Total: 45933 ns
[2025-05-26T05:11:27.747+0000][71][info ][safepoint   ] Safepoint "Cleanup", Time since last: 6001482056 ns, Reaching safepoint: 30336 ns, Cleanup: 26126 ns, At safepoint: 15561 ns, Total: 72023 ns
[2025-05-26T05:11:29.749+0000][71][info ][safepoint   ] Safepoint "Cleanup", Time since last: 2001508292 ns, Reaching safepoint: 64106 ns, Cleanup: 22756 ns, At safepoint: 9759 ns, Total: 96621 ns
[2025-05-26T05:11:30.750+0000][71][info ][safepoint   ] Safepoint "Cleanup", Time since last: 1000612369 ns, Reaching safepoint: 22567 ns, Cleanup: 18108 ns, At safepoint: 24344 ns, Total: 65019 ns
[2025-05-26T05:11:31.751+0000][71][info ][safepoint   ] Safepoint "Cleanup", Time since last: 1000876573 ns, Reaching safepoint: 30489 ns, Cleanup: 23455 ns, At safepoint: 15570 ns, Total: 69514 ns
[2025-05-26T05:11:32.751+0000][71][info ][safepoint   ] Safepoint "Cleanup", Time since last: 1000745029 ns, Reaching safepoint: 34360 ns, Cleanup: 20720 ns, At safepoint: 18931 ns, Total: 74011 ns
[2025-05-26T05:11:33.753+0000][71][info ][safepoint   ] Safepoint "Cleanup", Time since last: 1001748689 ns, Reaching safepoint: 29747 ns, Cleanup: 22002 ns, At safepoint: 15801 ns, Total: 67550 ns
[2025-05-26T05:11:34.754+0000][71][info ][safepoint   ] Safepoint "Cleanup", Time since last: 1000659613 ns, Reaching safepoint: 28184 ns, Cleanup: 19916 ns, At safepoint: 16195 ns, Total: 64295 ns
[2025-05-26T05:11:36.755+0000][71][info ][safepoint   ] Safepoint "Cleanup", Time since last: 2001099276 ns, Reaching safepoint: 81156 ns, Cleanup: 22479 ns, At safepoint: 20058 ns, Total: 123693 ns
[2025-05-26T05:11:37.757+0000][71][info ][safepoint   ] Safepoint "Cleanup", Time since last: 1002123148 ns, Reaching safepoint: 26762 ns, Cleanup: 23879 ns, At safepoint: 10781 ns, Total: 61422 ns
[2025-05-26T05:11:39.758+0000][71][info ][safepoint   ] Safepoint "Cleanup", Time since last: 2000696230 ns, Reaching safepoint: 28530 ns, Cleanup: 19436 ns, At safepoint: 14594 ns, Total: 62560 ns
[2025-05-26T05:11:41.759+0000][71][info ][safepoint   ] Safepoint "Cleanup", Time since last: 2000819189 ns, Reaching safepoint: 32496 ns, Cleanup: 41343 ns, At safepoint: 18008 ns, Total: 91847 ns
[2025-05-26T05:11:42.760+0000][71][info ][safepoint   ] Safepoint "Cleanup", Time since last: 1000620533 ns, Reaching safepoint: 23736 ns, Cleanup: 17864 ns, At safepoint: 9564 ns, Total: 51164 ns
[2025-05-26T05:11:43.761+0000][71][info ][safepoint   ] Safepoint "Cleanup", Time since last: 1000846972 ns, Reaching safepoint: 73517 ns, Cleanup: 23722 ns, At safepoint: 18522 ns, Total: 115761 ns
[2025-05-26T05:11:44.762+0000][71][info ][safepoint   ] Safepoint "Cleanup", Time since last: 1001008767 ns, Reaching safepoint: 27402 ns, Cleanup: 18104 ns, At safepoint: 14555 ns, Total: 60061 ns
[2025-05-26T05:11:45.763+0000][71][info ][safepoint   ] Safepoint "Cleanup", Time since last: 1000724505 ns, Reaching safepoint: 130592 ns, Cleanup: 20963 ns, At safepoint: 34324 ns, Total: 185879 ns
[2025-05-26T05:11:47.764+0000][71][info ][safepoint   ] Safepoint "Cleanup", Time since last: 2000972056 ns, Reaching safepoint: 33000 ns, Cleanup: 22836 ns, At safepoint: 19287 ns, Total: 75123 ns
[2025-05-26T05:11:48.764+0000][71][info ][safepoint   ] Safepoint "Cleanup", Time since last: 1000662635 ns, Reaching safepoint: 22255 ns, Cleanup: 21379 ns, At safepoint: 9473 ns, Total: 53107 ns
[2025-05-26T05:11:49.765+0000][71][info ][safepoint   ] Safepoint "Cleanup", Time since last: 1000601823 ns, Reaching safepoint: 16297 ns, Cleanup: 19408 ns, At safepoint: 7893 ns, Total: 43598 ns
[2025-05-26T05:11:51.769+0000][71][info ][safepoint   ] Safepoint "Cleanup", Time since last: 2003570263 ns, Reaching safepoint: 64890 ns, Cleanup: 73974 ns, At safepoint: 26875 ns, Total: 165739 ns
[2025-05-26T05:11:52.770+0000][71][info ][safepoint   ] Safepoint "Cleanup", Time since last: 1000893988 ns, Reaching safepoint: 23392 ns, Cleanup: 23968 ns, At safepoint: 9832 ns, Total: 57192 ns
[2025-05-26T05:11:53.768+0000][71][info ][safepoint   ] Safepoint "Cleanup", Time since last: 1000580091 ns, Reaching safepoint: 25223 ns, Cleanup: 16677 ns, At safepoint: 11196 ns, Total: 53096 ns
[2025-05-26T05:11:54.769+0000][71][info ][safepoint   ] Safepoint "Cleanup", Time since last: 1000620989 ns, Reaching safepoint: 22603 ns, Cleanup: 17720 ns, At safepoint: 8929 ns, Total: 49252 ns
[2025-05-26T05:11:57.221+0000][71][info ][safepoint   ] Safepoint "Cleanup", Time since last: 2452469341 ns, Reaching safepoint: 110526 ns, Cleanup: 27350 ns, At safepoint: 48834 ns, Total: 186710 ns
[2025-05-26T05:11:58.544+0000][71][info ][safepoint   ] Safepoint "Cleanup", Time since last: 1322727838 ns, Reaching safepoint: 30806 ns, Cleanup: 50475 ns, At safepoint: 17191 ns, Total: 98472 ns
[2025-05-26T05:12:00.545+0000][71][info ][safepoint   ] Safepoint "Cleanup", Time since last: 2000743142 ns, Reaching safepoint: 62312 ns, Cleanup: 23794 ns, At safepoint: 9431 ns, Total: 95537 ns
[2025-05-26T05:12:02.548+0000][71][info ][safepoint   ] Safepoint "Cleanup", Time since last: 2003295900 ns, Reaching safepoint: 22832 ns, Cleanup: 16982 ns, At safepoint: 9619 ns, Total: 49433 ns
[2025-05-26T05:12:04.553+0000][71][info ][safepoint   ] Safepoint "Cleanup", Time since last: 2004343743 ns, Reaching safepoint: 21029 ns, Cleanup: 69118 ns, At safepoint: 15780 ns, Total: 105927 ns
[2025-05-26T05:12:07.553+0000][71][info ][safepoint   ] Safepoint "Cleanup", Time since last: 3000809024 ns, Reaching safepoint: 20237 ns, Cleanup: 18092 ns, At safepoint: 8337 ns, Total: 46666 ns
[2025-05-26T05:12:12.563+0000][71][info ][safepoint   ] Safepoint "Cleanup", Time since last: 5009069225 ns, Reaching safepoint: 27950 ns, Cleanup: 21713 ns, At safepoint: 9044 ns, Total: 58707 ns
[2025-05-26T05:12:15.564+0000][71][info ][safepoint   ] Safepoint "Cleanup", Time since last: 3001094401 ns, Reaching safepoint: 67279 ns, Cleanup: 17024 ns, At safepoint: 14689 ns, Total: 98992 ns
[2025-05-26T05:12:18.565+0000][71][info ][safepoint   ] Safepoint "Cleanup", Time since last: 3000990691 ns, Reaching safepoint: 33330 ns, Cleanup: 17823 ns, At safepoint: 14964 ns, Total: 66117 ns
[2025-05-26T05:12:21.779+0000][71][info ][safepoint   ] Safepoint "Cleanup", Time since last: 3214349549 ns, Reaching safepoint: 20366 ns, Cleanup: 15868 ns, At safepoint: 8040 ns, Total: 44274 ns
[2025-05-26T05:12:22.780+0000][71][info ][safepoint   ] Safepoint "Cleanup", Time since last: 1000868578 ns, Reaching safepoint: 32328 ns, Cleanup: 113755 ns, At safepoint: 22464 ns, Total: 168547 ns
[2025-05-26T05:12:24.778+0000][71][info ][safepoint   ] Safepoint "Cleanup", Time since last: 2000809869 ns, Reaching safepoint: 17388 ns, Cleanup: 17508 ns, At safepoint: 7797 ns, Total: 42693 ns
[2025-05-26T05:12:30.780+0000][71][info ][safepoint   ] Safepoint "Cleanup", Time since last: 6001509676 ns, Reaching safepoint: 69505 ns, Cleanup: 22049 ns, At safepoint: 31570 ns, Total: 123124 ns
[2025-05-26T05:12:31.781+0000][71][info ][safepoint   ] Safepoint "Cleanup", Time since last: 1000797077 ns, Reaching safepoint: 31651 ns, Cleanup: 18842 ns, At safepoint: 14754 ns, Total: 65247 ns
[2025-05-26T05:12:35.649+0000][71][info ][safepoint   ] Safepoint "Cleanup", Time since last: 3866775451 ns, Reaching safepoint: 716103 ns, Cleanup: 121458 ns, At safepoint: 638388 ns, Total: 1475949 ns
[2025-05-26T05:12:35.799+0000][71][info ][safepoint   ] Safepoint "ICBufferFull", Time since last: 145959779 ns, Reaching safepoint: 258433 ns, Cleanup: 179920 ns, At safepoint: 3333084 ns, Total: 3771437 ns
[2025-05-26T05:12:35.832+0000][71][info ][safepoint   ] Safepoint "ICBufferFull", Time since last: 24205362 ns, Reaching safepoint: 794913 ns, Cleanup: 70178 ns, At safepoint: 7780517 ns, Total: 8645608 ns
[2025-05-26T05:12:35.849+0000][71][info ][safepoint   ] Safepoint "ICBufferFull", Time since last: 15766334 ns, Reaching safepoint: 951418 ns, Cleanup: 34910 ns, At safepoint: 543807 ns, Total: 1530135 ns
[2025-05-26T05:12:35.853+0000][71][info ][safepoint   ] Safepoint "ICBufferFull", Time since last: 1823985 ns, Reaching safepoint: 2116998 ns, Cleanup: 21455 ns, At safepoint: 205954 ns, Total: 2344407 ns
[2025-05-26T05:12:35.865+0000][71][info ][safepoint   ] Safepoint "ICBufferFull", Time since last: 11557081 ns, Reaching safepoint: 155037 ns, Cleanup: 21334 ns, At safepoint: 102427 ns, Total: 278798 ns
[2025-05-26T05:12:37.299+0000][71][info ][safepoint   ] Safepoint "Cleanup", Time since last: 1433777403 ns, Reaching safepoint: 25415 ns, Cleanup: 124141 ns, At safepoint: 22237 ns, Total: 171793 ns
[2025-05-26T05:12:39.319+0000][71][info ][safepoint   ] Safepoint "Cleanup", Time since last: 2020034764 ns, Reaching safepoint: 26511 ns, Cleanup: 23387 ns, At safepoint: 10124 ns, Total: 60022 ns
[2025-05-26T05:12:42.320+0000][71][info ][safepoint   ] Safepoint "Cleanup", Time since last: 3000889433 ns, Reaching safepoint: 62311 ns, Cleanup: 44047 ns, At safepoint: 18338 ns, Total: 124696 ns
[2025-05-26T05:12:44.321+0000][71][info ][safepoint   ] Safepoint "Cleanup", Time since last: 2000790794 ns, Reaching safepoint: 44387 ns, Cleanup: 17658 ns, At safepoint: 11687 ns, Total: 73732 ns
[2025-05-26T05:12:47.323+0000][71][info ][safepoint   ] Safepoint "Cleanup", Time since last: 3001113567 ns, Reaching safepoint: 576449 ns, Cleanup: 29887 ns, At safepoint: 28979 ns, Total: 635315 ns
[2025-05-26T05:12:48.564+0000][71][info ][safepoint   ] Safepoint "Cleanup", Time since last: 1241743921 ns, Reaching safepoint: 30671 ns, Cleanup: 56784 ns, At safepoint: 68177 ns, Total: 155632 ns
[2025-05-26T05:12:49.576+0000][71][info ][safepoint   ] Safepoint "Cleanup", Time since last: 1011753239 ns, Reaching safepoint: 30591 ns, Cleanup: 15948 ns, At safepoint: 16128 ns, Total: 62667 ns
[2025-05-26T05:12:51.196+0000][71][info ][safepoint   ] Safepoint "Cleanup", Time since last: 1619619643 ns, Reaching safepoint: 6388 ns, Cleanup: 14630 ns, At safepoint: 11642 ns, Total: 32660 ns
[2025-05-26T05:12:52.619+0000][71][info ][safepoint   ] Safepoint "Cleanup", Time since last: 1422638090 ns, Reaching safepoint: 25362 ns, Cleanup: 27427 ns, At safepoint: 9823 ns, Total: 62612 ns
[2025-05-26T05:12:53.640+0000][71][info ][safepoint   ] Safepoint "Cleanup", Time since last: 1024444060 ns, Reaching safepoint: 33623 ns, Cleanup: 18808 ns, At safepoint: 15744 ns, Total: 68175 ns
[2025-05-26T05:12:54.641+0000][71][info ][safepoint   ] Safepoint "Cleanup", Time since last: 1000610228 ns, Reaching safepoint: 31802 ns, Cleanup: 26130 ns, At safepoint: 16415 ns, Total: 74347 ns
[2025-05-26T05:12:57.642+0000][71][info ][safepoint   ] Safepoint "Cleanup", Time since last: 3000925424 ns, Reaching safepoint: 96385 ns, Cleanup: 21073 ns, At safepoint: 10402 ns, Total: 127860 ns
[2025-05-26T05:12:58.643+0000][71][info ][safepoint   ] Safepoint "Cleanup", Time since last: 1000910823 ns, Reaching safepoint: 99557 ns, Cleanup: 24415 ns, At safepoint: 11948 ns, Total: 135920 ns
[2025-05-26T05:13:00.238+0000][71][info ][safepoint   ] Safepoint "Cleanup", Time since last: 1594796490 ns, Reaching safepoint: 19510 ns, Cleanup: 14825 ns, At safepoint: 22838 ns, Total: 57173 ns
[2025-05-26T05:13:01.699+0000][71][info ][safepoint   ] Safepoint "Cleanup", Time since last: 1461410735 ns, Reaching safepoint: 343471 ns, Cleanup: 35868 ns, At safepoint: 28554 ns, Total: 407893 ns
[2025-05-26T05:13:02.700+0000][71][info ][safepoint   ] Safepoint "Cleanup", Time since last: 1000953777 ns, Reaching safepoint: 18097 ns, Cleanup: 27699 ns, At safepoint: 7259 ns, Total: 53055 ns
[2025-05-26T05:13:03.702+0000][71][info ][safepoint   ] Safepoint "Cleanup", Time since last: 1001351429 ns, Reaching safepoint: 31375 ns, Cleanup: 31057 ns, At safepoint: 14969 ns, Total: 77401 ns
[2025-05-26T05:13:04.703+0000][71][info ][safepoint   ] Safepoint "Cleanup", Time since last: 1000753755 ns, Reaching safepoint: 31478 ns, Cleanup: 15486 ns, At safepoint: 14982 ns, Total: 61946 ns
[2025-05-26T05:13:05.703+0000][71][info ][safepoint   ] Safepoint "Cleanup", Time since last: 1000655585 ns, Reaching safepoint: 33567 ns, Cleanup: 17314 ns, At safepoint: 17160 ns, Total: 68041 ns
[2025-05-26T05:13:06.704+0000][71][info ][safepoint   ] Safepoint "Cleanup", Time since last: 1000699478 ns, Reaching safepoint: 33814 ns, Cleanup: 24877 ns, At safepoint: 10249 ns, Total: 68940 ns
[2025-05-26T05:13:07.705+0000][71][info ][safepoint   ] Safepoint "Cleanup", Time since last: 1000865888 ns, Reaching safepoint: 40430 ns, Cleanup: 19649 ns, At safepoint: 17690 ns, Total: 77769 ns
[2025-05-26T05:13:09.706+0000][71][info ][safepoint   ] Safepoint "Cleanup", Time since last: 2000901455 ns, Reaching safepoint: 31553 ns, Cleanup: 16084 ns, At safepoint: 15610 ns, Total: 63247 ns
[2025-05-26T05:13:11.707+0000][71][info ][safepoint   ] Safepoint "Cleanup", Time since last: 2000727785 ns, Reaching safepoint: 182719 ns, Cleanup: 15788 ns, At safepoint: 86379 ns, Total: 284886 ns
[2025-05-26T05:13:12.708+0000][71][info ][safepoint   ] Safepoint "Cleanup", Time since last: 1000622960 ns, Reaching safepoint: 97091 ns, Cleanup: 19430 ns, At safepoint: 8655 ns, Total: 125176 ns
[2025-05-26T05:13:15.709+0000][71][info ][safepoint   ] Safepoint "Cleanup", Time since last: 3000949924 ns, Reaching safepoint: 113921 ns, Cleanup: 16202 ns, At safepoint: 16160 ns, Total: 146283 ns
[2025-05-26T05:13:17.712+0000][71][info ][safepoint   ] Safepoint "Cleanup", Time since last: 2002751687 ns, Reaching safepoint: 32907 ns, Cleanup: 19728 ns, At safepoint: 18106 ns, Total: 70741 ns
[2025-05-26T05:13:20.812+0000][71][info ][safepoint   ] Safepoint "Cleanup", Time since last: 3100031198 ns, Reaching safepoint: 16372 ns, Cleanup: 13589 ns, At safepoint: 6971 ns, Total: 36932 ns
[2025-05-26T05:13:21.812+0000][71][info ][safepoint   ] Safepoint "Cleanup", Time since last: 1000671782 ns, Reaching safepoint: 19882 ns, Cleanup: 15755 ns, At safepoint: 8716 ns, Total: 44353 ns
[2025-05-26T05:13:23.375+0000][71][info ][safepoint   ] Safepoint "Cleanup", Time since last: 1565005684 ns, Reaching safepoint: 24190 ns, Cleanup: 20174 ns, At safepoint: 10112 ns, Total: 54476 ns
[2025-05-26T05:13:24.376+0000][71][info ][safepoint   ] Safepoint "Cleanup", Time since last: 1000545858 ns, Reaching safepoint: 17576 ns, Cleanup: 16582 ns, At safepoint: 7455 ns, Total: 41613 ns
[2025-05-26T05:13:27.377+0000][71][info ][safepoint   ] Safepoint "Cleanup", Time since last: 3000802503 ns, Reaching safepoint: 27261 ns, Cleanup: 18876 ns, At safepoint: 10688 ns, Total: 56825 ns
[2025-05-26T05:13:32.380+0000][71][info ][safepoint   ] Safepoint "Cleanup", Time since last: 5003184076 ns, Reaching safepoint: 136183 ns, Cleanup: 11520 ns, At safepoint: 39861 ns, Total: 187564 ns
[2025-05-26T05:13:34.385+0000][71][info ][safepoint   ] Safepoint "Cleanup", Time since last: 2004413963 ns, Reaching safepoint: 34872 ns, Cleanup: 20534 ns, At safepoint: 17271 ns, Total: 72677 ns
[2025-05-26T05:13:36.386+0000][71][info ][safepoint   ] Safepoint "Cleanup", Time since last: 2000909494 ns, Reaching safepoint: 34108 ns, Cleanup: 20815 ns, At safepoint: 17598 ns, Total: 72521 ns
[2025-05-26T05:13:37.386+0000][71][info ][safepoint   ] Safepoint "Cleanup", Time since last: 1000721965 ns, Reaching safepoint: 33196 ns, Cleanup: 44904 ns, At safepoint: 16871 ns, Total: 94971 ns
[2025-05-26T05:13:39.387+0000][71][info ][safepoint   ] Safepoint "Cleanup", Time since last: 2000952987 ns, Reaching safepoint: 33251 ns, Cleanup: 18332 ns, At safepoint: 16883 ns, Total: 68466 ns
[2025-05-26T05:13:42.388+0000][71][info ][safepoint   ] Safepoint "Cleanup", Time since last: 3000809617 ns, Reaching safepoint: 32495 ns, Cleanup: 46224 ns, At safepoint: 26652 ns, Total: 105371 ns
[2025-05-26T05:13:45.389+0000][71][info ][safepoint   ] Safepoint "Cleanup", Time since last: 3000792960 ns, Reaching safepoint: 17492 ns, Cleanup: 12984 ns, At safepoint: 8682 ns, Total: 39158 ns
[2025-05-26T05:13:50.395+0000][71][info ][safepoint   ] Safepoint "Cleanup", Time since last: 5005934723 ns, Reaching safepoint: 216821 ns, Cleanup: 18716 ns, At safepoint: 20082 ns, Total: 255619 ns
[2025-05-26T05:13:51.396+0000][71][info ][safepoint   ] Safepoint "Cleanup", Time since last: 1000622635 ns, Reaching safepoint: 18000 ns, Cleanup: 14917 ns, At safepoint: 8272 ns, Total: 41189 ns
[2025-05-26T05:13:52.397+0000][71][info ][safepoint   ] Safepoint "Cleanup", Time since last: 1000648199 ns, Reaching safepoint: 116395 ns, Cleanup: 24505 ns, At safepoint: 19239 ns, Total: 160139 ns
[2025-05-26T05:13:54.159+0000][71][info ][gc,start    ] GC(16) Pause Young (Normal) (G1 Evacuation Pause)
[2025-05-26T05:13:54.160+0000][71][info ][gc,task     ] GC(16) Using 10 workers of 10 for evacuation
[2025-05-26T05:13:54.161+0000][71][debug][gc,age      ] GC(16) Desired survivor size 29360128 bytes, new threshold 2 (max threshold 15)
[2025-05-26T05:13:54.429+0000][71][info ][gc,mmu      ] GC(16) MMU target violated: 201.0ms (200.0ms/201.0ms)
[2025-05-26T05:13:54.434+0000][71][info ][gc,phases   ] GC(16)   Pre Evacuate Collection Set: 4.66ms
[2025-05-26T05:13:54.437+0000][71][info ][gc,phases   ] GC(16)   Merge Heap Roots: 1.33ms
[2025-05-26T05:13:54.444+0000][71][info ][gc,phases   ] GC(16)   Evacuate Collection Set: 254.21ms
[2025-05-26T05:13:54.451+0000][71][info ][gc,phases   ] GC(16)   Post Evacuate Collection Set: 5.92ms
[2025-05-26T05:13:54.455+0000][71][info ][gc,phases   ] GC(16)   Other: 8.82ms
[2025-05-26T05:13:54.456+0000][71][trace][gc,age      ] GC(16) Age table with threshold 2 (max threshold 15)
[2025-05-26T05:13:54.457+0000][71][trace][gc,age      ] GC(16) - age   1:    3935568 bytes,    3935568 total
[2025-05-26T05:13:54.458+0000][71][trace][gc,age      ] GC(16) - age   2:    5843536 bytes,    9779104 total
[2025-05-26T05:13:54.458+0000][71][info ][gc,heap     ] GC(16) Eden regions: 94->0(271)
[2025-05-26T05:13:54.459+0000][71][info ][gc,heap     ] GC(16) Survivor regions: 14->4(14)
[2025-05-26T05:13:54.459+0000][71][info ][gc,heap     ] GC(16) Old regions: 16->27
[2025-05-26T05:13:54.459+0000][71][info ][gc,heap     ] GC(16) Humongous regions: 0->0
[2025-05-26T05:13:54.460+0000][71][info ][gc,metaspace] GC(16) Metaspace: 144873K(148864K)->144873K(148864K) NonClass: 124874K(127040K)->124874K(127040K) Class: 19998K(21824K)->19998K(21824K)
[2025-05-26T05:13:54.461+0000][71][info ][gc          ] GC(16) Pause Young (Normal) (G1 Evacuation Pause) 493M->120M(3880M) 302.010ms
[2025-05-26T05:13:54.462+0000][71][info ][gc,cpu      ] GC(16) User=1.21s Sys=0.37s Real=0.30s
[2025-05-26T05:13:54.464+0000][71][info ][safepoint   ] Safepoint "G1CollectForAllocation", Time since last: 1764884548 ns, Reaching safepoint: 19893 ns, Cleanup: 6205 ns, At safepoint: 305692941 ns, Total: 305719039 ns
[2025-05-26T05:13:55.467+0000][71][info ][safepoint   ] Safepoint "Cleanup", Time since last: 1002482282 ns, Reaching safepoint: 24403 ns, Cleanup: 17079 ns, At safepoint: 9966 ns, Total: 51448 ns
[2025-05-26T05:13:57.468+0000][71][info ][safepoint   ] Safepoint "Cleanup", Time since last: 2000754151 ns, Reaching safepoint: 139429 ns, Cleanup: 22997 ns, At safepoint: 20964 ns, Total: 183390 ns
[2025-05-26T05:14:00.469+0000][71][info ][safepoint   ] Safepoint "Cleanup", Time since last: 3000908219 ns, Reaching safepoint: 24409 ns, Cleanup: 22349 ns, At safepoint: 9690 ns, Total: 56448 ns
[2025-05-26T05:14:02.470+0000][71][info ][safepoint   ] Safepoint "Cleanup", Time since last: 2000879598 ns, Reaching safepoint: 64887 ns, Cleanup: 22866 ns, At safepoint: 11331 ns, Total: 99084 ns
[2025-05-26T05:14:03.718+0000][71][info ][safepoint   ] Safepoint "Cleanup", Time since last: 1248644083 ns, Reaching safepoint: 150622 ns, Cleanup: 34984 ns, At safepoint: 40453 ns, Total: 226059 ns
[2025-05-26T05:14:04.742+0000][71][info ][safepoint   ] Safepoint "Cleanup", Time since last: 1022984944 ns, Reaching safepoint: 26708 ns, Cleanup: 33246 ns, At safepoint: 10964 ns, Total: 70918 ns
[2025-05-26T05:14:06.742+0000][71][info ][safepoint   ] Safepoint "Cleanup", Time since last: 2000721013 ns, Reaching safepoint: 31800 ns, Cleanup: 17689 ns, At safepoint: 10624 ns, Total: 60113 ns
[2025-05-26T05:14:07.747+0000][71][info ][safepoint   ] Safepoint "Cleanup", Time since last: 1005081106 ns, Reaching safepoint: 28287 ns, Cleanup: 17833 ns, At safepoint: 11102 ns, Total: 57222 ns
[2025-05-26T05:14:11.780+0000][71][info ][safepoint   ] Safepoint "Cleanup", Time since last: 4032746159 ns, Reaching safepoint: 26882 ns, Cleanup: 17468 ns, At safepoint: 9763 ns, Total: 54113 ns
[2025-05-26T05:14:12.787+0000][71][info ][safepoint   ] Safepoint "Cleanup", Time since last: 1006876358 ns, Reaching safepoint: 23386 ns, Cleanup: 24348 ns, At safepoint: 9656 ns, Total: 57390 ns
[2025-05-26T05:14:15.789+0000][71][info ][safepoint   ] Safepoint "Cleanup", Time since last: 3001376205 ns, Reaching safepoint: 32209 ns, Cleanup: 15957 ns, At safepoint: 15385 ns, Total: 63551 ns
[2025-05-26T05:14:17.789+0000][71][info ][safepoint   ] Safepoint "Cleanup", Time since last: 2000770434 ns, Reaching safepoint: 56135 ns, Cleanup: 15461 ns, At safepoint: 10488 ns, Total: 82084 ns
[2025-05-26T05:14:18.790+0000][71][info ][safepoint   ] Safepoint "Cleanup", Time since last: 1000635934 ns, Reaching safepoint: 19522 ns, Cleanup: 14929 ns, At safepoint: 7756 ns, Total: 42207 ns
[2025-05-26T05:14:21.846+0000][71][info ][safepoint   ] Safepoint "Cleanup", Time since last: 3055481251 ns, Reaching safepoint: 32333 ns, Cleanup: 19434 ns, At safepoint: 16342 ns, Total: 68109 ns
[2025-05-26T05:14:24.844+0000][71][info ][safepoint   ] Safepoint "Cleanup", Time since last: 3001029556 ns, Reaching safepoint: 38225 ns, Cleanup: 25188 ns, At safepoint: 18992 ns, Total: 82405 ns
[2025-05-26T05:14:31.846+0000][71][info ][safepoint   ] Safepoint "Cleanup", Time since last: 7001604167 ns, Reaching safepoint: 24967 ns, Cleanup: 14984 ns, At safepoint: 9941 ns, Total: 49892 ns
[2025-05-26T05:14:32.847+0000][71][info ][safepoint   ] Safepoint "Cleanup", Time since last: 1001081647 ns, Reaching safepoint: 68043 ns, Cleanup: 19694 ns, At safepoint: 13558 ns, Total: 101295 ns
[2025-05-26T05:14:36.849+0000][71][info ][safepoint   ] Safepoint "Cleanup", Time since last: 4001341094 ns, Reaching safepoint: 195259 ns, Cleanup: 26115 ns, At safepoint: 100098 ns, Total: 321472 ns
[2025-05-26T05:14:37.850+0000][71][info ][safepoint   ] Safepoint "Cleanup", Time since last: 1000749493 ns, Reaching safepoint: 121569 ns, Cleanup: 19890 ns, At safepoint: 20527 ns, Total: 161986 ns
[2025-05-26T05:14:39.851+0000][71][info ][safepoint   ] Safepoint "Cleanup", Time since last: 2001233567 ns, Reaching safepoint: 33629 ns, Cleanup: 18256 ns, At safepoint: 15607 ns, Total: 67492 ns
[2025-05-26T05:14:41.852+0000][71][info ][safepoint   ] Safepoint "Cleanup", Time since last: 2000851787 ns, Reaching safepoint: 144258 ns, Cleanup: 19198 ns, At safepoint: 33300 ns, Total: 196756 ns
[2025-05-26T05:14:46.854+0000][71][info ][safepoint   ] Safepoint "Cleanup", Time since last: 5001910857 ns, Reaching safepoint: 89980 ns, Cleanup: 13562 ns, At safepoint: 25035 ns, Total: 128577 ns
[2025-05-26T05:14:47.855+0000][71][info ][safepoint   ] Safepoint "Cleanup", Time since last: 1000646218 ns, Reaching safepoint: 77319 ns, Cleanup: 15262 ns, At safepoint: 13323 ns, Total: 105904 ns
[2025-05-26T05:14:48.859+0000][71][info ][safepoint   ] Safepoint "Cleanup", Time since last: 1004181389 ns, Reaching safepoint: 33734 ns, Cleanup: 19727 ns, At safepoint: 17284 ns, Total: 70745 ns
[2025-05-26T05:14:54.858+0000][71][info ][safepoint   ] Safepoint "Cleanup", Time since last: 6001498188 ns, Reaching safepoint: 33731 ns, Cleanup: 17265 ns, At safepoint: 16303 ns, Total: 67299 ns
[2025-05-26T05:14:56.860+0000][71][info ][safepoint   ] Safepoint "Cleanup", Time since last: 2001069277 ns, Reaching safepoint: 19099 ns, Cleanup: 14173 ns, At safepoint: 7729 ns, Total: 41001 ns
[2025-05-26T05:14:57.909+0000][71][info ][safepoint   ] Safepoint "Cleanup", Time since last: 1049345449 ns, Reaching safepoint: 25951 ns, Cleanup: 15393 ns, At safepoint: 10620 ns, Total: 51964 ns
[2025-05-26T05:15:00.923+0000][71][info ][safepoint   ] Safepoint "Cleanup", Time since last: 3013937326 ns, Reaching safepoint: 25359 ns, Cleanup: 26892 ns, At safepoint: 11386 ns, Total: 63637 ns
[2025-05-26T05:15:01.936+0000][71][info ][safepoint   ] Safepoint "Cleanup", Time since last: 1013455632 ns, Reaching safepoint: 25098 ns, Cleanup: 16167 ns, At safepoint: 12502 ns, Total: 53767 ns
[2025-05-26T05:15:03.937+0000][71][info ][safepoint   ] Safepoint "Cleanup", Time since last: 2000706693 ns, Reaching safepoint: 78863 ns, Cleanup: 26764 ns, At safepoint: 18437 ns, Total: 124064 ns
[2025-05-26T05:15:06.189+0000][71][info ][safepoint   ] Safepoint "Cleanup", Time since last: 2251295426 ns, Reaching safepoint: 14206 ns, Cleanup: 10730 ns, At safepoint: 36660 ns, Total: 61596 ns
[2025-05-26T05:15:07.779+0000][71][info ][safepoint   ] Safepoint "Cleanup", Time since last: 1589771333 ns, Reaching safepoint: 31067 ns, Cleanup: 29522 ns, At safepoint: 15472 ns, Total: 76061 ns
[2025-05-26T05:15:08.779+0000][71][info ][safepoint   ] Safepoint "Cleanup", Time since last: 1000735603 ns, Reaching safepoint: 32617 ns, Cleanup: 48318 ns, At safepoint: 15622 ns, Total: 96557 ns
[2025-05-26T05:15:12.787+0000][71][info ][safepoint   ] Safepoint "Cleanup", Time since last: 4007502987 ns, Reaching safepoint: 24849 ns, Cleanup: 14533 ns, At safepoint: 8952 ns, Total: 48334 ns
[2025-05-26T05:15:13.791+0000][71][info ][safepoint   ] Safepoint "Cleanup", Time since last: 1003891240 ns, Reaching safepoint: 26051 ns, Cleanup: 20987 ns, At safepoint: 10402 ns, Total: 57440 ns
[2025-05-26T05:15:19.792+0000][71][info ][safepoint   ] Safepoint "Cleanup", Time since last: 6001165668 ns, Reaching safepoint: 60876 ns, Cleanup: 15636 ns, At safepoint: 13478 ns, Total: 89990 ns
[2025-05-26T05:15:22.877+0000][71][info ][safepoint   ] Safepoint "Cleanup", Time since last: 3085291995 ns, Reaching safepoint: 33505 ns, Cleanup: 18015 ns, At safepoint: 16752 ns, Total: 68272 ns
[2025-05-26T05:15:24.874+0000][71][info ][safepoint   ] Safepoint "Cleanup", Time since last: 2000771523 ns, Reaching safepoint: 32855 ns, Cleanup: 22025 ns, At safepoint: 14942 ns, Total: 69822 ns
[2025-05-26T05:15:26.875+0000][71][info ][safepoint   ] Safepoint "Cleanup", Time since last: 2000889321 ns, Reaching safepoint: 30277 ns, Cleanup: 16404 ns, At safepoint: 15696 ns, Total: 62377 ns
[2025-05-26T05:15:30.877+0000][71][info ][safepoint   ] Safepoint "Cleanup", Time since last: 4001106069 ns, Reaching safepoint: 33703 ns, Cleanup: 23945 ns, At safepoint: 17478 ns, Total: 75126 ns
[2025-05-26T05:15:31.877+0000][71][info ][safepoint   ] Safepoint "Cleanup", Time since last: 1000744754 ns, Reaching safepoint: 58540 ns, Cleanup: 14333 ns, At safepoint: 9616 ns, Total: 82489 ns
[2025-05-26T05:15:33.879+0000][71][info ][safepoint   ] Safepoint "Cleanup", Time since last: 2001022395 ns, Reaching safepoint: 142215 ns, Cleanup: 22095 ns, At safepoint: 17910 ns, Total: 182220 ns
[2025-05-26T05:15:39.880+0000][71][info ][safepoint   ] Safepoint "Cleanup", Time since last: 6001621194 ns, Reaching safepoint: 31909 ns, Cleanup: 16621 ns, At safepoint: 15462 ns, Total: 63992 ns
[2025-05-26T05:15:41.881+0000][71][info ][safepoint   ] Safepoint "Cleanup", Time since last: 2000657072 ns, Reaching safepoint: 18964 ns, Cleanup: 25136 ns, At safepoint: 7539 ns, Total: 51639 ns
[2025-05-26T05:15:43.882+0000][71][info ][safepoint   ] Safepoint "Cleanup", Time since last: 2000974056 ns, Reaching safepoint: 26376 ns, Cleanup: 16107 ns, At safepoint: 9930 ns, Total: 52413 ns
[2025-05-26T05:15:45.883+0000][71][info ][safepoint   ] Safepoint "Cleanup", Time since last: 2000979325 ns, Reaching safepoint: 38056 ns, Cleanup: 19824 ns, At safepoint: 18239 ns, Total: 76119 ns
[2025-05-26T05:15:48.884+0000][71][info ][safepoint   ] Safepoint "Cleanup", Time since last: 3000915338 ns, Reaching safepoint: 30255 ns, Cleanup: 16167 ns, At safepoint: 14845 ns, Total: 61267 ns
[2025-05-26T05:15:51.886+0000][71][info ][safepoint   ] Safepoint "Cleanup", Time since last: 3001429290 ns, Reaching safepoint: 73525 ns, Cleanup: 21879 ns, At safepoint: 14981 ns, Total: 110385 ns
[2025-05-26T05:16:00.886+0000][71][info ][safepoint   ] Safepoint "Cleanup", Time since last: 9001829739 ns, Reaching safepoint: 29175 ns, Cleanup: 21912 ns, At safepoint: 10956 ns, Total: 62043 ns
[2025-05-26T05:16:01.886+0000][71][info ][safepoint   ] Safepoint "Cleanup", Time since last: 1000877145 ns, Reaching safepoint: 25658 ns, Cleanup: 15667 ns, At safepoint: 10662 ns, Total: 51987 ns
[2025-05-26T05:16:06.888+0000][71][info ][safepoint   ] Safepoint "Cleanup", Time since last: 5001609435 ns, Reaching safepoint: 77156 ns, Cleanup: 20319 ns, At safepoint: 16635 ns, Total: 114110 ns
[2025-05-26T05:16:09.180+0000][71][info ][safepoint   ] Safepoint "Cleanup", Time since last: 2291505655 ns, Reaching safepoint: 149644 ns, Cleanup: 14890 ns, At safepoint: 58531 ns, Total: 223065 ns
[2025-05-26T05:16:10.827+0000][71][info ][safepoint   ] Safepoint "Cleanup", Time since last: 1646986809 ns, Reaching safepoint: 18257 ns, Cleanup: 24924 ns, At safepoint: 7268 ns, Total: 50449 ns
[2025-05-26T05:16:11.828+0000][71][info ][safepoint   ] Safepoint "Cleanup", Time since last: 1000652733 ns, Reaching safepoint: 23367 ns, Cleanup: 16756 ns, At safepoint: 8937 ns, Total: 49060 ns
[2025-05-26T05:16:12.845+0000][71][info ][safepoint   ] Safepoint "Cleanup", Time since last: 1017225177 ns, Reaching safepoint: 26085 ns, Cleanup: 22274 ns, At safepoint: 11597 ns, Total: 59956 ns
[2025-05-26T05:16:13.848+0000][71][info ][safepoint   ] Safepoint "Cleanup", Time since last: 1002594186 ns, Reaching safepoint: 31750 ns, Cleanup: 22749 ns, At safepoint: 16141 ns, Total: 70640 ns
[2025-05-26T05:16:15.849+0000][71][info ][safepoint   ] Safepoint "Cleanup", Time since last: 2000847112 ns, Reaching safepoint: 24787 ns, Cleanup: 17561 ns, At safepoint: 10183 ns, Total: 52531 ns
[2025-05-26T05:16:16.849+0000][71][info ][safepoint   ] Safepoint "Cleanup", Time since last: 1000601956 ns, Reaching safepoint: 25679 ns, Cleanup: 15709 ns, At safepoint: 33332 ns, Total: 74720 ns
[2025-05-26T05:16:17.856+0000][71][info ][safepoint   ] Safepoint "Cleanup", Time since last: 1007215301 ns, Reaching safepoint: 29769 ns, Cleanup: 17141 ns, At safepoint: 14585 ns, Total: 61495 ns
[2025-05-26T05:16:18.857+0000][71][info ][safepoint   ] Safepoint "Cleanup", Time since last: 1000775051 ns, Reaching safepoint: 30680 ns, Cleanup: 16375 ns, At safepoint: 15995 ns, Total: 63050 ns
[2025-05-26T05:16:24.909+0000][71][info ][safepoint   ] Safepoint "Cleanup", Time since last: 6053943763 ns, Reaching safepoint: 32409 ns, Cleanup: 20659 ns, At safepoint: 16931 ns, Total: 69999 ns
[2025-05-26T05:16:26.910+0000][71][info ][safepoint   ] Safepoint "Cleanup", Time since last: 2000993128 ns, Reaching safepoint: 32692 ns, Cleanup: 23772 ns, At safepoint: 16630 ns, Total: 73094 ns
[2025-05-26T05:16:30.911+0000][71][info ][safepoint   ] Safepoint "Cleanup", Time since last: 4000908981 ns, Reaching safepoint: 18603 ns, Cleanup: 15558 ns, At safepoint: 8185 ns, Total: 42346 ns
[2025-05-26T05:16:33.912+0000][71][info ][safepoint   ] Safepoint "Cleanup", Time since last: 3001071941 ns, Reaching safepoint: 35680 ns, Cleanup: 35792 ns, At safepoint: 11818 ns, Total: 83290 ns
[2025-05-26T05:16:34.913+0000][71][info ][safepoint   ] Safepoint "Cleanup", Time since last: 1000721134 ns, Reaching safepoint: 31584 ns, Cleanup: 16834 ns, At safepoint: 15954 ns, Total: 64372 ns
[2025-05-26T05:16:36.914+0000][71][info ][safepoint   ] Safepoint "Cleanup", Time since last: 2000953315 ns, Reaching safepoint: 75538 ns, Cleanup: 26328 ns, At safepoint: 19361 ns, Total: 121227 ns
[2025-05-26T05:16:41.916+0000][71][info ][safepoint   ] Safepoint "Cleanup", Time since last: 5001888435 ns, Reaching safepoint: 31228 ns, Cleanup: 42902 ns, At safepoint: 14997 ns, Total: 89127 ns
[2025-05-26T05:16:42.916+0000][71][info ][safepoint   ] Safepoint "Cleanup", Time since last: 1000671342 ns, Reaching safepoint: 17404 ns, Cleanup: 13017 ns, At safepoint: 7846 ns, Total: 38267 ns
[2025-05-26T05:16:44.917+0000][71][info ][safepoint   ] Safepoint "Cleanup", Time since last: 2000787759 ns, Reaching safepoint: 19173 ns, Cleanup: 14761 ns, At safepoint: 7305 ns, Total: 41239 ns
[2025-05-26T05:16:46.918+0000][71][info ][safepoint   ] Safepoint "Cleanup", Time since last: 2000778054 ns, Reaching safepoint: 22049 ns, Cleanup: 14607 ns, At safepoint: 9543 ns, Total: 46199 ns
[2025-05-26T05:16:48.919+0000][71][info ][safepoint   ] Safepoint "Cleanup", Time since last: 2000902206 ns, Reaching safepoint: 26323 ns, Cleanup: 14595 ns, At safepoint: 10328 ns, Total: 51246 ns
[2025-05-26T05:16:56.919+0000][71][info ][safepoint   ] Safepoint "Cleanup", Time since last: 8003827616 ns, Reaching safepoint: 21298 ns, Cleanup: 14404 ns, At safepoint: 7523 ns, Total: 43225 ns
[2025-05-26T05:16:57.926+0000][71][info ][safepoint   ] Safepoint "Cleanup", Time since last: 1006165629 ns, Reaching safepoint: 108211 ns, Cleanup: 19071 ns, At safepoint: 10016 ns, Total: 137298 ns
[2025-05-26T05:16:58.929+0000][71][info ][safepoint   ] Safepoint "Cleanup", Time since last: 1003363070 ns, Reaching safepoint: 84613 ns, Cleanup: 17427 ns, At safepoint: 13352 ns, Total: 115392 ns
[2025-05-26T05:17:01.930+0000][71][info ][safepoint   ] Safepoint "Cleanup", Time since last: 3000878035 ns, Reaching safepoint: 20402 ns, Cleanup: 21891 ns, At safepoint: 7890 ns, Total: 50183 ns
[2025-05-26T05:17:03.988+0000][71][info ][safepoint   ] Safepoint "Cleanup", Time since last: 2057852487 ns, Reaching safepoint: 26125 ns, Cleanup: 17532 ns, At safepoint: 9984 ns, Total: 53641 ns
[2025-05-26T05:17:04.999+0000][71][info ][safepoint   ] Safepoint "Cleanup", Time since last: 1011300565 ns, Reaching safepoint: 18146 ns, Cleanup: 75042 ns, At safepoint: 8151 ns, Total: 101339 ns
[2025-05-26T05:17:07.000+0000][71][info ][safepoint   ] Safepoint "Cleanup", Time since last: 2000843833 ns, Reaching safepoint: 58862 ns, Cleanup: 19924 ns, At safepoint: 10646 ns, Total: 89432 ns
[2025-05-26T05:17:12.002+0000][71][info ][safepoint   ] Safepoint "Cleanup", Time since last: 5001237115 ns, Reaching safepoint: 202963 ns, Cleanup: 18752 ns, At safepoint: 25259 ns, Total: 246974 ns
[2025-05-26T05:17:13.864+0000][71][info ][safepoint   ] Safepoint "Cleanup", Time since last: 1862505321 ns, Reaching safepoint: 23895 ns, Cleanup: 37767 ns, At safepoint: 9280 ns, Total: 70942 ns
[2025-05-26T05:17:15.865+0000][71][info ][safepoint   ] Safepoint "Cleanup", Time since last: 2000740865 ns, Reaching safepoint: 31773 ns, Cleanup: 23699 ns, At safepoint: 74748 ns, Total: 130220 ns
[2025-05-26T05:17:18.866+0000][71][info ][safepoint   ] Safepoint "Cleanup", Time since last: 3001004353 ns, Reaching safepoint: 25688 ns, Cleanup: 20397 ns, At safepoint: 10087 ns, Total: 56172 ns
[2025-05-26T05:17:22.940+0000][71][info ][safepoint   ] Safepoint "Cleanup", Time since last: 4073901538 ns, Reaching safepoint: 57320 ns, Cleanup: 18079 ns, At safepoint: 10048 ns, Total: 85447 ns
[2025-05-26T05:17:23.940+0000][71][info ][safepoint   ] Safepoint "Cleanup", Time since last: 1001218385 ns, Reaching safepoint: 17764 ns, Cleanup: 12886 ns, At safepoint: 7788 ns, Total: 38438 ns
[2025-05-26T05:17:24.940+0000][71][info ][safepoint   ] Safepoint "Cleanup", Time since last: 1000777067 ns, Reaching safepoint: 27385 ns, Cleanup: 21562 ns, At safepoint: 11221 ns, Total: 60168 ns
[2025-05-26T05:17:26.955+0000][71][info ][safepoint   ] Safepoint "Cleanup", Time since last: 2003044188 ns, Reaching safepoint: 11251041 ns, Cleanup: 19296 ns, At safepoint: 31688 ns, Total: 11302025 ns
[2025-05-26T05:17:28.981+0000][71][info ][safepoint   ] Safepoint "Cleanup", Time since last: 2025983656 ns, Reaching safepoint: 26321 ns, Cleanup: 16977 ns, At safepoint: 11059 ns, Total: 54357 ns
[2025-05-26T05:17:31.982+0000][71][info ][safepoint   ] Safepoint "Cleanup", Time since last: 3000813854 ns, Reaching safepoint: 19671 ns, Cleanup: 16190 ns, At safepoint: 8321 ns, Total: 44182 ns
[2025-05-26T05:17:33.983+0000][71][info ][safepoint   ] Safepoint "Cleanup", Time since last: 2001045541 ns, Reaching safepoint: 31031 ns, Cleanup: 16492 ns, At safepoint: 15808 ns, Total: 63331 ns
[2025-05-26T05:17:34.983+0000][71][info ][safepoint   ] Safepoint "Cleanup", Time since last: 1000707907 ns, Reaching safepoint: 24480 ns, Cleanup: 15578 ns, At safepoint: 10078 ns, Total: 50136 ns
[2025-05-26T05:17:36.984+0000][71][info ][safepoint   ] Safepoint "Cleanup", Time since last: 2000736133 ns, Reaching safepoint: 58266 ns, Cleanup: 15541 ns, At safepoint: 9714 ns, Total: 83521 ns
[2025-05-26T05:17:39.985+0000][71][info ][safepoint   ] Safepoint "Cleanup", Time since last: 3000936995 ns, Reaching safepoint: 195547 ns, Cleanup: 16824 ns, At safepoint: 12480 ns, Total: 224851 ns
[2025-05-26T05:17:41.994+0000][71][info ][safepoint   ] Safepoint "Cleanup", Time since last: 2008259669 ns, Reaching safepoint: 21577 ns, Cleanup: 27113 ns, At safepoint: 10235 ns, Total: 58925 ns
[2025-05-26T05:17:43.010+0000][71][info ][safepoint   ] Safepoint "Cleanup", Time since last: 1016225271 ns, Reaching safepoint: 26700 ns, Cleanup: 16042 ns, At safepoint: 9647 ns, Total: 52389 ns
[2025-05-26T05:17:47.013+0000][71][info ][safepoint   ] Safepoint "Cleanup", Time since last: 4002705392 ns, Reaching safepoint: 30066 ns, Cleanup: 18384 ns, At safepoint: 15189 ns, Total: 63639 ns
[2025-05-26T05:17:51.165+0000][71][info ][safepoint   ] Safepoint "Cleanup", Time since last: 4152652097 ns, Reaching safepoint: 7741 ns, Cleanup: 13796 ns, At safepoint: 3285 ns, Total: 24822 ns
[2025-05-26T05:17:52.884+0000][71][info ][safepoint   ] Safepoint "Cleanup", Time since last: 1718392186 ns, Reaching safepoint: 59831 ns, Cleanup: 43221 ns, At safepoint: 11902 ns, Total: 114954 ns
[2025-05-26T05:17:54.170+0000][71][info ][safepoint   ] Safepoint "Cleanup", Time since last: 1288857545 ns, Reaching safepoint: 6047 ns, Cleanup: 5625 ns, At safepoint: 13932 ns, Total: 25604 ns
[2025-05-26T05:17:55.902+0000][71][info ][safepoint   ] Safepoint "Cleanup", Time since last: 1731214808 ns, Reaching safepoint: 30849 ns, Cleanup: 29914 ns, At safepoint: 10669 ns, Total: 71432 ns
[2025-05-26T05:17:56.902+0000][71][info ][safepoint   ] Safepoint "Cleanup", Time since last: 1000790575 ns, Reaching safepoint: 26918 ns, Cleanup: 20775 ns, At safepoint: 10501 ns, Total: 58194 ns
[2025-05-26T05:17:57.921+0000][71][info ][safepoint   ] Safepoint "Cleanup", Time since last: 1018498910 ns, Reaching safepoint: 25004 ns, Cleanup: 15102 ns, At safepoint: 9586 ns, Total: 49692 ns
[2025-05-26T05:18:03.923+0000][71][info ][safepoint   ] Safepoint "Cleanup", Time since last: 6001833635 ns, Reaching safepoint: 24645 ns, Cleanup: 21039 ns, At safepoint: 9648 ns, Total: 55332 ns
[2025-05-26T05:18:06.924+0000][71][info ][safepoint   ] Safepoint "Cleanup", Time since last: 3000783144 ns, Reaching safepoint: 25877 ns, Cleanup: 18492 ns, At safepoint: 10947 ns, Total: 55316 ns
[2025-05-26T05:18:11.925+0000][71][info ][safepoint   ] Safepoint "Cleanup", Time since last: 5001212037 ns, Reaching safepoint: 49959 ns, Cleanup: 17412 ns, At safepoint: 9609 ns, Total: 76980 ns
[2025-05-26T05:18:12.931+0000][71][info ][safepoint   ] Safepoint "Cleanup", Time since last: 1005499326 ns, Reaching safepoint: 27075 ns, Cleanup: 16681 ns, At safepoint: 10986 ns, Total: 54742 ns
[2025-05-26T05:18:15.171+0000][71][info ][safepoint   ] Safepoint "Cleanup", Time since last: 2240323538 ns, Reaching safepoint: 104802 ns, Cleanup: 12223 ns, At safepoint: 50429 ns, Total: 167454 ns
[2025-05-26T05:18:16.937+0000][71][info ][safepoint   ] Safepoint "Cleanup", Time since last: 1765433253 ns, Reaching safepoint: 5873 ns, Cleanup: 87149 ns, At safepoint: 12114 ns, Total: 105136 ns
[2025-05-26T05:18:18.941+0000][71][info ][safepoint   ] Safepoint "Cleanup", Time since last: 2004627430 ns, Reaching safepoint: 33262 ns, Cleanup: 26338 ns, At safepoint: 9688 ns, Total: 69288 ns
[2025-05-26T05:18:20.970+0000][71][info ][safepoint   ] Safepoint "Cleanup", Time since last: 2028692962 ns, Reaching safepoint: 21592 ns, Cleanup: 14935 ns, At safepoint: 9676 ns, Total: 46203 ns
[2025-05-26T05:18:22.603+0000][71][info ][safepoint   ] Safepoint "Cleanup", Time since last: 1633054117 ns, Reaching safepoint: 16178 ns, Cleanup: 36719 ns, At safepoint: 23301 ns, Total: 76198 ns
[2025-05-26T05:18:24.605+0000][71][info ][safepoint   ] Safepoint "Cleanup", Time since last: 2004690848 ns, Reaching safepoint: 19217 ns, Cleanup: 13851 ns, At safepoint: 7555 ns, Total: 40623 ns
[2025-05-26T05:18:30.607+0000][71][info ][safepoint   ] Safepoint "Cleanup", Time since last: 6001366260 ns, Reaching safepoint: 31774 ns, Cleanup: 17365 ns, At safepoint: 18107 ns, Total: 67246 ns
[2025-05-26T05:18:32.608+0000][71][info ][safepoint   ] Safepoint "Cleanup", Time since last: 2000877063 ns, Reaching safepoint: 33186 ns, Cleanup: 19076 ns, At safepoint: 17929 ns, Total: 70191 ns
[2025-05-26T05:18:42.610+0000][71][info ][safepoint   ] Safepoint "Cleanup", Time since last: 10002100283 ns, Reaching safepoint: 71514 ns, Cleanup: 20830 ns, At safepoint: 16888 ns, Total: 109232 ns
[2025-05-26T05:18:45.611+0000][71][info ][safepoint   ] Safepoint "Cleanup", Time since last: 3001192414 ns, Reaching safepoint: 21824 ns, Cleanup: 14595 ns, At safepoint: 8162 ns, Total: 44581 ns
[2025-05-26T05:18:47.614+0000][71][info ][safepoint   ] Safepoint "Cleanup", Time since last: 2002592696 ns, Reaching safepoint: 28499 ns, Cleanup: 16217 ns, At safepoint: 11539 ns, Total: 56255 ns
[2025-05-26T05:18:48.615+0000][71][info ][safepoint   ] Safepoint "Cleanup", Time since last: 1000823496 ns, Reaching safepoint: 17166 ns, Cleanup: 22069 ns, At safepoint: 8374 ns, Total: 47609 ns
[2025-05-26T05:18:51.615+0000][71][info ][safepoint   ] Safepoint "Cleanup", Time since last: 3000752301 ns, Reaching safepoint: 15111 ns, Cleanup: 10563 ns, At safepoint: 6965 ns, Total: 32639 ns
[2025-05-26T05:18:52.616+0000][71][info ][safepoint   ] Safepoint "Cleanup", Time since last: 1000641546 ns, Reaching safepoint: 32122 ns, Cleanup: 18161 ns, At safepoint: 15730 ns, Total: 66013 ns
[2025-05-26T05:18:57.614+0000][71][info ][safepoint   ] Safepoint "Cleanup", Time since last: 5001073003 ns, Reaching safepoint: 96004 ns, Cleanup: 13397 ns, At safepoint: 8645 ns, Total: 118046 ns
[2025-05-26T05:19:00.621+0000][71][info ][safepoint   ] Safepoint "Cleanup", Time since last: 3006921442 ns, Reaching safepoint: 116421 ns, Cleanup: 29540 ns, At safepoint: 22867 ns, Total: 168828 ns
[2025-05-26T05:19:12.624+0000][71][info ][safepoint   ] Safepoint "Cleanup", Time since last: 12003144488 ns, Reaching safepoint: 63795 ns, Cleanup: 19870 ns, At safepoint: 28146 ns, Total: 111811 ns
[2025-05-26T05:19:13.625+0000][71][info ][safepoint   ] Safepoint "Cleanup", Time since last: 1000642767 ns, Reaching safepoint: 24989 ns, Cleanup: 14764 ns, At safepoint: 36733 ns, Total: 76486 ns
[2025-05-26T05:19:17.626+0000][71][info ][safepoint   ] Safepoint "Cleanup", Time since last: 4001050574 ns, Reaching safepoint: 27224 ns, Cleanup: 83203 ns, At safepoint: 14160 ns, Total: 124587 ns
[2025-05-26T05:19:18.958+0000][71][info ][safepoint   ] Safepoint "Cleanup", Time since last: 1332005662 ns, Reaching safepoint: 6134 ns, Cleanup: 19804 ns, At safepoint: 16042 ns, Total: 41980 ns
[2025-05-26T05:19:19.970+0000][71][info ][safepoint   ] Safepoint "Cleanup", Time since last: 1011491619 ns, Reaching safepoint: 71379 ns, Cleanup: 18931 ns, At safepoint: 8840 ns, Total: 99150 ns
[2025-05-26T05:19:26.998+0000][71][info ][safepoint   ] Safepoint "Cleanup", Time since last: 7029963423 ns, Reaching safepoint: 325257 ns, Cleanup: 21888 ns, At safepoint: 30178 ns, Total: 377323 ns
[2025-05-26T05:19:27.999+0000][71][info ][safepoint   ] Safepoint "Cleanup", Time since last: 1000833195 ns, Reaching safepoint: 38878 ns, Cleanup: 16925 ns, At safepoint: 9069 ns, Total: 64872 ns
[2025-05-26T05:19:30.000+0000][71][info ][safepoint   ] Safepoint "Cleanup", Time since last: 2000770830 ns, Reaching safepoint: 22496 ns, Cleanup: 15159 ns, At safepoint: 8824 ns, Total: 46479 ns
[2025-05-26T05:19:32.001+0000][71][info ][safepoint   ] Safepoint "Cleanup", Time since last: 2000782473 ns, Reaching safepoint: 19678 ns, Cleanup: 14173 ns, At safepoint: 7612 ns, Total: 41463 ns
[2025-05-26T05:19:33.001+0000][71][info ][safepoint   ] Safepoint "Cleanup", Time since last: 1000621773 ns, Reaching safepoint: 33976 ns, Cleanup: 18935 ns, At safepoint: 16498 ns, Total: 69409 ns
[2025-05-26T05:19:35.002+0000][71][info ][safepoint   ] Safepoint "Cleanup", Time since last: 2000841134 ns, Reaching safepoint: 31954 ns, Cleanup: 21288 ns, At safepoint: 15909 ns, Total: 69151 ns
[2025-05-26T05:19:37.003+0000][71][info ][safepoint   ] Safepoint "Cleanup", Time since last: 2000936153 ns, Reaching safepoint: 34251 ns, Cleanup: 17028 ns, At safepoint: 16845 ns, Total: 68124 ns
[2025-05-26T05:19:40.004+0000][71][info ][safepoint   ] Safepoint "Cleanup", Time since last: 3000925626 ns, Reaching safepoint: 72147 ns, Cleanup: 23779 ns, At safepoint: 34186 ns, Total: 130112 ns
[2025-05-26T05:19:42.005+0000][71][info ][safepoint   ] Safepoint "Cleanup", Time since last: 2000741890 ns, Reaching safepoint: 21169 ns, Cleanup: 15663 ns, At safepoint: 7918 ns, Total: 44750 ns
[2025-05-26T05:19:43.006+0000][71][info ][safepoint   ] Safepoint "Cleanup", Time since last: 1000577869 ns, Reaching safepoint: 26369 ns, Cleanup: 15568 ns, At safepoint: 10072 ns, Total: 52009 ns
[2025-05-26T05:19:45.007+0000][71][info ][safepoint   ] Safepoint "Cleanup", Time since last: 2000751531 ns, Reaching safepoint: 25785 ns, Cleanup: 16133 ns, At safepoint: 11292 ns, Total: 53210 ns
[2025-05-26T05:19:47.009+0000][71][info ][safepoint   ] Safepoint "Cleanup", Time since last: 2002694314 ns, Reaching safepoint: 18317 ns, Cleanup: 12526 ns, At safepoint: 8163 ns, Total: 39006 ns
[2025-05-26T05:19:52.011+0000][71][info ][safepoint   ] Safepoint "Cleanup", Time since last: 5001714769 ns, Reaching safepoint: 31006 ns, Cleanup: 19957 ns, At safepoint: 15775 ns, Total: 66738 ns
[2025-05-26T05:20:01.009+0000][71][info ][safepoint   ] Safepoint "Cleanup", Time since last: 9001812625 ns, Reaching safepoint: 81125 ns, Cleanup: 19072 ns, At safepoint: 18040 ns, Total: 118237 ns
[2025-05-26T05:20:13.011+0000][71][info ][safepoint   ] Safepoint "Cleanup", Time since last: 12002413057 ns, Reaching safepoint: 61250 ns, Cleanup: 17951 ns, At safepoint: 10081 ns, Total: 89282 ns
[2025-05-26T05:20:14.012+0000][71][info ][safepoint   ] Safepoint "Cleanup", Time since last: 1000628985 ns, Reaching safepoint: 32728 ns, Cleanup: 17200 ns, At safepoint: 15744 ns, Total: 65672 ns
[2025-05-26T05:20:15.013+0000][71][info ][safepoint   ] Safepoint "Cleanup", Time since last: 1000558250 ns, Reaching safepoint: 17138 ns, Cleanup: 13523 ns, At safepoint: 6651 ns, Total: 37312 ns
[2025-05-26T05:20:19.017+0000][71][info ][safepoint   ] Safepoint "Cleanup", Time since last: 4004308952 ns, Reaching safepoint: 26587 ns, Cleanup: 16070 ns, At safepoint: 10299 ns, Total: 52956 ns
[2025-05-26T05:20:20.020+0000][71][info ][safepoint   ] Safepoint "Cleanup", Time since last: 1003182782 ns, Reaching safepoint: 30120 ns, Cleanup: 20857 ns, At safepoint: 15940 ns, Total: 66917 ns
[2025-05-26T05:20:21.171+0000][71][info ][safepoint   ] Safepoint "Cleanup", Time since last: 1150437794 ns, Reaching safepoint: 22531 ns, Cleanup: 26115 ns, At safepoint: 87218 ns, Total: 135864 ns
[2025-05-26T05:20:23.019+0000][71][info ][safepoint   ] Safepoint "Cleanup", Time since last: 1850154857 ns, Reaching safepoint: 30524 ns, Cleanup: 54078 ns, At safepoint: 16308 ns, Total: 100910 ns
[2025-05-26T05:20:37.022+0000][71][info ][safepoint   ] Safepoint "Cleanup", Time since last: 14003129768 ns, Reaching safepoint: 31173 ns, Cleanup: 19000 ns, At safepoint: 15725 ns, Total: 65898 ns
[2025-05-26T05:20:40.023+0000][71][info ][safepoint   ] Safepoint "Cleanup", Time since last: 3001376944 ns, Reaching safepoint: 24116 ns, Cleanup: 14603 ns, At safepoint: 11229 ns, Total: 49948 ns
[2025-05-26T05:20:42.024+0000][71][info ][safepoint   ] Safepoint "Cleanup", Time since last: 2000781759 ns, Reaching safepoint: 60907 ns, Cleanup: 27684 ns, At safepoint: 10528 ns, Total: 99119 ns
[2025-05-26T05:20:43.025+0000][71][info ][safepoint   ] Safepoint "Cleanup", Time since last: 1000648105 ns, Reaching safepoint: 97144 ns, Cleanup: 23234 ns, At safepoint: 12997 ns, Total: 133375 ns
[2025-05-26T05:20:46.029+0000][71][info ][safepoint   ] Safepoint "Cleanup", Time since last: 3004421270 ns, Reaching safepoint: 19446 ns, Cleanup: 13079 ns, At safepoint: 7660 ns, Total: 40185 ns
[2025-05-26T05:20:47.030+0000][71][info ][safepoint   ] Safepoint "Cleanup", Time since last: 1000791223 ns, Reaching safepoint: 25754 ns, Cleanup: 18950 ns, At safepoint: 10589 ns, Total: 55293 ns
[2025-05-26T05:20:49.032+0000][71][info ][safepoint   ] Safepoint "Cleanup", Time since last: 2001382007 ns, Reaching safepoint: 29884 ns, Cleanup: 15788 ns, At safepoint: 16692 ns, Total: 62364 ns
[2025-05-26T05:20:50.033+0000][71][info ][safepoint   ] Safepoint "Cleanup", Time since last: 1000737836 ns, Reaching safepoint: 31951 ns, Cleanup: 17196 ns, At safepoint: 15331 ns, Total: 64478 ns
[2025-05-26T05:20:52.034+0000][71][info ][safepoint   ] Safepoint "Cleanup", Time since last: 2000873209 ns, Reaching safepoint: 32381 ns, Cleanup: 21983 ns, At safepoint: 16442 ns, Total: 70806 ns
[2025-05-26T05:21:03.033+0000][71][info ][safepoint   ] Safepoint "Cleanup", Time since last: 11001752724 ns, Reaching safepoint: 48248 ns, Cleanup: 17948 ns, At safepoint: 8788 ns, Total: 74984 ns
[2025-05-26T05:21:07.035+0000][71][info ][safepoint   ] Safepoint "Cleanup", Time since last: 4001011434 ns, Reaching safepoint: 26881 ns, Cleanup: 15879 ns, At safepoint: 9771 ns, Total: 52531 ns
[2025-05-26T05:21:17.037+0000][71][info ][safepoint   ] Safepoint "Cleanup", Time since last: 10001948506 ns, Reaching safepoint: 88386 ns, Cleanup: 23931 ns, At safepoint: 18677 ns, Total: 130994 ns
[2025-05-26T05:21:19.037+0000][71][info ][safepoint   ] Safepoint "Cleanup", Time since last: 2000743173 ns, Reaching safepoint: 24846 ns, Cleanup: 20974 ns, At safepoint: 8999 ns, Total: 54819 ns
[2025-05-26T05:21:20.038+0000][71][info ][safepoint   ] Safepoint "Cleanup", Time since last: 1000710676 ns, Reaching safepoint: 30435 ns, Cleanup: 16781 ns, At safepoint: 15337 ns, Total: 62553 ns
[2025-05-26T05:21:22.063+0000][71][info ][safepoint   ] Safepoint "Cleanup", Time since last: 2024543611 ns, Reaching safepoint: 31571 ns, Cleanup: 16114 ns, At safepoint: 16854 ns, Total: 64539 ns
[2025-05-26T05:21:24.177+0000][71][info ][safepoint   ] Safepoint "Cleanup", Time since last: 2117327041 ns, Reaching safepoint: 8438 ns, Cleanup: 10601 ns, At safepoint: 13185 ns, Total: 32224 ns
[2025-05-26T05:21:26.118+0000][71][info ][safepoint   ] Safepoint "Cleanup", Time since last: 1940793966 ns, Reaching safepoint: 31453 ns, Cleanup: 26669 ns, At safepoint: 16802 ns, Total: 74924 ns
[2025-05-26T05:21:34.120+0000][71][info ][safepoint   ] Safepoint "Cleanup", Time since last: 8001816065 ns, Reaching safepoint: 94005 ns, Cleanup: 15908 ns, At safepoint: 8963 ns, Total: 118876 ns
[2025-05-26T05:21:35.120+0000][71][info ][safepoint   ] Safepoint "Cleanup", Time since last: 1000783275 ns, Reaching safepoint: 34697 ns, Cleanup: 18354 ns, At safepoint: 17267 ns, Total: 70318 ns
[2025-05-26T05:21:40.121+0000][71][info ][safepoint   ] Safepoint "Cleanup", Time since last: 5001055658 ns, Reaching safepoint: 22068 ns, Cleanup: 15737 ns, At safepoint: 8279 ns, Total: 46084 ns
[2025-05-26T05:21:42.123+0000][71][info ][safepoint   ] Safepoint "Cleanup", Time since last: 2001718130 ns, Reaching safepoint: 15743 ns, Cleanup: 16512 ns, At safepoint: 11042 ns, Total: 43297 ns
[2025-05-26T05:21:43.124+0000][71][info ][safepoint   ] Safepoint "Cleanup", Time since last: 1000606228 ns, Reaching safepoint: 63489 ns, Cleanup: 17580 ns, At safepoint: 14920 ns, Total: 95989 ns
[2025-05-26T05:21:47.125+0000][71][info ][safepoint   ] Safepoint "Cleanup", Time since last: 4001019633 ns, Reaching safepoint: 26079 ns, Cleanup: 17036 ns, At safepoint: 9811 ns, Total: 52926 ns
[2025-05-26T05:21:52.149+0000][71][info ][safepoint   ] Safepoint "Cleanup", Time since last: 5023701757 ns, Reaching safepoint: 33192 ns, Cleanup: 21430 ns, At safepoint: 18197 ns, Total: 72819 ns
[2025-05-26T05:21:54.147+0000][71][info ][safepoint   ] Safepoint "Cleanup", Time since last: 2000696718 ns, Reaching safepoint: 16133 ns, Cleanup: 11032 ns, At safepoint: 7221 ns, Total: 34386 ns
[2025-05-26T05:21:57.149+0000][71][info ][safepoint   ] Safepoint "Cleanup", Time since last: 3001616096 ns, Reaching safepoint: 34694 ns, Cleanup: 20088 ns, At safepoint: 20851 ns, Total: 75633 ns
[2025-05-26T05:22:04.151+0000][71][info ][safepoint   ] Safepoint "Cleanup", Time since last: 7001567384 ns, Reaching safepoint: 33769 ns, Cleanup: 18434 ns, At safepoint: 11303 ns, Total: 63506 ns
[2025-05-26T05:22:05.152+0000][71][info ][safepoint   ] Safepoint "Cleanup", Time since last: 1000653989 ns, Reaching safepoint: 30818 ns, Cleanup: 20963 ns, At safepoint: 15110 ns, Total: 66891 ns
[2025-05-26T05:22:12.153+0000][71][info ][safepoint   ] Safepoint "Cleanup", Time since last: 7001578358 ns, Reaching safepoint: 30340 ns, Cleanup: 16333 ns, At safepoint: 15227 ns, Total: 61900 ns
[2025-05-26T05:22:16.154+0000][71][info ][safepoint   ] Safepoint "Cleanup", Time since last: 4001021688 ns, Reaching safepoint: 68616 ns, Cleanup: 16466 ns, At safepoint: 15180 ns, Total: 100262 ns
[2025-05-26T05:22:22.093+0000][71][info ][safepoint   ] Safepoint "Cleanup", Time since last: 5938732203 ns, Reaching safepoint: 25836 ns, Cleanup: 16267 ns, At safepoint: 10669 ns, Total: 52772 ns
[2025-05-26T05:22:25.090+0000][71][info ][safepoint   ] Safepoint "Cleanup", Time since last: 3000920729 ns, Reaching safepoint: 33399 ns, Cleanup: 20399 ns, At safepoint: 11474 ns, Total: 65272 ns
[2025-05-26T05:22:27.091+0000][71][info ][safepoint   ] Safepoint "Cleanup", Time since last: 2000798393 ns, Reaching safepoint: 39555 ns, Cleanup: 18586 ns, At safepoint: 17041 ns, Total: 75182 ns
[2025-05-26T05:22:28.137+0000][71][info ][safepoint   ] Safepoint "Cleanup", Time since last: 1046204968 ns, Reaching safepoint: 27763 ns, Cleanup: 34107 ns, At safepoint: 72119 ns, Total: 133989 ns
[2025-05-26T05:22:29.158+0000][71][info ][safepoint   ] Safepoint "Cleanup", Time since last: 1020616508 ns, Reaching safepoint: 61261 ns, Cleanup: 15922 ns, At safepoint: 13724 ns, Total: 90907 ns
[2025-05-26T05:22:32.159+0000][71][info ][safepoint   ] Safepoint "Cleanup", Time since last: 3001428552 ns, Reaching safepoint: 33640 ns, Cleanup: 19919 ns, At safepoint: 82054 ns, Total: 135613 ns
[2025-05-26T05:22:42.161+0000][71][info ][safepoint   ] Safepoint "Cleanup", Time since last: 10001759314 ns, Reaching safepoint: 18576 ns, Cleanup: 20774 ns, At safepoint: 7599 ns, Total: 46949 ns
[2025-05-26T05:22:43.162+0000][71][info ][safepoint   ] Safepoint "Cleanup", Time since last: 1000846978 ns, Reaching safepoint: 25190 ns, Cleanup: 15857 ns, At safepoint: 10657 ns, Total: 51704 ns
[2025-05-26T05:22:47.163+0000][71][info ][safepoint   ] Safepoint "Cleanup", Time since last: 4001304968 ns, Reaching safepoint: 32250 ns, Cleanup: 20370 ns, At safepoint: 14815 ns, Total: 67435 ns
[2025-05-26T05:22:52.165+0000][71][info ][safepoint   ] Safepoint "Cleanup", Time since last: 5001303224 ns, Reaching safepoint: 36284 ns, Cleanup: 21367 ns, At safepoint: 15148 ns, Total: 72799 ns
[2025-05-26T05:22:54.166+0000][71][info ][safepoint   ] Safepoint "Cleanup", Time since last: 2001643338 ns, Reaching safepoint: 433650 ns, Cleanup: 14859 ns, At safepoint: 142522 ns, Total: 591031 ns
[2025-05-26T05:22:55.194+0000][71][info ][safepoint   ] Safepoint "Cleanup", Time since last: 1028326736 ns, Reaching safepoint: 6470 ns, Cleanup: 14697 ns, At safepoint: 2755 ns, Total: 23922 ns
[2025-05-26T05:22:56.207+0000][71][info ][safepoint   ] Safepoint "Cleanup", Time since last: 1012945205 ns, Reaching safepoint: 34250 ns, Cleanup: 16764 ns, At safepoint: 17568 ns, Total: 68582 ns
[2025-05-26T05:22:58.195+0000][71][info ][safepoint   ] Safepoint "Cleanup", Time since last: 1988064789 ns, Reaching safepoint: 33479 ns, Cleanup: 22702 ns, At safepoint: 14937 ns, Total: 71118 ns
[2025-05-26T05:22:59.245+0000][71][info ][safepoint   ] Safepoint "Cleanup", Time since last: 1049987376 ns, Reaching safepoint: 68995 ns, Cleanup: 20715 ns, At safepoint: 33233 ns, Total: 122943 ns
[2025-05-26T05:23:02.279+0000][71][info ][safepoint   ] Safepoint "Cleanup", Time since last: 3034066840 ns, Reaching safepoint: 34344 ns, Cleanup: 22345 ns, At safepoint: 15404 ns, Total: 72093 ns
[2025-05-26T05:23:05.281+0000][71][info ][safepoint   ] Safepoint "Cleanup", Time since last: 3001144833 ns, Reaching safepoint: 36722 ns, Cleanup: 21091 ns, At safepoint: 19683 ns, Total: 77496 ns
[2025-05-26T05:23:07.282+0000][71][info ][safepoint   ] Safepoint "Cleanup", Time since last: 2000874592 ns, Reaching safepoint: 18908 ns, Cleanup: 16516 ns, At safepoint: 7972 ns, Total: 43396 ns
[2025-05-26T05:23:17.283+0000][71][info ][safepoint   ] Safepoint "Cleanup", Time since last: 10001743451 ns, Reaching safepoint: 56378 ns, Cleanup: 17482 ns, At safepoint: 9273 ns, Total: 83133 ns
[2025-05-26T05:23:21.821+0000][71][info ][safepoint   ] Safepoint "Cleanup", Time since last: 4537875156 ns, Reaching safepoint: 111063 ns, Cleanup: 12129 ns, At safepoint: 51480 ns, Total: 174672 ns
[2025-05-26T05:23:22.857+0000][71][info ][safepoint   ] Safepoint "Cleanup", Time since last: 1035442380 ns, Reaching safepoint: 25646 ns, Cleanup: 22490 ns, At safepoint: 9655 ns, Total: 57791 ns
[2025-05-26T05:23:23.856+0000][71][info ][safepoint   ] Safepoint "Cleanup", Time since last: 1001547730 ns, Reaching safepoint: 19535 ns, Cleanup: 13085 ns, At safepoint: 7443 ns, Total: 40063 ns
[2025-05-26T05:23:26.857+0000][71][info ][safepoint   ] Safepoint "Cleanup", Time since last: 3000805324 ns, Reaching safepoint: 31421 ns, Cleanup: 27910 ns, At safepoint: 11601 ns, Total: 70932 ns
[2025-05-26T05:23:30.223+0000][71][info ][safepoint   ] Safepoint "Cleanup", Time since last: 3365941078 ns, Reaching safepoint: 248371 ns, Cleanup: 21066 ns, At safepoint: 58682 ns, Total: 328119 ns
[2025-05-26T05:23:31.280+0000][71][info ][safepoint   ] Safepoint "Cleanup", Time since last: 1057020108 ns, Reaching safepoint: 27777 ns, Cleanup: 14354 ns, At safepoint: 11850 ns, Total: 53981 ns
[2025-05-26T05:23:32.334+0000][71][info ][safepoint   ] Safepoint "Cleanup", Time since last: 1053902189 ns, Reaching safepoint: 6649 ns, Cleanup: 48701 ns, At safepoint: 12681 ns, Total: 68031 ns
[2025-05-26T05:23:37.338+0000][71][info ][safepoint   ] Safepoint "Cleanup", Time since last: 5003630820 ns, Reaching safepoint: 18412 ns, Cleanup: 12538 ns, At safepoint: 7458 ns, Total: 38408 ns
[2025-05-26T05:23:39.339+0000][71][info ][safepoint   ] Safepoint "Cleanup", Time since last: 2000817077 ns, Reaching safepoint: 18592 ns, Cleanup: 15952 ns, At safepoint: 7917 ns, Total: 42461 ns
[2025-05-26T05:23:42.342+0000][71][info ][safepoint   ] Safepoint "Cleanup", Time since last: 3002836624 ns, Reaching safepoint: 32246 ns, Cleanup: 25376 ns, At safepoint: 16583 ns, Total: 74205 ns
[2025-05-26T05:23:43.342+0000][71][info ][safepoint   ] Safepoint "Cleanup", Time since last: 1000606467 ns, Reaching safepoint: 31593 ns, Cleanup: 19149 ns, At safepoint: 16412 ns, Total: 67154 ns
[2025-05-26T05:23:47.344+0000][71][info ][safepoint   ] Safepoint "Cleanup", Time since last: 4001120180 ns, Reaching safepoint: 44375 ns, Cleanup: 22352 ns, At safepoint: 7719 ns, Total: 74446 ns
[2025-05-26T05:23:48.351+0000][71][info ][safepoint   ] Safepoint "Cleanup", Time since last: 1007880819 ns, Reaching safepoint: 26819 ns, Cleanup: 14796 ns, At safepoint: 10983 ns, Total: 52598 ns
[2025-05-26T05:23:51.355+0000][71][info ][safepoint   ] Safepoint "Cleanup", Time since last: 3003282332 ns, Reaching safepoint: 27006 ns, Cleanup: 17931 ns, At safepoint: 10524 ns, Total: 55461 ns
[2025-05-26T05:23:52.356+0000][71][info ][safepoint   ] Safepoint "Cleanup", Time since last: 1000677003 ns, Reaching safepoint: 36245 ns, Cleanup: 20594 ns, At safepoint: 20490 ns, Total: 77329 ns
[2025-05-26T05:23:57.354+0000][71][info ][safepoint   ] Safepoint "Cleanup", Time since last: 5001243397 ns, Reaching safepoint: 26696 ns, Cleanup: 15994 ns, At safepoint: 9962 ns, Total: 52652 ns
[2025-05-26T05:24:02.355+0000][71][info ][safepoint   ] Safepoint "Cleanup", Time since last: 5001276221 ns, Reaching safepoint: 61908 ns, Cleanup: 17954 ns, At safepoint: 12133 ns, Total: 91995 ns
[2025-05-26T05:24:12.357+0000][71][info ][safepoint   ] Safepoint "Cleanup", Time since last: 10001849453 ns, Reaching safepoint: 120023 ns, Cleanup: 21233 ns, At safepoint: 12222 ns, Total: 153478 ns
[2025-05-26T05:24:15.359+0000][71][info ][safepoint   ] Safepoint "Cleanup", Time since last: 3001098420 ns, Reaching safepoint: 25281 ns, Cleanup: 17207 ns, At safepoint: 10559 ns, Total: 53047 ns
[2025-05-26T05:24:18.361+0000][71][info ][safepoint   ] Safepoint "Cleanup", Time since last: 3002712167 ns, Reaching safepoint: 195696 ns, Cleanup: 18938 ns, At safepoint: 20979 ns, Total: 235613 ns
[2025-05-26T05:24:27.154+0000][71][info ][safepoint   ] Safepoint "Cleanup", Time since last: 8795453835 ns, Reaching safepoint: 22868 ns, Cleanup: 14382 ns, At safepoint: 8618 ns, Total: 45868 ns
[2025-05-26T05:24:32.156+0000][71][info ][safepoint   ] Safepoint "Cleanup", Time since last: 5001316174 ns, Reaching safepoint: 72374 ns, Cleanup: 16644 ns, At safepoint: 16936 ns, Total: 105954 ns
[2025-05-26T05:24:33.156+0000][71][info ][safepoint   ] Safepoint "Cleanup", Time since last: 1000714884 ns, Reaching safepoint: 35242 ns, Cleanup: 16790 ns, At safepoint: 16761 ns, Total: 68793 ns
[2025-05-26T05:24:34.370+0000][71][info ][safepoint   ] Safepoint "Cleanup", Time since last: 1213531515 ns, Reaching safepoint: 30250 ns, Cleanup: 23455 ns, At safepoint: 10564 ns, Total: 64269 ns
[2025-05-26T05:24:38.408+0000][71][info ][safepoint   ] Safepoint "Cleanup", Time since last: 4037386953 ns, Reaching safepoint: 23604 ns, Cleanup: 14486 ns, At safepoint: 7726 ns, Total: 45816 ns
[2025-05-26T05:24:42.409+0000][71][info ][safepoint   ] Safepoint "Cleanup", Time since last: 4001303198 ns, Reaching safepoint: 26930 ns, Cleanup: 22212 ns, At safepoint: 8869 ns, Total: 58011 ns
[2025-05-26T05:24:43.411+0000][71][info ][safepoint   ] Safepoint "Cleanup", Time since last: 1001803563 ns, Reaching safepoint: 33837 ns, Cleanup: 22584 ns, At safepoint: 18661 ns, Total: 75082 ns
[2025-05-26T05:24:44.411+0000][71][info ][safepoint   ] Safepoint "Cleanup", Time since last: 1000576285 ns, Reaching safepoint: 17983 ns, Cleanup: 13464 ns, At safepoint: 7052 ns, Total: 38499 ns
[2025-05-26T05:24:48.413+0000][71][info ][safepoint   ] Safepoint "Cleanup", Time since last: 4001100493 ns, Reaching safepoint: 75719 ns, Cleanup: 17211 ns, At safepoint: 16176 ns, Total: 109106 ns
[2025-05-26T05:24:50.414+0000][71][info ][safepoint   ] Safepoint "Cleanup", Time since last: 2001498546 ns, Reaching safepoint: 22437 ns, Cleanup: 16322 ns, At safepoint: 9035 ns, Total: 47794 ns
[2025-05-26T05:24:56.415+0000][71][info ][safepoint   ] Safepoint "Cleanup", Time since last: 6003315024 ns, Reaching safepoint: 27160 ns, Cleanup: 16710 ns, At safepoint: 9004 ns, Total: 52874 ns
[2025-05-26T05:25:05.423+0000][71][info ][safepoint   ] Safepoint "Cleanup", Time since last: 9007804997 ns, Reaching safepoint: 53896 ns, Cleanup: 15165 ns, At safepoint: 8370 ns, Total: 77431 ns
[2025-05-26T05:25:07.423+0000][71][info ][safepoint   ] Safepoint "Cleanup", Time since last: 2000716167 ns, Reaching safepoint: 25863 ns, Cleanup: 22515 ns, At safepoint: 10614 ns, Total: 58992 ns
[2025-05-26T05:25:09.424+0000][71][info ][safepoint   ] Safepoint "Cleanup", Time since last: 2000702691 ns, Reaching safepoint: 27185 ns, Cleanup: 16554 ns, At safepoint: 10156 ns, Total: 53895 ns
[2025-05-26T05:25:17.427+0000][71][info ][safepoint   ] Safepoint "Cleanup", Time since last: 8002968828 ns, Reaching safepoint: 59204 ns, Cleanup: 15537 ns, At safepoint: 12390 ns, Total: 87131 ns
[2025-05-26T05:25:18.428+0000][71][info ][safepoint   ] Safepoint "Cleanup", Time since last: 1000697999 ns, Reaching safepoint: 33662 ns, Cleanup: 22056 ns, At safepoint: 17054 ns, Total: 72772 ns
[2025-05-26T05:25:19.429+0000][71][info ][safepoint   ] Safepoint "Cleanup", Time since last: 1000727257 ns, Reaching safepoint: 23939 ns, Cleanup: 16768 ns, At safepoint: 9497 ns, Total: 50204 ns
[2025-05-26T05:25:22.184+0000][71][info ][safepoint   ] Safepoint "Cleanup", Time since last: 2755036367 ns, Reaching safepoint: 27697 ns, Cleanup: 19738 ns, At safepoint: 9709 ns, Total: 57144 ns
[2025-05-26T05:25:27.190+0000][71][info ][safepoint   ] Safepoint "Cleanup", Time since last: 5010212244 ns, Reaching safepoint: 22778 ns, Cleanup: 15579 ns, At safepoint: 10957 ns, Total: 49314 ns
[2025-05-26T05:25:36.182+0000][71][info ][safepoint   ] Safepoint "Cleanup", Time since last: 8991904819 ns, Reaching safepoint: 27353 ns, Cleanup: 26818 ns, At safepoint: 66353 ns, Total: 120524 ns
[2025-05-26T05:25:37.463+0000][71][info ][safepoint   ] Safepoint "Cleanup", Time since last: 1281480762 ns, Reaching safepoint: 21034 ns, Cleanup: 25853 ns, At safepoint: 8203 ns, Total: 55090 ns
[2025-05-26T05:25:39.465+0000][71][info ][safepoint   ] Safepoint "Cleanup", Time since last: 2001627550 ns, Reaching safepoint: 30651 ns, Cleanup: 14836 ns, At safepoint: 15239 ns, Total: 60726 ns
[2025-05-26T05:25:42.466+0000][71][info ][safepoint   ] Safepoint "Cleanup", Time since last: 3000873650 ns, Reaching safepoint: 27700 ns, Cleanup: 23069 ns, At safepoint: 11606 ns, Total: 62375 ns
[2025-05-26T05:25:45.467+0000][71][info ][safepoint   ] Safepoint "Cleanup", Time since last: 3001534784 ns, Reaching safepoint: 29365 ns, Cleanup: 15725 ns, At safepoint: 10006 ns, Total: 55096 ns
[2025-05-26T05:25:47.473+0000][71][info ][safepoint   ] Safepoint "Cleanup", Time since last: 2005160186 ns, Reaching safepoint: 32817 ns, Cleanup: 24461 ns, At safepoint: 17017 ns, Total: 74295 ns
[2025-05-26T05:25:52.474+0000][71][info ][safepoint   ] Safepoint "Cleanup", Time since last: 5001709191 ns, Reaching safepoint: 44626 ns, Cleanup: 17683 ns, At safepoint: 7537 ns, Total: 69846 ns
[2025-05-26T05:26:12.477+0000][71][info ][safepoint   ] Safepoint "Cleanup", Time since last: 20003799472 ns, Reaching safepoint: 75485 ns, Cleanup: 23093 ns, At safepoint: 16255 ns, Total: 114833 ns
[2025-05-26T05:26:16.478+0000][71][info ][safepoint   ] Safepoint "Cleanup", Time since last: 4001106171 ns, Reaching safepoint: 19988 ns, Cleanup: 24985 ns, At safepoint: 8504 ns, Total: 53477 ns
[2025-05-26T05:26:17.479+0000][71][info ][safepoint   ] Safepoint "Cleanup", Time since last: 1000591557 ns, Reaching safepoint: 27007 ns, Cleanup: 17423 ns, At safepoint: 10968 ns, Total: 55398 ns
[2025-05-26T05:26:21.214+0000][71][info ][safepoint   ] Safepoint "Cleanup", Time since last: 3734649347 ns, Reaching safepoint: 32332 ns, Cleanup: 18736 ns, At safepoint: 16802 ns, Total: 67870 ns
[2025-05-26T05:26:32.214+0000][71][info ][safepoint   ] Safepoint "Cleanup", Time since last: 11002123751 ns, Reaching safepoint: 21767 ns, Cleanup: 14524 ns, At safepoint: 9252 ns, Total: 45543 ns
[2025-05-26T05:26:35.215+0000][71][info ][safepoint   ] Safepoint "Cleanup", Time since last: 3000935786 ns, Reaching safepoint: 69027 ns, Cleanup: 23360 ns, At safepoint: 31271 ns, Total: 123658 ns
[2025-05-26T05:26:37.215+0000][71][info ][safepoint   ] Safepoint "Cleanup", Time since last: 2000791470 ns, Reaching safepoint: 26332 ns, Cleanup: 16751 ns, At safepoint: 9996 ns, Total: 53079 ns
[2025-05-26T05:26:39.488+0000][71][info ][safepoint   ] Safepoint "Cleanup", Time since last: 2272062308 ns, Reaching safepoint: 12077 ns, Cleanup: 17817 ns, At safepoint: 32908 ns, Total: 62802 ns
[2025-05-26T05:26:42.517+0000][71][info ][safepoint   ] Safepoint "Cleanup", Time since last: 3028855574 ns, Reaching safepoint: 18955 ns, Cleanup: 23913 ns, At safepoint: 8456 ns, Total: 51324 ns
[2025-05-26T05:26:57.516+0000][71][info ][safepoint   ] Safepoint "Cleanup", Time since last: 15002415017 ns, Reaching safepoint: 19725 ns, Cleanup: 13985 ns, At safepoint: 7789 ns, Total: 41499 ns
[2025-05-26T05:27:02.520+0000][71][info ][safepoint   ] Safepoint "Cleanup", Time since last: 5003705232 ns, Reaching safepoint: 22507 ns, Cleanup: 16712 ns, At safepoint: 10004 ns, Total: 49223 ns
[2025-05-26T05:27:04.521+0000][71][info ][safepoint   ] Safepoint "Cleanup", Time since last: 2000803419 ns, Reaching safepoint: 33572 ns, Cleanup: 27044 ns, At safepoint: 10745 ns, Total: 71361 ns
[2025-05-26T05:27:12.522+0000][71][info ][safepoint   ] Safepoint "Cleanup", Time since last: 8001448244 ns, Reaching safepoint: 57823 ns, Cleanup: 15693 ns, At safepoint: 9089 ns, Total: 82605 ns
[2025-05-26T05:27:14.523+0000][71][info ][safepoint   ] Safepoint "Cleanup", Time since last: 2000744621 ns, Reaching safepoint: 29546 ns, Cleanup: 18709 ns, At safepoint: 12156 ns, Total: 60411 ns
[2025-05-26T05:27:22.242+0000][71][info ][safepoint   ] Safepoint "Cleanup", Time since last: 7718268874 ns, Reaching safepoint: 32722 ns, Cleanup: 18494 ns, At safepoint: 16002 ns, Total: 67218 ns
[2025-05-26T05:27:30.241+0000][71][info ][safepoint   ] Safepoint "Cleanup", Time since last: 8001677233 ns, Reaching safepoint: 30645 ns, Cleanup: 19015 ns, At safepoint: 14804 ns, Total: 64464 ns
[2025-05-26T05:27:37.243+0000][71][info ][safepoint   ] Safepoint "Cleanup", Time since last: 7001994858 ns, Reaching safepoint: 72286 ns, Cleanup: 18764 ns, At safepoint: 18301 ns, Total: 109351 ns
[2025-05-26T05:27:39.244+0000][71][info ][safepoint   ] Safepoint "Cleanup", Time since last: 2000861900 ns, Reaching safepoint: 23730 ns, Cleanup: 16399 ns, At safepoint: 9384 ns, Total: 49513 ns
[2025-05-26T05:27:42.194+0000][71][info ][safepoint   ] Safepoint "Cleanup", Time since last: 2950137964 ns, Reaching safepoint: 6116 ns, Cleanup: 12969 ns, At safepoint: 12733 ns, Total: 31818 ns
[2025-05-26T05:27:43.575+0000][71][info ][safepoint   ] Safepoint "Cleanup", Time since last: 1380658155 ns, Reaching safepoint: 92831 ns, Cleanup: 34576 ns, At safepoint: 19222 ns, Total: 146629 ns
[2025-05-26T05:27:51.577+0000][71][info ][safepoint   ] Safepoint "Cleanup", Time since last: 8001688568 ns, Reaching safepoint: 68465 ns, Cleanup: 16570 ns, At safepoint: 11194 ns, Total: 96229 ns
[2025-05-26T05:27:52.578+0000][71][info ][safepoint   ] Safepoint "Cleanup", Time since last: 1000720157 ns, Reaching safepoint: 34145 ns, Cleanup: 25402 ns, At safepoint: 17970 ns, Total: 77517 ns
[2025-05-26T05:27:57.163+0000][71][info ][safepoint   ] Safepoint "Cleanup", Time since last: 4588800067 ns, Reaching safepoint: 6573 ns, Cleanup: 8904 ns, At safepoint: 12418 ns, Total: 27895 ns
[2025-05-26T05:27:58.598+0000][71][info ][safepoint   ] Safepoint "Cleanup", Time since last: 1434914152 ns, Reaching safepoint: 33947 ns, Cleanup: 22506 ns, At safepoint: 18432 ns, Total: 74885 ns
[2025-05-26T05:28:00.184+0000][71][info ][safepoint   ] Safepoint "Cleanup", Time since last: 1585806987 ns, Reaching safepoint: 6137 ns, Cleanup: 7751 ns, At safepoint: 12332 ns, Total: 26220 ns
[2025-05-26T05:28:01.632+0000][71][info ][safepoint   ] Safepoint "Cleanup", Time since last: 1447584900 ns, Reaching safepoint: 19554 ns, Cleanup: 16216 ns, At safepoint: 7712 ns, Total: 43482 ns
[2025-05-26T05:28:04.659+0000][71][info ][safepoint   ] Safepoint "Cleanup", Time since last: 3027506911 ns, Reaching safepoint: 26817 ns, Cleanup: 17639 ns, At safepoint: 11447 ns, Total: 55903 ns
[2025-05-26T05:28:15.662+0000][71][info ][safepoint   ] Safepoint "Cleanup", Time since last: 11002427233 ns, Reaching safepoint: 67251 ns, Cleanup: 18052 ns, At safepoint: 11872 ns, Total: 97175 ns
[2025-05-26T05:28:18.668+0000][71][info ][safepoint   ] Safepoint "Cleanup", Time since last: 3005768384 ns, Reaching safepoint: 32115 ns, Cleanup: 17514 ns, At safepoint: 18742 ns, Total: 68371 ns
[2025-05-26T05:28:21.758+0000][71][info ][safepoint   ] Safepoint "Cleanup", Time since last: 3090385775 ns, Reaching safepoint: 24020 ns, Cleanup: 13766 ns, At safepoint: 81038 ns, Total: 118824 ns
[2025-05-26T05:28:23.190+0000][71][info ][safepoint   ] Safepoint "Cleanup", Time since last: 1433926455 ns, Reaching safepoint: 33335 ns, Cleanup: 30277 ns, At safepoint: 17434 ns, Total: 81046 ns
[2025-05-26T05:28:24.191+0000][71][info ][safepoint   ] Safepoint "Cleanup", Time since last: 1000754739 ns, Reaching safepoint: 31297 ns, Cleanup: 18899 ns, At safepoint: 14638 ns, Total: 64834 ns
[2025-05-26T05:28:37.193+0000][71][info ][safepoint   ] Safepoint "Cleanup", Time since last: 13002547722 ns, Reaching safepoint: 142128 ns, Cleanup: 21229 ns, At safepoint: 39475 ns, Total: 202832 ns
[2025-05-26T05:28:39.194+0000][71][info ][safepoint   ] Safepoint "Cleanup", Time since last: 2000944368 ns, Reaching safepoint: 19035 ns, Cleanup: 14658 ns, At safepoint: 7645 ns, Total: 41338 ns
[2025-05-26T05:28:42.196+0000][71][info ][safepoint   ] Safepoint "Cleanup", Time since last: 3001631228 ns, Reaching safepoint: 19439 ns, Cleanup: 18355 ns, At safepoint: 7599 ns, Total: 45393 ns
[2025-05-26T05:28:45.205+0000][71][info ][safepoint   ] Safepoint "Cleanup", Time since last: 3008854240 ns, Reaching safepoint: 149632 ns, Cleanup: 19810 ns, At safepoint: 124876 ns, Total: 294318 ns
[2025-05-26T05:28:46.713+0000][71][info ][safepoint   ] Safepoint "Cleanup", Time since last: 1508044419 ns, Reaching safepoint: 33947 ns, Cleanup: 21020 ns, At safepoint: 90927 ns, Total: 145894 ns
[2025-05-26T05:28:51.715+0000][71][info ][safepoint   ] Safepoint "Cleanup", Time since last: 5001339579 ns, Reaching safepoint: 69915 ns, Cleanup: 13626 ns, At safepoint: 8991 ns, Total: 92532 ns
[2025-05-26T05:28:54.713+0000][71][info ][safepoint   ] Safepoint "Cleanup", Time since last: 3001012238 ns, Reaching safepoint: 30069 ns, Cleanup: 18333 ns, At safepoint: 15212 ns, Total: 63614 ns
[2025-05-26T05:28:57.714+0000][71][info ][safepoint   ] Safepoint "Cleanup", Time since last: 3001108537 ns, Reaching safepoint: 20051 ns, Cleanup: 13529 ns, At safepoint: 8856 ns, Total: 42436 ns
[2025-05-26T05:29:01.718+0000][71][info ][safepoint   ] Safepoint "Cleanup", Time since last: 4003919168 ns, Reaching safepoint: 19477 ns, Cleanup: 14501 ns, At safepoint: 9006 ns, Total: 42984 ns
[2025-05-26T05:29:09.721+0000][71][info ][safepoint   ] Safepoint "Cleanup", Time since last: 8001937191 ns, Reaching safepoint: 80271 ns, Cleanup: 21317 ns, At safepoint: 18745 ns, Total: 120333 ns
[2025-05-26T05:29:12.721+0000][71][info ][safepoint   ] Safepoint "Cleanup", Time since last: 3000848010 ns, Reaching safepoint: 25971 ns, Cleanup: 15956 ns, At safepoint: 10847 ns, Total: 52774 ns
[2025-05-26T05:29:27.308+0000][71][info ][safepoint   ] Safepoint "Cleanup", Time since last: 14589175392 ns, Reaching safepoint: 31976 ns, Cleanup: 16917 ns, At safepoint: 19480 ns, Total: 68373 ns
[2025-05-26T05:29:33.310+0000][71][info ][safepoint   ] Safepoint "Cleanup", Time since last: 6001411345 ns, Reaching safepoint: 34823 ns, Cleanup: 19432 ns, At safepoint: 18748 ns, Total: 73003 ns
[2025-05-26T05:29:37.314+0000][71][info ][safepoint   ] Safepoint "Cleanup", Time since last: 4004865456 ns, Reaching safepoint: 35003 ns, Cleanup: 19306 ns, At safepoint: 18713 ns, Total: 73022 ns
[2025-05-26T05:29:43.317+0000][71][info ][safepoint   ] Safepoint "Cleanup", Time since last: 6001913662 ns, Reaching safepoint: 109854 ns, Cleanup: 17934 ns, At safepoint: 16975 ns, Total: 144763 ns
[2025-05-26T05:29:48.197+0000][71][info ][safepoint   ] Safepoint "Cleanup", Time since last: 4880543704 ns, Reaching safepoint: 9173 ns, Cleanup: 13152 ns, At safepoint: 14703 ns, Total: 37028 ns
[2025-05-26T05:29:49.767+0000][71][info ][safepoint   ] Safepoint "Cleanup", Time since last: 1569754089 ns, Reaching safepoint: 18049 ns, Cleanup: 14075 ns, At safepoint: 8681 ns, Total: 40805 ns
[2025-05-26T05:29:51.768+0000][71][info ][safepoint   ] Safepoint "Cleanup", Time since last: 2000828745 ns, Reaching safepoint: 159546 ns, Cleanup: 14960 ns, At safepoint: 54204 ns, Total: 228710 ns
[2025-05-26T05:29:57.767+0000][71][info ][safepoint   ] Safepoint "Cleanup", Time since last: 6001219942 ns, Reaching safepoint: 65535 ns, Cleanup: 13156 ns, At safepoint: 8868 ns, Total: 87559 ns
[2025-05-26T05:30:07.783+0000][71][info ][safepoint   ] Safepoint "Cleanup", Time since last: 10015678928 ns, Reaching safepoint: 35358 ns, Cleanup: 23558 ns, At safepoint: 13268 ns, Total: 72184 ns
[2025-05-26T05:30:22.339+0000][71][info ][safepoint   ] Safepoint "Cleanup", Time since last: 14556867549 ns, Reaching safepoint: 18877 ns, Cleanup: 13961 ns, At safepoint: 7161 ns, Total: 39999 ns
[2025-05-26T05:30:30.339+0000][71][info ][safepoint   ] Safepoint "Cleanup", Time since last: 8001828894 ns, Reaching safepoint: 32425 ns, Cleanup: 17095 ns, At safepoint: 10584 ns, Total: 60104 ns
[2025-05-26T05:30:36.344+0000][71][info ][safepoint   ] Safepoint "Cleanup", Time since last: 6004999989 ns, Reaching safepoint: 28530 ns, Cleanup: 16491 ns, At safepoint: 10799 ns, Total: 55820 ns
[2025-05-26T05:30:37.345+0000][71][info ][safepoint   ] Safepoint "Cleanup", Time since last: 1000592531 ns, Reaching safepoint: 31608 ns, Cleanup: 16003 ns, At safepoint: 16076 ns, Total: 63687 ns
[2025-05-26T05:30:42.346+0000][71][info ][safepoint   ] Safepoint "Cleanup", Time since last: 5001325250 ns, Reaching safepoint: 67114 ns, Cleanup: 24314 ns, At safepoint: 42849 ns, Total: 134277 ns
[2025-05-26T05:30:51.209+0000][71][info ][safepoint   ] Safepoint "Cleanup", Time since last: 8862939452 ns, Reaching safepoint: 11423 ns, Cleanup: 10426 ns, At safepoint: 3734 ns, Total: 25583 ns
[2025-05-26T05:30:52.810+0000][71][info ][safepoint   ] Safepoint "Cleanup", Time since last: 1601290965 ns, Reaching safepoint: 32141 ns, Cleanup: 17086 ns, At safepoint: 15560 ns, Total: 64787 ns
[2025-05-26T05:30:57.810+0000][71][info ][safepoint   ] Safepoint "Cleanup", Time since last: 5001434187 ns, Reaching safepoint: 80672 ns, Cleanup: 17223 ns, At safepoint: 11482 ns, Total: 109377 ns
[2025-05-26T05:31:00.811+0000][71][info ][safepoint   ] Safepoint "Cleanup", Time since last: 3001024671 ns, Reaching safepoint: 33161 ns, Cleanup: 27472 ns, At safepoint: 13708 ns, Total: 74341 ns
[2025-05-26T05:31:11.813+0000][71][info ][safepoint   ] Safepoint "Cleanup", Time since last: 11002548176 ns, Reaching safepoint: 82064 ns, Cleanup: 15468 ns, At safepoint: 8665 ns, Total: 106197 ns
[2025-05-26T05:31:15.815+0000][71][info ][safepoint   ] Safepoint "Cleanup", Time since last: 4001134991 ns, Reaching safepoint: 178353 ns, Cleanup: 21578 ns, At safepoint: 20794 ns, Total: 220725 ns
[2025-05-26T05:31:16.816+0000][71][info ][safepoint   ] Safepoint "Cleanup", Time since last: 1001086449 ns, Reaching safepoint: 36573 ns, Cleanup: 19496 ns, At safepoint: 17162 ns, Total: 73231 ns
[2025-05-26T05:31:18.817+0000][71][info ][safepoint   ] Safepoint "Cleanup", Time since last: 2001268016 ns, Reaching safepoint: 25087 ns, Cleanup: 14968 ns, At safepoint: 9520 ns, Total: 49575 ns
[2025-05-26T05:31:22.370+0000][71][info ][safepoint   ] Safepoint "Cleanup", Time since last: 3553229598 ns, Reaching safepoint: 30356 ns, Cleanup: 15917 ns, At safepoint: 15718 ns, Total: 61991 ns
[2025-05-26T05:31:53.370+0000][71][info ][safepoint   ] Safepoint "Cleanup", Time since last: 31005618457 ns, Reaching safepoint: 178494 ns, Cleanup: 19541 ns, At safepoint: 14209 ns, Total: 212244 ns
[2025-05-26T05:31:54.831+0000][71][info ][safepoint   ] Safepoint "Cleanup", Time since last: 1460320750 ns, Reaching safepoint: 16787 ns, Cleanup: 53755 ns, At safepoint: 101525 ns, Total: 172067 ns
[2025-05-26T05:31:55.862+0000][71][info ][safepoint   ] Safepoint "Cleanup", Time since last: 1030935150 ns, Reaching safepoint: 27486 ns, Cleanup: 15715 ns, At safepoint: 12056 ns, Total: 55257 ns
[2025-05-26T05:31:57.869+0000][71][info ][safepoint   ] Safepoint "Cleanup", Time since last: 2007416451 ns, Reaching safepoint: 73657 ns, Cleanup: 17312 ns, At safepoint: 16536 ns, Total: 107505 ns
[2025-05-26T05:31:58.870+0000][71][info ][safepoint   ] Safepoint "Cleanup", Time since last: 1000654762 ns, Reaching safepoint: 31219 ns, Cleanup: 16664 ns, At safepoint: 14857 ns, Total: 62740 ns
[2025-05-26T05:32:04.872+0000][71][info ][safepoint   ] Safepoint "Cleanup", Time since last: 6001656172 ns, Reaching safepoint: 20436 ns, Cleanup: 15018 ns, At safepoint: 7563 ns, Total: 43017 ns
[2025-05-26T05:32:09.873+0000][71][info ][safepoint   ] Safepoint "Cleanup", Time since last: 5001229294 ns, Reaching safepoint: 18403 ns, Cleanup: 13745 ns, At safepoint: 8239 ns, Total: 40387 ns
[2025-05-26T05:32:24.398+0000][71][info ][safepoint   ] Safepoint "Cleanup", Time since last: 14527303573 ns, Reaching safepoint: 20159 ns, Cleanup: 52083 ns, At safepoint: 67184 ns, Total: 139426 ns
[2025-05-26T05:32:27.399+0000][71][info ][safepoint   ] Safepoint "Cleanup", Time since last: 3000821564 ns, Reaching safepoint: 55827 ns, Cleanup: 14059 ns, At safepoint: 66582 ns, Total: 136468 ns
[2025-05-26T05:32:32.401+0000][71][info ][safepoint   ] Safepoint "Cleanup", Time since last: 5001739029 ns, Reaching safepoint: 32791 ns, Cleanup: 109202 ns, At safepoint: 23215 ns, Total: 165208 ns
[2025-05-26T05:32:47.405+0000][71][info ][safepoint   ] Safepoint "Cleanup", Time since last: 15003753705 ns, Reaching safepoint: 64424 ns, Cleanup: 16630 ns, At safepoint: 12871 ns, Total: 93925 ns
[2025-05-26T05:32:52.406+0000][71][info ][safepoint   ] Safepoint "Cleanup", Time since last: 5001335752 ns, Reaching safepoint: 31390 ns, Cleanup: 18440 ns, At safepoint: 16191 ns, Total: 66021 ns
[2025-05-26T05:32:57.166+0000][71][info ][safepoint   ] Safepoint "Cleanup", Time since last: 4760671678 ns, Reaching safepoint: 541716 ns, Cleanup: 16943 ns, At safepoint: 228731 ns, Total: 787390 ns
[2025-05-26T05:32:58.919+0000][71][info ][safepoint   ] Safepoint "Cleanup", Time since last: 1752804346 ns, Reaching safepoint: 30732 ns, Cleanup: 17163 ns, At safepoint: 100548 ns, Total: 148443 ns
[2025-05-26T05:33:00.174+0000][71][info ][safepoint   ] Safepoint "Cleanup", Time since last: 1255243648 ns, Reaching safepoint: 12040 ns, Cleanup: 10481 ns, At safepoint: 18690 ns, Total: 41211 ns
[2025-05-26T05:33:01.939+0000][71][info ][safepoint   ] Safepoint "Cleanup", Time since last: 1764863237 ns, Reaching safepoint: 30774 ns, Cleanup: 23692 ns, At safepoint: 15955 ns, Total: 70421 ns
[2025-05-26T05:33:03.172+0000][71][info ][safepoint   ] Safepoint "Cleanup", Time since last: 1232756695 ns, Reaching safepoint: 14805 ns, Cleanup: 13790 ns, At safepoint: 16801 ns, Total: 45396 ns
[2025-05-26T05:33:04.973+0000][71][info ][safepoint   ] Safepoint "Cleanup", Time since last: 1800870590 ns, Reaching safepoint: 24742 ns, Cleanup: 25402 ns, At safepoint: 11344 ns, Total: 61488 ns
[2025-05-26T05:33:05.994+0000][71][info ][safepoint   ] Safepoint "Cleanup", Time since last: 1021553070 ns, Reaching safepoint: 31175 ns, Cleanup: 23984 ns, At safepoint: 15007 ns, Total: 70166 ns
[2025-05-26T05:33:19.001+0000][71][info ][safepoint   ] Safepoint "Cleanup", Time since last: 13006714048 ns, Reaching safepoint: 58020 ns, Cleanup: 18462 ns, At safepoint: 9663 ns, Total: 86145 ns
[2025-05-26T05:33:23.450+0000][71][info ][safepoint   ] Safepoint "Cleanup", Time since last: 4451593864 ns, Reaching safepoint: 26273 ns, Cleanup: 14362 ns, At safepoint: 31138 ns, Total: 71773 ns
[2025-05-26T05:33:27.452+0000][71][info ][safepoint   ] Safepoint "Cleanup", Time since last: 4002407931 ns, Reaching safepoint: 35833 ns, Cleanup: 19799 ns, At safepoint: 17463 ns, Total: 73095 ns
[2025-05-26T05:33:37.455+0000][71][info ][safepoint   ] Safepoint "Cleanup", Time since last: 10002177463 ns, Reaching safepoint: 32894 ns, Cleanup: 17445 ns, At safepoint: 16518 ns, Total: 66857 ns
[2025-05-26T05:33:42.456+0000][71][info ][safepoint   ] Safepoint "Cleanup", Time since last: 5001813665 ns, Reaching safepoint: 20485 ns, Cleanup: 20386 ns, At safepoint: 9761 ns, Total: 50632 ns
[2025-05-26T05:33:54.456+0000][71][info ][safepoint   ] Safepoint "Cleanup", Time since last: 12002070169 ns, Reaching safepoint: 182945 ns, Cleanup: 16821 ns, At safepoint: 18572 ns, Total: 218338 ns
[2025-05-26T05:34:00.184+0000][71][info ][safepoint   ] Safepoint "Cleanup", Time since last: 5728060594 ns, Reaching safepoint: 88984 ns, Cleanup: 10945 ns, At safepoint: 53537 ns, Total: 153466 ns
[2025-05-26T05:34:02.044+0000][71][info ][safepoint   ] Safepoint "Cleanup", Time since last: 1859475635 ns, Reaching safepoint: 30157 ns, Cleanup: 37172 ns, At safepoint: 11681 ns, Total: 79010 ns
[2025-05-26T05:34:03.045+0000][71][info ][safepoint   ] Safepoint "Cleanup", Time since last: 1001184159 ns, Reaching safepoint: 32168 ns, Cleanup: 20700 ns, At safepoint: 15925 ns, Total: 68793 ns
[2025-05-26T05:34:10.047+0000][71][info ][safepoint   ] Safepoint "Cleanup", Time since last: 7001507323 ns, Reaching safepoint: 152721 ns, Cleanup: 20226 ns, At safepoint: 136746 ns, Total: 309693 ns
[2025-05-26T05:34:12.048+0000][71][info ][safepoint   ] Safepoint "Cleanup", Time since last: 2000755096 ns, Reaching safepoint: 24866 ns, Cleanup: 12460 ns, At safepoint: 8495 ns, Total: 45821 ns
[2025-05-26T05:34:13.049+0000][71][info ][safepoint   ] Safepoint "Cleanup", Time since last: 1000690809 ns, Reaching safepoint: 23410 ns, Cleanup: 15260 ns, At safepoint: 8632 ns, Total: 47302 ns
[2025-05-26T05:34:27.463+0000][71][info ][safepoint   ] Safepoint "Cleanup", Time since last: 14417083121 ns, Reaching safepoint: 29540 ns, Cleanup: 21229 ns, At safepoint: 9755 ns, Total: 60524 ns
[2025-05-26T05:34:32.465+0000][71][info ][safepoint   ] Safepoint "Cleanup", Time since last: 5001204361 ns, Reaching safepoint: 160659 ns, Cleanup: 17581 ns, At safepoint: 37905 ns, Total: 216145 ns
[2025-05-26T05:34:42.467+0000][71][info ][safepoint   ] Safepoint "Cleanup", Time since last: 10001966567 ns, Reaching safepoint: 34067 ns, Cleanup: 19726 ns, At safepoint: 16048 ns, Total: 69841 ns
[2025-05-26T05:34:51.468+0000][71][info ][safepoint   ] Safepoint "Cleanup", Time since last: 9001799023 ns, Reaching safepoint: 68672 ns, Cleanup: 15666 ns, At safepoint: 15438 ns, Total: 99776 ns
[2025-05-26T05:34:52.469+0000][71][info ][safepoint   ] Safepoint "Cleanup", Time since last: 1000621008 ns, Reaching safepoint: 24604 ns, Cleanup: 16589 ns, At safepoint: 9822 ns, Total: 51015 ns
[2025-05-26T05:34:57.469+0000][71][info ][safepoint   ] Safepoint "Cleanup", Time since last: 5001694893 ns, Reaching safepoint: 24760 ns, Cleanup: 14274 ns, At safepoint: 9093 ns, Total: 48127 ns
[2025-05-26T05:34:58.469+0000][71][info ][safepoint   ] Safepoint "Cleanup", Time since last: 1000542197 ns, Reaching safepoint: 19772 ns, Cleanup: 13381 ns, At safepoint: 8050 ns, Total: 41203 ns
[2025-05-26T05:35:02.470+0000][71][info ][safepoint   ] Safepoint "Cleanup", Time since last: 4001300475 ns, Reaching safepoint: 67403 ns, Cleanup: 14472 ns, At safepoint: 8241 ns, Total: 90116 ns
[2025-05-26T05:35:04.071+0000][71][info ][safepoint   ] Safepoint "Cleanup", Time since last: 1600629524 ns, Reaching safepoint: 12375 ns, Cleanup: 18779 ns, At safepoint: 20458 ns, Total: 51612 ns
[2025-05-26T05:35:05.091+0000][71][info ][safepoint   ] Safepoint "Cleanup", Time since last: 1020177409 ns, Reaching safepoint: 21219 ns, Cleanup: 14202 ns, At safepoint: 8009 ns, Total: 43430 ns
[2025-05-26T05:35:30.489+0000][71][info ][safepoint   ] Safepoint "Cleanup", Time since last: 25405230262 ns, Reaching safepoint: 31958 ns, Cleanup: 15712 ns, At safepoint: 14120 ns, Total: 61790 ns
[2025-05-26T05:35:32.490+0000][71][info ][safepoint   ] Safepoint "Cleanup", Time since last: 2000805971 ns, Reaching safepoint: 63631 ns, Cleanup: 17567 ns, At safepoint: 29002 ns, Total: 110200 ns
[2025-05-26T05:35:33.491+0000][71][info ][safepoint   ] Safepoint "Cleanup", Time since last: 1000773715 ns, Reaching safepoint: 33640 ns, Cleanup: 18221 ns, At safepoint: 17219 ns, Total: 69080 ns
[2025-05-26T05:35:42.493+0000][71][info ][safepoint   ] Safepoint "Cleanup", Time since last: 9001865075 ns, Reaching safepoint: 52802 ns, Cleanup: 31228 ns, At safepoint: 17659 ns, Total: 101689 ns
[2025-05-26T05:35:57.498+0000][71][info ][safepoint   ] Safepoint "Cleanup", Time since last: 15002816838 ns, Reaching safepoint: 70402 ns, Cleanup: 18647 ns, At safepoint: 16615 ns, Total: 105664 ns
[2025-05-26T05:36:02.499+0000][71][info ][safepoint   ] Safepoint "Cleanup", Time since last: 5001120272 ns, Reaching safepoint: 53936 ns, Cleanup: 15697 ns, At safepoint: 12096 ns, Total: 81729 ns
[2025-05-26T05:36:04.501+0000][71][info ][safepoint   ] Safepoint "Cleanup", Time since last: 2001531716 ns, Reaching safepoint: 24161 ns, Cleanup: 14931 ns, At safepoint: 10004 ns, Total: 49096 ns
[2025-05-26T05:36:05.502+0000][71][info ][safepoint   ] Safepoint "Cleanup", Time since last: 1000544799 ns, Reaching safepoint: 28183 ns, Cleanup: 16517 ns, At safepoint: 9860 ns, Total: 54560 ns
[2025-05-26T05:36:07.120+0000][71][info ][safepoint   ] Safepoint "Cleanup", Time since last: 1618542013 ns, Reaching safepoint: 12523 ns, Cleanup: 23674 ns, At safepoint: 19846 ns, Total: 56043 ns
[2025-05-26T05:36:13.141+0000][71][info ][safepoint   ] Safepoint "Cleanup", Time since last: 6020474995 ns, Reaching safepoint: 25954 ns, Cleanup: 14335 ns, At safepoint: 10193 ns, Total: 50482 ns
[2025-05-26T05:36:17.142+0000][71][info ][safepoint   ] Safepoint "Cleanup", Time since last: 4001280570 ns, Reaching safepoint: 33483 ns, Cleanup: 21100 ns, At safepoint: 15145 ns, Total: 69728 ns
[2025-05-26T05:36:24.524+0000][71][info ][safepoint   ] Safepoint "Cleanup", Time since last: 7385357120 ns, Reaching safepoint: 20247 ns, Cleanup: 14455 ns, At safepoint: 8646 ns, Total: 43348 ns
[2025-05-26T05:36:34.526+0000][71][info ][safepoint   ] Safepoint "Cleanup", Time since last: 10001585613 ns, Reaching safepoint: 31429 ns, Cleanup: 15915 ns, At safepoint: 7287 ns, Total: 54631 ns
[2025-05-26T05:36:42.529+0000][71][info ][safepoint   ] Safepoint "Cleanup", Time since last: 8003025144 ns, Reaching safepoint: 26921 ns, Cleanup: 24375 ns, At safepoint: 13094 ns, Total: 64390 ns
[2025-05-26T05:36:48.531+0000][71][info ][safepoint   ] Safepoint "Cleanup", Time since last: 6001542489 ns, Reaching safepoint: 55978 ns, Cleanup: 16184 ns, At safepoint: 12507 ns, Total: 84669 ns
[2025-05-26T05:36:52.548+0000][71][info ][safepoint   ] Safepoint "Cleanup", Time since last: 4016950795 ns, Reaching safepoint: 28792 ns, Cleanup: 16859 ns, At safepoint: 15526 ns, Total: 61177 ns
[2025-05-26T05:36:53.547+0000][71][info ][safepoint   ] Safepoint "Cleanup", Time since last: 1000561771 ns, Reaching safepoint: 27391 ns, Cleanup: 17433 ns, At safepoint: 11623 ns, Total: 56447 ns
[2025-05-26T05:36:54.548+0000][71][info ][safepoint   ] Safepoint "Cleanup", Time since last: 1000799529 ns, Reaching safepoint: 25688 ns, Cleanup: 14096 ns, At safepoint: 10107 ns, Total: 49891 ns
[2025-05-26T05:36:57.549+0000][71][info ][safepoint   ] Safepoint "Cleanup", Time since last: 3001418827 ns, Reaching safepoint: 25418 ns, Cleanup: 15750 ns, At safepoint: 10176 ns, Total: 51344 ns
[2025-05-26T05:37:04.551+0000][71][info ][safepoint   ] Safepoint "Cleanup", Time since last: 7001786865 ns, Reaching safepoint: 31867 ns, Cleanup: 25181 ns, At safepoint: 15695 ns, Total: 72743 ns
[2025-05-26T05:37:09.153+0000][71][info ][safepoint   ] Safepoint "Cleanup", Time since last: 4601393945 ns, Reaching safepoint: 167236 ns, Cleanup: 8599 ns, At safepoint: 36199 ns, Total: 212034 ns
[2025-05-26T05:37:10.165+0000][71][info ][safepoint   ] Safepoint "Cleanup", Time since last: 1011959440 ns, Reaching safepoint: 27317 ns, Cleanup: 12345 ns, At safepoint: 112763 ns, Total: 152425 ns
[2025-05-26T05:37:15.193+0000][71][info ][safepoint   ] Safepoint "Cleanup", Time since last: 5027907440 ns, Reaching safepoint: 34488 ns, Cleanup: 17799 ns, At safepoint: 17179 ns, Total: 69466 ns
[2025-05-26T05:37:39.556+0000][71][info ][safepoint   ] Safepoint "Cleanup", Time since last: 24366960879 ns, Reaching safepoint: 123560 ns, Cleanup: 18199 ns, At safepoint: 13251 ns, Total: 155010 ns
[2025-05-26T05:37:42.130+0000][71][info ][gc,start    ] GC(17) Pause Young (Normal) (G1 Evacuation Pause)
[2025-05-26T05:37:42.135+0000][71][info ][gc,task     ] GC(17) Using 10 workers of 10 for evacuation
[2025-05-26T05:37:42.138+0000][71][debug][gc,age      ] GC(17) Desired survivor size 77594624 bytes, new threshold 15 (max threshold 15)
[2025-05-26T05:37:42.259+0000][71][info ][gc,phases   ] GC(17)   Pre Evacuate Collection Set: 11.40ms
[2025-05-26T05:37:42.259+0000][71][info ][gc,phases   ] GC(17)   Merge Heap Roots: 3.12ms
[2025-05-26T05:37:42.259+0000][71][info ][gc,phases   ] GC(17)   Evacuate Collection Set: 65.75ms
[2025-05-26T05:37:42.260+0000][71][info ][gc,phases   ] GC(17)   Post Evacuate Collection Set: 8.22ms
[2025-05-26T05:37:42.260+0000][71][info ][gc,phases   ] GC(17)   Other: 36.39ms
[2025-05-26T05:37:42.260+0000][71][trace][gc,age      ] GC(17) Age table with threshold 15 (max threshold 15)
[2025-05-26T05:37:42.260+0000][71][trace][gc,age      ] GC(17) - age   1:    1438256 bytes,    1438256 total
[2025-05-26T05:37:42.261+0000][71][trace][gc,age      ] GC(17) - age   2:    2037936 bytes,    3476192 total
[2025-05-26T05:37:42.261+0000][71][trace][gc,age      ] GC(17) - age   3:    5746952 bytes,    9223144 total
[2025-05-26T05:37:42.261+0000][71][info ][gc,heap     ] GC(17) Eden regions: 288->0(579)
[2025-05-26T05:37:42.261+0000][71][info ][gc,heap     ] GC(17) Survivor regions: 4->3(37)
[2025-05-26T05:37:42.262+0000][71][info ][gc,heap     ] GC(17) Old regions: 27->27
[2025-05-26T05:37:42.262+0000][71][info ][gc,heap     ] GC(17) Humongous regions: 0->0
[2025-05-26T05:37:42.262+0000][71][info ][gc,metaspace] GC(17) Metaspace: 146523K(150592K)->146523K(150592K) NonClass: 126507K(128704K)->126507K(128704K) Class: 20015K(21888K)->20015K(21888K)
[2025-05-26T05:37:42.263+0000][71][info ][gc          ] GC(17) Pause Young (Normal) (G1 Evacuation Pause) 1272M->118M(3880M) 132.562ms
[2025-05-26T05:37:42.263+0000][71][info ][gc,cpu      ] GC(17) User=0.71s Sys=0.00s Real=0.14s
[2025-05-26T05:37:42.263+0000][71][info ][safepoint   ] Safepoint "G1CollectForAllocation", Time since last: 2569957755 ns, Reaching safepoint: 29281 ns, Cleanup: 19943 ns, At safepoint: 137000285 ns, Total: 137049509 ns
[2025-05-26T05:37:51.265+0000][71][info ][safepoint   ] Safepoint "Cleanup", Time since last: 9002020520 ns, Reaching safepoint: 33191 ns, Cleanup: 17533 ns, At safepoint: 17693 ns, Total: 68417 ns
[2025-05-26T05:37:54.265+0000][71][info ][safepoint   ] Safepoint "Cleanup", Time since last: 3001155652 ns, Reaching safepoint: 272449 ns, Cleanup: 12784 ns, At safepoint: 154998 ns, Total: 440231 ns
[2025-05-26T05:37:55.265+0000][71][info ][safepoint   ] Safepoint "Cleanup", Time since last: 1000597831 ns, Reaching safepoint: 17645 ns, Cleanup: 15930 ns, At safepoint: 8304 ns, Total: 41879 ns
[2025-05-26T05:37:57.159+0000][71][info ][safepoint   ] Safepoint "Cleanup", Time since last: 1893055622 ns, Reaching safepoint: 14913 ns, Cleanup: 11841 ns, At safepoint: 64547 ns, Total: 91301 ns
[2025-05-26T05:37:58.273+0000][71][info ][safepoint   ] Safepoint "Cleanup", Time since last: 1114230372 ns, Reaching safepoint: 33414 ns, Cleanup: 261886 ns, At safepoint: 28011 ns, Total: 323311 ns
[2025-05-26T05:37:59.288+0000][71][info ][safepoint   ] Safepoint "Cleanup", Time since last: 1015035080 ns, Reaching safepoint: 32380 ns, Cleanup: 36555 ns, At safepoint: 15159 ns, Total: 84094 ns
[2025-05-26T05:38:03.152+0000][71][info ][safepoint   ] Safepoint "Cleanup", Time since last: 3864204103 ns, Reaching safepoint: 7183 ns, Cleanup: 10187 ns, At safepoint: 20892 ns, Total: 38262 ns
[2025-05-26T05:38:04.322+0000][71][info ][safepoint   ] Safepoint "Cleanup", Time since last: 1169134415 ns, Reaching safepoint: 17125 ns, Cleanup: 17182 ns, At safepoint: 6581 ns, Total: 40888 ns
[2025-05-26T05:38:05.354+0000][71][info ][safepoint   ] Safepoint "Cleanup", Time since last: 1032051872 ns, Reaching safepoint: 78486 ns, Cleanup: 21420 ns, At safepoint: 36950 ns, Total: 136856 ns
[2025-05-26T05:38:06.370+0000][71][info ][safepoint   ] Safepoint "Cleanup", Time since last: 1015918831 ns, Reaching safepoint: 16872 ns, Cleanup: 13201 ns, At safepoint: 17310 ns, Total: 47383 ns
[2025-05-26T05:38:07.379+0000][71][info ][safepoint   ] Safepoint "Cleanup", Time since last: 1009257276 ns, Reaching safepoint: 25648 ns, Cleanup: 21873 ns, At safepoint: 10362 ns, Total: 57883 ns
[2025-05-26T05:38:08.403+0000][71][info ][safepoint   ] Safepoint "Cleanup", Time since last: 1024050535 ns, Reaching safepoint: 33664 ns, Cleanup: 17583 ns, At safepoint: 18245 ns, Total: 69492 ns
[2025-05-26T05:38:12.213+0000][71][info ][safepoint   ] Safepoint "Cleanup", Time since last: 3809635953 ns, Reaching safepoint: 19064 ns, Cleanup: 32027 ns, At safepoint: 93173 ns, Total: 144264 ns
[2025-05-26T05:38:13.450+0000][71][info ][safepoint   ] Safepoint "Cleanup", Time since last: 1236562518 ns, Reaching safepoint: 11402 ns, Cleanup: 18552 ns, At safepoint: 15960 ns, Total: 45914 ns
[2025-05-26T05:38:14.457+0000][71][info ][safepoint   ] Safepoint "Cleanup", Time since last: 1007149625 ns, Reaching safepoint: 28034 ns, Cleanup: 15317 ns, At safepoint: 10142 ns, Total: 53493 ns
[2025-05-26T05:38:21.787+0000][71][info ][safepoint   ] Safepoint "Cleanup", Time since last: 7329621928 ns, Reaching safepoint: 704167 ns, Cleanup: 14553 ns, At safepoint: 83454 ns, Total: 802174 ns
[2025-05-26T05:38:27.648+0000][71][info ][safepoint   ] Safepoint "Cleanup", Time since last: 5862496939 ns, Reaching safepoint: 35190 ns, Cleanup: 16996 ns, At safepoint: 10521 ns, Total: 62707 ns
[2025-05-26T05:38:30.651+0000][71][info ][safepoint   ] Safepoint "Cleanup", Time since last: 3002703687 ns, Reaching safepoint: 83835 ns, Cleanup: 14321 ns, At safepoint: 10135 ns, Total: 108291 ns
[2025-05-26T05:38:32.655+0000][71][info ][safepoint   ] Safepoint "Cleanup", Time since last: 2002001323 ns, Reaching safepoint: 2173392 ns, Cleanup: 23917 ns, At safepoint: 132225 ns, Total: 2329534 ns
[2025-05-26T05:38:39.657+0000][71][info ][safepoint   ] Safepoint "Cleanup", Time since last: 7001356248 ns, Reaching safepoint: 235138 ns, Cleanup: 17188 ns, At safepoint: 105540 ns, Total: 357866 ns
[2025-05-26T05:38:41.658+0000][71][info ][safepoint   ] Safepoint "Cleanup", Time since last: 2000639691 ns, Reaching safepoint: 110657 ns, Cleanup: 14521 ns, At safepoint: 40997 ns, Total: 166175 ns
[2025-05-26T05:38:42.659+0000][71][info ][safepoint   ] Safepoint "Cleanup", Time since last: 1001210707 ns, Reaching safepoint: 32734 ns, Cleanup: 15773 ns, At safepoint: 292655 ns, Total: 341162 ns
[2025-05-26T05:38:52.661+0000][71][info ][safepoint   ] Safepoint "Cleanup", Time since last: 10001806513 ns, Reaching safepoint: 95967 ns, Cleanup: 17660 ns, At safepoint: 10998 ns, Total: 124625 ns
[2025-05-26T05:38:54.660+0000][71][info ][safepoint   ] Safepoint "Cleanup", Time since last: 2001191177 ns, Reaching safepoint: 28003 ns, Cleanup: 15551 ns, At safepoint: 11064 ns, Total: 54618 ns
[2025-05-26T05:38:57.661+0000][71][info ][safepoint   ] Safepoint "Cleanup", Time since last: 3001481974 ns, Reaching safepoint: 18564 ns, Cleanup: 14063 ns, At safepoint: 8101 ns, Total: 40728 ns
[2025-05-26T05:39:00.663+0000][71][info ][safepoint   ] Safepoint "Cleanup", Time since last: 3001452672 ns, Reaching safepoint: 27261 ns, Cleanup: 17723 ns, At safepoint: 10488 ns, Total: 55472 ns
[2025-05-26T05:39:15.211+0000][71][info ][safepoint   ] Safepoint "Cleanup", Time since last: 14546922417 ns, Reaching safepoint: 1055314 ns, Cleanup: 49893 ns, At safepoint: 93105 ns, Total: 1198312 ns
[2025-05-26T05:39:16.501+0000][71][info ][safepoint   ] Safepoint "Cleanup", Time since last: 1289922242 ns, Reaching safepoint: 34340 ns, Cleanup: 197882 ns, At safepoint: 26409 ns, Total: 258631 ns
[2025-05-26T05:39:42.615+0000][71][info ][safepoint   ] Safepoint "Cleanup", Time since last: 26117999812 ns, Reaching safepoint: 43306 ns, Cleanup: 15717 ns, At safepoint: 7456 ns, Total: 66479 ns
[2025-05-26T05:40:04.618+0000][71][info ][safepoint   ] Safepoint "Cleanup", Time since last: 22004355768 ns, Reaching safepoint: 80403 ns, Cleanup: 18681 ns, At safepoint: 37585 ns, Total: 136669 ns
[2025-05-26T05:40:18.523+0000][71][info ][safepoint   ] Safepoint "Cleanup", Time since last: 13905375504 ns, Reaching safepoint: 6720 ns, Cleanup: 9603 ns, At safepoint: 12652 ns, Total: 28975 ns
[2025-05-26T05:40:43.647+0000][71][info ][safepoint   ] Safepoint "Cleanup", Time since last: 25125681773 ns, Reaching safepoint: 55901 ns, Cleanup: 14828 ns, At safepoint: 9257 ns, Total: 79986 ns
[2025-05-26T05:41:03.660+0000][71][info ][safepoint   ] Safepoint "Cleanup", Time since last: 20015404391 ns, Reaching safepoint: 52401 ns, Cleanup: 16500 ns, At safepoint: 9759 ns, Total: 78660 ns
[2025-05-26T05:41:12.681+0000][71][info ][safepoint   ] Safepoint "Cleanup", Time since last: 9021832272 ns, Reaching safepoint: 56024 ns, Cleanup: 15497 ns, At safepoint: 11771 ns, Total: 83292 ns
[2025-05-26T05:41:21.566+0000][71][info ][safepoint   ] Safepoint "Cleanup", Time since last: 8884224968 ns, Reaching safepoint: 16822 ns, Cleanup: 13889 ns, At safepoint: 4321 ns, Total: 35032 ns
[2025-05-26T05:41:22.589+0000][71][info ][safepoint   ] Safepoint "Cleanup", Time since last: 1022871602 ns, Reaching safepoint: 32310 ns, Cleanup: 16690 ns, At safepoint: 16083 ns, Total: 65083 ns
[2025-05-26T05:41:31.588+0000][71][info ][safepoint   ] Safepoint "Cleanup", Time since last: 9001868719 ns, Reaching safepoint: 63804 ns, Cleanup: 18091 ns, At safepoint: 10445 ns, Total: 92340 ns
[2025-05-26T05:41:42.591+0000][71][info ][safepoint   ] Safepoint "Cleanup", Time since last: 11002031310 ns, Reaching safepoint: 58907 ns, Cleanup: 18402 ns, At safepoint: 10196 ns, Total: 87505 ns
[2025-05-26T05:42:04.594+0000][71][info ][safepoint   ] Safepoint "Cleanup", Time since last: 22006032859 ns, Reaching safepoint: 26289 ns, Cleanup: 15376 ns, At safepoint: 8395 ns, Total: 50060 ns
[2025-05-26T05:42:18.598+0000][71][info ][safepoint   ] Safepoint "Cleanup", Time since last: 14004016380 ns, Reaching safepoint: 57412 ns, Cleanup: 16552 ns, At safepoint: 10802 ns, Total: 84766 ns
[2025-05-26T05:42:22.703+0000][71][info ][safepoint   ] Safepoint "Cleanup", Time since last: 4104970713 ns, Reaching safepoint: 21773 ns, Cleanup: 13610 ns, At safepoint: 7955 ns, Total: 43338 ns
[2025-05-26T05:42:24.162+0000][71][info ][safepoint   ] Safepoint "Cleanup", Time since last: 1461571867 ns, Reaching safepoint: 155093 ns, Cleanup: 9961 ns, At safepoint: 25589 ns, Total: 190643 ns
[2025-05-26T05:42:25.624+0000][71][info ][safepoint   ] Safepoint "Cleanup", Time since last: 1461666579 ns, Reaching safepoint: 33907 ns, Cleanup: 20517 ns, At safepoint: 16783 ns, Total: 71207 ns
[2025-05-26T05:42:41.627+0000][71][info ][safepoint   ] Safepoint "Cleanup", Time since last: 16002733468 ns, Reaching safepoint: 68524 ns, Cleanup: 21821 ns, At safepoint: 9869 ns, Total: 100214 ns
[2025-05-26T05:42:42.627+0000][71][info ][safepoint   ] Safepoint "Cleanup", Time since last: 1000735505 ns, Reaching safepoint: 40766 ns, Cleanup: 20459 ns, At safepoint: 7306 ns, Total: 68531 ns
[2025-05-26T05:43:06.165+0000][71][info ][safepoint   ] Safepoint "Cleanup", Time since last: 23539984591 ns, Reaching safepoint: 7300 ns, Cleanup: 7470 ns, At safepoint: 13620 ns, Total: 28390 ns
[2025-05-26T05:43:07.663+0000][71][info ][safepoint   ] Safepoint "Cleanup", Time since last: 1496989748 ns, Reaching safepoint: 32665 ns, Cleanup: 21623 ns, At safepoint: 15956 ns, Total: 70244 ns
[2025-05-26T05:43:09.142+0000][71][info ][safepoint   ] Safepoint "Cleanup", Time since last: 1479511094 ns, Reaching safepoint: 6218 ns, Cleanup: 8691 ns, At safepoint: 11942 ns, Total: 26851 ns
[2025-05-26T05:43:10.692+0000][71][info ][safepoint   ] Safepoint "Cleanup", Time since last: 1550211715 ns, Reaching safepoint: 20349 ns, Cleanup: 16728 ns, At safepoint: 8527 ns, Total: 45604 ns
[2025-05-26T05:43:13.720+0000][71][info ][safepoint   ] Safepoint "Cleanup", Time since last: 3027489181 ns, Reaching safepoint: 72743 ns, Cleanup: 17545 ns, At safepoint: 16386 ns, Total: 106674 ns
[2025-05-26T05:43:17.721+0000][71][info ][safepoint   ] Safepoint "Cleanup", Time since last: 4001366678 ns, Reaching safepoint: 26324 ns, Cleanup: 15804 ns, At safepoint: 9894 ns, Total: 52022 ns
[2025-05-26T05:43:21.734+0000][71][info ][safepoint   ] Safepoint "Cleanup", Time since last: 4012991042 ns, Reaching safepoint: 25440 ns, Cleanup: 41607 ns, At safepoint: 10102 ns, Total: 77149 ns
[2025-05-26T05:43:26.876+0000][71][info ][safepoint   ] Safepoint "Cleanup", Time since last: 5143643973 ns, Reaching safepoint: 40125 ns, Cleanup: 14817 ns, At safepoint: 10136 ns, Total: 65078 ns
[2025-05-26T05:43:28.759+0000][71][info ][safepoint   ] Safepoint "Cleanup", Time since last: 1882821591 ns, Reaching safepoint: 70046 ns, Cleanup: 15005 ns, At safepoint: 15487 ns, Total: 100538 ns
[2025-05-26T05:43:34.760+0000][71][info ][safepoint   ] Safepoint "Cleanup", Time since last: 6001347481 ns, Reaching safepoint: 28039 ns, Cleanup: 18239 ns, At safepoint: 10019 ns, Total: 56297 ns
[2025-05-26T05:43:36.765+0000][71][info ][safepoint   ] Safepoint "Cleanup", Time since last: 2005003324 ns, Reaching safepoint: 29519 ns, Cleanup: 15798 ns, At safepoint: 9962 ns, Total: 55279 ns
[2025-05-26T05:43:41.766+0000][71][info ][safepoint   ] Safepoint "Cleanup", Time since last: 5001290230 ns, Reaching safepoint: 20904 ns, Cleanup: 17541 ns, At safepoint: 11099 ns, Total: 49544 ns
[2025-05-26T05:43:42.804+0000][71][info ][safepoint   ] Safepoint "Cleanup", Time since last: 1037355510 ns, Reaching safepoint: 23532 ns, Cleanup: 20923 ns, At safepoint: 11264 ns, Total: 55719 ns
[2025-05-26T05:43:46.814+0000][71][info ][safepoint   ] Safepoint "Cleanup", Time since last: 4010095573 ns, Reaching safepoint: 71702 ns, Cleanup: 22992 ns, At safepoint: 13731 ns, Total: 108425 ns
[2025-05-26T05:43:53.813+0000][71][info ][safepoint   ] Safepoint "Cleanup", Time since last: 7001849608 ns, Reaching safepoint: 65493 ns, Cleanup: 20203 ns, At safepoint: 17158 ns, Total: 102854 ns
[2025-05-26T05:44:06.815+0000][71][info ][safepoint   ] Safepoint "Cleanup", Time since last: 13002472129 ns, Reaching safepoint: 73750 ns, Cleanup: 19401 ns, At safepoint: 17447 ns, Total: 110598 ns
[2025-05-26T05:44:13.817+0000][71][info ][safepoint   ] Safepoint "Cleanup", Time since last: 7001514461 ns, Reaching safepoint: 78093 ns, Cleanup: 18309 ns, At safepoint: 31441 ns, Total: 127843 ns
[2025-05-26T05:44:16.818+0000][71][info ][safepoint   ] Safepoint "Cleanup", Time since last: 3000978846 ns, Reaching safepoint: 32580 ns, Cleanup: 15299 ns, At safepoint: 15705 ns, Total: 63584 ns
[2025-05-26T05:44:24.765+0000][71][info ][safepoint   ] Safepoint "Cleanup", Time since last: 7948740466 ns, Reaching safepoint: 31224 ns, Cleanup: 19012 ns, At safepoint: 15124 ns, Total: 65360 ns
[2025-05-26T05:44:30.165+0000][71][info ][safepoint   ] Safepoint "Cleanup", Time since last: 5400686407 ns, Reaching safepoint: 11806 ns, Cleanup: 12453 ns, At safepoint: 30852 ns, Total: 55111 ns
[2025-05-26T05:44:31.798+0000][71][info ][safepoint   ] Safepoint "Cleanup", Time since last: 1632423641 ns, Reaching safepoint: 30612 ns, Cleanup: 31466 ns, At safepoint: 13049 ns, Total: 75127 ns
[2025-05-26T05:44:33.802+0000][71][info ][safepoint   ] Safepoint "Cleanup", Time since last: 2004163271 ns, Reaching safepoint: 77432 ns, Cleanup: 16130 ns, At safepoint: 11941 ns, Total: 105503 ns
[2025-05-26T05:44:36.803+0000][71][info ][safepoint   ] Safepoint "Cleanup", Time since last: 3001118336 ns, Reaching safepoint: 36913 ns, Cleanup: 20367 ns, At safepoint: 18659 ns, Total: 75939 ns
[2025-05-26T05:44:41.805+0000][71][info ][safepoint   ] Safepoint "Cleanup", Time since last: 5001654352 ns, Reaching safepoint: 25319 ns, Cleanup: 17948 ns, At safepoint: 9035 ns, Total: 52302 ns
[2025-05-26T05:44:44.807+0000][71][info ][safepoint   ] Safepoint "Cleanup", Time since last: 3001789359 ns, Reaching safepoint: 71795 ns, Cleanup: 18968 ns, At safepoint: 33250 ns, Total: 124013 ns
[2025-05-26T05:44:45.808+0000][71][info ][safepoint   ] Safepoint "Cleanup", Time since last: 1000655705 ns, Reaching safepoint: 26090 ns, Cleanup: 20606 ns, At safepoint: 10943 ns, Total: 57639 ns
[2025-05-26T05:44:57.807+0000][71][info ][safepoint   ] Safepoint "Cleanup", Time since last: 12002038769 ns, Reaching safepoint: 18932 ns, Cleanup: 13018 ns, At safepoint: 8050 ns, Total: 40000 ns
[2025-05-26T05:45:16.810+0000][71][info ][safepoint   ] Safepoint "Cleanup", Time since last: 19002833528 ns, Reaching safepoint: 38197 ns, Cleanup: 10772 ns, At safepoint: 7236 ns, Total: 56205 ns
[2025-05-26T05:45:23.793+0000][71][info ][safepoint   ] Safepoint "Cleanup", Time since last: 6984584068 ns, Reaching safepoint: 34336 ns, Cleanup: 17545 ns, At safepoint: 17443 ns, Total: 69324 ns
[2025-05-26T05:45:31.795+0000][71][info ][safepoint   ] Safepoint "Cleanup", Time since last: 8001977282 ns, Reaching safepoint: 82812 ns, Cleanup: 20378 ns, At safepoint: 19926 ns, Total: 123116 ns
[2025-05-26T05:45:33.149+0000][71][info ][safepoint   ] Safepoint "Cleanup", Time since last: 1354117594 ns, Reaching safepoint: 83226 ns, Cleanup: 10604 ns, At safepoint: 25061 ns, Total: 118891 ns
[2025-05-26T05:45:34.864+0000][71][info ][safepoint   ] Safepoint "Cleanup", Time since last: 1714386604 ns, Reaching safepoint: 85285 ns, Cleanup: 21182 ns, At safepoint: 9803 ns, Total: 116270 ns
[2025-05-26T05:45:41.865+0000][71][info ][safepoint   ] Safepoint "Cleanup", Time since last: 7001433588 ns, Reaching safepoint: 70808 ns, Cleanup: 15810 ns, At safepoint: 9971 ns, Total: 96589 ns
[2025-05-26T05:45:54.866+0000][71][info ][safepoint   ] Safepoint "Cleanup", Time since last: 13003109337 ns, Reaching safepoint: 87676 ns, Cleanup: 13217 ns, At safepoint: 7436 ns, Total: 108329 ns
[2025-05-26T05:46:09.869+0000][71][info ][safepoint   ] Safepoint "Cleanup", Time since last: 15003385696 ns, Reaching safepoint: 64298 ns, Cleanup: 13834 ns, At safepoint: 7248 ns, Total: 85380 ns
[2025-05-26T05:46:26.823+0000][71][info ][safepoint   ] Safepoint "Cleanup", Time since last: 16956189494 ns, Reaching safepoint: 28480 ns, Cleanup: 17699 ns, At safepoint: 10542 ns, Total: 56721 ns
[2025-05-26T05:46:36.193+0000][71][info ][safepoint   ] Safepoint "Cleanup", Time since last: 9370265593 ns, Reaching safepoint: 6657 ns, Cleanup: 10576 ns, At safepoint: 11777 ns, Total: 29010 ns
[2025-05-26T05:46:37.916+0000][71][info ][safepoint   ] Safepoint "Cleanup", Time since last: 1722985094 ns, Reaching safepoint: 34176 ns, Cleanup: 25602 ns, At safepoint: 18852 ns, Total: 78630 ns
[2025-05-26T05:46:41.918+0000][71][info ][safepoint   ] Safepoint "Cleanup", Time since last: 4001808375 ns, Reaching safepoint: 26399 ns, Cleanup: 25571 ns, At safepoint: 11469 ns, Total: 63439 ns
[2025-05-26T05:46:54.916+0000][71][info ][safepoint   ] Safepoint "Cleanup", Time since last: 13002423671 ns, Reaching safepoint: 32875 ns, Cleanup: 15622 ns, At safepoint: 15867 ns, Total: 64364 ns
[2025-05-26T05:47:04.918+0000][71][info ][safepoint   ] Safepoint "Cleanup", Time since last: 10002363720 ns, Reaching safepoint: 31214 ns, Cleanup: 15490 ns, At safepoint: 16027 ns, Total: 62731 ns
[2025-05-26T05:47:21.854+0000][71][info ][safepoint   ] Safepoint "Cleanup", Time since last: 16934998529 ns, Reaching safepoint: 25363 ns, Cleanup: 19911 ns, At safepoint: 10860 ns, Total: 56134 ns
[2025-05-26T05:47:36.856+0000][71][info ][safepoint   ] Safepoint "Cleanup", Time since last: 15002523565 ns, Reaching safepoint: 67613 ns, Cleanup: 17316 ns, At safepoint: 16097 ns, Total: 101026 ns
[2025-05-26T05:47:39.942+0000][71][info ][safepoint   ] Safepoint "Cleanup", Time since last: 3086483461 ns, Reaching safepoint: 6618 ns, Cleanup: 10501 ns, At safepoint: 2741 ns, Total: 19860 ns
[2025-05-26T05:47:40.980+0000][71][info ][safepoint   ] Safepoint "Cleanup", Time since last: 1038245625 ns, Reaching safepoint: 19390 ns, Cleanup: 15605 ns, At safepoint: 8500 ns, Total: 43495 ns
[2025-05-26T05:47:41.981+0000][71][info ][safepoint   ] Safepoint "Cleanup", Time since last: 1000638460 ns, Reaching safepoint: 25188 ns, Cleanup: 25571 ns, At safepoint: 9725 ns, Total: 60484 ns
[2025-05-26T05:48:09.141+0000][71][info ][safepoint   ] Safepoint "Cleanup", Time since last: 27162483352 ns, Reaching safepoint: 8178 ns, Cleanup: 8273 ns, At safepoint: 2628 ns, Total: 19079 ns
[2025-05-26T05:48:11.006+0000][71][info ][safepoint   ] Safepoint "Cleanup", Time since last: 1864798215 ns, Reaching safepoint: 30450 ns, Cleanup: 21520 ns, At safepoint: 12105 ns, Total: 64075 ns
[2025-05-26T05:48:42.122+0000][71][info ][safepoint   ] Safepoint "Cleanup", Time since last: 31118511958 ns, Reaching safepoint: 69720 ns, Cleanup: 18230 ns, At safepoint: 74442 ns, Total: 162392 ns
[2025-05-26T05:48:43.138+0000][71][info ][safepoint   ] Safepoint "Cleanup", Time since last: 1016176118 ns, Reaching safepoint: 6499 ns, Cleanup: 14617 ns, At safepoint: 13608 ns, Total: 34724 ns
[2025-05-26T05:48:45.119+0000][71][info ][safepoint   ] Safepoint "Cleanup", Time since last: 1978453357 ns, Reaching safepoint: 2197557 ns, Cleanup: 22697 ns, At safepoint: 186920 ns, Total: 2407174 ns
[2025-05-26T05:48:47.120+0000][71][info ][safepoint   ] Safepoint "Cleanup", Time since last: 2000783952 ns, Reaching safepoint: 17744 ns, Cleanup: 12457 ns, At safepoint: 7392 ns, Total: 37593 ns
[2025-05-26T05:49:10.121+0000][71][info ][safepoint   ] Safepoint "Cleanup", Time since last: 23003625799 ns, Reaching safepoint: 33228 ns, Cleanup: 15378 ns, At safepoint: 14959 ns, Total: 63565 ns
[2025-05-26T05:49:21.916+0000][71][info ][safepoint   ] Safepoint "Cleanup", Time since last: 11794735986 ns, Reaching safepoint: 157405 ns, Cleanup: 17434 ns, At safepoint: 35206 ns, Total: 210045 ns
[2025-05-26T05:49:30.916+0000][71][info ][safepoint   ] Safepoint "Cleanup", Time since last: 9002055371 ns, Reaching safepoint: 93187 ns, Cleanup: 19853 ns, At safepoint: 13296 ns, Total: 126336 ns
[2025-05-26T05:49:31.921+0000][71][info ][safepoint   ] Safepoint "Cleanup", Time since last: 1005296245 ns, Reaching safepoint: 37250 ns, Cleanup: 21708 ns, At safepoint: 17643 ns, Total: 76601 ns
[2025-05-26T05:49:36.923+0000][71][info ][safepoint   ] Safepoint "Cleanup", Time since last: 5001388829 ns, Reaching safepoint: 73940 ns, Cleanup: 18066 ns, At safepoint: 16093 ns, Total: 108099 ns
[2025-05-26T05:49:41.924+0000][71][info ][safepoint   ] Safepoint "Cleanup", Time since last: 5001070108 ns, Reaching safepoint: 73932 ns, Cleanup: 19137 ns, At safepoint: 10065 ns, Total: 103134 ns
[2025-05-26T05:49:46.154+0000][71][info ][safepoint   ] Safepoint "Cleanup", Time since last: 4229837011 ns, Reaching safepoint: 27806 ns, Cleanup: 17380 ns, At safepoint: 9488 ns, Total: 54674 ns
[2025-05-26T05:50:31.947+0000][71][info ][safepoint   ] Safepoint "Cleanup", Time since last: 45798265628 ns, Reaching safepoint: 43135 ns, Cleanup: 19353 ns, At safepoint: 7677 ns, Total: 70165 ns
[2025-05-26T05:50:32.948+0000][71][info ][safepoint   ] Safepoint "Cleanup", Time since last: 1000793964 ns, Reaching safepoint: 26429 ns, Cleanup: 15341 ns, At safepoint: 9464 ns, Total: 51234 ns
[2025-05-26T05:50:34.949+0000][71][info ][safepoint   ] Safepoint "Cleanup", Time since last: 2001041813 ns, Reaching safepoint: 32545 ns, Cleanup: 16033 ns, At safepoint: 16073 ns, Total: 64651 ns
[2025-05-26T05:50:36.950+0000][71][info ][safepoint   ] Safepoint "Cleanup", Time since last: 2000939029 ns, Reaching safepoint: 34223 ns, Cleanup: 15555 ns, At safepoint: 16476 ns, Total: 66254 ns
[2025-05-26T05:50:46.953+0000][71][info ][safepoint   ] Safepoint "Cleanup", Time since last: 10002054630 ns, Reaching safepoint: 52643 ns, Cleanup: 18920 ns, At safepoint: 9746 ns, Total: 81309 ns
[2025-05-26T05:50:48.161+0000][71][info ][safepoint   ] Safepoint "Cleanup", Time since last: 1207865791 ns, Reaching safepoint: 316838 ns, Cleanup: 13806 ns, At safepoint: 55440 ns, Total: 386084 ns
[2025-05-26T05:51:14.274+0000][71][info ][safepoint   ] Safepoint "Cleanup", Time since last: 26115524541 ns, Reaching safepoint: 78760 ns, Cleanup: 14413 ns, At safepoint: 8317 ns, Total: 101490 ns
[2025-05-26T05:51:16.275+0000][71][info ][safepoint   ] Safepoint "Cleanup", Time since last: 2001352790 ns, Reaching safepoint: 31671 ns, Cleanup: 15025 ns, At safepoint: 14403 ns, Total: 61099 ns
[2025-05-26T05:51:18.276+0000][71][info ][safepoint   ] Safepoint "Cleanup", Time since last: 2000761991 ns, Reaching safepoint: 28759 ns, Cleanup: 16195 ns, At safepoint: 9775 ns, Total: 54729 ns
[2025-05-26T05:51:26.979+0000][71][info ][safepoint   ] Safepoint "Cleanup", Time since last: 8705465892 ns, Reaching safepoint: 62075 ns, Cleanup: 15634 ns, At safepoint: 8709 ns, Total: 86418 ns
[2025-05-26T05:51:48.983+0000][71][info ][safepoint   ] Safepoint "Cleanup", Time since last: 22003840579 ns, Reaching safepoint: 78055 ns, Cleanup: 184883 ns, At safepoint: 36899 ns, Total: 299837 ns
[2025-05-26T05:51:51.149+0000][71][info ][safepoint   ] Safepoint "Cleanup", Time since last: 2165884103 ns, Reaching safepoint: 8311 ns, Cleanup: 10000 ns, At safepoint: 13909 ns, Total: 32220 ns
[2025-05-26T05:51:52.315+0000][71][info ][safepoint   ] Safepoint "Cleanup", Time since last: 1166498825 ns, Reaching safepoint: 35212 ns, Cleanup: 23773 ns, At safepoint: 16793 ns, Total: 75778 ns
[2025-05-26T05:51:57.332+0000][71][info ][safepoint   ] Safepoint "Cleanup", Time since last: 5018690000 ns, Reaching safepoint: 58871 ns, Cleanup: 19716 ns, At safepoint: 12138 ns, Total: 90725 ns
[2025-05-26T05:52:07.334+0000][71][info ][safepoint   ] Safepoint "Cleanup", Time since last: 10002107359 ns, Reaching safepoint: 107905 ns, Cleanup: 16792 ns, At safepoint: 17141 ns, Total: 141838 ns
[2025-05-26T05:52:15.336+0000][71][info ][safepoint   ] Safepoint "Cleanup", Time since last: 8001694871 ns, Reaching safepoint: 49971 ns, Cleanup: 15023 ns, At safepoint: 8395 ns, Total: 73389 ns
[2025-05-26T05:52:18.338+0000][71][info ][safepoint   ] Safepoint "Cleanup", Time since last: 3001819595 ns, Reaching safepoint: 36017 ns, Cleanup: 19363 ns, At safepoint: 17683 ns, Total: 73063 ns
[2025-05-26T05:52:22.013+0000][71][info ][safepoint   ] Safepoint "Cleanup", Time since last: 3675330277 ns, Reaching safepoint: 31059 ns, Cleanup: 15726 ns, At safepoint: 16047 ns, Total: 62832 ns
[2025-05-26T05:52:25.012+0000][71][info ][safepoint   ] Safepoint "Cleanup", Time since last: 3001114614 ns, Reaching safepoint: 32229 ns, Cleanup: 17422 ns, At safepoint: 15493 ns, Total: 65144 ns
[2025-05-26T05:52:34.014+0000][71][info ][safepoint   ] Safepoint "Cleanup", Time since last: 9002064889 ns, Reaching safepoint: 60367 ns, Cleanup: 17284 ns, At safepoint: 11971 ns, Total: 89622 ns
[2025-05-26T05:52:51.165+0000][71][info ][safepoint   ] Safepoint "Cleanup", Time since last: 17150306599 ns, Reaching safepoint: 71311 ns, Cleanup: 8285 ns, At safepoint: 23730 ns, Total: 103326 ns
[2025-05-26T05:52:52.356+0000][71][info ][safepoint   ] Safepoint "Cleanup", Time since last: 1191577542 ns, Reaching safepoint: 30175 ns, Cleanup: 20622 ns, At safepoint: 17318 ns, Total: 68115 ns
[2025-05-26T05:52:53.354+0000][71][info ][safepoint   ] Safepoint "Cleanup", Time since last: 1000624463 ns, Reaching safepoint: 20933 ns, Cleanup: 19099 ns, At safepoint: 8679 ns, Total: 48711 ns
[2025-05-26T05:52:54.393+0000][71][info ][safepoint   ] Safepoint "Cleanup", Time since last: 1038850668 ns, Reaching safepoint: 17497 ns, Cleanup: 18800 ns, At safepoint: 35731 ns, Total: 72028 ns
[2025-05-26T05:53:00.156+0000][71][info ][safepoint   ] Safepoint "Cleanup", Time since last: 5762457697 ns, Reaching safepoint: 20641 ns, Cleanup: 8115 ns, At safepoint: 6544 ns, Total: 35300 ns
[2025-05-26T05:53:01.437+0000][71][info ][safepoint   ] Safepoint "Cleanup", Time since last: 1281115294 ns, Reaching safepoint: 32721 ns, Cleanup: 29030 ns, At safepoint: 16308 ns, Total: 78059 ns
[2025-05-26T05:53:02.438+0000][71][info ][safepoint   ] Safepoint "Cleanup", Time since last: 1000679127 ns, Reaching safepoint: 19793 ns, Cleanup: 14016 ns, At safepoint: 8449 ns, Total: 42258 ns
[2025-05-26T05:53:12.151+0000][71][info ][safepoint   ] Safepoint "Cleanup", Time since last: 9713349002 ns, Reaching safepoint: 20618 ns, Cleanup: 12664 ns, At safepoint: 13083 ns, Total: 46365 ns
[2025-05-26T05:53:13.469+0000][71][info ][safepoint   ] Safepoint "Cleanup", Time since last: 1318251770 ns, Reaching safepoint: 17714 ns, Cleanup: 18501 ns, At safepoint: 7267 ns, Total: 43482 ns
[2025-05-26T05:53:15.486+0000][71][info ][safepoint   ] Safepoint "Cleanup", Time since last: 2017052882 ns, Reaching safepoint: 14151 ns, Cleanup: 12196 ns, At safepoint: 4582 ns, Total: 30929 ns
[2025-05-26T05:53:16.539+0000][71][info ][safepoint   ] Safepoint "Cleanup", Time since last: 1052938406 ns, Reaching safepoint: 6886 ns, Cleanup: 8167 ns, At safepoint: 13795 ns, Total: 28848 ns
[2025-05-26T05:53:17.541+0000][71][info ][safepoint   ] Safepoint "Cleanup", Time since last: 1001669609 ns, Reaching safepoint: 15973 ns, Cleanup: 220736 ns, At safepoint: 89086 ns, Total: 325795 ns
[2025-05-26T05:53:21.725+0000][71][info ][safepoint   ] Safepoint "Cleanup", Time since last: 4184139668 ns, Reaching safepoint: 6540 ns, Cleanup: 8754 ns, At safepoint: 2883 ns, Total: 18177 ns
[2025-05-26T05:53:22.750+0000][71][info ][safepoint   ] Safepoint "Cleanup", Time since last: 1024514259 ns, Reaching safepoint: 27524 ns, Cleanup: 21016 ns, At safepoint: 9456 ns, Total: 57996 ns
[2025-05-26T05:53:32.750+0000][71][info ][safepoint   ] Safepoint "Cleanup", Time since last: 10002262614 ns, Reaching safepoint: 45457 ns, Cleanup: 13364 ns, At safepoint: 7163 ns, Total: 65984 ns
[2025-05-26T05:53:41.753+0000][71][info ][safepoint   ] Safepoint "Cleanup", Time since last: 9002367625 ns, Reaching safepoint: 19180 ns, Cleanup: 18901 ns, At safepoint: 7541 ns, Total: 45622 ns
[2025-05-26T05:53:42.133+0000][71][info ][gc,start    ] GC(18) Pause Young (Concurrent Start) (CodeCache GC Threshold)
[2025-05-26T05:53:42.136+0000][71][info ][gc,task     ] GC(18) Using 10 workers of 10 for evacuation
[2025-05-26T05:53:42.137+0000][71][debug][gc,age      ] GC(18) Desired survivor size 153092096 bytes, new threshold 15 (max threshold 15)
[2025-05-26T05:53:42.259+0000][71][info ][gc,phases   ] GC(18)   Pre Evacuate Collection Set: 9.57ms
[2025-05-26T05:53:42.260+0000][71][info ][gc,phases   ] GC(18)   Merge Heap Roots: 0.69ms
[2025-05-26T05:53:42.260+0000][71][info ][gc,phases   ] GC(18)   Evacuate Collection Set: 105.53ms
[2025-05-26T05:53:42.260+0000][71][info ][gc,phases   ] GC(18)   Post Evacuate Collection Set: 5.18ms
[2025-05-26T05:53:42.261+0000][71][info ][gc,phases   ] GC(18)   Other: 3.05ms
[2025-05-26T05:53:42.261+0000][71][trace][gc,age      ] GC(18) Age table with threshold 15 (max threshold 15)
[2025-05-26T05:53:42.262+0000][71][trace][gc,age      ] GC(18) - age   1:     766664 bytes,     766664 total
[2025-05-26T05:53:42.262+0000][71][trace][gc,age      ] GC(18) - age   2:     461256 bytes,    1227920 total
[2025-05-26T05:53:42.263+0000][71][trace][gc,age      ] GC(18) - age   3:    2034320 bytes,    3262240 total
[2025-05-26T05:53:42.263+0000][71][trace][gc,age      ] GC(18) - age   4:    5745272 bytes,    9007512 total
[2025-05-26T05:53:42.263+0000][71][info ][gc,heap     ] GC(18) Eden regions: 207->0(579)
[2025-05-26T05:53:42.264+0000][71][info ][gc,heap     ] GC(18) Survivor regions: 3->3(73)
[2025-05-26T05:53:42.264+0000][71][info ][gc,heap     ] GC(18) Old regions: 27->27
[2025-05-26T05:53:42.264+0000][71][info ][gc,heap     ] GC(18) Humongous regions: 0->0
[2025-05-26T05:53:42.265+0000][71][info ][gc,metaspace] GC(18) Metaspace: 146957K(150976K)->146957K(150976K) NonClass: 126938K(129088K)->126938K(129088K) Class: 20019K(21888K)->20019K(21888K)
[2025-05-26T05:53:42.265+0000][71][info ][gc          ] GC(18) Pause Young (Concurrent Start) (CodeCache GC Threshold) 946M->117M(3880M) 132.929ms
[2025-05-26T05:53:42.266+0000][71][info ][gc,cpu      ] GC(18) User=0.51s Sys=0.00s Real=0.13s
[2025-05-26T05:53:42.267+0000][71][info ][safepoint   ] Safepoint "G1TryInitiateConcMark", Time since last: 378653103 ns, Reaching safepoint: 768173 ns, Cleanup: 6151 ns, At safepoint: 134718405 ns, Total: 135492729 ns
[2025-05-26T05:53:42.267+0000][71][info ][gc          ] GC(19) Concurrent Mark Cycle
[2025-05-26T05:53:42.268+0000][71][info ][gc,marking  ] GC(19) Concurrent Scan Root Regions
[2025-05-26T05:53:42.359+0000][71][info ][gc,marking  ] GC(19) Concurrent Scan Root Regions 91.187ms
[2025-05-26T05:53:42.360+0000][71][info ][gc,marking  ] GC(19) Concurrent Mark
[2025-05-26T05:53:42.360+0000][71][info ][gc,marking  ] GC(19) Concurrent Mark From Roots
[2025-05-26T05:53:42.361+0000][71][info ][gc,task     ] GC(19) Using 3 workers of 3 for marking
[2025-05-26T05:53:42.758+0000][71][info ][gc,marking  ] GC(19) Concurrent Mark From Roots 398.037ms
[2025-05-26T05:53:42.759+0000][71][info ][gc,marking  ] GC(19) Concurrent Preclean
[2025-05-26T05:53:42.761+0000][71][info ][gc,marking  ] GC(19) Concurrent Preclean 1.789ms
[2025-05-26T05:53:42.762+0000][71][info ][gc,start    ] GC(19) Pause Remark
[2025-05-26T05:53:43.592+0000][71][info ][gc,mmu      ] GC(19) MMU target violated: 201.0ms (200.0ms/201.0ms)
[2025-05-26T05:53:43.592+0000][71][info ][gc          ] GC(19) Pause Remark 138M->138M(3880M) 830.738ms
[2025-05-26T05:53:43.593+0000][71][info ][gc,cpu      ] GC(19) User=7.48s Sys=0.00s Real=0.83s
[2025-05-26T05:53:43.594+0000][71][info ][safepoint   ] Safepoint "G1PauseRemark", Time since last: 494889405 ns, Reaching safepoint: 18072 ns, Cleanup: 4917 ns, At safepoint: 831877301 ns, Total: 831900290 ns
[2025-05-26T05:53:43.595+0000][71][info ][gc,marking  ] GC(19) Concurrent Mark 1235.513ms
[2025-05-26T05:53:43.596+0000][71][info ][gc,marking  ] GC(19) Concurrent Rebuild Remembered Sets and Scrub Regions
[2025-05-26T05:53:43.621+0000][71][info ][gc,marking  ] GC(19) Concurrent Rebuild Remembered Sets and Scrub Regions 25.084ms
[2025-05-26T05:53:43.623+0000][71][info ][gc,start    ] GC(19) Pause Cleanup
[2025-05-26T05:53:43.624+0000][71][info ][gc          ] GC(19) Pause Cleanup 148M->148M(3880M) 1.104ms
[2025-05-26T05:53:43.624+0000][71][info ][gc,cpu      ] GC(19) User=0.00s Sys=0.00s Real=0.00s
[2025-05-26T05:53:43.625+0000][71][info ][safepoint   ] Safepoint "G1PauseCleanup", Time since last: 28115991 ns, Reaching safepoint: 1023255 ns, Cleanup: 186843 ns, At safepoint: 1943166 ns, Total: 3153264 ns
[2025-05-26T05:53:43.625+0000][71][info ][gc,marking  ] GC(19) Concurrent Clear Claimed Marks
[2025-05-26T05:53:43.626+0000][71][info ][gc,marking  ] GC(19) Concurrent Clear Claimed Marks 0.895ms
[2025-05-26T05:53:43.627+0000][71][info ][gc,marking  ] GC(19) Concurrent Cleanup for Next Mark
[2025-05-26T05:53:43.722+0000][71][info ][gc,marking  ] GC(19) Concurrent Cleanup for Next Mark 95.441ms
[2025-05-26T05:53:43.722+0000][71][info ][gc          ] GC(19) Concurrent Mark Cycle 1455.556ms
[2025-05-26T05:53:51.627+0000][71][info ][safepoint   ] Safepoint "Cleanup", Time since last: 8001674979 ns, Reaching safepoint: 60659 ns, Cleanup: 13323 ns, At safepoint: 8882 ns, Total: 82864 ns
[2025-05-26T05:53:57.654+0000][71][info ][safepoint   ] Safepoint "Cleanup", Time since last: 6029701729 ns, Reaching safepoint: 15113 ns, Cleanup: 13359 ns, At safepoint: 3933 ns, Total: 32405 ns
[2025-05-26T05:54:01.638+0000][71][info ][safepoint   ] Safepoint "Cleanup", Time since last: 3984052459 ns, Reaching safepoint: 33436 ns, Cleanup: 17747 ns, At safepoint: 17742 ns, Total: 68925 ns
[2025-05-26T05:54:05.639+0000][71][info ][safepoint   ] Safepoint "Cleanup", Time since last: 4001371193 ns, Reaching safepoint: 26793 ns, Cleanup: 15207 ns, At safepoint: 8130 ns, Total: 50130 ns
[2025-05-26T05:54:35.077+0000][71][info ][safepoint   ] Safepoint "Cleanup", Time since last: 29441291379 ns, Reaching safepoint: 64793 ns, Cleanup: 19305 ns, At safepoint: 9976 ns, Total: 94074 ns
[2025-05-26T05:55:00.149+0000][71][info ][safepoint   ] Safepoint "Cleanup", Time since last: 25074537217 ns, Reaching safepoint: 16675 ns, Cleanup: 9607 ns, At safepoint: 13701 ns, Total: 39983 ns
[2025-05-26T05:55:01.663+0000][71][info ][safepoint   ] Safepoint "Cleanup", Time since last: 1514350399 ns, Reaching safepoint: 33629 ns, Cleanup: 20496 ns, At safepoint: 16247 ns, Total: 70372 ns
[2025-05-26T05:55:06.664+0000][71][info ][safepoint   ] Safepoint "Cleanup", Time since last: 5001237946 ns, Reaching safepoint: 32105 ns, Cleanup: 19401 ns, At safepoint: 16231 ns, Total: 67737 ns
[2025-05-26T05:55:12.666+0000][71][info ][safepoint   ] Safepoint "Cleanup", Time since last: 6001422691 ns, Reaching safepoint: 30968 ns, Cleanup: 17153 ns, At safepoint: 10893 ns, Total: 59014 ns
[2025-05-26T05:55:52.108+0000][71][info ][safepoint   ] Safepoint "Cleanup", Time since last: 39444920959 ns, Reaching safepoint: 72435 ns, Cleanup: 16080 ns, At safepoint: 14741 ns, Total: 103256 ns
[2025-05-26T05:56:30.134+0000][71][info ][safepoint   ] Safepoint "Cleanup", Time since last: 38031411868 ns, Reaching safepoint: 34579 ns, Cleanup: 18094 ns, At safepoint: 11173 ns, Total: 63846 ns
[2025-05-26T05:56:35.137+0000][71][info ][safepoint   ] Safepoint "Cleanup", Time since last: 5003001863 ns, Reaching safepoint: 70289 ns, Cleanup: 16134 ns, At safepoint: 16884 ns, Total: 103307 ns
[2025-05-26T05:56:41.139+0000][71][info ][safepoint   ] Safepoint "Cleanup", Time since last: 6001601687 ns, Reaching safepoint: 20552 ns, Cleanup: 13907 ns, At safepoint: 9032 ns, Total: 43491 ns
[2025-05-26T05:56:42.139+0000][71][info ][safepoint   ] Safepoint "Cleanup", Time since last: 1000555835 ns, Reaching safepoint: 20922 ns, Cleanup: 15772 ns, At safepoint: 8540 ns, Total: 45234 ns
[2025-05-26T05:57:00.140+0000][71][info ][safepoint   ] Safepoint "Cleanup", Time since last: 18003794906 ns, Reaching safepoint: 32511 ns, Cleanup: 16938 ns, At safepoint: 15757 ns, Total: 65206 ns
[2025-05-26T05:57:03.141+0000][71][info ][safepoint   ] Safepoint "Cleanup", Time since last: 3001110309 ns, Reaching safepoint: 78397 ns, Cleanup: 17398 ns, At safepoint: 34576 ns, Total: 130371 ns
[2025-05-26T05:57:05.142+0000][71][info ][safepoint   ] Safepoint "Cleanup", Time since last: 2000784509 ns, Reaching safepoint: 31858 ns, Cleanup: 18510 ns, At safepoint: 16006 ns, Total: 66374 ns
[2025-05-26T05:57:06.142+0000][71][info ][safepoint   ] Safepoint "Cleanup", Time since last: 1000702208 ns, Reaching safepoint: 19558 ns, Cleanup: 18177 ns, At safepoint: 7022 ns, Total: 44757 ns
[2025-05-26T05:57:07.773+0000][71][info ][safepoint   ] Safepoint "Cleanup", Time since last: 1630790879 ns, Reaching safepoint: 30926 ns, Cleanup: 112584 ns, At safepoint: 26954 ns, Total: 170464 ns
[2025-05-26T05:57:35.164+0000][71][info ][safepoint   ] Safepoint "Cleanup", Time since last: 27393557242 ns, Reaching safepoint: 54110 ns, Cleanup: 15546 ns, At safepoint: 9842 ns, Total: 79498 ns
[2025-05-26T05:57:48.169+0000][71][info ][safepoint   ] Safepoint "Cleanup", Time since last: 13004078705 ns, Reaching safepoint: 163256 ns, Cleanup: 19556 ns, At safepoint: 18698 ns, Total: 201510 ns
[2025-05-26T05:58:18.867+0000][71][info ][safepoint   ] Safepoint "Cleanup", Time since last: 30700309254 ns, Reaching safepoint: 20526 ns, Cleanup: 11297 ns, At safepoint: 19051 ns, Total: 50874 ns
[2025-05-26T05:58:19.882+0000][71][info ][safepoint   ] Safepoint "Cleanup", Time since last: 1015188114 ns, Reaching safepoint: 34304 ns, Cleanup: 20977 ns, At safepoint: 18411 ns, Total: 73692 ns
[2025-05-26T05:58:20.908+0000][71][info ][safepoint   ] Safepoint "Cleanup", Time since last: 1025854224 ns, Reaching safepoint: 30771 ns, Cleanup: 22251 ns, At safepoint: 10651 ns, Total: 63673 ns
[2025-05-26T05:58:22.801+0000][71][info ][safepoint   ] Safepoint "Cleanup", Time since last: 1892837444 ns, Reaching safepoint: 18193 ns, Cleanup: 11532 ns, At safepoint: 8530 ns, Total: 38255 ns
[2025-05-26T05:58:42.801+0000][71][info ][safepoint   ] Safepoint "Cleanup", Time since last: 20002950775 ns, Reaching safepoint: 57462 ns, Cleanup: 20570 ns, At safepoint: 8687 ns, Total: 86719 ns
[2025-05-26T05:58:51.803+0000][71][info ][safepoint   ] Safepoint "Cleanup", Time since last: 9002119693 ns, Reaching safepoint: 18118 ns, Cleanup: 12734 ns, At safepoint: 8116 ns, Total: 38968 ns
[2025-05-26T05:59:03.803+0000][71][info ][safepoint   ] Safepoint "Cleanup", Time since last: 12002327292 ns, Reaching safepoint: 35186 ns, Cleanup: 17119 ns, At safepoint: 16925 ns, Total: 69230 ns
[2025-05-26T05:59:12.164+0000][71][info ][safepoint   ] Safepoint "Cleanup", Time since last: 8361446764 ns, Reaching safepoint: 112429 ns, Cleanup: 13425 ns, At safepoint: 52524 ns, Total: 178378 ns
[2025-05-26T05:59:13.965+0000][71][info ][safepoint   ] Safepoint "Cleanup", Time since last: 1800772266 ns, Reaching safepoint: 25863 ns, Cleanup: 17565 ns, At safepoint: 9438 ns, Total: 52866 ns
[2025-05-26T05:59:37.226+0000][71][info ][safepoint   ] Safepoint "Cleanup", Time since last: 23263560280 ns, Reaching safepoint: 126092 ns, Cleanup: 16713 ns, At safepoint: 15666 ns, Total: 158471 ns
[2025-05-26T05:59:42.229+0000][71][info ][safepoint   ] Safepoint "Cleanup", Time since last: 5002087065 ns, Reaching safepoint: 34797 ns, Cleanup: 21165 ns, At safepoint: 16427 ns, Total: 72389 ns
[2025-05-26T06:00:08.564+0000][71][info ][safepoint   ] Safepoint "Cleanup", Time since last: 26338380021 ns, Reaching safepoint: 117629 ns, Cleanup: 24754 ns, At safepoint: 18069 ns, Total: 160452 ns
[2025-05-26T06:00:16.659+0000][71][info ][safepoint   ] Safepoint "Cleanup", Time since last: 8095264287 ns, Reaching safepoint: 23423 ns, Cleanup: 10129 ns, At safepoint: 28173 ns, Total: 61725 ns
[2025-05-26T06:00:17.694+0000][71][info ][safepoint   ] Safepoint "Cleanup", Time since last: 1034909941 ns, Reaching safepoint: 21329 ns, Cleanup: 8939 ns, At safepoint: 3098 ns, Total: 33366 ns
[2025-05-26T06:00:32.396+0000][71][info ][safepoint   ] Safepoint "Cleanup", Time since last: 14704832456 ns, Reaching safepoint: 221029 ns, Cleanup: 48212 ns, At safepoint: 9373 ns, Total: 278614 ns
[2025-05-26T06:00:42.466+0000][71][info ][safepoint   ] Safepoint "Cleanup", Time since last: 10029381184 ns, Reaching safepoint: 40480779 ns, Cleanup: 14808 ns, At safepoint: 92427 ns, Total: 40588014 ns
[2025-05-26T06:00:44.596+0000][71][info ][safepoint   ] Safepoint "Cleanup", Time since last: 2128870493 ns, Reaching safepoint: 554876 ns, Cleanup: 16594 ns, At safepoint: 321085 ns, Total: 892555 ns
[2025-05-26T06:01:09.663+0000][71][info ][safepoint   ] Safepoint "Cleanup", Time since last: 25069070276 ns, Reaching safepoint: 37046 ns, Cleanup: 14857 ns, At safepoint: 7144 ns, Total: 59047 ns
[2025-05-26T06:01:11.667+0000][71][info ][safepoint   ] Safepoint "Cleanup", Time since last: 2004550958 ns, Reaching safepoint: 19129 ns, Cleanup: 13924 ns, At safepoint: 7708 ns, Total: 40761 ns
[2025-05-26T06:01:17.357+0000][71][info ][safepoint   ] Safepoint "Cleanup", Time since last: 5689264813 ns, Reaching safepoint: 592146 ns, Cleanup: 10546 ns, At safepoint: 33893 ns, Total: 636585 ns
[2025-05-26T06:01:18.883+0000][71][info ][safepoint   ] Safepoint "Cleanup", Time since last: 1525971030 ns, Reaching safepoint: 27702 ns, Cleanup: 21469 ns, At safepoint: 7127 ns, Total: 56298 ns
[2025-05-26T06:01:19.884+0000][71][info ][safepoint   ] Safepoint "Cleanup", Time since last: 1000629276 ns, Reaching safepoint: 35053 ns, Cleanup: 13325 ns, At safepoint: 6932 ns, Total: 55310 ns
[2025-05-26T06:01:29.580+0000][71][info ][safepoint   ] Safepoint "Cleanup", Time since last: 9698352124 ns, Reaching safepoint: 190362 ns, Cleanup: 370095 ns, At safepoint: 92787 ns, Total: 653244 ns
[2025-05-26T06:01:41.628+0000][71][info ][safepoint   ] Safepoint "Cleanup", Time since last: 12047606019 ns, Reaching safepoint: 52091 ns, Cleanup: 20293 ns, At safepoint: 8244 ns, Total: 80628 ns
[2025-05-26T06:01:53.631+0000][71][info ][safepoint   ] Safepoint "Cleanup", Time since last: 12002423151 ns, Reaching safepoint: 122192 ns, Cleanup: 16898 ns, At safepoint: 37785 ns, Total: 176875 ns
[2025-05-26T06:01:54.628+0000][71][info ][safepoint   ] Safepoint "Cleanup", Time since last: 1001033284 ns, Reaching safepoint: 16571 ns, Cleanup: 12394 ns, At safepoint: 7859 ns, Total: 36824 ns
[2025-05-26T06:02:03.654+0000][71][info ][safepoint   ] Safepoint "Cleanup", Time since last: 9026127372 ns, Reaching safepoint: 21824 ns, Cleanup: 12803 ns, At safepoint: 7591 ns, Total: 42218 ns
[2025-05-26T06:02:07.656+0000][71][info ][safepoint   ] Safepoint "Cleanup", Time since last: 4001432068 ns, Reaching safepoint: 17987 ns, Cleanup: 12940 ns, At safepoint: 7377 ns, Total: 38304 ns
[2025-05-26T06:02:08.656+0000][71][info ][safepoint   ] Safepoint "Cleanup", Time since last: 1000580797 ns, Reaching safepoint: 17591 ns, Cleanup: 15107 ns, At safepoint: 8296 ns, Total: 40994 ns
[2025-05-26T06:02:17.658+0000][71][info ][safepoint   ] Safepoint "Cleanup", Time since last: 9001763927 ns, Reaching safepoint: 16890 ns, Cleanup: 15263 ns, At safepoint: 8695 ns, Total: 40848 ns
[2025-05-26T06:02:21.975+0000][71][info ][safepoint   ] Safepoint "Cleanup", Time since last: 4316797958 ns, Reaching safepoint: 6396 ns, Cleanup: 6253 ns, At safepoint: 12060 ns, Total: 24709 ns
[2025-05-26T06:02:35.871+0000][71][info ][safepoint   ] Safepoint "Cleanup", Time since last: 13876313748 ns, Reaching safepoint: 124628919 ns, Cleanup: 13726 ns, At safepoint: 81942 ns, Total: 124724587 ns
[2025-05-26T06:02:43.894+0000][71][info ][safepoint   ] Safepoint "Cleanup", Time since last: 8022805349 ns, Reaching safepoint: 17195 ns, Cleanup: 11961 ns, At safepoint: 6443 ns, Total: 35599 ns
[2025-05-26T06:02:53.896+0000][71][info ][safepoint   ] Safepoint "Cleanup", Time since last: 10001696824 ns, Reaching safepoint: 17433 ns, Cleanup: 12999 ns, At safepoint: 6578 ns, Total: 37010 ns
[2025-05-26T06:02:54.997+0000][71][info ][safepoint   ] Safepoint "Cleanup", Time since last: 1000514477 ns, Reaching safepoint: 39289 ns, Cleanup: 12227 ns, At safepoint: 7787 ns, Total: 59303 ns
[2025-05-26T06:03:04.999+0000][71][info ][safepoint   ] Safepoint "Cleanup", Time since last: 10002196897 ns, Reaching safepoint: 15574 ns, Cleanup: 13027 ns, At safepoint: 7225 ns, Total: 35826 ns
[2025-05-26T06:03:06.000+0000][71][info ][safepoint   ] Safepoint "Cleanup", Time since last: 1000822525 ns, Reaching safepoint: 15937 ns, Cleanup: 13490 ns, At safepoint: 7089 ns, Total: 36516 ns
[2025-05-26T06:03:12.056+0000][71][info ][safepoint   ] Safepoint "Cleanup", Time since last: 6056311203 ns, Reaching safepoint: 16060 ns, Cleanup: 12801 ns, At safepoint: 8235 ns, Total: 37096 ns
[2025-05-26T06:03:16.415+0000][71][info ][safepoint   ] Safepoint "Cleanup", Time since last: 4173772601 ns, Reaching safepoint: 185085785 ns, Cleanup: 17805 ns, At safepoint: 83403 ns, Total: 185186993 ns
[2025-05-26T06:03:17.451+0000][71][info ][safepoint   ] Safepoint "Cleanup", Time since last: 1033886167 ns, Reaching safepoint: 2132451 ns, Cleanup: 17960 ns, At safepoint: 96409 ns, Total: 2246820 ns
[2025-05-26T06:03:19.524+0000][71][info ][safepoint   ] Safepoint "Cleanup", Time since last: 2072397059 ns, Reaching safepoint: 32009 ns, Cleanup: 13759 ns, At safepoint: 15594 ns, Total: 61362 ns
[2025-05-26T06:03:21.538+0000][71][info ][safepoint   ] Safepoint "Cleanup", Time since last: 2014535846 ns, Reaching safepoint: 6691 ns, Cleanup: 22512 ns, At safepoint: 3118 ns, Total: 32321 ns
[2025-05-26T06:03:24.215+0000][71][info ][safepoint   ] Safepoint "Cleanup", Time since last: 2676923954 ns, Reaching safepoint: 6234 ns, Cleanup: 5845 ns, At safepoint: 22185 ns, Total: 34264 ns
[2025-05-26T06:03:55.898+0000][71][info ][safepoint   ] Safepoint "Cleanup", Time since last: 31689192104 ns, Reaching safepoint: 51754 ns, Cleanup: 16142 ns, At safepoint: 10236 ns, Total: 78132 ns
[2025-05-26T06:04:07.712+0000][71][info ][safepoint   ] Safepoint "Cleanup", Time since last: 11707430006 ns, Reaching safepoint: 106610914 ns, Cleanup: 12359 ns, At safepoint: 65092 ns, Total: 106688365 ns
[2025-05-26T06:04:13.753+0000][71][info ][safepoint   ] Safepoint "Cleanup", Time since last: 6040166054 ns, Reaching safepoint: 19826 ns, Cleanup: 11780 ns, At safepoint: 7247 ns, Total: 38853 ns
[2025-05-26T06:04:19.754+0000][71][info ][safepoint   ] Safepoint "Cleanup", Time since last: 6001270356 ns, Reaching safepoint: 18375 ns, Cleanup: 12845 ns, At safepoint: 7836 ns, Total: 39056 ns
[2025-05-26T06:04:25.572+0000][71][info ][safepoint   ] Safepoint "Cleanup", Time since last: 5820927102 ns, Reaching safepoint: 6044 ns, Cleanup: 6930 ns, At safepoint: 2629 ns, Total: 15603 ns
[2025-05-26T06:04:26.915+0000][71][info ][safepoint   ] Safepoint "Cleanup", Time since last: 1343307260 ns, Reaching safepoint: 16594 ns, Cleanup: 12274 ns, At safepoint: 8146 ns, Total: 37014 ns
[2025-05-26T06:04:35.918+0000][71][info ][safepoint   ] Safepoint "Cleanup", Time since last: 9002386707 ns, Reaching safepoint: 50288 ns, Cleanup: 14622 ns, At safepoint: 8668 ns, Total: 73578 ns
[2025-05-26T06:04:40.919+0000][71][info ][safepoint   ] Safepoint "Cleanup", Time since last: 5001239477 ns, Reaching safepoint: 84862 ns, Cleanup: 18946 ns, At safepoint: 18399 ns, Total: 122207 ns
[2025-05-26T06:04:41.920+0000][71][info ][safepoint   ] Safepoint "Cleanup", Time since last: 1000757516 ns, Reaching safepoint: 37367 ns, Cleanup: 26018 ns, At safepoint: 18032 ns, Total: 81417 ns
[2025-05-26T06:05:19.927+0000][71][info ][safepoint   ] Safepoint "Cleanup", Time since last: 38009158708 ns, Reaching safepoint: 35459 ns, Cleanup: 17134 ns, At safepoint: 16379 ns, Total: 68972 ns
[2025-05-26T06:05:28.625+0000][71][info ][safepoint   ] Safepoint "Cleanup", Time since last: 8701977576 ns, Reaching safepoint: 35469 ns, Cleanup: 16754 ns, At safepoint: 80558 ns, Total: 132781 ns
[2025-05-26T06:05:30.004+0000][71][info ][safepoint   ] Safepoint "Cleanup", Time since last: 1378567811 ns, Reaching safepoint: 23902 ns, Cleanup: 25203 ns, At safepoint: 10237 ns, Total: 59342 ns
[2025-05-26T06:05:32.004+0000][71][info ][safepoint   ] Safepoint "Cleanup", Time since last: 2000665861 ns, Reaching safepoint: 24901 ns, Cleanup: 14846 ns, At safepoint: 9309 ns, Total: 49056 ns
[2025-05-26T06:05:37.006+0000][71][info ][safepoint   ] Safepoint "Cleanup", Time since last: 5001169515 ns, Reaching safepoint: 32698 ns, Cleanup: 16591 ns, At safepoint: 15992 ns, Total: 65281 ns
[2025-05-26T06:05:41.007+0000][71][info ][safepoint   ] Safepoint "Cleanup", Time since last: 4001019848 ns, Reaching safepoint: 26590 ns, Cleanup: 17616 ns, At safepoint: 10179 ns, Total: 54385 ns
[2025-05-26T06:05:42.007+0000][71][info ][safepoint   ] Safepoint "Cleanup", Time since last: 1000590014 ns, Reaching safepoint: 34089 ns, Cleanup: 19358 ns, At safepoint: 16339 ns, Total: 69786 ns
[2025-05-26T06:05:44.008+0000][71][info ][safepoint   ] Safepoint "Cleanup", Time since last: 2000752240 ns, Reaching safepoint: 61497 ns, Cleanup: 17228 ns, At safepoint: 11799 ns, Total: 90524 ns
[2025-05-26T06:05:46.009+0000][71][info ][safepoint   ] Safepoint "Cleanup", Time since last: 2000658858 ns, Reaching safepoint: 110140 ns, Cleanup: 15591 ns, At safepoint: 56726 ns, Total: 182457 ns
[2025-05-26T06:06:10.011+0000][71][info ][safepoint   ] Safepoint "Cleanup", Time since last: 24003971944 ns, Reaching safepoint: 35526 ns, Cleanup: 16469 ns, At safepoint: 10204 ns, Total: 62199 ns
[2025-05-26T06:06:25.944+0000][71][info ][safepoint   ] Safepoint "Cleanup", Time since last: 15935553339 ns, Reaching safepoint: 35215 ns, Cleanup: 17185 ns, At safepoint: 17537 ns, Total: 69937 ns
[2025-05-26T06:06:31.621+0000][71][info ][safepoint   ] Safepoint "Cleanup", Time since last: 5676725274 ns, Reaching safepoint: 27187 ns, Cleanup: 17131 ns, At safepoint: 73453 ns, Total: 117771 ns
[2025-05-26T06:06:33.104+0000][71][info ][safepoint   ] Safepoint "Cleanup", Time since last: 1482651759 ns, Reaching safepoint: 32446 ns, Cleanup: 16928 ns, At safepoint: 16039 ns, Total: 65413 ns
[2025-05-26T06:06:42.106+0000][71][info ][safepoint   ] Safepoint "Cleanup", Time since last: 9001890363 ns, Reaching safepoint: 29856 ns, Cleanup: 17246 ns, At safepoint: 11545 ns, Total: 58647 ns
[2025-05-26T06:07:04.106+0000][71][info ][safepoint   ] Safepoint "Cleanup", Time since last: 22003834775 ns, Reaching safepoint: 27583 ns, Cleanup: 17228 ns, At safepoint: 7387 ns, Total: 52198 ns
[2025-05-26T06:07:05.108+0000][71][info ][safepoint   ] Safepoint "Cleanup", Time since last: 1001228963 ns, Reaching safepoint: 33733 ns, Cleanup: 23443 ns, At safepoint: 17719 ns, Total: 74895 ns
[2025-05-26T06:07:21.111+0000][71][info ][safepoint   ] Safepoint "Cleanup", Time since last: 16003689193 ns, Reaching safepoint: 114117 ns, Cleanup: 16295 ns, At safepoint: 17425 ns, Total: 147837 ns
[2025-05-26T06:07:23.979+0000][71][info ][safepoint   ] Safepoint "Cleanup", Time since last: 2867448089 ns, Reaching safepoint: 27034 ns, Cleanup: 15147 ns, At safepoint: 10445 ns, Total: 52626 ns
[2025-05-26T06:07:34.590+0000][71][info ][safepoint   ] Safepoint "Cleanup", Time since last: 10613197368 ns, Reaching safepoint: 7025 ns, Cleanup: 18818 ns, At safepoint: 24147 ns, Total: 49990 ns
[2025-05-26T06:07:36.147+0000][71][info ][safepoint   ] Safepoint "Cleanup", Time since last: 1556823742 ns, Reaching safepoint: 35187 ns, Cleanup: 20423 ns, At safepoint: 15946 ns, Total: 71556 ns
[2025-05-26T06:07:41.148+0000][71][info ][safepoint   ] Safepoint "Cleanup", Time since last: 5001248411 ns, Reaching safepoint: 34535 ns, Cleanup: 15782 ns, At safepoint: 17582 ns, Total: 67899 ns
[2025-05-26T06:07:42.149+0000][71][info ][safepoint   ] Safepoint "Cleanup", Time since last: 1000734404 ns, Reaching safepoint: 164860 ns, Cleanup: 18714 ns, At safepoint: 61316 ns, Total: 244890 ns
[2025-05-26T06:07:46.151+0000][71][info ][safepoint   ] Safepoint "Cleanup", Time since last: 4001940788 ns, Reaching safepoint: 25745 ns, Cleanup: 17420 ns, At safepoint: 10645 ns, Total: 53810 ns
[2025-05-26T06:07:47.157+0000][71][info ][safepoint   ] Safepoint "Cleanup", Time since last: 1006389502 ns, Reaching safepoint: 7234 ns, Cleanup: 149566 ns, At safepoint: 20598 ns, Total: 177398 ns
[2025-05-26T06:07:49.571+0000][71][info ][safepoint   ] Safepoint "Cleanup", Time since last: 2413867958 ns, Reaching safepoint: 11108 ns, Cleanup: 44586 ns, At safepoint: 5330 ns, Total: 61024 ns
[2025-05-26T06:07:50.579+0000][71][info ][safepoint   ] Safepoint "Cleanup", Time since last: 1007438330 ns, Reaching safepoint: 6819 ns, Cleanup: 30115 ns, At safepoint: 14206 ns, Total: 51140 ns
[2025-05-26T06:07:52.246+0000][71][info ][safepoint   ] Safepoint "Cleanup", Time since last: 1666809116 ns, Reaching safepoint: 28505 ns, Cleanup: 44320 ns, At safepoint: 10033 ns, Total: 82858 ns
[2025-05-26T06:07:56.122+0000][71][info ][safepoint   ] Safepoint "Cleanup", Time since last: 3879133914 ns, Reaching safepoint: 15422 ns, Cleanup: 12333 ns, At safepoint: 18644 ns, Total: 46399 ns
[2025-05-26T06:07:57.150+0000][71][info ][safepoint   ] Safepoint "Cleanup", Time since last: 1027993129 ns, Reaching safepoint: 26925 ns, Cleanup: 14513 ns, At safepoint: 9799 ns, Total: 51237 ns
[2025-05-26T06:07:58.580+0000][71][info ][safepoint   ] Safepoint "Cleanup", Time since last: 1429443416 ns, Reaching safepoint: 91960 ns, Cleanup: 15783 ns, At safepoint: 36425 ns, Total: 144168 ns
[2025-05-26T06:08:00.262+0000][71][info ][safepoint   ] Safepoint "Cleanup", Time since last: 1681566133 ns, Reaching safepoint: 26564 ns, Cleanup: 20524 ns, At safepoint: 11010 ns, Total: 58098 ns
[2025-05-26T06:08:01.262+0000][71][info ][safepoint   ] Safepoint "Cleanup", Time since last: 1000712648 ns, Reaching safepoint: 28483 ns, Cleanup: 22043 ns, At safepoint: 10451 ns, Total: 60977 ns
[2025-05-26T06:08:02.282+0000][71][info ][safepoint   ] Safepoint "Cleanup", Time since last: 1019643355 ns, Reaching safepoint: 15392 ns, Cleanup: 23233 ns, At safepoint: 7708 ns, Total: 46333 ns
[2025-05-26T06:08:05.296+0000][71][info ][safepoint   ] Safepoint "Cleanup", Time since last: 3014137595 ns, Reaching safepoint: 33974 ns, Cleanup: 17394 ns, At safepoint: 15897 ns, Total: 67265 ns
[2025-05-26T06:08:16.299+0000][71][info ][safepoint   ] Safepoint "Cleanup", Time since last: 11002173773 ns, Reaching safepoint: 35224 ns, Cleanup: 19525 ns, At safepoint: 17897 ns, Total: 72646 ns
[2025-05-26T06:08:19.598+0000][71][info ][safepoint   ] Safepoint "Cleanup", Time since last: 3299715904 ns, Reaching safepoint: 38312 ns, Cleanup: 10484 ns, At safepoint: 7848 ns, Total: 56644 ns
[2025-05-26T06:08:21.363+0000][71][info ][safepoint   ] Safepoint "Cleanup", Time since last: 1764898402 ns, Reaching safepoint: 5978 ns, Cleanup: 41809 ns, At safepoint: 13433 ns, Total: 61220 ns
[2025-05-26T06:08:22.587+0000][71][info ][safepoint   ] Safepoint "Cleanup", Time since last: 1223921420 ns, Reaching safepoint: 6111 ns, Cleanup: 17990 ns, At safepoint: 12282 ns, Total: 36383 ns
[2025-05-26T06:08:24.395+0000][71][info ][safepoint   ] Safepoint "Cleanup", Time since last: 1807877858 ns, Reaching safepoint: 28121 ns, Cleanup: 30161 ns, At safepoint: 11181 ns, Total: 69463 ns
[2025-05-26T06:08:29.416+0000][71][info ][safepoint   ] Safepoint "Cleanup", Time since last: 5023701745 ns, Reaching safepoint: 27245 ns, Cleanup: 16239 ns, At safepoint: 9899 ns, Total: 53383 ns
[2025-05-26T06:08:31.417+0000][71][info ][safepoint   ] Safepoint "Cleanup", Time since last: 2000727778 ns, Reaching safepoint: 25727 ns, Cleanup: 22914 ns, At safepoint: 9821 ns, Total: 58462 ns
[2025-05-26T06:08:34.178+0000][71][info ][safepoint   ] Safepoint "Cleanup", Time since last: 2760865113 ns, Reaching safepoint: 15609 ns, Cleanup: 20156 ns, At safepoint: 86871 ns, Total: 122636 ns
[2025-05-26T06:08:38.440+0000][71][info ][safepoint   ] Safepoint "Cleanup", Time since last: 4261991396 ns, Reaching safepoint: 6613 ns, Cleanup: 11007 ns, At safepoint: 12164 ns, Total: 29784 ns
[2025-05-26T06:08:39.470+0000][71][info ][safepoint   ] Safepoint "Cleanup", Time since last: 1030312683 ns, Reaching safepoint: 6558 ns, Cleanup: 22906 ns, At safepoint: 12869 ns, Total: 42333 ns
[2025-05-26T06:08:42.475+0000][71][info ][safepoint   ] Safepoint "Cleanup", Time since last: 3004482180 ns, Reaching safepoint: 37650 ns, Cleanup: 23239 ns, At safepoint: 18844 ns, Total: 79733 ns
[2025-05-26T06:08:46.476+0000][71][info ][safepoint   ] Safepoint "Cleanup", Time since last: 4001205904 ns, Reaching safepoint: 24410 ns, Cleanup: 16639 ns, At safepoint: 9329 ns, Total: 50378 ns
[2025-05-26T06:08:56.607+0000][71][info ][safepoint   ] Safepoint "Cleanup", Time since last: 10133248262 ns, Reaching safepoint: 35089 ns, Cleanup: 20690 ns, At safepoint: 18002 ns, Total: 73781 ns
[2025-05-26T06:09:40.579+0000][71][info ][safepoint   ] Safepoint "Cleanup", Time since last: 43975177101 ns, Reaching safepoint: 24376 ns, Cleanup: 16824 ns, At safepoint: 71369 ns, Total: 112569 ns
[2025-05-26T06:09:42.508+0000][71][info ][safepoint   ] Safepoint "Cleanup", Time since last: 1929247957 ns, Reaching safepoint: 36403 ns, Cleanup: 24711 ns, At safepoint: 17971 ns, Total: 79085 ns
[2025-05-26T06:10:20.511+0000][71][info ][safepoint   ] Safepoint "Cleanup", Time since last: 38007193670 ns, Reaching safepoint: 117693 ns, Cleanup: 19606 ns, At safepoint: 37048 ns, Total: 174347 ns
[2025-05-26T06:10:23.071+0000][71][info ][safepoint   ] Safepoint "Cleanup", Time since last: 2560379617 ns, Reaching safepoint: 31700 ns, Cleanup: 17843 ns, At safepoint: 16225 ns, Total: 65768 ns
[2025-05-26T06:10:37.073+0000][71][info ][safepoint   ] Safepoint "Cleanup", Time since last: 14002522321 ns, Reaching safepoint: 86854 ns, Cleanup: 21561 ns, At safepoint: 12696 ns, Total: 121111 ns
[2025-05-26T06:10:44.539+0000][71][info ][safepoint   ] Safepoint "Cleanup", Time since last: 7465490378 ns, Reaching safepoint: 22747 ns, Cleanup: 15160 ns, At safepoint: 75912 ns, Total: 113819 ns
[2025-05-26T06:10:45.558+0000][71][info ][safepoint   ] Safepoint "Cleanup", Time since last: 1019615792 ns, Reaching safepoint: 23468 ns, Cleanup: 13053 ns, At safepoint: 9983 ns, Total: 46504 ns
[2025-05-26T06:10:46.563+0000][71][info ][safepoint   ] Safepoint "Cleanup", Time since last: 1004384305 ns, Reaching safepoint: 17712 ns, Cleanup: 13177 ns, At safepoint: 8266 ns, Total: 39155 ns
[2025-05-26T06:11:13.565+0000][71][info ][safepoint   ] Safepoint "Cleanup", Time since last: 27004424310 ns, Reaching safepoint: 128720 ns, Cleanup: 16441 ns, At safepoint: 60925 ns, Total: 206086 ns
[2025-05-26T06:11:42.106+0000][71][info ][safepoint   ] Safepoint "Cleanup", Time since last: 28543898313 ns, Reaching safepoint: 18354 ns, Cleanup: 13755 ns, At safepoint: 8125 ns, Total: 40234 ns
[2025-05-26T06:11:47.617+0000][71][info ][safepoint   ] Safepoint "Cleanup", Time since last: 5511343054 ns, Reaching safepoint: 23859 ns, Cleanup: 13254 ns, At safepoint: 40950 ns, Total: 78063 ns
[2025-05-26T06:11:55.640+0000][71][info ][safepoint   ] Safepoint "Cleanup", Time since last: 8025036315 ns, Reaching safepoint: 55134 ns, Cleanup: 15011 ns, At safepoint: 9665 ns, Total: 79810 ns
[2025-05-26T06:12:04.649+0000][71][info ][safepoint   ] Safepoint "Cleanup", Time since last: 9009757611 ns, Reaching safepoint: 35208 ns, Cleanup: 23804 ns, At safepoint: 18743 ns, Total: 77755 ns
[2025-05-26T06:12:36.138+0000][71][info ][safepoint   ] Safepoint "Cleanup", Time since last: 31491739867 ns, Reaching safepoint: 67986 ns, Cleanup: 19431 ns, At safepoint: 15928 ns, Total: 103345 ns
[2025-05-26T06:13:06.679+0000][71][info ][safepoint   ] Safepoint "Cleanup", Time since last: 30543332890 ns, Reaching safepoint: 31994 ns, Cleanup: 17735 ns, At safepoint: 16321 ns, Total: 66050 ns
[2025-05-26T06:13:25.556+0000][71][info ][safepoint   ] Safepoint "Cleanup", Time since last: 18879546513 ns, Reaching safepoint: 25169 ns, Cleanup: 10288 ns, At safepoint: 3275 ns, Total: 38732 ns
[2025-05-26T06:13:26.736+0000][71][info ][safepoint   ] Safepoint "Cleanup", Time since last: 1179654073 ns, Reaching safepoint: 26284 ns, Cleanup: 112579 ns, At safepoint: 19309 ns, Total: 158172 ns
[2025-05-26T06:13:30.766+0000][71][info ][safepoint   ] Safepoint "Cleanup", Time since last: 4030198061 ns, Reaching safepoint: 18824 ns, Cleanup: 11765 ns, At safepoint: 7336 ns, Total: 37925 ns
[2025-05-26T06:13:36.768+0000][71][info ][safepoint   ] Safepoint "Cleanup", Time since last: 6001657496 ns, Reaching safepoint: 36066 ns, Cleanup: 18337 ns, At safepoint: 17723 ns, Total: 72126 ns
[2025-05-26T06:13:41.769+0000][71][info ][safepoint   ] Safepoint "Cleanup", Time since last: 5001331308 ns, Reaching safepoint: 33136 ns, Cleanup: 114305 ns, At safepoint: 30013 ns, Total: 177454 ns
[2025-05-26T06:13:52.588+0000][71][info ][safepoint   ] Safepoint "Cleanup", Time since last: 10818450049 ns, Reaching safepoint: 97800 ns, Cleanup: 20813 ns, At safepoint: 49795 ns, Total: 168408 ns
[2025-05-26T06:13:53.815+0000][71][info ][safepoint   ] Safepoint "Cleanup", Time since last: 1227562742 ns, Reaching safepoint: 21292 ns, Cleanup: 22805 ns, At safepoint: 8735 ns, Total: 52832 ns
[2025-05-26T06:13:55.605+0000][71][info ][safepoint   ] Safepoint "Cleanup", Time since last: 1792366628 ns, Reaching safepoint: 71482 ns, Cleanup: 15500 ns, At safepoint: 22942 ns, Total: 109924 ns
[2025-05-26T06:13:57.422+0000][71][info ][safepoint   ] Safepoint "Cleanup", Time since last: 1816925603 ns, Reaching safepoint: 18409 ns, Cleanup: 13030 ns, At safepoint: 7503 ns, Total: 38942 ns
[2025-05-26T06:14:01.424+0000][71][info ][safepoint   ] Safepoint "Cleanup", Time since last: 4001402582 ns, Reaching safepoint: 36033 ns, Cleanup: 22993 ns, At safepoint: 19156 ns, Total: 78182 ns
[2025-05-26T06:14:06.428+0000][71][info ][safepoint   ] Safepoint "Cleanup", Time since last: 5003942116 ns, Reaching safepoint: 25592 ns, Cleanup: 13690 ns, At safepoint: 32624 ns, Total: 71906 ns
[2025-05-26T06:14:31.202+0000][71][info ][safepoint   ] Safepoint "Cleanup", Time since last: 24776615191 ns, Reaching safepoint: 52566 ns, Cleanup: 17901 ns, At safepoint: 10255 ns, Total: 80722 ns
[2025-05-26T06:14:35.203+0000][71][info ][safepoint   ] Safepoint "Cleanup", Time since last: 4001810746 ns, Reaching safepoint: 33630 ns, Cleanup: 21486 ns, At safepoint: 16405 ns, Total: 71521 ns
[2025-05-26T06:14:36.204+0000][71][info ][safepoint   ] Safepoint "Cleanup", Time since last: 1000651164 ns, Reaching safepoint: 25211 ns, Cleanup: 15402 ns, At safepoint: 10603 ns, Total: 51216 ns
[2025-05-26T06:14:42.206+0000][71][info ][safepoint   ] Safepoint "Cleanup", Time since last: 6001663051 ns, Reaching safepoint: 32585 ns, Cleanup: 16636 ns, At safepoint: 15762 ns, Total: 64983 ns
[2025-05-26T06:14:55.574+0000][71][info ][safepoint   ] Safepoint "Cleanup", Time since last: 13371076715 ns, Reaching safepoint: 6892 ns, Cleanup: 10153 ns, At safepoint: 12719 ns, Total: 29764 ns
[2025-05-26T06:14:56.862+0000][71][info ][safepoint   ] Safepoint "Cleanup", Time since last: 1287846506 ns, Reaching safepoint: 52101 ns, Cleanup: 16172 ns, At safepoint: 30808 ns, Total: 99081 ns
[2025-05-26T06:14:58.863+0000][71][info ][safepoint   ] Safepoint "Cleanup", Time since last: 2000742338 ns, Reaching safepoint: 28602 ns, Cleanup: 15651 ns, At safepoint: 10189 ns, Total: 54442 ns
[2025-05-26T06:15:00.914+0000][71][info ][safepoint   ] Safepoint "Cleanup", Time since last: 2050689002 ns, Reaching safepoint: 18832 ns, Cleanup: 13616 ns, At safepoint: 7966 ns, Total: 40414 ns
[2025-05-26T06:15:12.916+0000][71][info ][safepoint   ] Safepoint "Cleanup", Time since last: 12002601835 ns, Reaching safepoint: 23777 ns, Cleanup: 13138 ns, At safepoint: 8329 ns, Total: 45244 ns
[2025-05-26T06:15:35.236+0000][71][info ][safepoint   ] Safepoint "Cleanup", Time since last: 22322362762 ns, Reaching safepoint: 128266 ns, Cleanup: 15478 ns, At safepoint: 9378 ns, Total: 153122 ns
[2025-05-26T06:15:42.239+0000][71][info ][safepoint   ] Safepoint "Cleanup", Time since last: 7002593912 ns, Reaching safepoint: 25838 ns, Cleanup: 19151 ns, At safepoint: 10019 ns, Total: 55008 ns
[2025-05-26T06:15:43.239+0000][71][info ][safepoint   ] Safepoint "Cleanup", Time since last: 1000606289 ns, Reaching safepoint: 32830 ns, Cleanup: 16536 ns, At safepoint: 16123 ns, Total: 65489 ns
[2025-05-26T06:15:46.241+0000][71][info ][safepoint   ] Safepoint "Cleanup", Time since last: 3000980517 ns, Reaching safepoint: 34229 ns, Cleanup: 16232 ns, At safepoint: 15773 ns, Total: 66234 ns
[2025-05-26T06:15:58.586+0000][71][info ][safepoint   ] Safepoint "Cleanup", Time since last: 12348060308 ns, Reaching safepoint: 8260 ns, Cleanup: 13608 ns, At safepoint: 12813 ns, Total: 34681 ns
[2025-05-26T06:15:59.903+0000][71][info ][safepoint   ] Safepoint "Cleanup", Time since last: 1317371318 ns, Reaching safepoint: 30072 ns, Cleanup: 18450 ns, At safepoint: 14640 ns, Total: 63162 ns
[2025-05-26T06:16:32.272+0000][71][info ][safepoint   ] Safepoint "Cleanup", Time since last: 32371193951 ns, Reaching safepoint: 78284 ns, Cleanup: 19307 ns, At safepoint: 33494 ns, Total: 131085 ns
[2025-05-26T06:16:42.274+0000][71][info ][safepoint   ] Safepoint "Cleanup", Time since last: 10002120426 ns, Reaching safepoint: 27174 ns, Cleanup: 24759 ns, At safepoint: 10354 ns, Total: 62287 ns
[2025-05-26T06:18:04.623+0000][71][info ][safepoint   ] Safepoint "Cleanup", Time since last: 82357119527 ns, Reaching safepoint: 14639 ns, Cleanup: 8527 ns, At safepoint: 12439 ns, Total: 35605 ns
[2025-05-26T06:18:07.993+0000][71][info ][safepoint   ] Safepoint "Cleanup", Time since last: 3369640286 ns, Reaching safepoint: 33183 ns, Cleanup: 17930 ns, At safepoint: 15961 ns, Total: 67074 ns
[2025-05-26T06:18:12.994+0000][71][info ][safepoint   ] Safepoint "Cleanup", Time since last: 5001268445 ns, Reaching safepoint: 27264 ns, Cleanup: 17370 ns, At safepoint: 9607 ns, Total: 54241 ns
[2025-05-26T06:18:13.995+0000][71][info ][safepoint   ] Safepoint "Cleanup", Time since last: 1000599048 ns, Reaching safepoint: 26487 ns, Cleanup: 15899 ns, At safepoint: 10192 ns, Total: 52578 ns
[2025-05-26T06:18:23.343+0000][71][info ][safepoint   ] Safepoint "Cleanup", Time since last: 9341306162 ns, Reaching safepoint: 6793782 ns, Cleanup: 174570 ns, At safepoint: 180159 ns, Total: 7148511 ns
[2025-05-26T06:18:25.580+0000][71][info ][safepoint   ] Safepoint "Cleanup", Time since last: 2239599761 ns, Reaching safepoint: 20598 ns, Cleanup: 11400 ns, At safepoint: 86388 ns, Total: 118386 ns
[2025-05-26T06:18:27.006+0000][71][info ][safepoint   ] Safepoint "Cleanup", Time since last: 1425810715 ns, Reaching safepoint: 26330 ns, Cleanup: 24420 ns, At safepoint: 9651 ns, Total: 60401 ns
[2025-05-26T06:18:38.063+0000][71][info ][safepoint   ] Safepoint "Cleanup", Time since last: 11056170880 ns, Reaching safepoint: 268216 ns, Cleanup: 12445 ns, At safepoint: 54011 ns, Total: 334672 ns
[2025-05-26T06:18:42.064+0000][71][info ][safepoint   ] Safepoint "Cleanup", Time since last: 4000942739 ns, Reaching safepoint: 32380 ns, Cleanup: 16114 ns, At safepoint: 15055 ns, Total: 63549 ns
[2025-05-26T06:18:46.065+0000][71][info ][safepoint   ] Safepoint "Cleanup", Time since last: 4001177669 ns, Reaching safepoint: 35600 ns, Cleanup: 23813 ns, At safepoint: 17886 ns, Total: 77299 ns
[2025-05-26T06:18:57.613+0000][71][info ][safepoint   ] Safepoint "Cleanup", Time since last: 11550161948 ns, Reaching safepoint: 26468 ns, Cleanup: 15086 ns, At safepoint: 9619 ns, Total: 51173 ns
[2025-05-26T06:19:03.614+0000][71][info ][safepoint   ] Safepoint "Cleanup", Time since last: 6001144973 ns, Reaching safepoint: 50239 ns, Cleanup: 12993 ns, At safepoint: 9093 ns, Total: 72325 ns
[2025-05-26T06:19:05.616+0000][71][info ][safepoint   ] Safepoint "Cleanup", Time since last: 2001493234 ns, Reaching safepoint: 17037 ns, Cleanup: 19501 ns, At safepoint: 7534 ns, Total: 44072 ns
[2025-05-26T06:19:06.616+0000][71][info ][safepoint   ] Safepoint "Cleanup", Time since last: 1000549998 ns, Reaching safepoint: 30506 ns, Cleanup: 16191 ns, At safepoint: 10499 ns, Total: 57196 ns
[2025-05-26T06:19:42.375+0000][71][info ][safepoint   ] Safepoint "Cleanup", Time since last: 35761486784 ns, Reaching safepoint: 32927 ns, Cleanup: 17633 ns, At safepoint: 15307 ns, Total: 65867 ns
[2025-05-26T06:20:05.376+0000][71][info ][safepoint   ] Safepoint "Cleanup", Time since last: 23003693829 ns, Reaching safepoint: 81675 ns, Cleanup: 12653 ns, At safepoint: 8296 ns, Total: 102624 ns
[2025-05-26T06:20:11.128+0000][71][info ][safepoint   ] Safepoint "Cleanup", Time since last: 5752219488 ns, Reaching safepoint: 15374 ns, Cleanup: 14732 ns, At safepoint: 16722 ns, Total: 46828 ns
[2025-05-26T06:20:21.147+0000][71][info ][safepoint   ] Safepoint "Cleanup", Time since last: 10018981732 ns, Reaching safepoint: 20930 ns, Cleanup: 14154 ns, At safepoint: 8766 ns, Total: 43850 ns
[2025-05-26T06:20:24.404+0000][71][info ][safepoint   ] Safepoint "Cleanup", Time since last: 3256965835 ns, Reaching safepoint: 25977 ns, Cleanup: 14653 ns, At safepoint: 10273 ns, Total: 50903 ns
[2025-05-26T06:20:42.405+0000][71][info ][safepoint   ] Safepoint "Cleanup", Time since last: 18002870918 ns, Reaching safepoint: 57554 ns, Cleanup: 19411 ns, At safepoint: 10000 ns, Total: 86965 ns
[2025-05-26T06:21:13.542+0000][71][info ][safepoint   ] Safepoint "Cleanup", Time since last: 31137685055 ns, Reaching safepoint: 2148902 ns, Cleanup: 17303 ns, At safepoint: 100235 ns, Total: 2266440 ns
[2025-05-26T06:21:31.426+0000][71][info ][safepoint   ] Safepoint "Cleanup", Time since last: 17886932425 ns, Reaching safepoint: 33105 ns, Cleanup: 17379 ns, At safepoint: 14287 ns, Total: 64771 ns
[2025-05-26T06:21:42.428+0000][71][info ][safepoint   ] Safepoint "Cleanup", Time since last: 11001665981 ns, Reaching safepoint: 65954 ns, Cleanup: 16057 ns, At safepoint: 11973 ns, Total: 93984 ns
[2025-05-26T06:21:55.429+0000][71][info ][safepoint   ] Safepoint "Cleanup", Time since last: 13002341792 ns, Reaching safepoint: 15632 ns, Cleanup: 13370 ns, At safepoint: 7110 ns, Total: 36112 ns
[2025-05-26T06:22:05.436+0000][71][info ][safepoint   ] Safepoint "Cleanup", Time since last: 10007319539 ns, Reaching safepoint: 19959 ns, Cleanup: 12034 ns, At safepoint: 8087 ns, Total: 40080 ns
[2025-05-26T06:22:16.734+0000][71][info ][safepoint   ] Safepoint "Cleanup", Time since last: 11288535968 ns, Reaching safepoint: 9809632 ns, Cleanup: 15842 ns, At safepoint: 70406 ns, Total: 9895880 ns
[2025-05-26T06:22:31.486+0000][71][info ][safepoint   ] Safepoint "Cleanup", Time since last: 14755323732 ns, Reaching safepoint: 17673 ns, Cleanup: 13196 ns, At safepoint: 7427 ns, Total: 38296 ns
[2025-05-26T06:22:33.488+0000][71][info ][safepoint   ] Safepoint "Cleanup", Time since last: 2001274790 ns, Reaching safepoint: 16223 ns, Cleanup: 13390 ns, At safepoint: 6867 ns, Total: 36480 ns
[2025-05-26T06:22:55.490+0000][71][info ][safepoint   ] Safepoint "Cleanup", Time since last: 22004116545 ns, Reaching safepoint: 37209 ns, Cleanup: 14102 ns, At safepoint: 7911 ns, Total: 59222 ns
[2025-05-26T06:23:04.597+0000][71][info ][safepoint   ] Safepoint "Cleanup", Time since last: 9107020012 ns, Reaching safepoint: 12108 ns, Cleanup: 8755 ns, At safepoint: 3221 ns, Total: 24084 ns
[2025-05-26T06:23:06.452+0000][71][info ][safepoint   ] Safepoint "Cleanup", Time since last: 1854781369 ns, Reaching safepoint: 16684 ns, Cleanup: 15976 ns, At safepoint: 7344 ns, Total: 40004 ns
[2025-05-26T06:23:29.534+0000][71][info ][safepoint   ] Safepoint "Cleanup", Time since last: 23085098908 ns, Reaching safepoint: 74087 ns, Cleanup: 13326 ns, At safepoint: 21595 ns, Total: 109008 ns
[2025-05-26T06:23:34.859+0000][71][info ][safepoint   ] Safepoint "Cleanup", Time since last: 5325592912 ns, Reaching safepoint: 21822 ns, Cleanup: 15475 ns, At safepoint: 9165 ns, Total: 46462 ns
[2025-05-26T06:23:43.879+0000][71][info ][safepoint   ] Safepoint "Cleanup", Time since last: 9019744721 ns, Reaching safepoint: 43413 ns, Cleanup: 15901 ns, At safepoint: 8613 ns, Total: 67927 ns
[2025-05-26T06:24:00.614+0000][71][info ][safepoint   ] Safepoint "Cleanup", Time since last: 16736954324 ns, Reaching safepoint: 28974 ns, Cleanup: 17175 ns, At safepoint: 11429 ns, Total: 57578 ns
[2025-05-26T06:24:20.617+0000][71][info ][safepoint   ] Safepoint "Cleanup", Time since last: 20003540378 ns, Reaching safepoint: 28422 ns, Cleanup: 16434 ns, At safepoint: 10457 ns, Total: 55313 ns
[2025-05-26T06:24:22.628+0000][71][info ][safepoint   ] Safepoint "Cleanup", Time since last: 2000832552 ns, Reaching safepoint: 9924865 ns, Cleanup: 25520 ns, At safepoint: 291482 ns, Total: 10241867 ns
[2025-05-26T06:24:23.947+0000][71][info ][safepoint   ] Safepoint "Cleanup", Time since last: 1318296094 ns, Reaching safepoint: 18686 ns, Cleanup: 25841 ns, At safepoint: 78365 ns, Total: 122892 ns
[2025-05-26T06:24:41.961+0000][71][info ][safepoint   ] Safepoint "Cleanup", Time since last: 18016093663 ns, Reaching safepoint: 59052 ns, Cleanup: 20875 ns, At safepoint: 10361 ns, Total: 90288 ns
[2025-05-26T06:25:25.736+0000][71][info ][safepoint   ] Safepoint "Cleanup", Time since last: 43780828880 ns, Reaching safepoint: 15948 ns, Cleanup: 13610 ns, At safepoint: 4896 ns, Total: 34454 ns
[2025-05-26T06:25:27.103+0000][71][info ][safepoint   ] Safepoint "Cleanup", Time since last: 1366452326 ns, Reaching safepoint: 34346 ns, Cleanup: 49338 ns, At safepoint: 14401 ns, Total: 98085 ns
[2025-05-26T06:25:53.107+0000][71][info ][safepoint   ] Safepoint "Cleanup", Time since last: 26004466066 ns, Reaching safepoint: 51327 ns, Cleanup: 15451 ns, At safepoint: 9412 ns, Total: 76190 ns
[2025-05-26T06:26:28.722+0000][71][info ][safepoint   ] Safepoint "Cleanup", Time since last: 35619651189 ns, Reaching safepoint: 13293 ns, Cleanup: 18472 ns, At safepoint: 4351 ns, Total: 36116 ns
[2025-05-26T06:26:30.139+0000][71][info ][safepoint   ] Safepoint "Cleanup", Time since last: 1417431781 ns, Reaching safepoint: 18793 ns, Cleanup: 14831 ns, At safepoint: 7337 ns, Total: 40961 ns
[2025-05-26T06:27:22.145+0000][71][info ][safepoint   ] Safepoint "Cleanup", Time since last: 52008495186 ns, Reaching safepoint: 68205 ns, Cleanup: 16541 ns, At safepoint: 11705 ns, Total: 96451 ns
[2025-05-26T06:27:34.496+0000][71][info ][safepoint   ] Safepoint "Cleanup", Time since last: 12354081567 ns, Reaching safepoint: 20230 ns, Cleanup: 14460 ns, At safepoint: 5259 ns, Total: 39949 ns
[2025-05-26T06:27:49.718+0000][71][info ][safepoint   ] Safepoint "Cleanup", Time since last: 15221931001 ns, Reaching safepoint: 63689 ns, Cleanup: 19100 ns, At safepoint: 37596 ns, Total: 120385 ns
[2025-05-26T06:28:24.107+0000][71][info ][safepoint   ] Safepoint "Cleanup", Time since last: 34390052436 ns, Reaching safepoint: 84087 ns, Cleanup: 19708 ns, At safepoint: 23572 ns, Total: 127367 ns
[2025-05-26T06:28:31.615+0000][71][info ][safepoint   ] Safepoint "Cleanup", Time since last: 7512045016 ns, Reaching safepoint: 15988 ns, Cleanup: 10927 ns, At safepoint: 18328 ns, Total: 45243 ns
[2025-05-26T06:28:32.743+0000][71][info ][safepoint   ] Safepoint "Cleanup", Time since last: 1127977778 ns, Reaching safepoint: 23702 ns, Cleanup: 15632 ns, At safepoint: 34324 ns, Total: 73658 ns
[2025-05-26T06:28:36.819+0000][71][info ][safepoint   ] Safepoint "Cleanup", Time since last: 4075982967 ns, Reaching safepoint: 26184 ns, Cleanup: 15953 ns, At safepoint: 10669 ns, Total: 52806 ns
[2025-05-26T06:28:41.844+0000][71][info ][safepoint   ] Safepoint "Cleanup", Time since last: 5024900759 ns, Reaching safepoint: 37352 ns, Cleanup: 19184 ns, At safepoint: 17058 ns, Total: 73594 ns
[2025-05-26T06:28:53.848+0000][71][info ][safepoint   ] Safepoint "Cleanup", Time since last: 12003343959 ns, Reaching safepoint: 82509 ns, Cleanup: 19417 ns, At safepoint: 17844 ns, Total: 119770 ns
[2025-05-26T06:29:15.853+0000][71][info ][safepoint   ] Safepoint "Cleanup", Time since last: 22006123788 ns, Reaching safepoint: 188376 ns, Cleanup: 26936 ns, At safepoint: 14438 ns, Total: 229750 ns
[2025-05-26T06:29:37.651+0000][71][info ][safepoint   ] Safepoint "Cleanup", Time since last: 21800011755 ns, Reaching safepoint: 544386 ns, Cleanup: 13859 ns, At safepoint: 61000 ns, Total: 619245 ns
[2025-05-26T06:29:38.926+0000][71][info ][safepoint   ] Safepoint "Cleanup", Time since last: 1275249277 ns, Reaching safepoint: 26044 ns, Cleanup: 16646 ns, At safepoint: 10838 ns, Total: 53528 ns
[2025-05-26T06:29:39.946+0000][71][info ][safepoint   ] Safepoint "Cleanup", Time since last: 1019273003 ns, Reaching safepoint: 21949 ns, Cleanup: 15634 ns, At safepoint: 9016 ns, Total: 46599 ns
[2025-05-26T06:29:42.947+0000][71][info ][safepoint   ] Safepoint "Cleanup", Time since last: 3000926024 ns, Reaching safepoint: 25542 ns, Cleanup: 15099 ns, At safepoint: 9624 ns, Total: 50265 ns
[2025-05-26T06:30:09.944+0000][71][info ][safepoint   ] Safepoint "Cleanup", Time since last: 27004012180 ns, Reaching safepoint: 57810 ns, Cleanup: 14075 ns, At safepoint: 10366 ns, Total: 82251 ns
[2025-05-26T06:30:12.947+0000][71][info ][safepoint   ] Safepoint "Cleanup", Time since last: 3002547285 ns, Reaching safepoint: 26139 ns, Cleanup: 15540 ns, At safepoint: 10428 ns, Total: 52107 ns
[2025-05-26T06:30:40.588+0000][71][info ][safepoint   ] Safepoint "Cleanup", Time since last: 27639972991 ns, Reaching safepoint: 17199 ns, Cleanup: 11940 ns, At safepoint: 69620 ns, Total: 98759 ns
[2025-05-26T06:31:02.993+0000][71][info ][safepoint   ] Safepoint "Cleanup", Time since last: 22408124152 ns, Reaching safepoint: 36309 ns, Cleanup: 16998 ns, At safepoint: 16513 ns, Total: 69820 ns
[2025-05-26T06:31:13.996+0000][71][info ][safepoint   ] Safepoint "Cleanup", Time since last: 11002061706 ns, Reaching safepoint: 64664 ns, Cleanup: 29580 ns, At safepoint: 12315 ns, Total: 106559 ns
[2025-05-26T06:31:43.574+0000][71][info ][safepoint   ] Safepoint "Cleanup", Time since last: 29578314282 ns, Reaching safepoint: 2170045 ns, Cleanup: 22872 ns, At safepoint: 109140 ns, Total: 2302057 ns
[2025-05-26T06:32:20.038+0000][71][info ][safepoint   ] Safepoint "Cleanup", Time since last: 36466312530 ns, Reaching safepoint: 61561 ns, Cleanup: 15717 ns, At safepoint: 11332 ns, Total: 88610 ns
[2025-05-26T06:32:42.218+0000][71][info ][safepoint   ] Safepoint "Cleanup", Time since last: 22182958096 ns, Reaching safepoint: 56165 ns, Cleanup: 16254 ns, At safepoint: 10983 ns, Total: 83402 ns
[2025-05-26T06:33:11.081+0000][71][info ][safepoint   ] Safepoint "Cleanup", Time since last: 28865387605 ns, Reaching safepoint: 35817 ns, Cleanup: 22103 ns, At safepoint: 16218 ns, Total: 74138 ns
[2025-05-26T06:33:21.089+0000][71][info ][safepoint   ] Safepoint "Cleanup", Time since last: 10007592118 ns, Reaching safepoint: 28279 ns, Cleanup: 21172 ns, At safepoint: 11635 ns, Total: 61086 ns
[2025-05-26T06:33:37.565+0000][71][info ][safepoint   ] Safepoint "Cleanup", Time since last: 16477814807 ns, Reaching safepoint: 397203 ns, Cleanup: 19330 ns, At safepoint: 171558 ns, Total: 588091 ns
[2025-05-26T06:33:40.148+0000][71][info ][safepoint   ] Safepoint "Cleanup", Time since last: 2582985152 ns, Reaching safepoint: 27816 ns, Cleanup: 17008 ns, At safepoint: 11953 ns, Total: 56777 ns
[2025-05-26T06:33:49.570+0000][71][info ][safepoint   ] Safepoint "Cleanup", Time since last: 9422024570 ns, Reaching safepoint: 83086 ns, Cleanup: 10311 ns, At safepoint: 14720 ns, Total: 108117 ns
[2025-05-26T06:33:51.178+0000][71][info ][safepoint   ] Safepoint "Cleanup", Time since last: 1607783546 ns, Reaching safepoint: 27294 ns, Cleanup: 16394 ns, At safepoint: 10341 ns, Total: 54029 ns
[2025-05-26T06:34:00.949+0000][71][info ][safepoint   ] Safepoint "Cleanup", Time since last: 9773795885 ns, Reaching safepoint: 17420 ns, Cleanup: 11476 ns, At safepoint: 7898 ns, Total: 36794 ns
[2025-05-26T06:34:36.266+0000][71][info ][safepoint   ] Safepoint "Cleanup", Time since last: 35319762465 ns, Reaching safepoint: 59208 ns, Cleanup: 16316 ns, At safepoint: 10942 ns, Total: 86466 ns
[2025-05-26T06:34:42.270+0000][71][info ][safepoint   ] Safepoint "Cleanup", Time since last: 6003872183 ns, Reaching safepoint: 27030 ns, Cleanup: 16051 ns, At safepoint: 9433 ns, Total: 52514 ns
[2025-05-26T06:34:46.272+0000][71][info ][safepoint   ] Safepoint "Cleanup", Time since last: 4001448642 ns, Reaching safepoint: 29328 ns, Cleanup: 18111 ns, At safepoint: 10543 ns, Total: 57982 ns
[2025-05-26T06:34:51.276+0000][71][info ][safepoint   ] Safepoint "Cleanup", Time since last: 5004021400 ns, Reaching safepoint: 25451 ns, Cleanup: 15216 ns, At safepoint: 10553 ns, Total: 51220 ns
[2025-05-26T06:34:52.646+0000][71][info ][safepoint   ] Safepoint "Cleanup", Time since last: 1369894812 ns, Reaching safepoint: 24471 ns, Cleanup: 13179 ns, At safepoint: 29894 ns, Total: 67544 ns
[2025-05-26T06:35:06.220+0000][71][info ][safepoint   ] Safepoint "Cleanup", Time since last: 13577135428 ns, Reaching safepoint: 25899 ns, Cleanup: 15844 ns, At safepoint: 10546 ns, Total: 52289 ns
[2025-05-26T06:35:36.290+0000][71][info ][safepoint   ] Safepoint "Cleanup", Time since last: 30072210589 ns, Reaching safepoint: 55097 ns, Cleanup: 16651 ns, At safepoint: 10292 ns, Total: 82040 ns
[2025-05-26T06:35:41.292+0000][71][info ][safepoint   ] Safepoint "Cleanup", Time since last: 5001055559 ns, Reaching safepoint: 60619 ns, Cleanup: 17765 ns, At safepoint: 13472 ns, Total: 91856 ns
[2025-05-26T06:35:53.294+0000][71][info ][safepoint   ] Safepoint "Cleanup", Time since last: 12002315363 ns, Reaching safepoint: 28461 ns, Cleanup: 16276 ns, At safepoint: 9546 ns, Total: 54283 ns
[2025-05-26T06:35:55.736+0000][71][info ][safepoint   ] Safepoint "Cleanup", Time since last: 2444033796 ns, Reaching safepoint: 25703 ns, Cleanup: 15755 ns, At safepoint: 18833 ns, Total: 60291 ns
[2025-05-26T06:35:57.242+0000][71][info ][safepoint   ] Safepoint "Cleanup", Time since last: 1506415506 ns, Reaching safepoint: 65458 ns, Cleanup: 17150 ns, At safepoint: 14392 ns, Total: 97000 ns
[2025-05-26T06:36:58.682+0000][71][info ][safepoint   ] Safepoint "Cleanup", Time since last: 61445505352 ns, Reaching safepoint: 10655 ns, Cleanup: 12835 ns, At safepoint: 17236 ns, Total: 40726 ns
[2025-05-26T06:37:04.357+0000][71][info ][safepoint   ] Safepoint "Cleanup", Time since last: 5674813747 ns, Reaching safepoint: 20657 ns, Cleanup: 14349 ns, At safepoint: 9575 ns, Total: 44581 ns
[2025-05-26T06:37:42.368+0000][71][info ][safepoint   ] Safepoint "Cleanup", Time since last: 38012537219 ns, Reaching safepoint: 69974 ns, Cleanup: 18898 ns, At safepoint: 10888 ns, Total: 99760 ns
[2025-05-26T06:37:52.617+0000][71][info ][safepoint   ] Safepoint "Cleanup", Time since last: 10248816014 ns, Reaching safepoint: 15549 ns, Cleanup: 22360 ns, At safepoint: 19317 ns, Total: 57226 ns
[2025-05-26T06:38:01.560+0000][71][info ][safepoint   ] Safepoint "Cleanup", Time since last: 8946043751 ns, Reaching safepoint: 15318 ns, Cleanup: 13218 ns, At safepoint: 18785 ns, Total: 47321 ns
[2025-05-26T06:38:03.418+0000][71][info ][safepoint   ] Safepoint "Cleanup", Time since last: 1858223510 ns, Reaching safepoint: 20441 ns, Cleanup: 12919 ns, At safepoint: 8683 ns, Total: 42043 ns
[2025-05-26T06:38:08.432+0000][71][info ][safepoint   ] Safepoint "Cleanup", Time since last: 5013893345 ns, Reaching safepoint: 6653 ns, Cleanup: 7909 ns, At safepoint: 13153 ns, Total: 27715 ns
[2025-05-26T06:38:11.439+0000][71][info ][safepoint   ] Safepoint "Cleanup", Time since last: 3007310229 ns, Reaching safepoint: 18367 ns, Cleanup: 15292 ns, At safepoint: 8000 ns, Total: 41659 ns
[2025-05-26T06:38:17.442+0000][71][info ][safepoint   ] Safepoint "Cleanup", Time since last: 6002734297 ns, Reaching safepoint: 44686 ns, Cleanup: 13166 ns, At safepoint: 7830 ns, Total: 65682 ns
[2025-05-26T06:38:25.638+0000][71][info ][safepoint   ] Safepoint "Cleanup", Time since last: 8198576505 ns, Reaching safepoint: 8696 ns, Cleanup: 8712 ns, At safepoint: 14311 ns, Total: 31719 ns
[2025-05-26T06:38:37.554+0000][71][info ][safepoint   ] Safepoint "Cleanup", Time since last: 11915899274 ns, Reaching safepoint: 14394 ns, Cleanup: 16903 ns, At safepoint: 17777 ns, Total: 49074 ns
[2025-05-26T06:38:39.465+0000][71][info ][safepoint   ] Safepoint "Cleanup", Time since last: 1910612452 ns, Reaching safepoint: 28192 ns, Cleanup: 25774 ns, At safepoint: 14365 ns, Total: 68331 ns
[2025-05-26T06:38:41.484+0000][71][info ][safepoint   ] Safepoint "Cleanup", Time since last: 2016718063 ns, Reaching safepoint: 15150 ns, Cleanup: 2157614 ns, At safepoint: 87950 ns, Total: 2260714 ns
[2025-05-26T06:38:43.542+0000][71][info ][gc,start    ] GC(20) Pause Young (Prepare Mixed) (G1 Evacuation Pause)
[2025-05-26T06:38:43.547+0000][71][info ][gc,task     ] GC(20) Using 10 workers of 10 for evacuation
[2025-05-26T06:38:43.551+0000][71][debug][gc,age      ] GC(20) Desired survivor size 153092096 bytes, new threshold 15 (max threshold 15)
[2025-05-26T06:38:43.789+0000][71][info ][gc,mmu      ] GC(20) MMU target violated: 201.0ms (200.0ms/201.0ms)
[2025-05-26T06:38:43.791+0000][71][info ][gc,phases   ] GC(20)   Pre Evacuate Collection Set: 15.64ms
[2025-05-26T06:38:43.791+0000][71][info ][gc,phases   ] GC(20)   Merge Heap Roots: 5.07ms
[2025-05-26T06:38:43.792+0000][71][info ][gc,phases   ] GC(20)   Evacuate Collection Set: 190.47ms
[2025-05-26T06:38:43.792+0000][71][info ][gc,phases   ] GC(20)   Post Evacuate Collection Set: 20.21ms
[2025-05-26T06:38:43.793+0000][71][info ][gc,phases   ] GC(20)   Other: 13.28ms
[2025-05-26T06:38:43.793+0000][71][trace][gc,age      ] GC(20) Age table with threshold 15 (max threshold 15)
[2025-05-26T06:38:43.794+0000][71][trace][gc,age      ] GC(20) - age   1:    1855360 bytes,    1855360 total
[2025-05-26T06:38:43.794+0000][71][trace][gc,age      ] GC(20) - age   2:      83600 bytes,    1938960 total
[2025-05-26T06:38:43.794+0000][71][trace][gc,age      ] GC(20) - age   3:     358664 bytes,    2297624 total
[2025-05-26T06:38:43.795+0000][71][trace][gc,age      ] GC(20) - age   4:    2025696 bytes,    4323320 total
[2025-05-26T06:38:43.795+0000][71][trace][gc,age      ] GC(20) - age   5:    5656600 bytes,    9979920 total
[2025-05-26T06:38:43.797+0000][71][info ][gc,heap     ] GC(20) Eden regions: 579->0(579)
[2025-05-26T06:38:43.797+0000][71][info ][gc,heap     ] GC(20) Survivor regions: 3->3(73)
[2025-05-26T06:38:43.798+0000][71][info ][gc,heap     ] GC(20) Old regions: 27->27
[2025-05-26T06:38:43.798+0000][71][info ][gc,heap     ] GC(20) Humongous regions: 0->0
[2025-05-26T06:38:43.799+0000][71][info ][gc,metaspace] GC(20) Metaspace: 147813K(151808K)->147813K(151808K) NonClass: 127766K(129920K)->127766K(129920K) Class: 20047K(21888K)->20047K(21888K)
[2025-05-26T06:38:43.800+0000][71][info ][gc          ] GC(20) Pause Young (Prepare Mixed) (G1 Evacuation Pause) 2433M->118M(3880M) 258.314ms
[2025-05-26T06:38:43.801+0000][71][info ][gc,cpu      ] GC(20) User=1.66s Sys=0.00s Real=0.26s
[2025-05-26T06:38:43.802+0000][71][info ][safepoint   ] Safepoint "G1CollectForAllocation", Time since last: 2056568023 ns, Reaching safepoint: 32006 ns, Cleanup: 7183 ns, At safepoint: 260993668 ns, Total: 261032857 ns
[2025-05-26T06:38:57.138+0000][71][info ][safepoint   ] Safepoint "Cleanup", Time since last: 13338743335 ns, Reaching safepoint: 42721 ns, Cleanup: 12896 ns, At safepoint: 7162 ns, Total: 62779 ns
[2025-05-26T06:39:04.597+0000][71][info ][safepoint   ] Safepoint "Cleanup", Time since last: 7458805291 ns, Reaching safepoint: 108329 ns, Cleanup: 15002 ns, At safepoint: 38511 ns, Total: 161842 ns
[2025-05-26T06:39:05.607+0000][71][info ][safepoint   ] Safepoint "Cleanup", Time since last: 1010374428 ns, Reaching safepoint: 108309 ns, Cleanup: 24947 ns, At safepoint: 66296 ns, Total: 199552 ns
[2025-05-26T06:39:10.563+0000][71][info ][safepoint   ] Safepoint "Cleanup", Time since last: 4955788548 ns, Reaching safepoint: 19686 ns, Cleanup: 14640 ns, At safepoint: 9279 ns, Total: 43605 ns
[2025-05-26T06:39:19.565+0000][71][info ][safepoint   ] Safepoint "Cleanup", Time since last: 9001581964 ns, Reaching safepoint: 46416 ns, Cleanup: 14823 ns, At safepoint: 8510 ns, Total: 69749 ns
[2025-05-26T06:39:35.420+0000][71][info ][safepoint   ] Safepoint "Cleanup", Time since last: 15857634396 ns, Reaching safepoint: 25521 ns, Cleanup: 15901 ns, At safepoint: 10326 ns, Total: 51748 ns
[2025-05-26T06:39:36.422+0000][71][info ][safepoint   ] Safepoint "Cleanup", Time since last: 1001947686 ns, Reaching safepoint: 25744 ns, Cleanup: 16208 ns, At safepoint: 10703 ns, Total: 52655 ns
[2025-05-26T06:39:42.423+0000][71][info ][safepoint   ] Safepoint "Cleanup", Time since last: 6001253250 ns, Reaching safepoint: 147400 ns, Cleanup: 35182 ns, At safepoint: 12412 ns, Total: 194994 ns
[2025-05-26T06:40:01.424+0000][71][info ][safepoint   ] Safepoint "Cleanup", Time since last: 19002689823 ns, Reaching safepoint: 100101 ns, Cleanup: 16990 ns, At safepoint: 15355 ns, Total: 132446 ns
[2025-05-26T06:40:06.425+0000][71][info ][safepoint   ] Safepoint "Cleanup", Time since last: 5001279483 ns, Reaching safepoint: 27339 ns, Cleanup: 18771 ns, At safepoint: 11700 ns, Total: 57810 ns
[2025-05-26T06:40:08.579+0000][71][info ][safepoint   ] Safepoint "Cleanup", Time since last: 2153649221 ns, Reaching safepoint: 8052 ns, Cleanup: 12476 ns, At safepoint: 2963 ns, Total: 23491 ns
[2025-05-26T06:40:09.593+0000][71][info ][safepoint   ] Safepoint "Cleanup", Time since last: 1013297380 ns, Reaching safepoint: 28443 ns, Cleanup: 17385 ns, At safepoint: 11388 ns, Total: 57216 ns
[2025-05-26T06:40:10.593+0000][71][info ][safepoint   ] Safepoint "Cleanup", Time since last: 1000663036 ns, Reaching safepoint: 30389 ns, Cleanup: 17221 ns, At safepoint: 11222 ns, Total: 58832 ns
[2025-05-26T06:40:15.595+0000][71][info ][safepoint   ] Safepoint "Cleanup", Time since last: 5001707757 ns, Reaching safepoint: 26051 ns, Cleanup: 20019 ns, At safepoint: 10453 ns, Total: 56523 ns
[2025-05-26T06:40:16.596+0000][71][info ][safepoint   ] Safepoint "Cleanup", Time since last: 1000653990 ns, Reaching safepoint: 26160 ns, Cleanup: 17076 ns, At safepoint: 10987 ns, Total: 54223 ns
[2025-05-26T06:40:31.439+0000][71][info ][safepoint   ] Safepoint "Cleanup", Time since last: 14851381049 ns, Reaching safepoint: 49123 ns, Cleanup: 13824 ns, At safepoint: 9950 ns, Total: 72897 ns
[2025-05-26T06:40:32.440+0000][71][info ][safepoint   ] Safepoint "Cleanup", Time since last: 1001580190 ns, Reaching safepoint: 26529 ns, Cleanup: 16370 ns, At safepoint: 9505 ns, Total: 52404 ns
[2025-05-26T06:41:04.440+0000][71][info ][safepoint   ] Safepoint "Cleanup", Time since last: 32004433472 ns, Reaching safepoint: 57301 ns, Cleanup: 18060 ns, At safepoint: 11790 ns, Total: 87151 ns
[2025-05-26T06:41:11.827+0000][71][info ][safepoint   ] Safepoint "Cleanup", Time since last: 7386519725 ns, Reaching safepoint: 15997 ns, Cleanup: 12793 ns, At safepoint: 18020 ns, Total: 46810 ns
[2025-05-26T06:41:14.867+0000][71][info ][safepoint   ] Safepoint "Cleanup", Time since last: 3040581652 ns, Reaching safepoint: 27054 ns, Cleanup: 19982 ns, At safepoint: 10315 ns, Total: 57351 ns
[2025-05-26T06:41:36.463+0000][71][info ][safepoint   ] Safepoint "Cleanup", Time since last: 21598556540 ns, Reaching safepoint: 18421 ns, Cleanup: 13813 ns, At safepoint: 8857 ns, Total: 41091 ns
[2025-05-26T06:41:46.561+0000][71][info ][safepoint   ] Safepoint "Cleanup", Time since last: 10097375104 ns, Reaching safepoint: 46118 ns, Cleanup: 16267 ns, At safepoint: 7511 ns, Total: 69896 ns
[2025-05-26T06:42:12.563+0000][71][info ][safepoint   ] Safepoint "Cleanup", Time since last: 26003849378 ns, Reaching safepoint: 52242 ns, Cleanup: 14244 ns, At safepoint: 10143 ns, Total: 76629 ns
[2025-05-26T06:42:13.623+0000][71][info ][safepoint   ] Safepoint "Cleanup", Time since last: 1060026499 ns, Reaching safepoint: 6605 ns, Cleanup: 10039 ns, At safepoint: 3080 ns, Total: 19724 ns
[2025-05-26T06:42:50.490+0000][71][info ][safepoint   ] Safepoint "Cleanup", Time since last: 36869239213 ns, Reaching safepoint: 81901 ns, Cleanup: 22200 ns, At safepoint: 12934 ns, Total: 117035 ns
[2025-05-26T06:43:13.494+0000][71][info ][safepoint   ] Safepoint "Cleanup", Time since last: 23005865824 ns, Reaching safepoint: 85343 ns, Cleanup: 14234 ns, At safepoint: 8905 ns, Total: 108482 ns
[2025-05-26T06:43:15.495+0000][71][info ][safepoint   ] Safepoint "Cleanup", Time since last: 2000886446 ns, Reaching safepoint: 20056 ns, Cleanup: 13893 ns, At safepoint: 8137 ns, Total: 42086 ns
[2025-05-26T06:43:17.079+0000][71][info ][safepoint   ] Safepoint "Cleanup", Time since last: 1584387131 ns, Reaching safepoint: 9147 ns, Cleanup: 16209 ns, At safepoint: 39646 ns, Total: 65002 ns
[2025-05-26T06:43:43.129+0000][71][info ][safepoint   ] Safepoint "Cleanup", Time since last: 26051388256 ns, Reaching safepoint: 71477 ns, Cleanup: 17659 ns, At safepoint: 10003 ns, Total: 99139 ns
[2025-05-26T06:43:44.152+0000][71][info ][safepoint   ] Safepoint "Cleanup", Time since last: 1023816237 ns, Reaching safepoint: 14983 ns, Cleanup: 16119 ns, At safepoint: 4217 ns, Total: 35319 ns
[2025-05-26T06:43:45.172+0000][71][info ][safepoint   ] Safepoint "Cleanup", Time since last: 1019741539 ns, Reaching safepoint: 32421 ns, Cleanup: 16774 ns, At safepoint: 11918 ns, Total: 61113 ns
[2025-05-26T06:44:00.663+0000][71][info ][safepoint   ] Safepoint "Cleanup", Time since last: 15495023320 ns, Reaching safepoint: 25282 ns, Cleanup: 14310 ns, At safepoint: 8688 ns, Total: 48280 ns
[2025-05-26T06:44:20.259+0000][71][info ][safepoint   ] Safepoint "Cleanup", Time since last: 19595078349 ns, Reaching safepoint: 473124 ns, Cleanup: 11901 ns, At safepoint: 56337 ns, Total: 541362 ns
[2025-05-26T06:44:21.265+0000][71][info ][safepoint   ] Safepoint "Cleanup", Time since last: 1005502461 ns, Reaching safepoint: 26788 ns, Cleanup: 16130 ns, At safepoint: 11297 ns, Total: 54215 ns
[2025-05-26T06:45:00.582+0000][71][info ][safepoint   ] Safepoint "Cleanup", Time since last: 39320475951 ns, Reaching safepoint: 65281 ns, Cleanup: 16398 ns, At safepoint: 13269 ns, Total: 94948 ns
[2025-05-26T06:45:10.584+0000][71][info ][safepoint   ] Safepoint "Cleanup", Time since last: 10001780923 ns, Reaching safepoint: 27493 ns, Cleanup: 17047 ns, At safepoint: 11020 ns, Total: 55560 ns
[2025-05-26T06:45:20.587+0000][71][info ][safepoint   ] Safepoint "Cleanup", Time since last: 10002300898 ns, Reaching safepoint: 27504 ns, Cleanup: 15888 ns, At safepoint: 11517 ns, Total: 54909 ns
[2025-05-26T06:45:33.607+0000][71][info ][safepoint   ] Safepoint "Cleanup", Time since last: 13021820453 ns, Reaching safepoint: 65322 ns, Cleanup: 17702 ns, At safepoint: 10889 ns, Total: 93913 ns
[2025-05-26T06:46:25.548+0000][71][info ][safepoint   ] Safepoint "Cleanup", Time since last: 51946217515 ns, Reaching safepoint: 14635 ns, Cleanup: 29838 ns, At safepoint: 18864 ns, Total: 63337 ns
[2025-05-26T06:46:37.349+0000][71][info ][safepoint   ] Safepoint "Cleanup", Time since last: 11800789236 ns, Reaching safepoint: 46379 ns, Cleanup: 13938 ns, At safepoint: 10044 ns, Total: 70361 ns
[2025-05-26T06:46:42.351+0000][71][info ][safepoint   ] Safepoint "Cleanup", Time since last: 5001803308 ns, Reaching safepoint: 55045 ns, Cleanup: 16907 ns, At safepoint: 12647 ns, Total: 84599 ns
[2025-05-26T06:47:04.352+0000][71][info ][safepoint   ] Safepoint "Cleanup", Time since last: 22003125542 ns, Reaching safepoint: 60443 ns, Cleanup: 19354 ns, At safepoint: 9371 ns, Total: 89168 ns
[2025-05-26T06:47:07.353+0000][71][info ][safepoint   ] Safepoint "Cleanup", Time since last: 3000824954 ns, Reaching safepoint: 31849 ns, Cleanup: 18959 ns, At safepoint: 12180 ns, Total: 62988 ns
[2025-05-26T06:47:11.354+0000][71][info ][safepoint   ] Safepoint "Cleanup", Time since last: 4001008838 ns, Reaching safepoint: 30834 ns, Cleanup: 17333 ns, At safepoint: 10614 ns, Total: 58781 ns
[2025-05-26T06:47:16.355+0000][71][info ][safepoint   ] Safepoint "Cleanup", Time since last: 5001118469 ns, Reaching safepoint: 27657 ns, Cleanup: 17014 ns, At safepoint: 9245 ns, Total: 53916 ns
[2025-05-26T06:47:29.365+0000][71][info ][safepoint   ] Safepoint "Cleanup", Time since last: 13011824539 ns, Reaching safepoint: 13474 ns, Cleanup: 9312 ns, At safepoint: 16147 ns, Total: 38933 ns
[2025-05-26T06:47:33.388+0000][71][info ][safepoint   ] Safepoint "Cleanup", Time since last: 4022280566 ns, Reaching safepoint: 26933 ns, Cleanup: 18182 ns, At safepoint: 11644 ns, Total: 56759 ns
[2025-05-26T06:48:21.392+0000][71][info ][safepoint   ] Safepoint "Cleanup", Time since last: 48006422828 ns, Reaching safepoint: 27426 ns, Cleanup: 15682 ns, At safepoint: 11434 ns, Total: 54542 ns
[2025-05-26T06:48:43.448+0000][71][info ][safepoint   ] Safepoint "Cleanup", Time since last: 22057852077 ns, Reaching safepoint: 26172 ns, Cleanup: 15825 ns, At safepoint: 11119 ns, Total: 53116 ns
[2025-05-26T06:49:01.339+0000][71][info ][safepoint   ] Safepoint "Cleanup", Time since last: 17893600157 ns, Reaching safepoint: 115494 ns, Cleanup: 25470 ns, At safepoint: 13340 ns, Total: 154304 ns
[2025-05-26T06:50:30.736+0000][71][info ][safepoint   ] Safepoint "Cleanup", Time since last: 89403278024 ns, Reaching safepoint: 68697 ns, Cleanup: 20094 ns, At safepoint: 23281 ns, Total: 112072 ns
[2025-05-26T06:50:34.719+0000][71][info ][safepoint   ] Safepoint "Cleanup", Time since last: 3982654139 ns, Reaching safepoint: 15537 ns, Cleanup: 12926 ns, At safepoint: 17604 ns, Total: 46067 ns
[2025-05-26T06:50:41.617+0000][71][info ][safepoint   ] Safepoint "Cleanup", Time since last: 6897673256 ns, Reaching safepoint: 29607 ns, Cleanup: 21990 ns, At safepoint: 10434 ns, Total: 62031 ns
[2025-05-26T06:51:35.761+0000][71][info ][safepoint   ] Safepoint "Cleanup", Time since last: 54149384158 ns, Reaching safepoint: 44970 ns, Cleanup: 14947 ns, At safepoint: 10274 ns, Total: 70191 ns
[2025-05-26T06:51:37.705+0000][71][info ][safepoint   ] Safepoint "Cleanup", Time since last: 1943464470 ns, Reaching safepoint: 10074 ns, Cleanup: 10602 ns, At safepoint: 15668 ns, Total: 36344 ns
[2025-05-26T06:51:39.665+0000][71][info ][safepoint   ] Safepoint "Cleanup", Time since last: 1960303568 ns, Reaching safepoint: 20108 ns, Cleanup: 15768 ns, At safepoint: 8182 ns, Total: 44058 ns
[2025-05-26T06:52:03.668+0000][71][info ][safepoint   ] Safepoint "Cleanup", Time since last: 24004613711 ns, Reaching safepoint: 36632 ns, Cleanup: 17353 ns, At safepoint: 73262 ns, Total: 127247 ns
[2025-05-26T06:53:07.777+0000][71][info ][safepoint   ] Safepoint "Cleanup", Time since last: 64113548049 ns, Reaching safepoint: 30102 ns, Cleanup: 27075 ns, At safepoint: 20366 ns, Total: 77543 ns
[2025-05-26T06:53:10.760+0000][71][info ][safepoint   ] Safepoint "Cleanup", Time since last: 2982813280 ns, Reaching safepoint: 26629 ns, Cleanup: 23411 ns, At safepoint: 10313 ns, Total: 60353 ns
[2025-05-26T06:53:37.814+0000][71][info ][safepoint   ] Safepoint "Cleanup", Time since last: 27055851576 ns, Reaching safepoint: 64149 ns, Cleanup: 19634 ns, At safepoint: 10646 ns, Total: 94429 ns
[2025-05-26T06:53:41.817+0000][71][info ][safepoint   ] Safepoint "Cleanup", Time since last: 4002826125 ns, Reaching safepoint: 28975 ns, Cleanup: 20963 ns, At safepoint: 11562 ns, Total: 61500 ns
[2025-05-26T06:53:42.817+0000][71][info ][safepoint   ] Safepoint "Cleanup", Time since last: 1000623669 ns, Reaching safepoint: 25365 ns, Cleanup: 19398 ns, At safepoint: 9760 ns, Total: 54523 ns
[2025-05-26T06:53:44.735+0000][71][info ][safepoint   ] Safepoint "Cleanup", Time since last: 1917659596 ns, Reaching safepoint: 28122 ns, Cleanup: 25328 ns, At safepoint: 10727 ns, Total: 64177 ns
[2025-05-26T06:53:45.782+0000][71][info ][safepoint   ] Safepoint "Cleanup", Time since last: 1046689765 ns, Reaching safepoint: 29853 ns, Cleanup: 21762 ns, At safepoint: 11769 ns, Total: 63384 ns
[2025-05-26T06:53:47.728+0000][71][info ][safepoint   ] Safepoint "Cleanup", Time since last: 1945833282 ns, Reaching safepoint: 23849 ns, Cleanup: 16517 ns, At safepoint: 8729 ns, Total: 49095 ns
[2025-05-26T06:53:55.597+0000][71][info ][safepoint   ] Safepoint "Cleanup", Time since last: 7871518058 ns, Reaching safepoint: 15674 ns, Cleanup: 13297 ns, At safepoint: 4602 ns, Total: 33573 ns
[2025-05-26T06:54:06.542+0000][71][info ][safepoint   ] Safepoint "Cleanup", Time since last: 10944420974 ns, Reaching safepoint: 59269 ns, Cleanup: 17569 ns, At safepoint: 11872 ns, Total: 88710 ns
[2025-05-26T06:54:13.544+0000][71][info ][safepoint   ] Safepoint "Cleanup", Time since last: 7001903333 ns, Reaching safepoint: 28716 ns, Cleanup: 17595 ns, At safepoint: 13808 ns, Total: 60119 ns
[2025-05-26T06:54:41.840+0000][71][info ][safepoint   ] Safepoint "Cleanup", Time since last: 28299096666 ns, Reaching safepoint: 37880 ns, Cleanup: 25022 ns, At safepoint: 20227 ns, Total: 83129 ns
[2025-05-26T06:54:46.906+0000][71][info ][safepoint   ] Safepoint "Cleanup", Time since last: 5065486314 ns, Reaching safepoint: 15667 ns, Cleanup: 13101 ns, At safepoint: 18610 ns, Total: 47378 ns
[2025-05-26T06:55:25.865+0000][71][info ][safepoint   ] Safepoint "Cleanup", Time since last: 38963574717 ns, Reaching safepoint: 27524 ns, Cleanup: 16543 ns, At safepoint: 11592 ns, Total: 55659 ns
[2025-05-26T06:55:41.870+0000][71][info ][safepoint   ] Safepoint "Cleanup", Time since last: 16004669699 ns, Reaching safepoint: 60945 ns, Cleanup: 18254 ns, At safepoint: 9629 ns, Total: 88828 ns
[2025-05-26T06:57:40.925+0000][71][info ][safepoint   ] Safepoint "Cleanup", Time since last: 119063336903 ns, Reaching safepoint: 54637 ns, Cleanup: 17045 ns, At safepoint: 13234 ns, Total: 84916 ns
[2025-05-26T06:57:44.926+0000][71][info ][safepoint   ] Safepoint "Cleanup", Time since last: 4001217925 ns, Reaching safepoint: 43903 ns, Cleanup: 20556 ns, At safepoint: 20422 ns, Total: 84881 ns
[2025-05-26T06:57:55.676+0000][71][info ][safepoint   ] Safepoint "Cleanup", Time since last: 10752104827 ns, Reaching safepoint: 13902 ns, Cleanup: 11166 ns, At safepoint: 29679 ns, Total: 54747 ns
[2025-05-26T06:58:01.043+0000][71][info ][safepoint   ] Safepoint "Cleanup", Time since last: 5366898540 ns, Reaching safepoint: 99048 ns, Cleanup: 17608 ns, At safepoint: 11864 ns, Total: 128520 ns
[2025-05-26T06:58:25.950+0000][71][info ][safepoint   ] Safepoint "Cleanup", Time since last: 24908991414 ns, Reaching safepoint: 27240 ns, Cleanup: 16494 ns, At safepoint: 10309 ns, Total: 54043 ns
[2025-05-26T06:58:41.952+0000][71][info ][safepoint   ] Safepoint "Cleanup", Time since last: 16002631905 ns, Reaching safepoint: 59275 ns, Cleanup: 18865 ns, At safepoint: 9729 ns, Total: 87869 ns
[2025-05-26T06:58:43.953+0000][71][info ][safepoint   ] Safepoint "Cleanup", Time since last: 2000898597 ns, Reaching safepoint: 20273 ns, Cleanup: 13578 ns, At safepoint: 8846 ns, Total: 42697 ns
[2025-05-26T06:58:47.060+0000][71][info ][safepoint   ] Safepoint "Cleanup", Time since last: 3106058766 ns, Reaching safepoint: 14215 ns, Cleanup: 11328 ns, At safepoint: 15442 ns, Total: 40985 ns
[2025-05-26T06:58:50.092+0000][71][info ][safepoint   ] Safepoint "Cleanup", Time since last: 3032031188 ns, Reaching safepoint: 6662 ns, Cleanup: 11791 ns, At safepoint: 12743 ns, Total: 31196 ns
[2025-05-26T06:58:51.103+0000][71][info ][safepoint   ] Safepoint "Cleanup", Time since last: 1011193661 ns, Reaching safepoint: 29255 ns, Cleanup: 22083 ns, At safepoint: 11293 ns, Total: 62631 ns
[2025-05-26T06:58:55.583+0000][71][info ][safepoint   ] Safepoint "Cleanup", Time since last: 4482663347 ns, Reaching safepoint: 18709 ns, Cleanup: 15115 ns, At safepoint: 18752 ns, Total: 52576 ns
[2025-05-26T06:58:58.692+0000][71][info ][safepoint   ] Safepoint "Cleanup", Time since last: 3108538683 ns, Reaching safepoint: 16756 ns, Cleanup: 12148 ns, At safepoint: 4268 ns, Total: 33172 ns
[2025-05-26T06:59:41.979+0000][71][info ][safepoint   ] Safepoint "Cleanup", Time since last: 43289014697 ns, Reaching safepoint: 26584 ns, Cleanup: 18276 ns, At safepoint: 9933 ns, Total: 54793 ns
[2025-05-26T07:00:14.216+0000][71][info ][safepoint   ] Safepoint "Cleanup", Time since last: 32239525694 ns, Reaching safepoint: 28724 ns, Cleanup: 16830 ns, At safepoint: 11575 ns, Total: 57129 ns
[2025-05-26T07:00:34.005+0000][71][info ][safepoint   ] Safepoint "Cleanup", Time since last: 19790785680 ns, Reaching safepoint: 59594 ns, Cleanup: 22416 ns, At safepoint: 10820 ns, Total: 92830 ns
[2025-05-26T07:00:42.007+0000][71][info ][safepoint   ] Safepoint "Cleanup", Time since last: 8001932190 ns, Reaching safepoint: 30373 ns, Cleanup: 20982 ns, At safepoint: 11090 ns, Total: 62445 ns
[2025-05-26T07:01:04.725+0000][71][info ][safepoint   ] Safepoint "Cleanup", Time since last: 22720752898 ns, Reaching safepoint: 14559 ns, Cleanup: 9978 ns, At safepoint: 17882 ns, Total: 42419 ns
[2025-05-26T07:02:11.320+0000][71][info ][safepoint   ] Safepoint "Cleanup", Time since last: 66599163300 ns, Reaching safepoint: 37214 ns, Cleanup: 16838 ns, At safepoint: 10869 ns, Total: 64921 ns
[2025-05-26T07:02:26.059+0000][71][info ][safepoint   ] Safepoint "Cleanup", Time since last: 14740897153 ns, Reaching safepoint: 30654 ns, Cleanup: 17056 ns, At safepoint: 10701 ns, Total: 58411 ns
[2025-05-26T07:03:10.694+0000][71][info ][safepoint   ] Safepoint "Cleanup", Time since last: 44637765409 ns, Reaching safepoint: 108413 ns, Cleanup: 12408 ns, At safepoint: 55531 ns, Total: 176352 ns
[2025-05-26T07:03:12.365+0000][71][info ][safepoint   ] Safepoint "Cleanup", Time since last: 1670925344 ns, Reaching safepoint: 26581 ns, Cleanup: 16419 ns, At safepoint: 10082 ns, Total: 53082 ns
[2025-05-26T07:03:16.367+0000][71][info ][safepoint   ] Safepoint "Cleanup", Time since last: 4001622004 ns, Reaching safepoint: 25844 ns, Cleanup: 14438 ns, At safepoint: 9655 ns, Total: 49937 ns
[2025-05-26T07:03:47.090+0000][71][info ][safepoint   ] Safepoint "Cleanup", Time since last: 30726531933 ns, Reaching safepoint: 65893 ns, Cleanup: 17115 ns, At safepoint: 11366 ns, Total: 94374 ns
[2025-05-26T07:03:50.379+0000][71][info ][safepoint   ] Safepoint "Cleanup", Time since last: 3288806643 ns, Reaching safepoint: 13973 ns, Cleanup: 20274 ns, At safepoint: 18698 ns, Total: 52945 ns
[2025-05-26T07:04:05.442+0000][71][info ][safepoint   ] Safepoint "Cleanup", Time since last: 15063971207 ns, Reaching safepoint: 56354 ns, Cleanup: 21181 ns, At safepoint: 20534 ns, Total: 98069 ns
[2025-05-26T07:04:10.443+0000][71][info ][safepoint   ] Safepoint "Cleanup", Time since last: 5001149419 ns, Reaching safepoint: 26928 ns, Cleanup: 15621 ns, At safepoint: 11647 ns, Total: 54196 ns
[2025-05-26T07:04:13.709+0000][71][info ][safepoint   ] Safepoint "Cleanup", Time since last: 3266329161 ns, Reaching safepoint: 14883 ns, Cleanup: 11360 ns, At safepoint: 17877 ns, Total: 44120 ns
[2025-05-26T07:04:15.483+0000][71][info ][safepoint   ] Safepoint "Cleanup", Time since last: 1773162602 ns, Reaching safepoint: 25605 ns, Cleanup: 22371 ns, At safepoint: 9650 ns, Total: 57626 ns
[2025-05-26T07:05:17.501+0000][71][info ][safepoint   ] Safepoint "Cleanup", Time since last: 62021790681 ns, Reaching safepoint: 13915 ns, Cleanup: 13994 ns, At safepoint: 17655 ns, Total: 45564 ns
[2025-05-26T07:06:42.174+0000][71][info ][safepoint   ] Safepoint "Cleanup", Time since last: 84680014951 ns, Reaching safepoint: 56596 ns, Cleanup: 16203 ns, At safepoint: 10125 ns, Total: 82924 ns
[2025-05-26T07:06:51.176+0000][71][info ][safepoint   ] Safepoint "Cleanup", Time since last: 9001570773 ns, Reaching safepoint: 28691 ns, Cleanup: 20081 ns, At safepoint: 12076 ns, Total: 60848 ns
[2025-05-26T07:07:04.175+0000][71][info ][safepoint   ] Safepoint "Cleanup", Time since last: 13001962951 ns, Reaching safepoint: 27803 ns, Cleanup: 17509 ns, At safepoint: 11059 ns, Total: 56371 ns
[2025-05-26T07:07:05.176+0000][71][info ][safepoint   ] Safepoint "Cleanup", Time since last: 1000696625 ns, Reaching safepoint: 27219 ns, Cleanup: 15753 ns, At safepoint: 11966 ns, Total: 54938 ns
[2025-05-26T07:07:23.593+0000][71][info ][safepoint   ] Safepoint "Cleanup", Time since last: 18417272841 ns, Reaching safepoint: 14034 ns, Cleanup: 12129 ns, At safepoint: 16676 ns, Total: 42839 ns
[2025-05-26T07:07:37.204+0000][71][info ][safepoint   ] Safepoint "Cleanup", Time since last: 13612597759 ns, Reaching safepoint: 26864 ns, Cleanup: 15616 ns, At safepoint: 10913 ns, Total: 53393 ns
[2025-05-26T07:07:42.205+0000][71][info ][safepoint   ] Safepoint "Cleanup", Time since last: 5001441952 ns, Reaching safepoint: 45474 ns, Cleanup: 13736 ns, At safepoint: 8212 ns, Total: 67422 ns
[2025-05-26T07:07:46.693+0000][71][info ][safepoint   ] Safepoint "Cleanup", Time since last: 4487072620 ns, Reaching safepoint: 15231 ns, Cleanup: 23835 ns, At safepoint: 18785 ns, Total: 57851 ns
[2025-05-26T07:07:48.662+0000][71][info ][safepoint   ] Safepoint "Cleanup", Time since last: 1969282881 ns, Reaching safepoint: 32558 ns, Cleanup: 51081 ns, At safepoint: 81366 ns, Total: 165005 ns
[2025-05-26T07:07:50.569+0000][71][info ][safepoint   ] Safepoint "Cleanup", Time since last: 1906494358 ns, Reaching safepoint: 17227 ns, Cleanup: 28123 ns, At safepoint: 5471 ns, Total: 50821 ns
[2025-05-26T07:07:59.705+0000][71][info ][safepoint   ] Safepoint "Cleanup", Time since last: 9138323930 ns, Reaching safepoint: 27843 ns, Cleanup: 17223 ns, At safepoint: 11667 ns, Total: 56733 ns
[2025-05-26T07:08:00.758+0000][71][info ][safepoint   ] Safepoint "Cleanup", Time since last: 1052401874 ns, Reaching safepoint: 26975 ns, Cleanup: 16594 ns, At safepoint: 11075 ns, Total: 54644 ns
[2025-05-26T07:08:10.688+0000][71][info ][safepoint   ] Safepoint "Cleanup", Time since last: 9930485649 ns, Reaching safepoint: 37807 ns, Cleanup: 15652 ns, At safepoint: 24272 ns, Total: 77731 ns
[2025-05-26T07:08:25.713+0000][71][info ][safepoint   ] Safepoint "Cleanup", Time since last: 15027244640 ns, Reaching safepoint: 15297 ns, Cleanup: 13345 ns, At safepoint: 17902 ns, Total: 46544 ns
[2025-05-26T07:08:26.871+0000][71][info ][safepoint   ] Safepoint "Cleanup", Time since last: 1158242175 ns, Reaching safepoint: 15702 ns, Cleanup: 19026 ns, At safepoint: 22255 ns, Total: 56983 ns
[2025-05-26T07:08:27.888+0000][71][info ][safepoint   ] Safepoint "Cleanup", Time since last: 1017000011 ns, Reaching safepoint: 47989 ns, Cleanup: 19709 ns, At safepoint: 11312 ns, Total: 79010 ns
[2025-05-26T07:08:42.174+0000][71][info ][safepoint   ] Safepoint "Cleanup", Time since last: 14285506589 ns, Reaching safepoint: 68330 ns, Cleanup: 17632 ns, At safepoint: 11131 ns, Total: 97093 ns
[2025-05-26T07:08:50.176+0000][71][info ][safepoint   ] Safepoint "Cleanup", Time since last: 8001488334 ns, Reaching safepoint: 25117 ns, Cleanup: 13970 ns, At safepoint: 9155 ns, Total: 48242 ns
[2025-05-26T07:09:25.567+0000][71][info ][safepoint   ] Safepoint "Cleanup", Time since last: 35396585111 ns, Reaching safepoint: 34399 ns, Cleanup: 16016 ns, At safepoint: 68464 ns, Total: 118879 ns
[2025-05-26T07:09:28.990+0000][71][info ][safepoint   ] Safepoint "Cleanup", Time since last: 3423853299 ns, Reaching safepoint: 6065 ns, Cleanup: 8923 ns, At safepoint: 3024 ns, Total: 18012 ns
[2025-05-26T07:09:30.025+0000][71][info ][safepoint   ] Safepoint "Cleanup", Time since last: 1033970931 ns, Reaching safepoint: 14655 ns, Cleanup: 21045 ns, At safepoint: 19764 ns, Total: 55464 ns
[2025-05-26T07:09:32.030+0000][71][info ][safepoint   ] Safepoint "Cleanup", Time since last: 2005021470 ns, Reaching safepoint: 36234 ns, Cleanup: 14594 ns, At safepoint: 8693 ns, Total: 59521 ns
[2025-05-26T07:10:32.049+0000][71][info ][safepoint   ] Safepoint "Cleanup", Time since last: 60022706489 ns, Reaching safepoint: 25698 ns, Cleanup: 15810 ns, At safepoint: 7603 ns, Total: 49111 ns
[2025-05-26T07:10:44.066+0000][71][info ][safepoint   ] Safepoint "Cleanup", Time since last: 12017142685 ns, Reaching safepoint: 30193 ns, Cleanup: 16048 ns, At safepoint: 10770 ns, Total: 57011 ns
[2025-05-26T07:10:53.068+0000][71][info ][safepoint   ] Safepoint "Cleanup", Time since last: 9001657340 ns, Reaching safepoint: 27975 ns, Cleanup: 16331 ns, At safepoint: 12525 ns, Total: 56831 ns
[2025-05-26T07:11:20.070+0000][71][info ][safepoint   ] Safepoint "Cleanup", Time since last: 27003586610 ns, Reaching safepoint: 25972 ns, Cleanup: 16640 ns, At safepoint: 40591 ns, Total: 83203 ns
[2025-05-26T07:11:42.121+0000][71][info ][safepoint   ] Safepoint "Cleanup", Time since last: 22052954774 ns, Reaching safepoint: 26920 ns, Cleanup: 15973 ns, At safepoint: 10408 ns, Total: 53301 ns
[2025-05-26T07:12:05.123+0000][71][info ][safepoint   ] Safepoint "Cleanup", Time since last: 23004368615 ns, Reaching safepoint: 21616 ns, Cleanup: 16397 ns, At safepoint: 10007 ns, Total: 48020 ns
[2025-05-26T07:12:37.672+0000][71][info ][safepoint   ] Safepoint "Cleanup", Time since last: 32550991285 ns, Reaching safepoint: 19042 ns, Cleanup: 13785 ns, At safepoint: 129186 ns, Total: 162013 ns
[2025-05-26T07:14:00.256+0000][71][info ][safepoint   ] Safepoint "Cleanup", Time since last: 82591402605 ns, Reaching safepoint: 29833 ns, Cleanup: 17601 ns, At safepoint: 11004 ns, Total: 58438 ns
[2025-05-26T07:14:13.284+0000][71][info ][safepoint   ] Safepoint "Cleanup", Time since last: 13027354566 ns, Reaching safepoint: 68677 ns, Cleanup: 15918 ns, At safepoint: 9126 ns, Total: 93721 ns
[2025-05-26T07:14:20.286+0000][71][info ][safepoint   ] Safepoint "Cleanup", Time since last: 7002452067 ns, Reaching safepoint: 44633 ns, Cleanup: 13835 ns, At safepoint: 8201 ns, Total: 66669 ns
[2025-05-26T07:14:25.614+0000][71][info ][safepoint   ] Safepoint "Cleanup", Time since last: 5329819898 ns, Reaching safepoint: 14580 ns, Cleanup: 12878 ns, At safepoint: 18721 ns, Total: 46179 ns
[2025-05-26T07:14:41.348+0000][71][info ][safepoint   ] Safepoint "Cleanup", Time since last: 15734372842 ns, Reaching safepoint: 75182 ns, Cleanup: 17659 ns, At safepoint: 11566 ns, Total: 104407 ns
[2025-05-26T07:14:50.333+0000][71][info ][safepoint   ] Safepoint "Cleanup", Time since last: 8984027045 ns, Reaching safepoint: 50622 ns, Cleanup: 15132 ns, At safepoint: 8536 ns, Total: 74290 ns
[2025-05-26T07:15:13.335+0000][71][info ][safepoint   ] Safepoint "Cleanup", Time since last: 23004018258 ns, Reaching safepoint: 61179 ns, Cleanup: 53004 ns, At safepoint: 10869 ns, Total: 125052 ns
[2025-05-26T07:15:31.526+0000][71][info ][safepoint   ] Safepoint "Cleanup", Time since last: 18194120695 ns, Reaching safepoint: 28187 ns, Cleanup: 17594 ns, At safepoint: 10807 ns, Total: 56588 ns
[2025-05-26T07:15:33.528+0000][71][info ][safepoint   ] Safepoint "Cleanup", Time since last: 2001232698 ns, Reaching safepoint: 26001 ns, Cleanup: 15249 ns, At safepoint: 10550 ns, Total: 51800 ns
[2025-05-26T07:15:36.529+0000][71][info ][safepoint   ] Safepoint "Cleanup", Time since last: 3000818150 ns, Reaching safepoint: 43120 ns, Cleanup: 13238 ns, At safepoint: 9312 ns, Total: 65670 ns
[2025-05-26T07:15:41.530+0000][71][info ][safepoint   ] Safepoint "Cleanup", Time since last: 5001720000 ns, Reaching safepoint: 27816 ns, Cleanup: 20988 ns, At safepoint: 10465 ns, Total: 59269 ns
[2025-05-26T07:16:05.375+0000][71][info ][safepoint   ] Safepoint "Cleanup", Time since last: 23847071394 ns, Reaching safepoint: 58094 ns, Cleanup: 21152 ns, At safepoint: 9420 ns, Total: 88666 ns
[2025-05-26T07:16:11.377+0000][71][info ][safepoint   ] Safepoint "Cleanup", Time since last: 6001147826 ns, Reaching safepoint: 49989 ns, Cleanup: 13877 ns, At safepoint: 9109 ns, Total: 72975 ns
[2025-05-26T07:16:35.553+0000][71][info ][safepoint   ] Safepoint "Cleanup", Time since last: 24177878023 ns, Reaching safepoint: 31961 ns, Cleanup: 18800 ns, At safepoint: 11604 ns, Total: 62365 ns
[2025-05-26T07:16:41.554+0000][71][info ][safepoint   ] Safepoint "Cleanup", Time since last: 6001220346 ns, Reaching safepoint: 55415 ns, Cleanup: 14352 ns, At safepoint: 7585 ns, Total: 77352 ns
[2025-05-26T07:16:45.556+0000][71][info ][safepoint   ] Safepoint "Cleanup", Time since last: 4001966316 ns, Reaching safepoint: 25856 ns, Cleanup: 16995 ns, At safepoint: 10741 ns, Total: 53592 ns
[2025-05-26T07:16:49.660+0000][71][info ][safepoint   ] Safepoint "Cleanup", Time since last: 4103672767 ns, Reaching safepoint: 15485 ns, Cleanup: 11969 ns, At safepoint: 18505 ns, Total: 45959 ns
[2025-05-26T07:16:51.430+0000][71][info ][safepoint   ] Safepoint "Cleanup", Time since last: 1770213147 ns, Reaching safepoint: 27594 ns, Cleanup: 16842 ns, At safepoint: 10124 ns, Total: 54560 ns
[2025-05-26T07:17:41.581+0000][71][info ][safepoint   ] Safepoint "Cleanup", Time since last: 50156013123 ns, Reaching safepoint: 24559 ns, Cleanup: 20170 ns, At safepoint: 10207 ns, Total: 54936 ns
[2025-05-26T07:18:20.475+0000][71][info ][safepoint   ] Safepoint "Cleanup", Time since last: 38895677365 ns, Reaching safepoint: 55981 ns, Cleanup: 19920 ns, At safepoint: 9349 ns, Total: 85250 ns
[2025-05-26T07:18:41.609+0000][71][info ][safepoint   ] Safepoint "Cleanup", Time since last: 21135982009 ns, Reaching safepoint: 60401 ns, Cleanup: 14937 ns, At safepoint: 9681 ns, Total: 85019 ns
[2025-05-26T07:18:55.609+0000][71][info ][safepoint   ] Safepoint "Cleanup", Time since last: 14002312229 ns, Reaching safepoint: 52010 ns, Cleanup: 13659 ns, At safepoint: 11311 ns, Total: 76980 ns
[2025-05-26T07:19:02.554+0000][71][info ][safepoint   ] Safepoint "Cleanup", Time since last: 6944441144 ns, Reaching safepoint: 110798 ns, Cleanup: 13147 ns, At safepoint: 59935 ns, Total: 183880 ns
[2025-05-26T07:19:03.592+0000][71][info ][safepoint   ] Safepoint "Cleanup", Time since last: 1038110505 ns, Reaching safepoint: 7422 ns, Cleanup: 9049 ns, At safepoint: 12604 ns, Total: 29075 ns
[2025-05-26T07:19:25.601+0000][71][info ][safepoint   ] Safepoint "Cleanup", Time since last: 22011571449 ns, Reaching safepoint: 15736 ns, Cleanup: 13910 ns, At safepoint: 17949 ns, Total: 47595 ns
[2025-05-26T07:19:27.441+0000][71][info ][safepoint   ] Safepoint "Cleanup", Time since last: 1839641129 ns, Reaching safepoint: 55685 ns, Cleanup: 15487 ns, At safepoint: 10168 ns, Total: 81340 ns
[2025-05-26T07:19:40.443+0000][71][info ][safepoint   ] Safepoint "Cleanup", Time since last: 13002186984 ns, Reaching safepoint: 18762 ns, Cleanup: 13694 ns, At safepoint: 8427 ns, Total: 40883 ns
[2025-05-26T07:19:48.445+0000][71][info ][safepoint   ] Safepoint "Cleanup", Time since last: 8001620980 ns, Reaching safepoint: 59223 ns, Cleanup: 16567 ns, At safepoint: 9784 ns, Total: 85574 ns
[2025-05-26T07:19:59.624+0000][71][info ][safepoint   ] Safepoint "Cleanup", Time since last: 11180978396 ns, Reaching safepoint: 11980 ns, Cleanup: 9554 ns, At safepoint: 4133 ns, Total: 25667 ns
[2025-05-26T07:20:35.659+0000][71][info ][safepoint   ] Safepoint "Cleanup", Time since last: 36037026517 ns, Reaching safepoint: 48579 ns, Cleanup: 14133 ns, At safepoint: 8451 ns, Total: 71163 ns
[2025-05-26T07:20:40.661+0000][71][info ][safepoint   ] Safepoint "Cleanup", Time since last: 5002518065 ns, Reaching safepoint: 27718 ns, Cleanup: 15889 ns, At safepoint: 11737 ns, Total: 55344 ns
[2025-05-26T07:20:46.663+0000][71][info ][safepoint   ] Safepoint "Cleanup", Time since last: 6001218927 ns, Reaching safepoint: 53845 ns, Cleanup: 16047 ns, At safepoint: 8526 ns, Total: 78418 ns
[2025-05-26T07:21:41.685+0000][71][info ][safepoint   ] Safepoint "Cleanup", Time since last: 55025950629 ns, Reaching safepoint: 57748 ns, Cleanup: 17564 ns, At safepoint: 10144 ns, Total: 85456 ns
[2025-05-26T07:22:04.669+0000][71][info ][safepoint   ] Safepoint "Cleanup", Time since last: 22987060829 ns, Reaching safepoint: 13397 ns, Cleanup: 12186 ns, At safepoint: 4845 ns, Total: 30428 ns
[2025-05-26T07:22:52.667+0000][71][info ][safepoint   ] Safepoint "Cleanup", Time since last: 48000161209 ns, Reaching safepoint: 11883 ns, Cleanup: 9792 ns, At safepoint: 27113 ns, Total: 48788 ns
[2025-05-26T07:22:53.784+0000][71][info ][safepoint   ] Safepoint "Cleanup", Time since last: 1116794702 ns, Reaching safepoint: 28675 ns, Cleanup: 33929 ns, At safepoint: 12302 ns, Total: 74906 ns
[2025-05-26T07:23:13.838+0000][71][info ][safepoint   ] Safepoint "Cleanup", Time since last: 20056024378 ns, Reaching safepoint: 175872 ns, Cleanup: 44345 ns, At safepoint: 38827 ns, Total: 259044 ns
[2025-05-26T07:23:25.587+0000][71][info ][safepoint   ] Safepoint "Cleanup", Time since last: 11750628706 ns, Reaching safepoint: 15976 ns, Cleanup: 8931 ns, At safepoint: 2986 ns, Total: 27893 ns
[2025-05-26T07:23:26.676+0000][71][info ][safepoint   ] Safepoint "Cleanup", Time since last: 1088943377 ns, Reaching safepoint: 15599 ns, Cleanup: 10651 ns, At safepoint: 6222 ns, Total: 32472 ns
[2025-05-26T07:24:01.705+0000][71][info ][safepoint   ] Safepoint "Cleanup", Time since last: 35031587427 ns, Reaching safepoint: 50324 ns, Cleanup: 35381 ns, At safepoint: 21508 ns, Total: 107213 ns
[2025-05-26T07:24:05.006+0000][71][info ][safepoint   ] Safepoint "Cleanup", Time since last: 3301303727 ns, Reaching safepoint: 292655 ns, Cleanup: 13986 ns, At safepoint: 50428 ns, Total: 357069 ns
[2025-05-26T07:24:06.007+0000][71][info ][safepoint   ] Safepoint "Cleanup", Time since last: 1000247654 ns, Reaching safepoint: 6217 ns, Cleanup: 10347 ns, At safepoint: 12172 ns, Total: 28736 ns
[2025-05-26T07:24:06.020+0000][71][info ][gc,start    ] GC(21) Pause Young (Mixed) (G1 Evacuation Pause)
[2025-05-26T07:24:06.028+0000][71][info ][gc,task     ] GC(21) Using 10 workers of 10 for evacuation
[2025-05-26T07:24:06.035+0000][71][debug][gc,age      ] GC(21) Desired survivor size 153092096 bytes, new threshold 15 (max threshold 15)
[2025-05-26T07:24:06.231+0000][71][info ][gc,phases   ] GC(21)   Pre Evacuate Collection Set: 12.22ms
[2025-05-26T07:24:06.235+0000][71][info ][gc,phases   ] GC(21)   Merge Heap Roots: 2.32ms
[2025-05-26T07:24:06.236+0000][71][info ][gc,phases   ] GC(21)   Evacuate Collection Set: 166.07ms
[2025-05-26T07:24:06.237+0000][71][info ][gc,phases   ] GC(21)   Post Evacuate Collection Set: 12.19ms
[2025-05-26T07:24:06.239+0000][71][info ][gc,phases   ] GC(21)   Other: 11.72ms
[2025-05-26T07:24:06.240+0000][71][trace][gc,age      ] GC(21) Age table with threshold 15 (max threshold 15)
[2025-05-26T07:24:06.240+0000][71][trace][gc,age      ] GC(21) - age   1:    2145936 bytes,    2145936 total
[2025-05-26T07:24:06.240+0000][71][trace][gc,age      ] GC(21) - age   2:     386424 bytes,    2532360 total
[2025-05-26T07:24:06.241+0000][71][trace][gc,age      ] GC(21) - age   3:      82696 bytes,    2615056 total
[2025-05-26T07:24:06.241+0000][71][trace][gc,age      ] GC(21) - age   4:     349328 bytes,    2964384 total
[2025-05-26T07:24:06.241+0000][71][trace][gc,age      ] GC(21) - age   5:    1999552 bytes,    4963936 total
[2025-05-26T07:24:06.242+0000][71][trace][gc,age      ] GC(21) - age   6:    5509640 bytes,   10473576 total
[2025-05-26T07:24:06.242+0000][71][info ][gc,heap     ] GC(21) Eden regions: 579->0(579)
[2025-05-26T07:24:06.242+0000][71][info ][gc,heap     ] GC(21) Survivor regions: 3->3(73)
[2025-05-26T07:24:06.242+0000][71][info ][gc,heap     ] GC(21) Old regions: 27->27
[2025-05-26T07:24:06.243+0000][71][info ][gc,heap     ] GC(21) Humongous regions: 0->0
[2025-05-26T07:24:06.243+0000][71][info ][gc,metaspace] GC(21) Metaspace: 148196K(152192K)->148196K(152192K) NonClass: 128140K(130304K)->128140K(130304K) Class: 20056K(21888K)->20056K(21888K)
[2025-05-26T07:24:06.244+0000][71][info ][gc          ] GC(21) Pause Young (Mixed) (G1 Evacuation Pause) 2434M->115M(3880M) 223.362ms
[2025-05-26T07:24:06.244+0000][71][info ][gc,cpu      ] GC(21) User=1.10s Sys=0.00s Real=0.22s
[2025-05-26T07:24:06.245+0000][71][info ][safepoint   ] Safepoint "G1CollectForAllocation", Time since last: 11784053 ns, Reaching safepoint: 16499 ns, Cleanup: 4003 ns, At safepoint: 226123748 ns, Total: 226144250 ns
[2025-05-26T07:24:22.275+0000][71][info ][safepoint   ] Safepoint "Cleanup", Time since last: 16030246575 ns, Reaching safepoint: 66844 ns, Cleanup: 17982 ns, At safepoint: 29937 ns, Total: 114763 ns
[2025-05-26T07:24:25.751+0000][71][info ][safepoint   ] Safepoint "Cleanup", Time since last: 3478753531 ns, Reaching safepoint: 27891 ns, Cleanup: 13514 ns, At safepoint: 72895 ns, Total: 114300 ns
[2025-05-26T07:24:36.773+0000][71][info ][safepoint   ] Safepoint "Cleanup", Time since last: 11021909602 ns, Reaching safepoint: 20258 ns, Cleanup: 15988 ns, At safepoint: 8551 ns, Total: 44797 ns
[2025-05-26T07:24:41.774+0000][71][info ][safepoint   ] Safepoint "Cleanup", Time since last: 5001074568 ns, Reaching safepoint: 20428 ns, Cleanup: 33816 ns, At safepoint: 9360 ns, Total: 63604 ns
[2025-05-26T07:25:10.773+0000][71][info ][safepoint   ] Safepoint "Cleanup", Time since last: 29000862821 ns, Reaching safepoint: 14611 ns, Cleanup: 15267 ns, At safepoint: 18091 ns, Total: 47969 ns
[2025-05-26T07:26:00.798+0000][71][info ][safepoint   ] Safepoint "Cleanup", Time since last: 50032229000 ns, Reaching safepoint: 73930 ns, Cleanup: 17586 ns, At safepoint: 18536 ns, Total: 110052 ns
[2025-05-26T07:26:14.346+0000][71][info ][safepoint   ] Safepoint "Cleanup", Time since last: 13547637420 ns, Reaching safepoint: 22341 ns, Cleanup: 15593 ns, At safepoint: 35616 ns, Total: 73550 ns
[2025-05-26T07:26:15.364+0000][71][info ][safepoint   ] Safepoint "Cleanup", Time since last: 1017755441 ns, Reaching safepoint: 18279 ns, Cleanup: 16261 ns, At safepoint: 7676 ns, Total: 42216 ns
[2025-05-26T07:26:50.832+0000][71][info ][safepoint   ] Safepoint "Cleanup", Time since last: 35471346022 ns, Reaching safepoint: 35922 ns, Cleanup: 19344 ns, At safepoint: 17068 ns, Total: 72334 ns
[2025-05-26T07:27:04.832+0000][71][info ][safepoint   ] Safepoint "Cleanup", Time since last: 14002987576 ns, Reaching safepoint: 20071 ns, Cleanup: 13817 ns, At safepoint: 8166 ns, Total: 42054 ns
[2025-05-26T07:27:32.863+0000][71][info ][safepoint   ] Safepoint "Cleanup", Time since last: 28033893917 ns, Reaching safepoint: 29068 ns, Cleanup: 17857 ns, At safepoint: 10444 ns, Total: 57369 ns
[2025-05-26T07:27:52.868+0000][71][info ][safepoint   ] Safepoint "Cleanup", Time since last: 20005544467 ns, Reaching safepoint: 50407 ns, Cleanup: 16287 ns, At safepoint: 11373 ns, Total: 78067 ns
[2025-05-26T07:28:20.422+0000][71][info ][safepoint   ] Safepoint "Cleanup", Time since last: 27557890174 ns, Reaching safepoint: 6829 ns, Cleanup: 10169 ns, At safepoint: 12717 ns, Total: 29715 ns
[2025-05-26T07:28:41.897+0000][71][info ][safepoint   ] Safepoint "Cleanup", Time since last: 21477664915 ns, Reaching safepoint: 72288 ns, Cleanup: 16334 ns, At safepoint: 32616 ns, Total: 121238 ns
[2025-05-26T07:28:50.900+0000][71][info ][safepoint   ] Safepoint "Cleanup", Time since last: 9002435166 ns, Reaching safepoint: 32553 ns, Cleanup: 18079 ns, At safepoint: 15851 ns, Total: 66483 ns
[2025-05-26T07:29:05.457+0000][71][info ][safepoint   ] Safepoint "Cleanup", Time since last: 14560871458 ns, Reaching safepoint: 5839 ns, Cleanup: 8242 ns, At safepoint: 13070 ns, Total: 27151 ns
[2025-05-26T07:29:41.561+0000][71][info ][safepoint   ] Safepoint "Cleanup", Time since last: 36106659077 ns, Reaching safepoint: 18717 ns, Cleanup: 13534 ns, At safepoint: 7995 ns, Total: 40246 ns
[2025-05-26T07:29:45.562+0000][71][info ][safepoint   ] Safepoint "Cleanup", Time since last: 4001230844 ns, Reaching safepoint: 28852 ns, Cleanup: 14554 ns, At safepoint: 10384 ns, Total: 53790 ns
[2025-05-26T07:30:26.567+0000][71][info ][safepoint   ] Safepoint "Cleanup", Time since last: 41011031627 ns, Reaching safepoint: 10416 ns, Cleanup: 10171 ns, At safepoint: 3284 ns, Total: 23871 ns
[2025-05-26T07:31:28.733+0000][71][info ][safepoint   ] Safepoint "Cleanup", Time since last: 62172509533 ns, Reaching safepoint: 20743 ns, Cleanup: 13797 ns, At safepoint: 82877 ns, Total: 117417 ns
[2025-05-26T07:34:08.688+0000][71][info ][safepoint   ] Safepoint "Cleanup", Time since last: 159971155922 ns, Reaching safepoint: 73902 ns, Cleanup: 17231 ns, At safepoint: 11271 ns, Total: 102404 ns
[2025-05-26T07:34:10.683+0000][71][info ][safepoint   ] Safepoint "Cleanup", Time since last: 1994709696 ns, Reaching safepoint: 15081 ns, Cleanup: 14427 ns, At safepoint: 19901 ns, Total: 49409 ns
[2025-05-26T07:34:38.707+0000][71][info ][safepoint   ] Safepoint "Cleanup", Time since last: 28026510110 ns, Reaching safepoint: 29111 ns, Cleanup: 16058 ns, At safepoint: 11405 ns, Total: 56574 ns
[2025-05-26T07:34:39.818+0000][71][info ][safepoint   ] Safepoint "Cleanup", Time since last: 1111336030 ns, Reaching safepoint: 14390 ns, Cleanup: 18911 ns, At safepoint: 17952 ns, Total: 51253 ns
[2025-05-26T07:35:40.677+0000][71][info ][safepoint   ] Safepoint "Cleanup", Time since last: 60865657230 ns, Reaching safepoint: 17832 ns, Cleanup: 13528 ns, At safepoint: 18537 ns, Total: 49897 ns
[2025-05-26T07:35:41.857+0000][71][info ][safepoint   ] Safepoint "Cleanup", Time since last: 1179211639 ns, Reaching safepoint: 25009 ns, Cleanup: 21251 ns, At safepoint: 7872 ns, Total: 54132 ns
[2025-05-26T07:36:26.154+0000][71][info ][safepoint   ] Safepoint "Cleanup", Time since last: 44303488959 ns, Reaching safepoint: 58066 ns, Cleanup: 21223 ns, At safepoint: 12024 ns, Total: 91313 ns
[2025-05-26T07:36:43.910+0000][71][info ][safepoint   ] Safepoint "Cleanup", Time since last: 17755982411 ns, Reaching safepoint: 8572 ns, Cleanup: 9939 ns, At safepoint: 13756 ns, Total: 32267 ns
[2025-05-26T07:37:02.933+0000][71][info ][safepoint   ] Safepoint "Cleanup", Time since last: 19026558294 ns, Reaching safepoint: 96237 ns, Cleanup: 14166 ns, At safepoint: 8778 ns, Total: 119181 ns
[2025-05-26T07:37:03.934+0000][71][info ][safepoint   ] Safepoint "Cleanup", Time since last: 1000798276 ns, Reaching safepoint: 15891 ns, Cleanup: 12289 ns, At safepoint: 7467 ns, Total: 35647 ns
[2025-05-26T07:39:06.024+0000][71][info ][safepoint   ] Safepoint "Cleanup", Time since last: 122101689078 ns, Reaching safepoint: 54644 ns, Cleanup: 19741 ns, At safepoint: 8648 ns, Total: 83033 ns
[2025-05-26T07:39:16.095+0000][71][info ][safepoint   ] Safepoint "Cleanup", Time since last: 10071421822 ns, Reaching safepoint: 74280 ns, Cleanup: 19591 ns, At safepoint: 17789 ns, Total: 111660 ns
[2025-05-26T07:39:25.529+0000][71][info ][safepoint   ] Safepoint "Cleanup", Time since last: 9436625701 ns, Reaching safepoint: 6353 ns, Cleanup: 9552 ns, At safepoint: 12048 ns, Total: 27953 ns
[2025-05-26T07:39:27.369+0000][71][info ][safepoint   ] Safepoint "Cleanup", Time since last: 1840244898 ns, Reaching safepoint: 19025 ns, Cleanup: 13576 ns, At safepoint: 7201 ns, Total: 39802 ns
[2025-05-26T07:39:52.702+0000][71][info ][safepoint   ] Safepoint "Cleanup", Time since last: 25333067887 ns, Reaching safepoint: 8675 ns, Cleanup: 8683 ns, At safepoint: 13250 ns, Total: 30608 ns
[2025-05-26T07:42:04.243+0000][71][info ][safepoint   ] Safepoint "Cleanup", Time since last: 131556625148 ns, Reaching safepoint: 35557 ns, Cleanup: 19556 ns, At safepoint: 19624 ns, Total: 74737 ns
[2025-05-26T07:45:20.493+0000][71][info ][safepoint   ] Safepoint "Cleanup", Time since last: 196267903893 ns, Reaching safepoint: 156974 ns, Cleanup: 18530 ns, At safepoint: 33346 ns, Total: 208850 ns
[2025-05-26T07:45:41.461+0000][71][info ][safepoint   ] Safepoint "Cleanup", Time since last: 20970530468 ns, Reaching safepoint: 45643 ns, Cleanup: 14198 ns, At safepoint: 8237 ns, Total: 68078 ns
[2025-05-26T07:47:04.495+0000][71][info ][safepoint   ] Safepoint "Cleanup", Time since last: 83042450581 ns, Reaching safepoint: 35351 ns, Cleanup: 18084 ns, At safepoint: 17108 ns, Total: 70543 ns
[2025-05-26T07:47:13.725+0000][71][info ][safepoint   ] Safepoint "Cleanup", Time since last: 9229936809 ns, Reaching safepoint: 15381 ns, Cleanup: 15240 ns, At safepoint: 19846 ns, Total: 50467 ns
[2025-05-26T07:47:15.581+0000][71][info ][safepoint   ] Safepoint "Cleanup", Time since last: 1856491849 ns, Reaching safepoint: 27763 ns, Cleanup: 94858 ns, At safepoint: 23042 ns, Total: 145663 ns
[2025-05-26T07:48:07.526+0000][71][info ][safepoint   ] Safepoint "Cleanup", Time since last: 51951124382 ns, Reaching safepoint: 51555 ns, Cleanup: 14656 ns, At safepoint: 9418 ns, Total: 75629 ns
[2025-05-26T07:49:19.672+0000][71][info ][safepoint   ] Safepoint "Cleanup", Time since last: 72151777368 ns, Reaching safepoint: 11925 ns, Cleanup: 10821 ns, At safepoint: 4397 ns, Total: 27143 ns
[2025-05-26T07:49:20.679+0000][71][info ][safepoint   ] Safepoint "Cleanup", Time since last: 1006925989 ns, Reaching safepoint: 24533 ns, Cleanup: 19729 ns, At safepoint: 9987 ns, Total: 54249 ns
[2025-05-26T07:49:21.722+0000][71][info ][safepoint   ] Safepoint "Cleanup", Time since last: 1042100660 ns, Reaching safepoint: 29000 ns, Cleanup: 271255 ns, At safepoint: 51369 ns, Total: 351624 ns
[2025-05-26T07:49:31.919+0000][71][info ][safepoint   ] Safepoint "Cleanup", Time since last: 10199481189 ns, Reaching safepoint: 186888 ns, Cleanup: 16224 ns, At safepoint: 179252 ns, Total: 382364 ns
[2025-05-26T07:51:04.623+0000][71][info ][safepoint   ] Safepoint "Cleanup", Time since last: 92712066174 ns, Reaching safepoint: 80825 ns, Cleanup: 19399 ns, At safepoint: 13418 ns, Total: 113642 ns
[2025-05-26T07:51:05.625+0000][71][info ][safepoint   ] Safepoint "Cleanup", Time since last: 1002223837 ns, Reaching safepoint: 22374 ns, Cleanup: 14520 ns, At safepoint: 8326 ns, Total: 45220 ns
[2025-05-26T07:51:20.630+0000][71][info ][safepoint   ] Safepoint "Cleanup", Time since last: 15004573880 ns, Reaching safepoint: 66424 ns, Cleanup: 17874 ns, At safepoint: 31212 ns, Total: 115510 ns
[2025-05-26T07:52:28.633+0000][71][info ][safepoint   ] Safepoint "Cleanup", Time since last: 68013006630 ns, Reaching safepoint: 15015 ns, Cleanup: 10031 ns, At safepoint: 3121 ns, Total: 28167 ns
[2025-05-26T07:52:36.919+0000][71][info ][safepoint   ] Safepoint "Cleanup", Time since last: 8285803690 ns, Reaching safepoint: 104024 ns, Cleanup: 24769 ns, At safepoint: 20176 ns, Total: 148969 ns
[2025-05-26T07:54:19.686+0000][71][info ][safepoint   ] Safepoint "Cleanup", Time since last: 102775138784 ns, Reaching safepoint: 29360 ns, Cleanup: 18126 ns, At safepoint: 88626 ns, Total: 136112 ns
[2025-05-26T07:56:36.816+0000][71][info ][safepoint   ] Safepoint "Cleanup", Time since last: 137144385469 ns, Reaching safepoint: 72758 ns, Cleanup: 16710 ns, At safepoint: 15782 ns, Total: 105250 ns
[2025-05-26T07:57:04.252+0000][71][info ][safepoint   ] Safepoint "Cleanup", Time since last: 27439169998 ns, Reaching safepoint: 106398 ns, Cleanup: 9825 ns, At safepoint: 39348 ns, Total: 155571 ns
[2025-05-26T07:58:12.297+0000][71][info ][safepoint   ] Safepoint "Cleanup", Time since last: 68050861743 ns, Reaching safepoint: 50336 ns, Cleanup: 12816 ns, At safepoint: 9113 ns, Total: 72265 ns
[2025-05-26T08:00:50.952+0000][71][info ][safepoint   ] Safepoint "Cleanup", Time since last: 158668793203 ns, Reaching safepoint: 83713 ns, Cleanup: 15870 ns, At safepoint: 10196 ns, Total: 109779 ns
[2025-05-26T08:00:53.485+0000][71][info ][safepoint   ] Safepoint "Cleanup", Time since last: 2533608951 ns, Reaching safepoint: 6005 ns, Cleanup: 7672 ns, At safepoint: 3131 ns, Total: 16808 ns
[2025-05-26T08:03:11.157+0000][71][info ][safepoint   ] Safepoint "Cleanup", Time since last: 137685700449 ns, Reaching safepoint: 33451 ns, Cleanup: 16337 ns, At safepoint: 14683 ns, Total: 64471 ns
[2025-05-26T08:04:28.605+0000][71][info ][safepoint   ] Safepoint "Cleanup", Time since last: 77456241127 ns, Reaching safepoint: 14440 ns, Cleanup: 46884 ns, At safepoint: 14796 ns, Total: 76120 ns
[2025-05-26T08:04:55.452+0000][71][info ][safepoint   ] Safepoint "Cleanup", Time since last: 26849644479 ns, Reaching safepoint: 9999 ns, Cleanup: 8735 ns, At safepoint: 22463 ns, Total: 41197 ns
[2025-05-26T08:04:56.649+0000][71][info ][safepoint   ] Safepoint "Cleanup", Time since last: 1196580222 ns, Reaching safepoint: 26004 ns, Cleanup: 17131 ns, At safepoint: 11251 ns, Total: 54386 ns
[2025-05-26T08:06:08.365+0000][71][info ][safepoint   ] Safepoint "Cleanup", Time since last: 71721603448 ns, Reaching safepoint: 30695 ns, Cleanup: 111789 ns, At safepoint: 94362 ns, Total: 236846 ns
[2025-05-26T08:06:22.388+0000][71][info ][safepoint   ] Safepoint "Cleanup", Time since last: 14022967567 ns, Reaching safepoint: 26904 ns, Cleanup: 16332 ns, At safepoint: 8829 ns, Total: 52065 ns
[2025-05-26T08:07:04.313+0000][71][info ][safepoint   ] Safepoint "Cleanup", Time since last: 41930939508 ns, Reaching safepoint: 39668 ns, Cleanup: 18112 ns, At safepoint: 16482 ns, Total: 74262 ns
[2025-05-26T08:07:10.593+0000][71][info ][safepoint   ] Safepoint "Cleanup", Time since last: 6278602011 ns, Reaching safepoint: 933208 ns, Cleanup: 20680 ns, At safepoint: 173364 ns, Total: 1127252 ns
[2025-05-26T08:07:24.440+0000][71][info ][safepoint   ] Safepoint "Cleanup", Time since last: 13846408026 ns, Reaching safepoint: 20735 ns, Cleanup: 15467 ns, At safepoint: 10036 ns, Total: 46238 ns
[2025-05-26T08:07:35.346+0000][71][info ][safepoint   ] Safepoint "Cleanup", Time since last: 10909423234 ns, Reaching safepoint: 76079 ns, Cleanup: 20995 ns, At safepoint: 19699 ns, Total: 116773 ns
[2025-05-26T08:07:49.594+0000][71][info ][safepoint   ] Safepoint "Cleanup", Time since last: 14247057536 ns, Reaching safepoint: 34911 ns, Cleanup: 12081 ns, At safepoint: 67690 ns, Total: 114682 ns
[2025-05-26T08:07:50.786+0000][71][info ][safepoint   ] Safepoint "Cleanup", Time since last: 1192075378 ns, Reaching safepoint: 12808 ns, Cleanup: 21733 ns, At safepoint: 10415 ns, Total: 44956 ns
[2025-05-26T08:07:52.595+0000][71][info ][safepoint   ] Safepoint "Cleanup", Time since last: 1809759844 ns, Reaching safepoint: 13666 ns, Cleanup: 13852 ns, At safepoint: 32382 ns, Total: 59900 ns
[2025-05-26T08:07:54.521+0000][71][info ][safepoint   ] Safepoint "Cleanup", Time since last: 1925708736 ns, Reaching safepoint: 55063 ns, Cleanup: 16218 ns, At safepoint: 10413 ns, Total: 81694 ns
[2025-05-26T08:08:02.600+0000][71][info ][safepoint   ] Safepoint "Cleanup", Time since last: 8081089994 ns, Reaching safepoint: 155941 ns, Cleanup: 88008 ns, At safepoint: 113205 ns, Total: 357154 ns
[2025-05-26T08:08:13.628+0000][71][info ][safepoint   ] Safepoint "Cleanup", Time since last: 11027998601 ns, Reaching safepoint: 93411 ns, Cleanup: 12091 ns, At safepoint: 18170 ns, Total: 123672 ns
[2025-05-26T08:08:14.634+0000][71][info ][safepoint   ] Safepoint "Cleanup", Time since last: 1006229457 ns, Reaching safepoint: 15229 ns, Cleanup: 61034 ns, At safepoint: 66884 ns, Total: 143147 ns
[2025-05-26T08:08:23.625+0000][71][info ][safepoint   ] Safepoint "Cleanup", Time since last: 8990474226 ns, Reaching safepoint: 74933 ns, Cleanup: 15819 ns, At safepoint: 16002 ns, Total: 106754 ns
[2025-05-26T08:08:41.939+0000][71][info ][safepoint   ] Safepoint "Cleanup", Time since last: 18316383629 ns, Reaching safepoint: 29759 ns, Cleanup: 18495 ns, At safepoint: 10914 ns, Total: 59168 ns
[2025-05-26T08:09:20.735+0000][71][info ][safepoint   ] Safepoint "Cleanup", Time since last: 38798661669 ns, Reaching safepoint: 32290 ns, Cleanup: 16141 ns, At safepoint: 14977 ns, Total: 63408 ns
[2025-05-26T08:09:35.864+0000][71][info ][safepoint   ] Safepoint "Cleanup", Time since last: 15131684877 ns, Reaching safepoint: 35711 ns, Cleanup: 15812 ns, At safepoint: 14221 ns, Total: 65744 ns
[2025-05-26T08:09:45.195+0000][71][info ][gc,start    ] GC(22) Pause Young (Normal) (G1 Evacuation Pause)
[2025-05-26T08:09:45.198+0000][71][info ][gc,task     ] GC(22) Using 10 workers of 10 for evacuation
[2025-05-26T08:09:45.198+0000][71][debug][gc,age      ] GC(22) Desired survivor size 153092096 bytes, new threshold 15 (max threshold 15)
[2025-05-26T08:09:45.433+0000][71][info ][gc,mmu      ] GC(22) MMU target violated: 201.0ms (200.0ms/201.0ms)
[2025-05-26T08:09:45.434+0000][71][info ][gc,phases   ] GC(22)   Pre Evacuate Collection Set: 18.13ms
[2025-05-26T08:09:45.434+0000][71][info ][gc,phases   ] GC(22)   Merge Heap Roots: 4.80ms
[2025-05-26T08:09:45.435+0000][71][info ][gc,phases   ] GC(22)   Evacuate Collection Set: 180.41ms
[2025-05-26T08:09:45.435+0000][71][info ][gc,phases   ] GC(22)   Post Evacuate Collection Set: 29.42ms
[2025-05-26T08:09:45.436+0000][71][info ][gc,phases   ] GC(22)   Other: 3.84ms
[2025-05-26T08:09:45.437+0000][71][trace][gc,age      ] GC(22) Age table with threshold 15 (max threshold 15)
[2025-05-26T08:09:45.437+0000][71][trace][gc,age      ] GC(22) - age   1:    1969248 bytes,    1969248 total
[2025-05-26T08:09:45.438+0000][71][trace][gc,age      ] GC(22) - age   2:     224624 bytes,    2193872 total
[2025-05-26T08:09:45.438+0000][71][trace][gc,age      ] GC(22) - age   3:     335168 bytes,    2529040 total
[2025-05-26T08:09:45.439+0000][71][trace][gc,age      ] GC(22) - age   4:      82272 bytes,    2611312 total
[2025-05-26T08:09:45.439+0000][71][trace][gc,age      ] GC(22) - age   5:     347552 bytes,    2958864 total
[2025-05-26T08:09:45.439+0000][71][trace][gc,age      ] GC(22) - age   6:    1999392 bytes,    4958256 total
[2025-05-26T08:09:45.440+0000][71][trace][gc,age      ] GC(22) - age   7:    5493112 bytes,   10451368 total
[2025-05-26T08:09:45.440+0000][71][info ][gc,heap     ] GC(22) Eden regions: 579->0(579)
[2025-05-26T08:09:45.441+0000][71][info ][gc,heap     ] GC(22) Survivor regions: 3->3(73)
[2025-05-26T08:09:45.441+0000][71][info ][gc,heap     ] GC(22) Old regions: 27->27
[2025-05-26T08:09:45.442+0000][71][info ][gc,heap     ] GC(22) Humongous regions: 0->0
[2025-05-26T08:09:45.442+0000][71][info ][gc,metaspace] GC(22) Metaspace: 148367K(152384K)->148367K(152384K) NonClass: 128310K(130496K)->128310K(130496K) Class: 20056K(21888K)->20056K(21888K)
[2025-05-26T08:09:45.444+0000][71][info ][gc          ] GC(22) Pause Young (Normal) (G1 Evacuation Pause) 2431M->116M(3880M) 248.977ms
[2025-05-26T08:09:45.444+0000][71][info ][gc,cpu      ] GC(22) User=1.54s Sys=0.00s Real=0.25s
[2025-05-26T08:09:45.445+0000][71][info ][safepoint   ] Safepoint "G1CollectForAllocation", Time since last: 9328622940 ns, Reaching safepoint: 112700 ns, Cleanup: 9919 ns, At safepoint: 252327699 ns, Total: 252450318 ns
[2025-05-26T08:13:29.091+0000][71][info ][safepoint   ] Safepoint "Cleanup", Time since last: 223666511357 ns, Reaching safepoint: 26022 ns, Cleanup: 23156 ns, At safepoint: 78190 ns, Total: 127368 ns
[2025-05-26T08:14:32.139+0000][71][info ][safepoint   ] Safepoint "Cleanup", Time since last: 63053660287 ns, Reaching safepoint: 18973 ns, Cleanup: 13638 ns, At safepoint: 63703 ns, Total: 96314 ns
[2025-05-26T08:14:35.173+0000][71][info ][safepoint   ] Safepoint "Cleanup", Time since last: 3033987745 ns, Reaching safepoint: 206526 ns, Cleanup: 10416 ns, At safepoint: 47958 ns, Total: 264900 ns
[2025-05-26T08:14:36.211+0000][71][info ][safepoint   ] Safepoint "Cleanup", Time since last: 1037892566 ns, Reaching safepoint: 14176 ns, Cleanup: 15284 ns, At safepoint: 4734 ns, Total: 34194 ns
[2025-05-26T08:15:35.297+0000][71][info ][safepoint   ] Safepoint "Cleanup", Time since last: 59091263202 ns, Reaching safepoint: 11254 ns, Cleanup: 17281 ns, At safepoint: 13544 ns, Total: 42079 ns
[2025-05-26T08:16:25.276+0000][71][info ][safepoint   ] Safepoint "Cleanup", Time since last: 49983442926 ns, Reaching safepoint: 125219 ns, Cleanup: 20108 ns, At safepoint: 15315 ns, Total: 160642 ns
[2025-05-26T08:16:37.597+0000][71][info ][safepoint   ] Safepoint "Cleanup", Time since last: 12320990585 ns, Reaching safepoint: 20123 ns, Cleanup: 14494 ns, At safepoint: 32635 ns, Total: 67252 ns
[2025-05-26T08:16:39.312+0000][71][info ][safepoint   ] Safepoint "Cleanup", Time since last: 1715162194 ns, Reaching safepoint: 30146 ns, Cleanup: 20530 ns, At safepoint: 13803 ns, Total: 64479 ns
[2025-05-26T08:17:40.639+0000][71][info ][safepoint   ] Safepoint "Cleanup", Time since last: 61331857004 ns, Reaching safepoint: 14224 ns, Cleanup: 7566 ns, At safepoint: 3010 ns, Total: 24800 ns
[2025-05-26T08:18:43.565+0000][71][info ][safepoint   ] Safepoint "Cleanup", Time since last: 62931075148 ns, Reaching safepoint: 140054 ns, Cleanup: 10203 ns, At safepoint: 35840 ns, Total: 186097 ns
[2025-05-26T08:19:07.413+0000][71][info ][safepoint   ] Safepoint "Cleanup", Time since last: 23850267370 ns, Reaching safepoint: 113307 ns, Cleanup: 14575 ns, At safepoint: 9383 ns, Total: 137265 ns
[2025-05-26T08:20:17.364+0000][71][info ][safepoint   ] Safepoint "Cleanup", Time since last: 69955489563 ns, Reaching safepoint: 58427 ns, Cleanup: 16289 ns, At safepoint: 13557 ns, Total: 88273 ns
[2025-05-26T08:20:45.899+0000][71][info ][safepoint   ] Safepoint "Cleanup", Time since last: 28537159046 ns, Reaching safepoint: 44289 ns, Cleanup: 14961 ns, At safepoint: 7971 ns, Total: 67221 ns
[2025-05-26T08:21:52.580+0000][71][info ][safepoint   ] Safepoint "Cleanup", Time since last: 66686649097 ns, Reaching safepoint: 454977 ns, Cleanup: 17267 ns, At safepoint: 140328 ns, Total: 612572 ns
[2025-05-26T08:21:53.619+0000][71][info ][safepoint   ] Safepoint "Cleanup", Time since last: 1038344815 ns, Reaching safepoint: 57573 ns, Cleanup: 17335 ns, At safepoint: 12457 ns, Total: 87365 ns
[2025-05-26T08:22:10.666+0000][71][info ][safepoint   ] Safepoint "Cleanup", Time since last: 17049555052 ns, Reaching safepoint: 75976 ns, Cleanup: 18708 ns, At safepoint: 43653 ns, Total: 138337 ns
[2025-05-26T08:23:25.632+0000][71][info ][safepoint   ] Safepoint "Cleanup", Time since last: 74972256085 ns, Reaching safepoint: 32906 ns, Cleanup: 21314 ns, At safepoint: 26033 ns, Total: 80253 ns
[2025-05-26T08:23:58.575+0000][71][info ][safepoint   ] Safepoint "Cleanup", Time since last: 32953285250 ns, Reaching safepoint: 14069 ns, Cleanup: 10401 ns, At safepoint: 4802 ns, Total: 29272 ns
[2025-05-26T08:23:59.812+0000][71][info ][safepoint   ] Safepoint "Cleanup", Time since last: 1237038740 ns, Reaching safepoint: 34623 ns, Cleanup: 18325 ns, At safepoint: 16982 ns, Total: 69930 ns
[2025-05-26T08:24:10.814+0000][71][info ][safepoint   ] Safepoint "Cleanup", Time since last: 11002452758 ns, Reaching safepoint: 73289 ns, Cleanup: 18315 ns, At safepoint: 12260 ns, Total: 103864 ns
[2025-05-26T08:24:40.556+0000][71][info ][safepoint   ] Safepoint "Cleanup", Time since last: 29747702664 ns, Reaching safepoint: 6664 ns, Cleanup: 8590 ns, At safepoint: 13692 ns, Total: 28946 ns
[2025-05-26T08:24:41.858+0000][71][info ][safepoint   ] Safepoint "Cleanup", Time since last: 1301742325 ns, Reaching safepoint: 20314 ns, Cleanup: 15876 ns, At safepoint: 7694 ns, Total: 43884 ns
[2025-05-26T08:24:51.885+0000][71][info ][safepoint   ] Safepoint "Cleanup", Time since last: 10026941272 ns, Reaching safepoint: 20355 ns, Cleanup: 13767 ns, At safepoint: 7798 ns, Total: 41920 ns
[2025-05-26T08:24:56.610+0000][71][info ][safepoint   ] Safepoint "Cleanup", Time since last: 4716417236 ns, Reaching safepoint: 23819 ns, Cleanup: 13480 ns, At safepoint: 47837 ns, Total: 85136 ns
[2025-05-26T08:25:01.567+0000][71][info ][safepoint   ] Safepoint "Cleanup", Time since last: 4955660998 ns, Reaching safepoint: 889979 ns, Cleanup: 14105 ns, At safepoint: 70079 ns, Total: 974163 ns
[2025-05-26T08:25:06.938+0000][71][info ][safepoint   ] Safepoint "Cleanup", Time since last: 5371224654 ns, Reaching safepoint: 34796 ns, Cleanup: 18026 ns, At safepoint: 41879 ns, Total: 94701 ns
[2025-05-26T08:26:04.585+0000][71][info ][safepoint   ] Safepoint "Cleanup", Time since last: 57650610390 ns, Reaching safepoint: 2150983 ns, Cleanup: 23067 ns, At safepoint: 101170 ns, Total: 2275220 ns
[2025-05-26T08:26:42.101+0000][71][info ][safepoint   ] Safepoint "Cleanup", Time since last: 37518337698 ns, Reaching safepoint: 100531 ns, Cleanup: 15246 ns, At safepoint: 9970 ns, Total: 125747 ns
[2025-05-26T08:27:07.571+0000][71][info ][safepoint   ] Safepoint "Cleanup", Time since last: 25472552566 ns, Reaching safepoint: 14558 ns, Cleanup: 13222 ns, At safepoint: 25511 ns, Total: 53291 ns
[2025-05-26T08:28:10.570+0000][71][info ][safepoint   ] Safepoint "Cleanup", Time since last: 63003597692 ns, Reaching safepoint: 19252 ns, Cleanup: 11778 ns, At safepoint: 48095 ns, Total: 79125 ns
[2025-05-26T08:28:12.077+0000][71][info ][safepoint   ] Safepoint "Cleanup", Time since last: 1507441851 ns, Reaching safepoint: 33134 ns, Cleanup: 25314 ns, At safepoint: 15701 ns, Total: 74149 ns
[2025-05-26T08:29:40.564+0000][71][info ][safepoint   ] Safepoint "Cleanup", Time since last: 88494418770 ns, Reaching safepoint: 14863 ns, Cleanup: 9434 ns, At safepoint: 12056 ns, Total: 36353 ns
[2025-05-26T08:29:42.140+0000][71][info ][safepoint   ] Safepoint "Cleanup", Time since last: 1576329803 ns, Reaching safepoint: 37351 ns, Cleanup: 18934 ns, At safepoint: 17366 ns, Total: 73651 ns
[2025-05-26T08:32:42.458+0000][71][info ][safepoint   ] Safepoint "Cleanup", Time since last: 180332023692 ns, Reaching safepoint: 68869 ns, Cleanup: 16509 ns, At safepoint: 11265 ns, Total: 96643 ns
[2025-05-26T08:32:53.461+0000][71][info ][safepoint   ] Safepoint "Cleanup", Time since last: 11002732515 ns, Reaching safepoint: 24727 ns, Cleanup: 14339 ns, At safepoint: 9601 ns, Total: 48667 ns
[2025-05-26T08:33:25.462+0000][71][info ][safepoint   ] Safepoint "Cleanup", Time since last: 32006138414 ns, Reaching safepoint: 40482 ns, Cleanup: 16106 ns, At safepoint: 43666 ns, Total: 100254 ns
[2025-05-26T08:34:29.574+0000][71][info ][safepoint   ] Safepoint "Cleanup", Time since last: 64117007805 ns, Reaching safepoint: 9763 ns, Cleanup: 10809 ns, At safepoint: 13628 ns, Total: 34200 ns
[2025-05-26T08:35:25.599+0000][71][info ][safepoint   ] Safepoint "Cleanup", Time since last: 56029498067 ns, Reaching safepoint: 79253 ns, Cleanup: 17044 ns, At safepoint: 18274 ns, Total: 114571 ns
[2025-05-26T08:35:32.727+0000][71][info ][safepoint   ] Safepoint "Cleanup", Time since last: 7128374545 ns, Reaching safepoint: 23246 ns, Cleanup: 17958 ns, At safepoint: 64328 ns, Total: 105532 ns
[2025-05-26T08:35:41.715+0000][71][info ][safepoint   ] Safepoint "Cleanup", Time since last: 8987237226 ns, Reaching safepoint: 32317 ns, Cleanup: 16575 ns, At safepoint: 14553 ns, Total: 63445 ns
[2025-05-26T08:36:06.718+0000][71][info ][safepoint   ] Safepoint "Cleanup", Time since last: 25005173877 ns, Reaching safepoint: 102002 ns, Cleanup: 17645 ns, At safepoint: 35796 ns, Total: 155443 ns
[2025-05-26T08:37:41.802+0000][71][info ][safepoint   ] Safepoint "Cleanup", Time since last: 95092493647 ns, Reaching safepoint: 17608 ns, Cleanup: 15781 ns, At safepoint: 8231 ns, Total: 41620 ns
[2025-05-26T08:38:41.880+0000][71][info ][safepoint   ] Safepoint "Cleanup", Time since last: 60081488694 ns, Reaching safepoint: 31587 ns, Cleanup: 23167 ns, At safepoint: 15382 ns, Total: 70136 ns
[2025-05-26T08:39:41.725+0000][71][info ][safepoint   ] Safepoint "Cleanup", Time since last: 59849970507 ns, Reaching safepoint: 43315 ns, Cleanup: 16361 ns, At safepoint: 7319 ns, Total: 66995 ns
[2025-05-26T08:39:43.524+0000][71][info ][safepoint   ] Safepoint "Cleanup", Time since last: 1799117517 ns, Reaching safepoint: 104569 ns, Cleanup: 11755 ns, At safepoint: 53066 ns, Total: 169390 ns
[2025-05-26T08:39:44.930+0000][71][info ][safepoint   ] Safepoint "Cleanup", Time since last: 1405458708 ns, Reaching safepoint: 17839 ns, Cleanup: 12477 ns, At safepoint: 7446 ns, Total: 37762 ns
[2025-05-26T08:39:45.930+0000][71][info ][safepoint   ] Safepoint "Cleanup", Time since last: 1000669120 ns, Reaching safepoint: 25033 ns, Cleanup: 14488 ns, At safepoint: 10621 ns, Total: 50142 ns
[2025-05-26T08:39:46.938+0000][71][info ][safepoint   ] Safepoint "Cleanup", Time since last: 1007133021 ns, Reaching safepoint: 6113 ns, Cleanup: 9024 ns, At safepoint: 12902 ns, Total: 28039 ns
[2025-05-26T08:39:59.974+0000][71][info ][safepoint   ] Safepoint "Cleanup", Time since last: 13039614086 ns, Reaching safepoint: 21199 ns, Cleanup: 13256 ns, At safepoint: 8211 ns, Total: 42666 ns
[2025-05-26T08:40:47.035+0000][71][info ][safepoint   ] Safepoint "Cleanup", Time since last: 47062009943 ns, Reaching safepoint: 523664 ns, Cleanup: 6520 ns, At safepoint: 52396 ns, Total: 582580 ns
[2025-05-26T08:40:48.038+0000][71][info ][safepoint   ] Safepoint "Cleanup", Time since last: 1003616585 ns, Reaching safepoint: 5499 ns, Cleanup: 11968 ns, At safepoint: 2515 ns, Total: 19982 ns
[2025-05-26T08:41:50.062+0000][71][info ][safepoint   ] Safepoint "Cleanup", Time since last: 62028358197 ns, Reaching safepoint: 7840 ns, Cleanup: 8405 ns, At safepoint: 12888 ns, Total: 29133 ns
[2025-05-26T08:42:52.546+0000][71][info ][safepoint   ] Safepoint "Cleanup", Time since last: 62488141954 ns, Reaching safepoint: 10778 ns, Cleanup: 6112 ns, At safepoint: 11697 ns, Total: 28587 ns
[2025-05-26T08:43:41.896+0000][71][info ][safepoint   ] Safepoint "Cleanup", Time since last: 49355017690 ns, Reaching safepoint: 54859 ns, Cleanup: 13469 ns, At safepoint: 7375 ns, Total: 75703 ns
[2025-05-26T08:43:55.540+0000][71][info ][safepoint   ] Safepoint "Cleanup", Time since last: 13645745321 ns, Reaching safepoint: 16997 ns, Cleanup: 7424 ns, At safepoint: 2987 ns, Total: 27408 ns
[2025-05-26T08:43:57.148+0000][71][info ][safepoint   ] Safepoint "Cleanup", Time since last: 1607876378 ns, Reaching safepoint: 15485 ns, Cleanup: 17502 ns, At safepoint: 7241 ns, Total: 40228 ns
[2025-05-26T08:44:50.165+0000][71][info ][safepoint   ] Safepoint "Cleanup", Time since last: 53020091320 ns, Reaching safepoint: 13504 ns, Cleanup: 7334 ns, At safepoint: 2686 ns, Total: 23524 ns
[2025-05-26T08:44:52.536+0000][71][info ][safepoint   ] Safepoint "Cleanup", Time since last: 2370919853 ns, Reaching safepoint: 5705 ns, Cleanup: 7515 ns, At safepoint: 2422 ns, Total: 15642 ns
[2025-05-26T08:46:01.535+0000][71][info ][safepoint   ] Safepoint "Cleanup", Time since last: 69005540247 ns, Reaching safepoint: 394071 ns, Cleanup: 34976 ns, At safepoint: 36386 ns, Total: 465433 ns
[2025-05-26T08:47:42.077+0000][71][info ][safepoint   ] Safepoint "Cleanup", Time since last: 100547665862 ns, Reaching safepoint: 21552 ns, Cleanup: 13074 ns, At safepoint: 7199 ns, Total: 41825 ns
[2025-05-26T08:48:08.342+0000][71][info ][safepoint   ] Safepoint "Cleanup", Time since last: 26268124051 ns, Reaching safepoint: 5371 ns, Cleanup: 5452 ns, At safepoint: 2428 ns, Total: 13251 ns
[2025-05-26T08:48:09.358+0000][71][info ][safepoint   ] Safepoint "Cleanup", Time since last: 1016156456 ns, Reaching safepoint: 15901 ns, Cleanup: 12280 ns, At safepoint: 6511 ns, Total: 34692 ns
[2025-05-26T08:48:40.124+0000][71][info ][safepoint   ] Safepoint "Cleanup", Time since last: 30767363653 ns, Reaching safepoint: 17271 ns, Cleanup: 12199 ns, At safepoint: 7201 ns, Total: 36671 ns
[2025-05-26T08:49:50.176+0000][71][info ][safepoint   ] Safepoint "Cleanup", Time since last: 70057493545 ns, Reaching safepoint: 37530 ns, Cleanup: 12813 ns, At safepoint: 7326 ns, Total: 57669 ns
[2025-05-26T08:49:52.504+0000][71][info ][safepoint   ] Safepoint "Cleanup", Time since last: 2327945074 ns, Reaching safepoint: 5642 ns, Cleanup: 6754 ns, At safepoint: 7626 ns, Total: 20022 ns
[2025-05-26T08:50:14.508+0000][71][info ][safepoint   ] Safepoint "Cleanup", Time since last: 22006162046 ns, Reaching safepoint: 6972 ns, Cleanup: 7696 ns, At safepoint: 2445 ns, Total: 17113 ns
[2025-05-26T08:50:16.497+0000][71][info ][safepoint   ] Safepoint "Cleanup", Time since last: 1988178337 ns, Reaching safepoint: 14891 ns, Cleanup: 13195 ns, At safepoint: 6317 ns, Total: 34403 ns
[2025-05-26T08:51:00.229+0000][71][info ][safepoint   ] Safepoint "Cleanup", Time since last: 43736822286 ns, Reaching safepoint: 46254 ns, Cleanup: 14042 ns, At safepoint: 7085 ns, Total: 67381 ns
[2025-05-26T08:51:17.517+0000][71][info ][safepoint   ] Safepoint "Cleanup", Time since last: 17287548798 ns, Reaching safepoint: 7402 ns, Cleanup: 9563 ns, At safepoint: 2701 ns, Total: 19666 ns
[2025-05-26T08:52:02.267+0000][71][info ][safepoint   ] Safepoint "Cleanup", Time since last: 44759175830 ns, Reaching safepoint: 2121120 ns, Cleanup: 63401 ns, At safepoint: 38416 ns, Total: 2222937 ns
[2025-05-26T08:53:21.660+0000][71][info ][safepoint   ] Safepoint "Cleanup", Time since last: 79398526082 ns, Reaching safepoint: 20976 ns, Cleanup: 56694 ns, At safepoint: 8527 ns, Total: 86197 ns
[2025-05-26T08:53:31.340+0000][71][info ][safepoint   ] Safepoint "Cleanup", Time since last: 9682052341 ns, Reaching safepoint: 19400 ns, Cleanup: 12712 ns, At safepoint: 20973 ns, Total: 53085 ns
[2025-05-26T08:53:41.751+0000][71][info ][safepoint   ] Safepoint "Cleanup", Time since last: 10411378089 ns, Reaching safepoint: 35914 ns, Cleanup: 21028 ns, At safepoint: 16993 ns, Total: 73935 ns
[2025-05-26T08:54:52.636+0000][71][info ][safepoint   ] Safepoint "Cleanup", Time since last: 70889860837 ns, Reaching safepoint: 85792 ns, Cleanup: 13435 ns, At safepoint: 16010 ns, Total: 115237 ns
[2025-05-26T08:56:45.568+0000][71][info ][gc,start    ] GC(23) Pause Young (Concurrent Start) (G1 Evacuation Pause)
[2025-05-26T08:56:45.572+0000][71][info ][gc,task     ] GC(23) Using 10 workers of 10 for evacuation
[2025-05-26T08:56:45.573+0000][71][debug][gc,age      ] GC(23) Desired survivor size 153092096 bytes, new threshold 15 (max threshold 15)
[2025-05-26T08:56:45.829+0000][71][info ][gc,mmu      ] GC(23) MMU target violated: 201.0ms (200.0ms/201.0ms)
[2025-05-26T08:56:45.830+0000][71][info ][gc,phases   ] GC(23)   Pre Evacuate Collection Set: 25.38ms
[2025-05-26T08:56:45.830+0000][71][info ][gc,phases   ] GC(23)   Merge Heap Roots: 2.64ms
[2025-05-26T08:56:45.830+0000][71][info ][gc,phases   ] GC(23)   Evacuate Collection Set: 199.00ms
[2025-05-26T08:56:45.831+0000][71][info ][gc,phases   ] GC(23)   Post Evacuate Collection Set: 23.51ms
[2025-05-26T08:56:45.831+0000][71][info ][gc,phases   ] GC(23)   Other: 7.70ms
[2025-05-26T08:56:45.832+0000][71][trace][gc,age      ] GC(23) Age table with threshold 15 (max threshold 15)
[2025-05-26T08:56:45.832+0000][71][trace][gc,age      ] GC(23) - age   1:    1024568 bytes,    1024568 total
[2025-05-26T08:56:45.833+0000][71][trace][gc,age      ] GC(23) - age   2:     505776 bytes,    1530344 total
[2025-05-26T08:56:45.833+0000][71][trace][gc,age      ] GC(23) - age   3:     171664 bytes,    1702008 total
[2025-05-26T08:56:45.834+0000][71][trace][gc,age      ] GC(23) - age   4:     334688 bytes,    2036696 total
[2025-05-26T08:56:45.834+0000][71][trace][gc,age      ] GC(23) - age   5:      82112 bytes,    2118808 total
[2025-05-26T08:56:45.834+0000][71][trace][gc,age      ] GC(23) - age   6:     347144 bytes,    2465952 total
[2025-05-26T08:56:45.835+0000][71][trace][gc,age      ] GC(23) - age   7:    1966992 bytes,    4432944 total
[2025-05-26T08:56:45.835+0000][71][trace][gc,age      ] GC(23) - age   8:    5491416 bytes,    9924360 total
[2025-05-26T08:56:45.836+0000][71][info ][gc,heap     ] GC(23) Eden regions: 579->0(579)
[2025-05-26T08:56:45.836+0000][71][info ][gc,heap     ] GC(23) Survivor regions: 3->3(73)
[2025-05-26T08:56:45.836+0000][71][info ][gc,heap     ] GC(23) Old regions: 27->27
[2025-05-26T08:56:45.837+0000][71][info ][gc,heap     ] GC(23) Humongous regions: 0->0
[2025-05-26T08:56:45.837+0000][71][info ][gc,metaspace] GC(23) Metaspace: 148546K(152512K)->148546K(152512K) NonClass: 128490K(130624K)->128490K(130624K) Class: 20056K(21888K)->20056K(21888K)
[2025-05-26T08:56:45.838+0000][71][info ][gc          ] GC(23) Pause Young (Concurrent Start) (G1 Evacuation Pause) 2432M->115M(3880M) 270.083ms
[2025-05-26T08:56:45.839+0000][71][info ][gc,cpu      ] GC(23) User=1.24s Sys=0.00s Real=0.28s
[2025-05-26T08:56:45.840+0000][71][info ][safepoint   ] Safepoint "G1CollectForAllocation", Time since last: 112939306411 ns, Reaching safepoint: 21646 ns, Cleanup: 5918 ns, At safepoint: 275111364 ns, Total: 275138928 ns
[2025-05-26T08:56:45.840+0000][71][info ][gc          ] GC(24) Concurrent Mark Cycle
[2025-05-26T08:56:45.841+0000][71][info ][gc,marking  ] GC(24) Concurrent Scan Root Regions
[2025-05-26T08:56:45.965+0000][71][info ][gc,marking  ] GC(24) Concurrent Scan Root Regions 123.576ms
[2025-05-26T08:56:45.966+0000][71][info ][gc,marking  ] GC(24) Concurrent Mark
[2025-05-26T08:56:45.966+0000][71][info ][gc,marking  ] GC(24) Concurrent Mark From Roots
[2025-05-26T08:56:45.967+0000][71][info ][gc,task     ] GC(24) Using 3 workers of 3 for marking
[2025-05-26T08:56:46.418+0000][71][info ][gc,marking  ] GC(24) Concurrent Mark From Roots 452.210ms
[2025-05-26T08:56:46.419+0000][71][info ][gc,marking  ] GC(24) Concurrent Preclean
[2025-05-26T08:56:46.421+0000][71][info ][gc,marking  ] GC(24) Concurrent Preclean 2.028ms
[2025-05-26T08:56:46.422+0000][71][info ][gc,start    ] GC(24) Pause Remark
[2025-05-26T08:56:47.690+0000][71][info ][gc,mmu      ] GC(24) MMU target violated: 201.0ms (200.0ms/201.0ms)
[2025-05-26T08:56:47.690+0000][71][info ][gc          ] GC(24) Pause Remark 125M->125M(3880M) 1268.616ms
[2025-05-26T08:56:47.691+0000][71][info ][gc,cpu      ] GC(24) User=9.76s Sys=0.00s Real=1.27s
[2025-05-26T08:56:47.691+0000][71][info ][safepoint   ] Safepoint "G1PauseRemark", Time since last: 581928072 ns, Reaching safepoint: 20531 ns, Cleanup: 5147 ns, At safepoint: 1269654509 ns, Total: 1269680187 ns
[2025-05-26T08:56:47.692+0000][71][info ][gc,marking  ] GC(24) Concurrent Mark 1726.057ms
[2025-05-26T08:56:47.692+0000][71][info ][gc,marking  ] GC(24) Concurrent Rebuild Remembered Sets and Scrub Regions
[2025-05-26T08:56:47.848+0000][71][info ][gc,marking  ] GC(24) Concurrent Rebuild Remembered Sets and Scrub Regions 155.414ms
[2025-05-26T08:56:47.851+0000][71][info ][gc,start    ] GC(24) Pause Cleanup
[2025-05-26T08:56:47.851+0000][71][info ][gc          ] GC(24) Pause Cleanup 138M->138M(3880M) 0.738ms
[2025-05-26T08:56:47.852+0000][71][info ][gc,cpu      ] GC(24) User=0.00s Sys=0.00s Real=0.00s
[2025-05-26T08:56:47.852+0000][71][info ][safepoint   ] Safepoint "G1PauseCleanup", Time since last: 156805926 ns, Reaching safepoint: 2261163 ns, Cleanup: 256850 ns, At safepoint: 1620868 ns, Total: 4138881 ns
[2025-05-26T08:56:47.853+0000][71][info ][gc,marking  ] GC(24) Concurrent Clear Claimed Marks
[2025-05-26T08:56:47.854+0000][71][info ][gc,marking  ] GC(24) Concurrent Clear Claimed Marks 0.744ms
[2025-05-26T08:56:47.854+0000][71][info ][gc,marking  ] GC(24) Concurrent Cleanup for Next Mark
[2025-05-26T08:56:47.933+0000][71][info ][gc,marking  ] GC(24) Concurrent Cleanup for Next Mark 79.287ms
[2025-05-26T08:56:47.934+0000][71][info ][gc          ] GC(24) Concurrent Mark Cycle 2093.586ms
[2025-05-26T08:57:04.854+0000][71][info ][safepoint   ] Safepoint "Cleanup", Time since last: 17003781545 ns, Reaching safepoint: 38401 ns, Cleanup: 18335 ns, At safepoint: 17476 ns, Total: 74212 ns
[2025-05-26T08:57:31.734+0000][71][info ][safepoint   ] Safepoint "Cleanup", Time since last: 26882132964 ns, Reaching safepoint: 14420 ns, Cleanup: 19442 ns, At safepoint: 140571 ns, Total: 174433 ns
[2025-05-26T08:58:41.825+0000][71][info ][safepoint   ] Safepoint "Cleanup", Time since last: 70095946843 ns, Reaching safepoint: 42490 ns, Cleanup: 17330 ns, At safepoint: 10958 ns, Total: 70778 ns
[2025-05-26T08:59:37.876+0000][71][info ][safepoint   ] Safepoint "Cleanup", Time since last: 56057055722 ns, Reaching safepoint: 14584 ns, Cleanup: 12651 ns, At safepoint: 5123 ns, Total: 32358 ns
[2025-05-26T08:59:55.556+0000][71][info ][safepoint   ] Safepoint "Cleanup", Time since last: 17681810165 ns, Reaching safepoint: 8543 ns, Cleanup: 10072 ns, At safepoint: 3385 ns, Total: 22000 ns
[2025-05-26T08:59:56.913+0000][71][info ][safepoint   ] Safepoint "Cleanup", Time since last: 1356429850 ns, Reaching safepoint: 32153 ns, Cleanup: 16896 ns, At safepoint: 14151 ns, Total: 63200 ns
[2025-05-26T09:00:42.041+0000][71][info ][safepoint   ] Safepoint "Cleanup", Time since last: 45130445263 ns, Reaching safepoint: 35541 ns, Cleanup: 18848 ns, At safepoint: 16787 ns, Total: 71176 ns
[2025-05-26T09:01:41.639+0000][71][info ][safepoint   ] Safepoint "Cleanup", Time since last: 59603505946 ns, Reaching safepoint: 68968 ns, Cleanup: 17481 ns, At safepoint: 11852 ns, Total: 98301 ns
[2025-05-26T09:03:41.711+0000][71][info ][safepoint   ] Safepoint "Cleanup", Time since last: 120081798341 ns, Reaching safepoint: 69412 ns, Cleanup: 15810 ns, At safepoint: 60280 ns, Total: 145502 ns
[2025-05-26T09:03:50.157+0000][71][info ][safepoint   ] Safepoint "Cleanup", Time since last: 8445789202 ns, Reaching safepoint: 30018 ns, Cleanup: 13788 ns, At safepoint: 68704 ns, Total: 112510 ns
[2025-05-26T09:06:41.814+0000][71][info ][safepoint   ] Safepoint "Cleanup", Time since last: 171671243207 ns, Reaching safepoint: 71612 ns, Cleanup: 16674 ns, At safepoint: 15634 ns, Total: 103920 ns
[2025-05-26T09:06:58.570+0000][71][info ][safepoint   ] Safepoint "Cleanup", Time since last: 16759172372 ns, Reaching safepoint: 23134 ns, Cleanup: 13407 ns, At safepoint: 65163 ns, Total: 101704 ns
[2025-05-26T09:07:52.561+0000][71][info ][safepoint   ] Safepoint "Cleanup", Time since last: 53992605779 ns, Reaching safepoint: 12226 ns, Cleanup: 21512 ns, At safepoint: 16974 ns, Total: 50712 ns
[2025-05-26T09:07:54.415+0000][71][info ][safepoint   ] Safepoint "Cleanup", Time since last: 1854357554 ns, Reaching safepoint: 34940 ns, Cleanup: 28825 ns, At safepoint: 18635 ns, Total: 82400 ns
[2025-05-26T09:07:56.261+0000][71][info ][safepoint   ] Safepoint "Cleanup", Time since last: 1847836553 ns, Reaching safepoint: 11225 ns, Cleanup: 16124 ns, At safepoint: 17130 ns, Total: 44479 ns
[2025-05-26T09:08:01.655+0000][71][info ][safepoint   ] Safepoint "Cleanup", Time since last: 5393855334 ns, Reaching safepoint: 6615 ns, Cleanup: 8961 ns, At safepoint: 12904 ns, Total: 28480 ns
[2025-05-26T09:08:03.575+0000][71][info ][safepoint   ] Safepoint "Cleanup", Time since last: 1920259367 ns, Reaching safepoint: 27067 ns, Cleanup: 9549 ns, At safepoint: 12646 ns, Total: 49262 ns
[2025-05-26T09:08:05.549+0000][71][info ][safepoint   ] Safepoint "Cleanup", Time since last: 1974048773 ns, Reaching safepoint: 30233 ns, Cleanup: 20574 ns, At safepoint: 14728 ns, Total: 65535 ns
[2025-05-26T09:08:41.633+0000][71][info ][safepoint   ] Safepoint "Cleanup", Time since last: 36086713161 ns, Reaching safepoint: 35366 ns, Cleanup: 19550 ns, At safepoint: 16721 ns, Total: 71637 ns
[2025-05-26T09:09:00.634+0000][71][info ][safepoint   ] Safepoint "Cleanup", Time since last: 19004033215 ns, Reaching safepoint: 71781 ns, Cleanup: 15359 ns, At safepoint: 34189 ns, Total: 121329 ns
[2025-05-26T09:10:01.582+0000][71][info ][gc,start    ] GC(25) Pause Young (Prepare Mixed) (G1 Evacuation Pause)
[2025-05-26T09:10:01.583+0000][71][info ][gc,task     ] GC(25) Using 10 workers of 10 for evacuation
[2025-05-26T09:10:01.584+0000][71][debug][gc,age      ] GC(25) Desired survivor size 48234496 bytes, new threshold 15 (max threshold 15)
[2025-05-26T09:10:01.666+0000][71][info ][gc,phases   ] GC(25)   Pre Evacuate Collection Set: 6.15ms
[2025-05-26T09:10:01.667+0000][71][info ][gc,phases   ] GC(25)   Merge Heap Roots: 1.62ms
[2025-05-26T09:10:01.668+0000][71][info ][gc,phases   ] GC(25)   Evacuate Collection Set: 62.60ms
[2025-05-26T09:10:01.669+0000][71][info ][gc,phases   ] GC(25)   Post Evacuate Collection Set: 10.92ms
[2025-05-26T09:10:01.669+0000][71][info ][gc,phases   ] GC(25)   Other: 2.14ms
[2025-05-26T09:10:01.670+0000][71][trace][gc,age      ] GC(25) Age table with threshold 15 (max threshold 15)
[2025-05-26T09:10:01.670+0000][71][trace][gc,age      ] GC(25) - age   1:    1783880 bytes,    1783880 total
[2025-05-26T09:10:01.670+0000][71][trace][gc,age      ] GC(25) - age   2:     131480 bytes,    1915360 total
[2025-05-26T09:10:01.671+0000][71][trace][gc,age      ] GC(25) - age   3:     131968 bytes,    2047328 total
[2025-05-26T09:10:01.671+0000][71][trace][gc,age      ] GC(25) - age   4:     170672 bytes,    2218000 total
[2025-05-26T09:10:01.672+0000][71][trace][gc,age      ] GC(25) - age   5:     318392 bytes,    2536392 total
[2025-05-26T09:10:01.674+0000][71][trace][gc,age      ] GC(25) - age   6:      82112 bytes,    2618504 total
[2025-05-26T09:10:01.674+0000][71][trace][gc,age      ] GC(25) - age   7:     346056 bytes,    2964560 total
[2025-05-26T09:10:01.675+0000][71][trace][gc,age      ] GC(25) - age   8:    1966152 bytes,    4930712 total
[2025-05-26T09:10:01.676+0000][71][trace][gc,age      ] GC(25) - age   9:    5477344 bytes,   10408056 total
[2025-05-26T09:10:01.677+0000][71][info ][gc,heap     ] GC(25) Eden regions: 181->0(579)
[2025-05-26T09:10:01.678+0000][71][info ][gc,heap     ] GC(25) Survivor regions: 3->3(23)
[2025-05-26T09:10:01.678+0000][71][info ][gc,heap     ] GC(25) Old regions: 27->27
[2025-05-26T09:10:01.679+0000][71][info ][gc,heap     ] GC(25) Humongous regions: 0->0
[2025-05-26T09:10:01.680+0000][71][info ][gc,metaspace] GC(25) Metaspace: 146162K(152512K)->146162K(152512K) NonClass: 126732K(130624K)->126732K(130624K) Class: 19430K(21888K)->19430K(21888K)
[2025-05-26T09:10:01.683+0000][71][info ][gc          ] GC(25) Pause Young (Prepare Mixed) (G1 Evacuation Pause) 839M->115M(3880M) 100.826ms
[2025-05-26T09:10:01.683+0000][71][info ][gc,cpu      ] GC(25) User=0.70s Sys=0.00s Real=0.10s
[2025-05-26T09:10:01.684+0000][71][info ][safepoint   ] Safepoint "G1CollectForAllocation", Time since last: 60952067544 ns, Reaching safepoint: 55830 ns, Cleanup: 4665 ns, At safepoint: 102153913 ns, Total: 102214408 ns
[2025-05-26T09:10:07.541+0000][71][info ][safepoint   ] Safepoint "Cleanup", Time since last: 5854580259 ns, Reaching safepoint: 2207729 ns, Cleanup: 23209 ns, At safepoint: 177700 ns, Total: 2408638 ns
[2025-05-26T09:10:08.802+0000][71][info ][safepoint   ] Safepoint "Cleanup", Time since last: 1261560597 ns, Reaching safepoint: 31759 ns, Cleanup: 24738 ns, At safepoint: 14943 ns, Total: 71440 ns
[2025-05-26T09:10:41.968+0000][71][info ][safepoint   ] Safepoint "Cleanup", Time since last: 33167751065 ns, Reaching safepoint: 80192 ns, Cleanup: 21555 ns, At safepoint: 17497 ns, Total: 119244 ns
[2025-05-26T09:11:10.842+0000][71][info ][safepoint   ] Safepoint "Cleanup", Time since last: 28875953324 ns, Reaching safepoint: 25100 ns, Cleanup: 11461 ns, At safepoint: 63926 ns, Total: 100487 ns
[2025-05-26T09:12:05.010+0000][71][info ][safepoint   ] Safepoint "Cleanup", Time since last: 54173374024 ns, Reaching safepoint: 44828 ns, Cleanup: 16603 ns, At safepoint: 16067 ns, Total: 77498 ns
[2025-05-26T09:12:13.892+0000][71][info ][safepoint   ] Safepoint "Cleanup", Time since last: 8881779511 ns, Reaching safepoint: 13900 ns, Cleanup: 121252 ns, At safepoint: 87506 ns, Total: 222658 ns
[2025-05-26T09:12:58.048+0000][71][info ][safepoint   ] Safepoint "Cleanup", Time since last: 44160348478 ns, Reaching safepoint: 69778 ns, Cleanup: 19704 ns, At safepoint: 15327 ns, Total: 104809 ns
[2025-05-26T09:13:05.049+0000][71][info ][safepoint   ] Safepoint "Cleanup", Time since last: 7001544712 ns, Reaching safepoint: 19010 ns, Cleanup: 12923 ns, At safepoint: 8369 ns, Total: 40302 ns
[2025-05-26T09:13:07.050+0000][71][info ][safepoint   ] Safepoint "Cleanup", Time since last: 2000844934 ns, Reaching safepoint: 17882 ns, Cleanup: 11461 ns, At safepoint: 33566 ns, Total: 62909 ns
[2025-05-26T09:16:26.281+0000][71][info ][safepoint   ] Safepoint "Cleanup", Time since last: 199247558598 ns, Reaching safepoint: 17181 ns, Cleanup: 16147 ns, At safepoint: 62840 ns, Total: 96168 ns
[2025-05-26T09:16:42.203+0000][71][info ][safepoint   ] Safepoint "Cleanup", Time since last: 15921818906 ns, Reaching safepoint: 24728 ns, Cleanup: 16139 ns, At safepoint: 10590 ns, Total: 51457 ns
[2025-05-26T09:17:05.205+0000][71][info ][safepoint   ] Safepoint "Cleanup", Time since last: 23004425242 ns, Reaching safepoint: 35485 ns, Cleanup: 17027 ns, At safepoint: 18796 ns, Total: 71308 ns
[2025-05-26T09:22:58.667+0000][71][info ][safepoint   ] Safepoint "Cleanup", Time since last: 353491222629 ns, Reaching safepoint: 23610 ns, Cleanup: 13063 ns, At safepoint: 8509 ns, Total: 45182 ns
[2025-05-26T09:23:37.623+0000][71][info ][safepoint   ] Safepoint "Cleanup", Time since last: 38958890032 ns, Reaching safepoint: 19514 ns, Cleanup: 25058 ns, At safepoint: 87172 ns, Total: 131744 ns
[2025-05-26T09:23:41.723+0000][71][info ][safepoint   ] Safepoint "Cleanup", Time since last: 4099956652 ns, Reaching safepoint: 35790 ns, Cleanup: 16951 ns, At safepoint: 16740 ns, Total: 69481 ns
[2025-05-26T09:24:49.586+0000][71][info ][safepoint   ] Safepoint "Cleanup", Time since last: 67868163016 ns, Reaching safepoint: 9149 ns, Cleanup: 10668 ns, At safepoint: 13144 ns, Total: 32961 ns
[2025-05-26T09:25:10.580+0000][71][info ][safepoint   ] Safepoint "Cleanup", Time since last: 20996351445 ns, Reaching safepoint: 8764 ns, Cleanup: 9108 ns, At safepoint: 12120 ns, Total: 29992 ns
[2025-05-26T09:25:32.526+0000][71][info ][safepoint   ] Safepoint "Cleanup", Time since last: 21947792176 ns, Reaching safepoint: 35491 ns, Cleanup: 19132 ns, At safepoint: 15425 ns, Total: 70048 ns
[2025-05-26T09:25:52.934+0000][71][info ][safepoint   ] Safepoint "Cleanup", Time since last: 20408669401 ns, Reaching safepoint: 17947 ns, Cleanup: 19733 ns, At safepoint: 84888 ns, Total: 122568 ns
[2025-05-26T09:27:03.002+0000][71][info ][safepoint   ] Safepoint "Cleanup", Time since last: 70074662135 ns, Reaching safepoint: 18707 ns, Cleanup: 12918 ns, At safepoint: 7987 ns, Total: 39612 ns
[2025-05-26T09:29:02.081+0000][71][info ][safepoint   ] Safepoint "Cleanup", Time since last: 119089589346 ns, Reaching safepoint: 29353 ns, Cleanup: 13759 ns, At safepoint: 67745 ns, Total: 110857 ns
[2025-05-26T09:30:05.127+0000][71][info ][safepoint   ] Safepoint "Cleanup", Time since last: 63049615543 ns, Reaching safepoint: 23595 ns, Cleanup: 13691 ns, At safepoint: 21780 ns, Total: 59066 ns
[2025-05-26T09:30:13.574+0000][71][info ][safepoint   ] Safepoint "Cleanup", Time since last: 8447672791 ns, Reaching safepoint: 6140 ns, Cleanup: 8194 ns, At safepoint: 12167 ns, Total: 26501 ns
[2025-05-26T09:30:19.594+0000][71][info ][safepoint   ] Safepoint "Cleanup", Time since last: 6019151393 ns, Reaching safepoint: 5670 ns, Cleanup: 7746 ns, At safepoint: 3040 ns, Total: 16456 ns
[2025-05-26T09:31:07.588+0000][71][info ][safepoint   ] Safepoint "Cleanup", Time since last: 47999782737 ns, Reaching safepoint: 35969 ns, Cleanup: 14965 ns, At safepoint: 80600 ns, Total: 131534 ns
[2025-05-26T09:31:09.278+0000][71][info ][safepoint   ] Safepoint "Cleanup", Time since last: 1689425858 ns, Reaching safepoint: 17797 ns, Cleanup: 25248 ns, At safepoint: 63104 ns, Total: 106149 ns
[2025-05-26T09:32:15.335+0000][71][info ][safepoint   ] Safepoint "Cleanup", Time since last: 66062001289 ns, Reaching safepoint: 26982 ns, Cleanup: 14954 ns, At safepoint: 9648 ns, Total: 51584 ns
[2025-05-26T09:34:25.434+0000][71][info ][safepoint   ] Safepoint "Cleanup", Time since last: 130108780028 ns, Reaching safepoint: 34088 ns, Cleanup: 17491 ns, At safepoint: 55500 ns, Total: 107079 ns
[2025-05-26T09:35:16.817+0000][71][info ][safepoint   ] Safepoint "Cleanup", Time since last: 51387964269 ns, Reaching safepoint: 26602 ns, Cleanup: 12947 ns, At safepoint: 65776 ns, Total: 105325 ns
[2025-05-26T09:35:23.491+0000][71][info ][safepoint   ] Safepoint "Cleanup", Time since last: 6673206264 ns, Reaching safepoint: 13792 ns, Cleanup: 21521 ns, At safepoint: 79865 ns, Total: 115178 ns
[2025-05-26T09:38:01.657+0000][71][info ][safepoint   ] Safepoint "Cleanup", Time since last: 158180618481 ns, Reaching safepoint: 30121 ns, Cleanup: 17917 ns, At safepoint: 69184 ns, Total: 117222 ns
[2025-05-26T09:40:20.643+0000][71][info ][safepoint   ] Safepoint "Cleanup", Time since last: 138996113931 ns, Reaching safepoint: 22870 ns, Cleanup: 13760 ns, At safepoint: 82060 ns, Total: 118690 ns
[2025-05-26T09:40:25.620+0000][71][info ][safepoint   ] Safepoint "Cleanup", Time since last: 4978968595 ns, Reaching safepoint: 27805 ns, Cleanup: 30259 ns, At safepoint: 69314 ns, Total: 127378 ns
[2025-05-26T09:40:26.637+0000][71][info ][safepoint   ] Safepoint "Cleanup", Time since last: 1017375212 ns, Reaching safepoint: 32855 ns, Cleanup: 16809 ns, At safepoint: 15590 ns, Total: 65254 ns
[2025-05-26T09:40:30.255+0000][71][info ][safepoint   ] Safepoint "Cleanup", Time since last: 3617655011 ns, Reaching safepoint: 7242 ns, Cleanup: 12051 ns, At safepoint: 3087 ns, Total: 22380 ns
[2025-05-26T09:40:38.054+0000][71][info ][safepoint   ] Safepoint "Cleanup", Time since last: 7798932807 ns, Reaching safepoint: 32395 ns, Cleanup: 15169 ns, At safepoint: 15766 ns, Total: 63330 ns
[2025-05-26T09:41:34.811+0000][71][info ][safepoint   ] Safepoint "Cleanup", Time since last: 56761845629 ns, Reaching safepoint: 120366 ns, Cleanup: 9040 ns, At safepoint: 43608 ns, Total: 173014 ns
[2025-05-26T09:41:35.815+0000][71][info ][safepoint   ] Safepoint "Cleanup", Time since last: 1003030122 ns, Reaching safepoint: 32906 ns, Cleanup: 17719 ns, At safepoint: 18101 ns, Total: 68726 ns
[2025-05-26T09:41:43.832+0000][71][info ][safepoint   ] Safepoint "Cleanup", Time since last: 8017723529 ns, Reaching safepoint: 33723 ns, Cleanup: 17693 ns, At safepoint: 15687 ns, Total: 67103 ns
[2025-05-26T09:42:37.866+0000][71][info ][safepoint   ] Safepoint "Cleanup", Time since last: 54038565732 ns, Reaching safepoint: 9721 ns, Cleanup: 8759 ns, At safepoint: 13014 ns, Total: 31494 ns
[2025-05-26T09:44:41.417+0000][71][info ][safepoint   ] Safepoint "Cleanup", Time since last: 123560486787 ns, Reaching safepoint: 82801 ns, Cleanup: 16516 ns, At safepoint: 10962 ns, Total: 110279 ns
[2025-05-26T09:45:57.262+0000][71][info ][safepoint   ] Safepoint "Cleanup", Time since last: 75852503957 ns, Reaching safepoint: 29992 ns, Cleanup: 16009 ns, At safepoint: 11185 ns, Total: 57186 ns
[2025-05-26T09:46:43.497+0000][71][info ][safepoint   ] Safepoint "Cleanup", Time since last: 46237087005 ns, Reaching safepoint: 161197 ns, Cleanup: 21519 ns, At safepoint: 18362 ns, Total: 201078 ns
[2025-05-26T09:46:49.637+0000][71][info ][safepoint   ] Safepoint "Cleanup", Time since last: 6139871718 ns, Reaching safepoint: 7742 ns, Cleanup: 9053 ns, At safepoint: 3365 ns, Total: 20160 ns
[2025-05-26T09:47:38.391+0000][71][info ][safepoint   ] Safepoint "Cleanup", Time since last: 41903320134 ns, Reaching safepoint: 35374 ns, Cleanup: 17984 ns, At safepoint: 17339 ns, Total: 70697 ns
[2025-05-26T09:47:50.464+0000][71][info ][safepoint   ] Safepoint "Cleanup", Time since last: 12073083853 ns, Reaching safepoint: 26505 ns, Cleanup: 12134 ns, At safepoint: 21062 ns, Total: 59701 ns
[2025-05-26T09:47:52.078+0000][71][info ][safepoint   ] Safepoint "Cleanup", Time since last: 1613925935 ns, Reaching safepoint: 24901 ns, Cleanup: 14679 ns, At safepoint: 10527 ns, Total: 50107 ns
[2025-05-26T09:50:34.271+0000][71][info ][safepoint   ] Safepoint "Cleanup", Time since last: 162208333367 ns, Reaching safepoint: 49543 ns, Cleanup: 14326 ns, At safepoint: 8098 ns, Total: 71967 ns
[2025-05-26T09:54:08.480+0000][71][info ][safepoint   ] Safepoint "Cleanup", Time since last: 214225006188 ns, Reaching safepoint: 11454 ns, Cleanup: 24151 ns, At safepoint: 12642 ns, Total: 48247 ns
[2025-05-26T09:55:28.603+0000][71][info ][safepoint   ] Safepoint "Cleanup", Time since last: 80128326453 ns, Reaching safepoint: 74771 ns, Cleanup: 179409 ns, At safepoint: 38525 ns, Total: 292705 ns
[2025-05-26T09:55:32.981+0000][71][info ][gc,start    ] GC(26) Pause Young (Mixed) (G1 Evacuation Pause)
[2025-05-26T09:55:32.983+0000][71][info ][gc,task     ] GC(26) Using 10 workers of 10 for evacuation
[2025-05-26T09:55:32.984+0000][71][debug][gc,age      ] GC(26) Desired survivor size 153092096 bytes, new threshold 15 (max threshold 15)
[2025-05-26T09:55:33.170+0000][71][info ][gc,phases   ] GC(26)   Pre Evacuate Collection Set: 6.95ms
[2025-05-26T09:55:33.171+0000][71][info ][gc,phases   ] GC(26)   Merge Heap Roots: 2.96ms
[2025-05-26T09:55:33.171+0000][71][info ][gc,phases   ] GC(26)   Evacuate Collection Set: 159.66ms
[2025-05-26T09:55:33.171+0000][71][info ][gc,phases   ] GC(26)   Post Evacuate Collection Set: 14.53ms
[2025-05-26T09:55:33.172+0000][71][info ][gc,phases   ] GC(26)   Other: 3.56ms
[2025-05-26T09:55:33.172+0000][71][trace][gc,age      ] GC(26) Age table with threshold 15 (max threshold 15)
[2025-05-26T09:55:33.173+0000][71][trace][gc,age      ] GC(26) - age   1:    1656904 bytes,    1656904 total
[2025-05-26T09:55:33.173+0000][71][trace][gc,age      ] GC(26) - age   2:     439824 bytes,    2096728 total
[2025-05-26T09:55:33.174+0000][71][trace][gc,age      ] GC(26) - age   3:     123504 bytes,    2220232 total
[2025-05-26T09:55:33.174+0000][71][trace][gc,age      ] GC(26) - age   4:     128472 bytes,    2348704 total
[2025-05-26T09:55:33.175+0000][71][trace][gc,age      ] GC(26) - age   5:     169304 bytes,    2518008 total
[2025-05-26T09:55:33.175+0000][71][trace][gc,age      ] GC(26) - age   6:     316640 bytes,    2834648 total
[2025-05-26T09:55:33.175+0000][71][trace][gc,age      ] GC(26) - age   7:      82112 bytes,    2916760 total
[2025-05-26T09:55:33.176+0000][71][trace][gc,age      ] GC(26) - age   8:     346056 bytes,    3262816 total
[2025-05-26T09:55:33.176+0000][71][trace][gc,age      ] GC(26) - age   9:    1965728 bytes,    5228544 total
[2025-05-26T09:55:33.177+0000][71][trace][gc,age      ] GC(26) - age  10:    5477080 bytes,   10705624 total
[2025-05-26T09:55:33.177+0000][71][info ][gc,heap     ] GC(26) Eden regions: 579->0(579)
[2025-05-26T09:55:33.177+0000][71][info ][gc,heap     ] GC(26) Survivor regions: 3->3(73)
[2025-05-26T09:55:33.178+0000][71][info ][gc,heap     ] GC(26) Old regions: 27->26
[2025-05-26T09:55:33.178+0000][71][info ][gc,heap     ] GC(26) Humongous regions: 0->0
[2025-05-26T09:55:33.179+0000][71][info ][gc,metaspace] GC(26) Metaspace: 146346K(152576K)->146346K(152576K) NonClass: 126914K(130688K)->126914K(130688K) Class: 19432K(21888K)->19432K(21888K)
[2025-05-26T09:55:33.179+0000][71][info ][gc          ] GC(26) Pause Young (Mixed) (G1 Evacuation Pause) 2431M->114M(3880M) 198.726ms
[2025-05-26T09:55:33.180+0000][71][info ][gc,cpu      ] GC(26) User=1.17s Sys=0.11s Real=0.20s
[2025-05-26T09:55:33.180+0000][71][info ][safepoint   ] Safepoint "G1CollectForAllocation", Time since last: 4378761462 ns, Reaching safepoint: 16990 ns, Cleanup: 5052 ns, At safepoint: 200961457 ns, Total: 200983499 ns
[2025-05-26T09:56:02.242+0000][71][info ][safepoint   ] Safepoint "Cleanup", Time since last: 29061322950 ns, Reaching safepoint: 7841 ns, Cleanup: 9208 ns, At safepoint: 12219 ns, Total: 29268 ns
[2025-05-26T09:56:48.722+0000][71][info ][safepoint   ] Safepoint "Cleanup", Time since last: 46485283786 ns, Reaching safepoint: 44609 ns, Cleanup: 14548 ns, At safepoint: 9757 ns, Total: 68914 ns
[2025-05-26T09:57:04.723+0000][71][info ][safepoint   ] Safepoint "Cleanup", Time since last: 16003186767 ns, Reaching safepoint: 35041 ns, Cleanup: 19192 ns, At safepoint: 17748 ns, Total: 71981 ns
[2025-05-26T09:57:10.726+0000][71][info ][safepoint   ] Safepoint "Cleanup", Time since last: 6001977283 ns, Reaching safepoint: 946042 ns, Cleanup: 17970 ns, At safepoint: 119404 ns, Total: 1083416 ns
[2025-05-26T09:57:17.732+0000][71][info ][safepoint   ] Safepoint "Cleanup", Time since last: 7005740909 ns, Reaching safepoint: 13922 ns, Cleanup: 19591 ns, At safepoint: 78427 ns, Total: 111940 ns
[2025-05-26T10:06:48.732+0000][71][info ][safepoint   ] Safepoint "Cleanup", Time since last: 571044350255 ns, Reaching safepoint: 83115 ns, Cleanup: 172908 ns, At safepoint: 79539 ns, Total: 335562 ns
[2025-05-26T10:07:04.733+0000][71][info ][safepoint   ] Safepoint "Cleanup", Time since last: 16004392143 ns, Reaching safepoint: 22772 ns, Cleanup: 12722 ns, At safepoint: 8924 ns, Total: 44418 ns
[2025-05-26T10:07:53.454+0000][71][info ][safepoint   ] Safepoint "Cleanup", Time since last: 48722652285 ns, Reaching safepoint: 8722 ns, Cleanup: 9316 ns, At safepoint: 18191 ns, Total: 36229 ns
[2025-05-26T10:07:54.809+0000][71][info ][safepoint   ] Safepoint "Cleanup", Time since last: 1355675383 ns, Reaching safepoint: 18909 ns, Cleanup: 15338 ns, At safepoint: 8074 ns, Total: 42321 ns
[2025-05-26T10:07:56.463+0000][71][info ][safepoint   ] Safepoint "Cleanup", Time since last: 1653575101 ns, Reaching safepoint: 6591 ns, Cleanup: 9827 ns, At safepoint: 12431 ns, Total: 28849 ns
[2025-05-26T10:07:57.853+0000][71][info ][safepoint   ] Safepoint "Cleanup", Time since last: 1389565771 ns, Reaching safepoint: 15837 ns, Cleanup: 16070 ns, At safepoint: 20935 ns, Total: 52842 ns
[2025-05-26T10:08:05.882+0000][71][info ][safepoint   ] Safepoint "Cleanup", Time since last: 8031656381 ns, Reaching safepoint: 295014 ns, Cleanup: 16040 ns, At safepoint: 33316 ns, Total: 344370 ns
[2025-05-26T10:08:42.493+0000][71][info ][safepoint   ] Safepoint "Cleanup", Time since last: 36613035470 ns, Reaching safepoint: 31029 ns, Cleanup: 16219 ns, At safepoint: 15574 ns, Total: 62822 ns
[2025-05-26T10:09:48.205+0000][71][info ][safepoint   ] Safepoint "Cleanup", Time since last: 65717600689 ns, Reaching safepoint: 78868 ns, Cleanup: 24951 ns, At safepoint: 20513 ns, Total: 124332 ns
[2025-05-26T10:09:57.020+0000][71][info ][safepoint   ] Safepoint "Cleanup", Time since last: 8814422058 ns, Reaching safepoint: 32760 ns, Cleanup: 18450 ns, At safepoint: 16869 ns, Total: 68079 ns
[2025-05-26T10:10:35.456+0000][71][info ][safepoint   ] Safepoint "Cleanup", Time since last: 38441121123 ns, Reaching safepoint: 189915 ns, Cleanup: 11398 ns, At safepoint: 45061 ns, Total: 246374 ns
[2025-05-26T10:10:45.086+0000][71][info ][safepoint   ] Safepoint "Cleanup", Time since last: 9629805466 ns, Reaching safepoint: 19639 ns, Cleanup: 13215 ns, At safepoint: 8269 ns, Total: 41123 ns
[2025-05-26T10:13:07.287+0000][71][info ][safepoint   ] Safepoint "Cleanup", Time since last: 142213031071 ns, Reaching safepoint: 77762 ns, Cleanup: 20578 ns, At safepoint: 32755 ns, Total: 131095 ns
[2025-05-26T10:15:08.446+0000][71][info ][safepoint   ] Safepoint "Cleanup", Time since last: 121168187806 ns, Reaching safepoint: 29499 ns, Cleanup: 189822 ns, At safepoint: 77637 ns, Total: 296958 ns
[2025-05-26T10:15:10.376+0000][71][info ][safepoint   ] Safepoint "Cleanup", Time since last: 1930003420 ns, Reaching safepoint: 83171 ns, Cleanup: 25445 ns, At safepoint: 21736 ns, Total: 130352 ns
[2025-05-26T10:15:39.392+0000][71][info ][safepoint   ] Safepoint "Cleanup", Time since last: 29018312512 ns, Reaching safepoint: 27353 ns, Cleanup: 12339 ns, At safepoint: 65670 ns, Total: 105362 ns
[2025-05-26T10:15:43.401+0000][71][info ][safepoint   ] Safepoint "Cleanup", Time since last: 4009091371 ns, Reaching safepoint: 72596 ns, Cleanup: 16560 ns, At safepoint: 32825 ns, Total: 121981 ns
[2025-05-26T10:16:48.461+0000][71][info ][safepoint   ] Safepoint "Cleanup", Time since last: 65064798519 ns, Reaching safepoint: 79947 ns, Cleanup: 20692 ns, At safepoint: 41075 ns, Total: 141714 ns
[2025-05-26T10:17:11.463+0000][71][info ][safepoint   ] Safepoint "Cleanup", Time since last: 23004279899 ns, Reaching safepoint: 31590 ns, Cleanup: 16104 ns, At safepoint: 15020 ns, Total: 62714 ns
[2025-05-26T10:20:47.799+0000][71][info ][safepoint   ] Safepoint "Cleanup", Time since last: 216352835125 ns, Reaching safepoint: 89778 ns, Cleanup: 15507 ns, At safepoint: 24611 ns, Total: 129896 ns
[2025-05-26T10:20:48.829+0000][71][info ][safepoint   ] Safepoint "Cleanup", Time since last: 1030148617 ns, Reaching safepoint: 33731 ns, Cleanup: 18553 ns, At safepoint: 18310 ns, Total: 70594 ns
[2025-05-26T10:20:49.857+0000][71][info ][safepoint   ] Safepoint "Cleanup", Time since last: 1027588343 ns, Reaching safepoint: 32423 ns, Cleanup: 21540 ns, At safepoint: 16712 ns, Total: 70675 ns
[2025-05-26T10:22:09.664+0000][71][info ][safepoint   ] Safepoint "Cleanup", Time since last: 79813969625 ns, Reaching safepoint: 34324 ns, Cleanup: 16928 ns, At safepoint: 15937 ns, Total: 67189 ns
[2025-05-26T10:23:32.454+0000][71][info ][safepoint   ] Safepoint "Cleanup", Time since last: 82794770046 ns, Reaching safepoint: 20127 ns, Cleanup: 11359 ns, At safepoint: 33299 ns, Total: 64785 ns
[2025-05-26T10:24:35.440+0000][71][info ][safepoint   ] Safepoint "Cleanup", Time since last: 62992942234 ns, Reaching safepoint: 30170 ns, Cleanup: 14343 ns, At safepoint: 113362 ns, Total: 157875 ns
[2025-05-26T10:24:37.135+0000][71][info ][safepoint   ] Safepoint "Cleanup", Time since last: 1695268310 ns, Reaching safepoint: 32280 ns, Cleanup: 18153 ns, At safepoint: 16178 ns, Total: 66611 ns
[2025-05-26T10:27:15.296+0000][71][info ][safepoint   ] Safepoint "Cleanup", Time since last: 158173066111 ns, Reaching safepoint: 119671 ns, Cleanup: 24492 ns, At safepoint: 16536 ns, Total: 160699 ns
[2025-05-26T10:27:44.413+0000][71][info ][safepoint   ] Safepoint "Cleanup", Time since last: 29118363560 ns, Reaching safepoint: 42046 ns, Cleanup: 25132 ns, At safepoint: 134132 ns, Total: 201310 ns
[2025-05-26T10:27:48.338+0000][71][info ][safepoint   ] Safepoint "Cleanup", Time since last: 3924934163 ns, Reaching safepoint: 33065 ns, Cleanup: 14011 ns, At safepoint: 9308 ns, Total: 56384 ns
[2025-05-26T10:28:48.377+0000][71][info ][safepoint   ] Safepoint "Cleanup", Time since last: 60043803259 ns, Reaching safepoint: 28169 ns, Cleanup: 17948 ns, At safepoint: 85152 ns, Total: 131269 ns
[2025-05-26T10:29:09.397+0000][71][info ][safepoint   ] Safepoint "Cleanup", Time since last: 21022413810 ns, Reaching safepoint: 173007 ns, Cleanup: 18651 ns, At safepoint: 37826 ns, Total: 229484 ns
[2025-05-26T10:30:53.435+0000][71][info ][safepoint   ] Safepoint "Cleanup", Time since last: 104045598409 ns, Reaching safepoint: 148988 ns, Cleanup: 9613 ns, At safepoint: 47303 ns, Total: 205904 ns
[2025-05-26T10:31:56.443+0000][71][info ][safepoint   ] Safepoint "Cleanup", Time since last: 63015020314 ns, Reaching safepoint: 6144 ns, Cleanup: 50507 ns, At safepoint: 13270 ns, Total: 69921 ns
[2025-05-26T10:31:57.621+0000][71][info ][safepoint   ] Safepoint "Cleanup", Time since last: 1178064923 ns, Reaching safepoint: 16511 ns, Cleanup: 23889 ns, At safepoint: 81815 ns, Total: 122215 ns
[2025-05-26T10:32:04.648+0000][71][info ][safepoint   ] Safepoint "Cleanup", Time since last: 7029212814 ns, Reaching safepoint: 94455 ns, Cleanup: 17118 ns, At safepoint: 17072 ns, Total: 128645 ns
[2025-05-26T10:32:59.432+0000][71][info ][safepoint   ] Safepoint "Cleanup", Time since last: 54787052926 ns, Reaching safepoint: 16501 ns, Cleanup: 8682 ns, At safepoint: 13630 ns, Total: 38813 ns
[2025-05-26T10:35:50.410+0000][71][info ][safepoint   ] Safepoint "Cleanup", Time since last: 170994684454 ns, Reaching safepoint: 19867 ns, Cleanup: 12537 ns, At safepoint: 63073 ns, Total: 95477 ns
[2025-05-26T10:37:05.207+0000][71][info ][safepoint   ] Safepoint "Cleanup", Time since last: 74805325468 ns, Reaching safepoint: 43083 ns, Cleanup: 21987 ns, At safepoint: 20618 ns, Total: 85688 ns
[2025-05-26T10:37:11.945+0000][71][info ][safepoint   ] Safepoint "Cleanup", Time since last: 6738182365 ns, Reaching safepoint: 6997 ns, Cleanup: 8266 ns, At safepoint: 11753 ns, Total: 27016 ns
[2025-05-26T10:37:57.246+0000][71][info ][safepoint   ] Safepoint "Cleanup", Time since last: 45303921442 ns, Reaching safepoint: 155491 ns, Cleanup: 17914 ns, At safepoint: 37099 ns, Total: 210504 ns
[2025-05-26T10:38:14.416+0000][71][info ][safepoint   ] Safepoint "Cleanup", Time since last: 17169011529 ns, Reaching safepoint: 3344561 ns, Cleanup: 18604 ns, At safepoint: 80214 ns, Total: 3443379 ns
[2025-05-26T10:39:18.103+0000][71][info ][safepoint   ] Safepoint "Cleanup", Time since last: 63692998948 ns, Reaching safepoint: 13255 ns, Cleanup: 15711 ns, At safepoint: 67983 ns, Total: 96949 ns
[2025-05-26T10:39:48.314+0000][71][info ][safepoint   ] Safepoint "Cleanup", Time since last: 30214033409 ns, Reaching safepoint: 72679 ns, Cleanup: 26632 ns, At safepoint: 32958 ns, Total: 132269 ns
[2025-05-26T10:40:20.390+0000][71][info ][safepoint   ] Safepoint "Cleanup", Time since last: 32078444799 ns, Reaching safepoint: 14249 ns, Cleanup: 11612 ns, At safepoint: 19272 ns, Total: 45133 ns
[2025-05-26T10:41:07.178+0000][71][info ][safepoint   ] Safepoint "Cleanup", Time since last: 46794375875 ns, Reaching safepoint: 116777 ns, Cleanup: 18547 ns, At safepoint: 11783 ns, Total: 147107 ns
[2025-05-26T10:41:23.637+0000][71][info ][safepoint   ] Safepoint "Cleanup", Time since last: 16459296130 ns, Reaching safepoint: 16614 ns, Cleanup: 18890 ns, At safepoint: 87773 ns, Total: 123277 ns
[2025-05-26T10:41:48.377+0000][71][info ][safepoint   ] Safepoint "Cleanup", Time since last: 24742040657 ns, Reaching safepoint: 34500 ns, Cleanup: 20466 ns, At safepoint: 16156 ns, Total: 71122 ns
[2025-05-26T10:41:51.379+0000][71][info ][safepoint   ] Safepoint "Cleanup", Time since last: 3001278767 ns, Reaching safepoint: 31435 ns, Cleanup: 16059 ns, At safepoint: 15254 ns, Total: 62748 ns
[2025-05-26T10:42:04.378+0000][71][info ][safepoint   ] Safepoint "Cleanup", Time since last: 13002761906 ns, Reaching safepoint: 44599 ns, Cleanup: 13783 ns, At safepoint: 8625 ns, Total: 67007 ns
[2025-05-26T10:44:02.360+0000][71][info ][gc,start    ] GC(27) Pause Young (Concurrent Start) (G1 Evacuation Pause)
[2025-05-26T10:44:02.363+0000][71][info ][gc,task     ] GC(27) Using 10 workers of 10 for evacuation
[2025-05-26T10:44:02.364+0000][71][debug][gc,age      ] GC(27) Desired survivor size 153092096 bytes, new threshold 15 (max threshold 15)
[2025-05-26T10:44:02.571+0000][71][info ][gc,mmu      ] GC(27) MMU target violated: 201.0ms (200.0ms/201.0ms)
[2025-05-26T10:44:02.572+0000][71][info ][gc,phases   ] GC(27)   Pre Evacuate Collection Set: 27.95ms
[2025-05-26T10:44:02.572+0000][71][info ][gc,phases   ] GC(27)   Merge Heap Roots: 2.83ms
[2025-05-26T10:44:02.573+0000][71][info ][gc,phases   ] GC(27)   Evacuate Collection Set: 156.37ms
[2025-05-26T10:44:02.573+0000][71][info ][gc,phases   ] GC(27)   Post Evacuate Collection Set: 17.13ms
[2025-05-26T10:44:02.574+0000][71][info ][gc,phases   ] GC(27)   Other: 6.51ms
[2025-05-26T10:44:02.575+0000][71][trace][gc,age      ] GC(27) Age table with threshold 15 (max threshold 15)
[2025-05-26T10:44:02.576+0000][71][trace][gc,age      ] GC(27) - age   1:    1331752 bytes,    1331752 total
[2025-05-26T10:44:02.576+0000][71][trace][gc,age      ] GC(27) - age   2:     137096 bytes,    1468848 total
[2025-05-26T10:44:02.577+0000][71][trace][gc,age      ] GC(27) - age   3:     129008 bytes,    1597856 total
[2025-05-26T10:44:02.579+0000][71][trace][gc,age      ] GC(27) - age   4:     121184 bytes,    1719040 total
[2025-05-26T10:44:02.581+0000][71][trace][gc,age      ] GC(27) - age   5:     127856 bytes,    1846896 total
[2025-05-26T10:44:02.581+0000][71][trace][gc,age      ] GC(27) - age   6:     169016 bytes,    2015912 total
[2025-05-26T10:44:02.582+0000][71][trace][gc,age      ] GC(27) - age   7:     316272 bytes,    2332184 total
[2025-05-26T10:44:02.582+0000][71][trace][gc,age      ] GC(27) - age   8:      82056 bytes,    2414240 total
[2025-05-26T10:44:02.582+0000][71][trace][gc,age      ] GC(27) - age   9:     345864 bytes,    2760104 total
[2025-05-26T10:44:02.583+0000][71][trace][gc,age      ] GC(27) - age  10:    1964072 bytes,    4724176 total
[2025-05-26T10:44:02.584+0000][71][trace][gc,age      ] GC(27) - age  11:    5476752 bytes,   10200928 total
[2025-05-26T10:44:02.584+0000][71][info ][gc,heap     ] GC(27) Eden regions: 579->0(579)
[2025-05-26T10:44:02.584+0000][71][info ][gc,heap     ] GC(27) Survivor regions: 3->3(73)
[2025-05-26T10:44:02.585+0000][71][info ][gc,heap     ] GC(27) Old regions: 26->26
[2025-05-26T10:44:02.585+0000][71][info ][gc,heap     ] GC(27) Humongous regions: 0->0
[2025-05-26T10:44:02.586+0000][71][info ][gc,metaspace] GC(27) Metaspace: 146434K(152640K)->146434K(152640K) NonClass: 127002K(130752K)->127002K(130752K) Class: 19432K(21888K)->19432K(21888K)
[2025-05-26T10:44:02.588+0000][71][info ][gc          ] GC(27) Pause Young (Concurrent Start) (G1 Evacuation Pause) 2430M->115M(3880M) 227.880ms
[2025-05-26T10:44:02.589+0000][71][info ][gc,cpu      ] GC(27) User=1.11s Sys=0.00s Real=0.23s
[2025-05-26T10:44:02.589+0000][71][info ][gc          ] GC(28) Concurrent Mark Cycle
[2025-05-26T10:44:02.590+0000][71][info ][safepoint   ] Safepoint "G1CollectForAllocation", Time since last: 117987081577 ns, Reaching safepoint: 32133 ns, Cleanup: 7071 ns, At safepoint: 231868926 ns, Total: 231908130 ns
[2025-05-26T10:44:02.591+0000][71][info ][gc,marking  ] GC(28) Concurrent Scan Root Regions
[2025-05-26T10:44:02.664+0000][71][info ][gc,marking  ] GC(28) Concurrent Scan Root Regions 73.470ms
[2025-05-26T10:44:02.665+0000][71][info ][gc,marking  ] GC(28) Concurrent Mark
[2025-05-26T10:44:02.667+0000][71][info ][gc,marking  ] GC(28) Concurrent Mark From Roots
[2025-05-26T10:44:02.667+0000][71][info ][gc,task     ] GC(28) Using 3 workers of 3 for marking
[2025-05-26T10:44:02.915+0000][71][info ][gc,marking  ] GC(28) Concurrent Mark From Roots 251.884ms
[2025-05-26T10:44:02.916+0000][71][info ][gc,marking  ] GC(28) Concurrent Preclean
[2025-05-26T10:44:02.917+0000][71][info ][gc,marking  ] GC(28) Concurrent Preclean 1.617ms
[2025-05-26T10:44:02.918+0000][71][info ][gc,start    ] GC(28) Pause Remark
[2025-05-26T10:44:03.427+0000][71][info ][gc,mmu      ] GC(28) MMU target violated: 201.0ms (200.0ms/201.0ms)
[2025-05-26T10:44:03.428+0000][71][info ][gc          ] GC(28) Pause Remark 130M->130M(3880M) 509.727ms
[2025-05-26T10:44:03.428+0000][71][info ][gc,cpu      ] GC(28) User=3.75s Sys=0.00s Real=0.51s
[2025-05-26T10:44:03.429+0000][71][info ][safepoint   ] Safepoint "G1PauseRemark", Time since last: 331584670 ns, Reaching safepoint: 22600 ns, Cleanup: 4860 ns, At safepoint: 511024511 ns, Total: 511051971 ns
[2025-05-26T10:44:03.429+0000][71][info ][gc,marking  ] GC(28) Concurrent Mark 768.202ms
[2025-05-26T10:44:03.430+0000][71][info ][gc,marking  ] GC(28) Concurrent Rebuild Remembered Sets and Scrub Regions
[2025-05-26T10:44:03.551+0000][71][info ][gc,marking  ] GC(28) Concurrent Rebuild Remembered Sets and Scrub Regions 121.205ms
[2025-05-26T10:44:03.552+0000][71][info ][gc,start    ] GC(28) Pause Cleanup
[2025-05-26T10:44:03.553+0000][71][info ][gc          ] GC(28) Pause Cleanup 130M->130M(3880M) 0.520ms
[2025-05-26T10:44:03.553+0000][71][info ][gc,cpu      ] GC(28) User=0.00s Sys=0.00s Real=0.00s
[2025-05-26T10:44:03.554+0000][71][info ][safepoint   ] Safepoint "G1PauseCleanup", Time since last: 122664940 ns, Reaching safepoint: 190522 ns, Cleanup: 502039 ns, At safepoint: 1347969 ns, Total: 2040530 ns
[2025-05-26T10:44:03.554+0000][71][info ][gc,marking  ] GC(28) Concurrent Clear Claimed Marks
[2025-05-26T10:44:03.555+0000][71][info ][gc,marking  ] GC(28) Concurrent Clear Claimed Marks 0.731ms
[2025-05-26T10:44:03.555+0000][71][info ][gc,marking  ] GC(28) Concurrent Cleanup for Next Mark
[2025-05-26T10:44:03.628+0000][71][info ][gc,marking  ] GC(28) Concurrent Cleanup for Next Mark 72.994ms
[2025-05-26T10:44:03.629+0000][71][info ][gc          ] GC(28) Concurrent Mark Cycle 1042.553ms
[2025-05-26T10:47:04.568+0000][71][info ][safepoint   ] Safepoint "Cleanup", Time since last: 181031172056 ns, Reaching safepoint: 33399 ns, Cleanup: 15801 ns, At safepoint: 15197 ns, Total: 64397 ns
[2025-05-26T10:47:09.569+0000][71][info ][safepoint   ] Safepoint "Cleanup", Time since last: 5001588001 ns, Reaching safepoint: 71022 ns, Cleanup: 17537 ns, At safepoint: 32597 ns, Total: 121156 ns
[2025-05-26T10:48:44.376+0000][71][info ][safepoint   ] Safepoint "Cleanup", Time since last: 94815405777 ns, Reaching safepoint: 13753 ns, Cleanup: 8768 ns, At safepoint: 12602 ns, Total: 35123 ns
[2025-05-26T10:48:45.920+0000][71][info ][safepoint   ] Safepoint "Cleanup", Time since last: 1543433203 ns, Reaching safepoint: 29159 ns, Cleanup: 18405 ns, At safepoint: 15209 ns, Total: 62773 ns
[2025-05-26T10:51:01.024+0000][71][info ][safepoint   ] Safepoint "Cleanup", Time since last: 135115443103 ns, Reaching safepoint: 24150 ns, Cleanup: 12922 ns, At safepoint: 7919 ns, Total: 44991 ns
[2025-05-26T10:51:05.393+0000][71][info ][safepoint   ] Safepoint "Cleanup", Time since last: 4371613264 ns, Reaching safepoint: 36789 ns, Cleanup: 9264 ns, At safepoint: 11564 ns, Total: 57617 ns
[2025-05-26T10:51:53.389+0000][71][info ][safepoint   ] Safepoint "Cleanup", Time since last: 47998298957 ns, Reaching safepoint: 26988 ns, Cleanup: 14733 ns, At safepoint: 89295 ns, Total: 131016 ns
[2025-05-26T10:51:55.105+0000][71][info ][safepoint   ] Safepoint "Cleanup", Time since last: 1716825003 ns, Reaching safepoint: 23773 ns, Cleanup: 14822 ns, At safepoint: 9640 ns, Total: 48235 ns
[2025-05-26T10:53:53.443+0000][71][info ][safepoint   ] Safepoint "Cleanup", Time since last: 118351908013 ns, Reaching safepoint: 8331 ns, Cleanup: 11374 ns, At safepoint: 12551 ns, Total: 32256 ns
[2025-05-26T10:57:06.945+0000][71][info ][safepoint   ] Safepoint "Cleanup", Time since last: 193526037558 ns, Reaching safepoint: 33322 ns, Cleanup: 17248 ns, At safepoint: 15310 ns, Total: 65880 ns
[2025-05-26T10:57:08.357+0000][71][info ][safepoint   ] Safepoint "Cleanup", Time since last: 1411680783 ns, Reaching safepoint: 237908 ns, Cleanup: 16505 ns, At safepoint: 204968 ns, Total: 459381 ns
[2025-05-26T10:57:09.439+0000][71][info ][safepoint   ] Safepoint "Cleanup", Time since last: 1081259278 ns, Reaching safepoint: 25848 ns, Cleanup: 9961 ns, At safepoint: 159114 ns, Total: 194923 ns
[2025-05-26T10:58:11.472+0000][71][info ][safepoint   ] Safepoint "Cleanup", Time since last: 62040227299 ns, Reaching safepoint: 6310 ns, Cleanup: 8273 ns, At safepoint: 3162 ns, Total: 17745 ns
[2025-05-26T11:00:17.576+0000][71][info ][safepoint   ] Safepoint "Cleanup", Time since last: 126116542439 ns, Reaching safepoint: 31338 ns, Cleanup: 17883 ns, At safepoint: 80259 ns, Total: 129480 ns
[2025-05-26T11:01:05.332+0000][71][info ][safepoint   ] Safepoint "Cleanup", Time since last: 47761934321 ns, Reaching safepoint: 65058 ns, Cleanup: 19068 ns, At safepoint: 79851 ns, Total: 163977 ns
[2025-05-26T11:01:06.627+0000][71][info ][safepoint   ] Safepoint "Cleanup", Time since last: 1295110148 ns, Reaching safepoint: 19666 ns, Cleanup: 87073 ns, At safepoint: 15199 ns, Total: 121938 ns
[2025-05-26T11:03:26.318+0000][71][info ][safepoint   ] Safepoint "Cleanup", Time since last: 139703504794 ns, Reaching safepoint: 22859 ns, Cleanup: 85974 ns, At safepoint: 72649 ns, Total: 181482 ns
[2025-05-26T11:03:27.959+0000][71][info ][safepoint   ] Safepoint "Cleanup", Time since last: 1641522366 ns, Reaching safepoint: 31639 ns, Cleanup: 16622 ns, At safepoint: 15827 ns, Total: 64088 ns
[2025-05-26T11:04:27.196+0000][71][info ][safepoint   ] Safepoint "Cleanup", Time since last: 59241811583 ns, Reaching safepoint: 247831 ns, Cleanup: 19303 ns, At safepoint: 20380 ns, Total: 287514 ns
[2025-05-26T11:05:48.255+0000][71][info ][safepoint   ] Safepoint "Cleanup", Time since last: 81068783589 ns, Reaching safepoint: 25999 ns, Cleanup: 14413 ns, At safepoint: 12259 ns, Total: 52671 ns
[2025-05-26T11:06:15.132+0000][71][info ][safepoint   ] Safepoint "Cleanup", Time since last: 26879908750 ns, Reaching safepoint: 112768 ns, Cleanup: 15685 ns, At safepoint: 71521 ns, Total: 199974 ns
[2025-05-26T11:06:35.338+0000][71][info ][safepoint   ] Safepoint "Cleanup", Time since last: 20209289479 ns, Reaching safepoint: 36375 ns, Cleanup: 15077 ns, At safepoint: 79730 ns, Total: 131182 ns
[2025-05-26T11:06:48.289+0000][71][info ][safepoint   ] Safepoint "Cleanup", Time since last: 12950020917 ns, Reaching safepoint: 88569 ns, Cleanup: 14773 ns, At safepoint: 11430 ns, Total: 114772 ns
[2025-05-26T11:07:56.315+0000][71][info ][safepoint   ] Safepoint "Cleanup", Time since last: 68032616844 ns, Reaching safepoint: 59254 ns, Cleanup: 14104 ns, At safepoint: 10422 ns, Total: 83780 ns
[2025-05-26T11:07:58.034+0000][71][info ][safepoint   ] Safepoint "Cleanup", Time since last: 1718079803 ns, Reaching safepoint: 416193 ns, Cleanup: 16382 ns, At safepoint: 47067 ns, Total: 479642 ns
[2025-05-26T11:08:09.312+0000][71][info ][safepoint   ] Safepoint "Cleanup", Time since last: 11281081508 ns, Reaching safepoint: 26444 ns, Cleanup: 20248 ns, At safepoint: 10886 ns, Total: 57578 ns
[2025-05-26T11:08:48.404+0000][71][info ][safepoint   ] Safepoint "Cleanup", Time since last: 39094609486 ns, Reaching safepoint: 66356 ns, Cleanup: 16645 ns, At safepoint: 12212 ns, Total: 95213 ns
[2025-05-26T11:17:06.011+0000][71][info ][safepoint   ] Safepoint "Cleanup", Time since last: 497657374759 ns, Reaching safepoint: 38722 ns, Cleanup: 50100 ns, At safepoint: 22442 ns, Total: 111264 ns
[2025-05-26T11:19:47.760+0000][71][info ][safepoint   ] Safepoint "Cleanup", Time since last: 161762292955 ns, Reaching safepoint: 121691 ns, Cleanup: 19309 ns, At safepoint: 11998 ns, Total: 152998 ns
[2025-05-26T11:20:08.762+0000][71][info ][safepoint   ] Safepoint "Cleanup", Time since last: 21004868526 ns, Reaching safepoint: 80691 ns, Cleanup: 13767 ns, At safepoint: 9967 ns, Total: 104425 ns
[2025-05-26T11:20:47.799+0000][71][info ][safepoint   ] Safepoint "Cleanup", Time since last: 39040285425 ns, Reaching safepoint: 33099 ns, Cleanup: 19654 ns, At safepoint: 15831 ns, Total: 68584 ns
[2025-05-26T11:21:18.157+0000][71][info ][safepoint   ] Safepoint "Cleanup", Time since last: 30360017767 ns, Reaching safepoint: 18096 ns, Cleanup: 15678 ns, At safepoint: 18953 ns, Total: 52727 ns
[2025-05-26T11:22:21.278+0000][71][info ][safepoint   ] Safepoint "Cleanup", Time since last: 63126805231 ns, Reaching safepoint: 24465 ns, Cleanup: 10626 ns, At safepoint: 30674 ns, Total: 65765 ns
[2025-05-26T11:24:47.932+0000][71][info ][safepoint   ] Safepoint "Cleanup", Time since last: 146668165308 ns, Reaching safepoint: 25812 ns, Cleanup: 14857 ns, At safepoint: 10113 ns, Total: 50782 ns
[2025-05-26T11:27:32.012+0000][71][info ][safepoint   ] Safepoint "Cleanup", Time since last: 164093115983 ns, Reaching safepoint: 86245 ns, Cleanup: 19817 ns, At safepoint: 18500 ns, Total: 124562 ns
[2025-05-26T11:27:35.310+0000][71][info ][safepoint   ] Safepoint "Cleanup", Time since last: 3300423125 ns, Reaching safepoint: 141528 ns, Cleanup: 187246 ns, At safepoint: 307638 ns, Total: 636412 ns
[2025-05-26T11:27:36.737+0000][71][info ][safepoint   ] Safepoint "Cleanup", Time since last: 1427284226 ns, Reaching safepoint: 34676 ns, Cleanup: 21777 ns, At safepoint: 16534 ns, Total: 72987 ns
[2025-05-26T11:29:48.827+0000][71][info ][safepoint   ] Safepoint "Cleanup", Time since last: 132100222904 ns, Reaching safepoint: 32464 ns, Cleanup: 20532 ns, At safepoint: 16543 ns, Total: 69539 ns
[2025-05-26T11:29:51.828+0000][71][info ][safepoint   ] Safepoint "Cleanup", Time since last: 3000962394 ns, Reaching safepoint: 25167 ns, Cleanup: 15188 ns, At safepoint: 12264 ns, Total: 52619 ns
[2025-05-26T11:30:47.650+0000][71][info ][gc,start    ] GC(29) Pause Young (Prepare Mixed) (G1 Evacuation Pause)
[2025-05-26T11:30:47.652+0000][71][info ][gc,task     ] GC(29) Using 10 workers of 10 for evacuation
[2025-05-26T11:30:47.653+0000][71][debug][gc,age      ] GC(29) Desired survivor size 153092096 bytes, new threshold 15 (max threshold 15)
[2025-05-26T11:30:47.763+0000][71][info ][gc,phases   ] GC(29)   Pre Evacuate Collection Set: 7.33ms
[2025-05-26T11:30:47.764+0000][71][info ][gc,phases   ] GC(29)   Merge Heap Roots: 2.98ms
[2025-05-26T11:30:47.764+0000][71][info ][gc,phases   ] GC(29)   Evacuate Collection Set: 87.23ms
[2025-05-26T11:30:47.764+0000][71][info ][gc,phases   ] GC(29)   Post Evacuate Collection Set: 10.11ms
[2025-05-26T11:30:47.765+0000][71][info ][gc,phases   ] GC(29)   Other: 3.47ms
[2025-05-26T11:30:47.765+0000][71][trace][gc,age      ] GC(29) Age table with threshold 15 (max threshold 15)
[2025-05-26T11:30:47.766+0000][71][trace][gc,age      ] GC(29) - age   1:    1311592 bytes,    1311592 total
[2025-05-26T11:30:47.766+0000][71][trace][gc,age      ] GC(29) - age   2:     221440 bytes,    1533032 total
[2025-05-26T11:30:47.767+0000][71][trace][gc,age      ] GC(29) - age   3:     134912 bytes,    1667944 total
[2025-05-26T11:30:47.767+0000][71][trace][gc,age      ] GC(29) - age   4:      80128 bytes,    1748072 total
[2025-05-26T11:30:47.768+0000][71][trace][gc,age      ] GC(29) - age   5:     120920 bytes,    1868992 total
[2025-05-26T11:30:47.768+0000][71][trace][gc,age      ] GC(29) - age   6:     127816 bytes,    1996808 total
[2025-05-26T11:30:47.768+0000][71][trace][gc,age      ] GC(29) - age   7:     168752 bytes,    2165560 total
[2025-05-26T11:30:47.769+0000][71][trace][gc,age      ] GC(29) - age   8:     315960 bytes,    2481520 total
[2025-05-26T11:30:47.769+0000][71][trace][gc,age      ] GC(29) - age   9:      82056 bytes,    2563576 total
[2025-05-26T11:30:47.770+0000][71][trace][gc,age      ] GC(29) - age  10:     345864 bytes,    2909440 total
[2025-05-26T11:30:47.770+0000][71][trace][gc,age      ] GC(29) - age  11:    1963064 bytes,    4872504 total
[2025-05-26T11:30:47.770+0000][71][trace][gc,age      ] GC(29) - age  12:    5473888 bytes,   10346392 total
[2025-05-26T11:30:47.771+0000][71][info ][gc,heap     ] GC(29) Eden regions: 579->0(579)
[2025-05-26T11:30:47.771+0000][71][info ][gc,heap     ] GC(29) Survivor regions: 3->3(73)
[2025-05-26T11:30:47.772+0000][71][info ][gc,heap     ] GC(29) Old regions: 26->26
[2025-05-26T11:30:47.772+0000][71][info ][gc,heap     ] GC(29) Humongous regions: 0->0
[2025-05-26T11:30:47.773+0000][71][info ][gc,metaspace] GC(29) Metaspace: 146516K(152640K)->146516K(152640K) NonClass: 127084K(130752K)->127084K(130752K) Class: 19432K(21888K)->19432K(21888K)
[2025-05-26T11:30:47.774+0000][71][info ][gc          ] GC(29) Pause Young (Prepare Mixed) (G1 Evacuation Pause) 2431M->114M(3880M) 123.510ms
[2025-05-26T11:30:47.774+0000][71][info ][gc,cpu      ] GC(29) User=0.83s Sys=0.00s Real=0.12s
[2025-05-26T11:30:47.774+0000][71][info ][safepoint   ] Safepoint "G1CollectForAllocation", Time since last: 55824573559 ns, Reaching safepoint: 340957 ns, Cleanup: 8521 ns, At safepoint: 126767541 ns, Total: 127117019 ns
[2025-05-26T11:31:14.777+0000][71][info ][safepoint   ] Safepoint "Cleanup", Time since last: 27005331686 ns, Reaching safepoint: 58229 ns, Cleanup: 18025 ns, At safepoint: 13075 ns, Total: 89329 ns
[2025-05-26T11:31:47.964+0000][71][info ][safepoint   ] Safepoint "Cleanup", Time since last: 33189227791 ns, Reaching safepoint: 23103 ns, Cleanup: 17539 ns, At safepoint: 165105 ns, Total: 205747 ns
[2025-05-26T11:34:42.291+0000][71][info ][safepoint   ] Safepoint "Cleanup", Time since last: 174342383848 ns, Reaching safepoint: 35692 ns, Cleanup: 18800 ns, At safepoint: 18303 ns, Total: 72795 ns
[2025-05-26T11:34:48.292+0000][71][info ][safepoint   ] Safepoint "Cleanup", Time since last: 6001326431 ns, Reaching safepoint: 23827 ns, Cleanup: 14476 ns, At safepoint: 10687 ns, Total: 48990 ns
[2025-05-26T11:37:02.246+0000][71][info ][safepoint   ] Safepoint "Cleanup", Time since last: 133965474873 ns, Reaching safepoint: 18492 ns, Cleanup: 11557 ns, At safepoint: 63175 ns, Total: 93224 ns
[2025-05-26T11:37:03.248+0000][71][info ][safepoint   ] Safepoint "Cleanup", Time since last: 1004355337 ns, Reaching safepoint: 14129 ns, Cleanup: 22488 ns, At safepoint: 25393 ns, Total: 62010 ns
[2025-05-26T11:37:48.386+0000][71][info ][safepoint   ] Safepoint "Cleanup", Time since last: 45141118667 ns, Reaching safepoint: 31966 ns, Cleanup: 21060 ns, At safepoint: 9017 ns, Total: 62043 ns
[2025-05-26T11:39:02.358+0000][71][info ][safepoint   ] Safepoint "Cleanup", Time since last: 73976609415 ns, Reaching safepoint: 88178 ns, Cleanup: 7100 ns, At safepoint: 43655 ns, Total: 138933 ns
[2025-05-26T11:40:11.512+0000][71][info ][safepoint   ] Safepoint "Cleanup", Time since last: 69162295133 ns, Reaching safepoint: 15305 ns, Cleanup: 17978 ns, At safepoint: 85862 ns, Total: 119145 ns
[2025-05-26T11:42:17.730+0000][71][info ][safepoint   ] Safepoint "Cleanup", Time since last: 126228697470 ns, Reaching safepoint: 18214 ns, Cleanup: 12147 ns, At safepoint: 18239 ns, Total: 48600 ns
[2025-05-26T11:43:06.573+0000][71][info ][safepoint   ] Safepoint "Cleanup", Time since last: 48848391675 ns, Reaching safepoint: 63463 ns, Cleanup: 18309 ns, At safepoint: 10932 ns, Total: 92704 ns
[2025-05-26T11:46:41.714+0000][71][info ][safepoint   ] Safepoint "Cleanup", Time since last: 215159772821 ns, Reaching safepoint: 19680 ns, Cleanup: 15581 ns, At safepoint: 11557 ns, Total: 46818 ns
[2025-05-26T11:47:05.148+0000][71][info ][safepoint   ] Safepoint "Cleanup", Time since last: 23436605902 ns, Reaching safepoint: 96062 ns, Cleanup: 11855 ns, At safepoint: 35313 ns, Total: 143230 ns
[2025-05-26T11:48:28.753+0000][71][info ][safepoint   ] Safepoint "Cleanup", Time since last: 83609832491 ns, Reaching safepoint: 47758 ns, Cleanup: 14041 ns, At safepoint: 10067 ns, Total: 71866 ns
[2025-05-26T11:48:35.246+0000][71][info ][safepoint   ] Safepoint "Cleanup", Time since last: 6495499108 ns, Reaching safepoint: 14231 ns, Cleanup: 17185 ns, At safepoint: 78845 ns, Total: 110261 ns
[2025-05-26T11:48:37.150+0000][71][info ][safepoint   ] Safepoint "Cleanup", Time since last: 1904042475 ns, Reaching safepoint: 30200 ns, Cleanup: 15707 ns, At safepoint: 15577 ns, Total: 61484 ns
[2025-05-26T11:48:47.784+0000][71][info ][safepoint   ] Safepoint "Cleanup", Time since last: 10634302013 ns, Reaching safepoint: 30530 ns, Cleanup: 15199 ns, At safepoint: 15683 ns, Total: 61412 ns
[2025-05-26T11:49:21.788+0000][71][info ][safepoint   ] Safepoint "Cleanup", Time since last: 34006310910 ns, Reaching safepoint: 72249 ns, Cleanup: 15894 ns, At safepoint: 16496 ns, Total: 104639 ns
[2025-05-26T11:51:35.214+0000][71][info ][safepoint   ] Safepoint "Cleanup", Time since last: 133438516111 ns, Reaching safepoint: 28413 ns, Cleanup: 14566 ns, At safepoint: 21706 ns, Total: 64685 ns
[2025-05-26T11:51:44.435+0000][71][info ][safepoint   ] Safepoint "Cleanup", Time since last: 9221561331 ns, Reaching safepoint: 16738 ns, Cleanup: 20711 ns, At safepoint: 86668 ns, Total: 124117 ns
[2025-05-26T11:56:21.710+0000][71][info ][safepoint   ] Safepoint "Cleanup", Time since last: 277298841554 ns, Reaching safepoint: 89494 ns, Cleanup: 15151 ns, At safepoint: 10122 ns, Total: 114767 ns
[2025-05-26T11:56:38.722+0000][71][info ][safepoint   ] Safepoint "Cleanup", Time since last: 17013777523 ns, Reaching safepoint: 9488 ns, Cleanup: 9889 ns, At safepoint: 12453 ns, Total: 31830 ns
[2025-05-26T11:56:39.752+0000][71][info ][safepoint   ] Safepoint "Cleanup", Time since last: 1030041180 ns, Reaching safepoint: 26421 ns, Cleanup: 14305 ns, At safepoint: 11522 ns, Total: 52248 ns
[2025-05-26T11:57:04.602+0000][71][info ][safepoint   ] Safepoint "Cleanup", Time since last: 24851641807 ns, Reaching safepoint: 31556 ns, Cleanup: 18000 ns, At safepoint: 15568 ns, Total: 65124 ns
[2025-05-26T11:57:11.603+0000][71][info ][safepoint   ] Safepoint "Cleanup", Time since last: 7001488523 ns, Reaching safepoint: 77368 ns, Cleanup: 19424 ns, At safepoint: 17900 ns, Total: 114692 ns
[2025-05-26T11:58:07.875+0000][71][info ][safepoint   ] Safepoint "Cleanup", Time since last: 56277683893 ns, Reaching safepoint: 68325 ns, Cleanup: 15964 ns, At safepoint: 15577 ns, Total: 99866 ns
[2025-05-26T11:58:17.878+0000][71][info ][safepoint   ] Safepoint "Cleanup", Time since last: 10002705045 ns, Reaching safepoint: 30563 ns, Cleanup: 15836 ns, At safepoint: 15713 ns, Total: 62112 ns
[2025-05-26T11:58:48.125+0000][71][info ][safepoint   ] Safepoint "Cleanup", Time since last: 30248710700 ns, Reaching safepoint: 19520 ns, Cleanup: 13537 ns, At safepoint: 8323 ns, Total: 41380 ns
[2025-05-26T12:06:12.358+0000][71][info ][safepoint   ] Safepoint "Cleanup", Time since last: 444272044111 ns, Reaching safepoint: 173089 ns, Cleanup: 18870 ns, At safepoint: 19466 ns, Total: 211425 ns
[2025-05-26T12:07:05.048+0000][71][info ][safepoint   ] Safepoint "Cleanup", Time since last: 52694852503 ns, Reaching safepoint: 116654 ns, Cleanup: 14397 ns, At safepoint: 50081 ns, Total: 181132 ns
[2025-05-26T12:07:29.485+0000][71][info ][safepoint   ] Safepoint "Cleanup", Time since last: 24436657696 ns, Reaching safepoint: 7453 ns, Cleanup: 8391 ns, At safepoint: 3182 ns, Total: 19026 ns
[2025-05-26T12:07:59.244+0000][71][info ][safepoint   ] Safepoint "Cleanup", Time since last: 29761644605 ns, Reaching safepoint: 14302 ns, Cleanup: 21138 ns, At safepoint: 125549 ns, Total: 160989 ns
[2025-05-26T12:08:00.551+0000][71][info ][safepoint   ] Safepoint "Cleanup", Time since last: 1307760896 ns, Reaching safepoint: 31274 ns, Cleanup: 24986 ns, At safepoint: 17222 ns, Total: 73482 ns
[2025-05-26T12:08:02.560+0000][71][info ][safepoint   ] Safepoint "Cleanup", Time since last: 2007880373 ns, Reaching safepoint: 25792 ns, Cleanup: 15553 ns, At safepoint: 167284 ns, Total: 208629 ns
[2025-05-26T12:08:03.566+0000][71][info ][safepoint   ] Safepoint "Cleanup", Time since last: 1008700252 ns, Reaching safepoint: 32103 ns, Cleanup: 17096 ns, At safepoint: 17747 ns, Total: 66946 ns
[2025-05-26T12:08:11.628+0000][71][info ][safepoint   ] Safepoint "Cleanup", Time since last: 8062766979 ns, Reaching safepoint: 20073 ns, Cleanup: 14638 ns, At safepoint: 65750 ns, Total: 100461 ns
[2025-05-26T12:08:32.756+0000][71][info ][safepoint   ] Safepoint "Cleanup", Time since last: 21127856309 ns, Reaching safepoint: 18751 ns, Cleanup: 22543 ns, At safepoint: 66853 ns, Total: 108147 ns
